scripts/kconfig/conf --silentoldconfig Kconfig
Enter main function!
Enter main function!
The 0th param is: 
/home/satory-ra/Android/kernel/android_kernel_oukitel_orange/tools/dct/DrvGen
The 1th param is: 
/home/satory-ra/Android/kernel/android_kernel_oukitel_orange/drivers/misc/mediatek/mach/mt6735/Sprint4g/dct/dct/codegen.dws
The 2th param is: 
/home/satory-ra/Android/kernel/android_kernel_oukitel_orange/drivers/misc/mediatek/mach/mt6735/Sprint4g/dct/dct/inc
The 3th param is: 
/home/satory-ra/Android/kernel/android_kernel_oukitel_orange/drivers/misc/mediatek/mach/mt6735/Sprint4g/dct/dct/inc
The 4th param is: 
md1_eint_dtsi
The 0th param is: 
/home/satory-ra/Android/kernel/android_kernel_oukitel_orange/tools/dct/DrvGen
The 1th param is: 
/home/satory-ra/Android/kernel/android_kernel_oukitel_orange/drivers/misc/mediatek/mach/mt6735/Sprint4g/dct/dct/codegen.dws
The 2th param is: 
/home/satory-ra/Android/kernel/android_kernel_oukitel_orange/drivers/misc/mediatek/mach/mt6735/Sprint4g/dct/dct/inc
The 3th param is: 
/home/satory-ra/Android/kernel/android_kernel_oukitel_orange/drivers/misc/mediatek/mach/mt6735/Sprint4g/dct/dct/inc
The 4th param is: 
adc_dtsi
begin to open log file!
DCT gen no log file for AOSP!
begin to open log file!
start to gen code!
DCT gen no log file for AOSP!
start to gen code!
start to read workspace!
start to read workspace!
/home/satory-ra/Android/kernel/android_kernel_oukitel_orange/drivers/misc/mediatek/mach/mt6735/Sprint4g/dct/dct/codegen.dws
start to parse fig file!
Enter main function!
The 0th param is: 
/home/satory-ra/Android/kernel/android_kernel_oukitel_orange/tools/dct/DrvGen
The 1th param is: 
/home/satory-ra/Android/kernel/android_kernel_oukitel_orange/drivers/misc/mediatek/mach/mt6735/Sprint4g/dct/dct/codegen.dws
The 2th param is: 
/home/satory-ra/Android/kernel/android_kernel_oukitel_orange/drivers/misc/mediatek/mach/mt6735/Sprint4g/dct/dct/inc
The 3th param is: 
/home/satory-ra/Android/kernel/android_kernel_oukitel_orange/drivers/misc/mediatek/mach/mt6735/Sprint4g/dct/dct/inc
The 4th param is: 
kpd_dtsi
begin to open log file!
DCT gen no log file for AOSP!
start to gen code!
start to read workspace!
/home/satory-ra/Android/kernel/android_kernel_oukitel_orange/drivers/misc/mediatek/mach/mt6735/Sprint4g/dct/dct/codegen.dws
start to parse fig file!
/home/satory-ra/Android/kernel/android_kernel_oukitel_orange/drivers/misc/mediatek/mach/mt6735/Sprint4g/dct/dct/codegen.dws
start to parse fig file!
start to parse fig file!
Start to gen cust_md1_eint.dtsi...
Gen cust_md1_eint.dtsi file successfully!.
start to parse fig file!
Start to gen cust_adc.dtsi...
Gen cust_adc.dtsi file successfully!.
Enter main function!
The 0th param is: 
/home/satory-ra/Android/kernel/android_kernel_oukitel_orange/tools/dct/DrvGen
The 1th param is: 
/home/satory-ra/Android/kernel/android_kernel_oukitel_orange/drivers/misc/mediatek/mach/mt6735/Sprint4g/dct/dct/codegen.dws
The 2th param is: 
/home/satory-ra/Android/kernel/android_kernel_oukitel_orange/drivers/misc/mediatek/mach/mt6735/Sprint4g/dct/dct/inc
The 3th param is: 
/home/satory-ra/Android/kernel/android_kernel_oukitel_orange/drivers/misc/mediatek/mach/mt6735/Sprint4g/dct/dct/inc
The 4th param is: 
clk_buf_dtsi
begin to open log file!
DCT gen no log file for AOSP!
start to gen code!
start to read workspace!
/home/satory-ra/Android/kernel/android_kernel_oukitel_orange/drivers/misc/mediatek/mach/mt6735/Sprint4g/dct/dct/codegen.dws
start to parse fig file!
start to parse fig file!
Start to gen cust_kpd.dtsi...
Gen cust_kpd.dtsi file successfully!.
  WRAP    arch/arm/include/generated/asm/auxvec.h
  WRAP    arch/arm/include/generated/asm/bitsperlong.h
  WRAP    arch/arm/include/generated/asm/cputime.h
  WRAP    arch/arm/include/generated/asm/current.h
  WRAP    arch/arm/include/generated/asm/emergency-restart.h
  WRAP    arch/arm/include/generated/asm/errno.h
  WRAP    arch/arm/include/generated/asm/exec.h
  WRAP    arch/arm/include/generated/asm/ioctl.h
  WRAP    arch/arm/include/generated/asm/ipcbuf.h
  WRAP    arch/arm/include/generated/asm/irq_regs.h
  WRAP    arch/arm/include/generated/asm/kdebug.h
  WRAP    arch/arm/include/generated/asm/local.h
  WRAP    arch/arm/include/generated/asm/local64.h
  WRAP    arch/arm/include/generated/asm/msgbuf.h
  WRAP    arch/arm/include/generated/asm/param.h
  WRAP    arch/arm/include/generated/asm/parport.h
  WRAP    arch/arm/include/generated/asm/poll.h
  WRAP    arch/arm/include/generated/asm/resource.h
  WRAP    arch/arm/include/generated/asm/sections.h
  WRAP    arch/arm/include/generated/asm/segment.h
  WRAP    arch/arm/include/generated/asm/sembuf.h
  WRAP    arch/arm/include/generated/asm/serial.h
  WRAP    arch/arm/include/generated/asm/shmbuf.h
  WRAP    arch/arm/include/generated/asm/simd.h
  WRAP    arch/arm/include/generated/asm/siginfo.h
  WRAP    arch/arm/include/generated/asm/sizes.h
  WRAP    arch/arm/include/generated/asm/socket.h
  WRAP    arch/arm/include/generated/asm/sockios.h
  WRAP    arch/arm/include/generated/asm/termbits.h
  WRAP    arch/arm/include/generated/asm/termios.h
  WRAP    arch/arm/include/generated/asm/timex.h
  WRAP    arch/arm/include/generated/asm/trace_clock.h
  WRAP    arch/arm/include/generated/asm/types.h
  WRAP    arch/arm/include/generated/asm/unaligned.h
  CHK     include/generated/uapi/linux/version.h
  UPD     include/generated/uapi/linux/version.h
  CHK     include/generated/utsrelease.h
  HOSTCC  scripts/dtc/checks.o
  UPD     include/generated/utsrelease.h
start to parse fig file!
Start to gen cust_clk_buf.dtsi...
Gen cust_clk_buf.dtsi file successfully!.
  CC      scripts/mod/empty.o
  Generating include/generated/mach-types.h
  HOSTCC  scripts/mod/mk_elfconfig
  HOSTCC  scripts/selinux/genheaders/genheaders
  CC      scripts/mod/devicetable-offsets.s
  MKELF   scripts/mod/elfconfig.h
  GEN     scripts/mod/devicetable-offsets.h
  HOSTCC  scripts/mod/modpost.o
  HOSTCC  scripts/dtc/data.o
  HOSTCC  scripts/selinux/mdp/mdp
  SHIPPED scripts/dtc/dtc-lexer.lex.c
  SHIPPED scripts/dtc/dtc-parser.tab.h
  SHIPPED scripts/dtc/dtc-parser.tab.c
  HOSTCC  scripts/dtc/dtc.o
  HOSTCC  scripts/dtc/flattree.o
  HOSTCC  scripts/mod/sumversion.o
  HOSTCC  scripts/dtc/fstree.o
  HOSTCC  scripts/kallsyms
  HOSTCC  scripts/mod/file2alias.o
  HOSTCC  scripts/dtc/livetree.o
  HOSTCC  scripts/sortextable
In file included from scripts/sortextable.c:162:0:
scripts/sortextable.c: In function ‘main’:
scripts/sortextable.h:158:3: warning: ‘relocs_size’ may be used uninitialized in this function [-Wmaybe-uninitialized]
   memset(relocs, 0, relocs_size);
   ^
scripts/sortextable.h:104:6: note: ‘relocs_size’ was declared here
  int relocs_size;
      ^
In file included from scripts/sortextable.c:160:0:
scripts/sortextable.h:158:3: warning: ‘relocs_size’ may be used uninitialized in this function [-Wmaybe-uninitialized]
   memset(relocs, 0, relocs_size);
   ^
scripts/sortextable.h:104:6: note: ‘relocs_size’ was declared here
  int relocs_size;
      ^
  HOSTCC  scripts/dtc/srcpos.o
  HOSTCC  scripts/dtc/treesource.o
  HOSTLD  scripts/mod/modpost
  CC      kernel/bounds.s
  HOSTCC  scripts/dtc/util.o
  HOSTCC  scripts/dtc/dtc-lexer.lex.o
  GEN     include/generated/bounds.h
  CC      arch/arm/kernel/asm-offsets.s
  HOSTCC  scripts/dtc/dtc-parser.tab.o
  GEN     include/generated/asm-offsets.h
  CALL    scripts/checksyscalls.sh
  HOSTLD  scripts/dtc/dtc
  DTC     arch/arm/boot/dts/Sprint4g.dtb
  CC      init/main.o
  CHK     include/generated/compile.h
  HOSTCC  usr/gen_init_cpio
  UPD     include/generated/compile.h
  CC      init/do_mounts.o
  GEN     usr/initramfs_data.cpio
  AS      usr/initramfs_data.o
  LD      usr/built-in.o
  CC      init/do_mounts_initrd.o
  CC      arch/arm/vfp/vfpmodule.o
  CC      init/initramfs.o
/tmp/cc3jda6v.s: Assembler messages:
/tmp/cc3jda6v.s:307: Warning: register range not in ascending order
  AS      arch/arm/vfp/entry.o
  AS      arch/arm/vfp/vfphw.o
  CC      init/calibrate.o
  CC      arch/arm/vfp/vfpsingle.o
  CC      init/init_task.o
  CC      init/version.o
  LD      init/mounts.o
  CC      arch/arm/vfp/vfpdouble.o
  LD      init/built-in.o
  CC      arch/arm/kernel/elf.o
  CC      arch/arm/mm/dma-mapping.o
  AS      arch/arm/kernel/entry-armv.o
  AS      arch/arm/kernel/entry-common.o
  LD      arch/arm/vfp/vfp.o
  CC      arch/arm/kernel/irq.o
  LD      arch/arm/vfp/built-in.o
  CC      arch/arm/common/firmware.o
  CC      arch/arm/mm/extable.o
  CC      arch/arm/kernel/opcodes.o
  CC      arch/arm/mm/fault.o
  LD      arch/arm/common/built-in.o
  CC      arch/arm/mm/init.o
  CC      arch/arm/kernel/process.o
  LD      arch/arm/net/built-in.o
  AS      arch/arm/crypto/aes-armv8-aarch32.o
  CC      arch/arm/crypto/aes_glue.o
  AS      arch/arm/crypto/aes-armv8-bcm.o
  CC      arch/arm/crypto/aes-armv8-bcm-glue.o
  CC      arch/arm/mm/iomap.o
  LD      arch/arm/crypto/aes-arm.o
  LD      arch/arm/crypto/built-in.o
  CC      kernel/fork.o
  CC      arch/arm/kernel/ptrace.o
  CC      arch/arm/mm/fault-armv.o
  CC      arch/arm/mm/flush.o
  CC      arch/arm/kernel/return_address.o
  CC      arch/arm/mm/idmap.o
  CC      arch/arm/kernel/setup.o
  CC      kernel/exec_domain.o
  CC      arch/arm/mm/ioremap.o
  CC      kernel/panic.o
  CC      arch/arm/kernel/signal.o
  CC      kernel/printk.o
  CC      arch/arm/mm/mmap.o
  CC      arch/arm/mm/pgd.o
  CC      arch/arm/kernel/stacktrace.o
  CC      arch/arm/kernel/sys_arm.o
  CC      arch/arm/mm/mmu.o
  CC      arch/arm/kernel/time.o
  CC      kernel/cpu.o
  CC      arch/arm/kernel/traps.o
  CC      arch/arm/mm/alignment.o
  CC      arch/arm/mm/highmem.o
  CC      kernel/exit.o
  CC      arch/arm/kernel/atags_parse.o
  AS      arch/arm/mm/abort-ev7.o
  AS      arch/arm/mm/pabort-v7.o
  AS      arch/arm/kernel/sleep.o
  CC      arch/arm/kernel/suspend.o
  AS      arch/arm/mm/cache-v7.o
  CC      arch/arm/mm/copypage-v6.o
  CC      arch/arm/kernel/smp.o
  CC      arch/arm/mm/context.o
  CC      kernel/itimer.o
  AS      arch/arm/mm/tlb-v7.o
  AS      arch/arm/mm/proc-v7.o
  LD      arch/arm/mm/built-in.o
  CC      arch/arm/kernel/smp_tlb.o
  CC      mm/filemap.o
  HZFILE  kernel/hz.bc
  CC      kernel/softirq.o
  CC      arch/arm/kernel/arch_timer.o
  CC      arch/arm/kernel/devtree.o
  CC      arch/arm/kernel/swp_emulate.o
  CC      arch/arm/kernel/hw_breakpoint.o
  CC      kernel/resource.o
  CC      arch/arm/kernel/perf_event.o
  CC      mm/mempool.o
  CC      kernel/sysctl.o
  CC      arch/arm/kernel/perf_event_cpu.o
  CC      mm/oom_kill.o
  CC      arch/arm/kernel/topology.o
  CC      kernel/sysctl_binary.o
  CC      mm/fadvise.o
  CC      mm/maccess.o
  CC      kernel/capability.o
  CC      arch/arm/kernel/io.o
  CC      mm/page_alloc.o
  AS      arch/arm/kernel/hyp-stub.o
  CC      arch/arm/kernel/psci.o
  CC      kernel/ptrace.o
arch/arm/kernel/psci.c:209:13: warning: 'psci_sys_reset' defined but not used [-Wunused-function]
 static void psci_sys_reset(enum reboot_mode reboot_mode, const char *cmd)
             ^
arch/arm/kernel/psci.c:214:13: warning: 'psci_sys_poweroff' defined but not used [-Wunused-function]
 static void psci_sys_poweroff(void)
             ^
  CC      arch/arm/kernel/psci_smp.o
  AS      arch/arm/kernel/head.o
  LDS     arch/arm/kernel/vmlinux.lds
  CC      kernel/timer.o
  LD      arch/arm/kernel/built-in.o
  CC      fs/open.o
  CC      mm/page-writeback.o
  CC      fs/read_write.o
  CC      kernel/user.o
  CC      fs/file_table.o
  CC      kernel/signal.o
  CC      fs/super.o
  CC      mm/readahead.o
  CC      fs/char_dev.o
  CC      mm/swap.o
  CC      fs/stat.o
  CC      mm/truncate.o
  CC      fs/exec.o
  CC      kernel/sys.o
  CC      mm/vmscan.o
  CC      fs/pipe.o
  CC      kernel/kmod.o
  CC      kernel/workqueue.o
  CC      fs/namei.o
  CC      mm/shmem.o
  CC      fs/fcntl.o
  CC      kernel/pid.o
  CC      fs/ioctl.o
  CC      mm/util.o
  CC      kernel/task_work.o
  CC      kernel/rcupdate.o
  CC      fs/readdir.o
  CC      kernel/extable.o
  CC      mm/mmzone.o
  CC      fs/select.o
  CC      kernel/params.o
  CC      mm/vmstat.o
  CC      kernel/posix-timers.o
  CC      fs/dcache.o
  CC      mm/backing-dev.o
  CC      kernel/kthread.o
  CC      mm/mm_init.o
  CC      kernel/wait.o
  CC      mm/mmu_context.o
  CC      kernel/sys_ni.o
  CC      kernel/posix-cpu-timers.o
  CC      mm/percpu.o
  CC      fs/inode.o
  CC      kernel/mutex.o
  CC      kernel/hrtimer.o
  CC      mm/slab_common.o
  CC      fs/attr.o
  CC      fs/bad_inode.o
  CC      kernel/rwsem.o
  CC      mm/compaction.o
  CC      fs/file.o
  CC      kernel/nsproxy.o
  CC      fs/filesystems.o
  CC      kernel/srcu.o
  CC      mm/balloon_compaction.o
  CC      fs/namespace.o
  CC      kernel/semaphore.o
  CC      mm/interval_tree.o
  CC      kernel/notifier.o
  CC      mm/fremap.o
  CC      kernel/ksysfs.o
  CC      fs/seq_file.o
  CC      kernel/cred.o
  CC      mm/highmem.o
  CC      fs/xattr.o
  CC      kernel/async.o
  CC      mm/madvise.o
  CC      kernel/range.o
  CC      kernel/groups.o
  CC      mm/memory.o
  CC      fs/libfs.o
  CC      kernel/lglock.o
  CC      kernel/smpboot.o
  CC      fs/fs-writeback.o
  CC      kernel/cpu/idle.o
  LD      kernel/cpu/built-in.o
  CC      kernel/events/core.o
  CC      mm/mincore.o
  CC      mm/mlock.o
  CC      fs/pnode.o
  CC      fs/splice.o
  CC      mm/mmap.o
  CC      fs/sync.o
  CC      mm/mprotect.o
  CC      kernel/events/ring_buffer.o
  CC      fs/utimes.o
  CC      mm/mremap.o
  CC      fs/stack.o
  CC      kernel/events/callchain.o
  CC      fs/fs_struct.o
  CC      mm/msync.o
  CC      fs/statfs.o
  CC      kernel/events/hw_breakpoint.o
  CC      mm/rmap.o
  CC      fs/buffer.o
  LD      kernel/events/built-in.o
  CC      kernel/irq/irqdesc.o
  CC      kernel/irq/handle.o
  CC      mm/vmalloc.o
  CC      kernel/irq/manage.o
  CC      fs/bio.o
  CC      kernel/irq/spurious.o
  CC      mm/pagewalk.o
  CC      kernel/irq/resend.o
  CC      mm/pgtable-generic.o
  CC      kernel/irq/chip.o
  CC      mm/process_vm_access.o
  CC      kernel/irq/dummychip.o
  CC      mm/init-mm.o
  CC      fs/block_dev.o
  CC      mm/bootmem.o
  CC      kernel/irq/devres.o
  CC      kernel/irq/autoprobe.o
  CC      kernel/irq/irqdomain.o
  CC      mm/memblock.o
  CC      fs/direct-io.o
  CC      kernel/irq/proc.o
  CC      mm/page_io.o
  CC      kernel/irq/pm.o
  CC      fs/mpage.o
  LD      kernel/irq/built-in.o
  CC      mm/swap_state.o
  CC      kernel/power/tuxonice_builtin.o
  CC      kernel/power/tuxonice_bio_core.o
  CC      fs/ioprio.o
  CC      mm/swapfile.o
  CC      fs/proc_namespace.o
  CC      kernel/power/tuxonice_bio_chains.o
  CC      fs/configfs/inode.o
  CC      fs/configfs/file.o
  CC      mm/dmapool.o
  CC      kernel/power/tuxonice_bio_signature.o
  CC      fs/configfs/dir.o
  CC      mm/slub.o
  CC      kernel/power/tuxonice_modules.o
  CC      fs/configfs/symlink.o
  CC      kernel/power/tuxonice_sysfs.o
  CC      fs/configfs/mount.o
  CC      fs/configfs/item.o
  CC      kernel/power/tuxonice_highlevel.o
  LD      fs/configfs/configfs.o
  LD      fs/configfs/built-in.o
  CC      fs/debugfs/inode.o
  CC      mm/migrate.o
  CC      kernel/power/tuxonice_io.o
  CC      fs/debugfs/file.o
  CC      mm/memcontrol.o
  LD      fs/debugfs/debugfs.o
  LD      fs/debugfs/built-in.o
  CC      fs/devpts/inode.o
  CC      kernel/power/tuxonice_pagedir.o
  CC      kernel/power/tuxonice_prepare_image.o
  LD      fs/devpts/devpts.o
  LD      fs/devpts/built-in.o
  LD      fs/exofs/built-in.o
  CC      fs/ext3/balloc.o
  CC      kernel/power/tuxonice_extent.o
  CC      kernel/power/tuxonice_pageflags.o
  CC      fs/ext3/bitmap.o
  CC      kernel/power/tuxonice_ui.o
  CC      fs/ext3/dir.o
  CC      mm/page_cgroup.o
  CC      mm/vmpressure.o
  CC      kernel/power/tuxonice_power_off.o
  CC      fs/ext3/file.o
  CC      kernel/power/tuxonice_atomic_copy.o
  LD      mm/built-in.o
  LD      ipc/built-in.o
  CC      kernel/power/tuxonice_storage.o
  CC      fs/ext3/fsync.o
  CC      fs/ext4/balloc.o
  CC      kernel/power/tuxonice_netlink.o
  CC      fs/ext3/ialloc.o
  CC      kernel/power/tuxonice_compress.o
  CC      fs/ext4/bitmap.o
  CC      fs/ext3/inode.o
  CC      fs/ext4/dir.o
  LD      kernel/power/tuxonice_bio.o
  CC      kernel/power/tuxonice_swap.o
  CC      fs/ext4/file.o
  CC      kernel/power/qos.o
  CC      kernel/power/main.o
  CC      fs/ext4/fsync.o
  CC      kernel/power/process.o
  CC      fs/ext3/ioctl.o
  CC      kernel/power/suspend.o
  CC      fs/ext4/ialloc.o
  CC      fs/ext3/namei.o
  CC      kernel/power/hibernate.o
  CC      fs/ext4/inode.o
  CC      kernel/power/snapshot.o
  CC      fs/ext3/super.o
  CC      kernel/power/swap.o
  CC      fs/ext3/symlink.o
  CC      fs/ext4/page-io.o
  CC      fs/ext3/hash.o
  CC      kernel/power/user.o
  CC      fs/ext3/resize.o
  CC      fs/ext4/ioctl.o
  CC      kernel/power/block_io.o
  CC      fs/ext4/namei.o
  CC      kernel/power/earlysuspend.o
  CC      fs/ext3/ext3_jbd.o
  CC      kernel/power/autosleep.o
  CC      fs/ext3/xattr.o
  CC      kernel/power/fbearlysuspend.o
  CC      kernel/power/wakelock.o
  CC      kernel/power/poweroff.o
  CC      fs/ext4/super.o
  CC      kernel/power/wakeup_reason.o
  CC      fs/ext3/xattr_user.o
  CC      kernel/power/sbsuspend.o
  CC      fs/ext3/xattr_trusted.o
  LD      kernel/power/tuxonice_core.o
  LD      kernel/power/built-in.o
  CC      kernel/sched/core.o
  CC      fs/ext3/acl.o
  LD      fs/ext3/ext3.o
  LD      fs/ext3/built-in.o
  CC      fs/fat/cache.o
  CC      fs/fat/dir.o
  CC      fs/fat/fatent.o
  CC      fs/fat/file.o
  CC      fs/fat/inode.o
  CC      kernel/sched/clock.o
  CC      kernel/sched/cputime.o
  CC      fs/fat/misc.o
  CC      fs/ext4/symlink.o
  CC      kernel/sched/idle_task.o
  CC      fs/ext4/hash.o
  CC      fs/fat/nfs.o
  CC      kernel/sched/fair.o
  CC      fs/fat/namei_msdos.o
  CC      fs/ext4/resize.o
  CC      fs/fat/namei_vfat.o
  LD      fs/fat/fat.o
  LD      fs/fat/vfat.o
  LD      fs/fat/msdos.o
  LD      fs/fat/built-in.o
  CC      kernel/time/timekeeping.o
  CC      fs/ext4/extents.o
  CC      kernel/time/ntp.o
  CC      kernel/sched/rt.o
  CC      kernel/time/clocksource.o
  CC      kernel/time/jiffies.o
  CC      fs/ext4/ext4_jbd2.o
  CC      kernel/time/timer_list.o
  CC      kernel/sched/stop_task.o
  CC      kernel/sched/cpupri.o
  CC      fs/ext4/migrate.o
  CC      kernel/time/timeconv.o
  CC      kernel/sched/stats.o
  CC      kernel/time/posix-clock.o
  CC      kernel/sched/cpuacct.o
  CC      fs/ext4/mballoc.o
  CC      kernel/time/alarmtimer.o
  LD      kernel/sched/built-in.o
  CC      kernel/trace/trace_clock.o
  CC      kernel/trace/ring_buffer.o
  CC      kernel/time/clockevents.o
  CC      kernel/time/tick-common.o
  CC      kernel/time/tick-broadcast.o
  CC      kernel/trace/trace.o
  CC      kernel/time/sched_clock.o
kernel/time/sched_clock.c: In function 'sched_clock':
kernel/time/sched_clock.c:65:16: warning: unused variable 'seq' [-Wunused-variable]
  unsigned long seq;
                ^
  CC      kernel/time/tick-oneshot.o
  CC      kernel/time/tick-sched.o
  CC      fs/ext4/block_validity.o
  LD      kernel/time/built-in.o
  CC      kernel/freezer.o
  CC      fs/ext4/move_extent.o
  CC      kernel/profile.o
  CC      kernel/trace/trace_output.o
  CC      kernel/stacktrace.o
  CC      fs/ext4/mmp.o
  CC      kernel/futex.o
  CC      fs/ext4/indirect.o
  CC      kernel/trace/trace_stat.o
  CC      kernel/trace/trace_printk.o
  CC      kernel/rtmutex.o
  CC      fs/ext4/extents_status.o
  CC      kernel/smp.o
  CC      kernel/trace/trace_sched_switch.o
  CC      fs/ext4/xattr.o
  CC      kernel/trace/trace_nop.o
  CC      kernel/trace/blktrace.o
  CC      fs/fuse/dev.o
  CC      kernel/trace/trace_events.o
fs/fuse/dev.c:26:0: warning: "MET_FUSEIO_TRACE" redefined
 #define MET_FUSEIO_TRACE
 ^
<command-line>:0:0: note: this is the location of the previous definition
  CC      fs/ext4/xattr_user.o
  CC      kernel/trace/trace_export.o
  CC      fs/ext4/xattr_trusted.o
  CC      kernel/trace/trace_event_perf.o
  CC      fs/fuse/dir.o
  CC      fs/ext4/inline.o
  CC      kernel/trace/trace_events_filter.o
  CC      fs/ext4/xattr_security.o
  CC      fs/fuse/file.o
  LD      fs/ext4/ext4.o
  LD      fs/ext4/built-in.o
  CC      fs/isofs/namei.o
  CC      kernel/trace/power-traces.o
  CC      fs/isofs/inode.o
  LD      kernel/trace/built-in.o
  CC      kernel/spinlock.o
  CC      kernel/uid16.o
  CC      fs/isofs/dir.o
  CC      fs/fuse/inode.o
  CC      fs/isofs/util.o
  CC      kernel/kallsyms.o
  CC      fs/isofs/rock.o
  CC      kernel/cgroup.o
  CC      fs/isofs/export.o
  CC      fs/fuse/control.o
  CC      fs/isofs/joliet.o
  CC      fs/isofs/compress.o
  LD      fs/fuse/fuse.o
  LD      fs/fuse/built-in.o
  CC      fs/jbd/transaction.o
  LD      fs/isofs/isofs.o
  LD      fs/isofs/built-in.o
  CC      fs/jbd2/transaction.o
  CC      fs/jbd/commit.o
  CC      kernel/res_counter.o
  CC      kernel/stop_machine.o
  CC      fs/jbd2/commit.o
  CC      fs/jbd/recovery.o
  CC      kernel/audit.o
  CC      fs/jbd/checkpoint.o
  CC      fs/jbd2/recovery.o
  CC      fs/jbd/revoke.o
  CC      kernel/auditfilter.o
  CC      fs/jbd2/checkpoint.o
  CC      fs/jbd/journal.o
  CC      kernel/auditsc.o
  CC      fs/jbd2/revoke.o
  CC      fs/jbd2/journal.o
  LD      fs/jbd/jbd.o
  LD      fs/jbd/built-in.o
  CC      security/commoncap.o
  CC      security/min_addr.o
  CC      kernel/audit_watch.o
  CC      security/security.o
  CC      kernel/audit_tree.o
  CC      security/capability.o
  GEN     security/selinux/flask.h security/selinux/av_permissions.h
  CC      kernel/seccomp.o
  CC      security/selinux/avc.o
  LD      fs/jbd2/jbd2.o
  LD      fs/jbd2/built-in.o
  CC      fs/nls/nls_base.o
  CC      kernel/rcutree.o
  CC      security/selinux/hooks.o
  CC      fs/nls/nls_cp437.o
  CC      fs/nls/nls_cp950.o
  CC      fs/nls/nls_ascii.o
  CC      fs/nls/nls_iso8859-1.o
  CC      fs/nls/nls_utf8.o
  CC      kernel/utsname_sysctl.o
  LD      fs/nls/built-in.o
  CC      kernel/tracepoint.o
  CC      fs/notify/fsnotify.o
  CC      kernel/elfcore.o
  CC      fs/notify/notification.o
  CC      kernel/irq_work.o
  CC      security/selinux/selinuxfs.o
  CC      fs/notify/group.o
  CC      kernel/cpu_pm.o
  CC      fs/notify/inode_mark.o
  BC      kernel/timeconst.h
  CC      kernel/time.o
  CC      fs/notify/mark.o
  CC      security/selinux/netlink.o
  CC      security/selinux/nlmsgtab.o
  LD      kernel/built-in.o
  CC      crypto/api.o
  CC      fs/notify/vfsmount_mark.o
  CC      security/selinux/netif.o
  CC      crypto/cipher.o
  CC      fs/notify/fdinfo.o
  CC      fs/notify/dnotify/dnotify.o
  CC      security/selinux/netnode.o
  CC      crypto/compress.o
  CC      crypto/algapi.o
  LD      fs/notify/dnotify/built-in.o
  LD      fs/notify/fanotify/built-in.o
  CC      fs/notify/inotify/inotify_fsnotify.o
  CC      security/selinux/netport.o
  CC      fs/notify/inotify/inotify_user.o
  CC      crypto/scatterwalk.o
  LD      fs/notify/inotify/built-in.o
  LD      fs/notify/built-in.o
  CC      fs/proc/task_mmu.o
  CC      security/selinux/exports.o
  CC      crypto/proc.o
  CC      security/selinux/ss/ebitmap.o
  CC      crypto/ablkcipher.o
  CC      fs/proc/inode.o
  CC      fs/proc/root.o
  CC      crypto/blkcipher.o
  CC      security/selinux/ss/hashtab.o
  CC      fs/proc/base.o
  CC      security/selinux/ss/symtab.o
  CC      security/selinux/ss/sidtab.o
  CC      crypto/ahash.o
  CC      security/selinux/ss/avtab.o
  CC      crypto/shash.o
  CC      fs/proc/generic.o
  CC      security/selinux/ss/policydb.o
  CC      crypto/algboss.o
  CC      fs/proc/array.o
  CC      crypto/testmgr.o
  CC      fs/proc/fd.o
  CC      crypto/crypto_wq.o
  LD      crypto/crypto_algapi.o
  CC      crypto/aead.o
  CC      fs/proc/proc_tty.o
  CC      security/selinux/ss/services.o
  CC      fs/proc/cmdline.o
  CC      fs/proc/consoles.o
  LD      crypto/crypto_blkcipher.o
  CC      crypto/chainiv.o
  CC      fs/proc/cpuinfo.o
  CC      fs/proc/devices.o
  CC      crypto/eseqiv.o
  CC      fs/proc/interrupts.o
  LD      crypto/crypto_hash.o
  CC      crypto/pcompress.o
  CC      fs/proc/loadavg.o
  CC      security/selinux/ss/conditional.o
  CC      fs/proc/meminfo.o
  LD      crypto/cryptomgr.o
  CC      crypto/hmac.o
  CC      fs/proc/stat.o
  CC      security/selinux/ss/mls.o
  CC      crypto/md5.o
  CC      crypto/sha1_generic.o
  CC      fs/proc/uptime.o
  CC      crypto/sha256_generic.o
  CC      fs/proc/version.o
  CC      security/selinux/ss/status.o
  CC      fs/proc/softirqs.o
  CC      crypto/ecb.o
  LD      security/selinux/selinux.o
  LD      security/selinux/built-in.o
  CC      security/lsm_audit.o
  CC      fs/proc/namespaces.o
  CC      crypto/cbc.o
  CC      fs/proc/self.o
  CC      crypto/cryptd.o
  LD      security/built-in.o
  CC      block/elevator.o
  CC      fs/proc/proc_sysctl.o
  CC      block/blk-core.o
  CC      crypto/des_generic.o
  CC      fs/proc/proc_net.o
  CC      fs/proc/kmsg.o
  CC      crypto/twofish_generic.o
  CC      fs/proc/page.o
  CC      crypto/twofish_common.o
  LD      fs/proc/proc.o
  LD      fs/proc/built-in.o
  LD      fs/quota/built-in.o
  CC      fs/ramfs/inode.o
  CC      fs/ramfs/file-mmu.o
  LD      fs/ramfs/ramfs.o
  LD      fs/ramfs/built-in.o
  CC      fs/sysfs/inode.o
  CC      crypto/aes_generic.o
  CC      block/blk-tag.o
  CC      fs/sysfs/file.o
  CC      block/blk-sysfs.o
  CC      fs/sysfs/dir.o
  CC      crypto/arc4.o
  CC      block/blk-flush.o
  CC      fs/sysfs/symlink.o
  CC      crypto/deflate.o
  CC      fs/sysfs/mount.o
  CC      crypto/crc32c.o
  CC      block/blk-settings.o
  CC      crypto/authenc.o
  CC      fs/sysfs/bin.o
  CC      block/blk-ioc.o
  CC      crypto/authencesn.o
  CC      fs/sysfs/group.o
  CC      block/blk-map.o
  LD      fs/sysfs/built-in.o
  CC      fs/eventpoll.o
  CC      block/blk-exec.o
  CC      crypto/lzo.o
  CC      block/blk-merge.o
  CC      crypto/rng.o
  CC      fs/anon_inodes.o
  CC      crypto/krng.o
  CC      fs/signalfd.o
  CC      block/blk-softirq.o
  CC      crypto/ablk_helper.o
  CC      fs/timerfd.o
  LD      crypto/crypto.o
  LD      crypto/built-in.o
  CC      block/blk-timeout.o
  CC      drivers/amba/bus.o
  CC      fs/eventfd.o
  CC      block/blk-iopoll.o
  CC      fs/aio.o
  LD      drivers/amba/built-in.o
  CC      drivers/android/binder.o
  CC      block/blk-lib.o
drivers/android/binder.c:73:14: warning: 'system_server_pid' defined but not used [-Wunused-variable]
 static pid_t system_server_pid;
              ^
  CC      block/ioctl.o
  CC      fs/locks.o
  CC      block/genhd.o
  CC      block/scsi_ioctl.o
  CC      fs/binfmt_script.o
  CC      fs/binfmt_elf.o
  CC      block/uuid.o
  CC      block/partition-generic.o
  CC      fs/mbcache.o
  CC      block/partitions/check.o
  CC      fs/posix_acl.o
  CC      block/partitions/msdos.o
  CC      fs/xattr_acl.o
  LD      drivers/android/built-in.o
  LD      drivers/auxdisplay/built-in.o
  CC      drivers/base/core.o
  CC      block/partitions/efi.o
  CC      fs/coredump.o
  LD      block/partitions/built-in.o
  CC      fs/drop_caches.o
  CC      block/noop-iosched.o
  CC      drivers/base/bus.o
  CC      fs/dcookies.o
  CC      block/deadline-iosched.o
  CC      fs/dyn_sync_cntrl.o
  CC      drivers/base/dd.o
  LD      fs/built-in.o
  CC      block/sio-iosched.o
  CC      sound/sound_core.o
  CC      drivers/base/syscore.o
  CC      sound/sound_firmware.o
  CC      drivers/base/driver.o
  CC      block/cfq-iosched.o
  LD      sound/arm/built-in.o
  LD      sound/atmel/built-in.o
  CC      drivers/base/class.o
  CC      sound/core/compress_offload.o
  CC      drivers/base/platform.o
  CC      sound/core/hrtimer.o
  CC      drivers/base/cpu.o
  CC      sound/core/hwdep.o
  LD      block/built-in.o
  CC      sound/core/memalloc.o
  CC      drivers/base/firmware.o
  CC      sound/core/pcm.o
  CC      drivers/base/init.o
  LD      sound/drivers/mpu401/built-in.o
  LD      sound/drivers/opl3/built-in.o
  CC      drivers/base/map.o
  LD      sound/drivers/opl4/built-in.o
  LD      sound/drivers/pcsp/built-in.o
  LD      sound/drivers/vx/built-in.o
  CC      drivers/base/devres.o
  LD      sound/drivers/built-in.o
  CC      sound/core/pcm_native.o
  CC      drivers/base/attribute_container.o
  CC      sound/core/pcm_lib.o
  CC      drivers/base/transport_class.o
  CC      drivers/base/topology.o
  CC      drivers/base/power/sysfs.o
  CC      sound/core/pcm_timer.o
  CC      drivers/base/power/generic_ops.o
  CC      drivers/base/power/common.o
  CC      drivers/base/power/qos.o
  CC      sound/core/pcm_misc.o
  LD      firmware/built-in.o
  CC      net/socket.o
  CC      drivers/base/power/main.o
  CC      sound/core/pcm_memory.o
  CC      sound/core/rawmidi.o
  CC      drivers/base/power/wakeup.o
  LD      drivers/base/power/built-in.o
  CC      drivers/base/regmap/regmap.o
  CC      sound/core/timer.o
  CC      net/802/p8022.o
  CC      net/802/psnap.o
  CC      net/802/stp.o
  CC      drivers/base/regmap/regcache.o
  LD      net/802/built-in.o
  CC      net/8021q/vlan_core.o
  CC      sound/core/sound.o
  CC      sound/core/init.o
  CC      net/8021q/vlan.o
  CC      drivers/base/regmap/regcache-rbtree.o
  CC      sound/core/memory.o
  CC      drivers/base/regmap/regcache-lzo.o
  CC      net/8021q/vlan_dev.o
  CC      sound/core/info.o
  CC      drivers/base/regmap/regcache-flat.o
  CC      sound/core/control.o
  CC      drivers/base/regmap/regmap-debugfs.o
  CC      net/8021q/vlan_netlink.o
  CC      drivers/base/regmap/regmap-i2c.o
  CC      net/8021q/vlanproc.o
  CC      drivers/base/regmap/regmap-spi.o
  LD      net/8021q/8021q.o
  LD      net/8021q/built-in.o
  CC      net/bridge/br.o
  LD      drivers/base/regmap/built-in.o
  CC      sound/core/misc.o
  CC      drivers/base/dma-mapping.o
  CC      drivers/base/dma-coherent.o
  CC      sound/core/device.o
  CC      net/bridge/br_device.o
  CC      sound/core/sound_oss.o
  CC      drivers/base/dma-buf.o
  CC      sound/core/info_oss.o
  CC      sound/core/jack.o
  CC      net/bridge/br_fdb.o
  CC      sound/core/oss/mixer_oss.o
  CC      drivers/base/firmware_class.o
  CC      net/bridge/br_forward.o
  CC      sound/core/oss/pcm_oss.o
  LD      drivers/base/built-in.o
  CC      drivers/block/loop.o
  CC      net/bridge/br_if.o
  CC      net/bridge/br_input.o
  LD      drivers/block/built-in.o
  CC      net/bridge/br_ioctl.o
  LD      drivers/bus/built-in.o
  LD      drivers/cdrom/built-in.o
  CC      drivers/char/mem.o
  CC      sound/core/oss/pcm_plugin.o
  CC      drivers/char/random.o
  CC      net/bridge/br_notify.o
  CC      net/bridge/br_stp.o
  CC      sound/core/oss/io.o
  CC      sound/core/oss/copy.o
  CC      drivers/char/misc.o
  CC      net/bridge/br_stp_bpdu.o
  CC      sound/core/oss/linear.o
  LD      drivers/char/built-in.o
  LD      drivers/clk/built-in.o
  CC      drivers/clocksource/clksrc-of.o
  CC      sound/core/oss/mulaw.o
  LD      drivers/clocksource/built-in.o
  CC      net/bridge/br_stp_if.o
  CC      drivers/cpufreq/cpufreq.o
  CC      sound/core/oss/route.o
  CC      net/bridge/br_stp_timer.o
  CC      sound/core/oss/rate.o
  LD      sound/core/oss/snd-mixer-oss.o
  CC      net/bridge/br_netlink.o
  LD      sound/core/oss/snd-pcm-oss.o
  LD      sound/core/oss/built-in.o
  CC      sound/core/seq/seq_device.o
  CC      drivers/cpufreq/cpufreq_stats.o
  CC      sound/core/seq/seq_dummy.o
  CC      drivers/cpufreq/cpufreq_performance.o
  CC      drivers/cpufreq/cpufreq_powersave.o
  CC      net/bridge/br_sysfs_if.o
  CC      drivers/cpufreq/cpufreq_userspace.o
  CC      sound/core/seq/seq_midi_event.o
  CC      drivers/cpufreq/cpufreq_ondemand.o
  CC      net/bridge/br_sysfs_br.o
  CC      sound/core/seq/seq_midi.o
  CC      drivers/cpufreq/cpufreq_interactive.o
  CC      net/bridge/br_netfilter.o
drivers/cpufreq/cpufreq_interactive.c: In function 'show_target_loads':
drivers/cpufreq/cpufreq_interactive.c:733:6: warning: operation on 'ret' may be undefined [-Wsequence-point]
  ret += sprintf(buf + --ret, "\n");
      ^
drivers/cpufreq/cpufreq_interactive.c: In function 'show_above_hispeed_delay':
drivers/cpufreq/cpufreq_interactive.c:773:6: warning: operation on 'ret' may be undefined [-Wsequence-point]
  ret += sprintf(buf + --ret, "\n");
      ^
  CC      sound/core/seq/seq.o
  CC      sound/core/seq/seq_lock.o
  CC      sound/core/seq/seq_clientmgr.o
  CC      net/bridge/br_multicast.o
  CC      drivers/cpufreq/cpufreq_governor.o
  CC      drivers/cpufreq/cpufreq_wheatley.o
  CC      sound/core/seq/seq_memory.o
  CC      drivers/cpufreq/freq_table.o
  CC      net/bridge/br_mdb.o
  LD      drivers/cpufreq/built-in.o
  LD      drivers/crypto/built-in.o
  LD      drivers/firewire/built-in.o
  LD      drivers/firmware/built-in.o
  CC      sound/core/seq/seq_queue.o
  CC      drivers/gpio/devres.o
  LD      drivers/gpio/built-in.o
  LD      drivers/gpu/drm/i2c/built-in.o
  LD      drivers/gpu/drm/built-in.o
  LD      net/bridge/bridge.o
  LD      net/bridge/built-in.o
  CC      net/core/sock.o
  LD      drivers/gpu/vga/built-in.o
  LD      drivers/gpu/built-in.o
  CC      drivers/hid/hid-lg.o
  CC      sound/core/seq/seq_fifo.o
  CC      drivers/hid/hid-debug.o
  CC      sound/core/seq/seq_prioq.o
  CC      drivers/hid/hid-core.o
  CC      sound/core/seq/seq_timer.o
  CC      net/core/request_sock.o
  CC      sound/core/seq/seq_system.o
  CC      net/core/skbuff.o
  CC      sound/core/seq/seq_ports.o
  CC      drivers/hid/hid-input.o
  CC      sound/core/seq/seq_info.o
  CC      sound/core/seq/oss/seq_oss.o
  CC      sound/core/seq/oss/seq_oss_init.o
  CC      sound/core/seq/oss/seq_oss_timer.o
  CC      sound/core/seq/oss/seq_oss_ioctl.o
  CC      drivers/hid/hidraw.o
  CC      sound/core/seq/oss/seq_oss_event.o
  CC      net/core/iovec.o
  CC      sound/core/seq/oss/seq_oss_rw.o
  CC      drivers/hid/uhid.o
  CC      sound/core/seq/oss/seq_oss_synth.o
  CC      net/core/datagram.o
  CC      drivers/hid/hid-generic.o
  CC      sound/core/seq/oss/seq_oss_midi.o
  CC      drivers/hid/hid-a4tech.o
  CC      net/core/stream.o
  CC      drivers/hid/hid-apple.o
  CC      sound/core/seq/oss/seq_oss_readq.o
  CC      net/core/scm.o
  CC      sound/core/seq/oss/seq_oss_writeq.o
  CC      drivers/hid/hid-belkin.o
  LD      sound/core/seq/oss/snd-seq-oss.o
  LD      sound/core/seq/oss/built-in.o
  LD      sound/core/seq/snd-seq-dummy.o
  LD      sound/core/seq/snd-seq-midi.o
  LD      sound/core/seq/snd-seq.o
  CC      drivers/hid/hid-cherry.o
  LD      sound/core/seq/snd-seq-device.o
  LD      sound/core/seq/snd-seq-midi-event.o
  LD      sound/core/seq/built-in.o
  LD      sound/core/snd-compress.o
  LD      sound/core/snd.o
  LD      sound/core/snd-hwdep.o
  LD      sound/core/snd-timer.o
  LD      sound/core/snd-hrtimer.o
  LD      sound/core/snd-pcm.o
  LD      sound/core/snd-page-alloc.o
  LD      sound/core/snd-rawmidi.o
  LD      sound/core/built-in.o
  CC      net/core/gen_stats.o
  LD      sound/firewire/built-in.o
  CC      drivers/hid/hid-chicony.o
  LD      sound/i2c/other/built-in.o
  LD      sound/i2c/built-in.o
  LD      sound/isa/ad1816a/built-in.o
  LD      sound/isa/ad1848/built-in.o
  CC      drivers/hid/hid-cypress.o
  LD      sound/isa/cs423x/built-in.o
  CC      net/core/gen_estimator.o
  LD      sound/isa/es1688/built-in.o
  LD      sound/isa/galaxy/built-in.o
  LD      sound/isa/gus/built-in.o
  LD      sound/isa/msnd/built-in.o
  CC      drivers/hid/hid-dr.o
  LD      sound/isa/opti9xx/built-in.o
  LD      sound/isa/sb/built-in.o
  LD      sound/isa/wavefront/built-in.o
  CC      drivers/hid/hid-ezkey.o
  LD      sound/isa/wss/built-in.o
  LD      sound/isa/built-in.o
  CC      net/core/net_namespace.o
  LD      sound/mips/built-in.o
  CC      drivers/hid/hid-gyration.o
  LD      sound/oss/built-in.o
  LD      sound/parisc/built-in.o
  CC      drivers/hid/hid-kensington.o
  LD      sound/pci/ac97/built-in.o
  LD      sound/pci/ali5451/built-in.o
  CC      net/core/secure_seq.o
  LD      sound/pci/asihpi/built-in.o
  CC      drivers/hid/hid-kye.o
  LD      sound/pci/au88x0/built-in.o
  CC      net/core/flow_dissector.o
  LD      sound/pci/aw2/built-in.o
  LD      sound/pci/ca0106/built-in.o
  LD      drivers/hid/hid-logitech.o
  CC      drivers/hid/hid-magicmouse.o
  LD      sound/pci/cs46xx/built-in.o
  LD      sound/pci/cs5535audio/built-in.o
  LD      sound/pci/ctxfi/built-in.o
  LD      sound/pci/echoaudio/built-in.o
  LD      sound/pci/emu10k1/built-in.o
  CC      drivers/hid/hid-microsoft.o
  CC      net/core/sysctl_net_core.o
  LD      sound/pci/hda/built-in.o
  LD      sound/pci/ice1712/built-in.o
  LD      sound/pci/korg1212/built-in.o
  LD      sound/pci/lola/built-in.o
net/core/sysctl_net_core.c:24:12: warning: 'one' defined but not used [-Wunused-variable]
 static int one = 1;
            ^
  LD      sound/pci/lx6464es/built-in.o
  LD      sound/pci/mixart/built-in.o
  CC      drivers/hid/hid-monterey.o
  CC      net/core/dev.o
  LD      sound/pci/nm256/built-in.o
  LD      sound/pci/oxygen/built-in.o
  LD      sound/pci/pcxhr/built-in.o
  CC      drivers/hid/hid-pl.o
  LD      sound/pci/riptide/built-in.o
  LD      sound/pci/rme9652/built-in.o
  CC      drivers/hid/hid-petalynx.o
  LD      sound/pci/trident/built-in.o
  LD      sound/pci/vx222/built-in.o
  LD      sound/pci/ymfpci/built-in.o
  LD      sound/pci/built-in.o
  CC      drivers/hid/hid-samsung.o
  CC      drivers/hid/hid-sjoy.o
  LD      sound/pcmcia/pdaudiocf/built-in.o
  LD      sound/pcmcia/vx/built-in.o
  CC      drivers/hid/hid-sunplus.o
  LD      sound/pcmcia/built-in.o
  LD      sound/ppc/built-in.o
  LD      sound/sh/built-in.o
  CC      drivers/hid/hid-gaff.o
  CC      sound/soc/soc-core.o
  CC      drivers/hid/hid-tmff.o
  CC      drivers/hid/hid-topseed.o
  CC      drivers/hid/hid-twinhan.o
  CC      drivers/hid/hid-zpff.o
  CC      drivers/hid/usbhid/hid-core.o
  CC      drivers/hid/usbhid/hid-quirks.o
  CC      net/core/ethtool.o
  LD      drivers/hid/usbhid/usbhid.o
  LD      drivers/hid/usbhid/built-in.o
  LD      drivers/hid/hid.o
  LD      drivers/hid/built-in.o
  LD      drivers/hsi/clients/built-in.o
  LD      drivers/hsi/built-in.o
  CC      drivers/i2c/i2c-boardinfo.o
  CC      drivers/i2c/i2c-core.o
  CC      sound/soc/soc-dapm.o
  CC      net/core/dev_addr_lists.o
  CC      net/core/dst.o
  LD      drivers/i2c/algos/built-in.o
  LD      drivers/i2c/busses/built-in.o
  LD      drivers/i2c/muxes/built-in.o
  LD      drivers/i2c/built-in.o
  LD      drivers/idle/built-in.o
  CC      drivers/input/input.o
  CC      net/core/netevent.o
  CC      net/core/neighbour.o
  CC      sound/soc/soc-jack.o
  CC      drivers/input/input-compat.o
  CC      drivers/input/input-mt.o
  CC      sound/soc/soc-cache.o
  CC      drivers/input/ff-core.o
  CC      sound/soc/soc-utils.o
  CC      net/core/rtnetlink.o
  CC      drivers/input/evdev.o
  CC      sound/soc/soc-pcm.o
  CC      drivers/input/misc/uinput.o
  CC      sound/soc/soc-compress.o
  LD      drivers/input/misc/built-in.o
  CC      drivers/input/touchscreen/mediatek/mtk_tpd.o
  CC      sound/soc/soc-io.o
  CC      net/core/utils.o
In file included from include/mach/mt_gpio.h:15:0,
                 from drivers/input/touchscreen/mediatek/tpd.h:14,
                 from drivers/input/touchscreen/mediatek/mtk_tpd.c:21:
/home/satory-ra/Android/kernel/android_kernel_oukitel_orange/drivers/misc/mediatek/mach/mt6735/Sprint4g/dct/dct/inc/cust_gpio_usage.h:481:0: warning: "GPIO_KPD_KCOL1_PIN_M_UCTS" redefined
 #define GPIO_KPD_KCOL1_PIN_M_UCTS   GPIO_MODE_03
 ^
/home/satory-ra/Android/kernel/android_kernel_oukitel_orange/drivers/misc/mediatek/mach/mt6735/Sprint4g/dct/dct/inc/cust_gpio_usage.h:480:0: note: this is the location of the previous definition
 #define GPIO_KPD_KCOL1_PIN_M_UCTS   GPIO_MODE_02
 ^
  CC      drivers/input/touchscreen/mediatek/tpd_button.o
  LD      sound/soc/atmel/built-in.o
  LD      sound/soc/au1x/built-in.o
  LD      sound/soc/blackfin/built-in.o
  LD      sound/soc/cirrus/built-in.o
  LD      sound/soc/codecs/built-in.o
  LD      sound/soc/davinci/built-in.o
  LD      sound/soc/dwc/built-in.o
  LD      sound/soc/fsl/built-in.o
  CC      sound/soc/generic/simple-card.o
In file included from include/mach/mt_gpio.h:15:0,
                 from drivers/input/touchscreen/mediatek/tpd.h:14,
                 from drivers/input/touchscreen/mediatek/tpd_button.c:1:
/home/satory-ra/Android/kernel/android_kernel_oukitel_orange/drivers/misc/mediatek/mach/mt6735/Sprint4g/dct/dct/inc/cust_gpio_usage.h:481:0: warning: "GPIO_KPD_KCOL1_PIN_M_UCTS" redefined
 #define GPIO_KPD_KCOL1_PIN_M_UCTS   GPIO_MODE_03
 ^
/home/satory-ra/Android/kernel/android_kernel_oukitel_orange/drivers/misc/mediatek/mach/mt6735/Sprint4g/dct/dct/inc/cust_gpio_usage.h:480:0: note: this is the location of the previous definition
 #define GPIO_KPD_KCOL1_PIN_M_UCTS   GPIO_MODE_02
 ^
  LD      sound/soc/generic/snd-soc-simple-card.o
  LD      sound/soc/generic/built-in.o
  LD      sound/soc/jz4740/built-in.o
  CC      drivers/input/touchscreen/mediatek/tpd_calibrate.o
  LD      sound/soc/kirkwood/built-in.o
  CC      sound/soc/mediatek/common/auddrv_devtree_parser.o
In file included from include/mach/mt_gpio.h:15:0,
                 from drivers/input/touchscreen/mediatek/tpd.h:14,
                 from drivers/input/touchscreen/mediatek/tpd_calibrate.c:1:
/home/satory-ra/Android/kernel/android_kernel_oukitel_orange/drivers/misc/mediatek/mach/mt6735/Sprint4g/dct/dct/inc/cust_gpio_usage.h:481:0: warning: "GPIO_KPD_KCOL1_PIN_M_UCTS" redefined
 #define GPIO_KPD_KCOL1_PIN_M_UCTS   GPIO_MODE_03
 ^
/home/satory-ra/Android/kernel/android_kernel_oukitel_orange/drivers/misc/mediatek/mach/mt6735/Sprint4g/dct/dct/inc/cust_gpio_usage.h:480:0: note: this is the location of the previous definition
 #define GPIO_KPD_KCOL1_PIN_M_UCTS   GPIO_MODE_02
 ^
  CC      net/core/link_watch.o
  CC      drivers/input/touchscreen/mediatek/tpd_debug.o
In file included from include/mach/mt_gpio.h:15:0,
                 from drivers/input/touchscreen/mediatek/tpd.h:14,
                 from drivers/input/touchscreen/mediatek/tpd_debug.c:7:
/home/satory-ra/Android/kernel/android_kernel_oukitel_orange/drivers/misc/mediatek/mach/mt6735/Sprint4g/dct/dct/inc/cust_gpio_usage.h:481:0: warning: "GPIO_KPD_KCOL1_PIN_M_UCTS" redefined
 #define GPIO_KPD_KCOL1_PIN_M_UCTS   GPIO_MODE_03
 ^
/home/satory-ra/Android/kernel/android_kernel_oukitel_orange/drivers/misc/mediatek/mach/mt6735/Sprint4g/dct/dct/inc/cust_gpio_usage.h:480:0: note: this is the location of the previous definition
 #define GPIO_KPD_KCOL1_PIN_M_UCTS   GPIO_MODE_02
 ^
  CC      drivers/input/touchscreen/mediatek/tpd_default.o
  CC      sound/soc/mediatek/common/auddrv_underflow_mach.o
In file included from include/mach/mt_gpio.h:15:0,
                 from drivers/input/touchscreen/mediatek/tpd.h:14,
                 from drivers/input/touchscreen/mediatek/tpd_default.c:1:
/home/satory-ra/Android/kernel/android_kernel_oukitel_orange/drivers/misc/mediatek/mach/mt6735/Sprint4g/dct/dct/inc/cust_gpio_usage.h:481:0: warning: "GPIO_KPD_KCOL1_PIN_M_UCTS" redefined
 #define GPIO_KPD_KCOL1_PIN_M_UCTS   GPIO_MODE_03
 ^
/home/satory-ra/Android/kernel/android_kernel_oukitel_orange/drivers/misc/mediatek/mach/mt6735/Sprint4g/dct/dct/inc/cust_gpio_usage.h:480:0: note: this is the location of the previous definition
 #define GPIO_KPD_KCOL1_PIN_M_UCTS   GPIO_MODE_02
 ^
  CC      drivers/input/touchscreen/mediatek/tpd_init.o
  CC      drivers/input/touchscreen/mediatek/tpd_misc.o
  CC      net/core/filter.o
  LD      sound/soc/mediatek/common/built-in.o
In file included from include/mach/mt_gpio.h:15:0,
                 from drivers/input/touchscreen/mediatek/tpd.h:14,
                 from drivers/input/touchscreen/mediatek/tpd_misc.c:1:
/home/satory-ra/Android/kernel/android_kernel_oukitel_orange/drivers/misc/mediatek/mach/mt6735/Sprint4g/dct/dct/inc/cust_gpio_usage.h:481:0: warning: "GPIO_KPD_KCOL1_PIN_M_UCTS" redefined
 #define GPIO_KPD_KCOL1_PIN_M_UCTS   GPIO_MODE_03
 ^
/home/satory-ra/Android/kernel/android_kernel_oukitel_orange/drivers/misc/mediatek/mach/mt6735/Sprint4g/dct/dct/inc/cust_gpio_usage.h:480:0: note: this is the location of the previous definition
 #define GPIO_KPD_KCOL1_PIN_M_UCTS   GPIO_MODE_02
 ^
  CC      sound/soc/mediatek/mt_soc_audio_v3/AudDrv_Afe.o
  CC      drivers/input/touchscreen/mediatek/tpd_setting.o
  CC      net/core/sock_diag.o
In file included from include/mach/mt_gpio.h:15:0,
                 from drivers/input/touchscreen/mediatek/tpd.h:14,
                 from drivers/input/touchscreen/mediatek/tpd_setting.c:1:
/home/satory-ra/Android/kernel/android_kernel_oukitel_orange/drivers/misc/mediatek/mach/mt6735/Sprint4g/dct/dct/inc/cust_gpio_usage.h:481:0: warning: "GPIO_KPD_KCOL1_PIN_M_UCTS" redefined
 #define GPIO_KPD_KCOL1_PIN_M_UCTS   GPIO_MODE_03
 ^
/home/satory-ra/Android/kernel/android_kernel_oukitel_orange/drivers/misc/mediatek/mach/mt6735/Sprint4g/dct/dct/inc/cust_gpio_usage.h:480:0: note: this is the location of the previous definition
 #define GPIO_KPD_KCOL1_PIN_M_UCTS   GPIO_MODE_02
 ^
  CC      drivers/input/touchscreen/mediatek/GT915_HD/goodix_tool.o
  CC      sound/soc/mediatek/mt_soc_audio_v3/AudDrv_Ana.o
In file included from include/mach/mt_gpio.h:15:0,
                 from /home/satory-ra/Android/kernel/android_kernel_oukitel_orange/drivers/input/touchscreen/mediatek/tpd.h:14,
                 from drivers/input/touchscreen/mediatek/GT915_HD/goodix_tool.c:23:
/home/satory-ra/Android/kernel/android_kernel_oukitel_orange/drivers/misc/mediatek/mach/mt6735/Sprint4g/dct/dct/inc/cust_gpio_usage.h:481:0: warning: "GPIO_KPD_KCOL1_PIN_M_UCTS" redefined
 #define GPIO_KPD_KCOL1_PIN_M_UCTS   GPIO_MODE_03
 ^
/home/satory-ra/Android/kernel/android_kernel_oukitel_orange/drivers/misc/mediatek/mach/mt6735/Sprint4g/dct/dct/inc/cust_gpio_usage.h:480:0: note: this is the location of the previous definition
 #define GPIO_KPD_KCOL1_PIN_M_UCTS   GPIO_MODE_02
 ^
  CC      net/core/dev_ioctl.o
  CC      drivers/input/touchscreen/mediatek/GT915_HD/gt9xx_driver.o
In file included from drivers/input/touchscreen/mediatek/GT915_HD/tpd_custom_gt9xx.h:82:0,
                 from drivers/input/touchscreen/mediatek/GT915_HD/gt9xx_driver.c:67:
/home/satory-ra/Android/kernel/android_kernel_oukitel_orange/drivers/misc/mediatek/mach/mt6735/Sprint4g/dct/dct/inc/cust_gpio_usage.h:481:0: warning: "GPIO_KPD_KCOL1_PIN_M_UCTS" redefined
 #define GPIO_KPD_KCOL1_PIN_M_UCTS   GPIO_MODE_03
 ^
/home/satory-ra/Android/kernel/android_kernel_oukitel_orange/drivers/misc/mediatek/mach/mt6735/Sprint4g/dct/dct/inc/cust_gpio_usage.h:480:0: note: this is the location of the previous definition
 #define GPIO_KPD_KCOL1_PIN_M_UCTS   GPIO_MODE_02
 ^
drivers/input/touchscreen/mediatek/GT915_HD/gt9xx_driver.c:100:1: warning: excess elements in array initializer
 static int tpd_keys_dim_local[TPD_KEY_COUNT][3] = TPD_KEYS_DIM;
 ^
drivers/input/touchscreen/mediatek/GT915_HD/gt9xx_driver.c:100:1: warning: (near initialization for 'tpd_keys_dim_local[0]')
drivers/input/touchscreen/mediatek/GT915_HD/gt9xx_driver.c:100:1: warning: excess elements in array initializer
drivers/input/touchscreen/mediatek/GT915_HD/gt9xx_driver.c:100:1: warning: (near initialization for 'tpd_keys_dim_local[1]')
drivers/input/touchscreen/mediatek/GT915_HD/gt9xx_driver.c:100:1: warning: excess elements in array initializer
drivers/input/touchscreen/mediatek/GT915_HD/gt9xx_driver.c:100:1: warning: (near initialization for 'tpd_keys_dim_local[2]')
drivers/input/touchscreen/mediatek/GT915_HD/gt9xx_driver.c: In function 'tpd_i2c_probe':
  CC      sound/soc/mediatek/mt_soc_audio_v3/AudDrv_Clk.o
drivers/input/touchscreen/mediatek/GT915_HD/gt9xx_driver.c:1926:5: warning: ISO C90 forbids mixed declarations and code [-Wdeclaration-after-statement]
     u16 version_info;
     ^
  CC      net/core/flow.o
  CC      drivers/input/touchscreen/mediatek/GT915_HD/gt9xx_update.o
In file included from include/mach/mt_gpio.h:15:0,
                 from /home/satory-ra/Android/kernel/android_kernel_oukitel_orange/drivers/input/touchscreen/mediatek/tpd.h:14,
                 from drivers/input/touchscreen/mediatek/GT915_HD/gt9xx_update.c:40:
/home/satory-ra/Android/kernel/android_kernel_oukitel_orange/drivers/misc/mediatek/mach/mt6735/Sprint4g/dct/dct/inc/cust_gpio_usage.h:481:0: warning: "GPIO_KPD_KCOL1_PIN_M_UCTS" redefined
 #define GPIO_KPD_KCOL1_PIN_M_UCTS   GPIO_MODE_03
 ^
/home/satory-ra/Android/kernel/android_kernel_oukitel_orange/drivers/misc/mediatek/mach/mt6735/Sprint4g/dct/dct/inc/cust_gpio_usage.h:480:0: note: this is the location of the previous definition
 #define GPIO_KPD_KCOL1_PIN_M_UCTS   GPIO_MODE_02
 ^
  CC      net/core/net-sysfs.o
  CC      sound/soc/mediatek/mt_soc_audio_v3/mt_soc_afe_control.o
In file included from include/mach/mt_gpio.h:15:0,
                 from sound/soc/mediatek/mt_soc_audio_v3/mt_soc_pcm_common.h:78,
                 from sound/soc/mediatek/mt_soc_audio_v3/mt_soc_afe_control.c:62:
/home/satory-ra/Android/kernel/android_kernel_oukitel_orange/drivers/misc/mediatek/mach/mt6735/Sprint4g/dct/dct/inc/cust_gpio_usage.h:481:0: warning: "GPIO_KPD_KCOL1_PIN_M_UCTS" redefined
 #define GPIO_KPD_KCOL1_PIN_M_UCTS   GPIO_MODE_03
 ^
/home/satory-ra/Android/kernel/android_kernel_oukitel_orange/drivers/misc/mediatek/mach/mt6735/Sprint4g/dct/dct/inc/cust_gpio_usage.h:480:0: note: this is the location of the previous definition
 #define GPIO_KPD_KCOL1_PIN_M_UCTS   GPIO_MODE_02
 ^
sound/soc/mediatek/mt_soc_audio_v3/mt_soc_afe_control.c: In function 'EnableSideToneFilter':
sound/soc/mediatek/mt_soc_audio_v3/mt_soc_afe_control.c:1922:16: warning: unused variable 'coef_addr' [-Wunused-variable]
         size_t coef_addr = 0;
                ^
sound/soc/mediatek/mt_soc_audio_v3/mt_soc_afe_control.c:1921:20: warning: unused variable 'read_reg_value' [-Wunused-variable]
         uint32_t   read_reg_value = Afe_Get_Reg(AFE_SIDETONE_CON0);
                    ^
sound/soc/mediatek/mt_soc_audio_v3/mt_soc_afe_control.c:1920:20: warning: unused variable 'sel_ch2' [-Wunused-variable]
         const bool sel_ch2 = false;          // using uplink ch1 as STF input
                    ^
sound/soc/mediatek/mt_soc_audio_v3/mt_soc_afe_control.c:1919:20: warning: unused variable 'read_write_sel' [-Wunused-variable]
         const bool read_write_sel = true;    // for write case
                    ^
sound/soc/mediatek/mt_soc_audio_v3/mt_soc_afe_control.c:1918:20: warning: unused variable 'enable_read_write' [-Wunused-variable]
         const bool enable_read_write = true; // enable read/write side tone coefficient
                    ^
  LD      drivers/input/touchscreen/mediatek/GT915_HD/built-in.o
  LD      drivers/input/touchscreen/mediatek/built-in.o
  LD      drivers/input/touchscreen/built-in.o
  LD      drivers/input/input-core.o
  LD      drivers/input/built-in.o
  CC      drivers/iommu/of_iommu.o
  CC      net/core/net-procfs.o
  LD      drivers/iommu/built-in.o
  CC      drivers/irqchip/irqchip.o
  CC      drivers/irqchip/irq-mt-eic.o
In file included from include/mach/mt_gpio.h:15:0,
                 from drivers/irqchip/irq-mt-eic.c:21:
/home/satory-ra/Android/kernel/android_kernel_oukitel_orange/drivers/misc/mediatek/mach/mt6735/Sprint4g/dct/dct/inc/cust_gpio_usage.h:481:0: warning: "GPIO_KPD_KCOL1_PIN_M_UCTS" redefined
 #define GPIO_KPD_KCOL1_PIN_M_UCTS   GPIO_MODE_03
 ^
/home/satory-ra/Android/kernel/android_kernel_oukitel_orange/drivers/misc/mediatek/mach/mt6735/Sprint4g/dct/dct/inc/cust_gpio_usage.h:480:0: note: this is the location of the previous definition
 #define GPIO_KPD_KCOL1_PIN_M_UCTS   GPIO_MODE_02
 ^
drivers/irqchip/irq-mt-eic.c:1062:12: warning: 'mt_eint_max_channel' defined but not used [-Wunused-function]
 static int mt_eint_max_channel(void)
            ^
  CC      net/core/fib_rules.o
  LD      drivers/irqchip/built-in.o
  CC      drivers/leds/led-core.o
  CC      sound/soc/mediatek/mt_soc_audio_v3/mt_soc_afe_connection.o
  CC      drivers/leds/led-class.o
In file included from include/mach/mt_gpio.h:15:0,
                 from sound/soc/mediatek/mt_soc_audio_v3/mt_soc_afe_connection.c:93:
/home/satory-ra/Android/kernel/android_kernel_oukitel_orange/drivers/misc/mediatek/mach/mt6735/Sprint4g/dct/dct/inc/cust_gpio_usage.h:481:0: warning: "GPIO_KPD_KCOL1_PIN_M_UCTS" redefined
 #define GPIO_KPD_KCOL1_PIN_M_UCTS   GPIO_MODE_03
 ^
/home/satory-ra/Android/kernel/android_kernel_oukitel_orange/drivers/misc/mediatek/mach/mt6735/Sprint4g/dct/dct/inc/cust_gpio_usage.h:480:0: note: this is the location of the previous definition
 #define GPIO_KPD_KCOL1_PIN_M_UCTS   GPIO_MODE_02
 ^
  CC      sound/soc/mediatek/mt_soc_audio_v3/mt_soc_pcm_common.o
  CC      net/core/net-traces.o
  CC      drivers/leds/led-triggers.o
In file included from include/mach/mt_gpio.h:15:0,
                 from sound/soc/mediatek/mt_soc_audio_v3/mt_soc_pcm_common.h:78,
                 from sound/soc/mediatek/mt_soc_audio_v3/mt_soc_pcm_common.c:31:
/home/satory-ra/Android/kernel/android_kernel_oukitel_orange/drivers/misc/mediatek/mach/mt6735/Sprint4g/dct/dct/inc/cust_gpio_usage.h:481:0: warning: "GPIO_KPD_KCOL1_PIN_M_UCTS" redefined
 #define GPIO_KPD_KCOL1_PIN_M_UCTS   GPIO_MODE_03
 ^
/home/satory-ra/Android/kernel/android_kernel_oukitel_orange/drivers/misc/mediatek/mach/mt6735/Sprint4g/dct/dct/inc/cust_gpio_usage.h:480:0: note: this is the location of the previous definition
 #define GPIO_KPD_KCOL1_PIN_M_UCTS   GPIO_MODE_02
 ^
  CC      sound/soc/mediatek/mt_soc_audio_v3/mt_soc_offload_gdma.o
In file included from include/mach/mt_gpio.h:15:0,
                 from sound/soc/mediatek/mt_soc_audio_v3/mt_soc_pcm_common.h:78,
                 from sound/soc/mediatek/mt_soc_audio_v3/mt_soc_offload_gdma.c:57:
/home/satory-ra/Android/kernel/android_kernel_oukitel_orange/drivers/misc/mediatek/mach/mt6735/Sprint4g/dct/dct/inc/cust_gpio_usage.h:481:0: warning: "GPIO_KPD_KCOL1_PIN_M_UCTS" redefined
 #define GPIO_KPD_KCOL1_PIN_M_UCTS   GPIO_MODE_03
 ^
/home/satory-ra/Android/kernel/android_kernel_oukitel_orange/drivers/misc/mediatek/mach/mt6735/Sprint4g/dct/dct/inc/cust_gpio_usage.h:480:0: note: this is the location of the previous definition
 #define GPIO_KPD_KCOL1_PIN_M_UCTS   GPIO_MODE_02
 ^
  CC      drivers/leds/trigger/ledtrig-timer.o
  CC      sound/soc/mediatek/mt_soc_audio_v3/mt_soc_offload_common.o
  LD      drivers/leds/trigger/built-in.o
  LD      drivers/leds/built-in.o
  LD      drivers/lguest/built-in.o
  LD      drivers/macintosh/built-in.o
  CC      drivers/md/dm-uevent.o
In file included from include/mach/mt_gpio.h:15:0,
                 from sound/soc/mediatek/mt_soc_audio_v3/mt_soc_pcm_common.h:78,
                 from sound/soc/mediatek/mt_soc_audio_v3/mt_soc_offload_common.c:57:
/home/satory-ra/Android/kernel/android_kernel_oukitel_orange/drivers/misc/mediatek/mach/mt6735/Sprint4g/dct/dct/inc/cust_gpio_usage.h:481:0: warning: "GPIO_KPD_KCOL1_PIN_M_UCTS" redefined
 #define GPIO_KPD_KCOL1_PIN_M_UCTS   GPIO_MODE_03
 ^
/home/satory-ra/Android/kernel/android_kernel_oukitel_orange/drivers/misc/mediatek/mach/mt6735/Sprint4g/dct/dct/inc/cust_gpio_usage.h:480:0: note: this is the location of the previous definition
 #define GPIO_KPD_KCOL1_PIN_M_UCTS   GPIO_MODE_02
 ^
  LD      net/core/built-in.o
  CC      net/ethernet/eth.o
  CC      sound/soc/mediatek/mt_soc_audio_v3/mt_soc_pcm_capture.o
  CC      drivers/md/dm.o
In file included from include/mach/mt_gpio.h:15:0,
                 from sound/soc/mediatek/mt_soc_audio_v3/mt_soc_pcm_common.h:78,
                 from sound/soc/mediatek/mt_soc_audio_v3/mt_soc_pcm_capture.c:61:
/home/satory-ra/Android/kernel/android_kernel_oukitel_orange/drivers/misc/mediatek/mach/mt6735/Sprint4g/dct/dct/inc/cust_gpio_usage.h:481:0: warning: "GPIO_KPD_KCOL1_PIN_M_UCTS" redefined
 #define GPIO_KPD_KCOL1_PIN_M_UCTS   GPIO_MODE_03
 ^
/home/satory-ra/Android/kernel/android_kernel_oukitel_orange/drivers/misc/mediatek/mach/mt6735/Sprint4g/dct/dct/inc/cust_gpio_usage.h:480:0: note: this is the location of the previous definition
 #define GPIO_KPD_KCOL1_PIN_M_UCTS   GPIO_MODE_02
 ^
  LD      net/ethernet/built-in.o
  CC      net/ipv4/route.o
  CC      sound/soc/mediatek/mt_soc_audio_v3/mt_soc_pcm_dl1.o
In file included from include/mach/mt_gpio.h:15:0,
                 from sound/soc/mediatek/mt_soc_audio_v3/mt_soc_pcm_common.h:78,
                 from sound/soc/mediatek/mt_soc_audio_v3/mt_soc_pcm_dl1.c:60:
/home/satory-ra/Android/kernel/android_kernel_oukitel_orange/drivers/misc/mediatek/mach/mt6735/Sprint4g/dct/dct/inc/cust_gpio_usage.h:481:0: warning: "GPIO_KPD_KCOL1_PIN_M_UCTS" redefined
 #define GPIO_KPD_KCOL1_PIN_M_UCTS   GPIO_MODE_03
 ^
/home/satory-ra/Android/kernel/android_kernel_oukitel_orange/drivers/misc/mediatek/mach/mt6735/Sprint4g/dct/dct/inc/cust_gpio_usage.h:480:0: note: this is the location of the previous definition
 #define GPIO_KPD_KCOL1_PIN_M_UCTS   GPIO_MODE_02
 ^
  CC      drivers/md/dm-table.o
  CC      sound/soc/mediatek/mt_soc_audio_v3/mt_soc_pcm_dummy.o
In file included from include/mach/mt_gpio.h:15:0,
                 from sound/soc/mediatek/mt_soc_audio_v3/mt_soc_pcm_common.h:78,
                 from sound/soc/mediatek/mt_soc_audio_v3/mt_soc_pcm_dummy.c:58:
/home/satory-ra/Android/kernel/android_kernel_oukitel_orange/drivers/misc/mediatek/mach/mt6735/Sprint4g/dct/dct/inc/cust_gpio_usage.h:481:0: warning: "GPIO_KPD_KCOL1_PIN_M_UCTS" redefined
 #define GPIO_KPD_KCOL1_PIN_M_UCTS   GPIO_MODE_03
 ^
/home/satory-ra/Android/kernel/android_kernel_oukitel_orange/drivers/misc/mediatek/mach/mt6735/Sprint4g/dct/dct/inc/cust_gpio_usage.h:480:0: note: this is the location of the previous definition
 #define GPIO_KPD_KCOL1_PIN_M_UCTS   GPIO_MODE_02
 ^
  CC      sound/soc/mediatek/mt_soc_audio_v3/mt_soc_pcm_routing.o
  CC      net/ipv4/inetpeer.o
In file included from include/mach/mt_gpio.h:15:0,
                 from sound/soc/mediatek/mt_soc_audio_v3/mt_soc_pcm_common.h:78,
                 from sound/soc/mediatek/mt_soc_audio_v3/mt_soc_pcm_routing.c:60:
/home/satory-ra/Android/kernel/android_kernel_oukitel_orange/drivers/misc/mediatek/mach/mt6735/Sprint4g/dct/dct/inc/cust_gpio_usage.h:481:0: warning: "GPIO_KPD_KCOL1_PIN_M_UCTS" redefined
 #define GPIO_KPD_KCOL1_PIN_M_UCTS   GPIO_MODE_03
 ^
/home/satory-ra/Android/kernel/android_kernel_oukitel_orange/drivers/misc/mediatek/mach/mt6735/Sprint4g/dct/dct/inc/cust_gpio_usage.h:480:0: note: this is the location of the previous definition
 #define GPIO_KPD_KCOL1_PIN_M_UCTS   GPIO_MODE_02
 ^
  CC      drivers/md/dm-target.o
  CC      sound/soc/mediatek/mt_soc_audio_v3/mt_soc_pcm_capture2.o
  CC      drivers/md/dm-linear.o
  CC      net/ipv4/protocol.o
In file included from include/mach/mt_gpio.h:15:0,
                 from sound/soc/mediatek/mt_soc_audio_v3/mt_soc_pcm_common.h:78,
                 from sound/soc/mediatek/mt_soc_audio_v3/mt_soc_pcm_capture2.c:60:
/home/satory-ra/Android/kernel/android_kernel_oukitel_orange/drivers/misc/mediatek/mach/mt6735/Sprint4g/dct/dct/inc/cust_gpio_usage.h:481:0: warning: "GPIO_KPD_KCOL1_PIN_M_UCTS" redefined
 #define GPIO_KPD_KCOL1_PIN_M_UCTS   GPIO_MODE_03
 ^
/home/satory-ra/Android/kernel/android_kernel_oukitel_orange/drivers/misc/mediatek/mach/mt6735/Sprint4g/dct/dct/inc/cust_gpio_usage.h:480:0: note: this is the location of the previous definition
 #define GPIO_KPD_KCOL1_PIN_M_UCTS   GPIO_MODE_02
 ^
  CC      drivers/md/dm-stripe.o
  CC      net/ipv4/ip_input.o
  CC      sound/soc/mediatek/mt_soc_audio_v3/mt_soc_pcm_voice_md1.o
In file included from include/mach/mt_gpio.h:15:0,
                 from sound/soc/mediatek/mt_soc_audio_v3/mt_soc_pcm_common.h:78,
                 from sound/soc/mediatek/mt_soc_audio_v3/mt_soc_pcm_voice_md1.c:61:
/home/satory-ra/Android/kernel/android_kernel_oukitel_orange/drivers/misc/mediatek/mach/mt6735/Sprint4g/dct/dct/inc/cust_gpio_usage.h:481:0: warning: "GPIO_KPD_KCOL1_PIN_M_UCTS" redefined
 #define GPIO_KPD_KCOL1_PIN_M_UCTS   GPIO_MODE_03
 ^
/home/satory-ra/Android/kernel/android_kernel_oukitel_orange/drivers/misc/mediatek/mach/mt6735/Sprint4g/dct/dct/inc/cust_gpio_usage.h:480:0: note: this is the location of the previous definition
 #define GPIO_KPD_KCOL1_PIN_M_UCTS   GPIO_MODE_02
 ^
  CC      drivers/md/dm-ioctl.o
  CC      sound/soc/mediatek/mt_soc_audio_v3/mt_soc_pcm_voice_md2.o
  CC      net/ipv4/ip_fragment.o
In file included from include/mach/mt_gpio.h:15:0,
                 from sound/soc/mediatek/mt_soc_audio_v3/mt_soc_pcm_common.h:78,
                 from sound/soc/mediatek/mt_soc_audio_v3/mt_soc_pcm_voice_md2.c:61:
/home/satory-ra/Android/kernel/android_kernel_oukitel_orange/drivers/misc/mediatek/mach/mt6735/Sprint4g/dct/dct/inc/cust_gpio_usage.h:481:0: warning: "GPIO_KPD_KCOL1_PIN_M_UCTS" redefined
 #define GPIO_KPD_KCOL1_PIN_M_UCTS   GPIO_MODE_03
 ^
/home/satory-ra/Android/kernel/android_kernel_oukitel_orange/drivers/misc/mediatek/mach/mt6735/Sprint4g/dct/dct/inc/cust_gpio_usage.h:480:0: note: this is the location of the previous definition
 #define GPIO_KPD_KCOL1_PIN_M_UCTS   GPIO_MODE_02
 ^
sound/soc/mediatek/mt_soc_audio_v3/mt_soc_pcm_voice_md2.c:78:0: warning: "MAX_PERIOD_SIZE" redefined
 #define MAX_PERIOD_SIZE     MAX_BUFFER_SIZE_MD2
 ^
In file included from sound/soc/mediatek/mt_soc_audio_v3/mt_soc_pcm_voice_md2.c:61:0:
sound/soc/mediatek/mt_soc_audio_v3/mt_soc_pcm_common.h:120:0: note: this is the location of the previous definition
 #define MAX_PERIOD_SIZE     MAX_BUFFER_SIZE
 ^
  CC      sound/soc/mediatek/mt_soc_audio_v3/mt_soc_pcm_voice_md1_bt.o
In file included from include/mach/mt_gpio.h:15:0,
                 from sound/soc/mediatek/mt_soc_audio_v3/mt_soc_pcm_common.h:78,
                 from sound/soc/mediatek/mt_soc_audio_v3/mt_soc_pcm_voice_md1_bt.c:61:
/home/satory-ra/Android/kernel/android_kernel_oukitel_orange/drivers/misc/mediatek/mach/mt6735/Sprint4g/dct/dct/inc/cust_gpio_usage.h:481:0: warning: "GPIO_KPD_KCOL1_PIN_M_UCTS" redefined
 #define GPIO_KPD_KCOL1_PIN_M_UCTS   GPIO_MODE_03
 ^
/home/satory-ra/Android/kernel/android_kernel_oukitel_orange/drivers/misc/mediatek/mach/mt6735/Sprint4g/dct/dct/inc/cust_gpio_usage.h:480:0: note: this is the location of the previous definition
 #define GPIO_KPD_KCOL1_PIN_M_UCTS   GPIO_MODE_02
 ^
  CC      net/ipv4/ip_forward.o
  CC      drivers/md/dm-io.o
  CC      sound/soc/mediatek/mt_soc_audio_v3/mt_soc_pcm_voice_md2_bt.o
  CC      drivers/md/dm-kcopyd.o
In file included from include/mach/mt_gpio.h:15:0,
                 from sound/soc/mediatek/mt_soc_audio_v3/mt_soc_pcm_common.h:78,
                 from sound/soc/mediatek/mt_soc_audio_v3/mt_soc_pcm_voice_md2_bt.c:61:
/home/satory-ra/Android/kernel/android_kernel_oukitel_orange/drivers/misc/mediatek/mach/mt6735/Sprint4g/dct/dct/inc/cust_gpio_usage.h:481:0: warning: "GPIO_KPD_KCOL1_PIN_M_UCTS" redefined
 #define GPIO_KPD_KCOL1_PIN_M_UCTS   GPIO_MODE_03
 ^
/home/satory-ra/Android/kernel/android_kernel_oukitel_orange/drivers/misc/mediatek/mach/mt6735/Sprint4g/dct/dct/inc/cust_gpio_usage.h:480:0: note: this is the location of the previous definition
 #define GPIO_KPD_KCOL1_PIN_M_UCTS   GPIO_MODE_02
 ^
  CC      net/ipv4/ip_options.o
  CC      sound/soc/mediatek/mt_soc_audio_v3/mt_soc_pcm_hdmi.o
  CC      drivers/md/dm-sysfs.o
In file included from include/mach/mt_gpio.h:15:0,
                 from sound/soc/mediatek/mt_soc_audio_v3/mt_soc_pcm_common.h:78,
                 from sound/soc/mediatek/mt_soc_audio_v3/mt_soc_pcm_hdmi.c:61:
/home/satory-ra/Android/kernel/android_kernel_oukitel_orange/drivers/misc/mediatek/mach/mt6735/Sprint4g/dct/dct/inc/cust_gpio_usage.h:481:0: warning: "GPIO_KPD_KCOL1_PIN_M_UCTS" redefined
 #define GPIO_KPD_KCOL1_PIN_M_UCTS   GPIO_MODE_03
 ^
/home/satory-ra/Android/kernel/android_kernel_oukitel_orange/drivers/misc/mediatek/mach/mt6735/Sprint4g/dct/dct/inc/cust_gpio_usage.h:480:0: note: this is the location of the previous definition
 #define GPIO_KPD_KCOL1_PIN_M_UCTS   GPIO_MODE_02
 ^
  CC      sound/soc/mediatek/mt_soc_audio_v3/mt_soc_pcm_dl1_i2s0.o
  CC      net/ipv4/ip_output.o
  CC      drivers/md/dm-builtin.o
In file included from include/mach/mt_gpio.h:15:0,
                 from sound/soc/mediatek/mt_soc_audio_v3/mt_soc_pcm_common.h:78,
                 from sound/soc/mediatek/mt_soc_audio_v3/mt_soc_pcm_dl1_i2s0.c:61:
/home/satory-ra/Android/kernel/android_kernel_oukitel_orange/drivers/misc/mediatek/mach/mt6735/Sprint4g/dct/dct/inc/cust_gpio_usage.h:481:0: warning: "GPIO_KPD_KCOL1_PIN_M_UCTS" redefined
 #define GPIO_KPD_KCOL1_PIN_M_UCTS   GPIO_MODE_03
 ^
/home/satory-ra/Android/kernel/android_kernel_oukitel_orange/drivers/misc/mediatek/mach/mt6735/Sprint4g/dct/dct/inc/cust_gpio_usage.h:480:0: note: this is the location of the previous definition
 #define GPIO_KPD_KCOL1_PIN_M_UCTS   GPIO_MODE_02
 ^
  CC      drivers/md/dm-crypt.o
  CC      sound/soc/mediatek/mt_soc_audio_v3/mt_soc_pcm_dl1_i2s0Dl1.o
In file included from include/mach/mt_gpio.h:15:0,
                 from sound/soc/mediatek/mt_soc_audio_v3/mt_soc_pcm_common.h:78,
                 from sound/soc/mediatek/mt_soc_audio_v3/mt_soc_pcm_dl1_i2s0Dl1.c:61:
/home/satory-ra/Android/kernel/android_kernel_oukitel_orange/drivers/misc/mediatek/mach/mt6735/Sprint4g/dct/dct/inc/cust_gpio_usage.h:481:0: warning: "GPIO_KPD_KCOL1_PIN_M_UCTS" redefined
 #define GPIO_KPD_KCOL1_PIN_M_UCTS   GPIO_MODE_03
 ^
/home/satory-ra/Android/kernel/android_kernel_oukitel_orange/drivers/misc/mediatek/mach/mt6735/Sprint4g/dct/dct/inc/cust_gpio_usage.h:480:0: note: this is the location of the previous definition
 #define GPIO_KPD_KCOL1_PIN_M_UCTS   GPIO_MODE_02
 ^
  CC      sound/soc/mediatek/mt_soc_audio_v3/mt_soc_pcm_i2s0_awb.o
In file included from include/mach/mt_gpio.h:15:0,
                 from sound/soc/mediatek/mt_soc_audio_v3/mt_soc_pcm_common.h:78,
                 from sound/soc/mediatek/mt_soc_audio_v3/mt_soc_pcm_i2s0_awb.c:60:
/home/satory-ra/Android/kernel/android_kernel_oukitel_orange/drivers/misc/mediatek/mach/mt6735/Sprint4g/dct/dct/inc/cust_gpio_usage.h:481:0: warning: "GPIO_KPD_KCOL1_PIN_M_UCTS" redefined
 #define GPIO_KPD_KCOL1_PIN_M_UCTS   GPIO_MODE_03
 ^
/home/satory-ra/Android/kernel/android_kernel_oukitel_orange/drivers/misc/mediatek/mach/mt6735/Sprint4g/dct/dct/inc/cust_gpio_usage.h:480:0: note: this is the location of the previous definition
 #define GPIO_KPD_KCOL1_PIN_M_UCTS   GPIO_MODE_02
 ^
  LD      drivers/md/dm-mod.o
  LD      drivers/md/built-in.o
sound/soc/mediatek/mt_soc_audio_v3/mt_soc_pcm_i2s0_awb.c: In function 'mtk_i2s0_awb_pcm_pointer':
sound/soc/mediatek/mt_soc_audio_v3/mt_soc_pcm_i2s0_awb.c:175:15: warning: unused variable 'HW_Cur_ReadIdx' [-Wunused-variable]
     kal_int32 HW_Cur_ReadIdx = 0;
               ^
sound/soc/mediatek/mt_soc_audio_v3/mt_soc_pcm_i2s0_awb.c:174:15: warning: unused variable 'HW_memory_index' [-Wunused-variable]
     kal_int32 HW_memory_index = 0;
               ^
sound/soc/mediatek/mt_soc_audio_v3/mt_soc_pcm_i2s0_awb.c: At top level:
sound/soc/mediatek/mt_soc_audio_v3/mt_soc_pcm_i2s0_awb.c:171:18: warning: 'Previous_Hw_cur' defined but not used [-Wunused-variable]
 static kal_int32 Previous_Hw_cur = 0;
                  ^
  LD      drivers/media/common/b2c2/built-in.o
  LD      drivers/media/common/saa7146/built-in.o
  CC      sound/soc/mediatek/mt_soc_audio_v3/mt_soc_pcm_uldlloopback.o
  LD      drivers/media/common/siano/built-in.o
  LD      drivers/media/common/built-in.o
  LD      drivers/media/firewire/built-in.o
  LD      drivers/media/i2c/soc_camera/built-in.o
  CC      net/ipv4/ip_sockglue.o
  LD      drivers/media/i2c/built-in.o
In file included from include/mach/mt_gpio.h:15:0,
                 from sound/soc/mediatek/mt_soc_audio_v3/mt_soc_pcm_common.h:78,
                 from sound/soc/mediatek/mt_soc_audio_v3/mt_soc_pcm_uldlloopback.c:59:
/home/satory-ra/Android/kernel/android_kernel_oukitel_orange/drivers/misc/mediatek/mach/mt6735/Sprint4g/dct/dct/inc/cust_gpio_usage.h:481:0: warning: "GPIO_KPD_KCOL1_PIN_M_UCTS" redefined
 #define GPIO_KPD_KCOL1_PIN_M_UCTS   GPIO_MODE_03
 ^
/home/satory-ra/Android/kernel/android_kernel_oukitel_orange/drivers/misc/mediatek/mach/mt6735/Sprint4g/dct/dct/inc/cust_gpio_usage.h:480:0: note: this is the location of the previous definition
 #define GPIO_KPD_KCOL1_PIN_M_UCTS   GPIO_MODE_02
 ^
  LD      drivers/media/mmc/siano/built-in.o
  LD      drivers/media/mmc/built-in.o
  CC      sound/soc/mediatek/mt_soc_audio_v3/mt_soc_pcm_mrgrx.o
  LD      drivers/media/parport/built-in.o
  LD      drivers/media/pci/b2c2/built-in.o
In file included from include/mach/mt_gpio.h:15:0,
                 from sound/soc/mediatek/mt_soc_audio_v3/mt_soc_pcm_common.h:78,
                 from sound/soc/mediatek/mt_soc_audio_v3/mt_soc_pcm_mrgrx.c:61:
/home/satory-ra/Android/kernel/android_kernel_oukitel_orange/drivers/misc/mediatek/mach/mt6735/Sprint4g/dct/dct/inc/cust_gpio_usage.h:481:0: warning: "GPIO_KPD_KCOL1_PIN_M_UCTS" redefined
 #define GPIO_KPD_KCOL1_PIN_M_UCTS   GPIO_MODE_03
 ^
/home/satory-ra/Android/kernel/android_kernel_oukitel_orange/drivers/misc/mediatek/mach/mt6735/Sprint4g/dct/dct/inc/cust_gpio_usage.h:480:0: note: this is the location of the previous definition
 #define GPIO_KPD_KCOL1_PIN_M_UCTS   GPIO_MODE_02
 ^
  LD      drivers/media/pci/ddbridge/built-in.o
  LD      drivers/media/pci/dm1105/built-in.o
  CC      sound/soc/mediatek/mt_soc_audio_v3/mt_soc_pcm_mrgrx_awb.o
  LD      drivers/media/pci/mantis/built-in.o
  LD      drivers/media/pci/ngene/built-in.o
  LD      drivers/media/pci/pluto2/built-in.o
In file included from include/mach/mt_gpio.h:15:0,
                 from sound/soc/mediatek/mt_soc_audio_v3/mt_soc_pcm_common.h:78,
                 from sound/soc/mediatek/mt_soc_audio_v3/mt_soc_pcm_mrgrx_awb.c:60:
/home/satory-ra/Android/kernel/android_kernel_oukitel_orange/drivers/misc/mediatek/mach/mt6735/Sprint4g/dct/dct/inc/cust_gpio_usage.h:481:0: warning: "GPIO_KPD_KCOL1_PIN_M_UCTS" redefined
 #define GPIO_KPD_KCOL1_PIN_M_UCTS   GPIO_MODE_03
 ^
/home/satory-ra/Android/kernel/android_kernel_oukitel_orange/drivers/misc/mediatek/mach/mt6735/Sprint4g/dct/dct/inc/cust_gpio_usage.h:480:0: note: this is the location of the previous definition
 #define GPIO_KPD_KCOL1_PIN_M_UCTS   GPIO_MODE_02
 ^
  LD      drivers/media/pci/pt1/built-in.o
  CC      net/ipv4/inet_hashtables.o
  LD      drivers/media/pci/saa7146/built-in.o
  LD      drivers/media/pci/ttpci/built-in.o
  CC      sound/soc/mediatek/mt_soc_audio_v3/mt_soc_pcm_fm_i2s.o
  LD      drivers/media/pci/built-in.o
In file included from include/mach/mt_gpio.h:15:0,
                 from sound/soc/mediatek/mt_soc_audio_v3/mt_soc_pcm_common.h:78,
                 from sound/soc/mediatek/mt_soc_audio_v3/mt_soc_pcm_fm_i2s.c:60:
/home/satory-ra/Android/kernel/android_kernel_oukitel_orange/drivers/misc/mediatek/mach/mt6735/Sprint4g/dct/dct/inc/cust_gpio_usage.h:481:0: warning: "GPIO_KPD_KCOL1_PIN_M_UCTS" redefined
 #define GPIO_KPD_KCOL1_PIN_M_UCTS   GPIO_MODE_03
 ^
/home/satory-ra/Android/kernel/android_kernel_oukitel_orange/drivers/misc/mediatek/mach/mt6735/Sprint4g/dct/dct/inc/cust_gpio_usage.h:480:0: note: this is the location of the previous definition
 #define GPIO_KPD_KCOL1_PIN_M_UCTS   GPIO_MODE_02
 ^
  LD      drivers/media/platform/davinci/built-in.o
  LD      drivers/media/platform/built-in.o
  LD      drivers/media/rc/keymaps/built-in.o
  CC      sound/soc/mediatek/mt_soc_audio_v3/mt_soc_pcm_fm_i2s_awb.o
  LD      drivers/media/rc/built-in.o
  LD      drivers/media/tuners/built-in.o
In file included from include/mach/mt_gpio.h:15:0,
                 from sound/soc/mediatek/mt_soc_audio_v3/mt_soc_pcm_common.h:78,
                 from sound/soc/mediatek/mt_soc_audio_v3/mt_soc_pcm_fm_i2s_awb.c:60:
/home/satory-ra/Android/kernel/android_kernel_oukitel_orange/drivers/misc/mediatek/mach/mt6735/Sprint4g/dct/dct/inc/cust_gpio_usage.h:481:0: warning: "GPIO_KPD_KCOL1_PIN_M_UCTS" redefined
 #define GPIO_KPD_KCOL1_PIN_M_UCTS   GPIO_MODE_03
 ^
/home/satory-ra/Android/kernel/android_kernel_oukitel_orange/drivers/misc/mediatek/mach/mt6735/Sprint4g/dct/dct/inc/cust_gpio_usage.h:480:0: note: this is the location of the previous definition
 #define GPIO_KPD_KCOL1_PIN_M_UCTS   GPIO_MODE_02
 ^
  LD      drivers/media/usb/b2c2/built-in.o
  CC      net/ipv4/inet_timewait_sock.o
  LD      drivers/media/usb/dvb-usb/built-in.o
  LD      drivers/media/usb/dvb-usb-v2/built-in.o
  CC      sound/soc/mediatek/mt_soc_audio_v3/mt_soc_pcm_dl1_awb.o
  LD      drivers/media/usb/s2255/built-in.o
  LD      drivers/media/usb/siano/built-in.o
  LD      drivers/media/usb/stkwebcam/built-in.o
In file included from include/mach/mt_gpio.h:15:0,
                 from sound/soc/mediatek/mt_soc_audio_v3/mt_soc_pcm_common.h:78,
                 from sound/soc/mediatek/mt_soc_audio_v3/mt_soc_pcm_dl1_awb.c:60:
/home/satory-ra/Android/kernel/android_kernel_oukitel_orange/drivers/misc/mediatek/mach/mt6735/Sprint4g/dct/dct/inc/cust_gpio_usage.h:481:0: warning: "GPIO_KPD_KCOL1_PIN_M_UCTS" redefined
 #define GPIO_KPD_KCOL1_PIN_M_UCTS   GPIO_MODE_03
 ^
/home/satory-ra/Android/kernel/android_kernel_oukitel_orange/drivers/misc/mediatek/mach/mt6735/Sprint4g/dct/dct/inc/cust_gpio_usage.h:480:0: note: this is the location of the previous definition
 #define GPIO_KPD_KCOL1_PIN_M_UCTS   GPIO_MODE_02
 ^
  LD      drivers/media/usb/ttusb-budget/built-in.o
  LD      drivers/media/usb/ttusb-dec/built-in.o
  LD      drivers/media/usb/zr364xx/built-in.o
  CC      sound/soc/mediatek/mt_soc_audio_v3/mt_soc_pcm_dl1_bt.o
  LD      drivers/media/usb/built-in.o
  CC      net/ipv4/inet_connection_sock.o
  LD      drivers/media/built-in.o
In file included from include/mach/mt_gpio.h:15:0,
                 from sound/soc/mediatek/mt_soc_audio_v3/mt_soc_pcm_common.h:78,
                 from sound/soc/mediatek/mt_soc_audio_v3/mt_soc_pcm_dl1_bt.c:61:
/home/satory-ra/Android/kernel/android_kernel_oukitel_orange/drivers/misc/mediatek/mach/mt6735/Sprint4g/dct/dct/inc/cust_gpio_usage.h:481:0: warning: "GPIO_KPD_KCOL1_PIN_M_UCTS" redefined
 #define GPIO_KPD_KCOL1_PIN_M_UCTS   GPIO_MODE_03
 ^
/home/satory-ra/Android/kernel/android_kernel_oukitel_orange/drivers/misc/mediatek/mach/mt6735/Sprint4g/dct/dct/inc/cust_gpio_usage.h:480:0: note: this is the location of the previous definition
 #define GPIO_KPD_KCOL1_PIN_M_UCTS   GPIO_MODE_02
 ^
  LD      drivers/mfd/built-in.o
  CC      sound/soc/mediatek/mt_soc_audio_v3/mt_soc_pcm_bt_dai.o
  CC      drivers/misc/uid_stat.o
In file included from include/mach/mt_gpio.h:15:0,
                 from sound/soc/mediatek/mt_soc_audio_v3/mt_soc_pcm_common.h:78,
                 from sound/soc/mediatek/mt_soc_audio_v3/mt_soc_pcm_bt_dai.c:53:
/home/satory-ra/Android/kernel/android_kernel_oukitel_orange/drivers/misc/mediatek/mach/mt6735/Sprint4g/dct/dct/inc/cust_gpio_usage.h:481:0: warning: "GPIO_KPD_KCOL1_PIN_M_UCTS" redefined
 #define GPIO_KPD_KCOL1_PIN_M_UCTS   GPIO_MODE_03
 ^
/home/satory-ra/Android/kernel/android_kernel_oukitel_orange/drivers/misc/mediatek/mach/mt6735/Sprint4g/dct/dct/inc/cust_gpio_usage.h:480:0: note: this is the location of the previous definition
 #define GPIO_KPD_KCOL1_PIN_M_UCTS   GPIO_MODE_02
 ^
  LD      drivers/misc/carma/built-in.o
  CC      sound/soc/mediatek/mt_soc_audio_v3/mt_soc_dai_stub.o
  LD      drivers/misc/cb710/built-in.o
  LD      drivers/misc/eeprom/built-in.o
  LD      drivers/misc/lis3lv02d/built-in.o
"CONFIG_TRUSTONIC_TEE_SUPPORT = "
  CC      drivers/misc/mediatek/accdet/accdet_drv.o
In file included from include/mach/mt_gpio.h:15:0,
                 from sound/soc/mediatek/mt_soc_audio_v3/mt_soc_pcm_common.h:78,
                 from sound/soc/mediatek/mt_soc_audio_v3/mt_soc_dai_stub.c:66:
/home/satory-ra/Android/kernel/android_kernel_oukitel_orange/drivers/misc/mediatek/mach/mt6735/Sprint4g/dct/dct/inc/cust_gpio_usage.h:481:0: warning: "GPIO_KPD_KCOL1_PIN_M_UCTS" redefined
 #define GPIO_KPD_KCOL1_PIN_M_UCTS   GPIO_MODE_03
 ^
/home/satory-ra/Android/kernel/android_kernel_oukitel_orange/drivers/misc/mediatek/mach/mt6735/Sprint4g/dct/dct/inc/cust_gpio_usage.h:480:0: note: this is the location of the previous definition
 #define GPIO_KPD_KCOL1_PIN_M_UCTS   GPIO_MODE_02
 ^
  CC      net/ipv4/tcp.o
  CC      sound/soc/mediatek/mt_soc_audio_v3/mt_soc_dai_routing.o
In file included from drivers/misc/mediatek/accdet/accdet_drv.c:4:0:
/home/satory-ra/Android/kernel/android_kernel_oukitel_orange/drivers/misc/mediatek/mach/mt6735/Sprint4g/dct/dct/inc/cust_gpio_usage.h:481:0: warning: "GPIO_KPD_KCOL1_PIN_M_UCTS" redefined
 #define GPIO_KPD_KCOL1_PIN_M_UCTS   GPIO_MODE_03
 ^
/home/satory-ra/Android/kernel/android_kernel_oukitel_orange/drivers/misc/mediatek/mach/mt6735/Sprint4g/dct/dct/inc/cust_gpio_usage.h:480:0: note: this is the location of the previous definition
 #define GPIO_KPD_KCOL1_PIN_M_UCTS   GPIO_MODE_02
 ^
  CC      drivers/misc/mediatek/accdet/mt6735/accdet.o
In file included from drivers/misc/mediatek/accdet/mt6735/accdet.c:5:0:
/home/satory-ra/Android/kernel/android_kernel_oukitel_orange/drivers/misc/mediatek/mach/mt6735/Sprint4g/dct/dct/inc/cust_gpio_usage.h:481:0: warning: "GPIO_KPD_KCOL1_PIN_M_UCTS" redefined
 #define GPIO_KPD_KCOL1_PIN_M_UCTS   GPIO_MODE_03
 ^
/home/satory-ra/Android/kernel/android_kernel_oukitel_orange/drivers/misc/mediatek/mach/mt6735/Sprint4g/dct/dct/inc/cust_gpio_usage.h:480:0: note: this is the location of the previous definition
 #define GPIO_KPD_KCOL1_PIN_M_UCTS   GPIO_MODE_02
 ^
  CC      sound/soc/mediatek/mt_soc_audio_v3/mt_soc_codec_dummy.o
In file included from include/mach/mt_gpio.h:15:0,
                 from sound/soc/mediatek/mt_soc_audio_v3/mt_soc_pcm_common.h:78,
                 from sound/soc/mediatek/mt_soc_audio_v3/mt_soc_codec_dummy.c:62:
/home/satory-ra/Android/kernel/android_kernel_oukitel_orange/drivers/misc/mediatek/mach/mt6735/Sprint4g/dct/dct/inc/cust_gpio_usage.h:481:0: warning: "GPIO_KPD_KCOL1_PIN_M_UCTS" redefined
 #define GPIO_KPD_KCOL1_PIN_M_UCTS   GPIO_MODE_03
 ^
/home/satory-ra/Android/kernel/android_kernel_oukitel_orange/drivers/misc/mediatek/mach/mt6735/Sprint4g/dct/dct/inc/cust_gpio_usage.h:480:0: note: this is the location of the previous definition
 #define GPIO_KPD_KCOL1_PIN_M_UCTS   GPIO_MODE_02
 ^
  CC      sound/soc/mediatek/mt_soc_audio_v3/mt_soc_codec_63xx.o
In file included from include/mach/mt_gpio.h:15:0,
                 from sound/soc/mediatek/mt_soc_audio_v3/mt_soc_codec_63xx.c:60:
/home/satory-ra/Android/kernel/android_kernel_oukitel_orange/drivers/misc/mediatek/mach/mt6735/Sprint4g/dct/dct/inc/cust_gpio_usage.h:481:0: warning: "GPIO_KPD_KCOL1_PIN_M_UCTS" redefined
 #define GPIO_KPD_KCOL1_PIN_M_UCTS   GPIO_MODE_03
 ^
/home/satory-ra/Android/kernel/android_kernel_oukitel_orange/drivers/misc/mediatek/mach/mt6735/Sprint4g/dct/dct/inc/cust_gpio_usage.h:480:0: note: this is the location of the previous definition
 #define GPIO_KPD_KCOL1_PIN_M_UCTS   GPIO_MODE_02
 ^
  CC      drivers/misc/mediatek/accdet/mt6735/ts3a225e.o
In file included from include/mach/mt_gpio.h:15:0,
                 from drivers/misc/mediatek/accdet/mt6735/ts3a225e.c:32:
/home/satory-ra/Android/kernel/android_kernel_oukitel_orange/drivers/misc/mediatek/mach/mt6735/Sprint4g/dct/dct/inc/cust_gpio_usage.h:481:0: warning: "GPIO_KPD_KCOL1_PIN_M_UCTS" redefined
 #define GPIO_KPD_KCOL1_PIN_M_UCTS   GPIO_MODE_03
 ^
/home/satory-ra/Android/kernel/android_kernel_oukitel_orange/drivers/misc/mediatek/mach/mt6735/Sprint4g/dct/dct/inc/cust_gpio_usage.h:480:0: note: this is the location of the previous definition
 #define GPIO_KPD_KCOL1_PIN_M_UCTS   GPIO_MODE_02
 ^
  LD      drivers/misc/mediatek/accdet/mt6735/built-in.o
  LD      drivers/misc/mediatek/accdet/built-in.o
  CC      drivers/misc/mediatek/accelerometer/accel.o
In file included from include/mach/mt_gpio.h:15:0,
                 from /home/satory-ra/Android/kernel/android_kernel_oukitel_orange/drivers/misc/mediatek/accelerometer/inc/accel_factory.h:26,
                 from drivers/misc/mediatek/accelerometer/accel.c:3:
/home/satory-ra/Android/kernel/android_kernel_oukitel_orange/drivers/misc/mediatek/mach/mt6735/Sprint4g/dct/dct/inc/cust_gpio_usage.h:481:0: warning: "GPIO_KPD_KCOL1_PIN_M_UCTS" redefined
 #define GPIO_KPD_KCOL1_PIN_M_UCTS   GPIO_MODE_03
 ^
/home/satory-ra/Android/kernel/android_kernel_oukitel_orange/drivers/misc/mediatek/mach/mt6735/Sprint4g/dct/dct/inc/cust_gpio_usage.h:480:0: note: this is the location of the previous definition
 #define GPIO_KPD_KCOL1_PIN_M_UCTS   GPIO_MODE_02
 ^
  CC      net/ipv4/tcp_input.o
  CC      drivers/misc/mediatek/accelerometer/accel_factory.o
In file included from include/mach/mt_gpio.h:15:0,
                 from /home/satory-ra/Android/kernel/android_kernel_oukitel_orange/drivers/misc/mediatek/accelerometer/inc/accel_factory.h:26,
                 from drivers/misc/mediatek/accelerometer/accel_factory.c:1:
/home/satory-ra/Android/kernel/android_kernel_oukitel_orange/drivers/misc/mediatek/mach/mt6735/Sprint4g/dct/dct/inc/cust_gpio_usage.h:481:0: warning: "GPIO_KPD_KCOL1_PIN_M_UCTS" redefined
 #define GPIO_KPD_KCOL1_PIN_M_UCTS   GPIO_MODE_03
 ^
/home/satory-ra/Android/kernel/android_kernel_oukitel_orange/drivers/misc/mediatek/mach/mt6735/Sprint4g/dct/dct/inc/cust_gpio_usage.h:480:0: note: this is the location of the previous definition
 #define GPIO_KPD_KCOL1_PIN_M_UCTS   GPIO_MODE_02
 ^
  CC      sound/soc/mediatek/mt_soc_audio_v3/mt_soc_pcm_fmtx.o
  CC      drivers/misc/mediatek/accelerometer/KXTJ2_1009-new/kxtj2_1009.o
In file included from include/mach/mt_gpio.h:15:0,
                 from sound/soc/mediatek/mt_soc_audio_v3/mt_soc_pcm_common.h:78,
                 from sound/soc/mediatek/mt_soc_audio_v3/mt_soc_pcm_fmtx.c:61:
/home/satory-ra/Android/kernel/android_kernel_oukitel_orange/drivers/misc/mediatek/mach/mt6735/Sprint4g/dct/dct/inc/cust_gpio_usage.h:481:0: warning: "GPIO_KPD_KCOL1_PIN_M_UCTS" redefined
 #define GPIO_KPD_KCOL1_PIN_M_UCTS   GPIO_MODE_03
 ^
/home/satory-ra/Android/kernel/android_kernel_oukitel_orange/drivers/misc/mediatek/mach/mt6735/Sprint4g/dct/dct/inc/cust_gpio_usage.h:480:0: note: this is the location of the previous definition
 #define GPIO_KPD_KCOL1_PIN_M_UCTS   GPIO_MODE_02
 ^
  CC      sound/soc/mediatek/mt_soc_audio_v3/mt_soc_tdm_capture.o
In file included from include/mach/mt_gpio.h:15:0,
                 from drivers/misc/mediatek/accelerometer/KXTJ2_1009-new/kxtj2_1009.c:31:
/home/satory-ra/Android/kernel/android_kernel_oukitel_orange/drivers/misc/mediatek/mach/mt6735/Sprint4g/dct/dct/inc/cust_gpio_usage.h:481:0: warning: "GPIO_KPD_KCOL1_PIN_M_UCTS" redefined
 #define GPIO_KPD_KCOL1_PIN_M_UCTS   GPIO_MODE_03
 ^
/home/satory-ra/Android/kernel/android_kernel_oukitel_orange/drivers/misc/mediatek/mach/mt6735/Sprint4g/dct/dct/inc/cust_gpio_usage.h:480:0: note: this is the location of the previous definition
 #define GPIO_KPD_KCOL1_PIN_M_UCTS   GPIO_MODE_02
 ^
drivers/misc/mediatek/accelerometer/KXTJ2_1009-new/kxtj2_1009.c: In function 'kxtj2_1009_i2c_probe':
drivers/misc/mediatek/accelerometer/KXTJ2_1009-new/kxtj2_1009.c:2519:2: warning: label 'exit_kfree' defined but not used [-Wunused-label]
  exit_kfree:
  ^
drivers/misc/mediatek/accelerometer/KXTJ2_1009-new/kxtj2_1009.c: At top level:
drivers/misc/mediatek/accelerometer/KXTJ2_1009-new/kxtj2_1009.c:2309:12: warning: 'kxtj2_1009_set_batch' defined but not used [-Wunused-function]
 static int kxtj2_1009_set_batch(int flags, int64_t period_ns, int64_t timeout)
            ^
In file included from include/mach/mt_gpio.h:15:0,
                 from sound/soc/mediatek/mt_soc_audio_v3/mt_soc_tdm_capture.c:94:
/home/satory-ra/Android/kernel/android_kernel_oukitel_orange/drivers/misc/mediatek/mach/mt6735/Sprint4g/dct/dct/inc/cust_gpio_usage.h:481:0: warning: "GPIO_KPD_KCOL1_PIN_M_UCTS" redefined
 #define GPIO_KPD_KCOL1_PIN_M_UCTS   GPIO_MODE_03
 ^
/home/satory-ra/Android/kernel/android_kernel_oukitel_orange/drivers/misc/mediatek/mach/mt6735/Sprint4g/dct/dct/inc/cust_gpio_usage.h:480:0: note: this is the location of the previous definition
 #define GPIO_KPD_KCOL1_PIN_M_UCTS   GPIO_MODE_02
 ^
  CC      sound/soc/mediatek/mt_soc_audio_v3/mt_soc_pcm_hp_impedance.o
  LD      drivers/misc/mediatek/accelerometer/KXTJ2_1009-new/built-in.o
  LD      drivers/misc/mediatek/accelerometer/built-in.o
  CC      drivers/misc/mediatek/aee/aed/aed-main.o
In file included from include/mach/mt_gpio.h:15:0,
                 from sound/soc/mediatek/mt_soc_audio_v3/mt_soc_pcm_common.h:78,
                 from sound/soc/mediatek/mt_soc_audio_v3/mt_soc_pcm_hp_impedance.c:60:
/home/satory-ra/Android/kernel/android_kernel_oukitel_orange/drivers/misc/mediatek/mach/mt6735/Sprint4g/dct/dct/inc/cust_gpio_usage.h:481:0: warning: "GPIO_KPD_KCOL1_PIN_M_UCTS" redefined
 #define GPIO_KPD_KCOL1_PIN_M_UCTS   GPIO_MODE_03
 ^
/home/satory-ra/Android/kernel/android_kernel_oukitel_orange/drivers/misc/mediatek/mach/mt6735/Sprint4g/dct/dct/inc/cust_gpio_usage.h:480:0: note: this is the location of the previous definition
 #define GPIO_KPD_KCOL1_PIN_M_UCTS   GPIO_MODE_02
 ^
  CC      sound/soc/mediatek/mt_soc_audio_v3/mt_soc_machine.o
In file included from include/mach/mt_gpio.h:15:0,
                 from sound/soc/mediatek/mt_soc_audio_v3/mt_soc_machine.c:102:
/home/satory-ra/Android/kernel/android_kernel_oukitel_orange/drivers/misc/mediatek/mach/mt6735/Sprint4g/dct/dct/inc/cust_gpio_usage.h:481:0: warning: "GPIO_KPD_KCOL1_PIN_M_UCTS" redefined
 #define GPIO_KPD_KCOL1_PIN_M_UCTS   GPIO_MODE_03
 ^
/home/satory-ra/Android/kernel/android_kernel_oukitel_orange/drivers/misc/mediatek/mach/mt6735/Sprint4g/dct/dct/inc/cust_gpio_usage.h:480:0: note: this is the location of the previous definition
 #define GPIO_KPD_KCOL1_PIN_M_UCTS   GPIO_MODE_02
 ^
  CC      drivers/misc/mediatek/aee/aed/aed-debug.o
  CC      net/ipv4/tcp_output.o
  LD      sound/soc/mediatek/mt_soc_audio_v3/built-in.o
  LD      sound/soc/mediatek/built-in.o
  LD      sound/soc/mid-x86/built-in.o
  LD      sound/soc/mxs/built-in.o
  LD      sound/soc/nuc900/built-in.o
  LD      sound/soc/omap/built-in.o
  LD      sound/soc/pxa/built-in.o
  LD      sound/soc/s6000/built-in.o
  LD      sound/soc/samsung/built-in.o
  LD      sound/soc/sh/built-in.o
  LD      sound/soc/tegra/built-in.o
  LD      sound/soc/txx9/built-in.o
  LD      sound/soc/ux500/built-in.o
  LD      sound/soc/snd-soc-core.o
  LD      sound/soc/built-in.o
  LD      sound/sparc/built-in.o
  LD      sound/spi/built-in.o
  LD      sound/synth/emux/built-in.o
  LD      sound/synth/built-in.o
  CC      drivers/misc/mediatek/aee/aed/aed-process.o
  CC      sound/usb/card.o
drivers/misc/mediatek/aee/aed/aed-process.c: In function 'aed_save_trace':
drivers/misc/mediatek/aee/aed/aed-process.c:51:18: warning: unused variable 'excp_regs' [-Wunused-variable]
  struct pt_regs *excp_regs;
                  ^
drivers/misc/mediatek/aee/aed/aed-process.c:49:16: warning: unused variable 'addr' [-Wunused-variable]
  unsigned long addr = frame->pc;
                ^
  CC      drivers/misc/mediatek/aee/aed/monitor_hang.o
  LD      drivers/misc/mediatek/aee/aed/aed.o
  LD      drivers/misc/mediatek/aee/aed/built-in.o
  CC      drivers/misc/mediatek/aee/common/dummy.o
  CC      drivers/misc/mediatek/aee/common/aee-common.o
  CC      sound/usb/clock.o
  CC      drivers/misc/mediatek/aee/common/reboot-reason.o
  CC      net/ipv4/tcp_timer.o
  CC      sound/usb/endpoint.o
  CC      drivers/misc/mediatek/aee/common/wdt-atf.o
  CC      sound/usb/format.o
  CC      net/ipv4/tcp_ipv4.o
  LD      drivers/misc/mediatek/aee/common/aee.o
  LD      drivers/misc/mediatek/aee/common/built-in.o
  CC      drivers/misc/mediatek/aee/ipanic/ipanic_log.o
  CC      drivers/misc/mediatek/aee/ipanic/ipanic_rom.o
  CC      sound/usb/helper.o
  CC      drivers/misc/mediatek/aee/ipanic/ipanic_emmc.o
  CC      sound/usb/mixer.o
  CC      drivers/misc/mediatek/aee/ipanic/ipanic_vfs.o
drivers/misc/mediatek/aee/ipanic/ipanic_vfs.c: In function 'expdb_write':
drivers/misc/mediatek/aee/ipanic/ipanic_vfs.c:21:9: warning: passing argument 4 of 'kernel_write' makes integer from pointer without a cast
  return kernel_write(filp, buf, len, off);
         ^
In file included from drivers/misc/mediatek/aee/ipanic/ipanic_vfs.c:2:0:
include/linux/fs.h:2300:16: note: expected 'loff_t' but argument is of type 'loff_t *'
 extern ssize_t kernel_write(struct file *, const char *, size_t, loff_t);
                ^
drivers/misc/mediatek/aee/ipanic/ipanic_vfs.c: In function 'expdb_read':
drivers/misc/mediatek/aee/ipanic/ipanic_vfs.c:26:9: warning: passing argument 2 of 'kernel_read' makes integer from pointer without a cast
  return kernel_read(filp, off, buf, len);
         ^
In file included from drivers/misc/mediatek/aee/ipanic/ipanic_vfs.c:2:0:
include/linux/fs.h:2299:12: note: expected 'loff_t' but argument is of type 'loff_t *'
 extern int kernel_read(struct file *, loff_t, char *, unsigned long);
            ^
  CC      drivers/misc/mediatek/aee/ipanic/ipanic_pstore.o
drivers/misc/mediatek/aee/ipanic/ipanic_pstore.c: In function 'ipanic_kmsg_write':
drivers/misc/mediatek/aee/ipanic/ipanic_pstore.c:82:2: warning: ISO C90 forbids mixed declarations and code [-Wdeclaration-after-statement]
  struct ipanic_data_header *hdr = &aee_poweroff_logs->data_hdr[aee_active_index];
  ^
  LD      drivers/misc/mediatek/aee/ipanic/ipanic.o
  LD      drivers/misc/mediatek/aee/ipanic/built-in.o
  CC      drivers/misc/mediatek/aee/mrdump/mrdump_arm.o
  CC      drivers/misc/mediatek/aee/mrdump/mrdump_mini.o
  CC      net/ipv4/tcp_minisocks.o
  CC      sound/usb/mixer_quirks.o
  LD      drivers/misc/mediatek/aee/mrdump/built-in.o
  LD      drivers/misc/mediatek/aee/built-in.o
  CC      drivers/misc/mediatek/alsps/alsps.o
In file included from include/mach/mt_gpio.h:15:0,
                 from /home/satory-ra/Android/kernel/android_kernel_oukitel_orange/drivers/misc/mediatek/alsps/inc/alsps_factory.h:26,
                 from /home/satory-ra/Android/kernel/android_kernel_oukitel_orange/drivers/misc/mediatek/alsps/inc/alsps.h:17,
                 from drivers/misc/mediatek/alsps/alsps.c:2:
/home/satory-ra/Android/kernel/android_kernel_oukitel_orange/drivers/misc/mediatek/mach/mt6735/Sprint4g/dct/dct/inc/cust_gpio_usage.h:481:0: warning: "GPIO_KPD_KCOL1_PIN_M_UCTS" redefined
 #define GPIO_KPD_KCOL1_PIN_M_UCTS   GPIO_MODE_03
 ^
/home/satory-ra/Android/kernel/android_kernel_oukitel_orange/drivers/misc/mediatek/mach/mt6735/Sprint4g/dct/dct/inc/cust_gpio_usage.h:480:0: note: this is the location of the previous definition
 #define GPIO_KPD_KCOL1_PIN_M_UCTS   GPIO_MODE_02
 ^
  CC      net/ipv4/tcp_cong.o
  CC      sound/usb/pcm.o
  CC      drivers/misc/mediatek/alsps/alsps_factory.o
  CC      net/ipv4/tcp_metrics.o
In file included from include/mach/mt_gpio.h:15:0,
                 from /home/satory-ra/Android/kernel/android_kernel_oukitel_orange/drivers/misc/mediatek/alsps/inc/alsps_factory.h:26,
                 from drivers/misc/mediatek/alsps/alsps_factory.c:1:
/home/satory-ra/Android/kernel/android_kernel_oukitel_orange/drivers/misc/mediatek/mach/mt6735/Sprint4g/dct/dct/inc/cust_gpio_usage.h:481:0: warning: "GPIO_KPD_KCOL1_PIN_M_UCTS" redefined
 #define GPIO_KPD_KCOL1_PIN_M_UCTS   GPIO_MODE_03
 ^
/home/satory-ra/Android/kernel/android_kernel_oukitel_orange/drivers/misc/mediatek/mach/mt6735/Sprint4g/dct/dct/inc/cust_gpio_usage.h:480:0: note: this is the location of the previous definition
 #define GPIO_KPD_KCOL1_PIN_M_UCTS   GPIO_MODE_02
 ^
  CC      drivers/misc/mediatek/alsps/aal_control.o
In file included from include/mach/mt_gpio.h:15:0,
                 from /home/satory-ra/Android/kernel/android_kernel_oukitel_orange/drivers/misc/mediatek/alsps/inc/alsps_factory.h:26,
                 from /home/satory-ra/Android/kernel/android_kernel_oukitel_orange/drivers/misc/mediatek/alsps/inc/alsps.h:17,
                 from drivers/misc/mediatek/alsps/aal_control.c:8:
/home/satory-ra/Android/kernel/android_kernel_oukitel_orange/drivers/misc/mediatek/mach/mt6735/Sprint4g/dct/dct/inc/cust_gpio_usage.h:481:0: warning: "GPIO_KPD_KCOL1_PIN_M_UCTS" redefined
 #define GPIO_KPD_KCOL1_PIN_M_UCTS   GPIO_MODE_03
 ^
/home/satory-ra/Android/kernel/android_kernel_oukitel_orange/drivers/misc/mediatek/mach/mt6735/Sprint4g/dct/dct/inc/cust_gpio_usage.h:480:0: note: this is the location of the previous definition
 #define GPIO_KPD_KCOL1_PIN_M_UCTS   GPIO_MODE_02
 ^
  CC      drivers/misc/mediatek/alsps/ltr559/ltr559.o
In file included from include/mach/mt_gpio.h:15:0,
                 from drivers/misc/mediatek/alsps/ltr559/ltr559.c:31:
/home/satory-ra/Android/kernel/android_kernel_oukitel_orange/drivers/misc/mediatek/mach/mt6735/Sprint4g/dct/dct/inc/cust_gpio_usage.h:481:0: warning: "GPIO_KPD_KCOL1_PIN_M_UCTS" redefined
 #define GPIO_KPD_KCOL1_PIN_M_UCTS   GPIO_MODE_03
 ^
/home/satory-ra/Android/kernel/android_kernel_oukitel_orange/drivers/misc/mediatek/mach/mt6735/Sprint4g/dct/dct/inc/cust_gpio_usage.h:480:0: note: this is the location of the previous definition
 #define GPIO_KPD_KCOL1_PIN_M_UCTS   GPIO_MODE_02
 ^
drivers/misc/mediatek/alsps/ltr559/ltr559.c:201:2: warning: initialization from incompatible pointer type
  .detect     = ltr559_i2c_detect,
  ^
drivers/misc/mediatek/alsps/ltr559/ltr559.c:201:2: warning: (near initialization for 'ltr559_i2c_driver.detect')
drivers/misc/mediatek/alsps/ltr559/ltr559.c: In function 'ltr559_dynamic_calibrate':
drivers/misc/mediatek/alsps/ltr559/ltr559.c:344:2: warning: ISO C90 forbids mixed declarations and code [-Wdeclaration-after-statement]
  int ps_thd_val_low, ps_thd_val_high ;
  ^
drivers/misc/mediatek/alsps/ltr559/ltr559.c:259:6: warning: unused variable 'ret' [-Wunused-variable]
  int ret=0;
      ^
drivers/misc/mediatek/alsps/ltr559/ltr559.c: In function 'ltr559_show_als':
drivers/misc/mediatek/alsps/ltr559/ltr559.c:384:5: warning: unused variable 'dat' [-Wunused-variable]
  u8 dat = 0;
     ^
In file included from include/linux/i2c.h:31:0,
                 from drivers/misc/mediatek/alsps/ltr559/ltr559.c:17:
drivers/misc/mediatek/alsps/ltr559/ltr559.c: At top level:
include/linux/device.h:257:8: warning: initialization from incompatible pointer type
 struct driver_attribute driver_attr_##_name =  \
        ^
drivers/misc/mediatek/alsps/ltr559/ltr559.c:495:8: note: in expansion of macro 'DRIVER_ATTR'
 static DRIVER_ATTR(status,  S_IWUSR | S_IRUGO, ltr559_show_status,  ltr559_store_status);
        ^
include/linux/device.h:257:8: warning: (near initialization for 'driver_attr_status.store')
 struct driver_attribute driver_attr_##_name =  \
        ^
drivers/misc/mediatek/alsps/ltr559/ltr559.c:495:8: note: in expansion of macro 'DRIVER_ATTR'
 static DRIVER_ATTR(status,  S_IWUSR | S_IRUGO, ltr559_show_status,  ltr559_store_status);
        ^
include/linux/device.h:257:8: warning: initialization from incompatible pointer type
 struct driver_attribute driver_attr_##_name =  \
        ^
drivers/misc/mediatek/alsps/ltr559/ltr559.c:496:8: note: in expansion of macro 'DRIVER_ATTR'
 static DRIVER_ATTR(reg,     S_IWUSR | S_IRUGO, ltr559_show_reg,   ltr559_store_reg);
        ^
include/linux/device.h:257:8: warning: (near initialization for 'driver_attr_reg.show')
 struct driver_attribute driver_attr_##_name =  \
        ^
drivers/misc/mediatek/alsps/ltr559/ltr559.c:496:8: note: in expansion of macro 'DRIVER_ATTR'
 static DRIVER_ATTR(reg,     S_IWUSR | S_IRUGO, ltr559_show_reg,   ltr559_store_reg);
        ^
include/linux/device.h:257:8: warning: initialization from incompatible pointer type
 struct driver_attribute driver_attr_##_name =  \
        ^
drivers/misc/mediatek/alsps/ltr559/ltr559.c:496:8: note: in expansion of macro 'DRIVER_ATTR'
 static DRIVER_ATTR(reg,     S_IWUSR | S_IRUGO, ltr559_show_reg,   ltr559_store_reg);
        ^
include/linux/device.h:257:8: warning: (near initialization for 'driver_attr_reg.store')
 struct driver_attribute driver_attr_##_name =  \
        ^
drivers/misc/mediatek/alsps/ltr559/ltr559.c:496:8: note: in expansion of macro 'DRIVER_ATTR'
 static DRIVER_ATTR(reg,     S_IWUSR | S_IRUGO, ltr559_show_reg,   ltr559_store_reg);
        ^
drivers/misc/mediatek/alsps/ltr559/ltr559.c: In function 'ltr559_create_attr':
drivers/misc/mediatek/alsps/ltr559/ltr559.c:520:12: warning: passing argument 1 of 'driver_create_file' from incompatible pointer type
   if(err = driver_create_file(driver, ltr559_attr_list[idx]))
            ^
In file included from include/linux/i2c.h:31:0,
                 from drivers/misc/mediatek/alsps/ltr559/ltr559.c:17:
include/linux/device.h:260:25: note: expected 'struct device_driver *' but argument is of type 'struct driver_attribute *'
 extern int __must_check driver_create_file(struct device_driver *driver,
                         ^
drivers/misc/mediatek/alsps/ltr559/ltr559.c:520:3: warning: suggest parentheses around assignment used as truth value [-Wparentheses]
   if(err = driver_create_file(driver, ltr559_attr_list[idx]))
   ^
drivers/misc/mediatek/alsps/ltr559/ltr559.c: At top level:
drivers/misc/mediatek/alsps/ltr559/ltr559.c:546:12: warning: function declaration isn't a prototype [-Wstrict-prototypes]
 static int ltr559_ps_set_thres()
            ^
drivers/misc/mediatek/alsps/ltr559/ltr559.c: In function 'ltr559_ps_set_thres':
drivers/misc/mediatek/alsps/ltr559/ltr559.c:550:2: warning: ISO C90 forbids mixed declarations and code [-Wdeclaration-after-statement]
  int res;
  ^
drivers/misc/mediatek/alsps/ltr559/ltr559.c: In function 'ltr559_ps_enable':
drivers/misc/mediatek/alsps/ltr559/ltr559.c:734:18: warning: unused variable 'sensor_data' [-Wunused-variable]
  hwm_sensor_data sensor_data; 
                  ^
drivers/misc/mediatek/alsps/ltr559/ltr559.c: In function 'ltr559_als_enable':
drivers/misc/mediatek/alsps/ltr559/ltr559.c:900:6: warning: unused variable 'err' [-Wunused-variable]
  int err;
      ^
drivers/misc/mediatek/alsps/ltr559/ltr559.c: In function 'ltr559_eint_func':
drivers/misc/mediatek/alsps/ltr559/ltr559.c:1024:2: warning: ISO C90 forbids mixed declarations and code [-Wdeclaration-after-statement]
  struct ltr559_priv *obj = ltr559_obj;
  ^
drivers/misc/mediatek/alsps/ltr559/ltr559.c: In function 'ltr559_setup_eint':
drivers/misc/mediatek/alsps/ltr559/ltr559.c:1039:2: warning: ISO C90 forbids mixed declarations and code [-Wdeclaration-after-statement]
  struct ltr559_priv *obj = (struct ltr559_priv *)i2c_get_clientdata(client);        
  ^
drivers/misc/mediatek/alsps/ltr559/ltr559.c: In function 'ltr559_check_and_clear_intr':
drivers/misc/mediatek/alsps/ltr559/ltr559.c:1088:2: warning: ISO C90 forbids mixed declarations and code [-Wdeclaration-after-statement]
  int res,intp,intl;
  ^
drivers/misc/mediatek/alsps/ltr559/ltr559.c: In function 'ltr559_check_intr':
drivers/misc/mediatek/alsps/ltr559/ltr559.c:1160:2: warning: ISO C90 forbids mixed declarations and code [-Wdeclaration-after-statement]
  int res,intp,intl;
  ^
drivers/misc/mediatek/alsps/ltr559/ltr559.c: In function 'ltr559_devinit':
drivers/misc/mediatek/alsps/ltr559/ltr559.c:1244:6: warning: unused variable 'init_als_gain' [-Wunused-variable]
  int init_als_gain;
      ^
drivers/misc/mediatek/alsps/ltr559/ltr559.c:1243:6: warning: unused variable 'init_ps_gain' [-Wunused-variable]
  int init_ps_gain;
      ^
drivers/misc/mediatek/alsps/ltr559/ltr559.c: In function 'ltr559_get_ps_value':
drivers/misc/mediatek/alsps/ltr559/ltr559.c:1379:12: warning: unused variable 'mask' [-Wunused-variable]
  int val,  mask = atomic_read(&obj->ps_mask);
            ^
drivers/misc/mediatek/alsps/ltr559/ltr559.c: In function 'ltr559_eint_work':
drivers/misc/mediatek/alsps/ltr559/ltr559.c:1448:16: warning: unused variable 'data_total' [-Wunused-variable]
  unsigned long data_total = 0;
                ^
drivers/misc/mediatek/alsps/ltr559/ltr559.c:1447:6: warning: unused variable 'data' [-Wunused-variable]
  int data = 0;
      ^
drivers/misc/mediatek/alsps/ltr559/ltr559.c:1446:8: warning: unused variable 'j' [-Wunused-variable]
   u8 i,j=0;
        ^
drivers/misc/mediatek/alsps/ltr559/ltr559.c:1446:6: warning: unused variable 'i' [-Wunused-variable]
   u8 i,j=0;
      ^
drivers/misc/mediatek/alsps/ltr559/ltr559.c:1444:6: warning: unused variable 'res' [-Wunused-variable]
  int res = 0;
      ^
drivers/misc/mediatek/alsps/ltr559/ltr559.c:1443:5: warning: unused variable 'databuf' [-Wunused-variable]
  u8 databuf[2];
     ^
drivers/misc/mediatek/alsps/ltr559/ltr559.c:1442:6: warning: unused variable 'temp_noise' [-Wunused-variable]
  int temp_noise;  
      ^
drivers/misc/mediatek/alsps/ltr559/ltr559.c: At top level:
drivers/misc/mediatek/alsps/ltr559/ltr559.c:1797:2: warning: initialization from incompatible pointer type
  .unlocked_ioctl = ltr559_unlocked_ioctl,
  ^
drivers/misc/mediatek/alsps/ltr559/ltr559.c:1797:2: warning: (near initialization for 'ltr559_fops.unlocked_ioctl')
drivers/misc/mediatek/alsps/ltr559/ltr559.c: In function 'ltr559_i2c_probe':
drivers/misc/mediatek/alsps/ltr559/ltr559.c:2151:2: warning: suggest parentheses around assignment used as truth value [-Wparentheses]
  if(err = ltr559_devinit())
  ^
drivers/misc/mediatek/alsps/ltr559/ltr559.c:2159:2: warning: suggest parentheses around assignment used as truth value [-Wparentheses]
  if(err = misc_register(&ltr559_device))
  ^
drivers/misc/mediatek/alsps/ltr559/ltr559.c:2191:11: warning: passing argument 1 of 'ltr559_create_attr' from incompatible pointer type
  if(err = ltr559_create_attr(&ltr559_alsps_driver.driver))
           ^
drivers/misc/mediatek/alsps/ltr559/ltr559.c:508:12: note: expected 'struct driver_attribute *' but argument is of type 'struct device_driver *'
 static int ltr559_create_attr(struct driver_attribute *driver) 
            ^
drivers/misc/mediatek/alsps/ltr559/ltr559.c:2191:2: warning: suggest parentheses around assignment used as truth value [-Wparentheses]
  if(err = ltr559_create_attr(&ltr559_alsps_driver.driver))
  ^
drivers/misc/mediatek/alsps/ltr559/ltr559.c:2209:2: warning: suggest parentheses around assignment used as truth value [-Wparentheses]
  if(err = hwmsen_attach(ID_PROXIMITY, &obj_ps))
  ^
drivers/misc/mediatek/alsps/ltr559/ltr559.c:2218:2: warning: suggest parentheses around assignment used as truth value [-Wparentheses]
  if(err = hwmsen_attach(ID_LIGHT, &obj_als))
  ^
drivers/misc/mediatek/alsps/ltr559/ltr559.c:2246:2: warning: label 'exit_kfree' defined but not used [-Wunused-label]
  exit_kfree:
  ^
drivers/misc/mediatek/alsps/ltr559/ltr559.c: In function 'ltr559_i2c_remove':
drivers/misc/mediatek/alsps/ltr559/ltr559.c:2258:2: warning: suggest parentheses around assignment used as truth value [-Wparentheses]
  if(err = ltr559_delete_attr(&ltr559_i2c_driver.driver))
  ^
drivers/misc/mediatek/alsps/ltr559/ltr559.c:2263:2: warning: suggest parentheses around assignment used as truth value [-Wparentheses]
  if(err = misc_deregister(&ltr559_device))
  ^
drivers/misc/mediatek/alsps/ltr559/ltr559.c: At top level:
drivers/misc/mediatek/alsps/ltr559/ltr559.c:95:12: warning: 'ps_trigger_high' defined but not used [-Wunused-variable]
 static int ps_trigger_high = 800; 
            ^
drivers/misc/mediatek/alsps/ltr559/ltr559.c:96:12: warning: 'ps_trigger_low' defined but not used [-Wunused-variable]
 static int ps_trigger_low = 760;
            ^
drivers/misc/mediatek/alsps/ltr559/ltr559.c:257:16: warning: 'ltr559_dynamic_calibrate' defined but not used [-Wunused-function]
 static ssize_t ltr559_dynamic_calibrate(void)   
                ^
  CC      sound/usb/proc.o
  CC      net/ipv4/tcp_fastopen.o
  CC      sound/usb/quirks.o
  LD      drivers/misc/mediatek/alsps/ltr559/built-in.o
  LD      drivers/misc/mediatek/alsps/built-in.o
  CC      drivers/misc/mediatek/atf_log/atf_logger.o
In file included from include/linux/cache.h:4:0,
                 from include/linux/time.h:4,
                 from include/linux/stat.h:18,
                 from include/linux/module.h:10,
                 from drivers/misc/mediatek/atf_log/atf_logger.c:2:
drivers/misc/mediatek/atf_log/atf_logger.c: In function 'atf_log_dump_nolock':
include/linux/kernel.h:676:17: warning: comparison of distinct pointer types lacks a cast
  (void) (&_min1 == &_min2);  \
                 ^
drivers/misc/mediatek/atf_log/atf_logger.c:139:11: note: in expansion of macro 'min'
     len = min(size, atf_log_len - rec->start_idx);
           ^
drivers/misc/mediatek/atf_log/atf_logger.c: In function 'ipanic_atflog_buffer':
drivers/misc/mediatek/atf_log/atf_logger.c:167:5: warning: ISO C90 forbids mixed declarations and code [-Wdeclaration-after-statement]
     static bool last_read = false;
     ^
drivers/misc/mediatek/atf_log/atf_logger.c: At top level:
drivers/misc/mediatek/atf_log/atf_logger.c:225:12: warning: function declaration isn't a prototype [-Wstrict-prototypes]
 static int atf_log_fix_reader()
            ^
drivers/misc/mediatek/atf_log/atf_logger.c:328:5: warning: initialization from incompatible pointer type
     .write      = atf_log_write,
     ^
drivers/misc/mediatek/atf_log/atf_logger.c:328:5: warning: (near initialization for 'atf_log_fops.write')
drivers/misc/mediatek/atf_log/atf_logger.c:392:6: warning: function declaration isn't a prototype [-Wstrict-prototypes]
 void show_atf_log_ctl() {
      ^
drivers/misc/mediatek/atf_log/atf_logger.c:26:12: warning: 'has_dumped' defined but not used [-Wunused-variable]
 static int has_dumped;
            ^
drivers/misc/mediatek/atf_log/atf_logger.c:27:23: warning: 'atf_log_buffer' defined but not used [-Wunused-variable]
 static unsigned char *atf_log_buffer;
                       ^
drivers/misc/mediatek/atf_log/atf_logger.c:405:13: warning: 'show_data' defined but not used [-Wunused-function]
 static void show_data(unsigned long addr, int nbytes, const char *name)
             ^
  CC      net/ipv4/datagram.o
drivers/misc/mediatek/atf_log/atf_logger.c: In function 'atf_log_ioctl':
drivers/misc/mediatek/atf_log/atf_logger.c:319:1: warning: control reaches end of non-void function [-Wreturn-type]
 }
 ^
  CC      sound/usb/stream.o
drivers/misc/mediatek/atf_log/atf_logger.c: In function 'atf_get_from_dt':
drivers/misc/mediatek/atf_log/atf_logger.c:388:20: warning: 'mem_desc' may be used uninitialized in this function [-Wmaybe-uninitialized]
     *len = mem_desc->size;
                    ^
  LD      drivers/misc/mediatek/atf_log/atf_log.o
  LD      drivers/misc/mediatek/atf_log/built-in.o
  CC      net/ipv4/raw.o
  CC      drivers/misc/mediatek/auxadc/mt_auxadc.o
  CC      sound/usb/midi.o
  CC      net/ipv4/udp.o
  CC      drivers/misc/mediatek/auxadc/mt6735/mt_auxadc_hal.o
  LD      drivers/misc/mediatek/auxadc/mt6735/built-in.o
  LD      drivers/misc/mediatek/auxadc/built-in.o
  CC      drivers/misc/mediatek/boot/mt_boot_common.o
  LD      sound/usb/6fire/built-in.o
  LD      sound/usb/caiaq/built-in.o
  LD      sound/usb/misc/built-in.o
  LD      sound/usb/usx2y/built-in.o
  LD      sound/usb/snd-usb-audio.o
  LD      sound/usb/snd-usbmidi-lib.o
  LD      sound/usb/built-in.o
  CC      sound/last.o
  LD      sound/soundcore.o
  LD      sound/built-in.o
  LD      arch/arm/lib/built-in.o
  AS      arch/arm/lib/ashldi3.o
  AS      arch/arm/lib/ashrdi3.o
  AS      arch/arm/lib/backtrace.o
  AS      arch/arm/lib/call_with_stack.o
  AS      arch/arm/lib/changebit.o
  CC      drivers/misc/mediatek/boot/mt6735/mt_boot.o
  AS      arch/arm/lib/clear_user.o
  AS      arch/arm/lib/clearbit.o
  AS      arch/arm/lib/copy_from_user.o
  LD      drivers/misc/mediatek/boot/mt6735/BOOT.o
  LD      drivers/misc/mediatek/boot/mt6735/built-in.o
  LD      drivers/misc/mediatek/boot/BOOT_COMMON.o
  LD      drivers/misc/mediatek/boot/built-in.o
  AS      arch/arm/lib/copy_page.o
  CC      drivers/misc/mediatek/boot_reason/mt_boot_reason.o
  AS      arch/arm/lib/copy_to_user.o
  AS      arch/arm/lib/csumipv6.o
  AS      arch/arm/lib/csumpartial.o
  LD      drivers/misc/mediatek/boot_reason/BOOT_REASON.o
  LD      drivers/misc/mediatek/boot_reason/built-in.o
  AS      arch/arm/lib/csumpartialcopy.o
  CC      drivers/misc/mediatek/btcvsd/mt6735/AudDrv_BTCVSD.o
  AS      arch/arm/lib/csumpartialcopyuser.o
  CC      net/ipv4/udplite.o
drivers/misc/mediatek/btcvsd/mt6735/AudDrv_BTCVSD.c:204:12: warning: 'Auddrv_BTCVSD_Address_Map' defined but not used [-Wunused-function]
 static int Auddrv_BTCVSD_Address_Map(void)
            ^
  AS      arch/arm/lib/delay-loop.o
  CC      arch/arm/lib/delay.o
  LD      drivers/misc/mediatek/btcvsd/mt6735/built-in.o
  CC      net/ipv4/arp.o
  LD      drivers/misc/mediatek/btcvsd/built-in.o
  CC      drivers/misc/mediatek/btif/mtk_btif.o
  AS      arch/arm/lib/div64.o
  AS      arch/arm/lib/findbit.o
  AS      arch/arm/lib/getuser.o
  AS      arch/arm/lib/io-readsb.o
  AS      arch/arm/lib/io-readsl.o
  AS      arch/arm/lib/io-readsw-armv4.o
  AS      arch/arm/lib/io-writesb.o
  CC      net/ipv4/icmp.o
  AS      arch/arm/lib/io-writesl.o
  AS      arch/arm/lib/io-writesw-armv4.o
  AS      arch/arm/lib/lib1funcs.o
  AS      arch/arm/lib/lshrdi3.o
  AS      arch/arm/lib/memchr.o
  AS      arch/arm/lib/memcpy.o
  AS      arch/arm/lib/memmove.o
  CC      drivers/misc/mediatek/btif/mtk_btif_exp.o
  AS      arch/arm/lib/memset.o
  AS      arch/arm/lib/memzero.o
  AS      arch/arm/lib/muldi3.o
  CC      net/ipv4/devinet.o
  AS      arch/arm/lib/putuser.o
  AS      arch/arm/lib/setbit.o
  AS      arch/arm/lib/strchr.o
  AS      arch/arm/lib/strrchr.o
  CC      drivers/misc/mediatek/btif/mt6735/hal_btif.o
  AS      arch/arm/lib/testchangebit.o
  AS      arch/arm/lib/testclearbit.o
  AS      arch/arm/lib/testsetbit.o
  AS      arch/arm/lib/ucmpdi2.o
  CC      drivers/misc/mediatek/btif/mt6735/hal_btif_dma.o
  AR      arch/arm/lib/lib.a
  CC      lib/bcd.o
drivers/misc/mediatek/btif/mt6735/hal_btif_dma.c:89:33: warning: 'g_dma_dbg_regs' defined but not used [-Wunused-variable]
 static MTK_BTIF_DMA_REG_DMP_DBG g_dma_dbg_regs[] = {
                                 ^
  CC      lib/div64.o
  CC      net/ipv4/af_inet.o
  CC      lib/sort.o
  LD      drivers/misc/mediatek/btif/mt6735/btif_hal.o
  CC      lib/parser.o
  LD      drivers/misc/mediatek/btif/mt6735/built-in.o
  LD      drivers/misc/mediatek/btif/btif.o
  LD      drivers/misc/mediatek/btif/built-in.o
  CC      drivers/misc/mediatek/ccci_util/ccci_util_lib_fo.o
  CC      lib/halfmd4.o
  CC      lib/debug_locks.o
  CC      drivers/misc/mediatek/ccci_util/ccci_util_lib_load_img.o
  CC      lib/random32.o
  CC      lib/bust_spinlocks.o
  CC      net/ipv4/igmp.o
drivers/misc/mediatek/ccci_util/ccci_util_lib_load_img.c: In function 'check_md_header_v3':
drivers/misc/mediatek/ccci_util/ccci_util_lib_load_img.c:233:32: warning: suggest parentheses around comparison in operand of '&' [-Wparentheses]
     } else if(image->dsp_offset&0xFFFF != 0) {
                                ^
  CC      lib/hexdump.o
  CC      lib/kasprintf.o
  CC      lib/bitmap.o
  CC      drivers/misc/mediatek/ccci_util/ccci_util_lib_sys.o
  CC      lib/scatterlist.o
  CC      drivers/misc/mediatek/ccci_util/ccci_private_log.o
  CC      lib/gcd.o
  CC      lib/lcm.o
  CC      lib/list_sort.o
  CC      lib/uuid.o
  CC      lib/flex_array.o
  CC      drivers/misc/mediatek/ccci_util/ccci_util_lib_time.o
  CC      lib/iovec.o
  CC      drivers/misc/mediatek/ccci_util/ccci_util_lib_main.o
  CC      lib/bsearch.o
  CC      lib/find_last_bit.o
  CC      net/ipv4/fib_frontend.o
  CC      lib/find_next_bit.o
  CC      drivers/misc/mediatek/ccci_util/mt6735/ccci_off.o
  CC      lib/llist.o
  LD      drivers/misc/mediatek/ccci_util/mt6735/built-in.o
  CC      lib/memweight.o
  CC      drivers/misc/mediatek/ccci_util/ccci_util_dummy.o
  CC      lib/kfifo.o
  LD      drivers/misc/mediatek/ccci_util/ccci_util_lib.o
  LD      drivers/misc/mediatek/ccci_util/built-in.o
  CC      drivers/misc/mediatek/chip/mt_chip_common.o
  CC      drivers/misc/mediatek/chip/mt6735/mt_chip.o
  CC      lib/string_helpers.o
  LD      drivers/misc/mediatek/chip/mt6735/CHIP.o
  LD      drivers/misc/mediatek/chip/mt6735/built-in.o
  LD      drivers/misc/mediatek/chip/CHIP_COMMON.o
  LD      drivers/misc/mediatek/chip/built-in.o
  CC      drivers/misc/mediatek/cirq/mt_sys_cirq.o
  CC      lib/kstrtox.o
  CC      net/ipv4/fib_semantics.o
  CC      lib/pci_iomap.o
  CC      lib/iomap_copy.o
  LD      drivers/misc/mediatek/cirq/built-in.o
  CC      lib/devres.o
  CC      drivers/misc/mediatek/cmdq/cmdq_record.o
  CC      lib/hweight.o
  CC      lib/bitrev.o
drivers/misc/mediatek/cmdq/cmdq_record.c: In function 'cmdq_rec_reset_profile_maker_data':
drivers/misc/mediatek/cmdq/cmdq_record.c:90:32: warning: assignment makes integer from pointer without a cast
   handle->profileMarker.tag[i] = NULL;
                                ^
drivers/misc/mediatek/cmdq/cmdq_record.c: In function 'cmdq_append_command':
drivers/misc/mediatek/cmdq/cmdq_record.c:297:17: warning: unused variable 'subsysBit' [-Wunused-variable]
  const uint32_t subsysBit = cmdq_core_get_subsys_LSB_in_argA();
                 ^
drivers/misc/mediatek/cmdq/cmdq_record.c:293:10: warning: unused variable 'subsys' [-Wunused-variable]
  int32_t subsys;
          ^
drivers/misc/mediatek/cmdq/cmdq_record.c: In function 'cmdqRecWriteFromDataRegister':
drivers/misc/mediatek/cmdq/cmdq_record.c:651:17: warning: unused variable 'subsysBit' [-Wunused-variable]
  const uint32_t subsysBit = cmdq_core_get_subsys_LSB_in_argA();
                 ^
drivers/misc/mediatek/cmdq/cmdq_record.c:650:17: warning: unused variable 'subsys' [-Wunused-variable]
  const uint32_t subsys = cmdq_subsys_from_phys_addr(hwRegAddr);
                 ^
drivers/misc/mediatek/cmdq/cmdq_record.c: In function 'cmdqRecProfileMarker':
drivers/misc/mediatek/cmdq/cmdq_record.c:1258:36: warning: assignment makes integer from pointer without a cast
   handle->profileMarker.tag[index] = tag;
                                    ^
  CC      lib/crc-ccitt.o
  CC      net/ipv4/fib_trie.o
  CC      lib/crc16.o
  CC      drivers/misc/mediatek/cmdq/cmdq_core.o
  HOSTCC  lib/gen_crc32table
drivers/misc/mediatek/cmdq/cmdq_core.c:113:1: warning: function declaration isn't a prototype [-Wstrict-prototypes]
 static void cmdq_core_dump_all_task();
 ^
In file included from include/linux/srcu.h:34:0,
                 from include/linux/notifier.h:15,
                 from include/linux/memory_hotplug.h:6,
                 from include/linux/mmzone.h:825,
                 from include/linux/topology.h:32,
                 from include/linux/sched.h:37,
                 from include/linux/aee.h:5,
                 from /home/satory-ra/Android/kernel/android_kernel_oukitel_orange/drivers/misc/mediatek/cmdq/mt6735/cmdq_core.h:7,
                 from drivers/misc/mediatek/cmdq/cmdq_core.c:1:
drivers/misc/mediatek/cmdq/cmdq_core.c: In function 'cmdqCoreInitialize':
include/linux/workqueue.h:186:17: warning: assignment from incompatible pointer type
   (_work)->func = (_func);    \
                 ^
include/linux/workqueue.h:229:3: note: in expansion of macro 'PREPARE_WORK'
   PREPARE_WORK((_work), (_func));    \
   ^
include/linux/workqueue.h:235:3: note: in expansion of macro '__INIT_WORK'
   __INIT_WORK((_work), (_func), 0);   \
   ^
drivers/misc/mediatek/cmdq/cmdq_core.c:1276:2: note: in expansion of macro 'INIT_WORK'
  INIT_WORK(&gCmdqContext.taskConsumeWaitQueueItem, cmdq_core_consume_waiting_list);
  ^
drivers/misc/mediatek/cmdq/cmdq_core.c: In function 'cmdq_core_acquire_task':
drivers/misc/mediatek/cmdq/cmdq_core.c:1910:22: warning: assignment makes pointer from integer without a cast
   pTask->privateData = pCommandDesc->privateData;
                      ^
drivers/misc/mediatek/cmdq/cmdq_core.c: At top level:
drivers/misc/mediatek/cmdq/cmdq_core.c:3007:13: warning: function declaration isn't a prototype [-Wstrict-prototypes]
 static void cmdq_core_dump_all_task()
             ^
drivers/misc/mediatek/cmdq/cmdq_core.c: In function 'cmdq_core_dump_summary':
drivers/misc/mediatek/cmdq/cmdq_core.c:3408:11: warning: assignment discards 'const' qualifier from pointer target type
   pNGTask = pTask;
           ^
drivers/misc/mediatek/cmdq/cmdq_core.c:3430:11: warning: assignment discards 'const' qualifier from pointer target type
   pNGTask = pTask;
           ^
drivers/misc/mediatek/cmdq/cmdq_core.c: In function 'cmdq_core_fill_task_instruction_count':
drivers/misc/mediatek/cmdq/cmdq_core.c:3581:2: warning: ISO C90 forbids mixed declarations and code [-Wdeclaration-after-statement]
  bool invalidinstruction = false;
  ^
drivers/misc/mediatek/cmdq/cmdq_core.c: In function 'cmdqCorePrintInstructionCountSeq':
drivers/misc/mediatek/cmdq/cmdq_core.c:3708:2: warning: ISO C90 forbids mixed declarations and code [-Wdeclaration-after-statement]
  unsigned long flags;
  ^
drivers/misc/mediatek/cmdq/cmdq_core.c: In function 'cmdq_core_fill_task_profile_marker_record':
drivers/misc/mediatek/cmdq/cmdq_core.c:3826:32: warning: assignment makes pointer from integer without a cast
   pRecord->profileMarkerTag[i] = pTask->profileMarker.tag[i];
                                ^
drivers/misc/mediatek/cmdq/cmdq_core.c: In function 'cmdq_core_attach_error_task':
drivers/misc/mediatek/cmdq/cmdq_core.c:4115:16: warning: assignment discards 'const' qualifier from pointer target type
    *pOutNGTask = pTask;
                ^
drivers/misc/mediatek/cmdq/cmdq_core.c: In function 'cmdq_core_handle_wait_task_result_impl':
drivers/misc/mediatek/cmdq/cmdq_core.c:4659:4: warning: ISO C90 forbids mixed declarations and code [-Wdeclaration-after-statement]
    long backupCurrPC, backupEnd;
    ^
In file included from drivers/misc/mediatek/cmdq/cmdq_core.c:1:0:
drivers/misc/mediatek/cmdq/cmdq_core.c: In function 'cmdq_core_wait_task_done':
/home/satory-ra/Android/kernel/android_kernel_oukitel_orange/drivers/misc/mediatek/cmdq/mt6735/cmdq_core.h:91:44: warning: passing argument 3 of 'MMProfileLogEx' makes integer from pointer without a cast
 #define CMDQ_PROF_MMP(args...) do {if (1) {MMProfileLogEx(args); } } while (0)
                                            ^
drivers/misc/mediatek/cmdq/cmdq_core.c:4739:3: note: in expansion of macro 'CMDQ_PROF_MMP'
   CMDQ_PROF_MMP(cmdq_mmp_get_event()->wait_thread,
   ^
In file included from drivers/misc/mediatek/cmdq/cmdq_mmp.h:4:0,
                 from drivers/misc/mediatek/cmdq/cmdq_core.c:4:
include/linux/mmprofile.h:81:6: note: expected 'long unsigned int' but argument is of type 'struct TaskStruct *'
 void MMProfileLogEx(MMP_Event event, MMP_LogType type, unsigned long data1, unsigned long data2);
      ^
In file included from drivers/misc/mediatek/cmdq/cmdq_core.c:1:0:
/home/satory-ra/Android/kernel/android_kernel_oukitel_orange/drivers/misc/mediatek/cmdq/mt6735/cmdq_core.h:91:44: warning: passing argument 3 of 'MMProfileLogEx' makes integer from pointer without a cast
 #define CMDQ_PROF_MMP(args...) do {if (1) {MMProfileLogEx(args); } } while (0)
                                            ^
drivers/misc/mediatek/cmdq/cmdq_core.c:4783:2: note: in expansion of macro 'CMDQ_PROF_MMP'
  CMDQ_PROF_MMP(cmdq_mmp_get_event()->wait_task,
  ^
In file included from drivers/misc/mediatek/cmdq/cmdq_mmp.h:4:0,
                 from drivers/misc/mediatek/cmdq/cmdq_core.c:4:
include/linux/mmprofile.h:81:6: note: expected 'long unsigned int' but argument is of type 'struct TaskStruct *'
 void MMProfileLogEx(MMP_Event event, MMP_LogType type, unsigned long data1, unsigned long data2);
      ^
In file included from include/linux/string.h:17:0,
                 from include/linux/dynamic_debug.h:111,
                 from include/linux/kernel.h:14,
                 from include/linux/cache.h:4,
                 from include/linux/time.h:4,
                 from /home/satory-ra/Android/kernel/android_kernel_oukitel_orange/drivers/misc/mediatek/cmdq/mt6735/cmdq_core.h:5,
                 from drivers/misc/mediatek/cmdq/cmdq_core.c:1:
drivers/misc/mediatek/cmdq/cmdq_core.c: In function 'cmdqCoreWaitResultAndReleaseTask':
/home/satory-ra/Android/kernel/android_kernel_oukitel_orange/arch/arm/include/asm/string.h:31:16: warning: initialization makes pointer from integer without a cast
    void *__p = (p); size_t __n = n;   \
                ^
drivers/misc/mediatek/cmdq/cmdq_core.c:5977:3: note: in expansion of macro 'memset'
   memset(pResult->regValues, 0, pResult->count * sizeof(CMDQ_U32_PTR(pResult->regValues)[0]));
   ^
In file included from drivers/misc/mediatek/cmdq/cmdq_core.c:1:0:
drivers/misc/mediatek/cmdq/cmdq_core.c: In function 'cmdq_core_auto_release_work':
/home/satory-ra/Android/kernel/android_kernel_oukitel_orange/drivers/misc/mediatek/cmdq/mt6735/cmdq_core.h:91:44: warning: passing argument 3 of 'MMProfileLogEx' makes integer from pointer without a cast
 #define CMDQ_PROF_MMP(args...) do {if (1) {MMProfileLogEx(args); } } while (0)
                                            ^
drivers/misc/mediatek/cmdq/cmdq_core.c:6020:3: note: in expansion of macro 'CMDQ_PROF_MMP'
   CMDQ_PROF_MMP(cmdq_mmp_get_event()->autoRelease_done,
   ^
In file included from drivers/misc/mediatek/cmdq/cmdq_mmp.h:4:0,
                 from drivers/misc/mediatek/cmdq/cmdq_core.c:4:
include/linux/mmprofile.h:81:6: note: expected 'long unsigned int' but argument is of type 'struct TaskStruct *'
 void MMProfileLogEx(MMP_Event event, MMP_LogType type, unsigned long data1, unsigned long data2);
      ^
In file included from drivers/misc/mediatek/cmdq/cmdq_core.c:1:0:
drivers/misc/mediatek/cmdq/cmdq_core.c: In function 'cmdqCoreAutoReleaseTask':
/home/satory-ra/Android/kernel/android_kernel_oukitel_orange/drivers/misc/mediatek/cmdq/mt6735/cmdq_core.h:91:44: warning: passing argument 3 of 'MMProfileLogEx' makes integer from pointer without a cast
 #define CMDQ_PROF_MMP(args...) do {if (1) {MMProfileLogEx(args); } } while (0)
                                            ^
drivers/misc/mediatek/cmdq/cmdq_core.c:6050:2: note: in expansion of macro 'CMDQ_PROF_MMP'
  CMDQ_PROF_MMP(cmdq_mmp_get_event()->autoRelease_add,
  ^
In file included from drivers/misc/mediatek/cmdq/cmdq_mmp.h:4:0,
                 from drivers/misc/mediatek/cmdq/cmdq_core.c:4:
include/linux/mmprofile.h:81:6: note: expected 'long unsigned int' but argument is of type 'struct TaskStruct *'
 void MMProfileLogEx(MMP_Event event, MMP_LogType type, unsigned long data1, unsigned long data2);
      ^
drivers/misc/mediatek/cmdq/cmdq_core.c: At top level:
drivers/misc/mediatek/cmdq/cmdq_core.c:5353:20: warning: 'gCmdqThreadLabel' defined but not used [-Wunused-variable]
 static const char *gCmdqThreadLabel[CMDQ_MAX_THREAD_COUNT] = {
                    ^
  CC      lib/libcrc32c.o
  CC      lib/genalloc.o
  CC      net/ipv4/inet_fragment.o
  CC      lib/lz4k/lz4k_compress.o
  CC      lib/lz4k/lz4k_decompress.o
  CC      net/ipv4/ping.o
  CC      lib/lz4k/lz4k_init.o
  LD      lib/lz4k/lz4k.o
  LD      lib/lz4k/built-in.o
  CC      lib/lzo/lzo1x_compress.o
lib/lzo/lzo1x_compress.c:215:1: warning: return type defaults to 'int' [-Wreturn-type]
 lzo1x_1_do_compress_zram(const unsigned char *in, size_t in_len,
 ^
lib/lzo/lzo1x_compress.c: In function 'lzo1x_1_compress_zram':
lib/lzo/lzo1x_compress.c:513:34: warning: initialization from incompatible pointer type
   {       unsigned int *tmp_op = op;
                                  ^
lib/lzo/lzo1x_compress.c:569:27: warning: initialization from incompatible pointer type
   unsigned int *tmp_out = out;
                           ^
  CC      net/ipv4/ip_tunnel.o
  CC      lib/lzo/lzo1x_decompress_safe.o
  LD      lib/lzo/lzo_compress.o
  LD      lib/lzo/lzo_decompress.o
  LD      lib/lzo/built-in.o
  CC      lib/zlib_deflate/deflate.o
  CC      net/ipv4/sysctl_net_ipv4.o
  CC      drivers/misc/mediatek/cmdq/cmdq_driver.o
  CC      lib/zlib_deflate/deftree.o
drivers/misc/mediatek/cmdq/cmdq_driver.c: In function 'cmdq_ioctl':
drivers/misc/mediatek/cmdq/cmdq_driver.c:479:23: warning: assignment makes integer from pointer without a cast
   command.privateData = CMDQ_U32_PTR(pFile->private_data);
                       ^
drivers/misc/mediatek/cmdq/cmdq_driver.c: At top level:
drivers/misc/mediatek/cmdq/cmdq_driver.c:729:13: warning: 'cmdq_ioctl_compat' defined but not used [-Wunused-function]
 static long cmdq_ioctl_compat(struct file *pFile, unsigned int code, unsigned long param)
             ^
  CC      net/ipv4/sysfs_net_ipv4.o
  CC      drivers/misc/mediatek/cmdq/cmdq_mmp.o
  CC      lib/zlib_deflate/deflate_syms.o
  LD      lib/zlib_deflate/zlib_deflate.o
  LD      lib/zlib_deflate/built-in.o
  CC      lib/zlib_inflate/inffast.o
  CC      drivers/misc/mediatek/cmdq/cmdq_mdp_common.o
  CC      net/ipv4/proc.o
  CC      lib/zlib_inflate/inflate.o
  CC      lib/zlib_inflate/infutil.o
  CC      drivers/misc/mediatek/cmdq/cmdq_prof.o
  CC      net/ipv4/fib_rules.o
  CC      lib/zlib_inflate/inftrees.o
drivers/misc/mediatek/cmdq/cmdq_prof.c: In function 'cmdq_prof_estimate_command_exe_time':
drivers/misc/mediatek/cmdq/cmdq_prof.c:121:12: warning: right-hand operand of comma expression has no effect [-Wunused-value]
  for (i = 0, pCmd; i < commandSize; i += CMDQ_INST_SIZE, pCmd += 2) {
            ^
  CC      lib/zlib_inflate/inflate_syms.o
  CC      drivers/misc/mediatek/cmdq/cmdq_test.o
  LD      lib/zlib_inflate/zlib_inflate.o
  LD      lib/zlib_inflate/built-in.o
  CC      lib/textsearch.o
  CC      net/ipv4/ipmr.o
  CC      lib/ts_kmp.o
  CC      lib/ts_bm.o
  CC      lib/ts_fsm.o
  CC      drivers/misc/mediatek/cmdq/cmdq_sec.o
  CC      lib/percpu_counter.o
  CC      drivers/misc/mediatek/cmdq/mt6735/cmdq_mdp.o
  CC      lib/audit.o
  CC      drivers/misc/mediatek/cmdq/mt6735/cmdq_device.o
  CC      lib/fault-inject.o
drivers/misc/mediatek/cmdq/mt6735/cmdq_device.c: In function 'cmdq_dev_init_module_base_VA':
drivers/misc/mediatek/cmdq/mt6735/cmdq_device.c:153:2: warning: ISO C90 forbids mixed declarations and code [-Wdeclaration-after-statement]
  int32_t i;
  ^
  CC      net/ipv4/ipip.o
  CC      lib/syscall.o
  CC      drivers/misc/mediatek/cmdq/mt6735/cmdq_platform.o
  CC      lib/nlattr.o
  CC      net/ipv4/syncookies.o
  LD      drivers/misc/mediatek/cmdq/mt6735/built-in.o
  LD      drivers/misc/mediatek/cmdq/built-in.o
  CC      drivers/misc/mediatek/conn_md/conn_md.o
  CC      lib/cpu_rmap.o
In file included from /home/satory-ra/Android/kernel/android_kernel_oukitel_orange/drivers/misc/mediatek/eccci/port_ipc.h:5:0,
                 from drivers/misc/mediatek/conn_md/include/conn_md_exp.h:6,
                 from drivers/misc/mediatek/conn_md/include/conn_md.h:6,
                 from drivers/misc/mediatek/conn_md/conn_md.c:2:
/home/satory-ra/Android/kernel/android_kernel_oukitel_orange/drivers/misc/mediatek/eccci/ccci_core.h: In function 'ccci_port_recv_skb':
/home/satory-ra/Android/kernel/android_kernel_oukitel_orange/drivers/misc/mediatek/eccci/ccci_core.h:549:17: warning: statement with no effect [-Wunused-value]
                 ret == -CCCI_ERR_CHANNEL_NUM_MIS_MATCH;
                 ^
/home/satory-ra/Android/kernel/android_kernel_oukitel_orange/drivers/misc/mediatek/eccci/ccci_core.h: In function 'ccci_port_recv_request':
/home/satory-ra/Android/kernel/android_kernel_oukitel_orange/drivers/misc/mediatek/eccci/ccci_core.h:618:17: warning: statement with no effect [-Wunused-value]
                 ret == -CCCI_ERR_CHANNEL_NUM_MIS_MATCH;
                 ^
  CC      lib/dynamic_queue_limits.o
  CC      net/ipv4/ah4.o
  CC      lib/strncpy_from_user.o
  CC      drivers/misc/mediatek/conn_md/conn_md_exp.o
  CC      lib/strnlen_user.o
  CC      net/ipv4/esp4.o
In file included from /home/satory-ra/Android/kernel/android_kernel_oukitel_orange/drivers/misc/mediatek/eccci/port_ipc.h:5:0,
                 from drivers/misc/mediatek/conn_md/include/conn_md_exp.h:6,
                 from drivers/misc/mediatek/conn_md/conn_md_exp.c:4:
/home/satory-ra/Android/kernel/android_kernel_oukitel_orange/drivers/misc/mediatek/eccci/ccci_core.h: In function 'ccci_port_recv_skb':
/home/satory-ra/Android/kernel/android_kernel_oukitel_orange/drivers/misc/mediatek/eccci/ccci_core.h:549:17: warning: statement with no effect [-Wunused-value]
                 ret == -CCCI_ERR_CHANNEL_NUM_MIS_MATCH;
                 ^
/home/satory-ra/Android/kernel/android_kernel_oukitel_orange/drivers/misc/mediatek/eccci/ccci_core.h: In function 'ccci_port_recv_request':
/home/satory-ra/Android/kernel/android_kernel_oukitel_orange/drivers/misc/mediatek/eccci/ccci_core.h:618:17: warning: statement with no effect [-Wunused-value]
                 ret == -CCCI_ERR_CHANNEL_NUM_MIS_MATCH;
                 ^
  CC      lib/argv_split.o
  CC      drivers/misc/mediatek/conn_md/conn_md_log.o
  CC      drivers/misc/mediatek/conn_md/conn_md_dump.o
  CC      lib/bug.o
In file included from /home/satory-ra/Android/kernel/android_kernel_oukitel_orange/drivers/misc/mediatek/eccci/port_ipc.h:5:0,
                 from drivers/misc/mediatek/conn_md/include/conn_md_exp.h:6,
                 from drivers/misc/mediatek/conn_md/include/conn_md_dump.h:5,
                 from drivers/misc/mediatek/conn_md/conn_md_dump.c:6:
/home/satory-ra/Android/kernel/android_kernel_oukitel_orange/drivers/misc/mediatek/eccci/ccci_core.h: In function 'ccci_port_recv_skb':
/home/satory-ra/Android/kernel/android_kernel_oukitel_orange/drivers/misc/mediatek/eccci/ccci_core.h:549:17: warning: statement with no effect [-Wunused-value]
                 ret == -CCCI_ERR_CHANNEL_NUM_MIS_MATCH;
                 ^
/home/satory-ra/Android/kernel/android_kernel_oukitel_orange/drivers/misc/mediatek/eccci/ccci_core.h: In function 'ccci_port_recv_request':
/home/satory-ra/Android/kernel/android_kernel_oukitel_orange/drivers/misc/mediatek/eccci/ccci_core.h:618:17: warning: statement with no effect [-Wunused-value]
                 ret == -CCCI_ERR_CHANNEL_NUM_MIS_MATCH;
                 ^
  CC      drivers/misc/mediatek/conn_md/conn_md_dbg.o
  CC      lib/cmdline.o
  CC      net/ipv4/ipcomp.o
  CC      lib/cpumask.o
In file included from /home/satory-ra/Android/kernel/android_kernel_oukitel_orange/drivers/misc/mediatek/eccci/port_ipc.h:5:0,
                 from drivers/misc/mediatek/conn_md/include/conn_md_exp.h:6,
                 from drivers/misc/mediatek/conn_md/include/conn_md.h:6,
                 from drivers/misc/mediatek/conn_md/conn_md_dbg.c:6:
/home/satory-ra/Android/kernel/android_kernel_oukitel_orange/drivers/misc/mediatek/eccci/ccci_core.h: In function 'ccci_port_recv_skb':
/home/satory-ra/Android/kernel/android_kernel_oukitel_orange/drivers/misc/mediatek/eccci/ccci_core.h:549:17: warning: statement with no effect [-Wunused-value]
                 ret == -CCCI_ERR_CHANNEL_NUM_MIS_MATCH;
                 ^
/home/satory-ra/Android/kernel/android_kernel_oukitel_orange/drivers/misc/mediatek/eccci/ccci_core.h: In function 'ccci_port_recv_request':
/home/satory-ra/Android/kernel/android_kernel_oukitel_orange/drivers/misc/mediatek/eccci/ccci_core.h:618:17: warning: statement with no effect [-Wunused-value]
                 ret == -CCCI_ERR_CHANNEL_NUM_MIS_MATCH;
                 ^
  CC      drivers/misc/mediatek/conn_md/conn_md_test.o
  CC      lib/ctype.o
  CC      lib/dec_and_lock.o
  CC      net/ipv4/xfrm4_tunnel.o
In file included from /home/satory-ra/Android/kernel/android_kernel_oukitel_orange/drivers/misc/mediatek/eccci/port_ipc.h:5:0,
                 from drivers/misc/mediatek/conn_md/include/conn_md_exp.h:6,
                 from drivers/misc/mediatek/conn_md/conn_md_test.c:6:
/home/satory-ra/Android/kernel/android_kernel_oukitel_orange/drivers/misc/mediatek/eccci/ccci_core.h: In function 'ccci_port_recv_skb':
/home/satory-ra/Android/kernel/android_kernel_oukitel_orange/drivers/misc/mediatek/eccci/ccci_core.h:549:17: warning: statement with no effect [-Wunused-value]
                 ret == -CCCI_ERR_CHANNEL_NUM_MIS_MATCH;
                 ^
/home/satory-ra/Android/kernel/android_kernel_oukitel_orange/drivers/misc/mediatek/eccci/ccci_core.h: In function 'ccci_port_recv_request':
/home/satory-ra/Android/kernel/android_kernel_oukitel_orange/drivers/misc/mediatek/eccci/ccci_core.h:618:17: warning: statement with no effect [-Wunused-value]
                 ret == -CCCI_ERR_CHANNEL_NUM_MIS_MATCH;
                 ^
  CC      lib/decompress.o
  CC      lib/decompress_inflate.o
  LD      drivers/misc/mediatek/conn_md/conn_md_bridge.o
  LD      drivers/misc/mediatek/conn_md/built-in.o
  CC      drivers/misc/mediatek/connectivity/common_detect/mtk_wcn_stub_alps.o
  CC      net/ipv4/xfrm4_mode_beet.o
  CC      lib/dump_stack.o
  CC      drivers/misc/mediatek/connectivity/common_detect/wmt_stp_exp.o
  CC      lib/earlycpio.o
  CC      net/ipv4/tunnel4.o
  CC      lib/extable.o
  CC      drivers/misc/mediatek/connectivity/common_detect/wmt_detect.o
  CC      lib/flex_proportions.o
  CC      drivers/misc/mediatek/connectivity/common_detect/sdio_detect.o
  CC      net/ipv4/xfrm4_mode_transport.o
  CC      lib/idr.o
  CC      drivers/misc/mediatek/connectivity/common_detect/wmt_detect_pwr.o
In file included from include/mach/mt_gpio.h:15:0,
                 from drivers/misc/mediatek/connectivity/common_detect/wmt_detect_pwr.c:16:
/home/satory-ra/Android/kernel/android_kernel_oukitel_orange/drivers/misc/mediatek/mach/mt6735/Sprint4g/dct/dct/inc/cust_gpio_usage.h:481:0: warning: "GPIO_KPD_KCOL1_PIN_M_UCTS" redefined
 #define GPIO_KPD_KCOL1_PIN_M_UCTS   GPIO_MODE_03
 ^
/home/satory-ra/Android/kernel/android_kernel_oukitel_orange/drivers/misc/mediatek/mach/mt6735/Sprint4g/dct/dct/inc/cust_gpio_usage.h:480:0: note: this is the location of the previous definition
 #define GPIO_KPD_KCOL1_PIN_M_UCTS   GPIO_MODE_02
 ^
  CC      net/ipv4/xfrm4_mode_tunnel.o
  CC      drivers/misc/mediatek/connectivity/common_detect/drv_init/conn_drv_init.o
  CC      drivers/misc/mediatek/connectivity/common_detect/drv_init/common_drv_init.o
  CC      lib/int_sqrt.o
  CC      net/ipv4/ipconfig.o
  CC      lib/ioremap.o
  CC      drivers/misc/mediatek/connectivity/common_detect/drv_init/bluetooth_drv_init.o
  CC      lib/irq_regs.o
  CC      lib/is_single_threaded.o
  CC      drivers/misc/mediatek/connectivity/common_detect/drv_init/gps_drv_init.o
  CC      lib/klist.o
  CC      drivers/misc/mediatek/connectivity/common_detect/drv_init/fm_drv_init.o
  CC      lib/kobject.o
  CC      drivers/misc/mediatek/connectivity/common_detect/drv_init/wlan_drv_init.o
  CC      net/ipv4/netfilter.o
  LD      drivers/misc/mediatek/connectivity/common_detect/drv_init/built-in.o
  LD      drivers/misc/mediatek/connectivity/common_detect/built-in.o
  CC      drivers/misc/mediatek/connectivity/conn_soc/common/core/wmt_core.o
  CC      lib/kobject_uevent.o
In file included from drivers/misc/mediatek/connectivity/conn_soc/common/include/wmt_exp.h:28:0,
                 from drivers/misc/mediatek/connectivity/conn_soc/common/core/include/wmt_core.h:28,
                 from drivers/misc/mediatek/connectivity/conn_soc/common/core/include/wmt_lib.h:27,
                 from drivers/misc/mediatek/connectivity/conn_soc/common/core/wmt_core.c:44:
drivers/misc/mediatek/connectivity/conn_soc/common/include/wmt_plat.h:284:1: warning: function declaration isn't a prototype [-Wstrict-prototypes]
 UINT32 wmt_plat_read_clk_status();
 ^
In file included from /home/satory-ra/Android/kernel/android_kernel_oukitel_orange/drivers/misc/mediatek/eccci/port_ipc.h:5:0,
                 from /home/satory-ra/Android/kernel/android_kernel_oukitel_orange/drivers/misc/mediatek/conn_md/include/conn_md_exp.h:6,
                 from drivers/misc/mediatek/connectivity/conn_soc/common/linux/include/wmt_idc.h:26,
                 from drivers/misc/mediatek/connectivity/conn_soc/common/core/include/wmt_lib.h:32,
                 from drivers/misc/mediatek/connectivity/conn_soc/common/core/wmt_core.c:44:
/home/satory-ra/Android/kernel/android_kernel_oukitel_orange/drivers/misc/mediatek/eccci/ccci_core.h: In function 'ccci_port_recv_skb':
/home/satory-ra/Android/kernel/android_kernel_oukitel_orange/drivers/misc/mediatek/eccci/ccci_core.h:549:17: warning: statement with no effect [-Wunused-value]
                 ret == -CCCI_ERR_CHANNEL_NUM_MIS_MATCH;
                 ^
/home/satory-ra/Android/kernel/android_kernel_oukitel_orange/drivers/misc/mediatek/eccci/ccci_core.h: In function 'ccci_port_recv_request':
/home/satory-ra/Android/kernel/android_kernel_oukitel_orange/drivers/misc/mediatek/eccci/ccci_core.h:618:17: warning: statement with no effect [-Wunused-value]
                 ret == -CCCI_ERR_CHANNEL_NUM_MIS_MATCH;
                 ^
  CC      net/ipv4/netfilter/nf_conntrack_l3proto_ipv4_compat.o
  CC      lib/md5.o
  CC      net/ipv4/netfilter/nf_conntrack_l3proto_ipv4.o
  CC      lib/plist.o
  CC      drivers/misc/mediatek/connectivity/conn_soc/common/core/wmt_ctrl.o
  CC      lib/prio_heap.o
  CC      net/ipv4/netfilter/nf_conntrack_proto_icmp.o
In file included from drivers/misc/mediatek/connectivity/conn_soc/common/include/wmt_exp.h:28:0,
                 from drivers/misc/mediatek/connectivity/conn_soc/common/core/include/wmt_core.h:28,
                 from drivers/misc/mediatek/connectivity/conn_soc/common/core/wmt_ctrl.c:47:
drivers/misc/mediatek/connectivity/conn_soc/common/include/wmt_plat.h:284:1: warning: function declaration isn't a prototype [-Wstrict-prototypes]
 UINT32 wmt_plat_read_clk_status();
 ^
In file included from /home/satory-ra/Android/kernel/android_kernel_oukitel_orange/drivers/misc/mediatek/eccci/port_ipc.h:5:0,
                 from /home/satory-ra/Android/kernel/android_kernel_oukitel_orange/drivers/misc/mediatek/conn_md/include/conn_md_exp.h:6,
                 from drivers/misc/mediatek/connectivity/conn_soc/common/linux/include/wmt_idc.h:26,
                 from drivers/misc/mediatek/connectivity/conn_soc/common/core/include/wmt_lib.h:32,
                 from drivers/misc/mediatek/connectivity/conn_soc/common/core/wmt_ctrl.c:49:
/home/satory-ra/Android/kernel/android_kernel_oukitel_orange/drivers/misc/mediatek/eccci/ccci_core.h: In function 'ccci_port_recv_skb':
/home/satory-ra/Android/kernel/android_kernel_oukitel_orange/drivers/misc/mediatek/eccci/ccci_core.h:549:17: warning: statement with no effect [-Wunused-value]
                 ret == -CCCI_ERR_CHANNEL_NUM_MIS_MATCH;
                 ^
/home/satory-ra/Android/kernel/android_kernel_oukitel_orange/drivers/misc/mediatek/eccci/ccci_core.h: In function 'ccci_port_recv_request':
/home/satory-ra/Android/kernel/android_kernel_oukitel_orange/drivers/misc/mediatek/eccci/ccci_core.h:618:17: warning: statement with no effect [-Wunused-value]
                 ret == -CCCI_ERR_CHANNEL_NUM_MIS_MATCH;
                 ^
  CC      lib/proportions.o
  CC      net/ipv4/netfilter/nf_nat_l3proto_ipv4.o
  CC      lib/radix-tree.o
  CC      drivers/misc/mediatek/connectivity/conn_soc/common/core/wmt_func.o
  CC      net/ipv4/netfilter/nf_nat_proto_icmp.o
In file included from drivers/misc/mediatek/connectivity/conn_soc/common/include/wmt_exp.h:28:0,
                 from drivers/misc/mediatek/connectivity/conn_soc/common/core/include/wmt_core.h:28,
                 from drivers/misc/mediatek/connectivity/conn_soc/common/core/include/wmt_func.h:28,
                 from drivers/misc/mediatek/connectivity/conn_soc/common/core/wmt_func.c:44:
drivers/misc/mediatek/connectivity/conn_soc/common/include/wmt_plat.h:284:1: warning: function declaration isn't a prototype [-Wstrict-prototypes]
 UINT32 wmt_plat_read_clk_status();
 ^
In file included from /home/satory-ra/Android/kernel/android_kernel_oukitel_orange/drivers/misc/mediatek/eccci/port_ipc.h:5:0,
                 from /home/satory-ra/Android/kernel/android_kernel_oukitel_orange/drivers/misc/mediatek/conn_md/include/conn_md_exp.h:6,
                 from drivers/misc/mediatek/connectivity/conn_soc/common/linux/include/wmt_idc.h:26,
                 from drivers/misc/mediatek/connectivity/conn_soc/common/core/include/wmt_lib.h:32,
                 from drivers/misc/mediatek/connectivity/conn_soc/common/core/wmt_func.c:45:
/home/satory-ra/Android/kernel/android_kernel_oukitel_orange/drivers/misc/mediatek/eccci/ccci_core.h: In function 'ccci_port_recv_skb':
  CC      lib/ratelimit.o
/home/satory-ra/Android/kernel/android_kernel_oukitel_orange/drivers/misc/mediatek/eccci/ccci_core.h:549:17: warning: statement with no effect [-Wunused-value]
                 ret == -CCCI_ERR_CHANNEL_NUM_MIS_MATCH;
                 ^
/home/satory-ra/Android/kernel/android_kernel_oukitel_orange/drivers/misc/mediatek/eccci/ccci_core.h: In function 'ccci_port_recv_request':
/home/satory-ra/Android/kernel/android_kernel_oukitel_orange/drivers/misc/mediatek/eccci/ccci_core.h:618:17: warning: statement with no effect [-Wunused-value]
                 ret == -CCCI_ERR_CHANNEL_NUM_MIS_MATCH;
                 ^
  CC      lib/rbtree.o
  CC      net/ipv4/netfilter/nf_defrag_ipv4.o
  CC      lib/reciprocal_div.o
  CC      drivers/misc/mediatek/connectivity/conn_soc/common/core/wmt_ic_soc.o
  CC      lib/rwsem-spinlock.o
In file included from drivers/misc/mediatek/connectivity/conn_soc/common/include/wmt_exp.h:28:0,
                 from drivers/misc/mediatek/connectivity/conn_soc/common/core/include/wmt_core.h:28,
                 from drivers/misc/mediatek/connectivity/conn_soc/common/core/include/wmt_ic.h:36,
                 from drivers/misc/mediatek/connectivity/conn_soc/common/core/wmt_ic_soc.c:44:
drivers/misc/mediatek/connectivity/conn_soc/common/include/wmt_plat.h:284:1: warning: function declaration isn't a prototype [-Wstrict-prototypes]
 UINT32 wmt_plat_read_clk_status();
 ^
  CC      net/ipv4/netfilter/nf_nat_pptp.o
In file included from /home/satory-ra/Android/kernel/android_kernel_oukitel_orange/drivers/misc/mediatek/eccci/port_ipc.h:5:0,
                 from /home/satory-ra/Android/kernel/android_kernel_oukitel_orange/drivers/misc/mediatek/conn_md/include/conn_md_exp.h:6,
                 from drivers/misc/mediatek/connectivity/conn_soc/common/linux/include/wmt_idc.h:26,
                 from drivers/misc/mediatek/connectivity/conn_soc/common/core/include/wmt_lib.h:32,
                 from drivers/misc/mediatek/connectivity/conn_soc/common/core/wmt_ic_soc.c:46:
/home/satory-ra/Android/kernel/android_kernel_oukitel_orange/drivers/misc/mediatek/eccci/ccci_core.h: In function 'ccci_port_recv_skb':
/home/satory-ra/Android/kernel/android_kernel_oukitel_orange/drivers/misc/mediatek/eccci/ccci_core.h:549:17: warning: statement with no effect [-Wunused-value]
                 ret == -CCCI_ERR_CHANNEL_NUM_MIS_MATCH;
                 ^
/home/satory-ra/Android/kernel/android_kernel_oukitel_orange/drivers/misc/mediatek/eccci/ccci_core.h: In function 'ccci_port_recv_request':
/home/satory-ra/Android/kernel/android_kernel_oukitel_orange/drivers/misc/mediatek/eccci/ccci_core.h:618:17: warning: statement with no effect [-Wunused-value]
                 ret == -CCCI_ERR_CHANNEL_NUM_MIS_MATCH;
                 ^
  CC      lib/sha1.o
  CC      net/ipv4/netfilter/nf_nat_proto_gre.o
  CC      lib/show_mem.o
  CC      drivers/misc/mediatek/connectivity/conn_soc/common/core/wmt_lib.o
  CC      lib/string.o
In file included from drivers/misc/mediatek/connectivity/conn_soc/common/include/wmt_exp.h:28:0,
                 from drivers/misc/mediatek/connectivity/conn_soc/common/core/include/wmt_core.h:28,
                 from drivers/misc/mediatek/connectivity/conn_soc/common/core/include/wmt_lib.h:27,
                 from drivers/misc/mediatek/connectivity/conn_soc/common/core/wmt_lib.c:47:
drivers/misc/mediatek/connectivity/conn_soc/common/include/wmt_plat.h:284:1: warning: function declaration isn't a prototype [-Wstrict-prototypes]
 UINT32 wmt_plat_read_clk_status();
 ^
In file included from /home/satory-ra/Android/kernel/android_kernel_oukitel_orange/drivers/misc/mediatek/eccci/port_ipc.h:5:0,
                 from /home/satory-ra/Android/kernel/android_kernel_oukitel_orange/drivers/misc/mediatek/conn_md/include/conn_md_exp.h:6,
                 from drivers/misc/mediatek/connectivity/conn_soc/common/linux/include/wmt_idc.h:26,
                 from drivers/misc/mediatek/connectivity/conn_soc/common/core/include/wmt_lib.h:32,
                 from drivers/misc/mediatek/connectivity/conn_soc/common/core/wmt_lib.c:47:
/home/satory-ra/Android/kernel/android_kernel_oukitel_orange/drivers/misc/mediatek/eccci/ccci_core.h: In function 'ccci_port_recv_skb':
/home/satory-ra/Android/kernel/android_kernel_oukitel_orange/drivers/misc/mediatek/eccci/ccci_core.h:549:17: warning: statement with no effect [-Wunused-value]
                 ret == -CCCI_ERR_CHANNEL_NUM_MIS_MATCH;
                 ^
/home/satory-ra/Android/kernel/android_kernel_oukitel_orange/drivers/misc/mediatek/eccci/ccci_core.h: In function 'ccci_port_recv_request':
/home/satory-ra/Android/kernel/android_kernel_oukitel_orange/drivers/misc/mediatek/eccci/ccci_core.h:618:17: warning: statement with no effect [-Wunused-value]
                 ret == -CCCI_ERR_CHANNEL_NUM_MIS_MATCH;
                 ^
  CC      net/ipv4/netfilter/ip_tables.o
  CC      lib/timerqueue.o
  CC      lib/vsprintf.o
  CC      drivers/misc/mediatek/connectivity/conn_soc/common/core/wmt_conf.o
  CC      net/ipv4/netfilter/iptable_filter.o
In file included from drivers/misc/mediatek/connectivity/conn_soc/common/include/wmt_exp.h:28:0,
                 from drivers/misc/mediatek/connectivity/conn_soc/common/core/include/wmt_core.h:28,
                 from drivers/misc/mediatek/connectivity/conn_soc/common/core/include/wmt_lib.h:27,
                 from drivers/misc/mediatek/connectivity/conn_soc/common/core/wmt_conf.c:23:
drivers/misc/mediatek/connectivity/conn_soc/common/include/wmt_plat.h:284:1: warning: function declaration isn't a prototype [-Wstrict-prototypes]
 UINT32 wmt_plat_read_clk_status();
 ^
In file included from /home/satory-ra/Android/kernel/android_kernel_oukitel_orange/drivers/misc/mediatek/eccci/port_ipc.h:5:0,
                 from /home/satory-ra/Android/kernel/android_kernel_oukitel_orange/drivers/misc/mediatek/conn_md/include/conn_md_exp.h:6,
                 from drivers/misc/mediatek/connectivity/conn_soc/common/linux/include/wmt_idc.h:26,
                 from drivers/misc/mediatek/connectivity/conn_soc/common/core/include/wmt_lib.h:32,
                 from drivers/misc/mediatek/connectivity/conn_soc/common/core/wmt_conf.c:23:
/home/satory-ra/Android/kernel/android_kernel_oukitel_orange/drivers/misc/mediatek/eccci/ccci_core.h: In function 'ccci_port_recv_skb':
/home/satory-ra/Android/kernel/android_kernel_oukitel_orange/drivers/misc/mediatek/eccci/ccci_core.h:549:17: warning: statement with no effect [-Wunused-value]
                 ret == -CCCI_ERR_CHANNEL_NUM_MIS_MATCH;
                 ^
/home/satory-ra/Android/kernel/android_kernel_oukitel_orange/drivers/misc/mediatek/eccci/ccci_core.h: In function 'ccci_port_recv_request':
/home/satory-ra/Android/kernel/android_kernel_oukitel_orange/drivers/misc/mediatek/eccci/ccci_core.h:618:17: warning: statement with no effect [-Wunused-value]
                 ret == -CCCI_ERR_CHANNEL_NUM_MIS_MATCH;
                 ^
  CC      net/ipv4/netfilter/iptable_mangle.o
  CC      drivers/misc/mediatek/connectivity/conn_soc/common/core/btm_core.o
  CC      net/ipv4/netfilter/iptable_nat.o
In file included from drivers/misc/mediatek/connectivity/conn_soc/common/core/include/btm_core.h:29:0,
                 from drivers/misc/mediatek/connectivity/conn_soc/common/core/include/stp_core.h:30,
                 from drivers/misc/mediatek/connectivity/conn_soc/common/core/btm_core.c:19:
drivers/misc/mediatek/connectivity/conn_soc/common/include/wmt_plat.h:284:1: warning: function declaration isn't a prototype [-Wstrict-prototypes]
 UINT32 wmt_plat_read_clk_status();
 ^
  GEN     lib/crc32table.h
  AR      lib/lib.a
In file included from /home/satory-ra/Android/kernel/android_kernel_oukitel_orange/drivers/misc/mediatek/eccci/port_ipc.h:5:0,
                 from /home/satory-ra/Android/kernel/android_kernel_oukitel_orange/drivers/misc/mediatek/conn_md/include/conn_md_exp.h:6,
                 from drivers/misc/mediatek/connectivity/conn_soc/common/linux/include/wmt_idc.h:26,
                 from drivers/misc/mediatek/connectivity/conn_soc/common/core/include/btm_core.h:30,
                 from drivers/misc/mediatek/connectivity/conn_soc/common/core/include/stp_core.h:30,
                 from drivers/misc/mediatek/connectivity/conn_soc/common/core/btm_core.c:19:
/home/satory-ra/Android/kernel/android_kernel_oukitel_orange/drivers/misc/mediatek/eccci/ccci_core.h: In function 'ccci_port_recv_skb':
/home/satory-ra/Android/kernel/android_kernel_oukitel_orange/drivers/misc/mediatek/eccci/ccci_core.h:549:17: warning: statement with no effect [-Wunused-value]
                 ret == -CCCI_ERR_CHANNEL_NUM_MIS_MATCH;
                 ^
/home/satory-ra/Android/kernel/android_kernel_oukitel_orange/drivers/misc/mediatek/eccci/ccci_core.h: In function 'ccci_port_recv_request':
  CC      lib/crc32.o
/home/satory-ra/Android/kernel/android_kernel_oukitel_orange/drivers/misc/mediatek/eccci/ccci_core.h:618:17: warning: statement with no effect [-Wunused-value]
                 ret == -CCCI_ERR_CHANNEL_NUM_MIS_MATCH;
                 ^
  LD      lib/built-in.o
  CC      net/ipv4/netfilter/iptable_raw.o
  CC      drivers/misc/mediatek/connectivity/conn_soc/common/core/dbg_core.o
  CC      net/ipv4/netfilter/ipt_MASQUERADE.o
  CC      drivers/misc/mediatek/connectivity/conn_soc/common/core/psm_core.o
  CC      drivers/misc/mediatek/connectivity/conn_soc/common/linux/pri/stp_btif.o
  CC      net/ipv4/netfilter/ipt_REJECT.o
In file included from drivers/misc/mediatek/connectivity/conn_soc/common/core/include/btm_core.h:29:0,
                 from drivers/misc/mediatek/connectivity/conn_soc/common/core/include/stp_core.h:30,
                 from drivers/misc/mediatek/connectivity/conn_soc/common/core/psm_core.c:17:
drivers/misc/mediatek/connectivity/conn_soc/common/include/wmt_plat.h:284:1: warning: function declaration isn't a prototype [-Wstrict-prototypes]
 UINT32 wmt_plat_read_clk_status();
 ^
In file included from /home/satory-ra/Android/kernel/android_kernel_oukitel_orange/drivers/misc/mediatek/eccci/port_ipc.h:5:0,
                 from /home/satory-ra/Android/kernel/android_kernel_oukitel_orange/drivers/misc/mediatek/conn_md/include/conn_md_exp.h:6,
                 from drivers/misc/mediatek/connectivity/conn_soc/common/linux/include/wmt_idc.h:26,
                 from drivers/misc/mediatek/connectivity/conn_soc/common/core/include/btm_core.h:30,
                 from drivers/misc/mediatek/connectivity/conn_soc/common/core/include/stp_core.h:30,
                 from drivers/misc/mediatek/connectivity/conn_soc/common/core/psm_core.c:17:
/home/satory-ra/Android/kernel/android_kernel_oukitel_orange/drivers/misc/mediatek/eccci/ccci_core.h: In function 'ccci_port_recv_skb':
/home/satory-ra/Android/kernel/android_kernel_oukitel_orange/drivers/misc/mediatek/eccci/ccci_core.h:549:17: warning: statement with no effect [-Wunused-value]
                 ret == -CCCI_ERR_CHANNEL_NUM_MIS_MATCH;
                 ^
/home/satory-ra/Android/kernel/android_kernel_oukitel_orange/drivers/misc/mediatek/eccci/ccci_core.h: In function 'ccci_port_recv_request':
/home/satory-ra/Android/kernel/android_kernel_oukitel_orange/drivers/misc/mediatek/eccci/ccci_core.h:618:17: warning: statement with no effect [-Wunused-value]
                 ret == -CCCI_ERR_CHANNEL_NUM_MIS_MATCH;
                 ^
In file included from drivers/misc/mediatek/connectivity/conn_soc/common/include/wmt_exp.h:28:0,
                 from drivers/misc/mediatek/connectivity/conn_soc/common/linux/pri/stp_btif.c:37:
drivers/misc/mediatek/connectivity/conn_soc/common/include/wmt_plat.h:284:1: warning: function declaration isn't a prototype [-Wstrict-prototypes]
 UINT32 wmt_plat_read_clk_status();
 ^
drivers/misc/mediatek/connectivity/conn_soc/common/linux/pri/stp_btif.c: In function 'mtk_wcn_consys_stp_btif_open':
drivers/misc/mediatek/connectivity/conn_soc/common/linux/pri/stp_btif.c:88:9: warning: passing argument 2 of 'mtk_wcn_btif_open' from incompatible pointer type
  iRet = mtk_wcn_btif_open(BTIF_OWNER_NAME,pBtifRef);
         ^
In file included from drivers/misc/mediatek/connectivity/conn_soc/common/linux/pri/include/stp_btif.h:19:0,
                 from drivers/misc/mediatek/connectivity/conn_soc/common/linux/pri/stp_btif.c:39:
/home/satory-ra/Android/kernel/android_kernel_oukitel_orange/drivers/misc/mediatek/btif/inc/mtk_btif_exp.h:76:11: note: expected 'long unsigned int *' but argument is of type 'SIZE_T *'
 const int mtk_wcn_btif_open(char *p_owner, unsigned long *p_id);
           ^
  CC      drivers/misc/mediatek/connectivity/conn_soc/common/linux/pri/stp_dbg.o
In file included from drivers/misc/mediatek/connectivity/conn_soc/common/core/include/btm_core.h:29:0,
                 from drivers/misc/mediatek/connectivity/conn_soc/common/linux/pri/stp_dbg.c:37:
drivers/misc/mediatek/connectivity/conn_soc/common/include/wmt_plat.h:284:1: warning: function declaration isn't a prototype [-Wstrict-prototypes]
 UINT32 wmt_plat_read_clk_status();
 ^
In file included from /home/satory-ra/Android/kernel/android_kernel_oukitel_orange/drivers/misc/mediatek/eccci/port_ipc.h:5:0,
                 from /home/satory-ra/Android/kernel/android_kernel_oukitel_orange/drivers/misc/mediatek/conn_md/include/conn_md_exp.h:6,
                 from drivers/misc/mediatek/connectivity/conn_soc/common/linux/include/wmt_idc.h:26,
                 from drivers/misc/mediatek/connectivity/conn_soc/common/core/include/btm_core.h:30,
                 from drivers/misc/mediatek/connectivity/conn_soc/common/linux/pri/stp_dbg.c:37:
/home/satory-ra/Android/kernel/android_kernel_oukitel_orange/drivers/misc/mediatek/eccci/ccci_core.h: In function 'ccci_port_recv_skb':
/home/satory-ra/Android/kernel/android_kernel_oukitel_orange/drivers/misc/mediatek/eccci/ccci_core.h:549:17: warning: statement with no effect [-Wunused-value]
                 ret == -CCCI_ERR_CHANNEL_NUM_MIS_MATCH;
                 ^
/home/satory-ra/Android/kernel/android_kernel_oukitel_orange/drivers/misc/mediatek/eccci/ccci_core.h: In function 'ccci_port_recv_request':
/home/satory-ra/Android/kernel/android_kernel_oukitel_orange/drivers/misc/mediatek/eccci/ccci_core.h:618:17: warning: statement with no effect [-Wunused-value]
                 ret == -CCCI_ERR_CHANNEL_NUM_MIS_MATCH;
                 ^
  CC      net/ipv4/netfilter/arp_tables.o
  CC      drivers/misc/mediatek/connectivity/conn_soc/common/linux/pri/stp_exp.o
  CC      drivers/misc/mediatek/connectivity/conn_soc/common/core/stp_core.o
  LD      net/ipv4/netfilter/nf_conntrack_ipv4.o
  LD      net/ipv4/netfilter/nf_nat_ipv4.o
  LD      net/ipv4/netfilter/built-in.o
  CC      net/ipv4/inet_diag.o
In file included from drivers/misc/mediatek/connectivity/conn_soc/common/core/include/btm_core.h:29:0,
                 from drivers/misc/mediatek/connectivity/conn_soc/common/core/include/stp_core.h:30,
                 from drivers/misc/mediatek/connectivity/conn_soc/common/core/stp_core.c:16:
drivers/misc/mediatek/connectivity/conn_soc/common/include/wmt_plat.h:284:1: warning: function declaration isn't a prototype [-Wstrict-prototypes]
 UINT32 wmt_plat_read_clk_status();
 ^
In file included from /home/satory-ra/Android/kernel/android_kernel_oukitel_orange/drivers/misc/mediatek/eccci/port_ipc.h:5:0,
                 from /home/satory-ra/Android/kernel/android_kernel_oukitel_orange/drivers/misc/mediatek/conn_md/include/conn_md_exp.h:6,
                 from drivers/misc/mediatek/connectivity/conn_soc/common/linux/include/wmt_idc.h:26,
                 from drivers/misc/mediatek/connectivity/conn_soc/common/core/include/btm_core.h:30,
                 from drivers/misc/mediatek/connectivity/conn_soc/common/core/include/stp_core.h:30,
                 from drivers/misc/mediatek/connectivity/conn_soc/common/core/stp_core.c:16:
/home/satory-ra/Android/kernel/android_kernel_oukitel_orange/drivers/misc/mediatek/eccci/ccci_core.h: In function 'ccci_port_recv_skb':
/home/satory-ra/Android/kernel/android_kernel_oukitel_orange/drivers/misc/mediatek/eccci/ccci_core.h:549:17: warning: statement with no effect [-Wunused-value]
                 ret == -CCCI_ERR_CHANNEL_NUM_MIS_MATCH;
                 ^
/home/satory-ra/Android/kernel/android_kernel_oukitel_orange/drivers/misc/mediatek/eccci/ccci_core.h: In function 'ccci_port_recv_request':
/home/satory-ra/Android/kernel/android_kernel_oukitel_orange/drivers/misc/mediatek/eccci/ccci_core.h:618:17: warning: statement with no effect [-Wunused-value]
                 ret == -CCCI_ERR_CHANNEL_NUM_MIS_MATCH;
                 ^
drivers/misc/mediatek/connectivity/conn_soc/common/core/stp_core.c: At top level:
drivers/misc/mediatek/connectivity/conn_soc/common/core/stp_core.c:592:14: warning: 'stp_is_privileges_cmd' defined but not used [-Wunused-function]
 static INT32 stp_is_privileges_cmd(const UINT8 *buffer, const UINT32 length, const UINT8 type)
              ^
In file included from drivers/misc/mediatek/connectivity/conn_soc/common/core/include/btm_core.h:29:0,
                 from drivers/misc/mediatek/connectivity/conn_soc/common/core/include/stp_core.h:30,
                 from drivers/misc/mediatek/connectivity/conn_soc/common/linux/pri/stp_exp.c:51:
drivers/misc/mediatek/connectivity/conn_soc/common/include/wmt_plat.h:284:1: warning: function declaration isn't a prototype [-Wstrict-prototypes]
 UINT32 wmt_plat_read_clk_status();
 ^
In file included from /home/satory-ra/Android/kernel/android_kernel_oukitel_orange/drivers/misc/mediatek/eccci/port_ipc.h:5:0,
                 from /home/satory-ra/Android/kernel/android_kernel_oukitel_orange/drivers/misc/mediatek/conn_md/include/conn_md_exp.h:6,
                 from drivers/misc/mediatek/connectivity/conn_soc/common/linux/include/wmt_idc.h:26,
                 from drivers/misc/mediatek/connectivity/conn_soc/common/core/include/btm_core.h:30,
                 from drivers/misc/mediatek/connectivity/conn_soc/common/core/include/stp_core.h:30,
                 from drivers/misc/mediatek/connectivity/conn_soc/common/linux/pri/stp_exp.c:51:
/home/satory-ra/Android/kernel/android_kernel_oukitel_orange/drivers/misc/mediatek/eccci/ccci_core.h: In function 'ccci_port_recv_skb':
/home/satory-ra/Android/kernel/android_kernel_oukitel_orange/drivers/misc/mediatek/eccci/ccci_core.h:549:17: warning: statement with no effect [-Wunused-value]
                 ret == -CCCI_ERR_CHANNEL_NUM_MIS_MATCH;
                 ^
/home/satory-ra/Android/kernel/android_kernel_oukitel_orange/drivers/misc/mediatek/eccci/ccci_core.h: In function 'ccci_port_recv_request':
/home/satory-ra/Android/kernel/android_kernel_oukitel_orange/drivers/misc/mediatek/eccci/ccci_core.h:618:17: warning: statement with no effect [-Wunused-value]
                 ret == -CCCI_ERR_CHANNEL_NUM_MIS_MATCH;
                 ^
  CC      drivers/misc/mediatek/connectivity/conn_soc/common/linux/pri/wmt_dev.o
In file included from drivers/misc/mediatek/connectivity/conn_soc/common/include/wmt_exp.h:28:0,
                 from drivers/misc/mediatek/connectivity/conn_soc/common/core/include/wmt_core.h:28,
                 from drivers/misc/mediatek/connectivity/conn_soc/common/linux/pri/wmt_dev.c:47:
drivers/misc/mediatek/connectivity/conn_soc/common/include/wmt_plat.h:284:1: warning: function declaration isn't a prototype [-Wstrict-prototypes]
 UINT32 wmt_plat_read_clk_status();
 ^
In file included from /home/satory-ra/Android/kernel/android_kernel_oukitel_orange/drivers/misc/mediatek/eccci/port_ipc.h:5:0,
                 from /home/satory-ra/Android/kernel/android_kernel_oukitel_orange/drivers/misc/mediatek/conn_md/include/conn_md_exp.h:6,
                 from drivers/misc/mediatek/connectivity/conn_soc/common/linux/include/wmt_idc.h:26,
                 from drivers/misc/mediatek/connectivity/conn_soc/common/core/include/wmt_lib.h:32,
                 from drivers/misc/mediatek/connectivity/conn_soc/common/linux/pri/wmt_dev.c:49:
/home/satory-ra/Android/kernel/android_kernel_oukitel_orange/drivers/misc/mediatek/eccci/ccci_core.h: In function 'ccci_port_recv_skb':
/home/satory-ra/Android/kernel/android_kernel_oukitel_orange/drivers/misc/mediatek/eccci/ccci_core.h:549:17: warning: statement with no effect [-Wunused-value]
                 ret == -CCCI_ERR_CHANNEL_NUM_MIS_MATCH;
                 ^
/home/satory-ra/Android/kernel/android_kernel_oukitel_orange/drivers/misc/mediatek/eccci/ccci_core.h: In function 'ccci_port_recv_request':
/home/satory-ra/Android/kernel/android_kernel_oukitel_orange/drivers/misc/mediatek/eccci/ccci_core.h:618:17: warning: statement with no effect [-Wunused-value]
                 ret == -CCCI_ERR_CHANNEL_NUM_MIS_MATCH;
                 ^
  CC      net/ipv4/tcp_diag.o
  LD      drivers/misc/mediatek/connectivity/conn_soc/common/core/built-in.o
  CC      drivers/misc/mediatek/connectivity/conn_soc/drv_wlan/mt_wifi/wlan/common/dump.o
  CC      net/ipv4/tcp_cubic.o
In file included from drivers/misc/mediatek/connectivity/conn_soc/drv_wlan/mt_wifi/wlan/include/precomp.h:241:0,
                 from drivers/misc/mediatek/connectivity/conn_soc/drv_wlan/mt_wifi/wlan/common/dump.c:49:
drivers/misc/mediatek/connectivity/conn_soc/drv_wlan/mt_wifi/wlan/include/mgmt/scan.h:324:0: warning: "CFG_BATCH_MAX_MSCAN" redefined
 #define CFG_BATCH_MAX_MSCAN 4
 ^
In file included from drivers/misc/mediatek/connectivity/conn_soc/drv_wlan/mt_wifi/wlan/os/linux/include/gl_os.h:584:0,
                 from drivers/misc/mediatek/connectivity/conn_soc/drv_wlan/mt_wifi/wlan/include/precomp.h:173,
                 from drivers/misc/mediatek/connectivity/conn_soc/drv_wlan/mt_wifi/wlan/common/dump.c:49:
drivers/misc/mediatek/connectivity/conn_soc/drv_wlan/mt_wifi/wlan/include/config.h:1585:0: note: this is the location of the previous definition
 #define CFG_BATCH_MAX_MSCAN                 2
 ^
  CC      drivers/misc/mediatek/connectivity/conn_soc/common/linux/pri/wmt_exp.o
  CC      drivers/misc/mediatek/connectivity/conn_soc/drv_wlan/mt_wifi/wlan/common/wlan_lib.o
In file included from drivers/misc/mediatek/connectivity/conn_soc/common/include/wmt_exp.h:28:0,
                 from drivers/misc/mediatek/connectivity/conn_soc/common/linux/pri/wmt_exp.c:44:
drivers/misc/mediatek/connectivity/conn_soc/common/include/wmt_plat.h:284:1: warning: function declaration isn't a prototype [-Wstrict-prototypes]
 UINT32 wmt_plat_read_clk_status();
 ^
  CC      net/ipv4/xfrm4_policy.o
In file included from /home/satory-ra/Android/kernel/android_kernel_oukitel_orange/drivers/misc/mediatek/eccci/port_ipc.h:5:0,
                 from /home/satory-ra/Android/kernel/android_kernel_oukitel_orange/drivers/misc/mediatek/conn_md/include/conn_md_exp.h:6,
                 from drivers/misc/mediatek/connectivity/conn_soc/common/linux/include/wmt_idc.h:26,
                 from drivers/misc/mediatek/connectivity/conn_soc/common/core/include/wmt_lib.h:32,
                 from drivers/misc/mediatek/connectivity/conn_soc/common/linux/pri/wmt_exp.c:45:
/home/satory-ra/Android/kernel/android_kernel_oukitel_orange/drivers/misc/mediatek/eccci/ccci_core.h: In function 'ccci_port_recv_skb':
/home/satory-ra/Android/kernel/android_kernel_oukitel_orange/drivers/misc/mediatek/eccci/ccci_core.h:549:17: warning: statement with no effect [-Wunused-value]
                 ret == -CCCI_ERR_CHANNEL_NUM_MIS_MATCH;
                 ^
/home/satory-ra/Android/kernel/android_kernel_oukitel_orange/drivers/misc/mediatek/eccci/ccci_core.h: In function 'ccci_port_recv_request':
/home/satory-ra/Android/kernel/android_kernel_oukitel_orange/drivers/misc/mediatek/eccci/ccci_core.h:618:17: warning: statement with no effect [-Wunused-value]
                 ret == -CCCI_ERR_CHANNEL_NUM_MIS_MATCH;
                 ^
  LD      drivers/misc/mediatek/connectivity/conn_soc/common/linux/pri/built-in.o
  CC      drivers/misc/mediatek/connectivity/conn_soc/common/linux/pub/osal.o
In file included from drivers/misc/mediatek/connectivity/conn_soc/drv_wlan/mt_wifi/wlan/include/precomp.h:241:0,
                 from drivers/misc/mediatek/connectivity/conn_soc/drv_wlan/mt_wifi/wlan/common/wlan_lib.c:948:
drivers/misc/mediatek/connectivity/conn_soc/drv_wlan/mt_wifi/wlan/include/mgmt/scan.h:324:0: warning: "CFG_BATCH_MAX_MSCAN" redefined
 #define CFG_BATCH_MAX_MSCAN 4
 ^
In file included from drivers/misc/mediatek/connectivity/conn_soc/drv_wlan/mt_wifi/wlan/os/linux/include/gl_os.h:584:0,
                 from drivers/misc/mediatek/connectivity/conn_soc/drv_wlan/mt_wifi/wlan/include/precomp.h:173,
                 from drivers/misc/mediatek/connectivity/conn_soc/drv_wlan/mt_wifi/wlan/common/wlan_lib.c:948:
drivers/misc/mediatek/connectivity/conn_soc/drv_wlan/mt_wifi/wlan/include/config.h:1585:0: note: this is the location of the previous definition
 #define CFG_BATCH_MAX_MSCAN                 2
 ^
drivers/misc/mediatek/connectivity/conn_soc/drv_wlan/mt_wifi/wlan/common/wlan_lib.c: In function 'wlanoidQueryACSChannelList':
drivers/misc/mediatek/connectivity/conn_soc/drv_wlan/mt_wifi/wlan/common/wlan_lib.c:6197:24: warning: unused variable 'prChnLoad' [-Wunused-variable]
  P_PARAM_CHN_LOAD_INFO prChnLoad;
                        ^
drivers/misc/mediatek/connectivity/conn_soc/drv_wlan/mt_wifi/wlan/common/wlan_lib.c:6194:24: warning: unused variable 'rQueryCmdStaStatistics' [-Wunused-variable]
     CMD_GET_CHN_LOAD_T rQueryCmdStaStatistics;
                        ^
drivers/misc/mediatek/connectivity/conn_soc/drv_wlan/mt_wifi/wlan/common/wlan_lib.c:6192:17: warning: unused variable 'prQM' [-Wunused-variable]
     P_QUE_MGT_T prQM = &prAdapter->rQM;
                 ^
drivers/misc/mediatek/connectivity/conn_soc/drv_wlan/mt_wifi/wlan/common/wlan_lib.c:6189:23: warning: unused variable 'prQueryChnLoad' [-Wunused-variable]
  P_PARAM_GET_CHN_LOAD prQueryChnLoad;
                       ^
drivers/misc/mediatek/connectivity/conn_soc/drv_wlan/mt_wifi/wlan/common/wlan_lib.c:6188:27: warning: unused variable 'prTempStaRec' [-Wunused-variable]
  P_STA_RECORD_T prStaRec, prTempStaRec;
                           ^
drivers/misc/mediatek/connectivity/conn_soc/drv_wlan/mt_wifi/wlan/common/wlan_lib.c:6188:17: warning: unused variable 'prStaRec' [-Wunused-variable]
  P_STA_RECORD_T prStaRec, prTempStaRec;
                 ^
drivers/misc/mediatek/connectivity/conn_soc/drv_wlan/mt_wifi/wlan/common/wlan_lib.c:6186:21: warning: unused variable 'ucIdx' [-Wunused-variable]
  UINT_8 ucStaRecIdx,ucIdx;
                     ^
drivers/misc/mediatek/connectivity/conn_soc/drv_wlan/mt_wifi/wlan/common/wlan_lib.c:6186:9: warning: unused variable 'ucStaRecIdx' [-Wunused-variable]
  UINT_8 ucStaRecIdx,ucIdx;
         ^
drivers/misc/mediatek/connectivity/conn_soc/drv_wlan/mt_wifi/wlan/common/wlan_lib.c: In function 'wlanCfgApply':
drivers/misc/mediatek/connectivity/conn_soc/drv_wlan/mt_wifi/wlan/common/wlan_lib.c:6947:9: warning: unused variable 'i' [-Wunused-variable]
  UINT_8 i = 0;
         ^
drivers/misc/mediatek/connectivity/conn_soc/drv_wlan/mt_wifi/wlan/common/wlan_lib.c:6946:12: warning: unused variable 'i4Cfg' [-Wunused-variable]
     INT_32 i4Cfg = 0;
            ^
  CC      net/ipv4/xfrm4_state.o
  CC      drivers/misc/mediatek/connectivity/conn_soc/common/linux/pub/bgw_desense.o
  CC      net/ipv4/xfrm4_input.o
  CC      drivers/misc/mediatek/connectivity/conn_soc/common/linux/pub/stp_chrdev_bt.o
In file included from drivers/misc/mediatek/connectivity/conn_soc/common/include/wmt_exp.h:28:0,
                 from drivers/misc/mediatek/connectivity/conn_soc/common/linux/pub/stp_chrdev_bt.c:32:
drivers/misc/mediatek/connectivity/conn_soc/common/include/wmt_plat.h:284:1: warning: function declaration isn't a prototype [-Wstrict-prototypes]
 UINT32 wmt_plat_read_clk_status();
 ^
  CC      net/ipv4/xfrm4_output.o
  CC      drivers/misc/mediatek/connectivity/conn_soc/drv_wlan/mt_wifi/wlan/common/wlan_oid.o
  CC      drivers/misc/mediatek/connectivity/conn_soc/common/linux/pub/stp_chrdev_gps.o
In file included from drivers/misc/mediatek/connectivity/conn_soc/drv_wlan/mt_wifi/wlan/include/precomp.h:241:0,
                 from drivers/misc/mediatek/connectivity/conn_soc/drv_wlan/mt_wifi/wlan/common/wlan_oid.c:1053:
drivers/misc/mediatek/connectivity/conn_soc/drv_wlan/mt_wifi/wlan/include/mgmt/scan.h:324:0: warning: "CFG_BATCH_MAX_MSCAN" redefined
 #define CFG_BATCH_MAX_MSCAN 4
 ^
In file included from drivers/misc/mediatek/connectivity/conn_soc/drv_wlan/mt_wifi/wlan/os/linux/include/gl_os.h:584:0,
                 from drivers/misc/mediatek/connectivity/conn_soc/drv_wlan/mt_wifi/wlan/include/precomp.h:173,
                 from drivers/misc/mediatek/connectivity/conn_soc/drv_wlan/mt_wifi/wlan/common/wlan_oid.c:1053:
drivers/misc/mediatek/connectivity/conn_soc/drv_wlan/mt_wifi/wlan/include/config.h:1585:0: note: this is the location of the previous definition
 #define CFG_BATCH_MAX_MSCAN                 2
 ^
drivers/misc/mediatek/connectivity/conn_soc/drv_wlan/mt_wifi/wlan/common/wlan_oid.c: In function 'wlanoidSetConnect':
drivers/misc/mediatek/connectivity/conn_soc/drv_wlan/mt_wifi/wlan/common/wlan_oid.c:1887:24: warning: unused variable 'i4MaxRSSI' [-Wunused-variable]
     INT_32 i4Idx = -1, i4MaxRSSI = INT_MIN;
                        ^
drivers/misc/mediatek/connectivity/conn_soc/drv_wlan/mt_wifi/wlan/common/wlan_oid.c:1887:12: warning: unused variable 'i4Idx' [-Wunused-variable]
     INT_32 i4Idx = -1, i4MaxRSSI = INT_MIN;
            ^
In file included from drivers/misc/mediatek/connectivity/conn_soc/common/include/wmt_exp.h:28:0,
                 from drivers/misc/mediatek/connectivity/conn_soc/common/linux/pub/stp_chrdev_gps.c:29:
drivers/misc/mediatek/connectivity/conn_soc/common/include/wmt_plat.h:284:1: warning: function declaration isn't a prototype [-Wstrict-prototypes]
 UINT32 wmt_plat_read_clk_status();
 ^
drivers/misc/mediatek/connectivity/conn_soc/drv_wlan/mt_wifi/wlan/common/wlan_oid.c: In function 'wlanoidSetGSCNAParam':
drivers/misc/mediatek/connectivity/conn_soc/drv_wlan/mt_wifi/wlan/common/wlan_oid.c:11933:14: warning: unused variable 'j' [-Wunused-variable]
     UINT_8 i,j = 0;
              ^
drivers/misc/mediatek/connectivity/conn_soc/drv_wlan/mt_wifi/wlan/common/wlan_oid.c:11933:12: warning: unused variable 'i' [-Wunused-variable]
     UINT_8 i,j = 0;
            ^
  LD      net/ipv4/built-in.o
drivers/misc/mediatek/connectivity/conn_soc/drv_wlan/mt_wifi/wlan/common/wlan_oid.c: In function 'wlanoidSetGSCNAConfig':
drivers/misc/mediatek/connectivity/conn_soc/drv_wlan/mt_wifi/wlan/common/wlan_oid.c:12054:87: warning: argument to 'sizeof' in 'memcpy' call is the same pointer type 'P_PARAM_WIFI_GSCAN_CMD_PARAMS' as the destination; expected 'struct _PARAM_WIFI_GSCAN_CMD_PARAMS' or an explicit length [-Wsizeof-pointer-memaccess]
     memcpy(prCmdGscnScnConfigParam, (P_PARAM_WIFI_GSCAN_CMD_PARAMS)pvSetBuffer, sizeof(P_PARAM_WIFI_GSCAN_CMD_PARAMS) );
                                                                                       ^
drivers/misc/mediatek/connectivity/conn_soc/drv_wlan/mt_wifi/wlan/common/wlan_oid.c:12019:14: warning: unused variable 'j' [-Wunused-variable]
     UINT_8 i,j = 0;
              ^
drivers/misc/mediatek/connectivity/conn_soc/drv_wlan/mt_wifi/wlan/common/wlan_oid.c:12019:12: warning: unused variable 'i' [-Wunused-variable]
     UINT_8 i,j = 0;
            ^
drivers/misc/mediatek/connectivity/conn_soc/drv_wlan/mt_wifi/wlan/common/wlan_oid.c: In function 'wlanoidGetGSCNResult':
drivers/misc/mediatek/connectivity/conn_soc/drv_wlan/mt_wifi/wlan/common/wlan_oid.c:12109:14: warning: unused variable 'j' [-Wunused-variable]
     UINT_8 i,j = 0;
              ^
drivers/misc/mediatek/connectivity/conn_soc/drv_wlan/mt_wifi/wlan/common/wlan_oid.c:12109:12: warning: unused variable 'i' [-Wunused-variable]
     UINT_8 i,j = 0;
            ^
drivers/misc/mediatek/connectivity/conn_soc/drv_wlan/mt_wifi/wlan/common/wlan_oid.c: In function 'wlanoidSetGSCNAction':
drivers/misc/mediatek/connectivity/conn_soc/drv_wlan/mt_wifi/wlan/common/wlan_oid.c:11898:1: warning: control reaches end of non-void function [-Wreturn-type]
 }
 ^
  CC      drivers/misc/mediatek/connectivity/conn_soc/common/linux/pub/wmt_chrdev_wifi.o
  CC      net/ipv6/af_inet6.o
In file included from drivers/misc/mediatek/connectivity/conn_soc/common/include/wmt_exp.h:28:0,
                 from drivers/misc/mediatek/connectivity/conn_soc/common/linux/pub/wmt_chrdev_wifi.c:33:
drivers/misc/mediatek/connectivity/conn_soc/common/include/wmt_plat.h:284:1: warning: function declaration isn't a prototype [-Wstrict-prototypes]
 UINT32 wmt_plat_read_clk_status();
 ^
  CC      drivers/misc/mediatek/connectivity/conn_soc/common/linux/pub/wmt_idc.o
In file included from /home/satory-ra/Android/kernel/android_kernel_oukitel_orange/drivers/misc/mediatek/eccci/port_ipc.h:5:0,
                 from /home/satory-ra/Android/kernel/android_kernel_oukitel_orange/drivers/misc/mediatek/conn_md/include/conn_md_exp.h:6,
                 from drivers/misc/mediatek/connectivity/conn_soc/common/linux/include/wmt_idc.h:26,
                 from drivers/misc/mediatek/connectivity/conn_soc/common/linux/pub/wmt_idc.c:16:
/home/satory-ra/Android/kernel/android_kernel_oukitel_orange/drivers/misc/mediatek/eccci/ccci_core.h: In function 'ccci_port_recv_skb':
/home/satory-ra/Android/kernel/android_kernel_oukitel_orange/drivers/misc/mediatek/eccci/ccci_core.h:549:17: warning: statement with no effect [-Wunused-value]
                 ret == -CCCI_ERR_CHANNEL_NUM_MIS_MATCH;
                 ^
/home/satory-ra/Android/kernel/android_kernel_oukitel_orange/drivers/misc/mediatek/eccci/ccci_core.h: In function 'ccci_port_recv_request':
/home/satory-ra/Android/kernel/android_kernel_oukitel_orange/drivers/misc/mediatek/eccci/ccci_core.h:618:17: warning: statement with no effect [-Wunused-value]
                 ret == -CCCI_ERR_CHANNEL_NUM_MIS_MATCH;
                 ^
In file included from drivers/misc/mediatek/connectivity/conn_soc/common/include/wmt_exp.h:28:0,
                 from drivers/misc/mediatek/connectivity/conn_soc/common/core/include/wmt_core.h:28,
                 from drivers/misc/mediatek/connectivity/conn_soc/common/core/include/wmt_lib.h:27,
                 from drivers/misc/mediatek/connectivity/conn_soc/common/linux/pub/wmt_idc.c:17:
drivers/misc/mediatek/connectivity/conn_soc/common/include/wmt_plat.h: At top level:
drivers/misc/mediatek/connectivity/conn_soc/common/include/wmt_plat.h:284:1: warning: function declaration isn't a prototype [-Wstrict-prototypes]
 UINT32 wmt_plat_read_clk_status();
 ^
  LD      drivers/misc/mediatek/connectivity/conn_soc/common/linux/pub/built-in.o
  LD      drivers/misc/mediatek/connectivity/conn_soc/common/linux/built-in.o
  CC      drivers/misc/mediatek/connectivity/conn_soc/common/mt6735/mtk_wcn_consys_hw.o
  CC      net/ipv6/anycast.o
In file included from drivers/misc/mediatek/connectivity/conn_soc/common/mt6735/include/mtk_wcn_consys_hw.h:14:0,
                 from drivers/misc/mediatek/connectivity/conn_soc/common/mt6735/mtk_wcn_consys_hw.c:39:
drivers/misc/mediatek/connectivity/conn_soc/common/include/wmt_plat.h:284:1: warning: function declaration isn't a prototype [-Wstrict-prototypes]
 UINT32 wmt_plat_read_clk_status();
 ^
In file included from drivers/misc/mediatek/connectivity/conn_soc/common/mt6735/mtk_wcn_consys_hw.c:54:0:
include/linux/of_reserved_mem.h:36:22: warning: comparison of distinct pointer types lacks a cast
        .data = (init == (reservedmem_of_init_fn)NULL) ? \
                      ^
drivers/misc/mediatek/connectivity/conn_soc/common/mt6735/mtk_wcn_consys_hw.c:969:1: note: in expansion of macro 'RESERVEDMEM_OF_DECLARE'
 RESERVEDMEM_OF_DECLARE(reserve_memory_test, "consys-reserve-memory", reserve_memory_consys_fn);
 ^
  CC      drivers/misc/mediatek/connectivity/conn_soc/common/mt6735/wmt_plat_alps.o
In file included from include/mach/mt_gpio.h:15:0,
                 from drivers/misc/mediatek/connectivity/conn_soc/common/mt6735/wmt_plat_alps.c:42:
/home/satory-ra/Android/kernel/android_kernel_oukitel_orange/drivers/misc/mediatek/mach/mt6735/Sprint4g/dct/dct/inc/cust_gpio_usage.h:481:0: warning: "GPIO_KPD_KCOL1_PIN_M_UCTS" redefined
 #define GPIO_KPD_KCOL1_PIN_M_UCTS   GPIO_MODE_03
 ^
/home/satory-ra/Android/kernel/android_kernel_oukitel_orange/drivers/misc/mediatek/mach/mt6735/Sprint4g/dct/dct/inc/cust_gpio_usage.h:480:0: note: this is the location of the previous definition
 #define GPIO_KPD_KCOL1_PIN_M_UCTS   GPIO_MODE_02
 ^
In file included from drivers/misc/mediatek/connectivity/conn_soc/common/mt6735/include/mtk_wcn_consys_hw.h:14:0,
                 from drivers/misc/mediatek/connectivity/conn_soc/common/mt6735/wmt_plat_alps.c:65:
drivers/misc/mediatek/connectivity/conn_soc/common/include/wmt_plat.h:284:1: warning: function declaration isn't a prototype [-Wstrict-prototypes]
 UINT32 wmt_plat_read_clk_status();
 ^
  CC      net/ipv6/ip6_output.o
drivers/misc/mediatek/connectivity/conn_soc/common/mt6735/wmt_plat_alps.c:905:8: warning: function declaration isn't a prototype [-Wstrict-prototypes]
 UINT32 wmt_plat_read_clk_status()
        ^
  LD      drivers/misc/mediatek/connectivity/conn_soc/common/mt6735/built-in.o
  LD      drivers/misc/mediatek/connectivity/conn_soc/common/built-in.o
  CC      net/ipv6/ip6_input.o
  CC      drivers/misc/mediatek/connectivity/conn_soc/drv_wlan/mt_wifi/wlan/common/wlan_bow.o
In file included from drivers/misc/mediatek/connectivity/conn_soc/drv_wlan/mt_wifi/wlan/include/precomp.h:241:0,
                 from drivers/misc/mediatek/connectivity/conn_soc/drv_wlan/mt_wifi/wlan/common/wlan_bow.c:321:
drivers/misc/mediatek/connectivity/conn_soc/drv_wlan/mt_wifi/wlan/include/mgmt/scan.h:324:0: warning: "CFG_BATCH_MAX_MSCAN" redefined
 #define CFG_BATCH_MAX_MSCAN 4
 ^
In file included from drivers/misc/mediatek/connectivity/conn_soc/drv_wlan/mt_wifi/wlan/os/linux/include/gl_os.h:584:0,
                 from drivers/misc/mediatek/connectivity/conn_soc/drv_wlan/mt_wifi/wlan/include/precomp.h:173,
                 from drivers/misc/mediatek/connectivity/conn_soc/drv_wlan/mt_wifi/wlan/common/wlan_bow.c:321:
drivers/misc/mediatek/connectivity/conn_soc/drv_wlan/mt_wifi/wlan/include/config.h:1585:0: note: this is the location of the previous definition
 #define CFG_BATCH_MAX_MSCAN                 2
 ^
  CC      net/ipv6/addrconf.o
  CC      net/ipv6/addrlabel.o
net/ipv6/addrconf.c: In function 'inet6_fill_nora':
net/ipv6/addrconf.c:4776:1: warning: label 'nla_put_failure' defined but not used [-Wunused-label]
 nla_put_failure:
 ^
net/ipv6/addrconf.c:4759:8: warning: unused variable 'name' [-Wunused-variable]
  char *name;
        ^
net/ipv6/addrconf.c:4758:8: warning: unused variable 'protoinfo' [-Wunused-variable]
  void *protoinfo;
        ^
  CC      drivers/misc/mediatek/connectivity/conn_soc/drv_wlan/mt_wifi/wlan/common/wlan_p2p.o
  CC      net/ipv6/route.o
In file included from drivers/misc/mediatek/connectivity/conn_soc/drv_wlan/mt_wifi/wlan/include/precomp.h:241:0,
                 from drivers/misc/mediatek/connectivity/conn_soc/drv_wlan/mt_wifi/wlan/common/wlan_p2p.c:216:
drivers/misc/mediatek/connectivity/conn_soc/drv_wlan/mt_wifi/wlan/include/mgmt/scan.h:324:0: warning: "CFG_BATCH_MAX_MSCAN" redefined
 #define CFG_BATCH_MAX_MSCAN 4
 ^
In file included from drivers/misc/mediatek/connectivity/conn_soc/drv_wlan/mt_wifi/wlan/os/linux/include/gl_os.h:584:0,
                 from drivers/misc/mediatek/connectivity/conn_soc/drv_wlan/mt_wifi/wlan/include/precomp.h:173,
                 from drivers/misc/mediatek/connectivity/conn_soc/drv_wlan/mt_wifi/wlan/common/wlan_p2p.c:216:
drivers/misc/mediatek/connectivity/conn_soc/drv_wlan/mt_wifi/wlan/include/config.h:1585:0: note: this is the location of the previous definition
 #define CFG_BATCH_MAX_MSCAN                 2
 ^
  CC      drivers/misc/mediatek/connectivity/conn_soc/drv_wlan/mt_wifi/wlan/nic/nic.o
In file included from drivers/misc/mediatek/connectivity/conn_soc/drv_wlan/mt_wifi/wlan/include/precomp.h:241:0,
                 from drivers/misc/mediatek/connectivity/conn_soc/drv_wlan/mt_wifi/wlan/nic/nic.c:619:
drivers/misc/mediatek/connectivity/conn_soc/drv_wlan/mt_wifi/wlan/include/mgmt/scan.h:324:0: warning: "CFG_BATCH_MAX_MSCAN" redefined
 #define CFG_BATCH_MAX_MSCAN 4
 ^
In file included from drivers/misc/mediatek/connectivity/conn_soc/drv_wlan/mt_wifi/wlan/os/linux/include/gl_os.h:584:0,
                 from drivers/misc/mediatek/connectivity/conn_soc/drv_wlan/mt_wifi/wlan/include/precomp.h:173,
                 from drivers/misc/mediatek/connectivity/conn_soc/drv_wlan/mt_wifi/wlan/nic/nic.c:619:
drivers/misc/mediatek/connectivity/conn_soc/drv_wlan/mt_wifi/wlan/include/config.h:1585:0: note: this is the location of the previous definition
 #define CFG_BATCH_MAX_MSCAN                 2
 ^
  CC      drivers/misc/mediatek/connectivity/conn_soc/drv_wlan/mt_wifi/wlan/nic/nic_tx.o
  CC      net/ipv6/ip6_fib.o
In file included from drivers/misc/mediatek/connectivity/conn_soc/drv_wlan/mt_wifi/wlan/include/precomp.h:241:0,
                 from drivers/misc/mediatek/connectivity/conn_soc/drv_wlan/mt_wifi/wlan/nic/nic_tx.c:416:
drivers/misc/mediatek/connectivity/conn_soc/drv_wlan/mt_wifi/wlan/include/mgmt/scan.h:324:0: warning: "CFG_BATCH_MAX_MSCAN" redefined
 #define CFG_BATCH_MAX_MSCAN 4
 ^
In file included from drivers/misc/mediatek/connectivity/conn_soc/drv_wlan/mt_wifi/wlan/os/linux/include/gl_os.h:584:0,
                 from drivers/misc/mediatek/connectivity/conn_soc/drv_wlan/mt_wifi/wlan/include/precomp.h:173,
                 from drivers/misc/mediatek/connectivity/conn_soc/drv_wlan/mt_wifi/wlan/nic/nic_tx.c:416:
drivers/misc/mediatek/connectivity/conn_soc/drv_wlan/mt_wifi/wlan/include/config.h:1585:0: note: this is the location of the previous definition
 #define CFG_BATCH_MAX_MSCAN                 2
 ^
  CC      net/ipv6/ipv6_sockglue.o
  CC      net/ipv6/ndisc.o
  CC      drivers/misc/mediatek/connectivity/conn_soc/drv_wlan/mt_wifi/wlan/nic/nic_rx.o
  CC      net/ipv6/udp.o
In file included from drivers/misc/mediatek/connectivity/conn_soc/drv_wlan/mt_wifi/wlan/include/precomp.h:241:0,
                 from drivers/misc/mediatek/connectivity/conn_soc/drv_wlan/mt_wifi/wlan/nic/nic_rx.c:801:
drivers/misc/mediatek/connectivity/conn_soc/drv_wlan/mt_wifi/wlan/include/mgmt/scan.h:324:0: warning: "CFG_BATCH_MAX_MSCAN" redefined
 #define CFG_BATCH_MAX_MSCAN 4
 ^
In file included from drivers/misc/mediatek/connectivity/conn_soc/drv_wlan/mt_wifi/wlan/os/linux/include/gl_os.h:584:0,
                 from drivers/misc/mediatek/connectivity/conn_soc/drv_wlan/mt_wifi/wlan/include/precomp.h:173,
                 from drivers/misc/mediatek/connectivity/conn_soc/drv_wlan/mt_wifi/wlan/nic/nic_rx.c:801:
drivers/misc/mediatek/connectivity/conn_soc/drv_wlan/mt_wifi/wlan/include/config.h:1585:0: note: this is the location of the previous definition
 #define CFG_BATCH_MAX_MSCAN                 2
 ^
drivers/misc/mediatek/connectivity/conn_soc/drv_wlan/mt_wifi/wlan/nic/nic_rx.c: In function 'nicRxProcessGSCNEvent':
drivers/misc/mediatek/connectivity/conn_soc/drv_wlan/mt_wifi/wlan/nic/nic_rx.c:1644:2: warning: ISO C90 forbids mixed declarations and code [-Wdeclaration-after-statement]
  struct sk_buff *skb;
  ^
drivers/misc/mediatek/connectivity/conn_soc/drv_wlan/mt_wifi/wlan/nic/nic_rx.c:1668:13: warning: ISO C90 forbids mixed declarations and code [-Wdeclaration-after-statement]
             P_EVENT_GSCAN_SCAN_AVAILABLE_T prEventGscnAvailable;
             ^
drivers/misc/mediatek/connectivity/conn_soc/drv_wlan/mt_wifi/wlan/nic/nic_rx.c:1674:13: warning: passing argument 2 of 'mtk_cfg80211_vendor_event_scan_results_avaliable' from incompatible pointer type
             mtk_cfg80211_vendor_event_scan_results_avaliable(wiphy ,prEventGscnAvailable,prEventGscnAvailable->u2Num);
             ^
In file included from drivers/misc/mediatek/connectivity/conn_soc/drv_wlan/mt_wifi/wlan/include/mgmt/scan.h:265:0,
                 from drivers/misc/mediatek/connectivity/conn_soc/drv_wlan/mt_wifi/wlan/include/precomp.h:241,
                 from drivers/misc/mediatek/connectivity/conn_soc/drv_wlan/mt_wifi/wlan/nic/nic_rx.c:801:
drivers/misc/mediatek/connectivity/conn_soc/drv_wlan/mt_wifi/wlan/os/linux/include/gl_vendor.h:617:5: note: expected 'struct wireless_dev *' but argument is of type 'P_EVENT_GSCAN_SCAN_AVAILABLE_T'
 int mtk_cfg80211_vendor_event_scan_results_avaliable(
     ^
drivers/misc/mediatek/connectivity/conn_soc/drv_wlan/mt_wifi/wlan/nic/nic_rx.c:1692:13: warning: ISO C90 forbids mixed declarations and code [-Wdeclaration-after-statement]
             P_EVENT_GSCAN_RESULT_T prEventBuffer;
             ^
drivers/misc/mediatek/connectivity/conn_soc/drv_wlan/mt_wifi/wlan/nic/nic_rx.c:1702:13: warning: ISO C90 forbids mixed declarations and code [-Wdeclaration-after-statement]
             INT_32 i4Status = -EINVAL;
             ^
drivers/misc/mediatek/connectivity/conn_soc/drv_wlan/mt_wifi/wlan/nic/nic_rx.c:1749:13: warning: ISO C90 forbids mixed declarations and code [-Wdeclaration-after-statement]
             P_EVENT_GSCAN_CAPABILITY_T prEventGscnCapbiblity;
             ^
drivers/misc/mediatek/connectivity/conn_soc/drv_wlan/mt_wifi/wlan/nic/nic_rx.c:1755:13: warning: passing argument 2 of 'mtk_cfg80211_vendor_get_capabilities' from incompatible pointer type
             mtk_cfg80211_vendor_get_capabilities( wiphy,prGlueInfo->prDevHandler ,prEventGscnCapbiblity,sizeof(EVENT_GSCAN_CAPABILITY_T));
             ^
In file included from drivers/misc/mediatek/connectivity/conn_soc/drv_wlan/mt_wifi/wlan/include/mgmt/scan.h:265:0,
                 from drivers/misc/mediatek/connectivity/conn_soc/drv_wlan/mt_wifi/wlan/include/precomp.h:241,
                 from drivers/misc/mediatek/connectivity/conn_soc/drv_wlan/mt_wifi/wlan/nic/nic_rx.c:801:
drivers/misc/mediatek/connectivity/conn_soc/drv_wlan/mt_wifi/wlan/os/linux/include/gl_vendor.h:573:5: note: expected 'struct wireless_dev *' but argument is of type 'struct net_device *'
 int mtk_cfg80211_vendor_get_capabilities(
     ^
drivers/misc/mediatek/connectivity/conn_soc/drv_wlan/mt_wifi/wlan/nic/nic_rx.c:1773:13: warning: ISO C90 forbids mixed declarations and code [-Wdeclaration-after-statement]
             P_EVENT_GSCAN_SCAN_COMPLETE_T prEventGscnScnDone;
             ^
drivers/misc/mediatek/connectivity/conn_soc/drv_wlan/mt_wifi/wlan/nic/nic_rx.c:1779:13: warning: passing argument 2 of 'mtk_cfg80211_vendor_event_complete_scan' from incompatible pointer type
             mtk_cfg80211_vendor_event_complete_scan( wiphy ,prGlueInfo->prDevHandler,prEventGscnScnDone->ucScanState);
             ^
In file included from drivers/misc/mediatek/connectivity/conn_soc/drv_wlan/mt_wifi/wlan/include/mgmt/scan.h:265:0,
                 from drivers/misc/mediatek/connectivity/conn_soc/drv_wlan/mt_wifi/wlan/include/precomp.h:241,
                 from drivers/misc/mediatek/connectivity/conn_soc/drv_wlan/mt_wifi/wlan/nic/nic_rx.c:801:
drivers/misc/mediatek/connectivity/conn_soc/drv_wlan/mt_wifi/wlan/os/linux/include/gl_vendor.h:613:5: note: expected 'struct wireless_dev *' but argument is of type 'struct net_device *'
 int mtk_cfg80211_vendor_event_complete_scan(
     ^
drivers/misc/mediatek/connectivity/conn_soc/drv_wlan/mt_wifi/wlan/nic/nic_rx.c:1798:13: warning: ISO C90 forbids mixed declarations and code [-Wdeclaration-after-statement]
             P_WIFI_GSCAN_RESULT_T prEventGscnFullResultl;
             ^
drivers/misc/mediatek/connectivity/conn_soc/drv_wlan/mt_wifi/wlan/nic/nic_rx.c:1801:36: warning: assignment from incompatible pointer type
             prEventGscnFullResultl = (P_EVENT_GSCAN_FULL_RESULT_T)((prEvent->aucBuffer)+ sizeof(EVENT_GSCAN_FULL_RESULT_T));      
                                    ^
drivers/misc/mediatek/connectivity/conn_soc/drv_wlan/mt_wifi/wlan/nic/nic_rx.c:1810:13: warning: passing argument 2 of 'mtk_cfg80211_vendor_event_full_scan_results' from incompatible pointer type
             mtk_cfg80211_vendor_event_full_scan_results( wiphy ,
             ^
In file included from drivers/misc/mediatek/connectivity/conn_soc/drv_wlan/mt_wifi/wlan/include/mgmt/scan.h:265:0,
                 from drivers/misc/mediatek/connectivity/conn_soc/drv_wlan/mt_wifi/wlan/include/precomp.h:241,
                 from drivers/misc/mediatek/connectivity/conn_soc/drv_wlan/mt_wifi/wlan/nic/nic_rx.c:801:
drivers/misc/mediatek/connectivity/conn_soc/drv_wlan/mt_wifi/wlan/os/linux/include/gl_vendor.h:621:5: note: expected 'struct wireless_dev *' but argument is of type 'struct net_device *'
 int mtk_cfg80211_vendor_event_full_scan_results(
     ^
drivers/misc/mediatek/connectivity/conn_soc/drv_wlan/mt_wifi/wlan/nic/nic_rx.c:1644:18: warning: unused variable 'skb' [-Wunused-variable]
  struct sk_buff *skb;
                  ^
drivers/misc/mediatek/connectivity/conn_soc/drv_wlan/mt_wifi/wlan/nic/nic_rx.c:1624:19: warning: unused variable 'prMsduInfo' [-Wunused-variable]
     P_MSDU_INFO_T prMsduInfo;
                   ^
drivers/misc/mediatek/connectivity/conn_soc/drv_wlan/mt_wifi/wlan/nic/nic_rx.c:1623:18: warning: unused variable 'prCmdInfo' [-Wunused-variable]
     P_CMD_INFO_T prCmdInfo;
                  ^
drivers/misc/mediatek/connectivity/conn_soc/drv_wlan/mt_wifi/wlan/nic/nic_rx.c: In function 'nicRxProcessEventPacket':
drivers/misc/mediatek/connectivity/conn_soc/drv_wlan/mt_wifi/wlan/nic/nic_rx.c:1905:13: warning: unused variable 'fgKeepprSwRfb' [-Wunused-variable]
     BOOLEAN fgKeepprSwRfb = FALSE;
             ^
  CC      net/ipv6/udplite.o
  CC      net/ipv6/raw.o
  CC      net/ipv6/icmp.o
  CC      drivers/misc/mediatek/connectivity/conn_soc/drv_wlan/mt_wifi/wlan/nic/nic_pwr_mgt.o
In file included from drivers/misc/mediatek/connectivity/conn_soc/drv_wlan/mt_wifi/wlan/include/precomp.h:241:0,
                 from drivers/misc/mediatek/connectivity/conn_soc/drv_wlan/mt_wifi/wlan/nic/nic_pwr_mgt.c:218:
drivers/misc/mediatek/connectivity/conn_soc/drv_wlan/mt_wifi/wlan/include/mgmt/scan.h:324:0: warning: "CFG_BATCH_MAX_MSCAN" redefined
 #define CFG_BATCH_MAX_MSCAN 4
 ^
In file included from drivers/misc/mediatek/connectivity/conn_soc/drv_wlan/mt_wifi/wlan/os/linux/include/gl_os.h:584:0,
                 from drivers/misc/mediatek/connectivity/conn_soc/drv_wlan/mt_wifi/wlan/include/precomp.h:173,
                 from drivers/misc/mediatek/connectivity/conn_soc/drv_wlan/mt_wifi/wlan/nic/nic_pwr_mgt.c:218:
drivers/misc/mediatek/connectivity/conn_soc/drv_wlan/mt_wifi/wlan/include/config.h:1585:0: note: this is the location of the previous definition
 #define CFG_BATCH_MAX_MSCAN                 2
 ^
  CC      drivers/misc/mediatek/connectivity/conn_soc/drv_wlan/mt_wifi/wlan/nic/cmd_buf.o
  CC      net/ipv6/mcast.o
  CC      net/ipv6/reassembly.o
In file included from drivers/misc/mediatek/connectivity/conn_soc/drv_wlan/mt_wifi/wlan/include/precomp.h:241:0,
                 from drivers/misc/mediatek/connectivity/conn_soc/drv_wlan/mt_wifi/wlan/nic/cmd_buf.c:60:
drivers/misc/mediatek/connectivity/conn_soc/drv_wlan/mt_wifi/wlan/include/mgmt/scan.h:324:0: warning: "CFG_BATCH_MAX_MSCAN" redefined
 #define CFG_BATCH_MAX_MSCAN 4
 ^
In file included from drivers/misc/mediatek/connectivity/conn_soc/drv_wlan/mt_wifi/wlan/os/linux/include/gl_os.h:584:0,
                 from drivers/misc/mediatek/connectivity/conn_soc/drv_wlan/mt_wifi/wlan/include/precomp.h:173,
                 from drivers/misc/mediatek/connectivity/conn_soc/drv_wlan/mt_wifi/wlan/nic/cmd_buf.c:60:
drivers/misc/mediatek/connectivity/conn_soc/drv_wlan/mt_wifi/wlan/include/config.h:1585:0: note: this is the location of the previous definition
 #define CFG_BATCH_MAX_MSCAN                 2
 ^
  CC      drivers/misc/mediatek/connectivity/conn_soc/drv_wlan/mt_wifi/wlan/nic/que_mgt.o
  CC      net/ipv6/tcp_ipv6.o
In file included from drivers/misc/mediatek/connectivity/conn_soc/drv_wlan/mt_wifi/wlan/include/precomp.h:241:0,
                 from drivers/misc/mediatek/connectivity/conn_soc/drv_wlan/mt_wifi/wlan/nic/que_mgt.c:464:
drivers/misc/mediatek/connectivity/conn_soc/drv_wlan/mt_wifi/wlan/include/mgmt/scan.h:324:0: warning: "CFG_BATCH_MAX_MSCAN" redefined
 #define CFG_BATCH_MAX_MSCAN 4
 ^
In file included from drivers/misc/mediatek/connectivity/conn_soc/drv_wlan/mt_wifi/wlan/os/linux/include/gl_os.h:584:0,
                 from drivers/misc/mediatek/connectivity/conn_soc/drv_wlan/mt_wifi/wlan/include/precomp.h:173,
                 from drivers/misc/mediatek/connectivity/conn_soc/drv_wlan/mt_wifi/wlan/nic/que_mgt.c:464:
drivers/misc/mediatek/connectivity/conn_soc/drv_wlan/mt_wifi/wlan/include/config.h:1585:0: note: this is the location of the previous definition
 #define CFG_BATCH_MAX_MSCAN                 2
 ^
  CC      net/ipv6/ping.o
  CC      net/ipv6/exthdrs.o
  CC      drivers/misc/mediatek/connectivity/conn_soc/drv_wlan/mt_wifi/wlan/nic/nic_cmd_event.o
  LD      drivers/misc/ti-st/built-in.o
  CC      net/key/af_key.o
  CC      net/ipv6/datagram.o
In file included from drivers/misc/mediatek/connectivity/conn_soc/drv_wlan/mt_wifi/wlan/include/precomp.h:241:0,
                 from drivers/misc/mediatek/connectivity/conn_soc/drv_wlan/mt_wifi/wlan/nic/nic_cmd_event.c:317:
drivers/misc/mediatek/connectivity/conn_soc/drv_wlan/mt_wifi/wlan/include/mgmt/scan.h:324:0: warning: "CFG_BATCH_MAX_MSCAN" redefined
 #define CFG_BATCH_MAX_MSCAN 4
 ^
In file included from drivers/misc/mediatek/connectivity/conn_soc/drv_wlan/mt_wifi/wlan/os/linux/include/gl_os.h:584:0,
                 from drivers/misc/mediatek/connectivity/conn_soc/drv_wlan/mt_wifi/wlan/include/precomp.h:173,
                 from drivers/misc/mediatek/connectivity/conn_soc/drv_wlan/mt_wifi/wlan/nic/nic_cmd_event.c:317:
drivers/misc/mediatek/connectivity/conn_soc/drv_wlan/mt_wifi/wlan/include/config.h:1585:0: note: this is the location of the previous definition
 #define CFG_BATCH_MAX_MSCAN                 2
 ^
  CC      drivers/misc/mediatek/connectivity/conn_soc/drv_wlan/mt_wifi/wlan/nic/p2p_nic.o
  CC      net/ipv6/ip6_flowlabel.o
In file included from drivers/misc/mediatek/connectivity/conn_soc/drv_wlan/mt_wifi/wlan/include/precomp.h:241:0,
                 from drivers/misc/mediatek/connectivity/conn_soc/drv_wlan/mt_wifi/wlan/nic/p2p_nic.c:27:
drivers/misc/mediatek/connectivity/conn_soc/drv_wlan/mt_wifi/wlan/include/mgmt/scan.h:324:0: warning: "CFG_BATCH_MAX_MSCAN" redefined
 #define CFG_BATCH_MAX_MSCAN 4
 ^
In file included from drivers/misc/mediatek/connectivity/conn_soc/drv_wlan/mt_wifi/wlan/os/linux/include/gl_os.h:584:0,
                 from drivers/misc/mediatek/connectivity/conn_soc/drv_wlan/mt_wifi/wlan/include/precomp.h:173,
                 from drivers/misc/mediatek/connectivity/conn_soc/drv_wlan/mt_wifi/wlan/nic/p2p_nic.c:27:
drivers/misc/mediatek/connectivity/conn_soc/drv_wlan/mt_wifi/wlan/include/config.h:1585:0: note: this is the location of the previous definition
 #define CFG_BATCH_MAX_MSCAN                 2
 ^
  CC      drivers/misc/mediatek/connectivity/conn_soc/drv_wlan/mt_wifi/wlan/os/linux/gl_init.o
  LD      net/key/built-in.o
  CC      net/llc/llc_core.o
  CC      net/ipv6/inet6_connection_sock.o
In file included from drivers/misc/mediatek/connectivity/conn_soc/drv_wlan/mt_wifi/wlan/include/precomp.h:241:0,
                 from drivers/misc/mediatek/connectivity/conn_soc/drv_wlan/mt_wifi/wlan/os/linux/gl_init.c:662:
drivers/misc/mediatek/connectivity/conn_soc/drv_wlan/mt_wifi/wlan/include/mgmt/scan.h:324:0: warning: "CFG_BATCH_MAX_MSCAN" redefined
 #define CFG_BATCH_MAX_MSCAN 4
 ^
In file included from drivers/misc/mediatek/connectivity/conn_soc/drv_wlan/mt_wifi/wlan/os/linux/include/gl_os.h:584:0,
                 from drivers/misc/mediatek/connectivity/conn_soc/drv_wlan/mt_wifi/wlan/os/linux/gl_init.c:657:
drivers/misc/mediatek/connectivity/conn_soc/drv_wlan/mt_wifi/wlan/include/config.h:1585:0: note: this is the location of the previous definition
 #define CFG_BATCH_MAX_MSCAN                 2
 ^
drivers/misc/mediatek/connectivity/conn_soc/drv_wlan/mt_wifi/wlan/os/linux/gl_init.c: In function 'wlanNetCreate':
drivers/misc/mediatek/connectivity/conn_soc/drv_wlan/mt_wifi/wlan/os/linux/gl_init.c:2421:36: warning: assignment from incompatible pointer type
     prWdev->wiphy->vendor_commands = &mtk_wlan_vendor_ops;
                                    ^
drivers/misc/mediatek/connectivity/conn_soc/drv_wlan/mt_wifi/wlan/os/linux/gl_init.c:2423:34: warning: assignment from incompatible pointer type
     prWdev->wiphy->vendor_events = &mtk_wlan_vendor_events;
                                  ^
  CC      net/llc/llc_input.o
  CC      net/llc/llc_output.o
  CC      net/ipv6/sysctl_net_ipv6.o
  LD      net/llc/llc.o
  LD      net/llc/built-in.o
  CC      net/netfilter/core.o
  CC      net/ipv6/ip6mr.o
  CC      drivers/misc/mediatek/connectivity/conn_soc/drv_wlan/mt_wifi/wlan/os/linux/gl_kal.o
In file included from drivers/misc/mediatek/connectivity/conn_soc/drv_wlan/mt_wifi/wlan/include/precomp.h:241:0,
                 from drivers/misc/mediatek/connectivity/conn_soc/drv_wlan/mt_wifi/wlan/os/linux/gl_kal.c:687:
drivers/misc/mediatek/connectivity/conn_soc/drv_wlan/mt_wifi/wlan/include/mgmt/scan.h:324:0: warning: "CFG_BATCH_MAX_MSCAN" redefined
 #define CFG_BATCH_MAX_MSCAN 4
 ^
In file included from drivers/misc/mediatek/connectivity/conn_soc/drv_wlan/mt_wifi/wlan/os/linux/include/gl_os.h:584:0,
                 from drivers/misc/mediatek/connectivity/conn_soc/drv_wlan/mt_wifi/wlan/os/linux/gl_kal.c:685:
drivers/misc/mediatek/connectivity/conn_soc/drv_wlan/mt_wifi/wlan/include/config.h:1585:0: note: this is the location of the previous definition
 #define CFG_BATCH_MAX_MSCAN                 2
 ^
drivers/misc/mediatek/connectivity/conn_soc/drv_wlan/mt_wifi/wlan/os/linux/gl_kal.c: In function 'kalFirmwareOpen':
drivers/misc/mediatek/connectivity/conn_soc/drv_wlan/mt_wifi/wlan/os/linux/gl_kal.c:889:1: warning: label 'open_success' defined but not used [-Wunused-label]
 open_success:
 ^
drivers/misc/mediatek/connectivity/conn_soc/drv_wlan/mt_wifi/wlan/os/linux/gl_kal.c: In function 'kalMetCtrlWriteProcfs':
drivers/misc/mediatek/connectivity/conn_soc/drv_wlan/mt_wifi/wlan/os/linux/gl_kal.c:4865:5: warning: ignoring return value of 'copy_from_user', declared with attribute warn_unused_result [-Wunused-result]
     copy_from_user(acBuf, buffer, u4CopySize);
     ^
drivers/misc/mediatek/connectivity/conn_soc/drv_wlan/mt_wifi/wlan/os/linux/gl_kal.c: In function 'kalMetPortWriteProcfs':
drivers/misc/mediatek/connectivity/conn_soc/drv_wlan/mt_wifi/wlan/os/linux/gl_kal.c:4904:5: warning: ignoring return value of 'copy_from_user', declared with attribute warn_unused_result [-Wunused-result]
     copy_from_user(acBuf, buffer, u4CopySize);
     ^
  CC      net/netfilter/nf_log.o
  CC      net/netfilter/nf_queue.o
  CC      net/ipv6/xfrm6_policy.o
  CC      drivers/misc/mediatek/connectivity/conn_soc/drv_wlan/mt_wifi/wlan/os/linux/gl_bow.o
  CC      net/netfilter/nf_sockopt.o
In file included from drivers/misc/mediatek/connectivity/conn_soc/drv_wlan/mt_wifi/wlan/include/precomp.h:241:0,
                 from drivers/misc/mediatek/connectivity/conn_soc/drv_wlan/mt_wifi/wlan/os/linux/gl_bow.c:202:
drivers/misc/mediatek/connectivity/conn_soc/drv_wlan/mt_wifi/wlan/include/mgmt/scan.h:324:0: warning: "CFG_BATCH_MAX_MSCAN" redefined
 #define CFG_BATCH_MAX_MSCAN 4
 ^
In file included from drivers/misc/mediatek/connectivity/conn_soc/drv_wlan/mt_wifi/wlan/os/linux/include/gl_os.h:584:0,
                 from drivers/misc/mediatek/connectivity/conn_soc/drv_wlan/mt_wifi/wlan/os/linux/gl_bow.c:198:
drivers/misc/mediatek/connectivity/conn_soc/drv_wlan/mt_wifi/wlan/include/config.h:1585:0: note: this is the location of the previous definition
 #define CFG_BATCH_MAX_MSCAN                 2
 ^
  CC      net/ipv6/xfrm6_state.o
  CC      net/netfilter/nf_conntrack_core.o
  CC      drivers/misc/mediatek/connectivity/conn_soc/drv_wlan/mt_wifi/wlan/os/linux/gl_wext.o
  CC      net/ipv6/xfrm6_input.o
In file included from drivers/misc/mediatek/connectivity/conn_soc/drv_wlan/mt_wifi/wlan/include/precomp.h:241:0,
                 from drivers/misc/mediatek/connectivity/conn_soc/drv_wlan/mt_wifi/wlan/os/linux/gl_wext.c:387:
drivers/misc/mediatek/connectivity/conn_soc/drv_wlan/mt_wifi/wlan/include/mgmt/scan.h:324:0: warning: "CFG_BATCH_MAX_MSCAN" redefined
 #define CFG_BATCH_MAX_MSCAN 4
 ^
In file included from drivers/misc/mediatek/connectivity/conn_soc/drv_wlan/mt_wifi/wlan/os/linux/include/gl_os.h:584:0,
                 from drivers/misc/mediatek/connectivity/conn_soc/drv_wlan/mt_wifi/wlan/os/linux/gl_wext.c:379:
drivers/misc/mediatek/connectivity/conn_soc/drv_wlan/mt_wifi/wlan/include/config.h:1585:0: note: this is the location of the previous definition
 #define CFG_BATCH_MAX_MSCAN                 2
 ^
  CC      net/ipv6/xfrm6_output.o
  CC      net/netfilter/nf_conntrack_standalone.o
  CC      net/netfilter/nf_conntrack_expect.o
  CC      net/ipv6/netfilter.o
  CC      drivers/misc/mediatek/connectivity/conn_soc/drv_wlan/mt_wifi/wlan/os/linux/gl_wext_priv.o
In file included from drivers/misc/mediatek/connectivity/conn_soc/drv_wlan/mt_wifi/wlan/include/precomp.h:241:0,
                 from drivers/misc/mediatek/connectivity/conn_soc/drv_wlan/mt_wifi/wlan/os/linux/gl_wext_priv.c:214:
drivers/misc/mediatek/connectivity/conn_soc/drv_wlan/mt_wifi/wlan/include/mgmt/scan.h:324:0: warning: "CFG_BATCH_MAX_MSCAN" redefined
 #define CFG_BATCH_MAX_MSCAN 4
 ^
  CC      net/ipv6/fib6_rules.o
In file included from drivers/misc/mediatek/connectivity/conn_soc/drv_wlan/mt_wifi/wlan/os/linux/include/gl_os.h:584:0,
                 from drivers/misc/mediatek/connectivity/conn_soc/drv_wlan/mt_wifi/wlan/include/precomp.h:173,
                 from drivers/misc/mediatek/connectivity/conn_soc/drv_wlan/mt_wifi/wlan/os/linux/gl_wext_priv.c:214:
drivers/misc/mediatek/connectivity/conn_soc/drv_wlan/mt_wifi/wlan/include/config.h:1585:0: note: this is the location of the previous definition
 #define CFG_BATCH_MAX_MSCAN                 2
 ^
drivers/misc/mediatek/connectivity/conn_soc/drv_wlan/mt_wifi/wlan/os/linux/gl_wext_priv.c: In function 'priv_set_struct':
drivers/misc/mediatek/connectivity/conn_soc/drv_wlan/mt_wifi/wlan/os/linux/gl_wext_priv.c:1842:14: warning: unused variable 'pu4IntBuf' [-Wunused-variable]
     PUINT_32 pu4IntBuf = NULL;
              ^
drivers/misc/mediatek/connectivity/conn_soc/drv_wlan/mt_wifi/wlan/os/linux/gl_wext_priv.c: In function 'priv_get_struct':
drivers/misc/mediatek/connectivity/conn_soc/drv_wlan/mt_wifi/wlan/os/linux/gl_wext_priv.c:2051:21: warning: unused variable 'pu4IntBuf' [-Wunused-variable]
     PUINT_32        pu4IntBuf = NULL;
                     ^
  CC      net/netfilter/nf_conntrack_helper.o
  CC      net/ipv6/proc.o
  CC      net/netfilter/nf_conntrack_proto.o
  CC      drivers/misc/mediatek/connectivity/conn_soc/drv_wlan/mt_wifi/wlan/os/linux/gl_rst.o
  CC      net/netfilter/nf_conntrack_l3proto_generic.o
  CC      net/ipv6/syncookies.o
In file included from drivers/misc/mediatek/connectivity/conn_soc/drv_wlan/mt_wifi/wlan/include/precomp.h:241:0,
                 from drivers/misc/mediatek/connectivity/conn_soc/drv_wlan/mt_wifi/wlan/os/linux/gl_rst.c:50:
drivers/misc/mediatek/connectivity/conn_soc/drv_wlan/mt_wifi/wlan/include/mgmt/scan.h:324:0: warning: "CFG_BATCH_MAX_MSCAN" redefined
 #define CFG_BATCH_MAX_MSCAN 4
 ^
In file included from drivers/misc/mediatek/connectivity/conn_soc/drv_wlan/mt_wifi/wlan/os/linux/include/gl_os.h:584:0,
                 from drivers/misc/mediatek/connectivity/conn_soc/drv_wlan/mt_wifi/wlan/include/precomp.h:173,
                 from drivers/misc/mediatek/connectivity/conn_soc/drv_wlan/mt_wifi/wlan/os/linux/gl_rst.c:50:
drivers/misc/mediatek/connectivity/conn_soc/drv_wlan/mt_wifi/wlan/include/config.h:1585:0: note: this is the location of the previous definition
 #define CFG_BATCH_MAX_MSCAN                 2
 ^
  CC      net/netfilter/nf_conntrack_proto_generic.o
  CC      drivers/misc/mediatek/connectivity/conn_soc/drv_wlan/mt_wifi/wlan/os/linux/gl_cfg80211.o
  CC      net/netfilter/nf_conntrack_proto_tcp.o
In file included from drivers/misc/mediatek/connectivity/conn_soc/drv_wlan/mt_wifi/wlan/include/precomp.h:241:0,
                 from drivers/misc/mediatek/connectivity/conn_soc/drv_wlan/mt_wifi/wlan/os/linux/gl_cfg80211.c:54:
drivers/misc/mediatek/connectivity/conn_soc/drv_wlan/mt_wifi/wlan/include/mgmt/scan.h:324:0: warning: "CFG_BATCH_MAX_MSCAN" redefined
 #define CFG_BATCH_MAX_MSCAN 4
 ^
In file included from drivers/misc/mediatek/connectivity/conn_soc/drv_wlan/mt_wifi/wlan/os/linux/include/gl_os.h:584:0,
                 from drivers/misc/mediatek/connectivity/conn_soc/drv_wlan/mt_wifi/wlan/os/linux/gl_cfg80211.c:50:
drivers/misc/mediatek/connectivity/conn_soc/drv_wlan/mt_wifi/wlan/include/config.h:1585:0: note: this is the location of the previous definition
 #define CFG_BATCH_MAX_MSCAN                 2
 ^
drivers/misc/mediatek/connectivity/conn_soc/drv_wlan/mt_wifi/wlan/os/linux/gl_cfg80211.c: In function 'mtk_cfg80211_vendor_get_capabilities':
drivers/misc/mediatek/connectivity/conn_soc/drv_wlan/mt_wifi/wlan/os/linux/gl_cfg80211.c:2992:13: warning: unused variable 'u4BufLen' [-Wunused-variable]
     UINT_32 u4BufLen;
             ^
drivers/misc/mediatek/connectivity/conn_soc/drv_wlan/mt_wifi/wlan/os/linux/gl_cfg80211.c: In function 'mtk_cfg80211_vendor_set_scan_config':
drivers/misc/mediatek/connectivity/conn_soc/drv_wlan/mt_wifi/wlan/os/linux/gl_cfg80211.c:3205:13: warning: unused variable 'num_scans' [-Wunused-variable]
     UINT_32 num_scans = 0; //another attribute
             ^
drivers/misc/mediatek/connectivity/conn_soc/drv_wlan/mt_wifi/wlan/os/linux/gl_cfg80211.c:3202:12: warning: unused variable 'i4Status' [-Wunused-variable]
     INT_32 i4Status = -EINVAL;
            ^
drivers/misc/mediatek/connectivity/conn_soc/drv_wlan/mt_wifi/wlan/os/linux/gl_cfg80211.c: In function 'mtk_cfg80211_vendor_set_significant_change':
drivers/misc/mediatek/connectivity/conn_soc/drv_wlan/mt_wifi/wlan/os/linux/gl_cfg80211.c:3273:12: warning: unused variable 'i4Status' [-Wunused-variable]
     INT_32 i4Status = -EINVAL;
            ^
drivers/misc/mediatek/connectivity/conn_soc/drv_wlan/mt_wifi/wlan/os/linux/gl_cfg80211.c: In function 'mtk_cfg80211_vendor_set_hotlist':
drivers/misc/mediatek/connectivity/conn_soc/drv_wlan/mt_wifi/wlan/os/linux/gl_cfg80211.c:3398:12: warning: unused variable 'i4Status' [-Wunused-variable]
     INT_32 i4Status = -EINVAL;
            ^
drivers/misc/mediatek/connectivity/conn_soc/drv_wlan/mt_wifi/wlan/os/linux/gl_cfg80211.c:3394:14: warning: unused variable 'u4BufLen' [-Wunused-variable]
     UINT_32  u4BufLen;
              ^
drivers/misc/mediatek/connectivity/conn_soc/drv_wlan/mt_wifi/wlan/os/linux/gl_cfg80211.c:3393:17: warning: unused variable 'rStatus' [-Wunused-variable]
     WLAN_STATUS rStatus;
                 ^
drivers/misc/mediatek/connectivity/conn_soc/drv_wlan/mt_wifi/wlan/os/linux/gl_cfg80211.c: In function 'mtk_cfg80211_vendor_enable_scan':
drivers/misc/mediatek/connectivity/conn_soc/drv_wlan/mt_wifi/wlan/os/linux/gl_cfg80211.c:3561:5: warning: ISO C90 forbids mixed declarations and code [-Wdeclaration-after-statement]
     static UINT_8 k;
     ^
drivers/misc/mediatek/connectivity/conn_soc/drv_wlan/mt_wifi/wlan/os/linux/gl_cfg80211.c:3519:12: warning: unused variable 'i4Status' [-Wunused-variable]
     INT_32 i4Status = -EINVAL;
            ^
drivers/misc/mediatek/connectivity/conn_soc/drv_wlan/mt_wifi/wlan/os/linux/gl_cfg80211.c:3515:13: warning: unused variable 'i' [-Wunused-variable]
     UINT_32 i, u4BufLen;
             ^
drivers/misc/mediatek/connectivity/conn_soc/drv_wlan/mt_wifi/wlan/os/linux/gl_cfg80211.c: In function 'mtk_cfg80211_vendor_enable_full_scan_results':
drivers/misc/mediatek/connectivity/conn_soc/drv_wlan/mt_wifi/wlan/os/linux/gl_cfg80211.c:3580:12: warning: unused variable 'i4Status' [-Wunused-variable]
     INT_32 i4Status = -EINVAL;
            ^
drivers/misc/mediatek/connectivity/conn_soc/drv_wlan/mt_wifi/wlan/os/linux/gl_cfg80211.c: In function 'mtk_cfg80211_vendor_get_scan_results':
drivers/misc/mediatek/connectivity/conn_soc/drv_wlan/mt_wifi/wlan/os/linux/gl_cfg80211.c:3628:13: warning: unused variable 'scan_id' [-Wunused-variable]
     UINT_32 scan_id;
             ^
drivers/misc/mediatek/connectivity/conn_soc/drv_wlan/mt_wifi/wlan/os/linux/gl_cfg80211.c:3627:12: warning: unused variable 'j' [-Wunused-variable]
     int i, j;
            ^
drivers/misc/mediatek/connectivity/conn_soc/drv_wlan/mt_wifi/wlan/os/linux/gl_cfg80211.c:3626:21: warning: unused variable 'skb' [-Wunused-variable]
     struct sk_buff *skb;
                     ^
drivers/misc/mediatek/connectivity/conn_soc/drv_wlan/mt_wifi/wlan/os/linux/gl_cfg80211.c:3625:41: warning: unused variable 'pResult' [-Wunused-variable]
     PARAM_WIFI_GSCAN_RESULT result[4], *pResult;
                                         ^
drivers/misc/mediatek/connectivity/conn_soc/drv_wlan/mt_wifi/wlan/os/linux/gl_cfg80211.c:3625:29: warning: unused variable 'result' [-Wunused-variable]
     PARAM_WIFI_GSCAN_RESULT result[4], *pResult;
                             ^
drivers/misc/mediatek/connectivity/conn_soc/drv_wlan/mt_wifi/wlan/os/linux/gl_cfg80211.c:3616:17: warning: unused variable 'rStatus' [-Wunused-variable]
     WLAN_STATUS rStatus;
                 ^
drivers/misc/mediatek/connectivity/conn_soc/drv_wlan/mt_wifi/wlan/os/linux/gl_cfg80211.c: In function 'mtk_cfg80211_vendor_event_full_scan_results':
drivers/misc/mediatek/connectivity/conn_soc/drv_wlan/mt_wifi/wlan/os/linux/gl_cfg80211.c:3889:5: warning: ISO C90 forbids mixed declarations and code [-Wdeclaration-after-statement]
     PARAM_WIFI_GSCAN_RESULT result;
     ^
drivers/misc/mediatek/connectivity/conn_soc/drv_wlan/mt_wifi/wlan/os/linux/gl_cfg80211.c: In function 'mtk_cfg80211_vendor_event_significant_change_results':
drivers/misc/mediatek/connectivity/conn_soc/drv_wlan/mt_wifi/wlan/os/linux/gl_cfg80211.c:3923:5: warning: ISO C90 forbids mixed declarations and code [-Wdeclaration-after-statement]
     PARAM_WIFI_CHANGE_RESULT result[2], *presult;
     ^
drivers/misc/mediatek/connectivity/conn_soc/drv_wlan/mt_wifi/wlan/os/linux/gl_cfg80211.c: In function 'mtk_cfg80211_vendor_event_hotlist_ap_found':
drivers/misc/mediatek/connectivity/conn_soc/drv_wlan/mt_wifi/wlan/os/linux/gl_cfg80211.c:3961:5: warning: ISO C90 forbids mixed declarations and code [-Wdeclaration-after-statement]
     PARAM_WIFI_GSCAN_RESULT result[2], *presult;
     ^
drivers/misc/mediatek/connectivity/conn_soc/drv_wlan/mt_wifi/wlan/os/linux/gl_cfg80211.c: In function 'mtk_cfg80211_vendor_event_hotlist_ap_lost':
drivers/misc/mediatek/connectivity/conn_soc/drv_wlan/mt_wifi/wlan/os/linux/gl_cfg80211.c:3997:5: warning: ISO C90 forbids mixed declarations and code [-Wdeclaration-after-statement]
     PARAM_WIFI_GSCAN_RESULT result[2], *presult;
     ^
drivers/misc/mediatek/connectivity/conn_soc/drv_wlan/mt_wifi/wlan/os/linux/gl_cfg80211.c: In function 'mtk_cfg80211_testmode_get_lte_channel':
drivers/misc/mediatek/connectivity/conn_soc/drv_wlan/mt_wifi/wlan/os/linux/gl_cfg80211.c:4049:26: warning: unused variable 'aucChannelList' [-Wunused-variable]
     RF_CHANNEL_INFO_T    aucChannelList[MAXMUN_2_4G_CHA_NUM]; 
                          ^
  CC      net/ipv6/ah6.o
  CC      net/ipv6/esp6.o
  CC      net/netfilter/nf_conntrack_proto_udp.o
drivers/misc/mediatek/connectivity/conn_soc/drv_wlan/mt_wifi/wlan/os/linux/gl_cfg80211.c: In function 'mtk_cfg80211_vendor_set_significant_change':
drivers/misc/mediatek/connectivity/conn_soc/drv_wlan/mt_wifi/wlan/os/linux/gl_cfg80211.c:3338:5: warning: 'flush' may be used uninitialized in this function [-Wmaybe-uninitialized]
     printk("+++basic attribute size=%d flush=%d\r\n", len_basic, flush);
     ^
drivers/misc/mediatek/connectivity/conn_soc/drv_wlan/mt_wifi/wlan/os/linux/gl_cfg80211.c: In function 'mtk_cfg80211_vendor_set_hotlist':
drivers/misc/mediatek/connectivity/conn_soc/drv_wlan/mt_wifi/wlan/os/linux/gl_cfg80211.c:3453:5: warning: 'flush' may be used uninitialized in this function [-Wmaybe-uninitialized]
     printk("+++basic attribute size=%d flush=%d\r\n", len_basic, flush);
     ^
drivers/misc/mediatek/connectivity/conn_soc/drv_wlan/mt_wifi/wlan/os/linux/gl_cfg80211.c: In function 'mtk_cfg80211_vendor_get_scan_results':
drivers/misc/mediatek/connectivity/conn_soc/drv_wlan/mt_wifi/wlan/os/linux/gl_cfg80211.c:3651:5: warning: 'flush' may be used uninitialized in this function [-Wmaybe-uninitialized]
     printk("number=%d, flush=%d \r\n", get_num, flush);
     ^
drivers/misc/mediatek/connectivity/conn_soc/drv_wlan/mt_wifi/wlan/os/linux/gl_cfg80211.c:3656:14: warning: 'get_num' may be used uninitialized in this function [-Wmaybe-uninitialized]
     real_num = (get_num < PSCAN_MAX_SCAN_CACHE_SIZE) ? get_num : PSCAN_MAX_SCAN_CACHE_SIZE;
              ^
  CC      net/ipv6/ipcomp6.o
  CC      net/netfilter/nf_conntrack_extend.o
  CC      drivers/misc/mediatek/connectivity/conn_soc/drv_wlan/mt_wifi/wlan/os/linux/platform.o
  CC      net/ipv6/xfrm6_tunnel.o
  CC      net/netfilter/nf_conntrack_acct.o
  CC      net/ipv6/tunnel6.o
  CC      drivers/misc/mediatek/connectivity/conn_soc/drv_wlan/mt_wifi/wlan/os/linux/gl_proc.o
  CC      net/netfilter/nf_conntrack_ecache.o
drivers/misc/mediatek/connectivity/conn_soc/drv_wlan/mt_wifi/wlan/os/linux/gl_proc.c:262:2: warning: initialization from incompatible pointer type
  .write = procMCRWrite,
  ^
drivers/misc/mediatek/connectivity/conn_soc/drv_wlan/mt_wifi/wlan/os/linux/gl_proc.c:262:2: warning: (near initialization for 'mcr_ops.write')
drivers/misc/mediatek/connectivity/conn_soc/drv_wlan/mt_wifi/wlan/os/linux/gl_proc.c: In function 'procDbgLevelWrite':
drivers/misc/mediatek/connectivity/conn_soc/drv_wlan/mt_wifi/wlan/os/linux/gl_proc.c:568:9: warning: unused variable 'i' [-Wunused-variable]
  UINT_8 i = 0;
         ^
drivers/misc/mediatek/connectivity/conn_soc/drv_wlan/mt_wifi/wlan/os/linux/gl_proc.c: At top level:
drivers/misc/mediatek/connectivity/conn_soc/drv_wlan/mt_wifi/wlan/os/linux/gl_proc.c:603:2: warning: initialization from incompatible pointer type
  .write = procDbgLevelWrite,
  ^
drivers/misc/mediatek/connectivity/conn_soc/drv_wlan/mt_wifi/wlan/os/linux/gl_proc.c:603:2: warning: (near initialization for 'dbglevel_ops.write')
drivers/misc/mediatek/connectivity/conn_soc/drv_wlan/mt_wifi/wlan/os/linux/gl_proc.c: In function 'procUninitProcFs':
drivers/misc/mediatek/connectivity/conn_soc/drv_wlan/mt_wifi/wlan/os/linux/gl_proc.c:639:1: warning: control reaches end of non-void function [-Wreturn-type]
 }
 ^
  CC      net/ipv6/xfrm6_mode_transport.o
  CC      drivers/misc/mediatek/connectivity/conn_soc/drv_wlan/mt_wifi/wlan/os/linux/gl_p2p.o
  CC      net/netfilter/nf_nat_core.o
In file included from drivers/misc/mediatek/connectivity/conn_soc/drv_wlan/mt_wifi/wlan/include/precomp.h:241:0,
                 from drivers/misc/mediatek/connectivity/conn_soc/drv_wlan/mt_wifi/wlan/os/linux/gl_p2p.c:566:
drivers/misc/mediatek/connectivity/conn_soc/drv_wlan/mt_wifi/wlan/include/mgmt/scan.h:324:0: warning: "CFG_BATCH_MAX_MSCAN" redefined
 #define CFG_BATCH_MAX_MSCAN 4
 ^
In file included from drivers/misc/mediatek/connectivity/conn_soc/drv_wlan/mt_wifi/wlan/os/linux/include/gl_os.h:584:0,
                 from drivers/misc/mediatek/connectivity/conn_soc/drv_wlan/mt_wifi/wlan/os/linux/gl_p2p.c:556:
drivers/misc/mediatek/connectivity/conn_soc/drv_wlan/mt_wifi/wlan/include/config.h:1585:0: note: this is the location of the previous definition
 #define CFG_BATCH_MAX_MSCAN                 2
 ^
  CC      net/ipv6/xfrm6_mode_tunnel.o
  CC      net/ipv6/xfrm6_mode_ro.o
  CC      net/netfilter/nf_nat_proto_unknown.o
  CC      net/ipv6/xfrm6_mode_beet.o
  CC      drivers/misc/mediatek/connectivity/conn_soc/drv_wlan/mt_wifi/wlan/os/linux/gl_p2p_cfg80211.o
  CC      net/netfilter/nf_nat_proto_common.o
  CC      net/ipv6/mip6.o
  CC      net/netfilter/nf_nat_proto_udp.o
In file included from drivers/misc/mediatek/connectivity/conn_soc/drv_wlan/mt_wifi/wlan/include/precomp.h:241:0,
                 from drivers/misc/mediatek/connectivity/conn_soc/drv_wlan/mt_wifi/wlan/os/linux/gl_p2p_cfg80211.c:110:
drivers/misc/mediatek/connectivity/conn_soc/drv_wlan/mt_wifi/wlan/include/mgmt/scan.h:324:0: warning: "CFG_BATCH_MAX_MSCAN" redefined
 #define CFG_BATCH_MAX_MSCAN 4
 ^
In file included from drivers/misc/mediatek/connectivity/conn_soc/drv_wlan/mt_wifi/wlan/os/linux/gl_p2p_cfg80211.c:99:0:
drivers/misc/mediatek/connectivity/conn_soc/drv_wlan/mt_wifi/wlan/include/config.h:1585:0: note: this is the location of the previous definition
 #define CFG_BATCH_MAX_MSCAN                 2
 ^
  CC      net/netfilter/nf_nat_proto_tcp.o
  CC      net/ipv6/netfilter/ip6_tables.o
  CC      net/netfilter/nf_nat_helper.o
  CC      drivers/misc/mediatek/connectivity/conn_soc/drv_wlan/mt_wifi/wlan/os/linux/gl_p2p_init.o
  CC      net/netfilter/nfnetlink_queue_core.o
In file included from drivers/misc/mediatek/connectivity/conn_soc/drv_wlan/mt_wifi/wlan/include/precomp.h:241:0,
                 from drivers/misc/mediatek/connectivity/conn_soc/drv_wlan/mt_wifi/wlan/os/linux/gl_p2p_init.c:38:
drivers/misc/mediatek/connectivity/conn_soc/drv_wlan/mt_wifi/wlan/include/mgmt/scan.h:324:0: warning: "CFG_BATCH_MAX_MSCAN" redefined
 #define CFG_BATCH_MAX_MSCAN 4
 ^
In file included from drivers/misc/mediatek/connectivity/conn_soc/drv_wlan/mt_wifi/wlan/os/linux/include/gl_os.h:584:0,
                 from drivers/misc/mediatek/connectivity/conn_soc/drv_wlan/mt_wifi/wlan/include/precomp.h:173,
                 from drivers/misc/mediatek/connectivity/conn_soc/drv_wlan/mt_wifi/wlan/os/linux/gl_p2p_init.c:38:
drivers/misc/mediatek/connectivity/conn_soc/drv_wlan/mt_wifi/wlan/include/config.h:1585:0: note: this is the location of the previous definition
 #define CFG_BATCH_MAX_MSCAN                 2
 ^
  CC      net/ipv6/netfilter/ip6table_filter.o
  CC      drivers/misc/mediatek/connectivity/conn_soc/drv_wlan/mt_wifi/wlan/os/linux/gl_p2p_kal.o
  CC      net/ipv6/netfilter/ip6table_mangle.o
In file included from drivers/misc/mediatek/connectivity/conn_soc/drv_wlan/mt_wifi/wlan/include/precomp.h:241:0,
                 from drivers/misc/mediatek/connectivity/conn_soc/drv_wlan/mt_wifi/wlan/os/linux/gl_p2p_kal.c:23:
drivers/misc/mediatek/connectivity/conn_soc/drv_wlan/mt_wifi/wlan/include/mgmt/scan.h:324:0: warning: "CFG_BATCH_MAX_MSCAN" redefined
 #define CFG_BATCH_MAX_MSCAN 4
 ^
In file included from drivers/misc/mediatek/connectivity/conn_soc/drv_wlan/mt_wifi/wlan/os/linux/include/gl_os.h:584:0,
                 from drivers/misc/mediatek/connectivity/conn_soc/drv_wlan/mt_wifi/wlan/include/precomp.h:173,
                 from drivers/misc/mediatek/connectivity/conn_soc/drv_wlan/mt_wifi/wlan/os/linux/gl_p2p_kal.c:23:
drivers/misc/mediatek/connectivity/conn_soc/drv_wlan/mt_wifi/wlan/include/config.h:1585:0: note: this is the location of the previous definition
 #define CFG_BATCH_MAX_MSCAN                 2
 ^
  CC      net/ipv6/netfilter/ip6table_raw.o
  CC      net/netfilter/nfnetlink.o
  CC      drivers/misc/mediatek/connectivity/conn_soc/drv_wlan/mt_wifi/wlan/os/linux/hif/ahb/arm.o
  LD      net/netfilter/nfnetlink_queue.o
  CC      net/ipv6/netfilter/nf_conntrack_l3proto_ipv6.o
  CC      net/netfilter/nfnetlink_log.o
  CC      drivers/misc/mediatek/connectivity/conn_soc/drv_wlan/mt_wifi/wlan/os/linux/hif/ahb/ahb.o
In file included from include/mach/mt_gpio.h:15:0,
                 from drivers/misc/mediatek/connectivity/conn_soc/drv_wlan/mt_wifi/wlan/os/linux/hif/ahb/ahb.c:1977:
/home/satory-ra/Android/kernel/android_kernel_oukitel_orange/drivers/misc/mediatek/mach/mt6735/Sprint4g/dct/dct/inc/cust_gpio_usage.h:481:0: warning: "GPIO_KPD_KCOL1_PIN_M_UCTS" redefined
 #define GPIO_KPD_KCOL1_PIN_M_UCTS   GPIO_MODE_03
 ^
/home/satory-ra/Android/kernel/android_kernel_oukitel_orange/drivers/misc/mediatek/mach/mt6735/Sprint4g/dct/dct/inc/cust_gpio_usage.h:480:0: note: this is the location of the previous definition
 #define GPIO_KPD_KCOL1_PIN_M_UCTS   GPIO_MODE_02
 ^
  CC      net/ipv6/netfilter/nf_conntrack_proto_icmpv6.o
  CC      drivers/misc/mediatek/connectivity/conn_soc/drv_wlan/mt_wifi/wlan/os/linux/hif/ahb/mt6735/ahb_pdma.o
  LD      net/netfilter/nf_conntrack.o
  CC      net/netfilter/nf_conntrack_proto_gre.o
  CC      net/ipv6/netfilter/nf_defrag_ipv6_hooks.o
  CC      drivers/misc/mediatek/connectivity/conn_soc/drv_wlan/mt_wifi/wlan/mgmt/ais_fsm.o
  CC      net/netfilter/nf_conntrack_proto_udplite.o
  CC      net/ipv6/netfilter/nf_conntrack_reasm.o
In file included from drivers/misc/mediatek/connectivity/conn_soc/drv_wlan/mt_wifi/wlan/include/precomp.h:241:0,
                 from drivers/misc/mediatek/connectivity/conn_soc/drv_wlan/mt_wifi/wlan/mgmt/ais_fsm.c:955:
drivers/misc/mediatek/connectivity/conn_soc/drv_wlan/mt_wifi/wlan/include/mgmt/scan.h:324:0: warning: "CFG_BATCH_MAX_MSCAN" redefined
 #define CFG_BATCH_MAX_MSCAN 4
 ^
In file included from drivers/misc/mediatek/connectivity/conn_soc/drv_wlan/mt_wifi/wlan/os/linux/include/gl_os.h:584:0,
                 from drivers/misc/mediatek/connectivity/conn_soc/drv_wlan/mt_wifi/wlan/include/precomp.h:173,
                 from drivers/misc/mediatek/connectivity/conn_soc/drv_wlan/mt_wifi/wlan/mgmt/ais_fsm.c:955:
drivers/misc/mediatek/connectivity/conn_soc/drv_wlan/mt_wifi/wlan/include/config.h:1585:0: note: this is the location of the previous definition
 #define CFG_BATCH_MAX_MSCAN                 2
 ^
  CC      net/netfilter/nf_conntrack_netlink.o
  CC      net/ipv6/netfilter/ip6t_frag.o
  CC      net/ipv6/netfilter/ip6t_ipv6header.o
  CC      drivers/misc/mediatek/connectivity/conn_soc/drv_wlan/mt_wifi/wlan/mgmt/aaa_fsm.o
In file included from drivers/misc/mediatek/connectivity/conn_soc/drv_wlan/mt_wifi/wlan/include/precomp.h:241:0,
                 from drivers/misc/mediatek/connectivity/conn_soc/drv_wlan/mt_wifi/wlan/mgmt/aaa_fsm.c:161:
drivers/misc/mediatek/connectivity/conn_soc/drv_wlan/mt_wifi/wlan/include/mgmt/scan.h:324:0: warning: "CFG_BATCH_MAX_MSCAN" redefined
 #define CFG_BATCH_MAX_MSCAN 4
 ^
In file included from drivers/misc/mediatek/connectivity/conn_soc/drv_wlan/mt_wifi/wlan/os/linux/include/gl_os.h:584:0,
                 from drivers/misc/mediatek/connectivity/conn_soc/drv_wlan/mt_wifi/wlan/include/precomp.h:173,
                 from drivers/misc/mediatek/connectivity/conn_soc/drv_wlan/mt_wifi/wlan/mgmt/aaa_fsm.c:161:
drivers/misc/mediatek/connectivity/conn_soc/drv_wlan/mt_wifi/wlan/include/config.h:1585:0: note: this is the location of the previous definition
 #define CFG_BATCH_MAX_MSCAN                 2
 ^
  CC      net/netfilter/nf_conntrack_ftp.o
  CC      net/ipv6/netfilter/ip6t_REJECT.o
  CC      drivers/misc/mediatek/connectivity/conn_soc/drv_wlan/mt_wifi/wlan/mgmt/assoc.o
In file included from drivers/misc/mediatek/connectivity/conn_soc/drv_wlan/mt_wifi/wlan/include/precomp.h:241:0,
                 from drivers/misc/mediatek/connectivity/conn_soc/drv_wlan/mt_wifi/wlan/mgmt/assoc.c:378:
drivers/misc/mediatek/connectivity/conn_soc/drv_wlan/mt_wifi/wlan/include/mgmt/scan.h:324:0: warning: "CFG_BATCH_MAX_MSCAN" redefined
 #define CFG_BATCH_MAX_MSCAN 4
 ^
In file included from drivers/misc/mediatek/connectivity/conn_soc/drv_wlan/mt_wifi/wlan/os/linux/include/gl_os.h:584:0,
                 from drivers/misc/mediatek/connectivity/conn_soc/drv_wlan/mt_wifi/wlan/include/precomp.h:173,
                 from drivers/misc/mediatek/connectivity/conn_soc/drv_wlan/mt_wifi/wlan/mgmt/assoc.c:378:
drivers/misc/mediatek/connectivity/conn_soc/drv_wlan/mt_wifi/wlan/include/config.h:1585:0: note: this is the location of the previous definition
 #define CFG_BATCH_MAX_MSCAN                 2
 ^
  CC      net/netfilter/nf_conntrack_pptp.o
  LD      net/ipv6/netfilter/nf_conntrack_ipv6.o
  LD      net/ipv6/netfilter/nf_defrag_ipv6.o
  LD      net/ipv6/netfilter/built-in.o
  CC      net/ipv6/sit.o
  CC      net/netfilter/nf_conntrack_sip.o
  CC      drivers/misc/mediatek/connectivity/conn_soc/drv_wlan/mt_wifi/wlan/mgmt/auth.o
In file included from drivers/misc/mediatek/connectivity/conn_soc/drv_wlan/mt_wifi/wlan/include/precomp.h:241:0,
                 from drivers/misc/mediatek/connectivity/conn_soc/drv_wlan/mt_wifi/wlan/mgmt/auth.c:187:
drivers/misc/mediatek/connectivity/conn_soc/drv_wlan/mt_wifi/wlan/include/mgmt/scan.h:324:0: warning: "CFG_BATCH_MAX_MSCAN" redefined
 #define CFG_BATCH_MAX_MSCAN 4
 ^
In file included from drivers/misc/mediatek/connectivity/conn_soc/drv_wlan/mt_wifi/wlan/os/linux/include/gl_os.h:584:0,
                 from drivers/misc/mediatek/connectivity/conn_soc/drv_wlan/mt_wifi/wlan/include/precomp.h:173,
                 from drivers/misc/mediatek/connectivity/conn_soc/drv_wlan/mt_wifi/wlan/mgmt/auth.c:187:
drivers/misc/mediatek/connectivity/conn_soc/drv_wlan/mt_wifi/wlan/include/config.h:1585:0: note: this is the location of the previous definition
 #define CFG_BATCH_MAX_MSCAN                 2
 ^
  CC      net/ipv6/ip6_tunnel.o
  CC      drivers/misc/mediatek/connectivity/conn_soc/drv_wlan/mt_wifi/wlan/mgmt/bss.o
  CC      net/netfilter/nf_conntrack_tftp.o
In file included from drivers/misc/mediatek/connectivity/conn_soc/drv_wlan/mt_wifi/wlan/include/precomp.h:241:0,
                 from drivers/misc/mediatek/connectivity/conn_soc/drv_wlan/mt_wifi/wlan/mgmt/bss.c:477:
drivers/misc/mediatek/connectivity/conn_soc/drv_wlan/mt_wifi/wlan/include/mgmt/scan.h:324:0: warning: "CFG_BATCH_MAX_MSCAN" redefined
 #define CFG_BATCH_MAX_MSCAN 4
 ^
In file included from drivers/misc/mediatek/connectivity/conn_soc/drv_wlan/mt_wifi/wlan/os/linux/include/gl_os.h:584:0,
                 from drivers/misc/mediatek/connectivity/conn_soc/drv_wlan/mt_wifi/wlan/include/precomp.h:173,
                 from drivers/misc/mediatek/connectivity/conn_soc/drv_wlan/mt_wifi/wlan/mgmt/bss.c:477:
drivers/misc/mediatek/connectivity/conn_soc/drv_wlan/mt_wifi/wlan/include/config.h:1585:0: note: this is the location of the previous definition
 #define CFG_BATCH_MAX_MSCAN                 2
 ^
drivers/misc/mediatek/connectivity/conn_soc/drv_wlan/mt_wifi/wlan/mgmt/bss.c:512:4: warning: initialization from incompatible pointer type
    ,{ 0,                                                    p2pFuncCalculateP2P_IE_NoA,     p2pFuncGenerateP2P_IE_NoA   }   /* 221 */
    ^
drivers/misc/mediatek/connectivity/conn_soc/drv_wlan/mt_wifi/wlan/mgmt/bss.c:512:4: warning: (near initialization for 'txBcnIETable[12].pfnCalculateVariableIELen')
  CC      drivers/misc/mediatek/connectivity/conn_soc/drv_wlan/mt_wifi/wlan/mgmt/cnm.o
  LD      net/netfilter/nf_nat.o
  CC      net/netfilter/nf_nat_proto_udplite.o
In file included from drivers/misc/mediatek/connectivity/conn_soc/drv_wlan/mt_wifi/wlan/include/precomp.h:241:0,
                 from drivers/misc/mediatek/connectivity/conn_soc/drv_wlan/mt_wifi/wlan/mgmt/cnm.c:215:
drivers/misc/mediatek/connectivity/conn_soc/drv_wlan/mt_wifi/wlan/include/mgmt/scan.h:324:0: warning: "CFG_BATCH_MAX_MSCAN" redefined
 #define CFG_BATCH_MAX_MSCAN 4
 ^
  CC      net/ipv6/addrconf_core.o
In file included from drivers/misc/mediatek/connectivity/conn_soc/drv_wlan/mt_wifi/wlan/os/linux/include/gl_os.h:584:0,
                 from drivers/misc/mediatek/connectivity/conn_soc/drv_wlan/mt_wifi/wlan/include/precomp.h:173,
                 from drivers/misc/mediatek/connectivity/conn_soc/drv_wlan/mt_wifi/wlan/mgmt/cnm.c:215:
drivers/misc/mediatek/connectivity/conn_soc/drv_wlan/mt_wifi/wlan/include/config.h:1585:0: note: this is the location of the previous definition
 #define CFG_BATCH_MAX_MSCAN                 2
 ^
  CC      net/netfilter/nf_nat_ftp.o
  CC      drivers/misc/mediatek/connectivity/conn_soc/drv_wlan/mt_wifi/wlan/mgmt/cnm_timer.o
  CC      net/ipv6/exthdrs_core.o
  CC      net/netfilter/nf_nat_sip.o
In file included from drivers/misc/mediatek/connectivity/conn_soc/drv_wlan/mt_wifi/wlan/include/precomp.h:241:0,
                 from drivers/misc/mediatek/connectivity/conn_soc/drv_wlan/mt_wifi/wlan/mgmt/cnm_timer.c:90:
drivers/misc/mediatek/connectivity/conn_soc/drv_wlan/mt_wifi/wlan/include/mgmt/scan.h:324:0: warning: "CFG_BATCH_MAX_MSCAN" redefined
 #define CFG_BATCH_MAX_MSCAN 4
 ^
In file included from drivers/misc/mediatek/connectivity/conn_soc/drv_wlan/mt_wifi/wlan/os/linux/include/gl_os.h:584:0,
                 from drivers/misc/mediatek/connectivity/conn_soc/drv_wlan/mt_wifi/wlan/include/precomp.h:173,
                 from drivers/misc/mediatek/connectivity/conn_soc/drv_wlan/mt_wifi/wlan/mgmt/cnm_timer.c:90:
drivers/misc/mediatek/connectivity/conn_soc/drv_wlan/mt_wifi/wlan/include/config.h:1585:0: note: this is the location of the previous definition
 #define CFG_BATCH_MAX_MSCAN                 2
 ^
  CC      net/ipv6/ip6_checksum.o
  CC      drivers/misc/mediatek/connectivity/conn_soc/drv_wlan/mt_wifi/wlan/mgmt/cnm_mem.o
  CC      net/ipv6/ip6_icmp.o
  CC      net/netfilter/nf_nat_tftp.o
In file included from drivers/misc/mediatek/connectivity/conn_soc/drv_wlan/mt_wifi/wlan/include/precomp.h:241:0,
                 from drivers/misc/mediatek/connectivity/conn_soc/drv_wlan/mt_wifi/wlan/mgmt/cnm_mem.c:365:
drivers/misc/mediatek/connectivity/conn_soc/drv_wlan/mt_wifi/wlan/include/mgmt/scan.h:324:0: warning: "CFG_BATCH_MAX_MSCAN" redefined
 #define CFG_BATCH_MAX_MSCAN 4
 ^
In file included from drivers/misc/mediatek/connectivity/conn_soc/drv_wlan/mt_wifi/wlan/os/linux/include/gl_os.h:584:0,
                 from drivers/misc/mediatek/connectivity/conn_soc/drv_wlan/mt_wifi/wlan/include/precomp.h:173,
                 from drivers/misc/mediatek/connectivity/conn_soc/drv_wlan/mt_wifi/wlan/mgmt/cnm_mem.c:365:
drivers/misc/mediatek/connectivity/conn_soc/drv_wlan/mt_wifi/wlan/include/config.h:1585:0: note: this is the location of the previous definition
 #define CFG_BATCH_MAX_MSCAN                 2
 ^
  CC      net/ipv6/output_core.o
  CC      net/netfilter/nf_tproxy_core.o
  CC      drivers/misc/mediatek/connectivity/conn_soc/drv_wlan/mt_wifi/wlan/mgmt/hem_mbox.o
  CC      net/ipv6/protocol.o
  CC      net/netfilter/x_tables.o
  CC      net/ipv6/ip6_offload.o
In file included from drivers/misc/mediatek/connectivity/conn_soc/drv_wlan/mt_wifi/wlan/include/precomp.h:241:0,
                 from drivers/misc/mediatek/connectivity/conn_soc/drv_wlan/mt_wifi/wlan/mgmt/hem_mbox.c:353:
drivers/misc/mediatek/connectivity/conn_soc/drv_wlan/mt_wifi/wlan/include/mgmt/scan.h:324:0: warning: "CFG_BATCH_MAX_MSCAN" redefined
 #define CFG_BATCH_MAX_MSCAN 4
 ^
In file included from drivers/misc/mediatek/connectivity/conn_soc/drv_wlan/mt_wifi/wlan/os/linux/include/gl_os.h:584:0,
                 from drivers/misc/mediatek/connectivity/conn_soc/drv_wlan/mt_wifi/wlan/include/precomp.h:173,
                 from drivers/misc/mediatek/connectivity/conn_soc/drv_wlan/mt_wifi/wlan/mgmt/hem_mbox.c:353:
drivers/misc/mediatek/connectivity/conn_soc/drv_wlan/mt_wifi/wlan/include/config.h:1585:0: note: this is the location of the previous definition
 #define CFG_BATCH_MAX_MSCAN                 2
 ^
  CC      drivers/misc/mediatek/connectivity/conn_soc/drv_wlan/mt_wifi/wlan/mgmt/mib.o
  CC      net/ipv6/tcpv6_offload.o
  CC      net/netfilter/xt_tcpudp.o
In file included from drivers/misc/mediatek/connectivity/conn_soc/drv_wlan/mt_wifi/wlan/include/precomp.h:241:0,
                 from drivers/misc/mediatek/connectivity/conn_soc/drv_wlan/mt_wifi/wlan/mgmt/mib.c:44:
drivers/misc/mediatek/connectivity/conn_soc/drv_wlan/mt_wifi/wlan/include/mgmt/scan.h:324:0: warning: "CFG_BATCH_MAX_MSCAN" redefined
 #define CFG_BATCH_MAX_MSCAN 4
 ^
In file included from drivers/misc/mediatek/connectivity/conn_soc/drv_wlan/mt_wifi/wlan/os/linux/include/gl_os.h:584:0,
                 from drivers/misc/mediatek/connectivity/conn_soc/drv_wlan/mt_wifi/wlan/include/precomp.h:173,
                 from drivers/misc/mediatek/connectivity/conn_soc/drv_wlan/mt_wifi/wlan/mgmt/mib.c:44:
drivers/misc/mediatek/connectivity/conn_soc/drv_wlan/mt_wifi/wlan/include/config.h:1585:0: note: this is the location of the previous definition
 #define CFG_BATCH_MAX_MSCAN                 2
 ^
  CC      net/ipv6/udp_offload.o
  CC      drivers/misc/mediatek/connectivity/conn_soc/drv_wlan/mt_wifi/wlan/mgmt/privacy.o
  CC      net/netfilter/xt_mark.o
  CC      net/netfilter/xt_connmark.o
  CC      net/ipv6/exthdrs_offload.o
In file included from drivers/misc/mediatek/connectivity/conn_soc/drv_wlan/mt_wifi/wlan/include/precomp.h:241:0,
                 from drivers/misc/mediatek/connectivity/conn_soc/drv_wlan/mt_wifi/wlan/mgmt/privacy.c:228:
drivers/misc/mediatek/connectivity/conn_soc/drv_wlan/mt_wifi/wlan/include/mgmt/scan.h:324:0: warning: "CFG_BATCH_MAX_MSCAN" redefined
 #define CFG_BATCH_MAX_MSCAN 4
 ^
In file included from drivers/misc/mediatek/connectivity/conn_soc/drv_wlan/mt_wifi/wlan/os/linux/include/gl_os.h:584:0,
                 from drivers/misc/mediatek/connectivity/conn_soc/drv_wlan/mt_wifi/wlan/include/precomp.h:173,
                 from drivers/misc/mediatek/connectivity/conn_soc/drv_wlan/mt_wifi/wlan/mgmt/privacy.c:228:
drivers/misc/mediatek/connectivity/conn_soc/drv_wlan/mt_wifi/wlan/include/config.h:1585:0: note: this is the location of the previous definition
 #define CFG_BATCH_MAX_MSCAN                 2
 ^
  CC      net/netfilter/xt_nat.o
  CC      drivers/misc/mediatek/connectivity/conn_soc/drv_wlan/mt_wifi/wlan/mgmt/rate.o
  CC      net/ipv6/inet6_hashtables.o
In file included from drivers/misc/mediatek/connectivity/conn_soc/drv_wlan/mt_wifi/wlan/include/precomp.h:241:0,
                 from drivers/misc/mediatek/connectivity/conn_soc/drv_wlan/mt_wifi/wlan/mgmt/rate.c:75:
drivers/misc/mediatek/connectivity/conn_soc/drv_wlan/mt_wifi/wlan/include/mgmt/scan.h:324:0: warning: "CFG_BATCH_MAX_MSCAN" redefined
 #define CFG_BATCH_MAX_MSCAN 4
 ^
In file included from drivers/misc/mediatek/connectivity/conn_soc/drv_wlan/mt_wifi/wlan/os/linux/include/gl_os.h:584:0,
                 from drivers/misc/mediatek/connectivity/conn_soc/drv_wlan/mt_wifi/wlan/include/precomp.h:173,
                 from drivers/misc/mediatek/connectivity/conn_soc/drv_wlan/mt_wifi/wlan/mgmt/rate.c:75:
drivers/misc/mediatek/connectivity/conn_soc/drv_wlan/mt_wifi/wlan/include/config.h:1585:0: note: this is the location of the previous definition
 #define CFG_BATCH_MAX_MSCAN                 2
 ^
  CC      net/netfilter/xt_CLASSIFY.o
  CC      drivers/misc/mediatek/connectivity/conn_soc/drv_wlan/mt_wifi/wlan/mgmt/rlm.o
  LD      net/ipv6/ipv6.o
  LD      net/ipv6/built-in.o
  CC      net/netfilter/xt_HL.o
  CC      net/netlink/af_netlink.o
In file included from drivers/misc/mediatek/connectivity/conn_soc/drv_wlan/mt_wifi/wlan/include/precomp.h:241:0,
                 from drivers/misc/mediatek/connectivity/conn_soc/drv_wlan/mt_wifi/wlan/mgmt/rlm.c:321:
drivers/misc/mediatek/connectivity/conn_soc/drv_wlan/mt_wifi/wlan/include/mgmt/scan.h:324:0: warning: "CFG_BATCH_MAX_MSCAN" redefined
 #define CFG_BATCH_MAX_MSCAN 4
 ^
In file included from drivers/misc/mediatek/connectivity/conn_soc/drv_wlan/mt_wifi/wlan/os/linux/include/gl_os.h:584:0,
                 from drivers/misc/mediatek/connectivity/conn_soc/drv_wlan/mt_wifi/wlan/include/precomp.h:173,
                 from drivers/misc/mediatek/connectivity/conn_soc/drv_wlan/mt_wifi/wlan/mgmt/rlm.c:321:
drivers/misc/mediatek/connectivity/conn_soc/drv_wlan/mt_wifi/wlan/include/config.h:1585:0: note: this is the location of the previous definition
 #define CFG_BATCH_MAX_MSCAN                 2
 ^
  CC      net/netfilter/xt_NETMAP.o
  CC      drivers/misc/mediatek/connectivity/conn_soc/drv_wlan/mt_wifi/wlan/mgmt/rlm_domain.o
In file included from drivers/misc/mediatek/connectivity/conn_soc/drv_wlan/mt_wifi/wlan/include/precomp.h:241:0,
                 from drivers/misc/mediatek/connectivity/conn_soc/drv_wlan/mt_wifi/wlan/mgmt/rlm_domain.c:100:
drivers/misc/mediatek/connectivity/conn_soc/drv_wlan/mt_wifi/wlan/include/mgmt/scan.h:324:0: warning: "CFG_BATCH_MAX_MSCAN" redefined
 #define CFG_BATCH_MAX_MSCAN 4
 ^
  CC      net/netfilter/xt_NFLOG.o
In file included from drivers/misc/mediatek/connectivity/conn_soc/drv_wlan/mt_wifi/wlan/os/linux/include/gl_os.h:584:0,
                 from drivers/misc/mediatek/connectivity/conn_soc/drv_wlan/mt_wifi/wlan/include/precomp.h:173,
                 from drivers/misc/mediatek/connectivity/conn_soc/drv_wlan/mt_wifi/wlan/mgmt/rlm_domain.c:100:
drivers/misc/mediatek/connectivity/conn_soc/drv_wlan/mt_wifi/wlan/include/config.h:1585:0: note: this is the location of the previous definition
 #define CFG_BATCH_MAX_MSCAN                 2
 ^
drivers/misc/mediatek/connectivity/conn_soc/drv_wlan/mt_wifi/wlan/mgmt/rlm_domain.c:537:3: warning: initialization discards 'const' qualifier from pointer target type
   g_u2CountryGroup0_Passive,  0,
   ^
  CC      drivers/misc/mediatek/connectivity/conn_soc/drv_wlan/mt_wifi/wlan/mgmt/rlm_obss.o
  CC      net/netfilter/xt_NFQUEUE.o
  CC      net/netlink/genetlink.o
In file included from drivers/misc/mediatek/connectivity/conn_soc/drv_wlan/mt_wifi/wlan/include/precomp.h:241:0,
                 from drivers/misc/mediatek/connectivity/conn_soc/drv_wlan/mt_wifi/wlan/mgmt/rlm_obss.c:145:
drivers/misc/mediatek/connectivity/conn_soc/drv_wlan/mt_wifi/wlan/include/mgmt/scan.h:324:0: warning: "CFG_BATCH_MAX_MSCAN" redefined
 #define CFG_BATCH_MAX_MSCAN 4
 ^
In file included from drivers/misc/mediatek/connectivity/conn_soc/drv_wlan/mt_wifi/wlan/os/linux/include/gl_os.h:584:0,
                 from drivers/misc/mediatek/connectivity/conn_soc/drv_wlan/mt_wifi/wlan/include/precomp.h:173,
                 from drivers/misc/mediatek/connectivity/conn_soc/drv_wlan/mt_wifi/wlan/mgmt/rlm_obss.c:145:
drivers/misc/mediatek/connectivity/conn_soc/drv_wlan/mt_wifi/wlan/include/config.h:1585:0: note: this is the location of the previous definition
 #define CFG_BATCH_MAX_MSCAN                 2
 ^
  CC      net/netfilter/xt_REDIRECT.o
  CC      drivers/misc/mediatek/connectivity/conn_soc/drv_wlan/mt_wifi/wlan/mgmt/rlm_protection.o
  CC      drivers/misc/mediatek/connectivity/conn_soc/drv_wlan/mt_wifi/wlan/mgmt/rsn.o
  LD      net/netlink/built-in.o
  CC      net/netfilter/xt_TCPMSS.o
  CC      drivers/misc/mediatek/devapc/mt6735/devapc.o
In file included from drivers/misc/mediatek/connectivity/conn_soc/drv_wlan/mt_wifi/wlan/include/precomp.h:241:0,
                 from drivers/misc/mediatek/connectivity/conn_soc/drv_wlan/mt_wifi/wlan/mgmt/rsn.c:190:
drivers/misc/mediatek/connectivity/conn_soc/drv_wlan/mt_wifi/wlan/include/mgmt/scan.h:324:0: warning: "CFG_BATCH_MAX_MSCAN" redefined
 #define CFG_BATCH_MAX_MSCAN 4
 ^
In file included from drivers/misc/mediatek/connectivity/conn_soc/drv_wlan/mt_wifi/wlan/os/linux/include/gl_os.h:584:0,
                 from drivers/misc/mediatek/connectivity/conn_soc/drv_wlan/mt_wifi/wlan/include/precomp.h:173,
                 from drivers/misc/mediatek/connectivity/conn_soc/drv_wlan/mt_wifi/wlan/mgmt/rsn.c:190:
drivers/misc/mediatek/connectivity/conn_soc/drv_wlan/mt_wifi/wlan/include/config.h:1585:0: note: this is the location of the previous definition
 #define CFG_BATCH_MAX_MSCAN                 2
 ^
drivers/misc/mediatek/devapc/mt6735/devapc.c:663:12: warning: 'check_vio_status' defined but not used [-Wunused-function]
 static int check_vio_status(unsigned int module)
            ^
drivers/misc/mediatek/connectivity/conn_soc/drv_wlan/mt_wifi/wlan/mgmt/rsn.c: In function 'rsnCheckSecurityModeChanged':
drivers/misc/mediatek/connectivity/conn_soc/drv_wlan/mt_wifi/wlan/mgmt/rsn.c:2736:29: warning: suggest parentheses around comparison in operand of '&' [-Wparentheses]
    if (prBssDesc->u2CapInfo & CAP_INFO_PRIVACY == 0) {
                             ^
  LD      drivers/misc/mediatek/devapc/mt6735/built-in.o
  LD      drivers/misc/mediatek/devapc/built-in.o
  CC      drivers/misc/mediatek/devinfo/mt6735/devinfo.o
  CC      net/netfilter/xt_IDLETIMER.o
  CC      drivers/misc/mediatek/devinfo/mt6735/devinfosys.o
  LD      drivers/misc/mediatek/devinfo/mt6735/built-in.o
  LD      drivers/misc/mediatek/devinfo/built-in.o
  CC      net/netfilter/xt_connbytes.o
  CC      drivers/misc/mediatek/dispsys/mt6735/mt6735m/ddp_ovl.o
  CC      drivers/misc/mediatek/connectivity/conn_soc/drv_wlan/mt_wifi/wlan/mgmt/saa_fsm.o
In file included from /home/satory-ra/Android/kernel/android_kernel_oukitel_orange/drivers/misc/mediatek/dispsys/mt6735/ddp_log.h:6:0,
                 from drivers/misc/mediatek/dispsys/mt6735/mt6735m/ddp_ovl.c:2:
/home/satory-ra/Android/kernel/android_kernel_oukitel_orange/drivers/misc/mediatek/dispsys/mt6735/display_recorder.h:152:1: warning: function declaration isn't a prototype [-Wstrict-prototypes]
 void dprec_logger_dump_reset();
 ^
/home/satory-ra/Android/kernel/android_kernel_oukitel_orange/drivers/misc/mediatek/dispsys/mt6735/display_recorder.h:153:1: warning: function declaration isn't a prototype [-Wstrict-prototypes]
 char *dprec_logger_get_dump_addr();
 ^
/home/satory-ra/Android/kernel/android_kernel_oukitel_orange/drivers/misc/mediatek/dispsys/mt6735/display_recorder.h:154:1: warning: function declaration isn't a prototype [-Wstrict-prototypes]
 unsigned int dprec_logger_get_dump_len();
 ^
In file included from include/mach/mt_gpio.h:15:0,
                 from /home/satory-ra/Android/kernel/android_kernel_oukitel_orange/drivers/misc/mediatek/videox/mt6735/mt6735m/disp_drv_platform.h:6,
                 from drivers/misc/mediatek/dispsys/mt6735/mt6735m/ddp_ovl.c:8:
/home/satory-ra/Android/kernel/android_kernel_oukitel_orange/drivers/misc/mediatek/mach/mt6735/Sprint4g/dct/dct/inc/cust_gpio_usage.h:481:0: warning: "GPIO_KPD_KCOL1_PIN_M_UCTS" redefined
 #define GPIO_KPD_KCOL1_PIN_M_UCTS   GPIO_MODE_03
 ^
/home/satory-ra/Android/kernel/android_kernel_oukitel_orange/drivers/misc/mediatek/mach/mt6735/Sprint4g/dct/dct/inc/cust_gpio_usage.h:480:0: note: this is the location of the previous definition
 #define GPIO_KPD_KCOL1_PIN_M_UCTS   GPIO_MODE_02
 ^
In file included from drivers/misc/mediatek/dispsys/mt6735/mt6735m/ddp_ovl.c:11:0:
drivers/misc/mediatek/dispsys/mt6735/mt6735m/ddp_reg.h:1963:0: warning: "DISP_REG_DPI_ESAV_VTIM_R" redefined
 #define DISP_REG_DPI_ESAV_VTIM_R      (DISPSYS_DPI_BASE + 0x088)
 ^
drivers/misc/mediatek/dispsys/mt6735/mt6735m/ddp_reg.h:1962:0: note: this is the location of the previous definition
 #define DISP_REG_DPI_ESAV_VTIM_R      (DISPSYS_DPI_BASE + 0x084)
 ^
In file included from drivers/misc/mediatek/dispsys/mt6735/mt6735m/ddp_ovl.c:14:0:
/home/satory-ra/Android/kernel/android_kernel_oukitel_orange/drivers/misc/mediatek/videox/mt6735/primary_display.h:195:1: warning: no semicolon at end of struct or union
 }disp_internal_buffer_info ;
 ^
/home/satory-ra/Android/kernel/android_kernel_oukitel_orange/drivers/misc/mediatek/videox/mt6735/primary_display.h:356:1: warning: function declaration isn't a prototype [-Wstrict-prototypes]
 int primary_display_check_test();
 ^
drivers/misc/mediatek/dispsys/mt6735/mt6735m/ddp_ovl.c: In function 'ovl_start':
drivers/misc/mediatek/dispsys/mt6735/mt6735m/ddp_ovl.c:329:2: warning: ISO C90 forbids mixed declarations and code [-Wdeclaration-after-statement]
  int enable_ovl_irq = 1;
  ^
In file included from /home/satory-ra/Android/kernel/android_kernel_oukitel_orange/drivers/misc/mediatek/mach/mt6735/include/mach/mt_gpio_base.h:4:0,
                 from include/mach/mt_gpio.h:16,
                 from /home/satory-ra/Android/kernel/android_kernel_oukitel_orange/drivers/misc/mediatek/videox/mt6735/mt6735m/disp_drv_platform.h:6,
                 from drivers/misc/mediatek/dispsys/mt6735/mt6735m/ddp_ovl.c:8:
drivers/misc/mediatek/dispsys/mt6735/mt6735m/ddp_reg.h:1495:38: warning: passing argument 1 of '__raw_readl' makes pointer from integer without a cast
                 mt_reg_sync_writel( (__raw_readl(reg32) & ~REG_FLD_MASK(field))|REG_FLD_VAL((field), (val)), (reg32));  \
                                      ^
/home/satory-ra/Android/kernel/android_kernel_oukitel_orange/drivers/misc/mediatek/mach/mt6735/include/mach/sync_write.h:15:27: note: in definition of macro 'mt_reg_sync_writel'
             __raw_writel((v), IOMEM((a)));   \
                           ^
drivers/misc/mediatek/dispsys/mt6735/mt6735m/ddp_ovl.c:345:2: note: in expansion of macro 'DISP_REG_SET_FIELD'
  DISP_REG_SET_FIELD(handle, DATAPATH_CON_FLD_LAYER_SMI_ID_EN,
  ^
In file included from include/linux/scatterlist.h:10:0,
                 from /home/satory-ra/Android/kernel/android_kernel_oukitel_orange/drivers/misc/mediatek/mach/mt6735/include/mach/m4u.h:6,
                 from drivers/misc/mediatek/dispsys/mt6735/mt6735m/ddp_ovl.c:5:
/home/satory-ra/Android/kernel/android_kernel_oukitel_orange/arch/arm/include/asm/io.h:104:19: note: expected 'const volatile void *' but argument is of type 'long unsigned int'
 static inline u32 __raw_readl(const volatile void __iomem *addr)
                   ^
In file included from drivers/misc/mediatek/dispsys/mt6735/mt6735m/ddp_ovl.c:11:0:
drivers/misc/mediatek/dispsys/mt6735/mt6735m/ddp_ovl.c: In function 'ovl_get_info':
drivers/misc/mediatek/dispsys/mt6735/mt6735m/ddp_reg.h:1369:44: warning: passing argument 1 of '__raw_readl' makes pointer from integer without a cast
 #define DISP_REG_GET_FIELD(field, reg32) ((__raw_readl(reg32) & REG_FLD_MASK(field)) >> REG_FLD_SHIFT(field))
                                            ^
drivers/misc/mediatek/dispsys/mt6735/mt6735m/ddp_ovl.c:815:6: note: in expansion of macro 'DISP_REG_GET_FIELD'
      DISP_REG_GET_FIELD(L_CON_FLD_CFMT,
      ^
In file included from include/linux/scatterlist.h:10:0,
                 from /home/satory-ra/Android/kernel/android_kernel_oukitel_orange/drivers/misc/mediatek/mach/mt6735/include/mach/m4u.h:6,
                 from drivers/misc/mediatek/dispsys/mt6735/mt6735m/ddp_ovl.c:5:
/home/satory-ra/Android/kernel/android_kernel_oukitel_orange/arch/arm/include/asm/io.h:104:19: note: expected 'const volatile void *' but argument is of type 'long unsigned int'
 static inline u32 __raw_readl(const volatile void __iomem *addr)
                   ^
In file included from drivers/misc/mediatek/dispsys/mt6735/mt6735m/ddp_ovl.c:11:0:
drivers/misc/mediatek/dispsys/mt6735/mt6735m/ddp_reg.h:1369:44: warning: passing argument 1 of '__raw_readl' makes pointer from integer without a cast
 #define DISP_REG_GET_FIELD(field, reg32) ((__raw_readl(reg32) & REG_FLD_MASK(field)) >> REG_FLD_SHIFT(field))
                                            ^
drivers/misc/mediatek/dispsys/mt6735/mt6735m/ddp_ovl.c:817:6: note: in expansion of macro 'DISP_REG_GET_FIELD'
      DISP_REG_GET_FIELD(L_CON_FLD_BTSW,
      ^
In file included from include/linux/scatterlist.h:10:0,
                 from /home/satory-ra/Android/kernel/android_kernel_oukitel_orange/drivers/misc/mediatek/mach/mt6735/include/mach/m4u.h:6,
                 from drivers/misc/mediatek/dispsys/mt6735/mt6735m/ddp_ovl.c:5:
/home/satory-ra/Android/kernel/android_kernel_oukitel_orange/arch/arm/include/asm/io.h:104:19: note: expected 'const volatile void *' but argument is of type 'long unsigned int'
 static inline u32 __raw_readl(const volatile void __iomem *addr)
                   ^
In file included from drivers/misc/mediatek/dispsys/mt6735/mt6735m/ddp_ovl.c:11:0:
drivers/misc/mediatek/dispsys/mt6735/mt6735m/ddp_reg.h:1369:44: warning: passing argument 1 of '__raw_readl' makes pointer from integer without a cast
 #define DISP_REG_GET_FIELD(field, reg32) ((__raw_readl(reg32) & REG_FLD_MASK(field)) >> REG_FLD_SHIFT(field))
                                            ^
drivers/misc/mediatek/dispsys/mt6735/mt6735m/ddp_ovl.c:824:6: note: in expansion of macro 'DISP_REG_GET_FIELD'
      DISP_REG_GET_FIELD(L_CON_FLD_CFMT,
      ^
In file included from include/linux/scatterlist.h:10:0,
                 from /home/satory-ra/Android/kernel/android_kernel_oukitel_orange/drivers/misc/mediatek/mach/mt6735/include/mach/m4u.h:6,
                 from drivers/misc/mediatek/dispsys/mt6735/mt6735m/ddp_ovl.c:5:
/home/satory-ra/Android/kernel/android_kernel_oukitel_orange/arch/arm/include/asm/io.h:104:19: note: expected 'const volatile void *' but argument is of type 'long unsigned int'
 static inline u32 __raw_readl(const volatile void __iomem *addr)
                   ^
In file included from drivers/misc/mediatek/dispsys/mt6735/mt6735m/ddp_ovl.c:11:0:
drivers/misc/mediatek/dispsys/mt6735/mt6735m/ddp_reg.h:1369:44: warning: passing argument 1 of '__raw_readl' makes pointer from integer without a cast
 #define DISP_REG_GET_FIELD(field, reg32) ((__raw_readl(reg32) & REG_FLD_MASK(field)) >> REG_FLD_SHIFT(field))
                                            ^
drivers/misc/mediatek/dispsys/mt6735/mt6735m/ddp_ovl.c:844:6: note: in expansion of macro 'DISP_REG_GET_FIELD'
      DISP_REG_GET_FIELD(L_CON_FLD_CFMT,
      ^
In file included from include/linux/scatterlist.h:10:0,
                 from /home/satory-ra/Android/kernel/android_kernel_oukitel_orange/drivers/misc/mediatek/mach/mt6735/include/mach/m4u.h:6,
                 from drivers/misc/mediatek/dispsys/mt6735/mt6735m/ddp_ovl.c:5:
/home/satory-ra/Android/kernel/android_kernel_oukitel_orange/arch/arm/include/asm/io.h:104:19: note: expected 'const volatile void *' but argument is of type 'long unsigned int'
 static inline u32 __raw_readl(const volatile void __iomem *addr)
                   ^
In file included from drivers/misc/mediatek/dispsys/mt6735/mt6735m/ddp_ovl.c:11:0:
drivers/misc/mediatek/dispsys/mt6735/mt6735m/ddp_reg.h:1369:44: warning: passing argument 1 of '__raw_readl' makes pointer from integer without a cast
 #define DISP_REG_GET_FIELD(field, reg32) ((__raw_readl(reg32) & REG_FLD_MASK(field)) >> REG_FLD_SHIFT(field))
                                            ^
drivers/misc/mediatek/dispsys/mt6735/mt6735m/ddp_ovl.c:846:6: note: in expansion of macro 'DISP_REG_GET_FIELD'
      DISP_REG_GET_FIELD(L_CON_FLD_BTSW,
      ^
In file included from include/linux/scatterlist.h:10:0,
                 from /home/satory-ra/Android/kernel/android_kernel_oukitel_orange/drivers/misc/mediatek/mach/mt6735/include/mach/m4u.h:6,
                 from drivers/misc/mediatek/dispsys/mt6735/mt6735m/ddp_ovl.c:5:
/home/satory-ra/Android/kernel/android_kernel_oukitel_orange/arch/arm/include/asm/io.h:104:19: note: expected 'const volatile void *' but argument is of type 'long unsigned int'
 static inline u32 __raw_readl(const volatile void __iomem *addr)
                   ^
In file included from drivers/misc/mediatek/dispsys/mt6735/mt6735m/ddp_ovl.c:11:0:
drivers/misc/mediatek/dispsys/mt6735/mt6735m/ddp_reg.h:1369:44: warning: passing argument 1 of '__raw_readl' makes pointer from integer without a cast
 #define DISP_REG_GET_FIELD(field, reg32) ((__raw_readl(reg32) & REG_FLD_MASK(field)) >> REG_FLD_SHIFT(field))
                                            ^
drivers/misc/mediatek/dispsys/mt6735/mt6735m/ddp_ovl.c:853:6: note: in expansion of macro 'DISP_REG_GET_FIELD'
      DISP_REG_GET_FIELD(L_CON_FLD_CFMT,
      ^
In file included from include/linux/scatterlist.h:10:0,
                 from /home/satory-ra/Android/kernel/android_kernel_oukitel_orange/drivers/misc/mediatek/mach/mt6735/include/mach/m4u.h:6,
                 from drivers/misc/mediatek/dispsys/mt6735/mt6735m/ddp_ovl.c:5:
/home/satory-ra/Android/kernel/android_kernel_oukitel_orange/arch/arm/include/asm/io.h:104:19: note: expected 'const volatile void *' but argument is of type 'long unsigned int'
 static inline u32 __raw_readl(const volatile void __iomem *addr)
                   ^
In file included from drivers/misc/mediatek/dispsys/mt6735/mt6735m/ddp_ovl.c:11:0:
drivers/misc/mediatek/dispsys/mt6735/mt6735m/ddp_reg.h:1369:44: warning: passing argument 1 of '__raw_readl' makes pointer from integer without a cast
 #define DISP_REG_GET_FIELD(field, reg32) ((__raw_readl(reg32) & REG_FLD_MASK(field)) >> REG_FLD_SHIFT(field))
                                            ^
drivers/misc/mediatek/dispsys/mt6735/mt6735m/ddp_ovl.c:871:6: note: in expansion of macro 'DISP_REG_GET_FIELD'
      DISP_REG_GET_FIELD(L_CON_FLD_CFMT,
      ^
In file included from include/linux/scatterlist.h:10:0,
                 from /home/satory-ra/Android/kernel/android_kernel_oukitel_orange/drivers/misc/mediatek/mach/mt6735/include/mach/m4u.h:6,
                 from drivers/misc/mediatek/dispsys/mt6735/mt6735m/ddp_ovl.c:5:
/home/satory-ra/Android/kernel/android_kernel_oukitel_orange/arch/arm/include/asm/io.h:104:19: note: expected 'const volatile void *' but argument is of type 'long unsigned int'
 static inline u32 __raw_readl(const volatile void __iomem *addr)
                   ^
In file included from drivers/misc/mediatek/dispsys/mt6735/mt6735m/ddp_ovl.c:11:0:
drivers/misc/mediatek/dispsys/mt6735/mt6735m/ddp_reg.h:1369:44: warning: passing argument 1 of '__raw_readl' makes pointer from integer without a cast
 #define DISP_REG_GET_FIELD(field, reg32) ((__raw_readl(reg32) & REG_FLD_MASK(field)) >> REG_FLD_SHIFT(field))
                                            ^
drivers/misc/mediatek/dispsys/mt6735/mt6735m/ddp_ovl.c:873:6: note: in expansion of macro 'DISP_REG_GET_FIELD'
      DISP_REG_GET_FIELD(L_CON_FLD_BTSW,
      ^
In file included from include/linux/scatterlist.h:10:0,
                 from /home/satory-ra/Android/kernel/android_kernel_oukitel_orange/drivers/misc/mediatek/mach/mt6735/include/mach/m4u.h:6,
                 from drivers/misc/mediatek/dispsys/mt6735/mt6735m/ddp_ovl.c:5:
/home/satory-ra/Android/kernel/android_kernel_oukitel_orange/arch/arm/include/asm/io.h:104:19: note: expected 'const volatile void *' but argument is of type 'long unsigned int'
 static inline u32 __raw_readl(const volatile void __iomem *addr)
                   ^
In file included from drivers/misc/mediatek/dispsys/mt6735/mt6735m/ddp_ovl.c:11:0:
drivers/misc/mediatek/dispsys/mt6735/mt6735m/ddp_reg.h:1369:44: warning: passing argument 1 of '__raw_readl' makes pointer from integer without a cast
 #define DISP_REG_GET_FIELD(field, reg32) ((__raw_readl(reg32) & REG_FLD_MASK(field)) >> REG_FLD_SHIFT(field))
                                            ^
drivers/misc/mediatek/dispsys/mt6735/mt6735m/ddp_ovl.c:880:6: note: in expansion of macro 'DISP_REG_GET_FIELD'
      DISP_REG_GET_FIELD(L_CON_FLD_CFMT,
      ^
In file included from include/linux/scatterlist.h:10:0,
                 from /home/satory-ra/Android/kernel/android_kernel_oukitel_orange/drivers/misc/mediatek/mach/mt6735/include/mach/m4u.h:6,
                 from drivers/misc/mediatek/dispsys/mt6735/mt6735m/ddp_ovl.c:5:
/home/satory-ra/Android/kernel/android_kernel_oukitel_orange/arch/arm/include/asm/io.h:104:19: note: expected 'const volatile void *' but argument is of type 'long unsigned int'
 static inline u32 __raw_readl(const volatile void __iomem *addr)
                   ^
drivers/misc/mediatek/dispsys/mt6735/mt6735m/ddp_ovl.c: In function 'ovl_layer_select':
drivers/misc/mediatek/dispsys/mt6735/mt6735m/ddp_ovl.c:940:1: warning: no return statement in function returning non-void [-Wreturn-type]
 }
 ^
drivers/misc/mediatek/dispsys/mt6735/mt6735m/ddp_ovl.c: In function 'ovl_reset_by_cmdq':
drivers/misc/mediatek/dispsys/mt6735/mt6735m/ddp_ovl.c:944:18: warning: unused variable 'offset' [-Wunused-variable]
     unsigned int offset = ovl_index(module) * DISP_OVL_INDEX_OFFSET;
                  ^
drivers/misc/mediatek/dispsys/mt6735/mt6735m/ddp_ovl.c: In function 'ovl_config_l':
drivers/misc/mediatek/dispsys/mt6735/mt6735m/ddp_ovl.c:1143:102: warning: suggest parentheses around '+' inside '<<' [-Wparentheses]
    MMProfileLogEx(ddp_mmp_get_events()->ovl_enable, MMProfileFlagPulse, (module-DISP_MODULE_OVL0)<<4 + (i%4), pConfig->ovl_config[i].addr);  
                                                                                                      ^
drivers/misc/mediatek/dispsys/mt6735/mt6735m/ddp_ovl.c:1151:116: warning: suggest parentheses around '+' inside '<<' [-Wparentheses]
                 MMProfileLogEx(ddp_mmp_get_events()->ovl_disable, MMProfileFlagPulse, (module-DISP_MODULE_OVL0)<<4 + (i%4), 0);
                                                                                                                    ^
drivers/misc/mediatek/dispsys/mt6735/mt6735m/ddp_ovl.c: In function 'ovl_build_cmdq':
drivers/misc/mediatek/dispsys/mt6735/mt6735m/ddp_ovl.c:1175:9: warning: unused variable 'reg_pa' [-Wunused-variable]
     int reg_pa = DISP_REG_OVL_FLOW_CTRL_DBG & 0x1fffffff;
         ^
In file included from drivers/misc/mediatek/dispsys/mt6735/mt6735m/ddp_ovl.c:11:0:
drivers/misc/mediatek/dispsys/mt6735/mt6735m/ddp_ovl.c: In function 'ovl_dump_analysis':
drivers/misc/mediatek/dispsys/mt6735/mt6735m/ddp_reg.h:1369:44: warning: passing argument 1 of '__raw_readl' makes pointer from integer without a cast
 #define DISP_REG_GET_FIELD(field, reg32) ((__raw_readl(reg32) & REG_FLD_MASK(field)) >> REG_FLD_SHIFT(field))
                                            ^
/home/satory-ra/Android/kernel/android_kernel_oukitel_orange/drivers/misc/mediatek/dispsys/mt6735/ddp_log.h:65:40: note: in expansion of macro 'DISP_REG_GET_FIELD'
             scnprintf(log, 511, fmt, ##__VA_ARGS__);    \
                                        ^
drivers/misc/mediatek/dispsys/mt6735/mt6735m/ddp_ovl.c:1384:2: note: in expansion of macro 'DDPDUMP'
  DDPDUMP("ovl_en=%d,layer_enable(%d,%d,%d,%d),bg(w=%d, h=%d),"
  ^
In file included from include/linux/scatterlist.h:10:0,
                 from /home/satory-ra/Android/kernel/android_kernel_oukitel_orange/drivers/misc/mediatek/mach/mt6735/include/mach/m4u.h:6,
                 from drivers/misc/mediatek/dispsys/mt6735/mt6735m/ddp_ovl.c:5:
/home/satory-ra/Android/kernel/android_kernel_oukitel_orange/arch/arm/include/asm/io.h:104:19: note: expected 'const volatile void *' but argument is of type 'long unsigned int'
 static inline u32 __raw_readl(const volatile void __iomem *addr)
                   ^
In file included from drivers/misc/mediatek/dispsys/mt6735/mt6735m/ddp_ovl.c:11:0:
drivers/misc/mediatek/dispsys/mt6735/mt6735m/ddp_reg.h:1369:44: warning: passing argument 1 of '__raw_readl' makes pointer from integer without a cast
 #define DISP_REG_GET_FIELD(field, reg32) ((__raw_readl(reg32) & REG_FLD_MASK(field)) >> REG_FLD_SHIFT(field))
                                            ^
/home/satory-ra/Android/kernel/android_kernel_oukitel_orange/drivers/misc/mediatek/dispsys/mt6735/ddp_log.h:65:40: note: in expansion of macro 'DISP_REG_GET_FIELD'
             scnprintf(log, 511, fmt, ##__VA_ARGS__);    \
                                        ^
drivers/misc/mediatek/dispsys/mt6735/mt6735m/ddp_ovl.c:1384:2: note: in expansion of macro 'DDPDUMP'
  DDPDUMP("ovl_en=%d,layer_enable(%d,%d,%d,%d),bg(w=%d, h=%d),"
  ^
In file included from include/linux/scatterlist.h:10:0,
                 from /home/satory-ra/Android/kernel/android_kernel_oukitel_orange/drivers/misc/mediatek/mach/mt6735/include/mach/m4u.h:6,
                 from drivers/misc/mediatek/dispsys/mt6735/mt6735m/ddp_ovl.c:5:
/home/satory-ra/Android/kernel/android_kernel_oukitel_orange/arch/arm/include/asm/io.h:104:19: note: expected 'const volatile void *' but argument is of type 'long unsigned int'
 static inline u32 __raw_readl(const volatile void __iomem *addr)
                   ^
In file included from drivers/misc/mediatek/dispsys/mt6735/mt6735m/ddp_ovl.c:11:0:
drivers/misc/mediatek/dispsys/mt6735/mt6735m/ddp_reg.h:1369:44: warning: passing argument 1 of '__raw_readl' makes pointer from integer without a cast
 #define DISP_REG_GET_FIELD(field, reg32) ((__raw_readl(reg32) & REG_FLD_MASK(field)) >> REG_FLD_SHIFT(field))
                                            ^
/home/satory-ra/Android/kernel/android_kernel_oukitel_orange/drivers/misc/mediatek/dispsys/mt6735/ddp_log.h:65:40: note: in expansion of macro 'DISP_REG_GET_FIELD'
             scnprintf(log, 511, fmt, ##__VA_ARGS__);    \
                                        ^
drivers/misc/mediatek/dispsys/mt6735/mt6735m/ddp_ovl.c:1384:2: note: in expansion of macro 'DDPDUMP'
  DDPDUMP("ovl_en=%d,layer_enable(%d,%d,%d,%d),bg(w=%d, h=%d),"
  ^
In file included from include/linux/scatterlist.h:10:0,
                 from /home/satory-ra/Android/kernel/android_kernel_oukitel_orange/drivers/misc/mediatek/mach/mt6735/include/mach/m4u.h:6,
                 from drivers/misc/mediatek/dispsys/mt6735/mt6735m/ddp_ovl.c:5:
/home/satory-ra/Android/kernel/android_kernel_oukitel_orange/arch/arm/include/asm/io.h:104:19: note: expected 'const volatile void *' but argument is of type 'long unsigned int'
 static inline u32 __raw_readl(const volatile void __iomem *addr)
                   ^
In file included from drivers/misc/mediatek/dispsys/mt6735/mt6735m/ddp_ovl.c:11:0:
drivers/misc/mediatek/dispsys/mt6735/mt6735m/ddp_reg.h:1369:44: warning: passing argument 1 of '__raw_readl' makes pointer from integer without a cast
 #define DISP_REG_GET_FIELD(field, reg32) ((__raw_readl(reg32) & REG_FLD_MASK(field)) >> REG_FLD_SHIFT(field))
                                            ^
/home/satory-ra/Android/kernel/android_kernel_oukitel_orange/drivers/misc/mediatek/dispsys/mt6735/ddp_log.h:65:40: note: in expansion of macro 'DISP_REG_GET_FIELD'
             scnprintf(log, 511, fmt, ##__VA_ARGS__);    \
                                        ^
drivers/misc/mediatek/dispsys/mt6735/mt6735m/ddp_ovl.c:1384:2: note: in expansion of macro 'DDPDUMP'
  DDPDUMP("ovl_en=%d,layer_enable(%d,%d,%d,%d),bg(w=%d, h=%d),"
  ^
In file included from include/linux/scatterlist.h:10:0,
                 from /home/satory-ra/Android/kernel/android_kernel_oukitel_orange/drivers/misc/mediatek/mach/mt6735/include/mach/m4u.h:6,
                 from drivers/misc/mediatek/dispsys/mt6735/mt6735m/ddp_ovl.c:5:
/home/satory-ra/Android/kernel/android_kernel_oukitel_orange/arch/arm/include/asm/io.h:104:19: note: expected 'const volatile void *' but argument is of type 'long unsigned int'
 static inline u32 __raw_readl(const volatile void __iomem *addr)
                   ^
In file included from drivers/misc/mediatek/dispsys/mt6735/mt6735m/ddp_ovl.c:11:0:
drivers/misc/mediatek/dispsys/mt6735/mt6735m/ddp_reg.h:1369:44: warning: passing argument 1 of '__raw_readl' makes pointer from integer without a cast
 #define DISP_REG_GET_FIELD(field, reg32) ((__raw_readl(reg32) & REG_FLD_MASK(field)) >> REG_FLD_SHIFT(field))
                                            ^
/home/satory-ra/Android/kernel/android_kernel_oukitel_orange/drivers/misc/mediatek/dispsys/mt6735/ddp_log.h:65:40: note: in expansion of macro 'DISP_REG_GET_FIELD'
             scnprintf(log, 511, fmt, ##__VA_ARGS__);    \
                                        ^
drivers/misc/mediatek/dispsys/mt6735/mt6735m/ddp_ovl.c:1384:2: note: in expansion of macro 'DDPDUMP'
  DDPDUMP("ovl_en=%d,layer_enable(%d,%d,%d,%d),bg(w=%d, h=%d),"
  ^
In file included from include/linux/scatterlist.h:10:0,
                 from /home/satory-ra/Android/kernel/android_kernel_oukitel_orange/drivers/misc/mediatek/mach/mt6735/include/mach/m4u.h:6,
                 from drivers/misc/mediatek/dispsys/mt6735/mt6735m/ddp_ovl.c:5:
/home/satory-ra/Android/kernel/android_kernel_oukitel_orange/arch/arm/include/asm/io.h:104:19: note: expected 'const volatile void *' but argument is of type 'long unsigned int'
 static inline u32 __raw_readl(const volatile void __iomem *addr)
                   ^
In file included from drivers/misc/mediatek/dispsys/mt6735/mt6735m/ddp_ovl.c:11:0:
drivers/misc/mediatek/dispsys/mt6735/mt6735m/ddp_reg.h:1369:44: warning: passing argument 1 of '__raw_readl' makes pointer from integer without a cast
 #define DISP_REG_GET_FIELD(field, reg32) ((__raw_readl(reg32) & REG_FLD_MASK(field)) >> REG_FLD_SHIFT(field))
                                            ^
/home/satory-ra/Android/kernel/android_kernel_oukitel_orange/drivers/misc/mediatek/dispsys/mt6735/ddp_log.h:65:40: note: in expansion of macro 'DISP_REG_GET_FIELD'
             scnprintf(log, 511, fmt, ##__VA_ARGS__);    \
                                        ^
drivers/misc/mediatek/dispsys/mt6735/mt6735m/ddp_ovl.c:1384:2: note: in expansion of macro 'DDPDUMP'
  DDPDUMP("ovl_en=%d,layer_enable(%d,%d,%d,%d),bg(w=%d, h=%d),"
  ^
In file included from include/linux/scatterlist.h:10:0,
                 from /home/satory-ra/Android/kernel/android_kernel_oukitel_orange/drivers/misc/mediatek/mach/mt6735/include/mach/m4u.h:6,
                 from drivers/misc/mediatek/dispsys/mt6735/mt6735m/ddp_ovl.c:5:
/home/satory-ra/Android/kernel/android_kernel_oukitel_orange/arch/arm/include/asm/io.h:104:19: note: expected 'const volatile void *' but argument is of type 'long unsigned int'
 static inline u32 __raw_readl(const volatile void __iomem *addr)
                   ^
In file included from drivers/misc/mediatek/dispsys/mt6735/mt6735m/ddp_ovl.c:11:0:
drivers/misc/mediatek/dispsys/mt6735/mt6735m/ddp_reg.h:1369:44: warning: passing argument 1 of '__raw_readl' makes pointer from integer without a cast
 #define DISP_REG_GET_FIELD(field, reg32) ((__raw_readl(reg32) & REG_FLD_MASK(field)) >> REG_FLD_SHIFT(field))
                                            ^
include/linux/printk.h:223:36: note: in expansion of macro 'DISP_REG_GET_FIELD'
  printk(KERN_NOTICE pr_fmt(fmt), ##__VA_ARGS__)
                                    ^
/home/satory-ra/Android/kernel/android_kernel_oukitel_orange/drivers/misc/mediatek/dispsys/mt6735/ddp_log.h:69:13: note: in expansion of macro 'pr_notice'
             pr_notice("[DDP/"LOG_TAG"]"fmt,##__VA_ARGS__);\
             ^
drivers/misc/mediatek/dispsys/mt6735/mt6735m/ddp_ovl.c:1384:2: note: in expansion of macro 'DDPDUMP'
  DDPDUMP("ovl_en=%d,layer_enable(%d,%d,%d,%d),bg(w=%d, h=%d),"
  ^
In file included from include/linux/scatterlist.h:10:0,
                 from /home/satory-ra/Android/kernel/android_kernel_oukitel_orange/drivers/misc/mediatek/mach/mt6735/include/mach/m4u.h:6,
                 from drivers/misc/mediatek/dispsys/mt6735/mt6735m/ddp_ovl.c:5:
/home/satory-ra/Android/kernel/android_kernel_oukitel_orange/arch/arm/include/asm/io.h:104:19: note: expected 'const volatile void *' but argument is of type 'long unsigned int'
 static inline u32 __raw_readl(const volatile void __iomem *addr)
                   ^
In file included from drivers/misc/mediatek/dispsys/mt6735/mt6735m/ddp_ovl.c:11:0:
drivers/misc/mediatek/dispsys/mt6735/mt6735m/ddp_reg.h:1369:44: warning: passing argument 1 of '__raw_readl' makes pointer from integer without a cast
 #define DISP_REG_GET_FIELD(field, reg32) ((__raw_readl(reg32) & REG_FLD_MASK(field)) >> REG_FLD_SHIFT(field))
                                            ^
include/linux/printk.h:223:36: note: in expansion of macro 'DISP_REG_GET_FIELD'
  printk(KERN_NOTICE pr_fmt(fmt), ##__VA_ARGS__)
                                    ^
/home/satory-ra/Android/kernel/android_kernel_oukitel_orange/drivers/misc/mediatek/dispsys/mt6735/ddp_log.h:69:13: note: in expansion of macro 'pr_notice'
             pr_notice("[DDP/"LOG_TAG"]"fmt,##__VA_ARGS__);\
             ^
drivers/misc/mediatek/dispsys/mt6735/mt6735m/ddp_ovl.c:1384:2: note: in expansion of macro 'DDPDUMP'
  DDPDUMP("ovl_en=%d,layer_enable(%d,%d,%d,%d),bg(w=%d, h=%d),"
  ^
In file included from include/linux/scatterlist.h:10:0,
                 from /home/satory-ra/Android/kernel/android_kernel_oukitel_orange/drivers/misc/mediatek/mach/mt6735/include/mach/m4u.h:6,
                 from drivers/misc/mediatek/dispsys/mt6735/mt6735m/ddp_ovl.c:5:
/home/satory-ra/Android/kernel/android_kernel_oukitel_orange/arch/arm/include/asm/io.h:104:19: note: expected 'const volatile void *' but argument is of type 'long unsigned int'
 static inline u32 __raw_readl(const volatile void __iomem *addr)
                   ^
In file included from drivers/misc/mediatek/dispsys/mt6735/mt6735m/ddp_ovl.c:11:0:
drivers/misc/mediatek/dispsys/mt6735/mt6735m/ddp_reg.h:1369:44: warning: passing argument 1 of '__raw_readl' makes pointer from integer without a cast
 #define DISP_REG_GET_FIELD(field, reg32) ((__raw_readl(reg32) & REG_FLD_MASK(field)) >> REG_FLD_SHIFT(field))
                                            ^
include/linux/printk.h:223:36: note: in expansion of macro 'DISP_REG_GET_FIELD'
  printk(KERN_NOTICE pr_fmt(fmt), ##__VA_ARGS__)
                                    ^
/home/satory-ra/Android/kernel/android_kernel_oukitel_orange/drivers/misc/mediatek/dispsys/mt6735/ddp_log.h:69:13: note: in expansion of macro 'pr_notice'
             pr_notice("[DDP/"LOG_TAG"]"fmt,##__VA_ARGS__);\
             ^
drivers/misc/mediatek/dispsys/mt6735/mt6735m/ddp_ovl.c:1384:2: note: in expansion of macro 'DDPDUMP'
  DDPDUMP("ovl_en=%d,layer_enable(%d,%d,%d,%d),bg(w=%d, h=%d),"
  ^
In file included from include/linux/scatterlist.h:10:0,
                 from /home/satory-ra/Android/kernel/android_kernel_oukitel_orange/drivers/misc/mediatek/mach/mt6735/include/mach/m4u.h:6,
                 from drivers/misc/mediatek/dispsys/mt6735/mt6735m/ddp_ovl.c:5:
/home/satory-ra/Android/kernel/android_kernel_oukitel_orange/arch/arm/include/asm/io.h:104:19: note: expected 'const volatile void *' but argument is of type 'long unsigned int'
 static inline u32 __raw_readl(const volatile void __iomem *addr)
                   ^
In file included from drivers/misc/mediatek/dispsys/mt6735/mt6735m/ddp_ovl.c:11:0:
drivers/misc/mediatek/dispsys/mt6735/mt6735m/ddp_reg.h:1369:44: warning: passing argument 1 of '__raw_readl' makes pointer from integer without a cast
 #define DISP_REG_GET_FIELD(field, reg32) ((__raw_readl(reg32) & REG_FLD_MASK(field)) >> REG_FLD_SHIFT(field))
                                            ^
include/linux/printk.h:223:36: note: in expansion of macro 'DISP_REG_GET_FIELD'
  printk(KERN_NOTICE pr_fmt(fmt), ##__VA_ARGS__)
                                    ^
/home/satory-ra/Android/kernel/android_kernel_oukitel_orange/drivers/misc/mediatek/dispsys/mt6735/ddp_log.h:69:13: note: in expansion of macro 'pr_notice'
             pr_notice("[DDP/"LOG_TAG"]"fmt,##__VA_ARGS__);\
             ^
drivers/misc/mediatek/dispsys/mt6735/mt6735m/ddp_ovl.c:1384:2: note: in expansion of macro 'DDPDUMP'
  DDPDUMP("ovl_en=%d,layer_enable(%d,%d,%d,%d),bg(w=%d, h=%d),"
  ^
In file included from include/linux/scatterlist.h:10:0,
                 from /home/satory-ra/Android/kernel/android_kernel_oukitel_orange/drivers/misc/mediatek/mach/mt6735/include/mach/m4u.h:6,
                 from drivers/misc/mediatek/dispsys/mt6735/mt6735m/ddp_ovl.c:5:
/home/satory-ra/Android/kernel/android_kernel_oukitel_orange/arch/arm/include/asm/io.h:104:19: note: expected 'const volatile void *' but argument is of type 'long unsigned int'
 static inline u32 __raw_readl(const volatile void __iomem *addr)
                   ^
In file included from drivers/misc/mediatek/dispsys/mt6735/mt6735m/ddp_ovl.c:11:0:
drivers/misc/mediatek/dispsys/mt6735/mt6735m/ddp_reg.h:1369:44: warning: passing argument 1 of '__raw_readl' makes pointer from integer without a cast
 #define DISP_REG_GET_FIELD(field, reg32) ((__raw_readl(reg32) & REG_FLD_MASK(field)) >> REG_FLD_SHIFT(field))
                                            ^
include/linux/printk.h:223:36: note: in expansion of macro 'DISP_REG_GET_FIELD'
  printk(KERN_NOTICE pr_fmt(fmt), ##__VA_ARGS__)
                                    ^
/home/satory-ra/Android/kernel/android_kernel_oukitel_orange/drivers/misc/mediatek/dispsys/mt6735/ddp_log.h:69:13: note: in expansion of macro 'pr_notice'
             pr_notice("[DDP/"LOG_TAG"]"fmt,##__VA_ARGS__);\
             ^
drivers/misc/mediatek/dispsys/mt6735/mt6735m/ddp_ovl.c:1384:2: note: in expansion of macro 'DDPDUMP'
  DDPDUMP("ovl_en=%d,layer_enable(%d,%d,%d,%d),bg(w=%d, h=%d),"
  ^
In file included from include/linux/scatterlist.h:10:0,
                 from /home/satory-ra/Android/kernel/android_kernel_oukitel_orange/drivers/misc/mediatek/mach/mt6735/include/mach/m4u.h:6,
                 from drivers/misc/mediatek/dispsys/mt6735/mt6735m/ddp_ovl.c:5:
/home/satory-ra/Android/kernel/android_kernel_oukitel_orange/arch/arm/include/asm/io.h:104:19: note: expected 'const volatile void *' but argument is of type 'long unsigned int'
 static inline u32 __raw_readl(const volatile void __iomem *addr)
                   ^
In file included from drivers/misc/mediatek/dispsys/mt6735/mt6735m/ddp_ovl.c:11:0:
drivers/misc/mediatek/dispsys/mt6735/mt6735m/ddp_reg.h:1369:44: warning: passing argument 1 of '__raw_readl' makes pointer from integer without a cast
 #define DISP_REG_GET_FIELD(field, reg32) ((__raw_readl(reg32) & REG_FLD_MASK(field)) >> REG_FLD_SHIFT(field))
                                            ^
include/linux/printk.h:223:36: note: in expansion of macro 'DISP_REG_GET_FIELD'
  printk(KERN_NOTICE pr_fmt(fmt), ##__VA_ARGS__)
                                    ^
/home/satory-ra/Android/kernel/android_kernel_oukitel_orange/drivers/misc/mediatek/dispsys/mt6735/ddp_log.h:69:13: note: in expansion of macro 'pr_notice'
             pr_notice("[DDP/"LOG_TAG"]"fmt,##__VA_ARGS__);\
             ^
drivers/misc/mediatek/dispsys/mt6735/mt6735m/ddp_ovl.c:1384:2: note: in expansion of macro 'DDPDUMP'
  DDPDUMP("ovl_en=%d,layer_enable(%d,%d,%d,%d),bg(w=%d, h=%d),"
  ^
In file included from include/linux/scatterlist.h:10:0,
                 from /home/satory-ra/Android/kernel/android_kernel_oukitel_orange/drivers/misc/mediatek/mach/mt6735/include/mach/m4u.h:6,
                 from drivers/misc/mediatek/dispsys/mt6735/mt6735m/ddp_ovl.c:5:
/home/satory-ra/Android/kernel/android_kernel_oukitel_orange/arch/arm/include/asm/io.h:104:19: note: expected 'const volatile void *' but argument is of type 'long unsigned int'
 static inline u32 __raw_readl(const volatile void __iomem *addr)
                   ^
In file included from drivers/misc/mediatek/dispsys/mt6735/mt6735m/ddp_ovl.c:11:0:
drivers/misc/mediatek/dispsys/mt6735/mt6735m/ddp_reg.h:1369:44: warning: passing argument 1 of '__raw_readl' makes pointer from integer without a cast
 #define DISP_REG_GET_FIELD(field, reg32) ((__raw_readl(reg32) & REG_FLD_MASK(field)) >> REG_FLD_SHIFT(field))
                                            ^
/home/satory-ra/Android/kernel/android_kernel_oukitel_orange/drivers/misc/mediatek/dispsys/mt6735/ddp_log.h:65:40: note: in expansion of macro 'DISP_REG_GET_FIELD'
             scnprintf(log, 511, fmt, ##__VA_ARGS__);    \
                                        ^
drivers/misc/mediatek/dispsys/mt6735/mt6735m/ddp_ovl.c:1410:4: note: in expansion of macro 'DDPDUMP'
    DDPDUMP("layer%d: w=%d,h=%d,off(x=%d,y=%d),pitch=%d,addr=0x%x,fmt=%s,source=%s,aen=%d,alpha=%d\n",
    ^
In file included from include/linux/scatterlist.h:10:0,
                 from /home/satory-ra/Android/kernel/android_kernel_oukitel_orange/drivers/misc/mediatek/mach/mt6735/include/mach/m4u.h:6,
                 from drivers/misc/mediatek/dispsys/mt6735/mt6735m/ddp_ovl.c:5:
/home/satory-ra/Android/kernel/android_kernel_oukitel_orange/arch/arm/include/asm/io.h:104:19: note: expected 'const volatile void *' but argument is of type 'long unsigned int'
 static inline u32 __raw_readl(const volatile void __iomem *addr)
                   ^
In file included from drivers/misc/mediatek/dispsys/mt6735/mt6735m/ddp_ovl.c:11:0:
drivers/misc/mediatek/dispsys/mt6735/mt6735m/ddp_reg.h:1369:44: warning: passing argument 1 of '__raw_readl' makes pointer from integer without a cast
 #define DISP_REG_GET_FIELD(field, reg32) ((__raw_readl(reg32) & REG_FLD_MASK(field)) >> REG_FLD_SHIFT(field))
                                            ^
/home/satory-ra/Android/kernel/android_kernel_oukitel_orange/drivers/misc/mediatek/dispsys/mt6735/ddp_log.h:65:40: note: in expansion of macro 'DISP_REG_GET_FIELD'
             scnprintf(log, 511, fmt, ##__VA_ARGS__);    \
                                        ^
drivers/misc/mediatek/dispsys/mt6735/mt6735m/ddp_ovl.c:1410:4: note: in expansion of macro 'DDPDUMP'
    DDPDUMP("layer%d: w=%d,h=%d,off(x=%d,y=%d),pitch=%d,addr=0x%x,fmt=%s,source=%s,aen=%d,alpha=%d\n",
    ^
In file included from include/linux/scatterlist.h:10:0,
                 from /home/satory-ra/Android/kernel/android_kernel_oukitel_orange/drivers/misc/mediatek/mach/mt6735/include/mach/m4u.h:6,
                 from drivers/misc/mediatek/dispsys/mt6735/mt6735m/ddp_ovl.c:5:
/home/satory-ra/Android/kernel/android_kernel_oukitel_orange/arch/arm/include/asm/io.h:104:19: note: expected 'const volatile void *' but argument is of type 'long unsigned int'
 static inline u32 __raw_readl(const volatile void __iomem *addr)
                   ^
In file included from drivers/misc/mediatek/dispsys/mt6735/mt6735m/ddp_ovl.c:11:0:
drivers/misc/mediatek/dispsys/mt6735/mt6735m/ddp_reg.h:1369:44: warning: passing argument 1 of '__raw_readl' makes pointer from integer without a cast
 #define DISP_REG_GET_FIELD(field, reg32) ((__raw_readl(reg32) & REG_FLD_MASK(field)) >> REG_FLD_SHIFT(field))
                                            ^
/home/satory-ra/Android/kernel/android_kernel_oukitel_orange/drivers/misc/mediatek/dispsys/mt6735/ddp_log.h:65:40: note: in expansion of macro 'DISP_REG_GET_FIELD'
             scnprintf(log, 511, fmt, ##__VA_ARGS__);    \
                                        ^
drivers/misc/mediatek/dispsys/mt6735/mt6735m/ddp_ovl.c:1410:4: note: in expansion of macro 'DDPDUMP'
    DDPDUMP("layer%d: w=%d,h=%d,off(x=%d,y=%d),pitch=%d,addr=0x%x,fmt=%s,source=%s,aen=%d,alpha=%d\n",
    ^
In file included from include/linux/scatterlist.h:10:0,
                 from /home/satory-ra/Android/kernel/android_kernel_oukitel_orange/drivers/misc/mediatek/mach/mt6735/include/mach/m4u.h:6,
                 from drivers/misc/mediatek/dispsys/mt6735/mt6735m/ddp_ovl.c:5:
/home/satory-ra/Android/kernel/android_kernel_oukitel_orange/arch/arm/include/asm/io.h:104:19: note: expected 'const volatile void *' but argument is of type 'long unsigned int'
 static inline u32 __raw_readl(const volatile void __iomem *addr)
                   ^
In file included from drivers/misc/mediatek/dispsys/mt6735/mt6735m/ddp_ovl.c:11:0:
drivers/misc/mediatek/dispsys/mt6735/mt6735m/ddp_reg.h:1369:44: warning: passing argument 1 of '__raw_readl' makes pointer from integer without a cast
 #define DISP_REG_GET_FIELD(field, reg32) ((__raw_readl(reg32) & REG_FLD_MASK(field)) >> REG_FLD_SHIFT(field))
                                            ^
/home/satory-ra/Android/kernel/android_kernel_oukitel_orange/drivers/misc/mediatek/dispsys/mt6735/ddp_log.h:65:40: note: in expansion of macro 'DISP_REG_GET_FIELD'
             scnprintf(log, 511, fmt, ##__VA_ARGS__);    \
                                        ^
drivers/misc/mediatek/dispsys/mt6735/mt6735m/ddp_ovl.c:1410:4: note: in expansion of macro 'DDPDUMP'
    DDPDUMP("layer%d: w=%d,h=%d,off(x=%d,y=%d),pitch=%d,addr=0x%x,fmt=%s,source=%s,aen=%d,alpha=%d\n",
    ^
In file included from include/linux/scatterlist.h:10:0,
                 from /home/satory-ra/Android/kernel/android_kernel_oukitel_orange/drivers/misc/mediatek/mach/mt6735/include/mach/m4u.h:6,
                 from drivers/misc/mediatek/dispsys/mt6735/mt6735m/ddp_ovl.c:5:
/home/satory-ra/Android/kernel/android_kernel_oukitel_orange/arch/arm/include/asm/io.h:104:19: note: expected 'const volatile void *' but argument is of type 'long unsigned int'
 static inline u32 __raw_readl(const volatile void __iomem *addr)
                   ^
In file included from drivers/misc/mediatek/dispsys/mt6735/mt6735m/ddp_ovl.c:11:0:
drivers/misc/mediatek/dispsys/mt6735/mt6735m/ddp_reg.h:1369:44: warning: passing argument 1 of '__raw_readl' makes pointer from integer without a cast
 #define DISP_REG_GET_FIELD(field, reg32) ((__raw_readl(reg32) & REG_FLD_MASK(field)) >> REG_FLD_SHIFT(field))
                                            ^
/home/satory-ra/Android/kernel/android_kernel_oukitel_orange/drivers/misc/mediatek/dispsys/mt6735/ddp_log.h:65:40: note: in expansion of macro 'DISP_REG_GET_FIELD'
             scnprintf(log, 511, fmt, ##__VA_ARGS__);    \
                                        ^
drivers/misc/mediatek/dispsys/mt6735/mt6735m/ddp_ovl.c:1410:4: note: in expansion of macro 'DDPDUMP'
    DDPDUMP("layer%d: w=%d,h=%d,off(x=%d,y=%d),pitch=%d,addr=0x%x,fmt=%s,source=%s,aen=%d,alpha=%d\n",
    ^
In file included from include/linux/scatterlist.h:10:0,
                 from /home/satory-ra/Android/kernel/android_kernel_oukitel_orange/drivers/misc/mediatek/mach/mt6735/include/mach/m4u.h:6,
                 from drivers/misc/mediatek/dispsys/mt6735/mt6735m/ddp_ovl.c:5:
/home/satory-ra/Android/kernel/android_kernel_oukitel_orange/arch/arm/include/asm/io.h:104:19: note: expected 'const volatile void *' but argument is of type 'long unsigned int'
 static inline u32 __raw_readl(const volatile void __iomem *addr)
                   ^
In file included from drivers/misc/mediatek/dispsys/mt6735/mt6735m/ddp_ovl.c:11:0:
drivers/misc/mediatek/dispsys/mt6735/mt6735m/ddp_reg.h:1369:44: warning: passing argument 1 of '__raw_readl' makes pointer from integer without a cast
 #define DISP_REG_GET_FIELD(field, reg32) ((__raw_readl(reg32) & REG_FLD_MASK(field)) >> REG_FLD_SHIFT(field))
                                            ^
include/linux/printk.h:223:36: note: in expansion of macro 'DISP_REG_GET_FIELD'
  printk(KERN_NOTICE pr_fmt(fmt), ##__VA_ARGS__)
                                    ^
/home/satory-ra/Android/kernel/android_kernel_oukitel_orange/drivers/misc/mediatek/dispsys/mt6735/ddp_log.h:69:13: note: in expansion of macro 'pr_notice'
             pr_notice("[DDP/"LOG_TAG"]"fmt,##__VA_ARGS__);\
             ^
drivers/misc/mediatek/dispsys/mt6735/mt6735m/ddp_ovl.c:1410:4: note: in expansion of macro 'DDPDUMP'
    DDPDUMP("layer%d: w=%d,h=%d,off(x=%d,y=%d),pitch=%d,addr=0x%x,fmt=%s,source=%s,aen=%d,alpha=%d\n",
    ^
In file included from include/linux/scatterlist.h:10:0,
                 from /home/satory-ra/Android/kernel/android_kernel_oukitel_orange/drivers/misc/mediatek/mach/mt6735/include/mach/m4u.h:6,
                 from drivers/misc/mediatek/dispsys/mt6735/mt6735m/ddp_ovl.c:5:
/home/satory-ra/Android/kernel/android_kernel_oukitel_orange/arch/arm/include/asm/io.h:104:19: note: expected 'const volatile void *' but argument is of type 'long unsigned int'
 static inline u32 __raw_readl(const volatile void __iomem *addr)
                   ^
In file included from drivers/misc/mediatek/dispsys/mt6735/mt6735m/ddp_ovl.c:11:0:
drivers/misc/mediatek/dispsys/mt6735/mt6735m/ddp_reg.h:1369:44: warning: passing argument 1 of '__raw_readl' makes pointer from integer without a cast
 #define DISP_REG_GET_FIELD(field, reg32) ((__raw_readl(reg32) & REG_FLD_MASK(field)) >> REG_FLD_SHIFT(field))
                                            ^
include/linux/printk.h:223:36: note: in expansion of macro 'DISP_REG_GET_FIELD'
  printk(KERN_NOTICE pr_fmt(fmt), ##__VA_ARGS__)
                                    ^
/home/satory-ra/Android/kernel/android_kernel_oukitel_orange/drivers/misc/mediatek/dispsys/mt6735/ddp_log.h:69:13: note: in expansion of macro 'pr_notice'
             pr_notice("[DDP/"LOG_TAG"]"fmt,##__VA_ARGS__);\
             ^
drivers/misc/mediatek/dispsys/mt6735/mt6735m/ddp_ovl.c:1410:4: note: in expansion of macro 'DDPDUMP'
    DDPDUMP("layer%d: w=%d,h=%d,off(x=%d,y=%d),pitch=%d,addr=0x%x,fmt=%s,source=%s,aen=%d,alpha=%d\n",
    ^
In file included from include/linux/scatterlist.h:10:0,
                 from /home/satory-ra/Android/kernel/android_kernel_oukitel_orange/drivers/misc/mediatek/mach/mt6735/include/mach/m4u.h:6,
                 from drivers/misc/mediatek/dispsys/mt6735/mt6735m/ddp_ovl.c:5:
/home/satory-ra/Android/kernel/android_kernel_oukitel_orange/arch/arm/include/asm/io.h:104:19: note: expected 'const volatile void *' but argument is of type 'long unsigned int'
 static inline u32 __raw_readl(const volatile void __iomem *addr)
                   ^
In file included from drivers/misc/mediatek/dispsys/mt6735/mt6735m/ddp_ovl.c:11:0:
drivers/misc/mediatek/dispsys/mt6735/mt6735m/ddp_reg.h:1369:44: warning: passing argument 1 of '__raw_readl' makes pointer from integer without a cast
 #define DISP_REG_GET_FIELD(field, reg32) ((__raw_readl(reg32) & REG_FLD_MASK(field)) >> REG_FLD_SHIFT(field))
                                            ^
include/linux/printk.h:223:36: note: in expansion of macro 'DISP_REG_GET_FIELD'
  printk(KERN_NOTICE pr_fmt(fmt), ##__VA_ARGS__)
                                    ^
/home/satory-ra/Android/kernel/android_kernel_oukitel_orange/drivers/misc/mediatek/dispsys/mt6735/ddp_log.h:69:13: note: in expansion of macro 'pr_notice'
             pr_notice("[DDP/"LOG_TAG"]"fmt,##__VA_ARGS__);\
             ^
drivers/misc/mediatek/dispsys/mt6735/mt6735m/ddp_ovl.c:1410:4: note: in expansion of macro 'DDPDUMP'
    DDPDUMP("layer%d: w=%d,h=%d,off(x=%d,y=%d),pitch=%d,addr=0x%x,fmt=%s,source=%s,aen=%d,alpha=%d\n",
    ^
In file included from include/linux/scatterlist.h:10:0,
                 from /home/satory-ra/Android/kernel/android_kernel_oukitel_orange/drivers/misc/mediatek/mach/mt6735/include/mach/m4u.h:6,
                 from drivers/misc/mediatek/dispsys/mt6735/mt6735m/ddp_ovl.c:5:
/home/satory-ra/Android/kernel/android_kernel_oukitel_orange/arch/arm/include/asm/io.h:104:19: note: expected 'const volatile void *' but argument is of type 'long unsigned int'
 static inline u32 __raw_readl(const volatile void __iomem *addr)
                   ^
In file included from drivers/misc/mediatek/dispsys/mt6735/mt6735m/ddp_ovl.c:11:0:
drivers/misc/mediatek/dispsys/mt6735/mt6735m/ddp_reg.h:1369:44: warning: passing argument 1 of '__raw_readl' makes pointer from integer without a cast
 #define DISP_REG_GET_FIELD(field, reg32) ((__raw_readl(reg32) & REG_FLD_MASK(field)) >> REG_FLD_SHIFT(field))
                                            ^
include/linux/printk.h:223:36: note: in expansion of macro 'DISP_REG_GET_FIELD'
  printk(KERN_NOTICE pr_fmt(fmt), ##__VA_ARGS__)
                                    ^
/home/satory-ra/Android/kernel/android_kernel_oukitel_orange/drivers/misc/mediatek/dispsys/mt6735/ddp_log.h:69:13: note: in expansion of macro 'pr_notice'
             pr_notice("[DDP/"LOG_TAG"]"fmt,##__VA_ARGS__);\
             ^
drivers/misc/mediatek/dispsys/mt6735/mt6735m/ddp_ovl.c:1410:4: note: in expansion of macro 'DDPDUMP'
    DDPDUMP("layer%d: w=%d,h=%d,off(x=%d,y=%d),pitch=%d,addr=0x%x,fmt=%s,source=%s,aen=%d,alpha=%d\n",
    ^
In file included from include/linux/scatterlist.h:10:0,
                 from /home/satory-ra/Android/kernel/android_kernel_oukitel_orange/drivers/misc/mediatek/mach/mt6735/include/mach/m4u.h:6,
                 from drivers/misc/mediatek/dispsys/mt6735/mt6735m/ddp_ovl.c:5:
/home/satory-ra/Android/kernel/android_kernel_oukitel_orange/arch/arm/include/asm/io.h:104:19: note: expected 'const volatile void *' but argument is of type 'long unsigned int'
 static inline u32 __raw_readl(const volatile void __iomem *addr)
                   ^
In file included from drivers/misc/mediatek/dispsys/mt6735/mt6735m/ddp_ovl.c:11:0:
drivers/misc/mediatek/dispsys/mt6735/mt6735m/ddp_reg.h:1369:44: warning: passing argument 1 of '__raw_readl' makes pointer from integer without a cast
 #define DISP_REG_GET_FIELD(field, reg32) ((__raw_readl(reg32) & REG_FLD_MASK(field)) >> REG_FLD_SHIFT(field))
                                            ^
include/linux/printk.h:223:36: note: in expansion of macro 'DISP_REG_GET_FIELD'
  printk(KERN_NOTICE pr_fmt(fmt), ##__VA_ARGS__)
                                    ^
/home/satory-ra/Android/kernel/android_kernel_oukitel_orange/drivers/misc/mediatek/dispsys/mt6735/ddp_log.h:69:13: note: in expansion of macro 'pr_notice'
             pr_notice("[DDP/"LOG_TAG"]"fmt,##__VA_ARGS__);\
             ^
drivers/misc/mediatek/dispsys/mt6735/mt6735m/ddp_ovl.c:1410:4: note: in expansion of macro 'DDPDUMP'
    DDPDUMP("layer%d: w=%d,h=%d,off(x=%d,y=%d),pitch=%d,addr=0x%x,fmt=%s,source=%s,aen=%d,alpha=%d\n",
    ^
In file included from include/linux/scatterlist.h:10:0,
                 from /home/satory-ra/Android/kernel/android_kernel_oukitel_orange/drivers/misc/mediatek/mach/mt6735/include/mach/m4u.h:6,
                 from drivers/misc/mediatek/dispsys/mt6735/mt6735m/ddp_ovl.c:5:
/home/satory-ra/Android/kernel/android_kernel_oukitel_orange/arch/arm/include/asm/io.h:104:19: note: expected 'const volatile void *' but argument is of type 'long unsigned int'
 static inline u32 __raw_readl(const volatile void __iomem *addr)
                   ^
In file included from /home/satory-ra/Android/kernel/android_kernel_oukitel_orange/drivers/misc/mediatek/mach/mt6735/include/mach/mt_gpio_base.h:4:0,
                 from include/mach/mt_gpio.h:16,
                 from /home/satory-ra/Android/kernel/android_kernel_oukitel_orange/drivers/misc/mediatek/videox/mt6735/mt6735m/disp_drv_platform.h:6,
                 from drivers/misc/mediatek/dispsys/mt6735/mt6735m/ddp_ovl.c:8:
drivers/misc/mediatek/dispsys/mt6735/mt6735m/ddp_ovl.c: In function 'ovl_io':
drivers/misc/mediatek/dispsys/mt6735/mt6735m/ddp_reg.h:1495:38: warning: passing argument 1 of '__raw_readl' makes pointer from integer without a cast
                 mt_reg_sync_writel( (__raw_readl(reg32) & ~REG_FLD_MASK(field))|REG_FLD_VAL((field), (val)), (reg32));  \
                                      ^
/home/satory-ra/Android/kernel/android_kernel_oukitel_orange/drivers/misc/mediatek/mach/mt6735/include/mach/sync_write.h:15:27: note: in definition of macro 'mt_reg_sync_writel'
             __raw_writel((v), IOMEM((a)));   \
                           ^
drivers/misc/mediatek/dispsys/mt6735/mt6735m/ddp_ovl.c:1457:13: note: in expansion of macro 'DISP_REG_SET_FIELD'
             DISP_REG_SET_FIELD(cmdq, DATAPATH_CON_FLD_BGCLR_IN_SEL, DISP_REG_OVL_DATAPATH_CON, 1);
             ^
In file included from include/linux/scatterlist.h:10:0,
                 from /home/satory-ra/Android/kernel/android_kernel_oukitel_orange/drivers/misc/mediatek/mach/mt6735/include/mach/m4u.h:6,
                 from drivers/misc/mediatek/dispsys/mt6735/mt6735m/ddp_ovl.c:5:
/home/satory-ra/Android/kernel/android_kernel_oukitel_orange/arch/arm/include/asm/io.h:104:19: note: expected 'const volatile void *' but argument is of type 'long unsigned int'
 static inline u32 __raw_readl(const volatile void __iomem *addr)
                   ^
In file included from /home/satory-ra/Android/kernel/android_kernel_oukitel_orange/drivers/misc/mediatek/mach/mt6735/include/mach/mt_gpio_base.h:4:0,
                 from include/mach/mt_gpio.h:16,
                 from /home/satory-ra/Android/kernel/android_kernel_oukitel_orange/drivers/misc/mediatek/videox/mt6735/mt6735m/disp_drv_platform.h:6,
                 from drivers/misc/mediatek/dispsys/mt6735/mt6735m/ddp_ovl.c:8:
drivers/misc/mediatek/dispsys/mt6735/mt6735m/ddp_reg.h:1495:38: warning: passing argument 1 of '__raw_readl' makes pointer from integer without a cast
                 mt_reg_sync_writel( (__raw_readl(reg32) & ~REG_FLD_MASK(field))|REG_FLD_VAL((field), (val)), (reg32));  \
                                      ^
/home/satory-ra/Android/kernel/android_kernel_oukitel_orange/drivers/misc/mediatek/mach/mt6735/include/mach/sync_write.h:15:27: note: in definition of macro 'mt_reg_sync_writel'
             __raw_writel((v), IOMEM((a)));   \
                           ^
drivers/misc/mediatek/dispsys/mt6735/mt6735m/ddp_ovl.c:1471:13: note: in expansion of macro 'DISP_REG_SET_FIELD'
             DISP_REG_SET_FIELD(cmdq, DATAPATH_CON_FLD_BGCLR_IN_SEL, DISP_REG_OVL_DATAPATH_CON, 0);
             ^
In file included from include/linux/scatterlist.h:10:0,
                 from /home/satory-ra/Android/kernel/android_kernel_oukitel_orange/drivers/misc/mediatek/mach/mt6735/include/mach/m4u.h:6,
                 from drivers/misc/mediatek/dispsys/mt6735/mt6735m/ddp_ovl.c:5:
/home/satory-ra/Android/kernel/android_kernel_oukitel_orange/arch/arm/include/asm/io.h:104:19: note: expected 'const volatile void *' but argument is of type 'long unsigned int'
 static inline u32 __raw_readl(const volatile void __iomem *addr)
                   ^
In file included from drivers/misc/mediatek/dispsys/mt6735/mt6735m/ddp_ovl.c:11:0:
drivers/misc/mediatek/dispsys/mt6735/mt6735m/ddp_ovl.c: At top level:
drivers/misc/mediatek/dispsys/mt6735/mt6735m/ddp_reg.h:23:21: warning: 'module_list_scenario' defined but not used [-Wunused-variable]
 static unsigned int module_list_scenario[DDP_SCENARIO_MAX][DDP_ENING_NUM] = {
                     ^
In file included from drivers/misc/mediatek/dispsys/mt6735/mt6735m/ddp_ovl.c:11:0:
drivers/misc/mediatek/dispsys/mt6735/mt6735m/ddp_reg.h:48:15: warning: 'mout_map' defined but not used [-Wunused-variable]
 static mout_t mout_map[DDP_MOUT_NUM] = 
               ^
drivers/misc/mediatek/dispsys/mt6735/mt6735m/ddp_reg.h:59:14: warning: 'sel_out_map' defined but not used [-Wunused-variable]
 static sel_t sel_out_map[DDP_SEL_OUT_NUM] = 
              ^
drivers/misc/mediatek/dispsys/mt6735/mt6735m/ddp_reg.h:67:14: warning: 'sel_in_map' defined but not used [-Wunused-variable]
 static sel_t sel_in_map[DDP_SEL_IN_NUM] = 
              ^
drivers/misc/mediatek/dispsys/mt6735/mt6735m/ddp_reg.h:106:21: warning: 'module_mutex_map' defined but not used [-Wunused-variable]
 static module_map_t module_mutex_map[DISP_MODULE_NUM] =
                     ^
drivers/misc/mediatek/dispsys/mt6735/mt6735m/ddp_reg.h:134:21: warning: 'module_can_connect' defined but not used [-Wunused-variable]
 static module_map_t module_can_connect[DISP_MODULE_NUM] =
                     ^
drivers/misc/mediatek/dispsys/mt6735/mt6735m/ddp_ovl.c:904:12: warning: 'ovl_layer_select' defined but not used [-Wunused-function]
 static int ovl_layer_select(DISP_MODULE_ENUM module,
            ^
drivers/misc/mediatek/dispsys/mt6735/mt6735m/ddp_ovl.c:1360:13: warning: 'ovl_print_ovl_rdma_status' defined but not used [-Wunused-function]
 static void ovl_print_ovl_rdma_status(unsigned int status)
             ^
In file included from drivers/misc/mediatek/connectivity/conn_soc/drv_wlan/mt_wifi/wlan/include/precomp.h:241:0,
                 from drivers/misc/mediatek/connectivity/conn_soc/drv_wlan/mt_wifi/wlan/mgmt/saa_fsm.c:231:
drivers/misc/mediatek/connectivity/conn_soc/drv_wlan/mt_wifi/wlan/include/mgmt/scan.h:324:0: warning: "CFG_BATCH_MAX_MSCAN" redefined
 #define CFG_BATCH_MAX_MSCAN 4
 ^
In file included from drivers/misc/mediatek/connectivity/conn_soc/drv_wlan/mt_wifi/wlan/os/linux/include/gl_os.h:584:0,
                 from drivers/misc/mediatek/connectivity/conn_soc/drv_wlan/mt_wifi/wlan/include/precomp.h:173,
                 from drivers/misc/mediatek/connectivity/conn_soc/drv_wlan/mt_wifi/wlan/mgmt/saa_fsm.c:231:
drivers/misc/mediatek/connectivity/conn_soc/drv_wlan/mt_wifi/wlan/include/config.h:1585:0: note: this is the location of the previous definition
 #define CFG_BATCH_MAX_MSCAN                 2
 ^
  CC      net/netfilter/xt_iprange.o
  CC      net/netfilter/xt_length.o
  CC      drivers/misc/mediatek/connectivity/conn_soc/drv_wlan/mt_wifi/wlan/mgmt/scan.o
  CC      net/netfilter/xt_limit.o
  CC      drivers/misc/mediatek/dispsys/mt6735/mt6735m/ddp_rdma.o
In file included from drivers/misc/mediatek/connectivity/conn_soc/drv_wlan/mt_wifi/wlan/include/precomp.h:241:0,
                 from drivers/misc/mediatek/connectivity/conn_soc/drv_wlan/mt_wifi/wlan/mgmt/scan.c:649:
drivers/misc/mediatek/connectivity/conn_soc/drv_wlan/mt_wifi/wlan/include/mgmt/scan.h:324:0: warning: "CFG_BATCH_MAX_MSCAN" redefined
 #define CFG_BATCH_MAX_MSCAN 4
 ^
In file included from drivers/misc/mediatek/connectivity/conn_soc/drv_wlan/mt_wifi/wlan/os/linux/include/gl_os.h:584:0,
                 from drivers/misc/mediatek/connectivity/conn_soc/drv_wlan/mt_wifi/wlan/include/precomp.h:173,
                 from drivers/misc/mediatek/connectivity/conn_soc/drv_wlan/mt_wifi/wlan/mgmt/scan.c:649:
drivers/misc/mediatek/connectivity/conn_soc/drv_wlan/mt_wifi/wlan/include/config.h:1585:0: note: this is the location of the previous definition
 #define CFG_BATCH_MAX_MSCAN                 2
 ^
drivers/misc/mediatek/connectivity/conn_soc/drv_wlan/mt_wifi/wlan/mgmt/scan.c: In function 'scanReportBss2Cfg80211':
drivers/misc/mediatek/connectivity/conn_soc/drv_wlan/mt_wifi/wlan/mgmt/scan.c:2392:43: warning: suggest parentheses around '&&' within '||' [-Wparentheses]
           if ((prBssDesc->ucChannelNum>0) && (prBssDesc->ucChannelNum<=48) || prBssDesc->ucChannelNum>= 147/*non-DFS Channel*/)
                                           ^
In file included from /home/satory-ra/Android/kernel/android_kernel_oukitel_orange/drivers/misc/mediatek/dispsys/mt6735/ddp_log.h:6:0,
                 from drivers/misc/mediatek/dispsys/mt6735/mt6735m/ddp_rdma.c:2:
/home/satory-ra/Android/kernel/android_kernel_oukitel_orange/drivers/misc/mediatek/dispsys/mt6735/display_recorder.h:152:1: warning: function declaration isn't a prototype [-Wstrict-prototypes]
 void dprec_logger_dump_reset();
 ^
/home/satory-ra/Android/kernel/android_kernel_oukitel_orange/drivers/misc/mediatek/dispsys/mt6735/display_recorder.h:153:1: warning: function declaration isn't a prototype [-Wstrict-prototypes]
 char *dprec_logger_get_dump_addr();
 ^
/home/satory-ra/Android/kernel/android_kernel_oukitel_orange/drivers/misc/mediatek/dispsys/mt6735/display_recorder.h:154:1: warning: function declaration isn't a prototype [-Wstrict-prototypes]
 unsigned int dprec_logger_get_dump_len();
 ^
In file included from drivers/misc/mediatek/dispsys/mt6735/mt6735m/ddp_rdma.c:7:0:
drivers/misc/mediatek/dispsys/mt6735/mt6735m/ddp_reg.h:1963:0: warning: "DISP_REG_DPI_ESAV_VTIM_R" redefined
 #define DISP_REG_DPI_ESAV_VTIM_R      (DISPSYS_DPI_BASE + 0x088)
 ^
drivers/misc/mediatek/dispsys/mt6735/mt6735m/ddp_reg.h:1962:0: note: this is the location of the previous definition
 #define DISP_REG_DPI_ESAV_VTIM_R      (DISPSYS_DPI_BASE + 0x084)
 ^
In file included from drivers/misc/mediatek/dispsys/mt6735/mt6735m/ddp_rdma.c:12:0:
/home/satory-ra/Android/kernel/android_kernel_oukitel_orange/drivers/misc/mediatek/videox/mt6735/primary_display.h:195:1: warning: no semicolon at end of struct or union
 }disp_internal_buffer_info ;
 ^
/home/satory-ra/Android/kernel/android_kernel_oukitel_orange/drivers/misc/mediatek/videox/mt6735/primary_display.h:356:1: warning: function declaration isn't a prototype [-Wstrict-prototypes]
 int primary_display_check_test();
 ^
In file included from drivers/misc/mediatek/dispsys/mt6735/mt6735m/ddp_reg.h:3:0,
                 from drivers/misc/mediatek/dispsys/mt6735/mt6735m/ddp_rdma.c:7:
drivers/misc/mediatek/dispsys/mt6735/mt6735m/ddp_rdma.c: In function 'rdma_start':
drivers/misc/mediatek/dispsys/mt6735/mt6735m/ddp_reg.h:1495:38: warning: passing argument 1 of '__raw_readl' makes pointer from integer without a cast
                 mt_reg_sync_writel( (__raw_readl(reg32) & ~REG_FLD_MASK(field))|REG_FLD_VAL((field), (val)), (reg32));  \
                                      ^
/home/satory-ra/Android/kernel/android_kernel_oukitel_orange/drivers/misc/mediatek/mach/mt6735/include/mach/sync_write.h:15:27: note: in definition of macro 'mt_reg_sync_writel'
             __raw_writel((v), IOMEM((a)));   \
                           ^
drivers/misc/mediatek/dispsys/mt6735/mt6735m/ddp_rdma.c:278:5: note: in expansion of macro 'DISP_REG_SET_FIELD'
     DISP_REG_SET_FIELD(handle,GLOBAL_CON_FLD_ENGINE_EN, idx*DISP_RDMA_INDEX_OFFSET+ DISP_REG_RDMA_GLOBAL_CON, 1);
     ^
In file included from include/linux/io.h:22:0,
                 from /home/satory-ra/Android/kernel/android_kernel_oukitel_orange/drivers/misc/mediatek/mach/mt6735/include/mach/sync_write.h:6,
                 from drivers/misc/mediatek/dispsys/mt6735/mt6735m/ddp_reg.h:3,
                 from drivers/misc/mediatek/dispsys/mt6735/mt6735m/ddp_rdma.c:7:
/home/satory-ra/Android/kernel/android_kernel_oukitel_orange/arch/arm/include/asm/io.h:104:19: note: expected 'const volatile void *' but argument is of type 'long unsigned int'
 static inline u32 __raw_readl(const volatile void __iomem *addr)
                   ^
In file included from drivers/misc/mediatek/dispsys/mt6735/mt6735m/ddp_reg.h:3:0,
                 from drivers/misc/mediatek/dispsys/mt6735/mt6735m/ddp_rdma.c:7:
drivers/misc/mediatek/dispsys/mt6735/mt6735m/ddp_rdma.c: In function 'rdma_stop':
drivers/misc/mediatek/dispsys/mt6735/mt6735m/ddp_reg.h:1495:38: warning: passing argument 1 of '__raw_readl' makes pointer from integer without a cast
                 mt_reg_sync_writel( (__raw_readl(reg32) & ~REG_FLD_MASK(field))|REG_FLD_VAL((field), (val)), (reg32));  \
                                      ^
/home/satory-ra/Android/kernel/android_kernel_oukitel_orange/drivers/misc/mediatek/mach/mt6735/include/mach/sync_write.h:15:27: note: in definition of macro 'mt_reg_sync_writel'
             __raw_writel((v), IOMEM((a)));   \
                           ^
drivers/misc/mediatek/dispsys/mt6735/mt6735m/ddp_rdma.c:287:5: note: in expansion of macro 'DISP_REG_SET_FIELD'
     DISP_REG_SET_FIELD(handle,GLOBAL_CON_FLD_ENGINE_EN, idx*DISP_RDMA_INDEX_OFFSET+ DISP_REG_RDMA_GLOBAL_CON, 0);
     ^
In file included from include/linux/io.h:22:0,
                 from /home/satory-ra/Android/kernel/android_kernel_oukitel_orange/drivers/misc/mediatek/mach/mt6735/include/mach/sync_write.h:6,
                 from drivers/misc/mediatek/dispsys/mt6735/mt6735m/ddp_reg.h:3,
                 from drivers/misc/mediatek/dispsys/mt6735/mt6735m/ddp_rdma.c:7:
/home/satory-ra/Android/kernel/android_kernel_oukitel_orange/arch/arm/include/asm/io.h:104:19: note: expected 'const volatile void *' but argument is of type 'long unsigned int'
 static inline u32 __raw_readl(const volatile void __iomem *addr)
                   ^
In file included from drivers/misc/mediatek/dispsys/mt6735/mt6735m/ddp_reg.h:3:0,
                 from drivers/misc/mediatek/dispsys/mt6735/mt6735m/ddp_rdma.c:7:
drivers/misc/mediatek/dispsys/mt6735/mt6735m/ddp_rdma.c: In function 'rdma_reset':
drivers/misc/mediatek/dispsys/mt6735/mt6735m/ddp_reg.h:1495:38: warning: passing argument 1 of '__raw_readl' makes pointer from integer without a cast
                 mt_reg_sync_writel( (__raw_readl(reg32) & ~REG_FLD_MASK(field))|REG_FLD_VAL((field), (val)), (reg32));  \
                                      ^
/home/satory-ra/Android/kernel/android_kernel_oukitel_orange/drivers/misc/mediatek/mach/mt6735/include/mach/sync_write.h:15:27: note: in definition of macro 'mt_reg_sync_writel'
             __raw_writel((v), IOMEM((a)));   \
                           ^
drivers/misc/mediatek/dispsys/mt6735/mt6735m/ddp_rdma.c:300:5: note: in expansion of macro 'DISP_REG_SET_FIELD'
     DISP_REG_SET_FIELD(handle,GLOBAL_CON_FLD_SOFT_RESET, idx*DISP_RDMA_INDEX_OFFSET+ DISP_REG_RDMA_GLOBAL_CON, 1);
     ^
In file included from include/linux/io.h:22:0,
                 from /home/satory-ra/Android/kernel/android_kernel_oukitel_orange/drivers/misc/mediatek/mach/mt6735/include/mach/sync_write.h:6,
                 from drivers/misc/mediatek/dispsys/mt6735/mt6735m/ddp_reg.h:3,
                 from drivers/misc/mediatek/dispsys/mt6735/mt6735m/ddp_rdma.c:7:
/home/satory-ra/Android/kernel/android_kernel_oukitel_orange/arch/arm/include/asm/io.h:104:19: note: expected 'const volatile void *' but argument is of type 'long unsigned int'
 static inline u32 __raw_readl(const volatile void __iomem *addr)
                   ^
In file included from drivers/misc/mediatek/dispsys/mt6735/mt6735m/ddp_reg.h:3:0,
                 from drivers/misc/mediatek/dispsys/mt6735/mt6735m/ddp_rdma.c:7:
drivers/misc/mediatek/dispsys/mt6735/mt6735m/ddp_reg.h:1495:38: warning: passing argument 1 of '__raw_readl' makes pointer from integer without a cast
                 mt_reg_sync_writel( (__raw_readl(reg32) & ~REG_FLD_MASK(field))|REG_FLD_VAL((field), (val)), (reg32));  \
                                      ^
/home/satory-ra/Android/kernel/android_kernel_oukitel_orange/drivers/misc/mediatek/mach/mt6735/include/mach/sync_write.h:15:27: note: in definition of macro 'mt_reg_sync_writel'
             __raw_writel((v), IOMEM((a)));   \
                           ^
drivers/misc/mediatek/dispsys/mt6735/mt6735m/ddp_rdma.c:312:5: note: in expansion of macro 'DISP_REG_SET_FIELD'
     DISP_REG_SET_FIELD(handle,GLOBAL_CON_FLD_SOFT_RESET, idx*DISP_RDMA_INDEX_OFFSET+ DISP_REG_RDMA_GLOBAL_CON, 0);
     ^
In file included from include/linux/io.h:22:0,
                 from /home/satory-ra/Android/kernel/android_kernel_oukitel_orange/drivers/misc/mediatek/mach/mt6735/include/mach/sync_write.h:6,
                 from drivers/misc/mediatek/dispsys/mt6735/mt6735m/ddp_reg.h:3,
                 from drivers/misc/mediatek/dispsys/mt6735/mt6735m/ddp_rdma.c:7:
/home/satory-ra/Android/kernel/android_kernel_oukitel_orange/arch/arm/include/asm/io.h:104:19: note: expected 'const volatile void *' but argument is of type 'long unsigned int'
 static inline u32 __raw_readl(const volatile void __iomem *addr)
                   ^
In file included from drivers/misc/mediatek/dispsys/mt6735/mt6735m/ddp_reg.h:3:0,
                 from drivers/misc/mediatek/dispsys/mt6735/mt6735m/ddp_rdma.c:7:
drivers/misc/mediatek/dispsys/mt6735/mt6735m/ddp_rdma.c: In function 'rdma_set_ultra':
drivers/misc/mediatek/dispsys/mt6735/mt6735m/ddp_reg.h:1495:38: warning: passing argument 1 of '__raw_readl' makes pointer from integer without a cast
                 mt_reg_sync_writel( (__raw_readl(reg32) & ~REG_FLD_MASK(field))|REG_FLD_VAL((field), (val)), (reg32));  \
                                      ^
/home/satory-ra/Android/kernel/android_kernel_oukitel_orange/drivers/misc/mediatek/mach/mt6735/include/mach/sync_write.h:15:27: note: in definition of macro 'mt_reg_sync_writel'
             __raw_writel((v), IOMEM((a)));   \
                           ^
drivers/misc/mediatek/dispsys/mt6735/mt6735m/ddp_rdma.c:399:3: note: in expansion of macro 'DISP_REG_SET_FIELD'
   DISP_REG_SET_FIELD(handle,FIFO_CON_FLD_OUTPUT_VALID_FIFO_THRESHOLD, idx*DISP_RDMA_INDEX_OFFSET+ DISP_REG_RDMA_FIFO_CON, fifo_valid_size);
   ^
In file included from include/linux/io.h:22:0,
                 from /home/satory-ra/Android/kernel/android_kernel_oukitel_orange/drivers/misc/mediatek/mach/mt6735/include/mach/sync_write.h:6,
                 from drivers/misc/mediatek/dispsys/mt6735/mt6735m/ddp_reg.h:3,
                 from drivers/misc/mediatek/dispsys/mt6735/mt6735m/ddp_rdma.c:7:
/home/satory-ra/Android/kernel/android_kernel_oukitel_orange/arch/arm/include/asm/io.h:104:19: note: expected 'const volatile void *' but argument is of type 'long unsigned int'
 static inline u32 __raw_readl(const volatile void __iomem *addr)
                   ^
drivers/misc/mediatek/dispsys/mt6735/mt6735m/ddp_rdma.c:339:29: warning: unused variable 'fifo_size' [-Wunused-variable]
   static const unsigned int fifo_size = 512;
                             ^
In file included from include/linux/kernel.h:7:0,
                 from include/linux/aee.h:4,
                 from /home/satory-ra/Android/kernel/android_kernel_oukitel_orange/drivers/misc/mediatek/dispsys/mt6735/ddp_log.h:3,
                 from drivers/misc/mediatek/dispsys/mt6735/mt6735m/ddp_rdma.c:2:
drivers/misc/mediatek/dispsys/mt6735/mt6735m/ddp_rdma.c: In function 'rdma_config':
include/linux/stddef.h:8:14: warning: initialization makes integer from pointer without a cast
 #define NULL ((void *)0)
              ^
drivers/misc/mediatek/dispsys/mt6735/mt6735m/ddp_rdma.c:433:36: note: in expansion of macro 'NULL'
     unsigned int size_con_handle = NULL;
                                    ^
In file included from drivers/misc/mediatek/dispsys/mt6735/mt6735m/ddp_rdma.c:7:0:
drivers/misc/mediatek/dispsys/mt6735/mt6735m/ddp_reg.h:1499:16: warning: passing argument 1 of 'dprec_reg_op' makes pointer from integer without a cast
                dprec_reg_op(handle, (unsigned long)(reg32), val<<REG_FLD_SHIFT(field), REG_FLD_MASK(field));\
                ^
drivers/misc/mediatek/dispsys/mt6735/mt6735m/ddp_rdma.c:449:6: note: in expansion of macro 'DISP_REG_SET_FIELD'
      DISP_REG_SET_FIELD(size_con_handle,SIZE_CON_0_FLD_MATRIX_ENABLE, &size_con_reg, 1);
      ^
In file included from /home/satory-ra/Android/kernel/android_kernel_oukitel_orange/drivers/misc/mediatek/dispsys/mt6735/ddp_log.h:6:0,
                 from drivers/misc/mediatek/dispsys/mt6735/mt6735m/ddp_rdma.c:2:
/home/satory-ra/Android/kernel/android_kernel_oukitel_orange/drivers/misc/mediatek/dispsys/mt6735/display_recorder.h:136:6: note: expected 'void *' but argument is of type 'unsigned int'
 void dprec_reg_op(void* cmdq, unsigned int reg, unsigned int val, unsigned int mask);
      ^
In file included from drivers/misc/mediatek/dispsys/mt6735/mt6735m/ddp_rdma.c:7:0:
drivers/misc/mediatek/dispsys/mt6735/mt6735m/ddp_reg.h:1500:37: warning: passing argument 1 of 'disp_addr_convert' makes integer from pointer without a cast
                cmdqRecWrite(handle, disp_addr_convert(reg32), val<<REG_FLD_SHIFT(field), REG_FLD_MASK(field)); \
                                     ^
drivers/misc/mediatek/dispsys/mt6735/mt6735m/ddp_rdma.c:449:6: note: in expansion of macro 'DISP_REG_SET_FIELD'
      DISP_REG_SET_FIELD(size_con_handle,SIZE_CON_0_FLD_MATRIX_ENABLE, &size_con_reg, 1);
      ^
drivers/misc/mediatek/dispsys/mt6735/mt6735m/ddp_reg.h:1395:29: note: expected 'long unsigned int' but argument is of type 'unsigned int *'
 static inline unsigned long disp_addr_convert(unsigned long va) 
                             ^
drivers/misc/mediatek/dispsys/mt6735/mt6735m/ddp_reg.h:1500:16: warning: passing argument 1 of 'cmdqRecWrite' makes pointer from integer without a cast
                cmdqRecWrite(handle, disp_addr_convert(reg32), val<<REG_FLD_SHIFT(field), REG_FLD_MASK(field)); \
                ^
drivers/misc/mediatek/dispsys/mt6735/mt6735m/ddp_rdma.c:449:6: note: in expansion of macro 'DISP_REG_SET_FIELD'
      DISP_REG_SET_FIELD(size_con_handle,SIZE_CON_0_FLD_MATRIX_ENABLE, &size_con_reg, 1);
      ^
In file included from drivers/misc/mediatek/dispsys/mt6735/mt6735m/ddp_reg.h:7:0,
                 from drivers/misc/mediatek/dispsys/mt6735/mt6735m/ddp_rdma.c:7:
/home/satory-ra/Android/kernel/android_kernel_oukitel_orange/drivers/misc/mediatek/cmdq/mt6735/cmdq_record.h:134:10: note: expected 'cmdqRecHandle' but argument is of type 'unsigned int'
  int32_t cmdqRecWrite(cmdqRecHandle handle, uint32_t addr, uint32_t value, uint32_t mask);
          ^
In file included from drivers/misc/mediatek/dispsys/mt6735/mt6735m/ddp_rdma.c:7:0:
drivers/misc/mediatek/dispsys/mt6735/mt6735m/ddp_reg.h:1499:16: warning: passing argument 1 of 'dprec_reg_op' makes pointer from integer without a cast
                dprec_reg_op(handle, (unsigned long)(reg32), val<<REG_FLD_SHIFT(field), REG_FLD_MASK(field));\
                ^
drivers/misc/mediatek/dispsys/mt6735/mt6735m/ddp_rdma.c:450:6: note: in expansion of macro 'DISP_REG_SET_FIELD'
      DISP_REG_SET_FIELD(size_con_handle,SIZE_CON_0_FLD_MATRIX_INT_MTX_SEL, &size_con_reg, color_matrix);
      ^
In file included from /home/satory-ra/Android/kernel/android_kernel_oukitel_orange/drivers/misc/mediatek/dispsys/mt6735/ddp_log.h:6:0,
                 from drivers/misc/mediatek/dispsys/mt6735/mt6735m/ddp_rdma.c:2:
/home/satory-ra/Android/kernel/android_kernel_oukitel_orange/drivers/misc/mediatek/dispsys/mt6735/display_recorder.h:136:6: note: expected 'void *' but argument is of type 'unsigned int'
 void dprec_reg_op(void* cmdq, unsigned int reg, unsigned int val, unsigned int mask);
      ^
In file included from drivers/misc/mediatek/dispsys/mt6735/mt6735m/ddp_rdma.c:7:0:
drivers/misc/mediatek/dispsys/mt6735/mt6735m/ddp_reg.h:1500:37: warning: passing argument 1 of 'disp_addr_convert' makes integer from pointer without a cast
                cmdqRecWrite(handle, disp_addr_convert(reg32), val<<REG_FLD_SHIFT(field), REG_FLD_MASK(field)); \
                                     ^
drivers/misc/mediatek/dispsys/mt6735/mt6735m/ddp_rdma.c:450:6: note: in expansion of macro 'DISP_REG_SET_FIELD'
      DISP_REG_SET_FIELD(size_con_handle,SIZE_CON_0_FLD_MATRIX_INT_MTX_SEL, &size_con_reg, color_matrix);
      ^
drivers/misc/mediatek/dispsys/mt6735/mt6735m/ddp_reg.h:1395:29: note: expected 'long unsigned int' but argument is of type 'unsigned int *'
 static inline unsigned long disp_addr_convert(unsigned long va) 
                             ^
drivers/misc/mediatek/dispsys/mt6735/mt6735m/ddp_reg.h:1500:16: warning: passing argument 1 of 'cmdqRecWrite' makes pointer from integer without a cast
                cmdqRecWrite(handle, disp_addr_convert(reg32), val<<REG_FLD_SHIFT(field), REG_FLD_MASK(field)); \
                ^
drivers/misc/mediatek/dispsys/mt6735/mt6735m/ddp_rdma.c:450:6: note: in expansion of macro 'DISP_REG_SET_FIELD'
      DISP_REG_SET_FIELD(size_con_handle,SIZE_CON_0_FLD_MATRIX_INT_MTX_SEL, &size_con_reg, color_matrix);
      ^
In file included from drivers/misc/mediatek/dispsys/mt6735/mt6735m/ddp_reg.h:7:0,
                 from drivers/misc/mediatek/dispsys/mt6735/mt6735m/ddp_rdma.c:7:
/home/satory-ra/Android/kernel/android_kernel_oukitel_orange/drivers/misc/mediatek/cmdq/mt6735/cmdq_record.h:134:10: note: expected 'cmdqRecHandle' but argument is of type 'unsigned int'
  int32_t cmdqRecWrite(cmdqRecHandle handle, uint32_t addr, uint32_t value, uint32_t mask);
          ^
In file included from drivers/misc/mediatek/dispsys/mt6735/mt6735m/ddp_rdma.c:7:0:
drivers/misc/mediatek/dispsys/mt6735/mt6735m/ddp_reg.h:1499:16: warning: passing argument 1 of 'dprec_reg_op' makes pointer from integer without a cast
                dprec_reg_op(handle, (unsigned long)(reg32), val<<REG_FLD_SHIFT(field), REG_FLD_MASK(field));\
                ^
drivers/misc/mediatek/dispsys/mt6735/mt6735m/ddp_rdma.c:457:6: note: in expansion of macro 'DISP_REG_SET_FIELD'
      DISP_REG_SET_FIELD(size_con_handle,SIZE_CON_0_FLD_MATRIX_ENABLE, &size_con_reg, 1);
      ^
In file included from /home/satory-ra/Android/kernel/android_kernel_oukitel_orange/drivers/misc/mediatek/dispsys/mt6735/ddp_log.h:6:0,
                 from drivers/misc/mediatek/dispsys/mt6735/mt6735m/ddp_rdma.c:2:
/home/satory-ra/Android/kernel/android_kernel_oukitel_orange/drivers/misc/mediatek/dispsys/mt6735/display_recorder.h:136:6: note: expected 'void *' but argument is of type 'unsigned int'
 void dprec_reg_op(void* cmdq, unsigned int reg, unsigned int val, unsigned int mask);
      ^
In file included from drivers/misc/mediatek/dispsys/mt6735/mt6735m/ddp_rdma.c:7:0:
drivers/misc/mediatek/dispsys/mt6735/mt6735m/ddp_reg.h:1500:37: warning: passing argument 1 of 'disp_addr_convert' makes integer from pointer without a cast
                cmdqRecWrite(handle, disp_addr_convert(reg32), val<<REG_FLD_SHIFT(field), REG_FLD_MASK(field)); \
                                     ^
drivers/misc/mediatek/dispsys/mt6735/mt6735m/ddp_rdma.c:457:6: note: in expansion of macro 'DISP_REG_SET_FIELD'
      DISP_REG_SET_FIELD(size_con_handle,SIZE_CON_0_FLD_MATRIX_ENABLE, &size_con_reg, 1);
      ^
drivers/misc/mediatek/dispsys/mt6735/mt6735m/ddp_reg.h:1395:29: note: expected 'long unsigned int' but argument is of type 'unsigned int *'
 static inline unsigned long disp_addr_convert(unsigned long va) 
                             ^
drivers/misc/mediatek/dispsys/mt6735/mt6735m/ddp_reg.h:1500:16: warning: passing argument 1 of 'cmdqRecWrite' makes pointer from integer without a cast
                cmdqRecWrite(handle, disp_addr_convert(reg32), val<<REG_FLD_SHIFT(field), REG_FLD_MASK(field)); \
                ^
drivers/misc/mediatek/dispsys/mt6735/mt6735m/ddp_rdma.c:457:6: note: in expansion of macro 'DISP_REG_SET_FIELD'
      DISP_REG_SET_FIELD(size_con_handle,SIZE_CON_0_FLD_MATRIX_ENABLE, &size_con_reg, 1);
      ^
In file included from drivers/misc/mediatek/dispsys/mt6735/mt6735m/ddp_reg.h:7:0,
                 from drivers/misc/mediatek/dispsys/mt6735/mt6735m/ddp_rdma.c:7:
/home/satory-ra/Android/kernel/android_kernel_oukitel_orange/drivers/misc/mediatek/cmdq/mt6735/cmdq_record.h:134:10: note: expected 'cmdqRecHandle' but argument is of type 'unsigned int'
  int32_t cmdqRecWrite(cmdqRecHandle handle, uint32_t addr, uint32_t value, uint32_t mask);
          ^
In file included from drivers/misc/mediatek/dispsys/mt6735/mt6735m/ddp_rdma.c:7:0:
drivers/misc/mediatek/dispsys/mt6735/mt6735m/ddp_reg.h:1499:16: warning: passing argument 1 of 'dprec_reg_op' makes pointer from integer without a cast
                dprec_reg_op(handle, (unsigned long)(reg32), val<<REG_FLD_SHIFT(field), REG_FLD_MASK(field));\
                ^
drivers/misc/mediatek/dispsys/mt6735/mt6735m/ddp_rdma.c:458:6: note: in expansion of macro 'DISP_REG_SET_FIELD'
      DISP_REG_SET_FIELD(size_con_handle,SIZE_CON_0_FLD_MATRIX_INT_MTX_SEL, &size_con_reg, color_matrix);
      ^
In file included from /home/satory-ra/Android/kernel/android_kernel_oukitel_orange/drivers/misc/mediatek/dispsys/mt6735/ddp_log.h:6:0,
                 from drivers/misc/mediatek/dispsys/mt6735/mt6735m/ddp_rdma.c:2:
/home/satory-ra/Android/kernel/android_kernel_oukitel_orange/drivers/misc/mediatek/dispsys/mt6735/display_recorder.h:136:6: note: expected 'void *' but argument is of type 'unsigned int'
 void dprec_reg_op(void* cmdq, unsigned int reg, unsigned int val, unsigned int mask);
      ^
In file included from drivers/misc/mediatek/dispsys/mt6735/mt6735m/ddp_rdma.c:7:0:
drivers/misc/mediatek/dispsys/mt6735/mt6735m/ddp_reg.h:1500:37: warning: passing argument 1 of 'disp_addr_convert' makes integer from pointer without a cast
                cmdqRecWrite(handle, disp_addr_convert(reg32), val<<REG_FLD_SHIFT(field), REG_FLD_MASK(field)); \
                                     ^
drivers/misc/mediatek/dispsys/mt6735/mt6735m/ddp_rdma.c:458:6: note: in expansion of macro 'DISP_REG_SET_FIELD'
      DISP_REG_SET_FIELD(size_con_handle,SIZE_CON_0_FLD_MATRIX_INT_MTX_SEL, &size_con_reg, color_matrix);
      ^
drivers/misc/mediatek/dispsys/mt6735/mt6735m/ddp_reg.h:1395:29: note: expected 'long unsigned int' but argument is of type 'unsigned int *'
 static inline unsigned long disp_addr_convert(unsigned long va) 
                             ^
drivers/misc/mediatek/dispsys/mt6735/mt6735m/ddp_reg.h:1500:16: warning: passing argument 1 of 'cmdqRecWrite' makes pointer from integer without a cast
                cmdqRecWrite(handle, disp_addr_convert(reg32), val<<REG_FLD_SHIFT(field), REG_FLD_MASK(field)); \
                ^
drivers/misc/mediatek/dispsys/mt6735/mt6735m/ddp_rdma.c:458:6: note: in expansion of macro 'DISP_REG_SET_FIELD'
      DISP_REG_SET_FIELD(size_con_handle,SIZE_CON_0_FLD_MATRIX_INT_MTX_SEL, &size_con_reg, color_matrix);
      ^
In file included from drivers/misc/mediatek/dispsys/mt6735/mt6735m/ddp_reg.h:7:0,
                 from drivers/misc/mediatek/dispsys/mt6735/mt6735m/ddp_rdma.c:7:
/home/satory-ra/Android/kernel/android_kernel_oukitel_orange/drivers/misc/mediatek/cmdq/mt6735/cmdq_record.h:134:10: note: expected 'cmdqRecHandle' but argument is of type 'unsigned int'
  int32_t cmdqRecWrite(cmdqRecHandle handle, uint32_t addr, uint32_t value, uint32_t mask);
          ^
In file included from drivers/misc/mediatek/dispsys/mt6735/mt6735m/ddp_rdma.c:7:0:
drivers/misc/mediatek/dispsys/mt6735/mt6735m/ddp_reg.h:1499:16: warning: passing argument 1 of 'dprec_reg_op' makes pointer from integer without a cast
                dprec_reg_op(handle, (unsigned long)(reg32), val<<REG_FLD_SHIFT(field), REG_FLD_MASK(field));\
                ^
drivers/misc/mediatek/dispsys/mt6735/mt6735m/ddp_rdma.c:462:9: note: in expansion of macro 'DISP_REG_SET_FIELD'
         DISP_REG_SET_FIELD(size_con_handle,SIZE_CON_0_FLD_MATRIX_ENABLE, &size_con_reg, 0);
         ^
In file included from /home/satory-ra/Android/kernel/android_kernel_oukitel_orange/drivers/misc/mediatek/dispsys/mt6735/ddp_log.h:6:0,
                 from drivers/misc/mediatek/dispsys/mt6735/mt6735m/ddp_rdma.c:2:
/home/satory-ra/Android/kernel/android_kernel_oukitel_orange/drivers/misc/mediatek/dispsys/mt6735/display_recorder.h:136:6: note: expected 'void *' but argument is of type 'unsigned int'
 void dprec_reg_op(void* cmdq, unsigned int reg, unsigned int val, unsigned int mask);
      ^
In file included from drivers/misc/mediatek/dispsys/mt6735/mt6735m/ddp_rdma.c:7:0:
drivers/misc/mediatek/dispsys/mt6735/mt6735m/ddp_reg.h:1500:37: warning: passing argument 1 of 'disp_addr_convert' makes integer from pointer without a cast
                cmdqRecWrite(handle, disp_addr_convert(reg32), val<<REG_FLD_SHIFT(field), REG_FLD_MASK(field)); \
                                     ^
drivers/misc/mediatek/dispsys/mt6735/mt6735m/ddp_rdma.c:462:9: note: in expansion of macro 'DISP_REG_SET_FIELD'
         DISP_REG_SET_FIELD(size_con_handle,SIZE_CON_0_FLD_MATRIX_ENABLE, &size_con_reg, 0);
         ^
drivers/misc/mediatek/dispsys/mt6735/mt6735m/ddp_reg.h:1395:29: note: expected 'long unsigned int' but argument is of type 'unsigned int *'
 static inline unsigned long disp_addr_convert(unsigned long va) 
                             ^
drivers/misc/mediatek/dispsys/mt6735/mt6735m/ddp_reg.h:1500:16: warning: passing argument 1 of 'cmdqRecWrite' makes pointer from integer without a cast
                cmdqRecWrite(handle, disp_addr_convert(reg32), val<<REG_FLD_SHIFT(field), REG_FLD_MASK(field)); \
                ^
drivers/misc/mediatek/dispsys/mt6735/mt6735m/ddp_rdma.c:462:9: note: in expansion of macro 'DISP_REG_SET_FIELD'
         DISP_REG_SET_FIELD(size_con_handle,SIZE_CON_0_FLD_MATRIX_ENABLE, &size_con_reg, 0);
         ^
In file included from drivers/misc/mediatek/dispsys/mt6735/mt6735m/ddp_reg.h:7:0,
                 from drivers/misc/mediatek/dispsys/mt6735/mt6735m/ddp_rdma.c:7:
/home/satory-ra/Android/kernel/android_kernel_oukitel_orange/drivers/misc/mediatek/cmdq/mt6735/cmdq_record.h:134:10: note: expected 'cmdqRecHandle' but argument is of type 'unsigned int'
  int32_t cmdqRecWrite(cmdqRecHandle handle, uint32_t addr, uint32_t value, uint32_t mask);
          ^
In file included from drivers/misc/mediatek/dispsys/mt6735/mt6735m/ddp_rdma.c:7:0:
drivers/misc/mediatek/dispsys/mt6735/mt6735m/ddp_reg.h:1499:16: warning: passing argument 1 of 'dprec_reg_op' makes pointer from integer without a cast
                dprec_reg_op(handle, (unsigned long)(reg32), val<<REG_FLD_SHIFT(field), REG_FLD_MASK(field));\
                ^
drivers/misc/mediatek/dispsys/mt6735/mt6735m/ddp_rdma.c:463:9: note: in expansion of macro 'DISP_REG_SET_FIELD'
         DISP_REG_SET_FIELD(size_con_handle,SIZE_CON_0_FLD_MATRIX_INT_MTX_SEL, &size_con_reg, 0);
         ^
In file included from /home/satory-ra/Android/kernel/android_kernel_oukitel_orange/drivers/misc/mediatek/dispsys/mt6735/ddp_log.h:6:0,
                 from drivers/misc/mediatek/dispsys/mt6735/mt6735m/ddp_rdma.c:2:
/home/satory-ra/Android/kernel/android_kernel_oukitel_orange/drivers/misc/mediatek/dispsys/mt6735/display_recorder.h:136:6: note: expected 'void *' but argument is of type 'unsigned int'
 void dprec_reg_op(void* cmdq, unsigned int reg, unsigned int val, unsigned int mask);
      ^
In file included from drivers/misc/mediatek/dispsys/mt6735/mt6735m/ddp_rdma.c:7:0:
drivers/misc/mediatek/dispsys/mt6735/mt6735m/ddp_reg.h:1500:37: warning: passing argument 1 of 'disp_addr_convert' makes integer from pointer without a cast
                cmdqRecWrite(handle, disp_addr_convert(reg32), val<<REG_FLD_SHIFT(field), REG_FLD_MASK(field)); \
                                     ^
drivers/misc/mediatek/dispsys/mt6735/mt6735m/ddp_rdma.c:463:9: note: in expansion of macro 'DISP_REG_SET_FIELD'
         DISP_REG_SET_FIELD(size_con_handle,SIZE_CON_0_FLD_MATRIX_INT_MTX_SEL, &size_con_reg, 0);
         ^
drivers/misc/mediatek/dispsys/mt6735/mt6735m/ddp_reg.h:1395:29: note: expected 'long unsigned int' but argument is of type 'unsigned int *'
 static inline unsigned long disp_addr_convert(unsigned long va) 
                             ^
drivers/misc/mediatek/dispsys/mt6735/mt6735m/ddp_reg.h:1500:16: warning: passing argument 1 of 'cmdqRecWrite' makes pointer from integer without a cast
                cmdqRecWrite(handle, disp_addr_convert(reg32), val<<REG_FLD_SHIFT(field), REG_FLD_MASK(field)); \
                ^
drivers/misc/mediatek/dispsys/mt6735/mt6735m/ddp_rdma.c:463:9: note: in expansion of macro 'DISP_REG_SET_FIELD'
         DISP_REG_SET_FIELD(size_con_handle,SIZE_CON_0_FLD_MATRIX_INT_MTX_SEL, &size_con_reg, 0);
         ^
In file included from drivers/misc/mediatek/dispsys/mt6735/mt6735m/ddp_reg.h:7:0,
                 from drivers/misc/mediatek/dispsys/mt6735/mt6735m/ddp_rdma.c:7:
/home/satory-ra/Android/kernel/android_kernel_oukitel_orange/drivers/misc/mediatek/cmdq/mt6735/cmdq_record.h:134:10: note: expected 'cmdqRecHandle' but argument is of type 'unsigned int'
  int32_t cmdqRecWrite(cmdqRecHandle handle, uint32_t addr, uint32_t value, uint32_t mask);
          ^
In file included from drivers/misc/mediatek/dispsys/mt6735/mt6735m/ddp_reg.h:3:0,
                 from drivers/misc/mediatek/dispsys/mt6735/mt6735m/ddp_rdma.c:7:
drivers/misc/mediatek/dispsys/mt6735/mt6735m/ddp_reg.h:1495:38: warning: passing argument 1 of '__raw_readl' makes pointer from integer without a cast
                 mt_reg_sync_writel( (__raw_readl(reg32) & ~REG_FLD_MASK(field))|REG_FLD_VAL((field), (val)), (reg32));  \
                                      ^
/home/satory-ra/Android/kernel/android_kernel_oukitel_orange/drivers/misc/mediatek/mach/mt6735/include/mach/sync_write.h:15:27: note: in definition of macro 'mt_reg_sync_writel'
             __raw_writel((v), IOMEM((a)));   \
                           ^
drivers/misc/mediatek/dispsys/mt6735/mt6735m/ddp_rdma.c:466:5: note: in expansion of macro 'DISP_REG_SET_FIELD'
     DISP_REG_SET_FIELD(handle,GLOBAL_CON_FLD_MODE_SEL, idx*DISP_RDMA_INDEX_OFFSET+ DISP_REG_RDMA_GLOBAL_CON, mode);
     ^
In file included from include/linux/io.h:22:0,
                 from /home/satory-ra/Android/kernel/android_kernel_oukitel_orange/drivers/misc/mediatek/mach/mt6735/include/mach/sync_write.h:6,
                 from drivers/misc/mediatek/dispsys/mt6735/mt6735m/ddp_reg.h:3,
                 from drivers/misc/mediatek/dispsys/mt6735/mt6735m/ddp_rdma.c:7:
/home/satory-ra/Android/kernel/android_kernel_oukitel_orange/arch/arm/include/asm/io.h:104:19: note: expected 'const volatile void *' but argument is of type 'long unsigned int'
 static inline u32 __raw_readl(const volatile void __iomem *addr)
                   ^
In file included from drivers/misc/mediatek/dispsys/mt6735/mt6735m/ddp_reg.h:3:0,
                 from drivers/misc/mediatek/dispsys/mt6735/mt6735m/ddp_rdma.c:7:
drivers/misc/mediatek/dispsys/mt6735/mt6735m/ddp_reg.h:1495:38: warning: passing argument 1 of '__raw_readl' makes pointer from integer without a cast
                 mt_reg_sync_writel( (__raw_readl(reg32) & ~REG_FLD_MASK(field))|REG_FLD_VAL((field), (val)), (reg32));  \
                                      ^
/home/satory-ra/Android/kernel/android_kernel_oukitel_orange/drivers/misc/mediatek/mach/mt6735/include/mach/sync_write.h:15:27: note: in definition of macro 'mt_reg_sync_writel'
             __raw_writel((v), IOMEM((a)));   \
                           ^
drivers/misc/mediatek/dispsys/mt6735/mt6735m/ddp_rdma.c:468:5: note: in expansion of macro 'DISP_REG_SET_FIELD'
     DISP_REG_SET_FIELD(handle,MEM_CON_FLD_MEM_MODE_INPUT_FORMAT, idx*DISP_RDMA_INDEX_OFFSET+ DISP_REG_RDMA_MEM_CON, ((mode == RDMA_MODE_DIRECT_LINK) ? 0 : input_format_reg&0xf));
     ^
In file included from include/linux/io.h:22:0,
                 from /home/satory-ra/Android/kernel/android_kernel_oukitel_orange/drivers/misc/mediatek/mach/mt6735/include/mach/sync_write.h:6,
                 from drivers/misc/mediatek/dispsys/mt6735/mt6735m/ddp_reg.h:3,
                 from drivers/misc/mediatek/dispsys/mt6735/mt6735m/ddp_rdma.c:7:
/home/satory-ra/Android/kernel/android_kernel_oukitel_orange/arch/arm/include/asm/io.h:104:19: note: expected 'const volatile void *' but argument is of type 'long unsigned int'
 static inline u32 __raw_readl(const volatile void __iomem *addr)
                   ^
In file included from drivers/misc/mediatek/dispsys/mt6735/mt6735m/ddp_reg.h:3:0,
                 from drivers/misc/mediatek/dispsys/mt6735/mt6735m/ddp_rdma.c:7:
drivers/misc/mediatek/dispsys/mt6735/mt6735m/ddp_reg.h:1495:38: warning: passing argument 1 of '__raw_readl' makes pointer from integer without a cast
                 mt_reg_sync_writel( (__raw_readl(reg32) & ~REG_FLD_MASK(field))|REG_FLD_VAL((field), (val)), (reg32));  \
                                      ^
/home/satory-ra/Android/kernel/android_kernel_oukitel_orange/drivers/misc/mediatek/mach/mt6735/include/mach/sync_write.h:15:27: note: in definition of macro 'mt_reg_sync_writel'
             __raw_writel((v), IOMEM((a)));   \
                           ^
drivers/misc/mediatek/dispsys/mt6735/mt6735m/ddp_rdma.c:469:5: note: in expansion of macro 'DISP_REG_SET_FIELD'
     DISP_REG_SET_FIELD(handle,MEM_CON_FLD_MEM_MODE_INPUT_SWAP, idx*DISP_RDMA_INDEX_OFFSET+ DISP_REG_RDMA_MEM_CON, ((mode == RDMA_MODE_DIRECT_LINK) ? 0 : input_swap));
     ^
In file included from include/linux/io.h:22:0,
                 from /home/satory-ra/Android/kernel/android_kernel_oukitel_orange/drivers/misc/mediatek/mach/mt6735/include/mach/sync_write.h:6,
                 from drivers/misc/mediatek/dispsys/mt6735/mt6735m/ddp_reg.h:3,
                 from drivers/misc/mediatek/dispsys/mt6735/mt6735m/ddp_rdma.c:7:
/home/satory-ra/Android/kernel/android_kernel_oukitel_orange/arch/arm/include/asm/io.h:104:19: note: expected 'const volatile void *' but argument is of type 'long unsigned int'
 static inline u32 __raw_readl(const volatile void __iomem *addr)
                   ^
In file included from drivers/misc/mediatek/dispsys/mt6735/mt6735m/ddp_rdma.c:7:0:
drivers/misc/mediatek/dispsys/mt6735/mt6735m/ddp_reg.h:1499:16: warning: passing argument 1 of 'dprec_reg_op' makes pointer from integer without a cast
                dprec_reg_op(handle, (unsigned long)(reg32), val<<REG_FLD_SHIFT(field), REG_FLD_MASK(field));\
                ^
drivers/misc/mediatek/dispsys/mt6735/mt6735m/ddp_rdma.c:487:5: note: in expansion of macro 'DISP_REG_SET_FIELD'
     DISP_REG_SET_FIELD(size_con_handle,SIZE_CON_0_FLD_OUTPUT_FRAME_WIDTH, &size_con_reg, width);
     ^
In file included from /home/satory-ra/Android/kernel/android_kernel_oukitel_orange/drivers/misc/mediatek/dispsys/mt6735/ddp_log.h:6:0,
                 from drivers/misc/mediatek/dispsys/mt6735/mt6735m/ddp_rdma.c:2:
/home/satory-ra/Android/kernel/android_kernel_oukitel_orange/drivers/misc/mediatek/dispsys/mt6735/display_recorder.h:136:6: note: expected 'void *' but argument is of type 'unsigned int'
 void dprec_reg_op(void* cmdq, unsigned int reg, unsigned int val, unsigned int mask);
      ^
In file included from drivers/misc/mediatek/dispsys/mt6735/mt6735m/ddp_rdma.c:7:0:
drivers/misc/mediatek/dispsys/mt6735/mt6735m/ddp_reg.h:1500:37: warning: passing argument 1 of 'disp_addr_convert' makes integer from pointer without a cast
                cmdqRecWrite(handle, disp_addr_convert(reg32), val<<REG_FLD_SHIFT(field), REG_FLD_MASK(field)); \
                                     ^
drivers/misc/mediatek/dispsys/mt6735/mt6735m/ddp_rdma.c:487:5: note: in expansion of macro 'DISP_REG_SET_FIELD'
     DISP_REG_SET_FIELD(size_con_handle,SIZE_CON_0_FLD_OUTPUT_FRAME_WIDTH, &size_con_reg, width);
     ^
drivers/misc/mediatek/dispsys/mt6735/mt6735m/ddp_reg.h:1395:29: note: expected 'long unsigned int' but argument is of type 'unsigned int *'
 static inline unsigned long disp_addr_convert(unsigned long va) 
                             ^
drivers/misc/mediatek/dispsys/mt6735/mt6735m/ddp_reg.h:1500:16: warning: passing argument 1 of 'cmdqRecWrite' makes pointer from integer without a cast
                cmdqRecWrite(handle, disp_addr_convert(reg32), val<<REG_FLD_SHIFT(field), REG_FLD_MASK(field)); \
                ^
drivers/misc/mediatek/dispsys/mt6735/mt6735m/ddp_rdma.c:487:5: note: in expansion of macro 'DISP_REG_SET_FIELD'
     DISP_REG_SET_FIELD(size_con_handle,SIZE_CON_0_FLD_OUTPUT_FRAME_WIDTH, &size_con_reg, width);
     ^
In file included from drivers/misc/mediatek/dispsys/mt6735/mt6735m/ddp_reg.h:7:0,
                 from drivers/misc/mediatek/dispsys/mt6735/mt6735m/ddp_rdma.c:7:
/home/satory-ra/Android/kernel/android_kernel_oukitel_orange/drivers/misc/mediatek/cmdq/mt6735/cmdq_record.h:134:10: note: expected 'cmdqRecHandle' but argument is of type 'unsigned int'
  int32_t cmdqRecWrite(cmdqRecHandle handle, uint32_t addr, uint32_t value, uint32_t mask);
          ^
In file included from drivers/misc/mediatek/dispsys/mt6735/mt6735m/ddp_reg.h:3:0,
                 from drivers/misc/mediatek/dispsys/mt6735/mt6735m/ddp_rdma.c:7:
drivers/misc/mediatek/dispsys/mt6735/mt6735m/ddp_reg.h:1495:38: warning: passing argument 1 of '__raw_readl' makes pointer from integer without a cast
                 mt_reg_sync_writel( (__raw_readl(reg32) & ~REG_FLD_MASK(field))|REG_FLD_VAL((field), (val)), (reg32));  \
                                      ^
/home/satory-ra/Android/kernel/android_kernel_oukitel_orange/drivers/misc/mediatek/mach/mt6735/include/mach/sync_write.h:15:27: note: in definition of macro 'mt_reg_sync_writel'
             __raw_writel((v), IOMEM((a)));   \
                           ^
drivers/misc/mediatek/dispsys/mt6735/mt6735m/ddp_rdma.c:495:6: note: in expansion of macro 'DISP_REG_SET_FIELD'
      DISP_REG_SET_FIELD(handle,FIFO_CON_FLD_FIFO_UNDERFLOW_EN, idx*DISP_RDMA_INDEX_OFFSET+ DISP_REG_RDMA_FIFO_CON, 1);     
      ^
In file included from include/linux/io.h:22:0,
                 from /home/satory-ra/Android/kernel/android_kernel_oukitel_orange/drivers/misc/mediatek/mach/mt6735/include/mach/sync_write.h:6,
                 from drivers/misc/mediatek/dispsys/mt6735/mt6735m/ddp_reg.h:3,
                 from drivers/misc/mediatek/dispsys/mt6735/mt6735m/ddp_rdma.c:7:
/home/satory-ra/Android/kernel/android_kernel_oukitel_orange/arch/arm/include/asm/io.h:104:19: note: expected 'const volatile void *' but argument is of type 'long unsigned int'
 static inline u32 __raw_readl(const volatile void __iomem *addr)
                   ^
In file included from drivers/misc/mediatek/dispsys/mt6735/mt6735m/ddp_reg.h:3:0,
                 from drivers/misc/mediatek/dispsys/mt6735/mt6735m/ddp_rdma.c:7:
drivers/misc/mediatek/dispsys/mt6735/mt6735m/ddp_reg.h:1495:38: warning: passing argument 1 of '__raw_readl' makes pointer from integer without a cast
                 mt_reg_sync_writel( (__raw_readl(reg32) & ~REG_FLD_MASK(field))|REG_FLD_VAL((field), (val)), (reg32));  \
                                      ^
/home/satory-ra/Android/kernel/android_kernel_oukitel_orange/drivers/misc/mediatek/mach/mt6735/include/mach/sync_write.h:15:27: note: in definition of macro 'mt_reg_sync_writel'
             __raw_writel((v), IOMEM((a)));   \
                           ^
drivers/misc/mediatek/dispsys/mt6735/mt6735m/ddp_rdma.c:496:9: note: in expansion of macro 'DISP_REG_SET_FIELD'
         DISP_REG_SET_FIELD(handle,FIFO_CON_FLD_OUTPUT_VALID_FIFO_THRESHOLD, idx*DISP_RDMA_INDEX_OFFSET+ DISP_REG_RDMA_FIFO_CON, gRDMAFIFOLen);
         ^
In file included from include/linux/io.h:22:0,
                 from /home/satory-ra/Android/kernel/android_kernel_oukitel_orange/drivers/misc/mediatek/mach/mt6735/include/mach/sync_write.h:6,
                 from drivers/misc/mediatek/dispsys/mt6735/mt6735m/ddp_reg.h:3,
                 from drivers/misc/mediatek/dispsys/mt6735/mt6735m/ddp_rdma.c:7:
/home/satory-ra/Android/kernel/android_kernel_oukitel_orange/arch/arm/include/asm/io.h:104:19: note: expected 'const volatile void *' but argument is of type 'long unsigned int'
 static inline u32 __raw_readl(const volatile void __iomem *addr)
                   ^
In file included from drivers/misc/mediatek/dispsys/mt6735/mt6735m/ddp_reg.h:3:0,
                 from drivers/misc/mediatek/dispsys/mt6735/mt6735m/ddp_rdma.c:7:
drivers/misc/mediatek/dispsys/mt6735/mt6735m/ddp_reg.h:1495:38: warning: passing argument 1 of '__raw_readl' makes pointer from integer without a cast
                 mt_reg_sync_writel( (__raw_readl(reg32) & ~REG_FLD_MASK(field))|REG_FLD_VAL((field), (val)), (reg32));  \
                                      ^
/home/satory-ra/Android/kernel/android_kernel_oukitel_orange/drivers/misc/mediatek/mach/mt6735/include/mach/sync_write.h:15:27: note: in definition of macro 'mt_reg_sync_writel'
             __raw_writel((v), IOMEM((a)));   \
                           ^
drivers/misc/mediatek/dispsys/mt6735/mt6735m/ddp_rdma.c:500:6: note: in expansion of macro 'DISP_REG_SET_FIELD'
      DISP_REG_SET_FIELD(handle,FIFO_CON_FLD_FIFO_UNDERFLOW_EN, idx*DISP_RDMA_INDEX_OFFSET+ DISP_REG_RDMA_FIFO_CON, 1);     
      ^
In file included from include/linux/io.h:22:0,
                 from /home/satory-ra/Android/kernel/android_kernel_oukitel_orange/drivers/misc/mediatek/mach/mt6735/include/mach/sync_write.h:6,
                 from drivers/misc/mediatek/dispsys/mt6735/mt6735m/ddp_reg.h:3,
                 from drivers/misc/mediatek/dispsys/mt6735/mt6735m/ddp_rdma.c:7:
/home/satory-ra/Android/kernel/android_kernel_oukitel_orange/arch/arm/include/asm/io.h:104:19: note: expected 'const volatile void *' but argument is of type 'long unsigned int'
 static inline u32 __raw_readl(const volatile void __iomem *addr)
                   ^
In file included from drivers/misc/mediatek/dispsys/mt6735/mt6735m/ddp_reg.h:3:0,
                 from drivers/misc/mediatek/dispsys/mt6735/mt6735m/ddp_rdma.c:7:
drivers/misc/mediatek/dispsys/mt6735/mt6735m/ddp_reg.h:1495:38: warning: passing argument 1 of '__raw_readl' makes pointer from integer without a cast
                 mt_reg_sync_writel( (__raw_readl(reg32) & ~REG_FLD_MASK(field))|REG_FLD_VAL((field), (val)), (reg32));  \
                                      ^
/home/satory-ra/Android/kernel/android_kernel_oukitel_orange/drivers/misc/mediatek/mach/mt6735/include/mach/sync_write.h:15:27: note: in definition of macro 'mt_reg_sync_writel'
             __raw_writel((v), IOMEM((a)));   \
                           ^
drivers/misc/mediatek/dispsys/mt6735/mt6735m/ddp_rdma.c:501:9: note: in expansion of macro 'DISP_REG_SET_FIELD'
         DISP_REG_SET_FIELD(handle,FIFO_CON_FLD_OUTPUT_VALID_FIFO_THRESHOLD, idx*DISP_RDMA_INDEX_OFFSET+ DISP_REG_RDMA_FIFO_CON, width*3*3/16/2); //FHD:304, HD:203, QHD:151
         ^
In file included from include/linux/io.h:22:0,
                 from /home/satory-ra/Android/kernel/android_kernel_oukitel_orange/drivers/misc/mediatek/mach/mt6735/include/mach/sync_write.h:6,
                 from drivers/misc/mediatek/dispsys/mt6735/mt6735m/ddp_reg.h:3,
                 from drivers/misc/mediatek/dispsys/mt6735/mt6735m/ddp_rdma.c:7:
/home/satory-ra/Android/kernel/android_kernel_oukitel_orange/arch/arm/include/asm/io.h:104:19: note: expected 'const volatile void *' but argument is of type 'long unsigned int'
 static inline u32 __raw_readl(const volatile void __iomem *addr)
                   ^
In file included from drivers/misc/mediatek/dispsys/mt6735/mt6735m/ddp_rdma.c:7:0:
drivers/misc/mediatek/dispsys/mt6735/mt6735m/ddp_rdma.c: At top level:
drivers/misc/mediatek/dispsys/mt6735/mt6735m/ddp_reg.h:23:21: warning: 'module_list_scenario' defined but not used [-Wunused-variable]
 static unsigned int module_list_scenario[DDP_SCENARIO_MAX][DDP_ENING_NUM] = {
                     ^
In file included from drivers/misc/mediatek/dispsys/mt6735/mt6735m/ddp_rdma.c:7:0:
drivers/misc/mediatek/dispsys/mt6735/mt6735m/ddp_reg.h:48:15: warning: 'mout_map' defined but not used [-Wunused-variable]
 static mout_t mout_map[DDP_MOUT_NUM] = 
               ^
drivers/misc/mediatek/dispsys/mt6735/mt6735m/ddp_reg.h:59:14: warning: 'sel_out_map' defined but not used [-Wunused-variable]
 static sel_t sel_out_map[DDP_SEL_OUT_NUM] = 
              ^
drivers/misc/mediatek/dispsys/mt6735/mt6735m/ddp_reg.h:67:14: warning: 'sel_in_map' defined but not used [-Wunused-variable]
 static sel_t sel_in_map[DDP_SEL_IN_NUM] = 
              ^
drivers/misc/mediatek/dispsys/mt6735/mt6735m/ddp_reg.h:106:21: warning: 'module_mutex_map' defined but not used [-Wunused-variable]
 static module_map_t module_mutex_map[DISP_MODULE_NUM] =
                     ^
drivers/misc/mediatek/dispsys/mt6735/mt6735m/ddp_reg.h:134:21: warning: 'module_can_connect' defined but not used [-Wunused-variable]
 static module_map_t module_can_connect[DISP_MODULE_NUM] =
                     ^
  CC      net/netfilter/xt_mac.o
  CC      net/netfilter/xt_multiport.o
  CC      drivers/misc/mediatek/connectivity/conn_soc/drv_wlan/mt_wifi/wlan/mgmt/scan_fsm.o
  LD      drivers/misc/mediatek/dispsys/mt6735/mt6735m/built-in.o
  CC      drivers/misc/mediatek/dispsys/mt6735/ddp_color.o
In file included from /home/satory-ra/Android/kernel/android_kernel_oukitel_orange/drivers/misc/mediatek/dispsys/mt6735/mt6735m/ddp_reg.h:6:0,
                 from drivers/misc/mediatek/dispsys/mt6735/ddp_color.c:8:
/home/satory-ra/Android/kernel/android_kernel_oukitel_orange/drivers/misc/mediatek/dispsys/mt6735/display_recorder.h:152:1: warning: function declaration isn't a prototype [-Wstrict-prototypes]
 void dprec_logger_dump_reset();
 ^
/home/satory-ra/Android/kernel/android_kernel_oukitel_orange/drivers/misc/mediatek/dispsys/mt6735/display_recorder.h:153:1: warning: function declaration isn't a prototype [-Wstrict-prototypes]
 char *dprec_logger_get_dump_addr();
 ^
/home/satory-ra/Android/kernel/android_kernel_oukitel_orange/drivers/misc/mediatek/dispsys/mt6735/display_recorder.h:154:1: warning: function declaration isn't a prototype [-Wstrict-prototypes]
 unsigned int dprec_logger_get_dump_len();
 ^
In file included from drivers/misc/mediatek/connectivity/conn_soc/drv_wlan/mt_wifi/wlan/include/precomp.h:241:0,
                 from drivers/misc/mediatek/connectivity/conn_soc/drv_wlan/mt_wifi/wlan/mgmt/scan_fsm.c:249:
drivers/misc/mediatek/connectivity/conn_soc/drv_wlan/mt_wifi/wlan/include/mgmt/scan.h:324:0: warning: "CFG_BATCH_MAX_MSCAN" redefined
 #define CFG_BATCH_MAX_MSCAN 4
 ^
In file included from drivers/misc/mediatek/connectivity/conn_soc/drv_wlan/mt_wifi/wlan/os/linux/include/gl_os.h:584:0,
                 from drivers/misc/mediatek/connectivity/conn_soc/drv_wlan/mt_wifi/wlan/include/precomp.h:173,
                 from drivers/misc/mediatek/connectivity/conn_soc/drv_wlan/mt_wifi/wlan/mgmt/scan_fsm.c:249:
drivers/misc/mediatek/connectivity/conn_soc/drv_wlan/mt_wifi/wlan/include/config.h:1585:0: note: this is the location of the previous definition
 #define CFG_BATCH_MAX_MSCAN                 2
 ^
  CC      net/netfilter/xt_physdev.o
In file included from drivers/misc/mediatek/dispsys/mt6735/ddp_color.c:8:0:
/home/satory-ra/Android/kernel/android_kernel_oukitel_orange/drivers/misc/mediatek/dispsys/mt6735/mt6735m/ddp_reg.h:1963:0: warning: "DISP_REG_DPI_ESAV_VTIM_R" redefined
 #define DISP_REG_DPI_ESAV_VTIM_R      (DISPSYS_DPI_BASE + 0x088)
 ^
/home/satory-ra/Android/kernel/android_kernel_oukitel_orange/drivers/misc/mediatek/dispsys/mt6735/mt6735m/ddp_reg.h:1962:0: note: this is the location of the previous definition
 #define DISP_REG_DPI_ESAV_VTIM_R      (DISPSYS_DPI_BASE + 0x084)
 ^
In file included from /home/satory-ra/Android/kernel/android_kernel_oukitel_orange/drivers/misc/mediatek/dispsys/mt6735/mt6735m/ddp_reg.h:3:0,
                 from drivers/misc/mediatek/dispsys/mt6735/ddp_color.c:8:
drivers/misc/mediatek/dispsys/mt6735/ddp_color.c: In function '_color_reg_set_field':
/home/satory-ra/Android/kernel/android_kernel_oukitel_orange/drivers/misc/mediatek/dispsys/mt6735/mt6735m/ddp_reg.h:1495:38: warning: passing argument 1 of '__raw_readl' makes pointer from integer without a cast
                 mt_reg_sync_writel( (__raw_readl(reg32) & ~REG_FLD_MASK(field))|REG_FLD_VAL((field), (val)), (reg32));  \
                                      ^
/home/satory-ra/Android/kernel/android_kernel_oukitel_orange/drivers/misc/mediatek/mach/mt6735/include/mach/sync_write.h:15:27: note: in definition of macro 'mt_reg_sync_writel'
             __raw_writel((v), IOMEM((a)));   \
                           ^
drivers/misc/mediatek/dispsys/mt6735/ddp_color.c:897:5: note: in expansion of macro 'DISP_REG_SET_FIELD'
     DISP_REG_SET_FIELD(cmdq, field_mask, addr, value);
     ^
In file included from include/linux/io.h:22:0,
                 from /home/satory-ra/Android/kernel/android_kernel_oukitel_orange/drivers/misc/mediatek/mach/mt6735/include/mach/sync_write.h:6,
                 from /home/satory-ra/Android/kernel/android_kernel_oukitel_orange/drivers/misc/mediatek/dispsys/mt6735/mt6735m/ddp_reg.h:3,
                 from drivers/misc/mediatek/dispsys/mt6735/ddp_color.c:8:
/home/satory-ra/Android/kernel/android_kernel_oukitel_orange/arch/arm/include/asm/io.h:104:19: note: expected 'const volatile void *' but argument is of type 'long unsigned int'
 static inline u32 __raw_readl(const volatile void __iomem *addr)
                   ^
In file included from drivers/misc/mediatek/dispsys/mt6735/ddp_color.c:8:0:
drivers/misc/mediatek/dispsys/mt6735/ddp_color.c: At top level:
/home/satory-ra/Android/kernel/android_kernel_oukitel_orange/drivers/misc/mediatek/dispsys/mt6735/mt6735m/ddp_reg.h:23:21: warning: 'module_list_scenario' defined but not used [-Wunused-variable]
 static unsigned int module_list_scenario[DDP_SCENARIO_MAX][DDP_ENING_NUM] = {
                     ^
In file included from drivers/misc/mediatek/dispsys/mt6735/ddp_color.c:8:0:
/home/satory-ra/Android/kernel/android_kernel_oukitel_orange/drivers/misc/mediatek/dispsys/mt6735/mt6735m/ddp_reg.h:48:15: warning: 'mout_map' defined but not used [-Wunused-variable]
 static mout_t mout_map[DDP_MOUT_NUM] = 
               ^
/home/satory-ra/Android/kernel/android_kernel_oukitel_orange/drivers/misc/mediatek/dispsys/mt6735/mt6735m/ddp_reg.h:59:14: warning: 'sel_out_map' defined but not used [-Wunused-variable]
 static sel_t sel_out_map[DDP_SEL_OUT_NUM] = 
              ^
/home/satory-ra/Android/kernel/android_kernel_oukitel_orange/drivers/misc/mediatek/dispsys/mt6735/mt6735m/ddp_reg.h:67:14: warning: 'sel_in_map' defined but not used [-Wunused-variable]
 static sel_t sel_in_map[DDP_SEL_IN_NUM] = 
              ^
/home/satory-ra/Android/kernel/android_kernel_oukitel_orange/drivers/misc/mediatek/dispsys/mt6735/mt6735m/ddp_reg.h:106:21: warning: 'module_mutex_map' defined but not used [-Wunused-variable]
 static module_map_t module_mutex_map[DISP_MODULE_NUM] =
                     ^
/home/satory-ra/Android/kernel/android_kernel_oukitel_orange/drivers/misc/mediatek/dispsys/mt6735/mt6735m/ddp_reg.h:134:21: warning: 'module_can_connect' defined but not used [-Wunused-variable]
 static module_map_t module_can_connect[DISP_MODULE_NUM] =
                     ^
drivers/misc/mediatek/connectivity/conn_soc/drv_wlan/mt_wifi/wlan/mgmt/scan_fsm.c: In function 'scnFsmPSCNAction':
drivers/misc/mediatek/connectivity/conn_soc/drv_wlan/mt_wifi/wlan/mgmt/scan_fsm.c:1563:5: warning: ISO C90 forbids mixed declarations and code [-Wdeclaration-after-statement]
     CMD_SET_PSCAN_ENABLE rCmdPscnAction;
     ^
drivers/misc/mediatek/connectivity/conn_soc/drv_wlan/mt_wifi/wlan/mgmt/scan_fsm.c:1567:5: warning: ISO C90 forbids mixed declarations and code [-Wdeclaration-after-statement]
     P_SCAN_INFO_T prScanInfo;
     ^
drivers/misc/mediatek/connectivity/conn_soc/drv_wlan/mt_wifi/wlan/mgmt/scan_fsm.c:1568:20: warning: unused variable 'prScanParam' [-Wunused-variable]
     P_SCAN_PARAM_T prScanParam;
                    ^
drivers/misc/mediatek/connectivity/conn_soc/drv_wlan/mt_wifi/wlan/mgmt/scan_fsm.c: In function 'scnFsmPSCNSetParam':
drivers/misc/mediatek/connectivity/conn_soc/drv_wlan/mt_wifi/wlan/mgmt/scan_fsm.c:1629:5: warning: ISO C90 forbids mixed declarations and code [-Wdeclaration-after-statement]
     UINT_8 i,j;
     ^
drivers/misc/mediatek/connectivity/conn_soc/drv_wlan/mt_wifi/wlan/mgmt/scan_fsm.c: In function 'scnFsmPSCNSetHotlist':
drivers/misc/mediatek/connectivity/conn_soc/drv_wlan/mt_wifi/wlan/mgmt/scan_fsm.c:1695:5: warning: ISO C90 forbids mixed declarations and code [-Wdeclaration-after-statement]
     CMD_SET_PSCAN_ADD_HOTLIST_BSSID rCmdPscnAddHotlist;
     ^
drivers/misc/mediatek/connectivity/conn_soc/drv_wlan/mt_wifi/wlan/mgmt/scan_fsm.c:1697:20: warning: unused variable 'prScanParam' [-Wunused-variable]
     P_SCAN_PARAM_T prScanParam;
                    ^
drivers/misc/mediatek/connectivity/conn_soc/drv_wlan/mt_wifi/wlan/mgmt/scan_fsm.c: In function 'scnFsmPSCNAddSWCBssId':
drivers/misc/mediatek/connectivity/conn_soc/drv_wlan/mt_wifi/wlan/mgmt/scan_fsm.c:1749:5: warning: ISO C90 forbids mixed declarations and code [-Wdeclaration-after-statement]
     CMD_SET_PSCAN_ADD_SWC_BSSID rCmdPscnAddSWCBssId;
     ^
drivers/misc/mediatek/connectivity/conn_soc/drv_wlan/mt_wifi/wlan/mgmt/scan_fsm.c:1752:20: warning: unused variable 'prScanParam' [-Wunused-variable]
     P_SCAN_PARAM_T prScanParam;
                    ^
drivers/misc/mediatek/connectivity/conn_soc/drv_wlan/mt_wifi/wlan/mgmt/scan_fsm.c: In function 'scnFsmPSCNSetMacAddr':
drivers/misc/mediatek/connectivity/conn_soc/drv_wlan/mt_wifi/wlan/mgmt/scan_fsm.c:1806:5: warning: ISO C90 forbids mixed declarations and code [-Wdeclaration-after-statement]
     CMD_SET_PSCAN_MAC_ADDR rCmdPscnSetMacAddr;
     ^
drivers/misc/mediatek/connectivity/conn_soc/drv_wlan/mt_wifi/wlan/mgmt/scan_fsm.c:1809:20: warning: unused variable 'prScanParam' [-Wunused-variable]
     P_SCAN_PARAM_T prScanParam;
                    ^
drivers/misc/mediatek/connectivity/conn_soc/drv_wlan/mt_wifi/wlan/mgmt/scan_fsm.c: In function 'scnSetGSCNParam':
drivers/misc/mediatek/connectivity/conn_soc/drv_wlan/mt_wifi/wlan/mgmt/scan_fsm.c:1863:5: warning: ISO C90 forbids mixed declarations and code [-Wdeclaration-after-statement]
     CMD_GSCN_REQ_T rCmdGscnParam;
     ^
drivers/misc/mediatek/connectivity/conn_soc/drv_wlan/mt_wifi/wlan/mgmt/scan_fsm.c:1875:5: warning: statement with no effect [-Wunused-value]
     for(ucChannelBuckIndex; ucChannelBuckIndex < prCmdGscnParam->num_buckets ; ucChannelBuckIndex++){
     ^
drivers/misc/mediatek/connectivity/conn_soc/drv_wlan/mt_wifi/wlan/mgmt/scan_fsm.c:1868:22: warning: unused variable 'j' [-Wunused-variable]
     UINT_8         i,j = 0;
                      ^
drivers/misc/mediatek/connectivity/conn_soc/drv_wlan/mt_wifi/wlan/mgmt/scan_fsm.c:1866:20: warning: unused variable 'prScanParam' [-Wunused-variable]
     P_SCAN_PARAM_T prScanParam;
                    ^
drivers/misc/mediatek/connectivity/conn_soc/drv_wlan/mt_wifi/wlan/mgmt/scan_fsm.c: In function 'scnSubCombineNLOtoPSCN':
drivers/misc/mediatek/connectivity/conn_soc/drv_wlan/mt_wifi/wlan/mgmt/scan_fsm.c:1941:5: warning: ISO C90 forbids mixed declarations and code [-Wdeclaration-after-statement]
     P_SCAN_INFO_T prScanInfo;
     ^
drivers/misc/mediatek/connectivity/conn_soc/drv_wlan/mt_wifi/wlan/mgmt/scan_fsm.c:1946:15: warning: unused variable 'j' [-Wunused-variable]
     UINT_8  i,j =0;  
               ^
drivers/misc/mediatek/connectivity/conn_soc/drv_wlan/mt_wifi/wlan/mgmt/scan_fsm.c:1946:13: warning: unused variable 'i' [-Wunused-variable]
     UINT_8  i,j =0;  
             ^
drivers/misc/mediatek/connectivity/conn_soc/drv_wlan/mt_wifi/wlan/mgmt/scan_fsm.c:1945:13: warning: unused variable 'ucRepeatMax' [-Wunused-variable]
     UINT_32 ucRepeatMax = 0;
             ^
drivers/misc/mediatek/connectivity/conn_soc/drv_wlan/mt_wifi/wlan/mgmt/scan_fsm.c:1944:13: warning: unused variable 'ucPeriodMin' [-Wunused-variable]
     UINT_32 ucPeriodMin = MAX_PERIOD;
             ^
drivers/misc/mediatek/connectivity/conn_soc/drv_wlan/mt_wifi/wlan/mgmt/scan_fsm.c:1943:20: warning: unused variable 'ucChannelBuckIndex' [-Wunused-variable]
     UINT_8         ucChannelBuckIndex = 0;
                    ^
drivers/misc/mediatek/connectivity/conn_soc/drv_wlan/mt_wifi/wlan/mgmt/scan_fsm.c:1942:20: warning: unused variable 'prScanParam' [-Wunused-variable]
     P_SCAN_PARAM_T prScanParam;
                    ^
drivers/misc/mediatek/connectivity/conn_soc/drv_wlan/mt_wifi/wlan/mgmt/scan_fsm.c: In function 'scnSubCombineBatchSCNtoPSCN':
drivers/misc/mediatek/connectivity/conn_soc/drv_wlan/mt_wifi/wlan/mgmt/scan_fsm.c:1981:5: warning: ISO C90 forbids mixed declarations and code [-Wdeclaration-after-statement]
     P_SCAN_INFO_T prScanInfo;
     ^
drivers/misc/mediatek/connectivity/conn_soc/drv_wlan/mt_wifi/wlan/mgmt/scan_fsm.c:1986:15: warning: unused variable 'j' [-Wunused-variable]
     UINT_8  i,j =0;  
               ^
drivers/misc/mediatek/connectivity/conn_soc/drv_wlan/mt_wifi/wlan/mgmt/scan_fsm.c:1986:13: warning: unused variable 'i' [-Wunused-variable]
     UINT_8  i,j =0;  
             ^
drivers/misc/mediatek/connectivity/conn_soc/drv_wlan/mt_wifi/wlan/mgmt/scan_fsm.c:1985:13: warning: unused variable 'ucRepeatMax' [-Wunused-variable]
     UINT_32 ucRepeatMax = 0;
             ^
drivers/misc/mediatek/connectivity/conn_soc/drv_wlan/mt_wifi/wlan/mgmt/scan_fsm.c:1984:13: warning: unused variable 'ucPeriodMin' [-Wunused-variable]
     UINT_32 ucPeriodMin = MAX_PERIOD;
             ^
drivers/misc/mediatek/connectivity/conn_soc/drv_wlan/mt_wifi/wlan/mgmt/scan_fsm.c:1983:20: warning: unused variable 'ucChannelBuckIndex' [-Wunused-variable]
     UINT_8         ucChannelBuckIndex = 0;
                    ^
drivers/misc/mediatek/connectivity/conn_soc/drv_wlan/mt_wifi/wlan/mgmt/scan_fsm.c:1982:20: warning: unused variable 'prScanParam' [-Wunused-variable]
     P_SCAN_PARAM_T prScanParam;
                    ^
drivers/misc/mediatek/connectivity/conn_soc/drv_wlan/mt_wifi/wlan/mgmt/scan_fsm.c: In function 'scnSubCombineGSCNtoPSCN':
drivers/misc/mediatek/connectivity/conn_soc/drv_wlan/mt_wifi/wlan/mgmt/scan_fsm.c:2022:5: warning: ISO C90 forbids mixed declarations and code [-Wdeclaration-after-statement]
     P_SCAN_INFO_T prScanInfo;
     ^
drivers/misc/mediatek/connectivity/conn_soc/drv_wlan/mt_wifi/wlan/mgmt/scan_fsm.c:2036:9: warning: ISO C90 forbids mixed declarations and code [-Wdeclaration-after-statement]
         UINT_8 ucIndexBuckects = 0;
         ^
drivers/misc/mediatek/connectivity/conn_soc/drv_wlan/mt_wifi/wlan/mgmt/scan_fsm.c:2036:16: warning: unused variable 'ucIndexBuckects' [-Wunused-variable]
         UINT_8 ucIndexBuckects = 0;
                ^
drivers/misc/mediatek/connectivity/conn_soc/drv_wlan/mt_wifi/wlan/mgmt/scan_fsm.c:2026:13: warning: unused variable 'ucRepeatMax' [-Wunused-variable]
     UINT_32 ucRepeatMax = 0;
             ^
drivers/misc/mediatek/connectivity/conn_soc/drv_wlan/mt_wifi/wlan/mgmt/scan_fsm.c:2024:20: warning: unused variable 'ucChannelBuckIndex' [-Wunused-variable]
     UINT_8         ucChannelBuckIndex = 0;
                    ^
drivers/misc/mediatek/connectivity/conn_soc/drv_wlan/mt_wifi/wlan/mgmt/scan_fsm.c:2023:20: warning: unused variable 'prScanParam' [-Wunused-variable]
     P_SCAN_PARAM_T prScanParam;
                    ^
drivers/misc/mediatek/connectivity/conn_soc/drv_wlan/mt_wifi/wlan/mgmt/scan_fsm.c: In function 'scnRemoveFromPSCN':
drivers/misc/mediatek/connectivity/conn_soc/drv_wlan/mt_wifi/wlan/mgmt/scan_fsm.c:2091:5: warning: ISO C90 forbids mixed declarations and code [-Wdeclaration-after-statement]
     P_SCAN_INFO_T prScanInfo;
     ^
drivers/misc/mediatek/connectivity/conn_soc/drv_wlan/mt_wifi/wlan/mgmt/scan_fsm.c:2130:13: warning: ISO C90 forbids mixed declarations and code [-Wdeclaration-after-statement]
             UINT_8 ucPscanAct = DISABLE;
             ^
drivers/misc/mediatek/connectivity/conn_soc/drv_wlan/mt_wifi/wlan/mgmt/scan_fsm.c:2096:15: warning: unused variable 'j' [-Wunused-variable]
     UINT_8  i,j =0;  
               ^
drivers/misc/mediatek/connectivity/conn_soc/drv_wlan/mt_wifi/wlan/mgmt/scan_fsm.c:2096:13: warning: unused variable 'i' [-Wunused-variable]
     UINT_8  i,j =0;  
             ^
drivers/misc/mediatek/connectivity/conn_soc/drv_wlan/mt_wifi/wlan/mgmt/scan_fsm.c:2095:13: warning: unused variable 'ucRepeatMax' [-Wunused-variable]
     UINT_32 ucRepeatMax = 0;
             ^
drivers/misc/mediatek/connectivity/conn_soc/drv_wlan/mt_wifi/wlan/mgmt/scan_fsm.c:2094:13: warning: unused variable 'ucPeriodMin' [-Wunused-variable]
     UINT_32 ucPeriodMin = MAX_PERIOD;
             ^
drivers/misc/mediatek/connectivity/conn_soc/drv_wlan/mt_wifi/wlan/mgmt/scan_fsm.c:2093:20: warning: unused variable 'ucChannelBuckIndex' [-Wunused-variable]
     UINT_8         ucChannelBuckIndex = 0;
                    ^
drivers/misc/mediatek/connectivity/conn_soc/drv_wlan/mt_wifi/wlan/mgmt/scan_fsm.c:2092:20: warning: unused variable 'prScanParam' [-Wunused-variable]
     P_SCAN_PARAM_T prScanParam;
                    ^
drivers/misc/mediatek/connectivity/conn_soc/drv_wlan/mt_wifi/wlan/mgmt/scan_fsm.c: In function 'scnCombineParamsIntoPSCN':
drivers/misc/mediatek/connectivity/conn_soc/drv_wlan/mt_wifi/wlan/mgmt/scan_fsm.c:2171:5: warning: ISO C90 forbids mixed declarations and code [-Wdeclaration-after-statement]
     P_SCAN_INFO_T prScanInfo;
     ^
drivers/misc/mediatek/connectivity/conn_soc/drv_wlan/mt_wifi/wlan/mgmt/scan_fsm.c:2227:6: warning: ISO C90 forbids mixed declarations and code [-Wdeclaration-after-statement]
      UINT_8 i,j;
      ^
drivers/misc/mediatek/connectivity/conn_soc/drv_wlan/mt_wifi/wlan/mgmt/scan_fsm.c:2179:15: warning: unused variable 'j' [-Wunused-variable]
     UINT_8  i,j =0;  
               ^
drivers/misc/mediatek/connectivity/conn_soc/drv_wlan/mt_wifi/wlan/mgmt/scan_fsm.c:2179:13: warning: unused variable 'i' [-Wunused-variable]
     UINT_8  i,j =0;  
             ^
drivers/misc/mediatek/connectivity/conn_soc/drv_wlan/mt_wifi/wlan/mgmt/scan_fsm.c:2178:13: warning: unused variable 'ucRepeatMax' [-Wunused-variable]
     UINT_32 ucRepeatMax = 0;
             ^
drivers/misc/mediatek/connectivity/conn_soc/drv_wlan/mt_wifi/wlan/mgmt/scan_fsm.c:2177:13: warning: unused variable 'ucPeriodMin' [-Wunused-variable]
     UINT_32 ucPeriodMin = MAX_PERIOD;
             ^
drivers/misc/mediatek/connectivity/conn_soc/drv_wlan/mt_wifi/wlan/mgmt/scan_fsm.c:2173:20: warning: unused variable 'ucChannelBuckIndex' [-Wunused-variable]
     UINT_8         ucChannelBuckIndex = 0;
                    ^
drivers/misc/mediatek/connectivity/conn_soc/drv_wlan/mt_wifi/wlan/mgmt/scan_fsm.c:2172:20: warning: unused variable 'prScanParam' [-Wunused-variable]
     P_SCAN_PARAM_T prScanParam;
                    ^
drivers/misc/mediatek/connectivity/conn_soc/drv_wlan/mt_wifi/wlan/mgmt/scan_fsm.c: In function 'scnFsmSetGSCNConfig':
drivers/misc/mediatek/connectivity/conn_soc/drv_wlan/mt_wifi/wlan/mgmt/scan_fsm.c:2277:5: warning: ISO C90 forbids mixed declarations and code [-Wdeclaration-after-statement]
     CMD_GSCN_SCN_COFIG_T rCmdGscnScnConfig;
     ^
drivers/misc/mediatek/connectivity/conn_soc/drv_wlan/mt_wifi/wlan/mgmt/scan_fsm.c:2279:20: warning: unused variable 'prScanParam' [-Wunused-variable]
     P_SCAN_PARAM_T prScanParam;
                    ^
drivers/misc/mediatek/connectivity/conn_soc/drv_wlan/mt_wifi/wlan/mgmt/scan_fsm.c: In function 'scnFsmGetGSCNResult':
drivers/misc/mediatek/connectivity/conn_soc/drv_wlan/mt_wifi/wlan/mgmt/scan_fsm.c:2321:5: warning: ISO C90 forbids mixed declarations and code [-Wdeclaration-after-statement]
     CMD_GET_GSCAN_RESULT_T rGetGscnScnResultCmd;
     ^
drivers/misc/mediatek/connectivity/conn_soc/drv_wlan/mt_wifi/wlan/mgmt/scan_fsm.c:2324:20: warning: unused variable 'prScanParam' [-Wunused-variable]
     P_SCAN_PARAM_T prScanParam;
                    ^
drivers/misc/mediatek/connectivity/conn_soc/drv_wlan/mt_wifi/wlan/mgmt/scan_fsm.c: In function 'scnPSCNFsm':
drivers/misc/mediatek/connectivity/conn_soc/drv_wlan/mt_wifi/wlan/mgmt/scan_fsm.c:2375:5: warning: ISO C90 forbids mixed declarations and code [-Wdeclaration-after-statement]
     P_SCAN_INFO_T prScanInfo;
     ^
In file included from drivers/misc/mediatek/connectivity/conn_soc/drv_wlan/mt_wifi/wlan/os/linux/hif/ahb/include/hif.h:65:0,
                 from drivers/misc/mediatek/connectivity/conn_soc/drv_wlan/mt_wifi/wlan/os/linux/include/gl_os.h:601,
                 from drivers/misc/mediatek/connectivity/conn_soc/drv_wlan/mt_wifi/wlan/include/precomp.h:173,
                 from drivers/misc/mediatek/connectivity/conn_soc/drv_wlan/mt_wifi/wlan/mgmt/scan_fsm.c:249:
drivers/misc/mediatek/connectivity/conn_soc/drv_wlan/mt_wifi/wlan/os/linux/hif/ahb/include/mtk_porting.h:58:25: warning: ISO C90 forbids mixed declarations and code [-Wdeclaration-after-statement]
 #define BOOLEAN         unsigned char
                         ^
drivers/misc/mediatek/connectivity/conn_soc/drv_wlan/mt_wifi/wlan/mgmt/scan_fsm.c:2382:5: note: in expansion of macro 'BOOLEAN'
     BOOLEAN     fgTransitionState = FALSE;
     ^
drivers/misc/mediatek/connectivity/conn_soc/drv_wlan/mt_wifi/wlan/mgmt/scan_fsm.c:2380:15: warning: unused variable 'j' [-Wunused-variable]
     UINT_8  i,j =0;  
               ^
drivers/misc/mediatek/connectivity/conn_soc/drv_wlan/mt_wifi/wlan/mgmt/scan_fsm.c:2380:13: warning: unused variable 'i' [-Wunused-variable]
     UINT_8  i,j =0;  
             ^
drivers/misc/mediatek/connectivity/conn_soc/drv_wlan/mt_wifi/wlan/mgmt/scan_fsm.c:2379:13: warning: unused variable 'ucRepeatMax' [-Wunused-variable]
     UINT_32 ucRepeatMax = 0;
             ^
drivers/misc/mediatek/connectivity/conn_soc/drv_wlan/mt_wifi/wlan/mgmt/scan_fsm.c:2378:13: warning: unused variable 'ucPeriodMin' [-Wunused-variable]
     UINT_32 ucPeriodMin = MAX_PERIOD;
             ^
drivers/misc/mediatek/connectivity/conn_soc/drv_wlan/mt_wifi/wlan/mgmt/scan_fsm.c:2377:20: warning: unused variable 'ucChannelBuckIndex' [-Wunused-variable]
     UINT_8         ucChannelBuckIndex = 0;
                    ^
drivers/misc/mediatek/connectivity/conn_soc/drv_wlan/mt_wifi/wlan/mgmt/scan_fsm.c:2376:20: warning: unused variable 'prScanParam' [-Wunused-variable]
     P_SCAN_PARAM_T prScanParam;
                    ^
drivers/misc/mediatek/connectivity/conn_soc/drv_wlan/mt_wifi/wlan/mgmt/scan_fsm.c: In function 'scnSetGSCNParam':
drivers/misc/mediatek/connectivity/conn_soc/drv_wlan/mt_wifi/wlan/mgmt/scan_fsm.c:1920:1: warning: control reaches end of non-void function [-Wreturn-type]
 }
 ^
drivers/misc/mediatek/connectivity/conn_soc/drv_wlan/mt_wifi/wlan/mgmt/scan_fsm.c: In function 'scnFsmSetGSCNConfig':
drivers/misc/mediatek/connectivity/conn_soc/drv_wlan/mt_wifi/wlan/mgmt/scan_fsm.c:2297:1: warning: control reaches end of non-void function [-Wreturn-type]
 }
 ^
  CC      net/netfilter/xt_policy.o
  CC      drivers/misc/mediatek/dispsys/mt6735/ddp_wdma.o
In file included from drivers/misc/mediatek/dispsys/mt6735/ddp_log.h:6:0,
                 from drivers/misc/mediatek/dispsys/mt6735/ddp_wdma.c:2:
drivers/misc/mediatek/dispsys/mt6735/display_recorder.h:152:1: warning: function declaration isn't a prototype [-Wstrict-prototypes]
 void dprec_logger_dump_reset();
 ^
drivers/misc/mediatek/dispsys/mt6735/display_recorder.h:153:1: warning: function declaration isn't a prototype [-Wstrict-prototypes]
 char *dprec_logger_get_dump_addr();
 ^
drivers/misc/mediatek/dispsys/mt6735/display_recorder.h:154:1: warning: function declaration isn't a prototype [-Wstrict-prototypes]
 unsigned int dprec_logger_get_dump_len();
 ^
In file included from drivers/misc/mediatek/dispsys/mt6735/ddp_wdma.c:6:0:
/home/satory-ra/Android/kernel/android_kernel_oukitel_orange/drivers/misc/mediatek/dispsys/mt6735/mt6735m/ddp_reg.h:1963:0: warning: "DISP_REG_DPI_ESAV_VTIM_R" redefined
 #define DISP_REG_DPI_ESAV_VTIM_R      (DISPSYS_DPI_BASE + 0x088)
 ^
/home/satory-ra/Android/kernel/android_kernel_oukitel_orange/drivers/misc/mediatek/dispsys/mt6735/mt6735m/ddp_reg.h:1962:0: note: this is the location of the previous definition
 #define DISP_REG_DPI_ESAV_VTIM_R      (DISPSYS_DPI_BASE + 0x084)
 ^
In file included from drivers/misc/mediatek/dispsys/mt6735/ddp_wdma.c:11:0:
/home/satory-ra/Android/kernel/android_kernel_oukitel_orange/drivers/misc/mediatek/videox/mt6735/primary_display.h:195:1: warning: no semicolon at end of struct or union
 }disp_internal_buffer_info ;
 ^
/home/satory-ra/Android/kernel/android_kernel_oukitel_orange/drivers/misc/mediatek/videox/mt6735/primary_display.h:356:1: warning: function declaration isn't a prototype [-Wstrict-prototypes]
 int primary_display_check_test();
 ^
In file included from /home/satory-ra/Android/kernel/android_kernel_oukitel_orange/drivers/misc/mediatek/dispsys/mt6735/mt6735m/ddp_reg.h:3:0,
                 from drivers/misc/mediatek/dispsys/mt6735/ddp_wdma.c:6:
drivers/misc/mediatek/dispsys/mt6735/ddp_wdma.c: In function 'wdma_config_yuv420':
/home/satory-ra/Android/kernel/android_kernel_oukitel_orange/drivers/misc/mediatek/dispsys/mt6735/mt6735m/ddp_reg.h:1495:38: warning: passing argument 1 of '__raw_readl' makes pointer from integer without a cast
                 mt_reg_sync_writel( (__raw_readl(reg32) & ~REG_FLD_MASK(field))|REG_FLD_VAL((field), (val)), (reg32));  \
                                      ^
/home/satory-ra/Android/kernel/android_kernel_oukitel_orange/drivers/misc/mediatek/mach/mt6735/include/mach/sync_write.h:15:27: note: in definition of macro 'mt_reg_sync_writel'
             __raw_writel((v), IOMEM((a)));   \
                           ^
drivers/misc/mediatek/dispsys/mt6735/ddp_wdma.c:177:5: note: in expansion of macro 'DISP_REG_SET_FIELD'
     DISP_REG_SET_FIELD(handle,DST_W_IN_BYTE_FLD_DST_W_IN_BYTE, idx_offst+DISP_REG_WDMA_DST_UV_PITCH, u_stride);
     ^
In file included from include/linux/io.h:22:0,
                 from /home/satory-ra/Android/kernel/android_kernel_oukitel_orange/drivers/misc/mediatek/mach/mt6735/include/mach/sync_write.h:6,
                 from /home/satory-ra/Android/kernel/android_kernel_oukitel_orange/drivers/misc/mediatek/dispsys/mt6735/mt6735m/ddp_reg.h:3,
                 from drivers/misc/mediatek/dispsys/mt6735/ddp_wdma.c:6:
/home/satory-ra/Android/kernel/android_kernel_oukitel_orange/arch/arm/include/asm/io.h:104:19: note: expected 'const volatile void *' but argument is of type 'long unsigned int'
 static inline u32 __raw_readl(const volatile void __iomem *addr)
                   ^
drivers/misc/mediatek/dispsys/mt6735/ddp_wdma.c:135:15: warning: unused variable 'v_size' [-Wunused-variable]
  unsigned int v_size = 0;
               ^
drivers/misc/mediatek/dispsys/mt6735/ddp_wdma.c:129:9: warning: unused variable 'size' [-Wunused-variable]
  size_t size;
         ^
In file included from /home/satory-ra/Android/kernel/android_kernel_oukitel_orange/drivers/misc/mediatek/dispsys/mt6735/mt6735m/ddp_reg.h:3:0,
                 from drivers/misc/mediatek/dispsys/mt6735/ddp_wdma.c:6:
drivers/misc/mediatek/dispsys/mt6735/ddp_wdma.c: In function 'wdma_config':
/home/satory-ra/Android/kernel/android_kernel_oukitel_orange/drivers/misc/mediatek/dispsys/mt6735/mt6735m/ddp_reg.h:1495:38: warning: passing argument 1 of '__raw_readl' makes pointer from integer without a cast
                 mt_reg_sync_writel( (__raw_readl(reg32) & ~REG_FLD_MASK(field))|REG_FLD_VAL((field), (val)), (reg32));  \
                                      ^
/home/satory-ra/Android/kernel/android_kernel_oukitel_orange/drivers/misc/mediatek/mach/mt6735/include/mach/sync_write.h:15:27: note: in definition of macro 'mt_reg_sync_writel'
             __raw_writel((v), IOMEM((a)));   \
                           ^
drivers/misc/mediatek/dispsys/mt6735/ddp_wdma.c:302:5: note: in expansion of macro 'DISP_REG_SET_FIELD'
     DISP_REG_SET_FIELD(handle,CFG_FLD_OUT_FORMAT,idx_offst+DISP_REG_WDMA_CFG, out_fmt_reg);
     ^
In file included from include/linux/io.h:22:0,
                 from /home/satory-ra/Android/kernel/android_kernel_oukitel_orange/drivers/misc/mediatek/mach/mt6735/include/mach/sync_write.h:6,
                 from /home/satory-ra/Android/kernel/android_kernel_oukitel_orange/drivers/misc/mediatek/dispsys/mt6735/mt6735m/ddp_reg.h:3,
                 from drivers/misc/mediatek/dispsys/mt6735/ddp_wdma.c:6:
/home/satory-ra/Android/kernel/android_kernel_oukitel_orange/arch/arm/include/asm/io.h:104:19: note: expected 'const volatile void *' but argument is of type 'long unsigned int'
 static inline u32 __raw_readl(const volatile void __iomem *addr)
                   ^
In file included from /home/satory-ra/Android/kernel/android_kernel_oukitel_orange/drivers/misc/mediatek/dispsys/mt6735/mt6735m/ddp_reg.h:3:0,
                 from drivers/misc/mediatek/dispsys/mt6735/ddp_wdma.c:6:
/home/satory-ra/Android/kernel/android_kernel_oukitel_orange/drivers/misc/mediatek/dispsys/mt6735/mt6735m/ddp_reg.h:1495:38: warning: passing argument 1 of '__raw_readl' makes pointer from integer without a cast
                 mt_reg_sync_writel( (__raw_readl(reg32) & ~REG_FLD_MASK(field))|REG_FLD_VAL((field), (val)), (reg32));  \
                                      ^
/home/satory-ra/Android/kernel/android_kernel_oukitel_orange/drivers/misc/mediatek/mach/mt6735/include/mach/sync_write.h:15:27: note: in definition of macro 'mt_reg_sync_writel'
             __raw_writel((v), IOMEM((a)));   \
                           ^
drivers/misc/mediatek/dispsys/mt6735/ddp_wdma.c:307:9: note: in expansion of macro 'DISP_REG_SET_FIELD'
         DISP_REG_SET_FIELD(handle,CFG_FLD_DNSP_SEL, idx_offst+DISP_REG_WDMA_CFG, yuv444_to_yuv422);
         ^
In file included from include/linux/io.h:22:0,
                 from /home/satory-ra/Android/kernel/android_kernel_oukitel_orange/drivers/misc/mediatek/mach/mt6735/include/mach/sync_write.h:6,
                 from /home/satory-ra/Android/kernel/android_kernel_oukitel_orange/drivers/misc/mediatek/dispsys/mt6735/mt6735m/ddp_reg.h:3,
                 from drivers/misc/mediatek/dispsys/mt6735/ddp_wdma.c:6:
/home/satory-ra/Android/kernel/android_kernel_oukitel_orange/arch/arm/include/asm/io.h:104:19: note: expected 'const volatile void *' but argument is of type 'long unsigned int'
 static inline u32 __raw_readl(const volatile void __iomem *addr)
                   ^
In file included from /home/satory-ra/Android/kernel/android_kernel_oukitel_orange/drivers/misc/mediatek/dispsys/mt6735/mt6735m/ddp_reg.h:3:0,
                 from drivers/misc/mediatek/dispsys/mt6735/ddp_wdma.c:6:
/home/satory-ra/Android/kernel/android_kernel_oukitel_orange/drivers/misc/mediatek/dispsys/mt6735/mt6735m/ddp_reg.h:1495:38: warning: passing argument 1 of '__raw_readl' makes pointer from integer without a cast
                 mt_reg_sync_writel( (__raw_readl(reg32) & ~REG_FLD_MASK(field))|REG_FLD_VAL((field), (val)), (reg32));  \
                                      ^
/home/satory-ra/Android/kernel/android_kernel_oukitel_orange/drivers/misc/mediatek/mach/mt6735/include/mach/sync_write.h:15:27: note: in definition of macro 'mt_reg_sync_writel'
             __raw_writel((v), IOMEM((a)));   \
                           ^
drivers/misc/mediatek/dispsys/mt6735/ddp_wdma.c:313:9: note: in expansion of macro 'DISP_REG_SET_FIELD'
         DISP_REG_SET_FIELD(handle,CFG_FLD_EXT_MTX_EN, idx_offst+DISP_REG_WDMA_CFG, 0);                         
         ^
In file included from include/linux/io.h:22:0,
                 from /home/satory-ra/Android/kernel/android_kernel_oukitel_orange/drivers/misc/mediatek/mach/mt6735/include/mach/sync_write.h:6,
                 from /home/satory-ra/Android/kernel/android_kernel_oukitel_orange/drivers/misc/mediatek/dispsys/mt6735/mt6735m/ddp_reg.h:3,
                 from drivers/misc/mediatek/dispsys/mt6735/ddp_wdma.c:6:
/home/satory-ra/Android/kernel/android_kernel_oukitel_orange/arch/arm/include/asm/io.h:104:19: note: expected 'const volatile void *' but argument is of type 'long unsigned int'
 static inline u32 __raw_readl(const volatile void __iomem *addr)
                   ^
In file included from /home/satory-ra/Android/kernel/android_kernel_oukitel_orange/drivers/misc/mediatek/dispsys/mt6735/mt6735m/ddp_reg.h:3:0,
                 from drivers/misc/mediatek/dispsys/mt6735/ddp_wdma.c:6:
/home/satory-ra/Android/kernel/android_kernel_oukitel_orange/drivers/misc/mediatek/dispsys/mt6735/mt6735m/ddp_reg.h:1495:38: warning: passing argument 1 of '__raw_readl' makes pointer from integer without a cast
                 mt_reg_sync_writel( (__raw_readl(reg32) & ~REG_FLD_MASK(field))|REG_FLD_VAL((field), (val)), (reg32));  \
                                      ^
/home/satory-ra/Android/kernel/android_kernel_oukitel_orange/drivers/misc/mediatek/mach/mt6735/include/mach/sync_write.h:15:27: note: in definition of macro 'mt_reg_sync_writel'
             __raw_writel((v), IOMEM((a)));   \
                           ^
drivers/misc/mediatek/dispsys/mt6735/ddp_wdma.c:314:9: note: in expansion of macro 'DISP_REG_SET_FIELD'
         DISP_REG_SET_FIELD(handle,CFG_FLD_CT_EN, idx_offst+DISP_REG_WDMA_CFG, 1);
         ^
In file included from include/linux/io.h:22:0,
                 from /home/satory-ra/Android/kernel/android_kernel_oukitel_orange/drivers/misc/mediatek/mach/mt6735/include/mach/sync_write.h:6,
                 from /home/satory-ra/Android/kernel/android_kernel_oukitel_orange/drivers/misc/mediatek/dispsys/mt6735/mt6735m/ddp_reg.h:3,
                 from drivers/misc/mediatek/dispsys/mt6735/ddp_wdma.c:6:
/home/satory-ra/Android/kernel/android_kernel_oukitel_orange/arch/arm/include/asm/io.h:104:19: note: expected 'const volatile void *' but argument is of type 'long unsigned int'
 static inline u32 __raw_readl(const volatile void __iomem *addr)
                   ^
In file included from /home/satory-ra/Android/kernel/android_kernel_oukitel_orange/drivers/misc/mediatek/dispsys/mt6735/mt6735m/ddp_reg.h:3:0,
                 from drivers/misc/mediatek/dispsys/mt6735/ddp_wdma.c:6:
/home/satory-ra/Android/kernel/android_kernel_oukitel_orange/drivers/misc/mediatek/dispsys/mt6735/mt6735m/ddp_reg.h:1495:38: warning: passing argument 1 of '__raw_readl' makes pointer from integer without a cast
                 mt_reg_sync_writel( (__raw_readl(reg32) & ~REG_FLD_MASK(field))|REG_FLD_VAL((field), (val)), (reg32));  \
                                      ^
/home/satory-ra/Android/kernel/android_kernel_oukitel_orange/drivers/misc/mediatek/mach/mt6735/include/mach/sync_write.h:15:27: note: in definition of macro 'mt_reg_sync_writel'
             __raw_writel((v), IOMEM((a)));   \
                           ^
drivers/misc/mediatek/dispsys/mt6735/ddp_wdma.c:315:9: note: in expansion of macro 'DISP_REG_SET_FIELD'
         DISP_REG_SET_FIELD(handle,CFG_FLD_INT_MTX_SEL, idx_offst+DISP_REG_WDMA_CFG, color_matrix);  
         ^
In file included from include/linux/io.h:22:0,
                 from /home/satory-ra/Android/kernel/android_kernel_oukitel_orange/drivers/misc/mediatek/mach/mt6735/include/mach/sync_write.h:6,
                 from /home/satory-ra/Android/kernel/android_kernel_oukitel_orange/drivers/misc/mediatek/dispsys/mt6735/mt6735m/ddp_reg.h:3,
                 from drivers/misc/mediatek/dispsys/mt6735/ddp_wdma.c:6:
/home/satory-ra/Android/kernel/android_kernel_oukitel_orange/arch/arm/include/asm/io.h:104:19: note: expected 'const volatile void *' but argument is of type 'long unsigned int'
 static inline u32 __raw_readl(const volatile void __iomem *addr)
                   ^
In file included from /home/satory-ra/Android/kernel/android_kernel_oukitel_orange/drivers/misc/mediatek/dispsys/mt6735/mt6735m/ddp_reg.h:3:0,
                 from drivers/misc/mediatek/dispsys/mt6735/ddp_wdma.c:6:
/home/satory-ra/Android/kernel/android_kernel_oukitel_orange/drivers/misc/mediatek/dispsys/mt6735/mt6735m/ddp_reg.h:1495:38: warning: passing argument 1 of '__raw_readl' makes pointer from integer without a cast
                 mt_reg_sync_writel( (__raw_readl(reg32) & ~REG_FLD_MASK(field))|REG_FLD_VAL((field), (val)), (reg32));  \
                                      ^
/home/satory-ra/Android/kernel/android_kernel_oukitel_orange/drivers/misc/mediatek/mach/mt6735/include/mach/sync_write.h:15:27: note: in definition of macro 'mt_reg_sync_writel'
             __raw_writel((v), IOMEM((a)));   \
                           ^
drivers/misc/mediatek/dispsys/mt6735/ddp_wdma.c:319:9: note: in expansion of macro 'DISP_REG_SET_FIELD'
         DISP_REG_SET_FIELD(handle,CFG_FLD_EXT_MTX_EN, idx_offst+DISP_REG_WDMA_CFG, 0);                         
         ^
In file included from include/linux/io.h:22:0,
                 from /home/satory-ra/Android/kernel/android_kernel_oukitel_orange/drivers/misc/mediatek/mach/mt6735/include/mach/sync_write.h:6,
                 from /home/satory-ra/Android/kernel/android_kernel_oukitel_orange/drivers/misc/mediatek/dispsys/mt6735/mt6735m/ddp_reg.h:3,
                 from drivers/misc/mediatek/dispsys/mt6735/ddp_wdma.c:6:
/home/satory-ra/Android/kernel/android_kernel_oukitel_orange/arch/arm/include/asm/io.h:104:19: note: expected 'const volatile void *' but argument is of type 'long unsigned int'
 static inline u32 __raw_readl(const volatile void __iomem *addr)
                   ^
In file included from /home/satory-ra/Android/kernel/android_kernel_oukitel_orange/drivers/misc/mediatek/dispsys/mt6735/mt6735m/ddp_reg.h:3:0,
                 from drivers/misc/mediatek/dispsys/mt6735/ddp_wdma.c:6:
/home/satory-ra/Android/kernel/android_kernel_oukitel_orange/drivers/misc/mediatek/dispsys/mt6735/mt6735m/ddp_reg.h:1495:38: warning: passing argument 1 of '__raw_readl' makes pointer from integer without a cast
                 mt_reg_sync_writel( (__raw_readl(reg32) & ~REG_FLD_MASK(field))|REG_FLD_VAL((field), (val)), (reg32));  \
                                      ^
/home/satory-ra/Android/kernel/android_kernel_oukitel_orange/drivers/misc/mediatek/mach/mt6735/include/mach/sync_write.h:15:27: note: in definition of macro 'mt_reg_sync_writel'
             __raw_writel((v), IOMEM((a)));   \
                           ^
drivers/misc/mediatek/dispsys/mt6735/ddp_wdma.c:320:9: note: in expansion of macro 'DISP_REG_SET_FIELD'
         DISP_REG_SET_FIELD(handle,CFG_FLD_CT_EN, idx_offst+DISP_REG_WDMA_CFG, 0);  
         ^
In file included from include/linux/io.h:22:0,
                 from /home/satory-ra/Android/kernel/android_kernel_oukitel_orange/drivers/misc/mediatek/mach/mt6735/include/mach/sync_write.h:6,
                 from /home/satory-ra/Android/kernel/android_kernel_oukitel_orange/drivers/misc/mediatek/dispsys/mt6735/mt6735m/ddp_reg.h:3,
                 from drivers/misc/mediatek/dispsys/mt6735/ddp_wdma.c:6:
/home/satory-ra/Android/kernel/android_kernel_oukitel_orange/arch/arm/include/asm/io.h:104:19: note: expected 'const volatile void *' but argument is of type 'long unsigned int'
 static inline u32 __raw_readl(const volatile void __iomem *addr)
                   ^
In file included from /home/satory-ra/Android/kernel/android_kernel_oukitel_orange/drivers/misc/mediatek/dispsys/mt6735/mt6735m/ddp_reg.h:3:0,
                 from drivers/misc/mediatek/dispsys/mt6735/ddp_wdma.c:6:
/home/satory-ra/Android/kernel/android_kernel_oukitel_orange/drivers/misc/mediatek/dispsys/mt6735/mt6735m/ddp_reg.h:1495:38: warning: passing argument 1 of '__raw_readl' makes pointer from integer without a cast
                 mt_reg_sync_writel( (__raw_readl(reg32) & ~REG_FLD_MASK(field))|REG_FLD_VAL((field), (val)), (reg32));  \
                                      ^
/home/satory-ra/Android/kernel/android_kernel_oukitel_orange/drivers/misc/mediatek/mach/mt6735/include/mach/sync_write.h:15:27: note: in definition of macro 'mt_reg_sync_writel'
             __raw_writel((v), IOMEM((a)));   \
                           ^
drivers/misc/mediatek/dispsys/mt6735/ddp_wdma.c:322:5: note: in expansion of macro 'DISP_REG_SET_FIELD'
     DISP_REG_SET_FIELD(handle,CFG_FLD_SWAP, idx_offst+DISP_REG_WDMA_CFG, output_swap);
     ^
In file included from include/linux/io.h:22:0,
                 from /home/satory-ra/Android/kernel/android_kernel_oukitel_orange/drivers/misc/mediatek/mach/mt6735/include/mach/sync_write.h:6,
                 from /home/satory-ra/Android/kernel/android_kernel_oukitel_orange/drivers/misc/mediatek/dispsys/mt6735/mt6735m/ddp_reg.h:3,
                 from drivers/misc/mediatek/dispsys/mt6735/ddp_wdma.c:6:
/home/satory-ra/Android/kernel/android_kernel_oukitel_orange/arch/arm/include/asm/io.h:104:19: note: expected 'const volatile void *' but argument is of type 'long unsigned int'
 static inline u32 __raw_readl(const volatile void __iomem *addr)
                   ^
In file included from /home/satory-ra/Android/kernel/android_kernel_oukitel_orange/drivers/misc/mediatek/dispsys/mt6735/mt6735m/ddp_reg.h:3:0,
                 from drivers/misc/mediatek/dispsys/mt6735/ddp_wdma.c:6:
/home/satory-ra/Android/kernel/android_kernel_oukitel_orange/drivers/misc/mediatek/dispsys/mt6735/mt6735m/ddp_reg.h:1495:38: warning: passing argument 1 of '__raw_readl' makes pointer from integer without a cast
                 mt_reg_sync_writel( (__raw_readl(reg32) & ~REG_FLD_MASK(field))|REG_FLD_VAL((field), (val)), (reg32));  \
                                      ^
/home/satory-ra/Android/kernel/android_kernel_oukitel_orange/drivers/misc/mediatek/mach/mt6735/include/mach/sync_write.h:15:27: note: in definition of macro 'mt_reg_sync_writel'
             __raw_writel((v), IOMEM((a)));   \
                           ^
drivers/misc/mediatek/dispsys/mt6735/ddp_wdma.c:336:5: note: in expansion of macro 'DISP_REG_SET_FIELD'
     DISP_REG_SET_FIELD(handle,ALPHA_FLD_A_SEL, idx_offst+DISP_REG_WDMA_ALPHA, useSpecifiedAlpha);
     ^
In file included from include/linux/io.h:22:0,
                 from /home/satory-ra/Android/kernel/android_kernel_oukitel_orange/drivers/misc/mediatek/mach/mt6735/include/mach/sync_write.h:6,
                 from /home/satory-ra/Android/kernel/android_kernel_oukitel_orange/drivers/misc/mediatek/dispsys/mt6735/mt6735m/ddp_reg.h:3,
                 from drivers/misc/mediatek/dispsys/mt6735/ddp_wdma.c:6:
/home/satory-ra/Android/kernel/android_kernel_oukitel_orange/arch/arm/include/asm/io.h:104:19: note: expected 'const volatile void *' but argument is of type 'long unsigned int'
 static inline u32 __raw_readl(const volatile void __iomem *addr)
                   ^
In file included from /home/satory-ra/Android/kernel/android_kernel_oukitel_orange/drivers/misc/mediatek/dispsys/mt6735/mt6735m/ddp_reg.h:3:0,
                 from drivers/misc/mediatek/dispsys/mt6735/ddp_wdma.c:6:
/home/satory-ra/Android/kernel/android_kernel_oukitel_orange/drivers/misc/mediatek/dispsys/mt6735/mt6735m/ddp_reg.h:1495:38: warning: passing argument 1 of '__raw_readl' makes pointer from integer without a cast
                 mt_reg_sync_writel( (__raw_readl(reg32) & ~REG_FLD_MASK(field))|REG_FLD_VAL((field), (val)), (reg32));  \
                                      ^
/home/satory-ra/Android/kernel/android_kernel_oukitel_orange/drivers/misc/mediatek/mach/mt6735/include/mach/sync_write.h:15:27: note: in definition of macro 'mt_reg_sync_writel'
             __raw_writel((v), IOMEM((a)));   \
                           ^
drivers/misc/mediatek/dispsys/mt6735/ddp_wdma.c:337:5: note: in expansion of macro 'DISP_REG_SET_FIELD'
     DISP_REG_SET_FIELD(handle,ALPHA_FLD_A_VALUE, idx_offst+DISP_REG_WDMA_ALPHA, alpha);
     ^
In file included from include/linux/io.h:22:0,
                 from /home/satory-ra/Android/kernel/android_kernel_oukitel_orange/drivers/misc/mediatek/mach/mt6735/include/mach/sync_write.h:6,
                 from /home/satory-ra/Android/kernel/android_kernel_oukitel_orange/drivers/misc/mediatek/dispsys/mt6735/mt6735m/ddp_reg.h:3,
                 from drivers/misc/mediatek/dispsys/mt6735/ddp_wdma.c:6:
/home/satory-ra/Android/kernel/android_kernel_oukitel_orange/arch/arm/include/asm/io.h:104:19: note: expected 'const volatile void *' but argument is of type 'long unsigned int'
 static inline u32 __raw_readl(const volatile void __iomem *addr)
                   ^
In file included from drivers/misc/mediatek/dispsys/mt6735/ddp_wdma.c:6:0:
drivers/misc/mediatek/dispsys/mt6735/ddp_wdma.c: In function 'wdma_dump_analysis':
/home/satory-ra/Android/kernel/android_kernel_oukitel_orange/drivers/misc/mediatek/dispsys/mt6735/mt6735m/ddp_reg.h:1369:44: warning: passing argument 1 of '__raw_readl' makes pointer from integer without a cast
 #define DISP_REG_GET_FIELD(field, reg32) ((__raw_readl(reg32) & REG_FLD_MASK(field)) >> REG_FLD_SHIFT(field))
                                            ^
drivers/misc/mediatek/dispsys/mt6735/ddp_log.h:65:40: note: in expansion of macro 'DISP_REG_GET_FIELD'
             scnprintf(log, 511, fmt, ##__VA_ARGS__);    \
                                        ^
drivers/misc/mediatek/dispsys/mt6735/ddp_wdma.c:395:5: note: in expansion of macro 'DDPDUMP'
     DDPDUMP("wdma%d:status=%s,in_req=%d,in_ack=%d, exec=%d, input_pixel=(L:%d,P:%d)\n",
     ^
In file included from include/linux/io.h:22:0,
                 from /home/satory-ra/Android/kernel/android_kernel_oukitel_orange/drivers/misc/mediatek/mach/mt6735/include/mach/sync_write.h:6,
                 from /home/satory-ra/Android/kernel/android_kernel_oukitel_orange/drivers/misc/mediatek/dispsys/mt6735/mt6735m/ddp_reg.h:3,
                 from drivers/misc/mediatek/dispsys/mt6735/ddp_wdma.c:6:
/home/satory-ra/Android/kernel/android_kernel_oukitel_orange/arch/arm/include/asm/io.h:104:19: note: expected 'const volatile void *' but argument is of type 'long unsigned int'
 static inline u32 __raw_readl(const volatile void __iomem *addr)
                   ^
In file included from drivers/misc/mediatek/dispsys/mt6735/ddp_wdma.c:6:0:
/home/satory-ra/Android/kernel/android_kernel_oukitel_orange/drivers/misc/mediatek/dispsys/mt6735/mt6735m/ddp_reg.h:1369:44: warning: passing argument 1 of '__raw_readl' makes pointer from integer without a cast
 #define DISP_REG_GET_FIELD(field, reg32) ((__raw_readl(reg32) & REG_FLD_MASK(field)) >> REG_FLD_SHIFT(field))
                                            ^
drivers/misc/mediatek/dispsys/mt6735/ddp_log.h:65:40: note: in expansion of macro 'DISP_REG_GET_FIELD'
             scnprintf(log, 511, fmt, ##__VA_ARGS__);    \
                                        ^
drivers/misc/mediatek/dispsys/mt6735/ddp_wdma.c:395:5: note: in expansion of macro 'DDPDUMP'
     DDPDUMP("wdma%d:status=%s,in_req=%d,in_ack=%d, exec=%d, input_pixel=(L:%d,P:%d)\n",
     ^
In file included from include/linux/io.h:22:0,
                 from /home/satory-ra/Android/kernel/android_kernel_oukitel_orange/drivers/misc/mediatek/mach/mt6735/include/mach/sync_write.h:6,
                 from /home/satory-ra/Android/kernel/android_kernel_oukitel_orange/drivers/misc/mediatek/dispsys/mt6735/mt6735m/ddp_reg.h:3,
                 from drivers/misc/mediatek/dispsys/mt6735/ddp_wdma.c:6:
/home/satory-ra/Android/kernel/android_kernel_oukitel_orange/arch/arm/include/asm/io.h:104:19: note: expected 'const volatile void *' but argument is of type 'long unsigned int'
 static inline u32 __raw_readl(const volatile void __iomem *addr)
                   ^
In file included from drivers/misc/mediatek/dispsys/mt6735/ddp_wdma.c:6:0:
/home/satory-ra/Android/kernel/android_kernel_oukitel_orange/drivers/misc/mediatek/dispsys/mt6735/mt6735m/ddp_reg.h:1369:44: warning: passing argument 1 of '__raw_readl' makes pointer from integer without a cast
 #define DISP_REG_GET_FIELD(field, reg32) ((__raw_readl(reg32) & REG_FLD_MASK(field)) >> REG_FLD_SHIFT(field))
                                            ^
drivers/misc/mediatek/dispsys/mt6735/ddp_log.h:65:40: note: in expansion of macro 'DISP_REG_GET_FIELD'
             scnprintf(log, 511, fmt, ##__VA_ARGS__);    \
                                        ^
drivers/misc/mediatek/dispsys/mt6735/ddp_wdma.c:395:5: note: in expansion of macro 'DDPDUMP'
     DDPDUMP("wdma%d:status=%s,in_req=%d,in_ack=%d, exec=%d, input_pixel=(L:%d,P:%d)\n",
     ^
In file included from include/linux/io.h:22:0,
                 from /home/satory-ra/Android/kernel/android_kernel_oukitel_orange/drivers/misc/mediatek/mach/mt6735/include/mach/sync_write.h:6,
                 from /home/satory-ra/Android/kernel/android_kernel_oukitel_orange/drivers/misc/mediatek/dispsys/mt6735/mt6735m/ddp_reg.h:3,
                 from drivers/misc/mediatek/dispsys/mt6735/ddp_wdma.c:6:
/home/satory-ra/Android/kernel/android_kernel_oukitel_orange/arch/arm/include/asm/io.h:104:19: note: expected 'const volatile void *' but argument is of type 'long unsigned int'
 static inline u32 __raw_readl(const volatile void __iomem *addr)
                   ^
In file included from drivers/misc/mediatek/dispsys/mt6735/ddp_wdma.c:6:0:
/home/satory-ra/Android/kernel/android_kernel_oukitel_orange/drivers/misc/mediatek/dispsys/mt6735/mt6735m/ddp_reg.h:1369:44: warning: passing argument 1 of '__raw_readl' makes pointer from integer without a cast
 #define DISP_REG_GET_FIELD(field, reg32) ((__raw_readl(reg32) & REG_FLD_MASK(field)) >> REG_FLD_SHIFT(field))
                                            ^
include/linux/printk.h:223:36: note: in expansion of macro 'DISP_REG_GET_FIELD'
  printk(KERN_NOTICE pr_fmt(fmt), ##__VA_ARGS__)
                                    ^
drivers/misc/mediatek/dispsys/mt6735/ddp_log.h:69:13: note: in expansion of macro 'pr_notice'
             pr_notice("[DDP/"LOG_TAG"]"fmt,##__VA_ARGS__);\
             ^
drivers/misc/mediatek/dispsys/mt6735/ddp_wdma.c:395:5: note: in expansion of macro 'DDPDUMP'
     DDPDUMP("wdma%d:status=%s,in_req=%d,in_ack=%d, exec=%d, input_pixel=(L:%d,P:%d)\n",
     ^
In file included from include/linux/io.h:22:0,
                 from /home/satory-ra/Android/kernel/android_kernel_oukitel_orange/drivers/misc/mediatek/mach/mt6735/include/mach/sync_write.h:6,
                 from /home/satory-ra/Android/kernel/android_kernel_oukitel_orange/drivers/misc/mediatek/dispsys/mt6735/mt6735m/ddp_reg.h:3,
                 from drivers/misc/mediatek/dispsys/mt6735/ddp_wdma.c:6:
/home/satory-ra/Android/kernel/android_kernel_oukitel_orange/arch/arm/include/asm/io.h:104:19: note: expected 'const volatile void *' but argument is of type 'long unsigned int'
 static inline u32 __raw_readl(const volatile void __iomem *addr)
                   ^
In file included from drivers/misc/mediatek/dispsys/mt6735/ddp_wdma.c:6:0:
/home/satory-ra/Android/kernel/android_kernel_oukitel_orange/drivers/misc/mediatek/dispsys/mt6735/mt6735m/ddp_reg.h:1369:44: warning: passing argument 1 of '__raw_readl' makes pointer from integer without a cast
 #define DISP_REG_GET_FIELD(field, reg32) ((__raw_readl(reg32) & REG_FLD_MASK(field)) >> REG_FLD_SHIFT(field))
                                            ^
include/linux/printk.h:223:36: note: in expansion of macro 'DISP_REG_GET_FIELD'
  printk(KERN_NOTICE pr_fmt(fmt), ##__VA_ARGS__)
                                    ^
drivers/misc/mediatek/dispsys/mt6735/ddp_log.h:69:13: note: in expansion of macro 'pr_notice'
             pr_notice("[DDP/"LOG_TAG"]"fmt,##__VA_ARGS__);\
             ^
drivers/misc/mediatek/dispsys/mt6735/ddp_wdma.c:395:5: note: in expansion of macro 'DDPDUMP'
     DDPDUMP("wdma%d:status=%s,in_req=%d,in_ack=%d, exec=%d, input_pixel=(L:%d,P:%d)\n",
     ^
In file included from include/linux/io.h:22:0,
                 from /home/satory-ra/Android/kernel/android_kernel_oukitel_orange/drivers/misc/mediatek/mach/mt6735/include/mach/sync_write.h:6,
                 from /home/satory-ra/Android/kernel/android_kernel_oukitel_orange/drivers/misc/mediatek/dispsys/mt6735/mt6735m/ddp_reg.h:3,
                 from drivers/misc/mediatek/dispsys/mt6735/ddp_wdma.c:6:
/home/satory-ra/Android/kernel/android_kernel_oukitel_orange/arch/arm/include/asm/io.h:104:19: note: expected 'const volatile void *' but argument is of type 'long unsigned int'
 static inline u32 __raw_readl(const volatile void __iomem *addr)
                   ^
In file included from drivers/misc/mediatek/dispsys/mt6735/ddp_wdma.c:6:0:
/home/satory-ra/Android/kernel/android_kernel_oukitel_orange/drivers/misc/mediatek/dispsys/mt6735/mt6735m/ddp_reg.h:1369:44: warning: passing argument 1 of '__raw_readl' makes pointer from integer without a cast
 #define DISP_REG_GET_FIELD(field, reg32) ((__raw_readl(reg32) & REG_FLD_MASK(field)) >> REG_FLD_SHIFT(field))
                                            ^
include/linux/printk.h:223:36: note: in expansion of macro 'DISP_REG_GET_FIELD'
  printk(KERN_NOTICE pr_fmt(fmt), ##__VA_ARGS__)
                                    ^
drivers/misc/mediatek/dispsys/mt6735/ddp_log.h:69:13: note: in expansion of macro 'pr_notice'
             pr_notice("[DDP/"LOG_TAG"]"fmt,##__VA_ARGS__);\
             ^
drivers/misc/mediatek/dispsys/mt6735/ddp_wdma.c:395:5: note: in expansion of macro 'DDPDUMP'
     DDPDUMP("wdma%d:status=%s,in_req=%d,in_ack=%d, exec=%d, input_pixel=(L:%d,P:%d)\n",
     ^
In file included from include/linux/io.h:22:0,
                 from /home/satory-ra/Android/kernel/android_kernel_oukitel_orange/drivers/misc/mediatek/mach/mt6735/include/mach/sync_write.h:6,
                 from /home/satory-ra/Android/kernel/android_kernel_oukitel_orange/drivers/misc/mediatek/dispsys/mt6735/mt6735m/ddp_reg.h:3,
                 from drivers/misc/mediatek/dispsys/mt6735/ddp_wdma.c:6:
/home/satory-ra/Android/kernel/android_kernel_oukitel_orange/arch/arm/include/asm/io.h:104:19: note: expected 'const volatile void *' but argument is of type 'long unsigned int'
 static inline u32 __raw_readl(const volatile void __iomem *addr)
                   ^
drivers/misc/mediatek/dispsys/mt6735/ddp_wdma.c: In function 'wdma_build_cmdq':
drivers/misc/mediatek/dispsys/mt6735/ddp_wdma.c:573:6: warning: unused variable 'ret' [-Wunused-variable]
  int ret = 0;
      ^
In file included from drivers/misc/mediatek/dispsys/mt6735/ddp_wdma.c:6:0:
drivers/misc/mediatek/dispsys/mt6735/ddp_wdma.c: At top level:
/home/satory-ra/Android/kernel/android_kernel_oukitel_orange/drivers/misc/mediatek/dispsys/mt6735/mt6735m/ddp_reg.h:23:21: warning: 'module_list_scenario' defined but not used [-Wunused-variable]
 static unsigned int module_list_scenario[DDP_SCENARIO_MAX][DDP_ENING_NUM] = {
                     ^
In file included from drivers/misc/mediatek/dispsys/mt6735/ddp_wdma.c:6:0:
/home/satory-ra/Android/kernel/android_kernel_oukitel_orange/drivers/misc/mediatek/dispsys/mt6735/mt6735m/ddp_reg.h:48:15: warning: 'mout_map' defined but not used [-Wunused-variable]
 static mout_t mout_map[DDP_MOUT_NUM] = 
               ^
/home/satory-ra/Android/kernel/android_kernel_oukitel_orange/drivers/misc/mediatek/dispsys/mt6735/mt6735m/ddp_reg.h:59:14: warning: 'sel_out_map' defined but not used [-Wunused-variable]
 static sel_t sel_out_map[DDP_SEL_OUT_NUM] = 
              ^
/home/satory-ra/Android/kernel/android_kernel_oukitel_orange/drivers/misc/mediatek/dispsys/mt6735/mt6735m/ddp_reg.h:67:14: warning: 'sel_in_map' defined but not used [-Wunused-variable]
 static sel_t sel_in_map[DDP_SEL_IN_NUM] = 
              ^
/home/satory-ra/Android/kernel/android_kernel_oukitel_orange/drivers/misc/mediatek/dispsys/mt6735/mt6735m/ddp_reg.h:106:21: warning: 'module_mutex_map' defined but not used [-Wunused-variable]
 static module_map_t module_mutex_map[DISP_MODULE_NUM] =
                     ^
/home/satory-ra/Android/kernel/android_kernel_oukitel_orange/drivers/misc/mediatek/dispsys/mt6735/mt6735m/ddp_reg.h:134:21: warning: 'module_can_connect' defined but not used [-Wunused-variable]
 static module_map_t module_can_connect[DISP_MODULE_NUM] =
                     ^
drivers/misc/mediatek/dispsys/mt6735/ddp_wdma.c:114:12: warning: 'wdma_config_uv' defined but not used [-Wunused-function]
 static int wdma_config_uv(DISP_MODULE_ENUM module, unsigned long uAddr, unsigned long vAddr, unsigned int uvpitch,void * handle)
            ^
  CC      drivers/misc/mediatek/connectivity/conn_soc/drv_wlan/mt_wifi/wlan/mgmt/sec_fsm.o
drivers/misc/mediatek/dispsys/mt6735/ddp_wdma.c: In function 'wdma_calc_ultra':
drivers/misc/mediatek/dispsys/mt6735/ddp_wdma.c:227:61: warning: 'ultra_high_time' may be used uninitialized in this function [-Wmaybe-uninitialized]
   ultra_high_level     = (unsigned int)(ultra_high_time     * consume_levels_per_sec / 1000000 / 2); 
                                                             ^
  CC      net/netfilter/xt_qtaguid_print.o
In file included from drivers/misc/mediatek/connectivity/conn_soc/drv_wlan/mt_wifi/wlan/include/precomp.h:241:0,
                 from drivers/misc/mediatek/connectivity/conn_soc/drv_wlan/mt_wifi/wlan/mgmt/sec_fsm.c:160:
drivers/misc/mediatek/connectivity/conn_soc/drv_wlan/mt_wifi/wlan/include/mgmt/scan.h:324:0: warning: "CFG_BATCH_MAX_MSCAN" redefined
 #define CFG_BATCH_MAX_MSCAN 4
 ^
In file included from drivers/misc/mediatek/connectivity/conn_soc/drv_wlan/mt_wifi/wlan/os/linux/include/gl_os.h:584:0,
                 from drivers/misc/mediatek/connectivity/conn_soc/drv_wlan/mt_wifi/wlan/include/precomp.h:173,
                 from drivers/misc/mediatek/connectivity/conn_soc/drv_wlan/mt_wifi/wlan/mgmt/sec_fsm.c:160:
drivers/misc/mediatek/connectivity/conn_soc/drv_wlan/mt_wifi/wlan/include/config.h:1585:0: note: this is the location of the previous definition
 #define CFG_BATCH_MAX_MSCAN                 2
 ^
  CC      drivers/misc/mediatek/connectivity/conn_soc/drv_wlan/mt_wifi/wlan/mgmt/swcr.o
  CC      net/netfilter/xt_qtaguid.o
  CC      drivers/misc/mediatek/dispsys/mt6735/ddp_aal.o
In file included from /home/satory-ra/Android/kernel/android_kernel_oukitel_orange/drivers/misc/mediatek/dispsys/mt6735/mt6735m/ddp_reg.h:6:0,
                 from drivers/misc/mediatek/dispsys/mt6735/ddp_aal.c:12:
/home/satory-ra/Android/kernel/android_kernel_oukitel_orange/drivers/misc/mediatek/dispsys/mt6735/display_recorder.h:152:1: warning: function declaration isn't a prototype [-Wstrict-prototypes]
 void dprec_logger_dump_reset();
 ^
/home/satory-ra/Android/kernel/android_kernel_oukitel_orange/drivers/misc/mediatek/dispsys/mt6735/display_recorder.h:153:1: warning: function declaration isn't a prototype [-Wstrict-prototypes]
 char *dprec_logger_get_dump_addr();
 ^
/home/satory-ra/Android/kernel/android_kernel_oukitel_orange/drivers/misc/mediatek/dispsys/mt6735/display_recorder.h:154:1: warning: function declaration isn't a prototype [-Wstrict-prototypes]
 unsigned int dprec_logger_get_dump_len();
 ^
In file included from drivers/misc/mediatek/dispsys/mt6735/ddp_aal.c:12:0:
/home/satory-ra/Android/kernel/android_kernel_oukitel_orange/drivers/misc/mediatek/dispsys/mt6735/mt6735m/ddp_reg.h:1963:0: warning: "DISP_REG_DPI_ESAV_VTIM_R" redefined
 #define DISP_REG_DPI_ESAV_VTIM_R      (DISPSYS_DPI_BASE + 0x088)
 ^
/home/satory-ra/Android/kernel/android_kernel_oukitel_orange/drivers/misc/mediatek/dispsys/mt6735/mt6735m/ddp_reg.h:1962:0: note: this is the location of the previous definition
 #define DISP_REG_DPI_ESAV_VTIM_R      (DISPSYS_DPI_BASE + 0x084)
 ^
In file included from drivers/misc/mediatek/dispsys/mt6735/ddp_aal.c:12:0:
/home/satory-ra/Android/kernel/android_kernel_oukitel_orange/drivers/misc/mediatek/dispsys/mt6735/mt6735m/ddp_reg.h:23:21: warning: 'module_list_scenario' defined but not used [-Wunused-variable]
 static unsigned int module_list_scenario[DDP_SCENARIO_MAX][DDP_ENING_NUM] = {
                     ^
In file included from drivers/misc/mediatek/dispsys/mt6735/ddp_aal.c:12:0:
/home/satory-ra/Android/kernel/android_kernel_oukitel_orange/drivers/misc/mediatek/dispsys/mt6735/mt6735m/ddp_reg.h:48:15: warning: 'mout_map' defined but not used [-Wunused-variable]
 static mout_t mout_map[DDP_MOUT_NUM] = 
               ^
/home/satory-ra/Android/kernel/android_kernel_oukitel_orange/drivers/misc/mediatek/dispsys/mt6735/mt6735m/ddp_reg.h:59:14: warning: 'sel_out_map' defined but not used [-Wunused-variable]
 static sel_t sel_out_map[DDP_SEL_OUT_NUM] = 
              ^
/home/satory-ra/Android/kernel/android_kernel_oukitel_orange/drivers/misc/mediatek/dispsys/mt6735/mt6735m/ddp_reg.h:67:14: warning: 'sel_in_map' defined but not used [-Wunused-variable]
 static sel_t sel_in_map[DDP_SEL_IN_NUM] = 
              ^
/home/satory-ra/Android/kernel/android_kernel_oukitel_orange/drivers/misc/mediatek/dispsys/mt6735/mt6735m/ddp_reg.h:106:21: warning: 'module_mutex_map' defined but not used [-Wunused-variable]
 static module_map_t module_mutex_map[DISP_MODULE_NUM] =
                     ^
/home/satory-ra/Android/kernel/android_kernel_oukitel_orange/drivers/misc/mediatek/dispsys/mt6735/mt6735m/ddp_reg.h:134:21: warning: 'module_can_connect' defined but not used [-Wunused-variable]
 static module_map_t module_can_connect[DISP_MODULE_NUM] =
                     ^
In file included from drivers/misc/mediatek/connectivity/conn_soc/drv_wlan/mt_wifi/wlan/include/precomp.h:241:0,
                 from drivers/misc/mediatek/connectivity/conn_soc/drv_wlan/mt_wifi/wlan/mgmt/swcr.c:112:
drivers/misc/mediatek/connectivity/conn_soc/drv_wlan/mt_wifi/wlan/include/mgmt/scan.h:324:0: warning: "CFG_BATCH_MAX_MSCAN" redefined
 #define CFG_BATCH_MAX_MSCAN 4
 ^
In file included from drivers/misc/mediatek/connectivity/conn_soc/drv_wlan/mt_wifi/wlan/os/linux/include/gl_os.h:584:0,
                 from drivers/misc/mediatek/connectivity/conn_soc/drv_wlan/mt_wifi/wlan/include/precomp.h:173,
                 from drivers/misc/mediatek/connectivity/conn_soc/drv_wlan/mt_wifi/wlan/mgmt/swcr.c:112:
drivers/misc/mediatek/connectivity/conn_soc/drv_wlan/mt_wifi/wlan/include/config.h:1585:0: note: this is the location of the previous definition
 #define CFG_BATCH_MAX_MSCAN                 2
 ^
  CC      drivers/misc/mediatek/dispsys/mt6735/ddp_pwm.o
  CC      drivers/misc/mediatek/connectivity/conn_soc/drv_wlan/mt_wifi/wlan/mgmt/roaming_fsm.o
In file included from include/mach/mt_gpio.h:15:0,
                 from drivers/misc/mediatek/dispsys/mt6735/ddp_pwm.c:7:
/home/satory-ra/Android/kernel/android_kernel_oukitel_orange/drivers/misc/mediatek/mach/mt6735/Sprint4g/dct/dct/inc/cust_gpio_usage.h:481:0: warning: "GPIO_KPD_KCOL1_PIN_M_UCTS" redefined
 #define GPIO_KPD_KCOL1_PIN_M_UCTS   GPIO_MODE_03
 ^
/home/satory-ra/Android/kernel/android_kernel_oukitel_orange/drivers/misc/mediatek/mach/mt6735/Sprint4g/dct/dct/inc/cust_gpio_usage.h:480:0: note: this is the location of the previous definition
 #define GPIO_KPD_KCOL1_PIN_M_UCTS   GPIO_MODE_02
 ^
In file included from /home/satory-ra/Android/kernel/android_kernel_oukitel_orange/drivers/misc/mediatek/dispsys/mt6735/mt6735m/ddp_reg.h:6:0,
                 from drivers/misc/mediatek/dispsys/mt6735/ddp_pwm.c:9:
/home/satory-ra/Android/kernel/android_kernel_oukitel_orange/drivers/misc/mediatek/dispsys/mt6735/display_recorder.h:152:1: warning: function declaration isn't a prototype [-Wstrict-prototypes]
 void dprec_logger_dump_reset();
 ^
/home/satory-ra/Android/kernel/android_kernel_oukitel_orange/drivers/misc/mediatek/dispsys/mt6735/display_recorder.h:153:1: warning: function declaration isn't a prototype [-Wstrict-prototypes]
 char *dprec_logger_get_dump_addr();
 ^
/home/satory-ra/Android/kernel/android_kernel_oukitel_orange/drivers/misc/mediatek/dispsys/mt6735/display_recorder.h:154:1: warning: function declaration isn't a prototype [-Wstrict-prototypes]
 unsigned int dprec_logger_get_dump_len();
 ^
In file included from drivers/misc/mediatek/dispsys/mt6735/ddp_pwm.c:9:0:
/home/satory-ra/Android/kernel/android_kernel_oukitel_orange/drivers/misc/mediatek/dispsys/mt6735/mt6735m/ddp_reg.h:1963:0: warning: "DISP_REG_DPI_ESAV_VTIM_R" redefined
 #define DISP_REG_DPI_ESAV_VTIM_R      (DISPSYS_DPI_BASE + 0x088)
 ^
/home/satory-ra/Android/kernel/android_kernel_oukitel_orange/drivers/misc/mediatek/dispsys/mt6735/mt6735m/ddp_reg.h:1962:0: note: this is the location of the previous definition
 #define DISP_REG_DPI_ESAV_VTIM_R      (DISPSYS_DPI_BASE + 0x084)
 ^
drivers/misc/mediatek/dispsys/mt6735/ddp_pwm.c: In function 'disp_pwm_config_init':
drivers/misc/mediatek/dispsys/mt6735/ddp_pwm.c:39:19: warning: unused variable 'id' [-Wunused-variable]
     disp_pwm_id_t id = DISP_PWM0;
                   ^
In file included from drivers/misc/mediatek/dispsys/mt6735/ddp_pwm.c:9:0:
drivers/misc/mediatek/dispsys/mt6735/ddp_pwm.c: At top level:
/home/satory-ra/Android/kernel/android_kernel_oukitel_orange/drivers/misc/mediatek/dispsys/mt6735/mt6735m/ddp_reg.h:23:21: warning: 'module_list_scenario' defined but not used [-Wunused-variable]
 static unsigned int module_list_scenario[DDP_SCENARIO_MAX][DDP_ENING_NUM] = {
                     ^
In file included from drivers/misc/mediatek/dispsys/mt6735/ddp_pwm.c:9:0:
/home/satory-ra/Android/kernel/android_kernel_oukitel_orange/drivers/misc/mediatek/dispsys/mt6735/mt6735m/ddp_reg.h:48:15: warning: 'mout_map' defined but not used [-Wunused-variable]
 static mout_t mout_map[DDP_MOUT_NUM] = 
               ^
/home/satory-ra/Android/kernel/android_kernel_oukitel_orange/drivers/misc/mediatek/dispsys/mt6735/mt6735m/ddp_reg.h:59:14: warning: 'sel_out_map' defined but not used [-Wunused-variable]
 static sel_t sel_out_map[DDP_SEL_OUT_NUM] = 
              ^
/home/satory-ra/Android/kernel/android_kernel_oukitel_orange/drivers/misc/mediatek/dispsys/mt6735/mt6735m/ddp_reg.h:67:14: warning: 'sel_in_map' defined but not used [-Wunused-variable]
 static sel_t sel_in_map[DDP_SEL_IN_NUM] = 
              ^
/home/satory-ra/Android/kernel/android_kernel_oukitel_orange/drivers/misc/mediatek/dispsys/mt6735/mt6735m/ddp_reg.h:106:21: warning: 'module_mutex_map' defined but not used [-Wunused-variable]
 static module_map_t module_mutex_map[DISP_MODULE_NUM] =
                     ^
/home/satory-ra/Android/kernel/android_kernel_oukitel_orange/drivers/misc/mediatek/dispsys/mt6735/mt6735m/ddp_reg.h:134:21: warning: 'module_can_connect' defined but not used [-Wunused-variable]
 static module_map_t module_can_connect[DISP_MODULE_NUM] =
                     ^
  CC      drivers/misc/mediatek/dispsys/mt6735/ddp_gamma.o
In file included from drivers/misc/mediatek/connectivity/conn_soc/drv_wlan/mt_wifi/wlan/include/precomp.h:241:0,
                 from drivers/misc/mediatek/connectivity/conn_soc/drv_wlan/mt_wifi/wlan/mgmt/roaming_fsm.c:71:
drivers/misc/mediatek/connectivity/conn_soc/drv_wlan/mt_wifi/wlan/include/mgmt/scan.h:324:0: warning: "CFG_BATCH_MAX_MSCAN" redefined
 #define CFG_BATCH_MAX_MSCAN 4
 ^
In file included from drivers/misc/mediatek/connectivity/conn_soc/drv_wlan/mt_wifi/wlan/os/linux/include/gl_os.h:584:0,
                 from drivers/misc/mediatek/connectivity/conn_soc/drv_wlan/mt_wifi/wlan/include/precomp.h:173,
                 from drivers/misc/mediatek/connectivity/conn_soc/drv_wlan/mt_wifi/wlan/mgmt/roaming_fsm.c:71:
drivers/misc/mediatek/connectivity/conn_soc/drv_wlan/mt_wifi/wlan/include/config.h:1585:0: note: this is the location of the previous definition
 #define CFG_BATCH_MAX_MSCAN                 2
 ^
In file included from /home/satory-ra/Android/kernel/android_kernel_oukitel_orange/drivers/misc/mediatek/dispsys/mt6735/mt6735m/ddp_reg.h:6:0,
                 from drivers/misc/mediatek/dispsys/mt6735/ddp_gamma.c:8:
/home/satory-ra/Android/kernel/android_kernel_oukitel_orange/drivers/misc/mediatek/dispsys/mt6735/display_recorder.h:152:1: warning: function declaration isn't a prototype [-Wstrict-prototypes]
 void dprec_logger_dump_reset();
 ^
/home/satory-ra/Android/kernel/android_kernel_oukitel_orange/drivers/misc/mediatek/dispsys/mt6735/display_recorder.h:153:1: warning: function declaration isn't a prototype [-Wstrict-prototypes]
 char *dprec_logger_get_dump_addr();
 ^
/home/satory-ra/Android/kernel/android_kernel_oukitel_orange/drivers/misc/mediatek/dispsys/mt6735/display_recorder.h:154:1: warning: function declaration isn't a prototype [-Wstrict-prototypes]
 unsigned int dprec_logger_get_dump_len();
 ^
In file included from drivers/misc/mediatek/dispsys/mt6735/ddp_gamma.c:8:0:
/home/satory-ra/Android/kernel/android_kernel_oukitel_orange/drivers/misc/mediatek/dispsys/mt6735/mt6735m/ddp_reg.h:1963:0: warning: "DISP_REG_DPI_ESAV_VTIM_R" redefined
 #define DISP_REG_DPI_ESAV_VTIM_R      (DISPSYS_DPI_BASE + 0x088)
 ^
/home/satory-ra/Android/kernel/android_kernel_oukitel_orange/drivers/misc/mediatek/dispsys/mt6735/mt6735m/ddp_reg.h:1962:0: note: this is the location of the previous definition
 #define DISP_REG_DPI_ESAV_VTIM_R      (DISPSYS_DPI_BASE + 0x084)
 ^
In file included from drivers/misc/mediatek/dispsys/mt6735/ddp_gamma.c:8:0:
/home/satory-ra/Android/kernel/android_kernel_oukitel_orange/drivers/misc/mediatek/dispsys/mt6735/mt6735m/ddp_reg.h:23:21: warning: 'module_list_scenario' defined but not used [-Wunused-variable]
 static unsigned int module_list_scenario[DDP_SCENARIO_MAX][DDP_ENING_NUM] = {
                     ^
In file included from drivers/misc/mediatek/dispsys/mt6735/ddp_gamma.c:8:0:
/home/satory-ra/Android/kernel/android_kernel_oukitel_orange/drivers/misc/mediatek/dispsys/mt6735/mt6735m/ddp_reg.h:48:15: warning: 'mout_map' defined but not used [-Wunused-variable]
 static mout_t mout_map[DDP_MOUT_NUM] = 
               ^
/home/satory-ra/Android/kernel/android_kernel_oukitel_orange/drivers/misc/mediatek/dispsys/mt6735/mt6735m/ddp_reg.h:59:14: warning: 'sel_out_map' defined but not used [-Wunused-variable]
 static sel_t sel_out_map[DDP_SEL_OUT_NUM] = 
              ^
/home/satory-ra/Android/kernel/android_kernel_oukitel_orange/drivers/misc/mediatek/dispsys/mt6735/mt6735m/ddp_reg.h:67:14: warning: 'sel_in_map' defined but not used [-Wunused-variable]
 static sel_t sel_in_map[DDP_SEL_IN_NUM] = 
              ^
/home/satory-ra/Android/kernel/android_kernel_oukitel_orange/drivers/misc/mediatek/dispsys/mt6735/mt6735m/ddp_reg.h:106:21: warning: 'module_mutex_map' defined but not used [-Wunused-variable]
 static module_map_t module_mutex_map[DISP_MODULE_NUM] =
                     ^
/home/satory-ra/Android/kernel/android_kernel_oukitel_orange/drivers/misc/mediatek/dispsys/mt6735/mt6735m/ddp_reg.h:134:21: warning: 'module_can_connect' defined but not used [-Wunused-variable]
 static module_map_t module_can_connect[DISP_MODULE_NUM] =
                     ^
  CC      drivers/misc/mediatek/connectivity/conn_soc/drv_wlan/mt_wifi/wlan/mgmt/hs20.o
  CC      net/netfilter/xt_quota.o
  CC      drivers/misc/mediatek/dispsys/mt6735/ddp_dither.o
  CC      net/netfilter/xt_quota2.o
In file included from drivers/misc/mediatek/connectivity/conn_soc/drv_wlan/mt_wifi/wlan/include/precomp.h:241:0,
                 from drivers/misc/mediatek/connectivity/conn_soc/drv_wlan/mt_wifi/wlan/mgmt/hs20.c:29:
drivers/misc/mediatek/connectivity/conn_soc/drv_wlan/mt_wifi/wlan/include/mgmt/scan.h:324:0: warning: "CFG_BATCH_MAX_MSCAN" redefined
 #define CFG_BATCH_MAX_MSCAN 4
 ^
In file included from drivers/misc/mediatek/connectivity/conn_soc/drv_wlan/mt_wifi/wlan/os/linux/include/gl_os.h:584:0,
                 from drivers/misc/mediatek/connectivity/conn_soc/drv_wlan/mt_wifi/wlan/include/precomp.h:173,
                 from drivers/misc/mediatek/connectivity/conn_soc/drv_wlan/mt_wifi/wlan/mgmt/hs20.c:29:
drivers/misc/mediatek/connectivity/conn_soc/drv_wlan/mt_wifi/wlan/include/config.h:1585:0: note: this is the location of the previous definition
 #define CFG_BATCH_MAX_MSCAN                 2
 ^
In file included from /home/satory-ra/Android/kernel/android_kernel_oukitel_orange/drivers/misc/mediatek/dispsys/mt6735/mt6735m/ddp_reg.h:6:0,
                 from drivers/misc/mediatek/dispsys/mt6735/ddp_dither.c:4:
/home/satory-ra/Android/kernel/android_kernel_oukitel_orange/drivers/misc/mediatek/dispsys/mt6735/display_recorder.h:152:1: warning: function declaration isn't a prototype [-Wstrict-prototypes]
 void dprec_logger_dump_reset();
 ^
/home/satory-ra/Android/kernel/android_kernel_oukitel_orange/drivers/misc/mediatek/dispsys/mt6735/display_recorder.h:153:1: warning: function declaration isn't a prototype [-Wstrict-prototypes]
 char *dprec_logger_get_dump_addr();
 ^
/home/satory-ra/Android/kernel/android_kernel_oukitel_orange/drivers/misc/mediatek/dispsys/mt6735/display_recorder.h:154:1: warning: function declaration isn't a prototype [-Wstrict-prototypes]
 unsigned int dprec_logger_get_dump_len();
 ^
In file included from drivers/misc/mediatek/dispsys/mt6735/ddp_dither.c:4:0:
/home/satory-ra/Android/kernel/android_kernel_oukitel_orange/drivers/misc/mediatek/dispsys/mt6735/mt6735m/ddp_reg.h:1963:0: warning: "DISP_REG_DPI_ESAV_VTIM_R" redefined
 #define DISP_REG_DPI_ESAV_VTIM_R      (DISPSYS_DPI_BASE + 0x088)
 ^
/home/satory-ra/Android/kernel/android_kernel_oukitel_orange/drivers/misc/mediatek/dispsys/mt6735/mt6735m/ddp_reg.h:1962:0: note: this is the location of the previous definition
 #define DISP_REG_DPI_ESAV_VTIM_R      (DISPSYS_DPI_BASE + 0x084)
 ^
In file included from drivers/misc/mediatek/dispsys/mt6735/ddp_dither.c:4:0:
/home/satory-ra/Android/kernel/android_kernel_oukitel_orange/drivers/misc/mediatek/dispsys/mt6735/mt6735m/ddp_reg.h:23:21: warning: 'module_list_scenario' defined but not used [-Wunused-variable]
 static unsigned int module_list_scenario[DDP_SCENARIO_MAX][DDP_ENING_NUM] = {
                     ^
In file included from drivers/misc/mediatek/dispsys/mt6735/ddp_dither.c:4:0:
/home/satory-ra/Android/kernel/android_kernel_oukitel_orange/drivers/misc/mediatek/dispsys/mt6735/mt6735m/ddp_reg.h:48:15: warning: 'mout_map' defined but not used [-Wunused-variable]
 static mout_t mout_map[DDP_MOUT_NUM] = 
               ^
/home/satory-ra/Android/kernel/android_kernel_oukitel_orange/drivers/misc/mediatek/dispsys/mt6735/mt6735m/ddp_reg.h:59:14: warning: 'sel_out_map' defined but not used [-Wunused-variable]
 static sel_t sel_out_map[DDP_SEL_OUT_NUM] = 
              ^
/home/satory-ra/Android/kernel/android_kernel_oukitel_orange/drivers/misc/mediatek/dispsys/mt6735/mt6735m/ddp_reg.h:67:14: warning: 'sel_in_map' defined but not used [-Wunused-variable]
 static sel_t sel_in_map[DDP_SEL_IN_NUM] = 
              ^
/home/satory-ra/Android/kernel/android_kernel_oukitel_orange/drivers/misc/mediatek/dispsys/mt6735/mt6735m/ddp_reg.h:106:21: warning: 'module_mutex_map' defined but not used [-Wunused-variable]
 static module_map_t module_mutex_map[DISP_MODULE_NUM] =
                     ^
/home/satory-ra/Android/kernel/android_kernel_oukitel_orange/drivers/misc/mediatek/dispsys/mt6735/mt6735m/ddp_reg.h:134:21: warning: 'module_can_connect' defined but not used [-Wunused-variable]
 static module_map_t module_can_connect[DISP_MODULE_NUM] =
                     ^
  CC      drivers/misc/mediatek/connectivity/conn_soc/drv_wlan/mt_wifi/wlan/mgmt/tdls.o
  CC      drivers/misc/mediatek/dispsys/mt6735/ddp_od.o
In file included from drivers/misc/mediatek/connectivity/conn_soc/drv_wlan/mt_wifi/wlan/include/precomp.h:241:0,
                 from drivers/misc/mediatek/connectivity/conn_soc/drv_wlan/mt_wifi/wlan/mgmt/tdls.c:27:
drivers/misc/mediatek/connectivity/conn_soc/drv_wlan/mt_wifi/wlan/include/mgmt/scan.h:324:0: warning: "CFG_BATCH_MAX_MSCAN" redefined
 #define CFG_BATCH_MAX_MSCAN 4
 ^
In file included from drivers/misc/mediatek/connectivity/conn_soc/drv_wlan/mt_wifi/wlan/os/linux/include/gl_os.h:584:0,
                 from drivers/misc/mediatek/connectivity/conn_soc/drv_wlan/mt_wifi/wlan/include/precomp.h:173,
                 from drivers/misc/mediatek/connectivity/conn_soc/drv_wlan/mt_wifi/wlan/mgmt/tdls.c:27:
drivers/misc/mediatek/connectivity/conn_soc/drv_wlan/mt_wifi/wlan/include/config.h:1585:0: note: this is the location of the previous definition
 #define CFG_BATCH_MAX_MSCAN                 2
 ^
In file included from include/mach/mt_gpio.h:15:0,
                 from /home/satory-ra/Android/kernel/android_kernel_oukitel_orange/drivers/misc/mediatek/videox/mt6735/mt6735m/disp_drv_platform.h:6,
                 from drivers/misc/mediatek/dispsys/mt6735/ddp_od.c:15:
/home/satory-ra/Android/kernel/android_kernel_oukitel_orange/drivers/misc/mediatek/mach/mt6735/Sprint4g/dct/dct/inc/cust_gpio_usage.h:481:0: warning: "GPIO_KPD_KCOL1_PIN_M_UCTS" redefined
 #define GPIO_KPD_KCOL1_PIN_M_UCTS   GPIO_MODE_03
 ^
/home/satory-ra/Android/kernel/android_kernel_oukitel_orange/drivers/misc/mediatek/mach/mt6735/Sprint4g/dct/dct/inc/cust_gpio_usage.h:480:0: note: this is the location of the previous definition
 #define GPIO_KPD_KCOL1_PIN_M_UCTS   GPIO_MODE_02
 ^
In file included from /home/satory-ra/Android/kernel/android_kernel_oukitel_orange/drivers/misc/mediatek/dispsys/mt6735/mt6735m/ddp_reg.h:6:0,
                 from drivers/misc/mediatek/dispsys/mt6735/ddp_od.h:4,
                 from drivers/misc/mediatek/dispsys/mt6735/ddp_od.c:18:
/home/satory-ra/Android/kernel/android_kernel_oukitel_orange/drivers/misc/mediatek/dispsys/mt6735/display_recorder.h:152:1: warning: function declaration isn't a prototype [-Wstrict-prototypes]
 void dprec_logger_dump_reset();
 ^
/home/satory-ra/Android/kernel/android_kernel_oukitel_orange/drivers/misc/mediatek/dispsys/mt6735/display_recorder.h:153:1: warning: function declaration isn't a prototype [-Wstrict-prototypes]
 char *dprec_logger_get_dump_addr();
 ^
/home/satory-ra/Android/kernel/android_kernel_oukitel_orange/drivers/misc/mediatek/dispsys/mt6735/display_recorder.h:154:1: warning: function declaration isn't a prototype [-Wstrict-prototypes]
 unsigned int dprec_logger_get_dump_len();
 ^
  CC      net/netfilter/xt_realm.o
In file included from drivers/misc/mediatek/dispsys/mt6735/ddp_od.h:4:0,
                 from drivers/misc/mediatek/dispsys/mt6735/ddp_od.c:18:
/home/satory-ra/Android/kernel/android_kernel_oukitel_orange/drivers/misc/mediatek/dispsys/mt6735/mt6735m/ddp_reg.h:1963:0: warning: "DISP_REG_DPI_ESAV_VTIM_R" redefined
 #define DISP_REG_DPI_ESAV_VTIM_R      (DISPSYS_DPI_BASE + 0x088)
 ^
/home/satory-ra/Android/kernel/android_kernel_oukitel_orange/drivers/misc/mediatek/dispsys/mt6735/mt6735m/ddp_reg.h:1962:0: note: this is the location of the previous definition
 #define DISP_REG_DPI_ESAV_VTIM_R      (DISPSYS_DPI_BASE + 0x084)
 ^
In file included from drivers/misc/mediatek/dispsys/mt6735/ddp_od.h:4:0,
                 from drivers/misc/mediatek/dispsys/mt6735/ddp_od.c:18:
/home/satory-ra/Android/kernel/android_kernel_oukitel_orange/drivers/misc/mediatek/dispsys/mt6735/mt6735m/ddp_reg.h:23:21: warning: 'module_list_scenario' defined but not used [-Wunused-variable]
 static unsigned int module_list_scenario[DDP_SCENARIO_MAX][DDP_ENING_NUM] = {
                     ^
In file included from drivers/misc/mediatek/dispsys/mt6735/ddp_od.h:4:0,
                 from drivers/misc/mediatek/dispsys/mt6735/ddp_od.c:18:
/home/satory-ra/Android/kernel/android_kernel_oukitel_orange/drivers/misc/mediatek/dispsys/mt6735/mt6735m/ddp_reg.h:48:15: warning: 'mout_map' defined but not used [-Wunused-variable]
 static mout_t mout_map[DDP_MOUT_NUM] = 
               ^
/home/satory-ra/Android/kernel/android_kernel_oukitel_orange/drivers/misc/mediatek/dispsys/mt6735/mt6735m/ddp_reg.h:59:14: warning: 'sel_out_map' defined but not used [-Wunused-variable]
 static sel_t sel_out_map[DDP_SEL_OUT_NUM] = 
              ^
/home/satory-ra/Android/kernel/android_kernel_oukitel_orange/drivers/misc/mediatek/dispsys/mt6735/mt6735m/ddp_reg.h:67:14: warning: 'sel_in_map' defined but not used [-Wunused-variable]
 static sel_t sel_in_map[DDP_SEL_IN_NUM] = 
              ^
/home/satory-ra/Android/kernel/android_kernel_oukitel_orange/drivers/misc/mediatek/dispsys/mt6735/mt6735m/ddp_reg.h:106:21: warning: 'module_mutex_map' defined but not used [-Wunused-variable]
 static module_map_t module_mutex_map[DISP_MODULE_NUM] =
                     ^
/home/satory-ra/Android/kernel/android_kernel_oukitel_orange/drivers/misc/mediatek/dispsys/mt6735/mt6735m/ddp_reg.h:134:21: warning: 'module_can_connect' defined but not used [-Wunused-variable]
 static module_map_t module_can_connect[DISP_MODULE_NUM] =
                     ^
  CC      drivers/misc/mediatek/dispsys/mt6735/ddp_dsi.o
In file included from drivers/misc/mediatek/dispsys/mt6735/ddp_dsi.c:7:0:
/home/satory-ra/Android/kernel/android_kernel_oukitel_orange/drivers/misc/mediatek/videox/mt6735/debug.h:189:1: warning: function declaration isn't a prototype [-Wstrict-prototypes]
 bool get_ovl1_to_mem_on();
 ^
In file included from /home/satory-ra/Android/kernel/android_kernel_oukitel_orange/drivers/misc/mediatek/videox/mt6735/disp_drv_log.h:3:0,
                 from drivers/misc/mediatek/dispsys/mt6735/ddp_dsi.c:8:
/home/satory-ra/Android/kernel/android_kernel_oukitel_orange/drivers/misc/mediatek/dispsys/mt6735/display_recorder.h:152:1: warning: function declaration isn't a prototype [-Wstrict-prototypes]
 void dprec_logger_dump_reset();
 ^
/home/satory-ra/Android/kernel/android_kernel_oukitel_orange/drivers/misc/mediatek/dispsys/mt6735/display_recorder.h:153:1: warning: function declaration isn't a prototype [-Wstrict-prototypes]
 char *dprec_logger_get_dump_addr();
 ^
/home/satory-ra/Android/kernel/android_kernel_oukitel_orange/drivers/misc/mediatek/dispsys/mt6735/display_recorder.h:154:1: warning: function declaration isn't a prototype [-Wstrict-prototypes]
 unsigned int dprec_logger_get_dump_len();
 ^
  CC      net/netfilter/xt_recent.o
In file included from include/mach/mt_gpio.h:15:0,
                 from /home/satory-ra/Android/kernel/android_kernel_oukitel_orange/drivers/misc/mediatek/videox/mt6735/mt6735m/disp_drv_platform.h:6,
                 from drivers/misc/mediatek/dispsys/mt6735/ddp_dsi.c:9:
/home/satory-ra/Android/kernel/android_kernel_oukitel_orange/drivers/misc/mediatek/mach/mt6735/Sprint4g/dct/dct/inc/cust_gpio_usage.h:481:0: warning: "GPIO_KPD_KCOL1_PIN_M_UCTS" redefined
 #define GPIO_KPD_KCOL1_PIN_M_UCTS   GPIO_MODE_03
 ^
/home/satory-ra/Android/kernel/android_kernel_oukitel_orange/drivers/misc/mediatek/mach/mt6735/Sprint4g/dct/dct/inc/cust_gpio_usage.h:480:0: note: this is the location of the previous definition
 #define GPIO_KPD_KCOL1_PIN_M_UCTS   GPIO_MODE_02
 ^
In file included from drivers/misc/mediatek/dispsys/mt6735/ddp_dsi.c:31:0:
/home/satory-ra/Android/kernel/android_kernel_oukitel_orange/drivers/misc/mediatek/dispsys/mt6735/mt6735m/ddp_reg.h:1963:0: warning: "DISP_REG_DPI_ESAV_VTIM_R" redefined
 #define DISP_REG_DPI_ESAV_VTIM_R      (DISPSYS_DPI_BASE + 0x088)
 ^
/home/satory-ra/Android/kernel/android_kernel_oukitel_orange/drivers/misc/mediatek/dispsys/mt6735/mt6735m/ddp_reg.h:1962:0: note: this is the location of the previous definition
 #define DISP_REG_DPI_ESAV_VTIM_R      (DISPSYS_DPI_BASE + 0x084)
 ^
drivers/misc/mediatek/dispsys/mt6735/ddp_dsi.c:45:7: warning: backslash and newline separated by space
  do { \   
 ^
drivers/misc/mediatek/dispsys/mt6735/ddp_dsi.c:96:37: warning: backslash and newline separated by space
 #define MIPITX_INREG32(addr)        \  
 ^
drivers/misc/mediatek/dispsys/mt6735/ddp_dsi.c:99:37: warning: backslash and newline separated by space
   if(0) val = INREG32(addr);        \ 
 ^
drivers/misc/mediatek/dispsys/mt6735/ddp_dsi.c:126:37: warning: backslash and newline separated by space
 #define MIPITX_INREG32(addr)        \  
 ^
drivers/misc/mediatek/dispsys/mt6735/ddp_dsi.c:129:31: warning: backslash and newline separated by space
   val = INREG32(addr);        \ 
 ^
In file included from drivers/misc/mediatek/dispsys/mt6735/ddp_dsi.c:31:0:
drivers/misc/mediatek/dispsys/mt6735/ddp_dsi.c: In function '_DSI_INTERNAL_IRQ_Handler':
/home/satory-ra/Android/kernel/android_kernel_oukitel_orange/drivers/misc/mediatek/dispsys/mt6735/mt6735m/ddp_reg.h:1486:17: warning: passing argument 2 of 'dprec_reg_op' makes integer from pointer without a cast
                 dprec_reg_op(handle, reg32, val, 0x00000000);\
                 ^
drivers/misc/mediatek/dispsys/mt6735/ddp_dsi.c:40:39: note: in expansion of macro 'DISP_REG_SET'
 #define DSI_OUTREG32(cmdq, addr, val) DISP_REG_SET(cmdq, addr,val)
                                       ^
drivers/misc/mediatek/dispsys/mt6735/ddp_dsi.c:243:4: note: in expansion of macro 'DSI_OUTREG32'
    DSI_OUTREG32(NULL,&txrx_ctrl, INREG32(&DSI_REG[i]->DSI_TXRX_CTRL));
    ^
In file included from /home/satory-ra/Android/kernel/android_kernel_oukitel_orange/drivers/misc/mediatek/videox/mt6735/disp_drv_log.h:3:0,
                 from drivers/misc/mediatek/dispsys/mt6735/ddp_dsi.c:8:
/home/satory-ra/Android/kernel/android_kernel_oukitel_orange/drivers/misc/mediatek/dispsys/mt6735/display_recorder.h:136:6: note: expected 'unsigned int' but argument is of type 'struct DSI_TXRX_CTRL_REG *'
 void dprec_reg_op(void* cmdq, unsigned int reg, unsigned int val, unsigned int mask);
      ^
In file included from drivers/misc/mediatek/dispsys/mt6735/ddp_dsi.c:31:0:
/home/satory-ra/Android/kernel/android_kernel_oukitel_orange/drivers/misc/mediatek/dispsys/mt6735/mt6735m/ddp_reg.h:1487:38: warning: passing argument 1 of 'disp_addr_convert' makes integer from pointer without a cast
                 cmdqRecWrite(handle, disp_addr_convert(reg32), val, ~0); \
                                      ^
drivers/misc/mediatek/dispsys/mt6735/ddp_dsi.c:40:39: note: in expansion of macro 'DISP_REG_SET'
 #define DSI_OUTREG32(cmdq, addr, val) DISP_REG_SET(cmdq, addr,val)
                                       ^
drivers/misc/mediatek/dispsys/mt6735/ddp_dsi.c:243:4: note: in expansion of macro 'DSI_OUTREG32'
    DSI_OUTREG32(NULL,&txrx_ctrl, INREG32(&DSI_REG[i]->DSI_TXRX_CTRL));
    ^
/home/satory-ra/Android/kernel/android_kernel_oukitel_orange/drivers/misc/mediatek/dispsys/mt6735/mt6735m/ddp_reg.h:1395:29: note: expected 'long unsigned int' but argument is of type 'struct DSI_TXRX_CTRL_REG *'
 static inline unsigned long disp_addr_convert(unsigned long va) 
                             ^
drivers/misc/mediatek/dispsys/mt6735/ddp_dsi.c: In function 'DSI_Reset':
/home/satory-ra/Android/kernel/android_kernel_oukitel_orange/drivers/misc/mediatek/dispsys/mt6735/mt6735m/ddp_reg.h:1413:3: warning: passing argument 2 of 'dprec_reg_op' makes integer from pointer without a cast
   dprec_reg_op(handle, reg32, val, mask);\
   ^
drivers/misc/mediatek/dispsys/mt6735/ddp_dsi.c:58:145: note: in expansion of macro 'DISP_REG_MASK'
   if(cmdq)  {*(unsigned int*)(&r) = ((unsigned int)0x00000000);r.bit = ~(r.bit);*(unsigned int*)(&v) = ((unsigned int)0x00000000);v.bit = value;DISP_REG_MASK(cmdq, &REG, AS_UINT32(&v), AS_UINT32(&r));}  \
                                                                                                                                                 ^
drivers/misc/mediatek/dispsys/mt6735/ddp_dsi.c:279:3: note: in expansion of macro 'DSI_OUTREGBIT'
   DSI_OUTREGBIT(cmdq, DSI_COM_CTRL_REG,DSI_REG[i]->DSI_COM_CTRL,DSI_RESET,1);
   ^
In file included from /home/satory-ra/Android/kernel/android_kernel_oukitel_orange/drivers/misc/mediatek/videox/mt6735/disp_drv_log.h:3:0,
                 from drivers/misc/mediatek/dispsys/mt6735/ddp_dsi.c:8:
/home/satory-ra/Android/kernel/android_kernel_oukitel_orange/drivers/misc/mediatek/dispsys/mt6735/display_recorder.h:136:6: note: expected 'unsigned int' but argument is of type 'volatile struct DSI_COM_CTRL_REG *'
 void dprec_reg_op(void* cmdq, unsigned int reg, unsigned int val, unsigned int mask);
      ^
In file included from drivers/misc/mediatek/dispsys/mt6735/ddp_dsi.c:31:0:
/home/satory-ra/Android/kernel/android_kernel_oukitel_orange/drivers/misc/mediatek/dispsys/mt6735/mt6735m/ddp_reg.h:1420:25: warning: passing argument 1 of 'disp_addr_convert' makes integer from pointer without a cast
    cmdqRecWrite(handle, disp_addr_convert(reg32), val, mask); \
                         ^
drivers/misc/mediatek/dispsys/mt6735/ddp_dsi.c:58:145: note: in expansion of macro 'DISP_REG_MASK'
   if(cmdq)  {*(unsigned int*)(&r) = ((unsigned int)0x00000000);r.bit = ~(r.bit);*(unsigned int*)(&v) = ((unsigned int)0x00000000);v.bit = value;DISP_REG_MASK(cmdq, &REG, AS_UINT32(&v), AS_UINT32(&r));}  \
                                                                                                                                                 ^
drivers/misc/mediatek/dispsys/mt6735/ddp_dsi.c:279:3: note: in expansion of macro 'DSI_OUTREGBIT'
   DSI_OUTREGBIT(cmdq, DSI_COM_CTRL_REG,DSI_REG[i]->DSI_COM_CTRL,DSI_RESET,1);
   ^
/home/satory-ra/Android/kernel/android_kernel_oukitel_orange/drivers/misc/mediatek/dispsys/mt6735/mt6735m/ddp_reg.h:1395:29: note: expected 'long unsigned int' but argument is of type 'volatile struct DSI_COM_CTRL_REG *'
 static inline unsigned long disp_addr_convert(unsigned long va) 
                             ^
/home/satory-ra/Android/kernel/android_kernel_oukitel_orange/drivers/misc/mediatek/dispsys/mt6735/mt6735m/ddp_reg.h:1486:17: warning: passing argument 2 of 'dprec_reg_op' makes integer from pointer without a cast
                 dprec_reg_op(handle, reg32, val, 0x00000000);\
                 ^
drivers/misc/mediatek/dispsys/mt6735/ddp_dsi.c:59:63: note: in expansion of macro 'DISP_REG_SET'
   else{mt_reg_sync_writel(INREG32(&REG),&r);r.bit = (value);  DISP_REG_SET(cmdq, &REG, INREG32(&r));}    \
                                                               ^
drivers/misc/mediatek/dispsys/mt6735/ddp_dsi.c:279:3: note: in expansion of macro 'DSI_OUTREGBIT'
   DSI_OUTREGBIT(cmdq, DSI_COM_CTRL_REG,DSI_REG[i]->DSI_COM_CTRL,DSI_RESET,1);
   ^
In file included from /home/satory-ra/Android/kernel/android_kernel_oukitel_orange/drivers/misc/mediatek/videox/mt6735/disp_drv_log.h:3:0,
                 from drivers/misc/mediatek/dispsys/mt6735/ddp_dsi.c:8:
/home/satory-ra/Android/kernel/android_kernel_oukitel_orange/drivers/misc/mediatek/dispsys/mt6735/display_recorder.h:136:6: note: expected 'unsigned int' but argument is of type 'volatile struct DSI_COM_CTRL_REG *'
 void dprec_reg_op(void* cmdq, unsigned int reg, unsigned int val, unsigned int mask);
      ^
In file included from drivers/misc/mediatek/dispsys/mt6735/ddp_dsi.c:31:0:
/home/satory-ra/Android/kernel/android_kernel_oukitel_orange/drivers/misc/mediatek/dispsys/mt6735/mt6735m/ddp_reg.h:1487:38: warning: passing argument 1 of 'disp_addr_convert' makes integer from pointer without a cast
                 cmdqRecWrite(handle, disp_addr_convert(reg32), val, ~0); \
                                      ^
drivers/misc/mediatek/dispsys/mt6735/ddp_dsi.c:59:63: note: in expansion of macro 'DISP_REG_SET'
   else{mt_reg_sync_writel(INREG32(&REG),&r);r.bit = (value);  DISP_REG_SET(cmdq, &REG, INREG32(&r));}    \
                                                               ^
drivers/misc/mediatek/dispsys/mt6735/ddp_dsi.c:279:3: note: in expansion of macro 'DSI_OUTREGBIT'
   DSI_OUTREGBIT(cmdq, DSI_COM_CTRL_REG,DSI_REG[i]->DSI_COM_CTRL,DSI_RESET,1);
   ^
/home/satory-ra/Android/kernel/android_kernel_oukitel_orange/drivers/misc/mediatek/dispsys/mt6735/mt6735m/ddp_reg.h:1395:29: note: expected 'long unsigned int' but argument is of type 'volatile struct DSI_COM_CTRL_REG *'
 static inline unsigned long disp_addr_convert(unsigned long va) 
                             ^
/home/satory-ra/Android/kernel/android_kernel_oukitel_orange/drivers/misc/mediatek/dispsys/mt6735/mt6735m/ddp_reg.h:1413:3: warning: passing argument 2 of 'dprec_reg_op' makes integer from pointer without a cast
   dprec_reg_op(handle, reg32, val, mask);\
   ^
drivers/misc/mediatek/dispsys/mt6735/ddp_dsi.c:58:145: note: in expansion of macro 'DISP_REG_MASK'
   if(cmdq)  {*(unsigned int*)(&r) = ((unsigned int)0x00000000);r.bit = ~(r.bit);*(unsigned int*)(&v) = ((unsigned int)0x00000000);v.bit = value;DISP_REG_MASK(cmdq, &REG, AS_UINT32(&v), AS_UINT32(&r));}  \
                                                                                                                                                 ^
drivers/misc/mediatek/dispsys/mt6735/ddp_dsi.c:280:3: note: in expansion of macro 'DSI_OUTREGBIT'
   DSI_OUTREGBIT(cmdq, DSI_COM_CTRL_REG,DSI_REG[i]->DSI_COM_CTRL,DSI_RESET,0);
   ^
In file included from /home/satory-ra/Android/kernel/android_kernel_oukitel_orange/drivers/misc/mediatek/videox/mt6735/disp_drv_log.h:3:0,
                 from drivers/misc/mediatek/dispsys/mt6735/ddp_dsi.c:8:
/home/satory-ra/Android/kernel/android_kernel_oukitel_orange/drivers/misc/mediatek/dispsys/mt6735/display_recorder.h:136:6: note: expected 'unsigned int' but argument is of type 'volatile struct DSI_COM_CTRL_REG *'
 void dprec_reg_op(void* cmdq, unsigned int reg, unsigned int val, unsigned int mask);
      ^
In file included from drivers/misc/mediatek/dispsys/mt6735/ddp_dsi.c:31:0:
/home/satory-ra/Android/kernel/android_kernel_oukitel_orange/drivers/misc/mediatek/dispsys/mt6735/mt6735m/ddp_reg.h:1420:25: warning: passing argument 1 of 'disp_addr_convert' makes integer from pointer without a cast
    cmdqRecWrite(handle, disp_addr_convert(reg32), val, mask); \
                         ^
drivers/misc/mediatek/dispsys/mt6735/ddp_dsi.c:58:145: note: in expansion of macro 'DISP_REG_MASK'
   if(cmdq)  {*(unsigned int*)(&r) = ((unsigned int)0x00000000);r.bit = ~(r.bit);*(unsigned int*)(&v) = ((unsigned int)0x00000000);v.bit = value;DISP_REG_MASK(cmdq, &REG, AS_UINT32(&v), AS_UINT32(&r));}  \
                                                                                                                                                 ^
drivers/misc/mediatek/dispsys/mt6735/ddp_dsi.c:280:3: note: in expansion of macro 'DSI_OUTREGBIT'
   DSI_OUTREGBIT(cmdq, DSI_COM_CTRL_REG,DSI_REG[i]->DSI_COM_CTRL,DSI_RESET,0);
   ^
/home/satory-ra/Android/kernel/android_kernel_oukitel_orange/drivers/misc/mediatek/dispsys/mt6735/mt6735m/ddp_reg.h:1395:29: note: expected 'long unsigned int' but argument is of type 'volatile struct DSI_COM_CTRL_REG *'
 static inline unsigned long disp_addr_convert(unsigned long va) 
                             ^
/home/satory-ra/Android/kernel/android_kernel_oukitel_orange/drivers/misc/mediatek/dispsys/mt6735/mt6735m/ddp_reg.h:1486:17: warning: passing argument 2 of 'dprec_reg_op' makes integer from pointer without a cast
                 dprec_reg_op(handle, reg32, val, 0x00000000);\
                 ^
drivers/misc/mediatek/dispsys/mt6735/ddp_dsi.c:59:63: note: in expansion of macro 'DISP_REG_SET'
   else{mt_reg_sync_writel(INREG32(&REG),&r);r.bit = (value);  DISP_REG_SET(cmdq, &REG, INREG32(&r));}    \
                                                               ^
drivers/misc/mediatek/dispsys/mt6735/ddp_dsi.c:280:3: note: in expansion of macro 'DSI_OUTREGBIT'
   DSI_OUTREGBIT(cmdq, DSI_COM_CTRL_REG,DSI_REG[i]->DSI_COM_CTRL,DSI_RESET,0);
   ^
In file included from /home/satory-ra/Android/kernel/android_kernel_oukitel_orange/drivers/misc/mediatek/videox/mt6735/disp_drv_log.h:3:0,
                 from drivers/misc/mediatek/dispsys/mt6735/ddp_dsi.c:8:
/home/satory-ra/Android/kernel/android_kernel_oukitel_orange/drivers/misc/mediatek/dispsys/mt6735/display_recorder.h:136:6: note: expected 'unsigned int' but argument is of type 'volatile struct DSI_COM_CTRL_REG *'
 void dprec_reg_op(void* cmdq, unsigned int reg, unsigned int val, unsigned int mask);
      ^
In file included from drivers/misc/mediatek/dispsys/mt6735/ddp_dsi.c:31:0:
/home/satory-ra/Android/kernel/android_kernel_oukitel_orange/drivers/misc/mediatek/dispsys/mt6735/mt6735m/ddp_reg.h:1487:38: warning: passing argument 1 of 'disp_addr_convert' makes integer from pointer without a cast
                 cmdqRecWrite(handle, disp_addr_convert(reg32), val, ~0); \
                                      ^
drivers/misc/mediatek/dispsys/mt6735/ddp_dsi.c:59:63: note: in expansion of macro 'DISP_REG_SET'
   else{mt_reg_sync_writel(INREG32(&REG),&r);r.bit = (value);  DISP_REG_SET(cmdq, &REG, INREG32(&r));}    \
                                                               ^
drivers/misc/mediatek/dispsys/mt6735/ddp_dsi.c:280:3: note: in expansion of macro 'DSI_OUTREGBIT'
   DSI_OUTREGBIT(cmdq, DSI_COM_CTRL_REG,DSI_REG[i]->DSI_COM_CTRL,DSI_RESET,0);
   ^
/home/satory-ra/Android/kernel/android_kernel_oukitel_orange/drivers/misc/mediatek/dispsys/mt6735/mt6735m/ddp_reg.h:1395:29: note: expected 'long unsigned int' but argument is of type 'volatile struct DSI_COM_CTRL_REG *'
 static inline unsigned long disp_addr_convert(unsigned long va) 
                             ^
drivers/misc/mediatek/dispsys/mt6735/ddp_dsi.c: In function '_dsi_is_video_mode':
drivers/misc/mediatek/dispsys/mt6735/ddp_dsi.c:289:20: warning: unused variable 'tmpreg' [-Wunused-variable]
  DSI_MODE_CTRL_REG tmpreg;
                    ^
In file included from drivers/misc/mediatek/dispsys/mt6735/ddp_dsi.c:31:0:
drivers/misc/mediatek/dispsys/mt6735/ddp_dsi.c: In function 'DSI_SetMode':
/home/satory-ra/Android/kernel/android_kernel_oukitel_orange/drivers/misc/mediatek/dispsys/mt6735/mt6735m/ddp_reg.h:1413:3: warning: passing argument 2 of 'dprec_reg_op' makes integer from pointer without a cast
   dprec_reg_op(handle, reg32, val, mask);\
   ^
drivers/misc/mediatek/dispsys/mt6735/ddp_dsi.c:58:145: note: in expansion of macro 'DISP_REG_MASK'
   if(cmdq)  {*(unsigned int*)(&r) = ((unsigned int)0x00000000);r.bit = ~(r.bit);*(unsigned int*)(&v) = ((unsigned int)0x00000000);v.bit = value;DISP_REG_MASK(cmdq, &REG, AS_UINT32(&v), AS_UINT32(&r));}  \
                                                                                                                                                 ^
drivers/misc/mediatek/dispsys/mt6735/ddp_dsi.c:306:3: note: in expansion of macro 'DSI_OUTREGBIT'
   DSI_OUTREGBIT(cmdq, DSI_MODE_CTRL_REG,DSI_REG[i]->DSI_MODE_CTRL,MODE,mode);
   ^
In file included from /home/satory-ra/Android/kernel/android_kernel_oukitel_orange/drivers/misc/mediatek/videox/mt6735/disp_drv_log.h:3:0,
                 from drivers/misc/mediatek/dispsys/mt6735/ddp_dsi.c:8:
/home/satory-ra/Android/kernel/android_kernel_oukitel_orange/drivers/misc/mediatek/dispsys/mt6735/display_recorder.h:136:6: note: expected 'unsigned int' but argument is of type 'volatile struct DSI_MODE_CTRL_REG *'
 void dprec_reg_op(void* cmdq, unsigned int reg, unsigned int val, unsigned int mask);
      ^
In file included from drivers/misc/mediatek/dispsys/mt6735/ddp_dsi.c:31:0:
/home/satory-ra/Android/kernel/android_kernel_oukitel_orange/drivers/misc/mediatek/dispsys/mt6735/mt6735m/ddp_reg.h:1420:25: warning: passing argument 1 of 'disp_addr_convert' makes integer from pointer without a cast
    cmdqRecWrite(handle, disp_addr_convert(reg32), val, mask); \
                         ^
drivers/misc/mediatek/dispsys/mt6735/ddp_dsi.c:58:145: note: in expansion of macro 'DISP_REG_MASK'
   if(cmdq)  {*(unsigned int*)(&r) = ((unsigned int)0x00000000);r.bit = ~(r.bit);*(unsigned int*)(&v) = ((unsigned int)0x00000000);v.bit = value;DISP_REG_MASK(cmdq, &REG, AS_UINT32(&v), AS_UINT32(&r));}  \
                                                                                                                                                 ^
drivers/misc/mediatek/dispsys/mt6735/ddp_dsi.c:306:3: note: in expansion of macro 'DSI_OUTREGBIT'
   DSI_OUTREGBIT(cmdq, DSI_MODE_CTRL_REG,DSI_REG[i]->DSI_MODE_CTRL,MODE,mode);
   ^
/home/satory-ra/Android/kernel/android_kernel_oukitel_orange/drivers/misc/mediatek/dispsys/mt6735/mt6735m/ddp_reg.h:1395:29: note: expected 'long unsigned int' but argument is of type 'volatile struct DSI_MODE_CTRL_REG *'
 static inline unsigned long disp_addr_convert(unsigned long va) 
                             ^
/home/satory-ra/Android/kernel/android_kernel_oukitel_orange/drivers/misc/mediatek/dispsys/mt6735/mt6735m/ddp_reg.h:1486:17: warning: passing argument 2 of 'dprec_reg_op' makes integer from pointer without a cast
                 dprec_reg_op(handle, reg32, val, 0x00000000);\
                 ^
drivers/misc/mediatek/dispsys/mt6735/ddp_dsi.c:59:63: note: in expansion of macro 'DISP_REG_SET'
   else{mt_reg_sync_writel(INREG32(&REG),&r);r.bit = (value);  DISP_REG_SET(cmdq, &REG, INREG32(&r));}    \
                                                               ^
drivers/misc/mediatek/dispsys/mt6735/ddp_dsi.c:306:3: note: in expansion of macro 'DSI_OUTREGBIT'
   DSI_OUTREGBIT(cmdq, DSI_MODE_CTRL_REG,DSI_REG[i]->DSI_MODE_CTRL,MODE,mode);
   ^
In file included from /home/satory-ra/Android/kernel/android_kernel_oukitel_orange/drivers/misc/mediatek/videox/mt6735/disp_drv_log.h:3:0,
                 from drivers/misc/mediatek/dispsys/mt6735/ddp_dsi.c:8:
/home/satory-ra/Android/kernel/android_kernel_oukitel_orange/drivers/misc/mediatek/dispsys/mt6735/display_recorder.h:136:6: note: expected 'unsigned int' but argument is of type 'volatile struct DSI_MODE_CTRL_REG *'
 void dprec_reg_op(void* cmdq, unsigned int reg, unsigned int val, unsigned int mask);
      ^
In file included from drivers/misc/mediatek/dispsys/mt6735/ddp_dsi.c:31:0:
/home/satory-ra/Android/kernel/android_kernel_oukitel_orange/drivers/misc/mediatek/dispsys/mt6735/mt6735m/ddp_reg.h:1487:38: warning: passing argument 1 of 'disp_addr_convert' makes integer from pointer without a cast
                 cmdqRecWrite(handle, disp_addr_convert(reg32), val, ~0); \
                                      ^
drivers/misc/mediatek/dispsys/mt6735/ddp_dsi.c:59:63: note: in expansion of macro 'DISP_REG_SET'
   else{mt_reg_sync_writel(INREG32(&REG),&r);r.bit = (value);  DISP_REG_SET(cmdq, &REG, INREG32(&r));}    \
                                                               ^
drivers/misc/mediatek/dispsys/mt6735/ddp_dsi.c:306:3: note: in expansion of macro 'DSI_OUTREGBIT'
   DSI_OUTREGBIT(cmdq, DSI_MODE_CTRL_REG,DSI_REG[i]->DSI_MODE_CTRL,MODE,mode);
   ^
/home/satory-ra/Android/kernel/android_kernel_oukitel_orange/drivers/misc/mediatek/dispsys/mt6735/mt6735m/ddp_reg.h:1395:29: note: expected 'long unsigned int' but argument is of type 'volatile struct DSI_MODE_CTRL_REG *'
 static inline unsigned long disp_addr_convert(unsigned long va) 
                             ^
drivers/misc/mediatek/dispsys/mt6735/ddp_dsi.c: In function 'DSI_SetVdoFrmMode':
/home/satory-ra/Android/kernel/android_kernel_oukitel_orange/drivers/misc/mediatek/dispsys/mt6735/mt6735m/ddp_reg.h:1413:3: warning: passing argument 2 of 'dprec_reg_op' makes integer from pointer without a cast
   dprec_reg_op(handle, reg32, val, mask);\
   ^
drivers/misc/mediatek/dispsys/mt6735/ddp_dsi.c:58:145: note: in expansion of macro 'DISP_REG_MASK'
   if(cmdq)  {*(unsigned int*)(&r) = ((unsigned int)0x00000000);r.bit = ~(r.bit);*(unsigned int*)(&v) = ((unsigned int)0x00000000);v.bit = value;DISP_REG_MASK(cmdq, &REG, AS_UINT32(&v), AS_UINT32(&r));}  \
                                                                                                                                                 ^
drivers/misc/mediatek/dispsys/mt6735/ddp_dsi.c:359:3: note: in expansion of macro 'DSI_OUTREGBIT'
   DSI_OUTREGBIT(cmdq, DSI_MODE_CTRL_REG,DSI_REG[i]->DSI_MODE_CTRL,FRM_MODE,mode);
   ^
In file included from /home/satory-ra/Android/kernel/android_kernel_oukitel_orange/drivers/misc/mediatek/videox/mt6735/disp_drv_log.h:3:0,
                 from drivers/misc/mediatek/dispsys/mt6735/ddp_dsi.c:8:
/home/satory-ra/Android/kernel/android_kernel_oukitel_orange/drivers/misc/mediatek/dispsys/mt6735/display_recorder.h:136:6: note: expected 'unsigned int' but argument is of type 'volatile struct DSI_MODE_CTRL_REG *'
 void dprec_reg_op(void* cmdq, unsigned int reg, unsigned int val, unsigned int mask);
      ^
In file included from drivers/misc/mediatek/dispsys/mt6735/ddp_dsi.c:31:0:
/home/satory-ra/Android/kernel/android_kernel_oukitel_orange/drivers/misc/mediatek/dispsys/mt6735/mt6735m/ddp_reg.h:1420:25: warning: passing argument 1 of 'disp_addr_convert' makes integer from pointer without a cast
    cmdqRecWrite(handle, disp_addr_convert(reg32), val, mask); \
                         ^
drivers/misc/mediatek/dispsys/mt6735/ddp_dsi.c:58:145: note: in expansion of macro 'DISP_REG_MASK'
   if(cmdq)  {*(unsigned int*)(&r) = ((unsigned int)0x00000000);r.bit = ~(r.bit);*(unsigned int*)(&v) = ((unsigned int)0x00000000);v.bit = value;DISP_REG_MASK(cmdq, &REG, AS_UINT32(&v), AS_UINT32(&r));}  \
                                                                                                                                                 ^
drivers/misc/mediatek/dispsys/mt6735/ddp_dsi.c:359:3: note: in expansion of macro 'DSI_OUTREGBIT'
   DSI_OUTREGBIT(cmdq, DSI_MODE_CTRL_REG,DSI_REG[i]->DSI_MODE_CTRL,FRM_MODE,mode);
   ^
/home/satory-ra/Android/kernel/android_kernel_oukitel_orange/drivers/misc/mediatek/dispsys/mt6735/mt6735m/ddp_reg.h:1395:29: note: expected 'long unsigned int' but argument is of type 'volatile struct DSI_MODE_CTRL_REG *'
 static inline unsigned long disp_addr_convert(unsigned long va) 
                             ^
/home/satory-ra/Android/kernel/android_kernel_oukitel_orange/drivers/misc/mediatek/dispsys/mt6735/mt6735m/ddp_reg.h:1486:17: warning: passing argument 2 of 'dprec_reg_op' makes integer from pointer without a cast
                 dprec_reg_op(handle, reg32, val, 0x00000000);\
                 ^
drivers/misc/mediatek/dispsys/mt6735/ddp_dsi.c:59:63: note: in expansion of macro 'DISP_REG_SET'
   else{mt_reg_sync_writel(INREG32(&REG),&r);r.bit = (value);  DISP_REG_SET(cmdq, &REG, INREG32(&r));}    \
                                                               ^
drivers/misc/mediatek/dispsys/mt6735/ddp_dsi.c:359:3: note: in expansion of macro 'DSI_OUTREGBIT'
   DSI_OUTREGBIT(cmdq, DSI_MODE_CTRL_REG,DSI_REG[i]->DSI_MODE_CTRL,FRM_MODE,mode);
   ^
In file included from /home/satory-ra/Android/kernel/android_kernel_oukitel_orange/drivers/misc/mediatek/videox/mt6735/disp_drv_log.h:3:0,
                 from drivers/misc/mediatek/dispsys/mt6735/ddp_dsi.c:8:
/home/satory-ra/Android/kernel/android_kernel_oukitel_orange/drivers/misc/mediatek/dispsys/mt6735/display_recorder.h:136:6: note: expected 'unsigned int' but argument is of type 'volatile struct DSI_MODE_CTRL_REG *'
 void dprec_reg_op(void* cmdq, unsigned int reg, unsigned int val, unsigned int mask);
      ^
In file included from drivers/misc/mediatek/dispsys/mt6735/ddp_dsi.c:31:0:
/home/satory-ra/Android/kernel/android_kernel_oukitel_orange/drivers/misc/mediatek/dispsys/mt6735/mt6735m/ddp_reg.h:1487:38: warning: passing argument 1 of 'disp_addr_convert' makes integer from pointer without a cast
                 cmdqRecWrite(handle, disp_addr_convert(reg32), val, ~0); \
                                      ^
drivers/misc/mediatek/dispsys/mt6735/ddp_dsi.c:59:63: note: in expansion of macro 'DISP_REG_SET'
   else{mt_reg_sync_writel(INREG32(&REG),&r);r.bit = (value);  DISP_REG_SET(cmdq, &REG, INREG32(&r));}    \
                                                               ^
drivers/misc/mediatek/dispsys/mt6735/ddp_dsi.c:359:3: note: in expansion of macro 'DSI_OUTREGBIT'
   DSI_OUTREGBIT(cmdq, DSI_MODE_CTRL_REG,DSI_REG[i]->DSI_MODE_CTRL,FRM_MODE,mode);
   ^
/home/satory-ra/Android/kernel/android_kernel_oukitel_orange/drivers/misc/mediatek/dispsys/mt6735/mt6735m/ddp_reg.h:1395:29: note: expected 'long unsigned int' but argument is of type 'volatile struct DSI_MODE_CTRL_REG *'
 static inline unsigned long disp_addr_convert(unsigned long va) 
                             ^
drivers/misc/mediatek/dispsys/mt6735/ddp_dsi.c: In function 'DSI_SetSwitchMode':
/home/satory-ra/Android/kernel/android_kernel_oukitel_orange/drivers/misc/mediatek/dispsys/mt6735/mt6735m/ddp_reg.h:1413:3: warning: passing argument 2 of 'dprec_reg_op' makes integer from pointer without a cast
   dprec_reg_op(handle, reg32, val, mask);\
   ^
drivers/misc/mediatek/dispsys/mt6735/ddp_dsi.c:58:145: note: in expansion of macro 'DISP_REG_MASK'
   if(cmdq)  {*(unsigned int*)(&r) = ((unsigned int)0x00000000);r.bit = ~(r.bit);*(unsigned int*)(&v) = ((unsigned int)0x00000000);v.bit = value;DISP_REG_MASK(cmdq, &REG, AS_UINT32(&v), AS_UINT32(&r));}  \
                                                                                                                                                 ^
drivers/misc/mediatek/dispsys/mt6735/ddp_dsi.c:373:4: note: in expansion of macro 'DSI_OUTREGBIT'
    DSI_OUTREGBIT(cmdq, DSI_MODE_CTRL_REG,DSI_REG[i]->DSI_MODE_CTRL,V2C_SWITCH_ON,1);
    ^
In file included from /home/satory-ra/Android/kernel/android_kernel_oukitel_orange/drivers/misc/mediatek/videox/mt6735/disp_drv_log.h:3:0,
                 from drivers/misc/mediatek/dispsys/mt6735/ddp_dsi.c:8:
/home/satory-ra/Android/kernel/android_kernel_oukitel_orange/drivers/misc/mediatek/dispsys/mt6735/display_recorder.h:136:6: note: expected 'unsigned int' but argument is of type 'volatile struct DSI_MODE_CTRL_REG *'
 void dprec_reg_op(void* cmdq, unsigned int reg, unsigned int val, unsigned int mask);
      ^
In file included from drivers/misc/mediatek/dispsys/mt6735/ddp_dsi.c:31:0:
/home/satory-ra/Android/kernel/android_kernel_oukitel_orange/drivers/misc/mediatek/dispsys/mt6735/mt6735m/ddp_reg.h:1420:25: warning: passing argument 1 of 'disp_addr_convert' makes integer from pointer without a cast
    cmdqRecWrite(handle, disp_addr_convert(reg32), val, mask); \
                         ^
drivers/misc/mediatek/dispsys/mt6735/ddp_dsi.c:58:145: note: in expansion of macro 'DISP_REG_MASK'
   if(cmdq)  {*(unsigned int*)(&r) = ((unsigned int)0x00000000);r.bit = ~(r.bit);*(unsigned int*)(&v) = ((unsigned int)0x00000000);v.bit = value;DISP_REG_MASK(cmdq, &REG, AS_UINT32(&v), AS_UINT32(&r));}  \
                                                                                                                                                 ^
drivers/misc/mediatek/dispsys/mt6735/ddp_dsi.c:373:4: note: in expansion of macro 'DSI_OUTREGBIT'
    DSI_OUTREGBIT(cmdq, DSI_MODE_CTRL_REG,DSI_REG[i]->DSI_MODE_CTRL,V2C_SWITCH_ON,1);
    ^
/home/satory-ra/Android/kernel/android_kernel_oukitel_orange/drivers/misc/mediatek/dispsys/mt6735/mt6735m/ddp_reg.h:1395:29: note: expected 'long unsigned int' but argument is of type 'volatile struct DSI_MODE_CTRL_REG *'
 static inline unsigned long disp_addr_convert(unsigned long va) 
                             ^
/home/satory-ra/Android/kernel/android_kernel_oukitel_orange/drivers/misc/mediatek/dispsys/mt6735/mt6735m/ddp_reg.h:1486:17: warning: passing argument 2 of 'dprec_reg_op' makes integer from pointer without a cast
                 dprec_reg_op(handle, reg32, val, 0x00000000);\
                 ^
drivers/misc/mediatek/dispsys/mt6735/ddp_dsi.c:59:63: note: in expansion of macro 'DISP_REG_SET'
   else{mt_reg_sync_writel(INREG32(&REG),&r);r.bit = (value);  DISP_REG_SET(cmdq, &REG, INREG32(&r));}    \
                                                               ^
drivers/misc/mediatek/dispsys/mt6735/ddp_dsi.c:373:4: note: in expansion of macro 'DSI_OUTREGBIT'
    DSI_OUTREGBIT(cmdq, DSI_MODE_CTRL_REG,DSI_REG[i]->DSI_MODE_CTRL,V2C_SWITCH_ON,1);
    ^
In file included from /home/satory-ra/Android/kernel/android_kernel_oukitel_orange/drivers/misc/mediatek/videox/mt6735/disp_drv_log.h:3:0,
                 from drivers/misc/mediatek/dispsys/mt6735/ddp_dsi.c:8:
/home/satory-ra/Android/kernel/android_kernel_oukitel_orange/drivers/misc/mediatek/dispsys/mt6735/display_recorder.h:136:6: note: expected 'unsigned int' but argument is of type 'volatile struct DSI_MODE_CTRL_REG *'
 void dprec_reg_op(void* cmdq, unsigned int reg, unsigned int val, unsigned int mask);
      ^
In file included from drivers/misc/mediatek/dispsys/mt6735/ddp_dsi.c:31:0:
/home/satory-ra/Android/kernel/android_kernel_oukitel_orange/drivers/misc/mediatek/dispsys/mt6735/mt6735m/ddp_reg.h:1487:38: warning: passing argument 1 of 'disp_addr_convert' makes integer from pointer without a cast
                 cmdqRecWrite(handle, disp_addr_convert(reg32), val, ~0); \
                                      ^
drivers/misc/mediatek/dispsys/mt6735/ddp_dsi.c:59:63: note: in expansion of macro 'DISP_REG_SET'
   else{mt_reg_sync_writel(INREG32(&REG),&r);r.bit = (value);  DISP_REG_SET(cmdq, &REG, INREG32(&r));}    \
                                                               ^
drivers/misc/mediatek/dispsys/mt6735/ddp_dsi.c:373:4: note: in expansion of macro 'DSI_OUTREGBIT'
    DSI_OUTREGBIT(cmdq, DSI_MODE_CTRL_REG,DSI_REG[i]->DSI_MODE_CTRL,V2C_SWITCH_ON,1);
    ^
/home/satory-ra/Android/kernel/android_kernel_oukitel_orange/drivers/misc/mediatek/dispsys/mt6735/mt6735m/ddp_reg.h:1395:29: note: expected 'long unsigned int' but argument is of type 'volatile struct DSI_MODE_CTRL_REG *'
 static inline unsigned long disp_addr_convert(unsigned long va) 
                             ^
/home/satory-ra/Android/kernel/android_kernel_oukitel_orange/drivers/misc/mediatek/dispsys/mt6735/mt6735m/ddp_reg.h:1413:3: warning: passing argument 2 of 'dprec_reg_op' makes integer from pointer without a cast
   dprec_reg_op(handle, reg32, val, mask);\
   ^
drivers/misc/mediatek/dispsys/mt6735/ddp_dsi.c:58:145: note: in expansion of macro 'DISP_REG_MASK'
   if(cmdq)  {*(unsigned int*)(&r) = ((unsigned int)0x00000000);r.bit = ~(r.bit);*(unsigned int*)(&v) = ((unsigned int)0x00000000);v.bit = value;DISP_REG_MASK(cmdq, &REG, AS_UINT32(&v), AS_UINT32(&r));}  \
                                                                                                                                                 ^
drivers/misc/mediatek/dispsys/mt6735/ddp_dsi.c:377:4: note: in expansion of macro 'DSI_OUTREGBIT'
    DSI_OUTREGBIT(cmdq, DSI_MODE_CTRL_REG,DSI_REG[i]->DSI_MODE_CTRL,C2V_SWITCH_ON,1);
    ^
In file included from /home/satory-ra/Android/kernel/android_kernel_oukitel_orange/drivers/misc/mediatek/videox/mt6735/disp_drv_log.h:3:0,
                 from drivers/misc/mediatek/dispsys/mt6735/ddp_dsi.c:8:
/home/satory-ra/Android/kernel/android_kernel_oukitel_orange/drivers/misc/mediatek/dispsys/mt6735/display_recorder.h:136:6: note: expected 'unsigned int' but argument is of type 'volatile struct DSI_MODE_CTRL_REG *'
 void dprec_reg_op(void* cmdq, unsigned int reg, unsigned int val, unsigned int mask);
      ^
In file included from drivers/misc/mediatek/dispsys/mt6735/ddp_dsi.c:31:0:
/home/satory-ra/Android/kernel/android_kernel_oukitel_orange/drivers/misc/mediatek/dispsys/mt6735/mt6735m/ddp_reg.h:1420:25: warning: passing argument 1 of 'disp_addr_convert' makes integer from pointer without a cast
    cmdqRecWrite(handle, disp_addr_convert(reg32), val, mask); \
                         ^
drivers/misc/mediatek/dispsys/mt6735/ddp_dsi.c:58:145: note: in expansion of macro 'DISP_REG_MASK'
   if(cmdq)  {*(unsigned int*)(&r) = ((unsigned int)0x00000000);r.bit = ~(r.bit);*(unsigned int*)(&v) = ((unsigned int)0x00000000);v.bit = value;DISP_REG_MASK(cmdq, &REG, AS_UINT32(&v), AS_UINT32(&r));}  \
                                                                                                                                                 ^
drivers/misc/mediatek/dispsys/mt6735/ddp_dsi.c:377:4: note: in expansion of macro 'DSI_OUTREGBIT'
    DSI_OUTREGBIT(cmdq, DSI_MODE_CTRL_REG,DSI_REG[i]->DSI_MODE_CTRL,C2V_SWITCH_ON,1);
    ^
/home/satory-ra/Android/kernel/android_kernel_oukitel_orange/drivers/misc/mediatek/dispsys/mt6735/mt6735m/ddp_reg.h:1395:29: note: expected 'long unsigned int' but argument is of type 'volatile struct DSI_MODE_CTRL_REG *'
 static inline unsigned long disp_addr_convert(unsigned long va) 
                             ^
/home/satory-ra/Android/kernel/android_kernel_oukitel_orange/drivers/misc/mediatek/dispsys/mt6735/mt6735m/ddp_reg.h:1486:17: warning: passing argument 2 of 'dprec_reg_op' makes integer from pointer without a cast
                 dprec_reg_op(handle, reg32, val, 0x00000000);\
                 ^
drivers/misc/mediatek/dispsys/mt6735/ddp_dsi.c:59:63: note: in expansion of macro 'DISP_REG_SET'
   else{mt_reg_sync_writel(INREG32(&REG),&r);r.bit = (value);  DISP_REG_SET(cmdq, &REG, INREG32(&r));}    \
                                                               ^
drivers/misc/mediatek/dispsys/mt6735/ddp_dsi.c:377:4: note: in expansion of macro 'DSI_OUTREGBIT'
    DSI_OUTREGBIT(cmdq, DSI_MODE_CTRL_REG,DSI_REG[i]->DSI_MODE_CTRL,C2V_SWITCH_ON,1);
    ^
In file included from /home/satory-ra/Android/kernel/android_kernel_oukitel_orange/drivers/misc/mediatek/videox/mt6735/disp_drv_log.h:3:0,
                 from drivers/misc/mediatek/dispsys/mt6735/ddp_dsi.c:8:
/home/satory-ra/Android/kernel/android_kernel_oukitel_orange/drivers/misc/mediatek/dispsys/mt6735/display_recorder.h:136:6: note: expected 'unsigned int' but argument is of type 'volatile struct DSI_MODE_CTRL_REG *'
 void dprec_reg_op(void* cmdq, unsigned int reg, unsigned int val, unsigned int mask);
      ^
In file included from drivers/misc/mediatek/dispsys/mt6735/ddp_dsi.c:31:0:
/home/satory-ra/Android/kernel/android_kernel_oukitel_orange/drivers/misc/mediatek/dispsys/mt6735/mt6735m/ddp_reg.h:1487:38: warning: passing argument 1 of 'disp_addr_convert' makes integer from pointer without a cast
                 cmdqRecWrite(handle, disp_addr_convert(reg32), val, ~0); \
                                      ^
drivers/misc/mediatek/dispsys/mt6735/ddp_dsi.c:59:63: note: in expansion of macro 'DISP_REG_SET'
   else{mt_reg_sync_writel(INREG32(&REG),&r);r.bit = (value);  DISP_REG_SET(cmdq, &REG, INREG32(&r));}    \
                                                               ^
drivers/misc/mediatek/dispsys/mt6735/ddp_dsi.c:377:4: note: in expansion of macro 'DSI_OUTREGBIT'
    DSI_OUTREGBIT(cmdq, DSI_MODE_CTRL_REG,DSI_REG[i]->DSI_MODE_CTRL,C2V_SWITCH_ON,1);
    ^
/home/satory-ra/Android/kernel/android_kernel_oukitel_orange/drivers/misc/mediatek/dispsys/mt6735/mt6735m/ddp_reg.h:1395:29: note: expected 'long unsigned int' but argument is of type 'volatile struct DSI_MODE_CTRL_REG *'
 static inline unsigned long disp_addr_convert(unsigned long va) 
                             ^
drivers/misc/mediatek/dispsys/mt6735/ddp_dsi.c: In function 'DSI_SetBypassRack':
/home/satory-ra/Android/kernel/android_kernel_oukitel_orange/drivers/misc/mediatek/dispsys/mt6735/mt6735m/ddp_reg.h:1413:3: warning: passing argument 2 of 'dprec_reg_op' makes integer from pointer without a cast
   dprec_reg_op(handle, reg32, val, mask);\
   ^
drivers/misc/mediatek/dispsys/mt6735/ddp_dsi.c:58:145: note: in expansion of macro 'DISP_REG_MASK'
   if(cmdq)  {*(unsigned int*)(&r) = ((unsigned int)0x00000000);r.bit = ~(r.bit);*(unsigned int*)(&v) = ((unsigned int)0x00000000);v.bit = value;DISP_REG_MASK(cmdq, &REG, AS_UINT32(&v), AS_UINT32(&r));}  \
                                                                                                                                                 ^
drivers/misc/mediatek/dispsys/mt6735/ddp_dsi.c:390:4: note: in expansion of macro 'DSI_OUTREGBIT'
    DSI_OUTREGBIT(cmdq, DSI_RACK_REG,DSI_REG[i]->DSI_RACK,DSI_RACK_BYPASS,0);
    ^
In file included from /home/satory-ra/Android/kernel/android_kernel_oukitel_orange/drivers/misc/mediatek/videox/mt6735/disp_drv_log.h:3:0,
                 from drivers/misc/mediatek/dispsys/mt6735/ddp_dsi.c:8:
/home/satory-ra/Android/kernel/android_kernel_oukitel_orange/drivers/misc/mediatek/dispsys/mt6735/display_recorder.h:136:6: note: expected 'unsigned int' but argument is of type 'volatile struct DSI_RACK_REG *'
 void dprec_reg_op(void* cmdq, unsigned int reg, unsigned int val, unsigned int mask);
      ^
In file included from drivers/misc/mediatek/dispsys/mt6735/ddp_dsi.c:31:0:
/home/satory-ra/Android/kernel/android_kernel_oukitel_orange/drivers/misc/mediatek/dispsys/mt6735/mt6735m/ddp_reg.h:1420:25: warning: passing argument 1 of 'disp_addr_convert' makes integer from pointer without a cast
    cmdqRecWrite(handle, disp_addr_convert(reg32), val, mask); \
                         ^
drivers/misc/mediatek/dispsys/mt6735/ddp_dsi.c:58:145: note: in expansion of macro 'DISP_REG_MASK'
   if(cmdq)  {*(unsigned int*)(&r) = ((unsigned int)0x00000000);r.bit = ~(r.bit);*(unsigned int*)(&v) = ((unsigned int)0x00000000);v.bit = value;DISP_REG_MASK(cmdq, &REG, AS_UINT32(&v), AS_UINT32(&r));}  \
                                                                                                                                                 ^
drivers/misc/mediatek/dispsys/mt6735/ddp_dsi.c:390:4: note: in expansion of macro 'DSI_OUTREGBIT'
    DSI_OUTREGBIT(cmdq, DSI_RACK_REG,DSI_REG[i]->DSI_RACK,DSI_RACK_BYPASS,0);
    ^
/home/satory-ra/Android/kernel/android_kernel_oukitel_orange/drivers/misc/mediatek/dispsys/mt6735/mt6735m/ddp_reg.h:1395:29: note: expected 'long unsigned int' but argument is of type 'volatile struct DSI_RACK_REG *'
 static inline unsigned long disp_addr_convert(unsigned long va) 
                             ^
/home/satory-ra/Android/kernel/android_kernel_oukitel_orange/drivers/misc/mediatek/dispsys/mt6735/mt6735m/ddp_reg.h:1486:17: warning: passing argument 2 of 'dprec_reg_op' makes integer from pointer without a cast
                 dprec_reg_op(handle, reg32, val, 0x00000000);\
                 ^
drivers/misc/mediatek/dispsys/mt6735/ddp_dsi.c:59:63: note: in expansion of macro 'DISP_REG_SET'
   else{mt_reg_sync_writel(INREG32(&REG),&r);r.bit = (value);  DISP_REG_SET(cmdq, &REG, INREG32(&r));}    \
                                                               ^
drivers/misc/mediatek/dispsys/mt6735/ddp_dsi.c:390:4: note: in expansion of macro 'DSI_OUTREGBIT'
    DSI_OUTREGBIT(cmdq, DSI_RACK_REG,DSI_REG[i]->DSI_RACK,DSI_RACK_BYPASS,0);
    ^
In file included from /home/satory-ra/Android/kernel/android_kernel_oukitel_orange/drivers/misc/mediatek/videox/mt6735/disp_drv_log.h:3:0,
                 from drivers/misc/mediatek/dispsys/mt6735/ddp_dsi.c:8:
/home/satory-ra/Android/kernel/android_kernel_oukitel_orange/drivers/misc/mediatek/dispsys/mt6735/display_recorder.h:136:6: note: expected 'unsigned int' but argument is of type 'volatile struct DSI_RACK_REG *'
 void dprec_reg_op(void* cmdq, unsigned int reg, unsigned int val, unsigned int mask);
      ^
In file included from drivers/misc/mediatek/dispsys/mt6735/ddp_dsi.c:31:0:
/home/satory-ra/Android/kernel/android_kernel_oukitel_orange/drivers/misc/mediatek/dispsys/mt6735/mt6735m/ddp_reg.h:1487:38: warning: passing argument 1 of 'disp_addr_convert' makes integer from pointer without a cast
                 cmdqRecWrite(handle, disp_addr_convert(reg32), val, ~0); \
                                      ^
drivers/misc/mediatek/dispsys/mt6735/ddp_dsi.c:59:63: note: in expansion of macro 'DISP_REG_SET'
   else{mt_reg_sync_writel(INREG32(&REG),&r);r.bit = (value);  DISP_REG_SET(cmdq, &REG, INREG32(&r));}    \
                                                               ^
drivers/misc/mediatek/dispsys/mt6735/ddp_dsi.c:390:4: note: in expansion of macro 'DSI_OUTREGBIT'
    DSI_OUTREGBIT(cmdq, DSI_RACK_REG,DSI_REG[i]->DSI_RACK,DSI_RACK_BYPASS,0);
    ^
/home/satory-ra/Android/kernel/android_kernel_oukitel_orange/drivers/misc/mediatek/dispsys/mt6735/mt6735m/ddp_reg.h:1395:29: note: expected 'long unsigned int' but argument is of type 'volatile struct DSI_RACK_REG *'
 static inline unsigned long disp_addr_convert(unsigned long va) 
                             ^
/home/satory-ra/Android/kernel/android_kernel_oukitel_orange/drivers/misc/mediatek/dispsys/mt6735/mt6735m/ddp_reg.h:1413:3: warning: passing argument 2 of 'dprec_reg_op' makes integer from pointer without a cast
   dprec_reg_op(handle, reg32, val, mask);\
   ^
drivers/misc/mediatek/dispsys/mt6735/ddp_dsi.c:58:145: note: in expansion of macro 'DISP_REG_MASK'
   if(cmdq)  {*(unsigned int*)(&r) = ((unsigned int)0x00000000);r.bit = ~(r.bit);*(unsigned int*)(&v) = ((unsigned int)0x00000000);v.bit = value;DISP_REG_MASK(cmdq, &REG, AS_UINT32(&v), AS_UINT32(&r));}  \
                                                                                                                                                 ^
drivers/misc/mediatek/dispsys/mt6735/ddp_dsi.c:393:4: note: in expansion of macro 'DSI_OUTREGBIT'
    DSI_OUTREGBIT(cmdq, DSI_RACK_REG,DSI_REG[i]->DSI_RACK,DSI_RACK_BYPASS,1);
    ^
In file included from /home/satory-ra/Android/kernel/android_kernel_oukitel_orange/drivers/misc/mediatek/videox/mt6735/disp_drv_log.h:3:0,
                 from drivers/misc/mediatek/dispsys/mt6735/ddp_dsi.c:8:
/home/satory-ra/Android/kernel/android_kernel_oukitel_orange/drivers/misc/mediatek/dispsys/mt6735/display_recorder.h:136:6: note: expected 'unsigned int' but argument is of type 'volatile struct DSI_RACK_REG *'
 void dprec_reg_op(void* cmdq, unsigned int reg, unsigned int val, unsigned int mask);
      ^
In file included from drivers/misc/mediatek/dispsys/mt6735/ddp_dsi.c:31:0:
/home/satory-ra/Android/kernel/android_kernel_oukitel_orange/drivers/misc/mediatek/dispsys/mt6735/mt6735m/ddp_reg.h:1420:25: warning: passing argument 1 of 'disp_addr_convert' makes integer from pointer without a cast
    cmdqRecWrite(handle, disp_addr_convert(reg32), val, mask); \
                         ^
drivers/misc/mediatek/dispsys/mt6735/ddp_dsi.c:58:145: note: in expansion of macro 'DISP_REG_MASK'
   if(cmdq)  {*(unsigned int*)(&r) = ((unsigned int)0x00000000);r.bit = ~(r.bit);*(unsigned int*)(&v) = ((unsigned int)0x00000000);v.bit = value;DISP_REG_MASK(cmdq, &REG, AS_UINT32(&v), AS_UINT32(&r));}  \
                                                                                                                                                 ^
drivers/misc/mediatek/dispsys/mt6735/ddp_dsi.c:393:4: note: in expansion of macro 'DSI_OUTREGBIT'
    DSI_OUTREGBIT(cmdq, DSI_RACK_REG,DSI_REG[i]->DSI_RACK,DSI_RACK_BYPASS,1);
    ^
/home/satory-ra/Android/kernel/android_kernel_oukitel_orange/drivers/misc/mediatek/dispsys/mt6735/mt6735m/ddp_reg.h:1395:29: note: expected 'long unsigned int' but argument is of type 'volatile struct DSI_RACK_REG *'
 static inline unsigned long disp_addr_convert(unsigned long va) 
                             ^
/home/satory-ra/Android/kernel/android_kernel_oukitel_orange/drivers/misc/mediatek/dispsys/mt6735/mt6735m/ddp_reg.h:1486:17: warning: passing argument 2 of 'dprec_reg_op' makes integer from pointer without a cast
                 dprec_reg_op(handle, reg32, val, 0x00000000);\
                 ^
drivers/misc/mediatek/dispsys/mt6735/ddp_dsi.c:59:63: note: in expansion of macro 'DISP_REG_SET'
   else{mt_reg_sync_writel(INREG32(&REG),&r);r.bit = (value);  DISP_REG_SET(cmdq, &REG, INREG32(&r));}    \
                                                               ^
drivers/misc/mediatek/dispsys/mt6735/ddp_dsi.c:393:4: note: in expansion of macro 'DSI_OUTREGBIT'
    DSI_OUTREGBIT(cmdq, DSI_RACK_REG,DSI_REG[i]->DSI_RACK,DSI_RACK_BYPASS,1);
    ^
In file included from /home/satory-ra/Android/kernel/android_kernel_oukitel_orange/drivers/misc/mediatek/videox/mt6735/disp_drv_log.h:3:0,
                 from drivers/misc/mediatek/dispsys/mt6735/ddp_dsi.c:8:
/home/satory-ra/Android/kernel/android_kernel_oukitel_orange/drivers/misc/mediatek/dispsys/mt6735/display_recorder.h:136:6: note: expected 'unsigned int' but argument is of type 'volatile struct DSI_RACK_REG *'
 void dprec_reg_op(void* cmdq, unsigned int reg, unsigned int val, unsigned int mask);
      ^
In file included from drivers/misc/mediatek/dispsys/mt6735/ddp_dsi.c:31:0:
/home/satory-ra/Android/kernel/android_kernel_oukitel_orange/drivers/misc/mediatek/dispsys/mt6735/mt6735m/ddp_reg.h:1487:38: warning: passing argument 1 of 'disp_addr_convert' makes integer from pointer without a cast
                 cmdqRecWrite(handle, disp_addr_convert(reg32), val, ~0); \
                                      ^
drivers/misc/mediatek/dispsys/mt6735/ddp_dsi.c:59:63: note: in expansion of macro 'DISP_REG_SET'
   else{mt_reg_sync_writel(INREG32(&REG),&r);r.bit = (value);  DISP_REG_SET(cmdq, &REG, INREG32(&r));}    \
                                                               ^
drivers/misc/mediatek/dispsys/mt6735/ddp_dsi.c:393:4: note: in expansion of macro 'DSI_OUTREGBIT'
    DSI_OUTREGBIT(cmdq, DSI_RACK_REG,DSI_REG[i]->DSI_RACK,DSI_RACK_BYPASS,1);
    ^
/home/satory-ra/Android/kernel/android_kernel_oukitel_orange/drivers/misc/mediatek/dispsys/mt6735/mt6735m/ddp_reg.h:1395:29: note: expected 'long unsigned int' but argument is of type 'volatile struct DSI_RACK_REG *'
 static inline unsigned long disp_addr_convert(unsigned long va) 
                             ^
drivers/misc/mediatek/dispsys/mt6735/ddp_dsi.c: In function 'DSI_DisableClk':
drivers/misc/mediatek/dispsys/mt6735/ddp_dsi.c:402:6: warning: unused variable 'i' [-Wunused-variable]
  int i = 0;
      ^
In file included from drivers/misc/mediatek/dispsys/mt6735/ddp_dsi.c:31:0:
drivers/misc/mediatek/dispsys/mt6735/ddp_dsi.c: In function 'DSI_sw_clk_trail':
/home/satory-ra/Android/kernel/android_kernel_oukitel_orange/drivers/misc/mediatek/dispsys/mt6735/mt6735m/ddp_reg.h:1486:17: warning: passing argument 2 of 'dprec_reg_op' makes integer from pointer without a cast
                 dprec_reg_op(handle, reg32, val, 0x00000000);\
                 ^
drivers/misc/mediatek/dispsys/mt6735/ddp_dsi.c:419:2: note: in expansion of macro 'DISP_REG_SET'
  DISP_REG_SET(NULL, &DSI_REG[module_idx]->DSI_PHY_LCCON, 0x00000001);
  ^
In file included from /home/satory-ra/Android/kernel/android_kernel_oukitel_orange/drivers/misc/mediatek/videox/mt6735/disp_drv_log.h:3:0,
                 from drivers/misc/mediatek/dispsys/mt6735/ddp_dsi.c:8:
/home/satory-ra/Android/kernel/android_kernel_oukitel_orange/drivers/misc/mediatek/dispsys/mt6735/display_recorder.h:136:6: note: expected 'unsigned int' but argument is of type 'volatile struct DSI_PHY_LCCON_REG *'
 void dprec_reg_op(void* cmdq, unsigned int reg, unsigned int val, unsigned int mask);
      ^
In file included from drivers/misc/mediatek/dispsys/mt6735/ddp_dsi.c:31:0:
/home/satory-ra/Android/kernel/android_kernel_oukitel_orange/drivers/misc/mediatek/dispsys/mt6735/mt6735m/ddp_reg.h:1487:38: warning: passing argument 1 of 'disp_addr_convert' makes integer from pointer without a cast
                 cmdqRecWrite(handle, disp_addr_convert(reg32), val, ~0); \
                                      ^
drivers/misc/mediatek/dispsys/mt6735/ddp_dsi.c:419:2: note: in expansion of macro 'DISP_REG_SET'
  DISP_REG_SET(NULL, &DSI_REG[module_idx]->DSI_PHY_LCCON, 0x00000001);
  ^
/home/satory-ra/Android/kernel/android_kernel_oukitel_orange/drivers/misc/mediatek/dispsys/mt6735/mt6735m/ddp_reg.h:1395:29: note: expected 'long unsigned int' but argument is of type 'volatile struct DSI_PHY_LCCON_REG *'
 static inline unsigned long disp_addr_convert(unsigned long va) 
                             ^
/home/satory-ra/Android/kernel/android_kernel_oukitel_orange/drivers/misc/mediatek/dispsys/mt6735/mt6735m/ddp_reg.h:1486:17: warning: passing argument 2 of 'dprec_reg_op' makes integer from pointer without a cast
                 dprec_reg_op(handle, reg32, val, 0x00000000);\
                 ^
drivers/misc/mediatek/dispsys/mt6735/ddp_dsi.c:420:2: note: in expansion of macro 'DISP_REG_SET'
  DISP_REG_SET(NULL, &DSI_PHY_REG[module_idx]->MIPITX_DSI_SW_CTRL_CON0, 0x00000031);
  ^
In file included from /home/satory-ra/Android/kernel/android_kernel_oukitel_orange/drivers/misc/mediatek/videox/mt6735/disp_drv_log.h:3:0,
                 from drivers/misc/mediatek/dispsys/mt6735/ddp_dsi.c:8:
/home/satory-ra/Android/kernel/android_kernel_oukitel_orange/drivers/misc/mediatek/dispsys/mt6735/display_recorder.h:136:6: note: expected 'unsigned int' but argument is of type 'volatile struct MIPITX_DSI_SW_CTRL_CON0_REG *'
 void dprec_reg_op(void* cmdq, unsigned int reg, unsigned int val, unsigned int mask);
      ^
In file included from drivers/misc/mediatek/dispsys/mt6735/ddp_dsi.c:31:0:
/home/satory-ra/Android/kernel/android_kernel_oukitel_orange/drivers/misc/mediatek/dispsys/mt6735/mt6735m/ddp_reg.h:1487:38: warning: passing argument 1 of 'disp_addr_convert' makes integer from pointer without a cast
                 cmdqRecWrite(handle, disp_addr_convert(reg32), val, ~0); \
                                      ^
drivers/misc/mediatek/dispsys/mt6735/ddp_dsi.c:420:2: note: in expansion of macro 'DISP_REG_SET'
  DISP_REG_SET(NULL, &DSI_PHY_REG[module_idx]->MIPITX_DSI_SW_CTRL_CON0, 0x00000031);
  ^
/home/satory-ra/Android/kernel/android_kernel_oukitel_orange/drivers/misc/mediatek/dispsys/mt6735/mt6735m/ddp_reg.h:1395:29: note: expected 'long unsigned int' but argument is of type 'volatile struct MIPITX_DSI_SW_CTRL_CON0_REG *'
 static inline unsigned long disp_addr_convert(unsigned long va) 
                             ^
/home/satory-ra/Android/kernel/android_kernel_oukitel_orange/drivers/misc/mediatek/dispsys/mt6735/mt6735m/ddp_reg.h:1486:17: warning: passing argument 2 of 'dprec_reg_op' makes integer from pointer without a cast
                 dprec_reg_op(handle, reg32, val, 0x00000000);\
                 ^
drivers/misc/mediatek/dispsys/mt6735/ddp_dsi.c:421:2: note: in expansion of macro 'DISP_REG_SET'
  DISP_REG_SET(NULL, &DSI_PHY_REG[module_idx]->MIPITX_DSI_SW_CTRL_CON1, 0x0F0F0F0F); 
  ^
In file included from /home/satory-ra/Android/kernel/android_kernel_oukitel_orange/drivers/misc/mediatek/videox/mt6735/disp_drv_log.h:3:0,
                 from drivers/misc/mediatek/dispsys/mt6735/ddp_dsi.c:8:
/home/satory-ra/Android/kernel/android_kernel_oukitel_orange/drivers/misc/mediatek/dispsys/mt6735/display_recorder.h:136:6: note: expected 'unsigned int' but argument is of type 'volatile struct MIPITX_DSI_SW_CTRL_CON1_REG *'
 void dprec_reg_op(void* cmdq, unsigned int reg, unsigned int val, unsigned int mask);
      ^
In file included from drivers/misc/mediatek/dispsys/mt6735/ddp_dsi.c:31:0:
/home/satory-ra/Android/kernel/android_kernel_oukitel_orange/drivers/misc/mediatek/dispsys/mt6735/mt6735m/ddp_reg.h:1487:38: warning: passing argument 1 of 'disp_addr_convert' makes integer from pointer without a cast
                 cmdqRecWrite(handle, disp_addr_convert(reg32), val, ~0); \
                                      ^
drivers/misc/mediatek/dispsys/mt6735/ddp_dsi.c:421:2: note: in expansion of macro 'DISP_REG_SET'
  DISP_REG_SET(NULL, &DSI_PHY_REG[module_idx]->MIPITX_DSI_SW_CTRL_CON1, 0x0F0F0F0F); 
  ^
/home/satory-ra/Android/kernel/android_kernel_oukitel_orange/drivers/misc/mediatek/dispsys/mt6735/mt6735m/ddp_reg.h:1395:29: note: expected 'long unsigned int' but argument is of type 'volatile struct MIPITX_DSI_SW_CTRL_CON1_REG *'
 static inline unsigned long disp_addr_convert(unsigned long va) 
                             ^
/home/satory-ra/Android/kernel/android_kernel_oukitel_orange/drivers/misc/mediatek/dispsys/mt6735/mt6735m/ddp_reg.h:1486:17: warning: passing argument 2 of 'dprec_reg_op' makes integer from pointer without a cast
                 dprec_reg_op(handle, reg32, val, 0x00000000);\
                 ^
drivers/misc/mediatek/dispsys/mt6735/ddp_dsi.c:422:2: note: in expansion of macro 'DISP_REG_SET'
  DISP_REG_SET(NULL, &DSI_PHY_REG[module_idx]->MIPITX_DSI_SW_CTRL_EN, 0x00000001);
  ^
In file included from /home/satory-ra/Android/kernel/android_kernel_oukitel_orange/drivers/misc/mediatek/videox/mt6735/disp_drv_log.h:3:0,
                 from drivers/misc/mediatek/dispsys/mt6735/ddp_dsi.c:8:
/home/satory-ra/Android/kernel/android_kernel_oukitel_orange/drivers/misc/mediatek/dispsys/mt6735/display_recorder.h:136:6: note: expected 'unsigned int' but argument is of type 'volatile struct MIPITX_DSI_SW_CTRL_REG *'
 void dprec_reg_op(void* cmdq, unsigned int reg, unsigned int val, unsigned int mask);
      ^
In file included from drivers/misc/mediatek/dispsys/mt6735/ddp_dsi.c:31:0:
/home/satory-ra/Android/kernel/android_kernel_oukitel_orange/drivers/misc/mediatek/dispsys/mt6735/mt6735m/ddp_reg.h:1487:38: warning: passing argument 1 of 'disp_addr_convert' makes integer from pointer without a cast
                 cmdqRecWrite(handle, disp_addr_convert(reg32), val, ~0); \
                                      ^
drivers/misc/mediatek/dispsys/mt6735/ddp_dsi.c:422:2: note: in expansion of macro 'DISP_REG_SET'
  DISP_REG_SET(NULL, &DSI_PHY_REG[module_idx]->MIPITX_DSI_SW_CTRL_EN, 0x00000001);
  ^
/home/satory-ra/Android/kernel/android_kernel_oukitel_orange/drivers/misc/mediatek/dispsys/mt6735/mt6735m/ddp_reg.h:1395:29: note: expected 'long unsigned int' but argument is of type 'volatile struct MIPITX_DSI_SW_CTRL_REG *'
 static inline unsigned long disp_addr_convert(unsigned long va) 
                             ^
/home/satory-ra/Android/kernel/android_kernel_oukitel_orange/drivers/misc/mediatek/dispsys/mt6735/mt6735m/ddp_reg.h:1486:17: warning: passing argument 2 of 'dprec_reg_op' makes integer from pointer without a cast
                 dprec_reg_op(handle, reg32, val, 0x00000000);\
                 ^
drivers/misc/mediatek/dispsys/mt6735/ddp_dsi.c:434:2: note: in expansion of macro 'DISP_REG_SET'
  DISP_REG_SET(NULL, &DSI_REG[module_idx]->DSI_PHY_LCCON, 0x00000000);
  ^
In file included from /home/satory-ra/Android/kernel/android_kernel_oukitel_orange/drivers/misc/mediatek/videox/mt6735/disp_drv_log.h:3:0,
                 from drivers/misc/mediatek/dispsys/mt6735/ddp_dsi.c:8:
/home/satory-ra/Android/kernel/android_kernel_oukitel_orange/drivers/misc/mediatek/dispsys/mt6735/display_recorder.h:136:6: note: expected 'unsigned int' but argument is of type 'volatile struct DSI_PHY_LCCON_REG *'
 void dprec_reg_op(void* cmdq, unsigned int reg, unsigned int val, unsigned int mask);
      ^
In file included from drivers/misc/mediatek/dispsys/mt6735/ddp_dsi.c:31:0:
/home/satory-ra/Android/kernel/android_kernel_oukitel_orange/drivers/misc/mediatek/dispsys/mt6735/mt6735m/ddp_reg.h:1487:38: warning: passing argument 1 of 'disp_addr_convert' makes integer from pointer without a cast
                 cmdqRecWrite(handle, disp_addr_convert(reg32), val, ~0); \
                                      ^
drivers/misc/mediatek/dispsys/mt6735/ddp_dsi.c:434:2: note: in expansion of macro 'DISP_REG_SET'
  DISP_REG_SET(NULL, &DSI_REG[module_idx]->DSI_PHY_LCCON, 0x00000000);
  ^
/home/satory-ra/Android/kernel/android_kernel_oukitel_orange/drivers/misc/mediatek/dispsys/mt6735/mt6735m/ddp_reg.h:1395:29: note: expected 'long unsigned int' but argument is of type 'volatile struct DSI_PHY_LCCON_REG *'
 static inline unsigned long disp_addr_convert(unsigned long va) 
                             ^
/home/satory-ra/Android/kernel/android_kernel_oukitel_orange/drivers/misc/mediatek/dispsys/mt6735/mt6735m/ddp_reg.h:1486:17: warning: passing argument 2 of 'dprec_reg_op' makes integer from pointer without a cast
                 dprec_reg_op(handle, reg32, val, 0x00000000);\
                 ^
drivers/misc/mediatek/dispsys/mt6735/ddp_dsi.c:436:2: note: in expansion of macro 'DISP_REG_SET'
  DISP_REG_SET(NULL, &DSI_PHY_REG[module_idx]->MIPITX_DSI_SW_CTRL_EN, 0x00000000);
  ^
In file included from /home/satory-ra/Android/kernel/android_kernel_oukitel_orange/drivers/misc/mediatek/videox/mt6735/disp_drv_log.h:3:0,
                 from drivers/misc/mediatek/dispsys/mt6735/ddp_dsi.c:8:
/home/satory-ra/Android/kernel/android_kernel_oukitel_orange/drivers/misc/mediatek/dispsys/mt6735/display_recorder.h:136:6: note: expected 'unsigned int' but argument is of type 'volatile struct MIPITX_DSI_SW_CTRL_REG *'
 void dprec_reg_op(void* cmdq, unsigned int reg, unsigned int val, unsigned int mask);
      ^
In file included from drivers/misc/mediatek/dispsys/mt6735/ddp_dsi.c:31:0:
/home/satory-ra/Android/kernel/android_kernel_oukitel_orange/drivers/misc/mediatek/dispsys/mt6735/mt6735m/ddp_reg.h:1487:38: warning: passing argument 1 of 'disp_addr_convert' makes integer from pointer without a cast
                 cmdqRecWrite(handle, disp_addr_convert(reg32), val, ~0); \
                                      ^
drivers/misc/mediatek/dispsys/mt6735/ddp_dsi.c:436:2: note: in expansion of macro 'DISP_REG_SET'
  DISP_REG_SET(NULL, &DSI_PHY_REG[module_idx]->MIPITX_DSI_SW_CTRL_EN, 0x00000000);
  ^
/home/satory-ra/Android/kernel/android_kernel_oukitel_orange/drivers/misc/mediatek/dispsys/mt6735/mt6735m/ddp_reg.h:1395:29: note: expected 'long unsigned int' but argument is of type 'volatile struct MIPITX_DSI_SW_CTRL_REG *'
 static inline unsigned long disp_addr_convert(unsigned long va) 
                             ^
drivers/misc/mediatek/dispsys/mt6735/ddp_dsi.c: In function 'DSI_sw_clk_trail_cmdq':
/home/satory-ra/Android/kernel/android_kernel_oukitel_orange/drivers/misc/mediatek/dispsys/mt6735/mt6735m/ddp_reg.h:1486:17: warning: passing argument 2 of 'dprec_reg_op' makes integer from pointer without a cast
                 dprec_reg_op(handle, reg32, val, 0x00000000);\
                 ^
drivers/misc/mediatek/dispsys/mt6735/ddp_dsi.c:444:2: note: in expansion of macro 'DISP_REG_SET'
  DISP_REG_SET(cmdq, &DSI_REG[module_idx]->DSI_PHY_LCCON, 0x00000001);
  ^
In file included from /home/satory-ra/Android/kernel/android_kernel_oukitel_orange/drivers/misc/mediatek/videox/mt6735/disp_drv_log.h:3:0,
                 from drivers/misc/mediatek/dispsys/mt6735/ddp_dsi.c:8:
/home/satory-ra/Android/kernel/android_kernel_oukitel_orange/drivers/misc/mediatek/dispsys/mt6735/display_recorder.h:136:6: note: expected 'unsigned int' but argument is of type 'volatile struct DSI_PHY_LCCON_REG *'
 void dprec_reg_op(void* cmdq, unsigned int reg, unsigned int val, unsigned int mask);
      ^
In file included from drivers/misc/mediatek/dispsys/mt6735/ddp_dsi.c:31:0:
/home/satory-ra/Android/kernel/android_kernel_oukitel_orange/drivers/misc/mediatek/dispsys/mt6735/mt6735m/ddp_reg.h:1487:38: warning: passing argument 1 of 'disp_addr_convert' makes integer from pointer without a cast
                 cmdqRecWrite(handle, disp_addr_convert(reg32), val, ~0); \
                                      ^
drivers/misc/mediatek/dispsys/mt6735/ddp_dsi.c:444:2: note: in expansion of macro 'DISP_REG_SET'
  DISP_REG_SET(cmdq, &DSI_REG[module_idx]->DSI_PHY_LCCON, 0x00000001);
  ^
/home/satory-ra/Android/kernel/android_kernel_oukitel_orange/drivers/misc/mediatek/dispsys/mt6735/mt6735m/ddp_reg.h:1395:29: note: expected 'long unsigned int' but argument is of type 'volatile struct DSI_PHY_LCCON_REG *'
 static inline unsigned long disp_addr_convert(unsigned long va) 
                             ^
/home/satory-ra/Android/kernel/android_kernel_oukitel_orange/drivers/misc/mediatek/dispsys/mt6735/mt6735m/ddp_reg.h:1486:17: warning: passing argument 2 of 'dprec_reg_op' makes integer from pointer without a cast
                 dprec_reg_op(handle, reg32, val, 0x00000000);\
                 ^
drivers/misc/mediatek/dispsys/mt6735/ddp_dsi.c:445:2: note: in expansion of macro 'DISP_REG_SET'
  DISP_REG_SET(cmdq, &DSI_PHY_REG[module_idx]->MIPITX_DSI_SW_CTRL_CON0, 0x00000031);
  ^
In file included from /home/satory-ra/Android/kernel/android_kernel_oukitel_orange/drivers/misc/mediatek/videox/mt6735/disp_drv_log.h:3:0,
                 from drivers/misc/mediatek/dispsys/mt6735/ddp_dsi.c:8:
/home/satory-ra/Android/kernel/android_kernel_oukitel_orange/drivers/misc/mediatek/dispsys/mt6735/display_recorder.h:136:6: note: expected 'unsigned int' but argument is of type 'volatile struct MIPITX_DSI_SW_CTRL_CON0_REG *'
 void dprec_reg_op(void* cmdq, unsigned int reg, unsigned int val, unsigned int mask);
      ^
In file included from drivers/misc/mediatek/dispsys/mt6735/ddp_dsi.c:31:0:
/home/satory-ra/Android/kernel/android_kernel_oukitel_orange/drivers/misc/mediatek/dispsys/mt6735/mt6735m/ddp_reg.h:1487:38: warning: passing argument 1 of 'disp_addr_convert' makes integer from pointer without a cast
                 cmdqRecWrite(handle, disp_addr_convert(reg32), val, ~0); \
                                      ^
drivers/misc/mediatek/dispsys/mt6735/ddp_dsi.c:445:2: note: in expansion of macro 'DISP_REG_SET'
  DISP_REG_SET(cmdq, &DSI_PHY_REG[module_idx]->MIPITX_DSI_SW_CTRL_CON0, 0x00000031);
  ^
/home/satory-ra/Android/kernel/android_kernel_oukitel_orange/drivers/misc/mediatek/dispsys/mt6735/mt6735m/ddp_reg.h:1395:29: note: expected 'long unsigned int' but argument is of type 'volatile struct MIPITX_DSI_SW_CTRL_CON0_REG *'
 static inline unsigned long disp_addr_convert(unsigned long va) 
                             ^
/home/satory-ra/Android/kernel/android_kernel_oukitel_orange/drivers/misc/mediatek/dispsys/mt6735/mt6735m/ddp_reg.h:1486:17: warning: passing argument 2 of 'dprec_reg_op' makes integer from pointer without a cast
                 dprec_reg_op(handle, reg32, val, 0x00000000);\
                 ^
drivers/misc/mediatek/dispsys/mt6735/ddp_dsi.c:446:2: note: in expansion of macro 'DISP_REG_SET'
  DISP_REG_SET(cmdq, &DSI_PHY_REG[module_idx]->MIPITX_DSI_SW_CTRL_CON1, 0x0F0F0F0F); 
  ^
In file included from /home/satory-ra/Android/kernel/android_kernel_oukitel_orange/drivers/misc/mediatek/videox/mt6735/disp_drv_log.h:3:0,
                 from drivers/misc/mediatek/dispsys/mt6735/ddp_dsi.c:8:
/home/satory-ra/Android/kernel/android_kernel_oukitel_orange/drivers/misc/mediatek/dispsys/mt6735/display_recorder.h:136:6: note: expected 'unsigned int' but argument is of type 'volatile struct MIPITX_DSI_SW_CTRL_CON1_REG *'
 void dprec_reg_op(void* cmdq, unsigned int reg, unsigned int val, unsigned int mask);
      ^
In file included from drivers/misc/mediatek/dispsys/mt6735/ddp_dsi.c:31:0:
/home/satory-ra/Android/kernel/android_kernel_oukitel_orange/drivers/misc/mediatek/dispsys/mt6735/mt6735m/ddp_reg.h:1487:38: warning: passing argument 1 of 'disp_addr_convert' makes integer from pointer without a cast
                 cmdqRecWrite(handle, disp_addr_convert(reg32), val, ~0); \
                                      ^
drivers/misc/mediatek/dispsys/mt6735/ddp_dsi.c:446:2: note: in expansion of macro 'DISP_REG_SET'
  DISP_REG_SET(cmdq, &DSI_PHY_REG[module_idx]->MIPITX_DSI_SW_CTRL_CON1, 0x0F0F0F0F); 
  ^
/home/satory-ra/Android/kernel/android_kernel_oukitel_orange/drivers/misc/mediatek/dispsys/mt6735/mt6735m/ddp_reg.h:1395:29: note: expected 'long unsigned int' but argument is of type 'volatile struct MIPITX_DSI_SW_CTRL_CON1_REG *'
 static inline unsigned long disp_addr_convert(unsigned long va) 
                             ^
/home/satory-ra/Android/kernel/android_kernel_oukitel_orange/drivers/misc/mediatek/dispsys/mt6735/mt6735m/ddp_reg.h:1486:17: warning: passing argument 2 of 'dprec_reg_op' makes integer from pointer without a cast
                 dprec_reg_op(handle, reg32, val, 0x00000000);\
                 ^
drivers/misc/mediatek/dispsys/mt6735/ddp_dsi.c:447:2: note: in expansion of macro 'DISP_REG_SET'
  DISP_REG_SET(cmdq, &DSI_PHY_REG[module_idx]->MIPITX_DSI_SW_CTRL_EN, 0x00000001);
  ^
In file included from /home/satory-ra/Android/kernel/android_kernel_oukitel_orange/drivers/misc/mediatek/videox/mt6735/disp_drv_log.h:3:0,
                 from drivers/misc/mediatek/dispsys/mt6735/ddp_dsi.c:8:
/home/satory-ra/Android/kernel/android_kernel_oukitel_orange/drivers/misc/mediatek/dispsys/mt6735/display_recorder.h:136:6: note: expected 'unsigned int' but argument is of type 'volatile struct MIPITX_DSI_SW_CTRL_REG *'
 void dprec_reg_op(void* cmdq, unsigned int reg, unsigned int val, unsigned int mask);
      ^
In file included from drivers/misc/mediatek/dispsys/mt6735/ddp_dsi.c:31:0:
/home/satory-ra/Android/kernel/android_kernel_oukitel_orange/drivers/misc/mediatek/dispsys/mt6735/mt6735m/ddp_reg.h:1487:38: warning: passing argument 1 of 'disp_addr_convert' makes integer from pointer without a cast
                 cmdqRecWrite(handle, disp_addr_convert(reg32), val, ~0); \
                                      ^
drivers/misc/mediatek/dispsys/mt6735/ddp_dsi.c:447:2: note: in expansion of macro 'DISP_REG_SET'
  DISP_REG_SET(cmdq, &DSI_PHY_REG[module_idx]->MIPITX_DSI_SW_CTRL_EN, 0x00000001);
  ^
/home/satory-ra/Android/kernel/android_kernel_oukitel_orange/drivers/misc/mediatek/dispsys/mt6735/mt6735m/ddp_reg.h:1395:29: note: expected 'long unsigned int' but argument is of type 'volatile struct MIPITX_DSI_SW_CTRL_REG *'
 static inline unsigned long disp_addr_convert(unsigned long va) 
                             ^
/home/satory-ra/Android/kernel/android_kernel_oukitel_orange/drivers/misc/mediatek/dispsys/mt6735/mt6735m/ddp_reg.h:1486:17: warning: passing argument 2 of 'dprec_reg_op' makes integer from pointer without a cast
                 dprec_reg_op(handle, reg32, val, 0x00000000);\
                 ^
drivers/misc/mediatek/dispsys/mt6735/ddp_dsi.c:451:2: note: in expansion of macro 'DISP_REG_SET'
  DISP_REG_SET(cmdq, &DSI_PHY_REG[module_idx]->MIPITX_DSI_SW_CTRL_CON0, 0x00000071);
  ^
In file included from /home/satory-ra/Android/kernel/android_kernel_oukitel_orange/drivers/misc/mediatek/videox/mt6735/disp_drv_log.h:3:0,
                 from drivers/misc/mediatek/dispsys/mt6735/ddp_dsi.c:8:
/home/satory-ra/Android/kernel/android_kernel_oukitel_orange/drivers/misc/mediatek/dispsys/mt6735/display_recorder.h:136:6: note: expected 'unsigned int' but argument is of type 'volatile struct MIPITX_DSI_SW_CTRL_CON0_REG *'
 void dprec_reg_op(void* cmdq, unsigned int reg, unsigned int val, unsigned int mask);
      ^
In file included from drivers/misc/mediatek/dispsys/mt6735/ddp_dsi.c:31:0:
/home/satory-ra/Android/kernel/android_kernel_oukitel_orange/drivers/misc/mediatek/dispsys/mt6735/mt6735m/ddp_reg.h:1487:38: warning: passing argument 1 of 'disp_addr_convert' makes integer from pointer without a cast
                 cmdqRecWrite(handle, disp_addr_convert(reg32), val, ~0); \
                                      ^
drivers/misc/mediatek/dispsys/mt6735/ddp_dsi.c:451:2: note: in expansion of macro 'DISP_REG_SET'
  DISP_REG_SET(cmdq, &DSI_PHY_REG[module_idx]->MIPITX_DSI_SW_CTRL_CON0, 0x00000071);
  ^
/home/satory-ra/Android/kernel/android_kernel_oukitel_orange/drivers/misc/mediatek/dispsys/mt6735/mt6735m/ddp_reg.h:1395:29: note: expected 'long unsigned int' but argument is of type 'volatile struct MIPITX_DSI_SW_CTRL_CON0_REG *'
 static inline unsigned long disp_addr_convert(unsigned long va) 
                             ^
/home/satory-ra/Android/kernel/android_kernel_oukitel_orange/drivers/misc/mediatek/dispsys/mt6735/mt6735m/ddp_reg.h:1486:17: warning: passing argument 2 of 'dprec_reg_op' makes integer from pointer without a cast
                 dprec_reg_op(handle, reg32, val, 0x00000000);\
                 ^
drivers/misc/mediatek/dispsys/mt6735/ddp_dsi.c:453:2: note: in expansion of macro 'DISP_REG_SET'
  DISP_REG_SET(cmdq, &DSI_PHY_REG[module_idx]->MIPITX_DSI_SW_CTRL_CON0, 0x0000000F);
  ^
In file included from /home/satory-ra/Android/kernel/android_kernel_oukitel_orange/drivers/misc/mediatek/videox/mt6735/disp_drv_log.h:3:0,
                 from drivers/misc/mediatek/dispsys/mt6735/ddp_dsi.c:8:
/home/satory-ra/Android/kernel/android_kernel_oukitel_orange/drivers/misc/mediatek/dispsys/mt6735/display_recorder.h:136:6: note: expected 'unsigned int' but argument is of type 'volatile struct MIPITX_DSI_SW_CTRL_CON0_REG *'
 void dprec_reg_op(void* cmdq, unsigned int reg, unsigned int val, unsigned int mask);
      ^
In file included from drivers/misc/mediatek/dispsys/mt6735/ddp_dsi.c:31:0:
/home/satory-ra/Android/kernel/android_kernel_oukitel_orange/drivers/misc/mediatek/dispsys/mt6735/mt6735m/ddp_reg.h:1487:38: warning: passing argument 1 of 'disp_addr_convert' makes integer from pointer without a cast
                 cmdqRecWrite(handle, disp_addr_convert(reg32), val, ~0); \
                                      ^
drivers/misc/mediatek/dispsys/mt6735/ddp_dsi.c:453:2: note: in expansion of macro 'DISP_REG_SET'
  DISP_REG_SET(cmdq, &DSI_PHY_REG[module_idx]->MIPITX_DSI_SW_CTRL_CON0, 0x0000000F);
  ^
/home/satory-ra/Android/kernel/android_kernel_oukitel_orange/drivers/misc/mediatek/dispsys/mt6735/mt6735m/ddp_reg.h:1395:29: note: expected 'long unsigned int' but argument is of type 'volatile struct MIPITX_DSI_SW_CTRL_CON0_REG *'
 static inline unsigned long disp_addr_convert(unsigned long va) 
                             ^
/home/satory-ra/Android/kernel/android_kernel_oukitel_orange/drivers/misc/mediatek/dispsys/mt6735/mt6735m/ddp_reg.h:1486:17: warning: passing argument 2 of 'dprec_reg_op' makes integer from pointer without a cast
                 dprec_reg_op(handle, reg32, val, 0x00000000);\
                 ^
drivers/misc/mediatek/dispsys/mt6735/ddp_dsi.c:456:2: note: in expansion of macro 'DISP_REG_SET'
  DISP_REG_SET(cmdq, &DSI_REG[module_idx]->DSI_PHY_LCCON, 0x00000000); 
  ^
In file included from /home/satory-ra/Android/kernel/android_kernel_oukitel_orange/drivers/misc/mediatek/videox/mt6735/disp_drv_log.h:3:0,
                 from drivers/misc/mediatek/dispsys/mt6735/ddp_dsi.c:8:
/home/satory-ra/Android/kernel/android_kernel_oukitel_orange/drivers/misc/mediatek/dispsys/mt6735/display_recorder.h:136:6: note: expected 'unsigned int' but argument is of type 'volatile struct DSI_PHY_LCCON_REG *'
 void dprec_reg_op(void* cmdq, unsigned int reg, unsigned int val, unsigned int mask);
      ^
In file included from drivers/misc/mediatek/dispsys/mt6735/ddp_dsi.c:31:0:
/home/satory-ra/Android/kernel/android_kernel_oukitel_orange/drivers/misc/mediatek/dispsys/mt6735/mt6735m/ddp_reg.h:1487:38: warning: passing argument 1 of 'disp_addr_convert' makes integer from pointer without a cast
                 cmdqRecWrite(handle, disp_addr_convert(reg32), val, ~0); \
                                      ^
drivers/misc/mediatek/dispsys/mt6735/ddp_dsi.c:456:2: note: in expansion of macro 'DISP_REG_SET'
  DISP_REG_SET(cmdq, &DSI_REG[module_idx]->DSI_PHY_LCCON, 0x00000000); 
  ^
/home/satory-ra/Android/kernel/android_kernel_oukitel_orange/drivers/misc/mediatek/dispsys/mt6735/mt6735m/ddp_reg.h:1395:29: note: expected 'long unsigned int' but argument is of type 'volatile struct DSI_PHY_LCCON_REG *'
 static inline unsigned long disp_addr_convert(unsigned long va) 
                             ^
/home/satory-ra/Android/kernel/android_kernel_oukitel_orange/drivers/misc/mediatek/dispsys/mt6735/mt6735m/ddp_reg.h:1513:6: warning: passing argument 2 of 'dprec_reg_op' makes integer from pointer without a cast
      dprec_reg_op(handle, reg32, val, 0x00000000);\
      ^
drivers/misc/mediatek/dispsys/mt6735/ddp_dsi.c:457:2: note: in expansion of macro 'DISP_REG_CMDQ_POLLING'
  DISP_REG_CMDQ_POLLING(cmdq, &DSI_REG[module_idx]->DSI_STATE_DBG0, 0x00010000, 0x00010000);
  ^
In file included from /home/satory-ra/Android/kernel/android_kernel_oukitel_orange/drivers/misc/mediatek/videox/mt6735/disp_drv_log.h:3:0,
                 from drivers/misc/mediatek/dispsys/mt6735/ddp_dsi.c:8:
/home/satory-ra/Android/kernel/android_kernel_oukitel_orange/drivers/misc/mediatek/dispsys/mt6735/display_recorder.h:136:6: note: expected 'unsigned int' but argument is of type 'volatile struct DSI_STATE_DBG0_REG *'
 void dprec_reg_op(void* cmdq, unsigned int reg, unsigned int val, unsigned int mask);
      ^
In file included from drivers/misc/mediatek/dispsys/mt6735/ddp_dsi.c:31:0:
/home/satory-ra/Android/kernel/android_kernel_oukitel_orange/drivers/misc/mediatek/dispsys/mt6735/mt6735m/ddp_reg.h:1514:26: warning: passing argument 1 of 'disp_addr_convert' makes integer from pointer without a cast
      cmdqRecPoll(handle, disp_addr_convert(reg32), val, mask); \
                          ^
drivers/misc/mediatek/dispsys/mt6735/ddp_dsi.c:457:2: note: in expansion of macro 'DISP_REG_CMDQ_POLLING'
  DISP_REG_CMDQ_POLLING(cmdq, &DSI_REG[module_idx]->DSI_STATE_DBG0, 0x00010000, 0x00010000);
  ^
/home/satory-ra/Android/kernel/android_kernel_oukitel_orange/drivers/misc/mediatek/dispsys/mt6735/mt6735m/ddp_reg.h:1395:29: note: expected 'long unsigned int' but argument is of type 'volatile struct DSI_STATE_DBG0_REG *'
 static inline unsigned long disp_addr_convert(unsigned long va) 
                             ^
/home/satory-ra/Android/kernel/android_kernel_oukitel_orange/drivers/misc/mediatek/dispsys/mt6735/mt6735m/ddp_reg.h:1486:17: warning: passing argument 2 of 'dprec_reg_op' makes integer from pointer without a cast
                 dprec_reg_op(handle, reg32, val, 0x00000000);\
                 ^
drivers/misc/mediatek/dispsys/mt6735/ddp_dsi.c:458:2: note: in expansion of macro 'DISP_REG_SET'
  DISP_REG_SET(cmdq, &DSI_PHY_REG[module_idx]->MIPITX_DSI_SW_CTRL_EN, 0x00000000);
  ^
In file included from /home/satory-ra/Android/kernel/android_kernel_oukitel_orange/drivers/misc/mediatek/videox/mt6735/disp_drv_log.h:3:0,
                 from drivers/misc/mediatek/dispsys/mt6735/ddp_dsi.c:8:
/home/satory-ra/Android/kernel/android_kernel_oukitel_orange/drivers/misc/mediatek/dispsys/mt6735/display_recorder.h:136:6: note: expected 'unsigned int' but argument is of type 'volatile struct MIPITX_DSI_SW_CTRL_REG *'
 void dprec_reg_op(void* cmdq, unsigned int reg, unsigned int val, unsigned int mask);
      ^
In file included from drivers/misc/mediatek/dispsys/mt6735/ddp_dsi.c:31:0:
/home/satory-ra/Android/kernel/android_kernel_oukitel_orange/drivers/misc/mediatek/dispsys/mt6735/mt6735m/ddp_reg.h:1487:38: warning: passing argument 1 of 'disp_addr_convert' makes integer from pointer without a cast
                 cmdqRecWrite(handle, disp_addr_convert(reg32), val, ~0); \
                                      ^
drivers/misc/mediatek/dispsys/mt6735/ddp_dsi.c:458:2: note: in expansion of macro 'DISP_REG_SET'
  DISP_REG_SET(cmdq, &DSI_PHY_REG[module_idx]->MIPITX_DSI_SW_CTRL_EN, 0x00000000);
  ^
/home/satory-ra/Android/kernel/android_kernel_oukitel_orange/drivers/misc/mediatek/dispsys/mt6735/mt6735m/ddp_reg.h:1395:29: note: expected 'long unsigned int' but argument is of type 'volatile struct MIPITX_DSI_SW_CTRL_REG *'
 static inline unsigned long disp_addr_convert(unsigned long va) 
                             ^
drivers/misc/mediatek/dispsys/mt6735/ddp_dsi.c: In function 'DSI_lane0_ULP_mode':
/home/satory-ra/Android/kernel/android_kernel_oukitel_orange/drivers/misc/mediatek/dispsys/mt6735/mt6735m/ddp_reg.h:1413:3: warning: passing argument 2 of 'dprec_reg_op' makes integer from pointer without a cast
   dprec_reg_op(handle, reg32, val, mask);\
   ^
drivers/misc/mediatek/dispsys/mt6735/ddp_dsi.c:58:145: note: in expansion of macro 'DISP_REG_MASK'
   if(cmdq)  {*(unsigned int*)(&r) = ((unsigned int)0x00000000);r.bit = ~(r.bit);*(unsigned int*)(&v) = ((unsigned int)0x00000000);v.bit = value;DISP_REG_MASK(cmdq, &REG, AS_UINT32(&v), AS_UINT32(&r));}  \
                                                                                                                                                 ^
drivers/misc/mediatek/dispsys/mt6735/ddp_dsi.c:473:4: note: in expansion of macro 'DSI_OUTREGBIT'
    DSI_OUTREGBIT(cmdq, DSI_PHY_LD0CON_REG, DSI_REG[i]->DSI_PHY_LD0CON, L0_RM_TRIG_EN, 0);
    ^
In file included from /home/satory-ra/Android/kernel/android_kernel_oukitel_orange/drivers/misc/mediatek/videox/mt6735/disp_drv_log.h:3:0,
                 from drivers/misc/mediatek/dispsys/mt6735/ddp_dsi.c:8:
/home/satory-ra/Android/kernel/android_kernel_oukitel_orange/drivers/misc/mediatek/dispsys/mt6735/display_recorder.h:136:6: note: expected 'unsigned int' but argument is of type 'volatile struct DSI_PHY_LD0CON_REG *'
 void dprec_reg_op(void* cmdq, unsigned int reg, unsigned int val, unsigned int mask);
      ^
In file included from drivers/misc/mediatek/dispsys/mt6735/ddp_dsi.c:31:0:
/home/satory-ra/Android/kernel/android_kernel_oukitel_orange/drivers/misc/mediatek/dispsys/mt6735/mt6735m/ddp_reg.h:1420:25: warning: passing argument 1 of 'disp_addr_convert' makes integer from pointer without a cast
    cmdqRecWrite(handle, disp_addr_convert(reg32), val, mask); \
                         ^
drivers/misc/mediatek/dispsys/mt6735/ddp_dsi.c:58:145: note: in expansion of macro 'DISP_REG_MASK'
   if(cmdq)  {*(unsigned int*)(&r) = ((unsigned int)0x00000000);r.bit = ~(r.bit);*(unsigned int*)(&v) = ((unsigned int)0x00000000);v.bit = value;DISP_REG_MASK(cmdq, &REG, AS_UINT32(&v), AS_UINT32(&r));}  \
                                                                                                                                                 ^
drivers/misc/mediatek/dispsys/mt6735/ddp_dsi.c:473:4: note: in expansion of macro 'DSI_OUTREGBIT'
    DSI_OUTREGBIT(cmdq, DSI_PHY_LD0CON_REG, DSI_REG[i]->DSI_PHY_LD0CON, L0_RM_TRIG_EN, 0);
    ^
/home/satory-ra/Android/kernel/android_kernel_oukitel_orange/drivers/misc/mediatek/dispsys/mt6735/mt6735m/ddp_reg.h:1395:29: note: expected 'long unsigned int' but argument is of type 'volatile struct DSI_PHY_LD0CON_REG *'
 static inline unsigned long disp_addr_convert(unsigned long va) 
                             ^
/home/satory-ra/Android/kernel/android_kernel_oukitel_orange/drivers/misc/mediatek/dispsys/mt6735/mt6735m/ddp_reg.h:1486:17: warning: passing argument 2 of 'dprec_reg_op' makes integer from pointer without a cast
                 dprec_reg_op(handle, reg32, val, 0x00000000);\
                 ^
drivers/misc/mediatek/dispsys/mt6735/ddp_dsi.c:59:63: note: in expansion of macro 'DISP_REG_SET'
   else{mt_reg_sync_writel(INREG32(&REG),&r);r.bit = (value);  DISP_REG_SET(cmdq, &REG, INREG32(&r));}    \
                                                               ^
drivers/misc/mediatek/dispsys/mt6735/ddp_dsi.c:473:4: note: in expansion of macro 'DSI_OUTREGBIT'
    DSI_OUTREGBIT(cmdq, DSI_PHY_LD0CON_REG, DSI_REG[i]->DSI_PHY_LD0CON, L0_RM_TRIG_EN, 0);
    ^
In file included from /home/satory-ra/Android/kernel/android_kernel_oukitel_orange/drivers/misc/mediatek/videox/mt6735/disp_drv_log.h:3:0,
                 from drivers/misc/mediatek/dispsys/mt6735/ddp_dsi.c:8:
/home/satory-ra/Android/kernel/android_kernel_oukitel_orange/drivers/misc/mediatek/dispsys/mt6735/display_recorder.h:136:6: note: expected 'unsigned int' but argument is of type 'volatile struct DSI_PHY_LD0CON_REG *'
 void dprec_reg_op(void* cmdq, unsigned int reg, unsigned int val, unsigned int mask);
      ^
In file included from drivers/misc/mediatek/dispsys/mt6735/ddp_dsi.c:31:0:
/home/satory-ra/Android/kernel/android_kernel_oukitel_orange/drivers/misc/mediatek/dispsys/mt6735/mt6735m/ddp_reg.h:1487:38: warning: passing argument 1 of 'disp_addr_convert' makes integer from pointer without a cast
                 cmdqRecWrite(handle, disp_addr_convert(reg32), val, ~0); \
                                      ^
drivers/misc/mediatek/dispsys/mt6735/ddp_dsi.c:59:63: note: in expansion of macro 'DISP_REG_SET'
   else{mt_reg_sync_writel(INREG32(&REG),&r);r.bit = (value);  DISP_REG_SET(cmdq, &REG, INREG32(&r));}    \
                                                               ^
drivers/misc/mediatek/dispsys/mt6735/ddp_dsi.c:473:4: note: in expansion of macro 'DSI_OUTREGBIT'
    DSI_OUTREGBIT(cmdq, DSI_PHY_LD0CON_REG, DSI_REG[i]->DSI_PHY_LD0CON, L0_RM_TRIG_EN, 0);
    ^
/home/satory-ra/Android/kernel/android_kernel_oukitel_orange/drivers/misc/mediatek/dispsys/mt6735/mt6735m/ddp_reg.h:1395:29: note: expected 'long unsigned int' but argument is of type 'volatile struct DSI_PHY_LD0CON_REG *'
 static inline unsigned long disp_addr_convert(unsigned long va) 
                             ^
/home/satory-ra/Android/kernel/android_kernel_oukitel_orange/drivers/misc/mediatek/dispsys/mt6735/mt6735m/ddp_reg.h:1413:3: warning: passing argument 2 of 'dprec_reg_op' makes integer from pointer without a cast
   dprec_reg_op(handle, reg32, val, mask);\
   ^
drivers/misc/mediatek/dispsys/mt6735/ddp_dsi.c:58:145: note: in expansion of macro 'DISP_REG_MASK'
   if(cmdq)  {*(unsigned int*)(&r) = ((unsigned int)0x00000000);r.bit = ~(r.bit);*(unsigned int*)(&v) = ((unsigned int)0x00000000);v.bit = value;DISP_REG_MASK(cmdq, &REG, AS_UINT32(&v), AS_UINT32(&r));}  \
                                                                                                                                                 ^
drivers/misc/mediatek/dispsys/mt6735/ddp_dsi.c:475:4: note: in expansion of macro 'DSI_OUTREGBIT'
    DSI_OUTREGBIT(cmdq, DSI_PHY_LD0CON_REG, DSI_REG[i]->DSI_PHY_LD0CON, Lx_ULPM_AS_L0, 1);
    ^
In file included from /home/satory-ra/Android/kernel/android_kernel_oukitel_orange/drivers/misc/mediatek/videox/mt6735/disp_drv_log.h:3:0,
                 from drivers/misc/mediatek/dispsys/mt6735/ddp_dsi.c:8:
/home/satory-ra/Android/kernel/android_kernel_oukitel_orange/drivers/misc/mediatek/dispsys/mt6735/display_recorder.h:136:6: note: expected 'unsigned int' but argument is of type 'volatile struct DSI_PHY_LD0CON_REG *'
 void dprec_reg_op(void* cmdq, unsigned int reg, unsigned int val, unsigned int mask);
      ^
In file included from drivers/misc/mediatek/dispsys/mt6735/ddp_dsi.c:31:0:
/home/satory-ra/Android/kernel/android_kernel_oukitel_orange/drivers/misc/mediatek/dispsys/mt6735/mt6735m/ddp_reg.h:1420:25: warning: passing argument 1 of 'disp_addr_convert' makes integer from pointer without a cast
    cmdqRecWrite(handle, disp_addr_convert(reg32), val, mask); \
                         ^
drivers/misc/mediatek/dispsys/mt6735/ddp_dsi.c:58:145: note: in expansion of macro 'DISP_REG_MASK'
   if(cmdq)  {*(unsigned int*)(&r) = ((unsigned int)0x00000000);r.bit = ~(r.bit);*(unsigned int*)(&v) = ((unsigned int)0x00000000);v.bit = value;DISP_REG_MASK(cmdq, &REG, AS_UINT32(&v), AS_UINT32(&r));}  \
                                                                                                                                                 ^
drivers/misc/mediatek/dispsys/mt6735/ddp_dsi.c:475:4: note: in expansion of macro 'DSI_OUTREGBIT'
    DSI_OUTREGBIT(cmdq, DSI_PHY_LD0CON_REG, DSI_REG[i]->DSI_PHY_LD0CON, Lx_ULPM_AS_L0, 1);
    ^
/home/satory-ra/Android/kernel/android_kernel_oukitel_orange/drivers/misc/mediatek/dispsys/mt6735/mt6735m/ddp_reg.h:1395:29: note: expected 'long unsigned int' but argument is of type 'volatile struct DSI_PHY_LD0CON_REG *'
 static inline unsigned long disp_addr_convert(unsigned long va) 
                             ^
/home/satory-ra/Android/kernel/android_kernel_oukitel_orange/drivers/misc/mediatek/dispsys/mt6735/mt6735m/ddp_reg.h:1486:17: warning: passing argument 2 of 'dprec_reg_op' makes integer from pointer without a cast
                 dprec_reg_op(handle, reg32, val, 0x00000000);\
                 ^
drivers/misc/mediatek/dispsys/mt6735/ddp_dsi.c:59:63: note: in expansion of macro 'DISP_REG_SET'
   else{mt_reg_sync_writel(INREG32(&REG),&r);r.bit = (value);  DISP_REG_SET(cmdq, &REG, INREG32(&r));}    \
                                                               ^
drivers/misc/mediatek/dispsys/mt6735/ddp_dsi.c:475:4: note: in expansion of macro 'DSI_OUTREGBIT'
    DSI_OUTREGBIT(cmdq, DSI_PHY_LD0CON_REG, DSI_REG[i]->DSI_PHY_LD0CON, Lx_ULPM_AS_L0, 1);
    ^
In file included from /home/satory-ra/Android/kernel/android_kernel_oukitel_orange/drivers/misc/mediatek/videox/mt6735/disp_drv_log.h:3:0,
                 from drivers/misc/mediatek/dispsys/mt6735/ddp_dsi.c:8:
/home/satory-ra/Android/kernel/android_kernel_oukitel_orange/drivers/misc/mediatek/dispsys/mt6735/display_recorder.h:136:6: note: expected 'unsigned int' but argument is of type 'volatile struct DSI_PHY_LD0CON_REG *'
 void dprec_reg_op(void* cmdq, unsigned int reg, unsigned int val, unsigned int mask);
      ^
In file included from drivers/misc/mediatek/dispsys/mt6735/ddp_dsi.c:31:0:
/home/satory-ra/Android/kernel/android_kernel_oukitel_orange/drivers/misc/mediatek/dispsys/mt6735/mt6735m/ddp_reg.h:1487:38: warning: passing argument 1 of 'disp_addr_convert' makes integer from pointer without a cast
                 cmdqRecWrite(handle, disp_addr_convert(reg32), val, ~0); \
                                      ^
drivers/misc/mediatek/dispsys/mt6735/ddp_dsi.c:59:63: note: in expansion of macro 'DISP_REG_SET'
   else{mt_reg_sync_writel(INREG32(&REG),&r);r.bit = (value);  DISP_REG_SET(cmdq, &REG, INREG32(&r));}    \
                                                               ^
drivers/misc/mediatek/dispsys/mt6735/ddp_dsi.c:475:4: note: in expansion of macro 'DSI_OUTREGBIT'
    DSI_OUTREGBIT(cmdq, DSI_PHY_LD0CON_REG, DSI_REG[i]->DSI_PHY_LD0CON, Lx_ULPM_AS_L0, 1);
    ^
/home/satory-ra/Android/kernel/android_kernel_oukitel_orange/drivers/misc/mediatek/dispsys/mt6735/mt6735m/ddp_reg.h:1395:29: note: expected 'long unsigned int' but argument is of type 'volatile struct DSI_PHY_LD0CON_REG *'
 static inline unsigned long disp_addr_convert(unsigned long va) 
                             ^
/home/satory-ra/Android/kernel/android_kernel_oukitel_orange/drivers/misc/mediatek/dispsys/mt6735/mt6735m/ddp_reg.h:1413:3: warning: passing argument 2 of 'dprec_reg_op' makes integer from pointer without a cast
   dprec_reg_op(handle, reg32, val, mask);\
   ^
drivers/misc/mediatek/dispsys/mt6735/ddp_dsi.c:58:145: note: in expansion of macro 'DISP_REG_MASK'
   if(cmdq)  {*(unsigned int*)(&r) = ((unsigned int)0x00000000);r.bit = ~(r.bit);*(unsigned int*)(&v) = ((unsigned int)0x00000000);v.bit = value;DISP_REG_MASK(cmdq, &REG, AS_UINT32(&v), AS_UINT32(&r));}  \
                                                                                                                                                 ^
drivers/misc/mediatek/dispsys/mt6735/ddp_dsi.c:476:4: note: in expansion of macro 'DSI_OUTREGBIT'
    DSI_OUTREGBIT(cmdq, DSI_PHY_LD0CON_REG, DSI_REG[i]->DSI_PHY_LD0CON, L0_ULPM_EN, 0);
    ^
In file included from /home/satory-ra/Android/kernel/android_kernel_oukitel_orange/drivers/misc/mediatek/videox/mt6735/disp_drv_log.h:3:0,
                 from drivers/misc/mediatek/dispsys/mt6735/ddp_dsi.c:8:
/home/satory-ra/Android/kernel/android_kernel_oukitel_orange/drivers/misc/mediatek/dispsys/mt6735/display_recorder.h:136:6: note: expected 'unsigned int' but argument is of type 'volatile struct DSI_PHY_LD0CON_REG *'
 void dprec_reg_op(void* cmdq, unsigned int reg, unsigned int val, unsigned int mask);
      ^
In file included from drivers/misc/mediatek/dispsys/mt6735/ddp_dsi.c:31:0:
/home/satory-ra/Android/kernel/android_kernel_oukitel_orange/drivers/misc/mediatek/dispsys/mt6735/mt6735m/ddp_reg.h:1420:25: warning: passing argument 1 of 'disp_addr_convert' makes integer from pointer without a cast
    cmdqRecWrite(handle, disp_addr_convert(reg32), val, mask); \
                         ^
drivers/misc/mediatek/dispsys/mt6735/ddp_dsi.c:58:145: note: in expansion of macro 'DISP_REG_MASK'
   if(cmdq)  {*(unsigned int*)(&r) = ((unsigned int)0x00000000);r.bit = ~(r.bit);*(unsigned int*)(&v) = ((unsigned int)0x00000000);v.bit = value;DISP_REG_MASK(cmdq, &REG, AS_UINT32(&v), AS_UINT32(&r));}  \
                                                                                                                                                 ^
drivers/misc/mediatek/dispsys/mt6735/ddp_dsi.c:476:4: note: in expansion of macro 'DSI_OUTREGBIT'
    DSI_OUTREGBIT(cmdq, DSI_PHY_LD0CON_REG, DSI_REG[i]->DSI_PHY_LD0CON, L0_ULPM_EN, 0);
    ^
/home/satory-ra/Android/kernel/android_kernel_oukitel_orange/drivers/misc/mediatek/dispsys/mt6735/mt6735m/ddp_reg.h:1395:29: note: expected 'long unsigned int' but argument is of type 'volatile struct DSI_PHY_LD0CON_REG *'
 static inline unsigned long disp_addr_convert(unsigned long va) 
                             ^
/home/satory-ra/Android/kernel/android_kernel_oukitel_orange/drivers/misc/mediatek/dispsys/mt6735/mt6735m/ddp_reg.h:1486:17: warning: passing argument 2 of 'dprec_reg_op' makes integer from pointer without a cast
                 dprec_reg_op(handle, reg32, val, 0x00000000);\
                 ^
drivers/misc/mediatek/dispsys/mt6735/ddp_dsi.c:59:63: note: in expansion of macro 'DISP_REG_SET'
   else{mt_reg_sync_writel(INREG32(&REG),&r);r.bit = (value);  DISP_REG_SET(cmdq, &REG, INREG32(&r));}    \
                                                               ^
drivers/misc/mediatek/dispsys/mt6735/ddp_dsi.c:476:4: note: in expansion of macro 'DSI_OUTREGBIT'
    DSI_OUTREGBIT(cmdq, DSI_PHY_LD0CON_REG, DSI_REG[i]->DSI_PHY_LD0CON, L0_ULPM_EN, 0);
    ^
In file included from /home/satory-ra/Android/kernel/android_kernel_oukitel_orange/drivers/misc/mediatek/videox/mt6735/disp_drv_log.h:3:0,
                 from drivers/misc/mediatek/dispsys/mt6735/ddp_dsi.c:8:
/home/satory-ra/Android/kernel/android_kernel_oukitel_orange/drivers/misc/mediatek/dispsys/mt6735/display_recorder.h:136:6: note: expected 'unsigned int' but argument is of type 'volatile struct DSI_PHY_LD0CON_REG *'
 void dprec_reg_op(void* cmdq, unsigned int reg, unsigned int val, unsigned int mask);
      ^
In file included from drivers/misc/mediatek/dispsys/mt6735/ddp_dsi.c:31:0:
/home/satory-ra/Android/kernel/android_kernel_oukitel_orange/drivers/misc/mediatek/dispsys/mt6735/mt6735m/ddp_reg.h:1487:38: warning: passing argument 1 of 'disp_addr_convert' makes integer from pointer without a cast
                 cmdqRecWrite(handle, disp_addr_convert(reg32), val, ~0); \
                                      ^
drivers/misc/mediatek/dispsys/mt6735/ddp_dsi.c:59:63: note: in expansion of macro 'DISP_REG_SET'
   else{mt_reg_sync_writel(INREG32(&REG),&r);r.bit = (value);  DISP_REG_SET(cmdq, &REG, INREG32(&r));}    \
                                                               ^
drivers/misc/mediatek/dispsys/mt6735/ddp_dsi.c:476:4: note: in expansion of macro 'DSI_OUTREGBIT'
    DSI_OUTREGBIT(cmdq, DSI_PHY_LD0CON_REG, DSI_REG[i]->DSI_PHY_LD0CON, L0_ULPM_EN, 0);
    ^
/home/satory-ra/Android/kernel/android_kernel_oukitel_orange/drivers/misc/mediatek/dispsys/mt6735/mt6735m/ddp_reg.h:1395:29: note: expected 'long unsigned int' but argument is of type 'volatile struct DSI_PHY_LD0CON_REG *'
 static inline unsigned long disp_addr_convert(unsigned long va) 
                             ^
/home/satory-ra/Android/kernel/android_kernel_oukitel_orange/drivers/misc/mediatek/dispsys/mt6735/mt6735m/ddp_reg.h:1413:3: warning: passing argument 2 of 'dprec_reg_op' makes integer from pointer without a cast
   dprec_reg_op(handle, reg32, val, mask);\
   ^
drivers/misc/mediatek/dispsys/mt6735/ddp_dsi.c:58:145: note: in expansion of macro 'DISP_REG_MASK'
   if(cmdq)  {*(unsigned int*)(&r) = ((unsigned int)0x00000000);r.bit = ~(r.bit);*(unsigned int*)(&v) = ((unsigned int)0x00000000);v.bit = value;DISP_REG_MASK(cmdq, &REG, AS_UINT32(&v), AS_UINT32(&r));}  \
                                                                                                                                                 ^
drivers/misc/mediatek/dispsys/mt6735/ddp_dsi.c:477:4: note: in expansion of macro 'DSI_OUTREGBIT'
    DSI_OUTREGBIT(cmdq, DSI_PHY_LD0CON_REG, DSI_REG[i]->DSI_PHY_LD0CON, L0_ULPM_EN, 1);
    ^
In file included from /home/satory-ra/Android/kernel/android_kernel_oukitel_orange/drivers/misc/mediatek/videox/mt6735/disp_drv_log.h:3:0,
                 from drivers/misc/mediatek/dispsys/mt6735/ddp_dsi.c:8:
/home/satory-ra/Android/kernel/android_kernel_oukitel_orange/drivers/misc/mediatek/dispsys/mt6735/display_recorder.h:136:6: note: expected 'unsigned int' but argument is of type 'volatile struct DSI_PHY_LD0CON_REG *'
 void dprec_reg_op(void* cmdq, unsigned int reg, unsigned int val, unsigned int mask);
      ^
In file included from drivers/misc/mediatek/dispsys/mt6735/ddp_dsi.c:31:0:
/home/satory-ra/Android/kernel/android_kernel_oukitel_orange/drivers/misc/mediatek/dispsys/mt6735/mt6735m/ddp_reg.h:1420:25: warning: passing argument 1 of 'disp_addr_convert' makes integer from pointer without a cast
    cmdqRecWrite(handle, disp_addr_convert(reg32), val, mask); \
                         ^
drivers/misc/mediatek/dispsys/mt6735/ddp_dsi.c:58:145: note: in expansion of macro 'DISP_REG_MASK'
   if(cmdq)  {*(unsigned int*)(&r) = ((unsigned int)0x00000000);r.bit = ~(r.bit);*(unsigned int*)(&v) = ((unsigned int)0x00000000);v.bit = value;DISP_REG_MASK(cmdq, &REG, AS_UINT32(&v), AS_UINT32(&r));}  \
                                                                                                                                                 ^
drivers/misc/mediatek/dispsys/mt6735/ddp_dsi.c:477:4: note: in expansion of macro 'DSI_OUTREGBIT'
    DSI_OUTREGBIT(cmdq, DSI_PHY_LD0CON_REG, DSI_REG[i]->DSI_PHY_LD0CON, L0_ULPM_EN, 1);
    ^
/home/satory-ra/Android/kernel/android_kernel_oukitel_orange/drivers/misc/mediatek/dispsys/mt6735/mt6735m/ddp_reg.h:1395:29: note: expected 'long unsigned int' but argument is of type 'volatile struct DSI_PHY_LD0CON_REG *'
 static inline unsigned long disp_addr_convert(unsigned long va) 
                             ^
/home/satory-ra/Android/kernel/android_kernel_oukitel_orange/drivers/misc/mediatek/dispsys/mt6735/mt6735m/ddp_reg.h:1486:17: warning: passing argument 2 of 'dprec_reg_op' makes integer from pointer without a cast
                 dprec_reg_op(handle, reg32, val, 0x00000000);\
                 ^
drivers/misc/mediatek/dispsys/mt6735/ddp_dsi.c:59:63: note: in expansion of macro 'DISP_REG_SET'
   else{mt_reg_sync_writel(INREG32(&REG),&r);r.bit = (value);  DISP_REG_SET(cmdq, &REG, INREG32(&r));}    \
                                                               ^
drivers/misc/mediatek/dispsys/mt6735/ddp_dsi.c:477:4: note: in expansion of macro 'DSI_OUTREGBIT'
    DSI_OUTREGBIT(cmdq, DSI_PHY_LD0CON_REG, DSI_REG[i]->DSI_PHY_LD0CON, L0_ULPM_EN, 1);
    ^
In file included from /home/satory-ra/Android/kernel/android_kernel_oukitel_orange/drivers/misc/mediatek/videox/mt6735/disp_drv_log.h:3:0,
                 from drivers/misc/mediatek/dispsys/mt6735/ddp_dsi.c:8:
/home/satory-ra/Android/kernel/android_kernel_oukitel_orange/drivers/misc/mediatek/dispsys/mt6735/display_recorder.h:136:6: note: expected 'unsigned int' but argument is of type 'volatile struct DSI_PHY_LD0CON_REG *'
 void dprec_reg_op(void* cmdq, unsigned int reg, unsigned int val, unsigned int mask);
      ^
In file included from drivers/misc/mediatek/dispsys/mt6735/ddp_dsi.c:31:0:
/home/satory-ra/Android/kernel/android_kernel_oukitel_orange/drivers/misc/mediatek/dispsys/mt6735/mt6735m/ddp_reg.h:1487:38: warning: passing argument 1 of 'disp_addr_convert' makes integer from pointer without a cast
                 cmdqRecWrite(handle, disp_addr_convert(reg32), val, ~0); \
                                      ^
drivers/misc/mediatek/dispsys/mt6735/ddp_dsi.c:59:63: note: in expansion of macro 'DISP_REG_SET'
   else{mt_reg_sync_writel(INREG32(&REG),&r);r.bit = (value);  DISP_REG_SET(cmdq, &REG, INREG32(&r));}    \
                                                               ^
drivers/misc/mediatek/dispsys/mt6735/ddp_dsi.c:477:4: note: in expansion of macro 'DSI_OUTREGBIT'
    DSI_OUTREGBIT(cmdq, DSI_PHY_LD0CON_REG, DSI_REG[i]->DSI_PHY_LD0CON, L0_ULPM_EN, 1);
    ^
/home/satory-ra/Android/kernel/android_kernel_oukitel_orange/drivers/misc/mediatek/dispsys/mt6735/mt6735m/ddp_reg.h:1395:29: note: expected 'long unsigned int' but argument is of type 'volatile struct DSI_PHY_LD0CON_REG *'
 static inline unsigned long disp_addr_convert(unsigned long va) 
                             ^
/home/satory-ra/Android/kernel/android_kernel_oukitel_orange/drivers/misc/mediatek/dispsys/mt6735/mt6735m/ddp_reg.h:1413:3: warning: passing argument 2 of 'dprec_reg_op' makes integer from pointer without a cast
   dprec_reg_op(handle, reg32, val, mask);\
   ^
drivers/misc/mediatek/dispsys/mt6735/ddp_dsi.c:58:145: note: in expansion of macro 'DISP_REG_MASK'
   if(cmdq)  {*(unsigned int*)(&r) = ((unsigned int)0x00000000);r.bit = ~(r.bit);*(unsigned int*)(&v) = ((unsigned int)0x00000000);v.bit = value;DISP_REG_MASK(cmdq, &REG, AS_UINT32(&v), AS_UINT32(&r));}  \
                                                                                                                                                 ^
drivers/misc/mediatek/dispsys/mt6735/ddp_dsi.c:482:4: note: in expansion of macro 'DSI_OUTREGBIT'
    DSI_OUTREGBIT(cmdq, DSI_PHY_LD0CON_REG, DSI_REG[i]->DSI_PHY_LD0CON, L0_ULPM_EN, 0);
    ^
In file included from /home/satory-ra/Android/kernel/android_kernel_oukitel_orange/drivers/misc/mediatek/videox/mt6735/disp_drv_log.h:3:0,
                 from drivers/misc/mediatek/dispsys/mt6735/ddp_dsi.c:8:
/home/satory-ra/Android/kernel/android_kernel_oukitel_orange/drivers/misc/mediatek/dispsys/mt6735/display_recorder.h:136:6: note: expected 'unsigned int' but argument is of type 'volatile struct DSI_PHY_LD0CON_REG *'
 void dprec_reg_op(void* cmdq, unsigned int reg, unsigned int val, unsigned int mask);
      ^
In file included from drivers/misc/mediatek/dispsys/mt6735/ddp_dsi.c:31:0:
/home/satory-ra/Android/kernel/android_kernel_oukitel_orange/drivers/misc/mediatek/dispsys/mt6735/mt6735m/ddp_reg.h:1420:25: warning: passing argument 1 of 'disp_addr_convert' makes integer from pointer without a cast
    cmdqRecWrite(handle, disp_addr_convert(reg32), val, mask); \
                         ^
drivers/misc/mediatek/dispsys/mt6735/ddp_dsi.c:58:145: note: in expansion of macro 'DISP_REG_MASK'
   if(cmdq)  {*(unsigned int*)(&r) = ((unsigned int)0x00000000);r.bit = ~(r.bit);*(unsigned int*)(&v) = ((unsigned int)0x00000000);v.bit = value;DISP_REG_MASK(cmdq, &REG, AS_UINT32(&v), AS_UINT32(&r));}  \
                                                                                                                                                 ^
drivers/misc/mediatek/dispsys/mt6735/ddp_dsi.c:482:4: note: in expansion of macro 'DSI_OUTREGBIT'
    DSI_OUTREGBIT(cmdq, DSI_PHY_LD0CON_REG, DSI_REG[i]->DSI_PHY_LD0CON, L0_ULPM_EN, 0);
    ^
/home/satory-ra/Android/kernel/android_kernel_oukitel_orange/drivers/misc/mediatek/dispsys/mt6735/mt6735m/ddp_reg.h:1395:29: note: expected 'long unsigned int' but argument is of type 'volatile struct DSI_PHY_LD0CON_REG *'
 static inline unsigned long disp_addr_convert(unsigned long va) 
                             ^
/home/satory-ra/Android/kernel/android_kernel_oukitel_orange/drivers/misc/mediatek/dispsys/mt6735/mt6735m/ddp_reg.h:1486:17: warning: passing argument 2 of 'dprec_reg_op' makes integer from pointer without a cast
                 dprec_reg_op(handle, reg32, val, 0x00000000);\
                 ^
drivers/misc/mediatek/dispsys/mt6735/ddp_dsi.c:59:63: note: in expansion of macro 'DISP_REG_SET'
   else{mt_reg_sync_writel(INREG32(&REG),&r);r.bit = (value);  DISP_REG_SET(cmdq, &REG, INREG32(&r));}    \
                                                               ^
drivers/misc/mediatek/dispsys/mt6735/ddp_dsi.c:482:4: note: in expansion of macro 'DSI_OUTREGBIT'
    DSI_OUTREGBIT(cmdq, DSI_PHY_LD0CON_REG, DSI_REG[i]->DSI_PHY_LD0CON, L0_ULPM_EN, 0);
    ^
In file included from /home/satory-ra/Android/kernel/android_kernel_oukitel_orange/drivers/misc/mediatek/videox/mt6735/disp_drv_log.h:3:0,
                 from drivers/misc/mediatek/dispsys/mt6735/ddp_dsi.c:8:
/home/satory-ra/Android/kernel/android_kernel_oukitel_orange/drivers/misc/mediatek/dispsys/mt6735/display_recorder.h:136:6: note: expected 'unsigned int' but argument is of type 'volatile struct DSI_PHY_LD0CON_REG *'
 void dprec_reg_op(void* cmdq, unsigned int reg, unsigned int val, unsigned int mask);
      ^
In file included from drivers/misc/mediatek/dispsys/mt6735/ddp_dsi.c:31:0:
/home/satory-ra/Android/kernel/android_kernel_oukitel_orange/drivers/misc/mediatek/dispsys/mt6735/mt6735m/ddp_reg.h:1487:38: warning: passing argument 1 of 'disp_addr_convert' makes integer from pointer without a cast
                 cmdqRecWrite(handle, disp_addr_convert(reg32), val, ~0); \
                                      ^
drivers/misc/mediatek/dispsys/mt6735/ddp_dsi.c:59:63: note: in expansion of macro 'DISP_REG_SET'
   else{mt_reg_sync_writel(INREG32(&REG),&r);r.bit = (value);  DISP_REG_SET(cmdq, &REG, INREG32(&r));}    \
                                                               ^
drivers/misc/mediatek/dispsys/mt6735/ddp_dsi.c:482:4: note: in expansion of macro 'DSI_OUTREGBIT'
    DSI_OUTREGBIT(cmdq, DSI_PHY_LD0CON_REG, DSI_REG[i]->DSI_PHY_LD0CON, L0_ULPM_EN, 0);
    ^
/home/satory-ra/Android/kernel/android_kernel_oukitel_orange/drivers/misc/mediatek/dispsys/mt6735/mt6735m/ddp_reg.h:1395:29: note: expected 'long unsigned int' but argument is of type 'volatile struct DSI_PHY_LD0CON_REG *'
 static inline unsigned long disp_addr_convert(unsigned long va) 
                             ^
/home/satory-ra/Android/kernel/android_kernel_oukitel_orange/drivers/misc/mediatek/dispsys/mt6735/mt6735m/ddp_reg.h:1413:3: warning: passing argument 2 of 'dprec_reg_op' makes integer from pointer without a cast
   dprec_reg_op(handle, reg32, val, mask);\
   ^
drivers/misc/mediatek/dispsys/mt6735/ddp_dsi.c:58:145: note: in expansion of macro 'DISP_REG_MASK'
   if(cmdq)  {*(unsigned int*)(&r) = ((unsigned int)0x00000000);r.bit = ~(r.bit);*(unsigned int*)(&v) = ((unsigned int)0x00000000);v.bit = value;DISP_REG_MASK(cmdq, &REG, AS_UINT32(&v), AS_UINT32(&r));}  \
                                                                                                                                                 ^
drivers/misc/mediatek/dispsys/mt6735/ddp_dsi.c:484:4: note: in expansion of macro 'DSI_OUTREGBIT'
    DSI_OUTREGBIT(cmdq, DSI_PHY_LD0CON_REG, DSI_REG[i]->DSI_PHY_LD0CON, Lx_ULPM_AS_L0, 0); 
    ^
In file included from /home/satory-ra/Android/kernel/android_kernel_oukitel_orange/drivers/misc/mediatek/videox/mt6735/disp_drv_log.h:3:0,
                 from drivers/misc/mediatek/dispsys/mt6735/ddp_dsi.c:8:
/home/satory-ra/Android/kernel/android_kernel_oukitel_orange/drivers/misc/mediatek/dispsys/mt6735/display_recorder.h:136:6: note: expected 'unsigned int' but argument is of type 'volatile struct DSI_PHY_LD0CON_REG *'
 void dprec_reg_op(void* cmdq, unsigned int reg, unsigned int val, unsigned int mask);
      ^
In file included from drivers/misc/mediatek/dispsys/mt6735/ddp_dsi.c:31:0:
/home/satory-ra/Android/kernel/android_kernel_oukitel_orange/drivers/misc/mediatek/dispsys/mt6735/mt6735m/ddp_reg.h:1420:25: warning: passing argument 1 of 'disp_addr_convert' makes integer from pointer without a cast
    cmdqRecWrite(handle, disp_addr_convert(reg32), val, mask); \
                         ^
drivers/misc/mediatek/dispsys/mt6735/ddp_dsi.c:58:145: note: in expansion of macro 'DISP_REG_MASK'
   if(cmdq)  {*(unsigned int*)(&r) = ((unsigned int)0x00000000);r.bit = ~(r.bit);*(unsigned int*)(&v) = ((unsigned int)0x00000000);v.bit = value;DISP_REG_MASK(cmdq, &REG, AS_UINT32(&v), AS_UINT32(&r));}  \
                                                                                                                                                 ^
drivers/misc/mediatek/dispsys/mt6735/ddp_dsi.c:484:4: note: in expansion of macro 'DSI_OUTREGBIT'
    DSI_OUTREGBIT(cmdq, DSI_PHY_LD0CON_REG, DSI_REG[i]->DSI_PHY_LD0CON, Lx_ULPM_AS_L0, 0); 
    ^
/home/satory-ra/Android/kernel/android_kernel_oukitel_orange/drivers/misc/mediatek/dispsys/mt6735/mt6735m/ddp_reg.h:1395:29: note: expected 'long unsigned int' but argument is of type 'volatile struct DSI_PHY_LD0CON_REG *'
 static inline unsigned long disp_addr_convert(unsigned long va) 
                             ^
/home/satory-ra/Android/kernel/android_kernel_oukitel_orange/drivers/misc/mediatek/dispsys/mt6735/mt6735m/ddp_reg.h:1486:17: warning: passing argument 2 of 'dprec_reg_op' makes integer from pointer without a cast
                 dprec_reg_op(handle, reg32, val, 0x00000000);\
                 ^
drivers/misc/mediatek/dispsys/mt6735/ddp_dsi.c:59:63: note: in expansion of macro 'DISP_REG_SET'
   else{mt_reg_sync_writel(INREG32(&REG),&r);r.bit = (value);  DISP_REG_SET(cmdq, &REG, INREG32(&r));}    \
                                                               ^
drivers/misc/mediatek/dispsys/mt6735/ddp_dsi.c:484:4: note: in expansion of macro 'DSI_OUTREGBIT'
    DSI_OUTREGBIT(cmdq, DSI_PHY_LD0CON_REG, DSI_REG[i]->DSI_PHY_LD0CON, Lx_ULPM_AS_L0, 0); 
    ^
In file included from /home/satory-ra/Android/kernel/android_kernel_oukitel_orange/drivers/misc/mediatek/videox/mt6735/disp_drv_log.h:3:0,
                 from drivers/misc/mediatek/dispsys/mt6735/ddp_dsi.c:8:
/home/satory-ra/Android/kernel/android_kernel_oukitel_orange/drivers/misc/mediatek/dispsys/mt6735/display_recorder.h:136:6: note: expected 'unsigned int' but argument is of type 'volatile struct DSI_PHY_LD0CON_REG *'
 void dprec_reg_op(void* cmdq, unsigned int reg, unsigned int val, unsigned int mask);
      ^
In file included from drivers/misc/mediatek/dispsys/mt6735/ddp_dsi.c:31:0:
/home/satory-ra/Android/kernel/android_kernel_oukitel_orange/drivers/misc/mediatek/dispsys/mt6735/mt6735m/ddp_reg.h:1487:38: warning: passing argument 1 of 'disp_addr_convert' makes integer from pointer without a cast
                 cmdqRecWrite(handle, disp_addr_convert(reg32), val, ~0); \
                                      ^
drivers/misc/mediatek/dispsys/mt6735/ddp_dsi.c:59:63: note: in expansion of macro 'DISP_REG_SET'
   else{mt_reg_sync_writel(INREG32(&REG),&r);r.bit = (value);  DISP_REG_SET(cmdq, &REG, INREG32(&r));}    \
                                                               ^
drivers/misc/mediatek/dispsys/mt6735/ddp_dsi.c:484:4: note: in expansion of macro 'DSI_OUTREGBIT'
    DSI_OUTREGBIT(cmdq, DSI_PHY_LD0CON_REG, DSI_REG[i]->DSI_PHY_LD0CON, Lx_ULPM_AS_L0, 0); 
    ^
/home/satory-ra/Android/kernel/android_kernel_oukitel_orange/drivers/misc/mediatek/dispsys/mt6735/mt6735m/ddp_reg.h:1395:29: note: expected 'long unsigned int' but argument is of type 'volatile struct DSI_PHY_LD0CON_REG *'
 static inline unsigned long disp_addr_convert(unsigned long va) 
                             ^
/home/satory-ra/Android/kernel/android_kernel_oukitel_orange/drivers/misc/mediatek/dispsys/mt6735/mt6735m/ddp_reg.h:1413:3: warning: passing argument 2 of 'dprec_reg_op' makes integer from pointer without a cast
   dprec_reg_op(handle, reg32, val, mask);\
   ^
drivers/misc/mediatek/dispsys/mt6735/ddp_dsi.c:58:145: note: in expansion of macro 'DISP_REG_MASK'
   if(cmdq)  {*(unsigned int*)(&r) = ((unsigned int)0x00000000);r.bit = ~(r.bit);*(unsigned int*)(&v) = ((unsigned int)0x00000000);v.bit = value;DISP_REG_MASK(cmdq, &REG, AS_UINT32(&v), AS_UINT32(&r));}  \
                                                                                                                                                 ^
drivers/misc/mediatek/dispsys/mt6735/ddp_dsi.c:485:4: note: in expansion of macro 'DSI_OUTREGBIT'
    DSI_OUTREGBIT(cmdq, DSI_PHY_LD0CON_REG, DSI_REG[i]->DSI_PHY_LD0CON, L0_WAKEUP_EN, 1);
    ^
In file included from /home/satory-ra/Android/kernel/android_kernel_oukitel_orange/drivers/misc/mediatek/videox/mt6735/disp_drv_log.h:3:0,
                 from drivers/misc/mediatek/dispsys/mt6735/ddp_dsi.c:8:
/home/satory-ra/Android/kernel/android_kernel_oukitel_orange/drivers/misc/mediatek/dispsys/mt6735/display_recorder.h:136:6: note: expected 'unsigned int' but argument is of type 'volatile struct DSI_PHY_LD0CON_REG *'
 void dprec_reg_op(void* cmdq, unsigned int reg, unsigned int val, unsigned int mask);
      ^
In file included from drivers/misc/mediatek/dispsys/mt6735/ddp_dsi.c:31:0:
/home/satory-ra/Android/kernel/android_kernel_oukitel_orange/drivers/misc/mediatek/dispsys/mt6735/mt6735m/ddp_reg.h:1420:25: warning: passing argument 1 of 'disp_addr_convert' makes integer from pointer without a cast
    cmdqRecWrite(handle, disp_addr_convert(reg32), val, mask); \
                         ^
drivers/misc/mediatek/dispsys/mt6735/ddp_dsi.c:58:145: note: in expansion of macro 'DISP_REG_MASK'
   if(cmdq)  {*(unsigned int*)(&r) = ((unsigned int)0x00000000);r.bit = ~(r.bit);*(unsigned int*)(&v) = ((unsigned int)0x00000000);v.bit = value;DISP_REG_MASK(cmdq, &REG, AS_UINT32(&v), AS_UINT32(&r));}  \
                                                                                                                                                 ^
drivers/misc/mediatek/dispsys/mt6735/ddp_dsi.c:485:4: note: in expansion of macro 'DSI_OUTREGBIT'
    DSI_OUTREGBIT(cmdq, DSI_PHY_LD0CON_REG, DSI_REG[i]->DSI_PHY_LD0CON, L0_WAKEUP_EN, 1);
    ^
/home/satory-ra/Android/kernel/android_kernel_oukitel_orange/drivers/misc/mediatek/dispsys/mt6735/mt6735m/ddp_reg.h:1395:29: note: expected 'long unsigned int' but argument is of type 'volatile struct DSI_PHY_LD0CON_REG *'
 static inline unsigned long disp_addr_convert(unsigned long va) 
                             ^
/home/satory-ra/Android/kernel/android_kernel_oukitel_orange/drivers/misc/mediatek/dispsys/mt6735/mt6735m/ddp_reg.h:1486:17: warning: passing argument 2 of 'dprec_reg_op' makes integer from pointer without a cast
                 dprec_reg_op(handle, reg32, val, 0x00000000);\
                 ^
drivers/misc/mediatek/dispsys/mt6735/ddp_dsi.c:59:63: note: in expansion of macro 'DISP_REG_SET'
   else{mt_reg_sync_writel(INREG32(&REG),&r);r.bit = (value);  DISP_REG_SET(cmdq, &REG, INREG32(&r));}    \
                                                               ^
drivers/misc/mediatek/dispsys/mt6735/ddp_dsi.c:485:4: note: in expansion of macro 'DSI_OUTREGBIT'
    DSI_OUTREGBIT(cmdq, DSI_PHY_LD0CON_REG, DSI_REG[i]->DSI_PHY_LD0CON, L0_WAKEUP_EN, 1);
    ^
In file included from /home/satory-ra/Android/kernel/android_kernel_oukitel_orange/drivers/misc/mediatek/videox/mt6735/disp_drv_log.h:3:0,
                 from drivers/misc/mediatek/dispsys/mt6735/ddp_dsi.c:8:
/home/satory-ra/Android/kernel/android_kernel_oukitel_orange/drivers/misc/mediatek/dispsys/mt6735/display_recorder.h:136:6: note: expected 'unsigned int' but argument is of type 'volatile struct DSI_PHY_LD0CON_REG *'
 void dprec_reg_op(void* cmdq, unsigned int reg, unsigned int val, unsigned int mask);
      ^
In file included from drivers/misc/mediatek/dispsys/mt6735/ddp_dsi.c:31:0:
/home/satory-ra/Android/kernel/android_kernel_oukitel_orange/drivers/misc/mediatek/dispsys/mt6735/mt6735m/ddp_reg.h:1487:38: warning: passing argument 1 of 'disp_addr_convert' makes integer from pointer without a cast
                 cmdqRecWrite(handle, disp_addr_convert(reg32), val, ~0); \
                                      ^
drivers/misc/mediatek/dispsys/mt6735/ddp_dsi.c:59:63: note: in expansion of macro 'DISP_REG_SET'
   else{mt_reg_sync_writel(INREG32(&REG),&r);r.bit = (value);  DISP_REG_SET(cmdq, &REG, INREG32(&r));}    \
                                                               ^
drivers/misc/mediatek/dispsys/mt6735/ddp_dsi.c:485:4: note: in expansion of macro 'DSI_OUTREGBIT'
    DSI_OUTREGBIT(cmdq, DSI_PHY_LD0CON_REG, DSI_REG[i]->DSI_PHY_LD0CON, L0_WAKEUP_EN, 1);
    ^
/home/satory-ra/Android/kernel/android_kernel_oukitel_orange/drivers/misc/mediatek/dispsys/mt6735/mt6735m/ddp_reg.h:1395:29: note: expected 'long unsigned int' but argument is of type 'volatile struct DSI_PHY_LD0CON_REG *'
 static inline unsigned long disp_addr_convert(unsigned long va) 
                             ^
/home/satory-ra/Android/kernel/android_kernel_oukitel_orange/drivers/misc/mediatek/dispsys/mt6735/mt6735m/ddp_reg.h:1413:3: warning: passing argument 2 of 'dprec_reg_op' makes integer from pointer without a cast
   dprec_reg_op(handle, reg32, val, mask);\
   ^
drivers/misc/mediatek/dispsys/mt6735/ddp_dsi.c:58:145: note: in expansion of macro 'DISP_REG_MASK'
   if(cmdq)  {*(unsigned int*)(&r) = ((unsigned int)0x00000000);r.bit = ~(r.bit);*(unsigned int*)(&v) = ((unsigned int)0x00000000);v.bit = value;DISP_REG_MASK(cmdq, &REG, AS_UINT32(&v), AS_UINT32(&r));}  \
                                                                                                                                                 ^
drivers/misc/mediatek/dispsys/mt6735/ddp_dsi.c:487:4: note: in expansion of macro 'DSI_OUTREGBIT'
    DSI_OUTREGBIT(cmdq, DSI_PHY_LD0CON_REG, DSI_REG[i]->DSI_PHY_LD0CON, L0_WAKEUP_EN, 0);
    ^
In file included from /home/satory-ra/Android/kernel/android_kernel_oukitel_orange/drivers/misc/mediatek/videox/mt6735/disp_drv_log.h:3:0,
                 from drivers/misc/mediatek/dispsys/mt6735/ddp_dsi.c:8:
/home/satory-ra/Android/kernel/android_kernel_oukitel_orange/drivers/misc/mediatek/dispsys/mt6735/display_recorder.h:136:6: note: expected 'unsigned int' but argument is of type 'volatile struct DSI_PHY_LD0CON_REG *'
 void dprec_reg_op(void* cmdq, unsigned int reg, unsigned int val, unsigned int mask);
      ^
In file included from drivers/misc/mediatek/dispsys/mt6735/ddp_dsi.c:31:0:
/home/satory-ra/Android/kernel/android_kernel_oukitel_orange/drivers/misc/mediatek/dispsys/mt6735/mt6735m/ddp_reg.h:1420:25: warning: passing argument 1 of 'disp_addr_convert' makes integer from pointer without a cast
    cmdqRecWrite(handle, disp_addr_convert(reg32), val, mask); \
                         ^
drivers/misc/mediatek/dispsys/mt6735/ddp_dsi.c:58:145: note: in expansion of macro 'DISP_REG_MASK'
   if(cmdq)  {*(unsigned int*)(&r) = ((unsigned int)0x00000000);r.bit = ~(r.bit);*(unsigned int*)(&v) = ((unsigned int)0x00000000);v.bit = value;DISP_REG_MASK(cmdq, &REG, AS_UINT32(&v), AS_UINT32(&r));}  \
                                                                                                                                                 ^
drivers/misc/mediatek/dispsys/mt6735/ddp_dsi.c:487:4: note: in expansion of macro 'DSI_OUTREGBIT'
    DSI_OUTREGBIT(cmdq, DSI_PHY_LD0CON_REG, DSI_REG[i]->DSI_PHY_LD0CON, L0_WAKEUP_EN, 0);
    ^
/home/satory-ra/Android/kernel/android_kernel_oukitel_orange/drivers/misc/mediatek/dispsys/mt6735/mt6735m/ddp_reg.h:1395:29: note: expected 'long unsigned int' but argument is of type 'volatile struct DSI_PHY_LD0CON_REG *'
 static inline unsigned long disp_addr_convert(unsigned long va) 
                             ^
/home/satory-ra/Android/kernel/android_kernel_oukitel_orange/drivers/misc/mediatek/dispsys/mt6735/mt6735m/ddp_reg.h:1486:17: warning: passing argument 2 of 'dprec_reg_op' makes integer from pointer without a cast
                 dprec_reg_op(handle, reg32, val, 0x00000000);\
                 ^
drivers/misc/mediatek/dispsys/mt6735/ddp_dsi.c:59:63: note: in expansion of macro 'DISP_REG_SET'
   else{mt_reg_sync_writel(INREG32(&REG),&r);r.bit = (value);  DISP_REG_SET(cmdq, &REG, INREG32(&r));}    \
                                                               ^
drivers/misc/mediatek/dispsys/mt6735/ddp_dsi.c:487:4: note: in expansion of macro 'DSI_OUTREGBIT'
    DSI_OUTREGBIT(cmdq, DSI_PHY_LD0CON_REG, DSI_REG[i]->DSI_PHY_LD0CON, L0_WAKEUP_EN, 0);
    ^
In file included from /home/satory-ra/Android/kernel/android_kernel_oukitel_orange/drivers/misc/mediatek/videox/mt6735/disp_drv_log.h:3:0,
                 from drivers/misc/mediatek/dispsys/mt6735/ddp_dsi.c:8:
/home/satory-ra/Android/kernel/android_kernel_oukitel_orange/drivers/misc/mediatek/dispsys/mt6735/display_recorder.h:136:6: note: expected 'unsigned int' but argument is of type 'volatile struct DSI_PHY_LD0CON_REG *'
 void dprec_reg_op(void* cmdq, unsigned int reg, unsigned int val, unsigned int mask);
      ^
In file included from drivers/misc/mediatek/dispsys/mt6735/ddp_dsi.c:31:0:
/home/satory-ra/Android/kernel/android_kernel_oukitel_orange/drivers/misc/mediatek/dispsys/mt6735/mt6735m/ddp_reg.h:1487:38: warning: passing argument 1 of 'disp_addr_convert' makes integer from pointer without a cast
                 cmdqRecWrite(handle, disp_addr_convert(reg32), val, ~0); \
                                      ^
drivers/misc/mediatek/dispsys/mt6735/ddp_dsi.c:59:63: note: in expansion of macro 'DISP_REG_SET'
   else{mt_reg_sync_writel(INREG32(&REG),&r);r.bit = (value);  DISP_REG_SET(cmdq, &REG, INREG32(&r));}    \
                                                               ^
drivers/misc/mediatek/dispsys/mt6735/ddp_dsi.c:487:4: note: in expansion of macro 'DSI_OUTREGBIT'
    DSI_OUTREGBIT(cmdq, DSI_PHY_LD0CON_REG, DSI_REG[i]->DSI_PHY_LD0CON, L0_WAKEUP_EN, 0);
    ^
/home/satory-ra/Android/kernel/android_kernel_oukitel_orange/drivers/misc/mediatek/dispsys/mt6735/mt6735m/ddp_reg.h:1395:29: note: expected 'long unsigned int' but argument is of type 'volatile struct DSI_PHY_LD0CON_REG *'
 static inline unsigned long disp_addr_convert(unsigned long va) 
                             ^
drivers/misc/mediatek/dispsys/mt6735/ddp_dsi.c: In function 'DSI_clk_ULP_mode':
/home/satory-ra/Android/kernel/android_kernel_oukitel_orange/drivers/misc/mediatek/dispsys/mt6735/mt6735m/ddp_reg.h:1413:3: warning: passing argument 2 of 'dprec_reg_op' makes integer from pointer without a cast
   dprec_reg_op(handle, reg32, val, mask);\
   ^
drivers/misc/mediatek/dispsys/mt6735/ddp_dsi.c:58:145: note: in expansion of macro 'DISP_REG_MASK'
   if(cmdq)  {*(unsigned int*)(&r) = ((unsigned int)0x00000000);r.bit = ~(r.bit);*(unsigned int*)(&v) = ((unsigned int)0x00000000);v.bit = value;DISP_REG_MASK(cmdq, &REG, AS_UINT32(&v), AS_UINT32(&r));}  \
                                                                                                                                                 ^
drivers/misc/mediatek/dispsys/mt6735/ddp_dsi.c:504:4: note: in expansion of macro 'DSI_OUTREGBIT'
    DSI_OUTREGBIT(cmdq, DSI_PHY_LCCON_REG, DSI_REG[i]->DSI_PHY_LCCON, LC_ULPM_EN, 0);
    ^
In file included from /home/satory-ra/Android/kernel/android_kernel_oukitel_orange/drivers/misc/mediatek/videox/mt6735/disp_drv_log.h:3:0,
                 from drivers/misc/mediatek/dispsys/mt6735/ddp_dsi.c:8:
/home/satory-ra/Android/kernel/android_kernel_oukitel_orange/drivers/misc/mediatek/dispsys/mt6735/display_recorder.h:136:6: note: expected 'unsigned int' but argument is of type 'volatile struct DSI_PHY_LCCON_REG *'
 void dprec_reg_op(void* cmdq, unsigned int reg, unsigned int val, unsigned int mask);
      ^
In file included from drivers/misc/mediatek/dispsys/mt6735/ddp_dsi.c:31:0:
/home/satory-ra/Android/kernel/android_kernel_oukitel_orange/drivers/misc/mediatek/dispsys/mt6735/mt6735m/ddp_reg.h:1420:25: warning: passing argument 1 of 'disp_addr_convert' makes integer from pointer without a cast
    cmdqRecWrite(handle, disp_addr_convert(reg32), val, mask); \
                         ^
drivers/misc/mediatek/dispsys/mt6735/ddp_dsi.c:58:145: note: in expansion of macro 'DISP_REG_MASK'
   if(cmdq)  {*(unsigned int*)(&r) = ((unsigned int)0x00000000);r.bit = ~(r.bit);*(unsigned int*)(&v) = ((unsigned int)0x00000000);v.bit = value;DISP_REG_MASK(cmdq, &REG, AS_UINT32(&v), AS_UINT32(&r));}  \
                                                                                                                                                 ^
drivers/misc/mediatek/dispsys/mt6735/ddp_dsi.c:504:4: note: in expansion of macro 'DSI_OUTREGBIT'
    DSI_OUTREGBIT(cmdq, DSI_PHY_LCCON_REG, DSI_REG[i]->DSI_PHY_LCCON, LC_ULPM_EN, 0);
    ^
/home/satory-ra/Android/kernel/android_kernel_oukitel_orange/drivers/misc/mediatek/dispsys/mt6735/mt6735m/ddp_reg.h:1395:29: note: expected 'long unsigned int' but argument is of type 'volatile struct DSI_PHY_LCCON_REG *'
 static inline unsigned long disp_addr_convert(unsigned long va) 
                             ^
/home/satory-ra/Android/kernel/android_kernel_oukitel_orange/drivers/misc/mediatek/dispsys/mt6735/mt6735m/ddp_reg.h:1486:17: warning: passing argument 2 of 'dprec_reg_op' makes integer from pointer without a cast
                 dprec_reg_op(handle, reg32, val, 0x00000000);\
                 ^
drivers/misc/mediatek/dispsys/mt6735/ddp_dsi.c:59:63: note: in expansion of macro 'DISP_REG_SET'
   else{mt_reg_sync_writel(INREG32(&REG),&r);r.bit = (value);  DISP_REG_SET(cmdq, &REG, INREG32(&r));}    \
                                                               ^
drivers/misc/mediatek/dispsys/mt6735/ddp_dsi.c:504:4: note: in expansion of macro 'DSI_OUTREGBIT'
    DSI_OUTREGBIT(cmdq, DSI_PHY_LCCON_REG, DSI_REG[i]->DSI_PHY_LCCON, LC_ULPM_EN, 0);
    ^
In file included from /home/satory-ra/Android/kernel/android_kernel_oukitel_orange/drivers/misc/mediatek/videox/mt6735/disp_drv_log.h:3:0,
                 from drivers/misc/mediatek/dispsys/mt6735/ddp_dsi.c:8:
/home/satory-ra/Android/kernel/android_kernel_oukitel_orange/drivers/misc/mediatek/dispsys/mt6735/display_recorder.h:136:6: note: expected 'unsigned int' but argument is of type 'volatile struct DSI_PHY_LCCON_REG *'
 void dprec_reg_op(void* cmdq, unsigned int reg, unsigned int val, unsigned int mask);
      ^
In file included from drivers/misc/mediatek/dispsys/mt6735/ddp_dsi.c:31:0:
/home/satory-ra/Android/kernel/android_kernel_oukitel_orange/drivers/misc/mediatek/dispsys/mt6735/mt6735m/ddp_reg.h:1487:38: warning: passing argument 1 of 'disp_addr_convert' makes integer from pointer without a cast
                 cmdqRecWrite(handle, disp_addr_convert(reg32), val, ~0); \
                                      ^
drivers/misc/mediatek/dispsys/mt6735/ddp_dsi.c:59:63: note: in expansion of macro 'DISP_REG_SET'
   else{mt_reg_sync_writel(INREG32(&REG),&r);r.bit = (value);  DISP_REG_SET(cmdq, &REG, INREG32(&r));}    \
                                                               ^
drivers/misc/mediatek/dispsys/mt6735/ddp_dsi.c:504:4: note: in expansion of macro 'DSI_OUTREGBIT'
    DSI_OUTREGBIT(cmdq, DSI_PHY_LCCON_REG, DSI_REG[i]->DSI_PHY_LCCON, LC_ULPM_EN, 0);
    ^
/home/satory-ra/Android/kernel/android_kernel_oukitel_orange/drivers/misc/mediatek/dispsys/mt6735/mt6735m/ddp_reg.h:1395:29: note: expected 'long unsigned int' but argument is of type 'volatile struct DSI_PHY_LCCON_REG *'
 static inline unsigned long disp_addr_convert(unsigned long va) 
                             ^
/home/satory-ra/Android/kernel/android_kernel_oukitel_orange/drivers/misc/mediatek/dispsys/mt6735/mt6735m/ddp_reg.h:1413:3: warning: passing argument 2 of 'dprec_reg_op' makes integer from pointer without a cast
   dprec_reg_op(handle, reg32, val, mask);\
   ^
drivers/misc/mediatek/dispsys/mt6735/ddp_dsi.c:58:145: note: in expansion of macro 'DISP_REG_MASK'
   if(cmdq)  {*(unsigned int*)(&r) = ((unsigned int)0x00000000);r.bit = ~(r.bit);*(unsigned int*)(&v) = ((unsigned int)0x00000000);v.bit = value;DISP_REG_MASK(cmdq, &REG, AS_UINT32(&v), AS_UINT32(&r));}  \
                                                                                                                                                 ^
drivers/misc/mediatek/dispsys/mt6735/ddp_dsi.c:505:4: note: in expansion of macro 'DSI_OUTREGBIT'
    DSI_OUTREGBIT(cmdq, DSI_PHY_LCCON_REG, DSI_REG[i]->DSI_PHY_LCCON, LC_ULPM_EN, 1);
    ^
In file included from /home/satory-ra/Android/kernel/android_kernel_oukitel_orange/drivers/misc/mediatek/videox/mt6735/disp_drv_log.h:3:0,
                 from drivers/misc/mediatek/dispsys/mt6735/ddp_dsi.c:8:
/home/satory-ra/Android/kernel/android_kernel_oukitel_orange/drivers/misc/mediatek/dispsys/mt6735/display_recorder.h:136:6: note: expected 'unsigned int' but argument is of type 'volatile struct DSI_PHY_LCCON_REG *'
 void dprec_reg_op(void* cmdq, unsigned int reg, unsigned int val, unsigned int mask);
      ^
In file included from drivers/misc/mediatek/dispsys/mt6735/ddp_dsi.c:31:0:
/home/satory-ra/Android/kernel/android_kernel_oukitel_orange/drivers/misc/mediatek/dispsys/mt6735/mt6735m/ddp_reg.h:1420:25: warning: passing argument 1 of 'disp_addr_convert' makes integer from pointer without a cast
    cmdqRecWrite(handle, disp_addr_convert(reg32), val, mask); \
                         ^
drivers/misc/mediatek/dispsys/mt6735/ddp_dsi.c:58:145: note: in expansion of macro 'DISP_REG_MASK'
   if(cmdq)  {*(unsigned int*)(&r) = ((unsigned int)0x00000000);r.bit = ~(r.bit);*(unsigned int*)(&v) = ((unsigned int)0x00000000);v.bit = value;DISP_REG_MASK(cmdq, &REG, AS_UINT32(&v), AS_UINT32(&r));}  \
                                                                                                                                                 ^
drivers/misc/mediatek/dispsys/mt6735/ddp_dsi.c:505:4: note: in expansion of macro 'DSI_OUTREGBIT'
    DSI_OUTREGBIT(cmdq, DSI_PHY_LCCON_REG, DSI_REG[i]->DSI_PHY_LCCON, LC_ULPM_EN, 1);
    ^
/home/satory-ra/Android/kernel/android_kernel_oukitel_orange/drivers/misc/mediatek/dispsys/mt6735/mt6735m/ddp_reg.h:1395:29: note: expected 'long unsigned int' but argument is of type 'volatile struct DSI_PHY_LCCON_REG *'
 static inline unsigned long disp_addr_convert(unsigned long va) 
                             ^
/home/satory-ra/Android/kernel/android_kernel_oukitel_orange/drivers/misc/mediatek/dispsys/mt6735/mt6735m/ddp_reg.h:1486:17: warning: passing argument 2 of 'dprec_reg_op' makes integer from pointer without a cast
                 dprec_reg_op(handle, reg32, val, 0x00000000);\
                 ^
drivers/misc/mediatek/dispsys/mt6735/ddp_dsi.c:59:63: note: in expansion of macro 'DISP_REG_SET'
   else{mt_reg_sync_writel(INREG32(&REG),&r);r.bit = (value);  DISP_REG_SET(cmdq, &REG, INREG32(&r));}    \
                                                               ^
drivers/misc/mediatek/dispsys/mt6735/ddp_dsi.c:505:4: note: in expansion of macro 'DSI_OUTREGBIT'
    DSI_OUTREGBIT(cmdq, DSI_PHY_LCCON_REG, DSI_REG[i]->DSI_PHY_LCCON, LC_ULPM_EN, 1);
    ^
In file included from /home/satory-ra/Android/kernel/android_kernel_oukitel_orange/drivers/misc/mediatek/videox/mt6735/disp_drv_log.h:3:0,
                 from drivers/misc/mediatek/dispsys/mt6735/ddp_dsi.c:8:
/home/satory-ra/Android/kernel/android_kernel_oukitel_orange/drivers/misc/mediatek/dispsys/mt6735/display_recorder.h:136:6: note: expected 'unsigned int' but argument is of type 'volatile struct DSI_PHY_LCCON_REG *'
 void dprec_reg_op(void* cmdq, unsigned int reg, unsigned int val, unsigned int mask);
      ^
In file included from drivers/misc/mediatek/dispsys/mt6735/ddp_dsi.c:31:0:
/home/satory-ra/Android/kernel/android_kernel_oukitel_orange/drivers/misc/mediatek/dispsys/mt6735/mt6735m/ddp_reg.h:1487:38: warning: passing argument 1 of 'disp_addr_convert' makes integer from pointer without a cast
                 cmdqRecWrite(handle, disp_addr_convert(reg32), val, ~0); \
                                      ^
drivers/misc/mediatek/dispsys/mt6735/ddp_dsi.c:59:63: note: in expansion of macro 'DISP_REG_SET'
   else{mt_reg_sync_writel(INREG32(&REG),&r);r.bit = (value);  DISP_REG_SET(cmdq, &REG, INREG32(&r));}    \
                                                               ^
drivers/misc/mediatek/dispsys/mt6735/ddp_dsi.c:505:4: note: in expansion of macro 'DSI_OUTREGBIT'
    DSI_OUTREGBIT(cmdq, DSI_PHY_LCCON_REG, DSI_REG[i]->DSI_PHY_LCCON, LC_ULPM_EN, 1);
    ^
/home/satory-ra/Android/kernel/android_kernel_oukitel_orange/drivers/misc/mediatek/dispsys/mt6735/mt6735m/ddp_reg.h:1395:29: note: expected 'long unsigned int' but argument is of type 'volatile struct DSI_PHY_LCCON_REG *'
 static inline unsigned long disp_addr_convert(unsigned long va) 
                             ^
/home/satory-ra/Android/kernel/android_kernel_oukitel_orange/drivers/misc/mediatek/dispsys/mt6735/mt6735m/ddp_reg.h:1413:3: warning: passing argument 2 of 'dprec_reg_op' makes integer from pointer without a cast
   dprec_reg_op(handle, reg32, val, mask);\
   ^
drivers/misc/mediatek/dispsys/mt6735/ddp_dsi.c:58:145: note: in expansion of macro 'DISP_REG_MASK'
   if(cmdq)  {*(unsigned int*)(&r) = ((unsigned int)0x00000000);r.bit = ~(r.bit);*(unsigned int*)(&v) = ((unsigned int)0x00000000);v.bit = value;DISP_REG_MASK(cmdq, &REG, AS_UINT32(&v), AS_UINT32(&r));}  \
                                                                                                                                                 ^
drivers/misc/mediatek/dispsys/mt6735/ddp_dsi.c:510:4: note: in expansion of macro 'DSI_OUTREGBIT'
    DSI_OUTREGBIT(cmdq, DSI_PHY_LCCON_REG, DSI_REG[i]->DSI_PHY_LCCON, LC_ULPM_EN, 0);
    ^
In file included from /home/satory-ra/Android/kernel/android_kernel_oukitel_orange/drivers/misc/mediatek/videox/mt6735/disp_drv_log.h:3:0,
                 from drivers/misc/mediatek/dispsys/mt6735/ddp_dsi.c:8:
/home/satory-ra/Android/kernel/android_kernel_oukitel_orange/drivers/misc/mediatek/dispsys/mt6735/display_recorder.h:136:6: note: expected 'unsigned int' but argument is of type 'volatile struct DSI_PHY_LCCON_REG *'
 void dprec_reg_op(void* cmdq, unsigned int reg, unsigned int val, unsigned int mask);
      ^
In file included from drivers/misc/mediatek/dispsys/mt6735/ddp_dsi.c:31:0:
/home/satory-ra/Android/kernel/android_kernel_oukitel_orange/drivers/misc/mediatek/dispsys/mt6735/mt6735m/ddp_reg.h:1420:25: warning: passing argument 1 of 'disp_addr_convert' makes integer from pointer without a cast
    cmdqRecWrite(handle, disp_addr_convert(reg32), val, mask); \
                         ^
drivers/misc/mediatek/dispsys/mt6735/ddp_dsi.c:58:145: note: in expansion of macro 'DISP_REG_MASK'
   if(cmdq)  {*(unsigned int*)(&r) = ((unsigned int)0x00000000);r.bit = ~(r.bit);*(unsigned int*)(&v) = ((unsigned int)0x00000000);v.bit = value;DISP_REG_MASK(cmdq, &REG, AS_UINT32(&v), AS_UINT32(&r));}  \
                                                                                                                                                 ^
drivers/misc/mediatek/dispsys/mt6735/ddp_dsi.c:510:4: note: in expansion of macro 'DSI_OUTREGBIT'
    DSI_OUTREGBIT(cmdq, DSI_PHY_LCCON_REG, DSI_REG[i]->DSI_PHY_LCCON, LC_ULPM_EN, 0);
    ^
/home/satory-ra/Android/kernel/android_kernel_oukitel_orange/drivers/misc/mediatek/dispsys/mt6735/mt6735m/ddp_reg.h:1395:29: note: expected 'long unsigned int' but argument is of type 'volatile struct DSI_PHY_LCCON_REG *'
 static inline unsigned long disp_addr_convert(unsigned long va) 
                             ^
/home/satory-ra/Android/kernel/android_kernel_oukitel_orange/drivers/misc/mediatek/dispsys/mt6735/mt6735m/ddp_reg.h:1486:17: warning: passing argument 2 of 'dprec_reg_op' makes integer from pointer without a cast
                 dprec_reg_op(handle, reg32, val, 0x00000000);\
                 ^
drivers/misc/mediatek/dispsys/mt6735/ddp_dsi.c:59:63: note: in expansion of macro 'DISP_REG_SET'
   else{mt_reg_sync_writel(INREG32(&REG),&r);r.bit = (value);  DISP_REG_SET(cmdq, &REG, INREG32(&r));}    \
                                                               ^
drivers/misc/mediatek/dispsys/mt6735/ddp_dsi.c:510:4: note: in expansion of macro 'DSI_OUTREGBIT'
    DSI_OUTREGBIT(cmdq, DSI_PHY_LCCON_REG, DSI_REG[i]->DSI_PHY_LCCON, LC_ULPM_EN, 0);
    ^
In file included from /home/satory-ra/Android/kernel/android_kernel_oukitel_orange/drivers/misc/mediatek/videox/mt6735/disp_drv_log.h:3:0,
                 from drivers/misc/mediatek/dispsys/mt6735/ddp_dsi.c:8:
/home/satory-ra/Android/kernel/android_kernel_oukitel_orange/drivers/misc/mediatek/dispsys/mt6735/display_recorder.h:136:6: note: expected 'unsigned int' but argument is of type 'volatile struct DSI_PHY_LCCON_REG *'
 void dprec_reg_op(void* cmdq, unsigned int reg, unsigned int val, unsigned int mask);
      ^
In file included from drivers/misc/mediatek/dispsys/mt6735/ddp_dsi.c:31:0:
/home/satory-ra/Android/kernel/android_kernel_oukitel_orange/drivers/misc/mediatek/dispsys/mt6735/mt6735m/ddp_reg.h:1487:38: warning: passing argument 1 of 'disp_addr_convert' makes integer from pointer without a cast
                 cmdqRecWrite(handle, disp_addr_convert(reg32), val, ~0); \
                                      ^
drivers/misc/mediatek/dispsys/mt6735/ddp_dsi.c:59:63: note: in expansion of macro 'DISP_REG_SET'
   else{mt_reg_sync_writel(INREG32(&REG),&r);r.bit = (value);  DISP_REG_SET(cmdq, &REG, INREG32(&r));}    \
                                                               ^
drivers/misc/mediatek/dispsys/mt6735/ddp_dsi.c:510:4: note: in expansion of macro 'DSI_OUTREGBIT'
    DSI_OUTREGBIT(cmdq, DSI_PHY_LCCON_REG, DSI_REG[i]->DSI_PHY_LCCON, LC_ULPM_EN, 0);
    ^
/home/satory-ra/Android/kernel/android_kernel_oukitel_orange/drivers/misc/mediatek/dispsys/mt6735/mt6735m/ddp_reg.h:1395:29: note: expected 'long unsigned int' but argument is of type 'volatile struct DSI_PHY_LCCON_REG *'
 static inline unsigned long disp_addr_convert(unsigned long va) 
                             ^
/home/satory-ra/Android/kernel/android_kernel_oukitel_orange/drivers/misc/mediatek/dispsys/mt6735/mt6735m/ddp_reg.h:1413:3: warning: passing argument 2 of 'dprec_reg_op' makes integer from pointer without a cast
   dprec_reg_op(handle, reg32, val, mask);\
   ^
drivers/misc/mediatek/dispsys/mt6735/ddp_dsi.c:58:145: note: in expansion of macro 'DISP_REG_MASK'
   if(cmdq)  {*(unsigned int*)(&r) = ((unsigned int)0x00000000);r.bit = ~(r.bit);*(unsigned int*)(&v) = ((unsigned int)0x00000000);v.bit = value;DISP_REG_MASK(cmdq, &REG, AS_UINT32(&v), AS_UINT32(&r));}  \
                                                                                                                                                 ^
drivers/misc/mediatek/dispsys/mt6735/ddp_dsi.c:512:4: note: in expansion of macro 'DSI_OUTREGBIT'
    DSI_OUTREGBIT(cmdq, DSI_PHY_LCCON_REG, DSI_REG[i]->DSI_PHY_LCCON, LC_WAKEUP_EN, 1);
    ^
In file included from /home/satory-ra/Android/kernel/android_kernel_oukitel_orange/drivers/misc/mediatek/videox/mt6735/disp_drv_log.h:3:0,
                 from drivers/misc/mediatek/dispsys/mt6735/ddp_dsi.c:8:
/home/satory-ra/Android/kernel/android_kernel_oukitel_orange/drivers/misc/mediatek/dispsys/mt6735/display_recorder.h:136:6: note: expected 'unsigned int' but argument is of type 'volatile struct DSI_PHY_LCCON_REG *'
 void dprec_reg_op(void* cmdq, unsigned int reg, unsigned int val, unsigned int mask);
      ^
In file included from drivers/misc/mediatek/dispsys/mt6735/ddp_dsi.c:31:0:
/home/satory-ra/Android/kernel/android_kernel_oukitel_orange/drivers/misc/mediatek/dispsys/mt6735/mt6735m/ddp_reg.h:1420:25: warning: passing argument 1 of 'disp_addr_convert' makes integer from pointer without a cast
    cmdqRecWrite(handle, disp_addr_convert(reg32), val, mask); \
                         ^
drivers/misc/mediatek/dispsys/mt6735/ddp_dsi.c:58:145: note: in expansion of macro 'DISP_REG_MASK'
   if(cmdq)  {*(unsigned int*)(&r) = ((unsigned int)0x00000000);r.bit = ~(r.bit);*(unsigned int*)(&v) = ((unsigned int)0x00000000);v.bit = value;DISP_REG_MASK(cmdq, &REG, AS_UINT32(&v), AS_UINT32(&r));}  \
                                                                                                                                                 ^
drivers/misc/mediatek/dispsys/mt6735/ddp_dsi.c:512:4: note: in expansion of macro 'DSI_OUTREGBIT'
    DSI_OUTREGBIT(cmdq, DSI_PHY_LCCON_REG, DSI_REG[i]->DSI_PHY_LCCON, LC_WAKEUP_EN, 1);
    ^
/home/satory-ra/Android/kernel/android_kernel_oukitel_orange/drivers/misc/mediatek/dispsys/mt6735/mt6735m/ddp_reg.h:1395:29: note: expected 'long unsigned int' but argument is of type 'volatile struct DSI_PHY_LCCON_REG *'
 static inline unsigned long disp_addr_convert(unsigned long va) 
                             ^
/home/satory-ra/Android/kernel/android_kernel_oukitel_orange/drivers/misc/mediatek/dispsys/mt6735/mt6735m/ddp_reg.h:1486:17: warning: passing argument 2 of 'dprec_reg_op' makes integer from pointer without a cast
                 dprec_reg_op(handle, reg32, val, 0x00000000);\
                 ^
drivers/misc/mediatek/dispsys/mt6735/ddp_dsi.c:59:63: note: in expansion of macro 'DISP_REG_SET'
   else{mt_reg_sync_writel(INREG32(&REG),&r);r.bit = (value);  DISP_REG_SET(cmdq, &REG, INREG32(&r));}    \
                                                               ^
drivers/misc/mediatek/dispsys/mt6735/ddp_dsi.c:512:4: note: in expansion of macro 'DSI_OUTREGBIT'
    DSI_OUTREGBIT(cmdq, DSI_PHY_LCCON_REG, DSI_REG[i]->DSI_PHY_LCCON, LC_WAKEUP_EN, 1);
    ^
In file included from /home/satory-ra/Android/kernel/android_kernel_oukitel_orange/drivers/misc/mediatek/videox/mt6735/disp_drv_log.h:3:0,
                 from drivers/misc/mediatek/dispsys/mt6735/ddp_dsi.c:8:
/home/satory-ra/Android/kernel/android_kernel_oukitel_orange/drivers/misc/mediatek/dispsys/mt6735/display_recorder.h:136:6: note: expected 'unsigned int' but argument is of type 'volatile struct DSI_PHY_LCCON_REG *'
 void dprec_reg_op(void* cmdq, unsigned int reg, unsigned int val, unsigned int mask);
      ^
In file included from drivers/misc/mediatek/dispsys/mt6735/ddp_dsi.c:31:0:
/home/satory-ra/Android/kernel/android_kernel_oukitel_orange/drivers/misc/mediatek/dispsys/mt6735/mt6735m/ddp_reg.h:1487:38: warning: passing argument 1 of 'disp_addr_convert' makes integer from pointer without a cast
                 cmdqRecWrite(handle, disp_addr_convert(reg32), val, ~0); \
                                      ^
drivers/misc/mediatek/dispsys/mt6735/ddp_dsi.c:59:63: note: in expansion of macro 'DISP_REG_SET'
   else{mt_reg_sync_writel(INREG32(&REG),&r);r.bit = (value);  DISP_REG_SET(cmdq, &REG, INREG32(&r));}    \
                                                               ^
drivers/misc/mediatek/dispsys/mt6735/ddp_dsi.c:512:4: note: in expansion of macro 'DSI_OUTREGBIT'
    DSI_OUTREGBIT(cmdq, DSI_PHY_LCCON_REG, DSI_REG[i]->DSI_PHY_LCCON, LC_WAKEUP_EN, 1);
    ^
/home/satory-ra/Android/kernel/android_kernel_oukitel_orange/drivers/misc/mediatek/dispsys/mt6735/mt6735m/ddp_reg.h:1395:29: note: expected 'long unsigned int' but argument is of type 'volatile struct DSI_PHY_LCCON_REG *'
 static inline unsigned long disp_addr_convert(unsigned long va) 
                             ^
/home/satory-ra/Android/kernel/android_kernel_oukitel_orange/drivers/misc/mediatek/dispsys/mt6735/mt6735m/ddp_reg.h:1413:3: warning: passing argument 2 of 'dprec_reg_op' makes integer from pointer without a cast
   dprec_reg_op(handle, reg32, val, mask);\
   ^
drivers/misc/mediatek/dispsys/mt6735/ddp_dsi.c:58:145: note: in expansion of macro 'DISP_REG_MASK'
   if(cmdq)  {*(unsigned int*)(&r) = ((unsigned int)0x00000000);r.bit = ~(r.bit);*(unsigned int*)(&v) = ((unsigned int)0x00000000);v.bit = value;DISP_REG_MASK(cmdq, &REG, AS_UINT32(&v), AS_UINT32(&r));}  \
                                                                                                                                                 ^
drivers/misc/mediatek/dispsys/mt6735/ddp_dsi.c:514:4: note: in expansion of macro 'DSI_OUTREGBIT'
    DSI_OUTREGBIT(cmdq, DSI_PHY_LCCON_REG, DSI_REG[i]->DSI_PHY_LCCON, LC_WAKEUP_EN, 0);
    ^
In file included from /home/satory-ra/Android/kernel/android_kernel_oukitel_orange/drivers/misc/mediatek/videox/mt6735/disp_drv_log.h:3:0,
                 from drivers/misc/mediatek/dispsys/mt6735/ddp_dsi.c:8:
/home/satory-ra/Android/kernel/android_kernel_oukitel_orange/drivers/misc/mediatek/dispsys/mt6735/display_recorder.h:136:6: note: expected 'unsigned int' but argument is of type 'volatile struct DSI_PHY_LCCON_REG *'
 void dprec_reg_op(void* cmdq, unsigned int reg, unsigned int val, unsigned int mask);
      ^
In file included from drivers/misc/mediatek/dispsys/mt6735/ddp_dsi.c:31:0:
/home/satory-ra/Android/kernel/android_kernel_oukitel_orange/drivers/misc/mediatek/dispsys/mt6735/mt6735m/ddp_reg.h:1420:25: warning: passing argument 1 of 'disp_addr_convert' makes integer from pointer without a cast
    cmdqRecWrite(handle, disp_addr_convert(reg32), val, mask); \
                         ^
drivers/misc/mediatek/dispsys/mt6735/ddp_dsi.c:58:145: note: in expansion of macro 'DISP_REG_MASK'
   if(cmdq)  {*(unsigned int*)(&r) = ((unsigned int)0x00000000);r.bit = ~(r.bit);*(unsigned int*)(&v) = ((unsigned int)0x00000000);v.bit = value;DISP_REG_MASK(cmdq, &REG, AS_UINT32(&v), AS_UINT32(&r));}  \
                                                                                                                                                 ^
drivers/misc/mediatek/dispsys/mt6735/ddp_dsi.c:514:4: note: in expansion of macro 'DSI_OUTREGBIT'
    DSI_OUTREGBIT(cmdq, DSI_PHY_LCCON_REG, DSI_REG[i]->DSI_PHY_LCCON, LC_WAKEUP_EN, 0);
    ^
/home/satory-ra/Android/kernel/android_kernel_oukitel_orange/drivers/misc/mediatek/dispsys/mt6735/mt6735m/ddp_reg.h:1395:29: note: expected 'long unsigned int' but argument is of type 'volatile struct DSI_PHY_LCCON_REG *'
 static inline unsigned long disp_addr_convert(unsigned long va) 
                             ^
/home/satory-ra/Android/kernel/android_kernel_oukitel_orange/drivers/misc/mediatek/dispsys/mt6735/mt6735m/ddp_reg.h:1486:17: warning: passing argument 2 of 'dprec_reg_op' makes integer from pointer without a cast
                 dprec_reg_op(handle, reg32, val, 0x00000000);\
                 ^
drivers/misc/mediatek/dispsys/mt6735/ddp_dsi.c:59:63: note: in expansion of macro 'DISP_REG_SET'
   else{mt_reg_sync_writel(INREG32(&REG),&r);r.bit = (value);  DISP_REG_SET(cmdq, &REG, INREG32(&r));}    \
                                                               ^
drivers/misc/mediatek/dispsys/mt6735/ddp_dsi.c:514:4: note: in expansion of macro 'DSI_OUTREGBIT'
    DSI_OUTREGBIT(cmdq, DSI_PHY_LCCON_REG, DSI_REG[i]->DSI_PHY_LCCON, LC_WAKEUP_EN, 0);
    ^
In file included from /home/satory-ra/Android/kernel/android_kernel_oukitel_orange/drivers/misc/mediatek/videox/mt6735/disp_drv_log.h:3:0,
                 from drivers/misc/mediatek/dispsys/mt6735/ddp_dsi.c:8:
/home/satory-ra/Android/kernel/android_kernel_oukitel_orange/drivers/misc/mediatek/dispsys/mt6735/display_recorder.h:136:6: note: expected 'unsigned int' but argument is of type 'volatile struct DSI_PHY_LCCON_REG *'
 void dprec_reg_op(void* cmdq, unsigned int reg, unsigned int val, unsigned int mask);
      ^
In file included from drivers/misc/mediatek/dispsys/mt6735/ddp_dsi.c:31:0:
/home/satory-ra/Android/kernel/android_kernel_oukitel_orange/drivers/misc/mediatek/dispsys/mt6735/mt6735m/ddp_reg.h:1487:38: warning: passing argument 1 of 'disp_addr_convert' makes integer from pointer without a cast
                 cmdqRecWrite(handle, disp_addr_convert(reg32), val, ~0); \
                                      ^
drivers/misc/mediatek/dispsys/mt6735/ddp_dsi.c:59:63: note: in expansion of macro 'DISP_REG_SET'
   else{mt_reg_sync_writel(INREG32(&REG),&r);r.bit = (value);  DISP_REG_SET(cmdq, &REG, INREG32(&r));}    \
                                                               ^
drivers/misc/mediatek/dispsys/mt6735/ddp_dsi.c:514:4: note: in expansion of macro 'DSI_OUTREGBIT'
    DSI_OUTREGBIT(cmdq, DSI_PHY_LCCON_REG, DSI_REG[i]->DSI_PHY_LCCON, LC_WAKEUP_EN, 0);
    ^
/home/satory-ra/Android/kernel/android_kernel_oukitel_orange/drivers/misc/mediatek/dispsys/mt6735/mt6735m/ddp_reg.h:1395:29: note: expected 'long unsigned int' but argument is of type 'volatile struct DSI_PHY_LCCON_REG *'
 static inline unsigned long disp_addr_convert(unsigned long va) 
                             ^
drivers/misc/mediatek/dispsys/mt6735/ddp_dsi.c: In function 'DSI_manual_enter_HS':
/home/satory-ra/Android/kernel/android_kernel_oukitel_orange/drivers/misc/mediatek/dispsys/mt6735/mt6735m/ddp_reg.h:1413:3: warning: passing argument 2 of 'dprec_reg_op' makes integer from pointer without a cast
   dprec_reg_op(handle, reg32, val, mask);\
   ^
drivers/misc/mediatek/dispsys/mt6735/ddp_dsi.c:58:145: note: in expansion of macro 'DISP_REG_MASK'
   if(cmdq)  {*(unsigned int*)(&r) = ((unsigned int)0x00000000);r.bit = ~(r.bit);*(unsigned int*)(&v) = ((unsigned int)0x00000000);v.bit = value;DISP_REG_MASK(cmdq, &REG, AS_UINT32(&v), AS_UINT32(&r));}  \
                                                                                                                                                 ^
drivers/misc/mediatek/dispsys/mt6735/ddp_dsi.c:550:2: note: in expansion of macro 'DSI_OUTREGBIT'
  DSI_OUTREGBIT(cmdq, DSI_PHY_LCCON_REG, DSI_REG[0]->DSI_PHY_LCCON, LC_HS_TX_EN, 1);
  ^
In file included from /home/satory-ra/Android/kernel/android_kernel_oukitel_orange/drivers/misc/mediatek/videox/mt6735/disp_drv_log.h:3:0,
                 from drivers/misc/mediatek/dispsys/mt6735/ddp_dsi.c:8:
/home/satory-ra/Android/kernel/android_kernel_oukitel_orange/drivers/misc/mediatek/dispsys/mt6735/display_recorder.h:136:6: note: expected 'unsigned int' but argument is of type 'volatile struct DSI_PHY_LCCON_REG *'
 void dprec_reg_op(void* cmdq, unsigned int reg, unsigned int val, unsigned int mask);
      ^
In file included from drivers/misc/mediatek/dispsys/mt6735/ddp_dsi.c:31:0:
/home/satory-ra/Android/kernel/android_kernel_oukitel_orange/drivers/misc/mediatek/dispsys/mt6735/mt6735m/ddp_reg.h:1420:25: warning: passing argument 1 of 'disp_addr_convert' makes integer from pointer without a cast
    cmdqRecWrite(handle, disp_addr_convert(reg32), val, mask); \
                         ^
drivers/misc/mediatek/dispsys/mt6735/ddp_dsi.c:58:145: note: in expansion of macro 'DISP_REG_MASK'
   if(cmdq)  {*(unsigned int*)(&r) = ((unsigned int)0x00000000);r.bit = ~(r.bit);*(unsigned int*)(&v) = ((unsigned int)0x00000000);v.bit = value;DISP_REG_MASK(cmdq, &REG, AS_UINT32(&v), AS_UINT32(&r));}  \
                                                                                                                                                 ^
drivers/misc/mediatek/dispsys/mt6735/ddp_dsi.c:550:2: note: in expansion of macro 'DSI_OUTREGBIT'
  DSI_OUTREGBIT(cmdq, DSI_PHY_LCCON_REG, DSI_REG[0]->DSI_PHY_LCCON, LC_HS_TX_EN, 1);
  ^
/home/satory-ra/Android/kernel/android_kernel_oukitel_orange/drivers/misc/mediatek/dispsys/mt6735/mt6735m/ddp_reg.h:1395:29: note: expected 'long unsigned int' but argument is of type 'volatile struct DSI_PHY_LCCON_REG *'
 static inline unsigned long disp_addr_convert(unsigned long va) 
                             ^
/home/satory-ra/Android/kernel/android_kernel_oukitel_orange/drivers/misc/mediatek/dispsys/mt6735/mt6735m/ddp_reg.h:1486:17: warning: passing argument 2 of 'dprec_reg_op' makes integer from pointer without a cast
                 dprec_reg_op(handle, reg32, val, 0x00000000);\
                 ^
drivers/misc/mediatek/dispsys/mt6735/ddp_dsi.c:59:63: note: in expansion of macro 'DISP_REG_SET'
   else{mt_reg_sync_writel(INREG32(&REG),&r);r.bit = (value);  DISP_REG_SET(cmdq, &REG, INREG32(&r));}    \
                                                               ^
drivers/misc/mediatek/dispsys/mt6735/ddp_dsi.c:550:2: note: in expansion of macro 'DSI_OUTREGBIT'
  DSI_OUTREGBIT(cmdq, DSI_PHY_LCCON_REG, DSI_REG[0]->DSI_PHY_LCCON, LC_HS_TX_EN, 1);
  ^
In file included from /home/satory-ra/Android/kernel/android_kernel_oukitel_orange/drivers/misc/mediatek/videox/mt6735/disp_drv_log.h:3:0,
                 from drivers/misc/mediatek/dispsys/mt6735/ddp_dsi.c:8:
/home/satory-ra/Android/kernel/android_kernel_oukitel_orange/drivers/misc/mediatek/dispsys/mt6735/display_recorder.h:136:6: note: expected 'unsigned int' but argument is of type 'volatile struct DSI_PHY_LCCON_REG *'
 void dprec_reg_op(void* cmdq, unsigned int reg, unsigned int val, unsigned int mask);
      ^
In file included from drivers/misc/mediatek/dispsys/mt6735/ddp_dsi.c:31:0:
/home/satory-ra/Android/kernel/android_kernel_oukitel_orange/drivers/misc/mediatek/dispsys/mt6735/mt6735m/ddp_reg.h:1487:38: warning: passing argument 1 of 'disp_addr_convert' makes integer from pointer without a cast
                 cmdqRecWrite(handle, disp_addr_convert(reg32), val, ~0); \
                                      ^
drivers/misc/mediatek/dispsys/mt6735/ddp_dsi.c:59:63: note: in expansion of macro 'DISP_REG_SET'
   else{mt_reg_sync_writel(INREG32(&REG),&r);r.bit = (value);  DISP_REG_SET(cmdq, &REG, INREG32(&r));}    \
                                                               ^
drivers/misc/mediatek/dispsys/mt6735/ddp_dsi.c:550:2: note: in expansion of macro 'DSI_OUTREGBIT'
  DSI_OUTREGBIT(cmdq, DSI_PHY_LCCON_REG, DSI_REG[0]->DSI_PHY_LCCON, LC_HS_TX_EN, 1);
  ^
/home/satory-ra/Android/kernel/android_kernel_oukitel_orange/drivers/misc/mediatek/dispsys/mt6735/mt6735m/ddp_reg.h:1395:29: note: expected 'long unsigned int' but argument is of type 'volatile struct DSI_PHY_LCCON_REG *'
 static inline unsigned long disp_addr_convert(unsigned long va) 
                             ^
drivers/misc/mediatek/dispsys/mt6735/ddp_dsi.c: In function 'DSI_clk_HS_mode':
/home/satory-ra/Android/kernel/android_kernel_oukitel_orange/drivers/misc/mediatek/dispsys/mt6735/mt6735m/ddp_reg.h:1413:3: warning: passing argument 2 of 'dprec_reg_op' makes integer from pointer without a cast
   dprec_reg_op(handle, reg32, val, mask);\
   ^
drivers/misc/mediatek/dispsys/mt6735/ddp_dsi.c:58:145: note: in expansion of macro 'DISP_REG_MASK'
   if(cmdq)  {*(unsigned int*)(&r) = ((unsigned int)0x00000000);r.bit = ~(r.bit);*(unsigned int*)(&v) = ((unsigned int)0x00000000);v.bit = value;DISP_REG_MASK(cmdq, &REG, AS_UINT32(&v), AS_UINT32(&r));}  \
                                                                                                                                                 ^
drivers/misc/mediatek/dispsys/mt6735/ddp_dsi.c:560:4: note: in expansion of macro 'DSI_OUTREGBIT'
    DSI_OUTREGBIT(cmdq, DSI_PHY_LCCON_REG, DSI_REG[i]->DSI_PHY_LCCON, LC_HS_TX_EN, 1);
    ^
In file included from /home/satory-ra/Android/kernel/android_kernel_oukitel_orange/drivers/misc/mediatek/videox/mt6735/disp_drv_log.h:3:0,
                 from drivers/misc/mediatek/dispsys/mt6735/ddp_dsi.c:8:
/home/satory-ra/Android/kernel/android_kernel_oukitel_orange/drivers/misc/mediatek/dispsys/mt6735/display_recorder.h:136:6: note: expected 'unsigned int' but argument is of type 'volatile struct DSI_PHY_LCCON_REG *'
 void dprec_reg_op(void* cmdq, unsigned int reg, unsigned int val, unsigned int mask);
      ^
In file included from drivers/misc/mediatek/dispsys/mt6735/ddp_dsi.c:31:0:
/home/satory-ra/Android/kernel/android_kernel_oukitel_orange/drivers/misc/mediatek/dispsys/mt6735/mt6735m/ddp_reg.h:1420:25: warning: passing argument 1 of 'disp_addr_convert' makes integer from pointer without a cast
    cmdqRecWrite(handle, disp_addr_convert(reg32), val, mask); \
                         ^
drivers/misc/mediatek/dispsys/mt6735/ddp_dsi.c:58:145: note: in expansion of macro 'DISP_REG_MASK'
   if(cmdq)  {*(unsigned int*)(&r) = ((unsigned int)0x00000000);r.bit = ~(r.bit);*(unsigned int*)(&v) = ((unsigned int)0x00000000);v.bit = value;DISP_REG_MASK(cmdq, &REG, AS_UINT32(&v), AS_UINT32(&r));}  \
                                                                                                                                                 ^
drivers/misc/mediatek/dispsys/mt6735/ddp_dsi.c:560:4: note: in expansion of macro 'DSI_OUTREGBIT'
    DSI_OUTREGBIT(cmdq, DSI_PHY_LCCON_REG, DSI_REG[i]->DSI_PHY_LCCON, LC_HS_TX_EN, 1);
    ^
/home/satory-ra/Android/kernel/android_kernel_oukitel_orange/drivers/misc/mediatek/dispsys/mt6735/mt6735m/ddp_reg.h:1395:29: note: expected 'long unsigned int' but argument is of type 'volatile struct DSI_PHY_LCCON_REG *'
 static inline unsigned long disp_addr_convert(unsigned long va) 
                             ^
/home/satory-ra/Android/kernel/android_kernel_oukitel_orange/drivers/misc/mediatek/dispsys/mt6735/mt6735m/ddp_reg.h:1486:17: warning: passing argument 2 of 'dprec_reg_op' makes integer from pointer without a cast
                 dprec_reg_op(handle, reg32, val, 0x00000000);\
                 ^
drivers/misc/mediatek/dispsys/mt6735/ddp_dsi.c:59:63: note: in expansion of macro 'DISP_REG_SET'
   else{mt_reg_sync_writel(INREG32(&REG),&r);r.bit = (value);  DISP_REG_SET(cmdq, &REG, INREG32(&r));}    \
                                                               ^
drivers/misc/mediatek/dispsys/mt6735/ddp_dsi.c:560:4: note: in expansion of macro 'DSI_OUTREGBIT'
    DSI_OUTREGBIT(cmdq, DSI_PHY_LCCON_REG, DSI_REG[i]->DSI_PHY_LCCON, LC_HS_TX_EN, 1);
    ^
In file included from /home/satory-ra/Android/kernel/android_kernel_oukitel_orange/drivers/misc/mediatek/videox/mt6735/disp_drv_log.h:3:0,
                 from drivers/misc/mediatek/dispsys/mt6735/ddp_dsi.c:8:
/home/satory-ra/Android/kernel/android_kernel_oukitel_orange/drivers/misc/mediatek/dispsys/mt6735/display_recorder.h:136:6: note: expected 'unsigned int' but argument is of type 'volatile struct DSI_PHY_LCCON_REG *'
 void dprec_reg_op(void* cmdq, unsigned int reg, unsigned int val, unsigned int mask);
      ^
In file included from drivers/misc/mediatek/dispsys/mt6735/ddp_dsi.c:31:0:
/home/satory-ra/Android/kernel/android_kernel_oukitel_orange/drivers/misc/mediatek/dispsys/mt6735/mt6735m/ddp_reg.h:1487:38: warning: passing argument 1 of 'disp_addr_convert' makes integer from pointer without a cast
                 cmdqRecWrite(handle, disp_addr_convert(reg32), val, ~0); \
                                      ^
drivers/misc/mediatek/dispsys/mt6735/ddp_dsi.c:59:63: note: in expansion of macro 'DISP_REG_SET'
   else{mt_reg_sync_writel(INREG32(&REG),&r);r.bit = (value);  DISP_REG_SET(cmdq, &REG, INREG32(&r));}    \
                                                               ^
drivers/misc/mediatek/dispsys/mt6735/ddp_dsi.c:560:4: note: in expansion of macro 'DSI_OUTREGBIT'
    DSI_OUTREGBIT(cmdq, DSI_PHY_LCCON_REG, DSI_REG[i]->DSI_PHY_LCCON, LC_HS_TX_EN, 1);
    ^
/home/satory-ra/Android/kernel/android_kernel_oukitel_orange/drivers/misc/mediatek/dispsys/mt6735/mt6735m/ddp_reg.h:1395:29: note: expected 'long unsigned int' but argument is of type 'volatile struct DSI_PHY_LCCON_REG *'
 static inline unsigned long disp_addr_convert(unsigned long va) 
                             ^
/home/satory-ra/Android/kernel/android_kernel_oukitel_orange/drivers/misc/mediatek/dispsys/mt6735/mt6735m/ddp_reg.h:1413:3: warning: passing argument 2 of 'dprec_reg_op' makes integer from pointer without a cast
   dprec_reg_op(handle, reg32, val, mask);\
   ^
drivers/misc/mediatek/dispsys/mt6735/ddp_dsi.c:58:145: note: in expansion of macro 'DISP_REG_MASK'
   if(cmdq)  {*(unsigned int*)(&r) = ((unsigned int)0x00000000);r.bit = ~(r.bit);*(unsigned int*)(&v) = ((unsigned int)0x00000000);v.bit = value;DISP_REG_MASK(cmdq, &REG, AS_UINT32(&v), AS_UINT32(&r));}  \
                                                                                                                                                 ^
drivers/misc/mediatek/dispsys/mt6735/ddp_dsi.c:564:4: note: in expansion of macro 'DSI_OUTREGBIT'
    DSI_OUTREGBIT(cmdq, DSI_PHY_LCCON_REG, DSI_REG[i]->DSI_PHY_LCCON, LC_HS_TX_EN, 0);  
    ^
In file included from /home/satory-ra/Android/kernel/android_kernel_oukitel_orange/drivers/misc/mediatek/videox/mt6735/disp_drv_log.h:3:0,
                 from drivers/misc/mediatek/dispsys/mt6735/ddp_dsi.c:8:
/home/satory-ra/Android/kernel/android_kernel_oukitel_orange/drivers/misc/mediatek/dispsys/mt6735/display_recorder.h:136:6: note: expected 'unsigned int' but argument is of type 'volatile struct DSI_PHY_LCCON_REG *'
 void dprec_reg_op(void* cmdq, unsigned int reg, unsigned int val, unsigned int mask);
      ^
In file included from drivers/misc/mediatek/dispsys/mt6735/ddp_dsi.c:31:0:
/home/satory-ra/Android/kernel/android_kernel_oukitel_orange/drivers/misc/mediatek/dispsys/mt6735/mt6735m/ddp_reg.h:1420:25: warning: passing argument 1 of 'disp_addr_convert' makes integer from pointer without a cast
    cmdqRecWrite(handle, disp_addr_convert(reg32), val, mask); \
                         ^
drivers/misc/mediatek/dispsys/mt6735/ddp_dsi.c:58:145: note: in expansion of macro 'DISP_REG_MASK'
   if(cmdq)  {*(unsigned int*)(&r) = ((unsigned int)0x00000000);r.bit = ~(r.bit);*(unsigned int*)(&v) = ((unsigned int)0x00000000);v.bit = value;DISP_REG_MASK(cmdq, &REG, AS_UINT32(&v), AS_UINT32(&r));}  \
                                                                                                                                                 ^
drivers/misc/mediatek/dispsys/mt6735/ddp_dsi.c:564:4: note: in expansion of macro 'DSI_OUTREGBIT'
    DSI_OUTREGBIT(cmdq, DSI_PHY_LCCON_REG, DSI_REG[i]->DSI_PHY_LCCON, LC_HS_TX_EN, 0);  
    ^
/home/satory-ra/Android/kernel/android_kernel_oukitel_orange/drivers/misc/mediatek/dispsys/mt6735/mt6735m/ddp_reg.h:1395:29: note: expected 'long unsigned int' but argument is of type 'volatile struct DSI_PHY_LCCON_REG *'
 static inline unsigned long disp_addr_convert(unsigned long va) 
                             ^
/home/satory-ra/Android/kernel/android_kernel_oukitel_orange/drivers/misc/mediatek/dispsys/mt6735/mt6735m/ddp_reg.h:1486:17: warning: passing argument 2 of 'dprec_reg_op' makes integer from pointer without a cast
                 dprec_reg_op(handle, reg32, val, 0x00000000);\
                 ^
drivers/misc/mediatek/dispsys/mt6735/ddp_dsi.c:59:63: note: in expansion of macro 'DISP_REG_SET'
   else{mt_reg_sync_writel(INREG32(&REG),&r);r.bit = (value);  DISP_REG_SET(cmdq, &REG, INREG32(&r));}    \
                                                               ^
drivers/misc/mediatek/dispsys/mt6735/ddp_dsi.c:564:4: note: in expansion of macro 'DSI_OUTREGBIT'
    DSI_OUTREGBIT(cmdq, DSI_PHY_LCCON_REG, DSI_REG[i]->DSI_PHY_LCCON, LC_HS_TX_EN, 0);  
    ^
In file included from /home/satory-ra/Android/kernel/android_kernel_oukitel_orange/drivers/misc/mediatek/videox/mt6735/disp_drv_log.h:3:0,
                 from drivers/misc/mediatek/dispsys/mt6735/ddp_dsi.c:8:
/home/satory-ra/Android/kernel/android_kernel_oukitel_orange/drivers/misc/mediatek/dispsys/mt6735/display_recorder.h:136:6: note: expected 'unsigned int' but argument is of type 'volatile struct DSI_PHY_LCCON_REG *'
 void dprec_reg_op(void* cmdq, unsigned int reg, unsigned int val, unsigned int mask);
      ^
In file included from drivers/misc/mediatek/dispsys/mt6735/ddp_dsi.c:31:0:
/home/satory-ra/Android/kernel/android_kernel_oukitel_orange/drivers/misc/mediatek/dispsys/mt6735/mt6735m/ddp_reg.h:1487:38: warning: passing argument 1 of 'disp_addr_convert' makes integer from pointer without a cast
                 cmdqRecWrite(handle, disp_addr_convert(reg32), val, ~0); \
                                      ^
drivers/misc/mediatek/dispsys/mt6735/ddp_dsi.c:59:63: note: in expansion of macro 'DISP_REG_SET'
   else{mt_reg_sync_writel(INREG32(&REG),&r);r.bit = (value);  DISP_REG_SET(cmdq, &REG, INREG32(&r));}    \
                                                               ^
drivers/misc/mediatek/dispsys/mt6735/ddp_dsi.c:564:4: note: in expansion of macro 'DSI_OUTREGBIT'
    DSI_OUTREGBIT(cmdq, DSI_PHY_LCCON_REG, DSI_REG[i]->DSI_PHY_LCCON, LC_HS_TX_EN, 0);  
    ^
/home/satory-ra/Android/kernel/android_kernel_oukitel_orange/drivers/misc/mediatek/dispsys/mt6735/mt6735m/ddp_reg.h:1395:29: note: expected 'long unsigned int' but argument is of type 'volatile struct DSI_PHY_LCCON_REG *'
 static inline unsigned long disp_addr_convert(unsigned long va) 
                             ^
drivers/misc/mediatek/dispsys/mt6735/ddp_dsi.c: In function 'DSI_DumpRegisters':
drivers/misc/mediatek/dispsys/mt6735/ddp_dsi.c:633:17: warning: unused variable 'DSI_DBG6_Status' [-Wunused-variable]
    unsigned int DSI_DBG6_Status = (INREG32(DDP_REG_BASE_DSI0+0x160))&0xffff;
                 ^
drivers/misc/mediatek/dispsys/mt6735/ddp_dsi.c: In function 'DSI_WaitVMDone':
drivers/misc/mediatek/dispsys/mt6735/ddp_dsi.c:694:3: warning: 'return' with no value, in function returning non-void [-Wreturn-type]
   return ;
   ^
In file included from drivers/misc/mediatek/dispsys/mt6735/ddp_dsi.c:31:0:
drivers/misc/mediatek/dispsys/mt6735/ddp_dsi.c: In function 'DSI_WaitForNotBusy':
/home/satory-ra/Android/kernel/android_kernel_oukitel_orange/drivers/misc/mediatek/dispsys/mt6735/mt6735m/ddp_reg.h:1513:6: warning: passing argument 2 of 'dprec_reg_op' makes integer from pointer without a cast
      dprec_reg_op(handle, reg32, val, 0x00000000);\
      ^
drivers/misc/mediatek/dispsys/mt6735/ddp_dsi.c:42:46: note: in expansion of macro 'DISP_REG_CMDQ_POLLING'
 #define DSI_POLLREG32(cmdq, addr,mask,value) DISP_REG_CMDQ_POLLING(cmdq, addr,value,mask)
                                              ^
drivers/misc/mediatek/dispsys/mt6735/ddp_dsi.c:723:4: note: in expansion of macro 'DSI_POLLREG32'
    DSI_POLLREG32(cmdq, &DSI_REG[i]->DSI_INTSTA, 0x80000000, 0x0);
    ^
In file included from /home/satory-ra/Android/kernel/android_kernel_oukitel_orange/drivers/misc/mediatek/videox/mt6735/disp_drv_log.h:3:0,
                 from drivers/misc/mediatek/dispsys/mt6735/ddp_dsi.c:8:
/home/satory-ra/Android/kernel/android_kernel_oukitel_orange/drivers/misc/mediatek/dispsys/mt6735/display_recorder.h:136:6: note: expected 'unsigned int' but argument is of type 'volatile struct DSI_INT_STATUS_REG *'
 void dprec_reg_op(void* cmdq, unsigned int reg, unsigned int val, unsigned int mask);
      ^
In file included from drivers/misc/mediatek/dispsys/mt6735/ddp_dsi.c:31:0:
/home/satory-ra/Android/kernel/android_kernel_oukitel_orange/drivers/misc/mediatek/dispsys/mt6735/mt6735m/ddp_reg.h:1514:26: warning: passing argument 1 of 'disp_addr_convert' makes integer from pointer without a cast
      cmdqRecPoll(handle, disp_addr_convert(reg32), val, mask); \
                          ^
drivers/misc/mediatek/dispsys/mt6735/ddp_dsi.c:42:46: note: in expansion of macro 'DISP_REG_CMDQ_POLLING'
 #define DSI_POLLREG32(cmdq, addr,mask,value) DISP_REG_CMDQ_POLLING(cmdq, addr,value,mask)
                                              ^
drivers/misc/mediatek/dispsys/mt6735/ddp_dsi.c:723:4: note: in expansion of macro 'DSI_POLLREG32'
    DSI_POLLREG32(cmdq, &DSI_REG[i]->DSI_INTSTA, 0x80000000, 0x0);
    ^
/home/satory-ra/Android/kernel/android_kernel_oukitel_orange/drivers/misc/mediatek/dispsys/mt6735/mt6735m/ddp_reg.h:1395:29: note: expected 'long unsigned int' but argument is of type 'volatile struct DSI_INT_STATUS_REG *'
 static inline unsigned long disp_addr_convert(unsigned long va) 
                             ^
drivers/misc/mediatek/dispsys/mt6735/ddp_dsi.c:715:15: warning: unused variable 'tmp' [-Wunused-variable]
  unsigned int tmp = 0;
               ^
drivers/misc/mediatek/dispsys/mt6735/ddp_dsi.c:714:15: warning: unused variable 'count' [-Wunused-variable]
  unsigned int count = 0;
               ^
In file included from drivers/misc/mediatek/dispsys/mt6735/ddp_dsi.c:31:0:
drivers/misc/mediatek/dispsys/mt6735/ddp_dsi.c: In function 'DSI_SleepOut':
/home/satory-ra/Android/kernel/android_kernel_oukitel_orange/drivers/misc/mediatek/dispsys/mt6735/mt6735m/ddp_reg.h:1413:3: warning: passing argument 2 of 'dprec_reg_op' makes integer from pointer without a cast
   dprec_reg_op(handle, reg32, val, mask);\
   ^
drivers/misc/mediatek/dispsys/mt6735/ddp_dsi.c:58:145: note: in expansion of macro 'DISP_REG_MASK'
   if(cmdq)  {*(unsigned int*)(&r) = ((unsigned int)0x00000000);r.bit = ~(r.bit);*(unsigned int*)(&v) = ((unsigned int)0x00000000);v.bit = value;DISP_REG_MASK(cmdq, &REG, AS_UINT32(&v), AS_UINT32(&r));}  \
                                                                                                                                                 ^
drivers/misc/mediatek/dispsys/mt6735/ddp_dsi.c:778:9: note: in expansion of macro 'DSI_OUTREGBIT'
         DSI_OUTREGBIT(cmdq, DSI_MODE_CTRL_REG,DSI_REG[i]->DSI_MODE_CTRL,SLEEP_MODE,1);
         ^
In file included from /home/satory-ra/Android/kernel/android_kernel_oukitel_orange/drivers/misc/mediatek/videox/mt6735/disp_drv_log.h:3:0,
                 from drivers/misc/mediatek/dispsys/mt6735/ddp_dsi.c:8:
/home/satory-ra/Android/kernel/android_kernel_oukitel_orange/drivers/misc/mediatek/dispsys/mt6735/display_recorder.h:136:6: note: expected 'unsigned int' but argument is of type 'volatile struct DSI_MODE_CTRL_REG *'
 void dprec_reg_op(void* cmdq, unsigned int reg, unsigned int val, unsigned int mask);
      ^
In file included from drivers/misc/mediatek/dispsys/mt6735/ddp_dsi.c:31:0:
/home/satory-ra/Android/kernel/android_kernel_oukitel_orange/drivers/misc/mediatek/dispsys/mt6735/mt6735m/ddp_reg.h:1420:25: warning: passing argument 1 of 'disp_addr_convert' makes integer from pointer without a cast
    cmdqRecWrite(handle, disp_addr_convert(reg32), val, mask); \
                         ^
drivers/misc/mediatek/dispsys/mt6735/ddp_dsi.c:58:145: note: in expansion of macro 'DISP_REG_MASK'
   if(cmdq)  {*(unsigned int*)(&r) = ((unsigned int)0x00000000);r.bit = ~(r.bit);*(unsigned int*)(&v) = ((unsigned int)0x00000000);v.bit = value;DISP_REG_MASK(cmdq, &REG, AS_UINT32(&v), AS_UINT32(&r));}  \
                                                                                                                                                 ^
drivers/misc/mediatek/dispsys/mt6735/ddp_dsi.c:778:9: note: in expansion of macro 'DSI_OUTREGBIT'
         DSI_OUTREGBIT(cmdq, DSI_MODE_CTRL_REG,DSI_REG[i]->DSI_MODE_CTRL,SLEEP_MODE,1);
         ^
/home/satory-ra/Android/kernel/android_kernel_oukitel_orange/drivers/misc/mediatek/dispsys/mt6735/mt6735m/ddp_reg.h:1395:29: note: expected 'long unsigned int' but argument is of type 'volatile struct DSI_MODE_CTRL_REG *'
 static inline unsigned long disp_addr_convert(unsigned long va) 
                             ^
/home/satory-ra/Android/kernel/android_kernel_oukitel_orange/drivers/misc/mediatek/dispsys/mt6735/mt6735m/ddp_reg.h:1486:17: warning: passing argument 2 of 'dprec_reg_op' makes integer from pointer without a cast
                 dprec_reg_op(handle, reg32, val, 0x00000000);\
                 ^
drivers/misc/mediatek/dispsys/mt6735/ddp_dsi.c:59:63: note: in expansion of macro 'DISP_REG_SET'
   else{mt_reg_sync_writel(INREG32(&REG),&r);r.bit = (value);  DISP_REG_SET(cmdq, &REG, INREG32(&r));}    \
                                                               ^
drivers/misc/mediatek/dispsys/mt6735/ddp_dsi.c:778:9: note: in expansion of macro 'DSI_OUTREGBIT'
         DSI_OUTREGBIT(cmdq, DSI_MODE_CTRL_REG,DSI_REG[i]->DSI_MODE_CTRL,SLEEP_MODE,1);
         ^
In file included from /home/satory-ra/Android/kernel/android_kernel_oukitel_orange/drivers/misc/mediatek/videox/mt6735/disp_drv_log.h:3:0,
                 from drivers/misc/mediatek/dispsys/mt6735/ddp_dsi.c:8:
/home/satory-ra/Android/kernel/android_kernel_oukitel_orange/drivers/misc/mediatek/dispsys/mt6735/display_recorder.h:136:6: note: expected 'unsigned int' but argument is of type 'volatile struct DSI_MODE_CTRL_REG *'
 void dprec_reg_op(void* cmdq, unsigned int reg, unsigned int val, unsigned int mask);
      ^
In file included from drivers/misc/mediatek/dispsys/mt6735/ddp_dsi.c:31:0:
/home/satory-ra/Android/kernel/android_kernel_oukitel_orange/drivers/misc/mediatek/dispsys/mt6735/mt6735m/ddp_reg.h:1487:38: warning: passing argument 1 of 'disp_addr_convert' makes integer from pointer without a cast
                 cmdqRecWrite(handle, disp_addr_convert(reg32), val, ~0); \
                                      ^
drivers/misc/mediatek/dispsys/mt6735/ddp_dsi.c:59:63: note: in expansion of macro 'DISP_REG_SET'
   else{mt_reg_sync_writel(INREG32(&REG),&r);r.bit = (value);  DISP_REG_SET(cmdq, &REG, INREG32(&r));}    \
                                                               ^
drivers/misc/mediatek/dispsys/mt6735/ddp_dsi.c:778:9: note: in expansion of macro 'DSI_OUTREGBIT'
         DSI_OUTREGBIT(cmdq, DSI_MODE_CTRL_REG,DSI_REG[i]->DSI_MODE_CTRL,SLEEP_MODE,1);
         ^
/home/satory-ra/Android/kernel/android_kernel_oukitel_orange/drivers/misc/mediatek/dispsys/mt6735/mt6735m/ddp_reg.h:1395:29: note: expected 'long unsigned int' but argument is of type 'volatile struct DSI_MODE_CTRL_REG *'
 static inline unsigned long disp_addr_convert(unsigned long va) 
                             ^
/home/satory-ra/Android/kernel/android_kernel_oukitel_orange/drivers/misc/mediatek/dispsys/mt6735/mt6735m/ddp_reg.h:1413:3: warning: passing argument 2 of 'dprec_reg_op' makes integer from pointer without a cast
   dprec_reg_op(handle, reg32, val, mask);\
   ^
drivers/misc/mediatek/dispsys/mt6735/ddp_dsi.c:58:145: note: in expansion of macro 'DISP_REG_MASK'
   if(cmdq)  {*(unsigned int*)(&r) = ((unsigned int)0x00000000);r.bit = ~(r.bit);*(unsigned int*)(&v) = ((unsigned int)0x00000000);v.bit = value;DISP_REG_MASK(cmdq, &REG, AS_UINT32(&v), AS_UINT32(&r));}  \
                                                                                                                                                 ^
drivers/misc/mediatek/dispsys/mt6735/ddp_dsi.c:779:9: note: in expansion of macro 'DSI_OUTREGBIT'
         DSI_OUTREGBIT(cmdq, DSI_TIME_CON0_REG,DSI_REG[i]->DSI_TIME_CON0,UPLS_WAKEUP_PRD,wake_up_prd);  // cycle to 1ms for 520MHz     
         ^
In file included from /home/satory-ra/Android/kernel/android_kernel_oukitel_orange/drivers/misc/mediatek/videox/mt6735/disp_drv_log.h:3:0,
                 from drivers/misc/mediatek/dispsys/mt6735/ddp_dsi.c:8:
/home/satory-ra/Android/kernel/android_kernel_oukitel_orange/drivers/misc/mediatek/dispsys/mt6735/display_recorder.h:136:6: note: expected 'unsigned int' but argument is of type 'volatile struct DSI_TIME_CON0_REG *'
 void dprec_reg_op(void* cmdq, unsigned int reg, unsigned int val, unsigned int mask);
      ^
In file included from drivers/misc/mediatek/dispsys/mt6735/ddp_dsi.c:31:0:
/home/satory-ra/Android/kernel/android_kernel_oukitel_orange/drivers/misc/mediatek/dispsys/mt6735/mt6735m/ddp_reg.h:1420:25: warning: passing argument 1 of 'disp_addr_convert' makes integer from pointer without a cast
    cmdqRecWrite(handle, disp_addr_convert(reg32), val, mask); \
                         ^
drivers/misc/mediatek/dispsys/mt6735/ddp_dsi.c:58:145: note: in expansion of macro 'DISP_REG_MASK'
   if(cmdq)  {*(unsigned int*)(&r) = ((unsigned int)0x00000000);r.bit = ~(r.bit);*(unsigned int*)(&v) = ((unsigned int)0x00000000);v.bit = value;DISP_REG_MASK(cmdq, &REG, AS_UINT32(&v), AS_UINT32(&r));}  \
                                                                                                                                                 ^
drivers/misc/mediatek/dispsys/mt6735/ddp_dsi.c:779:9: note: in expansion of macro 'DSI_OUTREGBIT'
         DSI_OUTREGBIT(cmdq, DSI_TIME_CON0_REG,DSI_REG[i]->DSI_TIME_CON0,UPLS_WAKEUP_PRD,wake_up_prd);  // cycle to 1ms for 520MHz     
         ^
/home/satory-ra/Android/kernel/android_kernel_oukitel_orange/drivers/misc/mediatek/dispsys/mt6735/mt6735m/ddp_reg.h:1395:29: note: expected 'long unsigned int' but argument is of type 'volatile struct DSI_TIME_CON0_REG *'
 static inline unsigned long disp_addr_convert(unsigned long va) 
                             ^
/home/satory-ra/Android/kernel/android_kernel_oukitel_orange/drivers/misc/mediatek/dispsys/mt6735/mt6735m/ddp_reg.h:1486:17: warning: passing argument 2 of 'dprec_reg_op' makes integer from pointer without a cast
                 dprec_reg_op(handle, reg32, val, 0x00000000);\
                 ^
drivers/misc/mediatek/dispsys/mt6735/ddp_dsi.c:59:63: note: in expansion of macro 'DISP_REG_SET'
   else{mt_reg_sync_writel(INREG32(&REG),&r);r.bit = (value);  DISP_REG_SET(cmdq, &REG, INREG32(&r));}    \
                                                               ^
drivers/misc/mediatek/dispsys/mt6735/ddp_dsi.c:779:9: note: in expansion of macro 'DSI_OUTREGBIT'
         DSI_OUTREGBIT(cmdq, DSI_TIME_CON0_REG,DSI_REG[i]->DSI_TIME_CON0,UPLS_WAKEUP_PRD,wake_up_prd);  // cycle to 1ms for 520MHz     
         ^
In file included from /home/satory-ra/Android/kernel/android_kernel_oukitel_orange/drivers/misc/mediatek/videox/mt6735/disp_drv_log.h:3:0,
                 from drivers/misc/mediatek/dispsys/mt6735/ddp_dsi.c:8:
/home/satory-ra/Android/kernel/android_kernel_oukitel_orange/drivers/misc/mediatek/dispsys/mt6735/display_recorder.h:136:6: note: expected 'unsigned int' but argument is of type 'volatile struct DSI_TIME_CON0_REG *'
 void dprec_reg_op(void* cmdq, unsigned int reg, unsigned int val, unsigned int mask);
      ^
In file included from drivers/misc/mediatek/dispsys/mt6735/ddp_dsi.c:31:0:
/home/satory-ra/Android/kernel/android_kernel_oukitel_orange/drivers/misc/mediatek/dispsys/mt6735/mt6735m/ddp_reg.h:1487:38: warning: passing argument 1 of 'disp_addr_convert' makes integer from pointer without a cast
                 cmdqRecWrite(handle, disp_addr_convert(reg32), val, ~0); \
                                      ^
drivers/misc/mediatek/dispsys/mt6735/ddp_dsi.c:59:63: note: in expansion of macro 'DISP_REG_SET'
   else{mt_reg_sync_writel(INREG32(&REG),&r);r.bit = (value);  DISP_REG_SET(cmdq, &REG, INREG32(&r));}    \
                                                               ^
drivers/misc/mediatek/dispsys/mt6735/ddp_dsi.c:779:9: note: in expansion of macro 'DSI_OUTREGBIT'
         DSI_OUTREGBIT(cmdq, DSI_TIME_CON0_REG,DSI_REG[i]->DSI_TIME_CON0,UPLS_WAKEUP_PRD,wake_up_prd);  // cycle to 1ms for 520MHz     
         ^
/home/satory-ra/Android/kernel/android_kernel_oukitel_orange/drivers/misc/mediatek/dispsys/mt6735/mt6735m/ddp_reg.h:1395:29: note: expected 'long unsigned int' but argument is of type 'volatile struct DSI_TIME_CON0_REG *'
 static inline unsigned long disp_addr_convert(unsigned long va) 
                             ^
drivers/misc/mediatek/dispsys/mt6735/ddp_dsi.c: In function 'DSI_Wakeup':
/home/satory-ra/Android/kernel/android_kernel_oukitel_orange/drivers/misc/mediatek/dispsys/mt6735/mt6735m/ddp_reg.h:1413:3: warning: passing argument 2 of 'dprec_reg_op' makes integer from pointer without a cast
   dprec_reg_op(handle, reg32, val, mask);\
   ^
drivers/misc/mediatek/dispsys/mt6735/ddp_dsi.c:58:145: note: in expansion of macro 'DISP_REG_MASK'
   if(cmdq)  {*(unsigned int*)(&r) = ((unsigned int)0x00000000);r.bit = ~(r.bit);*(unsigned int*)(&v) = ((unsigned int)0x00000000);v.bit = value;DISP_REG_MASK(cmdq, &REG, AS_UINT32(&v), AS_UINT32(&r));}  \
                                                                                                                                                 ^
drivers/misc/mediatek/dispsys/mt6735/ddp_dsi.c:795:10: note: in expansion of macro 'DSI_OUTREGBIT'
          DSI_OUTREGBIT(cmdq, DSI_START_REG,DSI_REG[i]->DSI_START,SLEEPOUT_START,0);
          ^
In file included from /home/satory-ra/Android/kernel/android_kernel_oukitel_orange/drivers/misc/mediatek/videox/mt6735/disp_drv_log.h:3:0,
                 from drivers/misc/mediatek/dispsys/mt6735/ddp_dsi.c:8:
/home/satory-ra/Android/kernel/android_kernel_oukitel_orange/drivers/misc/mediatek/dispsys/mt6735/display_recorder.h:136:6: note: expected 'unsigned int' but argument is of type 'volatile struct DSI_START_REG *'
 void dprec_reg_op(void* cmdq, unsigned int reg, unsigned int val, unsigned int mask);
      ^
In file included from drivers/misc/mediatek/dispsys/mt6735/ddp_dsi.c:31:0:
/home/satory-ra/Android/kernel/android_kernel_oukitel_orange/drivers/misc/mediatek/dispsys/mt6735/mt6735m/ddp_reg.h:1420:25: warning: passing argument 1 of 'disp_addr_convert' makes integer from pointer without a cast
    cmdqRecWrite(handle, disp_addr_convert(reg32), val, mask); \
                         ^
drivers/misc/mediatek/dispsys/mt6735/ddp_dsi.c:58:145: note: in expansion of macro 'DISP_REG_MASK'
   if(cmdq)  {*(unsigned int*)(&r) = ((unsigned int)0x00000000);r.bit = ~(r.bit);*(unsigned int*)(&v) = ((unsigned int)0x00000000);v.bit = value;DISP_REG_MASK(cmdq, &REG, AS_UINT32(&v), AS_UINT32(&r));}  \
                                                                                                                                                 ^
drivers/misc/mediatek/dispsys/mt6735/ddp_dsi.c:795:10: note: in expansion of macro 'DSI_OUTREGBIT'
          DSI_OUTREGBIT(cmdq, DSI_START_REG,DSI_REG[i]->DSI_START,SLEEPOUT_START,0);
          ^
/home/satory-ra/Android/kernel/android_kernel_oukitel_orange/drivers/misc/mediatek/dispsys/mt6735/mt6735m/ddp_reg.h:1395:29: note: expected 'long unsigned int' but argument is of type 'volatile struct DSI_START_REG *'
 static inline unsigned long disp_addr_convert(unsigned long va) 
                             ^
/home/satory-ra/Android/kernel/android_kernel_oukitel_orange/drivers/misc/mediatek/dispsys/mt6735/mt6735m/ddp_reg.h:1486:17: warning: passing argument 2 of 'dprec_reg_op' makes integer from pointer without a cast
                 dprec_reg_op(handle, reg32, val, 0x00000000);\
                 ^
drivers/misc/mediatek/dispsys/mt6735/ddp_dsi.c:59:63: note: in expansion of macro 'DISP_REG_SET'
   else{mt_reg_sync_writel(INREG32(&REG),&r);r.bit = (value);  DISP_REG_SET(cmdq, &REG, INREG32(&r));}    \
                                                               ^
drivers/misc/mediatek/dispsys/mt6735/ddp_dsi.c:795:10: note: in expansion of macro 'DSI_OUTREGBIT'
          DSI_OUTREGBIT(cmdq, DSI_START_REG,DSI_REG[i]->DSI_START,SLEEPOUT_START,0);
          ^
In file included from /home/satory-ra/Android/kernel/android_kernel_oukitel_orange/drivers/misc/mediatek/videox/mt6735/disp_drv_log.h:3:0,
                 from drivers/misc/mediatek/dispsys/mt6735/ddp_dsi.c:8:
/home/satory-ra/Android/kernel/android_kernel_oukitel_orange/drivers/misc/mediatek/dispsys/mt6735/display_recorder.h:136:6: note: expected 'unsigned int' but argument is of type 'volatile struct DSI_START_REG *'
 void dprec_reg_op(void* cmdq, unsigned int reg, unsigned int val, unsigned int mask);
      ^
In file included from drivers/misc/mediatek/dispsys/mt6735/ddp_dsi.c:31:0:
/home/satory-ra/Android/kernel/android_kernel_oukitel_orange/drivers/misc/mediatek/dispsys/mt6735/mt6735m/ddp_reg.h:1487:38: warning: passing argument 1 of 'disp_addr_convert' makes integer from pointer without a cast
                 cmdqRecWrite(handle, disp_addr_convert(reg32), val, ~0); \
                                      ^
drivers/misc/mediatek/dispsys/mt6735/ddp_dsi.c:59:63: note: in expansion of macro 'DISP_REG_SET'
   else{mt_reg_sync_writel(INREG32(&REG),&r);r.bit = (value);  DISP_REG_SET(cmdq, &REG, INREG32(&r));}    \
                                                               ^
drivers/misc/mediatek/dispsys/mt6735/ddp_dsi.c:795:10: note: in expansion of macro 'DSI_OUTREGBIT'
          DSI_OUTREGBIT(cmdq, DSI_START_REG,DSI_REG[i]->DSI_START,SLEEPOUT_START,0);
          ^
/home/satory-ra/Android/kernel/android_kernel_oukitel_orange/drivers/misc/mediatek/dispsys/mt6735/mt6735m/ddp_reg.h:1395:29: note: expected 'long unsigned int' but argument is of type 'volatile struct DSI_START_REG *'
 static inline unsigned long disp_addr_convert(unsigned long va) 
                             ^
/home/satory-ra/Android/kernel/android_kernel_oukitel_orange/drivers/misc/mediatek/dispsys/mt6735/mt6735m/ddp_reg.h:1413:3: warning: passing argument 2 of 'dprec_reg_op' makes integer from pointer without a cast
   dprec_reg_op(handle, reg32, val, mask);\
   ^
drivers/misc/mediatek/dispsys/mt6735/ddp_dsi.c:58:145: note: in expansion of macro 'DISP_REG_MASK'
   if(cmdq)  {*(unsigned int*)(&r) = ((unsigned int)0x00000000);r.bit = ~(r.bit);*(unsigned int*)(&v) = ((unsigned int)0x00000000);v.bit = value;DISP_REG_MASK(cmdq, &REG, AS_UINT32(&v), AS_UINT32(&r));}  \
                                                                                                                                                 ^
drivers/misc/mediatek/dispsys/mt6735/ddp_dsi.c:796:7: note: in expansion of macro 'DSI_OUTREGBIT'
       DSI_OUTREGBIT(cmdq, DSI_START_REG,DSI_REG[i]->DSI_START,SLEEPOUT_START,1);
       ^
In file included from /home/satory-ra/Android/kernel/android_kernel_oukitel_orange/drivers/misc/mediatek/videox/mt6735/disp_drv_log.h:3:0,
                 from drivers/misc/mediatek/dispsys/mt6735/ddp_dsi.c:8:
/home/satory-ra/Android/kernel/android_kernel_oukitel_orange/drivers/misc/mediatek/dispsys/mt6735/display_recorder.h:136:6: note: expected 'unsigned int' but argument is of type 'volatile struct DSI_START_REG *'
 void dprec_reg_op(void* cmdq, unsigned int reg, unsigned int val, unsigned int mask);
      ^
In file included from drivers/misc/mediatek/dispsys/mt6735/ddp_dsi.c:31:0:
/home/satory-ra/Android/kernel/android_kernel_oukitel_orange/drivers/misc/mediatek/dispsys/mt6735/mt6735m/ddp_reg.h:1420:25: warning: passing argument 1 of 'disp_addr_convert' makes integer from pointer without a cast
    cmdqRecWrite(handle, disp_addr_convert(reg32), val, mask); \
                         ^
drivers/misc/mediatek/dispsys/mt6735/ddp_dsi.c:58:145: note: in expansion of macro 'DISP_REG_MASK'
   if(cmdq)  {*(unsigned int*)(&r) = ((unsigned int)0x00000000);r.bit = ~(r.bit);*(unsigned int*)(&v) = ((unsigned int)0x00000000);v.bit = value;DISP_REG_MASK(cmdq, &REG, AS_UINT32(&v), AS_UINT32(&r));}  \
                                                                                                                                                 ^
drivers/misc/mediatek/dispsys/mt6735/ddp_dsi.c:796:7: note: in expansion of macro 'DSI_OUTREGBIT'
       DSI_OUTREGBIT(cmdq, DSI_START_REG,DSI_REG[i]->DSI_START,SLEEPOUT_START,1);
       ^
/home/satory-ra/Android/kernel/android_kernel_oukitel_orange/drivers/misc/mediatek/dispsys/mt6735/mt6735m/ddp_reg.h:1395:29: note: expected 'long unsigned int' but argument is of type 'volatile struct DSI_START_REG *'
 static inline unsigned long disp_addr_convert(unsigned long va) 
                             ^
/home/satory-ra/Android/kernel/android_kernel_oukitel_orange/drivers/misc/mediatek/dispsys/mt6735/mt6735m/ddp_reg.h:1486:17: warning: passing argument 2 of 'dprec_reg_op' makes integer from pointer without a cast
                 dprec_reg_op(handle, reg32, val, 0x00000000);\
                 ^
drivers/misc/mediatek/dispsys/mt6735/ddp_dsi.c:59:63: note: in expansion of macro 'DISP_REG_SET'
   else{mt_reg_sync_writel(INREG32(&REG),&r);r.bit = (value);  DISP_REG_SET(cmdq, &REG, INREG32(&r));}    \
                                                               ^
drivers/misc/mediatek/dispsys/mt6735/ddp_dsi.c:796:7: note: in expansion of macro 'DSI_OUTREGBIT'
       DSI_OUTREGBIT(cmdq, DSI_START_REG,DSI_REG[i]->DSI_START,SLEEPOUT_START,1);
       ^
In file included from /home/satory-ra/Android/kernel/android_kernel_oukitel_orange/drivers/misc/mediatek/videox/mt6735/disp_drv_log.h:3:0,
                 from drivers/misc/mediatek/dispsys/mt6735/ddp_dsi.c:8:
/home/satory-ra/Android/kernel/android_kernel_oukitel_orange/drivers/misc/mediatek/dispsys/mt6735/display_recorder.h:136:6: note: expected 'unsigned int' but argument is of type 'volatile struct DSI_START_REG *'
 void dprec_reg_op(void* cmdq, unsigned int reg, unsigned int val, unsigned int mask);
      ^
In file included from drivers/misc/mediatek/dispsys/mt6735/ddp_dsi.c:31:0:
/home/satory-ra/Android/kernel/android_kernel_oukitel_orange/drivers/misc/mediatek/dispsys/mt6735/mt6735m/ddp_reg.h:1487:38: warning: passing argument 1 of 'disp_addr_convert' makes integer from pointer without a cast
                 cmdqRecWrite(handle, disp_addr_convert(reg32), val, ~0); \
                                      ^
drivers/misc/mediatek/dispsys/mt6735/ddp_dsi.c:59:63: note: in expansion of macro 'DISP_REG_SET'
   else{mt_reg_sync_writel(INREG32(&REG),&r);r.bit = (value);  DISP_REG_SET(cmdq, &REG, INREG32(&r));}    \
                                                               ^
drivers/misc/mediatek/dispsys/mt6735/ddp_dsi.c:796:7: note: in expansion of macro 'DSI_OUTREGBIT'
       DSI_OUTREGBIT(cmdq, DSI_START_REG,DSI_REG[i]->DSI_START,SLEEPOUT_START,1);
       ^
/home/satory-ra/Android/kernel/android_kernel_oukitel_orange/drivers/misc/mediatek/dispsys/mt6735/mt6735m/ddp_reg.h:1395:29: note: expected 'long unsigned int' but argument is of type 'volatile struct DSI_START_REG *'
 static inline unsigned long disp_addr_convert(unsigned long va) 
                             ^
/home/satory-ra/Android/kernel/android_kernel_oukitel_orange/drivers/misc/mediatek/dispsys/mt6735/mt6735m/ddp_reg.h:1413:3: warning: passing argument 2 of 'dprec_reg_op' makes integer from pointer without a cast
   dprec_reg_op(handle, reg32, val, mask);\
   ^
drivers/misc/mediatek/dispsys/mt6735/ddp_dsi.c:58:145: note: in expansion of macro 'DISP_REG_MASK'
   if(cmdq)  {*(unsigned int*)(&r) = ((unsigned int)0x00000000);r.bit = ~(r.bit);*(unsigned int*)(&v) = ((unsigned int)0x00000000);v.bit = value;DISP_REG_MASK(cmdq, &REG, AS_UINT32(&v), AS_UINT32(&r));}  \
                                                                                                                                                 ^
drivers/misc/mediatek/dispsys/mt6735/ddp_dsi.c:810:7: note: in expansion of macro 'DSI_OUTREGBIT'
       DSI_OUTREGBIT(cmdq, DSI_START_REG,DSI_REG[i]->DSI_START,SLEEPOUT_START,0);
       ^
In file included from /home/satory-ra/Android/kernel/android_kernel_oukitel_orange/drivers/misc/mediatek/videox/mt6735/disp_drv_log.h:3:0,
                 from drivers/misc/mediatek/dispsys/mt6735/ddp_dsi.c:8:
/home/satory-ra/Android/kernel/android_kernel_oukitel_orange/drivers/misc/mediatek/dispsys/mt6735/display_recorder.h:136:6: note: expected 'unsigned int' but argument is of type 'volatile struct DSI_START_REG *'
 void dprec_reg_op(void* cmdq, unsigned int reg, unsigned int val, unsigned int mask);
      ^
In file included from drivers/misc/mediatek/dispsys/mt6735/ddp_dsi.c:31:0:
/home/satory-ra/Android/kernel/android_kernel_oukitel_orange/drivers/misc/mediatek/dispsys/mt6735/mt6735m/ddp_reg.h:1420:25: warning: passing argument 1 of 'disp_addr_convert' makes integer from pointer without a cast
    cmdqRecWrite(handle, disp_addr_convert(reg32), val, mask); \
                         ^
drivers/misc/mediatek/dispsys/mt6735/ddp_dsi.c:58:145: note: in expansion of macro 'DISP_REG_MASK'
   if(cmdq)  {*(unsigned int*)(&r) = ((unsigned int)0x00000000);r.bit = ~(r.bit);*(unsigned int*)(&v) = ((unsigned int)0x00000000);v.bit = value;DISP_REG_MASK(cmdq, &REG, AS_UINT32(&v), AS_UINT32(&r));}  \
                                                                                                                                                 ^
drivers/misc/mediatek/dispsys/mt6735/ddp_dsi.c:810:7: note: in expansion of macro 'DSI_OUTREGBIT'
       DSI_OUTREGBIT(cmdq, DSI_START_REG,DSI_REG[i]->DSI_START,SLEEPOUT_START,0);
       ^
/home/satory-ra/Android/kernel/android_kernel_oukitel_orange/drivers/misc/mediatek/dispsys/mt6735/mt6735m/ddp_reg.h:1395:29: note: expected 'long unsigned int' but argument is of type 'volatile struct DSI_START_REG *'
 static inline unsigned long disp_addr_convert(unsigned long va) 
                             ^
/home/satory-ra/Android/kernel/android_kernel_oukitel_orange/drivers/misc/mediatek/dispsys/mt6735/mt6735m/ddp_reg.h:1486:17: warning: passing argument 2 of 'dprec_reg_op' makes integer from pointer without a cast
                 dprec_reg_op(handle, reg32, val, 0x00000000);\
                 ^
drivers/misc/mediatek/dispsys/mt6735/ddp_dsi.c:59:63: note: in expansion of macro 'DISP_REG_SET'
   else{mt_reg_sync_writel(INREG32(&REG),&r);r.bit = (value);  DISP_REG_SET(cmdq, &REG, INREG32(&r));}    \
                                                               ^
drivers/misc/mediatek/dispsys/mt6735/ddp_dsi.c:810:7: note: in expansion of macro 'DSI_OUTREGBIT'
       DSI_OUTREGBIT(cmdq, DSI_START_REG,DSI_REG[i]->DSI_START,SLEEPOUT_START,0);
       ^
In file included from /home/satory-ra/Android/kernel/android_kernel_oukitel_orange/drivers/misc/mediatek/videox/mt6735/disp_drv_log.h:3:0,
                 from drivers/misc/mediatek/dispsys/mt6735/ddp_dsi.c:8:
/home/satory-ra/Android/kernel/android_kernel_oukitel_orange/drivers/misc/mediatek/dispsys/mt6735/display_recorder.h:136:6: note: expected 'unsigned int' but argument is of type 'volatile struct DSI_START_REG *'
 void dprec_reg_op(void* cmdq, unsigned int reg, unsigned int val, unsigned int mask);
      ^
In file included from drivers/misc/mediatek/dispsys/mt6735/ddp_dsi.c:31:0:
/home/satory-ra/Android/kernel/android_kernel_oukitel_orange/drivers/misc/mediatek/dispsys/mt6735/mt6735m/ddp_reg.h:1487:38: warning: passing argument 1 of 'disp_addr_convert' makes integer from pointer without a cast
                 cmdqRecWrite(handle, disp_addr_convert(reg32), val, ~0); \
                                      ^
drivers/misc/mediatek/dispsys/mt6735/ddp_dsi.c:59:63: note: in expansion of macro 'DISP_REG_SET'
   else{mt_reg_sync_writel(INREG32(&REG),&r);r.bit = (value);  DISP_REG_SET(cmdq, &REG, INREG32(&r));}    \
                                                               ^
drivers/misc/mediatek/dispsys/mt6735/ddp_dsi.c:810:7: note: in expansion of macro 'DSI_OUTREGBIT'
       DSI_OUTREGBIT(cmdq, DSI_START_REG,DSI_REG[i]->DSI_START,SLEEPOUT_START,0);
       ^
/home/satory-ra/Android/kernel/android_kernel_oukitel_orange/drivers/misc/mediatek/dispsys/mt6735/mt6735m/ddp_reg.h:1395:29: note: expected 'long unsigned int' but argument is of type 'volatile struct DSI_START_REG *'
 static inline unsigned long disp_addr_convert(unsigned long va) 
                             ^
/home/satory-ra/Android/kernel/android_kernel_oukitel_orange/drivers/misc/mediatek/dispsys/mt6735/mt6735m/ddp_reg.h:1413:3: warning: passing argument 2 of 'dprec_reg_op' makes integer from pointer without a cast
   dprec_reg_op(handle, reg32, val, mask);\
   ^
drivers/misc/mediatek/dispsys/mt6735/ddp_dsi.c:58:145: note: in expansion of macro 'DISP_REG_MASK'
   if(cmdq)  {*(unsigned int*)(&r) = ((unsigned int)0x00000000);r.bit = ~(r.bit);*(unsigned int*)(&v) = ((unsigned int)0x00000000);v.bit = value;DISP_REG_MASK(cmdq, &REG, AS_UINT32(&v), AS_UINT32(&r));}  \
                                                                                                                                                 ^
drivers/misc/mediatek/dispsys/mt6735/ddp_dsi.c:811:7: note: in expansion of macro 'DSI_OUTREGBIT'
       DSI_OUTREGBIT(cmdq, DSI_MODE_CTRL_REG,DSI_REG[i]->DSI_MODE_CTRL,SLEEP_MODE,0);
       ^
In file included from /home/satory-ra/Android/kernel/android_kernel_oukitel_orange/drivers/misc/mediatek/videox/mt6735/disp_drv_log.h:3:0,
                 from drivers/misc/mediatek/dispsys/mt6735/ddp_dsi.c:8:
/home/satory-ra/Android/kernel/android_kernel_oukitel_orange/drivers/misc/mediatek/dispsys/mt6735/display_recorder.h:136:6: note: expected 'unsigned int' but argument is of type 'volatile struct DSI_MODE_CTRL_REG *'
 void dprec_reg_op(void* cmdq, unsigned int reg, unsigned int val, unsigned int mask);
      ^
In file included from drivers/misc/mediatek/dispsys/mt6735/ddp_dsi.c:31:0:
/home/satory-ra/Android/kernel/android_kernel_oukitel_orange/drivers/misc/mediatek/dispsys/mt6735/mt6735m/ddp_reg.h:1420:25: warning: passing argument 1 of 'disp_addr_convert' makes integer from pointer without a cast
    cmdqRecWrite(handle, disp_addr_convert(reg32), val, mask); \
                         ^
drivers/misc/mediatek/dispsys/mt6735/ddp_dsi.c:58:145: note: in expansion of macro 'DISP_REG_MASK'
   if(cmdq)  {*(unsigned int*)(&r) = ((unsigned int)0x00000000);r.bit = ~(r.bit);*(unsigned int*)(&v) = ((unsigned int)0x00000000);v.bit = value;DISP_REG_MASK(cmdq, &REG, AS_UINT32(&v), AS_UINT32(&r));}  \
                                                                                                                                                 ^
drivers/misc/mediatek/dispsys/mt6735/ddp_dsi.c:811:7: note: in expansion of macro 'DSI_OUTREGBIT'
       DSI_OUTREGBIT(cmdq, DSI_MODE_CTRL_REG,DSI_REG[i]->DSI_MODE_CTRL,SLEEP_MODE,0);
       ^
/home/satory-ra/Android/kernel/android_kernel_oukitel_orange/drivers/misc/mediatek/dispsys/mt6735/mt6735m/ddp_reg.h:1395:29: note: expected 'long unsigned int' but argument is of type 'volatile struct DSI_MODE_CTRL_REG *'
 static inline unsigned long disp_addr_convert(unsigned long va) 
                             ^
/home/satory-ra/Android/kernel/android_kernel_oukitel_orange/drivers/misc/mediatek/dispsys/mt6735/mt6735m/ddp_reg.h:1486:17: warning: passing argument 2 of 'dprec_reg_op' makes integer from pointer without a cast
                 dprec_reg_op(handle, reg32, val, 0x00000000);\
                 ^
drivers/misc/mediatek/dispsys/mt6735/ddp_dsi.c:59:63: note: in expansion of macro 'DISP_REG_SET'
   else{mt_reg_sync_writel(INREG32(&REG),&r);r.bit = (value);  DISP_REG_SET(cmdq, &REG, INREG32(&r));}    \
                                                               ^
drivers/misc/mediatek/dispsys/mt6735/ddp_dsi.c:811:7: note: in expansion of macro 'DSI_OUTREGBIT'
       DSI_OUTREGBIT(cmdq, DSI_MODE_CTRL_REG,DSI_REG[i]->DSI_MODE_CTRL,SLEEP_MODE,0);
       ^
In file included from /home/satory-ra/Android/kernel/android_kernel_oukitel_orange/drivers/misc/mediatek/videox/mt6735/disp_drv_log.h:3:0,
                 from drivers/misc/mediatek/dispsys/mt6735/ddp_dsi.c:8:
/home/satory-ra/Android/kernel/android_kernel_oukitel_orange/drivers/misc/mediatek/dispsys/mt6735/display_recorder.h:136:6: note: expected 'unsigned int' but argument is of type 'volatile struct DSI_MODE_CTRL_REG *'
 void dprec_reg_op(void* cmdq, unsigned int reg, unsigned int val, unsigned int mask);
      ^
In file included from drivers/misc/mediatek/dispsys/mt6735/ddp_dsi.c:31:0:
/home/satory-ra/Android/kernel/android_kernel_oukitel_orange/drivers/misc/mediatek/dispsys/mt6735/mt6735m/ddp_reg.h:1487:38: warning: passing argument 1 of 'disp_addr_convert' makes integer from pointer without a cast
                 cmdqRecWrite(handle, disp_addr_convert(reg32), val, ~0); \
                                      ^
drivers/misc/mediatek/dispsys/mt6735/ddp_dsi.c:59:63: note: in expansion of macro 'DISP_REG_SET'
   else{mt_reg_sync_writel(INREG32(&REG),&r);r.bit = (value);  DISP_REG_SET(cmdq, &REG, INREG32(&r));}    \
                                                               ^
drivers/misc/mediatek/dispsys/mt6735/ddp_dsi.c:811:7: note: in expansion of macro 'DSI_OUTREGBIT'
       DSI_OUTREGBIT(cmdq, DSI_MODE_CTRL_REG,DSI_REG[i]->DSI_MODE_CTRL,SLEEP_MODE,0);
       ^
/home/satory-ra/Android/kernel/android_kernel_oukitel_orange/drivers/misc/mediatek/dispsys/mt6735/mt6735m/ddp_reg.h:1395:29: note: expected 'long unsigned int' but argument is of type 'volatile struct DSI_MODE_CTRL_REG *'
 static inline unsigned long disp_addr_convert(unsigned long va) 
                             ^
drivers/misc/mediatek/dispsys/mt6735/ddp_dsi.c: In function 'DSI_BackupRegisters':
/home/satory-ra/Android/kernel/android_kernel_oukitel_orange/drivers/misc/mediatek/dispsys/mt6735/mt6735m/ddp_reg.h:1486:17: warning: passing argument 2 of 'dprec_reg_op' makes integer from pointer without a cast
                 dprec_reg_op(handle, reg32, val, 0x00000000);\
                 ^
drivers/misc/mediatek/dispsys/mt6735/ddp_dsi.c:40:39: note: in expansion of macro 'DISP_REG_SET'
 #define DSI_OUTREG32(cmdq, addr, val) DISP_REG_SET(cmdq, addr,val)
                                       ^
drivers/misc/mediatek/dispsys/mt6735/ddp_dsi.c:826:3: note: in expansion of macro 'DSI_OUTREG32'
   DSI_OUTREG32(cmdq,&regs->DSI_INTEN, AS_UINT32(&DSI_REG[i]->DSI_INTEN));
   ^
In file included from /home/satory-ra/Android/kernel/android_kernel_oukitel_orange/drivers/misc/mediatek/videox/mt6735/disp_drv_log.h:3:0,
                 from drivers/misc/mediatek/dispsys/mt6735/ddp_dsi.c:8:
/home/satory-ra/Android/kernel/android_kernel_oukitel_orange/drivers/misc/mediatek/dispsys/mt6735/display_recorder.h:136:6: note: expected 'unsigned int' but argument is of type 'volatile struct DSI_INT_ENABLE_REG *'
 void dprec_reg_op(void* cmdq, unsigned int reg, unsigned int val, unsigned int mask);
      ^
In file included from drivers/misc/mediatek/dispsys/mt6735/ddp_dsi.c:31:0:
/home/satory-ra/Android/kernel/android_kernel_oukitel_orange/drivers/misc/mediatek/dispsys/mt6735/mt6735m/ddp_reg.h:1487:38: warning: passing argument 1 of 'disp_addr_convert' makes integer from pointer without a cast
                 cmdqRecWrite(handle, disp_addr_convert(reg32), val, ~0); \
                                      ^
drivers/misc/mediatek/dispsys/mt6735/ddp_dsi.c:40:39: note: in expansion of macro 'DISP_REG_SET'
 #define DSI_OUTREG32(cmdq, addr, val) DISP_REG_SET(cmdq, addr,val)
                                       ^
drivers/misc/mediatek/dispsys/mt6735/ddp_dsi.c:826:3: note: in expansion of macro 'DSI_OUTREG32'
   DSI_OUTREG32(cmdq,&regs->DSI_INTEN, AS_UINT32(&DSI_REG[i]->DSI_INTEN));
   ^
/home/satory-ra/Android/kernel/android_kernel_oukitel_orange/drivers/misc/mediatek/dispsys/mt6735/mt6735m/ddp_reg.h:1395:29: note: expected 'long unsigned int' but argument is of type 'volatile struct DSI_INT_ENABLE_REG *'
 static inline unsigned long disp_addr_convert(unsigned long va) 
                             ^
/home/satory-ra/Android/kernel/android_kernel_oukitel_orange/drivers/misc/mediatek/dispsys/mt6735/mt6735m/ddp_reg.h:1486:17: warning: passing argument 2 of 'dprec_reg_op' makes integer from pointer without a cast
                 dprec_reg_op(handle, reg32, val, 0x00000000);\
                 ^
drivers/misc/mediatek/dispsys/mt6735/ddp_dsi.c:40:39: note: in expansion of macro 'DISP_REG_SET'
 #define DSI_OUTREG32(cmdq, addr, val) DISP_REG_SET(cmdq, addr,val)
                                       ^
drivers/misc/mediatek/dispsys/mt6735/ddp_dsi.c:827:3: note: in expansion of macro 'DSI_OUTREG32'
   DSI_OUTREG32(cmdq,&regs->DSI_MODE_CTRL, AS_UINT32(&DSI_REG[i]->DSI_MODE_CTRL));
   ^
In file included from /home/satory-ra/Android/kernel/android_kernel_oukitel_orange/drivers/misc/mediatek/videox/mt6735/disp_drv_log.h:3:0,
                 from drivers/misc/mediatek/dispsys/mt6735/ddp_dsi.c:8:
/home/satory-ra/Android/kernel/android_kernel_oukitel_orange/drivers/misc/mediatek/dispsys/mt6735/display_recorder.h:136:6: note: expected 'unsigned int' but argument is of type 'volatile struct DSI_MODE_CTRL_REG *'
 void dprec_reg_op(void* cmdq, unsigned int reg, unsigned int val, unsigned int mask);
      ^
In file included from drivers/misc/mediatek/dispsys/mt6735/ddp_dsi.c:31:0:
/home/satory-ra/Android/kernel/android_kernel_oukitel_orange/drivers/misc/mediatek/dispsys/mt6735/mt6735m/ddp_reg.h:1487:38: warning: passing argument 1 of 'disp_addr_convert' makes integer from pointer without a cast
                 cmdqRecWrite(handle, disp_addr_convert(reg32), val, ~0); \
                                      ^
drivers/misc/mediatek/dispsys/mt6735/ddp_dsi.c:40:39: note: in expansion of macro 'DISP_REG_SET'
 #define DSI_OUTREG32(cmdq, addr, val) DISP_REG_SET(cmdq, addr,val)
                                       ^
drivers/misc/mediatek/dispsys/mt6735/ddp_dsi.c:827:3: note: in expansion of macro 'DSI_OUTREG32'
   DSI_OUTREG32(cmdq,&regs->DSI_MODE_CTRL, AS_UINT32(&DSI_REG[i]->DSI_MODE_CTRL));
   ^
/home/satory-ra/Android/kernel/android_kernel_oukitel_orange/drivers/misc/mediatek/dispsys/mt6735/mt6735m/ddp_reg.h:1395:29: note: expected 'long unsigned int' but argument is of type 'volatile struct DSI_MODE_CTRL_REG *'
 static inline unsigned long disp_addr_convert(unsigned long va) 
                             ^
/home/satory-ra/Android/kernel/android_kernel_oukitel_orange/drivers/misc/mediatek/dispsys/mt6735/mt6735m/ddp_reg.h:1486:17: warning: passing argument 2 of 'dprec_reg_op' makes integer from pointer without a cast
                 dprec_reg_op(handle, reg32, val, 0x00000000);\
                 ^
drivers/misc/mediatek/dispsys/mt6735/ddp_dsi.c:40:39: note: in expansion of macro 'DISP_REG_SET'
 #define DSI_OUTREG32(cmdq, addr, val) DISP_REG_SET(cmdq, addr,val)
                                       ^
drivers/misc/mediatek/dispsys/mt6735/ddp_dsi.c:828:3: note: in expansion of macro 'DSI_OUTREG32'
   DSI_OUTREG32(cmdq,&regs->DSI_TXRX_CTRL, AS_UINT32(&DSI_REG[i]->DSI_TXRX_CTRL));
   ^
In file included from /home/satory-ra/Android/kernel/android_kernel_oukitel_orange/drivers/misc/mediatek/videox/mt6735/disp_drv_log.h:3:0,
                 from drivers/misc/mediatek/dispsys/mt6735/ddp_dsi.c:8:
/home/satory-ra/Android/kernel/android_kernel_oukitel_orange/drivers/misc/mediatek/dispsys/mt6735/display_recorder.h:136:6: note: expected 'unsigned int' but argument is of type 'volatile struct DSI_TXRX_CTRL_REG *'
 void dprec_reg_op(void* cmdq, unsigned int reg, unsigned int val, unsigned int mask);
      ^
In file included from drivers/misc/mediatek/dispsys/mt6735/ddp_dsi.c:31:0:
/home/satory-ra/Android/kernel/android_kernel_oukitel_orange/drivers/misc/mediatek/dispsys/mt6735/mt6735m/ddp_reg.h:1487:38: warning: passing argument 1 of 'disp_addr_convert' makes integer from pointer without a cast
                 cmdqRecWrite(handle, disp_addr_convert(reg32), val, ~0); \
                                      ^
drivers/misc/mediatek/dispsys/mt6735/ddp_dsi.c:40:39: note: in expansion of macro 'DISP_REG_SET'
 #define DSI_OUTREG32(cmdq, addr, val) DISP_REG_SET(cmdq, addr,val)
                                       ^
drivers/misc/mediatek/dispsys/mt6735/ddp_dsi.c:828:3: note: in expansion of macro 'DSI_OUTREG32'
   DSI_OUTREG32(cmdq,&regs->DSI_TXRX_CTRL, AS_UINT32(&DSI_REG[i]->DSI_TXRX_CTRL));
   ^
/home/satory-ra/Android/kernel/android_kernel_oukitel_orange/drivers/misc/mediatek/dispsys/mt6735/mt6735m/ddp_reg.h:1395:29: note: expected 'long unsigned int' but argument is of type 'volatile struct DSI_TXRX_CTRL_REG *'
 static inline unsigned long disp_addr_convert(unsigned long va) 
                             ^
/home/satory-ra/Android/kernel/android_kernel_oukitel_orange/drivers/misc/mediatek/dispsys/mt6735/mt6735m/ddp_reg.h:1486:17: warning: passing argument 2 of 'dprec_reg_op' makes integer from pointer without a cast
                 dprec_reg_op(handle, reg32, val, 0x00000000);\
                 ^
drivers/misc/mediatek/dispsys/mt6735/ddp_dsi.c:40:39: note: in expansion of macro 'DISP_REG_SET'
 #define DSI_OUTREG32(cmdq, addr, val) DISP_REG_SET(cmdq, addr,val)
                                       ^
drivers/misc/mediatek/dispsys/mt6735/ddp_dsi.c:829:3: note: in expansion of macro 'DSI_OUTREG32'
   DSI_OUTREG32(cmdq,&regs->DSI_PSCTRL, AS_UINT32(&DSI_REG[i]->DSI_PSCTRL));
   ^
In file included from /home/satory-ra/Android/kernel/android_kernel_oukitel_orange/drivers/misc/mediatek/videox/mt6735/disp_drv_log.h:3:0,
                 from drivers/misc/mediatek/dispsys/mt6735/ddp_dsi.c:8:
/home/satory-ra/Android/kernel/android_kernel_oukitel_orange/drivers/misc/mediatek/dispsys/mt6735/display_recorder.h:136:6: note: expected 'unsigned int' but argument is of type 'volatile struct DSI_PSCTRL_REG *'
 void dprec_reg_op(void* cmdq, unsigned int reg, unsigned int val, unsigned int mask);
      ^
In file included from drivers/misc/mediatek/dispsys/mt6735/ddp_dsi.c:31:0:
/home/satory-ra/Android/kernel/android_kernel_oukitel_orange/drivers/misc/mediatek/dispsys/mt6735/mt6735m/ddp_reg.h:1487:38: warning: passing argument 1 of 'disp_addr_convert' makes integer from pointer without a cast
                 cmdqRecWrite(handle, disp_addr_convert(reg32), val, ~0); \
                                      ^
drivers/misc/mediatek/dispsys/mt6735/ddp_dsi.c:40:39: note: in expansion of macro 'DISP_REG_SET'
 #define DSI_OUTREG32(cmdq, addr, val) DISP_REG_SET(cmdq, addr,val)
                                       ^
drivers/misc/mediatek/dispsys/mt6735/ddp_dsi.c:829:3: note: in expansion of macro 'DSI_OUTREG32'
   DSI_OUTREG32(cmdq,&regs->DSI_PSCTRL, AS_UINT32(&DSI_REG[i]->DSI_PSCTRL));
   ^
/home/satory-ra/Android/kernel/android_kernel_oukitel_orange/drivers/misc/mediatek/dispsys/mt6735/mt6735m/ddp_reg.h:1395:29: note: expected 'long unsigned int' but argument is of type 'volatile struct DSI_PSCTRL_REG *'
 static inline unsigned long disp_addr_convert(unsigned long va) 
                             ^
/home/satory-ra/Android/kernel/android_kernel_oukitel_orange/drivers/misc/mediatek/dispsys/mt6735/mt6735m/ddp_reg.h:1486:17: warning: passing argument 2 of 'dprec_reg_op' makes integer from pointer without a cast
                 dprec_reg_op(handle, reg32, val, 0x00000000);\
                 ^
drivers/misc/mediatek/dispsys/mt6735/ddp_dsi.c:40:39: note: in expansion of macro 'DISP_REG_SET'
 #define DSI_OUTREG32(cmdq, addr, val) DISP_REG_SET(cmdq, addr,val)
                                       ^
drivers/misc/mediatek/dispsys/mt6735/ddp_dsi.c:831:3: note: in expansion of macro 'DSI_OUTREG32'
   DSI_OUTREG32(cmdq,&regs->DSI_VSA_NL, AS_UINT32(&DSI_REG[i]->DSI_VSA_NL));  
   ^
In file included from /home/satory-ra/Android/kernel/android_kernel_oukitel_orange/drivers/misc/mediatek/videox/mt6735/disp_drv_log.h:3:0,
                 from drivers/misc/mediatek/dispsys/mt6735/ddp_dsi.c:8:
/home/satory-ra/Android/kernel/android_kernel_oukitel_orange/drivers/misc/mediatek/dispsys/mt6735/display_recorder.h:136:6: note: expected 'unsigned int' but argument is of type 'volatile struct DSI_VSA_NL_REG *'
 void dprec_reg_op(void* cmdq, unsigned int reg, unsigned int val, unsigned int mask);
      ^
In file included from drivers/misc/mediatek/dispsys/mt6735/ddp_dsi.c:31:0:
/home/satory-ra/Android/kernel/android_kernel_oukitel_orange/drivers/misc/mediatek/dispsys/mt6735/mt6735m/ddp_reg.h:1487:38: warning: passing argument 1 of 'disp_addr_convert' makes integer from pointer without a cast
                 cmdqRecWrite(handle, disp_addr_convert(reg32), val, ~0); \
                                      ^
drivers/misc/mediatek/dispsys/mt6735/ddp_dsi.c:40:39: note: in expansion of macro 'DISP_REG_SET'
 #define DSI_OUTREG32(cmdq, addr, val) DISP_REG_SET(cmdq, addr,val)
                                       ^
drivers/misc/mediatek/dispsys/mt6735/ddp_dsi.c:831:3: note: in expansion of macro 'DSI_OUTREG32'
   DSI_OUTREG32(cmdq,&regs->DSI_VSA_NL, AS_UINT32(&DSI_REG[i]->DSI_VSA_NL));  
   ^
/home/satory-ra/Android/kernel/android_kernel_oukitel_orange/drivers/misc/mediatek/dispsys/mt6735/mt6735m/ddp_reg.h:1395:29: note: expected 'long unsigned int' but argument is of type 'volatile struct DSI_VSA_NL_REG *'
 static inline unsigned long disp_addr_convert(unsigned long va) 
                             ^
/home/satory-ra/Android/kernel/android_kernel_oukitel_orange/drivers/misc/mediatek/dispsys/mt6735/mt6735m/ddp_reg.h:1486:17: warning: passing argument 2 of 'dprec_reg_op' makes integer from pointer without a cast
                 dprec_reg_op(handle, reg32, val, 0x00000000);\
                 ^
drivers/misc/mediatek/dispsys/mt6735/ddp_dsi.c:40:39: note: in expansion of macro 'DISP_REG_SET'
 #define DSI_OUTREG32(cmdq, addr, val) DISP_REG_SET(cmdq, addr,val)
                                       ^
drivers/misc/mediatek/dispsys/mt6735/ddp_dsi.c:832:3: note: in expansion of macro 'DSI_OUTREG32'
   DSI_OUTREG32(cmdq,&regs->DSI_VBP_NL, AS_UINT32(&DSI_REG[i]->DSI_VBP_NL));  
   ^
In file included from /home/satory-ra/Android/kernel/android_kernel_oukitel_orange/drivers/misc/mediatek/videox/mt6735/disp_drv_log.h:3:0,
                 from drivers/misc/mediatek/dispsys/mt6735/ddp_dsi.c:8:
/home/satory-ra/Android/kernel/android_kernel_oukitel_orange/drivers/misc/mediatek/dispsys/mt6735/display_recorder.h:136:6: note: expected 'unsigned int' but argument is of type 'volatile struct DSI_VBP_NL_REG *'
 void dprec_reg_op(void* cmdq, unsigned int reg, unsigned int val, unsigned int mask);
      ^
In file included from drivers/misc/mediatek/dispsys/mt6735/ddp_dsi.c:31:0:
/home/satory-ra/Android/kernel/android_kernel_oukitel_orange/drivers/misc/mediatek/dispsys/mt6735/mt6735m/ddp_reg.h:1487:38: warning: passing argument 1 of 'disp_addr_convert' makes integer from pointer without a cast
                 cmdqRecWrite(handle, disp_addr_convert(reg32), val, ~0); \
                                      ^
drivers/misc/mediatek/dispsys/mt6735/ddp_dsi.c:40:39: note: in expansion of macro 'DISP_REG_SET'
 #define DSI_OUTREG32(cmdq, addr, val) DISP_REG_SET(cmdq, addr,val)
                                       ^
drivers/misc/mediatek/dispsys/mt6735/ddp_dsi.c:832:3: note: in expansion of macro 'DSI_OUTREG32'
   DSI_OUTREG32(cmdq,&regs->DSI_VBP_NL, AS_UINT32(&DSI_REG[i]->DSI_VBP_NL));  
   ^
/home/satory-ra/Android/kernel/android_kernel_oukitel_orange/drivers/misc/mediatek/dispsys/mt6735/mt6735m/ddp_reg.h:1395:29: note: expected 'long unsigned int' but argument is of type 'volatile struct DSI_VBP_NL_REG *'
 static inline unsigned long disp_addr_convert(unsigned long va) 
                             ^
/home/satory-ra/Android/kernel/android_kernel_oukitel_orange/drivers/misc/mediatek/dispsys/mt6735/mt6735m/ddp_reg.h:1486:17: warning: passing argument 2 of 'dprec_reg_op' makes integer from pointer without a cast
                 dprec_reg_op(handle, reg32, val, 0x00000000);\
                 ^
drivers/misc/mediatek/dispsys/mt6735/ddp_dsi.c:40:39: note: in expansion of macro 'DISP_REG_SET'
 #define DSI_OUTREG32(cmdq, addr, val) DISP_REG_SET(cmdq, addr,val)
                                       ^
drivers/misc/mediatek/dispsys/mt6735/ddp_dsi.c:833:3: note: in expansion of macro 'DSI_OUTREG32'
   DSI_OUTREG32(cmdq,&regs->DSI_VFP_NL, AS_UINT32(&DSI_REG[i]->DSI_VFP_NL));  
   ^
In file included from /home/satory-ra/Android/kernel/android_kernel_oukitel_orange/drivers/misc/mediatek/videox/mt6735/disp_drv_log.h:3:0,
                 from drivers/misc/mediatek/dispsys/mt6735/ddp_dsi.c:8:
/home/satory-ra/Android/kernel/android_kernel_oukitel_orange/drivers/misc/mediatek/dispsys/mt6735/display_recorder.h:136:6: note: expected 'unsigned int' but argument is of type 'volatile struct DSI_VFP_NL_REG *'
 void dprec_reg_op(void* cmdq, unsigned int reg, unsigned int val, unsigned int mask);
      ^
In file included from drivers/misc/mediatek/dispsys/mt6735/ddp_dsi.c:31:0:
/home/satory-ra/Android/kernel/android_kernel_oukitel_orange/drivers/misc/mediatek/dispsys/mt6735/mt6735m/ddp_reg.h:1487:38: warning: passing argument 1 of 'disp_addr_convert' makes integer from pointer without a cast
                 cmdqRecWrite(handle, disp_addr_convert(reg32), val, ~0); \
                                      ^
drivers/misc/mediatek/dispsys/mt6735/ddp_dsi.c:40:39: note: in expansion of macro 'DISP_REG_SET'
 #define DSI_OUTREG32(cmdq, addr, val) DISP_REG_SET(cmdq, addr,val)
                                       ^
drivers/misc/mediatek/dispsys/mt6735/ddp_dsi.c:833:3: note: in expansion of macro 'DSI_OUTREG32'
   DSI_OUTREG32(cmdq,&regs->DSI_VFP_NL, AS_UINT32(&DSI_REG[i]->DSI_VFP_NL));  
   ^
/home/satory-ra/Android/kernel/android_kernel_oukitel_orange/drivers/misc/mediatek/dispsys/mt6735/mt6735m/ddp_reg.h:1395:29: note: expected 'long unsigned int' but argument is of type 'volatile struct DSI_VFP_NL_REG *'
 static inline unsigned long disp_addr_convert(unsigned long va) 
                             ^
/home/satory-ra/Android/kernel/android_kernel_oukitel_orange/drivers/misc/mediatek/dispsys/mt6735/mt6735m/ddp_reg.h:1486:17: warning: passing argument 2 of 'dprec_reg_op' makes integer from pointer without a cast
                 dprec_reg_op(handle, reg32, val, 0x00000000);\
                 ^
drivers/misc/mediatek/dispsys/mt6735/ddp_dsi.c:40:39: note: in expansion of macro 'DISP_REG_SET'
 #define DSI_OUTREG32(cmdq, addr, val) DISP_REG_SET(cmdq, addr,val)
                                       ^
drivers/misc/mediatek/dispsys/mt6735/ddp_dsi.c:834:3: note: in expansion of macro 'DSI_OUTREG32'
   DSI_OUTREG32(cmdq,&regs->DSI_VACT_NL, AS_UINT32(&DSI_REG[i]->DSI_VACT_NL));  
   ^
In file included from /home/satory-ra/Android/kernel/android_kernel_oukitel_orange/drivers/misc/mediatek/videox/mt6735/disp_drv_log.h:3:0,
                 from drivers/misc/mediatek/dispsys/mt6735/ddp_dsi.c:8:
/home/satory-ra/Android/kernel/android_kernel_oukitel_orange/drivers/misc/mediatek/dispsys/mt6735/display_recorder.h:136:6: note: expected 'unsigned int' but argument is of type 'volatile struct DSI_VACT_NL_REG *'
 void dprec_reg_op(void* cmdq, unsigned int reg, unsigned int val, unsigned int mask);
      ^
In file included from drivers/misc/mediatek/dispsys/mt6735/ddp_dsi.c:31:0:
/home/satory-ra/Android/kernel/android_kernel_oukitel_orange/drivers/misc/mediatek/dispsys/mt6735/mt6735m/ddp_reg.h:1487:38: warning: passing argument 1 of 'disp_addr_convert' makes integer from pointer without a cast
                 cmdqRecWrite(handle, disp_addr_convert(reg32), val, ~0); \
                                      ^
drivers/misc/mediatek/dispsys/mt6735/ddp_dsi.c:40:39: note: in expansion of macro 'DISP_REG_SET'
 #define DSI_OUTREG32(cmdq, addr, val) DISP_REG_SET(cmdq, addr,val)
                                       ^
drivers/misc/mediatek/dispsys/mt6735/ddp_dsi.c:834:3: note: in expansion of macro 'DSI_OUTREG32'
   DSI_OUTREG32(cmdq,&regs->DSI_VACT_NL, AS_UINT32(&DSI_REG[i]->DSI_VACT_NL));  
   ^
/home/satory-ra/Android/kernel/android_kernel_oukitel_orange/drivers/misc/mediatek/dispsys/mt6735/mt6735m/ddp_reg.h:1395:29: note: expected 'long unsigned int' but argument is of type 'volatile struct DSI_VACT_NL_REG *'
 static inline unsigned long disp_addr_convert(unsigned long va) 
                             ^
/home/satory-ra/Android/kernel/android_kernel_oukitel_orange/drivers/misc/mediatek/dispsys/mt6735/mt6735m/ddp_reg.h:1486:17: warning: passing argument 2 of 'dprec_reg_op' makes integer from pointer without a cast
                 dprec_reg_op(handle, reg32, val, 0x00000000);\
                 ^
drivers/misc/mediatek/dispsys/mt6735/ddp_dsi.c:40:39: note: in expansion of macro 'DISP_REG_SET'
 #define DSI_OUTREG32(cmdq, addr, val) DISP_REG_SET(cmdq, addr,val)
                                       ^
drivers/misc/mediatek/dispsys/mt6735/ddp_dsi.c:836:3: note: in expansion of macro 'DSI_OUTREG32'
   DSI_OUTREG32(cmdq,&regs->DSI_HSA_WC, AS_UINT32(&DSI_REG[i]->DSI_HSA_WC));  
   ^
In file included from /home/satory-ra/Android/kernel/android_kernel_oukitel_orange/drivers/misc/mediatek/videox/mt6735/disp_drv_log.h:3:0,
                 from drivers/misc/mediatek/dispsys/mt6735/ddp_dsi.c:8:
/home/satory-ra/Android/kernel/android_kernel_oukitel_orange/drivers/misc/mediatek/dispsys/mt6735/display_recorder.h:136:6: note: expected 'unsigned int' but argument is of type 'volatile struct DSI_HSA_WC_REG *'
 void dprec_reg_op(void* cmdq, unsigned int reg, unsigned int val, unsigned int mask);
      ^
In file included from drivers/misc/mediatek/dispsys/mt6735/ddp_dsi.c:31:0:
/home/satory-ra/Android/kernel/android_kernel_oukitel_orange/drivers/misc/mediatek/dispsys/mt6735/mt6735m/ddp_reg.h:1487:38: warning: passing argument 1 of 'disp_addr_convert' makes integer from pointer without a cast
                 cmdqRecWrite(handle, disp_addr_convert(reg32), val, ~0); \
                                      ^
drivers/misc/mediatek/dispsys/mt6735/ddp_dsi.c:40:39: note: in expansion of macro 'DISP_REG_SET'
 #define DSI_OUTREG32(cmdq, addr, val) DISP_REG_SET(cmdq, addr,val)
                                       ^
drivers/misc/mediatek/dispsys/mt6735/ddp_dsi.c:836:3: note: in expansion of macro 'DSI_OUTREG32'
   DSI_OUTREG32(cmdq,&regs->DSI_HSA_WC, AS_UINT32(&DSI_REG[i]->DSI_HSA_WC));  
   ^
/home/satory-ra/Android/kernel/android_kernel_oukitel_orange/drivers/misc/mediatek/dispsys/mt6735/mt6735m/ddp_reg.h:1395:29: note: expected 'long unsigned int' but argument is of type 'volatile struct DSI_HSA_WC_REG *'
 static inline unsigned long disp_addr_convert(unsigned long va) 
                             ^
/home/satory-ra/Android/kernel/android_kernel_oukitel_orange/drivers/misc/mediatek/dispsys/mt6735/mt6735m/ddp_reg.h:1486:17: warning: passing argument 2 of 'dprec_reg_op' makes integer from pointer without a cast
                 dprec_reg_op(handle, reg32, val, 0x00000000);\
                 ^
drivers/misc/mediatek/dispsys/mt6735/ddp_dsi.c:40:39: note: in expansion of macro 'DISP_REG_SET'
 #define DSI_OUTREG32(cmdq, addr, val) DISP_REG_SET(cmdq, addr,val)
                                       ^
drivers/misc/mediatek/dispsys/mt6735/ddp_dsi.c:837:3: note: in expansion of macro 'DSI_OUTREG32'
   DSI_OUTREG32(cmdq,&regs->DSI_HBP_WC, AS_UINT32(&DSI_REG[i]->DSI_HBP_WC));  
   ^
In file included from /home/satory-ra/Android/kernel/android_kernel_oukitel_orange/drivers/misc/mediatek/videox/mt6735/disp_drv_log.h:3:0,
                 from drivers/misc/mediatek/dispsys/mt6735/ddp_dsi.c:8:
/home/satory-ra/Android/kernel/android_kernel_oukitel_orange/drivers/misc/mediatek/dispsys/mt6735/display_recorder.h:136:6: note: expected 'unsigned int' but argument is of type 'volatile struct DSI_HBP_WC_REG *'
 void dprec_reg_op(void* cmdq, unsigned int reg, unsigned int val, unsigned int mask);
      ^
In file included from drivers/misc/mediatek/dispsys/mt6735/ddp_dsi.c:31:0:
/home/satory-ra/Android/kernel/android_kernel_oukitel_orange/drivers/misc/mediatek/dispsys/mt6735/mt6735m/ddp_reg.h:1487:38: warning: passing argument 1 of 'disp_addr_convert' makes integer from pointer without a cast
                 cmdqRecWrite(handle, disp_addr_convert(reg32), val, ~0); \
                                      ^
drivers/misc/mediatek/dispsys/mt6735/ddp_dsi.c:40:39: note: in expansion of macro 'DISP_REG_SET'
 #define DSI_OUTREG32(cmdq, addr, val) DISP_REG_SET(cmdq, addr,val)
                                       ^
drivers/misc/mediatek/dispsys/mt6735/ddp_dsi.c:837:3: note: in expansion of macro 'DSI_OUTREG32'
   DSI_OUTREG32(cmdq,&regs->DSI_HBP_WC, AS_UINT32(&DSI_REG[i]->DSI_HBP_WC));  
   ^
/home/satory-ra/Android/kernel/android_kernel_oukitel_orange/drivers/misc/mediatek/dispsys/mt6735/mt6735m/ddp_reg.h:1395:29: note: expected 'long unsigned int' but argument is of type 'volatile struct DSI_HBP_WC_REG *'
 static inline unsigned long disp_addr_convert(unsigned long va) 
                             ^
  CC      net/netfilter/xt_socket.o
/home/satory-ra/Android/kernel/android_kernel_oukitel_orange/drivers/misc/mediatek/dispsys/mt6735/mt6735m/ddp_reg.h:1486:17: warning: passing argument 2 of 'dprec_reg_op' makes integer from pointer without a cast
                 dprec_reg_op(handle, reg32, val, 0x00000000);\
                 ^
drivers/misc/mediatek/dispsys/mt6735/ddp_dsi.c:40:39: note: in expansion of macro 'DISP_REG_SET'
 #define DSI_OUTREG32(cmdq, addr, val) DISP_REG_SET(cmdq, addr,val)
                                       ^
drivers/misc/mediatek/dispsys/mt6735/ddp_dsi.c:838:3: note: in expansion of macro 'DSI_OUTREG32'
   DSI_OUTREG32(cmdq,&regs->DSI_HFP_WC, AS_UINT32(&DSI_REG[i]->DSI_HFP_WC));  
   ^
In file included from /home/satory-ra/Android/kernel/android_kernel_oukitel_orange/drivers/misc/mediatek/videox/mt6735/disp_drv_log.h:3:0,
                 from drivers/misc/mediatek/dispsys/mt6735/ddp_dsi.c:8:
/home/satory-ra/Android/kernel/android_kernel_oukitel_orange/drivers/misc/mediatek/dispsys/mt6735/display_recorder.h:136:6: note: expected 'unsigned int' but argument is of type 'volatile struct DSI_HFP_WC_REG *'
 void dprec_reg_op(void* cmdq, unsigned int reg, unsigned int val, unsigned int mask);
      ^
In file included from drivers/misc/mediatek/dispsys/mt6735/ddp_dsi.c:31:0:
/home/satory-ra/Android/kernel/android_kernel_oukitel_orange/drivers/misc/mediatek/dispsys/mt6735/mt6735m/ddp_reg.h:1487:38: warning: passing argument 1 of 'disp_addr_convert' makes integer from pointer without a cast
                 cmdqRecWrite(handle, disp_addr_convert(reg32), val, ~0); \
                                      ^
drivers/misc/mediatek/dispsys/mt6735/ddp_dsi.c:40:39: note: in expansion of macro 'DISP_REG_SET'
 #define DSI_OUTREG32(cmdq, addr, val) DISP_REG_SET(cmdq, addr,val)
                                       ^
drivers/misc/mediatek/dispsys/mt6735/ddp_dsi.c:838:3: note: in expansion of macro 'DSI_OUTREG32'
   DSI_OUTREG32(cmdq,&regs->DSI_HFP_WC, AS_UINT32(&DSI_REG[i]->DSI_HFP_WC));  
   ^
/home/satory-ra/Android/kernel/android_kernel_oukitel_orange/drivers/misc/mediatek/dispsys/mt6735/mt6735m/ddp_reg.h:1395:29: note: expected 'long unsigned int' but argument is of type 'volatile struct DSI_HFP_WC_REG *'
 static inline unsigned long disp_addr_convert(unsigned long va) 
                             ^
/home/satory-ra/Android/kernel/android_kernel_oukitel_orange/drivers/misc/mediatek/dispsys/mt6735/mt6735m/ddp_reg.h:1486:17: warning: passing argument 2 of 'dprec_reg_op' makes integer from pointer without a cast
                 dprec_reg_op(handle, reg32, val, 0x00000000);\
                 ^
drivers/misc/mediatek/dispsys/mt6735/ddp_dsi.c:40:39: note: in expansion of macro 'DISP_REG_SET'
 #define DSI_OUTREG32(cmdq, addr, val) DISP_REG_SET(cmdq, addr,val)
                                       ^
drivers/misc/mediatek/dispsys/mt6735/ddp_dsi.c:839:3: note: in expansion of macro 'DSI_OUTREG32'
   DSI_OUTREG32(cmdq,&regs->DSI_BLLP_WC, AS_UINT32(&DSI_REG[i]->DSI_BLLP_WC));  
   ^
In file included from /home/satory-ra/Android/kernel/android_kernel_oukitel_orange/drivers/misc/mediatek/videox/mt6735/disp_drv_log.h:3:0,
                 from drivers/misc/mediatek/dispsys/mt6735/ddp_dsi.c:8:
/home/satory-ra/Android/kernel/android_kernel_oukitel_orange/drivers/misc/mediatek/dispsys/mt6735/display_recorder.h:136:6: note: expected 'unsigned int' but argument is of type 'volatile struct DSI_BLLP_WC_REG *'
 void dprec_reg_op(void* cmdq, unsigned int reg, unsigned int val, unsigned int mask);
      ^
In file included from drivers/misc/mediatek/dispsys/mt6735/ddp_dsi.c:31:0:
/home/satory-ra/Android/kernel/android_kernel_oukitel_orange/drivers/misc/mediatek/dispsys/mt6735/mt6735m/ddp_reg.h:1487:38: warning: passing argument 1 of 'disp_addr_convert' makes integer from pointer without a cast
                 cmdqRecWrite(handle, disp_addr_convert(reg32), val, ~0); \
                                      ^
drivers/misc/mediatek/dispsys/mt6735/ddp_dsi.c:40:39: note: in expansion of macro 'DISP_REG_SET'
 #define DSI_OUTREG32(cmdq, addr, val) DISP_REG_SET(cmdq, addr,val)
                                       ^
drivers/misc/mediatek/dispsys/mt6735/ddp_dsi.c:839:3: note: in expansion of macro 'DSI_OUTREG32'
   DSI_OUTREG32(cmdq,&regs->DSI_BLLP_WC, AS_UINT32(&DSI_REG[i]->DSI_BLLP_WC));  
   ^
/home/satory-ra/Android/kernel/android_kernel_oukitel_orange/drivers/misc/mediatek/dispsys/mt6735/mt6735m/ddp_reg.h:1395:29: note: expected 'long unsigned int' but argument is of type 'volatile struct DSI_BLLP_WC_REG *'
 static inline unsigned long disp_addr_convert(unsigned long va) 
                             ^
/home/satory-ra/Android/kernel/android_kernel_oukitel_orange/drivers/misc/mediatek/dispsys/mt6735/mt6735m/ddp_reg.h:1486:17: warning: passing argument 2 of 'dprec_reg_op' makes integer from pointer without a cast
                 dprec_reg_op(handle, reg32, val, 0x00000000);\
                 ^
drivers/misc/mediatek/dispsys/mt6735/ddp_dsi.c:40:39: note: in expansion of macro 'DISP_REG_SET'
 #define DSI_OUTREG32(cmdq, addr, val) DISP_REG_SET(cmdq, addr,val)
                                       ^
drivers/misc/mediatek/dispsys/mt6735/ddp_dsi.c:841:3: note: in expansion of macro 'DSI_OUTREG32'
   DSI_OUTREG32(cmdq,&regs->DSI_HSTX_CKL_WC, AS_UINT32(&DSI_REG[i]->DSI_HSTX_CKL_WC));  
   ^
In file included from /home/satory-ra/Android/kernel/android_kernel_oukitel_orange/drivers/misc/mediatek/videox/mt6735/disp_drv_log.h:3:0,
                 from drivers/misc/mediatek/dispsys/mt6735/ddp_dsi.c:8:
/home/satory-ra/Android/kernel/android_kernel_oukitel_orange/drivers/misc/mediatek/dispsys/mt6735/display_recorder.h:136:6: note: expected 'unsigned int' but argument is of type 'volatile UINT32 *'
 void dprec_reg_op(void* cmdq, unsigned int reg, unsigned int val, unsigned int mask);
      ^
In file included from drivers/misc/mediatek/dispsys/mt6735/ddp_dsi.c:31:0:
/home/satory-ra/Android/kernel/android_kernel_oukitel_orange/drivers/misc/mediatek/dispsys/mt6735/mt6735m/ddp_reg.h:1487:38: warning: passing argument 1 of 'disp_addr_convert' makes integer from pointer without a cast
                 cmdqRecWrite(handle, disp_addr_convert(reg32), val, ~0); \
                                      ^
drivers/misc/mediatek/dispsys/mt6735/ddp_dsi.c:40:39: note: in expansion of macro 'DISP_REG_SET'
 #define DSI_OUTREG32(cmdq, addr, val) DISP_REG_SET(cmdq, addr,val)
                                       ^
drivers/misc/mediatek/dispsys/mt6735/ddp_dsi.c:841:3: note: in expansion of macro 'DSI_OUTREG32'
   DSI_OUTREG32(cmdq,&regs->DSI_HSTX_CKL_WC, AS_UINT32(&DSI_REG[i]->DSI_HSTX_CKL_WC));  
   ^
/home/satory-ra/Android/kernel/android_kernel_oukitel_orange/drivers/misc/mediatek/dispsys/mt6735/mt6735m/ddp_reg.h:1395:29: note: expected 'long unsigned int' but argument is of type 'volatile UINT32 *'
 static inline unsigned long disp_addr_convert(unsigned long va) 
                             ^
/home/satory-ra/Android/kernel/android_kernel_oukitel_orange/drivers/misc/mediatek/dispsys/mt6735/mt6735m/ddp_reg.h:1486:17: warning: passing argument 2 of 'dprec_reg_op' makes integer from pointer without a cast
                 dprec_reg_op(handle, reg32, val, 0x00000000);\
                 ^
drivers/misc/mediatek/dispsys/mt6735/ddp_dsi.c:40:39: note: in expansion of macro 'DISP_REG_SET'
 #define DSI_OUTREG32(cmdq, addr, val) DISP_REG_SET(cmdq, addr,val)
                                       ^
drivers/misc/mediatek/dispsys/mt6735/ddp_dsi.c:842:3: note: in expansion of macro 'DSI_OUTREG32'
   DSI_OUTREG32(cmdq,&regs->DSI_MEM_CONTI, AS_UINT32(&DSI_REG[i]->DSI_MEM_CONTI));
   ^
In file included from /home/satory-ra/Android/kernel/android_kernel_oukitel_orange/drivers/misc/mediatek/videox/mt6735/disp_drv_log.h:3:0,
                 from drivers/misc/mediatek/dispsys/mt6735/ddp_dsi.c:8:
/home/satory-ra/Android/kernel/android_kernel_oukitel_orange/drivers/misc/mediatek/dispsys/mt6735/display_recorder.h:136:6: note: expected 'unsigned int' but argument is of type 'volatile struct DSI_MEM_CONTI_REG *'
 void dprec_reg_op(void* cmdq, unsigned int reg, unsigned int val, unsigned int mask);
      ^
In file included from drivers/misc/mediatek/dispsys/mt6735/ddp_dsi.c:31:0:
/home/satory-ra/Android/kernel/android_kernel_oukitel_orange/drivers/misc/mediatek/dispsys/mt6735/mt6735m/ddp_reg.h:1487:38: warning: passing argument 1 of 'disp_addr_convert' makes integer from pointer without a cast
                 cmdqRecWrite(handle, disp_addr_convert(reg32), val, ~0); \
                                      ^
drivers/misc/mediatek/dispsys/mt6735/ddp_dsi.c:40:39: note: in expansion of macro 'DISP_REG_SET'
 #define DSI_OUTREG32(cmdq, addr, val) DISP_REG_SET(cmdq, addr,val)
                                       ^
drivers/misc/mediatek/dispsys/mt6735/ddp_dsi.c:842:3: note: in expansion of macro 'DSI_OUTREG32'
   DSI_OUTREG32(cmdq,&regs->DSI_MEM_CONTI, AS_UINT32(&DSI_REG[i]->DSI_MEM_CONTI));
   ^
/home/satory-ra/Android/kernel/android_kernel_oukitel_orange/drivers/misc/mediatek/dispsys/mt6735/mt6735m/ddp_reg.h:1395:29: note: expected 'long unsigned int' but argument is of type 'volatile struct DSI_MEM_CONTI_REG *'
 static inline unsigned long disp_addr_convert(unsigned long va) 
                             ^
/home/satory-ra/Android/kernel/android_kernel_oukitel_orange/drivers/misc/mediatek/dispsys/mt6735/mt6735m/ddp_reg.h:1486:17: warning: passing argument 2 of 'dprec_reg_op' makes integer from pointer without a cast
                 dprec_reg_op(handle, reg32, val, 0x00000000);\
                 ^
drivers/misc/mediatek/dispsys/mt6735/ddp_dsi.c:40:39: note: in expansion of macro 'DISP_REG_SET'
 #define DSI_OUTREG32(cmdq, addr, val) DISP_REG_SET(cmdq, addr,val)
                                       ^
drivers/misc/mediatek/dispsys/mt6735/ddp_dsi.c:844:3: note: in expansion of macro 'DSI_OUTREG32'
   DSI_OUTREG32(cmdq,&regs->DSI_PHY_TIMECON0, AS_UINT32(&DSI_REG[i]->DSI_PHY_TIMECON0));
   ^
In file included from /home/satory-ra/Android/kernel/android_kernel_oukitel_orange/drivers/misc/mediatek/videox/mt6735/disp_drv_log.h:3:0,
                 from drivers/misc/mediatek/dispsys/mt6735/ddp_dsi.c:8:
/home/satory-ra/Android/kernel/android_kernel_oukitel_orange/drivers/misc/mediatek/dispsys/mt6735/display_recorder.h:136:6: note: expected 'unsigned int' but argument is of type 'volatile struct DSI_PHY_TIMCON0_REG *'
 void dprec_reg_op(void* cmdq, unsigned int reg, unsigned int val, unsigned int mask);
      ^
In file included from drivers/misc/mediatek/dispsys/mt6735/ddp_dsi.c:31:0:
/home/satory-ra/Android/kernel/android_kernel_oukitel_orange/drivers/misc/mediatek/dispsys/mt6735/mt6735m/ddp_reg.h:1487:38: warning: passing argument 1 of 'disp_addr_convert' makes integer from pointer without a cast
                 cmdqRecWrite(handle, disp_addr_convert(reg32), val, ~0); \
                                      ^
drivers/misc/mediatek/dispsys/mt6735/ddp_dsi.c:40:39: note: in expansion of macro 'DISP_REG_SET'
 #define DSI_OUTREG32(cmdq, addr, val) DISP_REG_SET(cmdq, addr,val)
                                       ^
drivers/misc/mediatek/dispsys/mt6735/ddp_dsi.c:844:3: note: in expansion of macro 'DSI_OUTREG32'
   DSI_OUTREG32(cmdq,&regs->DSI_PHY_TIMECON0, AS_UINT32(&DSI_REG[i]->DSI_PHY_TIMECON0));
   ^
/home/satory-ra/Android/kernel/android_kernel_oukitel_orange/drivers/misc/mediatek/dispsys/mt6735/mt6735m/ddp_reg.h:1395:29: note: expected 'long unsigned int' but argument is of type 'volatile struct DSI_PHY_TIMCON0_REG *'
 static inline unsigned long disp_addr_convert(unsigned long va) 
                             ^
/home/satory-ra/Android/kernel/android_kernel_oukitel_orange/drivers/misc/mediatek/dispsys/mt6735/mt6735m/ddp_reg.h:1486:17: warning: passing argument 2 of 'dprec_reg_op' makes integer from pointer without a cast
                 dprec_reg_op(handle, reg32, val, 0x00000000);\
                 ^
drivers/misc/mediatek/dispsys/mt6735/ddp_dsi.c:40:39: note: in expansion of macro 'DISP_REG_SET'
 #define DSI_OUTREG32(cmdq, addr, val) DISP_REG_SET(cmdq, addr,val)
                                       ^
drivers/misc/mediatek/dispsys/mt6735/ddp_dsi.c:845:3: note: in expansion of macro 'DSI_OUTREG32'
   DSI_OUTREG32(cmdq,&regs->DSI_PHY_TIMECON1, AS_UINT32(&DSI_REG[i]->DSI_PHY_TIMECON1));
   ^
In file included from /home/satory-ra/Android/kernel/android_kernel_oukitel_orange/drivers/misc/mediatek/videox/mt6735/disp_drv_log.h:3:0,
                 from drivers/misc/mediatek/dispsys/mt6735/ddp_dsi.c:8:
/home/satory-ra/Android/kernel/android_kernel_oukitel_orange/drivers/misc/mediatek/dispsys/mt6735/display_recorder.h:136:6: note: expected 'unsigned int' but argument is of type 'volatile struct DSI_PHY_TIMCON1_REG *'
 void dprec_reg_op(void* cmdq, unsigned int reg, unsigned int val, unsigned int mask);
      ^
In file included from drivers/misc/mediatek/dispsys/mt6735/ddp_dsi.c:31:0:
/home/satory-ra/Android/kernel/android_kernel_oukitel_orange/drivers/misc/mediatek/dispsys/mt6735/mt6735m/ddp_reg.h:1487:38: warning: passing argument 1 of 'disp_addr_convert' makes integer from pointer without a cast
                 cmdqRecWrite(handle, disp_addr_convert(reg32), val, ~0); \
                                      ^
drivers/misc/mediatek/dispsys/mt6735/ddp_dsi.c:40:39: note: in expansion of macro 'DISP_REG_SET'
 #define DSI_OUTREG32(cmdq, addr, val) DISP_REG_SET(cmdq, addr,val)
                                       ^
drivers/misc/mediatek/dispsys/mt6735/ddp_dsi.c:845:3: note: in expansion of macro 'DSI_OUTREG32'
   DSI_OUTREG32(cmdq,&regs->DSI_PHY_TIMECON1, AS_UINT32(&DSI_REG[i]->DSI_PHY_TIMECON1));
   ^
/home/satory-ra/Android/kernel/android_kernel_oukitel_orange/drivers/misc/mediatek/dispsys/mt6735/mt6735m/ddp_reg.h:1395:29: note: expected 'long unsigned int' but argument is of type 'volatile struct DSI_PHY_TIMCON1_REG *'
 static inline unsigned long disp_addr_convert(unsigned long va) 
                             ^
/home/satory-ra/Android/kernel/android_kernel_oukitel_orange/drivers/misc/mediatek/dispsys/mt6735/mt6735m/ddp_reg.h:1486:17: warning: passing argument 2 of 'dprec_reg_op' makes integer from pointer without a cast
                 dprec_reg_op(handle, reg32, val, 0x00000000);\
                 ^
drivers/misc/mediatek/dispsys/mt6735/ddp_dsi.c:40:39: note: in expansion of macro 'DISP_REG_SET'
 #define DSI_OUTREG32(cmdq, addr, val) DISP_REG_SET(cmdq, addr,val)
                                       ^
drivers/misc/mediatek/dispsys/mt6735/ddp_dsi.c:846:3: note: in expansion of macro 'DSI_OUTREG32'
   DSI_OUTREG32(cmdq,&regs->DSI_PHY_TIMECON2, AS_UINT32(&DSI_REG[i]->DSI_PHY_TIMECON2));
   ^
In file included from /home/satory-ra/Android/kernel/android_kernel_oukitel_orange/drivers/misc/mediatek/videox/mt6735/disp_drv_log.h:3:0,
                 from drivers/misc/mediatek/dispsys/mt6735/ddp_dsi.c:8:
/home/satory-ra/Android/kernel/android_kernel_oukitel_orange/drivers/misc/mediatek/dispsys/mt6735/display_recorder.h:136:6: note: expected 'unsigned int' but argument is of type 'volatile struct DSI_PHY_TIMCON2_REG *'
 void dprec_reg_op(void* cmdq, unsigned int reg, unsigned int val, unsigned int mask);
      ^
In file included from drivers/misc/mediatek/dispsys/mt6735/ddp_dsi.c:31:0:
/home/satory-ra/Android/kernel/android_kernel_oukitel_orange/drivers/misc/mediatek/dispsys/mt6735/mt6735m/ddp_reg.h:1487:38: warning: passing argument 1 of 'disp_addr_convert' makes integer from pointer without a cast
                 cmdqRecWrite(handle, disp_addr_convert(reg32), val, ~0); \
                                      ^
drivers/misc/mediatek/dispsys/mt6735/ddp_dsi.c:40:39: note: in expansion of macro 'DISP_REG_SET'
 #define DSI_OUTREG32(cmdq, addr, val) DISP_REG_SET(cmdq, addr,val)
                                       ^
drivers/misc/mediatek/dispsys/mt6735/ddp_dsi.c:846:3: note: in expansion of macro 'DSI_OUTREG32'
   DSI_OUTREG32(cmdq,&regs->DSI_PHY_TIMECON2, AS_UINT32(&DSI_REG[i]->DSI_PHY_TIMECON2));
   ^
/home/satory-ra/Android/kernel/android_kernel_oukitel_orange/drivers/misc/mediatek/dispsys/mt6735/mt6735m/ddp_reg.h:1395:29: note: expected 'long unsigned int' but argument is of type 'volatile struct DSI_PHY_TIMCON2_REG *'
 static inline unsigned long disp_addr_convert(unsigned long va) 
                             ^
/home/satory-ra/Android/kernel/android_kernel_oukitel_orange/drivers/misc/mediatek/dispsys/mt6735/mt6735m/ddp_reg.h:1486:17: warning: passing argument 2 of 'dprec_reg_op' makes integer from pointer without a cast
                 dprec_reg_op(handle, reg32, val, 0x00000000);\
                 ^
drivers/misc/mediatek/dispsys/mt6735/ddp_dsi.c:40:39: note: in expansion of macro 'DISP_REG_SET'
 #define DSI_OUTREG32(cmdq, addr, val) DISP_REG_SET(cmdq, addr,val)
                                       ^
drivers/misc/mediatek/dispsys/mt6735/ddp_dsi.c:847:3: note: in expansion of macro 'DSI_OUTREG32'
   DSI_OUTREG32(cmdq,&regs->DSI_PHY_TIMECON3, AS_UINT32(&DSI_REG[i]->DSI_PHY_TIMECON3));
   ^
In file included from /home/satory-ra/Android/kernel/android_kernel_oukitel_orange/drivers/misc/mediatek/videox/mt6735/disp_drv_log.h:3:0,
                 from drivers/misc/mediatek/dispsys/mt6735/ddp_dsi.c:8:
/home/satory-ra/Android/kernel/android_kernel_oukitel_orange/drivers/misc/mediatek/dispsys/mt6735/display_recorder.h:136:6: note: expected 'unsigned int' but argument is of type 'volatile struct DSI_PHY_TIMCON3_REG *'
 void dprec_reg_op(void* cmdq, unsigned int reg, unsigned int val, unsigned int mask);
      ^
In file included from drivers/misc/mediatek/dispsys/mt6735/ddp_dsi.c:31:0:
/home/satory-ra/Android/kernel/android_kernel_oukitel_orange/drivers/misc/mediatek/dispsys/mt6735/mt6735m/ddp_reg.h:1487:38: warning: passing argument 1 of 'disp_addr_convert' makes integer from pointer without a cast
                 cmdqRecWrite(handle, disp_addr_convert(reg32), val, ~0); \
                                      ^
drivers/misc/mediatek/dispsys/mt6735/ddp_dsi.c:40:39: note: in expansion of macro 'DISP_REG_SET'
 #define DSI_OUTREG32(cmdq, addr, val) DISP_REG_SET(cmdq, addr,val)
                                       ^
drivers/misc/mediatek/dispsys/mt6735/ddp_dsi.c:847:3: note: in expansion of macro 'DSI_OUTREG32'
   DSI_OUTREG32(cmdq,&regs->DSI_PHY_TIMECON3, AS_UINT32(&DSI_REG[i]->DSI_PHY_TIMECON3));
   ^
/home/satory-ra/Android/kernel/android_kernel_oukitel_orange/drivers/misc/mediatek/dispsys/mt6735/mt6735m/ddp_reg.h:1395:29: note: expected 'long unsigned int' but argument is of type 'volatile struct DSI_PHY_TIMCON3_REG *'
 static inline unsigned long disp_addr_convert(unsigned long va) 
                             ^
/home/satory-ra/Android/kernel/android_kernel_oukitel_orange/drivers/misc/mediatek/dispsys/mt6735/mt6735m/ddp_reg.h:1486:17: warning: passing argument 2 of 'dprec_reg_op' makes integer from pointer without a cast
                 dprec_reg_op(handle, reg32, val, 0x00000000);\
                 ^
drivers/misc/mediatek/dispsys/mt6735/ddp_dsi.c:40:39: note: in expansion of macro 'DISP_REG_SET'
 #define DSI_OUTREG32(cmdq, addr, val) DISP_REG_SET(cmdq, addr,val)
                                       ^
drivers/misc/mediatek/dispsys/mt6735/ddp_dsi.c:848:3: note: in expansion of macro 'DSI_OUTREG32'
   DSI_OUTREG32(cmdq,&regs->DSI_PHY_TIMECON4, AS_UINT32(&DSI_REG[i]->DSI_PHY_TIMECON4));
   ^
In file included from /home/satory-ra/Android/kernel/android_kernel_oukitel_orange/drivers/misc/mediatek/videox/mt6735/disp_drv_log.h:3:0,
                 from drivers/misc/mediatek/dispsys/mt6735/ddp_dsi.c:8:
/home/satory-ra/Android/kernel/android_kernel_oukitel_orange/drivers/misc/mediatek/dispsys/mt6735/display_recorder.h:136:6: note: expected 'unsigned int' but argument is of type 'volatile struct DSI_PHY_TIMCON4_REG *'
 void dprec_reg_op(void* cmdq, unsigned int reg, unsigned int val, unsigned int mask);
      ^
In file included from drivers/misc/mediatek/dispsys/mt6735/ddp_dsi.c:31:0:
/home/satory-ra/Android/kernel/android_kernel_oukitel_orange/drivers/misc/mediatek/dispsys/mt6735/mt6735m/ddp_reg.h:1487:38: warning: passing argument 1 of 'disp_addr_convert' makes integer from pointer without a cast
                 cmdqRecWrite(handle, disp_addr_convert(reg32), val, ~0); \
                                      ^
drivers/misc/mediatek/dispsys/mt6735/ddp_dsi.c:40:39: note: in expansion of macro 'DISP_REG_SET'
 #define DSI_OUTREG32(cmdq, addr, val) DISP_REG_SET(cmdq, addr,val)
                                       ^
drivers/misc/mediatek/dispsys/mt6735/ddp_dsi.c:848:3: note: in expansion of macro 'DSI_OUTREG32'
   DSI_OUTREG32(cmdq,&regs->DSI_PHY_TIMECON4, AS_UINT32(&DSI_REG[i]->DSI_PHY_TIMECON4));
   ^
/home/satory-ra/Android/kernel/android_kernel_oukitel_orange/drivers/misc/mediatek/dispsys/mt6735/mt6735m/ddp_reg.h:1395:29: note: expected 'long unsigned int' but argument is of type 'volatile struct DSI_PHY_TIMCON4_REG *'
 static inline unsigned long disp_addr_convert(unsigned long va) 
                             ^
/home/satory-ra/Android/kernel/android_kernel_oukitel_orange/drivers/misc/mediatek/dispsys/mt6735/mt6735m/ddp_reg.h:1486:17: warning: passing argument 2 of 'dprec_reg_op' makes integer from pointer without a cast
                 dprec_reg_op(handle, reg32, val, 0x00000000);\
                 ^
drivers/misc/mediatek/dispsys/mt6735/ddp_dsi.c:40:39: note: in expansion of macro 'DISP_REG_SET'
 #define DSI_OUTREG32(cmdq, addr, val) DISP_REG_SET(cmdq, addr,val)
                                       ^
drivers/misc/mediatek/dispsys/mt6735/ddp_dsi.c:849:3: note: in expansion of macro 'DSI_OUTREG32'
   DSI_OUTREG32(cmdq,&regs->DSI_VM_CMD_CON, AS_UINT32(&DSI_REG[i]->DSI_VM_CMD_CON));
   ^
In file included from /home/satory-ra/Android/kernel/android_kernel_oukitel_orange/drivers/misc/mediatek/videox/mt6735/disp_drv_log.h:3:0,
                 from drivers/misc/mediatek/dispsys/mt6735/ddp_dsi.c:8:
/home/satory-ra/Android/kernel/android_kernel_oukitel_orange/drivers/misc/mediatek/dispsys/mt6735/display_recorder.h:136:6: note: expected 'unsigned int' but argument is of type 'volatile struct DSI_VM_CMD_CON_REG *'
 void dprec_reg_op(void* cmdq, unsigned int reg, unsigned int val, unsigned int mask);
      ^
In file included from drivers/misc/mediatek/dispsys/mt6735/ddp_dsi.c:31:0:
/home/satory-ra/Android/kernel/android_kernel_oukitel_orange/drivers/misc/mediatek/dispsys/mt6735/mt6735m/ddp_reg.h:1487:38: warning: passing argument 1 of 'disp_addr_convert' makes integer from pointer without a cast
                 cmdqRecWrite(handle, disp_addr_convert(reg32), val, ~0); \
                                      ^
drivers/misc/mediatek/dispsys/mt6735/ddp_dsi.c:40:39: note: in expansion of macro 'DISP_REG_SET'
 #define DSI_OUTREG32(cmdq, addr, val) DISP_REG_SET(cmdq, addr,val)
                                       ^
drivers/misc/mediatek/dispsys/mt6735/ddp_dsi.c:849:3: note: in expansion of macro 'DSI_OUTREG32'
   DSI_OUTREG32(cmdq,&regs->DSI_VM_CMD_CON, AS_UINT32(&DSI_REG[i]->DSI_VM_CMD_CON));
   ^
/home/satory-ra/Android/kernel/android_kernel_oukitel_orange/drivers/misc/mediatek/dispsys/mt6735/mt6735m/ddp_reg.h:1395:29: note: expected 'long unsigned int' but argument is of type 'volatile struct DSI_VM_CMD_CON_REG *'
 static inline unsigned long disp_addr_convert(unsigned long va) 
                             ^
drivers/misc/mediatek/dispsys/mt6735/ddp_dsi.c: In function 'DSI_RestoreRegisters':
/home/satory-ra/Android/kernel/android_kernel_oukitel_orange/drivers/misc/mediatek/dispsys/mt6735/mt6735m/ddp_reg.h:1486:17: warning: passing argument 2 of 'dprec_reg_op' makes integer from pointer without a cast
                 dprec_reg_op(handle, reg32, val, 0x00000000);\
                 ^
drivers/misc/mediatek/dispsys/mt6735/ddp_dsi.c:40:39: note: in expansion of macro 'DISP_REG_SET'
 #define DSI_OUTREG32(cmdq, addr, val) DISP_REG_SET(cmdq, addr,val)
                                       ^
drivers/misc/mediatek/dispsys/mt6735/ddp_dsi.c:865:3: note: in expansion of macro 'DSI_OUTREG32'
   DSI_OUTREG32(cmdq,&DSI_REG[i]->DSI_INTEN, AS_UINT32(&regs->DSI_INTEN)); 
   ^
In file included from /home/satory-ra/Android/kernel/android_kernel_oukitel_orange/drivers/misc/mediatek/videox/mt6735/disp_drv_log.h:3:0,
                 from drivers/misc/mediatek/dispsys/mt6735/ddp_dsi.c:8:
/home/satory-ra/Android/kernel/android_kernel_oukitel_orange/drivers/misc/mediatek/dispsys/mt6735/display_recorder.h:136:6: note: expected 'unsigned int' but argument is of type 'volatile struct DSI_INT_ENABLE_REG *'
 void dprec_reg_op(void* cmdq, unsigned int reg, unsigned int val, unsigned int mask);
      ^
In file included from drivers/misc/mediatek/dispsys/mt6735/ddp_dsi.c:31:0:
/home/satory-ra/Android/kernel/android_kernel_oukitel_orange/drivers/misc/mediatek/dispsys/mt6735/mt6735m/ddp_reg.h:1487:38: warning: passing argument 1 of 'disp_addr_convert' makes integer from pointer without a cast
                 cmdqRecWrite(handle, disp_addr_convert(reg32), val, ~0); \
                                      ^
drivers/misc/mediatek/dispsys/mt6735/ddp_dsi.c:40:39: note: in expansion of macro 'DISP_REG_SET'
 #define DSI_OUTREG32(cmdq, addr, val) DISP_REG_SET(cmdq, addr,val)
                                       ^
drivers/misc/mediatek/dispsys/mt6735/ddp_dsi.c:865:3: note: in expansion of macro 'DSI_OUTREG32'
   DSI_OUTREG32(cmdq,&DSI_REG[i]->DSI_INTEN, AS_UINT32(&regs->DSI_INTEN)); 
   ^
/home/satory-ra/Android/kernel/android_kernel_oukitel_orange/drivers/misc/mediatek/dispsys/mt6735/mt6735m/ddp_reg.h:1395:29: note: expected 'long unsigned int' but argument is of type 'volatile struct DSI_INT_ENABLE_REG *'
 static inline unsigned long disp_addr_convert(unsigned long va) 
                             ^
/home/satory-ra/Android/kernel/android_kernel_oukitel_orange/drivers/misc/mediatek/dispsys/mt6735/mt6735m/ddp_reg.h:1486:17: warning: passing argument 2 of 'dprec_reg_op' makes integer from pointer without a cast
                 dprec_reg_op(handle, reg32, val, 0x00000000);\
                 ^
drivers/misc/mediatek/dispsys/mt6735/ddp_dsi.c:40:39: note: in expansion of macro 'DISP_REG_SET'
 #define DSI_OUTREG32(cmdq, addr, val) DISP_REG_SET(cmdq, addr,val)
                                       ^
drivers/misc/mediatek/dispsys/mt6735/ddp_dsi.c:866:3: note: in expansion of macro 'DSI_OUTREG32'
   DSI_OUTREG32(cmdq,&DSI_REG[i]->DSI_MODE_CTRL, AS_UINT32(&regs->DSI_MODE_CTRL)); 
   ^
In file included from /home/satory-ra/Android/kernel/android_kernel_oukitel_orange/drivers/misc/mediatek/videox/mt6735/disp_drv_log.h:3:0,
                 from drivers/misc/mediatek/dispsys/mt6735/ddp_dsi.c:8:
/home/satory-ra/Android/kernel/android_kernel_oukitel_orange/drivers/misc/mediatek/dispsys/mt6735/display_recorder.h:136:6: note: expected 'unsigned int' but argument is of type 'volatile struct DSI_MODE_CTRL_REG *'
 void dprec_reg_op(void* cmdq, unsigned int reg, unsigned int val, unsigned int mask);
      ^
In file included from drivers/misc/mediatek/dispsys/mt6735/ddp_dsi.c:31:0:
/home/satory-ra/Android/kernel/android_kernel_oukitel_orange/drivers/misc/mediatek/dispsys/mt6735/mt6735m/ddp_reg.h:1487:38: warning: passing argument 1 of 'disp_addr_convert' makes integer from pointer without a cast
                 cmdqRecWrite(handle, disp_addr_convert(reg32), val, ~0); \
                                      ^
drivers/misc/mediatek/dispsys/mt6735/ddp_dsi.c:40:39: note: in expansion of macro 'DISP_REG_SET'
 #define DSI_OUTREG32(cmdq, addr, val) DISP_REG_SET(cmdq, addr,val)
                                       ^
drivers/misc/mediatek/dispsys/mt6735/ddp_dsi.c:866:3: note: in expansion of macro 'DSI_OUTREG32'
   DSI_OUTREG32(cmdq,&DSI_REG[i]->DSI_MODE_CTRL, AS_UINT32(&regs->DSI_MODE_CTRL)); 
   ^
/home/satory-ra/Android/kernel/android_kernel_oukitel_orange/drivers/misc/mediatek/dispsys/mt6735/mt6735m/ddp_reg.h:1395:29: note: expected 'long unsigned int' but argument is of type 'volatile struct DSI_MODE_CTRL_REG *'
 static inline unsigned long disp_addr_convert(unsigned long va) 
                             ^
/home/satory-ra/Android/kernel/android_kernel_oukitel_orange/drivers/misc/mediatek/dispsys/mt6735/mt6735m/ddp_reg.h:1486:17: warning: passing argument 2 of 'dprec_reg_op' makes integer from pointer without a cast
                 dprec_reg_op(handle, reg32, val, 0x00000000);\
                 ^
drivers/misc/mediatek/dispsys/mt6735/ddp_dsi.c:40:39: note: in expansion of macro 'DISP_REG_SET'
 #define DSI_OUTREG32(cmdq, addr, val) DISP_REG_SET(cmdq, addr,val)
                                       ^
drivers/misc/mediatek/dispsys/mt6735/ddp_dsi.c:867:3: note: in expansion of macro 'DSI_OUTREG32'
   DSI_OUTREG32(cmdq,&DSI_REG[i]->DSI_TXRX_CTRL, AS_UINT32(&regs->DSI_TXRX_CTRL)); 
   ^
In file included from /home/satory-ra/Android/kernel/android_kernel_oukitel_orange/drivers/misc/mediatek/videox/mt6735/disp_drv_log.h:3:0,
                 from drivers/misc/mediatek/dispsys/mt6735/ddp_dsi.c:8:
/home/satory-ra/Android/kernel/android_kernel_oukitel_orange/drivers/misc/mediatek/dispsys/mt6735/display_recorder.h:136:6: note: expected 'unsigned int' but argument is of type 'volatile struct DSI_TXRX_CTRL_REG *'
 void dprec_reg_op(void* cmdq, unsigned int reg, unsigned int val, unsigned int mask);
      ^
In file included from drivers/misc/mediatek/dispsys/mt6735/ddp_dsi.c:31:0:
/home/satory-ra/Android/kernel/android_kernel_oukitel_orange/drivers/misc/mediatek/dispsys/mt6735/mt6735m/ddp_reg.h:1487:38: warning: passing argument 1 of 'disp_addr_convert' makes integer from pointer without a cast
                 cmdqRecWrite(handle, disp_addr_convert(reg32), val, ~0); \
                                      ^
drivers/misc/mediatek/dispsys/mt6735/ddp_dsi.c:40:39: note: in expansion of macro 'DISP_REG_SET'
 #define DSI_OUTREG32(cmdq, addr, val) DISP_REG_SET(cmdq, addr,val)
                                       ^
drivers/misc/mediatek/dispsys/mt6735/ddp_dsi.c:867:3: note: in expansion of macro 'DSI_OUTREG32'
   DSI_OUTREG32(cmdq,&DSI_REG[i]->DSI_TXRX_CTRL, AS_UINT32(&regs->DSI_TXRX_CTRL)); 
   ^
/home/satory-ra/Android/kernel/android_kernel_oukitel_orange/drivers/misc/mediatek/dispsys/mt6735/mt6735m/ddp_reg.h:1395:29: note: expected 'long unsigned int' but argument is of type 'volatile struct DSI_TXRX_CTRL_REG *'
 static inline unsigned long disp_addr_convert(unsigned long va) 
                             ^
/home/satory-ra/Android/kernel/android_kernel_oukitel_orange/drivers/misc/mediatek/dispsys/mt6735/mt6735m/ddp_reg.h:1486:17: warning: passing argument 2 of 'dprec_reg_op' makes integer from pointer without a cast
                 dprec_reg_op(handle, reg32, val, 0x00000000);\
                 ^
drivers/misc/mediatek/dispsys/mt6735/ddp_dsi.c:40:39: note: in expansion of macro 'DISP_REG_SET'
 #define DSI_OUTREG32(cmdq, addr, val) DISP_REG_SET(cmdq, addr,val)
                                       ^
drivers/misc/mediatek/dispsys/mt6735/ddp_dsi.c:868:3: note: in expansion of macro 'DSI_OUTREG32'
   DSI_OUTREG32(cmdq,&DSI_REG[i]->DSI_PSCTRL, AS_UINT32(&regs->DSI_PSCTRL)); 
   ^
In file included from /home/satory-ra/Android/kernel/android_kernel_oukitel_orange/drivers/misc/mediatek/videox/mt6735/disp_drv_log.h:3:0,
                 from drivers/misc/mediatek/dispsys/mt6735/ddp_dsi.c:8:
/home/satory-ra/Android/kernel/android_kernel_oukitel_orange/drivers/misc/mediatek/dispsys/mt6735/display_recorder.h:136:6: note: expected 'unsigned int' but argument is of type 'volatile struct DSI_PSCTRL_REG *'
 void dprec_reg_op(void* cmdq, unsigned int reg, unsigned int val, unsigned int mask);
      ^
In file included from drivers/misc/mediatek/dispsys/mt6735/ddp_dsi.c:31:0:
/home/satory-ra/Android/kernel/android_kernel_oukitel_orange/drivers/misc/mediatek/dispsys/mt6735/mt6735m/ddp_reg.h:1487:38: warning: passing argument 1 of 'disp_addr_convert' makes integer from pointer without a cast
                 cmdqRecWrite(handle, disp_addr_convert(reg32), val, ~0); \
                                      ^
drivers/misc/mediatek/dispsys/mt6735/ddp_dsi.c:40:39: note: in expansion of macro 'DISP_REG_SET'
 #define DSI_OUTREG32(cmdq, addr, val) DISP_REG_SET(cmdq, addr,val)
                                       ^
drivers/misc/mediatek/dispsys/mt6735/ddp_dsi.c:868:3: note: in expansion of macro 'DSI_OUTREG32'
   DSI_OUTREG32(cmdq,&DSI_REG[i]->DSI_PSCTRL, AS_UINT32(&regs->DSI_PSCTRL)); 
   ^
/home/satory-ra/Android/kernel/android_kernel_oukitel_orange/drivers/misc/mediatek/dispsys/mt6735/mt6735m/ddp_reg.h:1395:29: note: expected 'long unsigned int' but argument is of type 'volatile struct DSI_PSCTRL_REG *'
 static inline unsigned long disp_addr_convert(unsigned long va) 
                             ^
/home/satory-ra/Android/kernel/android_kernel_oukitel_orange/drivers/misc/mediatek/dispsys/mt6735/mt6735m/ddp_reg.h:1486:17: warning: passing argument 2 of 'dprec_reg_op' makes integer from pointer without a cast
                 dprec_reg_op(handle, reg32, val, 0x00000000);\
                 ^
drivers/misc/mediatek/dispsys/mt6735/ddp_dsi.c:40:39: note: in expansion of macro 'DISP_REG_SET'
 #define DSI_OUTREG32(cmdq, addr, val) DISP_REG_SET(cmdq, addr,val)
                                       ^
drivers/misc/mediatek/dispsys/mt6735/ddp_dsi.c:870:3: note: in expansion of macro 'DSI_OUTREG32'
   DSI_OUTREG32(cmdq,&DSI_REG[i]->DSI_VSA_NL, AS_UINT32(&regs->DSI_VSA_NL));  
   ^
In file included from /home/satory-ra/Android/kernel/android_kernel_oukitel_orange/drivers/misc/mediatek/videox/mt6735/disp_drv_log.h:3:0,
                 from drivers/misc/mediatek/dispsys/mt6735/ddp_dsi.c:8:
/home/satory-ra/Android/kernel/android_kernel_oukitel_orange/drivers/misc/mediatek/dispsys/mt6735/display_recorder.h:136:6: note: expected 'unsigned int' but argument is of type 'volatile struct DSI_VSA_NL_REG *'
 void dprec_reg_op(void* cmdq, unsigned int reg, unsigned int val, unsigned int mask);
      ^
In file included from drivers/misc/mediatek/dispsys/mt6735/ddp_dsi.c:31:0:
/home/satory-ra/Android/kernel/android_kernel_oukitel_orange/drivers/misc/mediatek/dispsys/mt6735/mt6735m/ddp_reg.h:1487:38: warning: passing argument 1 of 'disp_addr_convert' makes integer from pointer without a cast
                 cmdqRecWrite(handle, disp_addr_convert(reg32), val, ~0); \
                                      ^
drivers/misc/mediatek/dispsys/mt6735/ddp_dsi.c:40:39: note: in expansion of macro 'DISP_REG_SET'
 #define DSI_OUTREG32(cmdq, addr, val) DISP_REG_SET(cmdq, addr,val)
                                       ^
drivers/misc/mediatek/dispsys/mt6735/ddp_dsi.c:870:3: note: in expansion of macro 'DSI_OUTREG32'
   DSI_OUTREG32(cmdq,&DSI_REG[i]->DSI_VSA_NL, AS_UINT32(&regs->DSI_VSA_NL));  
   ^
/home/satory-ra/Android/kernel/android_kernel_oukitel_orange/drivers/misc/mediatek/dispsys/mt6735/mt6735m/ddp_reg.h:1395:29: note: expected 'long unsigned int' but argument is of type 'volatile struct DSI_VSA_NL_REG *'
 static inline unsigned long disp_addr_convert(unsigned long va) 
                             ^
/home/satory-ra/Android/kernel/android_kernel_oukitel_orange/drivers/misc/mediatek/dispsys/mt6735/mt6735m/ddp_reg.h:1486:17: warning: passing argument 2 of 'dprec_reg_op' makes integer from pointer without a cast
                 dprec_reg_op(handle, reg32, val, 0x00000000);\
                 ^
drivers/misc/mediatek/dispsys/mt6735/ddp_dsi.c:40:39: note: in expansion of macro 'DISP_REG_SET'
 #define DSI_OUTREG32(cmdq, addr, val) DISP_REG_SET(cmdq, addr,val)
                                       ^
drivers/misc/mediatek/dispsys/mt6735/ddp_dsi.c:871:3: note: in expansion of macro 'DSI_OUTREG32'
   DSI_OUTREG32(cmdq,&DSI_REG[i]->DSI_VBP_NL, AS_UINT32(&regs->DSI_VBP_NL));  
   ^
In file included from /home/satory-ra/Android/kernel/android_kernel_oukitel_orange/drivers/misc/mediatek/videox/mt6735/disp_drv_log.h:3:0,
                 from drivers/misc/mediatek/dispsys/mt6735/ddp_dsi.c:8:
/home/satory-ra/Android/kernel/android_kernel_oukitel_orange/drivers/misc/mediatek/dispsys/mt6735/display_recorder.h:136:6: note: expected 'unsigned int' but argument is of type 'volatile struct DSI_VBP_NL_REG *'
 void dprec_reg_op(void* cmdq, unsigned int reg, unsigned int val, unsigned int mask);
      ^
In file included from drivers/misc/mediatek/dispsys/mt6735/ddp_dsi.c:31:0:
/home/satory-ra/Android/kernel/android_kernel_oukitel_orange/drivers/misc/mediatek/dispsys/mt6735/mt6735m/ddp_reg.h:1487:38: warning: passing argument 1 of 'disp_addr_convert' makes integer from pointer without a cast
                 cmdqRecWrite(handle, disp_addr_convert(reg32), val, ~0); \
                                      ^
drivers/misc/mediatek/dispsys/mt6735/ddp_dsi.c:40:39: note: in expansion of macro 'DISP_REG_SET'
 #define DSI_OUTREG32(cmdq, addr, val) DISP_REG_SET(cmdq, addr,val)
                                       ^
drivers/misc/mediatek/dispsys/mt6735/ddp_dsi.c:871:3: note: in expansion of macro 'DSI_OUTREG32'
   DSI_OUTREG32(cmdq,&DSI_REG[i]->DSI_VBP_NL, AS_UINT32(&regs->DSI_VBP_NL));  
   ^
/home/satory-ra/Android/kernel/android_kernel_oukitel_orange/drivers/misc/mediatek/dispsys/mt6735/mt6735m/ddp_reg.h:1395:29: note: expected 'long unsigned int' but argument is of type 'volatile struct DSI_VBP_NL_REG *'
 static inline unsigned long disp_addr_convert(unsigned long va) 
                             ^
/home/satory-ra/Android/kernel/android_kernel_oukitel_orange/drivers/misc/mediatek/dispsys/mt6735/mt6735m/ddp_reg.h:1486:17: warning: passing argument 2 of 'dprec_reg_op' makes integer from pointer without a cast
                 dprec_reg_op(handle, reg32, val, 0x00000000);\
                 ^
drivers/misc/mediatek/dispsys/mt6735/ddp_dsi.c:40:39: note: in expansion of macro 'DISP_REG_SET'
 #define DSI_OUTREG32(cmdq, addr, val) DISP_REG_SET(cmdq, addr,val)
                                       ^
drivers/misc/mediatek/dispsys/mt6735/ddp_dsi.c:872:3: note: in expansion of macro 'DSI_OUTREG32'
   DSI_OUTREG32(cmdq,&DSI_REG[i]->DSI_VFP_NL, AS_UINT32(&regs->DSI_VFP_NL));  
   ^
In file included from /home/satory-ra/Android/kernel/android_kernel_oukitel_orange/drivers/misc/mediatek/videox/mt6735/disp_drv_log.h:3:0,
                 from drivers/misc/mediatek/dispsys/mt6735/ddp_dsi.c:8:
/home/satory-ra/Android/kernel/android_kernel_oukitel_orange/drivers/misc/mediatek/dispsys/mt6735/display_recorder.h:136:6: note: expected 'unsigned int' but argument is of type 'volatile struct DSI_VFP_NL_REG *'
 void dprec_reg_op(void* cmdq, unsigned int reg, unsigned int val, unsigned int mask);
      ^
In file included from drivers/misc/mediatek/dispsys/mt6735/ddp_dsi.c:31:0:
/home/satory-ra/Android/kernel/android_kernel_oukitel_orange/drivers/misc/mediatek/dispsys/mt6735/mt6735m/ddp_reg.h:1487:38: warning: passing argument 1 of 'disp_addr_convert' makes integer from pointer without a cast
                 cmdqRecWrite(handle, disp_addr_convert(reg32), val, ~0); \
                                      ^
drivers/misc/mediatek/dispsys/mt6735/ddp_dsi.c:40:39: note: in expansion of macro 'DISP_REG_SET'
 #define DSI_OUTREG32(cmdq, addr, val) DISP_REG_SET(cmdq, addr,val)
                                       ^
drivers/misc/mediatek/dispsys/mt6735/ddp_dsi.c:872:3: note: in expansion of macro 'DSI_OUTREG32'
   DSI_OUTREG32(cmdq,&DSI_REG[i]->DSI_VFP_NL, AS_UINT32(&regs->DSI_VFP_NL));  
   ^
/home/satory-ra/Android/kernel/android_kernel_oukitel_orange/drivers/misc/mediatek/dispsys/mt6735/mt6735m/ddp_reg.h:1395:29: note: expected 'long unsigned int' but argument is of type 'volatile struct DSI_VFP_NL_REG *'
 static inline unsigned long disp_addr_convert(unsigned long va) 
                             ^
/home/satory-ra/Android/kernel/android_kernel_oukitel_orange/drivers/misc/mediatek/dispsys/mt6735/mt6735m/ddp_reg.h:1486:17: warning: passing argument 2 of 'dprec_reg_op' makes integer from pointer without a cast
                 dprec_reg_op(handle, reg32, val, 0x00000000);\
                 ^
drivers/misc/mediatek/dispsys/mt6735/ddp_dsi.c:40:39: note: in expansion of macro 'DISP_REG_SET'
 #define DSI_OUTREG32(cmdq, addr, val) DISP_REG_SET(cmdq, addr,val)
                                       ^
drivers/misc/mediatek/dispsys/mt6735/ddp_dsi.c:873:3: note: in expansion of macro 'DSI_OUTREG32'
   DSI_OUTREG32(cmdq,&DSI_REG[i]->DSI_VACT_NL, AS_UINT32(&regs->DSI_VACT_NL));  
   ^
In file included from /home/satory-ra/Android/kernel/android_kernel_oukitel_orange/drivers/misc/mediatek/videox/mt6735/disp_drv_log.h:3:0,
                 from drivers/misc/mediatek/dispsys/mt6735/ddp_dsi.c:8:
/home/satory-ra/Android/kernel/android_kernel_oukitel_orange/drivers/misc/mediatek/dispsys/mt6735/display_recorder.h:136:6: note: expected 'unsigned int' but argument is of type 'volatile struct DSI_VACT_NL_REG *'
 void dprec_reg_op(void* cmdq, unsigned int reg, unsigned int val, unsigned int mask);
      ^
In file included from drivers/misc/mediatek/dispsys/mt6735/ddp_dsi.c:31:0:
/home/satory-ra/Android/kernel/android_kernel_oukitel_orange/drivers/misc/mediatek/dispsys/mt6735/mt6735m/ddp_reg.h:1487:38: warning: passing argument 1 of 'disp_addr_convert' makes integer from pointer without a cast
                 cmdqRecWrite(handle, disp_addr_convert(reg32), val, ~0); \
                                      ^
drivers/misc/mediatek/dispsys/mt6735/ddp_dsi.c:40:39: note: in expansion of macro 'DISP_REG_SET'
 #define DSI_OUTREG32(cmdq, addr, val) DISP_REG_SET(cmdq, addr,val)
                                       ^
drivers/misc/mediatek/dispsys/mt6735/ddp_dsi.c:873:3: note: in expansion of macro 'DSI_OUTREG32'
   DSI_OUTREG32(cmdq,&DSI_REG[i]->DSI_VACT_NL, AS_UINT32(&regs->DSI_VACT_NL));  
   ^
/home/satory-ra/Android/kernel/android_kernel_oukitel_orange/drivers/misc/mediatek/dispsys/mt6735/mt6735m/ddp_reg.h:1395:29: note: expected 'long unsigned int' but argument is of type 'volatile struct DSI_VACT_NL_REG *'
 static inline unsigned long disp_addr_convert(unsigned long va) 
                             ^
/home/satory-ra/Android/kernel/android_kernel_oukitel_orange/drivers/misc/mediatek/dispsys/mt6735/mt6735m/ddp_reg.h:1486:17: warning: passing argument 2 of 'dprec_reg_op' makes integer from pointer without a cast
                 dprec_reg_op(handle, reg32, val, 0x00000000);\
                 ^
drivers/misc/mediatek/dispsys/mt6735/ddp_dsi.c:40:39: note: in expansion of macro 'DISP_REG_SET'
 #define DSI_OUTREG32(cmdq, addr, val) DISP_REG_SET(cmdq, addr,val)
                                       ^
drivers/misc/mediatek/dispsys/mt6735/ddp_dsi.c:875:3: note: in expansion of macro 'DSI_OUTREG32'
   DSI_OUTREG32(cmdq,&DSI_REG[i]->DSI_HSA_WC, AS_UINT32(&regs->DSI_HSA_WC));  
   ^
In file included from /home/satory-ra/Android/kernel/android_kernel_oukitel_orange/drivers/misc/mediatek/videox/mt6735/disp_drv_log.h:3:0,
                 from drivers/misc/mediatek/dispsys/mt6735/ddp_dsi.c:8:
/home/satory-ra/Android/kernel/android_kernel_oukitel_orange/drivers/misc/mediatek/dispsys/mt6735/display_recorder.h:136:6: note: expected 'unsigned int' but argument is of type 'volatile struct DSI_HSA_WC_REG *'
 void dprec_reg_op(void* cmdq, unsigned int reg, unsigned int val, unsigned int mask);
      ^
In file included from drivers/misc/mediatek/dispsys/mt6735/ddp_dsi.c:31:0:
/home/satory-ra/Android/kernel/android_kernel_oukitel_orange/drivers/misc/mediatek/dispsys/mt6735/mt6735m/ddp_reg.h:1487:38: warning: passing argument 1 of 'disp_addr_convert' makes integer from pointer without a cast
                 cmdqRecWrite(handle, disp_addr_convert(reg32), val, ~0); \
                                      ^
drivers/misc/mediatek/dispsys/mt6735/ddp_dsi.c:40:39: note: in expansion of macro 'DISP_REG_SET'
 #define DSI_OUTREG32(cmdq, addr, val) DISP_REG_SET(cmdq, addr,val)
                                       ^
drivers/misc/mediatek/dispsys/mt6735/ddp_dsi.c:875:3: note: in expansion of macro 'DSI_OUTREG32'
   DSI_OUTREG32(cmdq,&DSI_REG[i]->DSI_HSA_WC, AS_UINT32(&regs->DSI_HSA_WC));  
   ^
/home/satory-ra/Android/kernel/android_kernel_oukitel_orange/drivers/misc/mediatek/dispsys/mt6735/mt6735m/ddp_reg.h:1395:29: note: expected 'long unsigned int' but argument is of type 'volatile struct DSI_HSA_WC_REG *'
 static inline unsigned long disp_addr_convert(unsigned long va) 
                             ^
/home/satory-ra/Android/kernel/android_kernel_oukitel_orange/drivers/misc/mediatek/dispsys/mt6735/mt6735m/ddp_reg.h:1486:17: warning: passing argument 2 of 'dprec_reg_op' makes integer from pointer without a cast
                 dprec_reg_op(handle, reg32, val, 0x00000000);\
                 ^
drivers/misc/mediatek/dispsys/mt6735/ddp_dsi.c:40:39: note: in expansion of macro 'DISP_REG_SET'
 #define DSI_OUTREG32(cmdq, addr, val) DISP_REG_SET(cmdq, addr,val)
                                       ^
drivers/misc/mediatek/dispsys/mt6735/ddp_dsi.c:876:3: note: in expansion of macro 'DSI_OUTREG32'
   DSI_OUTREG32(cmdq,&DSI_REG[i]->DSI_HBP_WC, AS_UINT32(&regs->DSI_HBP_WC));  
   ^
In file included from /home/satory-ra/Android/kernel/android_kernel_oukitel_orange/drivers/misc/mediatek/videox/mt6735/disp_drv_log.h:3:0,
                 from drivers/misc/mediatek/dispsys/mt6735/ddp_dsi.c:8:
/home/satory-ra/Android/kernel/android_kernel_oukitel_orange/drivers/misc/mediatek/dispsys/mt6735/display_recorder.h:136:6: note: expected 'unsigned int' but argument is of type 'volatile struct DSI_HBP_WC_REG *'
 void dprec_reg_op(void* cmdq, unsigned int reg, unsigned int val, unsigned int mask);
      ^
In file included from drivers/misc/mediatek/dispsys/mt6735/ddp_dsi.c:31:0:
/home/satory-ra/Android/kernel/android_kernel_oukitel_orange/drivers/misc/mediatek/dispsys/mt6735/mt6735m/ddp_reg.h:1487:38: warning: passing argument 1 of 'disp_addr_convert' makes integer from pointer without a cast
                 cmdqRecWrite(handle, disp_addr_convert(reg32), val, ~0); \
                                      ^
drivers/misc/mediatek/dispsys/mt6735/ddp_dsi.c:40:39: note: in expansion of macro 'DISP_REG_SET'
 #define DSI_OUTREG32(cmdq, addr, val) DISP_REG_SET(cmdq, addr,val)
                                       ^
drivers/misc/mediatek/dispsys/mt6735/ddp_dsi.c:876:3: note: in expansion of macro 'DSI_OUTREG32'
   DSI_OUTREG32(cmdq,&DSI_REG[i]->DSI_HBP_WC, AS_UINT32(&regs->DSI_HBP_WC));  
   ^
/home/satory-ra/Android/kernel/android_kernel_oukitel_orange/drivers/misc/mediatek/dispsys/mt6735/mt6735m/ddp_reg.h:1395:29: note: expected 'long unsigned int' but argument is of type 'volatile struct DSI_HBP_WC_REG *'
 static inline unsigned long disp_addr_convert(unsigned long va) 
                             ^
/home/satory-ra/Android/kernel/android_kernel_oukitel_orange/drivers/misc/mediatek/dispsys/mt6735/mt6735m/ddp_reg.h:1486:17: warning: passing argument 2 of 'dprec_reg_op' makes integer from pointer without a cast
                 dprec_reg_op(handle, reg32, val, 0x00000000);\
                 ^
drivers/misc/mediatek/dispsys/mt6735/ddp_dsi.c:40:39: note: in expansion of macro 'DISP_REG_SET'
 #define DSI_OUTREG32(cmdq, addr, val) DISP_REG_SET(cmdq, addr,val)
                                       ^
drivers/misc/mediatek/dispsys/mt6735/ddp_dsi.c:877:3: note: in expansion of macro 'DSI_OUTREG32'
   DSI_OUTREG32(cmdq,&DSI_REG[i]->DSI_HFP_WC, AS_UINT32(&regs->DSI_HFP_WC)); 
   ^
In file included from /home/satory-ra/Android/kernel/android_kernel_oukitel_orange/drivers/misc/mediatek/videox/mt6735/disp_drv_log.h:3:0,
                 from drivers/misc/mediatek/dispsys/mt6735/ddp_dsi.c:8:
/home/satory-ra/Android/kernel/android_kernel_oukitel_orange/drivers/misc/mediatek/dispsys/mt6735/display_recorder.h:136:6: note: expected 'unsigned int' but argument is of type 'volatile struct DSI_HFP_WC_REG *'
 void dprec_reg_op(void* cmdq, unsigned int reg, unsigned int val, unsigned int mask);
      ^
In file included from drivers/misc/mediatek/dispsys/mt6735/ddp_dsi.c:31:0:
/home/satory-ra/Android/kernel/android_kernel_oukitel_orange/drivers/misc/mediatek/dispsys/mt6735/mt6735m/ddp_reg.h:1487:38: warning: passing argument 1 of 'disp_addr_convert' makes integer from pointer without a cast
                 cmdqRecWrite(handle, disp_addr_convert(reg32), val, ~0); \
                                      ^
drivers/misc/mediatek/dispsys/mt6735/ddp_dsi.c:40:39: note: in expansion of macro 'DISP_REG_SET'
 #define DSI_OUTREG32(cmdq, addr, val) DISP_REG_SET(cmdq, addr,val)
                                       ^
drivers/misc/mediatek/dispsys/mt6735/ddp_dsi.c:877:3: note: in expansion of macro 'DSI_OUTREG32'
   DSI_OUTREG32(cmdq,&DSI_REG[i]->DSI_HFP_WC, AS_UINT32(&regs->DSI_HFP_WC)); 
   ^
/home/satory-ra/Android/kernel/android_kernel_oukitel_orange/drivers/misc/mediatek/dispsys/mt6735/mt6735m/ddp_reg.h:1395:29: note: expected 'long unsigned int' but argument is of type 'volatile struct DSI_HFP_WC_REG *'
 static inline unsigned long disp_addr_convert(unsigned long va) 
                             ^
/home/satory-ra/Android/kernel/android_kernel_oukitel_orange/drivers/misc/mediatek/dispsys/mt6735/mt6735m/ddp_reg.h:1486:17: warning: passing argument 2 of 'dprec_reg_op' makes integer from pointer without a cast
                 dprec_reg_op(handle, reg32, val, 0x00000000);\
                 ^
drivers/misc/mediatek/dispsys/mt6735/ddp_dsi.c:40:39: note: in expansion of macro 'DISP_REG_SET'
 #define DSI_OUTREG32(cmdq, addr, val) DISP_REG_SET(cmdq, addr,val)
                                       ^
drivers/misc/mediatek/dispsys/mt6735/ddp_dsi.c:878:3: note: in expansion of macro 'DSI_OUTREG32'
   DSI_OUTREG32(cmdq,&DSI_REG[i]->DSI_BLLP_WC, AS_UINT32(&regs->DSI_BLLP_WC));  
   ^
In file included from /home/satory-ra/Android/kernel/android_kernel_oukitel_orange/drivers/misc/mediatek/videox/mt6735/disp_drv_log.h:3:0,
                 from drivers/misc/mediatek/dispsys/mt6735/ddp_dsi.c:8:
/home/satory-ra/Android/kernel/android_kernel_oukitel_orange/drivers/misc/mediatek/dispsys/mt6735/display_recorder.h:136:6: note: expected 'unsigned int' but argument is of type 'volatile struct DSI_BLLP_WC_REG *'
 void dprec_reg_op(void* cmdq, unsigned int reg, unsigned int val, unsigned int mask);
      ^
In file included from drivers/misc/mediatek/dispsys/mt6735/ddp_dsi.c:31:0:
/home/satory-ra/Android/kernel/android_kernel_oukitel_orange/drivers/misc/mediatek/dispsys/mt6735/mt6735m/ddp_reg.h:1487:38: warning: passing argument 1 of 'disp_addr_convert' makes integer from pointer without a cast
                 cmdqRecWrite(handle, disp_addr_convert(reg32), val, ~0); \
                                      ^
drivers/misc/mediatek/dispsys/mt6735/ddp_dsi.c:40:39: note: in expansion of macro 'DISP_REG_SET'
 #define DSI_OUTREG32(cmdq, addr, val) DISP_REG_SET(cmdq, addr,val)
                                       ^
drivers/misc/mediatek/dispsys/mt6735/ddp_dsi.c:878:3: note: in expansion of macro 'DSI_OUTREG32'
   DSI_OUTREG32(cmdq,&DSI_REG[i]->DSI_BLLP_WC, AS_UINT32(&regs->DSI_BLLP_WC));  
   ^
/home/satory-ra/Android/kernel/android_kernel_oukitel_orange/drivers/misc/mediatek/dispsys/mt6735/mt6735m/ddp_reg.h:1395:29: note: expected 'long unsigned int' but argument is of type 'volatile struct DSI_BLLP_WC_REG *'
 static inline unsigned long disp_addr_convert(unsigned long va) 
                             ^
/home/satory-ra/Android/kernel/android_kernel_oukitel_orange/drivers/misc/mediatek/dispsys/mt6735/mt6735m/ddp_reg.h:1486:17: warning: passing argument 2 of 'dprec_reg_op' makes integer from pointer without a cast
                 dprec_reg_op(handle, reg32, val, 0x00000000);\
                 ^
drivers/misc/mediatek/dispsys/mt6735/ddp_dsi.c:40:39: note: in expansion of macro 'DISP_REG_SET'
 #define DSI_OUTREG32(cmdq, addr, val) DISP_REG_SET(cmdq, addr,val)
                                       ^
drivers/misc/mediatek/dispsys/mt6735/ddp_dsi.c:880:3: note: in expansion of macro 'DSI_OUTREG32'
   DSI_OUTREG32(cmdq,&DSI_REG[i]->DSI_HSTX_CKL_WC, AS_UINT32(&regs->DSI_HSTX_CKL_WC));  
   ^
In file included from /home/satory-ra/Android/kernel/android_kernel_oukitel_orange/drivers/misc/mediatek/videox/mt6735/disp_drv_log.h:3:0,
                 from drivers/misc/mediatek/dispsys/mt6735/ddp_dsi.c:8:
/home/satory-ra/Android/kernel/android_kernel_oukitel_orange/drivers/misc/mediatek/dispsys/mt6735/display_recorder.h:136:6: note: expected 'unsigned int' but argument is of type 'volatile UINT32 *'
 void dprec_reg_op(void* cmdq, unsigned int reg, unsigned int val, unsigned int mask);
      ^
In file included from drivers/misc/mediatek/dispsys/mt6735/ddp_dsi.c:31:0:
/home/satory-ra/Android/kernel/android_kernel_oukitel_orange/drivers/misc/mediatek/dispsys/mt6735/mt6735m/ddp_reg.h:1487:38: warning: passing argument 1 of 'disp_addr_convert' makes integer from pointer without a cast
                 cmdqRecWrite(handle, disp_addr_convert(reg32), val, ~0); \
                                      ^
drivers/misc/mediatek/dispsys/mt6735/ddp_dsi.c:40:39: note: in expansion of macro 'DISP_REG_SET'
 #define DSI_OUTREG32(cmdq, addr, val) DISP_REG_SET(cmdq, addr,val)
                                       ^
drivers/misc/mediatek/dispsys/mt6735/ddp_dsi.c:880:3: note: in expansion of macro 'DSI_OUTREG32'
   DSI_OUTREG32(cmdq,&DSI_REG[i]->DSI_HSTX_CKL_WC, AS_UINT32(&regs->DSI_HSTX_CKL_WC));  
   ^
/home/satory-ra/Android/kernel/android_kernel_oukitel_orange/drivers/misc/mediatek/dispsys/mt6735/mt6735m/ddp_reg.h:1395:29: note: expected 'long unsigned int' but argument is of type 'volatile UINT32 *'
 static inline unsigned long disp_addr_convert(unsigned long va) 
                             ^
/home/satory-ra/Android/kernel/android_kernel_oukitel_orange/drivers/misc/mediatek/dispsys/mt6735/mt6735m/ddp_reg.h:1486:17: warning: passing argument 2 of 'dprec_reg_op' makes integer from pointer without a cast
                 dprec_reg_op(handle, reg32, val, 0x00000000);\
                 ^
drivers/misc/mediatek/dispsys/mt6735/ddp_dsi.c:40:39: note: in expansion of macro 'DISP_REG_SET'
 #define DSI_OUTREG32(cmdq, addr, val) DISP_REG_SET(cmdq, addr,val)
                                       ^
drivers/misc/mediatek/dispsys/mt6735/ddp_dsi.c:881:3: note: in expansion of macro 'DSI_OUTREG32'
   DSI_OUTREG32(cmdq,&DSI_REG[i]->DSI_MEM_CONTI, AS_UINT32(&regs->DSI_MEM_CONTI));  
   ^
In file included from /home/satory-ra/Android/kernel/android_kernel_oukitel_orange/drivers/misc/mediatek/videox/mt6735/disp_drv_log.h:3:0,
                 from drivers/misc/mediatek/dispsys/mt6735/ddp_dsi.c:8:
/home/satory-ra/Android/kernel/android_kernel_oukitel_orange/drivers/misc/mediatek/dispsys/mt6735/display_recorder.h:136:6: note: expected 'unsigned int' but argument is of type 'volatile struct DSI_MEM_CONTI_REG *'
 void dprec_reg_op(void* cmdq, unsigned int reg, unsigned int val, unsigned int mask);
      ^
In file included from drivers/misc/mediatek/dispsys/mt6735/ddp_dsi.c:31:0:
/home/satory-ra/Android/kernel/android_kernel_oukitel_orange/drivers/misc/mediatek/dispsys/mt6735/mt6735m/ddp_reg.h:1487:38: warning: passing argument 1 of 'disp_addr_convert' makes integer from pointer without a cast
                 cmdqRecWrite(handle, disp_addr_convert(reg32), val, ~0); \
                                      ^
drivers/misc/mediatek/dispsys/mt6735/ddp_dsi.c:40:39: note: in expansion of macro 'DISP_REG_SET'
 #define DSI_OUTREG32(cmdq, addr, val) DISP_REG_SET(cmdq, addr,val)
                                       ^
drivers/misc/mediatek/dispsys/mt6735/ddp_dsi.c:881:3: note: in expansion of macro 'DSI_OUTREG32'
   DSI_OUTREG32(cmdq,&DSI_REG[i]->DSI_MEM_CONTI, AS_UINT32(&regs->DSI_MEM_CONTI));  
   ^
/home/satory-ra/Android/kernel/android_kernel_oukitel_orange/drivers/misc/mediatek/dispsys/mt6735/mt6735m/ddp_reg.h:1395:29: note: expected 'long unsigned int' but argument is of type 'volatile struct DSI_MEM_CONTI_REG *'
 static inline unsigned long disp_addr_convert(unsigned long va) 
                             ^
  CC      drivers/misc/mediatek/connectivity/conn_soc/drv_wlan/mt_wifi/wlan/mgmt/tdls_com.o
/home/satory-ra/Android/kernel/android_kernel_oukitel_orange/drivers/misc/mediatek/dispsys/mt6735/mt6735m/ddp_reg.h:1486:17: warning: passing argument 2 of 'dprec_reg_op' makes integer from pointer without a cast
                 dprec_reg_op(handle, reg32, val, 0x00000000);\
                 ^
drivers/misc/mediatek/dispsys/mt6735/ddp_dsi.c:40:39: note: in expansion of macro 'DISP_REG_SET'
 #define DSI_OUTREG32(cmdq, addr, val) DISP_REG_SET(cmdq, addr,val)
                                       ^
drivers/misc/mediatek/dispsys/mt6735/ddp_dsi.c:883:3: note: in expansion of macro 'DSI_OUTREG32'
   DSI_OUTREG32(cmdq,&DSI_REG[i]->DSI_PHY_TIMECON0, AS_UINT32(&regs->DSI_PHY_TIMECON0));  
   ^
In file included from /home/satory-ra/Android/kernel/android_kernel_oukitel_orange/drivers/misc/mediatek/videox/mt6735/disp_drv_log.h:3:0,
                 from drivers/misc/mediatek/dispsys/mt6735/ddp_dsi.c:8:
/home/satory-ra/Android/kernel/android_kernel_oukitel_orange/drivers/misc/mediatek/dispsys/mt6735/display_recorder.h:136:6: note: expected 'unsigned int' but argument is of type 'volatile struct DSI_PHY_TIMCON0_REG *'
 void dprec_reg_op(void* cmdq, unsigned int reg, unsigned int val, unsigned int mask);
      ^
In file included from drivers/misc/mediatek/dispsys/mt6735/ddp_dsi.c:31:0:
/home/satory-ra/Android/kernel/android_kernel_oukitel_orange/drivers/misc/mediatek/dispsys/mt6735/mt6735m/ddp_reg.h:1487:38: warning: passing argument 1 of 'disp_addr_convert' makes integer from pointer without a cast
                 cmdqRecWrite(handle, disp_addr_convert(reg32), val, ~0); \
                                      ^
drivers/misc/mediatek/dispsys/mt6735/ddp_dsi.c:40:39: note: in expansion of macro 'DISP_REG_SET'
 #define DSI_OUTREG32(cmdq, addr, val) DISP_REG_SET(cmdq, addr,val)
                                       ^
drivers/misc/mediatek/dispsys/mt6735/ddp_dsi.c:883:3: note: in expansion of macro 'DSI_OUTREG32'
   DSI_OUTREG32(cmdq,&DSI_REG[i]->DSI_PHY_TIMECON0, AS_UINT32(&regs->DSI_PHY_TIMECON0));  
   ^
/home/satory-ra/Android/kernel/android_kernel_oukitel_orange/drivers/misc/mediatek/dispsys/mt6735/mt6735m/ddp_reg.h:1395:29: note: expected 'long unsigned int' but argument is of type 'volatile struct DSI_PHY_TIMCON0_REG *'
 static inline unsigned long disp_addr_convert(unsigned long va) 
                             ^
/home/satory-ra/Android/kernel/android_kernel_oukitel_orange/drivers/misc/mediatek/dispsys/mt6735/mt6735m/ddp_reg.h:1486:17: warning: passing argument 2 of 'dprec_reg_op' makes integer from pointer without a cast
                 dprec_reg_op(handle, reg32, val, 0x00000000);\
                 ^
drivers/misc/mediatek/dispsys/mt6735/ddp_dsi.c:40:39: note: in expansion of macro 'DISP_REG_SET'
 #define DSI_OUTREG32(cmdq, addr, val) DISP_REG_SET(cmdq, addr,val)
                                       ^
drivers/misc/mediatek/dispsys/mt6735/ddp_dsi.c:884:3: note: in expansion of macro 'DSI_OUTREG32'
   DSI_OUTREG32(cmdq,&DSI_REG[i]->DSI_PHY_TIMECON1, AS_UINT32(&regs->DSI_PHY_TIMECON1));
   ^
In file included from /home/satory-ra/Android/kernel/android_kernel_oukitel_orange/drivers/misc/mediatek/videox/mt6735/disp_drv_log.h:3:0,
                 from drivers/misc/mediatek/dispsys/mt6735/ddp_dsi.c:8:
/home/satory-ra/Android/kernel/android_kernel_oukitel_orange/drivers/misc/mediatek/dispsys/mt6735/display_recorder.h:136:6: note: expected 'unsigned int' but argument is of type 'volatile struct DSI_PHY_TIMCON1_REG *'
 void dprec_reg_op(void* cmdq, unsigned int reg, unsigned int val, unsigned int mask);
      ^
In file included from drivers/misc/mediatek/dispsys/mt6735/ddp_dsi.c:31:0:
/home/satory-ra/Android/kernel/android_kernel_oukitel_orange/drivers/misc/mediatek/dispsys/mt6735/mt6735m/ddp_reg.h:1487:38: warning: passing argument 1 of 'disp_addr_convert' makes integer from pointer without a cast
                 cmdqRecWrite(handle, disp_addr_convert(reg32), val, ~0); \
                                      ^
drivers/misc/mediatek/dispsys/mt6735/ddp_dsi.c:40:39: note: in expansion of macro 'DISP_REG_SET'
 #define DSI_OUTREG32(cmdq, addr, val) DISP_REG_SET(cmdq, addr,val)
                                       ^
drivers/misc/mediatek/dispsys/mt6735/ddp_dsi.c:884:3: note: in expansion of macro 'DSI_OUTREG32'
   DSI_OUTREG32(cmdq,&DSI_REG[i]->DSI_PHY_TIMECON1, AS_UINT32(&regs->DSI_PHY_TIMECON1));
   ^
/home/satory-ra/Android/kernel/android_kernel_oukitel_orange/drivers/misc/mediatek/dispsys/mt6735/mt6735m/ddp_reg.h:1395:29: note: expected 'long unsigned int' but argument is of type 'volatile struct DSI_PHY_TIMCON1_REG *'
 static inline unsigned long disp_addr_convert(unsigned long va) 
                             ^
/home/satory-ra/Android/kernel/android_kernel_oukitel_orange/drivers/misc/mediatek/dispsys/mt6735/mt6735m/ddp_reg.h:1486:17: warning: passing argument 2 of 'dprec_reg_op' makes integer from pointer without a cast
                 dprec_reg_op(handle, reg32, val, 0x00000000);\
                 ^
drivers/misc/mediatek/dispsys/mt6735/ddp_dsi.c:40:39: note: in expansion of macro 'DISP_REG_SET'
 #define DSI_OUTREG32(cmdq, addr, val) DISP_REG_SET(cmdq, addr,val)
                                       ^
drivers/misc/mediatek/dispsys/mt6735/ddp_dsi.c:885:3: note: in expansion of macro 'DSI_OUTREG32'
   DSI_OUTREG32(cmdq,&DSI_REG[i]->DSI_PHY_TIMECON2, AS_UINT32(&regs->DSI_PHY_TIMECON2));  
   ^
In file included from /home/satory-ra/Android/kernel/android_kernel_oukitel_orange/drivers/misc/mediatek/videox/mt6735/disp_drv_log.h:3:0,
                 from drivers/misc/mediatek/dispsys/mt6735/ddp_dsi.c:8:
/home/satory-ra/Android/kernel/android_kernel_oukitel_orange/drivers/misc/mediatek/dispsys/mt6735/display_recorder.h:136:6: note: expected 'unsigned int' but argument is of type 'volatile struct DSI_PHY_TIMCON2_REG *'
 void dprec_reg_op(void* cmdq, unsigned int reg, unsigned int val, unsigned int mask);
      ^
In file included from drivers/misc/mediatek/dispsys/mt6735/ddp_dsi.c:31:0:
/home/satory-ra/Android/kernel/android_kernel_oukitel_orange/drivers/misc/mediatek/dispsys/mt6735/mt6735m/ddp_reg.h:1487:38: warning: passing argument 1 of 'disp_addr_convert' makes integer from pointer without a cast
                 cmdqRecWrite(handle, disp_addr_convert(reg32), val, ~0); \
                                      ^
drivers/misc/mediatek/dispsys/mt6735/ddp_dsi.c:40:39: note: in expansion of macro 'DISP_REG_SET'
 #define DSI_OUTREG32(cmdq, addr, val) DISP_REG_SET(cmdq, addr,val)
                                       ^
drivers/misc/mediatek/dispsys/mt6735/ddp_dsi.c:885:3: note: in expansion of macro 'DSI_OUTREG32'
   DSI_OUTREG32(cmdq,&DSI_REG[i]->DSI_PHY_TIMECON2, AS_UINT32(&regs->DSI_PHY_TIMECON2));  
   ^
/home/satory-ra/Android/kernel/android_kernel_oukitel_orange/drivers/misc/mediatek/dispsys/mt6735/mt6735m/ddp_reg.h:1395:29: note: expected 'long unsigned int' but argument is of type 'volatile struct DSI_PHY_TIMCON2_REG *'
 static inline unsigned long disp_addr_convert(unsigned long va) 
                             ^
/home/satory-ra/Android/kernel/android_kernel_oukitel_orange/drivers/misc/mediatek/dispsys/mt6735/mt6735m/ddp_reg.h:1486:17: warning: passing argument 2 of 'dprec_reg_op' makes integer from pointer without a cast
                 dprec_reg_op(handle, reg32, val, 0x00000000);\
                 ^
drivers/misc/mediatek/dispsys/mt6735/ddp_dsi.c:40:39: note: in expansion of macro 'DISP_REG_SET'
 #define DSI_OUTREG32(cmdq, addr, val) DISP_REG_SET(cmdq, addr,val)
                                       ^
drivers/misc/mediatek/dispsys/mt6735/ddp_dsi.c:886:3: note: in expansion of macro 'DSI_OUTREG32'
   DSI_OUTREG32(cmdq,&DSI_REG[i]->DSI_PHY_TIMECON3, AS_UINT32(&regs->DSI_PHY_TIMECON3));  
   ^
In file included from /home/satory-ra/Android/kernel/android_kernel_oukitel_orange/drivers/misc/mediatek/videox/mt6735/disp_drv_log.h:3:0,
                 from drivers/misc/mediatek/dispsys/mt6735/ddp_dsi.c:8:
/home/satory-ra/Android/kernel/android_kernel_oukitel_orange/drivers/misc/mediatek/dispsys/mt6735/display_recorder.h:136:6: note: expected 'unsigned int' but argument is of type 'volatile struct DSI_PHY_TIMCON3_REG *'
 void dprec_reg_op(void* cmdq, unsigned int reg, unsigned int val, unsigned int mask);
      ^
In file included from drivers/misc/mediatek/dispsys/mt6735/ddp_dsi.c:31:0:
/home/satory-ra/Android/kernel/android_kernel_oukitel_orange/drivers/misc/mediatek/dispsys/mt6735/mt6735m/ddp_reg.h:1487:38: warning: passing argument 1 of 'disp_addr_convert' makes integer from pointer without a cast
                 cmdqRecWrite(handle, disp_addr_convert(reg32), val, ~0); \
                                      ^
drivers/misc/mediatek/dispsys/mt6735/ddp_dsi.c:40:39: note: in expansion of macro 'DISP_REG_SET'
 #define DSI_OUTREG32(cmdq, addr, val) DISP_REG_SET(cmdq, addr,val)
                                       ^
drivers/misc/mediatek/dispsys/mt6735/ddp_dsi.c:886:3: note: in expansion of macro 'DSI_OUTREG32'
   DSI_OUTREG32(cmdq,&DSI_REG[i]->DSI_PHY_TIMECON3, AS_UINT32(&regs->DSI_PHY_TIMECON3));  
   ^
/home/satory-ra/Android/kernel/android_kernel_oukitel_orange/drivers/misc/mediatek/dispsys/mt6735/mt6735m/ddp_reg.h:1395:29: note: expected 'long unsigned int' but argument is of type 'volatile struct DSI_PHY_TIMCON3_REG *'
 static inline unsigned long disp_addr_convert(unsigned long va) 
                             ^
/home/satory-ra/Android/kernel/android_kernel_oukitel_orange/drivers/misc/mediatek/dispsys/mt6735/mt6735m/ddp_reg.h:1486:17: warning: passing argument 2 of 'dprec_reg_op' makes integer from pointer without a cast
                 dprec_reg_op(handle, reg32, val, 0x00000000);\
                 ^
drivers/misc/mediatek/dispsys/mt6735/ddp_dsi.c:40:39: note: in expansion of macro 'DISP_REG_SET'
 #define DSI_OUTREG32(cmdq, addr, val) DISP_REG_SET(cmdq, addr,val)
                                       ^
drivers/misc/mediatek/dispsys/mt6735/ddp_dsi.c:887:3: note: in expansion of macro 'DSI_OUTREG32'
   DSI_OUTREG32(cmdq,&DSI_REG[i]->DSI_PHY_TIMECON4, AS_UINT32(&regs->DSI_PHY_TIMECON4));
   ^
In file included from /home/satory-ra/Android/kernel/android_kernel_oukitel_orange/drivers/misc/mediatek/videox/mt6735/disp_drv_log.h:3:0,
                 from drivers/misc/mediatek/dispsys/mt6735/ddp_dsi.c:8:
/home/satory-ra/Android/kernel/android_kernel_oukitel_orange/drivers/misc/mediatek/dispsys/mt6735/display_recorder.h:136:6: note: expected 'unsigned int' but argument is of type 'volatile struct DSI_PHY_TIMCON4_REG *'
 void dprec_reg_op(void* cmdq, unsigned int reg, unsigned int val, unsigned int mask);
      ^
In file included from drivers/misc/mediatek/dispsys/mt6735/ddp_dsi.c:31:0:
/home/satory-ra/Android/kernel/android_kernel_oukitel_orange/drivers/misc/mediatek/dispsys/mt6735/mt6735m/ddp_reg.h:1487:38: warning: passing argument 1 of 'disp_addr_convert' makes integer from pointer without a cast
                 cmdqRecWrite(handle, disp_addr_convert(reg32), val, ~0); \
                                      ^
drivers/misc/mediatek/dispsys/mt6735/ddp_dsi.c:40:39: note: in expansion of macro 'DISP_REG_SET'
 #define DSI_OUTREG32(cmdq, addr, val) DISP_REG_SET(cmdq, addr,val)
                                       ^
drivers/misc/mediatek/dispsys/mt6735/ddp_dsi.c:887:3: note: in expansion of macro 'DSI_OUTREG32'
   DSI_OUTREG32(cmdq,&DSI_REG[i]->DSI_PHY_TIMECON4, AS_UINT32(&regs->DSI_PHY_TIMECON4));
   ^
/home/satory-ra/Android/kernel/android_kernel_oukitel_orange/drivers/misc/mediatek/dispsys/mt6735/mt6735m/ddp_reg.h:1395:29: note: expected 'long unsigned int' but argument is of type 'volatile struct DSI_PHY_TIMCON4_REG *'
 static inline unsigned long disp_addr_convert(unsigned long va) 
                             ^
/home/satory-ra/Android/kernel/android_kernel_oukitel_orange/drivers/misc/mediatek/dispsys/mt6735/mt6735m/ddp_reg.h:1486:17: warning: passing argument 2 of 'dprec_reg_op' makes integer from pointer without a cast
                 dprec_reg_op(handle, reg32, val, 0x00000000);\
                 ^
drivers/misc/mediatek/dispsys/mt6735/ddp_dsi.c:40:39: note: in expansion of macro 'DISP_REG_SET'
 #define DSI_OUTREG32(cmdq, addr, val) DISP_REG_SET(cmdq, addr,val)
                                       ^
drivers/misc/mediatek/dispsys/mt6735/ddp_dsi.c:888:3: note: in expansion of macro 'DSI_OUTREG32'
   DSI_OUTREG32(cmdq,&DSI_REG[i]->DSI_VM_CMD_CON, AS_UINT32(&regs->DSI_VM_CMD_CON));
   ^
In file included from /home/satory-ra/Android/kernel/android_kernel_oukitel_orange/drivers/misc/mediatek/videox/mt6735/disp_drv_log.h:3:0,
                 from drivers/misc/mediatek/dispsys/mt6735/ddp_dsi.c:8:
/home/satory-ra/Android/kernel/android_kernel_oukitel_orange/drivers/misc/mediatek/dispsys/mt6735/display_recorder.h:136:6: note: expected 'unsigned int' but argument is of type 'volatile struct DSI_VM_CMD_CON_REG *'
 void dprec_reg_op(void* cmdq, unsigned int reg, unsigned int val, unsigned int mask);
      ^
In file included from drivers/misc/mediatek/dispsys/mt6735/ddp_dsi.c:31:0:
/home/satory-ra/Android/kernel/android_kernel_oukitel_orange/drivers/misc/mediatek/dispsys/mt6735/mt6735m/ddp_reg.h:1487:38: warning: passing argument 1 of 'disp_addr_convert' makes integer from pointer without a cast
                 cmdqRecWrite(handle, disp_addr_convert(reg32), val, ~0); \
                                      ^
drivers/misc/mediatek/dispsys/mt6735/ddp_dsi.c:40:39: note: in expansion of macro 'DISP_REG_SET'
 #define DSI_OUTREG32(cmdq, addr, val) DISP_REG_SET(cmdq, addr,val)
                                       ^
drivers/misc/mediatek/dispsys/mt6735/ddp_dsi.c:888:3: note: in expansion of macro 'DSI_OUTREG32'
   DSI_OUTREG32(cmdq,&DSI_REG[i]->DSI_VM_CMD_CON, AS_UINT32(&regs->DSI_VM_CMD_CON));
   ^
/home/satory-ra/Android/kernel/android_kernel_oukitel_orange/drivers/misc/mediatek/dispsys/mt6735/mt6735m/ddp_reg.h:1395:29: note: expected 'long unsigned int' but argument is of type 'volatile struct DSI_VM_CMD_CON_REG *'
 static inline unsigned long disp_addr_convert(unsigned long va) 
                             ^
drivers/misc/mediatek/dispsys/mt6735/ddp_dsi.c: In function 'DSI_BIST_Pattern_Test':
/home/satory-ra/Android/kernel/android_kernel_oukitel_orange/drivers/misc/mediatek/dispsys/mt6735/mt6735m/ddp_reg.h:1486:17: warning: passing argument 2 of 'dprec_reg_op' makes integer from pointer without a cast
                 dprec_reg_op(handle, reg32, val, 0x00000000);\
                 ^
drivers/misc/mediatek/dispsys/mt6735/ddp_dsi.c:40:39: note: in expansion of macro 'DISP_REG_SET'
 #define DSI_OUTREG32(cmdq, addr, val) DISP_REG_SET(cmdq, addr,val)
                                       ^
drivers/misc/mediatek/dispsys/mt6735/ddp_dsi.c:901:4: note: in expansion of macro 'DSI_OUTREG32'
    DSI_OUTREG32(cmdq, &DSI_REG[i]->DSI_BIST_PATTERN, color);
    ^
In file included from /home/satory-ra/Android/kernel/android_kernel_oukitel_orange/drivers/misc/mediatek/videox/mt6735/disp_drv_log.h:3:0,
                 from drivers/misc/mediatek/dispsys/mt6735/ddp_dsi.c:8:
/home/satory-ra/Android/kernel/android_kernel_oukitel_orange/drivers/misc/mediatek/dispsys/mt6735/display_recorder.h:136:6: note: expected 'unsigned int' but argument is of type 'volatile UINT32 *'
 void dprec_reg_op(void* cmdq, unsigned int reg, unsigned int val, unsigned int mask);
      ^
In file included from drivers/misc/mediatek/dispsys/mt6735/ddp_dsi.c:31:0:
/home/satory-ra/Android/kernel/android_kernel_oukitel_orange/drivers/misc/mediatek/dispsys/mt6735/mt6735m/ddp_reg.h:1487:38: warning: passing argument 1 of 'disp_addr_convert' makes integer from pointer without a cast
                 cmdqRecWrite(handle, disp_addr_convert(reg32), val, ~0); \
                                      ^
drivers/misc/mediatek/dispsys/mt6735/ddp_dsi.c:40:39: note: in expansion of macro 'DISP_REG_SET'
 #define DSI_OUTREG32(cmdq, addr, val) DISP_REG_SET(cmdq, addr,val)
                                       ^
drivers/misc/mediatek/dispsys/mt6735/ddp_dsi.c:901:4: note: in expansion of macro 'DSI_OUTREG32'
    DSI_OUTREG32(cmdq, &DSI_REG[i]->DSI_BIST_PATTERN, color);
    ^
/home/satory-ra/Android/kernel/android_kernel_oukitel_orange/drivers/misc/mediatek/dispsys/mt6735/mt6735m/ddp_reg.h:1395:29: note: expected 'long unsigned int' but argument is of type 'volatile UINT32 *'
 static inline unsigned long disp_addr_convert(unsigned long va) 
                             ^
/home/satory-ra/Android/kernel/android_kernel_oukitel_orange/drivers/misc/mediatek/dispsys/mt6735/mt6735m/ddp_reg.h:1413:3: warning: passing argument 2 of 'dprec_reg_op' makes integer from pointer without a cast
   dprec_reg_op(handle, reg32, val, mask);\
   ^
drivers/misc/mediatek/dispsys/mt6735/ddp_dsi.c:58:145: note: in expansion of macro 'DISP_REG_MASK'
   if(cmdq)  {*(unsigned int*)(&r) = ((unsigned int)0x00000000);r.bit = ~(r.bit);*(unsigned int*)(&v) = ((unsigned int)0x00000000);v.bit = value;DISP_REG_MASK(cmdq, &REG, AS_UINT32(&v), AS_UINT32(&r));}  \
                                                                                                                                                 ^
drivers/misc/mediatek/dispsys/mt6735/ddp_dsi.c:904:4: note: in expansion of macro 'DSI_OUTREGBIT'
    DSI_OUTREGBIT(cmdq, DSI_BIST_CON_REG, DSI_REG[i]->DSI_BIST_CON, SELF_PAT_MODE, 1);  
    ^
In file included from /home/satory-ra/Android/kernel/android_kernel_oukitel_orange/drivers/misc/mediatek/videox/mt6735/disp_drv_log.h:3:0,
                 from drivers/misc/mediatek/dispsys/mt6735/ddp_dsi.c:8:
/home/satory-ra/Android/kernel/android_kernel_oukitel_orange/drivers/misc/mediatek/dispsys/mt6735/display_recorder.h:136:6: note: expected 'unsigned int' but argument is of type 'volatile struct DSI_BIST_CON_REG *'
 void dprec_reg_op(void* cmdq, unsigned int reg, unsigned int val, unsigned int mask);
      ^
In file included from drivers/misc/mediatek/dispsys/mt6735/ddp_dsi.c:31:0:
/home/satory-ra/Android/kernel/android_kernel_oukitel_orange/drivers/misc/mediatek/dispsys/mt6735/mt6735m/ddp_reg.h:1420:25: warning: passing argument 1 of 'disp_addr_convert' makes integer from pointer without a cast
    cmdqRecWrite(handle, disp_addr_convert(reg32), val, mask); \
                         ^
drivers/misc/mediatek/dispsys/mt6735/ddp_dsi.c:58:145: note: in expansion of macro 'DISP_REG_MASK'
   if(cmdq)  {*(unsigned int*)(&r) = ((unsigned int)0x00000000);r.bit = ~(r.bit);*(unsigned int*)(&v) = ((unsigned int)0x00000000);v.bit = value;DISP_REG_MASK(cmdq, &REG, AS_UINT32(&v), AS_UINT32(&r));}  \
                                                                                                                                                 ^
drivers/misc/mediatek/dispsys/mt6735/ddp_dsi.c:904:4: note: in expansion of macro 'DSI_OUTREGBIT'
    DSI_OUTREGBIT(cmdq, DSI_BIST_CON_REG, DSI_REG[i]->DSI_BIST_CON, SELF_PAT_MODE, 1);  
    ^
/home/satory-ra/Android/kernel/android_kernel_oukitel_orange/drivers/misc/mediatek/dispsys/mt6735/mt6735m/ddp_reg.h:1395:29: note: expected 'long unsigned int' but argument is of type 'volatile struct DSI_BIST_CON_REG *'
 static inline unsigned long disp_addr_convert(unsigned long va) 
                             ^
/home/satory-ra/Android/kernel/android_kernel_oukitel_orange/drivers/misc/mediatek/dispsys/mt6735/mt6735m/ddp_reg.h:1486:17: warning: passing argument 2 of 'dprec_reg_op' makes integer from pointer without a cast
                 dprec_reg_op(handle, reg32, val, 0x00000000);\
                 ^
drivers/misc/mediatek/dispsys/mt6735/ddp_dsi.c:59:63: note: in expansion of macro 'DISP_REG_SET'
   else{mt_reg_sync_writel(INREG32(&REG),&r);r.bit = (value);  DISP_REG_SET(cmdq, &REG, INREG32(&r));}    \
                                                               ^
drivers/misc/mediatek/dispsys/mt6735/ddp_dsi.c:904:4: note: in expansion of macro 'DSI_OUTREGBIT'
    DSI_OUTREGBIT(cmdq, DSI_BIST_CON_REG, DSI_REG[i]->DSI_BIST_CON, SELF_PAT_MODE, 1);  
    ^
In file included from /home/satory-ra/Android/kernel/android_kernel_oukitel_orange/drivers/misc/mediatek/videox/mt6735/disp_drv_log.h:3:0,
                 from drivers/misc/mediatek/dispsys/mt6735/ddp_dsi.c:8:
/home/satory-ra/Android/kernel/android_kernel_oukitel_orange/drivers/misc/mediatek/dispsys/mt6735/display_recorder.h:136:6: note: expected 'unsigned int' but argument is of type 'volatile struct DSI_BIST_CON_REG *'
 void dprec_reg_op(void* cmdq, unsigned int reg, unsigned int val, unsigned int mask);
      ^
In file included from drivers/misc/mediatek/dispsys/mt6735/ddp_dsi.c:31:0:
/home/satory-ra/Android/kernel/android_kernel_oukitel_orange/drivers/misc/mediatek/dispsys/mt6735/mt6735m/ddp_reg.h:1487:38: warning: passing argument 1 of 'disp_addr_convert' makes integer from pointer without a cast
                 cmdqRecWrite(handle, disp_addr_convert(reg32), val, ~0); \
                                      ^
drivers/misc/mediatek/dispsys/mt6735/ddp_dsi.c:59:63: note: in expansion of macro 'DISP_REG_SET'
   else{mt_reg_sync_writel(INREG32(&REG),&r);r.bit = (value);  DISP_REG_SET(cmdq, &REG, INREG32(&r));}    \
                                                               ^
drivers/misc/mediatek/dispsys/mt6735/ddp_dsi.c:904:4: note: in expansion of macro 'DSI_OUTREGBIT'
    DSI_OUTREGBIT(cmdq, DSI_BIST_CON_REG, DSI_REG[i]->DSI_BIST_CON, SELF_PAT_MODE, 1);  
    ^
/home/satory-ra/Android/kernel/android_kernel_oukitel_orange/drivers/misc/mediatek/dispsys/mt6735/mt6735m/ddp_reg.h:1395:29: note: expected 'long unsigned int' but argument is of type 'volatile struct DSI_BIST_CON_REG *'
 static inline unsigned long disp_addr_convert(unsigned long va) 
                             ^
/home/satory-ra/Android/kernel/android_kernel_oukitel_orange/drivers/misc/mediatek/dispsys/mt6735/mt6735m/ddp_reg.h:1486:17: warning: passing argument 2 of 'dprec_reg_op' makes integer from pointer without a cast
                 dprec_reg_op(handle, reg32, val, 0x00000000);\
                 ^
drivers/misc/mediatek/dispsys/mt6735/ddp_dsi.c:40:39: note: in expansion of macro 'DISP_REG_SET'
 #define DSI_OUTREG32(cmdq, addr, val) DISP_REG_SET(cmdq, addr,val)
                                       ^
drivers/misc/mediatek/dispsys/mt6735/ddp_dsi.c:914:5: note: in expansion of macro 'DSI_OUTREG32'
     DSI_OUTREG32(cmdq, &DSI_CMDQ_REG[i]->data[0], AS_UINT32(&t0));
     ^
In file included from /home/satory-ra/Android/kernel/android_kernel_oukitel_orange/drivers/misc/mediatek/videox/mt6735/disp_drv_log.h:3:0,
                 from drivers/misc/mediatek/dispsys/mt6735/ddp_dsi.c:8:
/home/satory-ra/Android/kernel/android_kernel_oukitel_orange/drivers/misc/mediatek/dispsys/mt6735/display_recorder.h:136:6: note: expected 'unsigned int' but argument is of type 'struct DSI_CMDQ *'
 void dprec_reg_op(void* cmdq, unsigned int reg, unsigned int val, unsigned int mask);
      ^
In file included from drivers/misc/mediatek/dispsys/mt6735/ddp_dsi.c:31:0:
/home/satory-ra/Android/kernel/android_kernel_oukitel_orange/drivers/misc/mediatek/dispsys/mt6735/mt6735m/ddp_reg.h:1487:38: warning: passing argument 1 of 'disp_addr_convert' makes integer from pointer without a cast
                 cmdqRecWrite(handle, disp_addr_convert(reg32), val, ~0); \
                                      ^
drivers/misc/mediatek/dispsys/mt6735/ddp_dsi.c:40:39: note: in expansion of macro 'DISP_REG_SET'
 #define DSI_OUTREG32(cmdq, addr, val) DISP_REG_SET(cmdq, addr,val)
                                       ^
drivers/misc/mediatek/dispsys/mt6735/ddp_dsi.c:914:5: note: in expansion of macro 'DSI_OUTREG32'
     DSI_OUTREG32(cmdq, &DSI_CMDQ_REG[i]->data[0], AS_UINT32(&t0));
     ^
/home/satory-ra/Android/kernel/android_kernel_oukitel_orange/drivers/misc/mediatek/dispsys/mt6735/mt6735m/ddp_reg.h:1395:29: note: expected 'long unsigned int' but argument is of type 'struct DSI_CMDQ *'
 static inline unsigned long disp_addr_convert(unsigned long va) 
                             ^
/home/satory-ra/Android/kernel/android_kernel_oukitel_orange/drivers/misc/mediatek/dispsys/mt6735/mt6735m/ddp_reg.h:1486:17: warning: passing argument 2 of 'dprec_reg_op' makes integer from pointer without a cast
                 dprec_reg_op(handle, reg32, val, 0x00000000);\
                 ^
drivers/misc/mediatek/dispsys/mt6735/ddp_dsi.c:40:39: note: in expansion of macro 'DISP_REG_SET'
 #define DSI_OUTREG32(cmdq, addr, val) DISP_REG_SET(cmdq, addr,val)
                                       ^
drivers/misc/mediatek/dispsys/mt6735/ddp_dsi.c:915:5: note: in expansion of macro 'DSI_OUTREG32'
     DSI_OUTREG32(cmdq, &DSI_REG[i]->DSI_CMDQ_SIZE, 1);
     ^
In file included from /home/satory-ra/Android/kernel/android_kernel_oukitel_orange/drivers/misc/mediatek/videox/mt6735/disp_drv_log.h:3:0,
                 from drivers/misc/mediatek/dispsys/mt6735/ddp_dsi.c:8:
/home/satory-ra/Android/kernel/android_kernel_oukitel_orange/drivers/misc/mediatek/dispsys/mt6735/display_recorder.h:136:6: note: expected 'unsigned int' but argument is of type 'volatile struct DSI_CMDQ_CTRL_REG *'
 void dprec_reg_op(void* cmdq, unsigned int reg, unsigned int val, unsigned int mask);
      ^
In file included from drivers/misc/mediatek/dispsys/mt6735/ddp_dsi.c:31:0:
/home/satory-ra/Android/kernel/android_kernel_oukitel_orange/drivers/misc/mediatek/dispsys/mt6735/mt6735m/ddp_reg.h:1487:38: warning: passing argument 1 of 'disp_addr_convert' makes integer from pointer without a cast
                 cmdqRecWrite(handle, disp_addr_convert(reg32), val, ~0); \
                                      ^
drivers/misc/mediatek/dispsys/mt6735/ddp_dsi.c:40:39: note: in expansion of macro 'DISP_REG_SET'
 #define DSI_OUTREG32(cmdq, addr, val) DISP_REG_SET(cmdq, addr,val)
                                       ^
drivers/misc/mediatek/dispsys/mt6735/ddp_dsi.c:915:5: note: in expansion of macro 'DSI_OUTREG32'
     DSI_OUTREG32(cmdq, &DSI_REG[i]->DSI_CMDQ_SIZE, 1);
     ^
/home/satory-ra/Android/kernel/android_kernel_oukitel_orange/drivers/misc/mediatek/dispsys/mt6735/mt6735m/ddp_reg.h:1395:29: note: expected 'long unsigned int' but argument is of type 'volatile struct DSI_CMDQ_CTRL_REG *'
 static inline unsigned long disp_addr_convert(unsigned long va) 
                             ^
/home/satory-ra/Android/kernel/android_kernel_oukitel_orange/drivers/misc/mediatek/dispsys/mt6735/mt6735m/ddp_reg.h:1486:17: warning: passing argument 2 of 'dprec_reg_op' makes integer from pointer without a cast
                 dprec_reg_op(handle, reg32, val, 0x00000000);\
                 ^
drivers/misc/mediatek/dispsys/mt6735/ddp_dsi.c:40:39: note: in expansion of macro 'DISP_REG_SET'
 #define DSI_OUTREG32(cmdq, addr, val) DISP_REG_SET(cmdq, addr,val)
                                       ^
drivers/misc/mediatek/dispsys/mt6735/ddp_dsi.c:918:5: note: in expansion of macro 'DSI_OUTREG32'
     DSI_OUTREG32(cmdq, &DSI_REG[i]->DSI_START,0);
     ^
In file included from /home/satory-ra/Android/kernel/android_kernel_oukitel_orange/drivers/misc/mediatek/videox/mt6735/disp_drv_log.h:3:0,
                 from drivers/misc/mediatek/dispsys/mt6735/ddp_dsi.c:8:
/home/satory-ra/Android/kernel/android_kernel_oukitel_orange/drivers/misc/mediatek/dispsys/mt6735/display_recorder.h:136:6: note: expected 'unsigned int' but argument is of type 'volatile struct DSI_START_REG *'
 void dprec_reg_op(void* cmdq, unsigned int reg, unsigned int val, unsigned int mask);
      ^
In file included from drivers/misc/mediatek/dispsys/mt6735/ddp_dsi.c:31:0:
/home/satory-ra/Android/kernel/android_kernel_oukitel_orange/drivers/misc/mediatek/dispsys/mt6735/mt6735m/ddp_reg.h:1487:38: warning: passing argument 1 of 'disp_addr_convert' makes integer from pointer without a cast
                 cmdqRecWrite(handle, disp_addr_convert(reg32), val, ~0); \
                                      ^
drivers/misc/mediatek/dispsys/mt6735/ddp_dsi.c:40:39: note: in expansion of macro 'DISP_REG_SET'
 #define DSI_OUTREG32(cmdq, addr, val) DISP_REG_SET(cmdq, addr,val)
                                       ^
drivers/misc/mediatek/dispsys/mt6735/ddp_dsi.c:918:5: note: in expansion of macro 'DSI_OUTREG32'
     DSI_OUTREG32(cmdq, &DSI_REG[i]->DSI_START,0);
     ^
/home/satory-ra/Android/kernel/android_kernel_oukitel_orange/drivers/misc/mediatek/dispsys/mt6735/mt6735m/ddp_reg.h:1395:29: note: expected 'long unsigned int' but argument is of type 'volatile struct DSI_START_REG *'
 static inline unsigned long disp_addr_convert(unsigned long va) 
                             ^
/home/satory-ra/Android/kernel/android_kernel_oukitel_orange/drivers/misc/mediatek/dispsys/mt6735/mt6735m/ddp_reg.h:1486:17: warning: passing argument 2 of 'dprec_reg_op' makes integer from pointer without a cast
                 dprec_reg_op(handle, reg32, val, 0x00000000);\
                 ^
drivers/misc/mediatek/dispsys/mt6735/ddp_dsi.c:40:39: note: in expansion of macro 'DISP_REG_SET'
 #define DSI_OUTREG32(cmdq, addr, val) DISP_REG_SET(cmdq, addr,val)
                                       ^
drivers/misc/mediatek/dispsys/mt6735/ddp_dsi.c:919:5: note: in expansion of macro 'DSI_OUTREG32'
     DSI_OUTREG32(cmdq, &DSI_REG[i]->DSI_START,1);
     ^
In file included from /home/satory-ra/Android/kernel/android_kernel_oukitel_orange/drivers/misc/mediatek/videox/mt6735/disp_drv_log.h:3:0,
                 from drivers/misc/mediatek/dispsys/mt6735/ddp_dsi.c:8:
/home/satory-ra/Android/kernel/android_kernel_oukitel_orange/drivers/misc/mediatek/dispsys/mt6735/display_recorder.h:136:6: note: expected 'unsigned int' but argument is of type 'volatile struct DSI_START_REG *'
 void dprec_reg_op(void* cmdq, unsigned int reg, unsigned int val, unsigned int mask);
      ^
In file included from drivers/misc/mediatek/dispsys/mt6735/ddp_dsi.c:31:0:
/home/satory-ra/Android/kernel/android_kernel_oukitel_orange/drivers/misc/mediatek/dispsys/mt6735/mt6735m/ddp_reg.h:1487:38: warning: passing argument 1 of 'disp_addr_convert' makes integer from pointer without a cast
                 cmdqRecWrite(handle, disp_addr_convert(reg32), val, ~0); \
                                      ^
drivers/misc/mediatek/dispsys/mt6735/ddp_dsi.c:40:39: note: in expansion of macro 'DISP_REG_SET'
 #define DSI_OUTREG32(cmdq, addr, val) DISP_REG_SET(cmdq, addr,val)
                                       ^
drivers/misc/mediatek/dispsys/mt6735/ddp_dsi.c:919:5: note: in expansion of macro 'DSI_OUTREG32'
     DSI_OUTREG32(cmdq, &DSI_REG[i]->DSI_START,1);
     ^
/home/satory-ra/Android/kernel/android_kernel_oukitel_orange/drivers/misc/mediatek/dispsys/mt6735/mt6735m/ddp_reg.h:1395:29: note: expected 'long unsigned int' but argument is of type 'volatile struct DSI_START_REG *'
 static inline unsigned long disp_addr_convert(unsigned long va) 
                             ^
/home/satory-ra/Android/kernel/android_kernel_oukitel_orange/drivers/misc/mediatek/dispsys/mt6735/mt6735m/ddp_reg.h:1486:17: warning: passing argument 2 of 'dprec_reg_op' makes integer from pointer without a cast
                 dprec_reg_op(handle, reg32, val, 0x00000000);\
                 ^
drivers/misc/mediatek/dispsys/mt6735/ddp_dsi.c:40:39: note: in expansion of macro 'DISP_REG_SET'
 #define DSI_OUTREG32(cmdq, addr, val) DISP_REG_SET(cmdq, addr,val)
                                       ^
drivers/misc/mediatek/dispsys/mt6735/ddp_dsi.c:929:4: note: in expansion of macro 'DSI_OUTREG32'
    DSI_OUTREG32(cmdq, &DSI_REG[i]->DSI_BIST_CON, 0x00);
    ^
In file included from /home/satory-ra/Android/kernel/android_kernel_oukitel_orange/drivers/misc/mediatek/videox/mt6735/disp_drv_log.h:3:0,
                 from drivers/misc/mediatek/dispsys/mt6735/ddp_dsi.c:8:
/home/satory-ra/Android/kernel/android_kernel_oukitel_orange/drivers/misc/mediatek/dispsys/mt6735/display_recorder.h:136:6: note: expected 'unsigned int' but argument is of type 'volatile struct DSI_BIST_CON_REG *'
 void dprec_reg_op(void* cmdq, unsigned int reg, unsigned int val, unsigned int mask);
      ^
In file included from drivers/misc/mediatek/dispsys/mt6735/ddp_dsi.c:31:0:
/home/satory-ra/Android/kernel/android_kernel_oukitel_orange/drivers/misc/mediatek/dispsys/mt6735/mt6735m/ddp_reg.h:1487:38: warning: passing argument 1 of 'disp_addr_convert' makes integer from pointer without a cast
                 cmdqRecWrite(handle, disp_addr_convert(reg32), val, ~0); \
                                      ^
drivers/misc/mediatek/dispsys/mt6735/ddp_dsi.c:40:39: note: in expansion of macro 'DISP_REG_SET'
 #define DSI_OUTREG32(cmdq, addr, val) DISP_REG_SET(cmdq, addr,val)
                                       ^
drivers/misc/mediatek/dispsys/mt6735/ddp_dsi.c:929:4: note: in expansion of macro 'DSI_OUTREG32'
    DSI_OUTREG32(cmdq, &DSI_REG[i]->DSI_BIST_CON, 0x00);
    ^
/home/satory-ra/Android/kernel/android_kernel_oukitel_orange/drivers/misc/mediatek/dispsys/mt6735/mt6735m/ddp_reg.h:1395:29: note: expected 'long unsigned int' but argument is of type 'volatile struct DSI_BIST_CON_REG *'
 static inline unsigned long disp_addr_convert(unsigned long va) 
                             ^
drivers/misc/mediatek/dispsys/mt6735/ddp_dsi.c: In function 'DSI_Config_VDO_Timing':
/home/satory-ra/Android/kernel/android_kernel_oukitel_orange/drivers/misc/mediatek/dispsys/mt6735/mt6735m/ddp_reg.h:1486:17: warning: passing argument 2 of 'dprec_reg_op' makes integer from pointer without a cast
                 dprec_reg_op(handle, reg32, val, 0x00000000);\
                 ^
drivers/misc/mediatek/dispsys/mt6735/ddp_dsi.c:40:39: note: in expansion of macro 'DISP_REG_SET'
 #define DSI_OUTREG32(cmdq, addr, val) DISP_REG_SET(cmdq, addr,val)
                                       ^
drivers/misc/mediatek/dispsys/mt6735/ddp_dsi.c:956:3: note: in expansion of macro 'DSI_OUTREG32'
   DSI_OUTREG32(cmdq, &DSI_REG[i]->DSI_VSA_NL, dsi_params->vertical_sync_active);
   ^
In file included from /home/satory-ra/Android/kernel/android_kernel_oukitel_orange/drivers/misc/mediatek/videox/mt6735/disp_drv_log.h:3:0,
                 from drivers/misc/mediatek/dispsys/mt6735/ddp_dsi.c:8:
/home/satory-ra/Android/kernel/android_kernel_oukitel_orange/drivers/misc/mediatek/dispsys/mt6735/display_recorder.h:136:6: note: expected 'unsigned int' but argument is of type 'volatile struct DSI_VSA_NL_REG *'
 void dprec_reg_op(void* cmdq, unsigned int reg, unsigned int val, unsigned int mask);
      ^
In file included from drivers/misc/mediatek/dispsys/mt6735/ddp_dsi.c:31:0:
/home/satory-ra/Android/kernel/android_kernel_oukitel_orange/drivers/misc/mediatek/dispsys/mt6735/mt6735m/ddp_reg.h:1487:38: warning: passing argument 1 of 'disp_addr_convert' makes integer from pointer without a cast
                 cmdqRecWrite(handle, disp_addr_convert(reg32), val, ~0); \
                                      ^
drivers/misc/mediatek/dispsys/mt6735/ddp_dsi.c:40:39: note: in expansion of macro 'DISP_REG_SET'
 #define DSI_OUTREG32(cmdq, addr, val) DISP_REG_SET(cmdq, addr,val)
                                       ^
drivers/misc/mediatek/dispsys/mt6735/ddp_dsi.c:956:3: note: in expansion of macro 'DSI_OUTREG32'
   DSI_OUTREG32(cmdq, &DSI_REG[i]->DSI_VSA_NL, dsi_params->vertical_sync_active);
   ^
/home/satory-ra/Android/kernel/android_kernel_oukitel_orange/drivers/misc/mediatek/dispsys/mt6735/mt6735m/ddp_reg.h:1395:29: note: expected 'long unsigned int' but argument is of type 'volatile struct DSI_VSA_NL_REG *'
 static inline unsigned long disp_addr_convert(unsigned long va) 
                             ^
/home/satory-ra/Android/kernel/android_kernel_oukitel_orange/drivers/misc/mediatek/dispsys/mt6735/mt6735m/ddp_reg.h:1486:17: warning: passing argument 2 of 'dprec_reg_op' makes integer from pointer without a cast
                 dprec_reg_op(handle, reg32, val, 0x00000000);\
                 ^
drivers/misc/mediatek/dispsys/mt6735/ddp_dsi.c:40:39: note: in expansion of macro 'DISP_REG_SET'
 #define DSI_OUTREG32(cmdq, addr, val) DISP_REG_SET(cmdq, addr,val)
                                       ^
drivers/misc/mediatek/dispsys/mt6735/ddp_dsi.c:957:3: note: in expansion of macro 'DSI_OUTREG32'
   DSI_OUTREG32(cmdq, &DSI_REG[i]->DSI_VBP_NL, dsi_params->vertical_backporch);
   ^
In file included from /home/satory-ra/Android/kernel/android_kernel_oukitel_orange/drivers/misc/mediatek/videox/mt6735/disp_drv_log.h:3:0,
                 from drivers/misc/mediatek/dispsys/mt6735/ddp_dsi.c:8:
/home/satory-ra/Android/kernel/android_kernel_oukitel_orange/drivers/misc/mediatek/dispsys/mt6735/display_recorder.h:136:6: note: expected 'unsigned int' but argument is of type 'volatile struct DSI_VBP_NL_REG *'
 void dprec_reg_op(void* cmdq, unsigned int reg, unsigned int val, unsigned int mask);
      ^
In file included from drivers/misc/mediatek/dispsys/mt6735/ddp_dsi.c:31:0:
/home/satory-ra/Android/kernel/android_kernel_oukitel_orange/drivers/misc/mediatek/dispsys/mt6735/mt6735m/ddp_reg.h:1487:38: warning: passing argument 1 of 'disp_addr_convert' makes integer from pointer without a cast
                 cmdqRecWrite(handle, disp_addr_convert(reg32), val, ~0); \
                                      ^
drivers/misc/mediatek/dispsys/mt6735/ddp_dsi.c:40:39: note: in expansion of macro 'DISP_REG_SET'
 #define DSI_OUTREG32(cmdq, addr, val) DISP_REG_SET(cmdq, addr,val)
                                       ^
drivers/misc/mediatek/dispsys/mt6735/ddp_dsi.c:957:3: note: in expansion of macro 'DSI_OUTREG32'
   DSI_OUTREG32(cmdq, &DSI_REG[i]->DSI_VBP_NL, dsi_params->vertical_backporch);
   ^
/home/satory-ra/Android/kernel/android_kernel_oukitel_orange/drivers/misc/mediatek/dispsys/mt6735/mt6735m/ddp_reg.h:1395:29: note: expected 'long unsigned int' but argument is of type 'volatile struct DSI_VBP_NL_REG *'
 static inline unsigned long disp_addr_convert(unsigned long va) 
                             ^
/home/satory-ra/Android/kernel/android_kernel_oukitel_orange/drivers/misc/mediatek/dispsys/mt6735/mt6735m/ddp_reg.h:1486:17: warning: passing argument 2 of 'dprec_reg_op' makes integer from pointer without a cast
                 dprec_reg_op(handle, reg32, val, 0x00000000);\
                 ^
drivers/misc/mediatek/dispsys/mt6735/ddp_dsi.c:40:39: note: in expansion of macro 'DISP_REG_SET'
 #define DSI_OUTREG32(cmdq, addr, val) DISP_REG_SET(cmdq, addr,val)
                                       ^
drivers/misc/mediatek/dispsys/mt6735/ddp_dsi.c:958:3: note: in expansion of macro 'DSI_OUTREG32'
   DSI_OUTREG32(cmdq, &DSI_REG[i]->DSI_VFP_NL, dsi_params->vertical_frontporch);
   ^
In file included from /home/satory-ra/Android/kernel/android_kernel_oukitel_orange/drivers/misc/mediatek/videox/mt6735/disp_drv_log.h:3:0,
                 from drivers/misc/mediatek/dispsys/mt6735/ddp_dsi.c:8:
/home/satory-ra/Android/kernel/android_kernel_oukitel_orange/drivers/misc/mediatek/dispsys/mt6735/display_recorder.h:136:6: note: expected 'unsigned int' but argument is of type 'volatile struct DSI_VFP_NL_REG *'
 void dprec_reg_op(void* cmdq, unsigned int reg, unsigned int val, unsigned int mask);
      ^
In file included from drivers/misc/mediatek/dispsys/mt6735/ddp_dsi.c:31:0:
/home/satory-ra/Android/kernel/android_kernel_oukitel_orange/drivers/misc/mediatek/dispsys/mt6735/mt6735m/ddp_reg.h:1487:38: warning: passing argument 1 of 'disp_addr_convert' makes integer from pointer without a cast
                 cmdqRecWrite(handle, disp_addr_convert(reg32), val, ~0); \
                                      ^
drivers/misc/mediatek/dispsys/mt6735/ddp_dsi.c:40:39: note: in expansion of macro 'DISP_REG_SET'
 #define DSI_OUTREG32(cmdq, addr, val) DISP_REG_SET(cmdq, addr,val)
                                       ^
drivers/misc/mediatek/dispsys/mt6735/ddp_dsi.c:958:3: note: in expansion of macro 'DSI_OUTREG32'
   DSI_OUTREG32(cmdq, &DSI_REG[i]->DSI_VFP_NL, dsi_params->vertical_frontporch);
   ^
/home/satory-ra/Android/kernel/android_kernel_oukitel_orange/drivers/misc/mediatek/dispsys/mt6735/mt6735m/ddp_reg.h:1395:29: note: expected 'long unsigned int' but argument is of type 'volatile struct DSI_VFP_NL_REG *'
 static inline unsigned long disp_addr_convert(unsigned long va) 
                             ^
/home/satory-ra/Android/kernel/android_kernel_oukitel_orange/drivers/misc/mediatek/dispsys/mt6735/mt6735m/ddp_reg.h:1486:17: warning: passing argument 2 of 'dprec_reg_op' makes integer from pointer without a cast
                 dprec_reg_op(handle, reg32, val, 0x00000000);\
                 ^
drivers/misc/mediatek/dispsys/mt6735/ddp_dsi.c:40:39: note: in expansion of macro 'DISP_REG_SET'
 #define DSI_OUTREG32(cmdq, addr, val) DISP_REG_SET(cmdq, addr,val)
                                       ^
drivers/misc/mediatek/dispsys/mt6735/ddp_dsi.c:959:3: note: in expansion of macro 'DSI_OUTREG32'
   DSI_OUTREG32(cmdq, &DSI_REG[i]->DSI_VACT_NL, dsi_params->vertical_active_line);
   ^
In file included from /home/satory-ra/Android/kernel/android_kernel_oukitel_orange/drivers/misc/mediatek/videox/mt6735/disp_drv_log.h:3:0,
                 from drivers/misc/mediatek/dispsys/mt6735/ddp_dsi.c:8:
/home/satory-ra/Android/kernel/android_kernel_oukitel_orange/drivers/misc/mediatek/dispsys/mt6735/display_recorder.h:136:6: note: expected 'unsigned int' but argument is of type 'volatile struct DSI_VACT_NL_REG *'
 void dprec_reg_op(void* cmdq, unsigned int reg, unsigned int val, unsigned int mask);
      ^
In file included from drivers/misc/mediatek/dispsys/mt6735/ddp_dsi.c:31:0:
/home/satory-ra/Android/kernel/android_kernel_oukitel_orange/drivers/misc/mediatek/dispsys/mt6735/mt6735m/ddp_reg.h:1487:38: warning: passing argument 1 of 'disp_addr_convert' makes integer from pointer without a cast
                 cmdqRecWrite(handle, disp_addr_convert(reg32), val, ~0); \
                                      ^
drivers/misc/mediatek/dispsys/mt6735/ddp_dsi.c:40:39: note: in expansion of macro 'DISP_REG_SET'
 #define DSI_OUTREG32(cmdq, addr, val) DISP_REG_SET(cmdq, addr,val)
                                       ^
drivers/misc/mediatek/dispsys/mt6735/ddp_dsi.c:959:3: note: in expansion of macro 'DSI_OUTREG32'
   DSI_OUTREG32(cmdq, &DSI_REG[i]->DSI_VACT_NL, dsi_params->vertical_active_line);
   ^
/home/satory-ra/Android/kernel/android_kernel_oukitel_orange/drivers/misc/mediatek/dispsys/mt6735/mt6735m/ddp_reg.h:1395:29: note: expected 'long unsigned int' but argument is of type 'volatile struct DSI_VACT_NL_REG *'
 static inline unsigned long disp_addr_convert(unsigned long va) 
                             ^
/home/satory-ra/Android/kernel/android_kernel_oukitel_orange/drivers/misc/mediatek/dispsys/mt6735/mt6735m/ddp_reg.h:1486:17: warning: passing argument 2 of 'dprec_reg_op' makes integer from pointer without a cast
                 dprec_reg_op(handle, reg32, val, 0x00000000);\
                 ^
drivers/misc/mediatek/dispsys/mt6735/ddp_dsi.c:40:39: note: in expansion of macro 'DISP_REG_SET'
 #define DSI_OUTREG32(cmdq, addr, val) DISP_REG_SET(cmdq, addr,val)
                                       ^
drivers/misc/mediatek/dispsys/mt6735/ddp_dsi.c:982:3: note: in expansion of macro 'DSI_OUTREG32'
   DSI_OUTREG32(cmdq, &DSI_REG[i]->DSI_HSA_WC, ALIGN_TO((horizontal_sync_active_byte), 4));
   ^
In file included from /home/satory-ra/Android/kernel/android_kernel_oukitel_orange/drivers/misc/mediatek/videox/mt6735/disp_drv_log.h:3:0,
                 from drivers/misc/mediatek/dispsys/mt6735/ddp_dsi.c:8:
/home/satory-ra/Android/kernel/android_kernel_oukitel_orange/drivers/misc/mediatek/dispsys/mt6735/display_recorder.h:136:6: note: expected 'unsigned int' but argument is of type 'volatile struct DSI_HSA_WC_REG *'
 void dprec_reg_op(void* cmdq, unsigned int reg, unsigned int val, unsigned int mask);
      ^
In file included from drivers/misc/mediatek/dispsys/mt6735/ddp_dsi.c:31:0:
/home/satory-ra/Android/kernel/android_kernel_oukitel_orange/drivers/misc/mediatek/dispsys/mt6735/mt6735m/ddp_reg.h:1487:38: warning: passing argument 1 of 'disp_addr_convert' makes integer from pointer without a cast
                 cmdqRecWrite(handle, disp_addr_convert(reg32), val, ~0); \
                                      ^
drivers/misc/mediatek/dispsys/mt6735/ddp_dsi.c:40:39: note: in expansion of macro 'DISP_REG_SET'
 #define DSI_OUTREG32(cmdq, addr, val) DISP_REG_SET(cmdq, addr,val)
                                       ^
drivers/misc/mediatek/dispsys/mt6735/ddp_dsi.c:982:3: note: in expansion of macro 'DSI_OUTREG32'
   DSI_OUTREG32(cmdq, &DSI_REG[i]->DSI_HSA_WC, ALIGN_TO((horizontal_sync_active_byte), 4));
   ^
/home/satory-ra/Android/kernel/android_kernel_oukitel_orange/drivers/misc/mediatek/dispsys/mt6735/mt6735m/ddp_reg.h:1395:29: note: expected 'long unsigned int' but argument is of type 'volatile struct DSI_HSA_WC_REG *'
 static inline unsigned long disp_addr_convert(unsigned long va) 
                             ^
/home/satory-ra/Android/kernel/android_kernel_oukitel_orange/drivers/misc/mediatek/dispsys/mt6735/mt6735m/ddp_reg.h:1486:17: warning: passing argument 2 of 'dprec_reg_op' makes integer from pointer without a cast
                 dprec_reg_op(handle, reg32, val, 0x00000000);\
                 ^
drivers/misc/mediatek/dispsys/mt6735/ddp_dsi.c:40:39: note: in expansion of macro 'DISP_REG_SET'
 #define DSI_OUTREG32(cmdq, addr, val) DISP_REG_SET(cmdq, addr,val)
                                       ^
drivers/misc/mediatek/dispsys/mt6735/ddp_dsi.c:983:3: note: in expansion of macro 'DSI_OUTREG32'
   DSI_OUTREG32(cmdq, &DSI_REG[i]->DSI_HBP_WC, ALIGN_TO((horizontal_backporch_byte), 4));
   ^
In file included from /home/satory-ra/Android/kernel/android_kernel_oukitel_orange/drivers/misc/mediatek/videox/mt6735/disp_drv_log.h:3:0,
                 from drivers/misc/mediatek/dispsys/mt6735/ddp_dsi.c:8:
/home/satory-ra/Android/kernel/android_kernel_oukitel_orange/drivers/misc/mediatek/dispsys/mt6735/display_recorder.h:136:6: note: expected 'unsigned int' but argument is of type 'volatile struct DSI_HBP_WC_REG *'
 void dprec_reg_op(void* cmdq, unsigned int reg, unsigned int val, unsigned int mask);
      ^
In file included from drivers/misc/mediatek/dispsys/mt6735/ddp_dsi.c:31:0:
/home/satory-ra/Android/kernel/android_kernel_oukitel_orange/drivers/misc/mediatek/dispsys/mt6735/mt6735m/ddp_reg.h:1487:38: warning: passing argument 1 of 'disp_addr_convert' makes integer from pointer without a cast
                 cmdqRecWrite(handle, disp_addr_convert(reg32), val, ~0); \
                                      ^
drivers/misc/mediatek/dispsys/mt6735/ddp_dsi.c:40:39: note: in expansion of macro 'DISP_REG_SET'
 #define DSI_OUTREG32(cmdq, addr, val) DISP_REG_SET(cmdq, addr,val)
                                       ^
drivers/misc/mediatek/dispsys/mt6735/ddp_dsi.c:983:3: note: in expansion of macro 'DSI_OUTREG32'
   DSI_OUTREG32(cmdq, &DSI_REG[i]->DSI_HBP_WC, ALIGN_TO((horizontal_backporch_byte), 4));
   ^
/home/satory-ra/Android/kernel/android_kernel_oukitel_orange/drivers/misc/mediatek/dispsys/mt6735/mt6735m/ddp_reg.h:1395:29: note: expected 'long unsigned int' but argument is of type 'volatile struct DSI_HBP_WC_REG *'
 static inline unsigned long disp_addr_convert(unsigned long va) 
                             ^
/home/satory-ra/Android/kernel/android_kernel_oukitel_orange/drivers/misc/mediatek/dispsys/mt6735/mt6735m/ddp_reg.h:1486:17: warning: passing argument 2 of 'dprec_reg_op' makes integer from pointer without a cast
                 dprec_reg_op(handle, reg32, val, 0x00000000);\
                 ^
drivers/misc/mediatek/dispsys/mt6735/ddp_dsi.c:40:39: note: in expansion of macro 'DISP_REG_SET'
 #define DSI_OUTREG32(cmdq, addr, val) DISP_REG_SET(cmdq, addr,val)
                                       ^
drivers/misc/mediatek/dispsys/mt6735/ddp_dsi.c:984:3: note: in expansion of macro 'DSI_OUTREG32'
   DSI_OUTREG32(cmdq, &DSI_REG[i]->DSI_HFP_WC, ALIGN_TO((horizontal_frontporch_byte), 4));
   ^
In file included from /home/satory-ra/Android/kernel/android_kernel_oukitel_orange/drivers/misc/mediatek/videox/mt6735/disp_drv_log.h:3:0,
                 from drivers/misc/mediatek/dispsys/mt6735/ddp_dsi.c:8:
/home/satory-ra/Android/kernel/android_kernel_oukitel_orange/drivers/misc/mediatek/dispsys/mt6735/display_recorder.h:136:6: note: expected 'unsigned int' but argument is of type 'volatile struct DSI_HFP_WC_REG *'
 void dprec_reg_op(void* cmdq, unsigned int reg, unsigned int val, unsigned int mask);
      ^
In file included from drivers/misc/mediatek/dispsys/mt6735/ddp_dsi.c:31:0:
/home/satory-ra/Android/kernel/android_kernel_oukitel_orange/drivers/misc/mediatek/dispsys/mt6735/mt6735m/ddp_reg.h:1487:38: warning: passing argument 1 of 'disp_addr_convert' makes integer from pointer without a cast
                 cmdqRecWrite(handle, disp_addr_convert(reg32), val, ~0); \
                                      ^
drivers/misc/mediatek/dispsys/mt6735/ddp_dsi.c:40:39: note: in expansion of macro 'DISP_REG_SET'
 #define DSI_OUTREG32(cmdq, addr, val) DISP_REG_SET(cmdq, addr,val)
                                       ^
drivers/misc/mediatek/dispsys/mt6735/ddp_dsi.c:984:3: note: in expansion of macro 'DSI_OUTREG32'
   DSI_OUTREG32(cmdq, &DSI_REG[i]->DSI_HFP_WC, ALIGN_TO((horizontal_frontporch_byte), 4));
   ^
/home/satory-ra/Android/kernel/android_kernel_oukitel_orange/drivers/misc/mediatek/dispsys/mt6735/mt6735m/ddp_reg.h:1395:29: note: expected 'long unsigned int' but argument is of type 'volatile struct DSI_HFP_WC_REG *'
 static inline unsigned long disp_addr_convert(unsigned long va) 
                             ^
/home/satory-ra/Android/kernel/android_kernel_oukitel_orange/drivers/misc/mediatek/dispsys/mt6735/mt6735m/ddp_reg.h:1486:17: warning: passing argument 2 of 'dprec_reg_op' makes integer from pointer without a cast
                 dprec_reg_op(handle, reg32, val, 0x00000000);\
                 ^
drivers/misc/mediatek/dispsys/mt6735/ddp_dsi.c:40:39: note: in expansion of macro 'DISP_REG_SET'
 #define DSI_OUTREG32(cmdq, addr, val) DISP_REG_SET(cmdq, addr,val)
                                       ^
drivers/misc/mediatek/dispsys/mt6735/ddp_dsi.c:985:3: note: in expansion of macro 'DSI_OUTREG32'
   DSI_OUTREG32(cmdq, &DSI_REG[i]->DSI_BLLP_WC, ALIGN_TO((horizontal_bllp_byte), 4));
   ^
In file included from /home/satory-ra/Android/kernel/android_kernel_oukitel_orange/drivers/misc/mediatek/videox/mt6735/disp_drv_log.h:3:0,
                 from drivers/misc/mediatek/dispsys/mt6735/ddp_dsi.c:8:
/home/satory-ra/Android/kernel/android_kernel_oukitel_orange/drivers/misc/mediatek/dispsys/mt6735/display_recorder.h:136:6: note: expected 'unsigned int' but argument is of type 'volatile struct DSI_BLLP_WC_REG *'
 void dprec_reg_op(void* cmdq, unsigned int reg, unsigned int val, unsigned int mask);
      ^
In file included from drivers/misc/mediatek/dispsys/mt6735/ddp_dsi.c:31:0:
/home/satory-ra/Android/kernel/android_kernel_oukitel_orange/drivers/misc/mediatek/dispsys/mt6735/mt6735m/ddp_reg.h:1487:38: warning: passing argument 1 of 'disp_addr_convert' makes integer from pointer without a cast
                 cmdqRecWrite(handle, disp_addr_convert(reg32), val, ~0); \
                                      ^
drivers/misc/mediatek/dispsys/mt6735/ddp_dsi.c:40:39: note: in expansion of macro 'DISP_REG_SET'
 #define DSI_OUTREG32(cmdq, addr, val) DISP_REG_SET(cmdq, addr,val)
                                       ^
drivers/misc/mediatek/dispsys/mt6735/ddp_dsi.c:985:3: note: in expansion of macro 'DSI_OUTREG32'
   DSI_OUTREG32(cmdq, &DSI_REG[i]->DSI_BLLP_WC, ALIGN_TO((horizontal_bllp_byte), 4));
   ^
/home/satory-ra/Android/kernel/android_kernel_oukitel_orange/drivers/misc/mediatek/dispsys/mt6735/mt6735m/ddp_reg.h:1395:29: note: expected 'long unsigned int' but argument is of type 'volatile struct DSI_BLLP_WC_REG *'
 static inline unsigned long disp_addr_convert(unsigned long va) 
                             ^
drivers/misc/mediatek/dispsys/mt6735/ddp_dsi.c: In function 'DSI_Set_LFR':
/home/satory-ra/Android/kernel/android_kernel_oukitel_orange/drivers/misc/mediatek/dispsys/mt6735/mt6735m/ddp_reg.h:1413:3: warning: passing argument 2 of 'dprec_reg_op' makes integer from pointer without a cast
   dprec_reg_op(handle, reg32, val, mask);\
   ^
drivers/misc/mediatek/dispsys/mt6735/ddp_dsi.c:58:145: note: in expansion of macro 'DISP_REG_MASK'
   if(cmdq)  {*(unsigned int*)(&r) = ((unsigned int)0x00000000);r.bit = ~(r.bit);*(unsigned int*)(&v) = ((unsigned int)0x00000000);v.bit = value;DISP_REG_MASK(cmdq, &REG, AS_UINT32(&v), AS_UINT32(&r));}  \
                                                                                                                                                 ^
drivers/misc/mediatek/dispsys/mt6735/ddp_dsi.c:997:3: note: in expansion of macro 'DSI_OUTREGBIT'
   DSI_OUTREGBIT(cmdq,DSI_LFR_CON_REG,DSI_REG[i]->DSI_LFR_CON,LFR_MODE,mode);
   ^
In file included from /home/satory-ra/Android/kernel/android_kernel_oukitel_orange/drivers/misc/mediatek/videox/mt6735/disp_drv_log.h:3:0,
                 from drivers/misc/mediatek/dispsys/mt6735/ddp_dsi.c:8:
/home/satory-ra/Android/kernel/android_kernel_oukitel_orange/drivers/misc/mediatek/dispsys/mt6735/display_recorder.h:136:6: note: expected 'unsigned int' but argument is of type 'volatile struct DSI_LFR_CON_REG *'
 void dprec_reg_op(void* cmdq, unsigned int reg, unsigned int val, unsigned int mask);
      ^
In file included from drivers/misc/mediatek/dispsys/mt6735/ddp_dsi.c:31:0:
/home/satory-ra/Android/kernel/android_kernel_oukitel_orange/drivers/misc/mediatek/dispsys/mt6735/mt6735m/ddp_reg.h:1420:25: warning: passing argument 1 of 'disp_addr_convert' makes integer from pointer without a cast
    cmdqRecWrite(handle, disp_addr_convert(reg32), val, mask); \
                         ^
drivers/misc/mediatek/dispsys/mt6735/ddp_dsi.c:58:145: note: in expansion of macro 'DISP_REG_MASK'
   if(cmdq)  {*(unsigned int*)(&r) = ((unsigned int)0x00000000);r.bit = ~(r.bit);*(unsigned int*)(&v) = ((unsigned int)0x00000000);v.bit = value;DISP_REG_MASK(cmdq, &REG, AS_UINT32(&v), AS_UINT32(&r));}  \
                                                                                                                                                 ^
drivers/misc/mediatek/dispsys/mt6735/ddp_dsi.c:997:3: note: in expansion of macro 'DSI_OUTREGBIT'
   DSI_OUTREGBIT(cmdq,DSI_LFR_CON_REG,DSI_REG[i]->DSI_LFR_CON,LFR_MODE,mode);
   ^
/home/satory-ra/Android/kernel/android_kernel_oukitel_orange/drivers/misc/mediatek/dispsys/mt6735/mt6735m/ddp_reg.h:1395:29: note: expected 'long unsigned int' but argument is of type 'volatile struct DSI_LFR_CON_REG *'
 static inline unsigned long disp_addr_convert(unsigned long va) 
                             ^
/home/satory-ra/Android/kernel/android_kernel_oukitel_orange/drivers/misc/mediatek/dispsys/mt6735/mt6735m/ddp_reg.h:1486:17: warning: passing argument 2 of 'dprec_reg_op' makes integer from pointer without a cast
                 dprec_reg_op(handle, reg32, val, 0x00000000);\
                 ^
drivers/misc/mediatek/dispsys/mt6735/ddp_dsi.c:59:63: note: in expansion of macro 'DISP_REG_SET'
   else{mt_reg_sync_writel(INREG32(&REG),&r);r.bit = (value);  DISP_REG_SET(cmdq, &REG, INREG32(&r));}    \
                                                               ^
drivers/misc/mediatek/dispsys/mt6735/ddp_dsi.c:997:3: note: in expansion of macro 'DSI_OUTREGBIT'
   DSI_OUTREGBIT(cmdq,DSI_LFR_CON_REG,DSI_REG[i]->DSI_LFR_CON,LFR_MODE,mode);
   ^
In file included from /home/satory-ra/Android/kernel/android_kernel_oukitel_orange/drivers/misc/mediatek/videox/mt6735/disp_drv_log.h:3:0,
                 from drivers/misc/mediatek/dispsys/mt6735/ddp_dsi.c:8:
/home/satory-ra/Android/kernel/android_kernel_oukitel_orange/drivers/misc/mediatek/dispsys/mt6735/display_recorder.h:136:6: note: expected 'unsigned int' but argument is of type 'volatile struct DSI_LFR_CON_REG *'
 void dprec_reg_op(void* cmdq, unsigned int reg, unsigned int val, unsigned int mask);
      ^
In file included from drivers/misc/mediatek/dispsys/mt6735/ddp_dsi.c:31:0:
/home/satory-ra/Android/kernel/android_kernel_oukitel_orange/drivers/misc/mediatek/dispsys/mt6735/mt6735m/ddp_reg.h:1487:38: warning: passing argument 1 of 'disp_addr_convert' makes integer from pointer without a cast
                 cmdqRecWrite(handle, disp_addr_convert(reg32), val, ~0); \
                                      ^
drivers/misc/mediatek/dispsys/mt6735/ddp_dsi.c:59:63: note: in expansion of macro 'DISP_REG_SET'
   else{mt_reg_sync_writel(INREG32(&REG),&r);r.bit = (value);  DISP_REG_SET(cmdq, &REG, INREG32(&r));}    \
                                                               ^
drivers/misc/mediatek/dispsys/mt6735/ddp_dsi.c:997:3: note: in expansion of macro 'DSI_OUTREGBIT'
   DSI_OUTREGBIT(cmdq,DSI_LFR_CON_REG,DSI_REG[i]->DSI_LFR_CON,LFR_MODE,mode);
   ^
/home/satory-ra/Android/kernel/android_kernel_oukitel_orange/drivers/misc/mediatek/dispsys/mt6735/mt6735m/ddp_reg.h:1395:29: note: expected 'long unsigned int' but argument is of type 'volatile struct DSI_LFR_CON_REG *'
 static inline unsigned long disp_addr_convert(unsigned long va) 
                             ^
/home/satory-ra/Android/kernel/android_kernel_oukitel_orange/drivers/misc/mediatek/dispsys/mt6735/mt6735m/ddp_reg.h:1413:3: warning: passing argument 2 of 'dprec_reg_op' makes integer from pointer without a cast
   dprec_reg_op(handle, reg32, val, mask);\
   ^
drivers/misc/mediatek/dispsys/mt6735/ddp_dsi.c:58:145: note: in expansion of macro 'DISP_REG_MASK'
   if(cmdq)  {*(unsigned int*)(&r) = ((unsigned int)0x00000000);r.bit = ~(r.bit);*(unsigned int*)(&v) = ((unsigned int)0x00000000);v.bit = value;DISP_REG_MASK(cmdq, &REG, AS_UINT32(&v), AS_UINT32(&r));}  \
                                                                                                                                                 ^
drivers/misc/mediatek/dispsys/mt6735/ddp_dsi.c:998:3: note: in expansion of macro 'DSI_OUTREGBIT'
   DSI_OUTREGBIT(cmdq,DSI_LFR_CON_REG,DSI_REG[i]->DSI_LFR_CON,LFR_TYPE,0); 
   ^
In file included from /home/satory-ra/Android/kernel/android_kernel_oukitel_orange/drivers/misc/mediatek/videox/mt6735/disp_drv_log.h:3:0,
                 from drivers/misc/mediatek/dispsys/mt6735/ddp_dsi.c:8:
/home/satory-ra/Android/kernel/android_kernel_oukitel_orange/drivers/misc/mediatek/dispsys/mt6735/display_recorder.h:136:6: note: expected 'unsigned int' but argument is of type 'volatile struct DSI_LFR_CON_REG *'
 void dprec_reg_op(void* cmdq, unsigned int reg, unsigned int val, unsigned int mask);
      ^
In file included from drivers/misc/mediatek/dispsys/mt6735/ddp_dsi.c:31:0:
/home/satory-ra/Android/kernel/android_kernel_oukitel_orange/drivers/misc/mediatek/dispsys/mt6735/mt6735m/ddp_reg.h:1420:25: warning: passing argument 1 of 'disp_addr_convert' makes integer from pointer without a cast
    cmdqRecWrite(handle, disp_addr_convert(reg32), val, mask); \
                         ^
drivers/misc/mediatek/dispsys/mt6735/ddp_dsi.c:58:145: note: in expansion of macro 'DISP_REG_MASK'
   if(cmdq)  {*(unsigned int*)(&r) = ((unsigned int)0x00000000);r.bit = ~(r.bit);*(unsigned int*)(&v) = ((unsigned int)0x00000000);v.bit = value;DISP_REG_MASK(cmdq, &REG, AS_UINT32(&v), AS_UINT32(&r));}  \
                                                                                                                                                 ^
drivers/misc/mediatek/dispsys/mt6735/ddp_dsi.c:998:3: note: in expansion of macro 'DSI_OUTREGBIT'
   DSI_OUTREGBIT(cmdq,DSI_LFR_CON_REG,DSI_REG[i]->DSI_LFR_CON,LFR_TYPE,0); 
   ^
/home/satory-ra/Android/kernel/android_kernel_oukitel_orange/drivers/misc/mediatek/dispsys/mt6735/mt6735m/ddp_reg.h:1395:29: note: expected 'long unsigned int' but argument is of type 'volatile struct DSI_LFR_CON_REG *'
 static inline unsigned long disp_addr_convert(unsigned long va) 
                             ^
/home/satory-ra/Android/kernel/android_kernel_oukitel_orange/drivers/misc/mediatek/dispsys/mt6735/mt6735m/ddp_reg.h:1486:17: warning: passing argument 2 of 'dprec_reg_op' makes integer from pointer without a cast
                 dprec_reg_op(handle, reg32, val, 0x00000000);\
                 ^
drivers/misc/mediatek/dispsys/mt6735/ddp_dsi.c:59:63: note: in expansion of macro 'DISP_REG_SET'
   else{mt_reg_sync_writel(INREG32(&REG),&r);r.bit = (value);  DISP_REG_SET(cmdq, &REG, INREG32(&r));}    \
                                                               ^
drivers/misc/mediatek/dispsys/mt6735/ddp_dsi.c:998:3: note: in expansion of macro 'DSI_OUTREGBIT'
   DSI_OUTREGBIT(cmdq,DSI_LFR_CON_REG,DSI_REG[i]->DSI_LFR_CON,LFR_TYPE,0); 
   ^
In file included from /home/satory-ra/Android/kernel/android_kernel_oukitel_orange/drivers/misc/mediatek/videox/mt6735/disp_drv_log.h:3:0,
                 from drivers/misc/mediatek/dispsys/mt6735/ddp_dsi.c:8:
/home/satory-ra/Android/kernel/android_kernel_oukitel_orange/drivers/misc/mediatek/dispsys/mt6735/display_recorder.h:136:6: note: expected 'unsigned int' but argument is of type 'volatile struct DSI_LFR_CON_REG *'
 void dprec_reg_op(void* cmdq, unsigned int reg, unsigned int val, unsigned int mask);
      ^
In file included from drivers/misc/mediatek/dispsys/mt6735/ddp_dsi.c:31:0:
/home/satory-ra/Android/kernel/android_kernel_oukitel_orange/drivers/misc/mediatek/dispsys/mt6735/mt6735m/ddp_reg.h:1487:38: warning: passing argument 1 of 'disp_addr_convert' makes integer from pointer without a cast
                 cmdqRecWrite(handle, disp_addr_convert(reg32), val, ~0); \
                                      ^
drivers/misc/mediatek/dispsys/mt6735/ddp_dsi.c:59:63: note: in expansion of macro 'DISP_REG_SET'
   else{mt_reg_sync_writel(INREG32(&REG),&r);r.bit = (value);  DISP_REG_SET(cmdq, &REG, INREG32(&r));}    \
                                                               ^
drivers/misc/mediatek/dispsys/mt6735/ddp_dsi.c:998:3: note: in expansion of macro 'DSI_OUTREGBIT'
   DSI_OUTREGBIT(cmdq,DSI_LFR_CON_REG,DSI_REG[i]->DSI_LFR_CON,LFR_TYPE,0); 
   ^
/home/satory-ra/Android/kernel/android_kernel_oukitel_orange/drivers/misc/mediatek/dispsys/mt6735/mt6735m/ddp_reg.h:1395:29: note: expected 'long unsigned int' but argument is of type 'volatile struct DSI_LFR_CON_REG *'
 static inline unsigned long disp_addr_convert(unsigned long va) 
                             ^
/home/satory-ra/Android/kernel/android_kernel_oukitel_orange/drivers/misc/mediatek/dispsys/mt6735/mt6735m/ddp_reg.h:1413:3: warning: passing argument 2 of 'dprec_reg_op' makes integer from pointer without a cast
   dprec_reg_op(handle, reg32, val, mask);\
   ^
drivers/misc/mediatek/dispsys/mt6735/ddp_dsi.c:58:145: note: in expansion of macro 'DISP_REG_MASK'
   if(cmdq)  {*(unsigned int*)(&r) = ((unsigned int)0x00000000);r.bit = ~(r.bit);*(unsigned int*)(&v) = ((unsigned int)0x00000000);v.bit = value;DISP_REG_MASK(cmdq, &REG, AS_UINT32(&v), AS_UINT32(&r));}  \
                                                                                                                                                 ^
drivers/misc/mediatek/dispsys/mt6735/ddp_dsi.c:999:3: note: in expansion of macro 'DSI_OUTREGBIT'
   DSI_OUTREGBIT(cmdq,DSI_LFR_CON_REG,DSI_REG[i]->DSI_LFR_CON,LFR_UPDATE,1); 
   ^
In file included from /home/satory-ra/Android/kernel/android_kernel_oukitel_orange/drivers/misc/mediatek/videox/mt6735/disp_drv_log.h:3:0,
                 from drivers/misc/mediatek/dispsys/mt6735/ddp_dsi.c:8:
/home/satory-ra/Android/kernel/android_kernel_oukitel_orange/drivers/misc/mediatek/dispsys/mt6735/display_recorder.h:136:6: note: expected 'unsigned int' but argument is of type 'volatile struct DSI_LFR_CON_REG *'
 void dprec_reg_op(void* cmdq, unsigned int reg, unsigned int val, unsigned int mask);
      ^
In file included from drivers/misc/mediatek/dispsys/mt6735/ddp_dsi.c:31:0:
/home/satory-ra/Android/kernel/android_kernel_oukitel_orange/drivers/misc/mediatek/dispsys/mt6735/mt6735m/ddp_reg.h:1420:25: warning: passing argument 1 of 'disp_addr_convert' makes integer from pointer without a cast
    cmdqRecWrite(handle, disp_addr_convert(reg32), val, mask); \
                         ^
drivers/misc/mediatek/dispsys/mt6735/ddp_dsi.c:58:145: note: in expansion of macro 'DISP_REG_MASK'
   if(cmdq)  {*(unsigned int*)(&r) = ((unsigned int)0x00000000);r.bit = ~(r.bit);*(unsigned int*)(&v) = ((unsigned int)0x00000000);v.bit = value;DISP_REG_MASK(cmdq, &REG, AS_UINT32(&v), AS_UINT32(&r));}  \
                                                                                                                                                 ^
drivers/misc/mediatek/dispsys/mt6735/ddp_dsi.c:999:3: note: in expansion of macro 'DSI_OUTREGBIT'
   DSI_OUTREGBIT(cmdq,DSI_LFR_CON_REG,DSI_REG[i]->DSI_LFR_CON,LFR_UPDATE,1); 
   ^
/home/satory-ra/Android/kernel/android_kernel_oukitel_orange/drivers/misc/mediatek/dispsys/mt6735/mt6735m/ddp_reg.h:1395:29: note: expected 'long unsigned int' but argument is of type 'volatile struct DSI_LFR_CON_REG *'
 static inline unsigned long disp_addr_convert(unsigned long va) 
                             ^
/home/satory-ra/Android/kernel/android_kernel_oukitel_orange/drivers/misc/mediatek/dispsys/mt6735/mt6735m/ddp_reg.h:1486:17: warning: passing argument 2 of 'dprec_reg_op' makes integer from pointer without a cast
                 dprec_reg_op(handle, reg32, val, 0x00000000);\
                 ^
drivers/misc/mediatek/dispsys/mt6735/ddp_dsi.c:59:63: note: in expansion of macro 'DISP_REG_SET'
   else{mt_reg_sync_writel(INREG32(&REG),&r);r.bit = (value);  DISP_REG_SET(cmdq, &REG, INREG32(&r));}    \
                                                               ^
drivers/misc/mediatek/dispsys/mt6735/ddp_dsi.c:999:3: note: in expansion of macro 'DSI_OUTREGBIT'
   DSI_OUTREGBIT(cmdq,DSI_LFR_CON_REG,DSI_REG[i]->DSI_LFR_CON,LFR_UPDATE,1); 
   ^
In file included from /home/satory-ra/Android/kernel/android_kernel_oukitel_orange/drivers/misc/mediatek/videox/mt6735/disp_drv_log.h:3:0,
                 from drivers/misc/mediatek/dispsys/mt6735/ddp_dsi.c:8:
/home/satory-ra/Android/kernel/android_kernel_oukitel_orange/drivers/misc/mediatek/dispsys/mt6735/display_recorder.h:136:6: note: expected 'unsigned int' but argument is of type 'volatile struct DSI_LFR_CON_REG *'
 void dprec_reg_op(void* cmdq, unsigned int reg, unsigned int val, unsigned int mask);
      ^
In file included from drivers/misc/mediatek/dispsys/mt6735/ddp_dsi.c:31:0:
/home/satory-ra/Android/kernel/android_kernel_oukitel_orange/drivers/misc/mediatek/dispsys/mt6735/mt6735m/ddp_reg.h:1487:38: warning: passing argument 1 of 'disp_addr_convert' makes integer from pointer without a cast
                 cmdqRecWrite(handle, disp_addr_convert(reg32), val, ~0); \
                                      ^
drivers/misc/mediatek/dispsys/mt6735/ddp_dsi.c:59:63: note: in expansion of macro 'DISP_REG_SET'
   else{mt_reg_sync_writel(INREG32(&REG),&r);r.bit = (value);  DISP_REG_SET(cmdq, &REG, INREG32(&r));}    \
                                                               ^
drivers/misc/mediatek/dispsys/mt6735/ddp_dsi.c:999:3: note: in expansion of macro 'DSI_OUTREGBIT'
   DSI_OUTREGBIT(cmdq,DSI_LFR_CON_REG,DSI_REG[i]->DSI_LFR_CON,LFR_UPDATE,1); 
   ^
/home/satory-ra/Android/kernel/android_kernel_oukitel_orange/drivers/misc/mediatek/dispsys/mt6735/mt6735m/ddp_reg.h:1395:29: note: expected 'long unsigned int' but argument is of type 'volatile struct DSI_LFR_CON_REG *'
 static inline unsigned long disp_addr_convert(unsigned long va) 
                             ^
/home/satory-ra/Android/kernel/android_kernel_oukitel_orange/drivers/misc/mediatek/dispsys/mt6735/mt6735m/ddp_reg.h:1413:3: warning: passing argument 2 of 'dprec_reg_op' makes integer from pointer without a cast
   dprec_reg_op(handle, reg32, val, mask);\
   ^
drivers/misc/mediatek/dispsys/mt6735/ddp_dsi.c:58:145: note: in expansion of macro 'DISP_REG_MASK'
   if(cmdq)  {*(unsigned int*)(&r) = ((unsigned int)0x00000000);r.bit = ~(r.bit);*(unsigned int*)(&v) = ((unsigned int)0x00000000);v.bit = value;DISP_REG_MASK(cmdq, &REG, AS_UINT32(&v), AS_UINT32(&r));}  \
                                                                                                                                                 ^
drivers/misc/mediatek/dispsys/mt6735/ddp_dsi.c:1000:3: note: in expansion of macro 'DSI_OUTREGBIT'
   DSI_OUTREGBIT(cmdq,DSI_LFR_CON_REG,DSI_REG[i]->DSI_LFR_CON,LFR_VSE_DIS,0);
   ^
In file included from /home/satory-ra/Android/kernel/android_kernel_oukitel_orange/drivers/misc/mediatek/videox/mt6735/disp_drv_log.h:3:0,
                 from drivers/misc/mediatek/dispsys/mt6735/ddp_dsi.c:8:
/home/satory-ra/Android/kernel/android_kernel_oukitel_orange/drivers/misc/mediatek/dispsys/mt6735/display_recorder.h:136:6: note: expected 'unsigned int' but argument is of type 'volatile struct DSI_LFR_CON_REG *'
 void dprec_reg_op(void* cmdq, unsigned int reg, unsigned int val, unsigned int mask);
      ^
In file included from drivers/misc/mediatek/dispsys/mt6735/ddp_dsi.c:31:0:
/home/satory-ra/Android/kernel/android_kernel_oukitel_orange/drivers/misc/mediatek/dispsys/mt6735/mt6735m/ddp_reg.h:1420:25: warning: passing argument 1 of 'disp_addr_convert' makes integer from pointer without a cast
    cmdqRecWrite(handle, disp_addr_convert(reg32), val, mask); \
                         ^
drivers/misc/mediatek/dispsys/mt6735/ddp_dsi.c:58:145: note: in expansion of macro 'DISP_REG_MASK'
   if(cmdq)  {*(unsigned int*)(&r) = ((unsigned int)0x00000000);r.bit = ~(r.bit);*(unsigned int*)(&v) = ((unsigned int)0x00000000);v.bit = value;DISP_REG_MASK(cmdq, &REG, AS_UINT32(&v), AS_UINT32(&r));}  \
                                                                                                                                                 ^
drivers/misc/mediatek/dispsys/mt6735/ddp_dsi.c:1000:3: note: in expansion of macro 'DSI_OUTREGBIT'
   DSI_OUTREGBIT(cmdq,DSI_LFR_CON_REG,DSI_REG[i]->DSI_LFR_CON,LFR_VSE_DIS,0);
   ^
/home/satory-ra/Android/kernel/android_kernel_oukitel_orange/drivers/misc/mediatek/dispsys/mt6735/mt6735m/ddp_reg.h:1395:29: note: expected 'long unsigned int' but argument is of type 'volatile struct DSI_LFR_CON_REG *'
 static inline unsigned long disp_addr_convert(unsigned long va) 
                             ^
/home/satory-ra/Android/kernel/android_kernel_oukitel_orange/drivers/misc/mediatek/dispsys/mt6735/mt6735m/ddp_reg.h:1486:17: warning: passing argument 2 of 'dprec_reg_op' makes integer from pointer without a cast
                 dprec_reg_op(handle, reg32, val, 0x00000000);\
                 ^
drivers/misc/mediatek/dispsys/mt6735/ddp_dsi.c:59:63: note: in expansion of macro 'DISP_REG_SET'
   else{mt_reg_sync_writel(INREG32(&REG),&r);r.bit = (value);  DISP_REG_SET(cmdq, &REG, INREG32(&r));}    \
                                                               ^
drivers/misc/mediatek/dispsys/mt6735/ddp_dsi.c:1000:3: note: in expansion of macro 'DSI_OUTREGBIT'
   DSI_OUTREGBIT(cmdq,DSI_LFR_CON_REG,DSI_REG[i]->DSI_LFR_CON,LFR_VSE_DIS,0);
   ^
In file included from /home/satory-ra/Android/kernel/android_kernel_oukitel_orange/drivers/misc/mediatek/videox/mt6735/disp_drv_log.h:3:0,
                 from drivers/misc/mediatek/dispsys/mt6735/ddp_dsi.c:8:
/home/satory-ra/Android/kernel/android_kernel_oukitel_orange/drivers/misc/mediatek/dispsys/mt6735/display_recorder.h:136:6: note: expected 'unsigned int' but argument is of type 'volatile struct DSI_LFR_CON_REG *'
 void dprec_reg_op(void* cmdq, unsigned int reg, unsigned int val, unsigned int mask);
      ^
In file included from drivers/misc/mediatek/dispsys/mt6735/ddp_dsi.c:31:0:
/home/satory-ra/Android/kernel/android_kernel_oukitel_orange/drivers/misc/mediatek/dispsys/mt6735/mt6735m/ddp_reg.h:1487:38: warning: passing argument 1 of 'disp_addr_convert' makes integer from pointer without a cast
                 cmdqRecWrite(handle, disp_addr_convert(reg32), val, ~0); \
                                      ^
drivers/misc/mediatek/dispsys/mt6735/ddp_dsi.c:59:63: note: in expansion of macro 'DISP_REG_SET'
   else{mt_reg_sync_writel(INREG32(&REG),&r);r.bit = (value);  DISP_REG_SET(cmdq, &REG, INREG32(&r));}    \
                                                               ^
drivers/misc/mediatek/dispsys/mt6735/ddp_dsi.c:1000:3: note: in expansion of macro 'DSI_OUTREGBIT'
   DSI_OUTREGBIT(cmdq,DSI_LFR_CON_REG,DSI_REG[i]->DSI_LFR_CON,LFR_VSE_DIS,0);
   ^
/home/satory-ra/Android/kernel/android_kernel_oukitel_orange/drivers/misc/mediatek/dispsys/mt6735/mt6735m/ddp_reg.h:1395:29: note: expected 'long unsigned int' but argument is of type 'volatile struct DSI_LFR_CON_REG *'
 static inline unsigned long disp_addr_convert(unsigned long va) 
                             ^
/home/satory-ra/Android/kernel/android_kernel_oukitel_orange/drivers/misc/mediatek/dispsys/mt6735/mt6735m/ddp_reg.h:1413:3: warning: passing argument 2 of 'dprec_reg_op' makes integer from pointer without a cast
   dprec_reg_op(handle, reg32, val, mask);\
   ^
drivers/misc/mediatek/dispsys/mt6735/ddp_dsi.c:58:145: note: in expansion of macro 'DISP_REG_MASK'
   if(cmdq)  {*(unsigned int*)(&r) = ((unsigned int)0x00000000);r.bit = ~(r.bit);*(unsigned int*)(&v) = ((unsigned int)0x00000000);v.bit = value;DISP_REG_MASK(cmdq, &REG, AS_UINT32(&v), AS_UINT32(&r));}  \
                                                                                                                                                 ^
drivers/misc/mediatek/dispsys/mt6735/ddp_dsi.c:1001:3: note: in expansion of macro 'DSI_OUTREGBIT'
   DSI_OUTREGBIT(cmdq,DSI_LFR_CON_REG,DSI_REG[i]->DSI_LFR_CON,LFR_SKIP_NUM,skip_num);
   ^
In file included from /home/satory-ra/Android/kernel/android_kernel_oukitel_orange/drivers/misc/mediatek/videox/mt6735/disp_drv_log.h:3:0,
                 from drivers/misc/mediatek/dispsys/mt6735/ddp_dsi.c:8:
/home/satory-ra/Android/kernel/android_kernel_oukitel_orange/drivers/misc/mediatek/dispsys/mt6735/display_recorder.h:136:6: note: expected 'unsigned int' but argument is of type 'volatile struct DSI_LFR_CON_REG *'
 void dprec_reg_op(void* cmdq, unsigned int reg, unsigned int val, unsigned int mask);
      ^
In file included from drivers/misc/mediatek/dispsys/mt6735/ddp_dsi.c:31:0:
/home/satory-ra/Android/kernel/android_kernel_oukitel_orange/drivers/misc/mediatek/dispsys/mt6735/mt6735m/ddp_reg.h:1420:25: warning: passing argument 1 of 'disp_addr_convert' makes integer from pointer without a cast
    cmdqRecWrite(handle, disp_addr_convert(reg32), val, mask); \
                         ^
drivers/misc/mediatek/dispsys/mt6735/ddp_dsi.c:58:145: note: in expansion of macro 'DISP_REG_MASK'
   if(cmdq)  {*(unsigned int*)(&r) = ((unsigned int)0x00000000);r.bit = ~(r.bit);*(unsigned int*)(&v) = ((unsigned int)0x00000000);v.bit = value;DISP_REG_MASK(cmdq, &REG, AS_UINT32(&v), AS_UINT32(&r));}  \
                                                                                                                                                 ^
drivers/misc/mediatek/dispsys/mt6735/ddp_dsi.c:1001:3: note: in expansion of macro 'DSI_OUTREGBIT'
   DSI_OUTREGBIT(cmdq,DSI_LFR_CON_REG,DSI_REG[i]->DSI_LFR_CON,LFR_SKIP_NUM,skip_num);
   ^
/home/satory-ra/Android/kernel/android_kernel_oukitel_orange/drivers/misc/mediatek/dispsys/mt6735/mt6735m/ddp_reg.h:1395:29: note: expected 'long unsigned int' but argument is of type 'volatile struct DSI_LFR_CON_REG *'
 static inline unsigned long disp_addr_convert(unsigned long va) 
                             ^
/home/satory-ra/Android/kernel/android_kernel_oukitel_orange/drivers/misc/mediatek/dispsys/mt6735/mt6735m/ddp_reg.h:1486:17: warning: passing argument 2 of 'dprec_reg_op' makes integer from pointer without a cast
                 dprec_reg_op(handle, reg32, val, 0x00000000);\
                 ^
drivers/misc/mediatek/dispsys/mt6735/ddp_dsi.c:59:63: note: in expansion of macro 'DISP_REG_SET'
   else{mt_reg_sync_writel(INREG32(&REG),&r);r.bit = (value);  DISP_REG_SET(cmdq, &REG, INREG32(&r));}    \
                                                               ^
drivers/misc/mediatek/dispsys/mt6735/ddp_dsi.c:1001:3: note: in expansion of macro 'DSI_OUTREGBIT'
   DSI_OUTREGBIT(cmdq,DSI_LFR_CON_REG,DSI_REG[i]->DSI_LFR_CON,LFR_SKIP_NUM,skip_num);
   ^
In file included from /home/satory-ra/Android/kernel/android_kernel_oukitel_orange/drivers/misc/mediatek/videox/mt6735/disp_drv_log.h:3:0,
                 from drivers/misc/mediatek/dispsys/mt6735/ddp_dsi.c:8:
/home/satory-ra/Android/kernel/android_kernel_oukitel_orange/drivers/misc/mediatek/dispsys/mt6735/display_recorder.h:136:6: note: expected 'unsigned int' but argument is of type 'volatile struct DSI_LFR_CON_REG *'
 void dprec_reg_op(void* cmdq, unsigned int reg, unsigned int val, unsigned int mask);
      ^
In file included from drivers/misc/mediatek/dispsys/mt6735/ddp_dsi.c:31:0:
/home/satory-ra/Android/kernel/android_kernel_oukitel_orange/drivers/misc/mediatek/dispsys/mt6735/mt6735m/ddp_reg.h:1487:38: warning: passing argument 1 of 'disp_addr_convert' makes integer from pointer without a cast
                 cmdqRecWrite(handle, disp_addr_convert(reg32), val, ~0); \
                                      ^
drivers/misc/mediatek/dispsys/mt6735/ddp_dsi.c:59:63: note: in expansion of macro 'DISP_REG_SET'
   else{mt_reg_sync_writel(INREG32(&REG),&r);r.bit = (value);  DISP_REG_SET(cmdq, &REG, INREG32(&r));}    \
                                                               ^
drivers/misc/mediatek/dispsys/mt6735/ddp_dsi.c:1001:3: note: in expansion of macro 'DSI_OUTREGBIT'
   DSI_OUTREGBIT(cmdq,DSI_LFR_CON_REG,DSI_REG[i]->DSI_LFR_CON,LFR_SKIP_NUM,skip_num);
   ^
/home/satory-ra/Android/kernel/android_kernel_oukitel_orange/drivers/misc/mediatek/dispsys/mt6735/mt6735m/ddp_reg.h:1395:29: note: expected 'long unsigned int' but argument is of type 'volatile struct DSI_LFR_CON_REG *'
 static inline unsigned long disp_addr_convert(unsigned long va) 
                             ^
  CC      net/netfilter/xt_state.o
In file included from drivers/misc/mediatek/connectivity/conn_soc/drv_wlan/mt_wifi/wlan/include/precomp.h:241:0,
                 from drivers/misc/mediatek/connectivity/conn_soc/drv_wlan/mt_wifi/wlan/mgmt/tdls_com.c:28:
drivers/misc/mediatek/connectivity/conn_soc/drv_wlan/mt_wifi/wlan/include/mgmt/scan.h:324:0: warning: "CFG_BATCH_MAX_MSCAN" redefined
 #define CFG_BATCH_MAX_MSCAN 4
 ^
In file included from drivers/misc/mediatek/connectivity/conn_soc/drv_wlan/mt_wifi/wlan/os/linux/include/gl_os.h:584:0,
                 from drivers/misc/mediatek/connectivity/conn_soc/drv_wlan/mt_wifi/wlan/include/precomp.h:173,
                 from drivers/misc/mediatek/connectivity/conn_soc/drv_wlan/mt_wifi/wlan/mgmt/tdls_com.c:28:
drivers/misc/mediatek/connectivity/conn_soc/drv_wlan/mt_wifi/wlan/include/config.h:1585:0: note: this is the location of the previous definition
 #define CFG_BATCH_MAX_MSCAN                 2
 ^
/home/satory-ra/Android/kernel/android_kernel_oukitel_orange/drivers/misc/mediatek/dispsys/mt6735/mt6735m/ddp_reg.h:1413:3: warning: passing argument 2 of 'dprec_reg_op' makes integer from pointer without a cast
   dprec_reg_op(handle, reg32, val, mask);\
   ^
drivers/misc/mediatek/dispsys/mt6735/ddp_dsi.c:58:145: note: in expansion of macro 'DISP_REG_MASK'
   if(cmdq)  {*(unsigned int*)(&r) = ((unsigned int)0x00000000);r.bit = ~(r.bit);*(unsigned int*)(&v) = ((unsigned int)0x00000000);v.bit = value;DISP_REG_MASK(cmdq, &REG, AS_UINT32(&v), AS_UINT32(&r));}  \
                                                                                                                                                 ^
drivers/misc/mediatek/dispsys/mt6735/ddp_dsi.c:1002:3: note: in expansion of macro 'DSI_OUTREGBIT'
   DSI_OUTREGBIT(cmdq,DSI_LFR_CON_REG,DSI_REG[i]->DSI_LFR_CON,LFR_EN,enable); 
   ^
In file included from /home/satory-ra/Android/kernel/android_kernel_oukitel_orange/drivers/misc/mediatek/videox/mt6735/disp_drv_log.h:3:0,
                 from drivers/misc/mediatek/dispsys/mt6735/ddp_dsi.c:8:
/home/satory-ra/Android/kernel/android_kernel_oukitel_orange/drivers/misc/mediatek/dispsys/mt6735/display_recorder.h:136:6: note: expected 'unsigned int' but argument is of type 'volatile struct DSI_LFR_CON_REG *'
 void dprec_reg_op(void* cmdq, unsigned int reg, unsigned int val, unsigned int mask);
      ^
In file included from drivers/misc/mediatek/dispsys/mt6735/ddp_dsi.c:31:0:
/home/satory-ra/Android/kernel/android_kernel_oukitel_orange/drivers/misc/mediatek/dispsys/mt6735/mt6735m/ddp_reg.h:1420:25: warning: passing argument 1 of 'disp_addr_convert' makes integer from pointer without a cast
    cmdqRecWrite(handle, disp_addr_convert(reg32), val, mask); \
                         ^
drivers/misc/mediatek/dispsys/mt6735/ddp_dsi.c:58:145: note: in expansion of macro 'DISP_REG_MASK'
   if(cmdq)  {*(unsigned int*)(&r) = ((unsigned int)0x00000000);r.bit = ~(r.bit);*(unsigned int*)(&v) = ((unsigned int)0x00000000);v.bit = value;DISP_REG_MASK(cmdq, &REG, AS_UINT32(&v), AS_UINT32(&r));}  \
                                                                                                                                                 ^
drivers/misc/mediatek/dispsys/mt6735/ddp_dsi.c:1002:3: note: in expansion of macro 'DSI_OUTREGBIT'
   DSI_OUTREGBIT(cmdq,DSI_LFR_CON_REG,DSI_REG[i]->DSI_LFR_CON,LFR_EN,enable); 
   ^
/home/satory-ra/Android/kernel/android_kernel_oukitel_orange/drivers/misc/mediatek/dispsys/mt6735/mt6735m/ddp_reg.h:1395:29: note: expected 'long unsigned int' but argument is of type 'volatile struct DSI_LFR_CON_REG *'
 static inline unsigned long disp_addr_convert(unsigned long va) 
                             ^
/home/satory-ra/Android/kernel/android_kernel_oukitel_orange/drivers/misc/mediatek/dispsys/mt6735/mt6735m/ddp_reg.h:1486:17: warning: passing argument 2 of 'dprec_reg_op' makes integer from pointer without a cast
                 dprec_reg_op(handle, reg32, val, 0x00000000);\
                 ^
drivers/misc/mediatek/dispsys/mt6735/ddp_dsi.c:59:63: note: in expansion of macro 'DISP_REG_SET'
   else{mt_reg_sync_writel(INREG32(&REG),&r);r.bit = (value);  DISP_REG_SET(cmdq, &REG, INREG32(&r));}    \
                                                               ^
drivers/misc/mediatek/dispsys/mt6735/ddp_dsi.c:1002:3: note: in expansion of macro 'DSI_OUTREGBIT'
   DSI_OUTREGBIT(cmdq,DSI_LFR_CON_REG,DSI_REG[i]->DSI_LFR_CON,LFR_EN,enable); 
   ^
In file included from /home/satory-ra/Android/kernel/android_kernel_oukitel_orange/drivers/misc/mediatek/videox/mt6735/disp_drv_log.h:3:0,
                 from drivers/misc/mediatek/dispsys/mt6735/ddp_dsi.c:8:
/home/satory-ra/Android/kernel/android_kernel_oukitel_orange/drivers/misc/mediatek/dispsys/mt6735/display_recorder.h:136:6: note: expected 'unsigned int' but argument is of type 'volatile struct DSI_LFR_CON_REG *'
 void dprec_reg_op(void* cmdq, unsigned int reg, unsigned int val, unsigned int mask);
      ^
In file included from drivers/misc/mediatek/dispsys/mt6735/ddp_dsi.c:31:0:
/home/satory-ra/Android/kernel/android_kernel_oukitel_orange/drivers/misc/mediatek/dispsys/mt6735/mt6735m/ddp_reg.h:1487:38: warning: passing argument 1 of 'disp_addr_convert' makes integer from pointer without a cast
                 cmdqRecWrite(handle, disp_addr_convert(reg32), val, ~0); \
                                      ^
drivers/misc/mediatek/dispsys/mt6735/ddp_dsi.c:59:63: note: in expansion of macro 'DISP_REG_SET'
   else{mt_reg_sync_writel(INREG32(&REG),&r);r.bit = (value);  DISP_REG_SET(cmdq, &REG, INREG32(&r));}    \
                                                               ^
drivers/misc/mediatek/dispsys/mt6735/ddp_dsi.c:1002:3: note: in expansion of macro 'DSI_OUTREGBIT'
   DSI_OUTREGBIT(cmdq,DSI_LFR_CON_REG,DSI_REG[i]->DSI_LFR_CON,LFR_EN,enable); 
   ^
/home/satory-ra/Android/kernel/android_kernel_oukitel_orange/drivers/misc/mediatek/dispsys/mt6735/mt6735m/ddp_reg.h:1395:29: note: expected 'long unsigned int' but argument is of type 'volatile struct DSI_LFR_CON_REG *'
 static inline unsigned long disp_addr_convert(unsigned long va) 
                             ^
drivers/misc/mediatek/dispsys/mt6735/ddp_dsi.c: In function 'DSI_LFR_UPDATE':
/home/satory-ra/Android/kernel/android_kernel_oukitel_orange/drivers/misc/mediatek/dispsys/mt6735/mt6735m/ddp_reg.h:1413:3: warning: passing argument 2 of 'dprec_reg_op' makes integer from pointer without a cast
   dprec_reg_op(handle, reg32, val, mask);\
   ^
drivers/misc/mediatek/dispsys/mt6735/ddp_dsi.c:58:145: note: in expansion of macro 'DISP_REG_MASK'
   if(cmdq)  {*(unsigned int*)(&r) = ((unsigned int)0x00000000);r.bit = ~(r.bit);*(unsigned int*)(&v) = ((unsigned int)0x00000000);v.bit = value;DISP_REG_MASK(cmdq, &REG, AS_UINT32(&v), AS_UINT32(&r));}  \
                                                                                                                                                 ^
drivers/misc/mediatek/dispsys/mt6735/ddp_dsi.c:1011:3: note: in expansion of macro 'DSI_OUTREGBIT'
   DSI_OUTREGBIT(cmdq,DSI_LFR_CON_REG,DSI_REG[i]->DSI_LFR_CON,LFR_UPDATE,0); 
   ^
In file included from /home/satory-ra/Android/kernel/android_kernel_oukitel_orange/drivers/misc/mediatek/videox/mt6735/disp_drv_log.h:3:0,
                 from drivers/misc/mediatek/dispsys/mt6735/ddp_dsi.c:8:
/home/satory-ra/Android/kernel/android_kernel_oukitel_orange/drivers/misc/mediatek/dispsys/mt6735/display_recorder.h:136:6: note: expected 'unsigned int' but argument is of type 'volatile struct DSI_LFR_CON_REG *'
 void dprec_reg_op(void* cmdq, unsigned int reg, unsigned int val, unsigned int mask);
      ^
In file included from drivers/misc/mediatek/dispsys/mt6735/ddp_dsi.c:31:0:
/home/satory-ra/Android/kernel/android_kernel_oukitel_orange/drivers/misc/mediatek/dispsys/mt6735/mt6735m/ddp_reg.h:1420:25: warning: passing argument 1 of 'disp_addr_convert' makes integer from pointer without a cast
    cmdqRecWrite(handle, disp_addr_convert(reg32), val, mask); \
                         ^
drivers/misc/mediatek/dispsys/mt6735/ddp_dsi.c:58:145: note: in expansion of macro 'DISP_REG_MASK'
   if(cmdq)  {*(unsigned int*)(&r) = ((unsigned int)0x00000000);r.bit = ~(r.bit);*(unsigned int*)(&v) = ((unsigned int)0x00000000);v.bit = value;DISP_REG_MASK(cmdq, &REG, AS_UINT32(&v), AS_UINT32(&r));}  \
                                                                                                                                                 ^
drivers/misc/mediatek/dispsys/mt6735/ddp_dsi.c:1011:3: note: in expansion of macro 'DSI_OUTREGBIT'
   DSI_OUTREGBIT(cmdq,DSI_LFR_CON_REG,DSI_REG[i]->DSI_LFR_CON,LFR_UPDATE,0); 
   ^
/home/satory-ra/Android/kernel/android_kernel_oukitel_orange/drivers/misc/mediatek/dispsys/mt6735/mt6735m/ddp_reg.h:1395:29: note: expected 'long unsigned int' but argument is of type 'volatile struct DSI_LFR_CON_REG *'
 static inline unsigned long disp_addr_convert(unsigned long va) 
                             ^
/home/satory-ra/Android/kernel/android_kernel_oukitel_orange/drivers/misc/mediatek/dispsys/mt6735/mt6735m/ddp_reg.h:1486:17: warning: passing argument 2 of 'dprec_reg_op' makes integer from pointer without a cast
                 dprec_reg_op(handle, reg32, val, 0x00000000);\
                 ^
drivers/misc/mediatek/dispsys/mt6735/ddp_dsi.c:59:63: note: in expansion of macro 'DISP_REG_SET'
   else{mt_reg_sync_writel(INREG32(&REG),&r);r.bit = (value);  DISP_REG_SET(cmdq, &REG, INREG32(&r));}    \
                                                               ^
drivers/misc/mediatek/dispsys/mt6735/ddp_dsi.c:1011:3: note: in expansion of macro 'DSI_OUTREGBIT'
   DSI_OUTREGBIT(cmdq,DSI_LFR_CON_REG,DSI_REG[i]->DSI_LFR_CON,LFR_UPDATE,0); 
   ^
In file included from /home/satory-ra/Android/kernel/android_kernel_oukitel_orange/drivers/misc/mediatek/videox/mt6735/disp_drv_log.h:3:0,
                 from drivers/misc/mediatek/dispsys/mt6735/ddp_dsi.c:8:
/home/satory-ra/Android/kernel/android_kernel_oukitel_orange/drivers/misc/mediatek/dispsys/mt6735/display_recorder.h:136:6: note: expected 'unsigned int' but argument is of type 'volatile struct DSI_LFR_CON_REG *'
 void dprec_reg_op(void* cmdq, unsigned int reg, unsigned int val, unsigned int mask);
      ^
In file included from drivers/misc/mediatek/dispsys/mt6735/ddp_dsi.c:31:0:
/home/satory-ra/Android/kernel/android_kernel_oukitel_orange/drivers/misc/mediatek/dispsys/mt6735/mt6735m/ddp_reg.h:1487:38: warning: passing argument 1 of 'disp_addr_convert' makes integer from pointer without a cast
                 cmdqRecWrite(handle, disp_addr_convert(reg32), val, ~0); \
                                      ^
drivers/misc/mediatek/dispsys/mt6735/ddp_dsi.c:59:63: note: in expansion of macro 'DISP_REG_SET'
   else{mt_reg_sync_writel(INREG32(&REG),&r);r.bit = (value);  DISP_REG_SET(cmdq, &REG, INREG32(&r));}    \
                                                               ^
drivers/misc/mediatek/dispsys/mt6735/ddp_dsi.c:1011:3: note: in expansion of macro 'DSI_OUTREGBIT'
   DSI_OUTREGBIT(cmdq,DSI_LFR_CON_REG,DSI_REG[i]->DSI_LFR_CON,LFR_UPDATE,0); 
   ^
/home/satory-ra/Android/kernel/android_kernel_oukitel_orange/drivers/misc/mediatek/dispsys/mt6735/mt6735m/ddp_reg.h:1395:29: note: expected 'long unsigned int' but argument is of type 'volatile struct DSI_LFR_CON_REG *'
 static inline unsigned long disp_addr_convert(unsigned long va) 
                             ^
/home/satory-ra/Android/kernel/android_kernel_oukitel_orange/drivers/misc/mediatek/dispsys/mt6735/mt6735m/ddp_reg.h:1413:3: warning: passing argument 2 of 'dprec_reg_op' makes integer from pointer without a cast
   dprec_reg_op(handle, reg32, val, mask);\
   ^
drivers/misc/mediatek/dispsys/mt6735/ddp_dsi.c:58:145: note: in expansion of macro 'DISP_REG_MASK'
   if(cmdq)  {*(unsigned int*)(&r) = ((unsigned int)0x00000000);r.bit = ~(r.bit);*(unsigned int*)(&v) = ((unsigned int)0x00000000);v.bit = value;DISP_REG_MASK(cmdq, &REG, AS_UINT32(&v), AS_UINT32(&r));}  \
                                                                                                                                                 ^
drivers/misc/mediatek/dispsys/mt6735/ddp_dsi.c:1012:3: note: in expansion of macro 'DSI_OUTREGBIT'
   DSI_OUTREGBIT(cmdq,DSI_LFR_CON_REG,DSI_REG[i]->DSI_LFR_CON,LFR_UPDATE,1);
   ^
In file included from /home/satory-ra/Android/kernel/android_kernel_oukitel_orange/drivers/misc/mediatek/videox/mt6735/disp_drv_log.h:3:0,
                 from drivers/misc/mediatek/dispsys/mt6735/ddp_dsi.c:8:
/home/satory-ra/Android/kernel/android_kernel_oukitel_orange/drivers/misc/mediatek/dispsys/mt6735/display_recorder.h:136:6: note: expected 'unsigned int' but argument is of type 'volatile struct DSI_LFR_CON_REG *'
 void dprec_reg_op(void* cmdq, unsigned int reg, unsigned int val, unsigned int mask);
      ^
In file included from drivers/misc/mediatek/dispsys/mt6735/ddp_dsi.c:31:0:
/home/satory-ra/Android/kernel/android_kernel_oukitel_orange/drivers/misc/mediatek/dispsys/mt6735/mt6735m/ddp_reg.h:1420:25: warning: passing argument 1 of 'disp_addr_convert' makes integer from pointer without a cast
    cmdqRecWrite(handle, disp_addr_convert(reg32), val, mask); \
                         ^
drivers/misc/mediatek/dispsys/mt6735/ddp_dsi.c:58:145: note: in expansion of macro 'DISP_REG_MASK'
   if(cmdq)  {*(unsigned int*)(&r) = ((unsigned int)0x00000000);r.bit = ~(r.bit);*(unsigned int*)(&v) = ((unsigned int)0x00000000);v.bit = value;DISP_REG_MASK(cmdq, &REG, AS_UINT32(&v), AS_UINT32(&r));}  \
                                                                                                                                                 ^
drivers/misc/mediatek/dispsys/mt6735/ddp_dsi.c:1012:3: note: in expansion of macro 'DSI_OUTREGBIT'
   DSI_OUTREGBIT(cmdq,DSI_LFR_CON_REG,DSI_REG[i]->DSI_LFR_CON,LFR_UPDATE,1);
   ^
/home/satory-ra/Android/kernel/android_kernel_oukitel_orange/drivers/misc/mediatek/dispsys/mt6735/mt6735m/ddp_reg.h:1395:29: note: expected 'long unsigned int' but argument is of type 'volatile struct DSI_LFR_CON_REG *'
 static inline unsigned long disp_addr_convert(unsigned long va) 
                             ^
/home/satory-ra/Android/kernel/android_kernel_oukitel_orange/drivers/misc/mediatek/dispsys/mt6735/mt6735m/ddp_reg.h:1486:17: warning: passing argument 2 of 'dprec_reg_op' makes integer from pointer without a cast
                 dprec_reg_op(handle, reg32, val, 0x00000000);\
                 ^
drivers/misc/mediatek/dispsys/mt6735/ddp_dsi.c:59:63: note: in expansion of macro 'DISP_REG_SET'
   else{mt_reg_sync_writel(INREG32(&REG),&r);r.bit = (value);  DISP_REG_SET(cmdq, &REG, INREG32(&r));}    \
                                                               ^
drivers/misc/mediatek/dispsys/mt6735/ddp_dsi.c:1012:3: note: in expansion of macro 'DSI_OUTREGBIT'
   DSI_OUTREGBIT(cmdq,DSI_LFR_CON_REG,DSI_REG[i]->DSI_LFR_CON,LFR_UPDATE,1);
   ^
In file included from /home/satory-ra/Android/kernel/android_kernel_oukitel_orange/drivers/misc/mediatek/videox/mt6735/disp_drv_log.h:3:0,
                 from drivers/misc/mediatek/dispsys/mt6735/ddp_dsi.c:8:
/home/satory-ra/Android/kernel/android_kernel_oukitel_orange/drivers/misc/mediatek/dispsys/mt6735/display_recorder.h:136:6: note: expected 'unsigned int' but argument is of type 'volatile struct DSI_LFR_CON_REG *'
 void dprec_reg_op(void* cmdq, unsigned int reg, unsigned int val, unsigned int mask);
      ^
In file included from drivers/misc/mediatek/dispsys/mt6735/ddp_dsi.c:31:0:
/home/satory-ra/Android/kernel/android_kernel_oukitel_orange/drivers/misc/mediatek/dispsys/mt6735/mt6735m/ddp_reg.h:1487:38: warning: passing argument 1 of 'disp_addr_convert' makes integer from pointer without a cast
                 cmdqRecWrite(handle, disp_addr_convert(reg32), val, ~0); \
                                      ^
drivers/misc/mediatek/dispsys/mt6735/ddp_dsi.c:59:63: note: in expansion of macro 'DISP_REG_SET'
   else{mt_reg_sync_writel(INREG32(&REG),&r);r.bit = (value);  DISP_REG_SET(cmdq, &REG, INREG32(&r));}    \
                                                               ^
drivers/misc/mediatek/dispsys/mt6735/ddp_dsi.c:1012:3: note: in expansion of macro 'DSI_OUTREGBIT'
   DSI_OUTREGBIT(cmdq,DSI_LFR_CON_REG,DSI_REG[i]->DSI_LFR_CON,LFR_UPDATE,1);
   ^
/home/satory-ra/Android/kernel/android_kernel_oukitel_orange/drivers/misc/mediatek/dispsys/mt6735/mt6735m/ddp_reg.h:1395:29: note: expected 'long unsigned int' but argument is of type 'volatile struct DSI_LFR_CON_REG *'
 static inline unsigned long disp_addr_convert(unsigned long va) 
                             ^
In file included from include/linux/linkage.h:4:0,
                 from include/linux/kernel.h:6,
                 from include/linux/delay.h:10,
                 from drivers/misc/mediatek/dispsys/mt6735/ddp_dsi.c:3:
drivers/misc/mediatek/dispsys/mt6735/ddp_dsi.c: In function 'DSI_PS_Control':
drivers/misc/mediatek/dispsys/mt6735/ddp_dsi.c:1037:24: warning: comparison between 'LCM_PS_TYPE' and 'enum <anonymous>' [-Wenum-compare]
  ASSERT(dsi_params->PS <= PACKED_PS_18BIT_RGB666);
                        ^
include/linux/compiler.h:153:42: note: in definition of macro 'unlikely'
 # define unlikely(x) __builtin_expect(!!(x), 0)
                                          ^
/home/satory-ra/Android/kernel/android_kernel_oukitel_orange/drivers/misc/mediatek/mach/mt6735/include/mach/mt_typedefs.h:210:33: note: in expansion of macro 'BUG_ON'
     #define ASSERT(expr)        BUG_ON(!(expr))
                                 ^
drivers/misc/mediatek/dispsys/mt6735/ddp_dsi.c:1037:2: note: in expansion of macro 'ASSERT'
  ASSERT(dsi_params->PS <= PACKED_PS_18BIT_RGB666);
  ^
drivers/misc/mediatek/dispsys/mt6735/ddp_dsi.c:1039:20: warning: comparison between 'LCM_PS_TYPE' and 'enum <anonymous>' [-Wenum-compare]
  if(dsi_params->PS > LOOSELY_PS_18BIT_RGB666)
                    ^
In file included from drivers/misc/mediatek/dispsys/mt6735/ddp_dsi.c:31:0:
/home/satory-ra/Android/kernel/android_kernel_oukitel_orange/drivers/misc/mediatek/dispsys/mt6735/mt6735m/ddp_reg.h:1413:3: warning: passing argument 2 of 'dprec_reg_op' makes integer from pointer without a cast
   dprec_reg_op(handle, reg32, val, mask);\
   ^
drivers/misc/mediatek/dispsys/mt6735/ddp_dsi.c:58:145: note: in expansion of macro 'DISP_REG_MASK'
   if(cmdq)  {*(unsigned int*)(&r) = ((unsigned int)0x00000000);r.bit = ~(r.bit);*(unsigned int*)(&v) = ((unsigned int)0x00000000);v.bit = value;DISP_REG_MASK(cmdq, &REG, AS_UINT32(&v), AS_UINT32(&r));}  \
                                                                                                                                                 ^
drivers/misc/mediatek/dispsys/mt6735/ddp_dsi.c:1055:3: note: in expansion of macro 'DSI_OUTREGBIT'
   DSI_OUTREGBIT(cmdq, DSI_VACT_NL_REG, DSI_REG[i]->DSI_VACT_NL, VACT_NL, h);
   ^
In file included from /home/satory-ra/Android/kernel/android_kernel_oukitel_orange/drivers/misc/mediatek/videox/mt6735/disp_drv_log.h:3:0,
                 from drivers/misc/mediatek/dispsys/mt6735/ddp_dsi.c:8:
/home/satory-ra/Android/kernel/android_kernel_oukitel_orange/drivers/misc/mediatek/dispsys/mt6735/display_recorder.h:136:6: note: expected 'unsigned int' but argument is of type 'volatile struct DSI_VACT_NL_REG *'
 void dprec_reg_op(void* cmdq, unsigned int reg, unsigned int val, unsigned int mask);
      ^
In file included from drivers/misc/mediatek/dispsys/mt6735/ddp_dsi.c:31:0:
/home/satory-ra/Android/kernel/android_kernel_oukitel_orange/drivers/misc/mediatek/dispsys/mt6735/mt6735m/ddp_reg.h:1420:25: warning: passing argument 1 of 'disp_addr_convert' makes integer from pointer without a cast
    cmdqRecWrite(handle, disp_addr_convert(reg32), val, mask); \
                         ^
drivers/misc/mediatek/dispsys/mt6735/ddp_dsi.c:58:145: note: in expansion of macro 'DISP_REG_MASK'
   if(cmdq)  {*(unsigned int*)(&r) = ((unsigned int)0x00000000);r.bit = ~(r.bit);*(unsigned int*)(&v) = ((unsigned int)0x00000000);v.bit = value;DISP_REG_MASK(cmdq, &REG, AS_UINT32(&v), AS_UINT32(&r));}  \
                                                                                                                                                 ^
drivers/misc/mediatek/dispsys/mt6735/ddp_dsi.c:1055:3: note: in expansion of macro 'DSI_OUTREGBIT'
   DSI_OUTREGBIT(cmdq, DSI_VACT_NL_REG, DSI_REG[i]->DSI_VACT_NL, VACT_NL, h);
   ^
/home/satory-ra/Android/kernel/android_kernel_oukitel_orange/drivers/misc/mediatek/dispsys/mt6735/mt6735m/ddp_reg.h:1395:29: note: expected 'long unsigned int' but argument is of type 'volatile struct DSI_VACT_NL_REG *'
 static inline unsigned long disp_addr_convert(unsigned long va) 
                             ^
/home/satory-ra/Android/kernel/android_kernel_oukitel_orange/drivers/misc/mediatek/dispsys/mt6735/mt6735m/ddp_reg.h:1486:17: warning: passing argument 2 of 'dprec_reg_op' makes integer from pointer without a cast
                 dprec_reg_op(handle, reg32, val, 0x00000000);\
                 ^
drivers/misc/mediatek/dispsys/mt6735/ddp_dsi.c:59:63: note: in expansion of macro 'DISP_REG_SET'
   else{mt_reg_sync_writel(INREG32(&REG),&r);r.bit = (value);  DISP_REG_SET(cmdq, &REG, INREG32(&r));}    \
                                                               ^
drivers/misc/mediatek/dispsys/mt6735/ddp_dsi.c:1055:3: note: in expansion of macro 'DSI_OUTREGBIT'
   DSI_OUTREGBIT(cmdq, DSI_VACT_NL_REG, DSI_REG[i]->DSI_VACT_NL, VACT_NL, h);
   ^
In file included from /home/satory-ra/Android/kernel/android_kernel_oukitel_orange/drivers/misc/mediatek/videox/mt6735/disp_drv_log.h:3:0,
                 from drivers/misc/mediatek/dispsys/mt6735/ddp_dsi.c:8:
/home/satory-ra/Android/kernel/android_kernel_oukitel_orange/drivers/misc/mediatek/dispsys/mt6735/display_recorder.h:136:6: note: expected 'unsigned int' but argument is of type 'volatile struct DSI_VACT_NL_REG *'
 void dprec_reg_op(void* cmdq, unsigned int reg, unsigned int val, unsigned int mask);
      ^
In file included from drivers/misc/mediatek/dispsys/mt6735/ddp_dsi.c:31:0:
/home/satory-ra/Android/kernel/android_kernel_oukitel_orange/drivers/misc/mediatek/dispsys/mt6735/mt6735m/ddp_reg.h:1487:38: warning: passing argument 1 of 'disp_addr_convert' makes integer from pointer without a cast
                 cmdqRecWrite(handle, disp_addr_convert(reg32), val, ~0); \
                                      ^
drivers/misc/mediatek/dispsys/mt6735/ddp_dsi.c:59:63: note: in expansion of macro 'DISP_REG_SET'
   else{mt_reg_sync_writel(INREG32(&REG),&r);r.bit = (value);  DISP_REG_SET(cmdq, &REG, INREG32(&r));}    \
                                                               ^
drivers/misc/mediatek/dispsys/mt6735/ddp_dsi.c:1055:3: note: in expansion of macro 'DSI_OUTREGBIT'
   DSI_OUTREGBIT(cmdq, DSI_VACT_NL_REG, DSI_REG[i]->DSI_VACT_NL, VACT_NL, h);
   ^
/home/satory-ra/Android/kernel/android_kernel_oukitel_orange/drivers/misc/mediatek/dispsys/mt6735/mt6735m/ddp_reg.h:1395:29: note: expected 'long unsigned int' but argument is of type 'volatile struct DSI_VACT_NL_REG *'
 static inline unsigned long disp_addr_convert(unsigned long va) 
                             ^
/home/satory-ra/Android/kernel/android_kernel_oukitel_orange/drivers/misc/mediatek/dispsys/mt6735/mt6735m/ddp_reg.h:1413:3: warning: passing argument 2 of 'dprec_reg_op' makes integer from pointer without a cast
   dprec_reg_op(handle, reg32, val, mask);\
   ^
drivers/misc/mediatek/dispsys/mt6735/ddp_dsi.c:58:145: note: in expansion of macro 'DISP_REG_MASK'
   if(cmdq)  {*(unsigned int*)(&r) = ((unsigned int)0x00000000);r.bit = ~(r.bit);*(unsigned int*)(&v) = ((unsigned int)0x00000000);v.bit = value;DISP_REG_MASK(cmdq, &REG, AS_UINT32(&v), AS_UINT32(&r));}  \
                                                                                                                                                 ^
drivers/misc/mediatek/dispsys/mt6735/ddp_dsi.c:1063:6: note: in expansion of macro 'DSI_OUTREGBIT'
      DSI_OUTREGBIT(cmdq, DSI_PSCTRL_REG, DSI_REG[i]->DSI_PSCTRL, DSI_PS_WC, (ufoe_internal_width/3)  * _dsi_ps_type_to_bpp(dsi_params->PS));
      ^
In file included from /home/satory-ra/Android/kernel/android_kernel_oukitel_orange/drivers/misc/mediatek/videox/mt6735/disp_drv_log.h:3:0,
                 from drivers/misc/mediatek/dispsys/mt6735/ddp_dsi.c:8:
/home/satory-ra/Android/kernel/android_kernel_oukitel_orange/drivers/misc/mediatek/dispsys/mt6735/display_recorder.h:136:6: note: expected 'unsigned int' but argument is of type 'volatile struct DSI_PSCTRL_REG *'
 void dprec_reg_op(void* cmdq, unsigned int reg, unsigned int val, unsigned int mask);
      ^
In file included from drivers/misc/mediatek/dispsys/mt6735/ddp_dsi.c:31:0:
/home/satory-ra/Android/kernel/android_kernel_oukitel_orange/drivers/misc/mediatek/dispsys/mt6735/mt6735m/ddp_reg.h:1420:25: warning: passing argument 1 of 'disp_addr_convert' makes integer from pointer without a cast
    cmdqRecWrite(handle, disp_addr_convert(reg32), val, mask); \
                         ^
drivers/misc/mediatek/dispsys/mt6735/ddp_dsi.c:58:145: note: in expansion of macro 'DISP_REG_MASK'
   if(cmdq)  {*(unsigned int*)(&r) = ((unsigned int)0x00000000);r.bit = ~(r.bit);*(unsigned int*)(&v) = ((unsigned int)0x00000000);v.bit = value;DISP_REG_MASK(cmdq, &REG, AS_UINT32(&v), AS_UINT32(&r));}  \
                                                                                                                                                 ^
drivers/misc/mediatek/dispsys/mt6735/ddp_dsi.c:1063:6: note: in expansion of macro 'DSI_OUTREGBIT'
      DSI_OUTREGBIT(cmdq, DSI_PSCTRL_REG, DSI_REG[i]->DSI_PSCTRL, DSI_PS_WC, (ufoe_internal_width/3)  * _dsi_ps_type_to_bpp(dsi_params->PS));
      ^
/home/satory-ra/Android/kernel/android_kernel_oukitel_orange/drivers/misc/mediatek/dispsys/mt6735/mt6735m/ddp_reg.h:1395:29: note: expected 'long unsigned int' but argument is of type 'volatile struct DSI_PSCTRL_REG *'
 static inline unsigned long disp_addr_convert(unsigned long va) 
                             ^
/home/satory-ra/Android/kernel/android_kernel_oukitel_orange/drivers/misc/mediatek/dispsys/mt6735/mt6735m/ddp_reg.h:1486:17: warning: passing argument 2 of 'dprec_reg_op' makes integer from pointer without a cast
                 dprec_reg_op(handle, reg32, val, 0x00000000);\
                 ^
drivers/misc/mediatek/dispsys/mt6735/ddp_dsi.c:59:63: note: in expansion of macro 'DISP_REG_SET'
   else{mt_reg_sync_writel(INREG32(&REG),&r);r.bit = (value);  DISP_REG_SET(cmdq, &REG, INREG32(&r));}    \
                                                               ^
drivers/misc/mediatek/dispsys/mt6735/ddp_dsi.c:1063:6: note: in expansion of macro 'DSI_OUTREGBIT'
      DSI_OUTREGBIT(cmdq, DSI_PSCTRL_REG, DSI_REG[i]->DSI_PSCTRL, DSI_PS_WC, (ufoe_internal_width/3)  * _dsi_ps_type_to_bpp(dsi_params->PS));
      ^
In file included from /home/satory-ra/Android/kernel/android_kernel_oukitel_orange/drivers/misc/mediatek/videox/mt6735/disp_drv_log.h:3:0,
                 from drivers/misc/mediatek/dispsys/mt6735/ddp_dsi.c:8:
/home/satory-ra/Android/kernel/android_kernel_oukitel_orange/drivers/misc/mediatek/dispsys/mt6735/display_recorder.h:136:6: note: expected 'unsigned int' but argument is of type 'volatile struct DSI_PSCTRL_REG *'
 void dprec_reg_op(void* cmdq, unsigned int reg, unsigned int val, unsigned int mask);
      ^
In file included from drivers/misc/mediatek/dispsys/mt6735/ddp_dsi.c:31:0:
/home/satory-ra/Android/kernel/android_kernel_oukitel_orange/drivers/misc/mediatek/dispsys/mt6735/mt6735m/ddp_reg.h:1487:38: warning: passing argument 1 of 'disp_addr_convert' makes integer from pointer without a cast
                 cmdqRecWrite(handle, disp_addr_convert(reg32), val, ~0); \
                                      ^
drivers/misc/mediatek/dispsys/mt6735/ddp_dsi.c:59:63: note: in expansion of macro 'DISP_REG_SET'
   else{mt_reg_sync_writel(INREG32(&REG),&r);r.bit = (value);  DISP_REG_SET(cmdq, &REG, INREG32(&r));}    \
                                                               ^
drivers/misc/mediatek/dispsys/mt6735/ddp_dsi.c:1063:6: note: in expansion of macro 'DSI_OUTREGBIT'
      DSI_OUTREGBIT(cmdq, DSI_PSCTRL_REG, DSI_REG[i]->DSI_PSCTRL, DSI_PS_WC, (ufoe_internal_width/3)  * _dsi_ps_type_to_bpp(dsi_params->PS));
      ^
/home/satory-ra/Android/kernel/android_kernel_oukitel_orange/drivers/misc/mediatek/dispsys/mt6735/mt6735m/ddp_reg.h:1395:29: note: expected 'long unsigned int' but argument is of type 'volatile struct DSI_PSCTRL_REG *'
 static inline unsigned long disp_addr_convert(unsigned long va) 
                             ^
/home/satory-ra/Android/kernel/android_kernel_oukitel_orange/drivers/misc/mediatek/dispsys/mt6735/mt6735m/ddp_reg.h:1413:3: warning: passing argument 2 of 'dprec_reg_op' makes integer from pointer without a cast
   dprec_reg_op(handle, reg32, val, mask);\
   ^
drivers/misc/mediatek/dispsys/mt6735/ddp_dsi.c:58:145: note: in expansion of macro 'DISP_REG_MASK'
   if(cmdq)  {*(unsigned int*)(&r) = ((unsigned int)0x00000000);r.bit = ~(r.bit);*(unsigned int*)(&v) = ((unsigned int)0x00000000);v.bit = value;DISP_REG_MASK(cmdq, &REG, AS_UINT32(&v), AS_UINT32(&r));}  \
                                                                                                                                                 ^
drivers/misc/mediatek/dispsys/mt6735/ddp_dsi.c:1069:6: note: in expansion of macro 'DSI_OUTREGBIT'
      DSI_OUTREGBIT(cmdq, DSI_PSCTRL_REG, DSI_REG[i]->DSI_PSCTRL, DSI_PS_WC, temp_w  * _dsi_ps_type_to_bpp(dsi_params->PS));
      ^
In file included from /home/satory-ra/Android/kernel/android_kernel_oukitel_orange/drivers/misc/mediatek/videox/mt6735/disp_drv_log.h:3:0,
                 from drivers/misc/mediatek/dispsys/mt6735/ddp_dsi.c:8:
/home/satory-ra/Android/kernel/android_kernel_oukitel_orange/drivers/misc/mediatek/dispsys/mt6735/display_recorder.h:136:6: note: expected 'unsigned int' but argument is of type 'volatile struct DSI_PSCTRL_REG *'
 void dprec_reg_op(void* cmdq, unsigned int reg, unsigned int val, unsigned int mask);
      ^
In file included from drivers/misc/mediatek/dispsys/mt6735/ddp_dsi.c:31:0:
/home/satory-ra/Android/kernel/android_kernel_oukitel_orange/drivers/misc/mediatek/dispsys/mt6735/mt6735m/ddp_reg.h:1420:25: warning: passing argument 1 of 'disp_addr_convert' makes integer from pointer without a cast
    cmdqRecWrite(handle, disp_addr_convert(reg32), val, mask); \
                         ^
drivers/misc/mediatek/dispsys/mt6735/ddp_dsi.c:58:145: note: in expansion of macro 'DISP_REG_MASK'
   if(cmdq)  {*(unsigned int*)(&r) = ((unsigned int)0x00000000);r.bit = ~(r.bit);*(unsigned int*)(&v) = ((unsigned int)0x00000000);v.bit = value;DISP_REG_MASK(cmdq, &REG, AS_UINT32(&v), AS_UINT32(&r));}  \
                                                                                                                                                 ^
drivers/misc/mediatek/dispsys/mt6735/ddp_dsi.c:1069:6: note: in expansion of macro 'DSI_OUTREGBIT'
      DSI_OUTREGBIT(cmdq, DSI_PSCTRL_REG, DSI_REG[i]->DSI_PSCTRL, DSI_PS_WC, temp_w  * _dsi_ps_type_to_bpp(dsi_params->PS));
      ^
/home/satory-ra/Android/kernel/android_kernel_oukitel_orange/drivers/misc/mediatek/dispsys/mt6735/mt6735m/ddp_reg.h:1395:29: note: expected 'long unsigned int' but argument is of type 'volatile struct DSI_PSCTRL_REG *'
 static inline unsigned long disp_addr_convert(unsigned long va) 
                             ^
/home/satory-ra/Android/kernel/android_kernel_oukitel_orange/drivers/misc/mediatek/dispsys/mt6735/mt6735m/ddp_reg.h:1486:17: warning: passing argument 2 of 'dprec_reg_op' makes integer from pointer without a cast
                 dprec_reg_op(handle, reg32, val, 0x00000000);\
                 ^
drivers/misc/mediatek/dispsys/mt6735/ddp_dsi.c:59:63: note: in expansion of macro 'DISP_REG_SET'
   else{mt_reg_sync_writel(INREG32(&REG),&r);r.bit = (value);  DISP_REG_SET(cmdq, &REG, INREG32(&r));}    \
                                                               ^
drivers/misc/mediatek/dispsys/mt6735/ddp_dsi.c:1069:6: note: in expansion of macro 'DSI_OUTREGBIT'
      DSI_OUTREGBIT(cmdq, DSI_PSCTRL_REG, DSI_REG[i]->DSI_PSCTRL, DSI_PS_WC, temp_w  * _dsi_ps_type_to_bpp(dsi_params->PS));
      ^
  CC      drivers/misc/mediatek/connectivity/conn_soc/drv_wlan/mt_wifi/wlan/mgmt/stats.o
In file included from /home/satory-ra/Android/kernel/android_kernel_oukitel_orange/drivers/misc/mediatek/videox/mt6735/disp_drv_log.h:3:0,
                 from drivers/misc/mediatek/dispsys/mt6735/ddp_dsi.c:8:
/home/satory-ra/Android/kernel/android_kernel_oukitel_orange/drivers/misc/mediatek/dispsys/mt6735/display_recorder.h:136:6: note: expected 'unsigned int' but argument is of type 'volatile struct DSI_PSCTRL_REG *'
 void dprec_reg_op(void* cmdq, unsigned int reg, unsigned int val, unsigned int mask);
      ^
In file included from drivers/misc/mediatek/dispsys/mt6735/ddp_dsi.c:31:0:
/home/satory-ra/Android/kernel/android_kernel_oukitel_orange/drivers/misc/mediatek/dispsys/mt6735/mt6735m/ddp_reg.h:1487:38: warning: passing argument 1 of 'disp_addr_convert' makes integer from pointer without a cast
                 cmdqRecWrite(handle, disp_addr_convert(reg32), val, ~0); \
                                      ^
drivers/misc/mediatek/dispsys/mt6735/ddp_dsi.c:59:63: note: in expansion of macro 'DISP_REG_SET'
   else{mt_reg_sync_writel(INREG32(&REG),&r);r.bit = (value);  DISP_REG_SET(cmdq, &REG, INREG32(&r));}    \
                                                               ^
drivers/misc/mediatek/dispsys/mt6735/ddp_dsi.c:1069:6: note: in expansion of macro 'DSI_OUTREGBIT'
      DSI_OUTREGBIT(cmdq, DSI_PSCTRL_REG, DSI_REG[i]->DSI_PSCTRL, DSI_PS_WC, temp_w  * _dsi_ps_type_to_bpp(dsi_params->PS));
      ^
/home/satory-ra/Android/kernel/android_kernel_oukitel_orange/drivers/misc/mediatek/dispsys/mt6735/mt6735m/ddp_reg.h:1395:29: note: expected 'long unsigned int' but argument is of type 'volatile struct DSI_PSCTRL_REG *'
 static inline unsigned long disp_addr_convert(unsigned long va) 
                             ^
/home/satory-ra/Android/kernel/android_kernel_oukitel_orange/drivers/misc/mediatek/dispsys/mt6735/mt6735m/ddp_reg.h:1413:3: warning: passing argument 2 of 'dprec_reg_op' makes integer from pointer without a cast
   dprec_reg_op(handle, reg32, val, mask);\
   ^
drivers/misc/mediatek/dispsys/mt6735/ddp_dsi.c:58:145: note: in expansion of macro 'DISP_REG_MASK'
   if(cmdq)  {*(unsigned int*)(&r) = ((unsigned int)0x00000000);r.bit = ~(r.bit);*(unsigned int*)(&v) = ((unsigned int)0x00000000);v.bit = value;DISP_REG_MASK(cmdq, &REG, AS_UINT32(&v), AS_UINT32(&r));}  \
                                                                                                                                                 ^
drivers/misc/mediatek/dispsys/mt6735/ddp_dsi.c:1073:5: note: in expansion of macro 'DSI_OUTREGBIT'
     DSI_OUTREGBIT(cmdq, DSI_PSCTRL_REG, DSI_REG[i]->DSI_PSCTRL, DSI_PS_WC, ( w+w%4)/2 * _dsi_ps_type_to_bpp(dsi_params->PS));
     ^
In file included from /home/satory-ra/Android/kernel/android_kernel_oukitel_orange/drivers/misc/mediatek/videox/mt6735/disp_drv_log.h:3:0,
                 from drivers/misc/mediatek/dispsys/mt6735/ddp_dsi.c:8:
/home/satory-ra/Android/kernel/android_kernel_oukitel_orange/drivers/misc/mediatek/dispsys/mt6735/display_recorder.h:136:6: note: expected 'unsigned int' but argument is of type 'volatile struct DSI_PSCTRL_REG *'
 void dprec_reg_op(void* cmdq, unsigned int reg, unsigned int val, unsigned int mask);
      ^
In file included from drivers/misc/mediatek/dispsys/mt6735/ddp_dsi.c:31:0:
/home/satory-ra/Android/kernel/android_kernel_oukitel_orange/drivers/misc/mediatek/dispsys/mt6735/mt6735m/ddp_reg.h:1420:25: warning: passing argument 1 of 'disp_addr_convert' makes integer from pointer without a cast
    cmdqRecWrite(handle, disp_addr_convert(reg32), val, mask); \
                         ^
drivers/misc/mediatek/dispsys/mt6735/ddp_dsi.c:58:145: note: in expansion of macro 'DISP_REG_MASK'
   if(cmdq)  {*(unsigned int*)(&r) = ((unsigned int)0x00000000);r.bit = ~(r.bit);*(unsigned int*)(&v) = ((unsigned int)0x00000000);v.bit = value;DISP_REG_MASK(cmdq, &REG, AS_UINT32(&v), AS_UINT32(&r));}  \
                                                                                                                                                 ^
drivers/misc/mediatek/dispsys/mt6735/ddp_dsi.c:1073:5: note: in expansion of macro 'DSI_OUTREGBIT'
     DSI_OUTREGBIT(cmdq, DSI_PSCTRL_REG, DSI_REG[i]->DSI_PSCTRL, DSI_PS_WC, ( w+w%4)/2 * _dsi_ps_type_to_bpp(dsi_params->PS));
     ^
/home/satory-ra/Android/kernel/android_kernel_oukitel_orange/drivers/misc/mediatek/dispsys/mt6735/mt6735m/ddp_reg.h:1395:29: note: expected 'long unsigned int' but argument is of type 'volatile struct DSI_PSCTRL_REG *'
 static inline unsigned long disp_addr_convert(unsigned long va) 
                             ^
/home/satory-ra/Android/kernel/android_kernel_oukitel_orange/drivers/misc/mediatek/dispsys/mt6735/mt6735m/ddp_reg.h:1486:17: warning: passing argument 2 of 'dprec_reg_op' makes integer from pointer without a cast
                 dprec_reg_op(handle, reg32, val, 0x00000000);\
                 ^
drivers/misc/mediatek/dispsys/mt6735/ddp_dsi.c:59:63: note: in expansion of macro 'DISP_REG_SET'
   else{mt_reg_sync_writel(INREG32(&REG),&r);r.bit = (value);  DISP_REG_SET(cmdq, &REG, INREG32(&r));}    \
                                                               ^
drivers/misc/mediatek/dispsys/mt6735/ddp_dsi.c:1073:5: note: in expansion of macro 'DSI_OUTREGBIT'
     DSI_OUTREGBIT(cmdq, DSI_PSCTRL_REG, DSI_REG[i]->DSI_PSCTRL, DSI_PS_WC, ( w+w%4)/2 * _dsi_ps_type_to_bpp(dsi_params->PS));
     ^
In file included from /home/satory-ra/Android/kernel/android_kernel_oukitel_orange/drivers/misc/mediatek/videox/mt6735/disp_drv_log.h:3:0,
                 from drivers/misc/mediatek/dispsys/mt6735/ddp_dsi.c:8:
/home/satory-ra/Android/kernel/android_kernel_oukitel_orange/drivers/misc/mediatek/dispsys/mt6735/display_recorder.h:136:6: note: expected 'unsigned int' but argument is of type 'volatile struct DSI_PSCTRL_REG *'
 void dprec_reg_op(void* cmdq, unsigned int reg, unsigned int val, unsigned int mask);
      ^
In file included from drivers/misc/mediatek/dispsys/mt6735/ddp_dsi.c:31:0:
/home/satory-ra/Android/kernel/android_kernel_oukitel_orange/drivers/misc/mediatek/dispsys/mt6735/mt6735m/ddp_reg.h:1487:38: warning: passing argument 1 of 'disp_addr_convert' makes integer from pointer without a cast
                 cmdqRecWrite(handle, disp_addr_convert(reg32), val, ~0); \
                                      ^
drivers/misc/mediatek/dispsys/mt6735/ddp_dsi.c:59:63: note: in expansion of macro 'DISP_REG_SET'
   else{mt_reg_sync_writel(INREG32(&REG),&r);r.bit = (value);  DISP_REG_SET(cmdq, &REG, INREG32(&r));}    \
                                                               ^
drivers/misc/mediatek/dispsys/mt6735/ddp_dsi.c:1073:5: note: in expansion of macro 'DSI_OUTREGBIT'
     DSI_OUTREGBIT(cmdq, DSI_PSCTRL_REG, DSI_REG[i]->DSI_PSCTRL, DSI_PS_WC, ( w+w%4)/2 * _dsi_ps_type_to_bpp(dsi_params->PS));
     ^
/home/satory-ra/Android/kernel/android_kernel_oukitel_orange/drivers/misc/mediatek/dispsys/mt6735/mt6735m/ddp_reg.h:1395:29: note: expected 'long unsigned int' but argument is of type 'volatile struct DSI_PSCTRL_REG *'
 static inline unsigned long disp_addr_convert(unsigned long va) 
                             ^
/home/satory-ra/Android/kernel/android_kernel_oukitel_orange/drivers/misc/mediatek/dispsys/mt6735/mt6735m/ddp_reg.h:1413:3: warning: passing argument 2 of 'dprec_reg_op' makes integer from pointer without a cast
   dprec_reg_op(handle, reg32, val, mask);\
   ^
drivers/misc/mediatek/dispsys/mt6735/ddp_dsi.c:58:145: note: in expansion of macro 'DISP_REG_MASK'
   if(cmdq)  {*(unsigned int*)(&r) = ((unsigned int)0x00000000);r.bit = ~(r.bit);*(unsigned int*)(&v) = ((unsigned int)0x00000000);v.bit = value;DISP_REG_MASK(cmdq, &REG, AS_UINT32(&v), AS_UINT32(&r));}  \
                                                                                                                                                 ^
drivers/misc/mediatek/dispsys/mt6735/ddp_dsi.c:1077:4: note: in expansion of macro 'DSI_OUTREGBIT'
    DSI_OUTREGBIT(cmdq, DSI_PSCTRL_REG, DSI_REG[i]->DSI_PSCTRL, DSI_PS_WC,  w * _dsi_ps_type_to_bpp(dsi_params->PS));
    ^
In file included from /home/satory-ra/Android/kernel/android_kernel_oukitel_orange/drivers/misc/mediatek/videox/mt6735/disp_drv_log.h:3:0,
                 from drivers/misc/mediatek/dispsys/mt6735/ddp_dsi.c:8:
/home/satory-ra/Android/kernel/android_kernel_oukitel_orange/drivers/misc/mediatek/dispsys/mt6735/display_recorder.h:136:6: note: expected 'unsigned int' but argument is of type 'volatile struct DSI_PSCTRL_REG *'
 void dprec_reg_op(void* cmdq, unsigned int reg, unsigned int val, unsigned int mask);
      ^
In file included from drivers/misc/mediatek/dispsys/mt6735/ddp_dsi.c:31:0:
/home/satory-ra/Android/kernel/android_kernel_oukitel_orange/drivers/misc/mediatek/dispsys/mt6735/mt6735m/ddp_reg.h:1420:25: warning: passing argument 1 of 'disp_addr_convert' makes integer from pointer without a cast
    cmdqRecWrite(handle, disp_addr_convert(reg32), val, mask); \
                         ^
drivers/misc/mediatek/dispsys/mt6735/ddp_dsi.c:58:145: note: in expansion of macro 'DISP_REG_MASK'
   if(cmdq)  {*(unsigned int*)(&r) = ((unsigned int)0x00000000);r.bit = ~(r.bit);*(unsigned int*)(&v) = ((unsigned int)0x00000000);v.bit = value;DISP_REG_MASK(cmdq, &REG, AS_UINT32(&v), AS_UINT32(&r));}  \
                                                                                                                                                 ^
drivers/misc/mediatek/dispsys/mt6735/ddp_dsi.c:1077:4: note: in expansion of macro 'DSI_OUTREGBIT'
    DSI_OUTREGBIT(cmdq, DSI_PSCTRL_REG, DSI_REG[i]->DSI_PSCTRL, DSI_PS_WC,  w * _dsi_ps_type_to_bpp(dsi_params->PS));
    ^
/home/satory-ra/Android/kernel/android_kernel_oukitel_orange/drivers/misc/mediatek/dispsys/mt6735/mt6735m/ddp_reg.h:1395:29: note: expected 'long unsigned int' but argument is of type 'volatile struct DSI_PSCTRL_REG *'
 static inline unsigned long disp_addr_convert(unsigned long va) 
                             ^
/home/satory-ra/Android/kernel/android_kernel_oukitel_orange/drivers/misc/mediatek/dispsys/mt6735/mt6735m/ddp_reg.h:1486:17: warning: passing argument 2 of 'dprec_reg_op' makes integer from pointer without a cast
                 dprec_reg_op(handle, reg32, val, 0x00000000);\
                 ^
drivers/misc/mediatek/dispsys/mt6735/ddp_dsi.c:59:63: note: in expansion of macro 'DISP_REG_SET'
   else{mt_reg_sync_writel(INREG32(&REG),&r);r.bit = (value);  DISP_REG_SET(cmdq, &REG, INREG32(&r));}    \
                                                               ^
drivers/misc/mediatek/dispsys/mt6735/ddp_dsi.c:1077:4: note: in expansion of macro 'DSI_OUTREGBIT'
    DSI_OUTREGBIT(cmdq, DSI_PSCTRL_REG, DSI_REG[i]->DSI_PSCTRL, DSI_PS_WC,  w * _dsi_ps_type_to_bpp(dsi_params->PS));
    ^
In file included from /home/satory-ra/Android/kernel/android_kernel_oukitel_orange/drivers/misc/mediatek/videox/mt6735/disp_drv_log.h:3:0,
                 from drivers/misc/mediatek/dispsys/mt6735/ddp_dsi.c:8:
/home/satory-ra/Android/kernel/android_kernel_oukitel_orange/drivers/misc/mediatek/dispsys/mt6735/display_recorder.h:136:6: note: expected 'unsigned int' but argument is of type 'volatile struct DSI_PSCTRL_REG *'
 void dprec_reg_op(void* cmdq, unsigned int reg, unsigned int val, unsigned int mask);
      ^
In file included from drivers/misc/mediatek/dispsys/mt6735/ddp_dsi.c:31:0:
/home/satory-ra/Android/kernel/android_kernel_oukitel_orange/drivers/misc/mediatek/dispsys/mt6735/mt6735m/ddp_reg.h:1487:38: warning: passing argument 1 of 'disp_addr_convert' makes integer from pointer without a cast
                 cmdqRecWrite(handle, disp_addr_convert(reg32), val, ~0); \
                                      ^
drivers/misc/mediatek/dispsys/mt6735/ddp_dsi.c:59:63: note: in expansion of macro 'DISP_REG_SET'
   else{mt_reg_sync_writel(INREG32(&REG),&r);r.bit = (value);  DISP_REG_SET(cmdq, &REG, INREG32(&r));}    \
                                                               ^
drivers/misc/mediatek/dispsys/mt6735/ddp_dsi.c:1077:4: note: in expansion of macro 'DSI_OUTREGBIT'
    DSI_OUTREGBIT(cmdq, DSI_PSCTRL_REG, DSI_REG[i]->DSI_PSCTRL, DSI_PS_WC,  w * _dsi_ps_type_to_bpp(dsi_params->PS));
    ^
/home/satory-ra/Android/kernel/android_kernel_oukitel_orange/drivers/misc/mediatek/dispsys/mt6735/mt6735m/ddp_reg.h:1395:29: note: expected 'long unsigned int' but argument is of type 'volatile struct DSI_PSCTRL_REG *'
 static inline unsigned long disp_addr_convert(unsigned long va) 
                             ^
/home/satory-ra/Android/kernel/android_kernel_oukitel_orange/drivers/misc/mediatek/dispsys/mt6735/mt6735m/ddp_reg.h:1413:3: warning: passing argument 2 of 'dprec_reg_op' makes integer from pointer without a cast
   dprec_reg_op(handle, reg32, val, mask);\
   ^
drivers/misc/mediatek/dispsys/mt6735/ddp_dsi.c:58:145: note: in expansion of macro 'DISP_REG_MASK'
   if(cmdq)  {*(unsigned int*)(&r) = ((unsigned int)0x00000000);r.bit = ~(r.bit);*(unsigned int*)(&v) = ((unsigned int)0x00000000);v.bit = value;DISP_REG_MASK(cmdq, &REG, AS_UINT32(&v), AS_UINT32(&r));}  \
                                                                                                                                                 ^
drivers/misc/mediatek/dispsys/mt6735/ddp_dsi.c:1080:3: note: in expansion of macro 'DSI_OUTREGBIT'
   DSI_OUTREGBIT(cmdq, DSI_PSCTRL_REG, DSI_REG[i]->DSI_PSCTRL, DSI_PS_SEL, ps_sel_bitvalue);
   ^
In file included from /home/satory-ra/Android/kernel/android_kernel_oukitel_orange/drivers/misc/mediatek/videox/mt6735/disp_drv_log.h:3:0,
                 from drivers/misc/mediatek/dispsys/mt6735/ddp_dsi.c:8:
/home/satory-ra/Android/kernel/android_kernel_oukitel_orange/drivers/misc/mediatek/dispsys/mt6735/display_recorder.h:136:6: note: expected 'unsigned int' but argument is of type 'volatile struct DSI_PSCTRL_REG *'
 void dprec_reg_op(void* cmdq, unsigned int reg, unsigned int val, unsigned int mask);
      ^
In file included from drivers/misc/mediatek/dispsys/mt6735/ddp_dsi.c:31:0:
/home/satory-ra/Android/kernel/android_kernel_oukitel_orange/drivers/misc/mediatek/dispsys/mt6735/mt6735m/ddp_reg.h:1420:25: warning: passing argument 1 of 'disp_addr_convert' makes integer from pointer without a cast
    cmdqRecWrite(handle, disp_addr_convert(reg32), val, mask); \
                         ^
drivers/misc/mediatek/dispsys/mt6735/ddp_dsi.c:58:145: note: in expansion of macro 'DISP_REG_MASK'
   if(cmdq)  {*(unsigned int*)(&r) = ((unsigned int)0x00000000);r.bit = ~(r.bit);*(unsigned int*)(&v) = ((unsigned int)0x00000000);v.bit = value;DISP_REG_MASK(cmdq, &REG, AS_UINT32(&v), AS_UINT32(&r));}  \
                                                                                                                                                 ^
drivers/misc/mediatek/dispsys/mt6735/ddp_dsi.c:1080:3: note: in expansion of macro 'DSI_OUTREGBIT'
   DSI_OUTREGBIT(cmdq, DSI_PSCTRL_REG, DSI_REG[i]->DSI_PSCTRL, DSI_PS_SEL, ps_sel_bitvalue);
   ^
/home/satory-ra/Android/kernel/android_kernel_oukitel_orange/drivers/misc/mediatek/dispsys/mt6735/mt6735m/ddp_reg.h:1395:29: note: expected 'long unsigned int' but argument is of type 'volatile struct DSI_PSCTRL_REG *'
 static inline unsigned long disp_addr_convert(unsigned long va) 
                             ^
/home/satory-ra/Android/kernel/android_kernel_oukitel_orange/drivers/misc/mediatek/dispsys/mt6735/mt6735m/ddp_reg.h:1486:17: warning: passing argument 2 of 'dprec_reg_op' makes integer from pointer without a cast
                 dprec_reg_op(handle, reg32, val, 0x00000000);\
                 ^
drivers/misc/mediatek/dispsys/mt6735/ddp_dsi.c:59:63: note: in expansion of macro 'DISP_REG_SET'
   else{mt_reg_sync_writel(INREG32(&REG),&r);r.bit = (value);  DISP_REG_SET(cmdq, &REG, INREG32(&r));}    \
                                                               ^
drivers/misc/mediatek/dispsys/mt6735/ddp_dsi.c:1080:3: note: in expansion of macro 'DSI_OUTREGBIT'
   DSI_OUTREGBIT(cmdq, DSI_PSCTRL_REG, DSI_REG[i]->DSI_PSCTRL, DSI_PS_SEL, ps_sel_bitvalue);
   ^
In file included from /home/satory-ra/Android/kernel/android_kernel_oukitel_orange/drivers/misc/mediatek/videox/mt6735/disp_drv_log.h:3:0,
                 from drivers/misc/mediatek/dispsys/mt6735/ddp_dsi.c:8:
/home/satory-ra/Android/kernel/android_kernel_oukitel_orange/drivers/misc/mediatek/dispsys/mt6735/display_recorder.h:136:6: note: expected 'unsigned int' but argument is of type 'volatile struct DSI_PSCTRL_REG *'
 void dprec_reg_op(void* cmdq, unsigned int reg, unsigned int val, unsigned int mask);
      ^
In file included from drivers/misc/mediatek/dispsys/mt6735/ddp_dsi.c:31:0:
/home/satory-ra/Android/kernel/android_kernel_oukitel_orange/drivers/misc/mediatek/dispsys/mt6735/mt6735m/ddp_reg.h:1487:38: warning: passing argument 1 of 'disp_addr_convert' makes integer from pointer without a cast
                 cmdqRecWrite(handle, disp_addr_convert(reg32), val, ~0); \
                                      ^
drivers/misc/mediatek/dispsys/mt6735/ddp_dsi.c:59:63: note: in expansion of macro 'DISP_REG_SET'
   else{mt_reg_sync_writel(INREG32(&REG),&r);r.bit = (value);  DISP_REG_SET(cmdq, &REG, INREG32(&r));}    \
                                                               ^
drivers/misc/mediatek/dispsys/mt6735/ddp_dsi.c:1080:3: note: in expansion of macro 'DSI_OUTREGBIT'
   DSI_OUTREGBIT(cmdq, DSI_PSCTRL_REG, DSI_REG[i]->DSI_PSCTRL, DSI_PS_SEL, ps_sel_bitvalue);
   ^
/home/satory-ra/Android/kernel/android_kernel_oukitel_orange/drivers/misc/mediatek/dispsys/mt6735/mt6735m/ddp_reg.h:1395:29: note: expected 'long unsigned int' but argument is of type 'volatile struct DSI_PSCTRL_REG *'
 static inline unsigned long disp_addr_convert(unsigned long va) 
                             ^
drivers/misc/mediatek/dispsys/mt6735/ddp_dsi.c: In function 'DSI_TXRX_Control':
/home/satory-ra/Android/kernel/android_kernel_oukitel_orange/drivers/misc/mediatek/dispsys/mt6735/mt6735m/ddp_reg.h:1413:3: warning: passing argument 2 of 'dprec_reg_op' makes integer from pointer without a cast
   dprec_reg_op(handle, reg32, val, mask);\
   ^
drivers/misc/mediatek/dispsys/mt6735/ddp_dsi.c:58:145: note: in expansion of macro 'DISP_REG_MASK'
   if(cmdq)  {*(unsigned int*)(&r) = ((unsigned int)0x00000000);r.bit = ~(r.bit);*(unsigned int*)(&v) = ((unsigned int)0x00000000);v.bit = value;DISP_REG_MASK(cmdq, &REG, AS_UINT32(&v), AS_UINT32(&r));}  \
                                                                                                                                                 ^
drivers/misc/mediatek/dispsys/mt6735/ddp_dsi.c:1110:3: note: in expansion of macro 'DSI_OUTREGBIT'
   DSI_OUTREGBIT(cmdq, DSI_TXRX_CTRL_REG,DSI_REG[i]->DSI_TXRX_CTRL,VC_NUM,   vc_num);
   ^
In file included from /home/satory-ra/Android/kernel/android_kernel_oukitel_orange/drivers/misc/mediatek/videox/mt6735/disp_drv_log.h:3:0,
                 from drivers/misc/mediatek/dispsys/mt6735/ddp_dsi.c:8:
/home/satory-ra/Android/kernel/android_kernel_oukitel_orange/drivers/misc/mediatek/dispsys/mt6735/display_recorder.h:136:6: note: expected 'unsigned int' but argument is of type 'volatile struct DSI_TXRX_CTRL_REG *'
 void dprec_reg_op(void* cmdq, unsigned int reg, unsigned int val, unsigned int mask);
      ^
In file included from drivers/misc/mediatek/dispsys/mt6735/ddp_dsi.c:31:0:
/home/satory-ra/Android/kernel/android_kernel_oukitel_orange/drivers/misc/mediatek/dispsys/mt6735/mt6735m/ddp_reg.h:1420:25: warning: passing argument 1 of 'disp_addr_convert' makes integer from pointer without a cast
    cmdqRecWrite(handle, disp_addr_convert(reg32), val, mask); \
                         ^
drivers/misc/mediatek/dispsys/mt6735/ddp_dsi.c:58:145: note: in expansion of macro 'DISP_REG_MASK'
   if(cmdq)  {*(unsigned int*)(&r) = ((unsigned int)0x00000000);r.bit = ~(r.bit);*(unsigned int*)(&v) = ((unsigned int)0x00000000);v.bit = value;DISP_REG_MASK(cmdq, &REG, AS_UINT32(&v), AS_UINT32(&r));}  \
                                                                                                                                                 ^
drivers/misc/mediatek/dispsys/mt6735/ddp_dsi.c:1110:3: note: in expansion of macro 'DSI_OUTREGBIT'
   DSI_OUTREGBIT(cmdq, DSI_TXRX_CTRL_REG,DSI_REG[i]->DSI_TXRX_CTRL,VC_NUM,   vc_num);
   ^
/home/satory-ra/Android/kernel/android_kernel_oukitel_orange/drivers/misc/mediatek/dispsys/mt6735/mt6735m/ddp_reg.h:1395:29: note: expected 'long unsigned int' but argument is of type 'volatile struct DSI_TXRX_CTRL_REG *'
 static inline unsigned long disp_addr_convert(unsigned long va) 
                             ^
/home/satory-ra/Android/kernel/android_kernel_oukitel_orange/drivers/misc/mediatek/dispsys/mt6735/mt6735m/ddp_reg.h:1486:17: warning: passing argument 2 of 'dprec_reg_op' makes integer from pointer without a cast
                 dprec_reg_op(handle, reg32, val, 0x00000000);\
                 ^
drivers/misc/mediatek/dispsys/mt6735/ddp_dsi.c:59:63: note: in expansion of macro 'DISP_REG_SET'
   else{mt_reg_sync_writel(INREG32(&REG),&r);r.bit = (value);  DISP_REG_SET(cmdq, &REG, INREG32(&r));}    \
                                                               ^
drivers/misc/mediatek/dispsys/mt6735/ddp_dsi.c:1110:3: note: in expansion of macro 'DSI_OUTREGBIT'
   DSI_OUTREGBIT(cmdq, DSI_TXRX_CTRL_REG,DSI_REG[i]->DSI_TXRX_CTRL,VC_NUM,   vc_num);
   ^
In file included from /home/satory-ra/Android/kernel/android_kernel_oukitel_orange/drivers/misc/mediatek/videox/mt6735/disp_drv_log.h:3:0,
                 from drivers/misc/mediatek/dispsys/mt6735/ddp_dsi.c:8:
/home/satory-ra/Android/kernel/android_kernel_oukitel_orange/drivers/misc/mediatek/dispsys/mt6735/display_recorder.h:136:6: note: expected 'unsigned int' but argument is of type 'volatile struct DSI_TXRX_CTRL_REG *'
 void dprec_reg_op(void* cmdq, unsigned int reg, unsigned int val, unsigned int mask);
      ^
  CC      net/netfilter/xt_statistic.o
In file included from drivers/misc/mediatek/dispsys/mt6735/ddp_dsi.c:31:0:
/home/satory-ra/Android/kernel/android_kernel_oukitel_orange/drivers/misc/mediatek/dispsys/mt6735/mt6735m/ddp_reg.h:1487:38: warning: passing argument 1 of 'disp_addr_convert' makes integer from pointer without a cast
                 cmdqRecWrite(handle, disp_addr_convert(reg32), val, ~0); \
                                      ^
drivers/misc/mediatek/dispsys/mt6735/ddp_dsi.c:59:63: note: in expansion of macro 'DISP_REG_SET'
   else{mt_reg_sync_writel(INREG32(&REG),&r);r.bit = (value);  DISP_REG_SET(cmdq, &REG, INREG32(&r));}    \
                                                               ^
drivers/misc/mediatek/dispsys/mt6735/ddp_dsi.c:1110:3: note: in expansion of macro 'DSI_OUTREGBIT'
   DSI_OUTREGBIT(cmdq, DSI_TXRX_CTRL_REG,DSI_REG[i]->DSI_TXRX_CTRL,VC_NUM,   vc_num);
   ^
/home/satory-ra/Android/kernel/android_kernel_oukitel_orange/drivers/misc/mediatek/dispsys/mt6735/mt6735m/ddp_reg.h:1395:29: note: expected 'long unsigned int' but argument is of type 'volatile struct DSI_TXRX_CTRL_REG *'
 static inline unsigned long disp_addr_convert(unsigned long va) 
                             ^
/home/satory-ra/Android/kernel/android_kernel_oukitel_orange/drivers/misc/mediatek/dispsys/mt6735/mt6735m/ddp_reg.h:1413:3: warning: passing argument 2 of 'dprec_reg_op' makes integer from pointer without a cast
   dprec_reg_op(handle, reg32, val, mask);\
   ^
drivers/misc/mediatek/dispsys/mt6735/ddp_dsi.c:58:145: note: in expansion of macro 'DISP_REG_MASK'
   if(cmdq)  {*(unsigned int*)(&r) = ((unsigned int)0x00000000);r.bit = ~(r.bit);*(unsigned int*)(&v) = ((unsigned int)0x00000000);v.bit = value;DISP_REG_MASK(cmdq, &REG, AS_UINT32(&v), AS_UINT32(&r));}  \
                                                                                                                                                 ^
drivers/misc/mediatek/dispsys/mt6735/ddp_dsi.c:1111:3: note: in expansion of macro 'DSI_OUTREGBIT'
   DSI_OUTREGBIT(cmdq, DSI_TXRX_CTRL_REG,DSI_REG[i]->DSI_TXRX_CTRL,DIS_EOT,  dis_eotp_en);
   ^
In file included from /home/satory-ra/Android/kernel/android_kernel_oukitel_orange/drivers/misc/mediatek/videox/mt6735/disp_drv_log.h:3:0,
                 from drivers/misc/mediatek/dispsys/mt6735/ddp_dsi.c:8:
/home/satory-ra/Android/kernel/android_kernel_oukitel_orange/drivers/misc/mediatek/dispsys/mt6735/display_recorder.h:136:6: note: expected 'unsigned int' but argument is of type 'volatile struct DSI_TXRX_CTRL_REG *'
 void dprec_reg_op(void* cmdq, unsigned int reg, unsigned int val, unsigned int mask);
      ^
In file included from drivers/misc/mediatek/dispsys/mt6735/ddp_dsi.c:31:0:
/home/satory-ra/Android/kernel/android_kernel_oukitel_orange/drivers/misc/mediatek/dispsys/mt6735/mt6735m/ddp_reg.h:1420:25: warning: passing argument 1 of 'disp_addr_convert' makes integer from pointer without a cast
    cmdqRecWrite(handle, disp_addr_convert(reg32), val, mask); \
                         ^
drivers/misc/mediatek/dispsys/mt6735/ddp_dsi.c:58:145: note: in expansion of macro 'DISP_REG_MASK'
   if(cmdq)  {*(unsigned int*)(&r) = ((unsigned int)0x00000000);r.bit = ~(r.bit);*(unsigned int*)(&v) = ((unsigned int)0x00000000);v.bit = value;DISP_REG_MASK(cmdq, &REG, AS_UINT32(&v), AS_UINT32(&r));}  \
                                                                                                                                                 ^
drivers/misc/mediatek/dispsys/mt6735/ddp_dsi.c:1111:3: note: in expansion of macro 'DSI_OUTREGBIT'
   DSI_OUTREGBIT(cmdq, DSI_TXRX_CTRL_REG,DSI_REG[i]->DSI_TXRX_CTRL,DIS_EOT,  dis_eotp_en);
   ^
/home/satory-ra/Android/kernel/android_kernel_oukitel_orange/drivers/misc/mediatek/dispsys/mt6735/mt6735m/ddp_reg.h:1395:29: note: expected 'long unsigned int' but argument is of type 'volatile struct DSI_TXRX_CTRL_REG *'
 static inline unsigned long disp_addr_convert(unsigned long va) 
                             ^
/home/satory-ra/Android/kernel/android_kernel_oukitel_orange/drivers/misc/mediatek/dispsys/mt6735/mt6735m/ddp_reg.h:1486:17: warning: passing argument 2 of 'dprec_reg_op' makes integer from pointer without a cast
                 dprec_reg_op(handle, reg32, val, 0x00000000);\
                 ^
drivers/misc/mediatek/dispsys/mt6735/ddp_dsi.c:59:63: note: in expansion of macro 'DISP_REG_SET'
   else{mt_reg_sync_writel(INREG32(&REG),&r);r.bit = (value);  DISP_REG_SET(cmdq, &REG, INREG32(&r));}    \
                                                               ^
drivers/misc/mediatek/dispsys/mt6735/ddp_dsi.c:1111:3: note: in expansion of macro 'DSI_OUTREGBIT'
   DSI_OUTREGBIT(cmdq, DSI_TXRX_CTRL_REG,DSI_REG[i]->DSI_TXRX_CTRL,DIS_EOT,  dis_eotp_en);
   ^
In file included from /home/satory-ra/Android/kernel/android_kernel_oukitel_orange/drivers/misc/mediatek/videox/mt6735/disp_drv_log.h:3:0,
                 from drivers/misc/mediatek/dispsys/mt6735/ddp_dsi.c:8:
/home/satory-ra/Android/kernel/android_kernel_oukitel_orange/drivers/misc/mediatek/dispsys/mt6735/display_recorder.h:136:6: note: expected 'unsigned int' but argument is of type 'volatile struct DSI_TXRX_CTRL_REG *'
 void dprec_reg_op(void* cmdq, unsigned int reg, unsigned int val, unsigned int mask);
      ^
In file included from drivers/misc/mediatek/dispsys/mt6735/ddp_dsi.c:31:0:
/home/satory-ra/Android/kernel/android_kernel_oukitel_orange/drivers/misc/mediatek/dispsys/mt6735/mt6735m/ddp_reg.h:1487:38: warning: passing argument 1 of 'disp_addr_convert' makes integer from pointer without a cast
                 cmdqRecWrite(handle, disp_addr_convert(reg32), val, ~0); \
                                      ^
drivers/misc/mediatek/dispsys/mt6735/ddp_dsi.c:59:63: note: in expansion of macro 'DISP_REG_SET'
   else{mt_reg_sync_writel(INREG32(&REG),&r);r.bit = (value);  DISP_REG_SET(cmdq, &REG, INREG32(&r));}    \
                                                               ^
drivers/misc/mediatek/dispsys/mt6735/ddp_dsi.c:1111:3: note: in expansion of macro 'DSI_OUTREGBIT'
   DSI_OUTREGBIT(cmdq, DSI_TXRX_CTRL_REG,DSI_REG[i]->DSI_TXRX_CTRL,DIS_EOT,  dis_eotp_en);
   ^
/home/satory-ra/Android/kernel/android_kernel_oukitel_orange/drivers/misc/mediatek/dispsys/mt6735/mt6735m/ddp_reg.h:1395:29: note: expected 'long unsigned int' but argument is of type 'volatile struct DSI_TXRX_CTRL_REG *'
 static inline unsigned long disp_addr_convert(unsigned long va) 
                             ^
/home/satory-ra/Android/kernel/android_kernel_oukitel_orange/drivers/misc/mediatek/dispsys/mt6735/mt6735m/ddp_reg.h:1413:3: warning: passing argument 2 of 'dprec_reg_op' makes integer from pointer without a cast
   dprec_reg_op(handle, reg32, val, mask);\
   ^
drivers/misc/mediatek/dispsys/mt6735/ddp_dsi.c:58:145: note: in expansion of macro 'DISP_REG_MASK'
   if(cmdq)  {*(unsigned int*)(&r) = ((unsigned int)0x00000000);r.bit = ~(r.bit);*(unsigned int*)(&v) = ((unsigned int)0x00000000);v.bit = value;DISP_REG_MASK(cmdq, &REG, AS_UINT32(&v), AS_UINT32(&r));}  \
                                                                                                                                                 ^
drivers/misc/mediatek/dispsys/mt6735/ddp_dsi.c:1112:3: note: in expansion of macro 'DSI_OUTREGBIT'
   DSI_OUTREGBIT(cmdq, DSI_TXRX_CTRL_REG,DSI_REG[i]->DSI_TXRX_CTRL,BLLP_EN,  null_packet_en);
   ^
In file included from /home/satory-ra/Android/kernel/android_kernel_oukitel_orange/drivers/misc/mediatek/videox/mt6735/disp_drv_log.h:3:0,
                 from drivers/misc/mediatek/dispsys/mt6735/ddp_dsi.c:8:
/home/satory-ra/Android/kernel/android_kernel_oukitel_orange/drivers/misc/mediatek/dispsys/mt6735/display_recorder.h:136:6: note: expected 'unsigned int' but argument is of type 'volatile struct DSI_TXRX_CTRL_REG *'
 void dprec_reg_op(void* cmdq, unsigned int reg, unsigned int val, unsigned int mask);
      ^
In file included from drivers/misc/mediatek/dispsys/mt6735/ddp_dsi.c:31:0:
/home/satory-ra/Android/kernel/android_kernel_oukitel_orange/drivers/misc/mediatek/dispsys/mt6735/mt6735m/ddp_reg.h:1420:25: warning: passing argument 1 of 'disp_addr_convert' makes integer from pointer without a cast
    cmdqRecWrite(handle, disp_addr_convert(reg32), val, mask); \
                         ^
drivers/misc/mediatek/dispsys/mt6735/ddp_dsi.c:58:145: note: in expansion of macro 'DISP_REG_MASK'
   if(cmdq)  {*(unsigned int*)(&r) = ((unsigned int)0x00000000);r.bit = ~(r.bit);*(unsigned int*)(&v) = ((unsigned int)0x00000000);v.bit = value;DISP_REG_MASK(cmdq, &REG, AS_UINT32(&v), AS_UINT32(&r));}  \
                                                                                                                                                 ^
drivers/misc/mediatek/dispsys/mt6735/ddp_dsi.c:1112:3: note: in expansion of macro 'DSI_OUTREGBIT'
   DSI_OUTREGBIT(cmdq, DSI_TXRX_CTRL_REG,DSI_REG[i]->DSI_TXRX_CTRL,BLLP_EN,  null_packet_en);
   ^
/home/satory-ra/Android/kernel/android_kernel_oukitel_orange/drivers/misc/mediatek/dispsys/mt6735/mt6735m/ddp_reg.h:1395:29: note: expected 'long unsigned int' but argument is of type 'volatile struct DSI_TXRX_CTRL_REG *'
 static inline unsigned long disp_addr_convert(unsigned long va) 
                             ^
/home/satory-ra/Android/kernel/android_kernel_oukitel_orange/drivers/misc/mediatek/dispsys/mt6735/mt6735m/ddp_reg.h:1486:17: warning: passing argument 2 of 'dprec_reg_op' makes integer from pointer without a cast
                 dprec_reg_op(handle, reg32, val, 0x00000000);\
                 ^
drivers/misc/mediatek/dispsys/mt6735/ddp_dsi.c:59:63: note: in expansion of macro 'DISP_REG_SET'
   else{mt_reg_sync_writel(INREG32(&REG),&r);r.bit = (value);  DISP_REG_SET(cmdq, &REG, INREG32(&r));}    \
                                                               ^
drivers/misc/mediatek/dispsys/mt6735/ddp_dsi.c:1112:3: note: in expansion of macro 'DSI_OUTREGBIT'
   DSI_OUTREGBIT(cmdq, DSI_TXRX_CTRL_REG,DSI_REG[i]->DSI_TXRX_CTRL,BLLP_EN,  null_packet_en);
   ^
In file included from /home/satory-ra/Android/kernel/android_kernel_oukitel_orange/drivers/misc/mediatek/videox/mt6735/disp_drv_log.h:3:0,
                 from drivers/misc/mediatek/dispsys/mt6735/ddp_dsi.c:8:
/home/satory-ra/Android/kernel/android_kernel_oukitel_orange/drivers/misc/mediatek/dispsys/mt6735/display_recorder.h:136:6: note: expected 'unsigned int' but argument is of type 'volatile struct DSI_TXRX_CTRL_REG *'
 void dprec_reg_op(void* cmdq, unsigned int reg, unsigned int val, unsigned int mask);
      ^
In file included from drivers/misc/mediatek/dispsys/mt6735/ddp_dsi.c:31:0:
/home/satory-ra/Android/kernel/android_kernel_oukitel_orange/drivers/misc/mediatek/dispsys/mt6735/mt6735m/ddp_reg.h:1487:38: warning: passing argument 1 of 'disp_addr_convert' makes integer from pointer without a cast
                 cmdqRecWrite(handle, disp_addr_convert(reg32), val, ~0); \
                                      ^
drivers/misc/mediatek/dispsys/mt6735/ddp_dsi.c:59:63: note: in expansion of macro 'DISP_REG_SET'
   else{mt_reg_sync_writel(INREG32(&REG),&r);r.bit = (value);  DISP_REG_SET(cmdq, &REG, INREG32(&r));}    \
                                                               ^
drivers/misc/mediatek/dispsys/mt6735/ddp_dsi.c:1112:3: note: in expansion of macro 'DSI_OUTREGBIT'
   DSI_OUTREGBIT(cmdq, DSI_TXRX_CTRL_REG,DSI_REG[i]->DSI_TXRX_CTRL,BLLP_EN,  null_packet_en);
   ^
/home/satory-ra/Android/kernel/android_kernel_oukitel_orange/drivers/misc/mediatek/dispsys/mt6735/mt6735m/ddp_reg.h:1395:29: note: expected 'long unsigned int' but argument is of type 'volatile struct DSI_TXRX_CTRL_REG *'
 static inline unsigned long disp_addr_convert(unsigned long va) 
                             ^
/home/satory-ra/Android/kernel/android_kernel_oukitel_orange/drivers/misc/mediatek/dispsys/mt6735/mt6735m/ddp_reg.h:1413:3: warning: passing argument 2 of 'dprec_reg_op' makes integer from pointer without a cast
   dprec_reg_op(handle, reg32, val, mask);\
   ^
drivers/misc/mediatek/dispsys/mt6735/ddp_dsi.c:58:145: note: in expansion of macro 'DISP_REG_MASK'
   if(cmdq)  {*(unsigned int*)(&r) = ((unsigned int)0x00000000);r.bit = ~(r.bit);*(unsigned int*)(&v) = ((unsigned int)0x00000000);v.bit = value;DISP_REG_MASK(cmdq, &REG, AS_UINT32(&v), AS_UINT32(&r));}  \
                                                                                                                                                 ^
drivers/misc/mediatek/dispsys/mt6735/ddp_dsi.c:1113:3: note: in expansion of macro 'DSI_OUTREGBIT'
   DSI_OUTREGBIT(cmdq, DSI_TXRX_CTRL_REG,DSI_REG[i]->DSI_TXRX_CTRL,MAX_RTN_SIZE, max_return_size);
   ^
In file included from /home/satory-ra/Android/kernel/android_kernel_oukitel_orange/drivers/misc/mediatek/videox/mt6735/disp_drv_log.h:3:0,
                 from drivers/misc/mediatek/dispsys/mt6735/ddp_dsi.c:8:
/home/satory-ra/Android/kernel/android_kernel_oukitel_orange/drivers/misc/mediatek/dispsys/mt6735/display_recorder.h:136:6: note: expected 'unsigned int' but argument is of type 'volatile struct DSI_TXRX_CTRL_REG *'
 void dprec_reg_op(void* cmdq, unsigned int reg, unsigned int val, unsigned int mask);
      ^
In file included from drivers/misc/mediatek/dispsys/mt6735/ddp_dsi.c:31:0:
/home/satory-ra/Android/kernel/android_kernel_oukitel_orange/drivers/misc/mediatek/dispsys/mt6735/mt6735m/ddp_reg.h:1420:25: warning: passing argument 1 of 'disp_addr_convert' makes integer from pointer without a cast
    cmdqRecWrite(handle, disp_addr_convert(reg32), val, mask); \
                         ^
drivers/misc/mediatek/dispsys/mt6735/ddp_dsi.c:58:145: note: in expansion of macro 'DISP_REG_MASK'
   if(cmdq)  {*(unsigned int*)(&r) = ((unsigned int)0x00000000);r.bit = ~(r.bit);*(unsigned int*)(&v) = ((unsigned int)0x00000000);v.bit = value;DISP_REG_MASK(cmdq, &REG, AS_UINT32(&v), AS_UINT32(&r));}  \
                                                                                                                                                 ^
drivers/misc/mediatek/dispsys/mt6735/ddp_dsi.c:1113:3: note: in expansion of macro 'DSI_OUTREGBIT'
   DSI_OUTREGBIT(cmdq, DSI_TXRX_CTRL_REG,DSI_REG[i]->DSI_TXRX_CTRL,MAX_RTN_SIZE, max_return_size);
   ^
/home/satory-ra/Android/kernel/android_kernel_oukitel_orange/drivers/misc/mediatek/dispsys/mt6735/mt6735m/ddp_reg.h:1395:29: note: expected 'long unsigned int' but argument is of type 'volatile struct DSI_TXRX_CTRL_REG *'
 static inline unsigned long disp_addr_convert(unsigned long va) 
                             ^
/home/satory-ra/Android/kernel/android_kernel_oukitel_orange/drivers/misc/mediatek/dispsys/mt6735/mt6735m/ddp_reg.h:1486:17: warning: passing argument 2 of 'dprec_reg_op' makes integer from pointer without a cast
                 dprec_reg_op(handle, reg32, val, 0x00000000);\
                 ^
drivers/misc/mediatek/dispsys/mt6735/ddp_dsi.c:59:63: note: in expansion of macro 'DISP_REG_SET'
   else{mt_reg_sync_writel(INREG32(&REG),&r);r.bit = (value);  DISP_REG_SET(cmdq, &REG, INREG32(&r));}    \
                                                               ^
drivers/misc/mediatek/dispsys/mt6735/ddp_dsi.c:1113:3: note: in expansion of macro 'DSI_OUTREGBIT'
   DSI_OUTREGBIT(cmdq, DSI_TXRX_CTRL_REG,DSI_REG[i]->DSI_TXRX_CTRL,MAX_RTN_SIZE, max_return_size);
   ^
In file included from /home/satory-ra/Android/kernel/android_kernel_oukitel_orange/drivers/misc/mediatek/videox/mt6735/disp_drv_log.h:3:0,
                 from drivers/misc/mediatek/dispsys/mt6735/ddp_dsi.c:8:
/home/satory-ra/Android/kernel/android_kernel_oukitel_orange/drivers/misc/mediatek/dispsys/mt6735/display_recorder.h:136:6: note: expected 'unsigned int' but argument is of type 'volatile struct DSI_TXRX_CTRL_REG *'
 void dprec_reg_op(void* cmdq, unsigned int reg, unsigned int val, unsigned int mask);
      ^
In file included from drivers/misc/mediatek/dispsys/mt6735/ddp_dsi.c:31:0:
/home/satory-ra/Android/kernel/android_kernel_oukitel_orange/drivers/misc/mediatek/dispsys/mt6735/mt6735m/ddp_reg.h:1487:38: warning: passing argument 1 of 'disp_addr_convert' makes integer from pointer without a cast
                 cmdqRecWrite(handle, disp_addr_convert(reg32), val, ~0); \
                                      ^
drivers/misc/mediatek/dispsys/mt6735/ddp_dsi.c:59:63: note: in expansion of macro 'DISP_REG_SET'
   else{mt_reg_sync_writel(INREG32(&REG),&r);r.bit = (value);  DISP_REG_SET(cmdq, &REG, INREG32(&r));}    \
                                                               ^
drivers/misc/mediatek/dispsys/mt6735/ddp_dsi.c:1113:3: note: in expansion of macro 'DSI_OUTREGBIT'
   DSI_OUTREGBIT(cmdq, DSI_TXRX_CTRL_REG,DSI_REG[i]->DSI_TXRX_CTRL,MAX_RTN_SIZE, max_return_size);
   ^
/home/satory-ra/Android/kernel/android_kernel_oukitel_orange/drivers/misc/mediatek/dispsys/mt6735/mt6735m/ddp_reg.h:1395:29: note: expected 'long unsigned int' but argument is of type 'volatile struct DSI_TXRX_CTRL_REG *'
 static inline unsigned long disp_addr_convert(unsigned long va) 
                             ^
/home/satory-ra/Android/kernel/android_kernel_oukitel_orange/drivers/misc/mediatek/dispsys/mt6735/mt6735m/ddp_reg.h:1413:3: warning: passing argument 2 of 'dprec_reg_op' makes integer from pointer without a cast
   dprec_reg_op(handle, reg32, val, mask);\
   ^
drivers/misc/mediatek/dispsys/mt6735/ddp_dsi.c:58:145: note: in expansion of macro 'DISP_REG_MASK'
   if(cmdq)  {*(unsigned int*)(&r) = ((unsigned int)0x00000000);r.bit = ~(r.bit);*(unsigned int*)(&v) = ((unsigned int)0x00000000);v.bit = value;DISP_REG_MASK(cmdq, &REG, AS_UINT32(&v), AS_UINT32(&r));}  \
                                                                                                                                                 ^
drivers/misc/mediatek/dispsys/mt6735/ddp_dsi.c:1114:3: note: in expansion of macro 'DSI_OUTREGBIT'
   DSI_OUTREGBIT(cmdq, DSI_TXRX_CTRL_REG,DSI_REG[i]->DSI_TXRX_CTRL,HSTX_CKLP_EN, hstx_cklp_en);
   ^
In file included from /home/satory-ra/Android/kernel/android_kernel_oukitel_orange/drivers/misc/mediatek/videox/mt6735/disp_drv_log.h:3:0,
                 from drivers/misc/mediatek/dispsys/mt6735/ddp_dsi.c:8:
/home/satory-ra/Android/kernel/android_kernel_oukitel_orange/drivers/misc/mediatek/dispsys/mt6735/display_recorder.h:136:6: note: expected 'unsigned int' but argument is of type 'volatile struct DSI_TXRX_CTRL_REG *'
 void dprec_reg_op(void* cmdq, unsigned int reg, unsigned int val, unsigned int mask);
      ^
In file included from drivers/misc/mediatek/dispsys/mt6735/ddp_dsi.c:31:0:
/home/satory-ra/Android/kernel/android_kernel_oukitel_orange/drivers/misc/mediatek/dispsys/mt6735/mt6735m/ddp_reg.h:1420:25: warning: passing argument 1 of 'disp_addr_convert' makes integer from pointer without a cast
    cmdqRecWrite(handle, disp_addr_convert(reg32), val, mask); \
                         ^
drivers/misc/mediatek/dispsys/mt6735/ddp_dsi.c:58:145: note: in expansion of macro 'DISP_REG_MASK'
   if(cmdq)  {*(unsigned int*)(&r) = ((unsigned int)0x00000000);r.bit = ~(r.bit);*(unsigned int*)(&v) = ((unsigned int)0x00000000);v.bit = value;DISP_REG_MASK(cmdq, &REG, AS_UINT32(&v), AS_UINT32(&r));}  \
                                                                                                                                                 ^
drivers/misc/mediatek/dispsys/mt6735/ddp_dsi.c:1114:3: note: in expansion of macro 'DSI_OUTREGBIT'
   DSI_OUTREGBIT(cmdq, DSI_TXRX_CTRL_REG,DSI_REG[i]->DSI_TXRX_CTRL,HSTX_CKLP_EN, hstx_cklp_en);
   ^
/home/satory-ra/Android/kernel/android_kernel_oukitel_orange/drivers/misc/mediatek/dispsys/mt6735/mt6735m/ddp_reg.h:1395:29: note: expected 'long unsigned int' but argument is of type 'volatile struct DSI_TXRX_CTRL_REG *'
 static inline unsigned long disp_addr_convert(unsigned long va) 
                             ^
/home/satory-ra/Android/kernel/android_kernel_oukitel_orange/drivers/misc/mediatek/dispsys/mt6735/mt6735m/ddp_reg.h:1486:17: warning: passing argument 2 of 'dprec_reg_op' makes integer from pointer without a cast
                 dprec_reg_op(handle, reg32, val, 0x00000000);\
                 ^
drivers/misc/mediatek/dispsys/mt6735/ddp_dsi.c:59:63: note: in expansion of macro 'DISP_REG_SET'
   else{mt_reg_sync_writel(INREG32(&REG),&r);r.bit = (value);  DISP_REG_SET(cmdq, &REG, INREG32(&r));}    \
                                                               ^
drivers/misc/mediatek/dispsys/mt6735/ddp_dsi.c:1114:3: note: in expansion of macro 'DSI_OUTREGBIT'
   DSI_OUTREGBIT(cmdq, DSI_TXRX_CTRL_REG,DSI_REG[i]->DSI_TXRX_CTRL,HSTX_CKLP_EN, hstx_cklp_en);
   ^
In file included from /home/satory-ra/Android/kernel/android_kernel_oukitel_orange/drivers/misc/mediatek/videox/mt6735/disp_drv_log.h:3:0,
                 from drivers/misc/mediatek/dispsys/mt6735/ddp_dsi.c:8:
/home/satory-ra/Android/kernel/android_kernel_oukitel_orange/drivers/misc/mediatek/dispsys/mt6735/display_recorder.h:136:6: note: expected 'unsigned int' but argument is of type 'volatile struct DSI_TXRX_CTRL_REG *'
 void dprec_reg_op(void* cmdq, unsigned int reg, unsigned int val, unsigned int mask);
      ^
In file included from drivers/misc/mediatek/dispsys/mt6735/ddp_dsi.c:31:0:
/home/satory-ra/Android/kernel/android_kernel_oukitel_orange/drivers/misc/mediatek/dispsys/mt6735/mt6735m/ddp_reg.h:1487:38: warning: passing argument 1 of 'disp_addr_convert' makes integer from pointer without a cast
                 cmdqRecWrite(handle, disp_addr_convert(reg32), val, ~0); \
                                      ^
drivers/misc/mediatek/dispsys/mt6735/ddp_dsi.c:59:63: note: in expansion of macro 'DISP_REG_SET'
   else{mt_reg_sync_writel(INREG32(&REG),&r);r.bit = (value);  DISP_REG_SET(cmdq, &REG, INREG32(&r));}    \
                                                               ^
drivers/misc/mediatek/dispsys/mt6735/ddp_dsi.c:1114:3: note: in expansion of macro 'DSI_OUTREGBIT'
   DSI_OUTREGBIT(cmdq, DSI_TXRX_CTRL_REG,DSI_REG[i]->DSI_TXRX_CTRL,HSTX_CKLP_EN, hstx_cklp_en);
   ^
/home/satory-ra/Android/kernel/android_kernel_oukitel_orange/drivers/misc/mediatek/dispsys/mt6735/mt6735m/ddp_reg.h:1395:29: note: expected 'long unsigned int' but argument is of type 'volatile struct DSI_TXRX_CTRL_REG *'
 static inline unsigned long disp_addr_convert(unsigned long va) 
                             ^
/home/satory-ra/Android/kernel/android_kernel_oukitel_orange/drivers/misc/mediatek/dispsys/mt6735/mt6735m/ddp_reg.h:1413:3: warning: passing argument 2 of 'dprec_reg_op' makes integer from pointer without a cast
   dprec_reg_op(handle, reg32, val, mask);\
   ^
drivers/misc/mediatek/dispsys/mt6735/ddp_dsi.c:58:145: note: in expansion of macro 'DISP_REG_MASK'
   if(cmdq)  {*(unsigned int*)(&r) = ((unsigned int)0x00000000);r.bit = ~(r.bit);*(unsigned int*)(&v) = ((unsigned int)0x00000000);v.bit = value;DISP_REG_MASK(cmdq, &REG, AS_UINT32(&v), AS_UINT32(&r));}  \
                                                                                                                                                 ^
drivers/misc/mediatek/dispsys/mt6735/ddp_dsi.c:1115:3: note: in expansion of macro 'DSI_OUTREGBIT'
   DSI_OUTREGBIT(cmdq, DSI_TXRX_CTRL_REG,DSI_REG[i]->DSI_TXRX_CTRL,LANE_NUM,  lane_num_bitvalue);
   ^
In file included from /home/satory-ra/Android/kernel/android_kernel_oukitel_orange/drivers/misc/mediatek/videox/mt6735/disp_drv_log.h:3:0,
                 from drivers/misc/mediatek/dispsys/mt6735/ddp_dsi.c:8:
/home/satory-ra/Android/kernel/android_kernel_oukitel_orange/drivers/misc/mediatek/dispsys/mt6735/display_recorder.h:136:6: note: expected 'unsigned int' but argument is of type 'volatile struct DSI_TXRX_CTRL_REG *'
 void dprec_reg_op(void* cmdq, unsigned int reg, unsigned int val, unsigned int mask);
      ^
In file included from drivers/misc/mediatek/dispsys/mt6735/ddp_dsi.c:31:0:
/home/satory-ra/Android/kernel/android_kernel_oukitel_orange/drivers/misc/mediatek/dispsys/mt6735/mt6735m/ddp_reg.h:1420:25: warning: passing argument 1 of 'disp_addr_convert' makes integer from pointer without a cast
    cmdqRecWrite(handle, disp_addr_convert(reg32), val, mask); \
                         ^
drivers/misc/mediatek/dispsys/mt6735/ddp_dsi.c:58:145: note: in expansion of macro 'DISP_REG_MASK'
   if(cmdq)  {*(unsigned int*)(&r) = ((unsigned int)0x00000000);r.bit = ~(r.bit);*(unsigned int*)(&v) = ((unsigned int)0x00000000);v.bit = value;DISP_REG_MASK(cmdq, &REG, AS_UINT32(&v), AS_UINT32(&r));}  \
                                                                                                                                                 ^
drivers/misc/mediatek/dispsys/mt6735/ddp_dsi.c:1115:3: note: in expansion of macro 'DSI_OUTREGBIT'
   DSI_OUTREGBIT(cmdq, DSI_TXRX_CTRL_REG,DSI_REG[i]->DSI_TXRX_CTRL,LANE_NUM,  lane_num_bitvalue);
   ^
/home/satory-ra/Android/kernel/android_kernel_oukitel_orange/drivers/misc/mediatek/dispsys/mt6735/mt6735m/ddp_reg.h:1395:29: note: expected 'long unsigned int' but argument is of type 'volatile struct DSI_TXRX_CTRL_REG *'
 static inline unsigned long disp_addr_convert(unsigned long va) 
                             ^
/home/satory-ra/Android/kernel/android_kernel_oukitel_orange/drivers/misc/mediatek/dispsys/mt6735/mt6735m/ddp_reg.h:1486:17: warning: passing argument 2 of 'dprec_reg_op' makes integer from pointer without a cast
                 dprec_reg_op(handle, reg32, val, 0x00000000);\
                 ^
drivers/misc/mediatek/dispsys/mt6735/ddp_dsi.c:59:63: note: in expansion of macro 'DISP_REG_SET'
   else{mt_reg_sync_writel(INREG32(&REG),&r);r.bit = (value);  DISP_REG_SET(cmdq, &REG, INREG32(&r));}    \
                                                               ^
drivers/misc/mediatek/dispsys/mt6735/ddp_dsi.c:1115:3: note: in expansion of macro 'DSI_OUTREGBIT'
   DSI_OUTREGBIT(cmdq, DSI_TXRX_CTRL_REG,DSI_REG[i]->DSI_TXRX_CTRL,LANE_NUM,  lane_num_bitvalue);
   ^
In file included from /home/satory-ra/Android/kernel/android_kernel_oukitel_orange/drivers/misc/mediatek/videox/mt6735/disp_drv_log.h:3:0,
                 from drivers/misc/mediatek/dispsys/mt6735/ddp_dsi.c:8:
/home/satory-ra/Android/kernel/android_kernel_oukitel_orange/drivers/misc/mediatek/dispsys/mt6735/display_recorder.h:136:6: note: expected 'unsigned int' but argument is of type 'volatile struct DSI_TXRX_CTRL_REG *'
 void dprec_reg_op(void* cmdq, unsigned int reg, unsigned int val, unsigned int mask);
      ^
In file included from drivers/misc/mediatek/dispsys/mt6735/ddp_dsi.c:31:0:
/home/satory-ra/Android/kernel/android_kernel_oukitel_orange/drivers/misc/mediatek/dispsys/mt6735/mt6735m/ddp_reg.h:1487:38: warning: passing argument 1 of 'disp_addr_convert' makes integer from pointer without a cast
                 cmdqRecWrite(handle, disp_addr_convert(reg32), val, ~0); \
                                      ^
drivers/misc/mediatek/dispsys/mt6735/ddp_dsi.c:59:63: note: in expansion of macro 'DISP_REG_SET'
   else{mt_reg_sync_writel(INREG32(&REG),&r);r.bit = (value);  DISP_REG_SET(cmdq, &REG, INREG32(&r));}    \
                                                               ^
drivers/misc/mediatek/dispsys/mt6735/ddp_dsi.c:1115:3: note: in expansion of macro 'DSI_OUTREGBIT'
   DSI_OUTREGBIT(cmdq, DSI_TXRX_CTRL_REG,DSI_REG[i]->DSI_TXRX_CTRL,LANE_NUM,  lane_num_bitvalue);
   ^
/home/satory-ra/Android/kernel/android_kernel_oukitel_orange/drivers/misc/mediatek/dispsys/mt6735/mt6735m/ddp_reg.h:1395:29: note: expected 'long unsigned int' but argument is of type 'volatile struct DSI_TXRX_CTRL_REG *'
 static inline unsigned long disp_addr_convert(unsigned long va) 
                             ^
/home/satory-ra/Android/kernel/android_kernel_oukitel_orange/drivers/misc/mediatek/dispsys/mt6735/mt6735m/ddp_reg.h:1486:17: warning: passing argument 2 of 'dprec_reg_op' makes integer from pointer without a cast
                 dprec_reg_op(handle, reg32, val, 0x00000000);\
                 ^
drivers/misc/mediatek/dispsys/mt6735/ddp_dsi.c:40:39: note: in expansion of macro 'DISP_REG_SET'
 #define DSI_OUTREG32(cmdq, addr, val) DISP_REG_SET(cmdq, addr,val)
                                       ^
drivers/misc/mediatek/dispsys/mt6735/ddp_dsi.c:1116:3: note: in expansion of macro 'DSI_OUTREG32'
   DSI_OUTREG32(cmdq, &DSI_REG[i]->DSI_MEM_CONTI, DSI_WMEM_CONTI); 
   ^
In file included from /home/satory-ra/Android/kernel/android_kernel_oukitel_orange/drivers/misc/mediatek/videox/mt6735/disp_drv_log.h:3:0,
                 from drivers/misc/mediatek/dispsys/mt6735/ddp_dsi.c:8:
/home/satory-ra/Android/kernel/android_kernel_oukitel_orange/drivers/misc/mediatek/dispsys/mt6735/display_recorder.h:136:6: note: expected 'unsigned int' but argument is of type 'volatile struct DSI_MEM_CONTI_REG *'
 void dprec_reg_op(void* cmdq, unsigned int reg, unsigned int val, unsigned int mask);
      ^
In file included from drivers/misc/mediatek/dispsys/mt6735/ddp_dsi.c:31:0:
/home/satory-ra/Android/kernel/android_kernel_oukitel_orange/drivers/misc/mediatek/dispsys/mt6735/mt6735m/ddp_reg.h:1487:38: warning: passing argument 1 of 'disp_addr_convert' makes integer from pointer without a cast
                 cmdqRecWrite(handle, disp_addr_convert(reg32), val, ~0); \
                                      ^
drivers/misc/mediatek/dispsys/mt6735/ddp_dsi.c:40:39: note: in expansion of macro 'DISP_REG_SET'
 #define DSI_OUTREG32(cmdq, addr, val) DISP_REG_SET(cmdq, addr,val)
                                       ^
drivers/misc/mediatek/dispsys/mt6735/ddp_dsi.c:1116:3: note: in expansion of macro 'DSI_OUTREG32'
   DSI_OUTREG32(cmdq, &DSI_REG[i]->DSI_MEM_CONTI, DSI_WMEM_CONTI); 
   ^
/home/satory-ra/Android/kernel/android_kernel_oukitel_orange/drivers/misc/mediatek/dispsys/mt6735/mt6735m/ddp_reg.h:1395:29: note: expected 'long unsigned int' but argument is of type 'volatile struct DSI_MEM_CONTI_REG *'
 static inline unsigned long disp_addr_convert(unsigned long va) 
                             ^
/home/satory-ra/Android/kernel/android_kernel_oukitel_orange/drivers/misc/mediatek/dispsys/mt6735/mt6735m/ddp_reg.h:1413:3: warning: passing argument 2 of 'dprec_reg_op' makes integer from pointer without a cast
   dprec_reg_op(handle, reg32, val, mask);\
   ^
drivers/misc/mediatek/dispsys/mt6735/ddp_dsi.c:58:145: note: in expansion of macro 'DISP_REG_MASK'
   if(cmdq)  {*(unsigned int*)(&r) = ((unsigned int)0x00000000);r.bit = ~(r.bit);*(unsigned int*)(&v) = ((unsigned int)0x00000000);v.bit = value;DISP_REG_MASK(cmdq, &REG, AS_UINT32(&v), AS_UINT32(&r));}  \
                                                                                                                                                 ^
drivers/misc/mediatek/dispsys/mt6735/ddp_dsi.c:1117:3: note: in expansion of macro 'DSI_OUTREGBIT'
   DSI_OUTREGBIT(cmdq, DSI_TXRX_CTRL_REG,DSI_REG[i]->DSI_TXRX_CTRL,EXT_TE_EN,  1);
   ^
In file included from /home/satory-ra/Android/kernel/android_kernel_oukitel_orange/drivers/misc/mediatek/videox/mt6735/disp_drv_log.h:3:0,
                 from drivers/misc/mediatek/dispsys/mt6735/ddp_dsi.c:8:
/home/satory-ra/Android/kernel/android_kernel_oukitel_orange/drivers/misc/mediatek/dispsys/mt6735/display_recorder.h:136:6: note: expected 'unsigned int' but argument is of type 'volatile struct DSI_TXRX_CTRL_REG *'
 void dprec_reg_op(void* cmdq, unsigned int reg, unsigned int val, unsigned int mask);
      ^
In file included from drivers/misc/mediatek/dispsys/mt6735/ddp_dsi.c:31:0:
/home/satory-ra/Android/kernel/android_kernel_oukitel_orange/drivers/misc/mediatek/dispsys/mt6735/mt6735m/ddp_reg.h:1420:25: warning: passing argument 1 of 'disp_addr_convert' makes integer from pointer without a cast
    cmdqRecWrite(handle, disp_addr_convert(reg32), val, mask); \
                         ^
drivers/misc/mediatek/dispsys/mt6735/ddp_dsi.c:58:145: note: in expansion of macro 'DISP_REG_MASK'
   if(cmdq)  {*(unsigned int*)(&r) = ((unsigned int)0x00000000);r.bit = ~(r.bit);*(unsigned int*)(&v) = ((unsigned int)0x00000000);v.bit = value;DISP_REG_MASK(cmdq, &REG, AS_UINT32(&v), AS_UINT32(&r));}  \
                                                                                                                                                 ^
drivers/misc/mediatek/dispsys/mt6735/ddp_dsi.c:1117:3: note: in expansion of macro 'DSI_OUTREGBIT'
   DSI_OUTREGBIT(cmdq, DSI_TXRX_CTRL_REG,DSI_REG[i]->DSI_TXRX_CTRL,EXT_TE_EN,  1);
   ^
/home/satory-ra/Android/kernel/android_kernel_oukitel_orange/drivers/misc/mediatek/dispsys/mt6735/mt6735m/ddp_reg.h:1395:29: note: expected 'long unsigned int' but argument is of type 'volatile struct DSI_TXRX_CTRL_REG *'
 static inline unsigned long disp_addr_convert(unsigned long va) 
                             ^
/home/satory-ra/Android/kernel/android_kernel_oukitel_orange/drivers/misc/mediatek/dispsys/mt6735/mt6735m/ddp_reg.h:1486:17: warning: passing argument 2 of 'dprec_reg_op' makes integer from pointer without a cast
                 dprec_reg_op(handle, reg32, val, 0x00000000);\
                 ^
drivers/misc/mediatek/dispsys/mt6735/ddp_dsi.c:59:63: note: in expansion of macro 'DISP_REG_SET'
   else{mt_reg_sync_writel(INREG32(&REG),&r);r.bit = (value);  DISP_REG_SET(cmdq, &REG, INREG32(&r));}    \
                                                               ^
drivers/misc/mediatek/dispsys/mt6735/ddp_dsi.c:1117:3: note: in expansion of macro 'DSI_OUTREGBIT'
   DSI_OUTREGBIT(cmdq, DSI_TXRX_CTRL_REG,DSI_REG[i]->DSI_TXRX_CTRL,EXT_TE_EN,  1);
   ^
In file included from /home/satory-ra/Android/kernel/android_kernel_oukitel_orange/drivers/misc/mediatek/videox/mt6735/disp_drv_log.h:3:0,
                 from drivers/misc/mediatek/dispsys/mt6735/ddp_dsi.c:8:
/home/satory-ra/Android/kernel/android_kernel_oukitel_orange/drivers/misc/mediatek/dispsys/mt6735/display_recorder.h:136:6: note: expected 'unsigned int' but argument is of type 'volatile struct DSI_TXRX_CTRL_REG *'
 void dprec_reg_op(void* cmdq, unsigned int reg, unsigned int val, unsigned int mask);
      ^
In file included from drivers/misc/mediatek/dispsys/mt6735/ddp_dsi.c:31:0:
/home/satory-ra/Android/kernel/android_kernel_oukitel_orange/drivers/misc/mediatek/dispsys/mt6735/mt6735m/ddp_reg.h:1487:38: warning: passing argument 1 of 'disp_addr_convert' makes integer from pointer without a cast
                 cmdqRecWrite(handle, disp_addr_convert(reg32), val, ~0); \
                                      ^
drivers/misc/mediatek/dispsys/mt6735/ddp_dsi.c:59:63: note: in expansion of macro 'DISP_REG_SET'
   else{mt_reg_sync_writel(INREG32(&REG),&r);r.bit = (value);  DISP_REG_SET(cmdq, &REG, INREG32(&r));}    \
                                                               ^
drivers/misc/mediatek/dispsys/mt6735/ddp_dsi.c:1117:3: note: in expansion of macro 'DSI_OUTREGBIT'
   DSI_OUTREGBIT(cmdq, DSI_TXRX_CTRL_REG,DSI_REG[i]->DSI_TXRX_CTRL,EXT_TE_EN,  1);
   ^
/home/satory-ra/Android/kernel/android_kernel_oukitel_orange/drivers/misc/mediatek/dispsys/mt6735/mt6735m/ddp_reg.h:1395:29: note: expected 'long unsigned int' but argument is of type 'volatile struct DSI_TXRX_CTRL_REG *'
 static inline unsigned long disp_addr_convert(unsigned long va) 
                             ^
drivers/misc/mediatek/dispsys/mt6735/ddp_dsi.c:1095:7: warning: unused variable 'err_correction_en' [-Wunused-variable]
  bool err_correction_en = FALSE;
       ^
drivers/misc/mediatek/dispsys/mt6735/ddp_dsi.c:1091:7: warning: unused variable 'ecc_en' [-Wunused-variable]
  bool ecc_en = TRUE;
       ^
drivers/misc/mediatek/dispsys/mt6735/ddp_dsi.c:1090:7: warning: unused variable 'cksm_en' [-Wunused-variable]
  bool cksm_en = TRUE;
       ^
drivers/misc/mediatek/dispsys/mt6735/ddp_dsi.c: In function 'DSI_PHY_clk_setting':
drivers/misc/mediatek/dispsys/mt6735/ddp_dsi.c:1201:2: warning: ISO C90 forbids mixed declarations and code [-Wdeclaration-after-statement]
  int i = 0;
  ^
drivers/misc/mediatek/dispsys/mt6735/ddp_dsi.c:1216:9: warning: unused variable 'lnt' [-Wunused-variable]
     u32 lnt = 0;
         ^
drivers/misc/mediatek/dispsys/mt6735/ddp_dsi.c:1215:6: warning: unused variable 'temp5' [-Wunused-variable]
  u32 temp5 = 0;
      ^
drivers/misc/mediatek/dispsys/mt6735/ddp_dsi.c:1214:6: warning: unused variable 'temp4' [-Wunused-variable]
  u32 temp4 = 0;
      ^
drivers/misc/mediatek/dispsys/mt6735/ddp_dsi.c:1213:6: warning: unused variable 'temp3' [-Wunused-variable]
  u32 temp3 = 0;
      ^
drivers/misc/mediatek/dispsys/mt6735/ddp_dsi.c:1212:6: warning: unused variable 'temp2' [-Wunused-variable]
  u32 temp2 = 0;
      ^
drivers/misc/mediatek/dispsys/mt6735/ddp_dsi.c:1211:6: warning: unused variable 'temp1' [-Wunused-variable]
  u32 temp1 =0;
      ^
drivers/misc/mediatek/dispsys/mt6735/ddp_dsi.c:1210:6: warning: unused variable 'm_hw_res3' [-Wunused-variable]
  u32 m_hw_res3 = 0;
      ^
In file included from drivers/misc/mediatek/dispsys/mt6735/ddp_dsi.c:31:0:
drivers/misc/mediatek/dispsys/mt6735/ddp_dsi.c: In function 'DSI_PHY_TIMCONFIG':
/home/satory-ra/Android/kernel/android_kernel_oukitel_orange/drivers/misc/mediatek/dispsys/mt6735/mt6735m/ddp_reg.h:1413:3: warning: passing argument 2 of 'dprec_reg_op' makes integer from pointer without a cast
   dprec_reg_op(handle, reg32, val, mask);\
   ^
drivers/misc/mediatek/dispsys/mt6735/ddp_dsi.c:58:145: note: in expansion of macro 'DISP_REG_MASK'
   if(cmdq)  {*(unsigned int*)(&r) = ((unsigned int)0x00000000);r.bit = ~(r.bit);*(unsigned int*)(&v) = ((unsigned int)0x00000000);v.bit = value;DISP_REG_MASK(cmdq, &REG, AS_UINT32(&v), AS_UINT32(&r));}  \
                                                                                                                                                 ^
drivers/misc/mediatek/dispsys/mt6735/ddp_dsi.c:1475:3: note: in expansion of macro 'DSI_OUTREGBIT'
   DSI_OUTREGBIT(cmdq, DSI_PHY_TIMCON0_REG, DSI_REG[i]->DSI_PHY_TIMECON0,LPX,timcon0.LPX);
   ^
In file included from /home/satory-ra/Android/kernel/android_kernel_oukitel_orange/drivers/misc/mediatek/videox/mt6735/disp_drv_log.h:3:0,
                 from drivers/misc/mediatek/dispsys/mt6735/ddp_dsi.c:8:
/home/satory-ra/Android/kernel/android_kernel_oukitel_orange/drivers/misc/mediatek/dispsys/mt6735/display_recorder.h:136:6: note: expected 'unsigned int' but argument is of type 'volatile struct DSI_PHY_TIMCON0_REG *'
 void dprec_reg_op(void* cmdq, unsigned int reg, unsigned int val, unsigned int mask);
      ^
In file included from drivers/misc/mediatek/dispsys/mt6735/ddp_dsi.c:31:0:
/home/satory-ra/Android/kernel/android_kernel_oukitel_orange/drivers/misc/mediatek/dispsys/mt6735/mt6735m/ddp_reg.h:1420:25: warning: passing argument 1 of 'disp_addr_convert' makes integer from pointer without a cast
    cmdqRecWrite(handle, disp_addr_convert(reg32), val, mask); \
                         ^
drivers/misc/mediatek/dispsys/mt6735/ddp_dsi.c:58:145: note: in expansion of macro 'DISP_REG_MASK'
   if(cmdq)  {*(unsigned int*)(&r) = ((unsigned int)0x00000000);r.bit = ~(r.bit);*(unsigned int*)(&v) = ((unsigned int)0x00000000);v.bit = value;DISP_REG_MASK(cmdq, &REG, AS_UINT32(&v), AS_UINT32(&r));}  \
                                                                                                                                                 ^
drivers/misc/mediatek/dispsys/mt6735/ddp_dsi.c:1475:3: note: in expansion of macro 'DSI_OUTREGBIT'
   DSI_OUTREGBIT(cmdq, DSI_PHY_TIMCON0_REG, DSI_REG[i]->DSI_PHY_TIMECON0,LPX,timcon0.LPX);
   ^
/home/satory-ra/Android/kernel/android_kernel_oukitel_orange/drivers/misc/mediatek/dispsys/mt6735/mt6735m/ddp_reg.h:1395:29: note: expected 'long unsigned int' but argument is of type 'volatile struct DSI_PHY_TIMCON0_REG *'
 static inline unsigned long disp_addr_convert(unsigned long va) 
                             ^
/home/satory-ra/Android/kernel/android_kernel_oukitel_orange/drivers/misc/mediatek/dispsys/mt6735/mt6735m/ddp_reg.h:1486:17: warning: passing argument 2 of 'dprec_reg_op' makes integer from pointer without a cast
                 dprec_reg_op(handle, reg32, val, 0x00000000);\
                 ^
drivers/misc/mediatek/dispsys/mt6735/ddp_dsi.c:59:63: note: in expansion of macro 'DISP_REG_SET'
   else{mt_reg_sync_writel(INREG32(&REG),&r);r.bit = (value);  DISP_REG_SET(cmdq, &REG, INREG32(&r));}    \
                                                               ^
drivers/misc/mediatek/dispsys/mt6735/ddp_dsi.c:1475:3: note: in expansion of macro 'DSI_OUTREGBIT'
   DSI_OUTREGBIT(cmdq, DSI_PHY_TIMCON0_REG, DSI_REG[i]->DSI_PHY_TIMECON0,LPX,timcon0.LPX);
   ^
In file included from /home/satory-ra/Android/kernel/android_kernel_oukitel_orange/drivers/misc/mediatek/videox/mt6735/disp_drv_log.h:3:0,
                 from drivers/misc/mediatek/dispsys/mt6735/ddp_dsi.c:8:
/home/satory-ra/Android/kernel/android_kernel_oukitel_orange/drivers/misc/mediatek/dispsys/mt6735/display_recorder.h:136:6: note: expected 'unsigned int' but argument is of type 'volatile struct DSI_PHY_TIMCON0_REG *'
 void dprec_reg_op(void* cmdq, unsigned int reg, unsigned int val, unsigned int mask);
      ^
In file included from drivers/misc/mediatek/dispsys/mt6735/ddp_dsi.c:31:0:
/home/satory-ra/Android/kernel/android_kernel_oukitel_orange/drivers/misc/mediatek/dispsys/mt6735/mt6735m/ddp_reg.h:1487:38: warning: passing argument 1 of 'disp_addr_convert' makes integer from pointer without a cast
                 cmdqRecWrite(handle, disp_addr_convert(reg32), val, ~0); \
                                      ^
drivers/misc/mediatek/dispsys/mt6735/ddp_dsi.c:59:63: note: in expansion of macro 'DISP_REG_SET'
   else{mt_reg_sync_writel(INREG32(&REG),&r);r.bit = (value);  DISP_REG_SET(cmdq, &REG, INREG32(&r));}    \
                                                               ^
drivers/misc/mediatek/dispsys/mt6735/ddp_dsi.c:1475:3: note: in expansion of macro 'DSI_OUTREGBIT'
   DSI_OUTREGBIT(cmdq, DSI_PHY_TIMCON0_REG, DSI_REG[i]->DSI_PHY_TIMECON0,LPX,timcon0.LPX);
   ^
/home/satory-ra/Android/kernel/android_kernel_oukitel_orange/drivers/misc/mediatek/dispsys/mt6735/mt6735m/ddp_reg.h:1395:29: note: expected 'long unsigned int' but argument is of type 'volatile struct DSI_PHY_TIMCON0_REG *'
 static inline unsigned long disp_addr_convert(unsigned long va) 
                             ^
/home/satory-ra/Android/kernel/android_kernel_oukitel_orange/drivers/misc/mediatek/dispsys/mt6735/mt6735m/ddp_reg.h:1413:3: warning: passing argument 2 of 'dprec_reg_op' makes integer from pointer without a cast
   dprec_reg_op(handle, reg32, val, mask);\
   ^
drivers/misc/mediatek/dispsys/mt6735/ddp_dsi.c:58:145: note: in expansion of macro 'DISP_REG_MASK'
   if(cmdq)  {*(unsigned int*)(&r) = ((unsigned int)0x00000000);r.bit = ~(r.bit);*(unsigned int*)(&v) = ((unsigned int)0x00000000);v.bit = value;DISP_REG_MASK(cmdq, &REG, AS_UINT32(&v), AS_UINT32(&r));}  \
                                                                                                                                                 ^
drivers/misc/mediatek/dispsys/mt6735/ddp_dsi.c:1476:3: note: in expansion of macro 'DSI_OUTREGBIT'
   DSI_OUTREGBIT(cmdq, DSI_PHY_TIMCON0_REG, DSI_REG[i]->DSI_PHY_TIMECON0,HS_PRPR,timcon0.HS_PRPR);
   ^
In file included from /home/satory-ra/Android/kernel/android_kernel_oukitel_orange/drivers/misc/mediatek/videox/mt6735/disp_drv_log.h:3:0,
                 from drivers/misc/mediatek/dispsys/mt6735/ddp_dsi.c:8:
/home/satory-ra/Android/kernel/android_kernel_oukitel_orange/drivers/misc/mediatek/dispsys/mt6735/display_recorder.h:136:6: note: expected 'unsigned int' but argument is of type 'volatile struct DSI_PHY_TIMCON0_REG *'
 void dprec_reg_op(void* cmdq, unsigned int reg, unsigned int val, unsigned int mask);
      ^
In file included from drivers/misc/mediatek/connectivity/conn_soc/drv_wlan/mt_wifi/wlan/include/precomp.h:241:0,
                 from drivers/misc/mediatek/connectivity/conn_soc/drv_wlan/mt_wifi/wlan/mgmt/stats.c:27:
drivers/misc/mediatek/connectivity/conn_soc/drv_wlan/mt_wifi/wlan/include/mgmt/scan.h:324:0: warning: "CFG_BATCH_MAX_MSCAN" redefined
 #define CFG_BATCH_MAX_MSCAN 4
 ^
In file included from drivers/misc/mediatek/dispsys/mt6735/ddp_dsi.c:31:0:
/home/satory-ra/Android/kernel/android_kernel_oukitel_orange/drivers/misc/mediatek/dispsys/mt6735/mt6735m/ddp_reg.h:1420:25: warning: passing argument 1 of 'disp_addr_convert' makes integer from pointer without a cast
    cmdqRecWrite(handle, disp_addr_convert(reg32), val, mask); \
                         ^
drivers/misc/mediatek/dispsys/mt6735/ddp_dsi.c:58:145: note: in expansion of macro 'DISP_REG_MASK'
   if(cmdq)  {*(unsigned int*)(&r) = ((unsigned int)0x00000000);r.bit = ~(r.bit);*(unsigned int*)(&v) = ((unsigned int)0x00000000);v.bit = value;DISP_REG_MASK(cmdq, &REG, AS_UINT32(&v), AS_UINT32(&r));}  \
                                                                                                                                                 ^
drivers/misc/mediatek/dispsys/mt6735/ddp_dsi.c:1476:3: note: in expansion of macro 'DSI_OUTREGBIT'
   DSI_OUTREGBIT(cmdq, DSI_PHY_TIMCON0_REG, DSI_REG[i]->DSI_PHY_TIMECON0,HS_PRPR,timcon0.HS_PRPR);
   ^
/home/satory-ra/Android/kernel/android_kernel_oukitel_orange/drivers/misc/mediatek/dispsys/mt6735/mt6735m/ddp_reg.h:1395:29: note: expected 'long unsigned int' but argument is of type 'volatile struct DSI_PHY_TIMCON0_REG *'
 static inline unsigned long disp_addr_convert(unsigned long va) 
                             ^
In file included from drivers/misc/mediatek/connectivity/conn_soc/drv_wlan/mt_wifi/wlan/os/linux/include/gl_os.h:584:0,
                 from drivers/misc/mediatek/connectivity/conn_soc/drv_wlan/mt_wifi/wlan/include/precomp.h:173,
                 from drivers/misc/mediatek/connectivity/conn_soc/drv_wlan/mt_wifi/wlan/mgmt/stats.c:27:
drivers/misc/mediatek/connectivity/conn_soc/drv_wlan/mt_wifi/wlan/include/config.h:1585:0: note: this is the location of the previous definition
 #define CFG_BATCH_MAX_MSCAN                 2
 ^
/home/satory-ra/Android/kernel/android_kernel_oukitel_orange/drivers/misc/mediatek/dispsys/mt6735/mt6735m/ddp_reg.h:1486:17: warning: passing argument 2 of 'dprec_reg_op' makes integer from pointer without a cast
                 dprec_reg_op(handle, reg32, val, 0x00000000);\
                 ^
drivers/misc/mediatek/dispsys/mt6735/ddp_dsi.c:59:63: note: in expansion of macro 'DISP_REG_SET'
   else{mt_reg_sync_writel(INREG32(&REG),&r);r.bit = (value);  DISP_REG_SET(cmdq, &REG, INREG32(&r));}    \
                                                               ^
drivers/misc/mediatek/dispsys/mt6735/ddp_dsi.c:1476:3: note: in expansion of macro 'DSI_OUTREGBIT'
   DSI_OUTREGBIT(cmdq, DSI_PHY_TIMCON0_REG, DSI_REG[i]->DSI_PHY_TIMECON0,HS_PRPR,timcon0.HS_PRPR);
   ^
In file included from /home/satory-ra/Android/kernel/android_kernel_oukitel_orange/drivers/misc/mediatek/videox/mt6735/disp_drv_log.h:3:0,
                 from drivers/misc/mediatek/dispsys/mt6735/ddp_dsi.c:8:
/home/satory-ra/Android/kernel/android_kernel_oukitel_orange/drivers/misc/mediatek/dispsys/mt6735/display_recorder.h:136:6: note: expected 'unsigned int' but argument is of type 'volatile struct DSI_PHY_TIMCON0_REG *'
 void dprec_reg_op(void* cmdq, unsigned int reg, unsigned int val, unsigned int mask);
      ^
In file included from drivers/misc/mediatek/dispsys/mt6735/ddp_dsi.c:31:0:
/home/satory-ra/Android/kernel/android_kernel_oukitel_orange/drivers/misc/mediatek/dispsys/mt6735/mt6735m/ddp_reg.h:1487:38: warning: passing argument 1 of 'disp_addr_convert' makes integer from pointer without a cast
                 cmdqRecWrite(handle, disp_addr_convert(reg32), val, ~0); \
                                      ^
drivers/misc/mediatek/dispsys/mt6735/ddp_dsi.c:59:63: note: in expansion of macro 'DISP_REG_SET'
   else{mt_reg_sync_writel(INREG32(&REG),&r);r.bit = (value);  DISP_REG_SET(cmdq, &REG, INREG32(&r));}    \
                                                               ^
drivers/misc/mediatek/dispsys/mt6735/ddp_dsi.c:1476:3: note: in expansion of macro 'DSI_OUTREGBIT'
   DSI_OUTREGBIT(cmdq, DSI_PHY_TIMCON0_REG, DSI_REG[i]->DSI_PHY_TIMECON0,HS_PRPR,timcon0.HS_PRPR);
   ^
/home/satory-ra/Android/kernel/android_kernel_oukitel_orange/drivers/misc/mediatek/dispsys/mt6735/mt6735m/ddp_reg.h:1395:29: note: expected 'long unsigned int' but argument is of type 'volatile struct DSI_PHY_TIMCON0_REG *'
 static inline unsigned long disp_addr_convert(unsigned long va) 
                             ^
/home/satory-ra/Android/kernel/android_kernel_oukitel_orange/drivers/misc/mediatek/dispsys/mt6735/mt6735m/ddp_reg.h:1413:3: warning: passing argument 2 of 'dprec_reg_op' makes integer from pointer without a cast
   dprec_reg_op(handle, reg32, val, mask);\
   ^
drivers/misc/mediatek/dispsys/mt6735/ddp_dsi.c:58:145: note: in expansion of macro 'DISP_REG_MASK'
   if(cmdq)  {*(unsigned int*)(&r) = ((unsigned int)0x00000000);r.bit = ~(r.bit);*(unsigned int*)(&v) = ((unsigned int)0x00000000);v.bit = value;DISP_REG_MASK(cmdq, &REG, AS_UINT32(&v), AS_UINT32(&r));}  \
                                                                                                                                                 ^
drivers/misc/mediatek/dispsys/mt6735/ddp_dsi.c:1477:3: note: in expansion of macro 'DSI_OUTREGBIT'
   DSI_OUTREGBIT(cmdq, DSI_PHY_TIMCON0_REG, DSI_REG[i]->DSI_PHY_TIMECON0,HS_ZERO,timcon0.HS_ZERO);
   ^
In file included from /home/satory-ra/Android/kernel/android_kernel_oukitel_orange/drivers/misc/mediatek/videox/mt6735/disp_drv_log.h:3:0,
                 from drivers/misc/mediatek/dispsys/mt6735/ddp_dsi.c:8:
/home/satory-ra/Android/kernel/android_kernel_oukitel_orange/drivers/misc/mediatek/dispsys/mt6735/display_recorder.h:136:6: note: expected 'unsigned int' but argument is of type 'volatile struct DSI_PHY_TIMCON0_REG *'
 void dprec_reg_op(void* cmdq, unsigned int reg, unsigned int val, unsigned int mask);
      ^
In file included from drivers/misc/mediatek/dispsys/mt6735/ddp_dsi.c:31:0:
/home/satory-ra/Android/kernel/android_kernel_oukitel_orange/drivers/misc/mediatek/dispsys/mt6735/mt6735m/ddp_reg.h:1420:25: warning: passing argument 1 of 'disp_addr_convert' makes integer from pointer without a cast
    cmdqRecWrite(handle, disp_addr_convert(reg32), val, mask); \
                         ^
drivers/misc/mediatek/dispsys/mt6735/ddp_dsi.c:58:145: note: in expansion of macro 'DISP_REG_MASK'
   if(cmdq)  {*(unsigned int*)(&r) = ((unsigned int)0x00000000);r.bit = ~(r.bit);*(unsigned int*)(&v) = ((unsigned int)0x00000000);v.bit = value;DISP_REG_MASK(cmdq, &REG, AS_UINT32(&v), AS_UINT32(&r));}  \
                                                                                                                                                 ^
drivers/misc/mediatek/dispsys/mt6735/ddp_dsi.c:1477:3: note: in expansion of macro 'DSI_OUTREGBIT'
   DSI_OUTREGBIT(cmdq, DSI_PHY_TIMCON0_REG, DSI_REG[i]->DSI_PHY_TIMECON0,HS_ZERO,timcon0.HS_ZERO);
   ^
/home/satory-ra/Android/kernel/android_kernel_oukitel_orange/drivers/misc/mediatek/dispsys/mt6735/mt6735m/ddp_reg.h:1395:29: note: expected 'long unsigned int' but argument is of type 'volatile struct DSI_PHY_TIMCON0_REG *'
 static inline unsigned long disp_addr_convert(unsigned long va) 
                             ^
/home/satory-ra/Android/kernel/android_kernel_oukitel_orange/drivers/misc/mediatek/dispsys/mt6735/mt6735m/ddp_reg.h:1486:17: warning: passing argument 2 of 'dprec_reg_op' makes integer from pointer without a cast
                 dprec_reg_op(handle, reg32, val, 0x00000000);\
                 ^
drivers/misc/mediatek/dispsys/mt6735/ddp_dsi.c:59:63: note: in expansion of macro 'DISP_REG_SET'
   else{mt_reg_sync_writel(INREG32(&REG),&r);r.bit = (value);  DISP_REG_SET(cmdq, &REG, INREG32(&r));}    \
                                                               ^
drivers/misc/mediatek/dispsys/mt6735/ddp_dsi.c:1477:3: note: in expansion of macro 'DSI_OUTREGBIT'
   DSI_OUTREGBIT(cmdq, DSI_PHY_TIMCON0_REG, DSI_REG[i]->DSI_PHY_TIMECON0,HS_ZERO,timcon0.HS_ZERO);
   ^
In file included from /home/satory-ra/Android/kernel/android_kernel_oukitel_orange/drivers/misc/mediatek/videox/mt6735/disp_drv_log.h:3:0,
                 from drivers/misc/mediatek/dispsys/mt6735/ddp_dsi.c:8:
/home/satory-ra/Android/kernel/android_kernel_oukitel_orange/drivers/misc/mediatek/dispsys/mt6735/display_recorder.h:136:6: note: expected 'unsigned int' but argument is of type 'volatile struct DSI_PHY_TIMCON0_REG *'
 void dprec_reg_op(void* cmdq, unsigned int reg, unsigned int val, unsigned int mask);
      ^
drivers/misc/mediatek/connectivity/conn_soc/drv_wlan/mt_wifi/wlan/mgmt/stats.c:891:1: warning: 'statsInfoRxDropDisplay' defined but not used [-Wunused-function]
 statsInfoRxDropDisplay(
 ^
In file included from drivers/misc/mediatek/dispsys/mt6735/ddp_dsi.c:31:0:
/home/satory-ra/Android/kernel/android_kernel_oukitel_orange/drivers/misc/mediatek/dispsys/mt6735/mt6735m/ddp_reg.h:1487:38: warning: passing argument 1 of 'disp_addr_convert' makes integer from pointer without a cast
                 cmdqRecWrite(handle, disp_addr_convert(reg32), val, ~0); \
                                      ^
drivers/misc/mediatek/dispsys/mt6735/ddp_dsi.c:59:63: note: in expansion of macro 'DISP_REG_SET'
   else{mt_reg_sync_writel(INREG32(&REG),&r);r.bit = (value);  DISP_REG_SET(cmdq, &REG, INREG32(&r));}    \
                                                               ^
drivers/misc/mediatek/dispsys/mt6735/ddp_dsi.c:1477:3: note: in expansion of macro 'DSI_OUTREGBIT'
   DSI_OUTREGBIT(cmdq, DSI_PHY_TIMCON0_REG, DSI_REG[i]->DSI_PHY_TIMECON0,HS_ZERO,timcon0.HS_ZERO);
   ^
/home/satory-ra/Android/kernel/android_kernel_oukitel_orange/drivers/misc/mediatek/dispsys/mt6735/mt6735m/ddp_reg.h:1395:29: note: expected 'long unsigned int' but argument is of type 'volatile struct DSI_PHY_TIMCON0_REG *'
 static inline unsigned long disp_addr_convert(unsigned long va) 
                             ^
/home/satory-ra/Android/kernel/android_kernel_oukitel_orange/drivers/misc/mediatek/dispsys/mt6735/mt6735m/ddp_reg.h:1413:3: warning: passing argument 2 of 'dprec_reg_op' makes integer from pointer without a cast
   dprec_reg_op(handle, reg32, val, mask);\
   ^
drivers/misc/mediatek/dispsys/mt6735/ddp_dsi.c:58:145: note: in expansion of macro 'DISP_REG_MASK'
   if(cmdq)  {*(unsigned int*)(&r) = ((unsigned int)0x00000000);r.bit = ~(r.bit);*(unsigned int*)(&v) = ((unsigned int)0x00000000);v.bit = value;DISP_REG_MASK(cmdq, &REG, AS_UINT32(&v), AS_UINT32(&r));}  \
                                                                                                                                                 ^
drivers/misc/mediatek/dispsys/mt6735/ddp_dsi.c:1478:3: note: in expansion of macro 'DSI_OUTREGBIT'
   DSI_OUTREGBIT(cmdq, DSI_PHY_TIMCON0_REG, DSI_REG[i]->DSI_PHY_TIMECON0,HS_TRAIL,timcon0.HS_TRAIL);
   ^
In file included from /home/satory-ra/Android/kernel/android_kernel_oukitel_orange/drivers/misc/mediatek/videox/mt6735/disp_drv_log.h:3:0,
                 from drivers/misc/mediatek/dispsys/mt6735/ddp_dsi.c:8:
/home/satory-ra/Android/kernel/android_kernel_oukitel_orange/drivers/misc/mediatek/dispsys/mt6735/display_recorder.h:136:6: note: expected 'unsigned int' but argument is of type 'volatile struct DSI_PHY_TIMCON0_REG *'
 void dprec_reg_op(void* cmdq, unsigned int reg, unsigned int val, unsigned int mask);
      ^
In file included from drivers/misc/mediatek/dispsys/mt6735/ddp_dsi.c:31:0:
/home/satory-ra/Android/kernel/android_kernel_oukitel_orange/drivers/misc/mediatek/dispsys/mt6735/mt6735m/ddp_reg.h:1420:25: warning: passing argument 1 of 'disp_addr_convert' makes integer from pointer without a cast
    cmdqRecWrite(handle, disp_addr_convert(reg32), val, mask); \
                         ^
drivers/misc/mediatek/dispsys/mt6735/ddp_dsi.c:58:145: note: in expansion of macro 'DISP_REG_MASK'
   if(cmdq)  {*(unsigned int*)(&r) = ((unsigned int)0x00000000);r.bit = ~(r.bit);*(unsigned int*)(&v) = ((unsigned int)0x00000000);v.bit = value;DISP_REG_MASK(cmdq, &REG, AS_UINT32(&v), AS_UINT32(&r));}  \
                                                                                                                                                 ^
drivers/misc/mediatek/dispsys/mt6735/ddp_dsi.c:1478:3: note: in expansion of macro 'DSI_OUTREGBIT'
   DSI_OUTREGBIT(cmdq, DSI_PHY_TIMCON0_REG, DSI_REG[i]->DSI_PHY_TIMECON0,HS_TRAIL,timcon0.HS_TRAIL);
   ^
/home/satory-ra/Android/kernel/android_kernel_oukitel_orange/drivers/misc/mediatek/dispsys/mt6735/mt6735m/ddp_reg.h:1395:29: note: expected 'long unsigned int' but argument is of type 'volatile struct DSI_PHY_TIMCON0_REG *'
 static inline unsigned long disp_addr_convert(unsigned long va) 
                             ^
/home/satory-ra/Android/kernel/android_kernel_oukitel_orange/drivers/misc/mediatek/dispsys/mt6735/mt6735m/ddp_reg.h:1486:17: warning: passing argument 2 of 'dprec_reg_op' makes integer from pointer without a cast
                 dprec_reg_op(handle, reg32, val, 0x00000000);\
                 ^
drivers/misc/mediatek/dispsys/mt6735/ddp_dsi.c:59:63: note: in expansion of macro 'DISP_REG_SET'
   else{mt_reg_sync_writel(INREG32(&REG),&r);r.bit = (value);  DISP_REG_SET(cmdq, &REG, INREG32(&r));}    \
                                                               ^
drivers/misc/mediatek/dispsys/mt6735/ddp_dsi.c:1478:3: note: in expansion of macro 'DSI_OUTREGBIT'
   DSI_OUTREGBIT(cmdq, DSI_PHY_TIMCON0_REG, DSI_REG[i]->DSI_PHY_TIMECON0,HS_TRAIL,timcon0.HS_TRAIL);
   ^
In file included from /home/satory-ra/Android/kernel/android_kernel_oukitel_orange/drivers/misc/mediatek/videox/mt6735/disp_drv_log.h:3:0,
                 from drivers/misc/mediatek/dispsys/mt6735/ddp_dsi.c:8:
/home/satory-ra/Android/kernel/android_kernel_oukitel_orange/drivers/misc/mediatek/dispsys/mt6735/display_recorder.h:136:6: note: expected 'unsigned int' but argument is of type 'volatile struct DSI_PHY_TIMCON0_REG *'
 void dprec_reg_op(void* cmdq, unsigned int reg, unsigned int val, unsigned int mask);
      ^
In file included from drivers/misc/mediatek/dispsys/mt6735/ddp_dsi.c:31:0:
/home/satory-ra/Android/kernel/android_kernel_oukitel_orange/drivers/misc/mediatek/dispsys/mt6735/mt6735m/ddp_reg.h:1487:38: warning: passing argument 1 of 'disp_addr_convert' makes integer from pointer without a cast
                 cmdqRecWrite(handle, disp_addr_convert(reg32), val, ~0); \
                                      ^
drivers/misc/mediatek/dispsys/mt6735/ddp_dsi.c:59:63: note: in expansion of macro 'DISP_REG_SET'
   else{mt_reg_sync_writel(INREG32(&REG),&r);r.bit = (value);  DISP_REG_SET(cmdq, &REG, INREG32(&r));}    \
                                                               ^
drivers/misc/mediatek/dispsys/mt6735/ddp_dsi.c:1478:3: note: in expansion of macro 'DSI_OUTREGBIT'
   DSI_OUTREGBIT(cmdq, DSI_PHY_TIMCON0_REG, DSI_REG[i]->DSI_PHY_TIMECON0,HS_TRAIL,timcon0.HS_TRAIL);
   ^
/home/satory-ra/Android/kernel/android_kernel_oukitel_orange/drivers/misc/mediatek/dispsys/mt6735/mt6735m/ddp_reg.h:1395:29: note: expected 'long unsigned int' but argument is of type 'volatile struct DSI_PHY_TIMCON0_REG *'
 static inline unsigned long disp_addr_convert(unsigned long va) 
                             ^
/home/satory-ra/Android/kernel/android_kernel_oukitel_orange/drivers/misc/mediatek/dispsys/mt6735/mt6735m/ddp_reg.h:1413:3: warning: passing argument 2 of 'dprec_reg_op' makes integer from pointer without a cast
   dprec_reg_op(handle, reg32, val, mask);\
   ^
drivers/misc/mediatek/dispsys/mt6735/ddp_dsi.c:58:145: note: in expansion of macro 'DISP_REG_MASK'
   if(cmdq)  {*(unsigned int*)(&r) = ((unsigned int)0x00000000);r.bit = ~(r.bit);*(unsigned int*)(&v) = ((unsigned int)0x00000000);v.bit = value;DISP_REG_MASK(cmdq, &REG, AS_UINT32(&v), AS_UINT32(&r));}  \
                                                                                                                                                 ^
drivers/misc/mediatek/dispsys/mt6735/ddp_dsi.c:1480:3: note: in expansion of macro 'DSI_OUTREGBIT'
   DSI_OUTREGBIT(cmdq, DSI_PHY_TIMCON1_REG, DSI_REG[i]->DSI_PHY_TIMECON1,TA_GO,timcon1.TA_GO);
   ^
In file included from /home/satory-ra/Android/kernel/android_kernel_oukitel_orange/drivers/misc/mediatek/videox/mt6735/disp_drv_log.h:3:0,
                 from drivers/misc/mediatek/dispsys/mt6735/ddp_dsi.c:8:
/home/satory-ra/Android/kernel/android_kernel_oukitel_orange/drivers/misc/mediatek/dispsys/mt6735/display_recorder.h:136:6: note: expected 'unsigned int' but argument is of type 'volatile struct DSI_PHY_TIMCON1_REG *'
 void dprec_reg_op(void* cmdq, unsigned int reg, unsigned int val, unsigned int mask);
      ^
In file included from drivers/misc/mediatek/dispsys/mt6735/ddp_dsi.c:31:0:
/home/satory-ra/Android/kernel/android_kernel_oukitel_orange/drivers/misc/mediatek/dispsys/mt6735/mt6735m/ddp_reg.h:1420:25: warning: passing argument 1 of 'disp_addr_convert' makes integer from pointer without a cast
    cmdqRecWrite(handle, disp_addr_convert(reg32), val, mask); \
                         ^
drivers/misc/mediatek/dispsys/mt6735/ddp_dsi.c:58:145: note: in expansion of macro 'DISP_REG_MASK'
   if(cmdq)  {*(unsigned int*)(&r) = ((unsigned int)0x00000000);r.bit = ~(r.bit);*(unsigned int*)(&v) = ((unsigned int)0x00000000);v.bit = value;DISP_REG_MASK(cmdq, &REG, AS_UINT32(&v), AS_UINT32(&r));}  \
                                                                                                                                                 ^
drivers/misc/mediatek/dispsys/mt6735/ddp_dsi.c:1480:3: note: in expansion of macro 'DSI_OUTREGBIT'
   DSI_OUTREGBIT(cmdq, DSI_PHY_TIMCON1_REG, DSI_REG[i]->DSI_PHY_TIMECON1,TA_GO,timcon1.TA_GO);
   ^
/home/satory-ra/Android/kernel/android_kernel_oukitel_orange/drivers/misc/mediatek/dispsys/mt6735/mt6735m/ddp_reg.h:1395:29: note: expected 'long unsigned int' but argument is of type 'volatile struct DSI_PHY_TIMCON1_REG *'
 static inline unsigned long disp_addr_convert(unsigned long va) 
                             ^
/home/satory-ra/Android/kernel/android_kernel_oukitel_orange/drivers/misc/mediatek/dispsys/mt6735/mt6735m/ddp_reg.h:1486:17: warning: passing argument 2 of 'dprec_reg_op' makes integer from pointer without a cast
                 dprec_reg_op(handle, reg32, val, 0x00000000);\
                 ^
drivers/misc/mediatek/dispsys/mt6735/ddp_dsi.c:59:63: note: in expansion of macro 'DISP_REG_SET'
   else{mt_reg_sync_writel(INREG32(&REG),&r);r.bit = (value);  DISP_REG_SET(cmdq, &REG, INREG32(&r));}    \
                                                               ^
drivers/misc/mediatek/dispsys/mt6735/ddp_dsi.c:1480:3: note: in expansion of macro 'DSI_OUTREGBIT'
   DSI_OUTREGBIT(cmdq, DSI_PHY_TIMCON1_REG, DSI_REG[i]->DSI_PHY_TIMECON1,TA_GO,timcon1.TA_GO);
   ^
In file included from /home/satory-ra/Android/kernel/android_kernel_oukitel_orange/drivers/misc/mediatek/videox/mt6735/disp_drv_log.h:3:0,
                 from drivers/misc/mediatek/dispsys/mt6735/ddp_dsi.c:8:
/home/satory-ra/Android/kernel/android_kernel_oukitel_orange/drivers/misc/mediatek/dispsys/mt6735/display_recorder.h:136:6: note: expected 'unsigned int' but argument is of type 'volatile struct DSI_PHY_TIMCON1_REG *'
 void dprec_reg_op(void* cmdq, unsigned int reg, unsigned int val, unsigned int mask);
      ^
In file included from drivers/misc/mediatek/dispsys/mt6735/ddp_dsi.c:31:0:
/home/satory-ra/Android/kernel/android_kernel_oukitel_orange/drivers/misc/mediatek/dispsys/mt6735/mt6735m/ddp_reg.h:1487:38: warning: passing argument 1 of 'disp_addr_convert' makes integer from pointer without a cast
                 cmdqRecWrite(handle, disp_addr_convert(reg32), val, ~0); \
                                      ^
drivers/misc/mediatek/dispsys/mt6735/ddp_dsi.c:59:63: note: in expansion of macro 'DISP_REG_SET'
   else{mt_reg_sync_writel(INREG32(&REG),&r);r.bit = (value);  DISP_REG_SET(cmdq, &REG, INREG32(&r));}    \
                                                               ^
drivers/misc/mediatek/dispsys/mt6735/ddp_dsi.c:1480:3: note: in expansion of macro 'DSI_OUTREGBIT'
   DSI_OUTREGBIT(cmdq, DSI_PHY_TIMCON1_REG, DSI_REG[i]->DSI_PHY_TIMECON1,TA_GO,timcon1.TA_GO);
   ^
  CC      net/netfilter/xt_string.o
/home/satory-ra/Android/kernel/android_kernel_oukitel_orange/drivers/misc/mediatek/dispsys/mt6735/mt6735m/ddp_reg.h:1395:29: note: expected 'long unsigned int' but argument is of type 'volatile struct DSI_PHY_TIMCON1_REG *'
 static inline unsigned long disp_addr_convert(unsigned long va) 
                             ^
/home/satory-ra/Android/kernel/android_kernel_oukitel_orange/drivers/misc/mediatek/dispsys/mt6735/mt6735m/ddp_reg.h:1413:3: warning: passing argument 2 of 'dprec_reg_op' makes integer from pointer without a cast
   dprec_reg_op(handle, reg32, val, mask);\
   ^
drivers/misc/mediatek/dispsys/mt6735/ddp_dsi.c:58:145: note: in expansion of macro 'DISP_REG_MASK'
   if(cmdq)  {*(unsigned int*)(&r) = ((unsigned int)0x00000000);r.bit = ~(r.bit);*(unsigned int*)(&v) = ((unsigned int)0x00000000);v.bit = value;DISP_REG_MASK(cmdq, &REG, AS_UINT32(&v), AS_UINT32(&r));}  \
                                                                                                                                                 ^
drivers/misc/mediatek/dispsys/mt6735/ddp_dsi.c:1481:3: note: in expansion of macro 'DSI_OUTREGBIT'
   DSI_OUTREGBIT(cmdq, DSI_PHY_TIMCON1_REG, DSI_REG[i]->DSI_PHY_TIMECON1,TA_SURE,timcon1.TA_SURE);
   ^
In file included from /home/satory-ra/Android/kernel/android_kernel_oukitel_orange/drivers/misc/mediatek/videox/mt6735/disp_drv_log.h:3:0,
                 from drivers/misc/mediatek/dispsys/mt6735/ddp_dsi.c:8:
/home/satory-ra/Android/kernel/android_kernel_oukitel_orange/drivers/misc/mediatek/dispsys/mt6735/display_recorder.h:136:6: note: expected 'unsigned int' but argument is of type 'volatile struct DSI_PHY_TIMCON1_REG *'
 void dprec_reg_op(void* cmdq, unsigned int reg, unsigned int val, unsigned int mask);
      ^
In file included from drivers/misc/mediatek/dispsys/mt6735/ddp_dsi.c:31:0:
/home/satory-ra/Android/kernel/android_kernel_oukitel_orange/drivers/misc/mediatek/dispsys/mt6735/mt6735m/ddp_reg.h:1420:25: warning: passing argument 1 of 'disp_addr_convert' makes integer from pointer without a cast
    cmdqRecWrite(handle, disp_addr_convert(reg32), val, mask); \
                         ^
drivers/misc/mediatek/dispsys/mt6735/ddp_dsi.c:58:145: note: in expansion of macro 'DISP_REG_MASK'
   if(cmdq)  {*(unsigned int*)(&r) = ((unsigned int)0x00000000);r.bit = ~(r.bit);*(unsigned int*)(&v) = ((unsigned int)0x00000000);v.bit = value;DISP_REG_MASK(cmdq, &REG, AS_UINT32(&v), AS_UINT32(&r));}  \
                                                                                                                                                 ^
drivers/misc/mediatek/dispsys/mt6735/ddp_dsi.c:1481:3: note: in expansion of macro 'DSI_OUTREGBIT'
   DSI_OUTREGBIT(cmdq, DSI_PHY_TIMCON1_REG, DSI_REG[i]->DSI_PHY_TIMECON1,TA_SURE,timcon1.TA_SURE);
   ^
/home/satory-ra/Android/kernel/android_kernel_oukitel_orange/drivers/misc/mediatek/dispsys/mt6735/mt6735m/ddp_reg.h:1395:29: note: expected 'long unsigned int' but argument is of type 'volatile struct DSI_PHY_TIMCON1_REG *'
 static inline unsigned long disp_addr_convert(unsigned long va) 
                             ^
/home/satory-ra/Android/kernel/android_kernel_oukitel_orange/drivers/misc/mediatek/dispsys/mt6735/mt6735m/ddp_reg.h:1486:17: warning: passing argument 2 of 'dprec_reg_op' makes integer from pointer without a cast
                 dprec_reg_op(handle, reg32, val, 0x00000000);\
                 ^
drivers/misc/mediatek/dispsys/mt6735/ddp_dsi.c:59:63: note: in expansion of macro 'DISP_REG_SET'
   else{mt_reg_sync_writel(INREG32(&REG),&r);r.bit = (value);  DISP_REG_SET(cmdq, &REG, INREG32(&r));}    \
                                                               ^
drivers/misc/mediatek/dispsys/mt6735/ddp_dsi.c:1481:3: note: in expansion of macro 'DSI_OUTREGBIT'
   DSI_OUTREGBIT(cmdq, DSI_PHY_TIMCON1_REG, DSI_REG[i]->DSI_PHY_TIMECON1,TA_SURE,timcon1.TA_SURE);
   ^
In file included from /home/satory-ra/Android/kernel/android_kernel_oukitel_orange/drivers/misc/mediatek/videox/mt6735/disp_drv_log.h:3:0,
                 from drivers/misc/mediatek/dispsys/mt6735/ddp_dsi.c:8:
/home/satory-ra/Android/kernel/android_kernel_oukitel_orange/drivers/misc/mediatek/dispsys/mt6735/display_recorder.h:136:6: note: expected 'unsigned int' but argument is of type 'volatile struct DSI_PHY_TIMCON1_REG *'
 void dprec_reg_op(void* cmdq, unsigned int reg, unsigned int val, unsigned int mask);
      ^
In file included from drivers/misc/mediatek/dispsys/mt6735/ddp_dsi.c:31:0:
/home/satory-ra/Android/kernel/android_kernel_oukitel_orange/drivers/misc/mediatek/dispsys/mt6735/mt6735m/ddp_reg.h:1487:38: warning: passing argument 1 of 'disp_addr_convert' makes integer from pointer without a cast
                 cmdqRecWrite(handle, disp_addr_convert(reg32), val, ~0); \
                                      ^
drivers/misc/mediatek/dispsys/mt6735/ddp_dsi.c:59:63: note: in expansion of macro 'DISP_REG_SET'
   else{mt_reg_sync_writel(INREG32(&REG),&r);r.bit = (value);  DISP_REG_SET(cmdq, &REG, INREG32(&r));}    \
                                                               ^
drivers/misc/mediatek/dispsys/mt6735/ddp_dsi.c:1481:3: note: in expansion of macro 'DSI_OUTREGBIT'
   DSI_OUTREGBIT(cmdq, DSI_PHY_TIMCON1_REG, DSI_REG[i]->DSI_PHY_TIMECON1,TA_SURE,timcon1.TA_SURE);
   ^
/home/satory-ra/Android/kernel/android_kernel_oukitel_orange/drivers/misc/mediatek/dispsys/mt6735/mt6735m/ddp_reg.h:1395:29: note: expected 'long unsigned int' but argument is of type 'volatile struct DSI_PHY_TIMCON1_REG *'
 static inline unsigned long disp_addr_convert(unsigned long va) 
                             ^
/home/satory-ra/Android/kernel/android_kernel_oukitel_orange/drivers/misc/mediatek/dispsys/mt6735/mt6735m/ddp_reg.h:1413:3: warning: passing argument 2 of 'dprec_reg_op' makes integer from pointer without a cast
   dprec_reg_op(handle, reg32, val, mask);\
   ^
drivers/misc/mediatek/dispsys/mt6735/ddp_dsi.c:58:145: note: in expansion of macro 'DISP_REG_MASK'
   if(cmdq)  {*(unsigned int*)(&r) = ((unsigned int)0x00000000);r.bit = ~(r.bit);*(unsigned int*)(&v) = ((unsigned int)0x00000000);v.bit = value;DISP_REG_MASK(cmdq, &REG, AS_UINT32(&v), AS_UINT32(&r));}  \
                                                                                                                                                 ^
drivers/misc/mediatek/dispsys/mt6735/ddp_dsi.c:1482:3: note: in expansion of macro 'DSI_OUTREGBIT'
   DSI_OUTREGBIT(cmdq, DSI_PHY_TIMCON1_REG, DSI_REG[i]->DSI_PHY_TIMECON1,TA_GET,timcon1.TA_GET);
   ^
In file included from /home/satory-ra/Android/kernel/android_kernel_oukitel_orange/drivers/misc/mediatek/videox/mt6735/disp_drv_log.h:3:0,
                 from drivers/misc/mediatek/dispsys/mt6735/ddp_dsi.c:8:
/home/satory-ra/Android/kernel/android_kernel_oukitel_orange/drivers/misc/mediatek/dispsys/mt6735/display_recorder.h:136:6: note: expected 'unsigned int' but argument is of type 'volatile struct DSI_PHY_TIMCON1_REG *'
 void dprec_reg_op(void* cmdq, unsigned int reg, unsigned int val, unsigned int mask);
      ^
In file included from drivers/misc/mediatek/dispsys/mt6735/ddp_dsi.c:31:0:
/home/satory-ra/Android/kernel/android_kernel_oukitel_orange/drivers/misc/mediatek/dispsys/mt6735/mt6735m/ddp_reg.h:1420:25: warning: passing argument 1 of 'disp_addr_convert' makes integer from pointer without a cast
    cmdqRecWrite(handle, disp_addr_convert(reg32), val, mask); \
                         ^
drivers/misc/mediatek/dispsys/mt6735/ddp_dsi.c:58:145: note: in expansion of macro 'DISP_REG_MASK'
   if(cmdq)  {*(unsigned int*)(&r) = ((unsigned int)0x00000000);r.bit = ~(r.bit);*(unsigned int*)(&v) = ((unsigned int)0x00000000);v.bit = value;DISP_REG_MASK(cmdq, &REG, AS_UINT32(&v), AS_UINT32(&r));}  \
                                                                                                                                                 ^
drivers/misc/mediatek/dispsys/mt6735/ddp_dsi.c:1482:3: note: in expansion of macro 'DSI_OUTREGBIT'
   DSI_OUTREGBIT(cmdq, DSI_PHY_TIMCON1_REG, DSI_REG[i]->DSI_PHY_TIMECON1,TA_GET,timcon1.TA_GET);
   ^
/home/satory-ra/Android/kernel/android_kernel_oukitel_orange/drivers/misc/mediatek/dispsys/mt6735/mt6735m/ddp_reg.h:1395:29: note: expected 'long unsigned int' but argument is of type 'volatile struct DSI_PHY_TIMCON1_REG *'
 static inline unsigned long disp_addr_convert(unsigned long va) 
                             ^
/home/satory-ra/Android/kernel/android_kernel_oukitel_orange/drivers/misc/mediatek/dispsys/mt6735/mt6735m/ddp_reg.h:1486:17: warning: passing argument 2 of 'dprec_reg_op' makes integer from pointer without a cast
                 dprec_reg_op(handle, reg32, val, 0x00000000);\
                 ^
drivers/misc/mediatek/dispsys/mt6735/ddp_dsi.c:59:63: note: in expansion of macro 'DISP_REG_SET'
   else{mt_reg_sync_writel(INREG32(&REG),&r);r.bit = (value);  DISP_REG_SET(cmdq, &REG, INREG32(&r));}    \
                                                               ^
drivers/misc/mediatek/dispsys/mt6735/ddp_dsi.c:1482:3: note: in expansion of macro 'DSI_OUTREGBIT'
   DSI_OUTREGBIT(cmdq, DSI_PHY_TIMCON1_REG, DSI_REG[i]->DSI_PHY_TIMECON1,TA_GET,timcon1.TA_GET);
   ^
In file included from /home/satory-ra/Android/kernel/android_kernel_oukitel_orange/drivers/misc/mediatek/videox/mt6735/disp_drv_log.h:3:0,
                 from drivers/misc/mediatek/dispsys/mt6735/ddp_dsi.c:8:
/home/satory-ra/Android/kernel/android_kernel_oukitel_orange/drivers/misc/mediatek/dispsys/mt6735/display_recorder.h:136:6: note: expected 'unsigned int' but argument is of type 'volatile struct DSI_PHY_TIMCON1_REG *'
 void dprec_reg_op(void* cmdq, unsigned int reg, unsigned int val, unsigned int mask);
      ^
In file included from drivers/misc/mediatek/dispsys/mt6735/ddp_dsi.c:31:0:
/home/satory-ra/Android/kernel/android_kernel_oukitel_orange/drivers/misc/mediatek/dispsys/mt6735/mt6735m/ddp_reg.h:1487:38: warning: passing argument 1 of 'disp_addr_convert' makes integer from pointer without a cast
                 cmdqRecWrite(handle, disp_addr_convert(reg32), val, ~0); \
                                      ^
drivers/misc/mediatek/dispsys/mt6735/ddp_dsi.c:59:63: note: in expansion of macro 'DISP_REG_SET'
   else{mt_reg_sync_writel(INREG32(&REG),&r);r.bit = (value);  DISP_REG_SET(cmdq, &REG, INREG32(&r));}    \
                                                               ^
drivers/misc/mediatek/dispsys/mt6735/ddp_dsi.c:1482:3: note: in expansion of macro 'DSI_OUTREGBIT'
   DSI_OUTREGBIT(cmdq, DSI_PHY_TIMCON1_REG, DSI_REG[i]->DSI_PHY_TIMECON1,TA_GET,timcon1.TA_GET);
   ^
/home/satory-ra/Android/kernel/android_kernel_oukitel_orange/drivers/misc/mediatek/dispsys/mt6735/mt6735m/ddp_reg.h:1395:29: note: expected 'long unsigned int' but argument is of type 'volatile struct DSI_PHY_TIMCON1_REG *'
 static inline unsigned long disp_addr_convert(unsigned long va) 
                             ^
/home/satory-ra/Android/kernel/android_kernel_oukitel_orange/drivers/misc/mediatek/dispsys/mt6735/mt6735m/ddp_reg.h:1413:3: warning: passing argument 2 of 'dprec_reg_op' makes integer from pointer without a cast
   dprec_reg_op(handle, reg32, val, mask);\
   ^
drivers/misc/mediatek/dispsys/mt6735/ddp_dsi.c:58:145: note: in expansion of macro 'DISP_REG_MASK'
   if(cmdq)  {*(unsigned int*)(&r) = ((unsigned int)0x00000000);r.bit = ~(r.bit);*(unsigned int*)(&v) = ((unsigned int)0x00000000);v.bit = value;DISP_REG_MASK(cmdq, &REG, AS_UINT32(&v), AS_UINT32(&r));}  \
                                                                                                                                                 ^
drivers/misc/mediatek/dispsys/mt6735/ddp_dsi.c:1483:3: note: in expansion of macro 'DSI_OUTREGBIT'
   DSI_OUTREGBIT(cmdq, DSI_PHY_TIMCON1_REG, DSI_REG[i]->DSI_PHY_TIMECON1,DA_HS_EXIT,timcon1.DA_HS_EXIT);
   ^
In file included from /home/satory-ra/Android/kernel/android_kernel_oukitel_orange/drivers/misc/mediatek/videox/mt6735/disp_drv_log.h:3:0,
                 from drivers/misc/mediatek/dispsys/mt6735/ddp_dsi.c:8:
/home/satory-ra/Android/kernel/android_kernel_oukitel_orange/drivers/misc/mediatek/dispsys/mt6735/display_recorder.h:136:6: note: expected 'unsigned int' but argument is of type 'volatile struct DSI_PHY_TIMCON1_REG *'
 void dprec_reg_op(void* cmdq, unsigned int reg, unsigned int val, unsigned int mask);
      ^
In file included from drivers/misc/mediatek/dispsys/mt6735/ddp_dsi.c:31:0:
/home/satory-ra/Android/kernel/android_kernel_oukitel_orange/drivers/misc/mediatek/dispsys/mt6735/mt6735m/ddp_reg.h:1420:25: warning: passing argument 1 of 'disp_addr_convert' makes integer from pointer without a cast
    cmdqRecWrite(handle, disp_addr_convert(reg32), val, mask); \
                         ^
drivers/misc/mediatek/dispsys/mt6735/ddp_dsi.c:58:145: note: in expansion of macro 'DISP_REG_MASK'
   if(cmdq)  {*(unsigned int*)(&r) = ((unsigned int)0x00000000);r.bit = ~(r.bit);*(unsigned int*)(&v) = ((unsigned int)0x00000000);v.bit = value;DISP_REG_MASK(cmdq, &REG, AS_UINT32(&v), AS_UINT32(&r));}  \
                                                                                                                                                 ^
drivers/misc/mediatek/dispsys/mt6735/ddp_dsi.c:1483:3: note: in expansion of macro 'DSI_OUTREGBIT'
   DSI_OUTREGBIT(cmdq, DSI_PHY_TIMCON1_REG, DSI_REG[i]->DSI_PHY_TIMECON1,DA_HS_EXIT,timcon1.DA_HS_EXIT);
   ^
/home/satory-ra/Android/kernel/android_kernel_oukitel_orange/drivers/misc/mediatek/dispsys/mt6735/mt6735m/ddp_reg.h:1395:29: note: expected 'long unsigned int' but argument is of type 'volatile struct DSI_PHY_TIMCON1_REG *'
 static inline unsigned long disp_addr_convert(unsigned long va) 
                             ^
/home/satory-ra/Android/kernel/android_kernel_oukitel_orange/drivers/misc/mediatek/dispsys/mt6735/mt6735m/ddp_reg.h:1486:17: warning: passing argument 2 of 'dprec_reg_op' makes integer from pointer without a cast
                 dprec_reg_op(handle, reg32, val, 0x00000000);\
                 ^
drivers/misc/mediatek/dispsys/mt6735/ddp_dsi.c:59:63: note: in expansion of macro 'DISP_REG_SET'
   else{mt_reg_sync_writel(INREG32(&REG),&r);r.bit = (value);  DISP_REG_SET(cmdq, &REG, INREG32(&r));}    \
                                                               ^
drivers/misc/mediatek/dispsys/mt6735/ddp_dsi.c:1483:3: note: in expansion of macro 'DSI_OUTREGBIT'
   DSI_OUTREGBIT(cmdq, DSI_PHY_TIMCON1_REG, DSI_REG[i]->DSI_PHY_TIMECON1,DA_HS_EXIT,timcon1.DA_HS_EXIT);
   ^
In file included from /home/satory-ra/Android/kernel/android_kernel_oukitel_orange/drivers/misc/mediatek/videox/mt6735/disp_drv_log.h:3:0,
                 from drivers/misc/mediatek/dispsys/mt6735/ddp_dsi.c:8:
/home/satory-ra/Android/kernel/android_kernel_oukitel_orange/drivers/misc/mediatek/dispsys/mt6735/display_recorder.h:136:6: note: expected 'unsigned int' but argument is of type 'volatile struct DSI_PHY_TIMCON1_REG *'
 void dprec_reg_op(void* cmdq, unsigned int reg, unsigned int val, unsigned int mask);
      ^
In file included from drivers/misc/mediatek/dispsys/mt6735/ddp_dsi.c:31:0:
/home/satory-ra/Android/kernel/android_kernel_oukitel_orange/drivers/misc/mediatek/dispsys/mt6735/mt6735m/ddp_reg.h:1487:38: warning: passing argument 1 of 'disp_addr_convert' makes integer from pointer without a cast
                 cmdqRecWrite(handle, disp_addr_convert(reg32), val, ~0); \
                                      ^
drivers/misc/mediatek/dispsys/mt6735/ddp_dsi.c:59:63: note: in expansion of macro 'DISP_REG_SET'
   else{mt_reg_sync_writel(INREG32(&REG),&r);r.bit = (value);  DISP_REG_SET(cmdq, &REG, INREG32(&r));}    \
                                                               ^
drivers/misc/mediatek/dispsys/mt6735/ddp_dsi.c:1483:3: note: in expansion of macro 'DSI_OUTREGBIT'
   DSI_OUTREGBIT(cmdq, DSI_PHY_TIMCON1_REG, DSI_REG[i]->DSI_PHY_TIMECON1,DA_HS_EXIT,timcon1.DA_HS_EXIT);
   ^
/home/satory-ra/Android/kernel/android_kernel_oukitel_orange/drivers/misc/mediatek/dispsys/mt6735/mt6735m/ddp_reg.h:1395:29: note: expected 'long unsigned int' but argument is of type 'volatile struct DSI_PHY_TIMCON1_REG *'
 static inline unsigned long disp_addr_convert(unsigned long va) 
                             ^
/home/satory-ra/Android/kernel/android_kernel_oukitel_orange/drivers/misc/mediatek/dispsys/mt6735/mt6735m/ddp_reg.h:1413:3: warning: passing argument 2 of 'dprec_reg_op' makes integer from pointer without a cast
   dprec_reg_op(handle, reg32, val, mask);\
   ^
drivers/misc/mediatek/dispsys/mt6735/ddp_dsi.c:58:145: note: in expansion of macro 'DISP_REG_MASK'
   if(cmdq)  {*(unsigned int*)(&r) = ((unsigned int)0x00000000);r.bit = ~(r.bit);*(unsigned int*)(&v) = ((unsigned int)0x00000000);v.bit = value;DISP_REG_MASK(cmdq, &REG, AS_UINT32(&v), AS_UINT32(&r));}  \
                                                                                                                                                 ^
drivers/misc/mediatek/dispsys/mt6735/ddp_dsi.c:1485:3: note: in expansion of macro 'DSI_OUTREGBIT'
   DSI_OUTREGBIT(cmdq, DSI_PHY_TIMCON2_REG, DSI_REG[i]->DSI_PHY_TIMECON2,CONT_DET,timcon2.CONT_DET);
   ^
In file included from /home/satory-ra/Android/kernel/android_kernel_oukitel_orange/drivers/misc/mediatek/videox/mt6735/disp_drv_log.h:3:0,
                 from drivers/misc/mediatek/dispsys/mt6735/ddp_dsi.c:8:
/home/satory-ra/Android/kernel/android_kernel_oukitel_orange/drivers/misc/mediatek/dispsys/mt6735/display_recorder.h:136:6: note: expected 'unsigned int' but argument is of type 'volatile struct DSI_PHY_TIMCON2_REG *'
 void dprec_reg_op(void* cmdq, unsigned int reg, unsigned int val, unsigned int mask);
      ^
In file included from drivers/misc/mediatek/dispsys/mt6735/ddp_dsi.c:31:0:
/home/satory-ra/Android/kernel/android_kernel_oukitel_orange/drivers/misc/mediatek/dispsys/mt6735/mt6735m/ddp_reg.h:1420:25: warning: passing argument 1 of 'disp_addr_convert' makes integer from pointer without a cast
    cmdqRecWrite(handle, disp_addr_convert(reg32), val, mask); \
                         ^
drivers/misc/mediatek/dispsys/mt6735/ddp_dsi.c:58:145: note: in expansion of macro 'DISP_REG_MASK'
   if(cmdq)  {*(unsigned int*)(&r) = ((unsigned int)0x00000000);r.bit = ~(r.bit);*(unsigned int*)(&v) = ((unsigned int)0x00000000);v.bit = value;DISP_REG_MASK(cmdq, &REG, AS_UINT32(&v), AS_UINT32(&r));}  \
                                                                                                                                                 ^
drivers/misc/mediatek/dispsys/mt6735/ddp_dsi.c:1485:3: note: in expansion of macro 'DSI_OUTREGBIT'
   DSI_OUTREGBIT(cmdq, DSI_PHY_TIMCON2_REG, DSI_REG[i]->DSI_PHY_TIMECON2,CONT_DET,timcon2.CONT_DET);
   ^
/home/satory-ra/Android/kernel/android_kernel_oukitel_orange/drivers/misc/mediatek/dispsys/mt6735/mt6735m/ddp_reg.h:1395:29: note: expected 'long unsigned int' but argument is of type 'volatile struct DSI_PHY_TIMCON2_REG *'
 static inline unsigned long disp_addr_convert(unsigned long va) 
                             ^
/home/satory-ra/Android/kernel/android_kernel_oukitel_orange/drivers/misc/mediatek/dispsys/mt6735/mt6735m/ddp_reg.h:1486:17: warning: passing argument 2 of 'dprec_reg_op' makes integer from pointer without a cast
                 dprec_reg_op(handle, reg32, val, 0x00000000);\
                 ^
drivers/misc/mediatek/dispsys/mt6735/ddp_dsi.c:59:63: note: in expansion of macro 'DISP_REG_SET'
   else{mt_reg_sync_writel(INREG32(&REG),&r);r.bit = (value);  DISP_REG_SET(cmdq, &REG, INREG32(&r));}    \
                                                               ^
drivers/misc/mediatek/dispsys/mt6735/ddp_dsi.c:1485:3: note: in expansion of macro 'DSI_OUTREGBIT'
   DSI_OUTREGBIT(cmdq, DSI_PHY_TIMCON2_REG, DSI_REG[i]->DSI_PHY_TIMECON2,CONT_DET,timcon2.CONT_DET);
   ^
In file included from /home/satory-ra/Android/kernel/android_kernel_oukitel_orange/drivers/misc/mediatek/videox/mt6735/disp_drv_log.h:3:0,
                 from drivers/misc/mediatek/dispsys/mt6735/ddp_dsi.c:8:
/home/satory-ra/Android/kernel/android_kernel_oukitel_orange/drivers/misc/mediatek/dispsys/mt6735/display_recorder.h:136:6: note: expected 'unsigned int' but argument is of type 'volatile struct DSI_PHY_TIMCON2_REG *'
 void dprec_reg_op(void* cmdq, unsigned int reg, unsigned int val, unsigned int mask);
      ^
In file included from drivers/misc/mediatek/dispsys/mt6735/ddp_dsi.c:31:0:
/home/satory-ra/Android/kernel/android_kernel_oukitel_orange/drivers/misc/mediatek/dispsys/mt6735/mt6735m/ddp_reg.h:1487:38: warning: passing argument 1 of 'disp_addr_convert' makes integer from pointer without a cast
                 cmdqRecWrite(handle, disp_addr_convert(reg32), val, ~0); \
                                      ^
drivers/misc/mediatek/dispsys/mt6735/ddp_dsi.c:59:63: note: in expansion of macro 'DISP_REG_SET'
   else{mt_reg_sync_writel(INREG32(&REG),&r);r.bit = (value);  DISP_REG_SET(cmdq, &REG, INREG32(&r));}    \
                                                               ^
drivers/misc/mediatek/dispsys/mt6735/ddp_dsi.c:1485:3: note: in expansion of macro 'DSI_OUTREGBIT'
   DSI_OUTREGBIT(cmdq, DSI_PHY_TIMCON2_REG, DSI_REG[i]->DSI_PHY_TIMECON2,CONT_DET,timcon2.CONT_DET);
   ^
/home/satory-ra/Android/kernel/android_kernel_oukitel_orange/drivers/misc/mediatek/dispsys/mt6735/mt6735m/ddp_reg.h:1395:29: note: expected 'long unsigned int' but argument is of type 'volatile struct DSI_PHY_TIMCON2_REG *'
 static inline unsigned long disp_addr_convert(unsigned long va) 
                             ^
/home/satory-ra/Android/kernel/android_kernel_oukitel_orange/drivers/misc/mediatek/dispsys/mt6735/mt6735m/ddp_reg.h:1413:3: warning: passing argument 2 of 'dprec_reg_op' makes integer from pointer without a cast
   dprec_reg_op(handle, reg32, val, mask);\
   ^
drivers/misc/mediatek/dispsys/mt6735/ddp_dsi.c:58:145: note: in expansion of macro 'DISP_REG_MASK'
   if(cmdq)  {*(unsigned int*)(&r) = ((unsigned int)0x00000000);r.bit = ~(r.bit);*(unsigned int*)(&v) = ((unsigned int)0x00000000);v.bit = value;DISP_REG_MASK(cmdq, &REG, AS_UINT32(&v), AS_UINT32(&r));}  \
                                                                                                                                                 ^
drivers/misc/mediatek/dispsys/mt6735/ddp_dsi.c:1486:3: note: in expansion of macro 'DSI_OUTREGBIT'
   DSI_OUTREGBIT(cmdq, DSI_PHY_TIMCON2_REG, DSI_REG[i]->DSI_PHY_TIMECON2,CLK_ZERO,timcon2.CLK_ZERO);
   ^
In file included from /home/satory-ra/Android/kernel/android_kernel_oukitel_orange/drivers/misc/mediatek/videox/mt6735/disp_drv_log.h:3:0,
                 from drivers/misc/mediatek/dispsys/mt6735/ddp_dsi.c:8:
/home/satory-ra/Android/kernel/android_kernel_oukitel_orange/drivers/misc/mediatek/dispsys/mt6735/display_recorder.h:136:6: note: expected 'unsigned int' but argument is of type 'volatile struct DSI_PHY_TIMCON2_REG *'
 void dprec_reg_op(void* cmdq, unsigned int reg, unsigned int val, unsigned int mask);
      ^
In file included from drivers/misc/mediatek/dispsys/mt6735/ddp_dsi.c:31:0:
/home/satory-ra/Android/kernel/android_kernel_oukitel_orange/drivers/misc/mediatek/dispsys/mt6735/mt6735m/ddp_reg.h:1420:25: warning: passing argument 1 of 'disp_addr_convert' makes integer from pointer without a cast
    cmdqRecWrite(handle, disp_addr_convert(reg32), val, mask); \
                         ^
drivers/misc/mediatek/dispsys/mt6735/ddp_dsi.c:58:145: note: in expansion of macro 'DISP_REG_MASK'
   if(cmdq)  {*(unsigned int*)(&r) = ((unsigned int)0x00000000);r.bit = ~(r.bit);*(unsigned int*)(&v) = ((unsigned int)0x00000000);v.bit = value;DISP_REG_MASK(cmdq, &REG, AS_UINT32(&v), AS_UINT32(&r));}  \
                                                                                                                                                 ^
drivers/misc/mediatek/dispsys/mt6735/ddp_dsi.c:1486:3: note: in expansion of macro 'DSI_OUTREGBIT'
   DSI_OUTREGBIT(cmdq, DSI_PHY_TIMCON2_REG, DSI_REG[i]->DSI_PHY_TIMECON2,CLK_ZERO,timcon2.CLK_ZERO);
   ^
/home/satory-ra/Android/kernel/android_kernel_oukitel_orange/drivers/misc/mediatek/dispsys/mt6735/mt6735m/ddp_reg.h:1395:29: note: expected 'long unsigned int' but argument is of type 'volatile struct DSI_PHY_TIMCON2_REG *'
 static inline unsigned long disp_addr_convert(unsigned long va) 
                             ^
/home/satory-ra/Android/kernel/android_kernel_oukitel_orange/drivers/misc/mediatek/dispsys/mt6735/mt6735m/ddp_reg.h:1486:17: warning: passing argument 2 of 'dprec_reg_op' makes integer from pointer without a cast
                 dprec_reg_op(handle, reg32, val, 0x00000000);\
                 ^
drivers/misc/mediatek/dispsys/mt6735/ddp_dsi.c:59:63: note: in expansion of macro 'DISP_REG_SET'
   else{mt_reg_sync_writel(INREG32(&REG),&r);r.bit = (value);  DISP_REG_SET(cmdq, &REG, INREG32(&r));}    \
                                                               ^
drivers/misc/mediatek/dispsys/mt6735/ddp_dsi.c:1486:3: note: in expansion of macro 'DSI_OUTREGBIT'
   DSI_OUTREGBIT(cmdq, DSI_PHY_TIMCON2_REG, DSI_REG[i]->DSI_PHY_TIMECON2,CLK_ZERO,timcon2.CLK_ZERO);
   ^
In file included from /home/satory-ra/Android/kernel/android_kernel_oukitel_orange/drivers/misc/mediatek/videox/mt6735/disp_drv_log.h:3:0,
                 from drivers/misc/mediatek/dispsys/mt6735/ddp_dsi.c:8:
/home/satory-ra/Android/kernel/android_kernel_oukitel_orange/drivers/misc/mediatek/dispsys/mt6735/display_recorder.h:136:6: note: expected 'unsigned int' but argument is of type 'volatile struct DSI_PHY_TIMCON2_REG *'
 void dprec_reg_op(void* cmdq, unsigned int reg, unsigned int val, unsigned int mask);
      ^
In file included from drivers/misc/mediatek/dispsys/mt6735/ddp_dsi.c:31:0:
/home/satory-ra/Android/kernel/android_kernel_oukitel_orange/drivers/misc/mediatek/dispsys/mt6735/mt6735m/ddp_reg.h:1487:38: warning: passing argument 1 of 'disp_addr_convert' makes integer from pointer without a cast
                 cmdqRecWrite(handle, disp_addr_convert(reg32), val, ~0); \
                                      ^
drivers/misc/mediatek/dispsys/mt6735/ddp_dsi.c:59:63: note: in expansion of macro 'DISP_REG_SET'
   else{mt_reg_sync_writel(INREG32(&REG),&r);r.bit = (value);  DISP_REG_SET(cmdq, &REG, INREG32(&r));}    \
                                                               ^
drivers/misc/mediatek/dispsys/mt6735/ddp_dsi.c:1486:3: note: in expansion of macro 'DSI_OUTREGBIT'
   DSI_OUTREGBIT(cmdq, DSI_PHY_TIMCON2_REG, DSI_REG[i]->DSI_PHY_TIMECON2,CLK_ZERO,timcon2.CLK_ZERO);
   ^
/home/satory-ra/Android/kernel/android_kernel_oukitel_orange/drivers/misc/mediatek/dispsys/mt6735/mt6735m/ddp_reg.h:1395:29: note: expected 'long unsigned int' but argument is of type 'volatile struct DSI_PHY_TIMCON2_REG *'
 static inline unsigned long disp_addr_convert(unsigned long va) 
                             ^
/home/satory-ra/Android/kernel/android_kernel_oukitel_orange/drivers/misc/mediatek/dispsys/mt6735/mt6735m/ddp_reg.h:1413:3: warning: passing argument 2 of 'dprec_reg_op' makes integer from pointer without a cast
   dprec_reg_op(handle, reg32, val, mask);\
   ^
drivers/misc/mediatek/dispsys/mt6735/ddp_dsi.c:58:145: note: in expansion of macro 'DISP_REG_MASK'
   if(cmdq)  {*(unsigned int*)(&r) = ((unsigned int)0x00000000);r.bit = ~(r.bit);*(unsigned int*)(&v) = ((unsigned int)0x00000000);v.bit = value;DISP_REG_MASK(cmdq, &REG, AS_UINT32(&v), AS_UINT32(&r));}  \
                                                                                                                                                 ^
drivers/misc/mediatek/dispsys/mt6735/ddp_dsi.c:1487:3: note: in expansion of macro 'DSI_OUTREGBIT'
   DSI_OUTREGBIT(cmdq, DSI_PHY_TIMCON2_REG, DSI_REG[i]->DSI_PHY_TIMECON2,CLK_TRAIL,timcon2.CLK_TRAIL);
   ^
In file included from /home/satory-ra/Android/kernel/android_kernel_oukitel_orange/drivers/misc/mediatek/videox/mt6735/disp_drv_log.h:3:0,
                 from drivers/misc/mediatek/dispsys/mt6735/ddp_dsi.c:8:
/home/satory-ra/Android/kernel/android_kernel_oukitel_orange/drivers/misc/mediatek/dispsys/mt6735/display_recorder.h:136:6: note: expected 'unsigned int' but argument is of type 'volatile struct DSI_PHY_TIMCON2_REG *'
 void dprec_reg_op(void* cmdq, unsigned int reg, unsigned int val, unsigned int mask);
      ^
In file included from drivers/misc/mediatek/dispsys/mt6735/ddp_dsi.c:31:0:
/home/satory-ra/Android/kernel/android_kernel_oukitel_orange/drivers/misc/mediatek/dispsys/mt6735/mt6735m/ddp_reg.h:1420:25: warning: passing argument 1 of 'disp_addr_convert' makes integer from pointer without a cast
    cmdqRecWrite(handle, disp_addr_convert(reg32), val, mask); \
                         ^
drivers/misc/mediatek/dispsys/mt6735/ddp_dsi.c:58:145: note: in expansion of macro 'DISP_REG_MASK'
   if(cmdq)  {*(unsigned int*)(&r) = ((unsigned int)0x00000000);r.bit = ~(r.bit);*(unsigned int*)(&v) = ((unsigned int)0x00000000);v.bit = value;DISP_REG_MASK(cmdq, &REG, AS_UINT32(&v), AS_UINT32(&r));}  \
                                                                                                                                                 ^
drivers/misc/mediatek/dispsys/mt6735/ddp_dsi.c:1487:3: note: in expansion of macro 'DSI_OUTREGBIT'
   DSI_OUTREGBIT(cmdq, DSI_PHY_TIMCON2_REG, DSI_REG[i]->DSI_PHY_TIMECON2,CLK_TRAIL,timcon2.CLK_TRAIL);
   ^
/home/satory-ra/Android/kernel/android_kernel_oukitel_orange/drivers/misc/mediatek/dispsys/mt6735/mt6735m/ddp_reg.h:1395:29: note: expected 'long unsigned int' but argument is of type 'volatile struct DSI_PHY_TIMCON2_REG *'
 static inline unsigned long disp_addr_convert(unsigned long va) 
                             ^
/home/satory-ra/Android/kernel/android_kernel_oukitel_orange/drivers/misc/mediatek/dispsys/mt6735/mt6735m/ddp_reg.h:1486:17: warning: passing argument 2 of 'dprec_reg_op' makes integer from pointer without a cast
                 dprec_reg_op(handle, reg32, val, 0x00000000);\
                 ^
drivers/misc/mediatek/dispsys/mt6735/ddp_dsi.c:59:63: note: in expansion of macro 'DISP_REG_SET'
   else{mt_reg_sync_writel(INREG32(&REG),&r);r.bit = (value);  DISP_REG_SET(cmdq, &REG, INREG32(&r));}    \
                                                               ^
drivers/misc/mediatek/dispsys/mt6735/ddp_dsi.c:1487:3: note: in expansion of macro 'DSI_OUTREGBIT'
   DSI_OUTREGBIT(cmdq, DSI_PHY_TIMCON2_REG, DSI_REG[i]->DSI_PHY_TIMECON2,CLK_TRAIL,timcon2.CLK_TRAIL);
   ^
In file included from /home/satory-ra/Android/kernel/android_kernel_oukitel_orange/drivers/misc/mediatek/videox/mt6735/disp_drv_log.h:3:0,
                 from drivers/misc/mediatek/dispsys/mt6735/ddp_dsi.c:8:
/home/satory-ra/Android/kernel/android_kernel_oukitel_orange/drivers/misc/mediatek/dispsys/mt6735/display_recorder.h:136:6: note: expected 'unsigned int' but argument is of type 'volatile struct DSI_PHY_TIMCON2_REG *'
 void dprec_reg_op(void* cmdq, unsigned int reg, unsigned int val, unsigned int mask);
      ^
In file included from drivers/misc/mediatek/dispsys/mt6735/ddp_dsi.c:31:0:
/home/satory-ra/Android/kernel/android_kernel_oukitel_orange/drivers/misc/mediatek/dispsys/mt6735/mt6735m/ddp_reg.h:1487:38: warning: passing argument 1 of 'disp_addr_convert' makes integer from pointer without a cast
                 cmdqRecWrite(handle, disp_addr_convert(reg32), val, ~0); \
                                      ^
drivers/misc/mediatek/dispsys/mt6735/ddp_dsi.c:59:63: note: in expansion of macro 'DISP_REG_SET'
   else{mt_reg_sync_writel(INREG32(&REG),&r);r.bit = (value);  DISP_REG_SET(cmdq, &REG, INREG32(&r));}    \
                                                               ^
drivers/misc/mediatek/dispsys/mt6735/ddp_dsi.c:1487:3: note: in expansion of macro 'DSI_OUTREGBIT'
   DSI_OUTREGBIT(cmdq, DSI_PHY_TIMCON2_REG, DSI_REG[i]->DSI_PHY_TIMECON2,CLK_TRAIL,timcon2.CLK_TRAIL);
   ^
/home/satory-ra/Android/kernel/android_kernel_oukitel_orange/drivers/misc/mediatek/dispsys/mt6735/mt6735m/ddp_reg.h:1395:29: note: expected 'long unsigned int' but argument is of type 'volatile struct DSI_PHY_TIMCON2_REG *'
 static inline unsigned long disp_addr_convert(unsigned long va) 
                             ^
/home/satory-ra/Android/kernel/android_kernel_oukitel_orange/drivers/misc/mediatek/dispsys/mt6735/mt6735m/ddp_reg.h:1413:3: warning: passing argument 2 of 'dprec_reg_op' makes integer from pointer without a cast
   dprec_reg_op(handle, reg32, val, mask);\
   ^
drivers/misc/mediatek/dispsys/mt6735/ddp_dsi.c:58:145: note: in expansion of macro 'DISP_REG_MASK'
   if(cmdq)  {*(unsigned int*)(&r) = ((unsigned int)0x00000000);r.bit = ~(r.bit);*(unsigned int*)(&v) = ((unsigned int)0x00000000);v.bit = value;DISP_REG_MASK(cmdq, &REG, AS_UINT32(&v), AS_UINT32(&r));}  \
                                                                                                                                                 ^
drivers/misc/mediatek/dispsys/mt6735/ddp_dsi.c:1489:3: note: in expansion of macro 'DSI_OUTREGBIT'
   DSI_OUTREGBIT(cmdq, DSI_PHY_TIMCON3_REG, DSI_REG[i]->DSI_PHY_TIMECON3,CLK_HS_PRPR,timcon3.CLK_HS_PRPR);
   ^
In file included from /home/satory-ra/Android/kernel/android_kernel_oukitel_orange/drivers/misc/mediatek/videox/mt6735/disp_drv_log.h:3:0,
                 from drivers/misc/mediatek/dispsys/mt6735/ddp_dsi.c:8:
/home/satory-ra/Android/kernel/android_kernel_oukitel_orange/drivers/misc/mediatek/dispsys/mt6735/display_recorder.h:136:6: note: expected 'unsigned int' but argument is of type 'volatile struct DSI_PHY_TIMCON3_REG *'
 void dprec_reg_op(void* cmdq, unsigned int reg, unsigned int val, unsigned int mask);
      ^
In file included from drivers/misc/mediatek/dispsys/mt6735/ddp_dsi.c:31:0:
/home/satory-ra/Android/kernel/android_kernel_oukitel_orange/drivers/misc/mediatek/dispsys/mt6735/mt6735m/ddp_reg.h:1420:25: warning: passing argument 1 of 'disp_addr_convert' makes integer from pointer without a cast
    cmdqRecWrite(handle, disp_addr_convert(reg32), val, mask); \
                         ^
drivers/misc/mediatek/dispsys/mt6735/ddp_dsi.c:58:145: note: in expansion of macro 'DISP_REG_MASK'
   if(cmdq)  {*(unsigned int*)(&r) = ((unsigned int)0x00000000);r.bit = ~(r.bit);*(unsigned int*)(&v) = ((unsigned int)0x00000000);v.bit = value;DISP_REG_MASK(cmdq, &REG, AS_UINT32(&v), AS_UINT32(&r));}  \
                                                                                                                                                 ^
drivers/misc/mediatek/dispsys/mt6735/ddp_dsi.c:1489:3: note: in expansion of macro 'DSI_OUTREGBIT'
   DSI_OUTREGBIT(cmdq, DSI_PHY_TIMCON3_REG, DSI_REG[i]->DSI_PHY_TIMECON3,CLK_HS_PRPR,timcon3.CLK_HS_PRPR);
   ^
/home/satory-ra/Android/kernel/android_kernel_oukitel_orange/drivers/misc/mediatek/dispsys/mt6735/mt6735m/ddp_reg.h:1395:29: note: expected 'long unsigned int' but argument is of type 'volatile struct DSI_PHY_TIMCON3_REG *'
 static inline unsigned long disp_addr_convert(unsigned long va) 
                             ^
/home/satory-ra/Android/kernel/android_kernel_oukitel_orange/drivers/misc/mediatek/dispsys/mt6735/mt6735m/ddp_reg.h:1486:17: warning: passing argument 2 of 'dprec_reg_op' makes integer from pointer without a cast
                 dprec_reg_op(handle, reg32, val, 0x00000000);\
                 ^
drivers/misc/mediatek/dispsys/mt6735/ddp_dsi.c:59:63: note: in expansion of macro 'DISP_REG_SET'
   else{mt_reg_sync_writel(INREG32(&REG),&r);r.bit = (value);  DISP_REG_SET(cmdq, &REG, INREG32(&r));}    \
                                                               ^
drivers/misc/mediatek/dispsys/mt6735/ddp_dsi.c:1489:3: note: in expansion of macro 'DSI_OUTREGBIT'
   DSI_OUTREGBIT(cmdq, DSI_PHY_TIMCON3_REG, DSI_REG[i]->DSI_PHY_TIMECON3,CLK_HS_PRPR,timcon3.CLK_HS_PRPR);
   ^
In file included from /home/satory-ra/Android/kernel/android_kernel_oukitel_orange/drivers/misc/mediatek/videox/mt6735/disp_drv_log.h:3:0,
                 from drivers/misc/mediatek/dispsys/mt6735/ddp_dsi.c:8:
/home/satory-ra/Android/kernel/android_kernel_oukitel_orange/drivers/misc/mediatek/dispsys/mt6735/display_recorder.h:136:6: note: expected 'unsigned int' but argument is of type 'volatile struct DSI_PHY_TIMCON3_REG *'
 void dprec_reg_op(void* cmdq, unsigned int reg, unsigned int val, unsigned int mask);
      ^
In file included from drivers/misc/mediatek/dispsys/mt6735/ddp_dsi.c:31:0:
/home/satory-ra/Android/kernel/android_kernel_oukitel_orange/drivers/misc/mediatek/dispsys/mt6735/mt6735m/ddp_reg.h:1487:38: warning: passing argument 1 of 'disp_addr_convert' makes integer from pointer without a cast
                 cmdqRecWrite(handle, disp_addr_convert(reg32), val, ~0); \
                                      ^
drivers/misc/mediatek/dispsys/mt6735/ddp_dsi.c:59:63: note: in expansion of macro 'DISP_REG_SET'
   else{mt_reg_sync_writel(INREG32(&REG),&r);r.bit = (value);  DISP_REG_SET(cmdq, &REG, INREG32(&r));}    \
                                                               ^
drivers/misc/mediatek/dispsys/mt6735/ddp_dsi.c:1489:3: note: in expansion of macro 'DSI_OUTREGBIT'
   DSI_OUTREGBIT(cmdq, DSI_PHY_TIMCON3_REG, DSI_REG[i]->DSI_PHY_TIMECON3,CLK_HS_PRPR,timcon3.CLK_HS_PRPR);
   ^
/home/satory-ra/Android/kernel/android_kernel_oukitel_orange/drivers/misc/mediatek/dispsys/mt6735/mt6735m/ddp_reg.h:1395:29: note: expected 'long unsigned int' but argument is of type 'volatile struct DSI_PHY_TIMCON3_REG *'
 static inline unsigned long disp_addr_convert(unsigned long va) 
                             ^
/home/satory-ra/Android/kernel/android_kernel_oukitel_orange/drivers/misc/mediatek/dispsys/mt6735/mt6735m/ddp_reg.h:1413:3: warning: passing argument 2 of 'dprec_reg_op' makes integer from pointer without a cast
   dprec_reg_op(handle, reg32, val, mask);\
   ^
drivers/misc/mediatek/dispsys/mt6735/ddp_dsi.c:58:145: note: in expansion of macro 'DISP_REG_MASK'
   if(cmdq)  {*(unsigned int*)(&r) = ((unsigned int)0x00000000);r.bit = ~(r.bit);*(unsigned int*)(&v) = ((unsigned int)0x00000000);v.bit = value;DISP_REG_MASK(cmdq, &REG, AS_UINT32(&v), AS_UINT32(&r));}  \
                                                                                                                                                 ^
drivers/misc/mediatek/dispsys/mt6735/ddp_dsi.c:1490:3: note: in expansion of macro 'DSI_OUTREGBIT'
   DSI_OUTREGBIT(cmdq, DSI_PHY_TIMCON3_REG, DSI_REG[i]->DSI_PHY_TIMECON3,CLK_HS_POST,timcon3.CLK_HS_POST);
   ^
In file included from /home/satory-ra/Android/kernel/android_kernel_oukitel_orange/drivers/misc/mediatek/videox/mt6735/disp_drv_log.h:3:0,
                 from drivers/misc/mediatek/dispsys/mt6735/ddp_dsi.c:8:
/home/satory-ra/Android/kernel/android_kernel_oukitel_orange/drivers/misc/mediatek/dispsys/mt6735/display_recorder.h:136:6: note: expected 'unsigned int' but argument is of type 'volatile struct DSI_PHY_TIMCON3_REG *'
 void dprec_reg_op(void* cmdq, unsigned int reg, unsigned int val, unsigned int mask);
      ^
In file included from drivers/misc/mediatek/dispsys/mt6735/ddp_dsi.c:31:0:
/home/satory-ra/Android/kernel/android_kernel_oukitel_orange/drivers/misc/mediatek/dispsys/mt6735/mt6735m/ddp_reg.h:1420:25: warning: passing argument 1 of 'disp_addr_convert' makes integer from pointer without a cast
    cmdqRecWrite(handle, disp_addr_convert(reg32), val, mask); \
                         ^
drivers/misc/mediatek/dispsys/mt6735/ddp_dsi.c:58:145: note: in expansion of macro 'DISP_REG_MASK'
   if(cmdq)  {*(unsigned int*)(&r) = ((unsigned int)0x00000000);r.bit = ~(r.bit);*(unsigned int*)(&v) = ((unsigned int)0x00000000);v.bit = value;DISP_REG_MASK(cmdq, &REG, AS_UINT32(&v), AS_UINT32(&r));}  \
                                                                                                                                                 ^
drivers/misc/mediatek/dispsys/mt6735/ddp_dsi.c:1490:3: note: in expansion of macro 'DSI_OUTREGBIT'
   DSI_OUTREGBIT(cmdq, DSI_PHY_TIMCON3_REG, DSI_REG[i]->DSI_PHY_TIMECON3,CLK_HS_POST,timcon3.CLK_HS_POST);
   ^
/home/satory-ra/Android/kernel/android_kernel_oukitel_orange/drivers/misc/mediatek/dispsys/mt6735/mt6735m/ddp_reg.h:1395:29: note: expected 'long unsigned int' but argument is of type 'volatile struct DSI_PHY_TIMCON3_REG *'
 static inline unsigned long disp_addr_convert(unsigned long va) 
                             ^
/home/satory-ra/Android/kernel/android_kernel_oukitel_orange/drivers/misc/mediatek/dispsys/mt6735/mt6735m/ddp_reg.h:1486:17: warning: passing argument 2 of 'dprec_reg_op' makes integer from pointer without a cast
                 dprec_reg_op(handle, reg32, val, 0x00000000);\
                 ^
drivers/misc/mediatek/dispsys/mt6735/ddp_dsi.c:59:63: note: in expansion of macro 'DISP_REG_SET'
   else{mt_reg_sync_writel(INREG32(&REG),&r);r.bit = (value);  DISP_REG_SET(cmdq, &REG, INREG32(&r));}    \
                                                               ^
drivers/misc/mediatek/dispsys/mt6735/ddp_dsi.c:1490:3: note: in expansion of macro 'DSI_OUTREGBIT'
   DSI_OUTREGBIT(cmdq, DSI_PHY_TIMCON3_REG, DSI_REG[i]->DSI_PHY_TIMECON3,CLK_HS_POST,timcon3.CLK_HS_POST);
   ^
In file included from /home/satory-ra/Android/kernel/android_kernel_oukitel_orange/drivers/misc/mediatek/videox/mt6735/disp_drv_log.h:3:0,
                 from drivers/misc/mediatek/dispsys/mt6735/ddp_dsi.c:8:
/home/satory-ra/Android/kernel/android_kernel_oukitel_orange/drivers/misc/mediatek/dispsys/mt6735/display_recorder.h:136:6: note: expected 'unsigned int' but argument is of type 'volatile struct DSI_PHY_TIMCON3_REG *'
 void dprec_reg_op(void* cmdq, unsigned int reg, unsigned int val, unsigned int mask);
      ^
In file included from drivers/misc/mediatek/dispsys/mt6735/ddp_dsi.c:31:0:
/home/satory-ra/Android/kernel/android_kernel_oukitel_orange/drivers/misc/mediatek/dispsys/mt6735/mt6735m/ddp_reg.h:1487:38: warning: passing argument 1 of 'disp_addr_convert' makes integer from pointer without a cast
                 cmdqRecWrite(handle, disp_addr_convert(reg32), val, ~0); \
                                      ^
drivers/misc/mediatek/dispsys/mt6735/ddp_dsi.c:59:63: note: in expansion of macro 'DISP_REG_SET'
   else{mt_reg_sync_writel(INREG32(&REG),&r);r.bit = (value);  DISP_REG_SET(cmdq, &REG, INREG32(&r));}    \
                                                               ^
drivers/misc/mediatek/dispsys/mt6735/ddp_dsi.c:1490:3: note: in expansion of macro 'DSI_OUTREGBIT'
   DSI_OUTREGBIT(cmdq, DSI_PHY_TIMCON3_REG, DSI_REG[i]->DSI_PHY_TIMECON3,CLK_HS_POST,timcon3.CLK_HS_POST);
   ^
/home/satory-ra/Android/kernel/android_kernel_oukitel_orange/drivers/misc/mediatek/dispsys/mt6735/mt6735m/ddp_reg.h:1395:29: note: expected 'long unsigned int' but argument is of type 'volatile struct DSI_PHY_TIMCON3_REG *'
 static inline unsigned long disp_addr_convert(unsigned long va) 
                             ^
/home/satory-ra/Android/kernel/android_kernel_oukitel_orange/drivers/misc/mediatek/dispsys/mt6735/mt6735m/ddp_reg.h:1413:3: warning: passing argument 2 of 'dprec_reg_op' makes integer from pointer without a cast
   dprec_reg_op(handle, reg32, val, mask);\
   ^
drivers/misc/mediatek/dispsys/mt6735/ddp_dsi.c:58:145: note: in expansion of macro 'DISP_REG_MASK'
   if(cmdq)  {*(unsigned int*)(&r) = ((unsigned int)0x00000000);r.bit = ~(r.bit);*(unsigned int*)(&v) = ((unsigned int)0x00000000);v.bit = value;DISP_REG_MASK(cmdq, &REG, AS_UINT32(&v), AS_UINT32(&r));}  \
                                                                                                                                                 ^
drivers/misc/mediatek/dispsys/mt6735/ddp_dsi.c:1491:3: note: in expansion of macro 'DSI_OUTREGBIT'
   DSI_OUTREGBIT(cmdq, DSI_PHY_TIMCON3_REG, DSI_REG[i]->DSI_PHY_TIMECON3,CLK_HS_EXIT,timcon3.CLK_HS_EXIT);
   ^
In file included from /home/satory-ra/Android/kernel/android_kernel_oukitel_orange/drivers/misc/mediatek/videox/mt6735/disp_drv_log.h:3:0,
                 from drivers/misc/mediatek/dispsys/mt6735/ddp_dsi.c:8:
/home/satory-ra/Android/kernel/android_kernel_oukitel_orange/drivers/misc/mediatek/dispsys/mt6735/display_recorder.h:136:6: note: expected 'unsigned int' but argument is of type 'volatile struct DSI_PHY_TIMCON3_REG *'
 void dprec_reg_op(void* cmdq, unsigned int reg, unsigned int val, unsigned int mask);
      ^
In file included from drivers/misc/mediatek/dispsys/mt6735/ddp_dsi.c:31:0:
/home/satory-ra/Android/kernel/android_kernel_oukitel_orange/drivers/misc/mediatek/dispsys/mt6735/mt6735m/ddp_reg.h:1420:25: warning: passing argument 1 of 'disp_addr_convert' makes integer from pointer without a cast
    cmdqRecWrite(handle, disp_addr_convert(reg32), val, mask); \
                         ^
drivers/misc/mediatek/dispsys/mt6735/ddp_dsi.c:58:145: note: in expansion of macro 'DISP_REG_MASK'
   if(cmdq)  {*(unsigned int*)(&r) = ((unsigned int)0x00000000);r.bit = ~(r.bit);*(unsigned int*)(&v) = ((unsigned int)0x00000000);v.bit = value;DISP_REG_MASK(cmdq, &REG, AS_UINT32(&v), AS_UINT32(&r));}  \
                                                                                                                                                 ^
drivers/misc/mediatek/dispsys/mt6735/ddp_dsi.c:1491:3: note: in expansion of macro 'DSI_OUTREGBIT'
   DSI_OUTREGBIT(cmdq, DSI_PHY_TIMCON3_REG, DSI_REG[i]->DSI_PHY_TIMECON3,CLK_HS_EXIT,timcon3.CLK_HS_EXIT);
   ^
/home/satory-ra/Android/kernel/android_kernel_oukitel_orange/drivers/misc/mediatek/dispsys/mt6735/mt6735m/ddp_reg.h:1395:29: note: expected 'long unsigned int' but argument is of type 'volatile struct DSI_PHY_TIMCON3_REG *'
 static inline unsigned long disp_addr_convert(unsigned long va) 
                             ^
/home/satory-ra/Android/kernel/android_kernel_oukitel_orange/drivers/misc/mediatek/dispsys/mt6735/mt6735m/ddp_reg.h:1486:17: warning: passing argument 2 of 'dprec_reg_op' makes integer from pointer without a cast
                 dprec_reg_op(handle, reg32, val, 0x00000000);\
                 ^
drivers/misc/mediatek/dispsys/mt6735/ddp_dsi.c:59:63: note: in expansion of macro 'DISP_REG_SET'
   else{mt_reg_sync_writel(INREG32(&REG),&r);r.bit = (value);  DISP_REG_SET(cmdq, &REG, INREG32(&r));}    \
                                                               ^
drivers/misc/mediatek/dispsys/mt6735/ddp_dsi.c:1491:3: note: in expansion of macro 'DSI_OUTREGBIT'
   DSI_OUTREGBIT(cmdq, DSI_PHY_TIMCON3_REG, DSI_REG[i]->DSI_PHY_TIMECON3,CLK_HS_EXIT,timcon3.CLK_HS_EXIT);
   ^
In file included from /home/satory-ra/Android/kernel/android_kernel_oukitel_orange/drivers/misc/mediatek/videox/mt6735/disp_drv_log.h:3:0,
                 from drivers/misc/mediatek/dispsys/mt6735/ddp_dsi.c:8:
/home/satory-ra/Android/kernel/android_kernel_oukitel_orange/drivers/misc/mediatek/dispsys/mt6735/display_recorder.h:136:6: note: expected 'unsigned int' but argument is of type 'volatile struct DSI_PHY_TIMCON3_REG *'
 void dprec_reg_op(void* cmdq, unsigned int reg, unsigned int val, unsigned int mask);
      ^
In file included from drivers/misc/mediatek/dispsys/mt6735/ddp_dsi.c:31:0:
/home/satory-ra/Android/kernel/android_kernel_oukitel_orange/drivers/misc/mediatek/dispsys/mt6735/mt6735m/ddp_reg.h:1487:38: warning: passing argument 1 of 'disp_addr_convert' makes integer from pointer without a cast
                 cmdqRecWrite(handle, disp_addr_convert(reg32), val, ~0); \
                                      ^
drivers/misc/mediatek/dispsys/mt6735/ddp_dsi.c:59:63: note: in expansion of macro 'DISP_REG_SET'
   else{mt_reg_sync_writel(INREG32(&REG),&r);r.bit = (value);  DISP_REG_SET(cmdq, &REG, INREG32(&r));}    \
                                                               ^
drivers/misc/mediatek/dispsys/mt6735/ddp_dsi.c:1491:3: note: in expansion of macro 'DSI_OUTREGBIT'
   DSI_OUTREGBIT(cmdq, DSI_PHY_TIMCON3_REG, DSI_REG[i]->DSI_PHY_TIMECON3,CLK_HS_EXIT,timcon3.CLK_HS_EXIT);
   ^
/home/satory-ra/Android/kernel/android_kernel_oukitel_orange/drivers/misc/mediatek/dispsys/mt6735/mt6735m/ddp_reg.h:1395:29: note: expected 'long unsigned int' but argument is of type 'volatile struct DSI_PHY_TIMCON3_REG *'
 static inline unsigned long disp_addr_convert(unsigned long va) 
                             ^
drivers/misc/mediatek/dispsys/mt6735/ddp_dsi.c:1389:15: warning: unused variable 'fbk_div' [-Wunused-variable]
  unsigned int fbk_div = 0;
               ^
drivers/misc/mediatek/dispsys/mt6735/ddp_dsi.c:1388:15: warning: unused variable 'fbk_sel' [-Wunused-variable]
  unsigned int fbk_sel = 0;
               ^
drivers/misc/mediatek/dispsys/mt6735/ddp_dsi.c:1387:15: warning: unused variable 'post_div' [-Wunused-variable]
  unsigned int post_div = 0;
               ^
drivers/misc/mediatek/dispsys/mt6735/ddp_dsi.c:1386:15: warning: unused variable 'pre_div' [-Wunused-variable]
  unsigned int pre_div = 0;
               ^
drivers/misc/mediatek/dispsys/mt6735/ddp_dsi.c:1385:15: warning: unused variable 'div2' [-Wunused-variable]
  unsigned int div2 = 0;
               ^
drivers/misc/mediatek/dispsys/mt6735/ddp_dsi.c:1384:15: warning: unused variable 'div1' [-Wunused-variable]
  unsigned int div1 = 0;
               ^
In file included from drivers/misc/mediatek/dispsys/mt6735/ddp_dsi.c:31:0:
drivers/misc/mediatek/dispsys/mt6735/ddp_dsi.c: In function 'DSI_Start':
/home/satory-ra/Android/kernel/android_kernel_oukitel_orange/drivers/misc/mediatek/dispsys/mt6735/mt6735m/ddp_reg.h:1413:3: warning: passing argument 2 of 'dprec_reg_op' makes integer from pointer without a cast
   dprec_reg_op(handle, reg32, val, mask);\
   ^
drivers/misc/mediatek/dispsys/mt6735/ddp_dsi.c:58:145: note: in expansion of macro 'DISP_REG_MASK'
   if(cmdq)  {*(unsigned int*)(&r) = ((unsigned int)0x00000000);r.bit = ~(r.bit);*(unsigned int*)(&v) = ((unsigned int)0x00000000);v.bit = value;DISP_REG_MASK(cmdq, &REG, AS_UINT32(&v), AS_UINT32(&r));}  \
                                                                                                                                                 ^
drivers/misc/mediatek/dispsys/mt6735/ddp_dsi.c:1575:3: note: in expansion of macro 'DSI_OUTREGBIT'
   DSI_OUTREGBIT(cmdq, DSI_START_REG,DSI_REG[0]->DSI_START,DSI_START,0);
   ^
In file included from /home/satory-ra/Android/kernel/android_kernel_oukitel_orange/drivers/misc/mediatek/videox/mt6735/disp_drv_log.h:3:0,
                 from drivers/misc/mediatek/dispsys/mt6735/ddp_dsi.c:8:
/home/satory-ra/Android/kernel/android_kernel_oukitel_orange/drivers/misc/mediatek/dispsys/mt6735/display_recorder.h:136:6: note: expected 'unsigned int' but argument is of type 'volatile struct DSI_START_REG *'
 void dprec_reg_op(void* cmdq, unsigned int reg, unsigned int val, unsigned int mask);
      ^
In file included from drivers/misc/mediatek/dispsys/mt6735/ddp_dsi.c:31:0:
/home/satory-ra/Android/kernel/android_kernel_oukitel_orange/drivers/misc/mediatek/dispsys/mt6735/mt6735m/ddp_reg.h:1420:25: warning: passing argument 1 of 'disp_addr_convert' makes integer from pointer without a cast
    cmdqRecWrite(handle, disp_addr_convert(reg32), val, mask); \
                         ^
drivers/misc/mediatek/dispsys/mt6735/ddp_dsi.c:58:145: note: in expansion of macro 'DISP_REG_MASK'
   if(cmdq)  {*(unsigned int*)(&r) = ((unsigned int)0x00000000);r.bit = ~(r.bit);*(unsigned int*)(&v) = ((unsigned int)0x00000000);v.bit = value;DISP_REG_MASK(cmdq, &REG, AS_UINT32(&v), AS_UINT32(&r));}  \
                                                                                                                                                 ^
drivers/misc/mediatek/dispsys/mt6735/ddp_dsi.c:1575:3: note: in expansion of macro 'DSI_OUTREGBIT'
   DSI_OUTREGBIT(cmdq, DSI_START_REG,DSI_REG[0]->DSI_START,DSI_START,0);
   ^
/home/satory-ra/Android/kernel/android_kernel_oukitel_orange/drivers/misc/mediatek/dispsys/mt6735/mt6735m/ddp_reg.h:1395:29: note: expected 'long unsigned int' but argument is of type 'volatile struct DSI_START_REG *'
 static inline unsigned long disp_addr_convert(unsigned long va) 
                             ^
/home/satory-ra/Android/kernel/android_kernel_oukitel_orange/drivers/misc/mediatek/dispsys/mt6735/mt6735m/ddp_reg.h:1486:17: warning: passing argument 2 of 'dprec_reg_op' makes integer from pointer without a cast
                 dprec_reg_op(handle, reg32, val, 0x00000000);\
                 ^
drivers/misc/mediatek/dispsys/mt6735/ddp_dsi.c:59:63: note: in expansion of macro 'DISP_REG_SET'
   else{mt_reg_sync_writel(INREG32(&REG),&r);r.bit = (value);  DISP_REG_SET(cmdq, &REG, INREG32(&r));}    \
                                                               ^
drivers/misc/mediatek/dispsys/mt6735/ddp_dsi.c:1575:3: note: in expansion of macro 'DSI_OUTREGBIT'
   DSI_OUTREGBIT(cmdq, DSI_START_REG,DSI_REG[0]->DSI_START,DSI_START,0);
   ^
In file included from /home/satory-ra/Android/kernel/android_kernel_oukitel_orange/drivers/misc/mediatek/videox/mt6735/disp_drv_log.h:3:0,
                 from drivers/misc/mediatek/dispsys/mt6735/ddp_dsi.c:8:
/home/satory-ra/Android/kernel/android_kernel_oukitel_orange/drivers/misc/mediatek/dispsys/mt6735/display_recorder.h:136:6: note: expected 'unsigned int' but argument is of type 'volatile struct DSI_START_REG *'
 void dprec_reg_op(void* cmdq, unsigned int reg, unsigned int val, unsigned int mask);
      ^
In file included from drivers/misc/mediatek/dispsys/mt6735/ddp_dsi.c:31:0:
/home/satory-ra/Android/kernel/android_kernel_oukitel_orange/drivers/misc/mediatek/dispsys/mt6735/mt6735m/ddp_reg.h:1487:38: warning: passing argument 1 of 'disp_addr_convert' makes integer from pointer without a cast
                 cmdqRecWrite(handle, disp_addr_convert(reg32), val, ~0); \
                                      ^
drivers/misc/mediatek/dispsys/mt6735/ddp_dsi.c:59:63: note: in expansion of macro 'DISP_REG_SET'
   else{mt_reg_sync_writel(INREG32(&REG),&r);r.bit = (value);  DISP_REG_SET(cmdq, &REG, INREG32(&r));}    \
                                                               ^
drivers/misc/mediatek/dispsys/mt6735/ddp_dsi.c:1575:3: note: in expansion of macro 'DSI_OUTREGBIT'
   DSI_OUTREGBIT(cmdq, DSI_START_REG,DSI_REG[0]->DSI_START,DSI_START,0);
   ^
/home/satory-ra/Android/kernel/android_kernel_oukitel_orange/drivers/misc/mediatek/dispsys/mt6735/mt6735m/ddp_reg.h:1395:29: note: expected 'long unsigned int' but argument is of type 'volatile struct DSI_START_REG *'
 static inline unsigned long disp_addr_convert(unsigned long va) 
                             ^
/home/satory-ra/Android/kernel/android_kernel_oukitel_orange/drivers/misc/mediatek/dispsys/mt6735/mt6735m/ddp_reg.h:1413:3: warning: passing argument 2 of 'dprec_reg_op' makes integer from pointer without a cast
   dprec_reg_op(handle, reg32, val, mask);\
   ^
drivers/misc/mediatek/dispsys/mt6735/ddp_dsi.c:58:145: note: in expansion of macro 'DISP_REG_MASK'
   if(cmdq)  {*(unsigned int*)(&r) = ((unsigned int)0x00000000);r.bit = ~(r.bit);*(unsigned int*)(&v) = ((unsigned int)0x00000000);v.bit = value;DISP_REG_MASK(cmdq, &REG, AS_UINT32(&v), AS_UINT32(&r));}  \
                                                                                                                                                 ^
drivers/misc/mediatek/dispsys/mt6735/ddp_dsi.c:1576:3: note: in expansion of macro 'DSI_OUTREGBIT'
   DSI_OUTREGBIT(cmdq, DSI_START_REG,DSI_REG[0]->DSI_START,DSI_START,1);
   ^
In file included from /home/satory-ra/Android/kernel/android_kernel_oukitel_orange/drivers/misc/mediatek/videox/mt6735/disp_drv_log.h:3:0,
                 from drivers/misc/mediatek/dispsys/mt6735/ddp_dsi.c:8:
/home/satory-ra/Android/kernel/android_kernel_oukitel_orange/drivers/misc/mediatek/dispsys/mt6735/display_recorder.h:136:6: note: expected 'unsigned int' but argument is of type 'volatile struct DSI_START_REG *'
 void dprec_reg_op(void* cmdq, unsigned int reg, unsigned int val, unsigned int mask);
      ^
In file included from drivers/misc/mediatek/dispsys/mt6735/ddp_dsi.c:31:0:
/home/satory-ra/Android/kernel/android_kernel_oukitel_orange/drivers/misc/mediatek/dispsys/mt6735/mt6735m/ddp_reg.h:1420:25: warning: passing argument 1 of 'disp_addr_convert' makes integer from pointer without a cast
    cmdqRecWrite(handle, disp_addr_convert(reg32), val, mask); \
                         ^
drivers/misc/mediatek/dispsys/mt6735/ddp_dsi.c:58:145: note: in expansion of macro 'DISP_REG_MASK'
   if(cmdq)  {*(unsigned int*)(&r) = ((unsigned int)0x00000000);r.bit = ~(r.bit);*(unsigned int*)(&v) = ((unsigned int)0x00000000);v.bit = value;DISP_REG_MASK(cmdq, &REG, AS_UINT32(&v), AS_UINT32(&r));}  \
                                                                                                                                                 ^
drivers/misc/mediatek/dispsys/mt6735/ddp_dsi.c:1576:3: note: in expansion of macro 'DSI_OUTREGBIT'
   DSI_OUTREGBIT(cmdq, DSI_START_REG,DSI_REG[0]->DSI_START,DSI_START,1);
   ^
/home/satory-ra/Android/kernel/android_kernel_oukitel_orange/drivers/misc/mediatek/dispsys/mt6735/mt6735m/ddp_reg.h:1395:29: note: expected 'long unsigned int' but argument is of type 'volatile struct DSI_START_REG *'
 static inline unsigned long disp_addr_convert(unsigned long va) 
                             ^
/home/satory-ra/Android/kernel/android_kernel_oukitel_orange/drivers/misc/mediatek/dispsys/mt6735/mt6735m/ddp_reg.h:1486:17: warning: passing argument 2 of 'dprec_reg_op' makes integer from pointer without a cast
                 dprec_reg_op(handle, reg32, val, 0x00000000);\
                 ^
drivers/misc/mediatek/dispsys/mt6735/ddp_dsi.c:59:63: note: in expansion of macro 'DISP_REG_SET'
   else{mt_reg_sync_writel(INREG32(&REG),&r);r.bit = (value);  DISP_REG_SET(cmdq, &REG, INREG32(&r));}    \
                                                               ^
drivers/misc/mediatek/dispsys/mt6735/ddp_dsi.c:1576:3: note: in expansion of macro 'DSI_OUTREGBIT'
   DSI_OUTREGBIT(cmdq, DSI_START_REG,DSI_REG[0]->DSI_START,DSI_START,1);
   ^
  CC      drivers/misc/mediatek/connectivity/conn_soc/drv_wlan/mt_wifi/wlan/mgmt/p2p_assoc.o
  CC      net/netfilter/xt_tcpmss.o
In file included from /home/satory-ra/Android/kernel/android_kernel_oukitel_orange/drivers/misc/mediatek/videox/mt6735/disp_drv_log.h:3:0,
                 from drivers/misc/mediatek/dispsys/mt6735/ddp_dsi.c:8:
/home/satory-ra/Android/kernel/android_kernel_oukitel_orange/drivers/misc/mediatek/dispsys/mt6735/display_recorder.h:136:6: note: expected 'unsigned int' but argument is of type 'volatile struct DSI_START_REG *'
 void dprec_reg_op(void* cmdq, unsigned int reg, unsigned int val, unsigned int mask);
      ^
In file included from drivers/misc/mediatek/dispsys/mt6735/ddp_dsi.c:31:0:
/home/satory-ra/Android/kernel/android_kernel_oukitel_orange/drivers/misc/mediatek/dispsys/mt6735/mt6735m/ddp_reg.h:1487:38: warning: passing argument 1 of 'disp_addr_convert' makes integer from pointer without a cast
                 cmdqRecWrite(handle, disp_addr_convert(reg32), val, ~0); \
                                      ^
drivers/misc/mediatek/dispsys/mt6735/ddp_dsi.c:59:63: note: in expansion of macro 'DISP_REG_SET'
   else{mt_reg_sync_writel(INREG32(&REG),&r);r.bit = (value);  DISP_REG_SET(cmdq, &REG, INREG32(&r));}    \
                                                               ^
drivers/misc/mediatek/dispsys/mt6735/ddp_dsi.c:1576:3: note: in expansion of macro 'DSI_OUTREGBIT'
   DSI_OUTREGBIT(cmdq, DSI_START_REG,DSI_REG[0]->DSI_START,DSI_START,1);
   ^
/home/satory-ra/Android/kernel/android_kernel_oukitel_orange/drivers/misc/mediatek/dispsys/mt6735/mt6735m/ddp_reg.h:1395:29: note: expected 'long unsigned int' but argument is of type 'volatile struct DSI_START_REG *'
 static inline unsigned long disp_addr_convert(unsigned long va) 
                             ^
drivers/misc/mediatek/dispsys/mt6735/ddp_dsi.c:1561:6: warning: unused variable 'i' [-Wunused-variable]
  int i = 0;
      ^
In file included from drivers/misc/mediatek/dispsys/mt6735/ddp_dsi.c:31:0:
drivers/misc/mediatek/dispsys/mt6735/ddp_dsi.c: In function 'DSI_Set_VM_CMD':
/home/satory-ra/Android/kernel/android_kernel_oukitel_orange/drivers/misc/mediatek/dispsys/mt6735/mt6735m/ddp_reg.h:1413:3: warning: passing argument 2 of 'dprec_reg_op' makes integer from pointer without a cast
   dprec_reg_op(handle, reg32, val, mask);\
   ^
drivers/misc/mediatek/dispsys/mt6735/ddp_dsi.c:58:145: note: in expansion of macro 'DISP_REG_MASK'
   if(cmdq)  {*(unsigned int*)(&r) = ((unsigned int)0x00000000);r.bit = ~(r.bit);*(unsigned int*)(&v) = ((unsigned int)0x00000000);v.bit = value;DISP_REG_MASK(cmdq, &REG, AS_UINT32(&v), AS_UINT32(&r));}  \
                                                                                                                                                 ^
drivers/misc/mediatek/dispsys/mt6735/ddp_dsi.c:1589:4: note: in expansion of macro 'DSI_OUTREGBIT'
    DSI_OUTREGBIT(cmdq,DSI_VM_CMD_CON_REG,DSI_REG[i]->DSI_VM_CMD_CON,TS_VFP_EN,1);
    ^
In file included from /home/satory-ra/Android/kernel/android_kernel_oukitel_orange/drivers/misc/mediatek/videox/mt6735/disp_drv_log.h:3:0,
                 from drivers/misc/mediatek/dispsys/mt6735/ddp_dsi.c:8:
/home/satory-ra/Android/kernel/android_kernel_oukitel_orange/drivers/misc/mediatek/dispsys/mt6735/display_recorder.h:136:6: note: expected 'unsigned int' but argument is of type 'volatile struct DSI_VM_CMD_CON_REG *'
 void dprec_reg_op(void* cmdq, unsigned int reg, unsigned int val, unsigned int mask);
      ^
In file included from drivers/misc/mediatek/dispsys/mt6735/ddp_dsi.c:31:0:
/home/satory-ra/Android/kernel/android_kernel_oukitel_orange/drivers/misc/mediatek/dispsys/mt6735/mt6735m/ddp_reg.h:1420:25: warning: passing argument 1 of 'disp_addr_convert' makes integer from pointer without a cast
    cmdqRecWrite(handle, disp_addr_convert(reg32), val, mask); \
                         ^
drivers/misc/mediatek/dispsys/mt6735/ddp_dsi.c:58:145: note: in expansion of macro 'DISP_REG_MASK'
   if(cmdq)  {*(unsigned int*)(&r) = ((unsigned int)0x00000000);r.bit = ~(r.bit);*(unsigned int*)(&v) = ((unsigned int)0x00000000);v.bit = value;DISP_REG_MASK(cmdq, &REG, AS_UINT32(&v), AS_UINT32(&r));}  \
                                                                                                                                                 ^
drivers/misc/mediatek/dispsys/mt6735/ddp_dsi.c:1589:4: note: in expansion of macro 'DSI_OUTREGBIT'
    DSI_OUTREGBIT(cmdq,DSI_VM_CMD_CON_REG,DSI_REG[i]->DSI_VM_CMD_CON,TS_VFP_EN,1);
    ^
/home/satory-ra/Android/kernel/android_kernel_oukitel_orange/drivers/misc/mediatek/dispsys/mt6735/mt6735m/ddp_reg.h:1395:29: note: expected 'long unsigned int' but argument is of type 'volatile struct DSI_VM_CMD_CON_REG *'
 static inline unsigned long disp_addr_convert(unsigned long va) 
                             ^
/home/satory-ra/Android/kernel/android_kernel_oukitel_orange/drivers/misc/mediatek/dispsys/mt6735/mt6735m/ddp_reg.h:1486:17: warning: passing argument 2 of 'dprec_reg_op' makes integer from pointer without a cast
                 dprec_reg_op(handle, reg32, val, 0x00000000);\
                 ^
drivers/misc/mediatek/dispsys/mt6735/ddp_dsi.c:59:63: note: in expansion of macro 'DISP_REG_SET'
   else{mt_reg_sync_writel(INREG32(&REG),&r);r.bit = (value);  DISP_REG_SET(cmdq, &REG, INREG32(&r));}    \
                                                               ^
drivers/misc/mediatek/dispsys/mt6735/ddp_dsi.c:1589:4: note: in expansion of macro 'DSI_OUTREGBIT'
    DSI_OUTREGBIT(cmdq,DSI_VM_CMD_CON_REG,DSI_REG[i]->DSI_VM_CMD_CON,TS_VFP_EN,1);
    ^
In file included from /home/satory-ra/Android/kernel/android_kernel_oukitel_orange/drivers/misc/mediatek/videox/mt6735/disp_drv_log.h:3:0,
                 from drivers/misc/mediatek/dispsys/mt6735/ddp_dsi.c:8:
/home/satory-ra/Android/kernel/android_kernel_oukitel_orange/drivers/misc/mediatek/dispsys/mt6735/display_recorder.h:136:6: note: expected 'unsigned int' but argument is of type 'volatile struct DSI_VM_CMD_CON_REG *'
 void dprec_reg_op(void* cmdq, unsigned int reg, unsigned int val, unsigned int mask);
      ^
In file included from drivers/misc/mediatek/dispsys/mt6735/ddp_dsi.c:31:0:
/home/satory-ra/Android/kernel/android_kernel_oukitel_orange/drivers/misc/mediatek/dispsys/mt6735/mt6735m/ddp_reg.h:1487:38: warning: passing argument 1 of 'disp_addr_convert' makes integer from pointer without a cast
                 cmdqRecWrite(handle, disp_addr_convert(reg32), val, ~0); \
                                      ^
drivers/misc/mediatek/dispsys/mt6735/ddp_dsi.c:59:63: note: in expansion of macro 'DISP_REG_SET'
   else{mt_reg_sync_writel(INREG32(&REG),&r);r.bit = (value);  DISP_REG_SET(cmdq, &REG, INREG32(&r));}    \
                                                               ^
drivers/misc/mediatek/dispsys/mt6735/ddp_dsi.c:1589:4: note: in expansion of macro 'DSI_OUTREGBIT'
    DSI_OUTREGBIT(cmdq,DSI_VM_CMD_CON_REG,DSI_REG[i]->DSI_VM_CMD_CON,TS_VFP_EN,1);
    ^
/home/satory-ra/Android/kernel/android_kernel_oukitel_orange/drivers/misc/mediatek/dispsys/mt6735/mt6735m/ddp_reg.h:1395:29: note: expected 'long unsigned int' but argument is of type 'volatile struct DSI_VM_CMD_CON_REG *'
 static inline unsigned long disp_addr_convert(unsigned long va) 
                             ^
/home/satory-ra/Android/kernel/android_kernel_oukitel_orange/drivers/misc/mediatek/dispsys/mt6735/mt6735m/ddp_reg.h:1413:3: warning: passing argument 2 of 'dprec_reg_op' makes integer from pointer without a cast
   dprec_reg_op(handle, reg32, val, mask);\
   ^
drivers/misc/mediatek/dispsys/mt6735/ddp_dsi.c:58:145: note: in expansion of macro 'DISP_REG_MASK'
   if(cmdq)  {*(unsigned int*)(&r) = ((unsigned int)0x00000000);r.bit = ~(r.bit);*(unsigned int*)(&v) = ((unsigned int)0x00000000);v.bit = value;DISP_REG_MASK(cmdq, &REG, AS_UINT32(&v), AS_UINT32(&r));}  \
                                                                                                                                                 ^
drivers/misc/mediatek/dispsys/mt6735/ddp_dsi.c:1590:4: note: in expansion of macro 'DSI_OUTREGBIT'
    DSI_OUTREGBIT(cmdq,DSI_VM_CMD_CON_REG,DSI_REG[i]->DSI_VM_CMD_CON,VM_CMD_EN,1);  
    ^
In file included from /home/satory-ra/Android/kernel/android_kernel_oukitel_orange/drivers/misc/mediatek/videox/mt6735/disp_drv_log.h:3:0,
                 from drivers/misc/mediatek/dispsys/mt6735/ddp_dsi.c:8:
/home/satory-ra/Android/kernel/android_kernel_oukitel_orange/drivers/misc/mediatek/dispsys/mt6735/display_recorder.h:136:6: note: expected 'unsigned int' but argument is of type 'volatile struct DSI_VM_CMD_CON_REG *'
 void dprec_reg_op(void* cmdq, unsigned int reg, unsigned int val, unsigned int mask);
      ^
In file included from drivers/misc/mediatek/dispsys/mt6735/ddp_dsi.c:31:0:
/home/satory-ra/Android/kernel/android_kernel_oukitel_orange/drivers/misc/mediatek/dispsys/mt6735/mt6735m/ddp_reg.h:1420:25: warning: passing argument 1 of 'disp_addr_convert' makes integer from pointer without a cast
    cmdqRecWrite(handle, disp_addr_convert(reg32), val, mask); \
                         ^
drivers/misc/mediatek/dispsys/mt6735/ddp_dsi.c:58:145: note: in expansion of macro 'DISP_REG_MASK'
   if(cmdq)  {*(unsigned int*)(&r) = ((unsigned int)0x00000000);r.bit = ~(r.bit);*(unsigned int*)(&v) = ((unsigned int)0x00000000);v.bit = value;DISP_REG_MASK(cmdq, &REG, AS_UINT32(&v), AS_UINT32(&r));}  \
                                                                                                                                                 ^
drivers/misc/mediatek/dispsys/mt6735/ddp_dsi.c:1590:4: note: in expansion of macro 'DSI_OUTREGBIT'
    DSI_OUTREGBIT(cmdq,DSI_VM_CMD_CON_REG,DSI_REG[i]->DSI_VM_CMD_CON,VM_CMD_EN,1);  
    ^
/home/satory-ra/Android/kernel/android_kernel_oukitel_orange/drivers/misc/mediatek/dispsys/mt6735/mt6735m/ddp_reg.h:1395:29: note: expected 'long unsigned int' but argument is of type 'volatile struct DSI_VM_CMD_CON_REG *'
 static inline unsigned long disp_addr_convert(unsigned long va) 
                             ^
/home/satory-ra/Android/kernel/android_kernel_oukitel_orange/drivers/misc/mediatek/dispsys/mt6735/mt6735m/ddp_reg.h:1486:17: warning: passing argument 2 of 'dprec_reg_op' makes integer from pointer without a cast
                 dprec_reg_op(handle, reg32, val, 0x00000000);\
                 ^
drivers/misc/mediatek/dispsys/mt6735/ddp_dsi.c:59:63: note: in expansion of macro 'DISP_REG_SET'
   else{mt_reg_sync_writel(INREG32(&REG),&r);r.bit = (value);  DISP_REG_SET(cmdq, &REG, INREG32(&r));}    \
                                                               ^
drivers/misc/mediatek/dispsys/mt6735/ddp_dsi.c:1590:4: note: in expansion of macro 'DSI_OUTREGBIT'
    DSI_OUTREGBIT(cmdq,DSI_VM_CMD_CON_REG,DSI_REG[i]->DSI_VM_CMD_CON,VM_CMD_EN,1);  
    ^
In file included from /home/satory-ra/Android/kernel/android_kernel_oukitel_orange/drivers/misc/mediatek/videox/mt6735/disp_drv_log.h:3:0,
                 from drivers/misc/mediatek/dispsys/mt6735/ddp_dsi.c:8:
/home/satory-ra/Android/kernel/android_kernel_oukitel_orange/drivers/misc/mediatek/dispsys/mt6735/display_recorder.h:136:6: note: expected 'unsigned int' but argument is of type 'volatile struct DSI_VM_CMD_CON_REG *'
 void dprec_reg_op(void* cmdq, unsigned int reg, unsigned int val, unsigned int mask);
      ^
In file included from drivers/misc/mediatek/dispsys/mt6735/ddp_dsi.c:31:0:
/home/satory-ra/Android/kernel/android_kernel_oukitel_orange/drivers/misc/mediatek/dispsys/mt6735/mt6735m/ddp_reg.h:1487:38: warning: passing argument 1 of 'disp_addr_convert' makes integer from pointer without a cast
                 cmdqRecWrite(handle, disp_addr_convert(reg32), val, ~0); \
                                      ^
drivers/misc/mediatek/dispsys/mt6735/ddp_dsi.c:59:63: note: in expansion of macro 'DISP_REG_SET'
   else{mt_reg_sync_writel(INREG32(&REG),&r);r.bit = (value);  DISP_REG_SET(cmdq, &REG, INREG32(&r));}    \
                                                               ^
drivers/misc/mediatek/dispsys/mt6735/ddp_dsi.c:1590:4: note: in expansion of macro 'DSI_OUTREGBIT'
    DSI_OUTREGBIT(cmdq,DSI_VM_CMD_CON_REG,DSI_REG[i]->DSI_VM_CMD_CON,VM_CMD_EN,1);  
    ^
/home/satory-ra/Android/kernel/android_kernel_oukitel_orange/drivers/misc/mediatek/dispsys/mt6735/mt6735m/ddp_reg.h:1395:29: note: expected 'long unsigned int' but argument is of type 'volatile struct DSI_VM_CMD_CON_REG *'
 static inline unsigned long disp_addr_convert(unsigned long va) 
                             ^
/home/satory-ra/Android/kernel/android_kernel_oukitel_orange/drivers/misc/mediatek/dispsys/mt6735/mt6735m/ddp_reg.h:1413:3: warning: passing argument 2 of 'dprec_reg_op' makes integer from pointer without a cast
   dprec_reg_op(handle, reg32, val, mask);\
   ^
drivers/misc/mediatek/dispsys/mt6735/ddp_dsi.c:58:145: note: in expansion of macro 'DISP_REG_MASK'
   if(cmdq)  {*(unsigned int*)(&r) = ((unsigned int)0x00000000);r.bit = ~(r.bit);*(unsigned int*)(&v) = ((unsigned int)0x00000000);v.bit = value;DISP_REG_MASK(cmdq, &REG, AS_UINT32(&v), AS_UINT32(&r));}  \
                                                                                                                                                 ^
drivers/misc/mediatek/dispsys/mt6735/ddp_dsi.c:1596:3: note: in expansion of macro 'DSI_OUTREGBIT'
   DSI_OUTREGBIT(cmdq,DSI_VM_CMD_CON_REG,DSI_REG[i]->DSI_VM_CMD_CON,TS_VFP_EN,1);
   ^
In file included from /home/satory-ra/Android/kernel/android_kernel_oukitel_orange/drivers/misc/mediatek/videox/mt6735/disp_drv_log.h:3:0,
                 from drivers/misc/mediatek/dispsys/mt6735/ddp_dsi.c:8:
/home/satory-ra/Android/kernel/android_kernel_oukitel_orange/drivers/misc/mediatek/dispsys/mt6735/display_recorder.h:136:6: note: expected 'unsigned int' but argument is of type 'volatile struct DSI_VM_CMD_CON_REG *'
 void dprec_reg_op(void* cmdq, unsigned int reg, unsigned int val, unsigned int mask);
      ^
In file included from drivers/misc/mediatek/dispsys/mt6735/ddp_dsi.c:31:0:
/home/satory-ra/Android/kernel/android_kernel_oukitel_orange/drivers/misc/mediatek/dispsys/mt6735/mt6735m/ddp_reg.h:1420:25: warning: passing argument 1 of 'disp_addr_convert' makes integer from pointer without a cast
    cmdqRecWrite(handle, disp_addr_convert(reg32), val, mask); \
                         ^
drivers/misc/mediatek/dispsys/mt6735/ddp_dsi.c:58:145: note: in expansion of macro 'DISP_REG_MASK'
   if(cmdq)  {*(unsigned int*)(&r) = ((unsigned int)0x00000000);r.bit = ~(r.bit);*(unsigned int*)(&v) = ((unsigned int)0x00000000);v.bit = value;DISP_REG_MASK(cmdq, &REG, AS_UINT32(&v), AS_UINT32(&r));}  \
                                                                                                                                                 ^
drivers/misc/mediatek/dispsys/mt6735/ddp_dsi.c:1596:3: note: in expansion of macro 'DSI_OUTREGBIT'
   DSI_OUTREGBIT(cmdq,DSI_VM_CMD_CON_REG,DSI_REG[i]->DSI_VM_CMD_CON,TS_VFP_EN,1);
   ^
/home/satory-ra/Android/kernel/android_kernel_oukitel_orange/drivers/misc/mediatek/dispsys/mt6735/mt6735m/ddp_reg.h:1395:29: note: expected 'long unsigned int' but argument is of type 'volatile struct DSI_VM_CMD_CON_REG *'
 static inline unsigned long disp_addr_convert(unsigned long va) 
                             ^
/home/satory-ra/Android/kernel/android_kernel_oukitel_orange/drivers/misc/mediatek/dispsys/mt6735/mt6735m/ddp_reg.h:1486:17: warning: passing argument 2 of 'dprec_reg_op' makes integer from pointer without a cast
                 dprec_reg_op(handle, reg32, val, 0x00000000);\
                 ^
drivers/misc/mediatek/dispsys/mt6735/ddp_dsi.c:59:63: note: in expansion of macro 'DISP_REG_SET'
   else{mt_reg_sync_writel(INREG32(&REG),&r);r.bit = (value);  DISP_REG_SET(cmdq, &REG, INREG32(&r));}    \
                                                               ^
drivers/misc/mediatek/dispsys/mt6735/ddp_dsi.c:1596:3: note: in expansion of macro 'DSI_OUTREGBIT'
   DSI_OUTREGBIT(cmdq,DSI_VM_CMD_CON_REG,DSI_REG[i]->DSI_VM_CMD_CON,TS_VFP_EN,1);
   ^
In file included from /home/satory-ra/Android/kernel/android_kernel_oukitel_orange/drivers/misc/mediatek/videox/mt6735/disp_drv_log.h:3:0,
                 from drivers/misc/mediatek/dispsys/mt6735/ddp_dsi.c:8:
/home/satory-ra/Android/kernel/android_kernel_oukitel_orange/drivers/misc/mediatek/dispsys/mt6735/display_recorder.h:136:6: note: expected 'unsigned int' but argument is of type 'volatile struct DSI_VM_CMD_CON_REG *'
 void dprec_reg_op(void* cmdq, unsigned int reg, unsigned int val, unsigned int mask);
      ^
In file included from drivers/misc/mediatek/dispsys/mt6735/ddp_dsi.c:31:0:
/home/satory-ra/Android/kernel/android_kernel_oukitel_orange/drivers/misc/mediatek/dispsys/mt6735/mt6735m/ddp_reg.h:1487:38: warning: passing argument 1 of 'disp_addr_convert' makes integer from pointer without a cast
                 cmdqRecWrite(handle, disp_addr_convert(reg32), val, ~0); \
                                      ^
drivers/misc/mediatek/dispsys/mt6735/ddp_dsi.c:59:63: note: in expansion of macro 'DISP_REG_SET'
   else{mt_reg_sync_writel(INREG32(&REG),&r);r.bit = (value);  DISP_REG_SET(cmdq, &REG, INREG32(&r));}    \
                                                               ^
drivers/misc/mediatek/dispsys/mt6735/ddp_dsi.c:1596:3: note: in expansion of macro 'DSI_OUTREGBIT'
   DSI_OUTREGBIT(cmdq,DSI_VM_CMD_CON_REG,DSI_REG[i]->DSI_VM_CMD_CON,TS_VFP_EN,1);
   ^
/home/satory-ra/Android/kernel/android_kernel_oukitel_orange/drivers/misc/mediatek/dispsys/mt6735/mt6735m/ddp_reg.h:1395:29: note: expected 'long unsigned int' but argument is of type 'volatile struct DSI_VM_CMD_CON_REG *'
 static inline unsigned long disp_addr_convert(unsigned long va) 
                             ^
/home/satory-ra/Android/kernel/android_kernel_oukitel_orange/drivers/misc/mediatek/dispsys/mt6735/mt6735m/ddp_reg.h:1413:3: warning: passing argument 2 of 'dprec_reg_op' makes integer from pointer without a cast
   dprec_reg_op(handle, reg32, val, mask);\
   ^
drivers/misc/mediatek/dispsys/mt6735/ddp_dsi.c:58:145: note: in expansion of macro 'DISP_REG_MASK'
   if(cmdq)  {*(unsigned int*)(&r) = ((unsigned int)0x00000000);r.bit = ~(r.bit);*(unsigned int*)(&v) = ((unsigned int)0x00000000);v.bit = value;DISP_REG_MASK(cmdq, &REG, AS_UINT32(&v), AS_UINT32(&r));}  \
                                                                                                                                                 ^
drivers/misc/mediatek/dispsys/mt6735/ddp_dsi.c:1597:3: note: in expansion of macro 'DSI_OUTREGBIT'
   DSI_OUTREGBIT(cmdq,DSI_VM_CMD_CON_REG,DSI_REG[i]->DSI_VM_CMD_CON,VM_CMD_EN,1);  
   ^
In file included from /home/satory-ra/Android/kernel/android_kernel_oukitel_orange/drivers/misc/mediatek/videox/mt6735/disp_drv_log.h:3:0,
                 from drivers/misc/mediatek/dispsys/mt6735/ddp_dsi.c:8:
/home/satory-ra/Android/kernel/android_kernel_oukitel_orange/drivers/misc/mediatek/dispsys/mt6735/display_recorder.h:136:6: note: expected 'unsigned int' but argument is of type 'volatile struct DSI_VM_CMD_CON_REG *'
 void dprec_reg_op(void* cmdq, unsigned int reg, unsigned int val, unsigned int mask);
      ^
In file included from drivers/misc/mediatek/dispsys/mt6735/ddp_dsi.c:31:0:
/home/satory-ra/Android/kernel/android_kernel_oukitel_orange/drivers/misc/mediatek/dispsys/mt6735/mt6735m/ddp_reg.h:1420:25: warning: passing argument 1 of 'disp_addr_convert' makes integer from pointer without a cast
    cmdqRecWrite(handle, disp_addr_convert(reg32), val, mask); \
                         ^
drivers/misc/mediatek/dispsys/mt6735/ddp_dsi.c:58:145: note: in expansion of macro 'DISP_REG_MASK'
   if(cmdq)  {*(unsigned int*)(&r) = ((unsigned int)0x00000000);r.bit = ~(r.bit);*(unsigned int*)(&v) = ((unsigned int)0x00000000);v.bit = value;DISP_REG_MASK(cmdq, &REG, AS_UINT32(&v), AS_UINT32(&r));}  \
                                                                                                                                                 ^
drivers/misc/mediatek/dispsys/mt6735/ddp_dsi.c:1597:3: note: in expansion of macro 'DSI_OUTREGBIT'
   DSI_OUTREGBIT(cmdq,DSI_VM_CMD_CON_REG,DSI_REG[i]->DSI_VM_CMD_CON,VM_CMD_EN,1);  
   ^
/home/satory-ra/Android/kernel/android_kernel_oukitel_orange/drivers/misc/mediatek/dispsys/mt6735/mt6735m/ddp_reg.h:1395:29: note: expected 'long unsigned int' but argument is of type 'volatile struct DSI_VM_CMD_CON_REG *'
 static inline unsigned long disp_addr_convert(unsigned long va) 
                             ^
/home/satory-ra/Android/kernel/android_kernel_oukitel_orange/drivers/misc/mediatek/dispsys/mt6735/mt6735m/ddp_reg.h:1486:17: warning: passing argument 2 of 'dprec_reg_op' makes integer from pointer without a cast
                 dprec_reg_op(handle, reg32, val, 0x00000000);\
                 ^
drivers/misc/mediatek/dispsys/mt6735/ddp_dsi.c:59:63: note: in expansion of macro 'DISP_REG_SET'
   else{mt_reg_sync_writel(INREG32(&REG),&r);r.bit = (value);  DISP_REG_SET(cmdq, &REG, INREG32(&r));}    \
                                                               ^
drivers/misc/mediatek/dispsys/mt6735/ddp_dsi.c:1597:3: note: in expansion of macro 'DSI_OUTREGBIT'
   DSI_OUTREGBIT(cmdq,DSI_VM_CMD_CON_REG,DSI_REG[i]->DSI_VM_CMD_CON,VM_CMD_EN,1);  
   ^
In file included from /home/satory-ra/Android/kernel/android_kernel_oukitel_orange/drivers/misc/mediatek/videox/mt6735/disp_drv_log.h:3:0,
                 from drivers/misc/mediatek/dispsys/mt6735/ddp_dsi.c:8:
/home/satory-ra/Android/kernel/android_kernel_oukitel_orange/drivers/misc/mediatek/dispsys/mt6735/display_recorder.h:136:6: note: expected 'unsigned int' but argument is of type 'volatile struct DSI_VM_CMD_CON_REG *'
 void dprec_reg_op(void* cmdq, unsigned int reg, unsigned int val, unsigned int mask);
      ^
In file included from drivers/misc/mediatek/dispsys/mt6735/ddp_dsi.c:31:0:
/home/satory-ra/Android/kernel/android_kernel_oukitel_orange/drivers/misc/mediatek/dispsys/mt6735/mt6735m/ddp_reg.h:1487:38: warning: passing argument 1 of 'disp_addr_convert' makes integer from pointer without a cast
                 cmdqRecWrite(handle, disp_addr_convert(reg32), val, ~0); \
                                      ^
drivers/misc/mediatek/dispsys/mt6735/ddp_dsi.c:59:63: note: in expansion of macro 'DISP_REG_SET'
   else{mt_reg_sync_writel(INREG32(&REG),&r);r.bit = (value);  DISP_REG_SET(cmdq, &REG, INREG32(&r));}    \
                                                               ^
drivers/misc/mediatek/dispsys/mt6735/ddp_dsi.c:1597:3: note: in expansion of macro 'DSI_OUTREGBIT'
   DSI_OUTREGBIT(cmdq,DSI_VM_CMD_CON_REG,DSI_REG[i]->DSI_VM_CMD_CON,VM_CMD_EN,1);  
   ^
/home/satory-ra/Android/kernel/android_kernel_oukitel_orange/drivers/misc/mediatek/dispsys/mt6735/mt6735m/ddp_reg.h:1395:29: note: expected 'long unsigned int' but argument is of type 'volatile struct DSI_VM_CMD_CON_REG *'
 static inline unsigned long disp_addr_convert(unsigned long va) 
                             ^
drivers/misc/mediatek/dispsys/mt6735/ddp_dsi.c: In function 'DSI_EnableVM_CMD':
/home/satory-ra/Android/kernel/android_kernel_oukitel_orange/drivers/misc/mediatek/dispsys/mt6735/mt6735m/ddp_reg.h:1413:3: warning: passing argument 2 of 'dprec_reg_op' makes integer from pointer without a cast
   dprec_reg_op(handle, reg32, val, mask);\
   ^
drivers/misc/mediatek/dispsys/mt6735/ddp_dsi.c:58:145: note: in expansion of macro 'DISP_REG_MASK'
   if(cmdq)  {*(unsigned int*)(&r) = ((unsigned int)0x00000000);r.bit = ~(r.bit);*(unsigned int*)(&v) = ((unsigned int)0x00000000);v.bit = value;DISP_REG_MASK(cmdq, &REG, AS_UINT32(&v), AS_UINT32(&r));}  \
                                                                                                                                                 ^
drivers/misc/mediatek/dispsys/mt6735/ddp_dsi.c:1610:4: note: in expansion of macro 'DSI_OUTREGBIT'
    DSI_OUTREGBIT(cmdq, DSI_START_REG,DSI_REG[i]->DSI_START,VM_CMD_START,0);
    ^
In file included from /home/satory-ra/Android/kernel/android_kernel_oukitel_orange/drivers/misc/mediatek/videox/mt6735/disp_drv_log.h:3:0,
                 from drivers/misc/mediatek/dispsys/mt6735/ddp_dsi.c:8:
/home/satory-ra/Android/kernel/android_kernel_oukitel_orange/drivers/misc/mediatek/dispsys/mt6735/display_recorder.h:136:6: note: expected 'unsigned int' but argument is of type 'volatile struct DSI_START_REG *'
 void dprec_reg_op(void* cmdq, unsigned int reg, unsigned int val, unsigned int mask);
      ^
In file included from drivers/misc/mediatek/dispsys/mt6735/ddp_dsi.c:31:0:
/home/satory-ra/Android/kernel/android_kernel_oukitel_orange/drivers/misc/mediatek/dispsys/mt6735/mt6735m/ddp_reg.h:1420:25: warning: passing argument 1 of 'disp_addr_convert' makes integer from pointer without a cast
    cmdqRecWrite(handle, disp_addr_convert(reg32), val, mask); \
                         ^
drivers/misc/mediatek/dispsys/mt6735/ddp_dsi.c:58:145: note: in expansion of macro 'DISP_REG_MASK'
   if(cmdq)  {*(unsigned int*)(&r) = ((unsigned int)0x00000000);r.bit = ~(r.bit);*(unsigned int*)(&v) = ((unsigned int)0x00000000);v.bit = value;DISP_REG_MASK(cmdq, &REG, AS_UINT32(&v), AS_UINT32(&r));}  \
                                                                                                                                                 ^
drivers/misc/mediatek/dispsys/mt6735/ddp_dsi.c:1610:4: note: in expansion of macro 'DSI_OUTREGBIT'
    DSI_OUTREGBIT(cmdq, DSI_START_REG,DSI_REG[i]->DSI_START,VM_CMD_START,0);
    ^
/home/satory-ra/Android/kernel/android_kernel_oukitel_orange/drivers/misc/mediatek/dispsys/mt6735/mt6735m/ddp_reg.h:1395:29: note: expected 'long unsigned int' but argument is of type 'volatile struct DSI_START_REG *'
 static inline unsigned long disp_addr_convert(unsigned long va) 
                             ^
/home/satory-ra/Android/kernel/android_kernel_oukitel_orange/drivers/misc/mediatek/dispsys/mt6735/mt6735m/ddp_reg.h:1486:17: warning: passing argument 2 of 'dprec_reg_op' makes integer from pointer without a cast
                 dprec_reg_op(handle, reg32, val, 0x00000000);\
                 ^
drivers/misc/mediatek/dispsys/mt6735/ddp_dsi.c:59:63: note: in expansion of macro 'DISP_REG_SET'
   else{mt_reg_sync_writel(INREG32(&REG),&r);r.bit = (value);  DISP_REG_SET(cmdq, &REG, INREG32(&r));}    \
                                                               ^
drivers/misc/mediatek/dispsys/mt6735/ddp_dsi.c:1610:4: note: in expansion of macro 'DSI_OUTREGBIT'
    DSI_OUTREGBIT(cmdq, DSI_START_REG,DSI_REG[i]->DSI_START,VM_CMD_START,0);
    ^
In file included from /home/satory-ra/Android/kernel/android_kernel_oukitel_orange/drivers/misc/mediatek/videox/mt6735/disp_drv_log.h:3:0,
                 from drivers/misc/mediatek/dispsys/mt6735/ddp_dsi.c:8:
/home/satory-ra/Android/kernel/android_kernel_oukitel_orange/drivers/misc/mediatek/dispsys/mt6735/display_recorder.h:136:6: note: expected 'unsigned int' but argument is of type 'volatile struct DSI_START_REG *'
 void dprec_reg_op(void* cmdq, unsigned int reg, unsigned int val, unsigned int mask);
      ^
In file included from drivers/misc/mediatek/dispsys/mt6735/ddp_dsi.c:31:0:
/home/satory-ra/Android/kernel/android_kernel_oukitel_orange/drivers/misc/mediatek/dispsys/mt6735/mt6735m/ddp_reg.h:1487:38: warning: passing argument 1 of 'disp_addr_convert' makes integer from pointer without a cast
                 cmdqRecWrite(handle, disp_addr_convert(reg32), val, ~0); \
                                      ^
drivers/misc/mediatek/dispsys/mt6735/ddp_dsi.c:59:63: note: in expansion of macro 'DISP_REG_SET'
   else{mt_reg_sync_writel(INREG32(&REG),&r);r.bit = (value);  DISP_REG_SET(cmdq, &REG, INREG32(&r));}    \
                                                               ^
drivers/misc/mediatek/dispsys/mt6735/ddp_dsi.c:1610:4: note: in expansion of macro 'DSI_OUTREGBIT'
    DSI_OUTREGBIT(cmdq, DSI_START_REG,DSI_REG[i]->DSI_START,VM_CMD_START,0);
    ^
/home/satory-ra/Android/kernel/android_kernel_oukitel_orange/drivers/misc/mediatek/dispsys/mt6735/mt6735m/ddp_reg.h:1395:29: note: expected 'long unsigned int' but argument is of type 'volatile struct DSI_START_REG *'
 static inline unsigned long disp_addr_convert(unsigned long va) 
                             ^
/home/satory-ra/Android/kernel/android_kernel_oukitel_orange/drivers/misc/mediatek/dispsys/mt6735/mt6735m/ddp_reg.h:1413:3: warning: passing argument 2 of 'dprec_reg_op' makes integer from pointer without a cast
   dprec_reg_op(handle, reg32, val, mask);\
   ^
drivers/misc/mediatek/dispsys/mt6735/ddp_dsi.c:58:145: note: in expansion of macro 'DISP_REG_MASK'
   if(cmdq)  {*(unsigned int*)(&r) = ((unsigned int)0x00000000);r.bit = ~(r.bit);*(unsigned int*)(&v) = ((unsigned int)0x00000000);v.bit = value;DISP_REG_MASK(cmdq, &REG, AS_UINT32(&v), AS_UINT32(&r));}  \
                                                                                                                                                 ^
drivers/misc/mediatek/dispsys/mt6735/ddp_dsi.c:1611:4: note: in expansion of macro 'DSI_OUTREGBIT'
    DSI_OUTREGBIT(cmdq, DSI_START_REG,DSI_REG[i]->DSI_START,VM_CMD_START,1);
    ^
In file included from /home/satory-ra/Android/kernel/android_kernel_oukitel_orange/drivers/misc/mediatek/videox/mt6735/disp_drv_log.h:3:0,
                 from drivers/misc/mediatek/dispsys/mt6735/ddp_dsi.c:8:
/home/satory-ra/Android/kernel/android_kernel_oukitel_orange/drivers/misc/mediatek/dispsys/mt6735/display_recorder.h:136:6: note: expected 'unsigned int' but argument is of type 'volatile struct DSI_START_REG *'
 void dprec_reg_op(void* cmdq, unsigned int reg, unsigned int val, unsigned int mask);
      ^
In file included from drivers/misc/mediatek/dispsys/mt6735/ddp_dsi.c:31:0:
/home/satory-ra/Android/kernel/android_kernel_oukitel_orange/drivers/misc/mediatek/dispsys/mt6735/mt6735m/ddp_reg.h:1420:25: warning: passing argument 1 of 'disp_addr_convert' makes integer from pointer without a cast
    cmdqRecWrite(handle, disp_addr_convert(reg32), val, mask); \
                         ^
drivers/misc/mediatek/dispsys/mt6735/ddp_dsi.c:58:145: note: in expansion of macro 'DISP_REG_MASK'
   if(cmdq)  {*(unsigned int*)(&r) = ((unsigned int)0x00000000);r.bit = ~(r.bit);*(unsigned int*)(&v) = ((unsigned int)0x00000000);v.bit = value;DISP_REG_MASK(cmdq, &REG, AS_UINT32(&v), AS_UINT32(&r));}  \
                                                                                                                                                 ^
drivers/misc/mediatek/dispsys/mt6735/ddp_dsi.c:1611:4: note: in expansion of macro 'DSI_OUTREGBIT'
    DSI_OUTREGBIT(cmdq, DSI_START_REG,DSI_REG[i]->DSI_START,VM_CMD_START,1);
    ^
/home/satory-ra/Android/kernel/android_kernel_oukitel_orange/drivers/misc/mediatek/dispsys/mt6735/mt6735m/ddp_reg.h:1395:29: note: expected 'long unsigned int' but argument is of type 'volatile struct DSI_START_REG *'
 static inline unsigned long disp_addr_convert(unsigned long va) 
                             ^
/home/satory-ra/Android/kernel/android_kernel_oukitel_orange/drivers/misc/mediatek/dispsys/mt6735/mt6735m/ddp_reg.h:1486:17: warning: passing argument 2 of 'dprec_reg_op' makes integer from pointer without a cast
                 dprec_reg_op(handle, reg32, val, 0x00000000);\
                 ^
drivers/misc/mediatek/dispsys/mt6735/ddp_dsi.c:59:63: note: in expansion of macro 'DISP_REG_SET'
   else{mt_reg_sync_writel(INREG32(&REG),&r);r.bit = (value);  DISP_REG_SET(cmdq, &REG, INREG32(&r));}    \
                                                               ^
drivers/misc/mediatek/dispsys/mt6735/ddp_dsi.c:1611:4: note: in expansion of macro 'DSI_OUTREGBIT'
    DSI_OUTREGBIT(cmdq, DSI_START_REG,DSI_REG[i]->DSI_START,VM_CMD_START,1);
    ^
In file included from /home/satory-ra/Android/kernel/android_kernel_oukitel_orange/drivers/misc/mediatek/videox/mt6735/disp_drv_log.h:3:0,
                 from drivers/misc/mediatek/dispsys/mt6735/ddp_dsi.c:8:
/home/satory-ra/Android/kernel/android_kernel_oukitel_orange/drivers/misc/mediatek/dispsys/mt6735/display_recorder.h:136:6: note: expected 'unsigned int' but argument is of type 'volatile struct DSI_START_REG *'
 void dprec_reg_op(void* cmdq, unsigned int reg, unsigned int val, unsigned int mask);
      ^
In file included from drivers/misc/mediatek/dispsys/mt6735/ddp_dsi.c:31:0:
/home/satory-ra/Android/kernel/android_kernel_oukitel_orange/drivers/misc/mediatek/dispsys/mt6735/mt6735m/ddp_reg.h:1487:38: warning: passing argument 1 of 'disp_addr_convert' makes integer from pointer without a cast
                 cmdqRecWrite(handle, disp_addr_convert(reg32), val, ~0); \
                                      ^
drivers/misc/mediatek/dispsys/mt6735/ddp_dsi.c:59:63: note: in expansion of macro 'DISP_REG_SET'
   else{mt_reg_sync_writel(INREG32(&REG),&r);r.bit = (value);  DISP_REG_SET(cmdq, &REG, INREG32(&r));}    \
                                                               ^
drivers/misc/mediatek/dispsys/mt6735/ddp_dsi.c:1611:4: note: in expansion of macro 'DSI_OUTREGBIT'
    DSI_OUTREGBIT(cmdq, DSI_START_REG,DSI_REG[i]->DSI_START,VM_CMD_START,1);
    ^
/home/satory-ra/Android/kernel/android_kernel_oukitel_orange/drivers/misc/mediatek/dispsys/mt6735/mt6735m/ddp_reg.h:1395:29: note: expected 'long unsigned int' but argument is of type 'volatile struct DSI_START_REG *'
 static inline unsigned long disp_addr_convert(unsigned long va) 
                             ^
/home/satory-ra/Android/kernel/android_kernel_oukitel_orange/drivers/misc/mediatek/dispsys/mt6735/mt6735m/ddp_reg.h:1413:3: warning: passing argument 2 of 'dprec_reg_op' makes integer from pointer without a cast
   dprec_reg_op(handle, reg32, val, mask);\
   ^
drivers/misc/mediatek/dispsys/mt6735/ddp_dsi.c:58:145: note: in expansion of macro 'DISP_REG_MASK'
   if(cmdq)  {*(unsigned int*)(&r) = ((unsigned int)0x00000000);r.bit = ~(r.bit);*(unsigned int*)(&v) = ((unsigned int)0x00000000);v.bit = value;DISP_REG_MASK(cmdq, &REG, AS_UINT32(&v), AS_UINT32(&r));}  \
                                                                                                                                                 ^
drivers/misc/mediatek/dispsys/mt6735/ddp_dsi.c:1616:3: note: in expansion of macro 'DSI_OUTREGBIT'
   DSI_OUTREGBIT(cmdq, DSI_START_REG,DSI_REG[0]->DSI_START,VM_CMD_START,0);
   ^
In file included from /home/satory-ra/Android/kernel/android_kernel_oukitel_orange/drivers/misc/mediatek/videox/mt6735/disp_drv_log.h:3:0,
                 from drivers/misc/mediatek/dispsys/mt6735/ddp_dsi.c:8:
/home/satory-ra/Android/kernel/android_kernel_oukitel_orange/drivers/misc/mediatek/dispsys/mt6735/display_recorder.h:136:6: note: expected 'unsigned int' but argument is of type 'volatile struct DSI_START_REG *'
 void dprec_reg_op(void* cmdq, unsigned int reg, unsigned int val, unsigned int mask);
      ^
In file included from drivers/misc/mediatek/dispsys/mt6735/ddp_dsi.c:31:0:
/home/satory-ra/Android/kernel/android_kernel_oukitel_orange/drivers/misc/mediatek/dispsys/mt6735/mt6735m/ddp_reg.h:1420:25: warning: passing argument 1 of 'disp_addr_convert' makes integer from pointer without a cast
    cmdqRecWrite(handle, disp_addr_convert(reg32), val, mask); \
                         ^
drivers/misc/mediatek/dispsys/mt6735/ddp_dsi.c:58:145: note: in expansion of macro 'DISP_REG_MASK'
   if(cmdq)  {*(unsigned int*)(&r) = ((unsigned int)0x00000000);r.bit = ~(r.bit);*(unsigned int*)(&v) = ((unsigned int)0x00000000);v.bit = value;DISP_REG_MASK(cmdq, &REG, AS_UINT32(&v), AS_UINT32(&r));}  \
                                                                                                                                                 ^
drivers/misc/mediatek/dispsys/mt6735/ddp_dsi.c:1616:3: note: in expansion of macro 'DSI_OUTREGBIT'
   DSI_OUTREGBIT(cmdq, DSI_START_REG,DSI_REG[0]->DSI_START,VM_CMD_START,0);
   ^
/home/satory-ra/Android/kernel/android_kernel_oukitel_orange/drivers/misc/mediatek/dispsys/mt6735/mt6735m/ddp_reg.h:1395:29: note: expected 'long unsigned int' but argument is of type 'volatile struct DSI_START_REG *'
 static inline unsigned long disp_addr_convert(unsigned long va) 
                             ^
/home/satory-ra/Android/kernel/android_kernel_oukitel_orange/drivers/misc/mediatek/dispsys/mt6735/mt6735m/ddp_reg.h:1486:17: warning: passing argument 2 of 'dprec_reg_op' makes integer from pointer without a cast
                 dprec_reg_op(handle, reg32, val, 0x00000000);\
                 ^
drivers/misc/mediatek/dispsys/mt6735/ddp_dsi.c:59:63: note: in expansion of macro 'DISP_REG_SET'
   else{mt_reg_sync_writel(INREG32(&REG),&r);r.bit = (value);  DISP_REG_SET(cmdq, &REG, INREG32(&r));}    \
                                                               ^
drivers/misc/mediatek/dispsys/mt6735/ddp_dsi.c:1616:3: note: in expansion of macro 'DSI_OUTREGBIT'
   DSI_OUTREGBIT(cmdq, DSI_START_REG,DSI_REG[0]->DSI_START,VM_CMD_START,0);
   ^
In file included from /home/satory-ra/Android/kernel/android_kernel_oukitel_orange/drivers/misc/mediatek/videox/mt6735/disp_drv_log.h:3:0,
                 from drivers/misc/mediatek/dispsys/mt6735/ddp_dsi.c:8:
/home/satory-ra/Android/kernel/android_kernel_oukitel_orange/drivers/misc/mediatek/dispsys/mt6735/display_recorder.h:136:6: note: expected 'unsigned int' but argument is of type 'volatile struct DSI_START_REG *'
 void dprec_reg_op(void* cmdq, unsigned int reg, unsigned int val, unsigned int mask);
      ^
In file included from drivers/misc/mediatek/dispsys/mt6735/ddp_dsi.c:31:0:
/home/satory-ra/Android/kernel/android_kernel_oukitel_orange/drivers/misc/mediatek/dispsys/mt6735/mt6735m/ddp_reg.h:1487:38: warning: passing argument 1 of 'disp_addr_convert' makes integer from pointer without a cast
                 cmdqRecWrite(handle, disp_addr_convert(reg32), val, ~0); \
                                      ^
drivers/misc/mediatek/dispsys/mt6735/ddp_dsi.c:59:63: note: in expansion of macro 'DISP_REG_SET'
   else{mt_reg_sync_writel(INREG32(&REG),&r);r.bit = (value);  DISP_REG_SET(cmdq, &REG, INREG32(&r));}    \
                                                               ^
drivers/misc/mediatek/dispsys/mt6735/ddp_dsi.c:1616:3: note: in expansion of macro 'DSI_OUTREGBIT'
   DSI_OUTREGBIT(cmdq, DSI_START_REG,DSI_REG[0]->DSI_START,VM_CMD_START,0);
   ^
/home/satory-ra/Android/kernel/android_kernel_oukitel_orange/drivers/misc/mediatek/dispsys/mt6735/mt6735m/ddp_reg.h:1395:29: note: expected 'long unsigned int' but argument is of type 'volatile struct DSI_START_REG *'
 static inline unsigned long disp_addr_convert(unsigned long va) 
                             ^
/home/satory-ra/Android/kernel/android_kernel_oukitel_orange/drivers/misc/mediatek/dispsys/mt6735/mt6735m/ddp_reg.h:1413:3: warning: passing argument 2 of 'dprec_reg_op' makes integer from pointer without a cast
   dprec_reg_op(handle, reg32, val, mask);\
   ^
drivers/misc/mediatek/dispsys/mt6735/ddp_dsi.c:58:145: note: in expansion of macro 'DISP_REG_MASK'
   if(cmdq)  {*(unsigned int*)(&r) = ((unsigned int)0x00000000);r.bit = ~(r.bit);*(unsigned int*)(&v) = ((unsigned int)0x00000000);v.bit = value;DISP_REG_MASK(cmdq, &REG, AS_UINT32(&v), AS_UINT32(&r));}  \
                                                                                                                                                 ^
drivers/misc/mediatek/dispsys/mt6735/ddp_dsi.c:1617:3: note: in expansion of macro 'DSI_OUTREGBIT'
   DSI_OUTREGBIT(cmdq, DSI_START_REG,DSI_REG[0]->DSI_START,VM_CMD_START,1);
   ^
In file included from /home/satory-ra/Android/kernel/android_kernel_oukitel_orange/drivers/misc/mediatek/videox/mt6735/disp_drv_log.h:3:0,
                 from drivers/misc/mediatek/dispsys/mt6735/ddp_dsi.c:8:
/home/satory-ra/Android/kernel/android_kernel_oukitel_orange/drivers/misc/mediatek/dispsys/mt6735/display_recorder.h:136:6: note: expected 'unsigned int' but argument is of type 'volatile struct DSI_START_REG *'
 void dprec_reg_op(void* cmdq, unsigned int reg, unsigned int val, unsigned int mask);
      ^
In file included from drivers/misc/mediatek/dispsys/mt6735/ddp_dsi.c:31:0:
/home/satory-ra/Android/kernel/android_kernel_oukitel_orange/drivers/misc/mediatek/dispsys/mt6735/mt6735m/ddp_reg.h:1420:25: warning: passing argument 1 of 'disp_addr_convert' makes integer from pointer without a cast
    cmdqRecWrite(handle, disp_addr_convert(reg32), val, mask); \
                         ^
drivers/misc/mediatek/dispsys/mt6735/ddp_dsi.c:58:145: note: in expansion of macro 'DISP_REG_MASK'
   if(cmdq)  {*(unsigned int*)(&r) = ((unsigned int)0x00000000);r.bit = ~(r.bit);*(unsigned int*)(&v) = ((unsigned int)0x00000000);v.bit = value;DISP_REG_MASK(cmdq, &REG, AS_UINT32(&v), AS_UINT32(&r));}  \
                                                                                                                                                 ^
drivers/misc/mediatek/dispsys/mt6735/ddp_dsi.c:1617:3: note: in expansion of macro 'DSI_OUTREGBIT'
   DSI_OUTREGBIT(cmdq, DSI_START_REG,DSI_REG[0]->DSI_START,VM_CMD_START,1);
   ^
/home/satory-ra/Android/kernel/android_kernel_oukitel_orange/drivers/misc/mediatek/dispsys/mt6735/mt6735m/ddp_reg.h:1395:29: note: expected 'long unsigned int' but argument is of type 'volatile struct DSI_START_REG *'
 static inline unsigned long disp_addr_convert(unsigned long va) 
                             ^
/home/satory-ra/Android/kernel/android_kernel_oukitel_orange/drivers/misc/mediatek/dispsys/mt6735/mt6735m/ddp_reg.h:1486:17: warning: passing argument 2 of 'dprec_reg_op' makes integer from pointer without a cast
                 dprec_reg_op(handle, reg32, val, 0x00000000);\
                 ^
drivers/misc/mediatek/dispsys/mt6735/ddp_dsi.c:59:63: note: in expansion of macro 'DISP_REG_SET'
   else{mt_reg_sync_writel(INREG32(&REG),&r);r.bit = (value);  DISP_REG_SET(cmdq, &REG, INREG32(&r));}    \
                                                               ^
drivers/misc/mediatek/dispsys/mt6735/ddp_dsi.c:1617:3: note: in expansion of macro 'DSI_OUTREGBIT'
   DSI_OUTREGBIT(cmdq, DSI_START_REG,DSI_REG[0]->DSI_START,VM_CMD_START,1);
   ^
In file included from /home/satory-ra/Android/kernel/android_kernel_oukitel_orange/drivers/misc/mediatek/videox/mt6735/disp_drv_log.h:3:0,
                 from drivers/misc/mediatek/dispsys/mt6735/ddp_dsi.c:8:
/home/satory-ra/Android/kernel/android_kernel_oukitel_orange/drivers/misc/mediatek/dispsys/mt6735/display_recorder.h:136:6: note: expected 'unsigned int' but argument is of type 'volatile struct DSI_START_REG *'
 void dprec_reg_op(void* cmdq, unsigned int reg, unsigned int val, unsigned int mask);
      ^
In file included from drivers/misc/mediatek/dispsys/mt6735/ddp_dsi.c:31:0:
/home/satory-ra/Android/kernel/android_kernel_oukitel_orange/drivers/misc/mediatek/dispsys/mt6735/mt6735m/ddp_reg.h:1487:38: warning: passing argument 1 of 'disp_addr_convert' makes integer from pointer without a cast
                 cmdqRecWrite(handle, disp_addr_convert(reg32), val, ~0); \
                                      ^
drivers/misc/mediatek/dispsys/mt6735/ddp_dsi.c:59:63: note: in expansion of macro 'DISP_REG_SET'
   else{mt_reg_sync_writel(INREG32(&REG),&r);r.bit = (value);  DISP_REG_SET(cmdq, &REG, INREG32(&r));}    \
                                                               ^
drivers/misc/mediatek/dispsys/mt6735/ddp_dsi.c:1617:3: note: in expansion of macro 'DSI_OUTREGBIT'
   DSI_OUTREGBIT(cmdq, DSI_START_REG,DSI_REG[0]->DSI_START,VM_CMD_START,1);
   ^
/home/satory-ra/Android/kernel/android_kernel_oukitel_orange/drivers/misc/mediatek/dispsys/mt6735/mt6735m/ddp_reg.h:1395:29: note: expected 'long unsigned int' but argument is of type 'volatile struct DSI_START_REG *'
 static inline unsigned long disp_addr_convert(unsigned long va) 
                             ^
drivers/misc/mediatek/dispsys/mt6735/ddp_dsi.c: In function 'DSI_dcs_read_lcm_reg_v2':
/home/satory-ra/Android/kernel/android_kernel_oukitel_orange/drivers/misc/mediatek/dispsys/mt6735/mt6735m/ddp_reg.h:1486:17: warning: passing argument 2 of 'dprec_reg_op' makes integer from pointer without a cast
                 dprec_reg_op(handle, reg32, val, 0x00000000);\
                 ^
drivers/misc/mediatek/dispsys/mt6735/ddp_dsi.c:40:39: note: in expansion of macro 'DISP_REG_SET'
 #define DSI_OUTREG32(cmdq, addr, val) DISP_REG_SET(cmdq, addr,val)
                                       ^
drivers/misc/mediatek/dispsys/mt6735/ddp_dsi.c:1669:4: note: in expansion of macro 'DSI_OUTREG32'
    DSI_OUTREG32(cmdq, &DSI_CMDQ_REG[d]->data[0], AS_UINT32(&t0));
    ^
In file included from /home/satory-ra/Android/kernel/android_kernel_oukitel_orange/drivers/misc/mediatek/videox/mt6735/disp_drv_log.h:3:0,
                 from drivers/misc/mediatek/dispsys/mt6735/ddp_dsi.c:8:
/home/satory-ra/Android/kernel/android_kernel_oukitel_orange/drivers/misc/mediatek/dispsys/mt6735/display_recorder.h:136:6: note: expected 'unsigned int' but argument is of type 'struct DSI_CMDQ *'
 void dprec_reg_op(void* cmdq, unsigned int reg, unsigned int val, unsigned int mask);
      ^
In file included from drivers/misc/mediatek/dispsys/mt6735/ddp_dsi.c:31:0:
/home/satory-ra/Android/kernel/android_kernel_oukitel_orange/drivers/misc/mediatek/dispsys/mt6735/mt6735m/ddp_reg.h:1487:38: warning: passing argument 1 of 'disp_addr_convert' makes integer from pointer without a cast
                 cmdqRecWrite(handle, disp_addr_convert(reg32), val, ~0); \
                                      ^
drivers/misc/mediatek/dispsys/mt6735/ddp_dsi.c:40:39: note: in expansion of macro 'DISP_REG_SET'
 #define DSI_OUTREG32(cmdq, addr, val) DISP_REG_SET(cmdq, addr,val)
                                       ^
drivers/misc/mediatek/dispsys/mt6735/ddp_dsi.c:1669:4: note: in expansion of macro 'DSI_OUTREG32'
    DSI_OUTREG32(cmdq, &DSI_CMDQ_REG[d]->data[0], AS_UINT32(&t0));
    ^
/home/satory-ra/Android/kernel/android_kernel_oukitel_orange/drivers/misc/mediatek/dispsys/mt6735/mt6735m/ddp_reg.h:1395:29: note: expected 'long unsigned int' but argument is of type 'struct DSI_CMDQ *'
 static inline unsigned long disp_addr_convert(unsigned long va) 
                             ^
/home/satory-ra/Android/kernel/android_kernel_oukitel_orange/drivers/misc/mediatek/dispsys/mt6735/mt6735m/ddp_reg.h:1486:17: warning: passing argument 2 of 'dprec_reg_op' makes integer from pointer without a cast
                 dprec_reg_op(handle, reg32, val, 0x00000000);\
                 ^
drivers/misc/mediatek/dispsys/mt6735/ddp_dsi.c:40:39: note: in expansion of macro 'DISP_REG_SET'
 #define DSI_OUTREG32(cmdq, addr, val) DISP_REG_SET(cmdq, addr,val)
                                       ^
drivers/misc/mediatek/dispsys/mt6735/ddp_dsi.c:1670:4: note: in expansion of macro 'DSI_OUTREG32'
    DSI_OUTREG32(cmdq, &DSI_REG[d]->DSI_CMDQ_SIZE, 1);
    ^
In file included from /home/satory-ra/Android/kernel/android_kernel_oukitel_orange/drivers/misc/mediatek/videox/mt6735/disp_drv_log.h:3:0,
                 from drivers/misc/mediatek/dispsys/mt6735/ddp_dsi.c:8:
/home/satory-ra/Android/kernel/android_kernel_oukitel_orange/drivers/misc/mediatek/dispsys/mt6735/display_recorder.h:136:6: note: expected 'unsigned int' but argument is of type 'volatile struct DSI_CMDQ_CTRL_REG *'
 void dprec_reg_op(void* cmdq, unsigned int reg, unsigned int val, unsigned int mask);
      ^
In file included from drivers/misc/mediatek/dispsys/mt6735/ddp_dsi.c:31:0:
/home/satory-ra/Android/kernel/android_kernel_oukitel_orange/drivers/misc/mediatek/dispsys/mt6735/mt6735m/ddp_reg.h:1487:38: warning: passing argument 1 of 'disp_addr_convert' makes integer from pointer without a cast
                 cmdqRecWrite(handle, disp_addr_convert(reg32), val, ~0); \
                                      ^
drivers/misc/mediatek/dispsys/mt6735/ddp_dsi.c:40:39: note: in expansion of macro 'DISP_REG_SET'
 #define DSI_OUTREG32(cmdq, addr, val) DISP_REG_SET(cmdq, addr,val)
                                       ^
drivers/misc/mediatek/dispsys/mt6735/ddp_dsi.c:1670:4: note: in expansion of macro 'DSI_OUTREG32'
    DSI_OUTREG32(cmdq, &DSI_REG[d]->DSI_CMDQ_SIZE, 1);
    ^
/home/satory-ra/Android/kernel/android_kernel_oukitel_orange/drivers/misc/mediatek/dispsys/mt6735/mt6735m/ddp_reg.h:1395:29: note: expected 'long unsigned int' but argument is of type 'volatile struct DSI_CMDQ_CTRL_REG *'
 static inline unsigned long disp_addr_convert(unsigned long va) 
                             ^
/home/satory-ra/Android/kernel/android_kernel_oukitel_orange/drivers/misc/mediatek/dispsys/mt6735/mt6735m/ddp_reg.h:1413:3: warning: passing argument 2 of 'dprec_reg_op' makes integer from pointer without a cast
   dprec_reg_op(handle, reg32, val, mask);\
   ^
drivers/misc/mediatek/dispsys/mt6735/ddp_dsi.c:58:145: note: in expansion of macro 'DISP_REG_MASK'
   if(cmdq)  {*(unsigned int*)(&r) = ((unsigned int)0x00000000);r.bit = ~(r.bit);*(unsigned int*)(&v) = ((unsigned int)0x00000000);v.bit = value;DISP_REG_MASK(cmdq, &REG, AS_UINT32(&v), AS_UINT32(&r));}  \
                                                                                                                                                 ^
drivers/misc/mediatek/dispsys/mt6735/ddp_dsi.c:1672:4: note: in expansion of macro 'DSI_OUTREGBIT'
    DSI_OUTREGBIT(cmdq, DSI_RACK_REG,DSI_REG[d]->DSI_RACK,DSI_RACK,1);
    ^
In file included from /home/satory-ra/Android/kernel/android_kernel_oukitel_orange/drivers/misc/mediatek/videox/mt6735/disp_drv_log.h:3:0,
                 from drivers/misc/mediatek/dispsys/mt6735/ddp_dsi.c:8:
/home/satory-ra/Android/kernel/android_kernel_oukitel_orange/drivers/misc/mediatek/dispsys/mt6735/display_recorder.h:136:6: note: expected 'unsigned int' but argument is of type 'volatile struct DSI_RACK_REG *'
 void dprec_reg_op(void* cmdq, unsigned int reg, unsigned int val, unsigned int mask);
      ^
In file included from drivers/misc/mediatek/dispsys/mt6735/ddp_dsi.c:31:0:
/home/satory-ra/Android/kernel/android_kernel_oukitel_orange/drivers/misc/mediatek/dispsys/mt6735/mt6735m/ddp_reg.h:1420:25: warning: passing argument 1 of 'disp_addr_convert' makes integer from pointer without a cast
    cmdqRecWrite(handle, disp_addr_convert(reg32), val, mask); \
                         ^
drivers/misc/mediatek/dispsys/mt6735/ddp_dsi.c:58:145: note: in expansion of macro 'DISP_REG_MASK'
   if(cmdq)  {*(unsigned int*)(&r) = ((unsigned int)0x00000000);r.bit = ~(r.bit);*(unsigned int*)(&v) = ((unsigned int)0x00000000);v.bit = value;DISP_REG_MASK(cmdq, &REG, AS_UINT32(&v), AS_UINT32(&r));}  \
                                                                                                                                                 ^
drivers/misc/mediatek/dispsys/mt6735/ddp_dsi.c:1672:4: note: in expansion of macro 'DSI_OUTREGBIT'
    DSI_OUTREGBIT(cmdq, DSI_RACK_REG,DSI_REG[d]->DSI_RACK,DSI_RACK,1);
    ^
/home/satory-ra/Android/kernel/android_kernel_oukitel_orange/drivers/misc/mediatek/dispsys/mt6735/mt6735m/ddp_reg.h:1395:29: note: expected 'long unsigned int' but argument is of type 'volatile struct DSI_RACK_REG *'
 static inline unsigned long disp_addr_convert(unsigned long va) 
                             ^
/home/satory-ra/Android/kernel/android_kernel_oukitel_orange/drivers/misc/mediatek/dispsys/mt6735/mt6735m/ddp_reg.h:1486:17: warning: passing argument 2 of 'dprec_reg_op' makes integer from pointer without a cast
                 dprec_reg_op(handle, reg32, val, 0x00000000);\
                 ^
drivers/misc/mediatek/dispsys/mt6735/ddp_dsi.c:59:63: note: in expansion of macro 'DISP_REG_SET'
   else{mt_reg_sync_writel(INREG32(&REG),&r);r.bit = (value);  DISP_REG_SET(cmdq, &REG, INREG32(&r));}    \
                                                               ^
drivers/misc/mediatek/dispsys/mt6735/ddp_dsi.c:1672:4: note: in expansion of macro 'DSI_OUTREGBIT'
    DSI_OUTREGBIT(cmdq, DSI_RACK_REG,DSI_REG[d]->DSI_RACK,DSI_RACK,1);
    ^
In file included from /home/satory-ra/Android/kernel/android_kernel_oukitel_orange/drivers/misc/mediatek/videox/mt6735/disp_drv_log.h:3:0,
                 from drivers/misc/mediatek/dispsys/mt6735/ddp_dsi.c:8:
/home/satory-ra/Android/kernel/android_kernel_oukitel_orange/drivers/misc/mediatek/dispsys/mt6735/display_recorder.h:136:6: note: expected 'unsigned int' but argument is of type 'volatile struct DSI_RACK_REG *'
 void dprec_reg_op(void* cmdq, unsigned int reg, unsigned int val, unsigned int mask);
      ^
In file included from drivers/misc/mediatek/dispsys/mt6735/ddp_dsi.c:31:0:
/home/satory-ra/Android/kernel/android_kernel_oukitel_orange/drivers/misc/mediatek/dispsys/mt6735/mt6735m/ddp_reg.h:1487:38: warning: passing argument 1 of 'disp_addr_convert' makes integer from pointer without a cast
                 cmdqRecWrite(handle, disp_addr_convert(reg32), val, ~0); \
                                      ^
drivers/misc/mediatek/dispsys/mt6735/ddp_dsi.c:59:63: note: in expansion of macro 'DISP_REG_SET'
   else{mt_reg_sync_writel(INREG32(&REG),&r);r.bit = (value);  DISP_REG_SET(cmdq, &REG, INREG32(&r));}    \
                                                               ^
drivers/misc/mediatek/dispsys/mt6735/ddp_dsi.c:1672:4: note: in expansion of macro 'DSI_OUTREGBIT'
    DSI_OUTREGBIT(cmdq, DSI_RACK_REG,DSI_REG[d]->DSI_RACK,DSI_RACK,1);
    ^
/home/satory-ra/Android/kernel/android_kernel_oukitel_orange/drivers/misc/mediatek/dispsys/mt6735/mt6735m/ddp_reg.h:1395:29: note: expected 'long unsigned int' but argument is of type 'volatile struct DSI_RACK_REG *'
 static inline unsigned long disp_addr_convert(unsigned long va) 
                             ^
/home/satory-ra/Android/kernel/android_kernel_oukitel_orange/drivers/misc/mediatek/dispsys/mt6735/mt6735m/ddp_reg.h:1413:3: warning: passing argument 2 of 'dprec_reg_op' makes integer from pointer without a cast
   dprec_reg_op(handle, reg32, val, mask);\
   ^
drivers/misc/mediatek/dispsys/mt6735/ddp_dsi.c:58:145: note: in expansion of macro 'DISP_REG_MASK'
   if(cmdq)  {*(unsigned int*)(&r) = ((unsigned int)0x00000000);r.bit = ~(r.bit);*(unsigned int*)(&v) = ((unsigned int)0x00000000);v.bit = value;DISP_REG_MASK(cmdq, &REG, AS_UINT32(&v), AS_UINT32(&r));}  \
                                                                                                                                                 ^
drivers/misc/mediatek/dispsys/mt6735/ddp_dsi.c:1673:4: note: in expansion of macro 'DSI_OUTREGBIT'
    DSI_OUTREGBIT(cmdq, DSI_INT_ENABLE_REG,DSI_REG[d]->DSI_INTEN,RD_RDY,1);
    ^
In file included from /home/satory-ra/Android/kernel/android_kernel_oukitel_orange/drivers/misc/mediatek/videox/mt6735/disp_drv_log.h:3:0,
                 from drivers/misc/mediatek/dispsys/mt6735/ddp_dsi.c:8:
/home/satory-ra/Android/kernel/android_kernel_oukitel_orange/drivers/misc/mediatek/dispsys/mt6735/display_recorder.h:136:6: note: expected 'unsigned int' but argument is of type 'volatile struct DSI_INT_ENABLE_REG *'
 void dprec_reg_op(void* cmdq, unsigned int reg, unsigned int val, unsigned int mask);
      ^
In file included from drivers/misc/mediatek/dispsys/mt6735/ddp_dsi.c:31:0:
/home/satory-ra/Android/kernel/android_kernel_oukitel_orange/drivers/misc/mediatek/dispsys/mt6735/mt6735m/ddp_reg.h:1420:25: warning: passing argument 1 of 'disp_addr_convert' makes integer from pointer without a cast
    cmdqRecWrite(handle, disp_addr_convert(reg32), val, mask); \
                         ^
drivers/misc/mediatek/dispsys/mt6735/ddp_dsi.c:58:145: note: in expansion of macro 'DISP_REG_MASK'
   if(cmdq)  {*(unsigned int*)(&r) = ((unsigned int)0x00000000);r.bit = ~(r.bit);*(unsigned int*)(&v) = ((unsigned int)0x00000000);v.bit = value;DISP_REG_MASK(cmdq, &REG, AS_UINT32(&v), AS_UINT32(&r));}  \
                                                                                                                                                 ^
drivers/misc/mediatek/dispsys/mt6735/ddp_dsi.c:1673:4: note: in expansion of macro 'DSI_OUTREGBIT'
    DSI_OUTREGBIT(cmdq, DSI_INT_ENABLE_REG,DSI_REG[d]->DSI_INTEN,RD_RDY,1);
    ^
/home/satory-ra/Android/kernel/android_kernel_oukitel_orange/drivers/misc/mediatek/dispsys/mt6735/mt6735m/ddp_reg.h:1395:29: note: expected 'long unsigned int' but argument is of type 'volatile struct DSI_INT_ENABLE_REG *'
 static inline unsigned long disp_addr_convert(unsigned long va) 
                             ^
/home/satory-ra/Android/kernel/android_kernel_oukitel_orange/drivers/misc/mediatek/dispsys/mt6735/mt6735m/ddp_reg.h:1486:17: warning: passing argument 2 of 'dprec_reg_op' makes integer from pointer without a cast
                 dprec_reg_op(handle, reg32, val, 0x00000000);\
                 ^
drivers/misc/mediatek/dispsys/mt6735/ddp_dsi.c:59:63: note: in expansion of macro 'DISP_REG_SET'
   else{mt_reg_sync_writel(INREG32(&REG),&r);r.bit = (value);  DISP_REG_SET(cmdq, &REG, INREG32(&r));}    \
                                                               ^
drivers/misc/mediatek/dispsys/mt6735/ddp_dsi.c:1673:4: note: in expansion of macro 'DSI_OUTREGBIT'
    DSI_OUTREGBIT(cmdq, DSI_INT_ENABLE_REG,DSI_REG[d]->DSI_INTEN,RD_RDY,1);
    ^
In file included from /home/satory-ra/Android/kernel/android_kernel_oukitel_orange/drivers/misc/mediatek/videox/mt6735/disp_drv_log.h:3:0,
                 from drivers/misc/mediatek/dispsys/mt6735/ddp_dsi.c:8:
/home/satory-ra/Android/kernel/android_kernel_oukitel_orange/drivers/misc/mediatek/dispsys/mt6735/display_recorder.h:136:6: note: expected 'unsigned int' but argument is of type 'volatile struct DSI_INT_ENABLE_REG *'
 void dprec_reg_op(void* cmdq, unsigned int reg, unsigned int val, unsigned int mask);
      ^
In file included from drivers/misc/mediatek/dispsys/mt6735/ddp_dsi.c:31:0:
/home/satory-ra/Android/kernel/android_kernel_oukitel_orange/drivers/misc/mediatek/dispsys/mt6735/mt6735m/ddp_reg.h:1487:38: warning: passing argument 1 of 'disp_addr_convert' makes integer from pointer without a cast
                 cmdqRecWrite(handle, disp_addr_convert(reg32), val, ~0); \
                                      ^
drivers/misc/mediatek/dispsys/mt6735/ddp_dsi.c:59:63: note: in expansion of macro 'DISP_REG_SET'
   else{mt_reg_sync_writel(INREG32(&REG),&r);r.bit = (value);  DISP_REG_SET(cmdq, &REG, INREG32(&r));}    \
                                                               ^
drivers/misc/mediatek/dispsys/mt6735/ddp_dsi.c:1673:4: note: in expansion of macro 'DSI_OUTREGBIT'
    DSI_OUTREGBIT(cmdq, DSI_INT_ENABLE_REG,DSI_REG[d]->DSI_INTEN,RD_RDY,1);
    ^
/home/satory-ra/Android/kernel/android_kernel_oukitel_orange/drivers/misc/mediatek/dispsys/mt6735/mt6735m/ddp_reg.h:1395:29: note: expected 'long unsigned int' but argument is of type 'volatile struct DSI_INT_ENABLE_REG *'
 static inline unsigned long disp_addr_convert(unsigned long va) 
                             ^
/home/satory-ra/Android/kernel/android_kernel_oukitel_orange/drivers/misc/mediatek/dispsys/mt6735/mt6735m/ddp_reg.h:1413:3: warning: passing argument 2 of 'dprec_reg_op' makes integer from pointer without a cast
   dprec_reg_op(handle, reg32, val, mask);\
   ^
drivers/misc/mediatek/dispsys/mt6735/ddp_dsi.c:58:145: note: in expansion of macro 'DISP_REG_MASK'
   if(cmdq)  {*(unsigned int*)(&r) = ((unsigned int)0x00000000);r.bit = ~(r.bit);*(unsigned int*)(&v) = ((unsigned int)0x00000000);v.bit = value;DISP_REG_MASK(cmdq, &REG, AS_UINT32(&v), AS_UINT32(&r));}  \
                                                                                                                                                 ^
drivers/misc/mediatek/dispsys/mt6735/ddp_dsi.c:1674:4: note: in expansion of macro 'DSI_OUTREGBIT'
    DSI_OUTREGBIT(cmdq, DSI_INT_ENABLE_REG,DSI_REG[d]->DSI_INTEN,CMD_DONE,1);
    ^
In file included from /home/satory-ra/Android/kernel/android_kernel_oukitel_orange/drivers/misc/mediatek/videox/mt6735/disp_drv_log.h:3:0,
                 from drivers/misc/mediatek/dispsys/mt6735/ddp_dsi.c:8:
/home/satory-ra/Android/kernel/android_kernel_oukitel_orange/drivers/misc/mediatek/dispsys/mt6735/display_recorder.h:136:6: note: expected 'unsigned int' but argument is of type 'volatile struct DSI_INT_ENABLE_REG *'
 void dprec_reg_op(void* cmdq, unsigned int reg, unsigned int val, unsigned int mask);
      ^
In file included from drivers/misc/mediatek/dispsys/mt6735/ddp_dsi.c:31:0:
/home/satory-ra/Android/kernel/android_kernel_oukitel_orange/drivers/misc/mediatek/dispsys/mt6735/mt6735m/ddp_reg.h:1420:25: warning: passing argument 1 of 'disp_addr_convert' makes integer from pointer without a cast
    cmdqRecWrite(handle, disp_addr_convert(reg32), val, mask); \
                         ^
drivers/misc/mediatek/dispsys/mt6735/ddp_dsi.c:58:145: note: in expansion of macro 'DISP_REG_MASK'
   if(cmdq)  {*(unsigned int*)(&r) = ((unsigned int)0x00000000);r.bit = ~(r.bit);*(unsigned int*)(&v) = ((unsigned int)0x00000000);v.bit = value;DISP_REG_MASK(cmdq, &REG, AS_UINT32(&v), AS_UINT32(&r));}  \
                                                                                                                                                 ^
drivers/misc/mediatek/dispsys/mt6735/ddp_dsi.c:1674:4: note: in expansion of macro 'DSI_OUTREGBIT'
    DSI_OUTREGBIT(cmdq, DSI_INT_ENABLE_REG,DSI_REG[d]->DSI_INTEN,CMD_DONE,1);
    ^
/home/satory-ra/Android/kernel/android_kernel_oukitel_orange/drivers/misc/mediatek/dispsys/mt6735/mt6735m/ddp_reg.h:1395:29: note: expected 'long unsigned int' but argument is of type 'volatile struct DSI_INT_ENABLE_REG *'
 static inline unsigned long disp_addr_convert(unsigned long va) 
                             ^
/home/satory-ra/Android/kernel/android_kernel_oukitel_orange/drivers/misc/mediatek/dispsys/mt6735/mt6735m/ddp_reg.h:1486:17: warning: passing argument 2 of 'dprec_reg_op' makes integer from pointer without a cast
                 dprec_reg_op(handle, reg32, val, 0x00000000);\
                 ^
drivers/misc/mediatek/dispsys/mt6735/ddp_dsi.c:59:63: note: in expansion of macro 'DISP_REG_SET'
   else{mt_reg_sync_writel(INREG32(&REG),&r);r.bit = (value);  DISP_REG_SET(cmdq, &REG, INREG32(&r));}    \
                                                               ^
drivers/misc/mediatek/dispsys/mt6735/ddp_dsi.c:1674:4: note: in expansion of macro 'DSI_OUTREGBIT'
    DSI_OUTREGBIT(cmdq, DSI_INT_ENABLE_REG,DSI_REG[d]->DSI_INTEN,CMD_DONE,1);
    ^
In file included from /home/satory-ra/Android/kernel/android_kernel_oukitel_orange/drivers/misc/mediatek/videox/mt6735/disp_drv_log.h:3:0,
                 from drivers/misc/mediatek/dispsys/mt6735/ddp_dsi.c:8:
/home/satory-ra/Android/kernel/android_kernel_oukitel_orange/drivers/misc/mediatek/dispsys/mt6735/display_recorder.h:136:6: note: expected 'unsigned int' but argument is of type 'volatile struct DSI_INT_ENABLE_REG *'
 void dprec_reg_op(void* cmdq, unsigned int reg, unsigned int val, unsigned int mask);
      ^
In file included from drivers/misc/mediatek/dispsys/mt6735/ddp_dsi.c:31:0:
/home/satory-ra/Android/kernel/android_kernel_oukitel_orange/drivers/misc/mediatek/dispsys/mt6735/mt6735m/ddp_reg.h:1487:38: warning: passing argument 1 of 'disp_addr_convert' makes integer from pointer without a cast
                 cmdqRecWrite(handle, disp_addr_convert(reg32), val, ~0); \
                                      ^
drivers/misc/mediatek/dispsys/mt6735/ddp_dsi.c:59:63: note: in expansion of macro 'DISP_REG_SET'
   else{mt_reg_sync_writel(INREG32(&REG),&r);r.bit = (value);  DISP_REG_SET(cmdq, &REG, INREG32(&r));}    \
                                                               ^
drivers/misc/mediatek/dispsys/mt6735/ddp_dsi.c:1674:4: note: in expansion of macro 'DSI_OUTREGBIT'
    DSI_OUTREGBIT(cmdq, DSI_INT_ENABLE_REG,DSI_REG[d]->DSI_INTEN,CMD_DONE,1);
    ^
/home/satory-ra/Android/kernel/android_kernel_oukitel_orange/drivers/misc/mediatek/dispsys/mt6735/mt6735m/ddp_reg.h:1395:29: note: expected 'long unsigned int' but argument is of type 'volatile struct DSI_INT_ENABLE_REG *'
 static inline unsigned long disp_addr_convert(unsigned long va) 
                             ^
/home/satory-ra/Android/kernel/android_kernel_oukitel_orange/drivers/misc/mediatek/dispsys/mt6735/mt6735m/ddp_reg.h:1486:17: warning: passing argument 2 of 'dprec_reg_op' makes integer from pointer without a cast
                 dprec_reg_op(handle, reg32, val, 0x00000000);\
                 ^
drivers/misc/mediatek/dispsys/mt6735/ddp_dsi.c:40:39: note: in expansion of macro 'DISP_REG_SET'
 #define DSI_OUTREG32(cmdq, addr, val) DISP_REG_SET(cmdq, addr,val)
                                       ^
drivers/misc/mediatek/dispsys/mt6735/ddp_dsi.c:1676:4: note: in expansion of macro 'DSI_OUTREG32'
    DSI_OUTREG32(cmdq, &DSI_REG[d]->DSI_START, 0);
    ^
In file included from /home/satory-ra/Android/kernel/android_kernel_oukitel_orange/drivers/misc/mediatek/videox/mt6735/disp_drv_log.h:3:0,
                 from drivers/misc/mediatek/dispsys/mt6735/ddp_dsi.c:8:
/home/satory-ra/Android/kernel/android_kernel_oukitel_orange/drivers/misc/mediatek/dispsys/mt6735/display_recorder.h:136:6: note: expected 'unsigned int' but argument is of type 'volatile struct DSI_START_REG *'
 void dprec_reg_op(void* cmdq, unsigned int reg, unsigned int val, unsigned int mask);
      ^
In file included from drivers/misc/mediatek/dispsys/mt6735/ddp_dsi.c:31:0:
/home/satory-ra/Android/kernel/android_kernel_oukitel_orange/drivers/misc/mediatek/dispsys/mt6735/mt6735m/ddp_reg.h:1487:38: warning: passing argument 1 of 'disp_addr_convert' makes integer from pointer without a cast
                 cmdqRecWrite(handle, disp_addr_convert(reg32), val, ~0); \
                                      ^
drivers/misc/mediatek/dispsys/mt6735/ddp_dsi.c:40:39: note: in expansion of macro 'DISP_REG_SET'
 #define DSI_OUTREG32(cmdq, addr, val) DISP_REG_SET(cmdq, addr,val)
                                       ^
drivers/misc/mediatek/dispsys/mt6735/ddp_dsi.c:1676:4: note: in expansion of macro 'DSI_OUTREG32'
    DSI_OUTREG32(cmdq, &DSI_REG[d]->DSI_START, 0);
    ^
/home/satory-ra/Android/kernel/android_kernel_oukitel_orange/drivers/misc/mediatek/dispsys/mt6735/mt6735m/ddp_reg.h:1395:29: note: expected 'long unsigned int' but argument is of type 'volatile struct DSI_START_REG *'
 static inline unsigned long disp_addr_convert(unsigned long va) 
                             ^
/home/satory-ra/Android/kernel/android_kernel_oukitel_orange/drivers/misc/mediatek/dispsys/mt6735/mt6735m/ddp_reg.h:1486:17: warning: passing argument 2 of 'dprec_reg_op' makes integer from pointer without a cast
                 dprec_reg_op(handle, reg32, val, 0x00000000);\
                 ^
drivers/misc/mediatek/dispsys/mt6735/ddp_dsi.c:40:39: note: in expansion of macro 'DISP_REG_SET'
 #define DSI_OUTREG32(cmdq, addr, val) DISP_REG_SET(cmdq, addr,val)
                                       ^
drivers/misc/mediatek/dispsys/mt6735/ddp_dsi.c:1677:4: note: in expansion of macro 'DSI_OUTREG32'
    DSI_OUTREG32(cmdq, &DSI_REG[d]->DSI_START, 1);
    ^
In file included from /home/satory-ra/Android/kernel/android_kernel_oukitel_orange/drivers/misc/mediatek/videox/mt6735/disp_drv_log.h:3:0,
                 from drivers/misc/mediatek/dispsys/mt6735/ddp_dsi.c:8:
/home/satory-ra/Android/kernel/android_kernel_oukitel_orange/drivers/misc/mediatek/dispsys/mt6735/display_recorder.h:136:6: note: expected 'unsigned int' but argument is of type 'volatile struct DSI_START_REG *'
 void dprec_reg_op(void* cmdq, unsigned int reg, unsigned int val, unsigned int mask);
      ^
In file included from drivers/misc/mediatek/dispsys/mt6735/ddp_dsi.c:31:0:
/home/satory-ra/Android/kernel/android_kernel_oukitel_orange/drivers/misc/mediatek/dispsys/mt6735/mt6735m/ddp_reg.h:1487:38: warning: passing argument 1 of 'disp_addr_convert' makes integer from pointer without a cast
                 cmdqRecWrite(handle, disp_addr_convert(reg32), val, ~0); \
                                      ^
drivers/misc/mediatek/dispsys/mt6735/ddp_dsi.c:40:39: note: in expansion of macro 'DISP_REG_SET'
 #define DSI_OUTREG32(cmdq, addr, val) DISP_REG_SET(cmdq, addr,val)
                                       ^
drivers/misc/mediatek/dispsys/mt6735/ddp_dsi.c:1677:4: note: in expansion of macro 'DSI_OUTREG32'
    DSI_OUTREG32(cmdq, &DSI_REG[d]->DSI_START, 1);
    ^
/home/satory-ra/Android/kernel/android_kernel_oukitel_orange/drivers/misc/mediatek/dispsys/mt6735/mt6735m/ddp_reg.h:1395:29: note: expected 'long unsigned int' but argument is of type 'volatile struct DSI_START_REG *'
 static inline unsigned long disp_addr_convert(unsigned long va) 
                             ^
In file included from drivers/misc/mediatek/connectivity/conn_soc/drv_wlan/mt_wifi/wlan/include/precomp.h:241:0,
                 from drivers/misc/mediatek/connectivity/conn_soc/drv_wlan/mt_wifi/wlan/mgmt/p2p_assoc.c:24:
drivers/misc/mediatek/connectivity/conn_soc/drv_wlan/mt_wifi/wlan/include/mgmt/scan.h:324:0: warning: "CFG_BATCH_MAX_MSCAN" redefined
 #define CFG_BATCH_MAX_MSCAN 4
 ^
/home/satory-ra/Android/kernel/android_kernel_oukitel_orange/drivers/misc/mediatek/dispsys/mt6735/mt6735m/ddp_reg.h:1413:3: warning: passing argument 2 of 'dprec_reg_op' makes integer from pointer without a cast
   dprec_reg_op(handle, reg32, val, mask);\
   ^
drivers/misc/mediatek/dispsys/mt6735/ddp_dsi.c:58:145: note: in expansion of macro 'DISP_REG_MASK'
   if(cmdq)  {*(unsigned int*)(&r) = ((unsigned int)0x00000000);r.bit = ~(r.bit);*(unsigned int*)(&v) = ((unsigned int)0x00000000);v.bit = value;DISP_REG_MASK(cmdq, &REG, AS_UINT32(&v), AS_UINT32(&r));}  \
                                                                                                                                                 ^
drivers/misc/mediatek/dispsys/mt6735/ddp_dsi.c:1691:6: note: in expansion of macro 'DSI_OUTREGBIT'
      DSI_OUTREGBIT(NULL, DSI_RACK_REG,DSI_REG[d]->DSI_RACK,DSI_RACK,1);
      ^
In file included from drivers/misc/mediatek/connectivity/conn_soc/drv_wlan/mt_wifi/wlan/os/linux/include/gl_os.h:584:0,
                 from drivers/misc/mediatek/connectivity/conn_soc/drv_wlan/mt_wifi/wlan/include/precomp.h:173,
                 from drivers/misc/mediatek/connectivity/conn_soc/drv_wlan/mt_wifi/wlan/mgmt/p2p_assoc.c:24:
drivers/misc/mediatek/connectivity/conn_soc/drv_wlan/mt_wifi/wlan/include/config.h:1585:0: note: this is the location of the previous definition
 #define CFG_BATCH_MAX_MSCAN                 2
 ^
In file included from /home/satory-ra/Android/kernel/android_kernel_oukitel_orange/drivers/misc/mediatek/videox/mt6735/disp_drv_log.h:3:0,
                 from drivers/misc/mediatek/dispsys/mt6735/ddp_dsi.c:8:
/home/satory-ra/Android/kernel/android_kernel_oukitel_orange/drivers/misc/mediatek/dispsys/mt6735/display_recorder.h:136:6: note: expected 'unsigned int' but argument is of type 'volatile struct DSI_RACK_REG *'
 void dprec_reg_op(void* cmdq, unsigned int reg, unsigned int val, unsigned int mask);
      ^
In file included from drivers/misc/mediatek/dispsys/mt6735/ddp_dsi.c:31:0:
/home/satory-ra/Android/kernel/android_kernel_oukitel_orange/drivers/misc/mediatek/dispsys/mt6735/mt6735m/ddp_reg.h:1420:25: warning: passing argument 1 of 'disp_addr_convert' makes integer from pointer without a cast
    cmdqRecWrite(handle, disp_addr_convert(reg32), val, mask); \
                         ^
drivers/misc/mediatek/dispsys/mt6735/ddp_dsi.c:58:145: note: in expansion of macro 'DISP_REG_MASK'
   if(cmdq)  {*(unsigned int*)(&r) = ((unsigned int)0x00000000);r.bit = ~(r.bit);*(unsigned int*)(&v) = ((unsigned int)0x00000000);v.bit = value;DISP_REG_MASK(cmdq, &REG, AS_UINT32(&v), AS_UINT32(&r));}  \
                                                                                                                                                 ^
drivers/misc/mediatek/dispsys/mt6735/ddp_dsi.c:1691:6: note: in expansion of macro 'DSI_OUTREGBIT'
      DSI_OUTREGBIT(NULL, DSI_RACK_REG,DSI_REG[d]->DSI_RACK,DSI_RACK,1);
      ^
/home/satory-ra/Android/kernel/android_kernel_oukitel_orange/drivers/misc/mediatek/dispsys/mt6735/mt6735m/ddp_reg.h:1395:29: note: expected 'long unsigned int' but argument is of type 'volatile struct DSI_RACK_REG *'
 static inline unsigned long disp_addr_convert(unsigned long va) 
                             ^
/home/satory-ra/Android/kernel/android_kernel_oukitel_orange/drivers/misc/mediatek/dispsys/mt6735/mt6735m/ddp_reg.h:1486:17: warning: passing argument 2 of 'dprec_reg_op' makes integer from pointer without a cast
                 dprec_reg_op(handle, reg32, val, 0x00000000);\
                 ^
drivers/misc/mediatek/dispsys/mt6735/ddp_dsi.c:59:63: note: in expansion of macro 'DISP_REG_SET'
   else{mt_reg_sync_writel(INREG32(&REG),&r);r.bit = (value);  DISP_REG_SET(cmdq, &REG, INREG32(&r));}    \
                                                               ^
drivers/misc/mediatek/dispsys/mt6735/ddp_dsi.c:1691:6: note: in expansion of macro 'DSI_OUTREGBIT'
      DSI_OUTREGBIT(NULL, DSI_RACK_REG,DSI_REG[d]->DSI_RACK,DSI_RACK,1);
      ^
In file included from /home/satory-ra/Android/kernel/android_kernel_oukitel_orange/drivers/misc/mediatek/videox/mt6735/disp_drv_log.h:3:0,
                 from drivers/misc/mediatek/dispsys/mt6735/ddp_dsi.c:8:
/home/satory-ra/Android/kernel/android_kernel_oukitel_orange/drivers/misc/mediatek/dispsys/mt6735/display_recorder.h:136:6: note: expected 'unsigned int' but argument is of type 'volatile struct DSI_RACK_REG *'
 void dprec_reg_op(void* cmdq, unsigned int reg, unsigned int val, unsigned int mask);
      ^
  CC      net/netfilter/xt_time.o
In file included from drivers/misc/mediatek/dispsys/mt6735/ddp_dsi.c:31:0:
/home/satory-ra/Android/kernel/android_kernel_oukitel_orange/drivers/misc/mediatek/dispsys/mt6735/mt6735m/ddp_reg.h:1487:38: warning: passing argument 1 of 'disp_addr_convert' makes integer from pointer without a cast
                 cmdqRecWrite(handle, disp_addr_convert(reg32), val, ~0); \
                                      ^
drivers/misc/mediatek/dispsys/mt6735/ddp_dsi.c:59:63: note: in expansion of macro 'DISP_REG_SET'
   else{mt_reg_sync_writel(INREG32(&REG),&r);r.bit = (value);  DISP_REG_SET(cmdq, &REG, INREG32(&r));}    \
                                                               ^
drivers/misc/mediatek/dispsys/mt6735/ddp_dsi.c:1691:6: note: in expansion of macro 'DSI_OUTREGBIT'
      DSI_OUTREGBIT(NULL, DSI_RACK_REG,DSI_REG[d]->DSI_RACK,DSI_RACK,1);
      ^
/home/satory-ra/Android/kernel/android_kernel_oukitel_orange/drivers/misc/mediatek/dispsys/mt6735/mt6735m/ddp_reg.h:1395:29: note: expected 'long unsigned int' but argument is of type 'volatile struct DSI_RACK_REG *'
 static inline unsigned long disp_addr_convert(unsigned long va) 
                             ^
/home/satory-ra/Android/kernel/android_kernel_oukitel_orange/drivers/misc/mediatek/dispsys/mt6735/mt6735m/ddp_reg.h:1413:3: warning: passing argument 2 of 'dprec_reg_op' makes integer from pointer without a cast
   dprec_reg_op(handle, reg32, val, mask);\
   ^
drivers/misc/mediatek/dispsys/mt6735/ddp_dsi.c:58:145: note: in expansion of macro 'DISP_REG_MASK'
   if(cmdq)  {*(unsigned int*)(&r) = ((unsigned int)0x00000000);r.bit = ~(r.bit);*(unsigned int*)(&v) = ((unsigned int)0x00000000);v.bit = value;DISP_REG_MASK(cmdq, &REG, AS_UINT32(&v), AS_UINT32(&r));}  \
                                                                                                                                                 ^
drivers/misc/mediatek/dispsys/mt6735/ddp_dsi.c:1702:5: note: in expansion of macro 'DSI_OUTREGBIT'
     DSI_OUTREGBIT(cmdq, DSI_RACK_REG,DSI_REG[d]->DSI_RACK,DSI_RACK,1);
     ^
In file included from /home/satory-ra/Android/kernel/android_kernel_oukitel_orange/drivers/misc/mediatek/videox/mt6735/disp_drv_log.h:3:0,
                 from drivers/misc/mediatek/dispsys/mt6735/ddp_dsi.c:8:
/home/satory-ra/Android/kernel/android_kernel_oukitel_orange/drivers/misc/mediatek/dispsys/mt6735/display_recorder.h:136:6: note: expected 'unsigned int' but argument is of type 'volatile struct DSI_RACK_REG *'
 void dprec_reg_op(void* cmdq, unsigned int reg, unsigned int val, unsigned int mask);
      ^
In file included from drivers/misc/mediatek/dispsys/mt6735/ddp_dsi.c:31:0:
/home/satory-ra/Android/kernel/android_kernel_oukitel_orange/drivers/misc/mediatek/dispsys/mt6735/mt6735m/ddp_reg.h:1420:25: warning: passing argument 1 of 'disp_addr_convert' makes integer from pointer without a cast
    cmdqRecWrite(handle, disp_addr_convert(reg32), val, mask); \
                         ^
drivers/misc/mediatek/dispsys/mt6735/ddp_dsi.c:58:145: note: in expansion of macro 'DISP_REG_MASK'
   if(cmdq)  {*(unsigned int*)(&r) = ((unsigned int)0x00000000);r.bit = ~(r.bit);*(unsigned int*)(&v) = ((unsigned int)0x00000000);v.bit = value;DISP_REG_MASK(cmdq, &REG, AS_UINT32(&v), AS_UINT32(&r));}  \
                                                                                                                                                 ^
drivers/misc/mediatek/dispsys/mt6735/ddp_dsi.c:1702:5: note: in expansion of macro 'DSI_OUTREGBIT'
     DSI_OUTREGBIT(cmdq, DSI_RACK_REG,DSI_REG[d]->DSI_RACK,DSI_RACK,1);
     ^
/home/satory-ra/Android/kernel/android_kernel_oukitel_orange/drivers/misc/mediatek/dispsys/mt6735/mt6735m/ddp_reg.h:1395:29: note: expected 'long unsigned int' but argument is of type 'volatile struct DSI_RACK_REG *'
 static inline unsigned long disp_addr_convert(unsigned long va) 
                             ^
/home/satory-ra/Android/kernel/android_kernel_oukitel_orange/drivers/misc/mediatek/dispsys/mt6735/mt6735m/ddp_reg.h:1486:17: warning: passing argument 2 of 'dprec_reg_op' makes integer from pointer without a cast
                 dprec_reg_op(handle, reg32, val, 0x00000000);\
                 ^
drivers/misc/mediatek/dispsys/mt6735/ddp_dsi.c:59:63: note: in expansion of macro 'DISP_REG_SET'
   else{mt_reg_sync_writel(INREG32(&REG),&r);r.bit = (value);  DISP_REG_SET(cmdq, &REG, INREG32(&r));}    \
                                                               ^
drivers/misc/mediatek/dispsys/mt6735/ddp_dsi.c:1702:5: note: in expansion of macro 'DSI_OUTREGBIT'
     DSI_OUTREGBIT(cmdq, DSI_RACK_REG,DSI_REG[d]->DSI_RACK,DSI_RACK,1);
     ^
In file included from /home/satory-ra/Android/kernel/android_kernel_oukitel_orange/drivers/misc/mediatek/videox/mt6735/disp_drv_log.h:3:0,
                 from drivers/misc/mediatek/dispsys/mt6735/ddp_dsi.c:8:
/home/satory-ra/Android/kernel/android_kernel_oukitel_orange/drivers/misc/mediatek/dispsys/mt6735/display_recorder.h:136:6: note: expected 'unsigned int' but argument is of type 'volatile struct DSI_RACK_REG *'
 void dprec_reg_op(void* cmdq, unsigned int reg, unsigned int val, unsigned int mask);
      ^
In file included from drivers/misc/mediatek/dispsys/mt6735/ddp_dsi.c:31:0:
/home/satory-ra/Android/kernel/android_kernel_oukitel_orange/drivers/misc/mediatek/dispsys/mt6735/mt6735m/ddp_reg.h:1487:38: warning: passing argument 1 of 'disp_addr_convert' makes integer from pointer without a cast
                 cmdqRecWrite(handle, disp_addr_convert(reg32), val, ~0); \
                                      ^
drivers/misc/mediatek/dispsys/mt6735/ddp_dsi.c:59:63: note: in expansion of macro 'DISP_REG_SET'
   else{mt_reg_sync_writel(INREG32(&REG),&r);r.bit = (value);  DISP_REG_SET(cmdq, &REG, INREG32(&r));}    \
                                                               ^
drivers/misc/mediatek/dispsys/mt6735/ddp_dsi.c:1702:5: note: in expansion of macro 'DSI_OUTREGBIT'
     DSI_OUTREGBIT(cmdq, DSI_RACK_REG,DSI_REG[d]->DSI_RACK,DSI_RACK,1);
     ^
/home/satory-ra/Android/kernel/android_kernel_oukitel_orange/drivers/misc/mediatek/dispsys/mt6735/mt6735m/ddp_reg.h:1395:29: note: expected 'long unsigned int' but argument is of type 'volatile struct DSI_RACK_REG *'
 static inline unsigned long disp_addr_convert(unsigned long va) 
                             ^
/home/satory-ra/Android/kernel/android_kernel_oukitel_orange/drivers/misc/mediatek/dispsys/mt6735/mt6735m/ddp_reg.h:1413:3: warning: passing argument 2 of 'dprec_reg_op' makes integer from pointer without a cast
   dprec_reg_op(handle, reg32, val, mask);\
   ^
drivers/misc/mediatek/dispsys/mt6735/ddp_dsi.c:58:145: note: in expansion of macro 'DISP_REG_MASK'
   if(cmdq)  {*(unsigned int*)(&r) = ((unsigned int)0x00000000);r.bit = ~(r.bit);*(unsigned int*)(&v) = ((unsigned int)0x00000000);v.bit = value;DISP_REG_MASK(cmdq, &REG, AS_UINT32(&v), AS_UINT32(&r));}  \
                                                                                                                                                 ^
drivers/misc/mediatek/dispsys/mt6735/ddp_dsi.c:1708:4: note: in expansion of macro 'DSI_OUTREGBIT'
    DSI_OUTREGBIT(cmdq, DSI_INT_ENABLE_REG,DSI_REG[d]->DSI_INTSTA,RD_RDY,0);
    ^
In file included from /home/satory-ra/Android/kernel/android_kernel_oukitel_orange/drivers/misc/mediatek/videox/mt6735/disp_drv_log.h:3:0,
                 from drivers/misc/mediatek/dispsys/mt6735/ddp_dsi.c:8:
/home/satory-ra/Android/kernel/android_kernel_oukitel_orange/drivers/misc/mediatek/dispsys/mt6735/display_recorder.h:136:6: note: expected 'unsigned int' but argument is of type 'volatile struct DSI_INT_STATUS_REG *'
 void dprec_reg_op(void* cmdq, unsigned int reg, unsigned int val, unsigned int mask);
      ^
  CC      drivers/misc/mediatek/connectivity/conn_soc/drv_wlan/mt_wifi/wlan/mgmt/p2p_bss.o
In file included from drivers/misc/mediatek/dispsys/mt6735/ddp_dsi.c:31:0:
/home/satory-ra/Android/kernel/android_kernel_oukitel_orange/drivers/misc/mediatek/dispsys/mt6735/mt6735m/ddp_reg.h:1420:25: warning: passing argument 1 of 'disp_addr_convert' makes integer from pointer without a cast
    cmdqRecWrite(handle, disp_addr_convert(reg32), val, mask); \
                         ^
drivers/misc/mediatek/dispsys/mt6735/ddp_dsi.c:58:145: note: in expansion of macro 'DISP_REG_MASK'
   if(cmdq)  {*(unsigned int*)(&r) = ((unsigned int)0x00000000);r.bit = ~(r.bit);*(unsigned int*)(&v) = ((unsigned int)0x00000000);v.bit = value;DISP_REG_MASK(cmdq, &REG, AS_UINT32(&v), AS_UINT32(&r));}  \
                                                                                                                                                 ^
drivers/misc/mediatek/dispsys/mt6735/ddp_dsi.c:1708:4: note: in expansion of macro 'DSI_OUTREGBIT'
    DSI_OUTREGBIT(cmdq, DSI_INT_ENABLE_REG,DSI_REG[d]->DSI_INTSTA,RD_RDY,0);
    ^
/home/satory-ra/Android/kernel/android_kernel_oukitel_orange/drivers/misc/mediatek/dispsys/mt6735/mt6735m/ddp_reg.h:1395:29: note: expected 'long unsigned int' but argument is of type 'volatile struct DSI_INT_STATUS_REG *'
 static inline unsigned long disp_addr_convert(unsigned long va) 
                             ^
/home/satory-ra/Android/kernel/android_kernel_oukitel_orange/drivers/misc/mediatek/dispsys/mt6735/mt6735m/ddp_reg.h:1486:17: warning: passing argument 2 of 'dprec_reg_op' makes integer from pointer without a cast
                 dprec_reg_op(handle, reg32, val, 0x00000000);\
                 ^
drivers/misc/mediatek/dispsys/mt6735/ddp_dsi.c:59:63: note: in expansion of macro 'DISP_REG_SET'
   else{mt_reg_sync_writel(INREG32(&REG),&r);r.bit = (value);  DISP_REG_SET(cmdq, &REG, INREG32(&r));}    \
                                                               ^
drivers/misc/mediatek/dispsys/mt6735/ddp_dsi.c:1708:4: note: in expansion of macro 'DSI_OUTREGBIT'
    DSI_OUTREGBIT(cmdq, DSI_INT_ENABLE_REG,DSI_REG[d]->DSI_INTSTA,RD_RDY,0);
    ^
In file included from /home/satory-ra/Android/kernel/android_kernel_oukitel_orange/drivers/misc/mediatek/videox/mt6735/disp_drv_log.h:3:0,
                 from drivers/misc/mediatek/dispsys/mt6735/ddp_dsi.c:8:
/home/satory-ra/Android/kernel/android_kernel_oukitel_orange/drivers/misc/mediatek/dispsys/mt6735/display_recorder.h:136:6: note: expected 'unsigned int' but argument is of type 'volatile struct DSI_INT_STATUS_REG *'
 void dprec_reg_op(void* cmdq, unsigned int reg, unsigned int val, unsigned int mask);
      ^
In file included from drivers/misc/mediatek/dispsys/mt6735/ddp_dsi.c:31:0:
/home/satory-ra/Android/kernel/android_kernel_oukitel_orange/drivers/misc/mediatek/dispsys/mt6735/mt6735m/ddp_reg.h:1487:38: warning: passing argument 1 of 'disp_addr_convert' makes integer from pointer without a cast
                 cmdqRecWrite(handle, disp_addr_convert(reg32), val, ~0); \
                                      ^
drivers/misc/mediatek/dispsys/mt6735/ddp_dsi.c:59:63: note: in expansion of macro 'DISP_REG_SET'
   else{mt_reg_sync_writel(INREG32(&REG),&r);r.bit = (value);  DISP_REG_SET(cmdq, &REG, INREG32(&r));}    \
                                                               ^
drivers/misc/mediatek/dispsys/mt6735/ddp_dsi.c:1708:4: note: in expansion of macro 'DSI_OUTREGBIT'
    DSI_OUTREGBIT(cmdq, DSI_INT_ENABLE_REG,DSI_REG[d]->DSI_INTSTA,RD_RDY,0);
    ^
/home/satory-ra/Android/kernel/android_kernel_oukitel_orange/drivers/misc/mediatek/dispsys/mt6735/mt6735m/ddp_reg.h:1395:29: note: expected 'long unsigned int' but argument is of type 'volatile struct DSI_INT_STATUS_REG *'
 static inline unsigned long disp_addr_convert(unsigned long va) 
                             ^
/home/satory-ra/Android/kernel/android_kernel_oukitel_orange/drivers/misc/mediatek/dispsys/mt6735/mt6735m/ddp_reg.h:1413:3: warning: passing argument 2 of 'dprec_reg_op' makes integer from pointer without a cast
   dprec_reg_op(handle, reg32, val, mask);\
   ^
drivers/misc/mediatek/dispsys/mt6735/ddp_dsi.c:58:145: note: in expansion of macro 'DISP_REG_MASK'
   if(cmdq)  {*(unsigned int*)(&r) = ((unsigned int)0x00000000);r.bit = ~(r.bit);*(unsigned int*)(&v) = ((unsigned int)0x00000000);v.bit = value;DISP_REG_MASK(cmdq, &REG, AS_UINT32(&v), AS_UINT32(&r));}  \
                                                                                                                                                 ^
drivers/misc/mediatek/dispsys/mt6735/ddp_dsi.c:1709:4: note: in expansion of macro 'DSI_OUTREGBIT'
    DSI_OUTREGBIT(cmdq, DSI_INT_ENABLE_REG,DSI_REG[d]->DSI_INTSTA,CMD_DONE,0);
    ^
In file included from /home/satory-ra/Android/kernel/android_kernel_oukitel_orange/drivers/misc/mediatek/videox/mt6735/disp_drv_log.h:3:0,
                 from drivers/misc/mediatek/dispsys/mt6735/ddp_dsi.c:8:
/home/satory-ra/Android/kernel/android_kernel_oukitel_orange/drivers/misc/mediatek/dispsys/mt6735/display_recorder.h:136:6: note: expected 'unsigned int' but argument is of type 'volatile struct DSI_INT_STATUS_REG *'
 void dprec_reg_op(void* cmdq, unsigned int reg, unsigned int val, unsigned int mask);
      ^
In file included from drivers/misc/mediatek/dispsys/mt6735/ddp_dsi.c:31:0:
/home/satory-ra/Android/kernel/android_kernel_oukitel_orange/drivers/misc/mediatek/dispsys/mt6735/mt6735m/ddp_reg.h:1420:25: warning: passing argument 1 of 'disp_addr_convert' makes integer from pointer without a cast
    cmdqRecWrite(handle, disp_addr_convert(reg32), val, mask); \
                         ^
drivers/misc/mediatek/dispsys/mt6735/ddp_dsi.c:58:145: note: in expansion of macro 'DISP_REG_MASK'
   if(cmdq)  {*(unsigned int*)(&r) = ((unsigned int)0x00000000);r.bit = ~(r.bit);*(unsigned int*)(&v) = ((unsigned int)0x00000000);v.bit = value;DISP_REG_MASK(cmdq, &REG, AS_UINT32(&v), AS_UINT32(&r));}  \
                                                                                                                                                 ^
drivers/misc/mediatek/dispsys/mt6735/ddp_dsi.c:1709:4: note: in expansion of macro 'DSI_OUTREGBIT'
    DSI_OUTREGBIT(cmdq, DSI_INT_ENABLE_REG,DSI_REG[d]->DSI_INTSTA,CMD_DONE,0);
    ^
/home/satory-ra/Android/kernel/android_kernel_oukitel_orange/drivers/misc/mediatek/dispsys/mt6735/mt6735m/ddp_reg.h:1395:29: note: expected 'long unsigned int' but argument is of type 'volatile struct DSI_INT_STATUS_REG *'
 static inline unsigned long disp_addr_convert(unsigned long va) 
                             ^
/home/satory-ra/Android/kernel/android_kernel_oukitel_orange/drivers/misc/mediatek/dispsys/mt6735/mt6735m/ddp_reg.h:1486:17: warning: passing argument 2 of 'dprec_reg_op' makes integer from pointer without a cast
                 dprec_reg_op(handle, reg32, val, 0x00000000);\
                 ^
drivers/misc/mediatek/dispsys/mt6735/ddp_dsi.c:59:63: note: in expansion of macro 'DISP_REG_SET'
   else{mt_reg_sync_writel(INREG32(&REG),&r);r.bit = (value);  DISP_REG_SET(cmdq, &REG, INREG32(&r));}    \
                                                               ^
drivers/misc/mediatek/dispsys/mt6735/ddp_dsi.c:1709:4: note: in expansion of macro 'DSI_OUTREGBIT'
    DSI_OUTREGBIT(cmdq, DSI_INT_ENABLE_REG,DSI_REG[d]->DSI_INTSTA,CMD_DONE,0);
    ^
In file included from /home/satory-ra/Android/kernel/android_kernel_oukitel_orange/drivers/misc/mediatek/videox/mt6735/disp_drv_log.h:3:0,
                 from drivers/misc/mediatek/dispsys/mt6735/ddp_dsi.c:8:
/home/satory-ra/Android/kernel/android_kernel_oukitel_orange/drivers/misc/mediatek/dispsys/mt6735/display_recorder.h:136:6: note: expected 'unsigned int' but argument is of type 'volatile struct DSI_INT_STATUS_REG *'
 void dprec_reg_op(void* cmdq, unsigned int reg, unsigned int val, unsigned int mask);
      ^
In file included from drivers/misc/mediatek/dispsys/mt6735/ddp_dsi.c:31:0:
/home/satory-ra/Android/kernel/android_kernel_oukitel_orange/drivers/misc/mediatek/dispsys/mt6735/mt6735m/ddp_reg.h:1487:38: warning: passing argument 1 of 'disp_addr_convert' makes integer from pointer without a cast
                 cmdqRecWrite(handle, disp_addr_convert(reg32), val, ~0); \
                                      ^
drivers/misc/mediatek/dispsys/mt6735/ddp_dsi.c:59:63: note: in expansion of macro 'DISP_REG_SET'
   else{mt_reg_sync_writel(INREG32(&REG),&r);r.bit = (value);  DISP_REG_SET(cmdq, &REG, INREG32(&r));}    \
                                                               ^
drivers/misc/mediatek/dispsys/mt6735/ddp_dsi.c:1709:4: note: in expansion of macro 'DSI_OUTREGBIT'
    DSI_OUTREGBIT(cmdq, DSI_INT_ENABLE_REG,DSI_REG[d]->DSI_INTSTA,CMD_DONE,0);
    ^
/home/satory-ra/Android/kernel/android_kernel_oukitel_orange/drivers/misc/mediatek/dispsys/mt6735/mt6735m/ddp_reg.h:1395:29: note: expected 'long unsigned int' but argument is of type 'volatile struct DSI_INT_STATUS_REG *'
 static inline unsigned long disp_addr_convert(unsigned long va) 
                             ^
/home/satory-ra/Android/kernel/android_kernel_oukitel_orange/drivers/misc/mediatek/dispsys/mt6735/mt6735m/ddp_reg.h:1486:17: warning: passing argument 2 of 'dprec_reg_op' makes integer from pointer without a cast
                 dprec_reg_op(handle, reg32, val, 0x00000000);\
                 ^
drivers/misc/mediatek/dispsys/mt6735/ddp_dsi.c:40:39: note: in expansion of macro 'DISP_REG_SET'
 #define DSI_OUTREG32(cmdq, addr, val) DISP_REG_SET(cmdq, addr,val)
                                       ^
drivers/misc/mediatek/dispsys/mt6735/ddp_dsi.c:1712:4: note: in expansion of macro 'DSI_OUTREG32'
    DSI_OUTREG32(cmdq, &read_data0, AS_UINT32(&DSI_REG[d]->DSI_RX_DATA0));
    ^
In file included from /home/satory-ra/Android/kernel/android_kernel_oukitel_orange/drivers/misc/mediatek/videox/mt6735/disp_drv_log.h:3:0,
                 from drivers/misc/mediatek/dispsys/mt6735/ddp_dsi.c:8:
/home/satory-ra/Android/kernel/android_kernel_oukitel_orange/drivers/misc/mediatek/dispsys/mt6735/display_recorder.h:136:6: note: expected 'unsigned int' but argument is of type 'struct DSI_RX_DATA_REG *'
 void dprec_reg_op(void* cmdq, unsigned int reg, unsigned int val, unsigned int mask);
      ^
In file included from drivers/misc/mediatek/dispsys/mt6735/ddp_dsi.c:31:0:
/home/satory-ra/Android/kernel/android_kernel_oukitel_orange/drivers/misc/mediatek/dispsys/mt6735/mt6735m/ddp_reg.h:1487:38: warning: passing argument 1 of 'disp_addr_convert' makes integer from pointer without a cast
                 cmdqRecWrite(handle, disp_addr_convert(reg32), val, ~0); \
                                      ^
drivers/misc/mediatek/dispsys/mt6735/ddp_dsi.c:40:39: note: in expansion of macro 'DISP_REG_SET'
 #define DSI_OUTREG32(cmdq, addr, val) DISP_REG_SET(cmdq, addr,val)
                                       ^
drivers/misc/mediatek/dispsys/mt6735/ddp_dsi.c:1712:4: note: in expansion of macro 'DSI_OUTREG32'
    DSI_OUTREG32(cmdq, &read_data0, AS_UINT32(&DSI_REG[d]->DSI_RX_DATA0));
    ^
/home/satory-ra/Android/kernel/android_kernel_oukitel_orange/drivers/misc/mediatek/dispsys/mt6735/mt6735m/ddp_reg.h:1395:29: note: expected 'long unsigned int' but argument is of type 'struct DSI_RX_DATA_REG *'
 static inline unsigned long disp_addr_convert(unsigned long va) 
                             ^
/home/satory-ra/Android/kernel/android_kernel_oukitel_orange/drivers/misc/mediatek/dispsys/mt6735/mt6735m/ddp_reg.h:1486:17: warning: passing argument 2 of 'dprec_reg_op' makes integer from pointer without a cast
                 dprec_reg_op(handle, reg32, val, 0x00000000);\
                 ^
drivers/misc/mediatek/dispsys/mt6735/ddp_dsi.c:40:39: note: in expansion of macro 'DISP_REG_SET'
 #define DSI_OUTREG32(cmdq, addr, val) DISP_REG_SET(cmdq, addr,val)
                                       ^
drivers/misc/mediatek/dispsys/mt6735/ddp_dsi.c:1713:4: note: in expansion of macro 'DSI_OUTREG32'
    DSI_OUTREG32(cmdq, &read_data1, AS_UINT32(&DSI_REG[d]->DSI_RX_DATA1));
    ^
In file included from /home/satory-ra/Android/kernel/android_kernel_oukitel_orange/drivers/misc/mediatek/videox/mt6735/disp_drv_log.h:3:0,
                 from drivers/misc/mediatek/dispsys/mt6735/ddp_dsi.c:8:
/home/satory-ra/Android/kernel/android_kernel_oukitel_orange/drivers/misc/mediatek/dispsys/mt6735/display_recorder.h:136:6: note: expected 'unsigned int' but argument is of type 'struct DSI_RX_DATA_REG *'
 void dprec_reg_op(void* cmdq, unsigned int reg, unsigned int val, unsigned int mask);
      ^
In file included from drivers/misc/mediatek/dispsys/mt6735/ddp_dsi.c:31:0:
/home/satory-ra/Android/kernel/android_kernel_oukitel_orange/drivers/misc/mediatek/dispsys/mt6735/mt6735m/ddp_reg.h:1487:38: warning: passing argument 1 of 'disp_addr_convert' makes integer from pointer without a cast
                 cmdqRecWrite(handle, disp_addr_convert(reg32), val, ~0); \
                                      ^
drivers/misc/mediatek/dispsys/mt6735/ddp_dsi.c:40:39: note: in expansion of macro 'DISP_REG_SET'
 #define DSI_OUTREG32(cmdq, addr, val) DISP_REG_SET(cmdq, addr,val)
                                       ^
drivers/misc/mediatek/dispsys/mt6735/ddp_dsi.c:1713:4: note: in expansion of macro 'DSI_OUTREG32'
    DSI_OUTREG32(cmdq, &read_data1, AS_UINT32(&DSI_REG[d]->DSI_RX_DATA1));
    ^
/home/satory-ra/Android/kernel/android_kernel_oukitel_orange/drivers/misc/mediatek/dispsys/mt6735/mt6735m/ddp_reg.h:1395:29: note: expected 'long unsigned int' but argument is of type 'struct DSI_RX_DATA_REG *'
 static inline unsigned long disp_addr_convert(unsigned long va) 
                             ^
/home/satory-ra/Android/kernel/android_kernel_oukitel_orange/drivers/misc/mediatek/dispsys/mt6735/mt6735m/ddp_reg.h:1486:17: warning: passing argument 2 of 'dprec_reg_op' makes integer from pointer without a cast
                 dprec_reg_op(handle, reg32, val, 0x00000000);\
                 ^
drivers/misc/mediatek/dispsys/mt6735/ddp_dsi.c:40:39: note: in expansion of macro 'DISP_REG_SET'
 #define DSI_OUTREG32(cmdq, addr, val) DISP_REG_SET(cmdq, addr,val)
                                       ^
drivers/misc/mediatek/dispsys/mt6735/ddp_dsi.c:1714:4: note: in expansion of macro 'DSI_OUTREG32'
    DSI_OUTREG32(cmdq, &read_data2, AS_UINT32(&DSI_REG[d]->DSI_RX_DATA2));
    ^
In file included from /home/satory-ra/Android/kernel/android_kernel_oukitel_orange/drivers/misc/mediatek/videox/mt6735/disp_drv_log.h:3:0,
                 from drivers/misc/mediatek/dispsys/mt6735/ddp_dsi.c:8:
/home/satory-ra/Android/kernel/android_kernel_oukitel_orange/drivers/misc/mediatek/dispsys/mt6735/display_recorder.h:136:6: note: expected 'unsigned int' but argument is of type 'struct DSI_RX_DATA_REG *'
 void dprec_reg_op(void* cmdq, unsigned int reg, unsigned int val, unsigned int mask);
      ^
In file included from drivers/misc/mediatek/dispsys/mt6735/ddp_dsi.c:31:0:
/home/satory-ra/Android/kernel/android_kernel_oukitel_orange/drivers/misc/mediatek/dispsys/mt6735/mt6735m/ddp_reg.h:1487:38: warning: passing argument 1 of 'disp_addr_convert' makes integer from pointer without a cast
                 cmdqRecWrite(handle, disp_addr_convert(reg32), val, ~0); \
                                      ^
drivers/misc/mediatek/dispsys/mt6735/ddp_dsi.c:40:39: note: in expansion of macro 'DISP_REG_SET'
 #define DSI_OUTREG32(cmdq, addr, val) DISP_REG_SET(cmdq, addr,val)
                                       ^
drivers/misc/mediatek/dispsys/mt6735/ddp_dsi.c:1714:4: note: in expansion of macro 'DSI_OUTREG32'
    DSI_OUTREG32(cmdq, &read_data2, AS_UINT32(&DSI_REG[d]->DSI_RX_DATA2));
    ^
/home/satory-ra/Android/kernel/android_kernel_oukitel_orange/drivers/misc/mediatek/dispsys/mt6735/mt6735m/ddp_reg.h:1395:29: note: expected 'long unsigned int' but argument is of type 'struct DSI_RX_DATA_REG *'
 static inline unsigned long disp_addr_convert(unsigned long va) 
                             ^
/home/satory-ra/Android/kernel/android_kernel_oukitel_orange/drivers/misc/mediatek/dispsys/mt6735/mt6735m/ddp_reg.h:1486:17: warning: passing argument 2 of 'dprec_reg_op' makes integer from pointer without a cast
                 dprec_reg_op(handle, reg32, val, 0x00000000);\
                 ^
drivers/misc/mediatek/dispsys/mt6735/ddp_dsi.c:40:39: note: in expansion of macro 'DISP_REG_SET'
 #define DSI_OUTREG32(cmdq, addr, val) DISP_REG_SET(cmdq, addr,val)
                                       ^
drivers/misc/mediatek/dispsys/mt6735/ddp_dsi.c:1715:4: note: in expansion of macro 'DSI_OUTREG32'
    DSI_OUTREG32(cmdq, &read_data3, AS_UINT32(&DSI_REG[d]->DSI_RX_DATA3));
    ^
In file included from /home/satory-ra/Android/kernel/android_kernel_oukitel_orange/drivers/misc/mediatek/videox/mt6735/disp_drv_log.h:3:0,
                 from drivers/misc/mediatek/dispsys/mt6735/ddp_dsi.c:8:
/home/satory-ra/Android/kernel/android_kernel_oukitel_orange/drivers/misc/mediatek/dispsys/mt6735/display_recorder.h:136:6: note: expected 'unsigned int' but argument is of type 'struct DSI_RX_DATA_REG *'
 void dprec_reg_op(void* cmdq, unsigned int reg, unsigned int val, unsigned int mask);
      ^
In file included from drivers/misc/mediatek/dispsys/mt6735/ddp_dsi.c:31:0:
/home/satory-ra/Android/kernel/android_kernel_oukitel_orange/drivers/misc/mediatek/dispsys/mt6735/mt6735m/ddp_reg.h:1487:38: warning: passing argument 1 of 'disp_addr_convert' makes integer from pointer without a cast
                 cmdqRecWrite(handle, disp_addr_convert(reg32), val, ~0); \
                                      ^
drivers/misc/mediatek/dispsys/mt6735/ddp_dsi.c:40:39: note: in expansion of macro 'DISP_REG_SET'
 #define DSI_OUTREG32(cmdq, addr, val) DISP_REG_SET(cmdq, addr,val)
                                       ^
drivers/misc/mediatek/dispsys/mt6735/ddp_dsi.c:1715:4: note: in expansion of macro 'DSI_OUTREG32'
    DSI_OUTREG32(cmdq, &read_data3, AS_UINT32(&DSI_REG[d]->DSI_RX_DATA3));
    ^
/home/satory-ra/Android/kernel/android_kernel_oukitel_orange/drivers/misc/mediatek/dispsys/mt6735/mt6735m/ddp_reg.h:1395:29: note: expected 'long unsigned int' but argument is of type 'struct DSI_RX_DATA_REG *'
 static inline unsigned long disp_addr_convert(unsigned long va) 
                             ^
drivers/misc/mediatek/dispsys/mt6735/ddp_dsi.c: In function 'DSI_set_null':
/home/satory-ra/Android/kernel/android_kernel_oukitel_orange/drivers/misc/mediatek/dispsys/mt6735/mt6735m/ddp_reg.h:1486:17: warning: passing argument 2 of 'dprec_reg_op' makes integer from pointer without a cast
                 dprec_reg_op(handle, reg32, val, 0x00000000);\
                 ^
drivers/misc/mediatek/dispsys/mt6735/ddp_dsi.c:40:39: note: in expansion of macro 'DISP_REG_SET'
 #define DSI_OUTREG32(cmdq, addr, val) DISP_REG_SET(cmdq, addr,val)
                                       ^
drivers/misc/mediatek/dispsys/mt6735/ddp_dsi.c:1811:4: note: in expansion of macro 'DSI_OUTREG32'
    DSI_OUTREG32(cmdq, &DSI_CMDQ_REG[d]->data[0], AS_UINT32(&t2));
    ^
In file included from /home/satory-ra/Android/kernel/android_kernel_oukitel_orange/drivers/misc/mediatek/videox/mt6735/disp_drv_log.h:3:0,
                 from drivers/misc/mediatek/dispsys/mt6735/ddp_dsi.c:8:
/home/satory-ra/Android/kernel/android_kernel_oukitel_orange/drivers/misc/mediatek/dispsys/mt6735/display_recorder.h:136:6: note: expected 'unsigned int' but argument is of type 'struct DSI_CMDQ *'
 void dprec_reg_op(void* cmdq, unsigned int reg, unsigned int val, unsigned int mask);
      ^
In file included from drivers/misc/mediatek/dispsys/mt6735/ddp_dsi.c:31:0:
/home/satory-ra/Android/kernel/android_kernel_oukitel_orange/drivers/misc/mediatek/dispsys/mt6735/mt6735m/ddp_reg.h:1487:38: warning: passing argument 1 of 'disp_addr_convert' makes integer from pointer without a cast
                 cmdqRecWrite(handle, disp_addr_convert(reg32), val, ~0); \
                                      ^
drivers/misc/mediatek/dispsys/mt6735/ddp_dsi.c:40:39: note: in expansion of macro 'DISP_REG_SET'
 #define DSI_OUTREG32(cmdq, addr, val) DISP_REG_SET(cmdq, addr,val)
                                       ^
drivers/misc/mediatek/dispsys/mt6735/ddp_dsi.c:1811:4: note: in expansion of macro 'DSI_OUTREG32'
    DSI_OUTREG32(cmdq, &DSI_CMDQ_REG[d]->data[0], AS_UINT32(&t2));
    ^
/home/satory-ra/Android/kernel/android_kernel_oukitel_orange/drivers/misc/mediatek/dispsys/mt6735/mt6735m/ddp_reg.h:1395:29: note: expected 'long unsigned int' but argument is of type 'struct DSI_CMDQ *'
 static inline unsigned long disp_addr_convert(unsigned long va) 
                             ^
/home/satory-ra/Android/kernel/android_kernel_oukitel_orange/drivers/misc/mediatek/dispsys/mt6735/mt6735m/ddp_reg.h:1486:17: warning: passing argument 2 of 'dprec_reg_op' makes integer from pointer without a cast
                 dprec_reg_op(handle, reg32, val, 0x00000000);\
                 ^
drivers/misc/mediatek/dispsys/mt6735/ddp_dsi.c:40:39: note: in expansion of macro 'DISP_REG_SET'
 #define DSI_OUTREG32(cmdq, addr, val) DISP_REG_SET(cmdq, addr,val)
                                       ^
drivers/misc/mediatek/dispsys/mt6735/ddp_dsi.c:1825:4: note: in expansion of macro 'DSI_OUTREG32'
    DSI_OUTREG32(cmdq, &DSI_REG[d]->DSI_CMDQ_SIZE, 1+(count)/4);
    ^
In file included from /home/satory-ra/Android/kernel/android_kernel_oukitel_orange/drivers/misc/mediatek/videox/mt6735/disp_drv_log.h:3:0,
                 from drivers/misc/mediatek/dispsys/mt6735/ddp_dsi.c:8:
/home/satory-ra/Android/kernel/android_kernel_oukitel_orange/drivers/misc/mediatek/dispsys/mt6735/display_recorder.h:136:6: note: expected 'unsigned int' but argument is of type 'volatile struct DSI_CMDQ_CTRL_REG *'
 void dprec_reg_op(void* cmdq, unsigned int reg, unsigned int val, unsigned int mask);
      ^
In file included from drivers/misc/mediatek/dispsys/mt6735/ddp_dsi.c:31:0:
/home/satory-ra/Android/kernel/android_kernel_oukitel_orange/drivers/misc/mediatek/dispsys/mt6735/mt6735m/ddp_reg.h:1487:38: warning: passing argument 1 of 'disp_addr_convert' makes integer from pointer without a cast
                 cmdqRecWrite(handle, disp_addr_convert(reg32), val, ~0); \
                                      ^
drivers/misc/mediatek/dispsys/mt6735/ddp_dsi.c:40:39: note: in expansion of macro 'DISP_REG_SET'
 #define DSI_OUTREG32(cmdq, addr, val) DISP_REG_SET(cmdq, addr,val)
                                       ^
drivers/misc/mediatek/dispsys/mt6735/ddp_dsi.c:1825:4: note: in expansion of macro 'DSI_OUTREG32'
    DSI_OUTREG32(cmdq, &DSI_REG[d]->DSI_CMDQ_SIZE, 1+(count)/4);
    ^
/home/satory-ra/Android/kernel/android_kernel_oukitel_orange/drivers/misc/mediatek/dispsys/mt6735/mt6735m/ddp_reg.h:1395:29: note: expected 'long unsigned int' but argument is of type 'volatile struct DSI_CMDQ_CTRL_REG *'
 static inline unsigned long disp_addr_convert(unsigned long va) 
                             ^
drivers/misc/mediatek/dispsys/mt6735/ddp_dsi.c:1793:13: warning: unused variable 't0' [-Wunused-variable]
  DSI_T0_INS t0;
             ^
In file included from drivers/misc/mediatek/dispsys/mt6735/ddp_dsi.c:31:0:
drivers/misc/mediatek/dispsys/mt6735/ddp_dsi.c: In function 'DSI_set_cmdq_V2':
/home/satory-ra/Android/kernel/android_kernel_oukitel_orange/drivers/misc/mediatek/dispsys/mt6735/mt6735m/ddp_reg.h:1486:17: warning: passing argument 2 of 'dprec_reg_op' makes integer from pointer without a cast
                 dprec_reg_op(handle, reg32, val, 0x00000000);\
                 ^
drivers/misc/mediatek/dispsys/mt6735/ddp_dsi.c:40:39: note: in expansion of macro 'DISP_REG_SET'
 #define DSI_OUTREG32(cmdq, addr, val) DISP_REG_SET(cmdq, addr,val)
                                       ^
drivers/misc/mediatek/dispsys/mt6735/ddp_dsi.c:1859:6: note: in expansion of macro 'DSI_OUTREG32'
      DSI_OUTREG32(cmdq, &DSI_REG[d]->DSI_VM_CMD_CON, AS_UINT32(&vm_cmdq));
      ^
In file included from /home/satory-ra/Android/kernel/android_kernel_oukitel_orange/drivers/misc/mediatek/videox/mt6735/disp_drv_log.h:3:0,
                 from drivers/misc/mediatek/dispsys/mt6735/ddp_dsi.c:8:
/home/satory-ra/Android/kernel/android_kernel_oukitel_orange/drivers/misc/mediatek/dispsys/mt6735/display_recorder.h:136:6: note: expected 'unsigned int' but argument is of type 'volatile struct DSI_VM_CMD_CON_REG *'
 void dprec_reg_op(void* cmdq, unsigned int reg, unsigned int val, unsigned int mask);
      ^
In file included from drivers/misc/mediatek/dispsys/mt6735/ddp_dsi.c:31:0:
/home/satory-ra/Android/kernel/android_kernel_oukitel_orange/drivers/misc/mediatek/dispsys/mt6735/mt6735m/ddp_reg.h:1487:38: warning: passing argument 1 of 'disp_addr_convert' makes integer from pointer without a cast
                 cmdqRecWrite(handle, disp_addr_convert(reg32), val, ~0); \
                                      ^
drivers/misc/mediatek/dispsys/mt6735/ddp_dsi.c:40:39: note: in expansion of macro 'DISP_REG_SET'
 #define DSI_OUTREG32(cmdq, addr, val) DISP_REG_SET(cmdq, addr,val)
                                       ^
drivers/misc/mediatek/dispsys/mt6735/ddp_dsi.c:1859:6: note: in expansion of macro 'DSI_OUTREG32'
      DSI_OUTREG32(cmdq, &DSI_REG[d]->DSI_VM_CMD_CON, AS_UINT32(&vm_cmdq));
      ^
/home/satory-ra/Android/kernel/android_kernel_oukitel_orange/drivers/misc/mediatek/dispsys/mt6735/mt6735m/ddp_reg.h:1395:29: note: expected 'long unsigned int' but argument is of type 'volatile struct DSI_VM_CMD_CON_REG *'
 static inline unsigned long disp_addr_convert(unsigned long va) 
                             ^
/home/satory-ra/Android/kernel/android_kernel_oukitel_orange/drivers/misc/mediatek/dispsys/mt6735/mt6735m/ddp_reg.h:1486:17: warning: passing argument 2 of 'dprec_reg_op' makes integer from pointer without a cast
                 dprec_reg_op(handle, reg32, val, 0x00000000);\
                 ^
drivers/misc/mediatek/dispsys/mt6735/ddp_dsi.c:40:39: note: in expansion of macro 'DISP_REG_SET'
 #define DSI_OUTREG32(cmdq, addr, val) DISP_REG_SET(cmdq, addr,val)
                                       ^
drivers/misc/mediatek/dispsys/mt6735/ddp_dsi.c:1888:6: note: in expansion of macro 'DSI_OUTREG32'
      DSI_OUTREG32(cmdq, &DSI_REG[d]->DSI_VM_CMD_CON, AS_UINT32(&vm_cmdq));
      ^
In file included from /home/satory-ra/Android/kernel/android_kernel_oukitel_orange/drivers/misc/mediatek/videox/mt6735/disp_drv_log.h:3:0,
                 from drivers/misc/mediatek/dispsys/mt6735/ddp_dsi.c:8:
/home/satory-ra/Android/kernel/android_kernel_oukitel_orange/drivers/misc/mediatek/dispsys/mt6735/display_recorder.h:136:6: note: expected 'unsigned int' but argument is of type 'volatile struct DSI_VM_CMD_CON_REG *'
 void dprec_reg_op(void* cmdq, unsigned int reg, unsigned int val, unsigned int mask);
      ^
In file included from drivers/misc/mediatek/dispsys/mt6735/ddp_dsi.c:31:0:
/home/satory-ra/Android/kernel/android_kernel_oukitel_orange/drivers/misc/mediatek/dispsys/mt6735/mt6735m/ddp_reg.h:1487:38: warning: passing argument 1 of 'disp_addr_convert' makes integer from pointer without a cast
                 cmdqRecWrite(handle, disp_addr_convert(reg32), val, ~0); \
                                      ^
drivers/misc/mediatek/dispsys/mt6735/ddp_dsi.c:40:39: note: in expansion of macro 'DISP_REG_SET'
 #define DSI_OUTREG32(cmdq, addr, val) DISP_REG_SET(cmdq, addr,val)
                                       ^
drivers/misc/mediatek/dispsys/mt6735/ddp_dsi.c:1888:6: note: in expansion of macro 'DSI_OUTREG32'
      DSI_OUTREG32(cmdq, &DSI_REG[d]->DSI_VM_CMD_CON, AS_UINT32(&vm_cmdq));
      ^
/home/satory-ra/Android/kernel/android_kernel_oukitel_orange/drivers/misc/mediatek/dispsys/mt6735/mt6735m/ddp_reg.h:1395:29: note: expected 'long unsigned int' but argument is of type 'volatile struct DSI_VM_CMD_CON_REG *'
 static inline unsigned long disp_addr_convert(unsigned long va) 
                             ^
/home/satory-ra/Android/kernel/android_kernel_oukitel_orange/drivers/misc/mediatek/dispsys/mt6735/mt6735m/ddp_reg.h:1486:17: warning: passing argument 2 of 'dprec_reg_op' makes integer from pointer without a cast
                 dprec_reg_op(handle, reg32, val, 0x00000000);\
                 ^
drivers/misc/mediatek/dispsys/mt6735/ddp_dsi.c:40:39: note: in expansion of macro 'DISP_REG_SET'
 #define DSI_OUTREG32(cmdq, addr, val) DISP_REG_SET(cmdq, addr,val)
                                       ^
drivers/misc/mediatek/dispsys/mt6735/ddp_dsi.c:1898:6: note: in expansion of macro 'DSI_OUTREG32'
      DSI_OUTREG32(cmdq, &DSI_REG[d]->DSI_VM_CMD_CON, AS_UINT32(&vm_cmdq));
      ^
In file included from /home/satory-ra/Android/kernel/android_kernel_oukitel_orange/drivers/misc/mediatek/videox/mt6735/disp_drv_log.h:3:0,
                 from drivers/misc/mediatek/dispsys/mt6735/ddp_dsi.c:8:
/home/satory-ra/Android/kernel/android_kernel_oukitel_orange/drivers/misc/mediatek/dispsys/mt6735/display_recorder.h:136:6: note: expected 'unsigned int' but argument is of type 'volatile struct DSI_VM_CMD_CON_REG *'
 void dprec_reg_op(void* cmdq, unsigned int reg, unsigned int val, unsigned int mask);
      ^
In file included from drivers/misc/mediatek/dispsys/mt6735/ddp_dsi.c:31:0:
/home/satory-ra/Android/kernel/android_kernel_oukitel_orange/drivers/misc/mediatek/dispsys/mt6735/mt6735m/ddp_reg.h:1487:38: warning: passing argument 1 of 'disp_addr_convert' makes integer from pointer without a cast
                 cmdqRecWrite(handle, disp_addr_convert(reg32), val, ~0); \
                                      ^
drivers/misc/mediatek/dispsys/mt6735/ddp_dsi.c:40:39: note: in expansion of macro 'DISP_REG_SET'
 #define DSI_OUTREG32(cmdq, addr, val) DISP_REG_SET(cmdq, addr,val)
                                       ^
drivers/misc/mediatek/dispsys/mt6735/ddp_dsi.c:1898:6: note: in expansion of macro 'DSI_OUTREG32'
      DSI_OUTREG32(cmdq, &DSI_REG[d]->DSI_VM_CMD_CON, AS_UINT32(&vm_cmdq));
      ^
/home/satory-ra/Android/kernel/android_kernel_oukitel_orange/drivers/misc/mediatek/dispsys/mt6735/mt6735m/ddp_reg.h:1395:29: note: expected 'long unsigned int' but argument is of type 'volatile struct DSI_VM_CMD_CON_REG *'
 static inline unsigned long disp_addr_convert(unsigned long va) 
                             ^
/home/satory-ra/Android/kernel/android_kernel_oukitel_orange/drivers/misc/mediatek/dispsys/mt6735/mt6735m/ddp_reg.h:1486:17: warning: passing argument 2 of 'dprec_reg_op' makes integer from pointer without a cast
                 dprec_reg_op(handle, reg32, val, 0x00000000);\
                 ^
drivers/misc/mediatek/dispsys/mt6735/ddp_dsi.c:40:39: note: in expansion of macro 'DISP_REG_SET'
 #define DSI_OUTREG32(cmdq, addr, val) DISP_REG_SET(cmdq, addr,val)
                                       ^
drivers/misc/mediatek/dispsys/mt6735/ddp_dsi.c:1927:6: note: in expansion of macro 'DSI_OUTREG32'
      DSI_OUTREG32(cmdq, &DSI_REG[d]->DSI_VM_CMD_CON, AS_UINT32(&vm_cmdq));
      ^
In file included from /home/satory-ra/Android/kernel/android_kernel_oukitel_orange/drivers/misc/mediatek/videox/mt6735/disp_drv_log.h:3:0,
                 from drivers/misc/mediatek/dispsys/mt6735/ddp_dsi.c:8:
/home/satory-ra/Android/kernel/android_kernel_oukitel_orange/drivers/misc/mediatek/dispsys/mt6735/display_recorder.h:136:6: note: expected 'unsigned int' but argument is of type 'volatile struct DSI_VM_CMD_CON_REG *'
 void dprec_reg_op(void* cmdq, unsigned int reg, unsigned int val, unsigned int mask);
      ^
In file included from drivers/misc/mediatek/dispsys/mt6735/ddp_dsi.c:31:0:
/home/satory-ra/Android/kernel/android_kernel_oukitel_orange/drivers/misc/mediatek/dispsys/mt6735/mt6735m/ddp_reg.h:1487:38: warning: passing argument 1 of 'disp_addr_convert' makes integer from pointer without a cast
                 cmdqRecWrite(handle, disp_addr_convert(reg32), val, ~0); \
                                      ^
drivers/misc/mediatek/dispsys/mt6735/ddp_dsi.c:40:39: note: in expansion of macro 'DISP_REG_SET'
 #define DSI_OUTREG32(cmdq, addr, val) DISP_REG_SET(cmdq, addr,val)
                                       ^
drivers/misc/mediatek/dispsys/mt6735/ddp_dsi.c:1927:6: note: in expansion of macro 'DSI_OUTREG32'
      DSI_OUTREG32(cmdq, &DSI_REG[d]->DSI_VM_CMD_CON, AS_UINT32(&vm_cmdq));
      ^
/home/satory-ra/Android/kernel/android_kernel_oukitel_orange/drivers/misc/mediatek/dispsys/mt6735/mt6735m/ddp_reg.h:1395:29: note: expected 'long unsigned int' but argument is of type 'volatile struct DSI_VM_CMD_CON_REG *'
 static inline unsigned long disp_addr_convert(unsigned long va) 
                             ^
/home/satory-ra/Android/kernel/android_kernel_oukitel_orange/drivers/misc/mediatek/dispsys/mt6735/mt6735m/ddp_reg.h:1486:17: warning: passing argument 2 of 'dprec_reg_op' makes integer from pointer without a cast
                 dprec_reg_op(handle, reg32, val, 0x00000000);\
                 ^
drivers/misc/mediatek/dispsys/mt6735/ddp_dsi.c:40:39: note: in expansion of macro 'DISP_REG_SET'
 #define DSI_OUTREG32(cmdq, addr, val) DISP_REG_SET(cmdq, addr,val)
                                       ^
drivers/misc/mediatek/dispsys/mt6735/ddp_dsi.c:1948:5: note: in expansion of macro 'DSI_OUTREG32'
     DSI_OUTREG32(cmdq, &DSI_CMDQ_REG[d]->data[0], AS_UINT32(&t2));
     ^
In file included from /home/satory-ra/Android/kernel/android_kernel_oukitel_orange/drivers/misc/mediatek/videox/mt6735/disp_drv_log.h:3:0,
                 from drivers/misc/mediatek/dispsys/mt6735/ddp_dsi.c:8:
/home/satory-ra/Android/kernel/android_kernel_oukitel_orange/drivers/misc/mediatek/dispsys/mt6735/display_recorder.h:136:6: note: expected 'unsigned int' but argument is of type 'struct DSI_CMDQ *'
 void dprec_reg_op(void* cmdq, unsigned int reg, unsigned int val, unsigned int mask);
      ^
In file included from drivers/misc/mediatek/dispsys/mt6735/ddp_dsi.c:31:0:
/home/satory-ra/Android/kernel/android_kernel_oukitel_orange/drivers/misc/mediatek/dispsys/mt6735/mt6735m/ddp_reg.h:1487:38: warning: passing argument 1 of 'disp_addr_convert' makes integer from pointer without a cast
                 cmdqRecWrite(handle, disp_addr_convert(reg32), val, ~0); \
                                      ^
drivers/misc/mediatek/dispsys/mt6735/ddp_dsi.c:40:39: note: in expansion of macro 'DISP_REG_SET'
 #define DSI_OUTREG32(cmdq, addr, val) DISP_REG_SET(cmdq, addr,val)
                                       ^
drivers/misc/mediatek/dispsys/mt6735/ddp_dsi.c:1948:5: note: in expansion of macro 'DSI_OUTREG32'
     DSI_OUTREG32(cmdq, &DSI_CMDQ_REG[d]->data[0], AS_UINT32(&t2));
     ^
/home/satory-ra/Android/kernel/android_kernel_oukitel_orange/drivers/misc/mediatek/dispsys/mt6735/mt6735m/ddp_reg.h:1395:29: note: expected 'long unsigned int' but argument is of type 'struct DSI_CMDQ *'
 static inline unsigned long disp_addr_convert(unsigned long va) 
                             ^
/home/satory-ra/Android/kernel/android_kernel_oukitel_orange/drivers/misc/mediatek/dispsys/mt6735/mt6735m/ddp_reg.h:1486:17: warning: passing argument 2 of 'dprec_reg_op' makes integer from pointer without a cast
                 dprec_reg_op(handle, reg32, val, 0x00000000);\
                 ^
drivers/misc/mediatek/dispsys/mt6735/ddp_dsi.c:40:39: note: in expansion of macro 'DISP_REG_SET'
 #define DSI_OUTREG32(cmdq, addr, val) DISP_REG_SET(cmdq, addr,val)
                                       ^
drivers/misc/mediatek/dispsys/mt6735/ddp_dsi.c:1967:5: note: in expansion of macro 'DSI_OUTREG32'
     DSI_OUTREG32(cmdq, &DSI_REG[d]->DSI_CMDQ_SIZE, 2+(count)/4);
     ^
In file included from /home/satory-ra/Android/kernel/android_kernel_oukitel_orange/drivers/misc/mediatek/videox/mt6735/disp_drv_log.h:3:0,
                 from drivers/misc/mediatek/dispsys/mt6735/ddp_dsi.c:8:
/home/satory-ra/Android/kernel/android_kernel_oukitel_orange/drivers/misc/mediatek/dispsys/mt6735/display_recorder.h:136:6: note: expected 'unsigned int' but argument is of type 'volatile struct DSI_CMDQ_CTRL_REG *'
 void dprec_reg_op(void* cmdq, unsigned int reg, unsigned int val, unsigned int mask);
      ^
In file included from drivers/misc/mediatek/dispsys/mt6735/ddp_dsi.c:31:0:
/home/satory-ra/Android/kernel/android_kernel_oukitel_orange/drivers/misc/mediatek/dispsys/mt6735/mt6735m/ddp_reg.h:1487:38: warning: passing argument 1 of 'disp_addr_convert' makes integer from pointer without a cast
                 cmdqRecWrite(handle, disp_addr_convert(reg32), val, ~0); \
                                      ^
drivers/misc/mediatek/dispsys/mt6735/ddp_dsi.c:40:39: note: in expansion of macro 'DISP_REG_SET'
 #define DSI_OUTREG32(cmdq, addr, val) DISP_REG_SET(cmdq, addr,val)
                                       ^
drivers/misc/mediatek/dispsys/mt6735/ddp_dsi.c:1967:5: note: in expansion of macro 'DSI_OUTREG32'
     DSI_OUTREG32(cmdq, &DSI_REG[d]->DSI_CMDQ_SIZE, 2+(count)/4);
     ^
/home/satory-ra/Android/kernel/android_kernel_oukitel_orange/drivers/misc/mediatek/dispsys/mt6735/mt6735m/ddp_reg.h:1395:29: note: expected 'long unsigned int' but argument is of type 'volatile struct DSI_CMDQ_CTRL_REG *'
 static inline unsigned long disp_addr_convert(unsigned long va) 
                             ^
drivers/misc/mediatek/dispsys/mt6735/ddp_dsi.c:1943:14: warning: unused variable 'cmd_data' [-Wunused-variable]
     DSI_CMDQ cmd_data;
              ^
In file included from drivers/misc/mediatek/dispsys/mt6735/ddp_dsi.c:31:0:
/home/satory-ra/Android/kernel/android_kernel_oukitel_orange/drivers/misc/mediatek/dispsys/mt6735/mt6735m/ddp_reg.h:1486:17: warning: passing argument 2 of 'dprec_reg_op' makes integer from pointer without a cast
                 dprec_reg_op(handle, reg32, val, 0x00000000);\
                 ^
drivers/misc/mediatek/dispsys/mt6735/ddp_dsi.c:40:39: note: in expansion of macro 'DISP_REG_SET'
 #define DSI_OUTREG32(cmdq, addr, val) DISP_REG_SET(cmdq, addr,val)
                                       ^
drivers/misc/mediatek/dispsys/mt6735/ddp_dsi.c:1985:5: note: in expansion of macro 'DSI_OUTREG32'
     DSI_OUTREG32(cmdq, &DSI_CMDQ_REG[d]->data[0], AS_UINT32(&t0));
     ^
In file included from /home/satory-ra/Android/kernel/android_kernel_oukitel_orange/drivers/misc/mediatek/videox/mt6735/disp_drv_log.h:3:0,
                 from drivers/misc/mediatek/dispsys/mt6735/ddp_dsi.c:8:
/home/satory-ra/Android/kernel/android_kernel_oukitel_orange/drivers/misc/mediatek/dispsys/mt6735/display_recorder.h:136:6: note: expected 'unsigned int' but argument is of type 'struct DSI_CMDQ *'
 void dprec_reg_op(void* cmdq, unsigned int reg, unsigned int val, unsigned int mask);
      ^
In file included from drivers/misc/mediatek/dispsys/mt6735/ddp_dsi.c:31:0:
/home/satory-ra/Android/kernel/android_kernel_oukitel_orange/drivers/misc/mediatek/dispsys/mt6735/mt6735m/ddp_reg.h:1487:38: warning: passing argument 1 of 'disp_addr_convert' makes integer from pointer without a cast
                 cmdqRecWrite(handle, disp_addr_convert(reg32), val, ~0); \
                                      ^
drivers/misc/mediatek/dispsys/mt6735/ddp_dsi.c:40:39: note: in expansion of macro 'DISP_REG_SET'
 #define DSI_OUTREG32(cmdq, addr, val) DISP_REG_SET(cmdq, addr,val)
                                       ^
drivers/misc/mediatek/dispsys/mt6735/ddp_dsi.c:1985:5: note: in expansion of macro 'DSI_OUTREG32'
     DSI_OUTREG32(cmdq, &DSI_CMDQ_REG[d]->data[0], AS_UINT32(&t0));
     ^
/home/satory-ra/Android/kernel/android_kernel_oukitel_orange/drivers/misc/mediatek/dispsys/mt6735/mt6735m/ddp_reg.h:1395:29: note: expected 'long unsigned int' but argument is of type 'struct DSI_CMDQ *'
 static inline unsigned long disp_addr_convert(unsigned long va) 
                             ^
/home/satory-ra/Android/kernel/android_kernel_oukitel_orange/drivers/misc/mediatek/dispsys/mt6735/mt6735m/ddp_reg.h:1486:17: warning: passing argument 2 of 'dprec_reg_op' makes integer from pointer without a cast
                 dprec_reg_op(handle, reg32, val, 0x00000000);\
                 ^
drivers/misc/mediatek/dispsys/mt6735/ddp_dsi.c:40:39: note: in expansion of macro 'DISP_REG_SET'
 #define DSI_OUTREG32(cmdq, addr, val) DISP_REG_SET(cmdq, addr,val)
                                       ^
drivers/misc/mediatek/dispsys/mt6735/ddp_dsi.c:1987:5: note: in expansion of macro 'DSI_OUTREG32'
     DSI_OUTREG32(cmdq, &DSI_REG[d]->DSI_CMDQ_SIZE, 1);
     ^
In file included from /home/satory-ra/Android/kernel/android_kernel_oukitel_orange/drivers/misc/mediatek/videox/mt6735/disp_drv_log.h:3:0,
                 from drivers/misc/mediatek/dispsys/mt6735/ddp_dsi.c:8:
/home/satory-ra/Android/kernel/android_kernel_oukitel_orange/drivers/misc/mediatek/dispsys/mt6735/display_recorder.h:136:6: note: expected 'unsigned int' but argument is of type 'volatile struct DSI_CMDQ_CTRL_REG *'
 void dprec_reg_op(void* cmdq, unsigned int reg, unsigned int val, unsigned int mask);
      ^
In file included from drivers/misc/mediatek/dispsys/mt6735/ddp_dsi.c:31:0:
/home/satory-ra/Android/kernel/android_kernel_oukitel_orange/drivers/misc/mediatek/dispsys/mt6735/mt6735m/ddp_reg.h:1487:38: warning: passing argument 1 of 'disp_addr_convert' makes integer from pointer without a cast
                 cmdqRecWrite(handle, disp_addr_convert(reg32), val, ~0); \
                                      ^
drivers/misc/mediatek/dispsys/mt6735/ddp_dsi.c:40:39: note: in expansion of macro 'DISP_REG_SET'
 #define DSI_OUTREG32(cmdq, addr, val) DISP_REG_SET(cmdq, addr,val)
                                       ^
drivers/misc/mediatek/dispsys/mt6735/ddp_dsi.c:1987:5: note: in expansion of macro 'DSI_OUTREG32'
     DSI_OUTREG32(cmdq, &DSI_REG[d]->DSI_CMDQ_SIZE, 1);
     ^
/home/satory-ra/Android/kernel/android_kernel_oukitel_orange/drivers/misc/mediatek/dispsys/mt6735/mt6735m/ddp_reg.h:1395:29: note: expected 'long unsigned int' but argument is of type 'volatile struct DSI_CMDQ_CTRL_REG *'
 static inline unsigned long disp_addr_convert(unsigned long va) 
                             ^
/home/satory-ra/Android/kernel/android_kernel_oukitel_orange/drivers/misc/mediatek/dispsys/mt6735/mt6735m/ddp_reg.h:1486:17: warning: passing argument 2 of 'dprec_reg_op' makes integer from pointer without a cast
                 dprec_reg_op(handle, reg32, val, 0x00000000);\
                 ^
drivers/misc/mediatek/dispsys/mt6735/ddp_dsi.c:40:39: note: in expansion of macro 'DISP_REG_SET'
 #define DSI_OUTREG32(cmdq, addr, val) DISP_REG_SET(cmdq, addr,val)
                                       ^
drivers/misc/mediatek/dispsys/mt6735/ddp_dsi.c:1999:5: note: in expansion of macro 'DSI_OUTREG32'
     DSI_OUTREG32(cmdq, &DSI_CMDQ_REG[d]->data[0], AS_UINT32(&t2));
     ^
In file included from /home/satory-ra/Android/kernel/android_kernel_oukitel_orange/drivers/misc/mediatek/videox/mt6735/disp_drv_log.h:3:0,
                 from drivers/misc/mediatek/dispsys/mt6735/ddp_dsi.c:8:
/home/satory-ra/Android/kernel/android_kernel_oukitel_orange/drivers/misc/mediatek/dispsys/mt6735/display_recorder.h:136:6: note: expected 'unsigned int' but argument is of type 'struct DSI_CMDQ *'
 void dprec_reg_op(void* cmdq, unsigned int reg, unsigned int val, unsigned int mask);
      ^
In file included from drivers/misc/mediatek/dispsys/mt6735/ddp_dsi.c:31:0:
/home/satory-ra/Android/kernel/android_kernel_oukitel_orange/drivers/misc/mediatek/dispsys/mt6735/mt6735m/ddp_reg.h:1487:38: warning: passing argument 1 of 'disp_addr_convert' makes integer from pointer without a cast
                 cmdqRecWrite(handle, disp_addr_convert(reg32), val, ~0); \
                                      ^
drivers/misc/mediatek/dispsys/mt6735/ddp_dsi.c:40:39: note: in expansion of macro 'DISP_REG_SET'
 #define DSI_OUTREG32(cmdq, addr, val) DISP_REG_SET(cmdq, addr,val)
                                       ^
drivers/misc/mediatek/dispsys/mt6735/ddp_dsi.c:1999:5: note: in expansion of macro 'DSI_OUTREG32'
     DSI_OUTREG32(cmdq, &DSI_CMDQ_REG[d]->data[0], AS_UINT32(&t2));
     ^
/home/satory-ra/Android/kernel/android_kernel_oukitel_orange/drivers/misc/mediatek/dispsys/mt6735/mt6735m/ddp_reg.h:1395:29: note: expected 'long unsigned int' but argument is of type 'struct DSI_CMDQ *'
 static inline unsigned long disp_addr_convert(unsigned long va) 
                             ^
/home/satory-ra/Android/kernel/android_kernel_oukitel_orange/drivers/misc/mediatek/dispsys/mt6735/mt6735m/ddp_reg.h:1486:17: warning: passing argument 2 of 'dprec_reg_op' makes integer from pointer without a cast
                 dprec_reg_op(handle, reg32, val, 0x00000000);\
                 ^
drivers/misc/mediatek/dispsys/mt6735/ddp_dsi.c:40:39: note: in expansion of macro 'DISP_REG_SET'
 #define DSI_OUTREG32(cmdq, addr, val) DISP_REG_SET(cmdq, addr,val)
                                       ^
drivers/misc/mediatek/dispsys/mt6735/ddp_dsi.c:2017:5: note: in expansion of macro 'DSI_OUTREG32'
     DSI_OUTREG32(cmdq, &DSI_REG[d]->DSI_CMDQ_SIZE, 2+(count)/4);
     ^
In file included from /home/satory-ra/Android/kernel/android_kernel_oukitel_orange/drivers/misc/mediatek/videox/mt6735/disp_drv_log.h:3:0,
                 from drivers/misc/mediatek/dispsys/mt6735/ddp_dsi.c:8:
/home/satory-ra/Android/kernel/android_kernel_oukitel_orange/drivers/misc/mediatek/dispsys/mt6735/display_recorder.h:136:6: note: expected 'unsigned int' but argument is of type 'volatile struct DSI_CMDQ_CTRL_REG *'
 void dprec_reg_op(void* cmdq, unsigned int reg, unsigned int val, unsigned int mask);
      ^
In file included from drivers/misc/mediatek/dispsys/mt6735/ddp_dsi.c:31:0:
/home/satory-ra/Android/kernel/android_kernel_oukitel_orange/drivers/misc/mediatek/dispsys/mt6735/mt6735m/ddp_reg.h:1487:38: warning: passing argument 1 of 'disp_addr_convert' makes integer from pointer without a cast
                 cmdqRecWrite(handle, disp_addr_convert(reg32), val, ~0); \
                                      ^
drivers/misc/mediatek/dispsys/mt6735/ddp_dsi.c:40:39: note: in expansion of macro 'DISP_REG_SET'
 #define DSI_OUTREG32(cmdq, addr, val) DISP_REG_SET(cmdq, addr,val)
                                       ^
drivers/misc/mediatek/dispsys/mt6735/ddp_dsi.c:2017:5: note: in expansion of macro 'DSI_OUTREG32'
     DSI_OUTREG32(cmdq, &DSI_REG[d]->DSI_CMDQ_SIZE, 2+(count)/4);
     ^
/home/satory-ra/Android/kernel/android_kernel_oukitel_orange/drivers/misc/mediatek/dispsys/mt6735/mt6735m/ddp_reg.h:1395:29: note: expected 'long unsigned int' but argument is of type 'volatile struct DSI_CMDQ_CTRL_REG *'
 static inline unsigned long disp_addr_convert(unsigned long va) 
                             ^
/home/satory-ra/Android/kernel/android_kernel_oukitel_orange/drivers/misc/mediatek/dispsys/mt6735/mt6735m/ddp_reg.h:1486:17: warning: passing argument 2 of 'dprec_reg_op' makes integer from pointer without a cast
                 dprec_reg_op(handle, reg32, val, 0x00000000);\
                 ^
drivers/misc/mediatek/dispsys/mt6735/ddp_dsi.c:40:39: note: in expansion of macro 'DISP_REG_SET'
 #define DSI_OUTREG32(cmdq, addr, val) DISP_REG_SET(cmdq, addr,val)
                                       ^
drivers/misc/mediatek/dispsys/mt6735/ddp_dsi.c:2034:5: note: in expansion of macro 'DSI_OUTREG32'
     DSI_OUTREG32(cmdq, &DSI_CMDQ_REG[d]->data[0], AS_UINT32(&t0));
     ^
In file included from /home/satory-ra/Android/kernel/android_kernel_oukitel_orange/drivers/misc/mediatek/videox/mt6735/disp_drv_log.h:3:0,
                 from drivers/misc/mediatek/dispsys/mt6735/ddp_dsi.c:8:
/home/satory-ra/Android/kernel/android_kernel_oukitel_orange/drivers/misc/mediatek/dispsys/mt6735/display_recorder.h:136:6: note: expected 'unsigned int' but argument is of type 'struct DSI_CMDQ *'
 void dprec_reg_op(void* cmdq, unsigned int reg, unsigned int val, unsigned int mask);
      ^
In file included from drivers/misc/mediatek/dispsys/mt6735/ddp_dsi.c:31:0:
/home/satory-ra/Android/kernel/android_kernel_oukitel_orange/drivers/misc/mediatek/dispsys/mt6735/mt6735m/ddp_reg.h:1487:38: warning: passing argument 1 of 'disp_addr_convert' makes integer from pointer without a cast
                 cmdqRecWrite(handle, disp_addr_convert(reg32), val, ~0); \
                                      ^
drivers/misc/mediatek/dispsys/mt6735/ddp_dsi.c:40:39: note: in expansion of macro 'DISP_REG_SET'
 #define DSI_OUTREG32(cmdq, addr, val) DISP_REG_SET(cmdq, addr,val)
                                       ^
drivers/misc/mediatek/dispsys/mt6735/ddp_dsi.c:2034:5: note: in expansion of macro 'DSI_OUTREG32'
     DSI_OUTREG32(cmdq, &DSI_CMDQ_REG[d]->data[0], AS_UINT32(&t0));
     ^
/home/satory-ra/Android/kernel/android_kernel_oukitel_orange/drivers/misc/mediatek/dispsys/mt6735/mt6735m/ddp_reg.h:1395:29: note: expected 'long unsigned int' but argument is of type 'struct DSI_CMDQ *'
 static inline unsigned long disp_addr_convert(unsigned long va) 
                             ^
/home/satory-ra/Android/kernel/android_kernel_oukitel_orange/drivers/misc/mediatek/dispsys/mt6735/mt6735m/ddp_reg.h:1486:17: warning: passing argument 2 of 'dprec_reg_op' makes integer from pointer without a cast
                 dprec_reg_op(handle, reg32, val, 0x00000000);\
                 ^
drivers/misc/mediatek/dispsys/mt6735/ddp_dsi.c:40:39: note: in expansion of macro 'DISP_REG_SET'
 #define DSI_OUTREG32(cmdq, addr, val) DISP_REG_SET(cmdq, addr,val)
                                       ^
drivers/misc/mediatek/dispsys/mt6735/ddp_dsi.c:2036:5: note: in expansion of macro 'DSI_OUTREG32'
     DSI_OUTREG32(cmdq, &DSI_REG[d]->DSI_CMDQ_SIZE, 1);
     ^
In file included from /home/satory-ra/Android/kernel/android_kernel_oukitel_orange/drivers/misc/mediatek/videox/mt6735/disp_drv_log.h:3:0,
                 from drivers/misc/mediatek/dispsys/mt6735/ddp_dsi.c:8:
/home/satory-ra/Android/kernel/android_kernel_oukitel_orange/drivers/misc/mediatek/dispsys/mt6735/display_recorder.h:136:6: note: expected 'unsigned int' but argument is of type 'volatile struct DSI_CMDQ_CTRL_REG *'
 void dprec_reg_op(void* cmdq, unsigned int reg, unsigned int val, unsigned int mask);
      ^
In file included from drivers/misc/mediatek/dispsys/mt6735/ddp_dsi.c:31:0:
/home/satory-ra/Android/kernel/android_kernel_oukitel_orange/drivers/misc/mediatek/dispsys/mt6735/mt6735m/ddp_reg.h:1487:38: warning: passing argument 1 of 'disp_addr_convert' makes integer from pointer without a cast
                 cmdqRecWrite(handle, disp_addr_convert(reg32), val, ~0); \
                                      ^
drivers/misc/mediatek/dispsys/mt6735/ddp_dsi.c:40:39: note: in expansion of macro 'DISP_REG_SET'
 #define DSI_OUTREG32(cmdq, addr, val) DISP_REG_SET(cmdq, addr,val)
                                       ^
drivers/misc/mediatek/dispsys/mt6735/ddp_dsi.c:2036:5: note: in expansion of macro 'DSI_OUTREG32'
     DSI_OUTREG32(cmdq, &DSI_REG[d]->DSI_CMDQ_SIZE, 1);
     ^
/home/satory-ra/Android/kernel/android_kernel_oukitel_orange/drivers/misc/mediatek/dispsys/mt6735/mt6735m/ddp_reg.h:1395:29: note: expected 'long unsigned int' but argument is of type 'volatile struct DSI_CMDQ_CTRL_REG *'
 static inline unsigned long disp_addr_convert(unsigned long va) 
                             ^
drivers/misc/mediatek/dispsys/mt6735/ddp_dsi.c: In function 'DSI_set_cmdq_V3':
/home/satory-ra/Android/kernel/android_kernel_oukitel_orange/drivers/misc/mediatek/dispsys/mt6735/mt6735m/ddp_reg.h:1486:17: warning: passing argument 2 of 'dprec_reg_op' makes integer from pointer without a cast
                 dprec_reg_op(handle, reg32, val, 0x00000000);\
                 ^
drivers/misc/mediatek/dispsys/mt6735/ddp_dsi.c:40:39: note: in expansion of macro 'DISP_REG_SET'
 #define DSI_OUTREG32(cmdq, addr, val) DISP_REG_SET(cmdq, addr,val)
                                       ^
drivers/misc/mediatek/dispsys/mt6735/ddp_dsi.c:2145:5: note: in expansion of macro 'DSI_OUTREG32'
     DSI_OUTREG32(cmdq,&DSI_CMDQ_REG[0]->data[0].byte0, AS_UINT32(&t2));
     ^
In file included from /home/satory-ra/Android/kernel/android_kernel_oukitel_orange/drivers/misc/mediatek/videox/mt6735/disp_drv_log.h:3:0,
                 from drivers/misc/mediatek/dispsys/mt6735/ddp_dsi.c:8:
/home/satory-ra/Android/kernel/android_kernel_oukitel_orange/drivers/misc/mediatek/dispsys/mt6735/display_recorder.h:136:6: note: expected 'unsigned int' but argument is of type 'unsigned char *'
 void dprec_reg_op(void* cmdq, unsigned int reg, unsigned int val, unsigned int mask);
      ^
In file included from drivers/misc/mediatek/dispsys/mt6735/ddp_dsi.c:31:0:
/home/satory-ra/Android/kernel/android_kernel_oukitel_orange/drivers/misc/mediatek/dispsys/mt6735/mt6735m/ddp_reg.h:1487:38: warning: passing argument 1 of 'disp_addr_convert' makes integer from pointer without a cast
                 cmdqRecWrite(handle, disp_addr_convert(reg32), val, ~0); \
                                      ^
drivers/misc/mediatek/dispsys/mt6735/ddp_dsi.c:40:39: note: in expansion of macro 'DISP_REG_SET'
 #define DSI_OUTREG32(cmdq, addr, val) DISP_REG_SET(cmdq, addr,val)
                                       ^
drivers/misc/mediatek/dispsys/mt6735/ddp_dsi.c:2145:5: note: in expansion of macro 'DSI_OUTREG32'
     DSI_OUTREG32(cmdq,&DSI_CMDQ_REG[0]->data[0].byte0, AS_UINT32(&t2));
     ^
/home/satory-ra/Android/kernel/android_kernel_oukitel_orange/drivers/misc/mediatek/dispsys/mt6735/mt6735m/ddp_reg.h:1395:29: note: expected 'long unsigned int' but argument is of type 'unsigned char *'
 static inline unsigned long disp_addr_convert(unsigned long va) 
                             ^
/home/satory-ra/Android/kernel/android_kernel_oukitel_orange/drivers/misc/mediatek/dispsys/mt6735/mt6735m/ddp_reg.h:1486:17: warning: passing argument 2 of 'dprec_reg_op' makes integer from pointer without a cast
                 dprec_reg_op(handle, reg32, val, 0x00000000);\
                 ^
drivers/misc/mediatek/dispsys/mt6735/ddp_dsi.c:40:39: note: in expansion of macro 'DISP_REG_SET'
 #define DSI_OUTREG32(cmdq, addr, val) DISP_REG_SET(cmdq, addr,val)
                                       ^
drivers/misc/mediatek/dispsys/mt6735/ddp_dsi.c:2160:5: note: in expansion of macro 'DSI_OUTREG32'
     DSI_OUTREG32(cmdq, &DSI_REG[0]->DSI_CMDQ_SIZE, 2+(count)/4);
     ^
In file included from /home/satory-ra/Android/kernel/android_kernel_oukitel_orange/drivers/misc/mediatek/videox/mt6735/disp_drv_log.h:3:0,
                 from drivers/misc/mediatek/dispsys/mt6735/ddp_dsi.c:8:
/home/satory-ra/Android/kernel/android_kernel_oukitel_orange/drivers/misc/mediatek/dispsys/mt6735/display_recorder.h:136:6: note: expected 'unsigned int' but argument is of type 'volatile struct DSI_CMDQ_CTRL_REG *'
 void dprec_reg_op(void* cmdq, unsigned int reg, unsigned int val, unsigned int mask);
      ^
In file included from drivers/misc/mediatek/dispsys/mt6735/ddp_dsi.c:31:0:
/home/satory-ra/Android/kernel/android_kernel_oukitel_orange/drivers/misc/mediatek/dispsys/mt6735/mt6735m/ddp_reg.h:1487:38: warning: passing argument 1 of 'disp_addr_convert' makes integer from pointer without a cast
                 cmdqRecWrite(handle, disp_addr_convert(reg32), val, ~0); \
                                      ^
drivers/misc/mediatek/dispsys/mt6735/ddp_dsi.c:40:39: note: in expansion of macro 'DISP_REG_SET'
 #define DSI_OUTREG32(cmdq, addr, val) DISP_REG_SET(cmdq, addr,val)
                                       ^
drivers/misc/mediatek/dispsys/mt6735/ddp_dsi.c:2160:5: note: in expansion of macro 'DSI_OUTREG32'
     DSI_OUTREG32(cmdq, &DSI_REG[0]->DSI_CMDQ_SIZE, 2+(count)/4);
     ^
/home/satory-ra/Android/kernel/android_kernel_oukitel_orange/drivers/misc/mediatek/dispsys/mt6735/mt6735m/ddp_reg.h:1395:29: note: expected 'long unsigned int' but argument is of type 'volatile struct DSI_CMDQ_CTRL_REG *'
 static inline unsigned long disp_addr_convert(unsigned long va) 
                             ^
/home/satory-ra/Android/kernel/android_kernel_oukitel_orange/drivers/misc/mediatek/dispsys/mt6735/mt6735m/ddp_reg.h:1486:17: warning: passing argument 2 of 'dprec_reg_op' makes integer from pointer without a cast
                 dprec_reg_op(handle, reg32, val, 0x00000000);\
                 ^
drivers/misc/mediatek/dispsys/mt6735/ddp_dsi.c:40:39: note: in expansion of macro 'DISP_REG_SET'
 #define DSI_OUTREG32(cmdq, addr, val) DISP_REG_SET(cmdq, addr,val)
                                       ^
drivers/misc/mediatek/dispsys/mt6735/ddp_dsi.c:2176:5: note: in expansion of macro 'DSI_OUTREG32'
     DSI_OUTREG32(cmdq, &DSI_CMDQ_REG[0]->data[0], AS_UINT32(&t0));
     ^
In file included from /home/satory-ra/Android/kernel/android_kernel_oukitel_orange/drivers/misc/mediatek/videox/mt6735/disp_drv_log.h:3:0,
                 from drivers/misc/mediatek/dispsys/mt6735/ddp_dsi.c:8:
/home/satory-ra/Android/kernel/android_kernel_oukitel_orange/drivers/misc/mediatek/dispsys/mt6735/display_recorder.h:136:6: note: expected 'unsigned int' but argument is of type 'struct DSI_CMDQ *'
 void dprec_reg_op(void* cmdq, unsigned int reg, unsigned int val, unsigned int mask);
      ^
In file included from drivers/misc/mediatek/dispsys/mt6735/ddp_dsi.c:31:0:
/home/satory-ra/Android/kernel/android_kernel_oukitel_orange/drivers/misc/mediatek/dispsys/mt6735/mt6735m/ddp_reg.h:1487:38: warning: passing argument 1 of 'disp_addr_convert' makes integer from pointer without a cast
                 cmdqRecWrite(handle, disp_addr_convert(reg32), val, ~0); \
                                      ^
drivers/misc/mediatek/dispsys/mt6735/ddp_dsi.c:40:39: note: in expansion of macro 'DISP_REG_SET'
 #define DSI_OUTREG32(cmdq, addr, val) DISP_REG_SET(cmdq, addr,val)
                                       ^
drivers/misc/mediatek/dispsys/mt6735/ddp_dsi.c:2176:5: note: in expansion of macro 'DSI_OUTREG32'
     DSI_OUTREG32(cmdq, &DSI_CMDQ_REG[0]->data[0], AS_UINT32(&t0));
     ^
/home/satory-ra/Android/kernel/android_kernel_oukitel_orange/drivers/misc/mediatek/dispsys/mt6735/mt6735m/ddp_reg.h:1395:29: note: expected 'long unsigned int' but argument is of type 'struct DSI_CMDQ *'
 static inline unsigned long disp_addr_convert(unsigned long va) 
                             ^
/home/satory-ra/Android/kernel/android_kernel_oukitel_orange/drivers/misc/mediatek/dispsys/mt6735/mt6735m/ddp_reg.h:1486:17: warning: passing argument 2 of 'dprec_reg_op' makes integer from pointer without a cast
                 dprec_reg_op(handle, reg32, val, 0x00000000);\
                 ^
drivers/misc/mediatek/dispsys/mt6735/ddp_dsi.c:40:39: note: in expansion of macro 'DISP_REG_SET'
 #define DSI_OUTREG32(cmdq, addr, val) DISP_REG_SET(cmdq, addr,val)
                                       ^
drivers/misc/mediatek/dispsys/mt6735/ddp_dsi.c:2177:5: note: in expansion of macro 'DSI_OUTREG32'
     DSI_OUTREG32(cmdq, &DSI_REG[0]->DSI_CMDQ_SIZE, 1);
     ^
In file included from /home/satory-ra/Android/kernel/android_kernel_oukitel_orange/drivers/misc/mediatek/videox/mt6735/disp_drv_log.h:3:0,
                 from drivers/misc/mediatek/dispsys/mt6735/ddp_dsi.c:8:
/home/satory-ra/Android/kernel/android_kernel_oukitel_orange/drivers/misc/mediatek/dispsys/mt6735/display_recorder.h:136:6: note: expected 'unsigned int' but argument is of type 'volatile struct DSI_CMDQ_CTRL_REG *'
 void dprec_reg_op(void* cmdq, unsigned int reg, unsigned int val, unsigned int mask);
      ^
In file included from drivers/misc/mediatek/dispsys/mt6735/ddp_dsi.c:31:0:
/home/satory-ra/Android/kernel/android_kernel_oukitel_orange/drivers/misc/mediatek/dispsys/mt6735/mt6735m/ddp_reg.h:1487:38: warning: passing argument 1 of 'disp_addr_convert' makes integer from pointer without a cast
                 cmdqRecWrite(handle, disp_addr_convert(reg32), val, ~0); \
                                      ^
drivers/misc/mediatek/dispsys/mt6735/ddp_dsi.c:40:39: note: in expansion of macro 'DISP_REG_SET'
 #define DSI_OUTREG32(cmdq, addr, val) DISP_REG_SET(cmdq, addr,val)
                                       ^
drivers/misc/mediatek/dispsys/mt6735/ddp_dsi.c:2177:5: note: in expansion of macro 'DSI_OUTREG32'
     DSI_OUTREG32(cmdq, &DSI_REG[0]->DSI_CMDQ_SIZE, 1);
     ^
/home/satory-ra/Android/kernel/android_kernel_oukitel_orange/drivers/misc/mediatek/dispsys/mt6735/mt6735m/ddp_reg.h:1395:29: note: expected 'long unsigned int' but argument is of type 'volatile struct DSI_CMDQ_CTRL_REG *'
 static inline unsigned long disp_addr_convert(unsigned long va) 
                             ^
drivers/misc/mediatek/dispsys/mt6735/ddp_dsi.c: In function 'DSI_set_cmdq':
/home/satory-ra/Android/kernel/android_kernel_oukitel_orange/drivers/misc/mediatek/dispsys/mt6735/mt6735m/ddp_reg.h:1486:17: warning: passing argument 2 of 'dprec_reg_op' makes integer from pointer without a cast
                 dprec_reg_op(handle, reg32, val, 0x00000000);\
                 ^
drivers/misc/mediatek/dispsys/mt6735/ddp_dsi.c:40:39: note: in expansion of macro 'DISP_REG_SET'
 #define DSI_OUTREG32(cmdq, addr, val) DISP_REG_SET(cmdq, addr,val)
                                       ^
drivers/misc/mediatek/dispsys/mt6735/ddp_dsi.c:2266:5: note: in expansion of macro 'DSI_OUTREG32'
     DSI_OUTREG32(cmdq, &DSI_CMDQ_REG[i]->data[j], AS_UINT32((pdata+j)));
     ^
In file included from /home/satory-ra/Android/kernel/android_kernel_oukitel_orange/drivers/misc/mediatek/videox/mt6735/disp_drv_log.h:3:0,
                 from drivers/misc/mediatek/dispsys/mt6735/ddp_dsi.c:8:
/home/satory-ra/Android/kernel/android_kernel_oukitel_orange/drivers/misc/mediatek/dispsys/mt6735/display_recorder.h:136:6: note: expected 'unsigned int' but argument is of type 'struct DSI_CMDQ *'
 void dprec_reg_op(void* cmdq, unsigned int reg, unsigned int val, unsigned int mask);
      ^
In file included from drivers/misc/mediatek/dispsys/mt6735/ddp_dsi.c:31:0:
/home/satory-ra/Android/kernel/android_kernel_oukitel_orange/drivers/misc/mediatek/dispsys/mt6735/mt6735m/ddp_reg.h:1487:38: warning: passing argument 1 of 'disp_addr_convert' makes integer from pointer without a cast
                 cmdqRecWrite(handle, disp_addr_convert(reg32), val, ~0); \
                                      ^
drivers/misc/mediatek/dispsys/mt6735/ddp_dsi.c:40:39: note: in expansion of macro 'DISP_REG_SET'
 #define DSI_OUTREG32(cmdq, addr, val) DISP_REG_SET(cmdq, addr,val)
                                       ^
drivers/misc/mediatek/dispsys/mt6735/ddp_dsi.c:2266:5: note: in expansion of macro 'DSI_OUTREG32'
     DSI_OUTREG32(cmdq, &DSI_CMDQ_REG[i]->data[j], AS_UINT32((pdata+j)));
     ^
/home/satory-ra/Android/kernel/android_kernel_oukitel_orange/drivers/misc/mediatek/dispsys/mt6735/mt6735m/ddp_reg.h:1395:29: note: expected 'long unsigned int' but argument is of type 'struct DSI_CMDQ *'
 static inline unsigned long disp_addr_convert(unsigned long va) 
                             ^
/home/satory-ra/Android/kernel/android_kernel_oukitel_orange/drivers/misc/mediatek/dispsys/mt6735/mt6735m/ddp_reg.h:1486:17: warning: passing argument 2 of 'dprec_reg_op' makes integer from pointer without a cast
                 dprec_reg_op(handle, reg32, val, 0x00000000);\
                 ^
drivers/misc/mediatek/dispsys/mt6735/ddp_dsi.c:40:39: note: in expansion of macro 'DISP_REG_SET'
 #define DSI_OUTREG32(cmdq, addr, val) DISP_REG_SET(cmdq, addr,val)
                                       ^
drivers/misc/mediatek/dispsys/mt6735/ddp_dsi.c:2269:4: note: in expansion of macro 'DSI_OUTREG32'
    DSI_OUTREG32(cmdq, &DSI_REG[i]->DSI_CMDQ_SIZE, queue_size);
    ^
In file included from /home/satory-ra/Android/kernel/android_kernel_oukitel_orange/drivers/misc/mediatek/videox/mt6735/disp_drv_log.h:3:0,
                 from drivers/misc/mediatek/dispsys/mt6735/ddp_dsi.c:8:
/home/satory-ra/Android/kernel/android_kernel_oukitel_orange/drivers/misc/mediatek/dispsys/mt6735/display_recorder.h:136:6: note: expected 'unsigned int' but argument is of type 'volatile struct DSI_CMDQ_CTRL_REG *'
 void dprec_reg_op(void* cmdq, unsigned int reg, unsigned int val, unsigned int mask);
      ^
In file included from drivers/misc/mediatek/dispsys/mt6735/ddp_dsi.c:31:0:
/home/satory-ra/Android/kernel/android_kernel_oukitel_orange/drivers/misc/mediatek/dispsys/mt6735/mt6735m/ddp_reg.h:1487:38: warning: passing argument 1 of 'disp_addr_convert' makes integer from pointer without a cast
                 cmdqRecWrite(handle, disp_addr_convert(reg32), val, ~0); \
                                      ^
drivers/misc/mediatek/dispsys/mt6735/ddp_dsi.c:40:39: note: in expansion of macro 'DISP_REG_SET'
 #define DSI_OUTREG32(cmdq, addr, val) DISP_REG_SET(cmdq, addr,val)
                                       ^
drivers/misc/mediatek/dispsys/mt6735/ddp_dsi.c:2269:4: note: in expansion of macro 'DSI_OUTREG32'
    DSI_OUTREG32(cmdq, &DSI_REG[i]->DSI_CMDQ_SIZE, queue_size);
    ^
/home/satory-ra/Android/kernel/android_kernel_oukitel_orange/drivers/misc/mediatek/dispsys/mt6735/mt6735m/ddp_reg.h:1395:29: note: expected 'long unsigned int' but argument is of type 'volatile struct DSI_CMDQ_CTRL_REG *'
 static inline unsigned long disp_addr_convert(unsigned long va) 
                             ^
drivers/misc/mediatek/dispsys/mt6735/ddp_dsi.c: In function 'DSI_set_rar':
/home/satory-ra/Android/kernel/android_kernel_oukitel_orange/drivers/misc/mediatek/dispsys/mt6735/mt6735m/ddp_reg.h:1486:17: warning: passing argument 2 of 'dprec_reg_op' makes integer from pointer without a cast
                 dprec_reg_op(handle, reg32, val, 0x00000000);\
                 ^
drivers/misc/mediatek/dispsys/mt6735/ddp_dsi.c:40:39: note: in expansion of macro 'DISP_REG_SET'
 #define DSI_OUTREG32(cmdq, addr, val) DISP_REG_SET(cmdq, addr,val)
                                       ^
drivers/misc/mediatek/dispsys/mt6735/ddp_dsi.c:2296:3: note: in expansion of macro 'DSI_OUTREG32'
   DSI_OUTREG32(cmdq, &DSI_REG[i]->DSI_PHY_LD0CON, AS_UINT32(&phy_ld0con));
   ^
In file included from /home/satory-ra/Android/kernel/android_kernel_oukitel_orange/drivers/misc/mediatek/videox/mt6735/disp_drv_log.h:3:0,
                 from drivers/misc/mediatek/dispsys/mt6735/ddp_dsi.c:8:
/home/satory-ra/Android/kernel/android_kernel_oukitel_orange/drivers/misc/mediatek/dispsys/mt6735/display_recorder.h:136:6: note: expected 'unsigned int' but argument is of type 'volatile struct DSI_PHY_LD0CON_REG *'
 void dprec_reg_op(void* cmdq, unsigned int reg, unsigned int val, unsigned int mask);
      ^
In file included from drivers/misc/mediatek/dispsys/mt6735/ddp_dsi.c:31:0:
/home/satory-ra/Android/kernel/android_kernel_oukitel_orange/drivers/misc/mediatek/dispsys/mt6735/mt6735m/ddp_reg.h:1487:38: warning: passing argument 1 of 'disp_addr_convert' makes integer from pointer without a cast
                 cmdqRecWrite(handle, disp_addr_convert(reg32), val, ~0); \
                                      ^
drivers/misc/mediatek/dispsys/mt6735/ddp_dsi.c:40:39: note: in expansion of macro 'DISP_REG_SET'
 #define DSI_OUTREG32(cmdq, addr, val) DISP_REG_SET(cmdq, addr,val)
                                       ^
drivers/misc/mediatek/dispsys/mt6735/ddp_dsi.c:2296:3: note: in expansion of macro 'DSI_OUTREG32'
   DSI_OUTREG32(cmdq, &DSI_REG[i]->DSI_PHY_LD0CON, AS_UINT32(&phy_ld0con));
   ^
/home/satory-ra/Android/kernel/android_kernel_oukitel_orange/drivers/misc/mediatek/dispsys/mt6735/mt6735m/ddp_reg.h:1395:29: note: expected 'long unsigned int' but argument is of type 'volatile struct DSI_PHY_LD0CON_REG *'
 static inline unsigned long disp_addr_convert(unsigned long va) 
                             ^
/home/satory-ra/Android/kernel/android_kernel_oukitel_orange/drivers/misc/mediatek/dispsys/mt6735/mt6735m/ddp_reg.h:1486:17: warning: passing argument 2 of 'dprec_reg_op' makes integer from pointer without a cast
                 dprec_reg_op(handle, reg32, val, 0x00000000);\
                 ^
drivers/misc/mediatek/dispsys/mt6735/ddp_dsi.c:40:39: note: in expansion of macro 'DISP_REG_SET'
 #define DSI_OUTREG32(cmdq, addr, val) DISP_REG_SET(cmdq, addr,val)
                                       ^
drivers/misc/mediatek/dispsys/mt6735/ddp_dsi.c:2299:3: note: in expansion of macro 'DSI_OUTREG32'
   DSI_OUTREG32(cmdq, &DSI_REG[i]->DSI_PHY_LD0CON, AS_UINT32(&phy_ld0con));
   ^
In file included from /home/satory-ra/Android/kernel/android_kernel_oukitel_orange/drivers/misc/mediatek/videox/mt6735/disp_drv_log.h:3:0,
                 from drivers/misc/mediatek/dispsys/mt6735/ddp_dsi.c:8:
/home/satory-ra/Android/kernel/android_kernel_oukitel_orange/drivers/misc/mediatek/dispsys/mt6735/display_recorder.h:136:6: note: expected 'unsigned int' but argument is of type 'volatile struct DSI_PHY_LD0CON_REG *'
 void dprec_reg_op(void* cmdq, unsigned int reg, unsigned int val, unsigned int mask);
      ^
In file included from drivers/misc/mediatek/dispsys/mt6735/ddp_dsi.c:31:0:
/home/satory-ra/Android/kernel/android_kernel_oukitel_orange/drivers/misc/mediatek/dispsys/mt6735/mt6735m/ddp_reg.h:1487:38: warning: passing argument 1 of 'disp_addr_convert' makes integer from pointer without a cast
                 cmdqRecWrite(handle, disp_addr_convert(reg32), val, ~0); \
                                      ^
drivers/misc/mediatek/dispsys/mt6735/ddp_dsi.c:40:39: note: in expansion of macro 'DISP_REG_SET'
 #define DSI_OUTREG32(cmdq, addr, val) DISP_REG_SET(cmdq, addr,val)
                                       ^
drivers/misc/mediatek/dispsys/mt6735/ddp_dsi.c:2299:3: note: in expansion of macro 'DSI_OUTREG32'
   DSI_OUTREG32(cmdq, &DSI_REG[i]->DSI_PHY_LD0CON, AS_UINT32(&phy_ld0con));
   ^
/home/satory-ra/Android/kernel/android_kernel_oukitel_orange/drivers/misc/mediatek/dispsys/mt6735/mt6735m/ddp_reg.h:1395:29: note: expected 'long unsigned int' but argument is of type 'volatile struct DSI_PHY_LD0CON_REG *'
 static inline unsigned long disp_addr_convert(unsigned long va) 
                             ^
drivers/misc/mediatek/dispsys/mt6735/ddp_dsi.c:2288:8: warning: unused variable 'module_name' [-Wunused-variable]
  char *module_name = ddp_get_module_name(module);
        ^
drivers/misc/mediatek/dispsys/mt6735/ddp_dsi.c: In function 'DSI_set_cmdq_V2_DSI0':
drivers/misc/mediatek/dispsys/mt6735/ddp_dsi.c:2376:16: warning: unused variable 'cmdq_hd' [-Wunused-variable]
  cmdqRecHandle cmdq_hd =(cmdqRecHandle)cmdq;
                ^
drivers/misc/mediatek/dispsys/mt6735/ddp_dsi.c: In function 'DSI_set_cmdq_V2_DSI1':
drivers/misc/mediatek/dispsys/mt6735/ddp_dsi.c:2382:16: warning: unused variable 'cmdq_hd' [-Wunused-variable]
  cmdqRecHandle cmdq_hd =(cmdqRecHandle)cmdq;
                ^
drivers/misc/mediatek/dispsys/mt6735/ddp_dsi.c: In function 'DSI_set_cmdq_V2_DSIDual':
drivers/misc/mediatek/dispsys/mt6735/ddp_dsi.c:2388:16: warning: unused variable 'cmdq_hd' [-Wunused-variable]
  cmdqRecHandle cmdq_hd =(cmdqRecHandle)cmdq;
                ^
drivers/misc/mediatek/dispsys/mt6735/ddp_dsi.c: In function 'ddp_dsi_set_lcm_utils':
drivers/misc/mediatek/dispsys/mt6735/ddp_dsi.c:2483:9: warning: assignment discards 'const' qualifier from pointer target type
   utils = &lcm_utils_dsi0;
         ^
drivers/misc/mediatek/dispsys/mt6735/ddp_dsi.c:2487:9: warning: assignment discards 'const' qualifier from pointer target type
   utils = &lcm_utils_dsi1;
         ^
drivers/misc/mediatek/dispsys/mt6735/ddp_dsi.c:2491:9: warning: assignment discards 'const' qualifier from pointer target type
   utils = &lcm_utils_dsidual;
         ^
drivers/misc/mediatek/dispsys/mt6735/ddp_dsi.c:2550:22: warning: assignment from incompatible pointer type
  utils->set_gpio_out = mt_set_gpio_out;
                      ^
drivers/misc/mediatek/dispsys/mt6735/ddp_dsi.c:2551:22: warning: assignment from incompatible pointer type
  utils->set_gpio_mode= mt_set_gpio_mode;
                      ^
drivers/misc/mediatek/dispsys/mt6735/ddp_dsi.c:2552:22: warning: assignment from incompatible pointer type
  utils->set_gpio_dir = mt_set_gpio_dir;
                      ^
drivers/misc/mediatek/dispsys/mt6735/ddp_dsi.c: In function 'ddp_dsi_init':
drivers/misc/mediatek/dispsys/mt6735/ddp_dsi.c:2593:16: warning: assignment makes pointer from integer without a cast
     DSI_REG[0] = DISPSYS_DSI0_BASE;
                ^
drivers/misc/mediatek/dispsys/mt6735/ddp_dsi.c:2594:20: warning: assignment makes pointer from integer without a cast
     DSI_PHY_REG[0] = MIPITX_BASE;
                    ^
drivers/misc/mediatek/dispsys/mt6735/ddp_dsi.c:2595:21: warning: assignment makes pointer from integer without a cast
     DSI_CMDQ_REG[0] = DISPSYS_DSI0_BASE+0x200;
                     ^
drivers/misc/mediatek/dispsys/mt6735/ddp_dsi.c:2596:16: warning: assignment makes pointer from integer without a cast
     DSI_REG[1] = DISPSYS_DSI0_BASE;
                ^
drivers/misc/mediatek/dispsys/mt6735/ddp_dsi.c:2597:20: warning: assignment makes pointer from integer without a cast
     DSI_PHY_REG[1] = MIPITX_BASE;
                    ^
drivers/misc/mediatek/dispsys/mt6735/ddp_dsi.c:2598:21: warning: assignment makes pointer from integer without a cast
     DSI_CMDQ_REG[1] = DISPSYS_DSI0_BASE+0x200;
                     ^
drivers/misc/mediatek/dispsys/mt6735/ddp_dsi.c:2599:20: warning: assignment makes pointer from integer without a cast
  DSI_VM_CMD_REG[0] = DISPSYS_DSI0_BASE+0x134;
                    ^
drivers/misc/mediatek/dispsys/mt6735/ddp_dsi.c:2600:20: warning: assignment makes pointer from integer without a cast
  DSI_VM_CMD_REG[1] = DISPSYS_DSI0_BASE+0x134;
                    ^
In file included from drivers/misc/mediatek/dispsys/mt6735/ddp_dsi.c:31:0:
/home/satory-ra/Android/kernel/android_kernel_oukitel_orange/drivers/misc/mediatek/dispsys/mt6735/mt6735m/ddp_reg.h:1413:3: warning: passing argument 2 of 'dprec_reg_op' makes integer from pointer without a cast
   dprec_reg_op(handle, reg32, val, mask);\
   ^
drivers/misc/mediatek/dispsys/mt6735/ddp_dsi.c:58:145: note: in expansion of macro 'DISP_REG_MASK'
   if(cmdq)  {*(unsigned int*)(&r) = ((unsigned int)0x00000000);r.bit = ~(r.bit);*(unsigned int*)(&v) = ((unsigned int)0x00000000);v.bit = value;DISP_REG_MASK(cmdq, &REG, AS_UINT32(&v), AS_UINT32(&r));}  \
                                                                                                                                                 ^
drivers/misc/mediatek/dispsys/mt6735/ddp_dsi.c:2655:3: note: in expansion of macro 'DSI_OUTREGBIT'
   DSI_OUTREGBIT(NULL, DSI_INT_ENABLE_REG,DSI_REG[0]->DSI_INTEN,CMD_DONE,1);
   ^
In file included from /home/satory-ra/Android/kernel/android_kernel_oukitel_orange/drivers/misc/mediatek/videox/mt6735/disp_drv_log.h:3:0,
                 from drivers/misc/mediatek/dispsys/mt6735/ddp_dsi.c:8:
/home/satory-ra/Android/kernel/android_kernel_oukitel_orange/drivers/misc/mediatek/dispsys/mt6735/display_recorder.h:136:6: note: expected 'unsigned int' but argument is of type 'volatile struct DSI_INT_ENABLE_REG *'
 void dprec_reg_op(void* cmdq, unsigned int reg, unsigned int val, unsigned int mask);
      ^
In file included from drivers/misc/mediatek/dispsys/mt6735/ddp_dsi.c:31:0:
/home/satory-ra/Android/kernel/android_kernel_oukitel_orange/drivers/misc/mediatek/dispsys/mt6735/mt6735m/ddp_reg.h:1420:25: warning: passing argument 1 of 'disp_addr_convert' makes integer from pointer without a cast
    cmdqRecWrite(handle, disp_addr_convert(reg32), val, mask); \
                         ^
drivers/misc/mediatek/dispsys/mt6735/ddp_dsi.c:58:145: note: in expansion of macro 'DISP_REG_MASK'
   if(cmdq)  {*(unsigned int*)(&r) = ((unsigned int)0x00000000);r.bit = ~(r.bit);*(unsigned int*)(&v) = ((unsigned int)0x00000000);v.bit = value;DISP_REG_MASK(cmdq, &REG, AS_UINT32(&v), AS_UINT32(&r));}  \
                                                                                                                                                 ^
drivers/misc/mediatek/dispsys/mt6735/ddp_dsi.c:2655:3: note: in expansion of macro 'DSI_OUTREGBIT'
   DSI_OUTREGBIT(NULL, DSI_INT_ENABLE_REG,DSI_REG[0]->DSI_INTEN,CMD_DONE,1);
   ^
/home/satory-ra/Android/kernel/android_kernel_oukitel_orange/drivers/misc/mediatek/dispsys/mt6735/mt6735m/ddp_reg.h:1395:29: note: expected 'long unsigned int' but argument is of type 'volatile struct DSI_INT_ENABLE_REG *'
 static inline unsigned long disp_addr_convert(unsigned long va) 
                             ^
/home/satory-ra/Android/kernel/android_kernel_oukitel_orange/drivers/misc/mediatek/dispsys/mt6735/mt6735m/ddp_reg.h:1486:17: warning: passing argument 2 of 'dprec_reg_op' makes integer from pointer without a cast
                 dprec_reg_op(handle, reg32, val, 0x00000000);\
                 ^
drivers/misc/mediatek/dispsys/mt6735/ddp_dsi.c:59:63: note: in expansion of macro 'DISP_REG_SET'
   else{mt_reg_sync_writel(INREG32(&REG),&r);r.bit = (value);  DISP_REG_SET(cmdq, &REG, INREG32(&r));}    \
                                                               ^
drivers/misc/mediatek/dispsys/mt6735/ddp_dsi.c:2655:3: note: in expansion of macro 'DSI_OUTREGBIT'
   DSI_OUTREGBIT(NULL, DSI_INT_ENABLE_REG,DSI_REG[0]->DSI_INTEN,CMD_DONE,1);
   ^
In file included from /home/satory-ra/Android/kernel/android_kernel_oukitel_orange/drivers/misc/mediatek/videox/mt6735/disp_drv_log.h:3:0,
                 from drivers/misc/mediatek/dispsys/mt6735/ddp_dsi.c:8:
/home/satory-ra/Android/kernel/android_kernel_oukitel_orange/drivers/misc/mediatek/dispsys/mt6735/display_recorder.h:136:6: note: expected 'unsigned int' but argument is of type 'volatile struct DSI_INT_ENABLE_REG *'
 void dprec_reg_op(void* cmdq, unsigned int reg, unsigned int val, unsigned int mask);
      ^
In file included from drivers/misc/mediatek/dispsys/mt6735/ddp_dsi.c:31:0:
/home/satory-ra/Android/kernel/android_kernel_oukitel_orange/drivers/misc/mediatek/dispsys/mt6735/mt6735m/ddp_reg.h:1487:38: warning: passing argument 1 of 'disp_addr_convert' makes integer from pointer without a cast
                 cmdqRecWrite(handle, disp_addr_convert(reg32), val, ~0); \
                                      ^
drivers/misc/mediatek/dispsys/mt6735/ddp_dsi.c:59:63: note: in expansion of macro 'DISP_REG_SET'
   else{mt_reg_sync_writel(INREG32(&REG),&r);r.bit = (value);  DISP_REG_SET(cmdq, &REG, INREG32(&r));}    \
                                                               ^
drivers/misc/mediatek/dispsys/mt6735/ddp_dsi.c:2655:3: note: in expansion of macro 'DSI_OUTREGBIT'
   DSI_OUTREGBIT(NULL, DSI_INT_ENABLE_REG,DSI_REG[0]->DSI_INTEN,CMD_DONE,1);
   ^
  CC      net/netfilter/xt_u32.o
In file included from drivers/misc/mediatek/connectivity/conn_soc/drv_wlan/mt_wifi/wlan/include/precomp.h:241:0,
                 from drivers/misc/mediatek/connectivity/conn_soc/drv_wlan/mt_wifi/wlan/mgmt/p2p_bss.c:27:
drivers/misc/mediatek/connectivity/conn_soc/drv_wlan/mt_wifi/wlan/include/mgmt/scan.h:324:0: warning: "CFG_BATCH_MAX_MSCAN" redefined
 #define CFG_BATCH_MAX_MSCAN 4
 ^
/home/satory-ra/Android/kernel/android_kernel_oukitel_orange/drivers/misc/mediatek/dispsys/mt6735/mt6735m/ddp_reg.h:1395:29: note: expected 'long unsigned int' but argument is of type 'volatile struct DSI_INT_ENABLE_REG *'
 static inline unsigned long disp_addr_convert(unsigned long va) 
                             ^
In file included from drivers/misc/mediatek/connectivity/conn_soc/drv_wlan/mt_wifi/wlan/os/linux/include/gl_os.h:584:0,
                 from drivers/misc/mediatek/connectivity/conn_soc/drv_wlan/mt_wifi/wlan/include/precomp.h:173,
                 from drivers/misc/mediatek/connectivity/conn_soc/drv_wlan/mt_wifi/wlan/mgmt/p2p_bss.c:27:
drivers/misc/mediatek/connectivity/conn_soc/drv_wlan/mt_wifi/wlan/include/config.h:1585:0: note: this is the location of the previous definition
 #define CFG_BATCH_MAX_MSCAN                 2
 ^
/home/satory-ra/Android/kernel/android_kernel_oukitel_orange/drivers/misc/mediatek/dispsys/mt6735/mt6735m/ddp_reg.h:1413:3: warning: passing argument 2 of 'dprec_reg_op' makes integer from pointer without a cast
   dprec_reg_op(handle, reg32, val, mask);\
   ^
drivers/misc/mediatek/dispsys/mt6735/ddp_dsi.c:58:145: note: in expansion of macro 'DISP_REG_MASK'
   if(cmdq)  {*(unsigned int*)(&r) = ((unsigned int)0x00000000);r.bit = ~(r.bit);*(unsigned int*)(&v) = ((unsigned int)0x00000000);v.bit = value;DISP_REG_MASK(cmdq, &REG, AS_UINT32(&v), AS_UINT32(&r));}  \
                                                                                                                                                 ^
drivers/misc/mediatek/dispsys/mt6735/ddp_dsi.c:2656:3: note: in expansion of macro 'DSI_OUTREGBIT'
   DSI_OUTREGBIT(NULL, DSI_INT_ENABLE_REG,DSI_REG[0]->DSI_INTEN,RD_RDY,1);
   ^
In file included from /home/satory-ra/Android/kernel/android_kernel_oukitel_orange/drivers/misc/mediatek/videox/mt6735/disp_drv_log.h:3:0,
                 from drivers/misc/mediatek/dispsys/mt6735/ddp_dsi.c:8:
/home/satory-ra/Android/kernel/android_kernel_oukitel_orange/drivers/misc/mediatek/dispsys/mt6735/display_recorder.h:136:6: note: expected 'unsigned int' but argument is of type 'volatile struct DSI_INT_ENABLE_REG *'
 void dprec_reg_op(void* cmdq, unsigned int reg, unsigned int val, unsigned int mask);
      ^
In file included from drivers/misc/mediatek/dispsys/mt6735/ddp_dsi.c:31:0:
/home/satory-ra/Android/kernel/android_kernel_oukitel_orange/drivers/misc/mediatek/dispsys/mt6735/mt6735m/ddp_reg.h:1420:25: warning: passing argument 1 of 'disp_addr_convert' makes integer from pointer without a cast
    cmdqRecWrite(handle, disp_addr_convert(reg32), val, mask); \
                         ^
drivers/misc/mediatek/dispsys/mt6735/ddp_dsi.c:58:145: note: in expansion of macro 'DISP_REG_MASK'
   if(cmdq)  {*(unsigned int*)(&r) = ((unsigned int)0x00000000);r.bit = ~(r.bit);*(unsigned int*)(&v) = ((unsigned int)0x00000000);v.bit = value;DISP_REG_MASK(cmdq, &REG, AS_UINT32(&v), AS_UINT32(&r));}  \
                                                                                                                                                 ^
drivers/misc/mediatek/dispsys/mt6735/ddp_dsi.c:2656:3: note: in expansion of macro 'DSI_OUTREGBIT'
   DSI_OUTREGBIT(NULL, DSI_INT_ENABLE_REG,DSI_REG[0]->DSI_INTEN,RD_RDY,1);
   ^
/home/satory-ra/Android/kernel/android_kernel_oukitel_orange/drivers/misc/mediatek/dispsys/mt6735/mt6735m/ddp_reg.h:1395:29: note: expected 'long unsigned int' but argument is of type 'volatile struct DSI_INT_ENABLE_REG *'
 static inline unsigned long disp_addr_convert(unsigned long va) 
                             ^
/home/satory-ra/Android/kernel/android_kernel_oukitel_orange/drivers/misc/mediatek/dispsys/mt6735/mt6735m/ddp_reg.h:1486:17: warning: passing argument 2 of 'dprec_reg_op' makes integer from pointer without a cast
                 dprec_reg_op(handle, reg32, val, 0x00000000);\
                 ^
drivers/misc/mediatek/dispsys/mt6735/ddp_dsi.c:59:63: note: in expansion of macro 'DISP_REG_SET'
   else{mt_reg_sync_writel(INREG32(&REG),&r);r.bit = (value);  DISP_REG_SET(cmdq, &REG, INREG32(&r));}    \
                                                               ^
drivers/misc/mediatek/dispsys/mt6735/ddp_dsi.c:2656:3: note: in expansion of macro 'DSI_OUTREGBIT'
   DSI_OUTREGBIT(NULL, DSI_INT_ENABLE_REG,DSI_REG[0]->DSI_INTEN,RD_RDY,1);
   ^
In file included from /home/satory-ra/Android/kernel/android_kernel_oukitel_orange/drivers/misc/mediatek/videox/mt6735/disp_drv_log.h:3:0,
                 from drivers/misc/mediatek/dispsys/mt6735/ddp_dsi.c:8:
/home/satory-ra/Android/kernel/android_kernel_oukitel_orange/drivers/misc/mediatek/dispsys/mt6735/display_recorder.h:136:6: note: expected 'unsigned int' but argument is of type 'volatile struct DSI_INT_ENABLE_REG *'
 void dprec_reg_op(void* cmdq, unsigned int reg, unsigned int val, unsigned int mask);
      ^
In file included from drivers/misc/mediatek/dispsys/mt6735/ddp_dsi.c:31:0:
/home/satory-ra/Android/kernel/android_kernel_oukitel_orange/drivers/misc/mediatek/dispsys/mt6735/mt6735m/ddp_reg.h:1487:38: warning: passing argument 1 of 'disp_addr_convert' makes integer from pointer without a cast
                 cmdqRecWrite(handle, disp_addr_convert(reg32), val, ~0); \
                                      ^
drivers/misc/mediatek/dispsys/mt6735/ddp_dsi.c:59:63: note: in expansion of macro 'DISP_REG_SET'
   else{mt_reg_sync_writel(INREG32(&REG),&r);r.bit = (value);  DISP_REG_SET(cmdq, &REG, INREG32(&r));}    \
                                                               ^
drivers/misc/mediatek/dispsys/mt6735/ddp_dsi.c:2656:3: note: in expansion of macro 'DSI_OUTREGBIT'
   DSI_OUTREGBIT(NULL, DSI_INT_ENABLE_REG,DSI_REG[0]->DSI_INTEN,RD_RDY,1);
   ^
/home/satory-ra/Android/kernel/android_kernel_oukitel_orange/drivers/misc/mediatek/dispsys/mt6735/mt6735m/ddp_reg.h:1395:29: note: expected 'long unsigned int' but argument is of type 'volatile struct DSI_INT_ENABLE_REG *'
 static inline unsigned long disp_addr_convert(unsigned long va) 
                             ^
/home/satory-ra/Android/kernel/android_kernel_oukitel_orange/drivers/misc/mediatek/dispsys/mt6735/mt6735m/ddp_reg.h:1413:3: warning: passing argument 2 of 'dprec_reg_op' makes integer from pointer without a cast
   dprec_reg_op(handle, reg32, val, mask);\
   ^
drivers/misc/mediatek/dispsys/mt6735/ddp_dsi.c:58:145: note: in expansion of macro 'DISP_REG_MASK'
   if(cmdq)  {*(unsigned int*)(&r) = ((unsigned int)0x00000000);r.bit = ~(r.bit);*(unsigned int*)(&v) = ((unsigned int)0x00000000);v.bit = value;DISP_REG_MASK(cmdq, &REG, AS_UINT32(&v), AS_UINT32(&r));}  \
                                                                                                                                                 ^
drivers/misc/mediatek/dispsys/mt6735/ddp_dsi.c:2657:3: note: in expansion of macro 'DSI_OUTREGBIT'
   DSI_OUTREGBIT(NULL, DSI_INT_ENABLE_REG,DSI_REG[0]->DSI_INTEN,VM_DONE,1);
   ^
In file included from /home/satory-ra/Android/kernel/android_kernel_oukitel_orange/drivers/misc/mediatek/videox/mt6735/disp_drv_log.h:3:0,
                 from drivers/misc/mediatek/dispsys/mt6735/ddp_dsi.c:8:
/home/satory-ra/Android/kernel/android_kernel_oukitel_orange/drivers/misc/mediatek/dispsys/mt6735/display_recorder.h:136:6: note: expected 'unsigned int' but argument is of type 'volatile struct DSI_INT_ENABLE_REG *'
 void dprec_reg_op(void* cmdq, unsigned int reg, unsigned int val, unsigned int mask);
      ^
In file included from drivers/misc/mediatek/dispsys/mt6735/ddp_dsi.c:31:0:
/home/satory-ra/Android/kernel/android_kernel_oukitel_orange/drivers/misc/mediatek/dispsys/mt6735/mt6735m/ddp_reg.h:1420:25: warning: passing argument 1 of 'disp_addr_convert' makes integer from pointer without a cast
    cmdqRecWrite(handle, disp_addr_convert(reg32), val, mask); \
                         ^
drivers/misc/mediatek/dispsys/mt6735/ddp_dsi.c:58:145: note: in expansion of macro 'DISP_REG_MASK'
   if(cmdq)  {*(unsigned int*)(&r) = ((unsigned int)0x00000000);r.bit = ~(r.bit);*(unsigned int*)(&v) = ((unsigned int)0x00000000);v.bit = value;DISP_REG_MASK(cmdq, &REG, AS_UINT32(&v), AS_UINT32(&r));}  \
                                                                                                                                                 ^
drivers/misc/mediatek/dispsys/mt6735/ddp_dsi.c:2657:3: note: in expansion of macro 'DSI_OUTREGBIT'
   DSI_OUTREGBIT(NULL, DSI_INT_ENABLE_REG,DSI_REG[0]->DSI_INTEN,VM_DONE,1);
   ^
/home/satory-ra/Android/kernel/android_kernel_oukitel_orange/drivers/misc/mediatek/dispsys/mt6735/mt6735m/ddp_reg.h:1395:29: note: expected 'long unsigned int' but argument is of type 'volatile struct DSI_INT_ENABLE_REG *'
 static inline unsigned long disp_addr_convert(unsigned long va) 
                             ^
/home/satory-ra/Android/kernel/android_kernel_oukitel_orange/drivers/misc/mediatek/dispsys/mt6735/mt6735m/ddp_reg.h:1486:17: warning: passing argument 2 of 'dprec_reg_op' makes integer from pointer without a cast
                 dprec_reg_op(handle, reg32, val, 0x00000000);\
                 ^
drivers/misc/mediatek/dispsys/mt6735/ddp_dsi.c:59:63: note: in expansion of macro 'DISP_REG_SET'
   else{mt_reg_sync_writel(INREG32(&REG),&r);r.bit = (value);  DISP_REG_SET(cmdq, &REG, INREG32(&r));}    \
                                                               ^
drivers/misc/mediatek/dispsys/mt6735/ddp_dsi.c:2657:3: note: in expansion of macro 'DSI_OUTREGBIT'
   DSI_OUTREGBIT(NULL, DSI_INT_ENABLE_REG,DSI_REG[0]->DSI_INTEN,VM_DONE,1);
   ^
In file included from /home/satory-ra/Android/kernel/android_kernel_oukitel_orange/drivers/misc/mediatek/videox/mt6735/disp_drv_log.h:3:0,
                 from drivers/misc/mediatek/dispsys/mt6735/ddp_dsi.c:8:
/home/satory-ra/Android/kernel/android_kernel_oukitel_orange/drivers/misc/mediatek/dispsys/mt6735/display_recorder.h:136:6: note: expected 'unsigned int' but argument is of type 'volatile struct DSI_INT_ENABLE_REG *'
 void dprec_reg_op(void* cmdq, unsigned int reg, unsigned int val, unsigned int mask);
      ^
In file included from drivers/misc/mediatek/dispsys/mt6735/ddp_dsi.c:31:0:
/home/satory-ra/Android/kernel/android_kernel_oukitel_orange/drivers/misc/mediatek/dispsys/mt6735/mt6735m/ddp_reg.h:1487:38: warning: passing argument 1 of 'disp_addr_convert' makes integer from pointer without a cast
                 cmdqRecWrite(handle, disp_addr_convert(reg32), val, ~0); \
                                      ^
drivers/misc/mediatek/dispsys/mt6735/ddp_dsi.c:59:63: note: in expansion of macro 'DISP_REG_SET'
   else{mt_reg_sync_writel(INREG32(&REG),&r);r.bit = (value);  DISP_REG_SET(cmdq, &REG, INREG32(&r));}    \
                                                               ^
drivers/misc/mediatek/dispsys/mt6735/ddp_dsi.c:2657:3: note: in expansion of macro 'DSI_OUTREGBIT'
   DSI_OUTREGBIT(NULL, DSI_INT_ENABLE_REG,DSI_REG[0]->DSI_INTEN,VM_DONE,1);
   ^
/home/satory-ra/Android/kernel/android_kernel_oukitel_orange/drivers/misc/mediatek/dispsys/mt6735/mt6735m/ddp_reg.h:1395:29: note: expected 'long unsigned int' but argument is of type 'volatile struct DSI_INT_ENABLE_REG *'
 static inline unsigned long disp_addr_convert(unsigned long va) 
                             ^
/home/satory-ra/Android/kernel/android_kernel_oukitel_orange/drivers/misc/mediatek/dispsys/mt6735/mt6735m/ddp_reg.h:1413:3: warning: passing argument 2 of 'dprec_reg_op' makes integer from pointer without a cast
   dprec_reg_op(handle, reg32, val, mask);\
   ^
drivers/misc/mediatek/dispsys/mt6735/ddp_dsi.c:58:145: note: in expansion of macro 'DISP_REG_MASK'
   if(cmdq)  {*(unsigned int*)(&r) = ((unsigned int)0x00000000);r.bit = ~(r.bit);*(unsigned int*)(&v) = ((unsigned int)0x00000000);v.bit = value;DISP_REG_MASK(cmdq, &REG, AS_UINT32(&v), AS_UINT32(&r));}  \
                                                                                                                                                 ^
drivers/misc/mediatek/dispsys/mt6735/ddp_dsi.c:2658:3: note: in expansion of macro 'DSI_OUTREGBIT'
   DSI_OUTREGBIT(NULL, DSI_INT_ENABLE_REG,DSI_REG[0]->DSI_INTEN,TE_RDY,1);
   ^
In file included from /home/satory-ra/Android/kernel/android_kernel_oukitel_orange/drivers/misc/mediatek/videox/mt6735/disp_drv_log.h:3:0,
                 from drivers/misc/mediatek/dispsys/mt6735/ddp_dsi.c:8:
/home/satory-ra/Android/kernel/android_kernel_oukitel_orange/drivers/misc/mediatek/dispsys/mt6735/display_recorder.h:136:6: note: expected 'unsigned int' but argument is of type 'volatile struct DSI_INT_ENABLE_REG *'
 void dprec_reg_op(void* cmdq, unsigned int reg, unsigned int val, unsigned int mask);
      ^
In file included from drivers/misc/mediatek/dispsys/mt6735/ddp_dsi.c:31:0:
/home/satory-ra/Android/kernel/android_kernel_oukitel_orange/drivers/misc/mediatek/dispsys/mt6735/mt6735m/ddp_reg.h:1420:25: warning: passing argument 1 of 'disp_addr_convert' makes integer from pointer without a cast
    cmdqRecWrite(handle, disp_addr_convert(reg32), val, mask); \
                         ^
drivers/misc/mediatek/dispsys/mt6735/ddp_dsi.c:58:145: note: in expansion of macro 'DISP_REG_MASK'
   if(cmdq)  {*(unsigned int*)(&r) = ((unsigned int)0x00000000);r.bit = ~(r.bit);*(unsigned int*)(&v) = ((unsigned int)0x00000000);v.bit = value;DISP_REG_MASK(cmdq, &REG, AS_UINT32(&v), AS_UINT32(&r));}  \
                                                                                                                                                 ^
drivers/misc/mediatek/dispsys/mt6735/ddp_dsi.c:2658:3: note: in expansion of macro 'DSI_OUTREGBIT'
   DSI_OUTREGBIT(NULL, DSI_INT_ENABLE_REG,DSI_REG[0]->DSI_INTEN,TE_RDY,1);
   ^
/home/satory-ra/Android/kernel/android_kernel_oukitel_orange/drivers/misc/mediatek/dispsys/mt6735/mt6735m/ddp_reg.h:1395:29: note: expected 'long unsigned int' but argument is of type 'volatile struct DSI_INT_ENABLE_REG *'
 static inline unsigned long disp_addr_convert(unsigned long va) 
                             ^
/home/satory-ra/Android/kernel/android_kernel_oukitel_orange/drivers/misc/mediatek/dispsys/mt6735/mt6735m/ddp_reg.h:1486:17: warning: passing argument 2 of 'dprec_reg_op' makes integer from pointer without a cast
                 dprec_reg_op(handle, reg32, val, 0x00000000);\
                 ^
drivers/misc/mediatek/dispsys/mt6735/ddp_dsi.c:59:63: note: in expansion of macro 'DISP_REG_SET'
   else{mt_reg_sync_writel(INREG32(&REG),&r);r.bit = (value);  DISP_REG_SET(cmdq, &REG, INREG32(&r));}    \
                                                               ^
drivers/misc/mediatek/dispsys/mt6735/ddp_dsi.c:2658:3: note: in expansion of macro 'DSI_OUTREGBIT'
   DSI_OUTREGBIT(NULL, DSI_INT_ENABLE_REG,DSI_REG[0]->DSI_INTEN,TE_RDY,1);
   ^
In file included from /home/satory-ra/Android/kernel/android_kernel_oukitel_orange/drivers/misc/mediatek/videox/mt6735/disp_drv_log.h:3:0,
                 from drivers/misc/mediatek/dispsys/mt6735/ddp_dsi.c:8:
/home/satory-ra/Android/kernel/android_kernel_oukitel_orange/drivers/misc/mediatek/dispsys/mt6735/display_recorder.h:136:6: note: expected 'unsigned int' but argument is of type 'volatile struct DSI_INT_ENABLE_REG *'
 void dprec_reg_op(void* cmdq, unsigned int reg, unsigned int val, unsigned int mask);
      ^
In file included from drivers/misc/mediatek/dispsys/mt6735/ddp_dsi.c:31:0:
/home/satory-ra/Android/kernel/android_kernel_oukitel_orange/drivers/misc/mediatek/dispsys/mt6735/mt6735m/ddp_reg.h:1487:38: warning: passing argument 1 of 'disp_addr_convert' makes integer from pointer without a cast
                 cmdqRecWrite(handle, disp_addr_convert(reg32), val, ~0); \
                                      ^
drivers/misc/mediatek/dispsys/mt6735/ddp_dsi.c:59:63: note: in expansion of macro 'DISP_REG_SET'
   else{mt_reg_sync_writel(INREG32(&REG),&r);r.bit = (value);  DISP_REG_SET(cmdq, &REG, INREG32(&r));}    \
                                                               ^
drivers/misc/mediatek/dispsys/mt6735/ddp_dsi.c:2658:3: note: in expansion of macro 'DSI_OUTREGBIT'
   DSI_OUTREGBIT(NULL, DSI_INT_ENABLE_REG,DSI_REG[0]->DSI_INTEN,TE_RDY,1);
   ^
/home/satory-ra/Android/kernel/android_kernel_oukitel_orange/drivers/misc/mediatek/dispsys/mt6735/mt6735m/ddp_reg.h:1395:29: note: expected 'long unsigned int' but argument is of type 'volatile struct DSI_INT_ENABLE_REG *'
 static inline unsigned long disp_addr_convert(unsigned long va) 
                             ^
/home/satory-ra/Android/kernel/android_kernel_oukitel_orange/drivers/misc/mediatek/dispsys/mt6735/mt6735m/ddp_reg.h:1413:3: warning: passing argument 2 of 'dprec_reg_op' makes integer from pointer without a cast
   dprec_reg_op(handle, reg32, val, mask);\
   ^
drivers/misc/mediatek/dispsys/mt6735/ddp_dsi.c:58:145: note: in expansion of macro 'DISP_REG_MASK'
   if(cmdq)  {*(unsigned int*)(&r) = ((unsigned int)0x00000000);r.bit = ~(r.bit);*(unsigned int*)(&v) = ((unsigned int)0x00000000);v.bit = value;DISP_REG_MASK(cmdq, &REG, AS_UINT32(&v), AS_UINT32(&r));}  \
                                                                                                                                                 ^
drivers/misc/mediatek/dispsys/mt6735/ddp_dsi.c:2659:3: note: in expansion of macro 'DSI_OUTREGBIT'
   DSI_OUTREGBIT(NULL, DSI_INT_ENABLE_REG,DSI_REG[0]->DSI_INTEN,VM_CMD_DONE,1);
   ^
In file included from /home/satory-ra/Android/kernel/android_kernel_oukitel_orange/drivers/misc/mediatek/videox/mt6735/disp_drv_log.h:3:0,
                 from drivers/misc/mediatek/dispsys/mt6735/ddp_dsi.c:8:
/home/satory-ra/Android/kernel/android_kernel_oukitel_orange/drivers/misc/mediatek/dispsys/mt6735/display_recorder.h:136:6: note: expected 'unsigned int' but argument is of type 'volatile struct DSI_INT_ENABLE_REG *'
 void dprec_reg_op(void* cmdq, unsigned int reg, unsigned int val, unsigned int mask);
      ^
In file included from drivers/misc/mediatek/dispsys/mt6735/ddp_dsi.c:31:0:
/home/satory-ra/Android/kernel/android_kernel_oukitel_orange/drivers/misc/mediatek/dispsys/mt6735/mt6735m/ddp_reg.h:1420:25: warning: passing argument 1 of 'disp_addr_convert' makes integer from pointer without a cast
    cmdqRecWrite(handle, disp_addr_convert(reg32), val, mask); \
                         ^
drivers/misc/mediatek/dispsys/mt6735/ddp_dsi.c:58:145: note: in expansion of macro 'DISP_REG_MASK'
   if(cmdq)  {*(unsigned int*)(&r) = ((unsigned int)0x00000000);r.bit = ~(r.bit);*(unsigned int*)(&v) = ((unsigned int)0x00000000);v.bit = value;DISP_REG_MASK(cmdq, &REG, AS_UINT32(&v), AS_UINT32(&r));}  \
                                                                                                                                                 ^
drivers/misc/mediatek/dispsys/mt6735/ddp_dsi.c:2659:3: note: in expansion of macro 'DSI_OUTREGBIT'
   DSI_OUTREGBIT(NULL, DSI_INT_ENABLE_REG,DSI_REG[0]->DSI_INTEN,VM_CMD_DONE,1);
   ^
/home/satory-ra/Android/kernel/android_kernel_oukitel_orange/drivers/misc/mediatek/dispsys/mt6735/mt6735m/ddp_reg.h:1395:29: note: expected 'long unsigned int' but argument is of type 'volatile struct DSI_INT_ENABLE_REG *'
 static inline unsigned long disp_addr_convert(unsigned long va) 
                             ^
/home/satory-ra/Android/kernel/android_kernel_oukitel_orange/drivers/misc/mediatek/dispsys/mt6735/mt6735m/ddp_reg.h:1486:17: warning: passing argument 2 of 'dprec_reg_op' makes integer from pointer without a cast
                 dprec_reg_op(handle, reg32, val, 0x00000000);\
                 ^
drivers/misc/mediatek/dispsys/mt6735/ddp_dsi.c:59:63: note: in expansion of macro 'DISP_REG_SET'
   else{mt_reg_sync_writel(INREG32(&REG),&r);r.bit = (value);  DISP_REG_SET(cmdq, &REG, INREG32(&r));}    \
                                                               ^
drivers/misc/mediatek/dispsys/mt6735/ddp_dsi.c:2659:3: note: in expansion of macro 'DSI_OUTREGBIT'
   DSI_OUTREGBIT(NULL, DSI_INT_ENABLE_REG,DSI_REG[0]->DSI_INTEN,VM_CMD_DONE,1);
   ^
In file included from /home/satory-ra/Android/kernel/android_kernel_oukitel_orange/drivers/misc/mediatek/videox/mt6735/disp_drv_log.h:3:0,
                 from drivers/misc/mediatek/dispsys/mt6735/ddp_dsi.c:8:
/home/satory-ra/Android/kernel/android_kernel_oukitel_orange/drivers/misc/mediatek/dispsys/mt6735/display_recorder.h:136:6: note: expected 'unsigned int' but argument is of type 'volatile struct DSI_INT_ENABLE_REG *'
 void dprec_reg_op(void* cmdq, unsigned int reg, unsigned int val, unsigned int mask);
      ^
In file included from drivers/misc/mediatek/dispsys/mt6735/ddp_dsi.c:31:0:
/home/satory-ra/Android/kernel/android_kernel_oukitel_orange/drivers/misc/mediatek/dispsys/mt6735/mt6735m/ddp_reg.h:1487:38: warning: passing argument 1 of 'disp_addr_convert' makes integer from pointer without a cast
                 cmdqRecWrite(handle, disp_addr_convert(reg32), val, ~0); \
                                      ^
drivers/misc/mediatek/dispsys/mt6735/ddp_dsi.c:59:63: note: in expansion of macro 'DISP_REG_SET'
   else{mt_reg_sync_writel(INREG32(&REG),&r);r.bit = (value);  DISP_REG_SET(cmdq, &REG, INREG32(&r));}    \
                                                               ^
drivers/misc/mediatek/dispsys/mt6735/ddp_dsi.c:2659:3: note: in expansion of macro 'DSI_OUTREGBIT'
   DSI_OUTREGBIT(NULL, DSI_INT_ENABLE_REG,DSI_REG[0]->DSI_INTEN,VM_CMD_DONE,1);
   ^
/home/satory-ra/Android/kernel/android_kernel_oukitel_orange/drivers/misc/mediatek/dispsys/mt6735/mt6735m/ddp_reg.h:1395:29: note: expected 'long unsigned int' but argument is of type 'volatile struct DSI_INT_ENABLE_REG *'
 static inline unsigned long disp_addr_convert(unsigned long va) 
                             ^
/home/satory-ra/Android/kernel/android_kernel_oukitel_orange/drivers/misc/mediatek/dispsys/mt6735/mt6735m/ddp_reg.h:1413:3: warning: passing argument 2 of 'dprec_reg_op' makes integer from pointer without a cast
   dprec_reg_op(handle, reg32, val, mask);\
   ^
drivers/misc/mediatek/dispsys/mt6735/ddp_dsi.c:58:145: note: in expansion of macro 'DISP_REG_MASK'
   if(cmdq)  {*(unsigned int*)(&r) = ((unsigned int)0x00000000);r.bit = ~(r.bit);*(unsigned int*)(&v) = ((unsigned int)0x00000000);v.bit = value;DISP_REG_MASK(cmdq, &REG, AS_UINT32(&v), AS_UINT32(&r));}  \
                                                                                                                                                 ^
drivers/misc/mediatek/dispsys/mt6735/ddp_dsi.c:2660:9: note: in expansion of macro 'DSI_OUTREGBIT'
         DSI_OUTREGBIT(NULL, DSI_INT_ENABLE_REG,DSI_REG[0]->DSI_INTEN,SLEEPOUT_DONE,1);
         ^
In file included from /home/satory-ra/Android/kernel/android_kernel_oukitel_orange/drivers/misc/mediatek/videox/mt6735/disp_drv_log.h:3:0,
                 from drivers/misc/mediatek/dispsys/mt6735/ddp_dsi.c:8:
/home/satory-ra/Android/kernel/android_kernel_oukitel_orange/drivers/misc/mediatek/dispsys/mt6735/display_recorder.h:136:6: note: expected 'unsigned int' but argument is of type 'volatile struct DSI_INT_ENABLE_REG *'
 void dprec_reg_op(void* cmdq, unsigned int reg, unsigned int val, unsigned int mask);
      ^
  CC      drivers/misc/mediatek/connectivity/conn_soc/drv_wlan/mt_wifi/wlan/mgmt/p2p_fsm.o
In file included from drivers/misc/mediatek/dispsys/mt6735/ddp_dsi.c:31:0:
/home/satory-ra/Android/kernel/android_kernel_oukitel_orange/drivers/misc/mediatek/dispsys/mt6735/mt6735m/ddp_reg.h:1420:25: warning: passing argument 1 of 'disp_addr_convert' makes integer from pointer without a cast
    cmdqRecWrite(handle, disp_addr_convert(reg32), val, mask); \
                         ^
drivers/misc/mediatek/dispsys/mt6735/ddp_dsi.c:58:145: note: in expansion of macro 'DISP_REG_MASK'
   if(cmdq)  {*(unsigned int*)(&r) = ((unsigned int)0x00000000);r.bit = ~(r.bit);*(unsigned int*)(&v) = ((unsigned int)0x00000000);v.bit = value;DISP_REG_MASK(cmdq, &REG, AS_UINT32(&v), AS_UINT32(&r));}  \
                                                                                                                                                 ^
drivers/misc/mediatek/dispsys/mt6735/ddp_dsi.c:2660:9: note: in expansion of macro 'DSI_OUTREGBIT'
         DSI_OUTREGBIT(NULL, DSI_INT_ENABLE_REG,DSI_REG[0]->DSI_INTEN,SLEEPOUT_DONE,1);
         ^
/home/satory-ra/Android/kernel/android_kernel_oukitel_orange/drivers/misc/mediatek/dispsys/mt6735/mt6735m/ddp_reg.h:1395:29: note: expected 'long unsigned int' but argument is of type 'volatile struct DSI_INT_ENABLE_REG *'
 static inline unsigned long disp_addr_convert(unsigned long va) 
                             ^
/home/satory-ra/Android/kernel/android_kernel_oukitel_orange/drivers/misc/mediatek/dispsys/mt6735/mt6735m/ddp_reg.h:1486:17: warning: passing argument 2 of 'dprec_reg_op' makes integer from pointer without a cast
                 dprec_reg_op(handle, reg32, val, 0x00000000);\
                 ^
drivers/misc/mediatek/dispsys/mt6735/ddp_dsi.c:59:63: note: in expansion of macro 'DISP_REG_SET'
   else{mt_reg_sync_writel(INREG32(&REG),&r);r.bit = (value);  DISP_REG_SET(cmdq, &REG, INREG32(&r));}    \
                                                               ^
drivers/misc/mediatek/dispsys/mt6735/ddp_dsi.c:2660:9: note: in expansion of macro 'DSI_OUTREGBIT'
         DSI_OUTREGBIT(NULL, DSI_INT_ENABLE_REG,DSI_REG[0]->DSI_INTEN,SLEEPOUT_DONE,1);
         ^
In file included from /home/satory-ra/Android/kernel/android_kernel_oukitel_orange/drivers/misc/mediatek/videox/mt6735/disp_drv_log.h:3:0,
                 from drivers/misc/mediatek/dispsys/mt6735/ddp_dsi.c:8:
/home/satory-ra/Android/kernel/android_kernel_oukitel_orange/drivers/misc/mediatek/dispsys/mt6735/display_recorder.h:136:6: note: expected 'unsigned int' but argument is of type 'volatile struct DSI_INT_ENABLE_REG *'
 void dprec_reg_op(void* cmdq, unsigned int reg, unsigned int val, unsigned int mask);
      ^
In file included from drivers/misc/mediatek/dispsys/mt6735/ddp_dsi.c:31:0:
/home/satory-ra/Android/kernel/android_kernel_oukitel_orange/drivers/misc/mediatek/dispsys/mt6735/mt6735m/ddp_reg.h:1487:38: warning: passing argument 1 of 'disp_addr_convert' makes integer from pointer without a cast
                 cmdqRecWrite(handle, disp_addr_convert(reg32), val, ~0); \
                                      ^
drivers/misc/mediatek/dispsys/mt6735/ddp_dsi.c:59:63: note: in expansion of macro 'DISP_REG_SET'
   else{mt_reg_sync_writel(INREG32(&REG),&r);r.bit = (value);  DISP_REG_SET(cmdq, &REG, INREG32(&r));}    \
                                                               ^
drivers/misc/mediatek/dispsys/mt6735/ddp_dsi.c:2660:9: note: in expansion of macro 'DSI_OUTREGBIT'
         DSI_OUTREGBIT(NULL, DSI_INT_ENABLE_REG,DSI_REG[0]->DSI_INTEN,SLEEPOUT_DONE,1);
         ^
/home/satory-ra/Android/kernel/android_kernel_oukitel_orange/drivers/misc/mediatek/dispsys/mt6735/mt6735m/ddp_reg.h:1395:29: note: expected 'long unsigned int' but argument is of type 'volatile struct DSI_INT_ENABLE_REG *'
 static inline unsigned long disp_addr_convert(unsigned long va) 
                             ^
drivers/misc/mediatek/dispsys/mt6735/ddp_dsi.c: In function '_dump_dsi_params':
drivers/misc/mediatek/dispsys/mt6735/ddp_dsi.c:2674:6: warning: unused variable 'i' [-Wunused-variable]
  int i = 0;
      ^
In file included from drivers/misc/mediatek/dispsys/mt6735/ddp_dsi.c:31:0:
drivers/misc/mediatek/dispsys/mt6735/ddp_dsi.c: In function 'DSI_PHY_CLK_LP_PerLine_config':
/home/satory-ra/Android/kernel/android_kernel_oukitel_orange/drivers/misc/mediatek/dispsys/mt6735/mt6735m/ddp_reg.h:1486:17: warning: passing argument 2 of 'dprec_reg_op' makes integer from pointer without a cast
                 dprec_reg_op(handle, reg32, val, 0x00000000);\
                 ^
drivers/misc/mediatek/dispsys/mt6735/ddp_dsi.c:40:39: note: in expansion of macro 'DISP_REG_SET'
 #define DSI_OUTREG32(cmdq, addr, val) DISP_REG_SET(cmdq, addr,val)
                                       ^
drivers/misc/mediatek/dispsys/mt6735/ddp_dsi.c:2733:3: note: in expansion of macro 'DSI_OUTREG32'
   DSI_OUTREG32(cmdq,&hsa, AS_UINT32(&DSI_REG[i]->DSI_HSA_WC));
   ^
In file included from /home/satory-ra/Android/kernel/android_kernel_oukitel_orange/drivers/misc/mediatek/videox/mt6735/disp_drv_log.h:3:0,
                 from drivers/misc/mediatek/dispsys/mt6735/ddp_dsi.c:8:
/home/satory-ra/Android/kernel/android_kernel_oukitel_orange/drivers/misc/mediatek/dispsys/mt6735/display_recorder.h:136:6: note: expected 'unsigned int' but argument is of type 'struct DSI_HSA_WC_REG *'
 void dprec_reg_op(void* cmdq, unsigned int reg, unsigned int val, unsigned int mask);
      ^
In file included from drivers/misc/mediatek/dispsys/mt6735/ddp_dsi.c:31:0:
/home/satory-ra/Android/kernel/android_kernel_oukitel_orange/drivers/misc/mediatek/dispsys/mt6735/mt6735m/ddp_reg.h:1487:38: warning: passing argument 1 of 'disp_addr_convert' makes integer from pointer without a cast
                 cmdqRecWrite(handle, disp_addr_convert(reg32), val, ~0); \
                                      ^
drivers/misc/mediatek/dispsys/mt6735/ddp_dsi.c:40:39: note: in expansion of macro 'DISP_REG_SET'
 #define DSI_OUTREG32(cmdq, addr, val) DISP_REG_SET(cmdq, addr,val)
                                       ^
drivers/misc/mediatek/dispsys/mt6735/ddp_dsi.c:2733:3: note: in expansion of macro 'DSI_OUTREG32'
   DSI_OUTREG32(cmdq,&hsa, AS_UINT32(&DSI_REG[i]->DSI_HSA_WC));
   ^
/home/satory-ra/Android/kernel/android_kernel_oukitel_orange/drivers/misc/mediatek/dispsys/mt6735/mt6735m/ddp_reg.h:1395:29: note: expected 'long unsigned int' but argument is of type 'struct DSI_HSA_WC_REG *'
 static inline unsigned long disp_addr_convert(unsigned long va) 
                             ^
/home/satory-ra/Android/kernel/android_kernel_oukitel_orange/drivers/misc/mediatek/dispsys/mt6735/mt6735m/ddp_reg.h:1486:17: warning: passing argument 2 of 'dprec_reg_op' makes integer from pointer without a cast
                 dprec_reg_op(handle, reg32, val, 0x00000000);\
                 ^
drivers/misc/mediatek/dispsys/mt6735/ddp_dsi.c:40:39: note: in expansion of macro 'DISP_REG_SET'
 #define DSI_OUTREG32(cmdq, addr, val) DISP_REG_SET(cmdq, addr,val)
                                       ^
drivers/misc/mediatek/dispsys/mt6735/ddp_dsi.c:2734:3: note: in expansion of macro 'DSI_OUTREG32'
   DSI_OUTREG32(cmdq,&hbp, AS_UINT32(&DSI_REG[i]->DSI_HBP_WC));
   ^
In file included from /home/satory-ra/Android/kernel/android_kernel_oukitel_orange/drivers/misc/mediatek/videox/mt6735/disp_drv_log.h:3:0,
                 from drivers/misc/mediatek/dispsys/mt6735/ddp_dsi.c:8:
/home/satory-ra/Android/kernel/android_kernel_oukitel_orange/drivers/misc/mediatek/dispsys/mt6735/display_recorder.h:136:6: note: expected 'unsigned int' but argument is of type 'struct DSI_HBP_WC_REG *'
 void dprec_reg_op(void* cmdq, unsigned int reg, unsigned int val, unsigned int mask);
      ^
In file included from drivers/misc/mediatek/dispsys/mt6735/ddp_dsi.c:31:0:
/home/satory-ra/Android/kernel/android_kernel_oukitel_orange/drivers/misc/mediatek/dispsys/mt6735/mt6735m/ddp_reg.h:1487:38: warning: passing argument 1 of 'disp_addr_convert' makes integer from pointer without a cast
                 cmdqRecWrite(handle, disp_addr_convert(reg32), val, ~0); \
                                      ^
drivers/misc/mediatek/dispsys/mt6735/ddp_dsi.c:40:39: note: in expansion of macro 'DISP_REG_SET'
 #define DSI_OUTREG32(cmdq, addr, val) DISP_REG_SET(cmdq, addr,val)
                                       ^
drivers/misc/mediatek/dispsys/mt6735/ddp_dsi.c:2734:3: note: in expansion of macro 'DSI_OUTREG32'
   DSI_OUTREG32(cmdq,&hbp, AS_UINT32(&DSI_REG[i]->DSI_HBP_WC));
   ^
/home/satory-ra/Android/kernel/android_kernel_oukitel_orange/drivers/misc/mediatek/dispsys/mt6735/mt6735m/ddp_reg.h:1395:29: note: expected 'long unsigned int' but argument is of type 'struct DSI_HBP_WC_REG *'
 static inline unsigned long disp_addr_convert(unsigned long va) 
                             ^
/home/satory-ra/Android/kernel/android_kernel_oukitel_orange/drivers/misc/mediatek/dispsys/mt6735/mt6735m/ddp_reg.h:1486:17: warning: passing argument 2 of 'dprec_reg_op' makes integer from pointer without a cast
                 dprec_reg_op(handle, reg32, val, 0x00000000);\
                 ^
drivers/misc/mediatek/dispsys/mt6735/ddp_dsi.c:40:39: note: in expansion of macro 'DISP_REG_SET'
 #define DSI_OUTREG32(cmdq, addr, val) DISP_REG_SET(cmdq, addr,val)
                                       ^
drivers/misc/mediatek/dispsys/mt6735/ddp_dsi.c:2735:3: note: in expansion of macro 'DSI_OUTREG32'
   DSI_OUTREG32(cmdq,&hfp, AS_UINT32(&DSI_REG[i]->DSI_HFP_WC));
   ^
In file included from /home/satory-ra/Android/kernel/android_kernel_oukitel_orange/drivers/misc/mediatek/videox/mt6735/disp_drv_log.h:3:0,
                 from drivers/misc/mediatek/dispsys/mt6735/ddp_dsi.c:8:
/home/satory-ra/Android/kernel/android_kernel_oukitel_orange/drivers/misc/mediatek/dispsys/mt6735/display_recorder.h:136:6: note: expected 'unsigned int' but argument is of type 'struct DSI_HFP_WC_REG *'
 void dprec_reg_op(void* cmdq, unsigned int reg, unsigned int val, unsigned int mask);
      ^
In file included from drivers/misc/mediatek/dispsys/mt6735/ddp_dsi.c:31:0:
/home/satory-ra/Android/kernel/android_kernel_oukitel_orange/drivers/misc/mediatek/dispsys/mt6735/mt6735m/ddp_reg.h:1487:38: warning: passing argument 1 of 'disp_addr_convert' makes integer from pointer without a cast
                 cmdqRecWrite(handle, disp_addr_convert(reg32), val, ~0); \
                                      ^
drivers/misc/mediatek/dispsys/mt6735/ddp_dsi.c:40:39: note: in expansion of macro 'DISP_REG_SET'
 #define DSI_OUTREG32(cmdq, addr, val) DISP_REG_SET(cmdq, addr,val)
                                       ^
drivers/misc/mediatek/dispsys/mt6735/ddp_dsi.c:2735:3: note: in expansion of macro 'DSI_OUTREG32'
   DSI_OUTREG32(cmdq,&hfp, AS_UINT32(&DSI_REG[i]->DSI_HFP_WC));
   ^
/home/satory-ra/Android/kernel/android_kernel_oukitel_orange/drivers/misc/mediatek/dispsys/mt6735/mt6735m/ddp_reg.h:1395:29: note: expected 'long unsigned int' but argument is of type 'struct DSI_HFP_WC_REG *'
 static inline unsigned long disp_addr_convert(unsigned long va) 
                             ^
/home/satory-ra/Android/kernel/android_kernel_oukitel_orange/drivers/misc/mediatek/dispsys/mt6735/mt6735m/ddp_reg.h:1486:17: warning: passing argument 2 of 'dprec_reg_op' makes integer from pointer without a cast
                 dprec_reg_op(handle, reg32, val, 0x00000000);\
                 ^
drivers/misc/mediatek/dispsys/mt6735/ddp_dsi.c:40:39: note: in expansion of macro 'DISP_REG_SET'
 #define DSI_OUTREG32(cmdq, addr, val) DISP_REG_SET(cmdq, addr,val)
                                       ^
drivers/misc/mediatek/dispsys/mt6735/ddp_dsi.c:2736:3: note: in expansion of macro 'DSI_OUTREG32'
   DSI_OUTREG32(cmdq,&bllp, AS_UINT32(&DSI_REG[i]->DSI_BLLP_WC));
   ^
In file included from /home/satory-ra/Android/kernel/android_kernel_oukitel_orange/drivers/misc/mediatek/videox/mt6735/disp_drv_log.h:3:0,
                 from drivers/misc/mediatek/dispsys/mt6735/ddp_dsi.c:8:
/home/satory-ra/Android/kernel/android_kernel_oukitel_orange/drivers/misc/mediatek/dispsys/mt6735/display_recorder.h:136:6: note: expected 'unsigned int' but argument is of type 'struct DSI_BLLP_WC_REG *'
 void dprec_reg_op(void* cmdq, unsigned int reg, unsigned int val, unsigned int mask);
      ^
In file included from drivers/misc/mediatek/dispsys/mt6735/ddp_dsi.c:31:0:
/home/satory-ra/Android/kernel/android_kernel_oukitel_orange/drivers/misc/mediatek/dispsys/mt6735/mt6735m/ddp_reg.h:1487:38: warning: passing argument 1 of 'disp_addr_convert' makes integer from pointer without a cast
                 cmdqRecWrite(handle, disp_addr_convert(reg32), val, ~0); \
                                      ^
drivers/misc/mediatek/dispsys/mt6735/ddp_dsi.c:40:39: note: in expansion of macro 'DISP_REG_SET'
 #define DSI_OUTREG32(cmdq, addr, val) DISP_REG_SET(cmdq, addr,val)
                                       ^
drivers/misc/mediatek/dispsys/mt6735/ddp_dsi.c:2736:3: note: in expansion of macro 'DSI_OUTREG32'
   DSI_OUTREG32(cmdq,&bllp, AS_UINT32(&DSI_REG[i]->DSI_BLLP_WC));
   ^
/home/satory-ra/Android/kernel/android_kernel_oukitel_orange/drivers/misc/mediatek/dispsys/mt6735/mt6735m/ddp_reg.h:1395:29: note: expected 'long unsigned int' but argument is of type 'struct DSI_BLLP_WC_REG *'
 static inline unsigned long disp_addr_convert(unsigned long va) 
                             ^
/home/satory-ra/Android/kernel/android_kernel_oukitel_orange/drivers/misc/mediatek/dispsys/mt6735/mt6735m/ddp_reg.h:1486:17: warning: passing argument 2 of 'dprec_reg_op' makes integer from pointer without a cast
                 dprec_reg_op(handle, reg32, val, 0x00000000);\
                 ^
drivers/misc/mediatek/dispsys/mt6735/ddp_dsi.c:40:39: note: in expansion of macro 'DISP_REG_SET'
 #define DSI_OUTREG32(cmdq, addr, val) DISP_REG_SET(cmdq, addr,val)
                                       ^
drivers/misc/mediatek/dispsys/mt6735/ddp_dsi.c:2737:3: note: in expansion of macro 'DSI_OUTREG32'
   DSI_OUTREG32(cmdq,&ps, AS_UINT32(&DSI_REG[i]->DSI_PSCTRL));
   ^
In file included from /home/satory-ra/Android/kernel/android_kernel_oukitel_orange/drivers/misc/mediatek/videox/mt6735/disp_drv_log.h:3:0,
                 from drivers/misc/mediatek/dispsys/mt6735/ddp_dsi.c:8:
/home/satory-ra/Android/kernel/android_kernel_oukitel_orange/drivers/misc/mediatek/dispsys/mt6735/display_recorder.h:136:6: note: expected 'unsigned int' but argument is of type 'struct DSI_PSCTRL_REG *'
 void dprec_reg_op(void* cmdq, unsigned int reg, unsigned int val, unsigned int mask);
      ^
In file included from drivers/misc/mediatek/dispsys/mt6735/ddp_dsi.c:31:0:
/home/satory-ra/Android/kernel/android_kernel_oukitel_orange/drivers/misc/mediatek/dispsys/mt6735/mt6735m/ddp_reg.h:1487:38: warning: passing argument 1 of 'disp_addr_convert' makes integer from pointer without a cast
                 cmdqRecWrite(handle, disp_addr_convert(reg32), val, ~0); \
                                      ^
drivers/misc/mediatek/dispsys/mt6735/ddp_dsi.c:40:39: note: in expansion of macro 'DISP_REG_SET'
 #define DSI_OUTREG32(cmdq, addr, val) DISP_REG_SET(cmdq, addr,val)
                                       ^
drivers/misc/mediatek/dispsys/mt6735/ddp_dsi.c:2737:3: note: in expansion of macro 'DSI_OUTREG32'
   DSI_OUTREG32(cmdq,&ps, AS_UINT32(&DSI_REG[i]->DSI_PSCTRL));
   ^
/home/satory-ra/Android/kernel/android_kernel_oukitel_orange/drivers/misc/mediatek/dispsys/mt6735/mt6735m/ddp_reg.h:1395:29: note: expected 'long unsigned int' but argument is of type 'struct DSI_PSCTRL_REG *'
 static inline unsigned long disp_addr_convert(unsigned long va) 
                             ^
/home/satory-ra/Android/kernel/android_kernel_oukitel_orange/drivers/misc/mediatek/dispsys/mt6735/mt6735m/ddp_reg.h:1486:17: warning: passing argument 2 of 'dprec_reg_op' makes integer from pointer without a cast
                 dprec_reg_op(handle, reg32, val, 0x00000000);\
                 ^
drivers/misc/mediatek/dispsys/mt6735/ddp_dsi.c:40:39: note: in expansion of macro 'DISP_REG_SET'
 #define DSI_OUTREG32(cmdq, addr, val) DISP_REG_SET(cmdq, addr,val)
                                       ^
drivers/misc/mediatek/dispsys/mt6735/ddp_dsi.c:2738:3: note: in expansion of macro 'DSI_OUTREG32'
   DSI_OUTREG32(cmdq,&hstx_ckl_wc, AS_UINT32(&DSI_REG[i]->DSI_HSTX_CKL_WC));
   ^
In file included from /home/satory-ra/Android/kernel/android_kernel_oukitel_orange/drivers/misc/mediatek/videox/mt6735/disp_drv_log.h:3:0,
                 from drivers/misc/mediatek/dispsys/mt6735/ddp_dsi.c:8:
/home/satory-ra/Android/kernel/android_kernel_oukitel_orange/drivers/misc/mediatek/dispsys/mt6735/display_recorder.h:136:6: note: expected 'unsigned int' but argument is of type 'UINT32 *'
 void dprec_reg_op(void* cmdq, unsigned int reg, unsigned int val, unsigned int mask);
      ^
In file included from drivers/misc/mediatek/dispsys/mt6735/ddp_dsi.c:31:0:
/home/satory-ra/Android/kernel/android_kernel_oukitel_orange/drivers/misc/mediatek/dispsys/mt6735/mt6735m/ddp_reg.h:1487:38: warning: passing argument 1 of 'disp_addr_convert' makes integer from pointer without a cast
                 cmdqRecWrite(handle, disp_addr_convert(reg32), val, ~0); \
                                      ^
drivers/misc/mediatek/dispsys/mt6735/ddp_dsi.c:40:39: note: in expansion of macro 'DISP_REG_SET'
 #define DSI_OUTREG32(cmdq, addr, val) DISP_REG_SET(cmdq, addr,val)
                                       ^
drivers/misc/mediatek/dispsys/mt6735/ddp_dsi.c:2738:3: note: in expansion of macro 'DSI_OUTREG32'
   DSI_OUTREG32(cmdq,&hstx_ckl_wc, AS_UINT32(&DSI_REG[i]->DSI_HSTX_CKL_WC));
   ^
/home/satory-ra/Android/kernel/android_kernel_oukitel_orange/drivers/misc/mediatek/dispsys/mt6735/mt6735m/ddp_reg.h:1395:29: note: expected 'long unsigned int' but argument is of type 'UINT32 *'
 static inline unsigned long disp_addr_convert(unsigned long va) 
                             ^
/home/satory-ra/Android/kernel/android_kernel_oukitel_orange/drivers/misc/mediatek/dispsys/mt6735/mt6735m/ddp_reg.h:1486:17: warning: passing argument 2 of 'dprec_reg_op' makes integer from pointer without a cast
                 dprec_reg_op(handle, reg32, val, 0x00000000);\
                 ^
drivers/misc/mediatek/dispsys/mt6735/ddp_dsi.c:40:39: note: in expansion of macro 'DISP_REG_SET'
 #define DSI_OUTREG32(cmdq, addr, val) DISP_REG_SET(cmdq, addr,val)
                                       ^
drivers/misc/mediatek/dispsys/mt6735/ddp_dsi.c:2739:3: note: in expansion of macro 'DSI_OUTREG32'
   DSI_OUTREG32(cmdq,&timcon0, AS_UINT32(&DSI_REG[i]->DSI_PHY_TIMECON0));
   ^
In file included from /home/satory-ra/Android/kernel/android_kernel_oukitel_orange/drivers/misc/mediatek/videox/mt6735/disp_drv_log.h:3:0,
                 from drivers/misc/mediatek/dispsys/mt6735/ddp_dsi.c:8:
/home/satory-ra/Android/kernel/android_kernel_oukitel_orange/drivers/misc/mediatek/dispsys/mt6735/display_recorder.h:136:6: note: expected 'unsigned int' but argument is of type 'struct DSI_PHY_TIMCON0_REG *'
 void dprec_reg_op(void* cmdq, unsigned int reg, unsigned int val, unsigned int mask);
      ^
In file included from drivers/misc/mediatek/dispsys/mt6735/ddp_dsi.c:31:0:
/home/satory-ra/Android/kernel/android_kernel_oukitel_orange/drivers/misc/mediatek/dispsys/mt6735/mt6735m/ddp_reg.h:1487:38: warning: passing argument 1 of 'disp_addr_convert' makes integer from pointer without a cast
                 cmdqRecWrite(handle, disp_addr_convert(reg32), val, ~0); \
                                      ^
drivers/misc/mediatek/dispsys/mt6735/ddp_dsi.c:40:39: note: in expansion of macro 'DISP_REG_SET'
 #define DSI_OUTREG32(cmdq, addr, val) DISP_REG_SET(cmdq, addr,val)
                                       ^
drivers/misc/mediatek/dispsys/mt6735/ddp_dsi.c:2739:3: note: in expansion of macro 'DSI_OUTREG32'
   DSI_OUTREG32(cmdq,&timcon0, AS_UINT32(&DSI_REG[i]->DSI_PHY_TIMECON0));
   ^
/home/satory-ra/Android/kernel/android_kernel_oukitel_orange/drivers/misc/mediatek/dispsys/mt6735/mt6735m/ddp_reg.h:1395:29: note: expected 'long unsigned int' but argument is of type 'struct DSI_PHY_TIMCON0_REG *'
 static inline unsigned long disp_addr_convert(unsigned long va) 
                             ^
/home/satory-ra/Android/kernel/android_kernel_oukitel_orange/drivers/misc/mediatek/dispsys/mt6735/mt6735m/ddp_reg.h:1486:17: warning: passing argument 2 of 'dprec_reg_op' makes integer from pointer without a cast
                 dprec_reg_op(handle, reg32, val, 0x00000000);\
                 ^
drivers/misc/mediatek/dispsys/mt6735/ddp_dsi.c:40:39: note: in expansion of macro 'DISP_REG_SET'
 #define DSI_OUTREG32(cmdq, addr, val) DISP_REG_SET(cmdq, addr,val)
                                       ^
drivers/misc/mediatek/dispsys/mt6735/ddp_dsi.c:2740:3: note: in expansion of macro 'DSI_OUTREG32'
   DSI_OUTREG32(cmdq,&timcon2, AS_UINT32(&DSI_REG[i]->DSI_PHY_TIMECON2));
   ^
In file included from /home/satory-ra/Android/kernel/android_kernel_oukitel_orange/drivers/misc/mediatek/videox/mt6735/disp_drv_log.h:3:0,
                 from drivers/misc/mediatek/dispsys/mt6735/ddp_dsi.c:8:
/home/satory-ra/Android/kernel/android_kernel_oukitel_orange/drivers/misc/mediatek/dispsys/mt6735/display_recorder.h:136:6: note: expected 'unsigned int' but argument is of type 'struct DSI_PHY_TIMCON2_REG *'
 void dprec_reg_op(void* cmdq, unsigned int reg, unsigned int val, unsigned int mask);
      ^
In file included from drivers/misc/mediatek/dispsys/mt6735/ddp_dsi.c:31:0:
/home/satory-ra/Android/kernel/android_kernel_oukitel_orange/drivers/misc/mediatek/dispsys/mt6735/mt6735m/ddp_reg.h:1487:38: warning: passing argument 1 of 'disp_addr_convert' makes integer from pointer without a cast
                 cmdqRecWrite(handle, disp_addr_convert(reg32), val, ~0); \
                                      ^
drivers/misc/mediatek/dispsys/mt6735/ddp_dsi.c:40:39: note: in expansion of macro 'DISP_REG_SET'
 #define DSI_OUTREG32(cmdq, addr, val) DISP_REG_SET(cmdq, addr,val)
                                       ^
drivers/misc/mediatek/dispsys/mt6735/ddp_dsi.c:2740:3: note: in expansion of macro 'DSI_OUTREG32'
   DSI_OUTREG32(cmdq,&timcon2, AS_UINT32(&DSI_REG[i]->DSI_PHY_TIMECON2));
   ^
/home/satory-ra/Android/kernel/android_kernel_oukitel_orange/drivers/misc/mediatek/dispsys/mt6735/mt6735m/ddp_reg.h:1395:29: note: expected 'long unsigned int' but argument is of type 'struct DSI_PHY_TIMCON2_REG *'
 static inline unsigned long disp_addr_convert(unsigned long va) 
                             ^
/home/satory-ra/Android/kernel/android_kernel_oukitel_orange/drivers/misc/mediatek/dispsys/mt6735/mt6735m/ddp_reg.h:1486:17: warning: passing argument 2 of 'dprec_reg_op' makes integer from pointer without a cast
                 dprec_reg_op(handle, reg32, val, 0x00000000);\
                 ^
drivers/misc/mediatek/dispsys/mt6735/ddp_dsi.c:40:39: note: in expansion of macro 'DISP_REG_SET'
 #define DSI_OUTREG32(cmdq, addr, val) DISP_REG_SET(cmdq, addr,val)
                                       ^
drivers/misc/mediatek/dispsys/mt6735/ddp_dsi.c:2741:3: note: in expansion of macro 'DSI_OUTREG32'
   DSI_OUTREG32(cmdq,&timcon3, AS_UINT32(&DSI_REG[i]->DSI_PHY_TIMECON3));
   ^
In file included from /home/satory-ra/Android/kernel/android_kernel_oukitel_orange/drivers/misc/mediatek/videox/mt6735/disp_drv_log.h:3:0,
                 from drivers/misc/mediatek/dispsys/mt6735/ddp_dsi.c:8:
/home/satory-ra/Android/kernel/android_kernel_oukitel_orange/drivers/misc/mediatek/dispsys/mt6735/display_recorder.h:136:6: note: expected 'unsigned int' but argument is of type 'struct DSI_PHY_TIMCON3_REG *'
 void dprec_reg_op(void* cmdq, unsigned int reg, unsigned int val, unsigned int mask);
      ^
In file included from drivers/misc/mediatek/dispsys/mt6735/ddp_dsi.c:31:0:
/home/satory-ra/Android/kernel/android_kernel_oukitel_orange/drivers/misc/mediatek/dispsys/mt6735/mt6735m/ddp_reg.h:1487:38: warning: passing argument 1 of 'disp_addr_convert' makes integer from pointer without a cast
                 cmdqRecWrite(handle, disp_addr_convert(reg32), val, ~0); \
                                      ^
drivers/misc/mediatek/dispsys/mt6735/ddp_dsi.c:40:39: note: in expansion of macro 'DISP_REG_SET'
 #define DSI_OUTREG32(cmdq, addr, val) DISP_REG_SET(cmdq, addr,val)
                                       ^
drivers/misc/mediatek/dispsys/mt6735/ddp_dsi.c:2741:3: note: in expansion of macro 'DSI_OUTREG32'
   DSI_OUTREG32(cmdq,&timcon3, AS_UINT32(&DSI_REG[i]->DSI_PHY_TIMECON3));
   ^
/home/satory-ra/Android/kernel/android_kernel_oukitel_orange/drivers/misc/mediatek/dispsys/mt6735/mt6735m/ddp_reg.h:1395:29: note: expected 'long unsigned int' but argument is of type 'struct DSI_PHY_TIMCON3_REG *'
 static inline unsigned long disp_addr_convert(unsigned long va) 
                             ^
/home/satory-ra/Android/kernel/android_kernel_oukitel_orange/drivers/misc/mediatek/dispsys/mt6735/mt6735m/ddp_reg.h:1486:17: warning: passing argument 2 of 'dprec_reg_op' makes integer from pointer without a cast
                 dprec_reg_op(handle, reg32, val, 0x00000000);\
                 ^
drivers/misc/mediatek/dispsys/mt6735/ddp_dsi.c:40:39: note: in expansion of macro 'DISP_REG_SET'
 #define DSI_OUTREG32(cmdq, addr, val) DISP_REG_SET(cmdq, addr,val)
                                       ^
drivers/misc/mediatek/dispsys/mt6735/ddp_dsi.c:2759:4: note: in expansion of macro 'DSI_OUTREG32'
    DSI_OUTREG32(cmdq,&DSI_REG[i]->DSI_HFP_WC,(v_b+v_c+DIFF_CLK_LANE_LP));//B+C < HFP ,here diff is 0x10;
    ^
In file included from /home/satory-ra/Android/kernel/android_kernel_oukitel_orange/drivers/misc/mediatek/videox/mt6735/disp_drv_log.h:3:0,
                 from drivers/misc/mediatek/dispsys/mt6735/ddp_dsi.c:8:
/home/satory-ra/Android/kernel/android_kernel_oukitel_orange/drivers/misc/mediatek/dispsys/mt6735/display_recorder.h:136:6: note: expected 'unsigned int' but argument is of type 'volatile struct DSI_HFP_WC_REG *'
 void dprec_reg_op(void* cmdq, unsigned int reg, unsigned int val, unsigned int mask);
      ^
In file included from drivers/misc/mediatek/dispsys/mt6735/ddp_dsi.c:31:0:
/home/satory-ra/Android/kernel/android_kernel_oukitel_orange/drivers/misc/mediatek/dispsys/mt6735/mt6735m/ddp_reg.h:1487:38: warning: passing argument 1 of 'disp_addr_convert' makes integer from pointer without a cast
                 cmdqRecWrite(handle, disp_addr_convert(reg32), val, ~0); \
                                      ^
drivers/misc/mediatek/dispsys/mt6735/ddp_dsi.c:40:39: note: in expansion of macro 'DISP_REG_SET'
 #define DSI_OUTREG32(cmdq, addr, val) DISP_REG_SET(cmdq, addr,val)
                                       ^
drivers/misc/mediatek/dispsys/mt6735/ddp_dsi.c:2759:4: note: in expansion of macro 'DSI_OUTREG32'
    DSI_OUTREG32(cmdq,&DSI_REG[i]->DSI_HFP_WC,(v_b+v_c+DIFF_CLK_LANE_LP));//B+C < HFP ,here diff is 0x10;
    ^
/home/satory-ra/Android/kernel/android_kernel_oukitel_orange/drivers/misc/mediatek/dispsys/mt6735/mt6735m/ddp_reg.h:1395:29: note: expected 'long unsigned int' but argument is of type 'volatile struct DSI_HFP_WC_REG *'
 static inline unsigned long disp_addr_convert(unsigned long va) 
                             ^
/home/satory-ra/Android/kernel/android_kernel_oukitel_orange/drivers/misc/mediatek/dispsys/mt6735/mt6735m/ddp_reg.h:1486:17: warning: passing argument 2 of 'dprec_reg_op' makes integer from pointer without a cast
                 dprec_reg_op(handle, reg32, val, 0x00000000);\
                 ^
drivers/misc/mediatek/dispsys/mt6735/ddp_dsi.c:40:39: note: in expansion of macro 'DISP_REG_SET'
 #define DSI_OUTREG32(cmdq, addr, val) DISP_REG_SET(cmdq, addr,val)
                                       ^
drivers/misc/mediatek/dispsys/mt6735/ddp_dsi.c:2760:4: note: in expansion of macro 'DSI_OUTREG32'
    DSI_OUTREG32(cmdq,&new_hfp, AS_UINT32(&DSI_REG[i]->DSI_HFP_WC));
    ^
In file included from /home/satory-ra/Android/kernel/android_kernel_oukitel_orange/drivers/misc/mediatek/videox/mt6735/disp_drv_log.h:3:0,
                 from drivers/misc/mediatek/dispsys/mt6735/ddp_dsi.c:8:
/home/satory-ra/Android/kernel/android_kernel_oukitel_orange/drivers/misc/mediatek/dispsys/mt6735/display_recorder.h:136:6: note: expected 'unsigned int' but argument is of type 'struct DSI_HFP_WC_REG *'
 void dprec_reg_op(void* cmdq, unsigned int reg, unsigned int val, unsigned int mask);
      ^
In file included from drivers/misc/mediatek/dispsys/mt6735/ddp_dsi.c:31:0:
/home/satory-ra/Android/kernel/android_kernel_oukitel_orange/drivers/misc/mediatek/dispsys/mt6735/mt6735m/ddp_reg.h:1487:38: warning: passing argument 1 of 'disp_addr_convert' makes integer from pointer without a cast
                 cmdqRecWrite(handle, disp_addr_convert(reg32), val, ~0); \
                                      ^
drivers/misc/mediatek/dispsys/mt6735/ddp_dsi.c:40:39: note: in expansion of macro 'DISP_REG_SET'
 #define DSI_OUTREG32(cmdq, addr, val) DISP_REG_SET(cmdq, addr,val)
                                       ^
drivers/misc/mediatek/dispsys/mt6735/ddp_dsi.c:2760:4: note: in expansion of macro 'DSI_OUTREG32'
    DSI_OUTREG32(cmdq,&new_hfp, AS_UINT32(&DSI_REG[i]->DSI_HFP_WC));
    ^
/home/satory-ra/Android/kernel/android_kernel_oukitel_orange/drivers/misc/mediatek/dispsys/mt6735/mt6735m/ddp_reg.h:1395:29: note: expected 'long unsigned int' but argument is of type 'struct DSI_HFP_WC_REG *'
 static inline unsigned long disp_addr_convert(unsigned long va) 
                             ^
/home/satory-ra/Android/kernel/android_kernel_oukitel_orange/drivers/misc/mediatek/dispsys/mt6735/mt6735m/ddp_reg.h:1486:17: warning: passing argument 2 of 'dprec_reg_op' makes integer from pointer without a cast
                 dprec_reg_op(handle, reg32, val, 0x00000000);\
                 ^
drivers/misc/mediatek/dispsys/mt6735/ddp_dsi.c:40:39: note: in expansion of macro 'DISP_REG_SET'
 #define DSI_OUTREG32(cmdq, addr, val) DISP_REG_SET(cmdq, addr,val)
                                       ^
drivers/misc/mediatek/dispsys/mt6735/ddp_dsi.c:2762:4: note: in expansion of macro 'DSI_OUTREG32'
    DSI_OUTREG32(cmdq,&DSI_REG[i]->DSI_HSTX_CKL_WC, (v_a - v_b));
    ^
In file included from /home/satory-ra/Android/kernel/android_kernel_oukitel_orange/drivers/misc/mediatek/videox/mt6735/disp_drv_log.h:3:0,
                 from drivers/misc/mediatek/dispsys/mt6735/ddp_dsi.c:8:
/home/satory-ra/Android/kernel/android_kernel_oukitel_orange/drivers/misc/mediatek/dispsys/mt6735/display_recorder.h:136:6: note: expected 'unsigned int' but argument is of type 'volatile UINT32 *'
 void dprec_reg_op(void* cmdq, unsigned int reg, unsigned int val, unsigned int mask);
      ^
In file included from drivers/misc/mediatek/dispsys/mt6735/ddp_dsi.c:31:0:
/home/satory-ra/Android/kernel/android_kernel_oukitel_orange/drivers/misc/mediatek/dispsys/mt6735/mt6735m/ddp_reg.h:1487:38: warning: passing argument 1 of 'disp_addr_convert' makes integer from pointer without a cast
                 cmdqRecWrite(handle, disp_addr_convert(reg32), val, ~0); \
                                      ^
drivers/misc/mediatek/dispsys/mt6735/ddp_dsi.c:40:39: note: in expansion of macro 'DISP_REG_SET'
 #define DSI_OUTREG32(cmdq, addr, val) DISP_REG_SET(cmdq, addr,val)
                                       ^
drivers/misc/mediatek/dispsys/mt6735/ddp_dsi.c:2762:4: note: in expansion of macro 'DSI_OUTREG32'
    DSI_OUTREG32(cmdq,&DSI_REG[i]->DSI_HSTX_CKL_WC, (v_a - v_b));
    ^
/home/satory-ra/Android/kernel/android_kernel_oukitel_orange/drivers/misc/mediatek/dispsys/mt6735/mt6735m/ddp_reg.h:1395:29: note: expected 'long unsigned int' but argument is of type 'volatile UINT32 *'
 static inline unsigned long disp_addr_convert(unsigned long va) 
                             ^
/home/satory-ra/Android/kernel/android_kernel_oukitel_orange/drivers/misc/mediatek/dispsys/mt6735/mt6735m/ddp_reg.h:1486:17: warning: passing argument 2 of 'dprec_reg_op' makes integer from pointer without a cast
                 dprec_reg_op(handle, reg32, val, 0x00000000);\
                 ^
drivers/misc/mediatek/dispsys/mt6735/ddp_dsi.c:40:39: note: in expansion of macro 'DISP_REG_SET'
 #define DSI_OUTREG32(cmdq, addr, val) DISP_REG_SET(cmdq, addr,val)
                                       ^
drivers/misc/mediatek/dispsys/mt6735/ddp_dsi.c:2763:4: note: in expansion of macro 'DSI_OUTREG32'
    DSI_OUTREG32(cmdq,&new_hstx_ckl_wc, AS_UINT32(&DSI_REG[i]->DSI_HSTX_CKL_WC));
    ^
In file included from /home/satory-ra/Android/kernel/android_kernel_oukitel_orange/drivers/misc/mediatek/videox/mt6735/disp_drv_log.h:3:0,
                 from drivers/misc/mediatek/dispsys/mt6735/ddp_dsi.c:8:
/home/satory-ra/Android/kernel/android_kernel_oukitel_orange/drivers/misc/mediatek/dispsys/mt6735/display_recorder.h:136:6: note: expected 'unsigned int' but argument is of type 'UINT32 *'
 void dprec_reg_op(void* cmdq, unsigned int reg, unsigned int val, unsigned int mask);
      ^
In file included from drivers/misc/mediatek/dispsys/mt6735/ddp_dsi.c:31:0:
/home/satory-ra/Android/kernel/android_kernel_oukitel_orange/drivers/misc/mediatek/dispsys/mt6735/mt6735m/ddp_reg.h:1487:38: warning: passing argument 1 of 'disp_addr_convert' makes integer from pointer without a cast
                 cmdqRecWrite(handle, disp_addr_convert(reg32), val, ~0); \
                                      ^
drivers/misc/mediatek/dispsys/mt6735/ddp_dsi.c:40:39: note: in expansion of macro 'DISP_REG_SET'
 #define DSI_OUTREG32(cmdq, addr, val) DISP_REG_SET(cmdq, addr,val)
                                       ^
drivers/misc/mediatek/dispsys/mt6735/ddp_dsi.c:2763:4: note: in expansion of macro 'DSI_OUTREG32'
    DSI_OUTREG32(cmdq,&new_hstx_ckl_wc, AS_UINT32(&DSI_REG[i]->DSI_HSTX_CKL_WC));
    ^
/home/satory-ra/Android/kernel/android_kernel_oukitel_orange/drivers/misc/mediatek/dispsys/mt6735/mt6735m/ddp_reg.h:1395:29: note: expected 'long unsigned int' but argument is of type 'UINT32 *'
 static inline unsigned long disp_addr_convert(unsigned long va) 
                             ^
/home/satory-ra/Android/kernel/android_kernel_oukitel_orange/drivers/misc/mediatek/dispsys/mt6735/mt6735m/ddp_reg.h:1486:17: warning: passing argument 2 of 'dprec_reg_op' makes integer from pointer without a cast
                 dprec_reg_op(handle, reg32, val, 0x00000000);\
                 ^
drivers/misc/mediatek/dispsys/mt6735/ddp_dsi.c:40:39: note: in expansion of macro 'DISP_REG_SET'
 #define DSI_OUTREG32(cmdq, addr, val) DISP_REG_SET(cmdq, addr,val)
                                       ^
drivers/misc/mediatek/dispsys/mt6735/ddp_dsi.c:2782:4: note: in expansion of macro 'DSI_OUTREG32'
    DSI_OUTREG32(cmdq,&DSI_REG[i]->DSI_HFP_WC,(v_b+v_c+DIFF_CLK_LANE_LP));//B+C < HFP ,here diff is 0x10;
    ^
In file included from /home/satory-ra/Android/kernel/android_kernel_oukitel_orange/drivers/misc/mediatek/videox/mt6735/disp_drv_log.h:3:0,
                 from drivers/misc/mediatek/dispsys/mt6735/ddp_dsi.c:8:
/home/satory-ra/Android/kernel/android_kernel_oukitel_orange/drivers/misc/mediatek/dispsys/mt6735/display_recorder.h:136:6: note: expected 'unsigned int' but argument is of type 'volatile struct DSI_HFP_WC_REG *'
 void dprec_reg_op(void* cmdq, unsigned int reg, unsigned int val, unsigned int mask);
      ^
In file included from drivers/misc/mediatek/dispsys/mt6735/ddp_dsi.c:31:0:
/home/satory-ra/Android/kernel/android_kernel_oukitel_orange/drivers/misc/mediatek/dispsys/mt6735/mt6735m/ddp_reg.h:1487:38: warning: passing argument 1 of 'disp_addr_convert' makes integer from pointer without a cast
                 cmdqRecWrite(handle, disp_addr_convert(reg32), val, ~0); \
                                      ^
drivers/misc/mediatek/dispsys/mt6735/ddp_dsi.c:40:39: note: in expansion of macro 'DISP_REG_SET'
 #define DSI_OUTREG32(cmdq, addr, val) DISP_REG_SET(cmdq, addr,val)
                                       ^
drivers/misc/mediatek/dispsys/mt6735/ddp_dsi.c:2782:4: note: in expansion of macro 'DSI_OUTREG32'
    DSI_OUTREG32(cmdq,&DSI_REG[i]->DSI_HFP_WC,(v_b+v_c+DIFF_CLK_LANE_LP));//B+C < HFP ,here diff is 0x10;
    ^
/home/satory-ra/Android/kernel/android_kernel_oukitel_orange/drivers/misc/mediatek/dispsys/mt6735/mt6735m/ddp_reg.h:1395:29: note: expected 'long unsigned int' but argument is of type 'volatile struct DSI_HFP_WC_REG *'
 static inline unsigned long disp_addr_convert(unsigned long va) 
                             ^
/home/satory-ra/Android/kernel/android_kernel_oukitel_orange/drivers/misc/mediatek/dispsys/mt6735/mt6735m/ddp_reg.h:1486:17: warning: passing argument 2 of 'dprec_reg_op' makes integer from pointer without a cast
                 dprec_reg_op(handle, reg32, val, 0x00000000);\
                 ^
drivers/misc/mediatek/dispsys/mt6735/ddp_dsi.c:40:39: note: in expansion of macro 'DISP_REG_SET'
 #define DSI_OUTREG32(cmdq, addr, val) DISP_REG_SET(cmdq, addr,val)
                                       ^
drivers/misc/mediatek/dispsys/mt6735/ddp_dsi.c:2783:4: note: in expansion of macro 'DSI_OUTREG32'
    DSI_OUTREG32(cmdq,&new_hfp, AS_UINT32(&DSI_REG[i]->DSI_HFP_WC));
    ^
In file included from /home/satory-ra/Android/kernel/android_kernel_oukitel_orange/drivers/misc/mediatek/videox/mt6735/disp_drv_log.h:3:0,
                 from drivers/misc/mediatek/dispsys/mt6735/ddp_dsi.c:8:
/home/satory-ra/Android/kernel/android_kernel_oukitel_orange/drivers/misc/mediatek/dispsys/mt6735/display_recorder.h:136:6: note: expected 'unsigned int' but argument is of type 'struct DSI_HFP_WC_REG *'
 void dprec_reg_op(void* cmdq, unsigned int reg, unsigned int val, unsigned int mask);
      ^
In file included from drivers/misc/mediatek/dispsys/mt6735/ddp_dsi.c:31:0:
/home/satory-ra/Android/kernel/android_kernel_oukitel_orange/drivers/misc/mediatek/dispsys/mt6735/mt6735m/ddp_reg.h:1487:38: warning: passing argument 1 of 'disp_addr_convert' makes integer from pointer without a cast
                 cmdqRecWrite(handle, disp_addr_convert(reg32), val, ~0); \
                                      ^
drivers/misc/mediatek/dispsys/mt6735/ddp_dsi.c:40:39: note: in expansion of macro 'DISP_REG_SET'
 #define DSI_OUTREG32(cmdq, addr, val) DISP_REG_SET(cmdq, addr,val)
                                       ^
drivers/misc/mediatek/dispsys/mt6735/ddp_dsi.c:2783:4: note: in expansion of macro 'DSI_OUTREG32'
    DSI_OUTREG32(cmdq,&new_hfp, AS_UINT32(&DSI_REG[i]->DSI_HFP_WC));
    ^
/home/satory-ra/Android/kernel/android_kernel_oukitel_orange/drivers/misc/mediatek/dispsys/mt6735/mt6735m/ddp_reg.h:1395:29: note: expected 'long unsigned int' but argument is of type 'struct DSI_HFP_WC_REG *'
 static inline unsigned long disp_addr_convert(unsigned long va) 
                             ^
/home/satory-ra/Android/kernel/android_kernel_oukitel_orange/drivers/misc/mediatek/dispsys/mt6735/mt6735m/ddp_reg.h:1486:17: warning: passing argument 2 of 'dprec_reg_op' makes integer from pointer without a cast
                 dprec_reg_op(handle, reg32, val, 0x00000000);\
                 ^
drivers/misc/mediatek/dispsys/mt6735/ddp_dsi.c:40:39: note: in expansion of macro 'DISP_REG_SET'
 #define DSI_OUTREG32(cmdq, addr, val) DISP_REG_SET(cmdq, addr,val)
                                       ^
drivers/misc/mediatek/dispsys/mt6735/ddp_dsi.c:2785:4: note: in expansion of macro 'DSI_OUTREG32'
    DSI_OUTREG32(cmdq,&DSI_REG[i]->DSI_HSTX_CKL_WC, (v_a - v_b));
    ^
In file included from /home/satory-ra/Android/kernel/android_kernel_oukitel_orange/drivers/misc/mediatek/videox/mt6735/disp_drv_log.h:3:0,
                 from drivers/misc/mediatek/dispsys/mt6735/ddp_dsi.c:8:
/home/satory-ra/Android/kernel/android_kernel_oukitel_orange/drivers/misc/mediatek/dispsys/mt6735/display_recorder.h:136:6: note: expected 'unsigned int' but argument is of type 'volatile UINT32 *'
 void dprec_reg_op(void* cmdq, unsigned int reg, unsigned int val, unsigned int mask);
      ^
In file included from drivers/misc/mediatek/dispsys/mt6735/ddp_dsi.c:31:0:
/home/satory-ra/Android/kernel/android_kernel_oukitel_orange/drivers/misc/mediatek/dispsys/mt6735/mt6735m/ddp_reg.h:1487:38: warning: passing argument 1 of 'disp_addr_convert' makes integer from pointer without a cast
                 cmdqRecWrite(handle, disp_addr_convert(reg32), val, ~0); \
                                      ^
drivers/misc/mediatek/dispsys/mt6735/ddp_dsi.c:40:39: note: in expansion of macro 'DISP_REG_SET'
 #define DSI_OUTREG32(cmdq, addr, val) DISP_REG_SET(cmdq, addr,val)
                                       ^
drivers/misc/mediatek/dispsys/mt6735/ddp_dsi.c:2785:4: note: in expansion of macro 'DSI_OUTREG32'
    DSI_OUTREG32(cmdq,&DSI_REG[i]->DSI_HSTX_CKL_WC, (v_a - v_b));
    ^
/home/satory-ra/Android/kernel/android_kernel_oukitel_orange/drivers/misc/mediatek/dispsys/mt6735/mt6735m/ddp_reg.h:1395:29: note: expected 'long unsigned int' but argument is of type 'volatile UINT32 *'
 static inline unsigned long disp_addr_convert(unsigned long va) 
                             ^
/home/satory-ra/Android/kernel/android_kernel_oukitel_orange/drivers/misc/mediatek/dispsys/mt6735/mt6735m/ddp_reg.h:1486:17: warning: passing argument 2 of 'dprec_reg_op' makes integer from pointer without a cast
                 dprec_reg_op(handle, reg32, val, 0x00000000);\
                 ^
drivers/misc/mediatek/dispsys/mt6735/ddp_dsi.c:40:39: note: in expansion of macro 'DISP_REG_SET'
 #define DSI_OUTREG32(cmdq, addr, val) DISP_REG_SET(cmdq, addr,val)
                                       ^
drivers/misc/mediatek/dispsys/mt6735/ddp_dsi.c:2786:4: note: in expansion of macro 'DSI_OUTREG32'
    DSI_OUTREG32(cmdq,&new_hstx_ckl_wc, AS_UINT32(&DSI_REG[i]->DSI_HSTX_CKL_WC));
    ^
In file included from /home/satory-ra/Android/kernel/android_kernel_oukitel_orange/drivers/misc/mediatek/videox/mt6735/disp_drv_log.h:3:0,
                 from drivers/misc/mediatek/dispsys/mt6735/ddp_dsi.c:8:
/home/satory-ra/Android/kernel/android_kernel_oukitel_orange/drivers/misc/mediatek/dispsys/mt6735/display_recorder.h:136:6: note: expected 'unsigned int' but argument is of type 'UINT32 *'
 void dprec_reg_op(void* cmdq, unsigned int reg, unsigned int val, unsigned int mask);
      ^
In file included from drivers/misc/mediatek/dispsys/mt6735/ddp_dsi.c:31:0:
/home/satory-ra/Android/kernel/android_kernel_oukitel_orange/drivers/misc/mediatek/dispsys/mt6735/mt6735m/ddp_reg.h:1487:38: warning: passing argument 1 of 'disp_addr_convert' makes integer from pointer without a cast
                 cmdqRecWrite(handle, disp_addr_convert(reg32), val, ~0); \
                                      ^
drivers/misc/mediatek/dispsys/mt6735/ddp_dsi.c:40:39: note: in expansion of macro 'DISP_REG_SET'
 #define DSI_OUTREG32(cmdq, addr, val) DISP_REG_SET(cmdq, addr,val)
                                       ^
drivers/misc/mediatek/dispsys/mt6735/ddp_dsi.c:2786:4: note: in expansion of macro 'DSI_OUTREG32'
    DSI_OUTREG32(cmdq,&new_hstx_ckl_wc, AS_UINT32(&DSI_REG[i]->DSI_HSTX_CKL_WC));
    ^
/home/satory-ra/Android/kernel/android_kernel_oukitel_orange/drivers/misc/mediatek/dispsys/mt6735/mt6735m/ddp_reg.h:1395:29: note: expected 'long unsigned int' but argument is of type 'UINT32 *'
 static inline unsigned long disp_addr_convert(unsigned long va) 
                             ^
/home/satory-ra/Android/kernel/android_kernel_oukitel_orange/drivers/misc/mediatek/dispsys/mt6735/mt6735m/ddp_reg.h:1486:17: warning: passing argument 2 of 'dprec_reg_op' makes integer from pointer without a cast
                 dprec_reg_op(handle, reg32, val, 0x00000000);\
                 ^
drivers/misc/mediatek/dispsys/mt6735/ddp_dsi.c:40:39: note: in expansion of macro 'DISP_REG_SET'
 #define DSI_OUTREG32(cmdq, addr, val) DISP_REG_SET(cmdq, addr,val)
                                       ^
drivers/misc/mediatek/dispsys/mt6735/ddp_dsi.c:2806:4: note: in expansion of macro 'DSI_OUTREG32'
    DSI_OUTREG32(cmdq,&DSI_REG[i]->DSI_HFP_WC,(v_b+v_c+DIFF_CLK_LANE_LP));//B+C < HFP ,here diff is 0x10;
    ^
In file included from /home/satory-ra/Android/kernel/android_kernel_oukitel_orange/drivers/misc/mediatek/videox/mt6735/disp_drv_log.h:3:0,
                 from drivers/misc/mediatek/dispsys/mt6735/ddp_dsi.c:8:
/home/satory-ra/Android/kernel/android_kernel_oukitel_orange/drivers/misc/mediatek/dispsys/mt6735/display_recorder.h:136:6: note: expected 'unsigned int' but argument is of type 'volatile struct DSI_HFP_WC_REG *'
 void dprec_reg_op(void* cmdq, unsigned int reg, unsigned int val, unsigned int mask);
      ^
In file included from drivers/misc/mediatek/dispsys/mt6735/ddp_dsi.c:31:0:
/home/satory-ra/Android/kernel/android_kernel_oukitel_orange/drivers/misc/mediatek/dispsys/mt6735/mt6735m/ddp_reg.h:1487:38: warning: passing argument 1 of 'disp_addr_convert' makes integer from pointer without a cast
                 cmdqRecWrite(handle, disp_addr_convert(reg32), val, ~0); \
                                      ^
drivers/misc/mediatek/dispsys/mt6735/ddp_dsi.c:40:39: note: in expansion of macro 'DISP_REG_SET'
 #define DSI_OUTREG32(cmdq, addr, val) DISP_REG_SET(cmdq, addr,val)
                                       ^
drivers/misc/mediatek/dispsys/mt6735/ddp_dsi.c:2806:4: note: in expansion of macro 'DSI_OUTREG32'
    DSI_OUTREG32(cmdq,&DSI_REG[i]->DSI_HFP_WC,(v_b+v_c+DIFF_CLK_LANE_LP));//B+C < HFP ,here diff is 0x10;
    ^
/home/satory-ra/Android/kernel/android_kernel_oukitel_orange/drivers/misc/mediatek/dispsys/mt6735/mt6735m/ddp_reg.h:1395:29: note: expected 'long unsigned int' but argument is of type 'volatile struct DSI_HFP_WC_REG *'
 static inline unsigned long disp_addr_convert(unsigned long va) 
                             ^
/home/satory-ra/Android/kernel/android_kernel_oukitel_orange/drivers/misc/mediatek/dispsys/mt6735/mt6735m/ddp_reg.h:1486:17: warning: passing argument 2 of 'dprec_reg_op' makes integer from pointer without a cast
                 dprec_reg_op(handle, reg32, val, 0x00000000);\
                 ^
drivers/misc/mediatek/dispsys/mt6735/ddp_dsi.c:40:39: note: in expansion of macro 'DISP_REG_SET'
 #define DSI_OUTREG32(cmdq, addr, val) DISP_REG_SET(cmdq, addr,val)
                                       ^
drivers/misc/mediatek/dispsys/mt6735/ddp_dsi.c:2807:4: note: in expansion of macro 'DSI_OUTREG32'
    DSI_OUTREG32(cmdq,&new_hfp, AS_UINT32(&DSI_REG[i]->DSI_HFP_WC));
    ^
In file included from /home/satory-ra/Android/kernel/android_kernel_oukitel_orange/drivers/misc/mediatek/videox/mt6735/disp_drv_log.h:3:0,
                 from drivers/misc/mediatek/dispsys/mt6735/ddp_dsi.c:8:
/home/satory-ra/Android/kernel/android_kernel_oukitel_orange/drivers/misc/mediatek/dispsys/mt6735/display_recorder.h:136:6: note: expected 'unsigned int' but argument is of type 'struct DSI_HFP_WC_REG *'
 void dprec_reg_op(void* cmdq, unsigned int reg, unsigned int val, unsigned int mask);
      ^
In file included from drivers/misc/mediatek/dispsys/mt6735/ddp_dsi.c:31:0:
/home/satory-ra/Android/kernel/android_kernel_oukitel_orange/drivers/misc/mediatek/dispsys/mt6735/mt6735m/ddp_reg.h:1487:38: warning: passing argument 1 of 'disp_addr_convert' makes integer from pointer without a cast
                 cmdqRecWrite(handle, disp_addr_convert(reg32), val, ~0); \
                                      ^
drivers/misc/mediatek/dispsys/mt6735/ddp_dsi.c:40:39: note: in expansion of macro 'DISP_REG_SET'
 #define DSI_OUTREG32(cmdq, addr, val) DISP_REG_SET(cmdq, addr,val)
                                       ^
drivers/misc/mediatek/dispsys/mt6735/ddp_dsi.c:2807:4: note: in expansion of macro 'DSI_OUTREG32'
    DSI_OUTREG32(cmdq,&new_hfp, AS_UINT32(&DSI_REG[i]->DSI_HFP_WC));
    ^
/home/satory-ra/Android/kernel/android_kernel_oukitel_orange/drivers/misc/mediatek/dispsys/mt6735/mt6735m/ddp_reg.h:1395:29: note: expected 'long unsigned int' but argument is of type 'struct DSI_HFP_WC_REG *'
 static inline unsigned long disp_addr_convert(unsigned long va) 
                             ^
/home/satory-ra/Android/kernel/android_kernel_oukitel_orange/drivers/misc/mediatek/dispsys/mt6735/mt6735m/ddp_reg.h:1486:17: warning: passing argument 2 of 'dprec_reg_op' makes integer from pointer without a cast
                 dprec_reg_op(handle, reg32, val, 0x00000000);\
                 ^
drivers/misc/mediatek/dispsys/mt6735/ddp_dsi.c:40:39: note: in expansion of macro 'DISP_REG_SET'
 #define DSI_OUTREG32(cmdq, addr, val) DISP_REG_SET(cmdq, addr,val)
                                       ^
drivers/misc/mediatek/dispsys/mt6735/ddp_dsi.c:2809:4: note: in expansion of macro 'DSI_OUTREG32'
    DSI_OUTREG32(cmdq,&DSI_REG[i]->DSI_HSTX_CKL_WC, (v_a - v_b));
    ^
In file included from /home/satory-ra/Android/kernel/android_kernel_oukitel_orange/drivers/misc/mediatek/videox/mt6735/disp_drv_log.h:3:0,
                 from drivers/misc/mediatek/dispsys/mt6735/ddp_dsi.c:8:
/home/satory-ra/Android/kernel/android_kernel_oukitel_orange/drivers/misc/mediatek/dispsys/mt6735/display_recorder.h:136:6: note: expected 'unsigned int' but argument is of type 'volatile UINT32 *'
 void dprec_reg_op(void* cmdq, unsigned int reg, unsigned int val, unsigned int mask);
      ^
  LD      net/netfilter/netfilter.o
  LD      net/netfilter/built-in.o
  CC      net/packet/af_packet.o
In file included from drivers/misc/mediatek/dispsys/mt6735/ddp_dsi.c:31:0:
/home/satory-ra/Android/kernel/android_kernel_oukitel_orange/drivers/misc/mediatek/dispsys/mt6735/mt6735m/ddp_reg.h:1487:38: warning: passing argument 1 of 'disp_addr_convert' makes integer from pointer without a cast
                 cmdqRecWrite(handle, disp_addr_convert(reg32), val, ~0); \
                                      ^
drivers/misc/mediatek/dispsys/mt6735/ddp_dsi.c:40:39: note: in expansion of macro 'DISP_REG_SET'
 #define DSI_OUTREG32(cmdq, addr, val) DISP_REG_SET(cmdq, addr,val)
                                       ^
drivers/misc/mediatek/dispsys/mt6735/ddp_dsi.c:2809:4: note: in expansion of macro 'DSI_OUTREG32'
    DSI_OUTREG32(cmdq,&DSI_REG[i]->DSI_HSTX_CKL_WC, (v_a - v_b));
    ^
/home/satory-ra/Android/kernel/android_kernel_oukitel_orange/drivers/misc/mediatek/dispsys/mt6735/mt6735m/ddp_reg.h:1395:29: note: expected 'long unsigned int' but argument is of type 'volatile UINT32 *'
 static inline unsigned long disp_addr_convert(unsigned long va) 
                             ^
/home/satory-ra/Android/kernel/android_kernel_oukitel_orange/drivers/misc/mediatek/dispsys/mt6735/mt6735m/ddp_reg.h:1486:17: warning: passing argument 2 of 'dprec_reg_op' makes integer from pointer without a cast
                 dprec_reg_op(handle, reg32, val, 0x00000000);\
                 ^
drivers/misc/mediatek/dispsys/mt6735/ddp_dsi.c:40:39: note: in expansion of macro 'DISP_REG_SET'
 #define DSI_OUTREG32(cmdq, addr, val) DISP_REG_SET(cmdq, addr,val)
                                       ^
drivers/misc/mediatek/dispsys/mt6735/ddp_dsi.c:2810:4: note: in expansion of macro 'DSI_OUTREG32'
    DSI_OUTREG32(cmdq,&new_hstx_ckl_wc, AS_UINT32(&DSI_REG[i]->DSI_HSTX_CKL_WC));
    ^
In file included from /home/satory-ra/Android/kernel/android_kernel_oukitel_orange/drivers/misc/mediatek/videox/mt6735/disp_drv_log.h:3:0,
                 from drivers/misc/mediatek/dispsys/mt6735/ddp_dsi.c:8:
/home/satory-ra/Android/kernel/android_kernel_oukitel_orange/drivers/misc/mediatek/dispsys/mt6735/display_recorder.h:136:6: note: expected 'unsigned int' but argument is of type 'UINT32 *'
 void dprec_reg_op(void* cmdq, unsigned int reg, unsigned int val, unsigned int mask);
      ^
In file included from drivers/misc/mediatek/dispsys/mt6735/ddp_dsi.c:31:0:
/home/satory-ra/Android/kernel/android_kernel_oukitel_orange/drivers/misc/mediatek/dispsys/mt6735/mt6735m/ddp_reg.h:1487:38: warning: passing argument 1 of 'disp_addr_convert' makes integer from pointer without a cast
                 cmdqRecWrite(handle, disp_addr_convert(reg32), val, ~0); \
                                      ^
drivers/misc/mediatek/dispsys/mt6735/ddp_dsi.c:40:39: note: in expansion of macro 'DISP_REG_SET'
 #define DSI_OUTREG32(cmdq, addr, val) DISP_REG_SET(cmdq, addr,val)
                                       ^
drivers/misc/mediatek/dispsys/mt6735/ddp_dsi.c:2810:4: note: in expansion of macro 'DSI_OUTREG32'
    DSI_OUTREG32(cmdq,&new_hstx_ckl_wc, AS_UINT32(&DSI_REG[i]->DSI_HSTX_CKL_WC));
    ^
/home/satory-ra/Android/kernel/android_kernel_oukitel_orange/drivers/misc/mediatek/dispsys/mt6735/mt6735m/ddp_reg.h:1395:29: note: expected 'long unsigned int' but argument is of type 'UINT32 *'
 static inline unsigned long disp_addr_convert(unsigned long va) 
                             ^
drivers/misc/mediatek/dispsys/mt6735/ddp_dsi.c: In function 'ddp_dsi_config':
drivers/misc/mediatek/dispsys/mt6735/ddp_dsi.c:2828:2: warning: ISO C90 forbids mixed declarations and code [-Wdeclaration-after-statement]
  LCM_DSI_PARAMS *dsi_config = &(config->dispif_config.dsi);
  ^
In file included from drivers/misc/mediatek/dispsys/mt6735/ddp_dsi.c:31:0:
/home/satory-ra/Android/kernel/android_kernel_oukitel_orange/drivers/misc/mediatek/dispsys/mt6735/mt6735m/ddp_reg.h:1413:3: warning: passing argument 2 of 'dprec_reg_op' makes integer from pointer without a cast
   dprec_reg_op(handle, reg32, val, mask);\
   ^
drivers/misc/mediatek/dispsys/mt6735/ddp_dsi.c:58:145: note: in expansion of macro 'DISP_REG_MASK'
   if(cmdq)  {*(unsigned int*)(&r) = ((unsigned int)0x00000000);r.bit = ~(r.bit);*(unsigned int*)(&v) = ((unsigned int)0x00000000);v.bit = value;DISP_REG_MASK(cmdq, &REG, AS_UINT32(&v), AS_UINT32(&r));}  \
                                                                                                                                                 ^
drivers/misc/mediatek/dispsys/mt6735/ddp_dsi.c:2863:4: note: in expansion of macro 'DSI_OUTREGBIT'
    DSI_OUTREGBIT(cmdq, DSI_INT_ENABLE_REG,DSI_REG[i]->DSI_INTEN,TE_RDY,1);
    ^
In file included from /home/satory-ra/Android/kernel/android_kernel_oukitel_orange/drivers/misc/mediatek/videox/mt6735/disp_drv_log.h:3:0,
                 from drivers/misc/mediatek/dispsys/mt6735/ddp_dsi.c:8:
/home/satory-ra/Android/kernel/android_kernel_oukitel_orange/drivers/misc/mediatek/dispsys/mt6735/display_recorder.h:136:6: note: expected 'unsigned int' but argument is of type 'volatile struct DSI_INT_ENABLE_REG *'
 void dprec_reg_op(void* cmdq, unsigned int reg, unsigned int val, unsigned int mask);
      ^
In file included from drivers/misc/mediatek/dispsys/mt6735/ddp_dsi.c:31:0:
/home/satory-ra/Android/kernel/android_kernel_oukitel_orange/drivers/misc/mediatek/dispsys/mt6735/mt6735m/ddp_reg.h:1420:25: warning: passing argument 1 of 'disp_addr_convert' makes integer from pointer without a cast
    cmdqRecWrite(handle, disp_addr_convert(reg32), val, mask); \
                         ^
drivers/misc/mediatek/dispsys/mt6735/ddp_dsi.c:58:145: note: in expansion of macro 'DISP_REG_MASK'
   if(cmdq)  {*(unsigned int*)(&r) = ((unsigned int)0x00000000);r.bit = ~(r.bit);*(unsigned int*)(&v) = ((unsigned int)0x00000000);v.bit = value;DISP_REG_MASK(cmdq, &REG, AS_UINT32(&v), AS_UINT32(&r));}  \
                                                                                                                                                 ^
drivers/misc/mediatek/dispsys/mt6735/ddp_dsi.c:2863:4: note: in expansion of macro 'DSI_OUTREGBIT'
    DSI_OUTREGBIT(cmdq, DSI_INT_ENABLE_REG,DSI_REG[i]->DSI_INTEN,TE_RDY,1);
    ^
/home/satory-ra/Android/kernel/android_kernel_oukitel_orange/drivers/misc/mediatek/dispsys/mt6735/mt6735m/ddp_reg.h:1395:29: note: expected 'long unsigned int' but argument is of type 'volatile struct DSI_INT_ENABLE_REG *'
 static inline unsigned long disp_addr_convert(unsigned long va) 
                             ^
/home/satory-ra/Android/kernel/android_kernel_oukitel_orange/drivers/misc/mediatek/dispsys/mt6735/mt6735m/ddp_reg.h:1486:17: warning: passing argument 2 of 'dprec_reg_op' makes integer from pointer without a cast
                 dprec_reg_op(handle, reg32, val, 0x00000000);\
                 ^
drivers/misc/mediatek/dispsys/mt6735/ddp_dsi.c:59:63: note: in expansion of macro 'DISP_REG_SET'
   else{mt_reg_sync_writel(INREG32(&REG),&r);r.bit = (value);  DISP_REG_SET(cmdq, &REG, INREG32(&r));}    \
                                                               ^
drivers/misc/mediatek/dispsys/mt6735/ddp_dsi.c:2863:4: note: in expansion of macro 'DSI_OUTREGBIT'
    DSI_OUTREGBIT(cmdq, DSI_INT_ENABLE_REG,DSI_REG[i]->DSI_INTEN,TE_RDY,1);
    ^
In file included from /home/satory-ra/Android/kernel/android_kernel_oukitel_orange/drivers/misc/mediatek/videox/mt6735/disp_drv_log.h:3:0,
                 from drivers/misc/mediatek/dispsys/mt6735/ddp_dsi.c:8:
/home/satory-ra/Android/kernel/android_kernel_oukitel_orange/drivers/misc/mediatek/dispsys/mt6735/display_recorder.h:136:6: note: expected 'unsigned int' but argument is of type 'volatile struct DSI_INT_ENABLE_REG *'
 void dprec_reg_op(void* cmdq, unsigned int reg, unsigned int val, unsigned int mask);
      ^
In file included from drivers/misc/mediatek/dispsys/mt6735/ddp_dsi.c:31:0:
/home/satory-ra/Android/kernel/android_kernel_oukitel_orange/drivers/misc/mediatek/dispsys/mt6735/mt6735m/ddp_reg.h:1487:38: warning: passing argument 1 of 'disp_addr_convert' makes integer from pointer without a cast
                 cmdqRecWrite(handle, disp_addr_convert(reg32), val, ~0); \
                                      ^
drivers/misc/mediatek/dispsys/mt6735/ddp_dsi.c:59:63: note: in expansion of macro 'DISP_REG_SET'
   else{mt_reg_sync_writel(INREG32(&REG),&r);r.bit = (value);  DISP_REG_SET(cmdq, &REG, INREG32(&r));}    \
                                                               ^
drivers/misc/mediatek/dispsys/mt6735/ddp_dsi.c:2863:4: note: in expansion of macro 'DSI_OUTREGBIT'
    DSI_OUTREGBIT(cmdq, DSI_INT_ENABLE_REG,DSI_REG[i]->DSI_INTEN,TE_RDY,1);
    ^
/home/satory-ra/Android/kernel/android_kernel_oukitel_orange/drivers/misc/mediatek/dispsys/mt6735/mt6735m/ddp_reg.h:1395:29: note: expected 'long unsigned int' but argument is of type 'volatile struct DSI_INT_ENABLE_REG *'
 static inline unsigned long disp_addr_convert(unsigned long va) 
                             ^
drivers/misc/mediatek/dispsys/mt6735/ddp_dsi.c:2820:6: warning: unused variable 'mipitx_config_dirty' [-Wunused-variable]
  int mipitx_config_dirty = 0;
      ^
In file included from drivers/misc/mediatek/dispsys/mt6735/ddp_dsi.c:31:0:
drivers/misc/mediatek/dispsys/mt6735/ddp_dsi.c: In function 'ddp_dsi_stop':
/home/satory-ra/Android/kernel/android_kernel_oukitel_orange/drivers/misc/mediatek/dispsys/mt6735/mt6735m/ddp_reg.h:1413:3: warning: passing argument 2 of 'dprec_reg_op' makes integer from pointer without a cast
   dprec_reg_op(handle, reg32, val, mask);\
   ^
drivers/misc/mediatek/dispsys/mt6735/ddp_dsi.c:58:145: note: in expansion of macro 'DISP_REG_MASK'
   if(cmdq)  {*(unsigned int*)(&r) = ((unsigned int)0x00000000);r.bit = ~(r.bit);*(unsigned int*)(&v) = ((unsigned int)0x00000000);v.bit = value;DISP_REG_MASK(cmdq, &REG, AS_UINT32(&v), AS_UINT32(&r));}  \
                                                                                                                                                 ^
drivers/misc/mediatek/dispsys/mt6735/ddp_dsi.c:2955:4: note: in expansion of macro 'DSI_OUTREGBIT'
    DSI_OUTREGBIT(cmdq_handle, DSI_COM_CTRL_REG,DSI_REG[0]->DSI_COM_CTRL,DSI_DUAL_EN,0);
    ^
In file included from /home/satory-ra/Android/kernel/android_kernel_oukitel_orange/drivers/misc/mediatek/videox/mt6735/disp_drv_log.h:3:0,
                 from drivers/misc/mediatek/dispsys/mt6735/ddp_dsi.c:8:
/home/satory-ra/Android/kernel/android_kernel_oukitel_orange/drivers/misc/mediatek/dispsys/mt6735/display_recorder.h:136:6: note: expected 'unsigned int' but argument is of type 'volatile struct DSI_COM_CTRL_REG *'
 void dprec_reg_op(void* cmdq, unsigned int reg, unsigned int val, unsigned int mask);
      ^
In file included from drivers/misc/mediatek/dispsys/mt6735/ddp_dsi.c:31:0:
/home/satory-ra/Android/kernel/android_kernel_oukitel_orange/drivers/misc/mediatek/dispsys/mt6735/mt6735m/ddp_reg.h:1420:25: warning: passing argument 1 of 'disp_addr_convert' makes integer from pointer without a cast
    cmdqRecWrite(handle, disp_addr_convert(reg32), val, mask); \
                         ^
drivers/misc/mediatek/dispsys/mt6735/ddp_dsi.c:58:145: note: in expansion of macro 'DISP_REG_MASK'
   if(cmdq)  {*(unsigned int*)(&r) = ((unsigned int)0x00000000);r.bit = ~(r.bit);*(unsigned int*)(&v) = ((unsigned int)0x00000000);v.bit = value;DISP_REG_MASK(cmdq, &REG, AS_UINT32(&v), AS_UINT32(&r));}  \
                                                                                                                                                 ^
drivers/misc/mediatek/dispsys/mt6735/ddp_dsi.c:2955:4: note: in expansion of macro 'DSI_OUTREGBIT'
    DSI_OUTREGBIT(cmdq_handle, DSI_COM_CTRL_REG,DSI_REG[0]->DSI_COM_CTRL,DSI_DUAL_EN,0);
    ^
/home/satory-ra/Android/kernel/android_kernel_oukitel_orange/drivers/misc/mediatek/dispsys/mt6735/mt6735m/ddp_reg.h:1395:29: note: expected 'long unsigned int' but argument is of type 'volatile struct DSI_COM_CTRL_REG *'
 static inline unsigned long disp_addr_convert(unsigned long va) 
                             ^
/home/satory-ra/Android/kernel/android_kernel_oukitel_orange/drivers/misc/mediatek/dispsys/mt6735/mt6735m/ddp_reg.h:1486:17: warning: passing argument 2 of 'dprec_reg_op' makes integer from pointer without a cast
                 dprec_reg_op(handle, reg32, val, 0x00000000);\
                 ^
drivers/misc/mediatek/dispsys/mt6735/ddp_dsi.c:59:63: note: in expansion of macro 'DISP_REG_SET'
   else{mt_reg_sync_writel(INREG32(&REG),&r);r.bit = (value);  DISP_REG_SET(cmdq, &REG, INREG32(&r));}    \
                                                               ^
drivers/misc/mediatek/dispsys/mt6735/ddp_dsi.c:2955:4: note: in expansion of macro 'DSI_OUTREGBIT'
    DSI_OUTREGBIT(cmdq_handle, DSI_COM_CTRL_REG,DSI_REG[0]->DSI_COM_CTRL,DSI_DUAL_EN,0);
    ^
In file included from /home/satory-ra/Android/kernel/android_kernel_oukitel_orange/drivers/misc/mediatek/videox/mt6735/disp_drv_log.h:3:0,
                 from drivers/misc/mediatek/dispsys/mt6735/ddp_dsi.c:8:
/home/satory-ra/Android/kernel/android_kernel_oukitel_orange/drivers/misc/mediatek/dispsys/mt6735/display_recorder.h:136:6: note: expected 'unsigned int' but argument is of type 'volatile struct DSI_COM_CTRL_REG *'
 void dprec_reg_op(void* cmdq, unsigned int reg, unsigned int val, unsigned int mask);
      ^
In file included from drivers/misc/mediatek/dispsys/mt6735/ddp_dsi.c:31:0:
/home/satory-ra/Android/kernel/android_kernel_oukitel_orange/drivers/misc/mediatek/dispsys/mt6735/mt6735m/ddp_reg.h:1487:38: warning: passing argument 1 of 'disp_addr_convert' makes integer from pointer without a cast
                 cmdqRecWrite(handle, disp_addr_convert(reg32), val, ~0); \
                                      ^
drivers/misc/mediatek/dispsys/mt6735/ddp_dsi.c:59:63: note: in expansion of macro 'DISP_REG_SET'
   else{mt_reg_sync_writel(INREG32(&REG),&r);r.bit = (value);  DISP_REG_SET(cmdq, &REG, INREG32(&r));}    \
                                                               ^
drivers/misc/mediatek/dispsys/mt6735/ddp_dsi.c:2955:4: note: in expansion of macro 'DSI_OUTREGBIT'
    DSI_OUTREGBIT(cmdq_handle, DSI_COM_CTRL_REG,DSI_REG[0]->DSI_COM_CTRL,DSI_DUAL_EN,0);
    ^
/home/satory-ra/Android/kernel/android_kernel_oukitel_orange/drivers/misc/mediatek/dispsys/mt6735/mt6735m/ddp_reg.h:1395:29: note: expected 'long unsigned int' but argument is of type 'volatile struct DSI_COM_CTRL_REG *'
 static inline unsigned long disp_addr_convert(unsigned long va) 
                             ^
/home/satory-ra/Android/kernel/android_kernel_oukitel_orange/drivers/misc/mediatek/dispsys/mt6735/mt6735m/ddp_reg.h:1413:3: warning: passing argument 2 of 'dprec_reg_op' makes integer from pointer without a cast
   dprec_reg_op(handle, reg32, val, mask);\
   ^
drivers/misc/mediatek/dispsys/mt6735/ddp_dsi.c:58:145: note: in expansion of macro 'DISP_REG_MASK'
   if(cmdq)  {*(unsigned int*)(&r) = ((unsigned int)0x00000000);r.bit = ~(r.bit);*(unsigned int*)(&v) = ((unsigned int)0x00000000);v.bit = value;DISP_REG_MASK(cmdq, &REG, AS_UINT32(&v), AS_UINT32(&r));}  \
                                                                                                                                                 ^
drivers/misc/mediatek/dispsys/mt6735/ddp_dsi.c:2956:4: note: in expansion of macro 'DSI_OUTREGBIT'
    DSI_OUTREGBIT(cmdq_handle, DSI_COM_CTRL_REG,DSI_REG[1]->DSI_COM_CTRL,DSI_DUAL_EN,0);
    ^
In file included from /home/satory-ra/Android/kernel/android_kernel_oukitel_orange/drivers/misc/mediatek/videox/mt6735/disp_drv_log.h:3:0,
                 from drivers/misc/mediatek/dispsys/mt6735/ddp_dsi.c:8:
/home/satory-ra/Android/kernel/android_kernel_oukitel_orange/drivers/misc/mediatek/dispsys/mt6735/display_recorder.h:136:6: note: expected 'unsigned int' but argument is of type 'volatile struct DSI_COM_CTRL_REG *'
 void dprec_reg_op(void* cmdq, unsigned int reg, unsigned int val, unsigned int mask);
      ^
In file included from drivers/misc/mediatek/dispsys/mt6735/ddp_dsi.c:31:0:
/home/satory-ra/Android/kernel/android_kernel_oukitel_orange/drivers/misc/mediatek/dispsys/mt6735/mt6735m/ddp_reg.h:1420:25: warning: passing argument 1 of 'disp_addr_convert' makes integer from pointer without a cast
    cmdqRecWrite(handle, disp_addr_convert(reg32), val, mask); \
                         ^
drivers/misc/mediatek/dispsys/mt6735/ddp_dsi.c:58:145: note: in expansion of macro 'DISP_REG_MASK'
   if(cmdq)  {*(unsigned int*)(&r) = ((unsigned int)0x00000000);r.bit = ~(r.bit);*(unsigned int*)(&v) = ((unsigned int)0x00000000);v.bit = value;DISP_REG_MASK(cmdq, &REG, AS_UINT32(&v), AS_UINT32(&r));}  \
                                                                                                                                                 ^
drivers/misc/mediatek/dispsys/mt6735/ddp_dsi.c:2956:4: note: in expansion of macro 'DSI_OUTREGBIT'
    DSI_OUTREGBIT(cmdq_handle, DSI_COM_CTRL_REG,DSI_REG[1]->DSI_COM_CTRL,DSI_DUAL_EN,0);
    ^
/home/satory-ra/Android/kernel/android_kernel_oukitel_orange/drivers/misc/mediatek/dispsys/mt6735/mt6735m/ddp_reg.h:1395:29: note: expected 'long unsigned int' but argument is of type 'volatile struct DSI_COM_CTRL_REG *'
 static inline unsigned long disp_addr_convert(unsigned long va) 
                             ^
/home/satory-ra/Android/kernel/android_kernel_oukitel_orange/drivers/misc/mediatek/dispsys/mt6735/mt6735m/ddp_reg.h:1486:17: warning: passing argument 2 of 'dprec_reg_op' makes integer from pointer without a cast
                 dprec_reg_op(handle, reg32, val, 0x00000000);\
                 ^
drivers/misc/mediatek/dispsys/mt6735/ddp_dsi.c:59:63: note: in expansion of macro 'DISP_REG_SET'
   else{mt_reg_sync_writel(INREG32(&REG),&r);r.bit = (value);  DISP_REG_SET(cmdq, &REG, INREG32(&r));}    \
                                                               ^
drivers/misc/mediatek/dispsys/mt6735/ddp_dsi.c:2956:4: note: in expansion of macro 'DSI_OUTREGBIT'
    DSI_OUTREGBIT(cmdq_handle, DSI_COM_CTRL_REG,DSI_REG[1]->DSI_COM_CTRL,DSI_DUAL_EN,0);
    ^
In file included from /home/satory-ra/Android/kernel/android_kernel_oukitel_orange/drivers/misc/mediatek/videox/mt6735/disp_drv_log.h:3:0,
                 from drivers/misc/mediatek/dispsys/mt6735/ddp_dsi.c:8:
/home/satory-ra/Android/kernel/android_kernel_oukitel_orange/drivers/misc/mediatek/dispsys/mt6735/display_recorder.h:136:6: note: expected 'unsigned int' but argument is of type 'volatile struct DSI_COM_CTRL_REG *'
 void dprec_reg_op(void* cmdq, unsigned int reg, unsigned int val, unsigned int mask);
      ^
In file included from drivers/misc/mediatek/dispsys/mt6735/ddp_dsi.c:31:0:
/home/satory-ra/Android/kernel/android_kernel_oukitel_orange/drivers/misc/mediatek/dispsys/mt6735/mt6735m/ddp_reg.h:1487:38: warning: passing argument 1 of 'disp_addr_convert' makes integer from pointer without a cast
                 cmdqRecWrite(handle, disp_addr_convert(reg32), val, ~0); \
                                      ^
drivers/misc/mediatek/dispsys/mt6735/ddp_dsi.c:59:63: note: in expansion of macro 'DISP_REG_SET'
   else{mt_reg_sync_writel(INREG32(&REG),&r);r.bit = (value);  DISP_REG_SET(cmdq, &REG, INREG32(&r));}    \
                                                               ^
drivers/misc/mediatek/dispsys/mt6735/ddp_dsi.c:2956:4: note: in expansion of macro 'DSI_OUTREGBIT'
    DSI_OUTREGBIT(cmdq_handle, DSI_COM_CTRL_REG,DSI_REG[1]->DSI_COM_CTRL,DSI_DUAL_EN,0);
    ^
/home/satory-ra/Android/kernel/android_kernel_oukitel_orange/drivers/misc/mediatek/dispsys/mt6735/mt6735m/ddp_reg.h:1395:29: note: expected 'long unsigned int' but argument is of type 'volatile struct DSI_COM_CTRL_REG *'
 static inline unsigned long disp_addr_convert(unsigned long va) 
                             ^
/home/satory-ra/Android/kernel/android_kernel_oukitel_orange/drivers/misc/mediatek/dispsys/mt6735/mt6735m/ddp_reg.h:1413:3: warning: passing argument 2 of 'dprec_reg_op' makes integer from pointer without a cast
   dprec_reg_op(handle, reg32, val, mask);\
   ^
drivers/misc/mediatek/dispsys/mt6735/ddp_dsi.c:58:145: note: in expansion of macro 'DISP_REG_MASK'
   if(cmdq)  {*(unsigned int*)(&r) = ((unsigned int)0x00000000);r.bit = ~(r.bit);*(unsigned int*)(&v) = ((unsigned int)0x00000000);v.bit = value;DISP_REG_MASK(cmdq, &REG, AS_UINT32(&v), AS_UINT32(&r));}  \
                                                                                                                                                 ^
drivers/misc/mediatek/dispsys/mt6735/ddp_dsi.c:2957:4: note: in expansion of macro 'DSI_OUTREGBIT'
    DSI_OUTREGBIT(cmdq_handle, DSI_START_REG, DSI_REG[0]->DSI_START, DSI_START, 0);
    ^
In file included from /home/satory-ra/Android/kernel/android_kernel_oukitel_orange/drivers/misc/mediatek/videox/mt6735/disp_drv_log.h:3:0,
                 from drivers/misc/mediatek/dispsys/mt6735/ddp_dsi.c:8:
/home/satory-ra/Android/kernel/android_kernel_oukitel_orange/drivers/misc/mediatek/dispsys/mt6735/display_recorder.h:136:6: note: expected 'unsigned int' but argument is of type 'volatile struct DSI_START_REG *'
 void dprec_reg_op(void* cmdq, unsigned int reg, unsigned int val, unsigned int mask);
      ^
In file included from drivers/misc/mediatek/dispsys/mt6735/ddp_dsi.c:31:0:
/home/satory-ra/Android/kernel/android_kernel_oukitel_orange/drivers/misc/mediatek/dispsys/mt6735/mt6735m/ddp_reg.h:1420:25: warning: passing argument 1 of 'disp_addr_convert' makes integer from pointer without a cast
    cmdqRecWrite(handle, disp_addr_convert(reg32), val, mask); \
                         ^
drivers/misc/mediatek/dispsys/mt6735/ddp_dsi.c:58:145: note: in expansion of macro 'DISP_REG_MASK'
   if(cmdq)  {*(unsigned int*)(&r) = ((unsigned int)0x00000000);r.bit = ~(r.bit);*(unsigned int*)(&v) = ((unsigned int)0x00000000);v.bit = value;DISP_REG_MASK(cmdq, &REG, AS_UINT32(&v), AS_UINT32(&r));}  \
                                                                                                                                                 ^
drivers/misc/mediatek/dispsys/mt6735/ddp_dsi.c:2957:4: note: in expansion of macro 'DSI_OUTREGBIT'
    DSI_OUTREGBIT(cmdq_handle, DSI_START_REG, DSI_REG[0]->DSI_START, DSI_START, 0);
    ^
/home/satory-ra/Android/kernel/android_kernel_oukitel_orange/drivers/misc/mediatek/dispsys/mt6735/mt6735m/ddp_reg.h:1395:29: note: expected 'long unsigned int' but argument is of type 'volatile struct DSI_START_REG *'
 static inline unsigned long disp_addr_convert(unsigned long va) 
                             ^
/home/satory-ra/Android/kernel/android_kernel_oukitel_orange/drivers/misc/mediatek/dispsys/mt6735/mt6735m/ddp_reg.h:1486:17: warning: passing argument 2 of 'dprec_reg_op' makes integer from pointer without a cast
                 dprec_reg_op(handle, reg32, val, 0x00000000);\
                 ^
drivers/misc/mediatek/dispsys/mt6735/ddp_dsi.c:59:63: note: in expansion of macro 'DISP_REG_SET'
   else{mt_reg_sync_writel(INREG32(&REG),&r);r.bit = (value);  DISP_REG_SET(cmdq, &REG, INREG32(&r));}    \
                                                               ^
drivers/misc/mediatek/dispsys/mt6735/ddp_dsi.c:2957:4: note: in expansion of macro 'DSI_OUTREGBIT'
    DSI_OUTREGBIT(cmdq_handle, DSI_START_REG, DSI_REG[0]->DSI_START, DSI_START, 0);
    ^
In file included from /home/satory-ra/Android/kernel/android_kernel_oukitel_orange/drivers/misc/mediatek/videox/mt6735/disp_drv_log.h:3:0,
                 from drivers/misc/mediatek/dispsys/mt6735/ddp_dsi.c:8:
/home/satory-ra/Android/kernel/android_kernel_oukitel_orange/drivers/misc/mediatek/dispsys/mt6735/display_recorder.h:136:6: note: expected 'unsigned int' but argument is of type 'volatile struct DSI_START_REG *'
 void dprec_reg_op(void* cmdq, unsigned int reg, unsigned int val, unsigned int mask);
      ^
In file included from drivers/misc/mediatek/dispsys/mt6735/ddp_dsi.c:31:0:
/home/satory-ra/Android/kernel/android_kernel_oukitel_orange/drivers/misc/mediatek/dispsys/mt6735/mt6735m/ddp_reg.h:1487:38: warning: passing argument 1 of 'disp_addr_convert' makes integer from pointer without a cast
                 cmdqRecWrite(handle, disp_addr_convert(reg32), val, ~0); \
                                      ^
drivers/misc/mediatek/dispsys/mt6735/ddp_dsi.c:59:63: note: in expansion of macro 'DISP_REG_SET'
   else{mt_reg_sync_writel(INREG32(&REG),&r);r.bit = (value);  DISP_REG_SET(cmdq, &REG, INREG32(&r));}    \
                                                               ^
drivers/misc/mediatek/dispsys/mt6735/ddp_dsi.c:2957:4: note: in expansion of macro 'DSI_OUTREGBIT'
    DSI_OUTREGBIT(cmdq_handle, DSI_START_REG, DSI_REG[0]->DSI_START, DSI_START, 0);
    ^
/home/satory-ra/Android/kernel/android_kernel_oukitel_orange/drivers/misc/mediatek/dispsys/mt6735/mt6735m/ddp_reg.h:1395:29: note: expected 'long unsigned int' but argument is of type 'volatile struct DSI_START_REG *'
 static inline unsigned long disp_addr_convert(unsigned long va) 
                             ^
/home/satory-ra/Android/kernel/android_kernel_oukitel_orange/drivers/misc/mediatek/dispsys/mt6735/mt6735m/ddp_reg.h:1413:3: warning: passing argument 2 of 'dprec_reg_op' makes integer from pointer without a cast
   dprec_reg_op(handle, reg32, val, mask);\
   ^
drivers/misc/mediatek/dispsys/mt6735/ddp_dsi.c:58:145: note: in expansion of macro 'DISP_REG_MASK'
   if(cmdq)  {*(unsigned int*)(&r) = ((unsigned int)0x00000000);r.bit = ~(r.bit);*(unsigned int*)(&v) = ((unsigned int)0x00000000);v.bit = value;DISP_REG_MASK(cmdq, &REG, AS_UINT32(&v), AS_UINT32(&r));}  \
                                                                                                                                                 ^
drivers/misc/mediatek/dispsys/mt6735/ddp_dsi.c:2958:4: note: in expansion of macro 'DSI_OUTREGBIT'
    DSI_OUTREGBIT(cmdq_handle, DSI_START_REG, DSI_REG[1]->DSI_START, DSI_START, 0);
    ^
In file included from /home/satory-ra/Android/kernel/android_kernel_oukitel_orange/drivers/misc/mediatek/videox/mt6735/disp_drv_log.h:3:0,
                 from drivers/misc/mediatek/dispsys/mt6735/ddp_dsi.c:8:
/home/satory-ra/Android/kernel/android_kernel_oukitel_orange/drivers/misc/mediatek/dispsys/mt6735/display_recorder.h:136:6: note: expected 'unsigned int' but argument is of type 'volatile struct DSI_START_REG *'
 void dprec_reg_op(void* cmdq, unsigned int reg, unsigned int val, unsigned int mask);
      ^
In file included from drivers/misc/mediatek/dispsys/mt6735/ddp_dsi.c:31:0:
/home/satory-ra/Android/kernel/android_kernel_oukitel_orange/drivers/misc/mediatek/dispsys/mt6735/mt6735m/ddp_reg.h:1420:25: warning: passing argument 1 of 'disp_addr_convert' makes integer from pointer without a cast
    cmdqRecWrite(handle, disp_addr_convert(reg32), val, mask); \
                         ^
drivers/misc/mediatek/dispsys/mt6735/ddp_dsi.c:58:145: note: in expansion of macro 'DISP_REG_MASK'
   if(cmdq)  {*(unsigned int*)(&r) = ((unsigned int)0x00000000);r.bit = ~(r.bit);*(unsigned int*)(&v) = ((unsigned int)0x00000000);v.bit = value;DISP_REG_MASK(cmdq, &REG, AS_UINT32(&v), AS_UINT32(&r));}  \
                                                                                                                                                 ^
drivers/misc/mediatek/dispsys/mt6735/ddp_dsi.c:2958:4: note: in expansion of macro 'DSI_OUTREGBIT'
    DSI_OUTREGBIT(cmdq_handle, DSI_START_REG, DSI_REG[1]->DSI_START, DSI_START, 0);
    ^
/home/satory-ra/Android/kernel/android_kernel_oukitel_orange/drivers/misc/mediatek/dispsys/mt6735/mt6735m/ddp_reg.h:1395:29: note: expected 'long unsigned int' but argument is of type 'volatile struct DSI_START_REG *'
 static inline unsigned long disp_addr_convert(unsigned long va) 
                             ^
/home/satory-ra/Android/kernel/android_kernel_oukitel_orange/drivers/misc/mediatek/dispsys/mt6735/mt6735m/ddp_reg.h:1486:17: warning: passing argument 2 of 'dprec_reg_op' makes integer from pointer without a cast
                 dprec_reg_op(handle, reg32, val, 0x00000000);\
                 ^
drivers/misc/mediatek/dispsys/mt6735/ddp_dsi.c:59:63: note: in expansion of macro 'DISP_REG_SET'
   else{mt_reg_sync_writel(INREG32(&REG),&r);r.bit = (value);  DISP_REG_SET(cmdq, &REG, INREG32(&r));}    \
                                                               ^
drivers/misc/mediatek/dispsys/mt6735/ddp_dsi.c:2958:4: note: in expansion of macro 'DSI_OUTREGBIT'
    DSI_OUTREGBIT(cmdq_handle, DSI_START_REG, DSI_REG[1]->DSI_START, DSI_START, 0);
    ^
In file included from /home/satory-ra/Android/kernel/android_kernel_oukitel_orange/drivers/misc/mediatek/videox/mt6735/disp_drv_log.h:3:0,
                 from drivers/misc/mediatek/dispsys/mt6735/ddp_dsi.c:8:
/home/satory-ra/Android/kernel/android_kernel_oukitel_orange/drivers/misc/mediatek/dispsys/mt6735/display_recorder.h:136:6: note: expected 'unsigned int' but argument is of type 'volatile struct DSI_START_REG *'
 void dprec_reg_op(void* cmdq, unsigned int reg, unsigned int val, unsigned int mask);
      ^
In file included from drivers/misc/mediatek/dispsys/mt6735/ddp_dsi.c:31:0:
/home/satory-ra/Android/kernel/android_kernel_oukitel_orange/drivers/misc/mediatek/dispsys/mt6735/mt6735m/ddp_reg.h:1487:38: warning: passing argument 1 of 'disp_addr_convert' makes integer from pointer without a cast
                 cmdqRecWrite(handle, disp_addr_convert(reg32), val, ~0); \
                                      ^
drivers/misc/mediatek/dispsys/mt6735/ddp_dsi.c:59:63: note: in expansion of macro 'DISP_REG_SET'
   else{mt_reg_sync_writel(INREG32(&REG),&r);r.bit = (value);  DISP_REG_SET(cmdq, &REG, INREG32(&r));}    \
                                                               ^
drivers/misc/mediatek/dispsys/mt6735/ddp_dsi.c:2958:4: note: in expansion of macro 'DSI_OUTREGBIT'
    DSI_OUTREGBIT(cmdq_handle, DSI_START_REG, DSI_REG[1]->DSI_START, DSI_START, 0);
    ^
/home/satory-ra/Android/kernel/android_kernel_oukitel_orange/drivers/misc/mediatek/dispsys/mt6735/mt6735m/ddp_reg.h:1395:29: note: expected 'long unsigned int' but argument is of type 'volatile struct DSI_START_REG *'
 static inline unsigned long disp_addr_convert(unsigned long va) 
                             ^
drivers/misc/mediatek/dispsys/mt6735/ddp_dsi.c: In function 'ddp_dsi_switch_lcm_mode':
drivers/misc/mediatek/dispsys/mt6735/ddp_dsi.c:2989:2: warning: suggest parentheses around assignment used as truth value [-Wparentheses]
  if(lcm_cmd.cmd_if = (unsigned int)LCM_INTERFACE_DSI0)
  ^
drivers/misc/mediatek/dispsys/mt6735/ddp_dsi.c:2991:2: warning: suggest parentheses around assignment used as truth value [-Wparentheses]
  else if(lcm_cmd.cmd_if = (unsigned int)LCM_INTERFACE_DSI0)
  ^
In file included from drivers/misc/mediatek/dispsys/mt6735/ddp_dsi.c:31:0:
/home/satory-ra/Android/kernel/android_kernel_oukitel_orange/drivers/misc/mediatek/dispsys/mt6735/mt6735m/ddp_reg.h:1413:3: warning: passing argument 2 of 'dprec_reg_op' makes integer from pointer without a cast
   dprec_reg_op(handle, reg32, val, mask);\
   ^
drivers/misc/mediatek/dispsys/mt6735/ddp_dsi.c:58:145: note: in expansion of macro 'DISP_REG_MASK'
   if(cmdq)  {*(unsigned int*)(&r) = ((unsigned int)0x00000000);r.bit = ~(r.bit);*(unsigned int*)(&v) = ((unsigned int)0x00000000);v.bit = value;DISP_REG_MASK(cmdq, &REG, AS_UINT32(&v), AS_UINT32(&r));}  \
                                                                                                                                                 ^
drivers/misc/mediatek/dispsys/mt6735/ddp_dsi.c:3002:3: note: in expansion of macro 'DSI_OUTREGBIT'
   DSI_OUTREGBIT(NULL, DSI_START_REG,DSI_REG[i]->DSI_START,VM_CMD_START,0);
   ^
In file included from /home/satory-ra/Android/kernel/android_kernel_oukitel_orange/drivers/misc/mediatek/videox/mt6735/disp_drv_log.h:3:0,
                 from drivers/misc/mediatek/dispsys/mt6735/ddp_dsi.c:8:
/home/satory-ra/Android/kernel/android_kernel_oukitel_orange/drivers/misc/mediatek/dispsys/mt6735/display_recorder.h:136:6: note: expected 'unsigned int' but argument is of type 'volatile struct DSI_START_REG *'
 void dprec_reg_op(void* cmdq, unsigned int reg, unsigned int val, unsigned int mask);
      ^
In file included from drivers/misc/mediatek/dispsys/mt6735/ddp_dsi.c:31:0:
/home/satory-ra/Android/kernel/android_kernel_oukitel_orange/drivers/misc/mediatek/dispsys/mt6735/mt6735m/ddp_reg.h:1420:25: warning: passing argument 1 of 'disp_addr_convert' makes integer from pointer without a cast
    cmdqRecWrite(handle, disp_addr_convert(reg32), val, mask); \
                         ^
drivers/misc/mediatek/dispsys/mt6735/ddp_dsi.c:58:145: note: in expansion of macro 'DISP_REG_MASK'
   if(cmdq)  {*(unsigned int*)(&r) = ((unsigned int)0x00000000);r.bit = ~(r.bit);*(unsigned int*)(&v) = ((unsigned int)0x00000000);v.bit = value;DISP_REG_MASK(cmdq, &REG, AS_UINT32(&v), AS_UINT32(&r));}  \
                                                                                                                                                 ^
drivers/misc/mediatek/dispsys/mt6735/ddp_dsi.c:3002:3: note: in expansion of macro 'DSI_OUTREGBIT'
   DSI_OUTREGBIT(NULL, DSI_START_REG,DSI_REG[i]->DSI_START,VM_CMD_START,0);
   ^
/home/satory-ra/Android/kernel/android_kernel_oukitel_orange/drivers/misc/mediatek/dispsys/mt6735/mt6735m/ddp_reg.h:1395:29: note: expected 'long unsigned int' but argument is of type 'volatile struct DSI_START_REG *'
 static inline unsigned long disp_addr_convert(unsigned long va) 
                             ^
/home/satory-ra/Android/kernel/android_kernel_oukitel_orange/drivers/misc/mediatek/dispsys/mt6735/mt6735m/ddp_reg.h:1486:17: warning: passing argument 2 of 'dprec_reg_op' makes integer from pointer without a cast
                 dprec_reg_op(handle, reg32, val, 0x00000000);\
                 ^
drivers/misc/mediatek/dispsys/mt6735/ddp_dsi.c:59:63: note: in expansion of macro 'DISP_REG_SET'
   else{mt_reg_sync_writel(INREG32(&REG),&r);r.bit = (value);  DISP_REG_SET(cmdq, &REG, INREG32(&r));}    \
                                                               ^
drivers/misc/mediatek/dispsys/mt6735/ddp_dsi.c:3002:3: note: in expansion of macro 'DSI_OUTREGBIT'
   DSI_OUTREGBIT(NULL, DSI_START_REG,DSI_REG[i]->DSI_START,VM_CMD_START,0);
   ^
In file included from /home/satory-ra/Android/kernel/android_kernel_oukitel_orange/drivers/misc/mediatek/videox/mt6735/disp_drv_log.h:3:0,
                 from drivers/misc/mediatek/dispsys/mt6735/ddp_dsi.c:8:
/home/satory-ra/Android/kernel/android_kernel_oukitel_orange/drivers/misc/mediatek/dispsys/mt6735/display_recorder.h:136:6: note: expected 'unsigned int' but argument is of type 'volatile struct DSI_START_REG *'
 void dprec_reg_op(void* cmdq, unsigned int reg, unsigned int val, unsigned int mask);
      ^
In file included from drivers/misc/mediatek/dispsys/mt6735/ddp_dsi.c:31:0:
/home/satory-ra/Android/kernel/android_kernel_oukitel_orange/drivers/misc/mediatek/dispsys/mt6735/mt6735m/ddp_reg.h:1487:38: warning: passing argument 1 of 'disp_addr_convert' makes integer from pointer without a cast
                 cmdqRecWrite(handle, disp_addr_convert(reg32), val, ~0); \
                                      ^
drivers/misc/mediatek/dispsys/mt6735/ddp_dsi.c:59:63: note: in expansion of macro 'DISP_REG_SET'
   else{mt_reg_sync_writel(INREG32(&REG),&r);r.bit = (value);  DISP_REG_SET(cmdq, &REG, INREG32(&r));}    \
                                                               ^
drivers/misc/mediatek/dispsys/mt6735/ddp_dsi.c:3002:3: note: in expansion of macro 'DSI_OUTREGBIT'
   DSI_OUTREGBIT(NULL, DSI_START_REG,DSI_REG[i]->DSI_START,VM_CMD_START,0);
   ^
/home/satory-ra/Android/kernel/android_kernel_oukitel_orange/drivers/misc/mediatek/dispsys/mt6735/mt6735m/ddp_reg.h:1395:29: note: expected 'long unsigned int' but argument is of type 'volatile struct DSI_START_REG *'
 static inline unsigned long disp_addr_convert(unsigned long va) 
                             ^
/home/satory-ra/Android/kernel/android_kernel_oukitel_orange/drivers/misc/mediatek/dispsys/mt6735/mt6735m/ddp_reg.h:1413:3: warning: passing argument 2 of 'dprec_reg_op' makes integer from pointer without a cast
   dprec_reg_op(handle, reg32, val, mask);\
   ^
drivers/misc/mediatek/dispsys/mt6735/ddp_dsi.c:58:145: note: in expansion of macro 'DISP_REG_MASK'
   if(cmdq)  {*(unsigned int*)(&r) = ((unsigned int)0x00000000);r.bit = ~(r.bit);*(unsigned int*)(&v) = ((unsigned int)0x00000000);v.bit = value;DISP_REG_MASK(cmdq, &REG, AS_UINT32(&v), AS_UINT32(&r));}  \
                                                                                                                                                 ^
drivers/misc/mediatek/dispsys/mt6735/ddp_dsi.c:3003:3: note: in expansion of macro 'DSI_OUTREGBIT'
   DSI_OUTREGBIT(NULL, DSI_START_REG,DSI_REG[i]->DSI_START,VM_CMD_START,1);
   ^
In file included from /home/satory-ra/Android/kernel/android_kernel_oukitel_orange/drivers/misc/mediatek/videox/mt6735/disp_drv_log.h:3:0,
                 from drivers/misc/mediatek/dispsys/mt6735/ddp_dsi.c:8:
/home/satory-ra/Android/kernel/android_kernel_oukitel_orange/drivers/misc/mediatek/dispsys/mt6735/display_recorder.h:136:6: note: expected 'unsigned int' but argument is of type 'volatile struct DSI_START_REG *'
 void dprec_reg_op(void* cmdq, unsigned int reg, unsigned int val, unsigned int mask);
      ^
In file included from drivers/misc/mediatek/dispsys/mt6735/ddp_dsi.c:31:0:
/home/satory-ra/Android/kernel/android_kernel_oukitel_orange/drivers/misc/mediatek/dispsys/mt6735/mt6735m/ddp_reg.h:1420:25: warning: passing argument 1 of 'disp_addr_convert' makes integer from pointer without a cast
    cmdqRecWrite(handle, disp_addr_convert(reg32), val, mask); \
                         ^
drivers/misc/mediatek/dispsys/mt6735/ddp_dsi.c:58:145: note: in expansion of macro 'DISP_REG_MASK'
   if(cmdq)  {*(unsigned int*)(&r) = ((unsigned int)0x00000000);r.bit = ~(r.bit);*(unsigned int*)(&v) = ((unsigned int)0x00000000);v.bit = value;DISP_REG_MASK(cmdq, &REG, AS_UINT32(&v), AS_UINT32(&r));}  \
                                                                                                                                                 ^
drivers/misc/mediatek/dispsys/mt6735/ddp_dsi.c:3003:3: note: in expansion of macro 'DSI_OUTREGBIT'
   DSI_OUTREGBIT(NULL, DSI_START_REG,DSI_REG[i]->DSI_START,VM_CMD_START,1);
   ^
/home/satory-ra/Android/kernel/android_kernel_oukitel_orange/drivers/misc/mediatek/dispsys/mt6735/mt6735m/ddp_reg.h:1395:29: note: expected 'long unsigned int' but argument is of type 'volatile struct DSI_START_REG *'
 static inline unsigned long disp_addr_convert(unsigned long va) 
                             ^
/home/satory-ra/Android/kernel/android_kernel_oukitel_orange/drivers/misc/mediatek/dispsys/mt6735/mt6735m/ddp_reg.h:1486:17: warning: passing argument 2 of 'dprec_reg_op' makes integer from pointer without a cast
                 dprec_reg_op(handle, reg32, val, 0x00000000);\
                 ^
drivers/misc/mediatek/dispsys/mt6735/ddp_dsi.c:59:63: note: in expansion of macro 'DISP_REG_SET'
   else{mt_reg_sync_writel(INREG32(&REG),&r);r.bit = (value);  DISP_REG_SET(cmdq, &REG, INREG32(&r));}    \
                                                               ^
drivers/misc/mediatek/dispsys/mt6735/ddp_dsi.c:3003:3: note: in expansion of macro 'DSI_OUTREGBIT'
   DSI_OUTREGBIT(NULL, DSI_START_REG,DSI_REG[i]->DSI_START,VM_CMD_START,1);
   ^
In file included from /home/satory-ra/Android/kernel/android_kernel_oukitel_orange/drivers/misc/mediatek/videox/mt6735/disp_drv_log.h:3:0,
                 from drivers/misc/mediatek/dispsys/mt6735/ddp_dsi.c:8:
/home/satory-ra/Android/kernel/android_kernel_oukitel_orange/drivers/misc/mediatek/dispsys/mt6735/display_recorder.h:136:6: note: expected 'unsigned int' but argument is of type 'volatile struct DSI_START_REG *'
 void dprec_reg_op(void* cmdq, unsigned int reg, unsigned int val, unsigned int mask);
      ^
In file included from drivers/misc/mediatek/dispsys/mt6735/ddp_dsi.c:31:0:
/home/satory-ra/Android/kernel/android_kernel_oukitel_orange/drivers/misc/mediatek/dispsys/mt6735/mt6735m/ddp_reg.h:1487:38: warning: passing argument 1 of 'disp_addr_convert' makes integer from pointer without a cast
                 cmdqRecWrite(handle, disp_addr_convert(reg32), val, ~0); \
                                      ^
drivers/misc/mediatek/dispsys/mt6735/ddp_dsi.c:59:63: note: in expansion of macro 'DISP_REG_SET'
   else{mt_reg_sync_writel(INREG32(&REG),&r);r.bit = (value);  DISP_REG_SET(cmdq, &REG, INREG32(&r));}    \
                                                               ^
drivers/misc/mediatek/dispsys/mt6735/ddp_dsi.c:3003:3: note: in expansion of macro 'DSI_OUTREGBIT'
   DSI_OUTREGBIT(NULL, DSI_START_REG,DSI_REG[i]->DSI_START,VM_CMD_START,1);
   ^
/home/satory-ra/Android/kernel/android_kernel_oukitel_orange/drivers/misc/mediatek/dispsys/mt6735/mt6735m/ddp_reg.h:1395:29: note: expected 'long unsigned int' but argument is of type 'volatile struct DSI_START_REG *'
 static inline unsigned long disp_addr_convert(unsigned long va) 
                             ^
drivers/misc/mediatek/dispsys/mt6735/ddp_dsi.c: In function 'ddp_dsi_switch_mode':
drivers/misc/mediatek/dispsys/mt6735/ddp_dsi.c:3026:2: warning: suggest parentheses around assignment used as truth value [-Wparentheses]
  if(lcm_cmd.cmd_if = (unsigned int)LCM_INTERFACE_DSI0)
  ^
drivers/misc/mediatek/dispsys/mt6735/ddp_dsi.c:3028:2: warning: suggest parentheses around assignment used as truth value [-Wparentheses]
  else if(lcm_cmd.cmd_if = (unsigned int)LCM_INTERFACE_DSI0)
  ^
In file included from drivers/misc/mediatek/dispsys/mt6735/ddp_dsi.c:31:0:
/home/satory-ra/Android/kernel/android_kernel_oukitel_orange/drivers/misc/mediatek/dispsys/mt6735/mt6735m/ddp_reg.h:1413:3: warning: passing argument 2 of 'dprec_reg_op' makes integer from pointer without a cast
   dprec_reg_op(handle, reg32, val, mask);\
   ^
drivers/misc/mediatek/dispsys/mt6735/ddp_dsi.c:58:145: note: in expansion of macro 'DISP_REG_MASK'
   if(cmdq)  {*(unsigned int*)(&r) = ((unsigned int)0x00000000);r.bit = ~(r.bit);*(unsigned int*)(&v) = ((unsigned int)0x00000000);v.bit = value;DISP_REG_MASK(cmdq, &REG, AS_UINT32(&v), AS_UINT32(&r));}  \
                                                                                                                                                 ^
drivers/misc/mediatek/dispsys/mt6735/ddp_dsi.c:3040:3: note: in expansion of macro 'DSI_OUTREGBIT'
   DSI_OUTREGBIT(cmdq_handle, DSI_START_REG,DSI_REG[i]->DSI_START,VM_CMD_START,0);
   ^
In file included from /home/satory-ra/Android/kernel/android_kernel_oukitel_orange/drivers/misc/mediatek/videox/mt6735/disp_drv_log.h:3:0,
                 from drivers/misc/mediatek/dispsys/mt6735/ddp_dsi.c:8:
/home/satory-ra/Android/kernel/android_kernel_oukitel_orange/drivers/misc/mediatek/dispsys/mt6735/display_recorder.h:136:6: note: expected 'unsigned int' but argument is of type 'volatile struct DSI_START_REG *'
 void dprec_reg_op(void* cmdq, unsigned int reg, unsigned int val, unsigned int mask);
      ^
In file included from drivers/misc/mediatek/dispsys/mt6735/ddp_dsi.c:31:0:
/home/satory-ra/Android/kernel/android_kernel_oukitel_orange/drivers/misc/mediatek/dispsys/mt6735/mt6735m/ddp_reg.h:1420:25: warning: passing argument 1 of 'disp_addr_convert' makes integer from pointer without a cast
    cmdqRecWrite(handle, disp_addr_convert(reg32), val, mask); \
                         ^
drivers/misc/mediatek/dispsys/mt6735/ddp_dsi.c:58:145: note: in expansion of macro 'DISP_REG_MASK'
   if(cmdq)  {*(unsigned int*)(&r) = ((unsigned int)0x00000000);r.bit = ~(r.bit);*(unsigned int*)(&v) = ((unsigned int)0x00000000);v.bit = value;DISP_REG_MASK(cmdq, &REG, AS_UINT32(&v), AS_UINT32(&r));}  \
                                                                                                                                                 ^
drivers/misc/mediatek/dispsys/mt6735/ddp_dsi.c:3040:3: note: in expansion of macro 'DSI_OUTREGBIT'
   DSI_OUTREGBIT(cmdq_handle, DSI_START_REG,DSI_REG[i]->DSI_START,VM_CMD_START,0);
   ^
/home/satory-ra/Android/kernel/android_kernel_oukitel_orange/drivers/misc/mediatek/dispsys/mt6735/mt6735m/ddp_reg.h:1395:29: note: expected 'long unsigned int' but argument is of type 'volatile struct DSI_START_REG *'
 static inline unsigned long disp_addr_convert(unsigned long va) 
                             ^
/home/satory-ra/Android/kernel/android_kernel_oukitel_orange/drivers/misc/mediatek/dispsys/mt6735/mt6735m/ddp_reg.h:1486:17: warning: passing argument 2 of 'dprec_reg_op' makes integer from pointer without a cast
                 dprec_reg_op(handle, reg32, val, 0x00000000);\
                 ^
drivers/misc/mediatek/dispsys/mt6735/ddp_dsi.c:59:63: note: in expansion of macro 'DISP_REG_SET'
   else{mt_reg_sync_writel(INREG32(&REG),&r);r.bit = (value);  DISP_REG_SET(cmdq, &REG, INREG32(&r));}    \
                                                               ^
drivers/misc/mediatek/dispsys/mt6735/ddp_dsi.c:3040:3: note: in expansion of macro 'DSI_OUTREGBIT'
   DSI_OUTREGBIT(cmdq_handle, DSI_START_REG,DSI_REG[i]->DSI_START,VM_CMD_START,0);
   ^
In file included from /home/satory-ra/Android/kernel/android_kernel_oukitel_orange/drivers/misc/mediatek/videox/mt6735/disp_drv_log.h:3:0,
                 from drivers/misc/mediatek/dispsys/mt6735/ddp_dsi.c:8:
/home/satory-ra/Android/kernel/android_kernel_oukitel_orange/drivers/misc/mediatek/dispsys/mt6735/display_recorder.h:136:6: note: expected 'unsigned int' but argument is of type 'volatile struct DSI_START_REG *'
 void dprec_reg_op(void* cmdq, unsigned int reg, unsigned int val, unsigned int mask);
      ^
In file included from drivers/misc/mediatek/dispsys/mt6735/ddp_dsi.c:31:0:
/home/satory-ra/Android/kernel/android_kernel_oukitel_orange/drivers/misc/mediatek/dispsys/mt6735/mt6735m/ddp_reg.h:1487:38: warning: passing argument 1 of 'disp_addr_convert' makes integer from pointer without a cast
                 cmdqRecWrite(handle, disp_addr_convert(reg32), val, ~0); \
                                      ^
drivers/misc/mediatek/dispsys/mt6735/ddp_dsi.c:59:63: note: in expansion of macro 'DISP_REG_SET'
   else{mt_reg_sync_writel(INREG32(&REG),&r);r.bit = (value);  DISP_REG_SET(cmdq, &REG, INREG32(&r));}    \
                                                               ^
drivers/misc/mediatek/dispsys/mt6735/ddp_dsi.c:3040:3: note: in expansion of macro 'DSI_OUTREGBIT'
   DSI_OUTREGBIT(cmdq_handle, DSI_START_REG,DSI_REG[i]->DSI_START,VM_CMD_START,0);
   ^
/home/satory-ra/Android/kernel/android_kernel_oukitel_orange/drivers/misc/mediatek/dispsys/mt6735/mt6735m/ddp_reg.h:1395:29: note: expected 'long unsigned int' but argument is of type 'volatile struct DSI_START_REG *'
 static inline unsigned long disp_addr_convert(unsigned long va) 
                             ^
/home/satory-ra/Android/kernel/android_kernel_oukitel_orange/drivers/misc/mediatek/dispsys/mt6735/mt6735m/ddp_reg.h:1413:3: warning: passing argument 2 of 'dprec_reg_op' makes integer from pointer without a cast
   dprec_reg_op(handle, reg32, val, mask);\
   ^
drivers/misc/mediatek/dispsys/mt6735/ddp_dsi.c:58:145: note: in expansion of macro 'DISP_REG_MASK'
   if(cmdq)  {*(unsigned int*)(&r) = ((unsigned int)0x00000000);r.bit = ~(r.bit);*(unsigned int*)(&v) = ((unsigned int)0x00000000);v.bit = value;DISP_REG_MASK(cmdq, &REG, AS_UINT32(&v), AS_UINT32(&r));}  \
                                                                                                                                                 ^
drivers/misc/mediatek/dispsys/mt6735/ddp_dsi.c:3041:3: note: in expansion of macro 'DSI_OUTREGBIT'
   DSI_OUTREGBIT(cmdq_handle, DSI_START_REG,DSI_REG[i]->DSI_START,VM_CMD_START,1);
   ^
In file included from /home/satory-ra/Android/kernel/android_kernel_oukitel_orange/drivers/misc/mediatek/videox/mt6735/disp_drv_log.h:3:0,
                 from drivers/misc/mediatek/dispsys/mt6735/ddp_dsi.c:8:
/home/satory-ra/Android/kernel/android_kernel_oukitel_orange/drivers/misc/mediatek/dispsys/mt6735/display_recorder.h:136:6: note: expected 'unsigned int' but argument is of type 'volatile struct DSI_START_REG *'
 void dprec_reg_op(void* cmdq, unsigned int reg, unsigned int val, unsigned int mask);
      ^
In file included from drivers/misc/mediatek/dispsys/mt6735/ddp_dsi.c:31:0:
/home/satory-ra/Android/kernel/android_kernel_oukitel_orange/drivers/misc/mediatek/dispsys/mt6735/mt6735m/ddp_reg.h:1420:25: warning: passing argument 1 of 'disp_addr_convert' makes integer from pointer without a cast
    cmdqRecWrite(handle, disp_addr_convert(reg32), val, mask); \
                         ^
drivers/misc/mediatek/dispsys/mt6735/ddp_dsi.c:58:145: note: in expansion of macro 'DISP_REG_MASK'
   if(cmdq)  {*(unsigned int*)(&r) = ((unsigned int)0x00000000);r.bit = ~(r.bit);*(unsigned int*)(&v) = ((unsigned int)0x00000000);v.bit = value;DISP_REG_MASK(cmdq, &REG, AS_UINT32(&v), AS_UINT32(&r));}  \
                                                                                                                                                 ^
drivers/misc/mediatek/dispsys/mt6735/ddp_dsi.c:3041:3: note: in expansion of macro 'DSI_OUTREGBIT'
   DSI_OUTREGBIT(cmdq_handle, DSI_START_REG,DSI_REG[i]->DSI_START,VM_CMD_START,1);
   ^
/home/satory-ra/Android/kernel/android_kernel_oukitel_orange/drivers/misc/mediatek/dispsys/mt6735/mt6735m/ddp_reg.h:1395:29: note: expected 'long unsigned int' but argument is of type 'volatile struct DSI_START_REG *'
 static inline unsigned long disp_addr_convert(unsigned long va) 
                             ^
/home/satory-ra/Android/kernel/android_kernel_oukitel_orange/drivers/misc/mediatek/dispsys/mt6735/mt6735m/ddp_reg.h:1486:17: warning: passing argument 2 of 'dprec_reg_op' makes integer from pointer without a cast
                 dprec_reg_op(handle, reg32, val, 0x00000000);\
                 ^
drivers/misc/mediatek/dispsys/mt6735/ddp_dsi.c:59:63: note: in expansion of macro 'DISP_REG_SET'
   else{mt_reg_sync_writel(INREG32(&REG),&r);r.bit = (value);  DISP_REG_SET(cmdq, &REG, INREG32(&r));}    \
                                                               ^
drivers/misc/mediatek/dispsys/mt6735/ddp_dsi.c:3041:3: note: in expansion of macro 'DSI_OUTREGBIT'
   DSI_OUTREGBIT(cmdq_handle, DSI_START_REG,DSI_REG[i]->DSI_START,VM_CMD_START,1);
   ^
In file included from /home/satory-ra/Android/kernel/android_kernel_oukitel_orange/drivers/misc/mediatek/videox/mt6735/disp_drv_log.h:3:0,
                 from drivers/misc/mediatek/dispsys/mt6735/ddp_dsi.c:8:
/home/satory-ra/Android/kernel/android_kernel_oukitel_orange/drivers/misc/mediatek/dispsys/mt6735/display_recorder.h:136:6: note: expected 'unsigned int' but argument is of type 'volatile struct DSI_START_REG *'
 void dprec_reg_op(void* cmdq, unsigned int reg, unsigned int val, unsigned int mask);
      ^
In file included from drivers/misc/mediatek/dispsys/mt6735/ddp_dsi.c:31:0:
/home/satory-ra/Android/kernel/android_kernel_oukitel_orange/drivers/misc/mediatek/dispsys/mt6735/mt6735m/ddp_reg.h:1487:38: warning: passing argument 1 of 'disp_addr_convert' makes integer from pointer without a cast
                 cmdqRecWrite(handle, disp_addr_convert(reg32), val, ~0); \
                                      ^
drivers/misc/mediatek/dispsys/mt6735/ddp_dsi.c:59:63: note: in expansion of macro 'DISP_REG_SET'
   else{mt_reg_sync_writel(INREG32(&REG),&r);r.bit = (value);  DISP_REG_SET(cmdq, &REG, INREG32(&r));}    \
                                                               ^
drivers/misc/mediatek/dispsys/mt6735/ddp_dsi.c:3041:3: note: in expansion of macro 'DSI_OUTREGBIT'
   DSI_OUTREGBIT(cmdq_handle, DSI_START_REG,DSI_REG[i]->DSI_START,VM_CMD_START,1);
   ^
/home/satory-ra/Android/kernel/android_kernel_oukitel_orange/drivers/misc/mediatek/dispsys/mt6735/mt6735m/ddp_reg.h:1395:29: note: expected 'long unsigned int' but argument is of type 'volatile struct DSI_START_REG *'
 static inline unsigned long disp_addr_convert(unsigned long va) 
                             ^
drivers/misc/mediatek/dispsys/mt6735/ddp_dsi.c: In function 'ddp_dsi_ioctl':
/home/satory-ra/Android/kernel/android_kernel_oukitel_orange/drivers/misc/mediatek/dispsys/mt6735/mt6735m/ddp_reg.h:1413:3: warning: passing argument 2 of 'dprec_reg_op' makes integer from pointer without a cast
   dprec_reg_op(handle, reg32, val, mask);\
   ^
drivers/misc/mediatek/dispsys/mt6735/ddp_dsi.c:58:145: note: in expansion of macro 'DISP_REG_MASK'
   if(cmdq)  {*(unsigned int*)(&r) = ((unsigned int)0x00000000);r.bit = ~(r.bit);*(unsigned int*)(&v) = ((unsigned int)0x00000000);v.bit = value;DISP_REG_MASK(cmdq, &REG, AS_UINT32(&v), AS_UINT32(&r));}  \
                                                                                                                                                 ^
drivers/misc/mediatek/dispsys/mt6735/ddp_dsi.c:3168:5: note: in expansion of macro 'DSI_OUTREGBIT'
     DSI_OUTREGBIT(cmdq_handle, DSI_COM_CTRL_REG,DSI_REG[0]->DSI_COM_CTRL,DSI_DUAL_EN,0);
     ^
In file included from /home/satory-ra/Android/kernel/android_kernel_oukitel_orange/drivers/misc/mediatek/videox/mt6735/disp_drv_log.h:3:0,
                 from drivers/misc/mediatek/dispsys/mt6735/ddp_dsi.c:8:
/home/satory-ra/Android/kernel/android_kernel_oukitel_orange/drivers/misc/mediatek/dispsys/mt6735/display_recorder.h:136:6: note: expected 'unsigned int' but argument is of type 'volatile struct DSI_COM_CTRL_REG *'
 void dprec_reg_op(void* cmdq, unsigned int reg, unsigned int val, unsigned int mask);
      ^
In file included from drivers/misc/mediatek/dispsys/mt6735/ddp_dsi.c:31:0:
/home/satory-ra/Android/kernel/android_kernel_oukitel_orange/drivers/misc/mediatek/dispsys/mt6735/mt6735m/ddp_reg.h:1420:25: warning: passing argument 1 of 'disp_addr_convert' makes integer from pointer without a cast
    cmdqRecWrite(handle, disp_addr_convert(reg32), val, mask); \
                         ^
drivers/misc/mediatek/dispsys/mt6735/ddp_dsi.c:58:145: note: in expansion of macro 'DISP_REG_MASK'
   if(cmdq)  {*(unsigned int*)(&r) = ((unsigned int)0x00000000);r.bit = ~(r.bit);*(unsigned int*)(&v) = ((unsigned int)0x00000000);v.bit = value;DISP_REG_MASK(cmdq, &REG, AS_UINT32(&v), AS_UINT32(&r));}  \
                                                                                                                                                 ^
drivers/misc/mediatek/dispsys/mt6735/ddp_dsi.c:3168:5: note: in expansion of macro 'DSI_OUTREGBIT'
     DSI_OUTREGBIT(cmdq_handle, DSI_COM_CTRL_REG,DSI_REG[0]->DSI_COM_CTRL,DSI_DUAL_EN,0);
     ^
/home/satory-ra/Android/kernel/android_kernel_oukitel_orange/drivers/misc/mediatek/dispsys/mt6735/mt6735m/ddp_reg.h:1395:29: note: expected 'long unsigned int' but argument is of type 'volatile struct DSI_COM_CTRL_REG *'
 static inline unsigned long disp_addr_convert(unsigned long va) 
                             ^
/home/satory-ra/Android/kernel/android_kernel_oukitel_orange/drivers/misc/mediatek/dispsys/mt6735/mt6735m/ddp_reg.h:1486:17: warning: passing argument 2 of 'dprec_reg_op' makes integer from pointer without a cast
                 dprec_reg_op(handle, reg32, val, 0x00000000);\
                 ^
drivers/misc/mediatek/dispsys/mt6735/ddp_dsi.c:59:63: note: in expansion of macro 'DISP_REG_SET'
   else{mt_reg_sync_writel(INREG32(&REG),&r);r.bit = (value);  DISP_REG_SET(cmdq, &REG, INREG32(&r));}    \
                                                               ^
drivers/misc/mediatek/dispsys/mt6735/ddp_dsi.c:3168:5: note: in expansion of macro 'DSI_OUTREGBIT'
     DSI_OUTREGBIT(cmdq_handle, DSI_COM_CTRL_REG,DSI_REG[0]->DSI_COM_CTRL,DSI_DUAL_EN,0);
     ^
In file included from /home/satory-ra/Android/kernel/android_kernel_oukitel_orange/drivers/misc/mediatek/videox/mt6735/disp_drv_log.h:3:0,
                 from drivers/misc/mediatek/dispsys/mt6735/ddp_dsi.c:8:
/home/satory-ra/Android/kernel/android_kernel_oukitel_orange/drivers/misc/mediatek/dispsys/mt6735/display_recorder.h:136:6: note: expected 'unsigned int' but argument is of type 'volatile struct DSI_COM_CTRL_REG *'
 void dprec_reg_op(void* cmdq, unsigned int reg, unsigned int val, unsigned int mask);
      ^
In file included from drivers/misc/mediatek/dispsys/mt6735/ddp_dsi.c:31:0:
/home/satory-ra/Android/kernel/android_kernel_oukitel_orange/drivers/misc/mediatek/dispsys/mt6735/mt6735m/ddp_reg.h:1487:38: warning: passing argument 1 of 'disp_addr_convert' makes integer from pointer without a cast
                 cmdqRecWrite(handle, disp_addr_convert(reg32), val, ~0); \
                                      ^
drivers/misc/mediatek/dispsys/mt6735/ddp_dsi.c:59:63: note: in expansion of macro 'DISP_REG_SET'
   else{mt_reg_sync_writel(INREG32(&REG),&r);r.bit = (value);  DISP_REG_SET(cmdq, &REG, INREG32(&r));}    \
                                                               ^
drivers/misc/mediatek/dispsys/mt6735/ddp_dsi.c:3168:5: note: in expansion of macro 'DSI_OUTREGBIT'
     DSI_OUTREGBIT(cmdq_handle, DSI_COM_CTRL_REG,DSI_REG[0]->DSI_COM_CTRL,DSI_DUAL_EN,0);
     ^
/home/satory-ra/Android/kernel/android_kernel_oukitel_orange/drivers/misc/mediatek/dispsys/mt6735/mt6735m/ddp_reg.h:1395:29: note: expected 'long unsigned int' but argument is of type 'volatile struct DSI_COM_CTRL_REG *'
 static inline unsigned long disp_addr_convert(unsigned long va) 
                             ^
/home/satory-ra/Android/kernel/android_kernel_oukitel_orange/drivers/misc/mediatek/dispsys/mt6735/mt6735m/ddp_reg.h:1413:3: warning: passing argument 2 of 'dprec_reg_op' makes integer from pointer without a cast
   dprec_reg_op(handle, reg32, val, mask);\
   ^
drivers/misc/mediatek/dispsys/mt6735/ddp_dsi.c:58:145: note: in expansion of macro 'DISP_REG_MASK'
   if(cmdq)  {*(unsigned int*)(&r) = ((unsigned int)0x00000000);r.bit = ~(r.bit);*(unsigned int*)(&v) = ((unsigned int)0x00000000);v.bit = value;DISP_REG_MASK(cmdq, &REG, AS_UINT32(&v), AS_UINT32(&r));}  \
                                                                                                                                                 ^
drivers/misc/mediatek/dispsys/mt6735/ddp_dsi.c:3169:5: note: in expansion of macro 'DSI_OUTREGBIT'
     DSI_OUTREGBIT(cmdq_handle, DSI_COM_CTRL_REG,DSI_REG[1]->DSI_COM_CTRL,DSI_DUAL_EN,0);
     ^
In file included from /home/satory-ra/Android/kernel/android_kernel_oukitel_orange/drivers/misc/mediatek/videox/mt6735/disp_drv_log.h:3:0,
                 from drivers/misc/mediatek/dispsys/mt6735/ddp_dsi.c:8:
/home/satory-ra/Android/kernel/android_kernel_oukitel_orange/drivers/misc/mediatek/dispsys/mt6735/display_recorder.h:136:6: note: expected 'unsigned int' but argument is of type 'volatile struct DSI_COM_CTRL_REG *'
 void dprec_reg_op(void* cmdq, unsigned int reg, unsigned int val, unsigned int mask);
      ^
In file included from drivers/misc/mediatek/dispsys/mt6735/ddp_dsi.c:31:0:
/home/satory-ra/Android/kernel/android_kernel_oukitel_orange/drivers/misc/mediatek/dispsys/mt6735/mt6735m/ddp_reg.h:1420:25: warning: passing argument 1 of 'disp_addr_convert' makes integer from pointer without a cast
    cmdqRecWrite(handle, disp_addr_convert(reg32), val, mask); \
                         ^
drivers/misc/mediatek/dispsys/mt6735/ddp_dsi.c:58:145: note: in expansion of macro 'DISP_REG_MASK'
   if(cmdq)  {*(unsigned int*)(&r) = ((unsigned int)0x00000000);r.bit = ~(r.bit);*(unsigned int*)(&v) = ((unsigned int)0x00000000);v.bit = value;DISP_REG_MASK(cmdq, &REG, AS_UINT32(&v), AS_UINT32(&r));}  \
                                                                                                                                                 ^
drivers/misc/mediatek/dispsys/mt6735/ddp_dsi.c:3169:5: note: in expansion of macro 'DSI_OUTREGBIT'
     DSI_OUTREGBIT(cmdq_handle, DSI_COM_CTRL_REG,DSI_REG[1]->DSI_COM_CTRL,DSI_DUAL_EN,0);
     ^
/home/satory-ra/Android/kernel/android_kernel_oukitel_orange/drivers/misc/mediatek/dispsys/mt6735/mt6735m/ddp_reg.h:1395:29: note: expected 'long unsigned int' but argument is of type 'volatile struct DSI_COM_CTRL_REG *'
 static inline unsigned long disp_addr_convert(unsigned long va) 
                             ^
/home/satory-ra/Android/kernel/android_kernel_oukitel_orange/drivers/misc/mediatek/dispsys/mt6735/mt6735m/ddp_reg.h:1486:17: warning: passing argument 2 of 'dprec_reg_op' makes integer from pointer without a cast
                 dprec_reg_op(handle, reg32, val, 0x00000000);\
                 ^
drivers/misc/mediatek/dispsys/mt6735/ddp_dsi.c:59:63: note: in expansion of macro 'DISP_REG_SET'
   else{mt_reg_sync_writel(INREG32(&REG),&r);r.bit = (value);  DISP_REG_SET(cmdq, &REG, INREG32(&r));}    \
                                                               ^
drivers/misc/mediatek/dispsys/mt6735/ddp_dsi.c:3169:5: note: in expansion of macro 'DSI_OUTREGBIT'
     DSI_OUTREGBIT(cmdq_handle, DSI_COM_CTRL_REG,DSI_REG[1]->DSI_COM_CTRL,DSI_DUAL_EN,0);
     ^
In file included from /home/satory-ra/Android/kernel/android_kernel_oukitel_orange/drivers/misc/mediatek/videox/mt6735/disp_drv_log.h:3:0,
                 from drivers/misc/mediatek/dispsys/mt6735/ddp_dsi.c:8:
/home/satory-ra/Android/kernel/android_kernel_oukitel_orange/drivers/misc/mediatek/dispsys/mt6735/display_recorder.h:136:6: note: expected 'unsigned int' but argument is of type 'volatile struct DSI_COM_CTRL_REG *'
 void dprec_reg_op(void* cmdq, unsigned int reg, unsigned int val, unsigned int mask);
      ^
In file included from drivers/misc/mediatek/dispsys/mt6735/ddp_dsi.c:31:0:
/home/satory-ra/Android/kernel/android_kernel_oukitel_orange/drivers/misc/mediatek/dispsys/mt6735/mt6735m/ddp_reg.h:1487:38: warning: passing argument 1 of 'disp_addr_convert' makes integer from pointer without a cast
                 cmdqRecWrite(handle, disp_addr_convert(reg32), val, ~0); \
                                      ^
drivers/misc/mediatek/dispsys/mt6735/ddp_dsi.c:59:63: note: in expansion of macro 'DISP_REG_SET'
   else{mt_reg_sync_writel(INREG32(&REG),&r);r.bit = (value);  DISP_REG_SET(cmdq, &REG, INREG32(&r));}    \
                                                               ^
drivers/misc/mediatek/dispsys/mt6735/ddp_dsi.c:3169:5: note: in expansion of macro 'DSI_OUTREGBIT'
     DSI_OUTREGBIT(cmdq_handle, DSI_COM_CTRL_REG,DSI_REG[1]->DSI_COM_CTRL,DSI_DUAL_EN,0);
     ^
/home/satory-ra/Android/kernel/android_kernel_oukitel_orange/drivers/misc/mediatek/dispsys/mt6735/mt6735m/ddp_reg.h:1395:29: note: expected 'long unsigned int' but argument is of type 'volatile struct DSI_COM_CTRL_REG *'
 static inline unsigned long disp_addr_convert(unsigned long va) 
                             ^
/home/satory-ra/Android/kernel/android_kernel_oukitel_orange/drivers/misc/mediatek/dispsys/mt6735/mt6735m/ddp_reg.h:1413:3: warning: passing argument 2 of 'dprec_reg_op' makes integer from pointer without a cast
   dprec_reg_op(handle, reg32, val, mask);\
   ^
drivers/misc/mediatek/dispsys/mt6735/ddp_dsi.c:58:145: note: in expansion of macro 'DISP_REG_MASK'
   if(cmdq)  {*(unsigned int*)(&r) = ((unsigned int)0x00000000);r.bit = ~(r.bit);*(unsigned int*)(&v) = ((unsigned int)0x00000000);v.bit = value;DISP_REG_MASK(cmdq, &REG, AS_UINT32(&v), AS_UINT32(&r));}  \
                                                                                                                                                 ^
drivers/misc/mediatek/dispsys/mt6735/ddp_dsi.c:3170:5: note: in expansion of macro 'DSI_OUTREGBIT'
     DSI_OUTREGBIT(cmdq_handle, DSI_START_REG, DSI_REG[0]->DSI_START, DSI_START, 0);
     ^
In file included from /home/satory-ra/Android/kernel/android_kernel_oukitel_orange/drivers/misc/mediatek/videox/mt6735/disp_drv_log.h:3:0,
                 from drivers/misc/mediatek/dispsys/mt6735/ddp_dsi.c:8:
/home/satory-ra/Android/kernel/android_kernel_oukitel_orange/drivers/misc/mediatek/dispsys/mt6735/display_recorder.h:136:6: note: expected 'unsigned int' but argument is of type 'volatile struct DSI_START_REG *'
 void dprec_reg_op(void* cmdq, unsigned int reg, unsigned int val, unsigned int mask);
      ^
In file included from drivers/misc/mediatek/dispsys/mt6735/ddp_dsi.c:31:0:
/home/satory-ra/Android/kernel/android_kernel_oukitel_orange/drivers/misc/mediatek/dispsys/mt6735/mt6735m/ddp_reg.h:1420:25: warning: passing argument 1 of 'disp_addr_convert' makes integer from pointer without a cast
    cmdqRecWrite(handle, disp_addr_convert(reg32), val, mask); \
                         ^
drivers/misc/mediatek/dispsys/mt6735/ddp_dsi.c:58:145: note: in expansion of macro 'DISP_REG_MASK'
   if(cmdq)  {*(unsigned int*)(&r) = ((unsigned int)0x00000000);r.bit = ~(r.bit);*(unsigned int*)(&v) = ((unsigned int)0x00000000);v.bit = value;DISP_REG_MASK(cmdq, &REG, AS_UINT32(&v), AS_UINT32(&r));}  \
                                                                                                                                                 ^
drivers/misc/mediatek/dispsys/mt6735/ddp_dsi.c:3170:5: note: in expansion of macro 'DSI_OUTREGBIT'
     DSI_OUTREGBIT(cmdq_handle, DSI_START_REG, DSI_REG[0]->DSI_START, DSI_START, 0);
     ^
/home/satory-ra/Android/kernel/android_kernel_oukitel_orange/drivers/misc/mediatek/dispsys/mt6735/mt6735m/ddp_reg.h:1395:29: note: expected 'long unsigned int' but argument is of type 'volatile struct DSI_START_REG *'
 static inline unsigned long disp_addr_convert(unsigned long va) 
                             ^
/home/satory-ra/Android/kernel/android_kernel_oukitel_orange/drivers/misc/mediatek/dispsys/mt6735/mt6735m/ddp_reg.h:1486:17: warning: passing argument 2 of 'dprec_reg_op' makes integer from pointer without a cast
                 dprec_reg_op(handle, reg32, val, 0x00000000);\
                 ^
drivers/misc/mediatek/dispsys/mt6735/ddp_dsi.c:59:63: note: in expansion of macro 'DISP_REG_SET'
   else{mt_reg_sync_writel(INREG32(&REG),&r);r.bit = (value);  DISP_REG_SET(cmdq, &REG, INREG32(&r));}    \
                                                               ^
drivers/misc/mediatek/dispsys/mt6735/ddp_dsi.c:3170:5: note: in expansion of macro 'DSI_OUTREGBIT'
     DSI_OUTREGBIT(cmdq_handle, DSI_START_REG, DSI_REG[0]->DSI_START, DSI_START, 0);
     ^
In file included from /home/satory-ra/Android/kernel/android_kernel_oukitel_orange/drivers/misc/mediatek/videox/mt6735/disp_drv_log.h:3:0,
                 from drivers/misc/mediatek/dispsys/mt6735/ddp_dsi.c:8:
/home/satory-ra/Android/kernel/android_kernel_oukitel_orange/drivers/misc/mediatek/dispsys/mt6735/display_recorder.h:136:6: note: expected 'unsigned int' but argument is of type 'volatile struct DSI_START_REG *'
 void dprec_reg_op(void* cmdq, unsigned int reg, unsigned int val, unsigned int mask);
      ^
In file included from drivers/misc/mediatek/dispsys/mt6735/ddp_dsi.c:31:0:
/home/satory-ra/Android/kernel/android_kernel_oukitel_orange/drivers/misc/mediatek/dispsys/mt6735/mt6735m/ddp_reg.h:1487:38: warning: passing argument 1 of 'disp_addr_convert' makes integer from pointer without a cast
                 cmdqRecWrite(handle, disp_addr_convert(reg32), val, ~0); \
                                      ^
drivers/misc/mediatek/dispsys/mt6735/ddp_dsi.c:59:63: note: in expansion of macro 'DISP_REG_SET'
   else{mt_reg_sync_writel(INREG32(&REG),&r);r.bit = (value);  DISP_REG_SET(cmdq, &REG, INREG32(&r));}    \
                                                               ^
drivers/misc/mediatek/dispsys/mt6735/ddp_dsi.c:3170:5: note: in expansion of macro 'DSI_OUTREGBIT'
     DSI_OUTREGBIT(cmdq_handle, DSI_START_REG, DSI_REG[0]->DSI_START, DSI_START, 0);
     ^
/home/satory-ra/Android/kernel/android_kernel_oukitel_orange/drivers/misc/mediatek/dispsys/mt6735/mt6735m/ddp_reg.h:1395:29: note: expected 'long unsigned int' but argument is of type 'volatile struct DSI_START_REG *'
 static inline unsigned long disp_addr_convert(unsigned long va) 
                             ^
In file included from drivers/misc/mediatek/connectivity/conn_soc/drv_wlan/mt_wifi/wlan/include/precomp.h:241:0,
                 from drivers/misc/mediatek/connectivity/conn_soc/drv_wlan/mt_wifi/wlan/mgmt/p2p_fsm.c:832:
drivers/misc/mediatek/connectivity/conn_soc/drv_wlan/mt_wifi/wlan/include/mgmt/scan.h:324:0: warning: "CFG_BATCH_MAX_MSCAN" redefined
 #define CFG_BATCH_MAX_MSCAN 4
 ^
In file included from drivers/misc/mediatek/connectivity/conn_soc/drv_wlan/mt_wifi/wlan/os/linux/include/gl_os.h:584:0,
                 from drivers/misc/mediatek/connectivity/conn_soc/drv_wlan/mt_wifi/wlan/include/precomp.h:173,
                 from drivers/misc/mediatek/connectivity/conn_soc/drv_wlan/mt_wifi/wlan/mgmt/p2p_fsm.c:832:
drivers/misc/mediatek/connectivity/conn_soc/drv_wlan/mt_wifi/wlan/include/config.h:1585:0: note: this is the location of the previous definition
 #define CFG_BATCH_MAX_MSCAN                 2
 ^
/home/satory-ra/Android/kernel/android_kernel_oukitel_orange/drivers/misc/mediatek/dispsys/mt6735/mt6735m/ddp_reg.h:1413:3: warning: passing argument 2 of 'dprec_reg_op' makes integer from pointer without a cast
   dprec_reg_op(handle, reg32, val, mask);\
   ^
drivers/misc/mediatek/dispsys/mt6735/ddp_dsi.c:58:145: note: in expansion of macro 'DISP_REG_MASK'
   if(cmdq)  {*(unsigned int*)(&r) = ((unsigned int)0x00000000);r.bit = ~(r.bit);*(unsigned int*)(&v) = ((unsigned int)0x00000000);v.bit = value;DISP_REG_MASK(cmdq, &REG, AS_UINT32(&v), AS_UINT32(&r));}  \
                                                                                                                                                 ^
drivers/misc/mediatek/dispsys/mt6735/ddp_dsi.c:3171:5: note: in expansion of macro 'DSI_OUTREGBIT'
     DSI_OUTREGBIT(cmdq_handle, DSI_START_REG, DSI_REG[1]->DSI_START, DSI_START, 0);
     ^
In file included from /home/satory-ra/Android/kernel/android_kernel_oukitel_orange/drivers/misc/mediatek/videox/mt6735/disp_drv_log.h:3:0,
                 from drivers/misc/mediatek/dispsys/mt6735/ddp_dsi.c:8:
/home/satory-ra/Android/kernel/android_kernel_oukitel_orange/drivers/misc/mediatek/dispsys/mt6735/display_recorder.h:136:6: note: expected 'unsigned int' but argument is of type 'volatile struct DSI_START_REG *'
 void dprec_reg_op(void* cmdq, unsigned int reg, unsigned int val, unsigned int mask);
      ^
In file included from drivers/misc/mediatek/dispsys/mt6735/ddp_dsi.c:31:0:
/home/satory-ra/Android/kernel/android_kernel_oukitel_orange/drivers/misc/mediatek/dispsys/mt6735/mt6735m/ddp_reg.h:1420:25: warning: passing argument 1 of 'disp_addr_convert' makes integer from pointer without a cast
    cmdqRecWrite(handle, disp_addr_convert(reg32), val, mask); \
                         ^
drivers/misc/mediatek/dispsys/mt6735/ddp_dsi.c:58:145: note: in expansion of macro 'DISP_REG_MASK'
   if(cmdq)  {*(unsigned int*)(&r) = ((unsigned int)0x00000000);r.bit = ~(r.bit);*(unsigned int*)(&v) = ((unsigned int)0x00000000);v.bit = value;DISP_REG_MASK(cmdq, &REG, AS_UINT32(&v), AS_UINT32(&r));}  \
                                                                                                                                                 ^
drivers/misc/mediatek/dispsys/mt6735/ddp_dsi.c:3171:5: note: in expansion of macro 'DSI_OUTREGBIT'
     DSI_OUTREGBIT(cmdq_handle, DSI_START_REG, DSI_REG[1]->DSI_START, DSI_START, 0);
     ^
/home/satory-ra/Android/kernel/android_kernel_oukitel_orange/drivers/misc/mediatek/dispsys/mt6735/mt6735m/ddp_reg.h:1395:29: note: expected 'long unsigned int' but argument is of type 'volatile struct DSI_START_REG *'
 static inline unsigned long disp_addr_convert(unsigned long va) 
                             ^
/home/satory-ra/Android/kernel/android_kernel_oukitel_orange/drivers/misc/mediatek/dispsys/mt6735/mt6735m/ddp_reg.h:1486:17: warning: passing argument 2 of 'dprec_reg_op' makes integer from pointer without a cast
                 dprec_reg_op(handle, reg32, val, 0x00000000);\
                 ^
drivers/misc/mediatek/dispsys/mt6735/ddp_dsi.c:59:63: note: in expansion of macro 'DISP_REG_SET'
   else{mt_reg_sync_writel(INREG32(&REG),&r);r.bit = (value);  DISP_REG_SET(cmdq, &REG, INREG32(&r));}    \
                                                               ^
drivers/misc/mediatek/dispsys/mt6735/ddp_dsi.c:3171:5: note: in expansion of macro 'DSI_OUTREGBIT'
     DSI_OUTREGBIT(cmdq_handle, DSI_START_REG, DSI_REG[1]->DSI_START, DSI_START, 0);
     ^
In file included from /home/satory-ra/Android/kernel/android_kernel_oukitel_orange/drivers/misc/mediatek/videox/mt6735/disp_drv_log.h:3:0,
                 from drivers/misc/mediatek/dispsys/mt6735/ddp_dsi.c:8:
/home/satory-ra/Android/kernel/android_kernel_oukitel_orange/drivers/misc/mediatek/dispsys/mt6735/display_recorder.h:136:6: note: expected 'unsigned int' but argument is of type 'volatile struct DSI_START_REG *'
 void dprec_reg_op(void* cmdq, unsigned int reg, unsigned int val, unsigned int mask);
      ^
In file included from drivers/misc/mediatek/dispsys/mt6735/ddp_dsi.c:31:0:
/home/satory-ra/Android/kernel/android_kernel_oukitel_orange/drivers/misc/mediatek/dispsys/mt6735/mt6735m/ddp_reg.h:1487:38: warning: passing argument 1 of 'disp_addr_convert' makes integer from pointer without a cast
                 cmdqRecWrite(handle, disp_addr_convert(reg32), val, ~0); \
                                      ^
drivers/misc/mediatek/dispsys/mt6735/ddp_dsi.c:59:63: note: in expansion of macro 'DISP_REG_SET'
   else{mt_reg_sync_writel(INREG32(&REG),&r);r.bit = (value);  DISP_REG_SET(cmdq, &REG, INREG32(&r));}    \
                                                               ^
drivers/misc/mediatek/dispsys/mt6735/ddp_dsi.c:3171:5: note: in expansion of macro 'DSI_OUTREGBIT'
     DSI_OUTREGBIT(cmdq_handle, DSI_START_REG, DSI_REG[1]->DSI_START, DSI_START, 0);
     ^
/home/satory-ra/Android/kernel/android_kernel_oukitel_orange/drivers/misc/mediatek/dispsys/mt6735/mt6735m/ddp_reg.h:1395:29: note: expected 'long unsigned int' but argument is of type 'volatile struct DSI_START_REG *'
 static inline unsigned long disp_addr_convert(unsigned long va) 
                             ^
drivers/misc/mediatek/dispsys/mt6735/ddp_dsi.c:3192:4: warning: passing argument 5 of 'DSI_set_cmdq_V2' from incompatible pointer type
    DSI_set_cmdq_V2(module, cmdq_handle, cmd, count, &level, 1);
    ^
drivers/misc/mediatek/dispsys/mt6735/ddp_dsi.c:1837:6: note: expected 'unsigned char *' but argument is of type 'unsigned int *'
 void DSI_set_cmdq_V2(DISP_MODULE_ENUM module, cmdqRecHandle cmdq, unsigned cmd, unsigned char count, unsigned char *para_list, unsigned char force_update)
      ^
In file included from drivers/misc/mediatek/dispsys/mt6735/ddp_dsi.c:31:0:
/home/satory-ra/Android/kernel/android_kernel_oukitel_orange/drivers/misc/mediatek/dispsys/mt6735/mt6735m/ddp_reg.h:1486:17: warning: passing argument 2 of 'dprec_reg_op' makes integer from pointer without a cast
                 dprec_reg_op(handle, reg32, val, 0x00000000);\
                 ^
drivers/misc/mediatek/dispsys/mt6735/ddp_dsi.c:40:39: note: in expansion of macro 'DISP_REG_SET'
 #define DSI_OUTREG32(cmdq, addr, val) DISP_REG_SET(cmdq, addr,val)
                                       ^
drivers/misc/mediatek/dispsys/mt6735/ddp_dsi.c:3231:5: note: in expansion of macro 'DSI_OUTREG32'
     DSI_OUTREG32(cmdq_handle, &DSI_REG[0]->DSI_VFP_NL, vertical_frontporch);
     ^
In file included from /home/satory-ra/Android/kernel/android_kernel_oukitel_orange/drivers/misc/mediatek/videox/mt6735/disp_drv_log.h:3:0,
                 from drivers/misc/mediatek/dispsys/mt6735/ddp_dsi.c:8:
/home/satory-ra/Android/kernel/android_kernel_oukitel_orange/drivers/misc/mediatek/dispsys/mt6735/display_recorder.h:136:6: note: expected 'unsigned int' but argument is of type 'volatile struct DSI_VFP_NL_REG *'
 void dprec_reg_op(void* cmdq, unsigned int reg, unsigned int val, unsigned int mask);
      ^
In file included from drivers/misc/mediatek/dispsys/mt6735/ddp_dsi.c:31:0:
/home/satory-ra/Android/kernel/android_kernel_oukitel_orange/drivers/misc/mediatek/dispsys/mt6735/mt6735m/ddp_reg.h:1487:38: warning: passing argument 1 of 'disp_addr_convert' makes integer from pointer without a cast
                 cmdqRecWrite(handle, disp_addr_convert(reg32), val, ~0); \
                                      ^
drivers/misc/mediatek/dispsys/mt6735/ddp_dsi.c:40:39: note: in expansion of macro 'DISP_REG_SET'
 #define DSI_OUTREG32(cmdq, addr, val) DISP_REG_SET(cmdq, addr,val)
                                       ^
drivers/misc/mediatek/dispsys/mt6735/ddp_dsi.c:3231:5: note: in expansion of macro 'DSI_OUTREG32'
     DSI_OUTREG32(cmdq_handle, &DSI_REG[0]->DSI_VFP_NL, vertical_frontporch);
     ^
/home/satory-ra/Android/kernel/android_kernel_oukitel_orange/drivers/misc/mediatek/dispsys/mt6735/mt6735m/ddp_reg.h:1395:29: note: expected 'long unsigned int' but argument is of type 'volatile struct DSI_VFP_NL_REG *'
 static inline unsigned long disp_addr_convert(unsigned long va) 
                             ^
drivers/misc/mediatek/dispsys/mt6735/ddp_dsi.c:3154:2: warning: enumeration value 'DDP_DPI_FACTORY_TEST' not handled in switch [-Wswitch]
  switch(ioctl)
  ^
In file included from drivers/misc/mediatek/dispsys/mt6735/ddp_dsi.c:31:0:
drivers/misc/mediatek/dispsys/mt6735/ddp_dsi.c: In function 'ddp_dsi_power_on':
/home/satory-ra/Android/kernel/android_kernel_oukitel_orange/drivers/misc/mediatek/dispsys/mt6735/mt6735m/ddp_reg.h:1413:3: warning: passing argument 2 of 'dprec_reg_op' makes integer from pointer without a cast
   dprec_reg_op(handle, reg32, val, mask);\
   ^
drivers/misc/mediatek/dispsys/mt6735/ddp_dsi.c:58:145: note: in expansion of macro 'DISP_REG_MASK'
   if(cmdq)  {*(unsigned int*)(&r) = ((unsigned int)0x00000000);r.bit = ~(r.bit);*(unsigned int*)(&v) = ((unsigned int)0x00000000);v.bit = value;DISP_REG_MASK(cmdq, &REG, AS_UINT32(&v), AS_UINT32(&r));}  \
                                                                                                                                                 ^
drivers/misc/mediatek/dispsys/mt6735/ddp_dsi.c:3323:3: note: in expansion of macro 'DSI_OUTREGBIT'
   DSI_OUTREGBIT(NULL, DSI_PHY_LD0CON_REG, DSI_REG[i]->DSI_PHY_LD0CON, L0_ULPM_EN, 0);
   ^
In file included from /home/satory-ra/Android/kernel/android_kernel_oukitel_orange/drivers/misc/mediatek/videox/mt6735/disp_drv_log.h:3:0,
                 from drivers/misc/mediatek/dispsys/mt6735/ddp_dsi.c:8:
/home/satory-ra/Android/kernel/android_kernel_oukitel_orange/drivers/misc/mediatek/dispsys/mt6735/display_recorder.h:136:6: note: expected 'unsigned int' but argument is of type 'volatile struct DSI_PHY_LD0CON_REG *'
 void dprec_reg_op(void* cmdq, unsigned int reg, unsigned int val, unsigned int mask);
      ^
In file included from drivers/misc/mediatek/dispsys/mt6735/ddp_dsi.c:31:0:
/home/satory-ra/Android/kernel/android_kernel_oukitel_orange/drivers/misc/mediatek/dispsys/mt6735/mt6735m/ddp_reg.h:1420:25: warning: passing argument 1 of 'disp_addr_convert' makes integer from pointer without a cast
    cmdqRecWrite(handle, disp_addr_convert(reg32), val, mask); \
                         ^
drivers/misc/mediatek/dispsys/mt6735/ddp_dsi.c:58:145: note: in expansion of macro 'DISP_REG_MASK'
   if(cmdq)  {*(unsigned int*)(&r) = ((unsigned int)0x00000000);r.bit = ~(r.bit);*(unsigned int*)(&v) = ((unsigned int)0x00000000);v.bit = value;DISP_REG_MASK(cmdq, &REG, AS_UINT32(&v), AS_UINT32(&r));}  \
                                                                                                                                                 ^
drivers/misc/mediatek/dispsys/mt6735/ddp_dsi.c:3323:3: note: in expansion of macro 'DSI_OUTREGBIT'
   DSI_OUTREGBIT(NULL, DSI_PHY_LD0CON_REG, DSI_REG[i]->DSI_PHY_LD0CON, L0_ULPM_EN, 0);
   ^
/home/satory-ra/Android/kernel/android_kernel_oukitel_orange/drivers/misc/mediatek/dispsys/mt6735/mt6735m/ddp_reg.h:1395:29: note: expected 'long unsigned int' but argument is of type 'volatile struct DSI_PHY_LD0CON_REG *'
 static inline unsigned long disp_addr_convert(unsigned long va) 
                             ^
/home/satory-ra/Android/kernel/android_kernel_oukitel_orange/drivers/misc/mediatek/dispsys/mt6735/mt6735m/ddp_reg.h:1486:17: warning: passing argument 2 of 'dprec_reg_op' makes integer from pointer without a cast
                 dprec_reg_op(handle, reg32, val, 0x00000000);\
                 ^
drivers/misc/mediatek/dispsys/mt6735/ddp_dsi.c:59:63: note: in expansion of macro 'DISP_REG_SET'
   else{mt_reg_sync_writel(INREG32(&REG),&r);r.bit = (value);  DISP_REG_SET(cmdq, &REG, INREG32(&r));}    \
                                                               ^
drivers/misc/mediatek/dispsys/mt6735/ddp_dsi.c:3323:3: note: in expansion of macro 'DSI_OUTREGBIT'
   DSI_OUTREGBIT(NULL, DSI_PHY_LD0CON_REG, DSI_REG[i]->DSI_PHY_LD0CON, L0_ULPM_EN, 0);
   ^
In file included from /home/satory-ra/Android/kernel/android_kernel_oukitel_orange/drivers/misc/mediatek/videox/mt6735/disp_drv_log.h:3:0,
                 from drivers/misc/mediatek/dispsys/mt6735/ddp_dsi.c:8:
/home/satory-ra/Android/kernel/android_kernel_oukitel_orange/drivers/misc/mediatek/dispsys/mt6735/display_recorder.h:136:6: note: expected 'unsigned int' but argument is of type 'volatile struct DSI_PHY_LD0CON_REG *'
 void dprec_reg_op(void* cmdq, unsigned int reg, unsigned int val, unsigned int mask);
      ^
In file included from drivers/misc/mediatek/dispsys/mt6735/ddp_dsi.c:31:0:
/home/satory-ra/Android/kernel/android_kernel_oukitel_orange/drivers/misc/mediatek/dispsys/mt6735/mt6735m/ddp_reg.h:1487:38: warning: passing argument 1 of 'disp_addr_convert' makes integer from pointer without a cast
                 cmdqRecWrite(handle, disp_addr_convert(reg32), val, ~0); \
                                      ^
drivers/misc/mediatek/dispsys/mt6735/ddp_dsi.c:59:63: note: in expansion of macro 'DISP_REG_SET'
   else{mt_reg_sync_writel(INREG32(&REG),&r);r.bit = (value);  DISP_REG_SET(cmdq, &REG, INREG32(&r));}    \
                                                               ^
drivers/misc/mediatek/dispsys/mt6735/ddp_dsi.c:3323:3: note: in expansion of macro 'DSI_OUTREGBIT'
   DSI_OUTREGBIT(NULL, DSI_PHY_LD0CON_REG, DSI_REG[i]->DSI_PHY_LD0CON, L0_ULPM_EN, 0);
   ^
/home/satory-ra/Android/kernel/android_kernel_oukitel_orange/drivers/misc/mediatek/dispsys/mt6735/mt6735m/ddp_reg.h:1395:29: note: expected 'long unsigned int' but argument is of type 'volatile struct DSI_PHY_LD0CON_REG *'
 static inline unsigned long disp_addr_convert(unsigned long va) 
                             ^
/home/satory-ra/Android/kernel/android_kernel_oukitel_orange/drivers/misc/mediatek/dispsys/mt6735/mt6735m/ddp_reg.h:1413:3: warning: passing argument 2 of 'dprec_reg_op' makes integer from pointer without a cast
   dprec_reg_op(handle, reg32, val, mask);\
   ^
drivers/misc/mediatek/dispsys/mt6735/ddp_dsi.c:58:145: note: in expansion of macro 'DISP_REG_MASK'
   if(cmdq)  {*(unsigned int*)(&r) = ((unsigned int)0x00000000);r.bit = ~(r.bit);*(unsigned int*)(&v) = ((unsigned int)0x00000000);v.bit = value;DISP_REG_MASK(cmdq, &REG, AS_UINT32(&v), AS_UINT32(&r));}  \
                                                                                                                                                 ^
drivers/misc/mediatek/dispsys/mt6735/ddp_dsi.c:3324:3: note: in expansion of macro 'DSI_OUTREGBIT'
   DSI_OUTREGBIT(NULL, DSI_PHY_LD0CON_REG, DSI_REG[i]->DSI_PHY_LD0CON, L0_WAKEUP_EN, 1);
   ^
In file included from /home/satory-ra/Android/kernel/android_kernel_oukitel_orange/drivers/misc/mediatek/videox/mt6735/disp_drv_log.h:3:0,
                 from drivers/misc/mediatek/dispsys/mt6735/ddp_dsi.c:8:
/home/satory-ra/Android/kernel/android_kernel_oukitel_orange/drivers/misc/mediatek/dispsys/mt6735/display_recorder.h:136:6: note: expected 'unsigned int' but argument is of type 'volatile struct DSI_PHY_LD0CON_REG *'
 void dprec_reg_op(void* cmdq, unsigned int reg, unsigned int val, unsigned int mask);
      ^
In file included from drivers/misc/mediatek/dispsys/mt6735/ddp_dsi.c:31:0:
/home/satory-ra/Android/kernel/android_kernel_oukitel_orange/drivers/misc/mediatek/dispsys/mt6735/mt6735m/ddp_reg.h:1420:25: warning: passing argument 1 of 'disp_addr_convert' makes integer from pointer without a cast
    cmdqRecWrite(handle, disp_addr_convert(reg32), val, mask); \
                         ^
drivers/misc/mediatek/dispsys/mt6735/ddp_dsi.c:58:145: note: in expansion of macro 'DISP_REG_MASK'
   if(cmdq)  {*(unsigned int*)(&r) = ((unsigned int)0x00000000);r.bit = ~(r.bit);*(unsigned int*)(&v) = ((unsigned int)0x00000000);v.bit = value;DISP_REG_MASK(cmdq, &REG, AS_UINT32(&v), AS_UINT32(&r));}  \
                                                                                                                                                 ^
drivers/misc/mediatek/dispsys/mt6735/ddp_dsi.c:3324:3: note: in expansion of macro 'DSI_OUTREGBIT'
   DSI_OUTREGBIT(NULL, DSI_PHY_LD0CON_REG, DSI_REG[i]->DSI_PHY_LD0CON, L0_WAKEUP_EN, 1);
   ^
/home/satory-ra/Android/kernel/android_kernel_oukitel_orange/drivers/misc/mediatek/dispsys/mt6735/mt6735m/ddp_reg.h:1395:29: note: expected 'long unsigned int' but argument is of type 'volatile struct DSI_PHY_LD0CON_REG *'
 static inline unsigned long disp_addr_convert(unsigned long va) 
                             ^
/home/satory-ra/Android/kernel/android_kernel_oukitel_orange/drivers/misc/mediatek/dispsys/mt6735/mt6735m/ddp_reg.h:1486:17: warning: passing argument 2 of 'dprec_reg_op' makes integer from pointer without a cast
                 dprec_reg_op(handle, reg32, val, 0x00000000);\
                 ^
drivers/misc/mediatek/dispsys/mt6735/ddp_dsi.c:59:63: note: in expansion of macro 'DISP_REG_SET'
   else{mt_reg_sync_writel(INREG32(&REG),&r);r.bit = (value);  DISP_REG_SET(cmdq, &REG, INREG32(&r));}    \
                                                               ^
drivers/misc/mediatek/dispsys/mt6735/ddp_dsi.c:3324:3: note: in expansion of macro 'DSI_OUTREGBIT'
   DSI_OUTREGBIT(NULL, DSI_PHY_LD0CON_REG, DSI_REG[i]->DSI_PHY_LD0CON, L0_WAKEUP_EN, 1);
   ^
In file included from /home/satory-ra/Android/kernel/android_kernel_oukitel_orange/drivers/misc/mediatek/videox/mt6735/disp_drv_log.h:3:0,
                 from drivers/misc/mediatek/dispsys/mt6735/ddp_dsi.c:8:
/home/satory-ra/Android/kernel/android_kernel_oukitel_orange/drivers/misc/mediatek/dispsys/mt6735/display_recorder.h:136:6: note: expected 'unsigned int' but argument is of type 'volatile struct DSI_PHY_LD0CON_REG *'
 void dprec_reg_op(void* cmdq, unsigned int reg, unsigned int val, unsigned int mask);
      ^
In file included from drivers/misc/mediatek/dispsys/mt6735/ddp_dsi.c:31:0:
/home/satory-ra/Android/kernel/android_kernel_oukitel_orange/drivers/misc/mediatek/dispsys/mt6735/mt6735m/ddp_reg.h:1487:38: warning: passing argument 1 of 'disp_addr_convert' makes integer from pointer without a cast
                 cmdqRecWrite(handle, disp_addr_convert(reg32), val, ~0); \
                                      ^
drivers/misc/mediatek/dispsys/mt6735/ddp_dsi.c:59:63: note: in expansion of macro 'DISP_REG_SET'
   else{mt_reg_sync_writel(INREG32(&REG),&r);r.bit = (value);  DISP_REG_SET(cmdq, &REG, INREG32(&r));}    \
                                                               ^
drivers/misc/mediatek/dispsys/mt6735/ddp_dsi.c:3324:3: note: in expansion of macro 'DSI_OUTREGBIT'
   DSI_OUTREGBIT(NULL, DSI_PHY_LD0CON_REG, DSI_REG[i]->DSI_PHY_LD0CON, L0_WAKEUP_EN, 1);
   ^
/home/satory-ra/Android/kernel/android_kernel_oukitel_orange/drivers/misc/mediatek/dispsys/mt6735/mt6735m/ddp_reg.h:1395:29: note: expected 'long unsigned int' but argument is of type 'volatile struct DSI_PHY_LD0CON_REG *'
 static inline unsigned long disp_addr_convert(unsigned long va) 
                             ^
/home/satory-ra/Android/kernel/android_kernel_oukitel_orange/drivers/misc/mediatek/dispsys/mt6735/mt6735m/ddp_reg.h:1413:3: warning: passing argument 2 of 'dprec_reg_op' makes integer from pointer without a cast
   dprec_reg_op(handle, reg32, val, mask);\
   ^
drivers/misc/mediatek/dispsys/mt6735/ddp_dsi.c:58:145: note: in expansion of macro 'DISP_REG_MASK'
   if(cmdq)  {*(unsigned int*)(&r) = ((unsigned int)0x00000000);r.bit = ~(r.bit);*(unsigned int*)(&v) = ((unsigned int)0x00000000);v.bit = value;DISP_REG_MASK(cmdq, &REG, AS_UINT32(&v), AS_UINT32(&r));}  \
                                                                                                                                                 ^
drivers/misc/mediatek/dispsys/mt6735/ddp_dsi.c:3325:3: note: in expansion of macro 'DSI_OUTREGBIT'
   DSI_OUTREGBIT(NULL, DSI_PHY_LD0CON_REG, DSI_REG[i]->DSI_PHY_LD0CON, L0_WAKEUP_EN, 0);
   ^
In file included from /home/satory-ra/Android/kernel/android_kernel_oukitel_orange/drivers/misc/mediatek/videox/mt6735/disp_drv_log.h:3:0,
                 from drivers/misc/mediatek/dispsys/mt6735/ddp_dsi.c:8:
/home/satory-ra/Android/kernel/android_kernel_oukitel_orange/drivers/misc/mediatek/dispsys/mt6735/display_recorder.h:136:6: note: expected 'unsigned int' but argument is of type 'volatile struct DSI_PHY_LD0CON_REG *'
 void dprec_reg_op(void* cmdq, unsigned int reg, unsigned int val, unsigned int mask);
      ^
In file included from drivers/misc/mediatek/dispsys/mt6735/ddp_dsi.c:31:0:
/home/satory-ra/Android/kernel/android_kernel_oukitel_orange/drivers/misc/mediatek/dispsys/mt6735/mt6735m/ddp_reg.h:1420:25: warning: passing argument 1 of 'disp_addr_convert' makes integer from pointer without a cast
    cmdqRecWrite(handle, disp_addr_convert(reg32), val, mask); \
                         ^
drivers/misc/mediatek/dispsys/mt6735/ddp_dsi.c:58:145: note: in expansion of macro 'DISP_REG_MASK'
   if(cmdq)  {*(unsigned int*)(&r) = ((unsigned int)0x00000000);r.bit = ~(r.bit);*(unsigned int*)(&v) = ((unsigned int)0x00000000);v.bit = value;DISP_REG_MASK(cmdq, &REG, AS_UINT32(&v), AS_UINT32(&r));}  \
                                                                                                                                                 ^
drivers/misc/mediatek/dispsys/mt6735/ddp_dsi.c:3325:3: note: in expansion of macro 'DSI_OUTREGBIT'
   DSI_OUTREGBIT(NULL, DSI_PHY_LD0CON_REG, DSI_REG[i]->DSI_PHY_LD0CON, L0_WAKEUP_EN, 0);
   ^
/home/satory-ra/Android/kernel/android_kernel_oukitel_orange/drivers/misc/mediatek/dispsys/mt6735/mt6735m/ddp_reg.h:1395:29: note: expected 'long unsigned int' but argument is of type 'volatile struct DSI_PHY_LD0CON_REG *'
 static inline unsigned long disp_addr_convert(unsigned long va) 
                             ^
/home/satory-ra/Android/kernel/android_kernel_oukitel_orange/drivers/misc/mediatek/dispsys/mt6735/mt6735m/ddp_reg.h:1486:17: warning: passing argument 2 of 'dprec_reg_op' makes integer from pointer without a cast
                 dprec_reg_op(handle, reg32, val, 0x00000000);\
                 ^
drivers/misc/mediatek/dispsys/mt6735/ddp_dsi.c:59:63: note: in expansion of macro 'DISP_REG_SET'
   else{mt_reg_sync_writel(INREG32(&REG),&r);r.bit = (value);  DISP_REG_SET(cmdq, &REG, INREG32(&r));}    \
                                                               ^
drivers/misc/mediatek/dispsys/mt6735/ddp_dsi.c:3325:3: note: in expansion of macro 'DSI_OUTREGBIT'
   DSI_OUTREGBIT(NULL, DSI_PHY_LD0CON_REG, DSI_REG[i]->DSI_PHY_LD0CON, L0_WAKEUP_EN, 0);
   ^
In file included from /home/satory-ra/Android/kernel/android_kernel_oukitel_orange/drivers/misc/mediatek/videox/mt6735/disp_drv_log.h:3:0,
                 from drivers/misc/mediatek/dispsys/mt6735/ddp_dsi.c:8:
/home/satory-ra/Android/kernel/android_kernel_oukitel_orange/drivers/misc/mediatek/dispsys/mt6735/display_recorder.h:136:6: note: expected 'unsigned int' but argument is of type 'volatile struct DSI_PHY_LD0CON_REG *'
 void dprec_reg_op(void* cmdq, unsigned int reg, unsigned int val, unsigned int mask);
      ^
In file included from drivers/misc/mediatek/dispsys/mt6735/ddp_dsi.c:31:0:
/home/satory-ra/Android/kernel/android_kernel_oukitel_orange/drivers/misc/mediatek/dispsys/mt6735/mt6735m/ddp_reg.h:1487:38: warning: passing argument 1 of 'disp_addr_convert' makes integer from pointer without a cast
                 cmdqRecWrite(handle, disp_addr_convert(reg32), val, ~0); \
                                      ^
drivers/misc/mediatek/dispsys/mt6735/ddp_dsi.c:59:63: note: in expansion of macro 'DISP_REG_SET'
   else{mt_reg_sync_writel(INREG32(&REG),&r);r.bit = (value);  DISP_REG_SET(cmdq, &REG, INREG32(&r));}    \
                                                               ^
drivers/misc/mediatek/dispsys/mt6735/ddp_dsi.c:3325:3: note: in expansion of macro 'DSI_OUTREGBIT'
   DSI_OUTREGBIT(NULL, DSI_PHY_LD0CON_REG, DSI_REG[i]->DSI_PHY_LD0CON, L0_WAKEUP_EN, 0);
   ^
/home/satory-ra/Android/kernel/android_kernel_oukitel_orange/drivers/misc/mediatek/dispsys/mt6735/mt6735m/ddp_reg.h:1395:29: note: expected 'long unsigned int' but argument is of type 'volatile struct DSI_PHY_LD0CON_REG *'
 static inline unsigned long disp_addr_convert(unsigned long va) 
                             ^
drivers/misc/mediatek/dispsys/mt6735/ddp_dsi.c: In function 'ddp_dsi_power_off':
/home/satory-ra/Android/kernel/android_kernel_oukitel_orange/drivers/misc/mediatek/dispsys/mt6735/mt6735m/ddp_reg.h:1486:17: warning: passing argument 2 of 'dprec_reg_op' makes integer from pointer without a cast
                 dprec_reg_op(handle, reg32, val, 0x00000000);\
                 ^
drivers/misc/mediatek/dispsys/mt6735/ddp_dsi.c:40:39: note: in expansion of macro 'DISP_REG_SET'
 #define DSI_OUTREG32(cmdq, addr, val) DISP_REG_SET(cmdq, addr,val)
                                       ^
drivers/misc/mediatek/dispsys/mt6735/ddp_dsi.c:3361:4: note: in expansion of macro 'DSI_OUTREG32'
    DSI_OUTREG32(NULL,&DSI_REG[i]->DSI_INTEN, 0);
    ^
In file included from /home/satory-ra/Android/kernel/android_kernel_oukitel_orange/drivers/misc/mediatek/videox/mt6735/disp_drv_log.h:3:0,
                 from drivers/misc/mediatek/dispsys/mt6735/ddp_dsi.c:8:
/home/satory-ra/Android/kernel/android_kernel_oukitel_orange/drivers/misc/mediatek/dispsys/mt6735/display_recorder.h:136:6: note: expected 'unsigned int' but argument is of type 'volatile struct DSI_INT_ENABLE_REG *'
 void dprec_reg_op(void* cmdq, unsigned int reg, unsigned int val, unsigned int mask);
      ^
In file included from drivers/misc/mediatek/dispsys/mt6735/ddp_dsi.c:31:0:
/home/satory-ra/Android/kernel/android_kernel_oukitel_orange/drivers/misc/mediatek/dispsys/mt6735/mt6735m/ddp_reg.h:1487:38: warning: passing argument 1 of 'disp_addr_convert' makes integer from pointer without a cast
                 cmdqRecWrite(handle, disp_addr_convert(reg32), val, ~0); \
                                      ^
drivers/misc/mediatek/dispsys/mt6735/ddp_dsi.c:40:39: note: in expansion of macro 'DISP_REG_SET'
 #define DSI_OUTREG32(cmdq, addr, val) DISP_REG_SET(cmdq, addr,val)
                                       ^
drivers/misc/mediatek/dispsys/mt6735/ddp_dsi.c:3361:4: note: in expansion of macro 'DSI_OUTREG32'
    DSI_OUTREG32(NULL,&DSI_REG[i]->DSI_INTEN, 0);
    ^
/home/satory-ra/Android/kernel/android_kernel_oukitel_orange/drivers/misc/mediatek/dispsys/mt6735/mt6735m/ddp_reg.h:1395:29: note: expected 'long unsigned int' but argument is of type 'volatile struct DSI_INT_ENABLE_REG *'
 static inline unsigned long disp_addr_convert(unsigned long va) 
                             ^
drivers/misc/mediatek/dispsys/mt6735/ddp_dsi.c: In function 'ddp_dsi_build_cmdq':
/home/satory-ra/Android/kernel/android_kernel_oukitel_orange/drivers/misc/mediatek/dispsys/mt6735/mt6735m/ddp_reg.h:1513:6: warning: passing argument 2 of 'dprec_reg_op' makes integer from pointer without a cast
      dprec_reg_op(handle, reg32, val, 0x00000000);\
      ^
drivers/misc/mediatek/dispsys/mt6735/ddp_dsi.c:42:46: note: in expansion of macro 'DISP_REG_CMDQ_POLLING'
 #define DSI_POLLREG32(cmdq, addr,mask,value) DISP_REG_CMDQ_POLLING(cmdq, addr,value,mask)
                                              ^
drivers/misc/mediatek/dispsys/mt6735/ddp_dsi.c:3553:4: note: in expansion of macro 'DSI_POLLREG32'
    DSI_POLLREG32(cmdq_trigger_handle, &DSI_REG[dsi_i]->DSI_INTSTA, 0x80000000, 0);
    ^
In file included from /home/satory-ra/Android/kernel/android_kernel_oukitel_orange/drivers/misc/mediatek/videox/mt6735/disp_drv_log.h:3:0,
                 from drivers/misc/mediatek/dispsys/mt6735/ddp_dsi.c:8:
/home/satory-ra/Android/kernel/android_kernel_oukitel_orange/drivers/misc/mediatek/dispsys/mt6735/display_recorder.h:136:6: note: expected 'unsigned int' but argument is of type 'volatile struct DSI_INT_STATUS_REG *'
 void dprec_reg_op(void* cmdq, unsigned int reg, unsigned int val, unsigned int mask);
      ^
In file included from drivers/misc/mediatek/dispsys/mt6735/ddp_dsi.c:31:0:
/home/satory-ra/Android/kernel/android_kernel_oukitel_orange/drivers/misc/mediatek/dispsys/mt6735/mt6735m/ddp_reg.h:1514:26: warning: passing argument 1 of 'disp_addr_convert' makes integer from pointer without a cast
      cmdqRecPoll(handle, disp_addr_convert(reg32), val, mask); \
                          ^
drivers/misc/mediatek/dispsys/mt6735/ddp_dsi.c:42:46: note: in expansion of macro 'DISP_REG_CMDQ_POLLING'
 #define DSI_POLLREG32(cmdq, addr,mask,value) DISP_REG_CMDQ_POLLING(cmdq, addr,value,mask)
                                              ^
drivers/misc/mediatek/dispsys/mt6735/ddp_dsi.c:3553:4: note: in expansion of macro 'DSI_POLLREG32'
    DSI_POLLREG32(cmdq_trigger_handle, &DSI_REG[dsi_i]->DSI_INTSTA, 0x80000000, 0);
    ^
/home/satory-ra/Android/kernel/android_kernel_oukitel_orange/drivers/misc/mediatek/dispsys/mt6735/mt6735m/ddp_reg.h:1395:29: note: expected 'long unsigned int' but argument is of type 'volatile struct DSI_INT_STATUS_REG *'
 static inline unsigned long disp_addr_convert(unsigned long va) 
                             ^
/home/satory-ra/Android/kernel/android_kernel_oukitel_orange/drivers/misc/mediatek/dispsys/mt6735/mt6735m/ddp_reg.h:1413:3: warning: passing argument 2 of 'dprec_reg_op' makes integer from pointer without a cast
   dprec_reg_op(handle, reg32, val, mask);\
   ^
drivers/misc/mediatek/dispsys/mt6735/ddp_dsi.c:58:145: note: in expansion of macro 'DISP_REG_MASK'
   if(cmdq)  {*(unsigned int*)(&r) = ((unsigned int)0x00000000);r.bit = ~(r.bit);*(unsigned int*)(&v) = ((unsigned int)0x00000000);v.bit = value;DISP_REG_MASK(cmdq, &REG, AS_UINT32(&v), AS_UINT32(&r));}  \
                                                                                                                                                 ^
drivers/misc/mediatek/dispsys/mt6735/ddp_dsi.c:3575:3: note: in expansion of macro 'DSI_OUTREGBIT'
   DSI_OUTREGBIT(cmdq_trigger_handle, DSI_INT_ENABLE_REG,DSI_REG[dsi_i]->DSI_INTEN,RD_RDY,1);
   ^
In file included from /home/satory-ra/Android/kernel/android_kernel_oukitel_orange/drivers/misc/mediatek/videox/mt6735/disp_drv_log.h:3:0,
                 from drivers/misc/mediatek/dispsys/mt6735/ddp_dsi.c:8:
/home/satory-ra/Android/kernel/android_kernel_oukitel_orange/drivers/misc/mediatek/dispsys/mt6735/display_recorder.h:136:6: note: expected 'unsigned int' but argument is of type 'volatile struct DSI_INT_ENABLE_REG *'
 void dprec_reg_op(void* cmdq, unsigned int reg, unsigned int val, unsigned int mask);
      ^
In file included from drivers/misc/mediatek/dispsys/mt6735/ddp_dsi.c:31:0:
/home/satory-ra/Android/kernel/android_kernel_oukitel_orange/drivers/misc/mediatek/dispsys/mt6735/mt6735m/ddp_reg.h:1420:25: warning: passing argument 1 of 'disp_addr_convert' makes integer from pointer without a cast
    cmdqRecWrite(handle, disp_addr_convert(reg32), val, mask); \
                         ^
drivers/misc/mediatek/dispsys/mt6735/ddp_dsi.c:58:145: note: in expansion of macro 'DISP_REG_MASK'
   if(cmdq)  {*(unsigned int*)(&r) = ((unsigned int)0x00000000);r.bit = ~(r.bit);*(unsigned int*)(&v) = ((unsigned int)0x00000000);v.bit = value;DISP_REG_MASK(cmdq, &REG, AS_UINT32(&v), AS_UINT32(&r));}  \
                                                                                                                                                 ^
drivers/misc/mediatek/dispsys/mt6735/ddp_dsi.c:3575:3: note: in expansion of macro 'DSI_OUTREGBIT'
   DSI_OUTREGBIT(cmdq_trigger_handle, DSI_INT_ENABLE_REG,DSI_REG[dsi_i]->DSI_INTEN,RD_RDY,1);
   ^
/home/satory-ra/Android/kernel/android_kernel_oukitel_orange/drivers/misc/mediatek/dispsys/mt6735/mt6735m/ddp_reg.h:1395:29: note: expected 'long unsigned int' but argument is of type 'volatile struct DSI_INT_ENABLE_REG *'
 static inline unsigned long disp_addr_convert(unsigned long va) 
                             ^
/home/satory-ra/Android/kernel/android_kernel_oukitel_orange/drivers/misc/mediatek/dispsys/mt6735/mt6735m/ddp_reg.h:1486:17: warning: passing argument 2 of 'dprec_reg_op' makes integer from pointer without a cast
                 dprec_reg_op(handle, reg32, val, 0x00000000);\
                 ^
drivers/misc/mediatek/dispsys/mt6735/ddp_dsi.c:59:63: note: in expansion of macro 'DISP_REG_SET'
   else{mt_reg_sync_writel(INREG32(&REG),&r);r.bit = (value);  DISP_REG_SET(cmdq, &REG, INREG32(&r));}    \
                                                               ^
drivers/misc/mediatek/dispsys/mt6735/ddp_dsi.c:3575:3: note: in expansion of macro 'DSI_OUTREGBIT'
   DSI_OUTREGBIT(cmdq_trigger_handle, DSI_INT_ENABLE_REG,DSI_REG[dsi_i]->DSI_INTEN,RD_RDY,1);
   ^
In file included from /home/satory-ra/Android/kernel/android_kernel_oukitel_orange/drivers/misc/mediatek/videox/mt6735/disp_drv_log.h:3:0,
                 from drivers/misc/mediatek/dispsys/mt6735/ddp_dsi.c:8:
/home/satory-ra/Android/kernel/android_kernel_oukitel_orange/drivers/misc/mediatek/dispsys/mt6735/display_recorder.h:136:6: note: expected 'unsigned int' but argument is of type 'volatile struct DSI_INT_ENABLE_REG *'
 void dprec_reg_op(void* cmdq, unsigned int reg, unsigned int val, unsigned int mask);
      ^
In file included from drivers/misc/mediatek/dispsys/mt6735/ddp_dsi.c:31:0:
/home/satory-ra/Android/kernel/android_kernel_oukitel_orange/drivers/misc/mediatek/dispsys/mt6735/mt6735m/ddp_reg.h:1487:38: warning: passing argument 1 of 'disp_addr_convert' makes integer from pointer without a cast
                 cmdqRecWrite(handle, disp_addr_convert(reg32), val, ~0); \
                                      ^
drivers/misc/mediatek/dispsys/mt6735/ddp_dsi.c:59:63: note: in expansion of macro 'DISP_REG_SET'
   else{mt_reg_sync_writel(INREG32(&REG),&r);r.bit = (value);  DISP_REG_SET(cmdq, &REG, INREG32(&r));}    \
                                                               ^
drivers/misc/mediatek/dispsys/mt6735/ddp_dsi.c:3575:3: note: in expansion of macro 'DSI_OUTREGBIT'
   DSI_OUTREGBIT(cmdq_trigger_handle, DSI_INT_ENABLE_REG,DSI_REG[dsi_i]->DSI_INTEN,RD_RDY,1);
   ^
/home/satory-ra/Android/kernel/android_kernel_oukitel_orange/drivers/misc/mediatek/dispsys/mt6735/mt6735m/ddp_reg.h:1395:29: note: expected 'long unsigned int' but argument is of type 'volatile struct DSI_INT_ENABLE_REG *'
 static inline unsigned long disp_addr_convert(unsigned long va) 
                             ^
/home/satory-ra/Android/kernel/android_kernel_oukitel_orange/drivers/misc/mediatek/dispsys/mt6735/mt6735m/ddp_reg.h:1413:3: warning: passing argument 2 of 'dprec_reg_op' makes integer from pointer without a cast
   dprec_reg_op(handle, reg32, val, mask);\
   ^
drivers/misc/mediatek/dispsys/mt6735/ddp_dsi.c:58:145: note: in expansion of macro 'DISP_REG_MASK'
   if(cmdq)  {*(unsigned int*)(&r) = ((unsigned int)0x00000000);r.bit = ~(r.bit);*(unsigned int*)(&v) = ((unsigned int)0x00000000);v.bit = value;DISP_REG_MASK(cmdq, &REG, AS_UINT32(&v), AS_UINT32(&r));}  \
                                                                                                                                                 ^
drivers/misc/mediatek/dispsys/mt6735/ddp_dsi.c:3576:3: note: in expansion of macro 'DSI_OUTREGBIT'
   DSI_OUTREGBIT(cmdq_trigger_handle, DSI_INT_ENABLE_REG,DSI_REG[dsi_i]->DSI_INTEN,CMD_DONE,1);
   ^
In file included from /home/satory-ra/Android/kernel/android_kernel_oukitel_orange/drivers/misc/mediatek/videox/mt6735/disp_drv_log.h:3:0,
                 from drivers/misc/mediatek/dispsys/mt6735/ddp_dsi.c:8:
/home/satory-ra/Android/kernel/android_kernel_oukitel_orange/drivers/misc/mediatek/dispsys/mt6735/display_recorder.h:136:6: note: expected 'unsigned int' but argument is of type 'volatile struct DSI_INT_ENABLE_REG *'
 void dprec_reg_op(void* cmdq, unsigned int reg, unsigned int val, unsigned int mask);
      ^
In file included from drivers/misc/mediatek/dispsys/mt6735/ddp_dsi.c:31:0:
/home/satory-ra/Android/kernel/android_kernel_oukitel_orange/drivers/misc/mediatek/dispsys/mt6735/mt6735m/ddp_reg.h:1420:25: warning: passing argument 1 of 'disp_addr_convert' makes integer from pointer without a cast
    cmdqRecWrite(handle, disp_addr_convert(reg32), val, mask); \
                         ^
drivers/misc/mediatek/dispsys/mt6735/ddp_dsi.c:58:145: note: in expansion of macro 'DISP_REG_MASK'
   if(cmdq)  {*(unsigned int*)(&r) = ((unsigned int)0x00000000);r.bit = ~(r.bit);*(unsigned int*)(&v) = ((unsigned int)0x00000000);v.bit = value;DISP_REG_MASK(cmdq, &REG, AS_UINT32(&v), AS_UINT32(&r));}  \
                                                                                                                                                 ^
drivers/misc/mediatek/dispsys/mt6735/ddp_dsi.c:3576:3: note: in expansion of macro 'DSI_OUTREGBIT'
   DSI_OUTREGBIT(cmdq_trigger_handle, DSI_INT_ENABLE_REG,DSI_REG[dsi_i]->DSI_INTEN,CMD_DONE,1);
   ^
/home/satory-ra/Android/kernel/android_kernel_oukitel_orange/drivers/misc/mediatek/dispsys/mt6735/mt6735m/ddp_reg.h:1395:29: note: expected 'long unsigned int' but argument is of type 'volatile struct DSI_INT_ENABLE_REG *'
 static inline unsigned long disp_addr_convert(unsigned long va) 
                             ^
/home/satory-ra/Android/kernel/android_kernel_oukitel_orange/drivers/misc/mediatek/dispsys/mt6735/mt6735m/ddp_reg.h:1486:17: warning: passing argument 2 of 'dprec_reg_op' makes integer from pointer without a cast
                 dprec_reg_op(handle, reg32, val, 0x00000000);\
                 ^
drivers/misc/mediatek/dispsys/mt6735/ddp_dsi.c:59:63: note: in expansion of macro 'DISP_REG_SET'
   else{mt_reg_sync_writel(INREG32(&REG),&r);r.bit = (value);  DISP_REG_SET(cmdq, &REG, INREG32(&r));}    \
                                                               ^
drivers/misc/mediatek/dispsys/mt6735/ddp_dsi.c:3576:3: note: in expansion of macro 'DSI_OUTREGBIT'
   DSI_OUTREGBIT(cmdq_trigger_handle, DSI_INT_ENABLE_REG,DSI_REG[dsi_i]->DSI_INTEN,CMD_DONE,1);
   ^
In file included from /home/satory-ra/Android/kernel/android_kernel_oukitel_orange/drivers/misc/mediatek/videox/mt6735/disp_drv_log.h:3:0,
                 from drivers/misc/mediatek/dispsys/mt6735/ddp_dsi.c:8:
/home/satory-ra/Android/kernel/android_kernel_oukitel_orange/drivers/misc/mediatek/dispsys/mt6735/display_recorder.h:136:6: note: expected 'unsigned int' but argument is of type 'volatile struct DSI_INT_ENABLE_REG *'
 void dprec_reg_op(void* cmdq, unsigned int reg, unsigned int val, unsigned int mask);
      ^
In file included from drivers/misc/mediatek/dispsys/mt6735/ddp_dsi.c:31:0:
/home/satory-ra/Android/kernel/android_kernel_oukitel_orange/drivers/misc/mediatek/dispsys/mt6735/mt6735m/ddp_reg.h:1487:38: warning: passing argument 1 of 'disp_addr_convert' makes integer from pointer without a cast
                 cmdqRecWrite(handle, disp_addr_convert(reg32), val, ~0); \
                                      ^
drivers/misc/mediatek/dispsys/mt6735/ddp_dsi.c:59:63: note: in expansion of macro 'DISP_REG_SET'
   else{mt_reg_sync_writel(INREG32(&REG),&r);r.bit = (value);  DISP_REG_SET(cmdq, &REG, INREG32(&r));}    \
                                                               ^
drivers/misc/mediatek/dispsys/mt6735/ddp_dsi.c:3576:3: note: in expansion of macro 'DSI_OUTREGBIT'
   DSI_OUTREGBIT(cmdq_trigger_handle, DSI_INT_ENABLE_REG,DSI_REG[dsi_i]->DSI_INTEN,CMD_DONE,1);
   ^
/home/satory-ra/Android/kernel/android_kernel_oukitel_orange/drivers/misc/mediatek/dispsys/mt6735/mt6735m/ddp_reg.h:1395:29: note: expected 'long unsigned int' but argument is of type 'volatile struct DSI_INT_ENABLE_REG *'
 static inline unsigned long disp_addr_convert(unsigned long va) 
                             ^
/home/satory-ra/Android/kernel/android_kernel_oukitel_orange/drivers/misc/mediatek/dispsys/mt6735/mt6735m/ddp_reg.h:1486:17: warning: passing argument 2 of 'dprec_reg_op' makes integer from pointer without a cast
                 dprec_reg_op(handle, reg32, val, 0x00000000);\
                 ^
drivers/misc/mediatek/dispsys/mt6735/ddp_dsi.c:40:39: note: in expansion of macro 'DISP_REG_SET'
 #define DSI_OUTREG32(cmdq, addr, val) DISP_REG_SET(cmdq, addr,val)
                                       ^
drivers/misc/mediatek/dispsys/mt6735/ddp_dsi.c:3593:4: note: in expansion of macro 'DSI_OUTREG32'
    DSI_OUTREG32(cmdq_trigger_handle, &DSI_CMDQ_REG[dsi_i]->data[0], 0x00013700);
    ^
In file included from /home/satory-ra/Android/kernel/android_kernel_oukitel_orange/drivers/misc/mediatek/videox/mt6735/disp_drv_log.h:3:0,
                 from drivers/misc/mediatek/dispsys/mt6735/ddp_dsi.c:8:
/home/satory-ra/Android/kernel/android_kernel_oukitel_orange/drivers/misc/mediatek/dispsys/mt6735/display_recorder.h:136:6: note: expected 'unsigned int' but argument is of type 'struct DSI_CMDQ *'
 void dprec_reg_op(void* cmdq, unsigned int reg, unsigned int val, unsigned int mask);
      ^
In file included from drivers/misc/mediatek/dispsys/mt6735/ddp_dsi.c:31:0:
/home/satory-ra/Android/kernel/android_kernel_oukitel_orange/drivers/misc/mediatek/dispsys/mt6735/mt6735m/ddp_reg.h:1487:38: warning: passing argument 1 of 'disp_addr_convert' makes integer from pointer without a cast
                 cmdqRecWrite(handle, disp_addr_convert(reg32), val, ~0); \
                                      ^
drivers/misc/mediatek/dispsys/mt6735/ddp_dsi.c:40:39: note: in expansion of macro 'DISP_REG_SET'
 #define DSI_OUTREG32(cmdq, addr, val) DISP_REG_SET(cmdq, addr,val)
                                       ^
drivers/misc/mediatek/dispsys/mt6735/ddp_dsi.c:3593:4: note: in expansion of macro 'DSI_OUTREG32'
    DSI_OUTREG32(cmdq_trigger_handle, &DSI_CMDQ_REG[dsi_i]->data[0], 0x00013700);
    ^
/home/satory-ra/Android/kernel/android_kernel_oukitel_orange/drivers/misc/mediatek/dispsys/mt6735/mt6735m/ddp_reg.h:1395:29: note: expected 'long unsigned int' but argument is of type 'struct DSI_CMDQ *'
 static inline unsigned long disp_addr_convert(unsigned long va) 
                             ^
/home/satory-ra/Android/kernel/android_kernel_oukitel_orange/drivers/misc/mediatek/dispsys/mt6735/mt6735m/ddp_reg.h:1486:17: warning: passing argument 2 of 'dprec_reg_op' makes integer from pointer without a cast
                 dprec_reg_op(handle, reg32, val, 0x00000000);\
                 ^
drivers/misc/mediatek/dispsys/mt6735/ddp_dsi.c:40:39: note: in expansion of macro 'DISP_REG_SET'
 #define DSI_OUTREG32(cmdq, addr, val) DISP_REG_SET(cmdq, addr,val)
                                       ^
drivers/misc/mediatek/dispsys/mt6735/ddp_dsi.c:3594:4: note: in expansion of macro 'DSI_OUTREG32'
    DSI_OUTREG32(cmdq_trigger_handle, &DSI_CMDQ_REG[dsi_i]->data[1], AS_UINT32(&t0));
    ^
In file included from /home/satory-ra/Android/kernel/android_kernel_oukitel_orange/drivers/misc/mediatek/videox/mt6735/disp_drv_log.h:3:0,
                 from drivers/misc/mediatek/dispsys/mt6735/ddp_dsi.c:8:
/home/satory-ra/Android/kernel/android_kernel_oukitel_orange/drivers/misc/mediatek/dispsys/mt6735/display_recorder.h:136:6: note: expected 'unsigned int' but argument is of type 'struct DSI_CMDQ *'
 void dprec_reg_op(void* cmdq, unsigned int reg, unsigned int val, unsigned int mask);
      ^
In file included from drivers/misc/mediatek/dispsys/mt6735/ddp_dsi.c:31:0:
/home/satory-ra/Android/kernel/android_kernel_oukitel_orange/drivers/misc/mediatek/dispsys/mt6735/mt6735m/ddp_reg.h:1487:38: warning: passing argument 1 of 'disp_addr_convert' makes integer from pointer without a cast
                 cmdqRecWrite(handle, disp_addr_convert(reg32), val, ~0); \
                                      ^
drivers/misc/mediatek/dispsys/mt6735/ddp_dsi.c:40:39: note: in expansion of macro 'DISP_REG_SET'
 #define DSI_OUTREG32(cmdq, addr, val) DISP_REG_SET(cmdq, addr,val)
                                       ^
drivers/misc/mediatek/dispsys/mt6735/ddp_dsi.c:3594:4: note: in expansion of macro 'DSI_OUTREG32'
    DSI_OUTREG32(cmdq_trigger_handle, &DSI_CMDQ_REG[dsi_i]->data[1], AS_UINT32(&t0));
    ^
/home/satory-ra/Android/kernel/android_kernel_oukitel_orange/drivers/misc/mediatek/dispsys/mt6735/mt6735m/ddp_reg.h:1395:29: note: expected 'long unsigned int' but argument is of type 'struct DSI_CMDQ *'
 static inline unsigned long disp_addr_convert(unsigned long va) 
                             ^
/home/satory-ra/Android/kernel/android_kernel_oukitel_orange/drivers/misc/mediatek/dispsys/mt6735/mt6735m/ddp_reg.h:1486:17: warning: passing argument 2 of 'dprec_reg_op' makes integer from pointer without a cast
                 dprec_reg_op(handle, reg32, val, 0x00000000);\
                 ^
drivers/misc/mediatek/dispsys/mt6735/ddp_dsi.c:40:39: note: in expansion of macro 'DISP_REG_SET'
 #define DSI_OUTREG32(cmdq, addr, val) DISP_REG_SET(cmdq, addr,val)
                                       ^
drivers/misc/mediatek/dispsys/mt6735/ddp_dsi.c:3595:4: note: in expansion of macro 'DSI_OUTREG32'
    DSI_OUTREG32(cmdq_trigger_handle, &DSI_REG[dsi_i]->DSI_CMDQ_SIZE, 2);
    ^
In file included from /home/satory-ra/Android/kernel/android_kernel_oukitel_orange/drivers/misc/mediatek/videox/mt6735/disp_drv_log.h:3:0,
                 from drivers/misc/mediatek/dispsys/mt6735/ddp_dsi.c:8:
/home/satory-ra/Android/kernel/android_kernel_oukitel_orange/drivers/misc/mediatek/dispsys/mt6735/display_recorder.h:136:6: note: expected 'unsigned int' but argument is of type 'volatile struct DSI_CMDQ_CTRL_REG *'
 void dprec_reg_op(void* cmdq, unsigned int reg, unsigned int val, unsigned int mask);
      ^
In file included from drivers/misc/mediatek/dispsys/mt6735/ddp_dsi.c:31:0:
/home/satory-ra/Android/kernel/android_kernel_oukitel_orange/drivers/misc/mediatek/dispsys/mt6735/mt6735m/ddp_reg.h:1487:38: warning: passing argument 1 of 'disp_addr_convert' makes integer from pointer without a cast
                 cmdqRecWrite(handle, disp_addr_convert(reg32), val, ~0); \
                                      ^
drivers/misc/mediatek/dispsys/mt6735/ddp_dsi.c:40:39: note: in expansion of macro 'DISP_REG_SET'
 #define DSI_OUTREG32(cmdq, addr, val) DISP_REG_SET(cmdq, addr,val)
                                       ^
drivers/misc/mediatek/dispsys/mt6735/ddp_dsi.c:3595:4: note: in expansion of macro 'DSI_OUTREG32'
    DSI_OUTREG32(cmdq_trigger_handle, &DSI_REG[dsi_i]->DSI_CMDQ_SIZE, 2);
    ^
/home/satory-ra/Android/kernel/android_kernel_oukitel_orange/drivers/misc/mediatek/dispsys/mt6735/mt6735m/ddp_reg.h:1395:29: note: expected 'long unsigned int' but argument is of type 'volatile struct DSI_CMDQ_CTRL_REG *'
 static inline unsigned long disp_addr_convert(unsigned long va) 
                             ^
/home/satory-ra/Android/kernel/android_kernel_oukitel_orange/drivers/misc/mediatek/dispsys/mt6735/mt6735m/ddp_reg.h:1486:17: warning: passing argument 2 of 'dprec_reg_op' makes integer from pointer without a cast
                 dprec_reg_op(handle, reg32, val, 0x00000000);\
                 ^
drivers/misc/mediatek/dispsys/mt6735/ddp_dsi.c:40:39: note: in expansion of macro 'DISP_REG_SET'
 #define DSI_OUTREG32(cmdq, addr, val) DISP_REG_SET(cmdq, addr,val)
                                       ^
drivers/misc/mediatek/dispsys/mt6735/ddp_dsi.c:3598:4: note: in expansion of macro 'DSI_OUTREG32'
    DSI_OUTREG32(cmdq_trigger_handle, &DSI_REG[dsi_i]->DSI_START, 0);
    ^
In file included from /home/satory-ra/Android/kernel/android_kernel_oukitel_orange/drivers/misc/mediatek/videox/mt6735/disp_drv_log.h:3:0,
                 from drivers/misc/mediatek/dispsys/mt6735/ddp_dsi.c:8:
/home/satory-ra/Android/kernel/android_kernel_oukitel_orange/drivers/misc/mediatek/dispsys/mt6735/display_recorder.h:136:6: note: expected 'unsigned int' but argument is of type 'volatile struct DSI_START_REG *'
 void dprec_reg_op(void* cmdq, unsigned int reg, unsigned int val, unsigned int mask);
      ^
In file included from drivers/misc/mediatek/dispsys/mt6735/ddp_dsi.c:31:0:
/home/satory-ra/Android/kernel/android_kernel_oukitel_orange/drivers/misc/mediatek/dispsys/mt6735/mt6735m/ddp_reg.h:1487:38: warning: passing argument 1 of 'disp_addr_convert' makes integer from pointer without a cast
                 cmdqRecWrite(handle, disp_addr_convert(reg32), val, ~0); \
                                      ^
drivers/misc/mediatek/dispsys/mt6735/ddp_dsi.c:40:39: note: in expansion of macro 'DISP_REG_SET'
 #define DSI_OUTREG32(cmdq, addr, val) DISP_REG_SET(cmdq, addr,val)
                                       ^
drivers/misc/mediatek/dispsys/mt6735/ddp_dsi.c:3598:4: note: in expansion of macro 'DSI_OUTREG32'
    DSI_OUTREG32(cmdq_trigger_handle, &DSI_REG[dsi_i]->DSI_START, 0);
    ^
/home/satory-ra/Android/kernel/android_kernel_oukitel_orange/drivers/misc/mediatek/dispsys/mt6735/mt6735m/ddp_reg.h:1395:29: note: expected 'long unsigned int' but argument is of type 'volatile struct DSI_START_REG *'
 static inline unsigned long disp_addr_convert(unsigned long va) 
                             ^
/home/satory-ra/Android/kernel/android_kernel_oukitel_orange/drivers/misc/mediatek/dispsys/mt6735/mt6735m/ddp_reg.h:1486:17: warning: passing argument 2 of 'dprec_reg_op' makes integer from pointer without a cast
                 dprec_reg_op(handle, reg32, val, 0x00000000);\
                 ^
drivers/misc/mediatek/dispsys/mt6735/ddp_dsi.c:40:39: note: in expansion of macro 'DISP_REG_SET'
 #define DSI_OUTREG32(cmdq, addr, val) DISP_REG_SET(cmdq, addr,val)
                                       ^
drivers/misc/mediatek/dispsys/mt6735/ddp_dsi.c:3599:4: note: in expansion of macro 'DSI_OUTREG32'
    DSI_OUTREG32(cmdq_trigger_handle, &DSI_REG[dsi_i]->DSI_START, 1);
    ^
In file included from /home/satory-ra/Android/kernel/android_kernel_oukitel_orange/drivers/misc/mediatek/videox/mt6735/disp_drv_log.h:3:0,
                 from drivers/misc/mediatek/dispsys/mt6735/ddp_dsi.c:8:
/home/satory-ra/Android/kernel/android_kernel_oukitel_orange/drivers/misc/mediatek/dispsys/mt6735/display_recorder.h:136:6: note: expected 'unsigned int' but argument is of type 'volatile struct DSI_START_REG *'
 void dprec_reg_op(void* cmdq, unsigned int reg, unsigned int val, unsigned int mask);
      ^
In file included from drivers/misc/mediatek/dispsys/mt6735/ddp_dsi.c:31:0:
/home/satory-ra/Android/kernel/android_kernel_oukitel_orange/drivers/misc/mediatek/dispsys/mt6735/mt6735m/ddp_reg.h:1487:38: warning: passing argument 1 of 'disp_addr_convert' makes integer from pointer without a cast
                 cmdqRecWrite(handle, disp_addr_convert(reg32), val, ~0); \
                                      ^
drivers/misc/mediatek/dispsys/mt6735/ddp_dsi.c:40:39: note: in expansion of macro 'DISP_REG_SET'
 #define DSI_OUTREG32(cmdq, addr, val) DISP_REG_SET(cmdq, addr,val)
                                       ^
drivers/misc/mediatek/dispsys/mt6735/ddp_dsi.c:3599:4: note: in expansion of macro 'DSI_OUTREG32'
    DSI_OUTREG32(cmdq_trigger_handle, &DSI_REG[dsi_i]->DSI_START, 1);
    ^
/home/satory-ra/Android/kernel/android_kernel_oukitel_orange/drivers/misc/mediatek/dispsys/mt6735/mt6735m/ddp_reg.h:1395:29: note: expected 'long unsigned int' but argument is of type 'volatile struct DSI_START_REG *'
 static inline unsigned long disp_addr_convert(unsigned long va) 
                             ^
/home/satory-ra/Android/kernel/android_kernel_oukitel_orange/drivers/misc/mediatek/dispsys/mt6735/mt6735m/ddp_reg.h:1513:6: warning: passing argument 2 of 'dprec_reg_op' makes integer from pointer without a cast
      dprec_reg_op(handle, reg32, val, 0x00000000);\
      ^
drivers/misc/mediatek/dispsys/mt6735/ddp_dsi.c:42:46: note: in expansion of macro 'DISP_REG_CMDQ_POLLING'
 #define DSI_POLLREG32(cmdq, addr,mask,value) DISP_REG_CMDQ_POLLING(cmdq, addr,value,mask)
                                              ^
drivers/misc/mediatek/dispsys/mt6735/ddp_dsi.c:3604:11: note: in expansion of macro 'DSI_POLLREG32'
           DSI_POLLREG32(cmdq_trigger_handle, &DSI_REG[dsi_i]->DSI_INTSTA, 0x00000001, 0x1);
           ^
In file included from /home/satory-ra/Android/kernel/android_kernel_oukitel_orange/drivers/misc/mediatek/videox/mt6735/disp_drv_log.h:3:0,
                 from drivers/misc/mediatek/dispsys/mt6735/ddp_dsi.c:8:
/home/satory-ra/Android/kernel/android_kernel_oukitel_orange/drivers/misc/mediatek/dispsys/mt6735/display_recorder.h:136:6: note: expected 'unsigned int' but argument is of type 'volatile struct DSI_INT_STATUS_REG *'
 void dprec_reg_op(void* cmdq, unsigned int reg, unsigned int val, unsigned int mask);
      ^
In file included from drivers/misc/mediatek/dispsys/mt6735/ddp_dsi.c:31:0:
/home/satory-ra/Android/kernel/android_kernel_oukitel_orange/drivers/misc/mediatek/dispsys/mt6735/mt6735m/ddp_reg.h:1514:26: warning: passing argument 1 of 'disp_addr_convert' makes integer from pointer without a cast
      cmdqRecPoll(handle, disp_addr_convert(reg32), val, mask); \
                          ^
drivers/misc/mediatek/dispsys/mt6735/ddp_dsi.c:42:46: note: in expansion of macro 'DISP_REG_CMDQ_POLLING'
 #define DSI_POLLREG32(cmdq, addr,mask,value) DISP_REG_CMDQ_POLLING(cmdq, addr,value,mask)
                                              ^
drivers/misc/mediatek/dispsys/mt6735/ddp_dsi.c:3604:11: note: in expansion of macro 'DSI_POLLREG32'
           DSI_POLLREG32(cmdq_trigger_handle, &DSI_REG[dsi_i]->DSI_INTSTA, 0x00000001, 0x1);
           ^
/home/satory-ra/Android/kernel/android_kernel_oukitel_orange/drivers/misc/mediatek/dispsys/mt6735/mt6735m/ddp_reg.h:1395:29: note: expected 'long unsigned int' but argument is of type 'volatile struct DSI_INT_STATUS_REG *'
 static inline unsigned long disp_addr_convert(unsigned long va) 
                             ^
/home/satory-ra/Android/kernel/android_kernel_oukitel_orange/drivers/misc/mediatek/dispsys/mt6735/mt6735m/ddp_reg.h:1413:3: warning: passing argument 2 of 'dprec_reg_op' makes integer from pointer without a cast
   dprec_reg_op(handle, reg32, val, mask);\
   ^
drivers/misc/mediatek/dispsys/mt6735/ddp_dsi.c:58:145: note: in expansion of macro 'DISP_REG_MASK'
   if(cmdq)  {*(unsigned int*)(&r) = ((unsigned int)0x00000000);r.bit = ~(r.bit);*(unsigned int*)(&v) = ((unsigned int)0x00000000);v.bit = value;DISP_REG_MASK(cmdq, &REG, AS_UINT32(&v), AS_UINT32(&r));}  \
                                                                                                                                                 ^
drivers/misc/mediatek/dispsys/mt6735/ddp_dsi.c:3605:11: note: in expansion of macro 'DSI_OUTREGBIT'
           DSI_OUTREGBIT(cmdq_trigger_handle, DSI_INT_STATUS_REG, DSI_REG[dsi_i]->DSI_INTSTA, RD_RDY, 0);
           ^
In file included from /home/satory-ra/Android/kernel/android_kernel_oukitel_orange/drivers/misc/mediatek/videox/mt6735/disp_drv_log.h:3:0,
                 from drivers/misc/mediatek/dispsys/mt6735/ddp_dsi.c:8:
/home/satory-ra/Android/kernel/android_kernel_oukitel_orange/drivers/misc/mediatek/dispsys/mt6735/display_recorder.h:136:6: note: expected 'unsigned int' but argument is of type 'volatile struct DSI_INT_STATUS_REG *'
 void dprec_reg_op(void* cmdq, unsigned int reg, unsigned int val, unsigned int mask);
      ^
In file included from drivers/misc/mediatek/dispsys/mt6735/ddp_dsi.c:31:0:
/home/satory-ra/Android/kernel/android_kernel_oukitel_orange/drivers/misc/mediatek/dispsys/mt6735/mt6735m/ddp_reg.h:1420:25: warning: passing argument 1 of 'disp_addr_convert' makes integer from pointer without a cast
    cmdqRecWrite(handle, disp_addr_convert(reg32), val, mask); \
                         ^
drivers/misc/mediatek/dispsys/mt6735/ddp_dsi.c:58:145: note: in expansion of macro 'DISP_REG_MASK'
   if(cmdq)  {*(unsigned int*)(&r) = ((unsigned int)0x00000000);r.bit = ~(r.bit);*(unsigned int*)(&v) = ((unsigned int)0x00000000);v.bit = value;DISP_REG_MASK(cmdq, &REG, AS_UINT32(&v), AS_UINT32(&r));}  \
                                                                                                                                                 ^
drivers/misc/mediatek/dispsys/mt6735/ddp_dsi.c:3605:11: note: in expansion of macro 'DSI_OUTREGBIT'
           DSI_OUTREGBIT(cmdq_trigger_handle, DSI_INT_STATUS_REG, DSI_REG[dsi_i]->DSI_INTSTA, RD_RDY, 0);
           ^
/home/satory-ra/Android/kernel/android_kernel_oukitel_orange/drivers/misc/mediatek/dispsys/mt6735/mt6735m/ddp_reg.h:1395:29: note: expected 'long unsigned int' but argument is of type 'volatile struct DSI_INT_STATUS_REG *'
 static inline unsigned long disp_addr_convert(unsigned long va) 
                             ^
/home/satory-ra/Android/kernel/android_kernel_oukitel_orange/drivers/misc/mediatek/dispsys/mt6735/mt6735m/ddp_reg.h:1486:17: warning: passing argument 2 of 'dprec_reg_op' makes integer from pointer without a cast
                 dprec_reg_op(handle, reg32, val, 0x00000000);\
                 ^
drivers/misc/mediatek/dispsys/mt6735/ddp_dsi.c:59:63: note: in expansion of macro 'DISP_REG_SET'
   else{mt_reg_sync_writel(INREG32(&REG),&r);r.bit = (value);  DISP_REG_SET(cmdq, &REG, INREG32(&r));}    \
                                                               ^
drivers/misc/mediatek/dispsys/mt6735/ddp_dsi.c:3605:11: note: in expansion of macro 'DSI_OUTREGBIT'
           DSI_OUTREGBIT(cmdq_trigger_handle, DSI_INT_STATUS_REG, DSI_REG[dsi_i]->DSI_INTSTA, RD_RDY, 0);
           ^
In file included from /home/satory-ra/Android/kernel/android_kernel_oukitel_orange/drivers/misc/mediatek/videox/mt6735/disp_drv_log.h:3:0,
                 from drivers/misc/mediatek/dispsys/mt6735/ddp_dsi.c:8:
/home/satory-ra/Android/kernel/android_kernel_oukitel_orange/drivers/misc/mediatek/dispsys/mt6735/display_recorder.h:136:6: note: expected 'unsigned int' but argument is of type 'volatile struct DSI_INT_STATUS_REG *'
 void dprec_reg_op(void* cmdq, unsigned int reg, unsigned int val, unsigned int mask);
      ^
In file included from drivers/misc/mediatek/dispsys/mt6735/ddp_dsi.c:31:0:
/home/satory-ra/Android/kernel/android_kernel_oukitel_orange/drivers/misc/mediatek/dispsys/mt6735/mt6735m/ddp_reg.h:1487:38: warning: passing argument 1 of 'disp_addr_convert' makes integer from pointer without a cast
                 cmdqRecWrite(handle, disp_addr_convert(reg32), val, ~0); \
                                      ^
drivers/misc/mediatek/dispsys/mt6735/ddp_dsi.c:59:63: note: in expansion of macro 'DISP_REG_SET'
   else{mt_reg_sync_writel(INREG32(&REG),&r);r.bit = (value);  DISP_REG_SET(cmdq, &REG, INREG32(&r));}    \
                                                               ^
drivers/misc/mediatek/dispsys/mt6735/ddp_dsi.c:3605:11: note: in expansion of macro 'DSI_OUTREGBIT'
           DSI_OUTREGBIT(cmdq_trigger_handle, DSI_INT_STATUS_REG, DSI_REG[dsi_i]->DSI_INTSTA, RD_RDY, 0);
           ^
/home/satory-ra/Android/kernel/android_kernel_oukitel_orange/drivers/misc/mediatek/dispsys/mt6735/mt6735m/ddp_reg.h:1395:29: note: expected 'long unsigned int' but argument is of type 'volatile struct DSI_INT_STATUS_REG *'
 static inline unsigned long disp_addr_convert(unsigned long va) 
                             ^
/home/satory-ra/Android/kernel/android_kernel_oukitel_orange/drivers/misc/mediatek/dispsys/mt6735/mt6735m/ddp_reg.h:1562:97: warning: passing argument 1 of 'disp_addr_convert' makes integer from pointer without a cast
                                      if(hSlot)  cmdqRecBackupRegisterToSlot(handle, hSlot, idx, disp_addr_convert(reg32));\
                                                                                                 ^
drivers/misc/mediatek/dispsys/mt6735/ddp_dsi.c:41:46: note: in expansion of macro 'DISP_REG_BACKUP'
 #define DSI_BACKUPREG32(cmdq,hSlot,idx,addr) DISP_REG_BACKUP(cmdq,hSlot,idx,addr)
                                              ^
drivers/misc/mediatek/dispsys/mt6735/ddp_dsi.c:3617:11: note: in expansion of macro 'DSI_BACKUPREG32'
           DSI_BACKUPREG32(cmdq_trigger_handle, hSlot, i, &DSI_REG[0]->DSI_RX_DATA0);
           ^
/home/satory-ra/Android/kernel/android_kernel_oukitel_orange/drivers/misc/mediatek/dispsys/mt6735/mt6735m/ddp_reg.h:1395:29: note: expected 'long unsigned int' but argument is of type 'volatile struct DSI_RX_DATA_REG *'
 static inline unsigned long disp_addr_convert(unsigned long va) 
                             ^
/home/satory-ra/Android/kernel/android_kernel_oukitel_orange/drivers/misc/mediatek/dispsys/mt6735/mt6735m/ddp_reg.h:1413:3: warning: passing argument 2 of 'dprec_reg_op' makes integer from pointer without a cast
   dprec_reg_op(handle, reg32, val, mask);\
   ^
drivers/misc/mediatek/dispsys/mt6735/ddp_dsi.c:58:145: note: in expansion of macro 'DISP_REG_MASK'
   if(cmdq)  {*(unsigned int*)(&r) = ((unsigned int)0x00000000);r.bit = ~(r.bit);*(unsigned int*)(&v) = ((unsigned int)0x00000000);v.bit = value;DISP_REG_MASK(cmdq, &REG, AS_UINT32(&v), AS_UINT32(&r));}  \
                                                                                                                                                 ^
drivers/misc/mediatek/dispsys/mt6735/ddp_dsi.c:3623:4: note: in expansion of macro 'DSI_OUTREGBIT'
    DSI_OUTREGBIT(cmdq_trigger_handle, DSI_RACK_REG,DSI_REG[dsi_i]->DSI_RACK,DSI_RACK,1);
    ^
In file included from /home/satory-ra/Android/kernel/android_kernel_oukitel_orange/drivers/misc/mediatek/videox/mt6735/disp_drv_log.h:3:0,
                 from drivers/misc/mediatek/dispsys/mt6735/ddp_dsi.c:8:
/home/satory-ra/Android/kernel/android_kernel_oukitel_orange/drivers/misc/mediatek/dispsys/mt6735/display_recorder.h:136:6: note: expected 'unsigned int' but argument is of type 'volatile struct DSI_RACK_REG *'
 void dprec_reg_op(void* cmdq, unsigned int reg, unsigned int val, unsigned int mask);
      ^
In file included from drivers/misc/mediatek/dispsys/mt6735/ddp_dsi.c:31:0:
/home/satory-ra/Android/kernel/android_kernel_oukitel_orange/drivers/misc/mediatek/dispsys/mt6735/mt6735m/ddp_reg.h:1420:25: warning: passing argument 1 of 'disp_addr_convert' makes integer from pointer without a cast
    cmdqRecWrite(handle, disp_addr_convert(reg32), val, mask); \
                         ^
drivers/misc/mediatek/dispsys/mt6735/ddp_dsi.c:58:145: note: in expansion of macro 'DISP_REG_MASK'
   if(cmdq)  {*(unsigned int*)(&r) = ((unsigned int)0x00000000);r.bit = ~(r.bit);*(unsigned int*)(&v) = ((unsigned int)0x00000000);v.bit = value;DISP_REG_MASK(cmdq, &REG, AS_UINT32(&v), AS_UINT32(&r));}  \
                                                                                                                                                 ^
drivers/misc/mediatek/dispsys/mt6735/ddp_dsi.c:3623:4: note: in expansion of macro 'DSI_OUTREGBIT'
    DSI_OUTREGBIT(cmdq_trigger_handle, DSI_RACK_REG,DSI_REG[dsi_i]->DSI_RACK,DSI_RACK,1);
    ^
/home/satory-ra/Android/kernel/android_kernel_oukitel_orange/drivers/misc/mediatek/dispsys/mt6735/mt6735m/ddp_reg.h:1395:29: note: expected 'long unsigned int' but argument is of type 'volatile struct DSI_RACK_REG *'
 static inline unsigned long disp_addr_convert(unsigned long va) 
                             ^
/home/satory-ra/Android/kernel/android_kernel_oukitel_orange/drivers/misc/mediatek/dispsys/mt6735/mt6735m/ddp_reg.h:1486:17: warning: passing argument 2 of 'dprec_reg_op' makes integer from pointer without a cast
                 dprec_reg_op(handle, reg32, val, 0x00000000);\
                 ^
drivers/misc/mediatek/dispsys/mt6735/ddp_dsi.c:59:63: note: in expansion of macro 'DISP_REG_SET'
   else{mt_reg_sync_writel(INREG32(&REG),&r);r.bit = (value);  DISP_REG_SET(cmdq, &REG, INREG32(&r));}    \
                                                               ^
drivers/misc/mediatek/dispsys/mt6735/ddp_dsi.c:3623:4: note: in expansion of macro 'DSI_OUTREGBIT'
    DSI_OUTREGBIT(cmdq_trigger_handle, DSI_RACK_REG,DSI_REG[dsi_i]->DSI_RACK,DSI_RACK,1);
    ^
In file included from /home/satory-ra/Android/kernel/android_kernel_oukitel_orange/drivers/misc/mediatek/videox/mt6735/disp_drv_log.h:3:0,
                 from drivers/misc/mediatek/dispsys/mt6735/ddp_dsi.c:8:
/home/satory-ra/Android/kernel/android_kernel_oukitel_orange/drivers/misc/mediatek/dispsys/mt6735/display_recorder.h:136:6: note: expected 'unsigned int' but argument is of type 'volatile struct DSI_RACK_REG *'
 void dprec_reg_op(void* cmdq, unsigned int reg, unsigned int val, unsigned int mask);
      ^
In file included from drivers/misc/mediatek/dispsys/mt6735/ddp_dsi.c:31:0:
/home/satory-ra/Android/kernel/android_kernel_oukitel_orange/drivers/misc/mediatek/dispsys/mt6735/mt6735m/ddp_reg.h:1487:38: warning: passing argument 1 of 'disp_addr_convert' makes integer from pointer without a cast
                 cmdqRecWrite(handle, disp_addr_convert(reg32), val, ~0); \
                                      ^
drivers/misc/mediatek/dispsys/mt6735/ddp_dsi.c:59:63: note: in expansion of macro 'DISP_REG_SET'
   else{mt_reg_sync_writel(INREG32(&REG),&r);r.bit = (value);  DISP_REG_SET(cmdq, &REG, INREG32(&r));}    \
                                                               ^
drivers/misc/mediatek/dispsys/mt6735/ddp_dsi.c:3623:4: note: in expansion of macro 'DSI_OUTREGBIT'
    DSI_OUTREGBIT(cmdq_trigger_handle, DSI_RACK_REG,DSI_REG[dsi_i]->DSI_RACK,DSI_RACK,1);
    ^
/home/satory-ra/Android/kernel/android_kernel_oukitel_orange/drivers/misc/mediatek/dispsys/mt6735/mt6735m/ddp_reg.h:1395:29: note: expected 'long unsigned int' but argument is of type 'volatile struct DSI_RACK_REG *'
 static inline unsigned long disp_addr_convert(unsigned long va) 
                             ^
/home/satory-ra/Android/kernel/android_kernel_oukitel_orange/drivers/misc/mediatek/dispsys/mt6735/mt6735m/ddp_reg.h:1513:6: warning: passing argument 2 of 'dprec_reg_op' makes integer from pointer without a cast
      dprec_reg_op(handle, reg32, val, 0x00000000);\
      ^
drivers/misc/mediatek/dispsys/mt6735/ddp_dsi.c:42:46: note: in expansion of macro 'DISP_REG_CMDQ_POLLING'
 #define DSI_POLLREG32(cmdq, addr,mask,value) DISP_REG_CMDQ_POLLING(cmdq, addr,value,mask)
                                              ^
drivers/misc/mediatek/dispsys/mt6735/ddp_dsi.c:3628:7: note: in expansion of macro 'DSI_POLLREG32'
       DSI_POLLREG32(cmdq_trigger_handle, &DSI_REG[dsi_i]->DSI_INTSTA, 0x80000000, 0);
       ^
In file included from /home/satory-ra/Android/kernel/android_kernel_oukitel_orange/drivers/misc/mediatek/videox/mt6735/disp_drv_log.h:3:0,
                 from drivers/misc/mediatek/dispsys/mt6735/ddp_dsi.c:8:
/home/satory-ra/Android/kernel/android_kernel_oukitel_orange/drivers/misc/mediatek/dispsys/mt6735/display_recorder.h:136:6: note: expected 'unsigned int' but argument is of type 'volatile struct DSI_INT_STATUS_REG *'
 void dprec_reg_op(void* cmdq, unsigned int reg, unsigned int val, unsigned int mask);
      ^
In file included from drivers/misc/mediatek/dispsys/mt6735/ddp_dsi.c:31:0:
/home/satory-ra/Android/kernel/android_kernel_oukitel_orange/drivers/misc/mediatek/dispsys/mt6735/mt6735m/ddp_reg.h:1514:26: warning: passing argument 1 of 'disp_addr_convert' makes integer from pointer without a cast
      cmdqRecPoll(handle, disp_addr_convert(reg32), val, mask); \
                          ^
drivers/misc/mediatek/dispsys/mt6735/ddp_dsi.c:42:46: note: in expansion of macro 'DISP_REG_CMDQ_POLLING'
 #define DSI_POLLREG32(cmdq, addr,mask,value) DISP_REG_CMDQ_POLLING(cmdq, addr,value,mask)
                                              ^
drivers/misc/mediatek/dispsys/mt6735/ddp_dsi.c:3628:7: note: in expansion of macro 'DSI_POLLREG32'
       DSI_POLLREG32(cmdq_trigger_handle, &DSI_REG[dsi_i]->DSI_INTSTA, 0x80000000, 0);
       ^
/home/satory-ra/Android/kernel/android_kernel_oukitel_orange/drivers/misc/mediatek/dispsys/mt6735/mt6735m/ddp_reg.h:1395:29: note: expected 'long unsigned int' but argument is of type 'volatile struct DSI_INT_STATUS_REG *'
 static inline unsigned long disp_addr_convert(unsigned long va) 
                             ^
drivers/misc/mediatek/dispsys/mt6735/ddp_dsi.c:3658:5: warning: passing argument 3 of 'cmdqBackupReadSlot' from incompatible pointer type
     cmdqBackupReadSlot(hSlot, i, &read_data0);
     ^
In file included from drivers/misc/mediatek/dispsys/mt6735/ddp_manager.h:9:0,
                 from drivers/misc/mediatek/dispsys/mt6735/ddp_dsi.c:17:
/home/satory-ra/Android/kernel/android_kernel_oukitel_orange/drivers/misc/mediatek/cmdq/mt6735/cmdq_record.h:248:10: note: expected 'uint32_t *' but argument is of type 'struct DSI_RX_DATA_REG *'
  int32_t cmdqBackupReadSlot(cmdqBackupSlotHandle hBackupSlot, uint32_t slotIndex,
          ^
In file included from drivers/misc/mediatek/dispsys/mt6735/ddp_dsi.c:31:0:
/home/satory-ra/Android/kernel/android_kernel_oukitel_orange/drivers/misc/mediatek/dispsys/mt6735/mt6735m/ddp_reg.h:1486:17: warning: passing argument 2 of 'dprec_reg_op' makes integer from pointer without a cast
                 dprec_reg_op(handle, reg32, val, 0x00000000);\
                 ^
drivers/misc/mediatek/dispsys/mt6735/ddp_dsi.c:40:39: note: in expansion of macro 'DISP_REG_SET'
 #define DSI_OUTREG32(cmdq, addr, val) DISP_REG_SET(cmdq, addr,val)
                                       ^
drivers/misc/mediatek/dispsys/mt6735/ddp_dsi.c:3665:12: note: in expansion of macro 'DSI_OUTREG32'
            DSI_OUTREG32(NULL, &read_data0, AS_UINT32(&DSI_REG[dsi_i]->DSI_RX_DATA0));
            ^
In file included from /home/satory-ra/Android/kernel/android_kernel_oukitel_orange/drivers/misc/mediatek/videox/mt6735/disp_drv_log.h:3:0,
                 from drivers/misc/mediatek/dispsys/mt6735/ddp_dsi.c:8:
/home/satory-ra/Android/kernel/android_kernel_oukitel_orange/drivers/misc/mediatek/dispsys/mt6735/display_recorder.h:136:6: note: expected 'unsigned int' but argument is of type 'struct DSI_RX_DATA_REG *'
 void dprec_reg_op(void* cmdq, unsigned int reg, unsigned int val, unsigned int mask);
      ^
In file included from drivers/misc/mediatek/dispsys/mt6735/ddp_dsi.c:31:0:
/home/satory-ra/Android/kernel/android_kernel_oukitel_orange/drivers/misc/mediatek/dispsys/mt6735/mt6735m/ddp_reg.h:1487:38: warning: passing argument 1 of 'disp_addr_convert' makes integer from pointer without a cast
                 cmdqRecWrite(handle, disp_addr_convert(reg32), val, ~0); \
                                      ^
drivers/misc/mediatek/dispsys/mt6735/ddp_dsi.c:40:39: note: in expansion of macro 'DISP_REG_SET'
 #define DSI_OUTREG32(cmdq, addr, val) DISP_REG_SET(cmdq, addr,val)
                                       ^
drivers/misc/mediatek/dispsys/mt6735/ddp_dsi.c:3665:12: note: in expansion of macro 'DSI_OUTREG32'
            DSI_OUTREG32(NULL, &read_data0, AS_UINT32(&DSI_REG[dsi_i]->DSI_RX_DATA0));
            ^
/home/satory-ra/Android/kernel/android_kernel_oukitel_orange/drivers/misc/mediatek/dispsys/mt6735/mt6735m/ddp_reg.h:1395:29: note: expected 'long unsigned int' but argument is of type 'struct DSI_RX_DATA_REG *'
 static inline unsigned long disp_addr_convert(unsigned long va) 
                             ^
/home/satory-ra/Android/kernel/android_kernel_oukitel_orange/drivers/misc/mediatek/dispsys/mt6735/mt6735m/ddp_reg.h:1413:3: warning: passing argument 2 of 'dprec_reg_op' makes integer from pointer without a cast
   dprec_reg_op(handle, reg32, val, mask);\
   ^
drivers/misc/mediatek/dispsys/mt6735/ddp_dsi.c:58:145: note: in expansion of macro 'DISP_REG_MASK'
   if(cmdq)  {*(unsigned int*)(&r) = ((unsigned int)0x00000000);r.bit = ~(r.bit);*(unsigned int*)(&v) = ((unsigned int)0x00000000);v.bit = value;DISP_REG_MASK(cmdq, &REG, AS_UINT32(&v), AS_UINT32(&r));}  \
                                                                                                                                                 ^
drivers/misc/mediatek/dispsys/mt6735/ddp_dsi.c:3711:3: note: in expansion of macro 'DSI_OUTREGBIT'
   DSI_OUTREGBIT(cmdq_trigger_handle, DSI_INT_ENABLE_REG,DSI_REG[i]->DSI_INTEN,TE_RDY,0);
   ^
In file included from /home/satory-ra/Android/kernel/android_kernel_oukitel_orange/drivers/misc/mediatek/videox/mt6735/disp_drv_log.h:3:0,
                 from drivers/misc/mediatek/dispsys/mt6735/ddp_dsi.c:8:
/home/satory-ra/Android/kernel/android_kernel_oukitel_orange/drivers/misc/mediatek/dispsys/mt6735/display_recorder.h:136:6: note: expected 'unsigned int' but argument is of type 'volatile struct DSI_INT_ENABLE_REG *'
 void dprec_reg_op(void* cmdq, unsigned int reg, unsigned int val, unsigned int mask);
      ^
In file included from drivers/misc/mediatek/dispsys/mt6735/ddp_dsi.c:31:0:
/home/satory-ra/Android/kernel/android_kernel_oukitel_orange/drivers/misc/mediatek/dispsys/mt6735/mt6735m/ddp_reg.h:1420:25: warning: passing argument 1 of 'disp_addr_convert' makes integer from pointer without a cast
    cmdqRecWrite(handle, disp_addr_convert(reg32), val, mask); \
                         ^
drivers/misc/mediatek/dispsys/mt6735/ddp_dsi.c:58:145: note: in expansion of macro 'DISP_REG_MASK'
   if(cmdq)  {*(unsigned int*)(&r) = ((unsigned int)0x00000000);r.bit = ~(r.bit);*(unsigned int*)(&v) = ((unsigned int)0x00000000);v.bit = value;DISP_REG_MASK(cmdq, &REG, AS_UINT32(&v), AS_UINT32(&r));}  \
                                                                                                                                                 ^
drivers/misc/mediatek/dispsys/mt6735/ddp_dsi.c:3711:3: note: in expansion of macro 'DSI_OUTREGBIT'
   DSI_OUTREGBIT(cmdq_trigger_handle, DSI_INT_ENABLE_REG,DSI_REG[i]->DSI_INTEN,TE_RDY,0);
   ^
/home/satory-ra/Android/kernel/android_kernel_oukitel_orange/drivers/misc/mediatek/dispsys/mt6735/mt6735m/ddp_reg.h:1395:29: note: expected 'long unsigned int' but argument is of type 'volatile struct DSI_INT_ENABLE_REG *'
 static inline unsigned long disp_addr_convert(unsigned long va) 
                             ^
/home/satory-ra/Android/kernel/android_kernel_oukitel_orange/drivers/misc/mediatek/dispsys/mt6735/mt6735m/ddp_reg.h:1486:17: warning: passing argument 2 of 'dprec_reg_op' makes integer from pointer without a cast
                 dprec_reg_op(handle, reg32, val, 0x00000000);\
                 ^
drivers/misc/mediatek/dispsys/mt6735/ddp_dsi.c:59:63: note: in expansion of macro 'DISP_REG_SET'
   else{mt_reg_sync_writel(INREG32(&REG),&r);r.bit = (value);  DISP_REG_SET(cmdq, &REG, INREG32(&r));}    \
                                                               ^
drivers/misc/mediatek/dispsys/mt6735/ddp_dsi.c:3711:3: note: in expansion of macro 'DSI_OUTREGBIT'
   DSI_OUTREGBIT(cmdq_trigger_handle, DSI_INT_ENABLE_REG,DSI_REG[i]->DSI_INTEN,TE_RDY,0);
   ^
In file included from /home/satory-ra/Android/kernel/android_kernel_oukitel_orange/drivers/misc/mediatek/videox/mt6735/disp_drv_log.h:3:0,
                 from drivers/misc/mediatek/dispsys/mt6735/ddp_dsi.c:8:
/home/satory-ra/Android/kernel/android_kernel_oukitel_orange/drivers/misc/mediatek/dispsys/mt6735/display_recorder.h:136:6: note: expected 'unsigned int' but argument is of type 'volatile struct DSI_INT_ENABLE_REG *'
 void dprec_reg_op(void* cmdq, unsigned int reg, unsigned int val, unsigned int mask);
      ^
In file included from drivers/misc/mediatek/dispsys/mt6735/ddp_dsi.c:31:0:
/home/satory-ra/Android/kernel/android_kernel_oukitel_orange/drivers/misc/mediatek/dispsys/mt6735/mt6735m/ddp_reg.h:1487:38: warning: passing argument 1 of 'disp_addr_convert' makes integer from pointer without a cast
                 cmdqRecWrite(handle, disp_addr_convert(reg32), val, ~0); \
                                      ^
drivers/misc/mediatek/dispsys/mt6735/ddp_dsi.c:59:63: note: in expansion of macro 'DISP_REG_SET'
   else{mt_reg_sync_writel(INREG32(&REG),&r);r.bit = (value);  DISP_REG_SET(cmdq, &REG, INREG32(&r));}    \
                                                               ^
drivers/misc/mediatek/dispsys/mt6735/ddp_dsi.c:3711:3: note: in expansion of macro 'DSI_OUTREGBIT'
   DSI_OUTREGBIT(cmdq_trigger_handle, DSI_INT_ENABLE_REG,DSI_REG[i]->DSI_INTEN,TE_RDY,0);
   ^
/home/satory-ra/Android/kernel/android_kernel_oukitel_orange/drivers/misc/mediatek/dispsys/mt6735/mt6735m/ddp_reg.h:1395:29: note: expected 'long unsigned int' but argument is of type 'volatile struct DSI_INT_ENABLE_REG *'
 static inline unsigned long disp_addr_convert(unsigned long va) 
                             ^
/home/satory-ra/Android/kernel/android_kernel_oukitel_orange/drivers/misc/mediatek/dispsys/mt6735/mt6735m/ddp_reg.h:1513:6: warning: passing argument 2 of 'dprec_reg_op' makes integer from pointer without a cast
      dprec_reg_op(handle, reg32, val, 0x00000000);\
      ^
drivers/misc/mediatek/dispsys/mt6735/ddp_dsi.c:42:46: note: in expansion of macro 'DISP_REG_CMDQ_POLLING'
 #define DSI_POLLREG32(cmdq, addr,mask,value) DISP_REG_CMDQ_POLLING(cmdq, addr,value,mask)
                                              ^
drivers/misc/mediatek/dispsys/mt6735/ddp_dsi.c:3721:4: note: in expansion of macro 'DSI_POLLREG32'
    DSI_POLLREG32(cmdq_trigger_handle, &DSI_REG[i]->DSI_INTSTA, 0x80000000, 0);
    ^
In file included from /home/satory-ra/Android/kernel/android_kernel_oukitel_orange/drivers/misc/mediatek/videox/mt6735/disp_drv_log.h:3:0,
                 from drivers/misc/mediatek/dispsys/mt6735/ddp_dsi.c:8:
/home/satory-ra/Android/kernel/android_kernel_oukitel_orange/drivers/misc/mediatek/dispsys/mt6735/display_recorder.h:136:6: note: expected 'unsigned int' but argument is of type 'volatile struct DSI_INT_STATUS_REG *'
 void dprec_reg_op(void* cmdq, unsigned int reg, unsigned int val, unsigned int mask);
      ^
In file included from drivers/misc/mediatek/dispsys/mt6735/ddp_dsi.c:31:0:
/home/satory-ra/Android/kernel/android_kernel_oukitel_orange/drivers/misc/mediatek/dispsys/mt6735/mt6735m/ddp_reg.h:1514:26: warning: passing argument 1 of 'disp_addr_convert' makes integer from pointer without a cast
      cmdqRecPoll(handle, disp_addr_convert(reg32), val, mask); \
                          ^
drivers/misc/mediatek/dispsys/mt6735/ddp_dsi.c:42:46: note: in expansion of macro 'DISP_REG_CMDQ_POLLING'
 #define DSI_POLLREG32(cmdq, addr,mask,value) DISP_REG_CMDQ_POLLING(cmdq, addr,value,mask)
                                              ^
drivers/misc/mediatek/dispsys/mt6735/ddp_dsi.c:3721:4: note: in expansion of macro 'DSI_POLLREG32'
    DSI_POLLREG32(cmdq_trigger_handle, &DSI_REG[i]->DSI_INTSTA, 0x80000000, 0);
    ^
/home/satory-ra/Android/kernel/android_kernel_oukitel_orange/drivers/misc/mediatek/dispsys/mt6735/mt6735m/ddp_reg.h:1395:29: note: expected 'long unsigned int' but argument is of type 'volatile struct DSI_INT_STATUS_REG *'
 static inline unsigned long disp_addr_convert(unsigned long va) 
                             ^
/home/satory-ra/Android/kernel/android_kernel_oukitel_orange/drivers/misc/mediatek/dispsys/mt6735/mt6735m/ddp_reg.h:1413:3: warning: passing argument 2 of 'dprec_reg_op' makes integer from pointer without a cast
   dprec_reg_op(handle, reg32, val, mask);\
   ^
drivers/misc/mediatek/dispsys/mt6735/ddp_dsi.c:58:145: note: in expansion of macro 'DISP_REG_MASK'
   if(cmdq)  {*(unsigned int*)(&r) = ((unsigned int)0x00000000);r.bit = ~(r.bit);*(unsigned int*)(&v) = ((unsigned int)0x00000000);v.bit = value;DISP_REG_MASK(cmdq, &REG, AS_UINT32(&v), AS_UINT32(&r));}  \
                                                                                                                                                 ^
drivers/misc/mediatek/dispsys/mt6735/ddp_dsi.c:3739:4: note: in expansion of macro 'DSI_OUTREGBIT'
    DSI_OUTREGBIT(cmdq_trigger_handle, DSI_COM_CTRL_REG,DSI_REG[0]->DSI_COM_CTRL,DSI_DUAL_EN,0);
    ^
In file included from /home/satory-ra/Android/kernel/android_kernel_oukitel_orange/drivers/misc/mediatek/videox/mt6735/disp_drv_log.h:3:0,
                 from drivers/misc/mediatek/dispsys/mt6735/ddp_dsi.c:8:
/home/satory-ra/Android/kernel/android_kernel_oukitel_orange/drivers/misc/mediatek/dispsys/mt6735/display_recorder.h:136:6: note: expected 'unsigned int' but argument is of type 'volatile struct DSI_COM_CTRL_REG *'
 void dprec_reg_op(void* cmdq, unsigned int reg, unsigned int val, unsigned int mask);
      ^
In file included from drivers/misc/mediatek/dispsys/mt6735/ddp_dsi.c:31:0:
/home/satory-ra/Android/kernel/android_kernel_oukitel_orange/drivers/misc/mediatek/dispsys/mt6735/mt6735m/ddp_reg.h:1420:25: warning: passing argument 1 of 'disp_addr_convert' makes integer from pointer without a cast
    cmdqRecWrite(handle, disp_addr_convert(reg32), val, mask); \
                         ^
drivers/misc/mediatek/dispsys/mt6735/ddp_dsi.c:58:145: note: in expansion of macro 'DISP_REG_MASK'
   if(cmdq)  {*(unsigned int*)(&r) = ((unsigned int)0x00000000);r.bit = ~(r.bit);*(unsigned int*)(&v) = ((unsigned int)0x00000000);v.bit = value;DISP_REG_MASK(cmdq, &REG, AS_UINT32(&v), AS_UINT32(&r));}  \
                                                                                                                                                 ^
drivers/misc/mediatek/dispsys/mt6735/ddp_dsi.c:3739:4: note: in expansion of macro 'DSI_OUTREGBIT'
    DSI_OUTREGBIT(cmdq_trigger_handle, DSI_COM_CTRL_REG,DSI_REG[0]->DSI_COM_CTRL,DSI_DUAL_EN,0);
    ^
/home/satory-ra/Android/kernel/android_kernel_oukitel_orange/drivers/misc/mediatek/dispsys/mt6735/mt6735m/ddp_reg.h:1395:29: note: expected 'long unsigned int' but argument is of type 'volatile struct DSI_COM_CTRL_REG *'
 static inline unsigned long disp_addr_convert(unsigned long va) 
                             ^
/home/satory-ra/Android/kernel/android_kernel_oukitel_orange/drivers/misc/mediatek/dispsys/mt6735/mt6735m/ddp_reg.h:1486:17: warning: passing argument 2 of 'dprec_reg_op' makes integer from pointer without a cast
                 dprec_reg_op(handle, reg32, val, 0x00000000);\
                 ^
drivers/misc/mediatek/dispsys/mt6735/ddp_dsi.c:59:63: note: in expansion of macro 'DISP_REG_SET'
   else{mt_reg_sync_writel(INREG32(&REG),&r);r.bit = (value);  DISP_REG_SET(cmdq, &REG, INREG32(&r));}    \
                                                               ^
drivers/misc/mediatek/dispsys/mt6735/ddp_dsi.c:3739:4: note: in expansion of macro 'DSI_OUTREGBIT'
    DSI_OUTREGBIT(cmdq_trigger_handle, DSI_COM_CTRL_REG,DSI_REG[0]->DSI_COM_CTRL,DSI_DUAL_EN,0);
    ^
In file included from /home/satory-ra/Android/kernel/android_kernel_oukitel_orange/drivers/misc/mediatek/videox/mt6735/disp_drv_log.h:3:0,
                 from drivers/misc/mediatek/dispsys/mt6735/ddp_dsi.c:8:
/home/satory-ra/Android/kernel/android_kernel_oukitel_orange/drivers/misc/mediatek/dispsys/mt6735/display_recorder.h:136:6: note: expected 'unsigned int' but argument is of type 'volatile struct DSI_COM_CTRL_REG *'
 void dprec_reg_op(void* cmdq, unsigned int reg, unsigned int val, unsigned int mask);
      ^
In file included from drivers/misc/mediatek/dispsys/mt6735/ddp_dsi.c:31:0:
/home/satory-ra/Android/kernel/android_kernel_oukitel_orange/drivers/misc/mediatek/dispsys/mt6735/mt6735m/ddp_reg.h:1487:38: warning: passing argument 1 of 'disp_addr_convert' makes integer from pointer without a cast
                 cmdqRecWrite(handle, disp_addr_convert(reg32), val, ~0); \
                                      ^
drivers/misc/mediatek/dispsys/mt6735/ddp_dsi.c:59:63: note: in expansion of macro 'DISP_REG_SET'
   else{mt_reg_sync_writel(INREG32(&REG),&r);r.bit = (value);  DISP_REG_SET(cmdq, &REG, INREG32(&r));}    \
                                                               ^
drivers/misc/mediatek/dispsys/mt6735/ddp_dsi.c:3739:4: note: in expansion of macro 'DSI_OUTREGBIT'
    DSI_OUTREGBIT(cmdq_trigger_handle, DSI_COM_CTRL_REG,DSI_REG[0]->DSI_COM_CTRL,DSI_DUAL_EN,0);
    ^
/home/satory-ra/Android/kernel/android_kernel_oukitel_orange/drivers/misc/mediatek/dispsys/mt6735/mt6735m/ddp_reg.h:1395:29: note: expected 'long unsigned int' but argument is of type 'volatile struct DSI_COM_CTRL_REG *'
 static inline unsigned long disp_addr_convert(unsigned long va) 
                             ^
/home/satory-ra/Android/kernel/android_kernel_oukitel_orange/drivers/misc/mediatek/dispsys/mt6735/mt6735m/ddp_reg.h:1413:3: warning: passing argument 2 of 'dprec_reg_op' makes integer from pointer without a cast
   dprec_reg_op(handle, reg32, val, mask);\
   ^
drivers/misc/mediatek/dispsys/mt6735/ddp_dsi.c:58:145: note: in expansion of macro 'DISP_REG_MASK'
   if(cmdq)  {*(unsigned int*)(&r) = ((unsigned int)0x00000000);r.bit = ~(r.bit);*(unsigned int*)(&v) = ((unsigned int)0x00000000);v.bit = value;DISP_REG_MASK(cmdq, &REG, AS_UINT32(&v), AS_UINT32(&r));}  \
                                                                                                                                                 ^
drivers/misc/mediatek/dispsys/mt6735/ddp_dsi.c:3740:4: note: in expansion of macro 'DSI_OUTREGBIT'
    DSI_OUTREGBIT(cmdq_trigger_handle, DSI_COM_CTRL_REG,DSI_REG[1]->DSI_COM_CTRL,DSI_DUAL_EN,0);
    ^
In file included from /home/satory-ra/Android/kernel/android_kernel_oukitel_orange/drivers/misc/mediatek/videox/mt6735/disp_drv_log.h:3:0,
                 from drivers/misc/mediatek/dispsys/mt6735/ddp_dsi.c:8:
/home/satory-ra/Android/kernel/android_kernel_oukitel_orange/drivers/misc/mediatek/dispsys/mt6735/display_recorder.h:136:6: note: expected 'unsigned int' but argument is of type 'volatile struct DSI_COM_CTRL_REG *'
 void dprec_reg_op(void* cmdq, unsigned int reg, unsigned int val, unsigned int mask);
      ^
In file included from drivers/misc/mediatek/dispsys/mt6735/ddp_dsi.c:31:0:
/home/satory-ra/Android/kernel/android_kernel_oukitel_orange/drivers/misc/mediatek/dispsys/mt6735/mt6735m/ddp_reg.h:1420:25: warning: passing argument 1 of 'disp_addr_convert' makes integer from pointer without a cast
    cmdqRecWrite(handle, disp_addr_convert(reg32), val, mask); \
                         ^
drivers/misc/mediatek/dispsys/mt6735/ddp_dsi.c:58:145: note: in expansion of macro 'DISP_REG_MASK'
   if(cmdq)  {*(unsigned int*)(&r) = ((unsigned int)0x00000000);r.bit = ~(r.bit);*(unsigned int*)(&v) = ((unsigned int)0x00000000);v.bit = value;DISP_REG_MASK(cmdq, &REG, AS_UINT32(&v), AS_UINT32(&r));}  \
                                                                                                                                                 ^
drivers/misc/mediatek/dispsys/mt6735/ddp_dsi.c:3740:4: note: in expansion of macro 'DSI_OUTREGBIT'
    DSI_OUTREGBIT(cmdq_trigger_handle, DSI_COM_CTRL_REG,DSI_REG[1]->DSI_COM_CTRL,DSI_DUAL_EN,0);
    ^
/home/satory-ra/Android/kernel/android_kernel_oukitel_orange/drivers/misc/mediatek/dispsys/mt6735/mt6735m/ddp_reg.h:1395:29: note: expected 'long unsigned int' but argument is of type 'volatile struct DSI_COM_CTRL_REG *'
 static inline unsigned long disp_addr_convert(unsigned long va) 
                             ^
/home/satory-ra/Android/kernel/android_kernel_oukitel_orange/drivers/misc/mediatek/dispsys/mt6735/mt6735m/ddp_reg.h:1486:17: warning: passing argument 2 of 'dprec_reg_op' makes integer from pointer without a cast
                 dprec_reg_op(handle, reg32, val, 0x00000000);\
                 ^
drivers/misc/mediatek/dispsys/mt6735/ddp_dsi.c:59:63: note: in expansion of macro 'DISP_REG_SET'
   else{mt_reg_sync_writel(INREG32(&REG),&r);r.bit = (value);  DISP_REG_SET(cmdq, &REG, INREG32(&r));}    \
                                                               ^
drivers/misc/mediatek/dispsys/mt6735/ddp_dsi.c:3740:4: note: in expansion of macro 'DSI_OUTREGBIT'
    DSI_OUTREGBIT(cmdq_trigger_handle, DSI_COM_CTRL_REG,DSI_REG[1]->DSI_COM_CTRL,DSI_DUAL_EN,0);
    ^
In file included from /home/satory-ra/Android/kernel/android_kernel_oukitel_orange/drivers/misc/mediatek/videox/mt6735/disp_drv_log.h:3:0,
                 from drivers/misc/mediatek/dispsys/mt6735/ddp_dsi.c:8:
/home/satory-ra/Android/kernel/android_kernel_oukitel_orange/drivers/misc/mediatek/dispsys/mt6735/display_recorder.h:136:6: note: expected 'unsigned int' but argument is of type 'volatile struct DSI_COM_CTRL_REG *'
 void dprec_reg_op(void* cmdq, unsigned int reg, unsigned int val, unsigned int mask);
      ^
In file included from drivers/misc/mediatek/dispsys/mt6735/ddp_dsi.c:31:0:
/home/satory-ra/Android/kernel/android_kernel_oukitel_orange/drivers/misc/mediatek/dispsys/mt6735/mt6735m/ddp_reg.h:1487:38: warning: passing argument 1 of 'disp_addr_convert' makes integer from pointer without a cast
                 cmdqRecWrite(handle, disp_addr_convert(reg32), val, ~0); \
                                      ^
drivers/misc/mediatek/dispsys/mt6735/ddp_dsi.c:59:63: note: in expansion of macro 'DISP_REG_SET'
   else{mt_reg_sync_writel(INREG32(&REG),&r);r.bit = (value);  DISP_REG_SET(cmdq, &REG, INREG32(&r));}    \
                                                               ^
drivers/misc/mediatek/dispsys/mt6735/ddp_dsi.c:3740:4: note: in expansion of macro 'DSI_OUTREGBIT'
    DSI_OUTREGBIT(cmdq_trigger_handle, DSI_COM_CTRL_REG,DSI_REG[1]->DSI_COM_CTRL,DSI_DUAL_EN,0);
    ^
/home/satory-ra/Android/kernel/android_kernel_oukitel_orange/drivers/misc/mediatek/dispsys/mt6735/mt6735m/ddp_reg.h:1395:29: note: expected 'long unsigned int' but argument is of type 'volatile struct DSI_COM_CTRL_REG *'
 static inline unsigned long disp_addr_convert(unsigned long va) 
                             ^
/home/satory-ra/Android/kernel/android_kernel_oukitel_orange/drivers/misc/mediatek/dispsys/mt6735/mt6735m/ddp_reg.h:1413:3: warning: passing argument 2 of 'dprec_reg_op' makes integer from pointer without a cast
   dprec_reg_op(handle, reg32, val, mask);\
   ^
drivers/misc/mediatek/dispsys/mt6735/ddp_dsi.c:58:145: note: in expansion of macro 'DISP_REG_MASK'
   if(cmdq)  {*(unsigned int*)(&r) = ((unsigned int)0x00000000);r.bit = ~(r.bit);*(unsigned int*)(&v) = ((unsigned int)0x00000000);v.bit = value;DISP_REG_MASK(cmdq, &REG, AS_UINT32(&v), AS_UINT32(&r));}  \
                                                                                                                                                 ^
drivers/misc/mediatek/dispsys/mt6735/ddp_dsi.c:3741:4: note: in expansion of macro 'DSI_OUTREGBIT'
    DSI_OUTREGBIT(cmdq_trigger_handle, DSI_START_REG, DSI_REG[0]->DSI_START, DSI_START, 0);
    ^
In file included from /home/satory-ra/Android/kernel/android_kernel_oukitel_orange/drivers/misc/mediatek/videox/mt6735/disp_drv_log.h:3:0,
                 from drivers/misc/mediatek/dispsys/mt6735/ddp_dsi.c:8:
/home/satory-ra/Android/kernel/android_kernel_oukitel_orange/drivers/misc/mediatek/dispsys/mt6735/display_recorder.h:136:6: note: expected 'unsigned int' but argument is of type 'volatile struct DSI_START_REG *'
 void dprec_reg_op(void* cmdq, unsigned int reg, unsigned int val, unsigned int mask);
      ^
In file included from drivers/misc/mediatek/dispsys/mt6735/ddp_dsi.c:31:0:
/home/satory-ra/Android/kernel/android_kernel_oukitel_orange/drivers/misc/mediatek/dispsys/mt6735/mt6735m/ddp_reg.h:1420:25: warning: passing argument 1 of 'disp_addr_convert' makes integer from pointer without a cast
    cmdqRecWrite(handle, disp_addr_convert(reg32), val, mask); \
                         ^
drivers/misc/mediatek/dispsys/mt6735/ddp_dsi.c:58:145: note: in expansion of macro 'DISP_REG_MASK'
   if(cmdq)  {*(unsigned int*)(&r) = ((unsigned int)0x00000000);r.bit = ~(r.bit);*(unsigned int*)(&v) = ((unsigned int)0x00000000);v.bit = value;DISP_REG_MASK(cmdq, &REG, AS_UINT32(&v), AS_UINT32(&r));}  \
                                                                                                                                                 ^
drivers/misc/mediatek/dispsys/mt6735/ddp_dsi.c:3741:4: note: in expansion of macro 'DSI_OUTREGBIT'
    DSI_OUTREGBIT(cmdq_trigger_handle, DSI_START_REG, DSI_REG[0]->DSI_START, DSI_START, 0);
    ^
/home/satory-ra/Android/kernel/android_kernel_oukitel_orange/drivers/misc/mediatek/dispsys/mt6735/mt6735m/ddp_reg.h:1395:29: note: expected 'long unsigned int' but argument is of type 'volatile struct DSI_START_REG *'
 static inline unsigned long disp_addr_convert(unsigned long va) 
                             ^
/home/satory-ra/Android/kernel/android_kernel_oukitel_orange/drivers/misc/mediatek/dispsys/mt6735/mt6735m/ddp_reg.h:1486:17: warning: passing argument 2 of 'dprec_reg_op' makes integer from pointer without a cast
                 dprec_reg_op(handle, reg32, val, 0x00000000);\
                 ^
drivers/misc/mediatek/dispsys/mt6735/ddp_dsi.c:59:63: note: in expansion of macro 'DISP_REG_SET'
   else{mt_reg_sync_writel(INREG32(&REG),&r);r.bit = (value);  DISP_REG_SET(cmdq, &REG, INREG32(&r));}    \
                                                               ^
drivers/misc/mediatek/dispsys/mt6735/ddp_dsi.c:3741:4: note: in expansion of macro 'DSI_OUTREGBIT'
    DSI_OUTREGBIT(cmdq_trigger_handle, DSI_START_REG, DSI_REG[0]->DSI_START, DSI_START, 0);
    ^
In file included from /home/satory-ra/Android/kernel/android_kernel_oukitel_orange/drivers/misc/mediatek/videox/mt6735/disp_drv_log.h:3:0,
                 from drivers/misc/mediatek/dispsys/mt6735/ddp_dsi.c:8:
/home/satory-ra/Android/kernel/android_kernel_oukitel_orange/drivers/misc/mediatek/dispsys/mt6735/display_recorder.h:136:6: note: expected 'unsigned int' but argument is of type 'volatile struct DSI_START_REG *'
 void dprec_reg_op(void* cmdq, unsigned int reg, unsigned int val, unsigned int mask);
      ^
In file included from drivers/misc/mediatek/dispsys/mt6735/ddp_dsi.c:31:0:
/home/satory-ra/Android/kernel/android_kernel_oukitel_orange/drivers/misc/mediatek/dispsys/mt6735/mt6735m/ddp_reg.h:1487:38: warning: passing argument 1 of 'disp_addr_convert' makes integer from pointer without a cast
                 cmdqRecWrite(handle, disp_addr_convert(reg32), val, ~0); \
                                      ^
drivers/misc/mediatek/dispsys/mt6735/ddp_dsi.c:59:63: note: in expansion of macro 'DISP_REG_SET'
   else{mt_reg_sync_writel(INREG32(&REG),&r);r.bit = (value);  DISP_REG_SET(cmdq, &REG, INREG32(&r));}    \
                                                               ^
drivers/misc/mediatek/dispsys/mt6735/ddp_dsi.c:3741:4: note: in expansion of macro 'DSI_OUTREGBIT'
    DSI_OUTREGBIT(cmdq_trigger_handle, DSI_START_REG, DSI_REG[0]->DSI_START, DSI_START, 0);
    ^
/home/satory-ra/Android/kernel/android_kernel_oukitel_orange/drivers/misc/mediatek/dispsys/mt6735/mt6735m/ddp_reg.h:1395:29: note: expected 'long unsigned int' but argument is of type 'volatile struct DSI_START_REG *'
 static inline unsigned long disp_addr_convert(unsigned long va) 
                             ^
/home/satory-ra/Android/kernel/android_kernel_oukitel_orange/drivers/misc/mediatek/dispsys/mt6735/mt6735m/ddp_reg.h:1413:3: warning: passing argument 2 of 'dprec_reg_op' makes integer from pointer without a cast
   dprec_reg_op(handle, reg32, val, mask);\
   ^
drivers/misc/mediatek/dispsys/mt6735/ddp_dsi.c:58:145: note: in expansion of macro 'DISP_REG_MASK'
   if(cmdq)  {*(unsigned int*)(&r) = ((unsigned int)0x00000000);r.bit = ~(r.bit);*(unsigned int*)(&v) = ((unsigned int)0x00000000);v.bit = value;DISP_REG_MASK(cmdq, &REG, AS_UINT32(&v), AS_UINT32(&r));}  \
                                                                                                                                                 ^
drivers/misc/mediatek/dispsys/mt6735/ddp_dsi.c:3742:4: note: in expansion of macro 'DSI_OUTREGBIT'
    DSI_OUTREGBIT(cmdq_trigger_handle, DSI_START_REG, DSI_REG[1]->DSI_START, DSI_START, 0);
    ^
In file included from /home/satory-ra/Android/kernel/android_kernel_oukitel_orange/drivers/misc/mediatek/videox/mt6735/disp_drv_log.h:3:0,
                 from drivers/misc/mediatek/dispsys/mt6735/ddp_dsi.c:8:
/home/satory-ra/Android/kernel/android_kernel_oukitel_orange/drivers/misc/mediatek/dispsys/mt6735/display_recorder.h:136:6: note: expected 'unsigned int' but argument is of type 'volatile struct DSI_START_REG *'
 void dprec_reg_op(void* cmdq, unsigned int reg, unsigned int val, unsigned int mask);
      ^
In file included from drivers/misc/mediatek/dispsys/mt6735/ddp_dsi.c:31:0:
/home/satory-ra/Android/kernel/android_kernel_oukitel_orange/drivers/misc/mediatek/dispsys/mt6735/mt6735m/ddp_reg.h:1420:25: warning: passing argument 1 of 'disp_addr_convert' makes integer from pointer without a cast
    cmdqRecWrite(handle, disp_addr_convert(reg32), val, mask); \
                         ^
drivers/misc/mediatek/dispsys/mt6735/ddp_dsi.c:58:145: note: in expansion of macro 'DISP_REG_MASK'
   if(cmdq)  {*(unsigned int*)(&r) = ((unsigned int)0x00000000);r.bit = ~(r.bit);*(unsigned int*)(&v) = ((unsigned int)0x00000000);v.bit = value;DISP_REG_MASK(cmdq, &REG, AS_UINT32(&v), AS_UINT32(&r));}  \
                                                                                                                                                 ^
drivers/misc/mediatek/dispsys/mt6735/ddp_dsi.c:3742:4: note: in expansion of macro 'DSI_OUTREGBIT'
    DSI_OUTREGBIT(cmdq_trigger_handle, DSI_START_REG, DSI_REG[1]->DSI_START, DSI_START, 0);
    ^
/home/satory-ra/Android/kernel/android_kernel_oukitel_orange/drivers/misc/mediatek/dispsys/mt6735/mt6735m/ddp_reg.h:1395:29: note: expected 'long unsigned int' but argument is of type 'volatile struct DSI_START_REG *'
 static inline unsigned long disp_addr_convert(unsigned long va) 
                             ^
/home/satory-ra/Android/kernel/android_kernel_oukitel_orange/drivers/misc/mediatek/dispsys/mt6735/mt6735m/ddp_reg.h:1486:17: warning: passing argument 2 of 'dprec_reg_op' makes integer from pointer without a cast
                 dprec_reg_op(handle, reg32, val, 0x00000000);\
                 ^
drivers/misc/mediatek/dispsys/mt6735/ddp_dsi.c:59:63: note: in expansion of macro 'DISP_REG_SET'
   else{mt_reg_sync_writel(INREG32(&REG),&r);r.bit = (value);  DISP_REG_SET(cmdq, &REG, INREG32(&r));}    \
                                                               ^
drivers/misc/mediatek/dispsys/mt6735/ddp_dsi.c:3742:4: note: in expansion of macro 'DSI_OUTREGBIT'
    DSI_OUTREGBIT(cmdq_trigger_handle, DSI_START_REG, DSI_REG[1]->DSI_START, DSI_START, 0);
    ^
In file included from /home/satory-ra/Android/kernel/android_kernel_oukitel_orange/drivers/misc/mediatek/videox/mt6735/disp_drv_log.h:3:0,
                 from drivers/misc/mediatek/dispsys/mt6735/ddp_dsi.c:8:
/home/satory-ra/Android/kernel/android_kernel_oukitel_orange/drivers/misc/mediatek/dispsys/mt6735/display_recorder.h:136:6: note: expected 'unsigned int' but argument is of type 'volatile struct DSI_START_REG *'
 void dprec_reg_op(void* cmdq, unsigned int reg, unsigned int val, unsigned int mask);
      ^
In file included from drivers/misc/mediatek/dispsys/mt6735/ddp_dsi.c:31:0:
/home/satory-ra/Android/kernel/android_kernel_oukitel_orange/drivers/misc/mediatek/dispsys/mt6735/mt6735m/ddp_reg.h:1487:38: warning: passing argument 1 of 'disp_addr_convert' makes integer from pointer without a cast
                 cmdqRecWrite(handle, disp_addr_convert(reg32), val, ~0); \
                                      ^
drivers/misc/mediatek/dispsys/mt6735/ddp_dsi.c:59:63: note: in expansion of macro 'DISP_REG_SET'
   else{mt_reg_sync_writel(INREG32(&REG),&r);r.bit = (value);  DISP_REG_SET(cmdq, &REG, INREG32(&r));}    \
                                                               ^
drivers/misc/mediatek/dispsys/mt6735/ddp_dsi.c:3742:4: note: in expansion of macro 'DSI_OUTREGBIT'
    DSI_OUTREGBIT(cmdq_trigger_handle, DSI_START_REG, DSI_REG[1]->DSI_START, DSI_START, 0);
    ^
/home/satory-ra/Android/kernel/android_kernel_oukitel_orange/drivers/misc/mediatek/dispsys/mt6735/mt6735m/ddp_reg.h:1395:29: note: expected 'long unsigned int' but argument is of type 'volatile struct DSI_START_REG *'
 static inline unsigned long disp_addr_convert(unsigned long va) 
                             ^
/home/satory-ra/Android/kernel/android_kernel_oukitel_orange/drivers/misc/mediatek/dispsys/mt6735/mt6735m/ddp_reg.h:1413:3: warning: passing argument 2 of 'dprec_reg_op' makes integer from pointer without a cast
   dprec_reg_op(handle, reg32, val, mask);\
   ^
drivers/misc/mediatek/dispsys/mt6735/ddp_dsi.c:58:145: note: in expansion of macro 'DISP_REG_MASK'
   if(cmdq)  {*(unsigned int*)(&r) = ((unsigned int)0x00000000);r.bit = ~(r.bit);*(unsigned int*)(&v) = ((unsigned int)0x00000000);v.bit = value;DISP_REG_MASK(cmdq, &REG, AS_UINT32(&v), AS_UINT32(&r));}  \
                                                                                                                                                 ^
drivers/misc/mediatek/dispsys/mt6735/ddp_dsi.c:3756:4: note: in expansion of macro 'DSI_OUTREGBIT'
    DSI_OUTREGBIT(cmdq_trigger_handle, DSI_START_REG,DSI_REG[0]->DSI_START,DSI_START,0);
    ^
In file included from /home/satory-ra/Android/kernel/android_kernel_oukitel_orange/drivers/misc/mediatek/videox/mt6735/disp_drv_log.h:3:0,
                 from drivers/misc/mediatek/dispsys/mt6735/ddp_dsi.c:8:
/home/satory-ra/Android/kernel/android_kernel_oukitel_orange/drivers/misc/mediatek/dispsys/mt6735/display_recorder.h:136:6: note: expected 'unsigned int' but argument is of type 'volatile struct DSI_START_REG *'
 void dprec_reg_op(void* cmdq, unsigned int reg, unsigned int val, unsigned int mask);
      ^
In file included from drivers/misc/mediatek/dispsys/mt6735/ddp_dsi.c:31:0:
/home/satory-ra/Android/kernel/android_kernel_oukitel_orange/drivers/misc/mediatek/dispsys/mt6735/mt6735m/ddp_reg.h:1420:25: warning: passing argument 1 of 'disp_addr_convert' makes integer from pointer without a cast
    cmdqRecWrite(handle, disp_addr_convert(reg32), val, mask); \
                         ^
drivers/misc/mediatek/dispsys/mt6735/ddp_dsi.c:58:145: note: in expansion of macro 'DISP_REG_MASK'
   if(cmdq)  {*(unsigned int*)(&r) = ((unsigned int)0x00000000);r.bit = ~(r.bit);*(unsigned int*)(&v) = ((unsigned int)0x00000000);v.bit = value;DISP_REG_MASK(cmdq, &REG, AS_UINT32(&v), AS_UINT32(&r));}  \
                                                                                                                                                 ^
drivers/misc/mediatek/dispsys/mt6735/ddp_dsi.c:3756:4: note: in expansion of macro 'DSI_OUTREGBIT'
    DSI_OUTREGBIT(cmdq_trigger_handle, DSI_START_REG,DSI_REG[0]->DSI_START,DSI_START,0);
    ^
/home/satory-ra/Android/kernel/android_kernel_oukitel_orange/drivers/misc/mediatek/dispsys/mt6735/mt6735m/ddp_reg.h:1395:29: note: expected 'long unsigned int' but argument is of type 'volatile struct DSI_START_REG *'
 static inline unsigned long disp_addr_convert(unsigned long va) 
                             ^
/home/satory-ra/Android/kernel/android_kernel_oukitel_orange/drivers/misc/mediatek/dispsys/mt6735/mt6735m/ddp_reg.h:1486:17: warning: passing argument 2 of 'dprec_reg_op' makes integer from pointer without a cast
                 dprec_reg_op(handle, reg32, val, 0x00000000);\
                 ^
drivers/misc/mediatek/dispsys/mt6735/ddp_dsi.c:59:63: note: in expansion of macro 'DISP_REG_SET'
   else{mt_reg_sync_writel(INREG32(&REG),&r);r.bit = (value);  DISP_REG_SET(cmdq, &REG, INREG32(&r));}    \
                                                               ^
drivers/misc/mediatek/dispsys/mt6735/ddp_dsi.c:3756:4: note: in expansion of macro 'DSI_OUTREGBIT'
    DSI_OUTREGBIT(cmdq_trigger_handle, DSI_START_REG,DSI_REG[0]->DSI_START,DSI_START,0);
    ^
In file included from /home/satory-ra/Android/kernel/android_kernel_oukitel_orange/drivers/misc/mediatek/videox/mt6735/disp_drv_log.h:3:0,
                 from drivers/misc/mediatek/dispsys/mt6735/ddp_dsi.c:8:
/home/satory-ra/Android/kernel/android_kernel_oukitel_orange/drivers/misc/mediatek/dispsys/mt6735/display_recorder.h:136:6: note: expected 'unsigned int' but argument is of type 'volatile struct DSI_START_REG *'
 void dprec_reg_op(void* cmdq, unsigned int reg, unsigned int val, unsigned int mask);
      ^
In file included from drivers/misc/mediatek/dispsys/mt6735/ddp_dsi.c:31:0:
/home/satory-ra/Android/kernel/android_kernel_oukitel_orange/drivers/misc/mediatek/dispsys/mt6735/mt6735m/ddp_reg.h:1487:38: warning: passing argument 1 of 'disp_addr_convert' makes integer from pointer without a cast
                 cmdqRecWrite(handle, disp_addr_convert(reg32), val, ~0); \
                                      ^
drivers/misc/mediatek/dispsys/mt6735/ddp_dsi.c:59:63: note: in expansion of macro 'DISP_REG_SET'
   else{mt_reg_sync_writel(INREG32(&REG),&r);r.bit = (value);  DISP_REG_SET(cmdq, &REG, INREG32(&r));}    \
                                                               ^
drivers/misc/mediatek/dispsys/mt6735/ddp_dsi.c:3756:4: note: in expansion of macro 'DSI_OUTREGBIT'
    DSI_OUTREGBIT(cmdq_trigger_handle, DSI_START_REG,DSI_REG[0]->DSI_START,DSI_START,0);
    ^
/home/satory-ra/Android/kernel/android_kernel_oukitel_orange/drivers/misc/mediatek/dispsys/mt6735/mt6735m/ddp_reg.h:1395:29: note: expected 'long unsigned int' but argument is of type 'volatile struct DSI_START_REG *'
 static inline unsigned long disp_addr_convert(unsigned long va) 
                             ^
/home/satory-ra/Android/kernel/android_kernel_oukitel_orange/drivers/misc/mediatek/dispsys/mt6735/mt6735m/ddp_reg.h:1413:3: warning: passing argument 2 of 'dprec_reg_op' makes integer from pointer without a cast
   dprec_reg_op(handle, reg32, val, mask);\
   ^
drivers/misc/mediatek/dispsys/mt6735/ddp_dsi.c:58:145: note: in expansion of macro 'DISP_REG_MASK'
   if(cmdq)  {*(unsigned int*)(&r) = ((unsigned int)0x00000000);r.bit = ~(r.bit);*(unsigned int*)(&v) = ((unsigned int)0x00000000);v.bit = value;DISP_REG_MASK(cmdq, &REG, AS_UINT32(&v), AS_UINT32(&r));}  \
                                                                                                                                                 ^
drivers/misc/mediatek/dispsys/mt6735/ddp_dsi.c:3757:4: note: in expansion of macro 'DSI_OUTREGBIT'
    DSI_OUTREGBIT(cmdq_trigger_handle, DSI_START_REG,DSI_REG[1]->DSI_START,DSI_START,0);
    ^
In file included from /home/satory-ra/Android/kernel/android_kernel_oukitel_orange/drivers/misc/mediatek/videox/mt6735/disp_drv_log.h:3:0,
                 from drivers/misc/mediatek/dispsys/mt6735/ddp_dsi.c:8:
/home/satory-ra/Android/kernel/android_kernel_oukitel_orange/drivers/misc/mediatek/dispsys/mt6735/display_recorder.h:136:6: note: expected 'unsigned int' but argument is of type 'volatile struct DSI_START_REG *'
 void dprec_reg_op(void* cmdq, unsigned int reg, unsigned int val, unsigned int mask);
      ^
In file included from drivers/misc/mediatek/dispsys/mt6735/ddp_dsi.c:31:0:
/home/satory-ra/Android/kernel/android_kernel_oukitel_orange/drivers/misc/mediatek/dispsys/mt6735/mt6735m/ddp_reg.h:1420:25: warning: passing argument 1 of 'disp_addr_convert' makes integer from pointer without a cast
    cmdqRecWrite(handle, disp_addr_convert(reg32), val, mask); \
                         ^
drivers/misc/mediatek/dispsys/mt6735/ddp_dsi.c:58:145: note: in expansion of macro 'DISP_REG_MASK'
   if(cmdq)  {*(unsigned int*)(&r) = ((unsigned int)0x00000000);r.bit = ~(r.bit);*(unsigned int*)(&v) = ((unsigned int)0x00000000);v.bit = value;DISP_REG_MASK(cmdq, &REG, AS_UINT32(&v), AS_UINT32(&r));}  \
                                                                                                                                                 ^
drivers/misc/mediatek/dispsys/mt6735/ddp_dsi.c:3757:4: note: in expansion of macro 'DSI_OUTREGBIT'
    DSI_OUTREGBIT(cmdq_trigger_handle, DSI_START_REG,DSI_REG[1]->DSI_START,DSI_START,0);
    ^
/home/satory-ra/Android/kernel/android_kernel_oukitel_orange/drivers/misc/mediatek/dispsys/mt6735/mt6735m/ddp_reg.h:1395:29: note: expected 'long unsigned int' but argument is of type 'volatile struct DSI_START_REG *'
 static inline unsigned long disp_addr_convert(unsigned long va) 
                             ^
/home/satory-ra/Android/kernel/android_kernel_oukitel_orange/drivers/misc/mediatek/dispsys/mt6735/mt6735m/ddp_reg.h:1486:17: warning: passing argument 2 of 'dprec_reg_op' makes integer from pointer without a cast
                 dprec_reg_op(handle, reg32, val, 0x00000000);\
                 ^
drivers/misc/mediatek/dispsys/mt6735/ddp_dsi.c:59:63: note: in expansion of macro 'DISP_REG_SET'
   else{mt_reg_sync_writel(INREG32(&REG),&r);r.bit = (value);  DISP_REG_SET(cmdq, &REG, INREG32(&r));}    \
                                                               ^
drivers/misc/mediatek/dispsys/mt6735/ddp_dsi.c:3757:4: note: in expansion of macro 'DSI_OUTREGBIT'
    DSI_OUTREGBIT(cmdq_trigger_handle, DSI_START_REG,DSI_REG[1]->DSI_START,DSI_START,0);
    ^
In file included from /home/satory-ra/Android/kernel/android_kernel_oukitel_orange/drivers/misc/mediatek/videox/mt6735/disp_drv_log.h:3:0,
                 from drivers/misc/mediatek/dispsys/mt6735/ddp_dsi.c:8:
/home/satory-ra/Android/kernel/android_kernel_oukitel_orange/drivers/misc/mediatek/dispsys/mt6735/display_recorder.h:136:6: note: expected 'unsigned int' but argument is of type 'volatile struct DSI_START_REG *'
 void dprec_reg_op(void* cmdq, unsigned int reg, unsigned int val, unsigned int mask);
      ^
In file included from drivers/misc/mediatek/dispsys/mt6735/ddp_dsi.c:31:0:
/home/satory-ra/Android/kernel/android_kernel_oukitel_orange/drivers/misc/mediatek/dispsys/mt6735/mt6735m/ddp_reg.h:1487:38: warning: passing argument 1 of 'disp_addr_convert' makes integer from pointer without a cast
                 cmdqRecWrite(handle, disp_addr_convert(reg32), val, ~0); \
                                      ^
drivers/misc/mediatek/dispsys/mt6735/ddp_dsi.c:59:63: note: in expansion of macro 'DISP_REG_SET'
   else{mt_reg_sync_writel(INREG32(&REG),&r);r.bit = (value);  DISP_REG_SET(cmdq, &REG, INREG32(&r));}    \
                                                               ^
drivers/misc/mediatek/dispsys/mt6735/ddp_dsi.c:3757:4: note: in expansion of macro 'DSI_OUTREGBIT'
    DSI_OUTREGBIT(cmdq_trigger_handle, DSI_START_REG,DSI_REG[1]->DSI_START,DSI_START,0);
    ^
/home/satory-ra/Android/kernel/android_kernel_oukitel_orange/drivers/misc/mediatek/dispsys/mt6735/mt6735m/ddp_reg.h:1395:29: note: expected 'long unsigned int' but argument is of type 'volatile struct DSI_START_REG *'
 static inline unsigned long disp_addr_convert(unsigned long va) 
                             ^
/home/satory-ra/Android/kernel/android_kernel_oukitel_orange/drivers/misc/mediatek/dispsys/mt6735/mt6735m/ddp_reg.h:1413:3: warning: passing argument 2 of 'dprec_reg_op' makes integer from pointer without a cast
   dprec_reg_op(handle, reg32, val, mask);\
   ^
drivers/misc/mediatek/dispsys/mt6735/ddp_dsi.c:58:145: note: in expansion of macro 'DISP_REG_MASK'
   if(cmdq)  {*(unsigned int*)(&r) = ((unsigned int)0x00000000);r.bit = ~(r.bit);*(unsigned int*)(&v) = ((unsigned int)0x00000000);v.bit = value;DISP_REG_MASK(cmdq, &REG, AS_UINT32(&v), AS_UINT32(&r));}  \
                                                                                                                                                 ^
drivers/misc/mediatek/dispsys/mt6735/ddp_dsi.c:3759:4: note: in expansion of macro 'DSI_OUTREGBIT'
    DSI_OUTREGBIT(cmdq_trigger_handle, DSI_COM_CTRL_REG,DSI_REG[0]->DSI_COM_CTRL,DSI_DUAL_EN,1);
    ^
In file included from /home/satory-ra/Android/kernel/android_kernel_oukitel_orange/drivers/misc/mediatek/videox/mt6735/disp_drv_log.h:3:0,
                 from drivers/misc/mediatek/dispsys/mt6735/ddp_dsi.c:8:
/home/satory-ra/Android/kernel/android_kernel_oukitel_orange/drivers/misc/mediatek/dispsys/mt6735/display_recorder.h:136:6: note: expected 'unsigned int' but argument is of type 'volatile struct DSI_COM_CTRL_REG *'
 void dprec_reg_op(void* cmdq, unsigned int reg, unsigned int val, unsigned int mask);
      ^
In file included from drivers/misc/mediatek/dispsys/mt6735/ddp_dsi.c:31:0:
/home/satory-ra/Android/kernel/android_kernel_oukitel_orange/drivers/misc/mediatek/dispsys/mt6735/mt6735m/ddp_reg.h:1420:25: warning: passing argument 1 of 'disp_addr_convert' makes integer from pointer without a cast
    cmdqRecWrite(handle, disp_addr_convert(reg32), val, mask); \
                         ^
drivers/misc/mediatek/dispsys/mt6735/ddp_dsi.c:58:145: note: in expansion of macro 'DISP_REG_MASK'
   if(cmdq)  {*(unsigned int*)(&r) = ((unsigned int)0x00000000);r.bit = ~(r.bit);*(unsigned int*)(&v) = ((unsigned int)0x00000000);v.bit = value;DISP_REG_MASK(cmdq, &REG, AS_UINT32(&v), AS_UINT32(&r));}  \
                                                                                                                                                 ^
drivers/misc/mediatek/dispsys/mt6735/ddp_dsi.c:3759:4: note: in expansion of macro 'DSI_OUTREGBIT'
    DSI_OUTREGBIT(cmdq_trigger_handle, DSI_COM_CTRL_REG,DSI_REG[0]->DSI_COM_CTRL,DSI_DUAL_EN,1);
    ^
/home/satory-ra/Android/kernel/android_kernel_oukitel_orange/drivers/misc/mediatek/dispsys/mt6735/mt6735m/ddp_reg.h:1395:29: note: expected 'long unsigned int' but argument is of type 'volatile struct DSI_COM_CTRL_REG *'
 static inline unsigned long disp_addr_convert(unsigned long va) 
                             ^
/home/satory-ra/Android/kernel/android_kernel_oukitel_orange/drivers/misc/mediatek/dispsys/mt6735/mt6735m/ddp_reg.h:1486:17: warning: passing argument 2 of 'dprec_reg_op' makes integer from pointer without a cast
                 dprec_reg_op(handle, reg32, val, 0x00000000);\
                 ^
drivers/misc/mediatek/dispsys/mt6735/ddp_dsi.c:59:63: note: in expansion of macro 'DISP_REG_SET'
   else{mt_reg_sync_writel(INREG32(&REG),&r);r.bit = (value);  DISP_REG_SET(cmdq, &REG, INREG32(&r));}    \
                                                               ^
drivers/misc/mediatek/dispsys/mt6735/ddp_dsi.c:3759:4: note: in expansion of macro 'DSI_OUTREGBIT'
    DSI_OUTREGBIT(cmdq_trigger_handle, DSI_COM_CTRL_REG,DSI_REG[0]->DSI_COM_CTRL,DSI_DUAL_EN,1);
    ^
In file included from /home/satory-ra/Android/kernel/android_kernel_oukitel_orange/drivers/misc/mediatek/videox/mt6735/disp_drv_log.h:3:0,
                 from drivers/misc/mediatek/dispsys/mt6735/ddp_dsi.c:8:
/home/satory-ra/Android/kernel/android_kernel_oukitel_orange/drivers/misc/mediatek/dispsys/mt6735/display_recorder.h:136:6: note: expected 'unsigned int' but argument is of type 'volatile struct DSI_COM_CTRL_REG *'
 void dprec_reg_op(void* cmdq, unsigned int reg, unsigned int val, unsigned int mask);
      ^
In file included from drivers/misc/mediatek/dispsys/mt6735/ddp_dsi.c:31:0:
/home/satory-ra/Android/kernel/android_kernel_oukitel_orange/drivers/misc/mediatek/dispsys/mt6735/mt6735m/ddp_reg.h:1487:38: warning: passing argument 1 of 'disp_addr_convert' makes integer from pointer without a cast
                 cmdqRecWrite(handle, disp_addr_convert(reg32), val, ~0); \
                                      ^
drivers/misc/mediatek/dispsys/mt6735/ddp_dsi.c:59:63: note: in expansion of macro 'DISP_REG_SET'
   else{mt_reg_sync_writel(INREG32(&REG),&r);r.bit = (value);  DISP_REG_SET(cmdq, &REG, INREG32(&r));}    \
                                                               ^
drivers/misc/mediatek/dispsys/mt6735/ddp_dsi.c:3759:4: note: in expansion of macro 'DSI_OUTREGBIT'
    DSI_OUTREGBIT(cmdq_trigger_handle, DSI_COM_CTRL_REG,DSI_REG[0]->DSI_COM_CTRL,DSI_DUAL_EN,1);
    ^
/home/satory-ra/Android/kernel/android_kernel_oukitel_orange/drivers/misc/mediatek/dispsys/mt6735/mt6735m/ddp_reg.h:1395:29: note: expected 'long unsigned int' but argument is of type 'volatile struct DSI_COM_CTRL_REG *'
 static inline unsigned long disp_addr_convert(unsigned long va) 
                             ^
/home/satory-ra/Android/kernel/android_kernel_oukitel_orange/drivers/misc/mediatek/dispsys/mt6735/mt6735m/ddp_reg.h:1413:3: warning: passing argument 2 of 'dprec_reg_op' makes integer from pointer without a cast
   dprec_reg_op(handle, reg32, val, mask);\
   ^
drivers/misc/mediatek/dispsys/mt6735/ddp_dsi.c:58:145: note: in expansion of macro 'DISP_REG_MASK'
   if(cmdq)  {*(unsigned int*)(&r) = ((unsigned int)0x00000000);r.bit = ~(r.bit);*(unsigned int*)(&v) = ((unsigned int)0x00000000);v.bit = value;DISP_REG_MASK(cmdq, &REG, AS_UINT32(&v), AS_UINT32(&r));}  \
                                                                                                                                                 ^
drivers/misc/mediatek/dispsys/mt6735/ddp_dsi.c:3760:4: note: in expansion of macro 'DSI_OUTREGBIT'
    DSI_OUTREGBIT(cmdq_trigger_handle, DSI_COM_CTRL_REG,DSI_REG[1]->DSI_COM_CTRL,DSI_DUAL_EN,1);
    ^
In file included from /home/satory-ra/Android/kernel/android_kernel_oukitel_orange/drivers/misc/mediatek/videox/mt6735/disp_drv_log.h:3:0,
                 from drivers/misc/mediatek/dispsys/mt6735/ddp_dsi.c:8:
/home/satory-ra/Android/kernel/android_kernel_oukitel_orange/drivers/misc/mediatek/dispsys/mt6735/display_recorder.h:136:6: note: expected 'unsigned int' but argument is of type 'volatile struct DSI_COM_CTRL_REG *'
 void dprec_reg_op(void* cmdq, unsigned int reg, unsigned int val, unsigned int mask);
      ^
In file included from drivers/misc/mediatek/dispsys/mt6735/ddp_dsi.c:31:0:
/home/satory-ra/Android/kernel/android_kernel_oukitel_orange/drivers/misc/mediatek/dispsys/mt6735/mt6735m/ddp_reg.h:1420:25: warning: passing argument 1 of 'disp_addr_convert' makes integer from pointer without a cast
    cmdqRecWrite(handle, disp_addr_convert(reg32), val, mask); \
                         ^
drivers/misc/mediatek/dispsys/mt6735/ddp_dsi.c:58:145: note: in expansion of macro 'DISP_REG_MASK'
   if(cmdq)  {*(unsigned int*)(&r) = ((unsigned int)0x00000000);r.bit = ~(r.bit);*(unsigned int*)(&v) = ((unsigned int)0x00000000);v.bit = value;DISP_REG_MASK(cmdq, &REG, AS_UINT32(&v), AS_UINT32(&r));}  \
                                                                                                                                                 ^
drivers/misc/mediatek/dispsys/mt6735/ddp_dsi.c:3760:4: note: in expansion of macro 'DSI_OUTREGBIT'
    DSI_OUTREGBIT(cmdq_trigger_handle, DSI_COM_CTRL_REG,DSI_REG[1]->DSI_COM_CTRL,DSI_DUAL_EN,1);
    ^
/home/satory-ra/Android/kernel/android_kernel_oukitel_orange/drivers/misc/mediatek/dispsys/mt6735/mt6735m/ddp_reg.h:1395:29: note: expected 'long unsigned int' but argument is of type 'volatile struct DSI_COM_CTRL_REG *'
 static inline unsigned long disp_addr_convert(unsigned long va) 
                             ^
/home/satory-ra/Android/kernel/android_kernel_oukitel_orange/drivers/misc/mediatek/dispsys/mt6735/mt6735m/ddp_reg.h:1486:17: warning: passing argument 2 of 'dprec_reg_op' makes integer from pointer without a cast
                 dprec_reg_op(handle, reg32, val, 0x00000000);\
                 ^
drivers/misc/mediatek/dispsys/mt6735/ddp_dsi.c:59:63: note: in expansion of macro 'DISP_REG_SET'
   else{mt_reg_sync_writel(INREG32(&REG),&r);r.bit = (value);  DISP_REG_SET(cmdq, &REG, INREG32(&r));}    \
                                                               ^
drivers/misc/mediatek/dispsys/mt6735/ddp_dsi.c:3760:4: note: in expansion of macro 'DSI_OUTREGBIT'
    DSI_OUTREGBIT(cmdq_trigger_handle, DSI_COM_CTRL_REG,DSI_REG[1]->DSI_COM_CTRL,DSI_DUAL_EN,1);
    ^
In file included from /home/satory-ra/Android/kernel/android_kernel_oukitel_orange/drivers/misc/mediatek/videox/mt6735/disp_drv_log.h:3:0,
                 from drivers/misc/mediatek/dispsys/mt6735/ddp_dsi.c:8:
/home/satory-ra/Android/kernel/android_kernel_oukitel_orange/drivers/misc/mediatek/dispsys/mt6735/display_recorder.h:136:6: note: expected 'unsigned int' but argument is of type 'volatile struct DSI_COM_CTRL_REG *'
 void dprec_reg_op(void* cmdq, unsigned int reg, unsigned int val, unsigned int mask);
      ^
In file included from drivers/misc/mediatek/dispsys/mt6735/ddp_dsi.c:31:0:
/home/satory-ra/Android/kernel/android_kernel_oukitel_orange/drivers/misc/mediatek/dispsys/mt6735/mt6735m/ddp_reg.h:1487:38: warning: passing argument 1 of 'disp_addr_convert' makes integer from pointer without a cast
                 cmdqRecWrite(handle, disp_addr_convert(reg32), val, ~0); \
                                      ^
drivers/misc/mediatek/dispsys/mt6735/ddp_dsi.c:59:63: note: in expansion of macro 'DISP_REG_SET'
   else{mt_reg_sync_writel(INREG32(&REG),&r);r.bit = (value);  DISP_REG_SET(cmdq, &REG, INREG32(&r));}    \
                                                               ^
drivers/misc/mediatek/dispsys/mt6735/ddp_dsi.c:3760:4: note: in expansion of macro 'DSI_OUTREGBIT'
    DSI_OUTREGBIT(cmdq_trigger_handle, DSI_COM_CTRL_REG,DSI_REG[1]->DSI_COM_CTRL,DSI_DUAL_EN,1);
    ^
/home/satory-ra/Android/kernel/android_kernel_oukitel_orange/drivers/misc/mediatek/dispsys/mt6735/mt6735m/ddp_reg.h:1395:29: note: expected 'long unsigned int' but argument is of type 'volatile struct DSI_COM_CTRL_REG *'
 static inline unsigned long disp_addr_convert(unsigned long va) 
                             ^
drivers/misc/mediatek/dispsys/mt6735/ddp_dsi.c: At top level:
drivers/misc/mediatek/dispsys/mt6735/ddp_dsi.c:3790:2: warning: initialization from incompatible pointer type
  .init   = ddp_dsi_init,
  ^
drivers/misc/mediatek/dispsys/mt6735/ddp_dsi.c:3790:2: warning: (near initialization for 'ddp_driver_dsi0.init')
drivers/misc/mediatek/dispsys/mt6735/ddp_dsi.c:3794:2: warning: initialization from incompatible pointer type
  .trigger  = ddp_dsi_trigger,
  ^
drivers/misc/mediatek/dispsys/mt6735/ddp_dsi.c:3794:2: warning: (near initialization for 'ddp_driver_dsi0.trigger')
drivers/misc/mediatek/dispsys/mt6735/ddp_dsi.c:3795:2: warning: initialization from incompatible pointer type
  .start  = ddp_dsi_start,
  ^
drivers/misc/mediatek/dispsys/mt6735/ddp_dsi.c:3795:2: warning: (near initialization for 'ddp_driver_dsi0.start')
drivers/misc/mediatek/dispsys/mt6735/ddp_dsi.c:3810:2: warning: initialization from incompatible pointer type
  .init   = ddp_dsi_init,
  ^
drivers/misc/mediatek/dispsys/mt6735/ddp_dsi.c:3810:2: warning: (near initialization for 'ddp_driver_dsi1.init')
drivers/misc/mediatek/dispsys/mt6735/ddp_dsi.c:3814:2: warning: initialization from incompatible pointer type
  .trigger  = ddp_dsi_trigger,
  ^
drivers/misc/mediatek/dispsys/mt6735/ddp_dsi.c:3814:2: warning: (near initialization for 'ddp_driver_dsi1.trigger')
drivers/misc/mediatek/dispsys/mt6735/ddp_dsi.c:3815:2: warning: initialization from incompatible pointer type
  .start  = ddp_dsi_start,
  ^
drivers/misc/mediatek/dispsys/mt6735/ddp_dsi.c:3815:2: warning: (near initialization for 'ddp_driver_dsi1.start')
drivers/misc/mediatek/dispsys/mt6735/ddp_dsi.c:3831:2: warning: initialization from incompatible pointer type
  .init   = ddp_dsi_init,
  ^
drivers/misc/mediatek/dispsys/mt6735/ddp_dsi.c:3831:2: warning: (near initialization for 'ddp_driver_dsidual.init')
drivers/misc/mediatek/dispsys/mt6735/ddp_dsi.c:3835:2: warning: initialization from incompatible pointer type
  .trigger  = ddp_dsi_trigger,
  ^
drivers/misc/mediatek/dispsys/mt6735/ddp_dsi.c:3835:2: warning: (near initialization for 'ddp_driver_dsidual.trigger')
drivers/misc/mediatek/dispsys/mt6735/ddp_dsi.c:3836:2: warning: initialization from incompatible pointer type
  .start  = ddp_dsi_start,
  ^
drivers/misc/mediatek/dispsys/mt6735/ddp_dsi.c:3836:2: warning: (near initialization for 'ddp_driver_dsidual.start')
In file included from drivers/misc/mediatek/dispsys/mt6735/ddp_dsi.c:31:0:
drivers/misc/mediatek/dispsys/mt6735/ddp_dsi.c: In function 'PanelMaster_set_CC':
/home/satory-ra/Android/kernel/android_kernel_oukitel_orange/drivers/misc/mediatek/dispsys/mt6735/mt6735m/ddp_reg.h:1413:3: warning: passing argument 2 of 'dprec_reg_op' makes integer from pointer without a cast
   dprec_reg_op(handle, reg32, val, mask);\
   ^
drivers/misc/mediatek/dispsys/mt6735/ddp_dsi.c:58:145: note: in expansion of macro 'DISP_REG_MASK'
   if(cmdq)  {*(unsigned int*)(&r) = ((unsigned int)0x00000000);r.bit = ~(r.bit);*(unsigned int*)(&v) = ((unsigned int)0x00000000);v.bit = value;DISP_REG_MASK(cmdq, &REG, AS_UINT32(&v), AS_UINT32(&r));}  \
                                                                                                                                                 ^
drivers/misc/mediatek/dispsys/mt6735/ddp_dsi.c:3887:4: note: in expansion of macro 'DSI_OUTREGBIT'
   {DSI_OUTREGBIT(NULL, DSI_TXRX_CTRL_REG, DSI_REG[0]->DSI_TXRX_CTRL,HSTX_CKLP_EN,enable);}
    ^
In file included from /home/satory-ra/Android/kernel/android_kernel_oukitel_orange/drivers/misc/mediatek/videox/mt6735/disp_drv_log.h:3:0,
                 from drivers/misc/mediatek/dispsys/mt6735/ddp_dsi.c:8:
/home/satory-ra/Android/kernel/android_kernel_oukitel_orange/drivers/misc/mediatek/dispsys/mt6735/display_recorder.h:136:6: note: expected 'unsigned int' but argument is of type 'volatile struct DSI_TXRX_CTRL_REG *'
 void dprec_reg_op(void* cmdq, unsigned int reg, unsigned int val, unsigned int mask);
      ^
In file included from drivers/misc/mediatek/dispsys/mt6735/ddp_dsi.c:31:0:
/home/satory-ra/Android/kernel/android_kernel_oukitel_orange/drivers/misc/mediatek/dispsys/mt6735/mt6735m/ddp_reg.h:1420:25: warning: passing argument 1 of 'disp_addr_convert' makes integer from pointer without a cast
    cmdqRecWrite(handle, disp_addr_convert(reg32), val, mask); \
                         ^
drivers/misc/mediatek/dispsys/mt6735/ddp_dsi.c:58:145: note: in expansion of macro 'DISP_REG_MASK'
   if(cmdq)  {*(unsigned int*)(&r) = ((unsigned int)0x00000000);r.bit = ~(r.bit);*(unsigned int*)(&v) = ((unsigned int)0x00000000);v.bit = value;DISP_REG_MASK(cmdq, &REG, AS_UINT32(&v), AS_UINT32(&r));}  \
                                                                                                                                                 ^
drivers/misc/mediatek/dispsys/mt6735/ddp_dsi.c:3887:4: note: in expansion of macro 'DSI_OUTREGBIT'
   {DSI_OUTREGBIT(NULL, DSI_TXRX_CTRL_REG, DSI_REG[0]->DSI_TXRX_CTRL,HSTX_CKLP_EN,enable);}
    ^
/home/satory-ra/Android/kernel/android_kernel_oukitel_orange/drivers/misc/mediatek/dispsys/mt6735/mt6735m/ddp_reg.h:1395:29: note: expected 'long unsigned int' but argument is of type 'volatile struct DSI_TXRX_CTRL_REG *'
 static inline unsigned long disp_addr_convert(unsigned long va) 
                             ^
/home/satory-ra/Android/kernel/android_kernel_oukitel_orange/drivers/misc/mediatek/dispsys/mt6735/mt6735m/ddp_reg.h:1486:17: warning: passing argument 2 of 'dprec_reg_op' makes integer from pointer without a cast
                 dprec_reg_op(handle, reg32, val, 0x00000000);\
                 ^
drivers/misc/mediatek/dispsys/mt6735/ddp_dsi.c:59:63: note: in expansion of macro 'DISP_REG_SET'
   else{mt_reg_sync_writel(INREG32(&REG),&r);r.bit = (value);  DISP_REG_SET(cmdq, &REG, INREG32(&r));}    \
                                                               ^
drivers/misc/mediatek/dispsys/mt6735/ddp_dsi.c:3887:4: note: in expansion of macro 'DSI_OUTREGBIT'
   {DSI_OUTREGBIT(NULL, DSI_TXRX_CTRL_REG, DSI_REG[0]->DSI_TXRX_CTRL,HSTX_CKLP_EN,enable);}
    ^
In file included from /home/satory-ra/Android/kernel/android_kernel_oukitel_orange/drivers/misc/mediatek/videox/mt6735/disp_drv_log.h:3:0,
                 from drivers/misc/mediatek/dispsys/mt6735/ddp_dsi.c:8:
/home/satory-ra/Android/kernel/android_kernel_oukitel_orange/drivers/misc/mediatek/dispsys/mt6735/display_recorder.h:136:6: note: expected 'unsigned int' but argument is of type 'volatile struct DSI_TXRX_CTRL_REG *'
 void dprec_reg_op(void* cmdq, unsigned int reg, unsigned int val, unsigned int mask);
      ^
In file included from drivers/misc/mediatek/dispsys/mt6735/ddp_dsi.c:31:0:
/home/satory-ra/Android/kernel/android_kernel_oukitel_orange/drivers/misc/mediatek/dispsys/mt6735/mt6735m/ddp_reg.h:1487:38: warning: passing argument 1 of 'disp_addr_convert' makes integer from pointer without a cast
                 cmdqRecWrite(handle, disp_addr_convert(reg32), val, ~0); \
                                      ^
drivers/misc/mediatek/dispsys/mt6735/ddp_dsi.c:59:63: note: in expansion of macro 'DISP_REG_SET'
   else{mt_reg_sync_writel(INREG32(&REG),&r);r.bit = (value);  DISP_REG_SET(cmdq, &REG, INREG32(&r));}    \
                                                               ^
drivers/misc/mediatek/dispsys/mt6735/ddp_dsi.c:3887:4: note: in expansion of macro 'DSI_OUTREGBIT'
   {DSI_OUTREGBIT(NULL, DSI_TXRX_CTRL_REG, DSI_REG[0]->DSI_TXRX_CTRL,HSTX_CKLP_EN,enable);}
    ^
/home/satory-ra/Android/kernel/android_kernel_oukitel_orange/drivers/misc/mediatek/dispsys/mt6735/mt6735m/ddp_reg.h:1395:29: note: expected 'long unsigned int' but argument is of type 'volatile struct DSI_TXRX_CTRL_REG *'
 static inline unsigned long disp_addr_convert(unsigned long va) 
                             ^
/home/satory-ra/Android/kernel/android_kernel_oukitel_orange/drivers/misc/mediatek/dispsys/mt6735/mt6735m/ddp_reg.h:1413:3: warning: passing argument 2 of 'dprec_reg_op' makes integer from pointer without a cast
   dprec_reg_op(handle, reg32, val, mask);\
   ^
drivers/misc/mediatek/dispsys/mt6735/ddp_dsi.c:58:145: note: in expansion of macro 'DISP_REG_MASK'
   if(cmdq)  {*(unsigned int*)(&r) = ((unsigned int)0x00000000);r.bit = ~(r.bit);*(unsigned int*)(&v) = ((unsigned int)0x00000000);v.bit = value;DISP_REG_MASK(cmdq, &REG, AS_UINT32(&v), AS_UINT32(&r));}  \
                                                                                                                                                 ^
drivers/misc/mediatek/dispsys/mt6735/ddp_dsi.c:3889:4: note: in expansion of macro 'DSI_OUTREGBIT'
   {DSI_OUTREGBIT(NULL, DSI_TXRX_CTRL_REG, DSI_REG[1]->DSI_TXRX_CTRL,HSTX_CKLP_EN,enable);}
    ^
In file included from /home/satory-ra/Android/kernel/android_kernel_oukitel_orange/drivers/misc/mediatek/videox/mt6735/disp_drv_log.h:3:0,
                 from drivers/misc/mediatek/dispsys/mt6735/ddp_dsi.c:8:
/home/satory-ra/Android/kernel/android_kernel_oukitel_orange/drivers/misc/mediatek/dispsys/mt6735/display_recorder.h:136:6: note: expected 'unsigned int' but argument is of type 'volatile struct DSI_TXRX_CTRL_REG *'
 void dprec_reg_op(void* cmdq, unsigned int reg, unsigned int val, unsigned int mask);
      ^
In file included from drivers/misc/mediatek/dispsys/mt6735/ddp_dsi.c:31:0:
/home/satory-ra/Android/kernel/android_kernel_oukitel_orange/drivers/misc/mediatek/dispsys/mt6735/mt6735m/ddp_reg.h:1420:25: warning: passing argument 1 of 'disp_addr_convert' makes integer from pointer without a cast
    cmdqRecWrite(handle, disp_addr_convert(reg32), val, mask); \
                         ^
drivers/misc/mediatek/dispsys/mt6735/ddp_dsi.c:58:145: note: in expansion of macro 'DISP_REG_MASK'
   if(cmdq)  {*(unsigned int*)(&r) = ((unsigned int)0x00000000);r.bit = ~(r.bit);*(unsigned int*)(&v) = ((unsigned int)0x00000000);v.bit = value;DISP_REG_MASK(cmdq, &REG, AS_UINT32(&v), AS_UINT32(&r));}  \
                                                                                                                                                 ^
drivers/misc/mediatek/dispsys/mt6735/ddp_dsi.c:3889:4: note: in expansion of macro 'DSI_OUTREGBIT'
   {DSI_OUTREGBIT(NULL, DSI_TXRX_CTRL_REG, DSI_REG[1]->DSI_TXRX_CTRL,HSTX_CKLP_EN,enable);}
    ^
/home/satory-ra/Android/kernel/android_kernel_oukitel_orange/drivers/misc/mediatek/dispsys/mt6735/mt6735m/ddp_reg.h:1395:29: note: expected 'long unsigned int' but argument is of type 'volatile struct DSI_TXRX_CTRL_REG *'
 static inline unsigned long disp_addr_convert(unsigned long va) 
                             ^
/home/satory-ra/Android/kernel/android_kernel_oukitel_orange/drivers/misc/mediatek/dispsys/mt6735/mt6735m/ddp_reg.h:1486:17: warning: passing argument 2 of 'dprec_reg_op' makes integer from pointer without a cast
                 dprec_reg_op(handle, reg32, val, 0x00000000);\
                 ^
drivers/misc/mediatek/dispsys/mt6735/ddp_dsi.c:59:63: note: in expansion of macro 'DISP_REG_SET'
   else{mt_reg_sync_writel(INREG32(&REG),&r);r.bit = (value);  DISP_REG_SET(cmdq, &REG, INREG32(&r));}    \
                                                               ^
drivers/misc/mediatek/dispsys/mt6735/ddp_dsi.c:3889:4: note: in expansion of macro 'DSI_OUTREGBIT'
   {DSI_OUTREGBIT(NULL, DSI_TXRX_CTRL_REG, DSI_REG[1]->DSI_TXRX_CTRL,HSTX_CKLP_EN,enable);}
    ^
In file included from /home/satory-ra/Android/kernel/android_kernel_oukitel_orange/drivers/misc/mediatek/videox/mt6735/disp_drv_log.h:3:0,
                 from drivers/misc/mediatek/dispsys/mt6735/ddp_dsi.c:8:
/home/satory-ra/Android/kernel/android_kernel_oukitel_orange/drivers/misc/mediatek/dispsys/mt6735/display_recorder.h:136:6: note: expected 'unsigned int' but argument is of type 'volatile struct DSI_TXRX_CTRL_REG *'
 void dprec_reg_op(void* cmdq, unsigned int reg, unsigned int val, unsigned int mask);
      ^
In file included from drivers/misc/mediatek/dispsys/mt6735/ddp_dsi.c:31:0:
/home/satory-ra/Android/kernel/android_kernel_oukitel_orange/drivers/misc/mediatek/dispsys/mt6735/mt6735m/ddp_reg.h:1487:38: warning: passing argument 1 of 'disp_addr_convert' makes integer from pointer without a cast
                 cmdqRecWrite(handle, disp_addr_convert(reg32), val, ~0); \
                                      ^
drivers/misc/mediatek/dispsys/mt6735/ddp_dsi.c:59:63: note: in expansion of macro 'DISP_REG_SET'
   else{mt_reg_sync_writel(INREG32(&REG),&r);r.bit = (value);  DISP_REG_SET(cmdq, &REG, INREG32(&r));}    \
                                                               ^
drivers/misc/mediatek/dispsys/mt6735/ddp_dsi.c:3889:4: note: in expansion of macro 'DSI_OUTREGBIT'
   {DSI_OUTREGBIT(NULL, DSI_TXRX_CTRL_REG, DSI_REG[1]->DSI_TXRX_CTRL,HSTX_CKLP_EN,enable);}
    ^
/home/satory-ra/Android/kernel/android_kernel_oukitel_orange/drivers/misc/mediatek/dispsys/mt6735/mt6735m/ddp_reg.h:1395:29: note: expected 'long unsigned int' but argument is of type 'volatile struct DSI_TXRX_CTRL_REG *'
 static inline unsigned long disp_addr_convert(unsigned long va) 
                             ^
/home/satory-ra/Android/kernel/android_kernel_oukitel_orange/drivers/misc/mediatek/dispsys/mt6735/mt6735m/ddp_reg.h:1413:3: warning: passing argument 2 of 'dprec_reg_op' makes integer from pointer without a cast
   dprec_reg_op(handle, reg32, val, mask);\
   ^
drivers/misc/mediatek/dispsys/mt6735/ddp_dsi.c:58:145: note: in expansion of macro 'DISP_REG_MASK'
   if(cmdq)  {*(unsigned int*)(&r) = ((unsigned int)0x00000000);r.bit = ~(r.bit);*(unsigned int*)(&v) = ((unsigned int)0x00000000);v.bit = value;DISP_REG_MASK(cmdq, &REG, AS_UINT32(&v), AS_UINT32(&r));}  \
                                                                                                                                                 ^
drivers/misc/mediatek/dispsys/mt6735/ddp_dsi.c:3892:3: note: in expansion of macro 'DSI_OUTREGBIT'
   DSI_OUTREGBIT(NULL, DSI_TXRX_CTRL_REG, DSI_REG[0]->DSI_TXRX_CTRL,HSTX_CKLP_EN,enable);
   ^
In file included from /home/satory-ra/Android/kernel/android_kernel_oukitel_orange/drivers/misc/mediatek/videox/mt6735/disp_drv_log.h:3:0,
                 from drivers/misc/mediatek/dispsys/mt6735/ddp_dsi.c:8:
/home/satory-ra/Android/kernel/android_kernel_oukitel_orange/drivers/misc/mediatek/dispsys/mt6735/display_recorder.h:136:6: note: expected 'unsigned int' but argument is of type 'volatile struct DSI_TXRX_CTRL_REG *'
 void dprec_reg_op(void* cmdq, unsigned int reg, unsigned int val, unsigned int mask);
      ^
In file included from drivers/misc/mediatek/dispsys/mt6735/ddp_dsi.c:31:0:
/home/satory-ra/Android/kernel/android_kernel_oukitel_orange/drivers/misc/mediatek/dispsys/mt6735/mt6735m/ddp_reg.h:1420:25: warning: passing argument 1 of 'disp_addr_convert' makes integer from pointer without a cast
    cmdqRecWrite(handle, disp_addr_convert(reg32), val, mask); \
                         ^
drivers/misc/mediatek/dispsys/mt6735/ddp_dsi.c:58:145: note: in expansion of macro 'DISP_REG_MASK'
   if(cmdq)  {*(unsigned int*)(&r) = ((unsigned int)0x00000000);r.bit = ~(r.bit);*(unsigned int*)(&v) = ((unsigned int)0x00000000);v.bit = value;DISP_REG_MASK(cmdq, &REG, AS_UINT32(&v), AS_UINT32(&r));}  \
                                                                                                                                                 ^
drivers/misc/mediatek/dispsys/mt6735/ddp_dsi.c:3892:3: note: in expansion of macro 'DSI_OUTREGBIT'
   DSI_OUTREGBIT(NULL, DSI_TXRX_CTRL_REG, DSI_REG[0]->DSI_TXRX_CTRL,HSTX_CKLP_EN,enable);
   ^
/home/satory-ra/Android/kernel/android_kernel_oukitel_orange/drivers/misc/mediatek/dispsys/mt6735/mt6735m/ddp_reg.h:1395:29: note: expected 'long unsigned int' but argument is of type 'volatile struct DSI_TXRX_CTRL_REG *'
 static inline unsigned long disp_addr_convert(unsigned long va) 
                             ^
/home/satory-ra/Android/kernel/android_kernel_oukitel_orange/drivers/misc/mediatek/dispsys/mt6735/mt6735m/ddp_reg.h:1486:17: warning: passing argument 2 of 'dprec_reg_op' makes integer from pointer without a cast
                 dprec_reg_op(handle, reg32, val, 0x00000000);\
                 ^
drivers/misc/mediatek/dispsys/mt6735/ddp_dsi.c:59:63: note: in expansion of macro 'DISP_REG_SET'
   else{mt_reg_sync_writel(INREG32(&REG),&r);r.bit = (value);  DISP_REG_SET(cmdq, &REG, INREG32(&r));}    \
                                                               ^
drivers/misc/mediatek/dispsys/mt6735/ddp_dsi.c:3892:3: note: in expansion of macro 'DSI_OUTREGBIT'
   DSI_OUTREGBIT(NULL, DSI_TXRX_CTRL_REG, DSI_REG[0]->DSI_TXRX_CTRL,HSTX_CKLP_EN,enable);
   ^
In file included from /home/satory-ra/Android/kernel/android_kernel_oukitel_orange/drivers/misc/mediatek/videox/mt6735/disp_drv_log.h:3:0,
                 from drivers/misc/mediatek/dispsys/mt6735/ddp_dsi.c:8:
/home/satory-ra/Android/kernel/android_kernel_oukitel_orange/drivers/misc/mediatek/dispsys/mt6735/display_recorder.h:136:6: note: expected 'unsigned int' but argument is of type 'volatile struct DSI_TXRX_CTRL_REG *'
 void dprec_reg_op(void* cmdq, unsigned int reg, unsigned int val, unsigned int mask);
      ^
In file included from drivers/misc/mediatek/dispsys/mt6735/ddp_dsi.c:31:0:
/home/satory-ra/Android/kernel/android_kernel_oukitel_orange/drivers/misc/mediatek/dispsys/mt6735/mt6735m/ddp_reg.h:1487:38: warning: passing argument 1 of 'disp_addr_convert' makes integer from pointer without a cast
                 cmdqRecWrite(handle, disp_addr_convert(reg32), val, ~0); \
                                      ^
drivers/misc/mediatek/dispsys/mt6735/ddp_dsi.c:59:63: note: in expansion of macro 'DISP_REG_SET'
   else{mt_reg_sync_writel(INREG32(&REG),&r);r.bit = (value);  DISP_REG_SET(cmdq, &REG, INREG32(&r));}    \
                                                               ^
drivers/misc/mediatek/dispsys/mt6735/ddp_dsi.c:3892:3: note: in expansion of macro 'DSI_OUTREGBIT'
   DSI_OUTREGBIT(NULL, DSI_TXRX_CTRL_REG, DSI_REG[0]->DSI_TXRX_CTRL,HSTX_CKLP_EN,enable);
   ^
/home/satory-ra/Android/kernel/android_kernel_oukitel_orange/drivers/misc/mediatek/dispsys/mt6735/mt6735m/ddp_reg.h:1395:29: note: expected 'long unsigned int' but argument is of type 'volatile struct DSI_TXRX_CTRL_REG *'
 static inline unsigned long disp_addr_convert(unsigned long va) 
                             ^
  CC      drivers/misc/mediatek/connectivity/conn_soc/drv_wlan/mt_wifi/wlan/mgmt/p2p_func.o
/home/satory-ra/Android/kernel/android_kernel_oukitel_orange/drivers/misc/mediatek/dispsys/mt6735/mt6735m/ddp_reg.h:1413:3: warning: passing argument 2 of 'dprec_reg_op' makes integer from pointer without a cast
   dprec_reg_op(handle, reg32, val, mask);\
   ^
drivers/misc/mediatek/dispsys/mt6735/ddp_dsi.c:58:145: note: in expansion of macro 'DISP_REG_MASK'
   if(cmdq)  {*(unsigned int*)(&r) = ((unsigned int)0x00000000);r.bit = ~(r.bit);*(unsigned int*)(&v) = ((unsigned int)0x00000000);v.bit = value;DISP_REG_MASK(cmdq, &REG, AS_UINT32(&v), AS_UINT32(&r));}  \
                                                                                                                                                 ^
drivers/misc/mediatek/dispsys/mt6735/ddp_dsi.c:3893:3: note: in expansion of macro 'DSI_OUTREGBIT'
   DSI_OUTREGBIT(NULL, DSI_TXRX_CTRL_REG, DSI_REG[1]->DSI_TXRX_CTRL,HSTX_CKLP_EN,enable);
   ^
In file included from /home/satory-ra/Android/kernel/android_kernel_oukitel_orange/drivers/misc/mediatek/videox/mt6735/disp_drv_log.h:3:0,
                 from drivers/misc/mediatek/dispsys/mt6735/ddp_dsi.c:8:
/home/satory-ra/Android/kernel/android_kernel_oukitel_orange/drivers/misc/mediatek/dispsys/mt6735/display_recorder.h:136:6: note: expected 'unsigned int' but argument is of type 'volatile struct DSI_TXRX_CTRL_REG *'
 void dprec_reg_op(void* cmdq, unsigned int reg, unsigned int val, unsigned int mask);
      ^
In file included from drivers/misc/mediatek/dispsys/mt6735/ddp_dsi.c:31:0:
/home/satory-ra/Android/kernel/android_kernel_oukitel_orange/drivers/misc/mediatek/dispsys/mt6735/mt6735m/ddp_reg.h:1420:25: warning: passing argument 1 of 'disp_addr_convert' makes integer from pointer without a cast
    cmdqRecWrite(handle, disp_addr_convert(reg32), val, mask); \
                         ^
drivers/misc/mediatek/dispsys/mt6735/ddp_dsi.c:58:145: note: in expansion of macro 'DISP_REG_MASK'
   if(cmdq)  {*(unsigned int*)(&r) = ((unsigned int)0x00000000);r.bit = ~(r.bit);*(unsigned int*)(&v) = ((unsigned int)0x00000000);v.bit = value;DISP_REG_MASK(cmdq, &REG, AS_UINT32(&v), AS_UINT32(&r));}  \
                                                                                                                                                 ^
drivers/misc/mediatek/dispsys/mt6735/ddp_dsi.c:3893:3: note: in expansion of macro 'DSI_OUTREGBIT'
   DSI_OUTREGBIT(NULL, DSI_TXRX_CTRL_REG, DSI_REG[1]->DSI_TXRX_CTRL,HSTX_CKLP_EN,enable);
   ^
/home/satory-ra/Android/kernel/android_kernel_oukitel_orange/drivers/misc/mediatek/dispsys/mt6735/mt6735m/ddp_reg.h:1395:29: note: expected 'long unsigned int' but argument is of type 'volatile struct DSI_TXRX_CTRL_REG *'
 static inline unsigned long disp_addr_convert(unsigned long va) 
                             ^
/home/satory-ra/Android/kernel/android_kernel_oukitel_orange/drivers/misc/mediatek/dispsys/mt6735/mt6735m/ddp_reg.h:1486:17: warning: passing argument 2 of 'dprec_reg_op' makes integer from pointer without a cast
                 dprec_reg_op(handle, reg32, val, 0x00000000);\
                 ^
drivers/misc/mediatek/dispsys/mt6735/ddp_dsi.c:59:63: note: in expansion of macro 'DISP_REG_SET'
   else{mt_reg_sync_writel(INREG32(&REG),&r);r.bit = (value);  DISP_REG_SET(cmdq, &REG, INREG32(&r));}    \
                                                               ^
drivers/misc/mediatek/dispsys/mt6735/ddp_dsi.c:3893:3: note: in expansion of macro 'DSI_OUTREGBIT'
   DSI_OUTREGBIT(NULL, DSI_TXRX_CTRL_REG, DSI_REG[1]->DSI_TXRX_CTRL,HSTX_CKLP_EN,enable);
   ^
In file included from /home/satory-ra/Android/kernel/android_kernel_oukitel_orange/drivers/misc/mediatek/videox/mt6735/disp_drv_log.h:3:0,
                 from drivers/misc/mediatek/dispsys/mt6735/ddp_dsi.c:8:
/home/satory-ra/Android/kernel/android_kernel_oukitel_orange/drivers/misc/mediatek/dispsys/mt6735/display_recorder.h:136:6: note: expected 'unsigned int' but argument is of type 'volatile struct DSI_TXRX_CTRL_REG *'
 void dprec_reg_op(void* cmdq, unsigned int reg, unsigned int val, unsigned int mask);
      ^
In file included from drivers/misc/mediatek/dispsys/mt6735/ddp_dsi.c:31:0:
/home/satory-ra/Android/kernel/android_kernel_oukitel_orange/drivers/misc/mediatek/dispsys/mt6735/mt6735m/ddp_reg.h:1487:38: warning: passing argument 1 of 'disp_addr_convert' makes integer from pointer without a cast
                 cmdqRecWrite(handle, disp_addr_convert(reg32), val, ~0); \
                                      ^
drivers/misc/mediatek/dispsys/mt6735/ddp_dsi.c:59:63: note: in expansion of macro 'DISP_REG_SET'
   else{mt_reg_sync_writel(INREG32(&REG),&r);r.bit = (value);  DISP_REG_SET(cmdq, &REG, INREG32(&r));}    \
                                                               ^
drivers/misc/mediatek/dispsys/mt6735/ddp_dsi.c:3893:3: note: in expansion of macro 'DSI_OUTREGBIT'
   DSI_OUTREGBIT(NULL, DSI_TXRX_CTRL_REG, DSI_REG[1]->DSI_TXRX_CTRL,HSTX_CKLP_EN,enable);
   ^
/home/satory-ra/Android/kernel/android_kernel_oukitel_orange/drivers/misc/mediatek/dispsys/mt6735/mt6735m/ddp_reg.h:1395:29: note: expected 'long unsigned int' but argument is of type 'volatile struct DSI_TXRX_CTRL_REG *'
 static inline unsigned long disp_addr_convert(unsigned long va) 
                             ^
drivers/misc/mediatek/dispsys/mt6735/ddp_dsi.c: In function 'PanelMaster_DSI_set_timing':
/home/satory-ra/Android/kernel/android_kernel_oukitel_orange/drivers/misc/mediatek/dispsys/mt6735/mt6735m/ddp_reg.h:1413:3: warning: passing argument 2 of 'dprec_reg_op' makes integer from pointer without a cast
   dprec_reg_op(handle, reg32, val, mask);\
   ^
drivers/misc/mediatek/dispsys/mt6735/ddp_dsi.c:58:145: note: in expansion of macro 'DISP_REG_MASK'
   if(cmdq)  {*(unsigned int*)(&r) = ((unsigned int)0x00000000);r.bit = ~(r.bit);*(unsigned int*)(&v) = ((unsigned int)0x00000000);v.bit = value;DISP_REG_MASK(cmdq, &REG, AS_UINT32(&v), AS_UINT32(&r));}  \
                                                                                                                                                 ^
drivers/misc/mediatek/dispsys/mt6735/ddp_dsi.c:3912:4: note: in expansion of macro 'DSI_OUTREGBIT'
    DSI_OUTREGBIT(NULL, DSI_PHY_TIMCON0_REG, DSI_REG[0]->DSI_PHY_TIMECON0,LPX,timing.value);
    ^
In file included from /home/satory-ra/Android/kernel/android_kernel_oukitel_orange/drivers/misc/mediatek/videox/mt6735/disp_drv_log.h:3:0,
                 from drivers/misc/mediatek/dispsys/mt6735/ddp_dsi.c:8:
/home/satory-ra/Android/kernel/android_kernel_oukitel_orange/drivers/misc/mediatek/dispsys/mt6735/display_recorder.h:136:6: note: expected 'unsigned int' but argument is of type 'volatile struct DSI_PHY_TIMCON0_REG *'
 void dprec_reg_op(void* cmdq, unsigned int reg, unsigned int val, unsigned int mask);
      ^
In file included from drivers/misc/mediatek/dispsys/mt6735/ddp_dsi.c:31:0:
/home/satory-ra/Android/kernel/android_kernel_oukitel_orange/drivers/misc/mediatek/dispsys/mt6735/mt6735m/ddp_reg.h:1420:25: warning: passing argument 1 of 'disp_addr_convert' makes integer from pointer without a cast
    cmdqRecWrite(handle, disp_addr_convert(reg32), val, mask); \
                         ^
drivers/misc/mediatek/dispsys/mt6735/ddp_dsi.c:58:145: note: in expansion of macro 'DISP_REG_MASK'
   if(cmdq)  {*(unsigned int*)(&r) = ((unsigned int)0x00000000);r.bit = ~(r.bit);*(unsigned int*)(&v) = ((unsigned int)0x00000000);v.bit = value;DISP_REG_MASK(cmdq, &REG, AS_UINT32(&v), AS_UINT32(&r));}  \
                                                                                                                                                 ^
drivers/misc/mediatek/dispsys/mt6735/ddp_dsi.c:3912:4: note: in expansion of macro 'DSI_OUTREGBIT'
    DSI_OUTREGBIT(NULL, DSI_PHY_TIMCON0_REG, DSI_REG[0]->DSI_PHY_TIMECON0,LPX,timing.value);
    ^
/home/satory-ra/Android/kernel/android_kernel_oukitel_orange/drivers/misc/mediatek/dispsys/mt6735/mt6735m/ddp_reg.h:1395:29: note: expected 'long unsigned int' but argument is of type 'volatile struct DSI_PHY_TIMCON0_REG *'
 static inline unsigned long disp_addr_convert(unsigned long va) 
                             ^
/home/satory-ra/Android/kernel/android_kernel_oukitel_orange/drivers/misc/mediatek/dispsys/mt6735/mt6735m/ddp_reg.h:1486:17: warning: passing argument 2 of 'dprec_reg_op' makes integer from pointer without a cast
                 dprec_reg_op(handle, reg32, val, 0x00000000);\
                 ^
drivers/misc/mediatek/dispsys/mt6735/ddp_dsi.c:59:63: note: in expansion of macro 'DISP_REG_SET'
   else{mt_reg_sync_writel(INREG32(&REG),&r);r.bit = (value);  DISP_REG_SET(cmdq, &REG, INREG32(&r));}    \
                                                               ^
drivers/misc/mediatek/dispsys/mt6735/ddp_dsi.c:3912:4: note: in expansion of macro 'DSI_OUTREGBIT'
    DSI_OUTREGBIT(NULL, DSI_PHY_TIMCON0_REG, DSI_REG[0]->DSI_PHY_TIMECON0,LPX,timing.value);
    ^
In file included from /home/satory-ra/Android/kernel/android_kernel_oukitel_orange/drivers/misc/mediatek/videox/mt6735/disp_drv_log.h:3:0,
                 from drivers/misc/mediatek/dispsys/mt6735/ddp_dsi.c:8:
/home/satory-ra/Android/kernel/android_kernel_oukitel_orange/drivers/misc/mediatek/dispsys/mt6735/display_recorder.h:136:6: note: expected 'unsigned int' but argument is of type 'volatile struct DSI_PHY_TIMCON0_REG *'
 void dprec_reg_op(void* cmdq, unsigned int reg, unsigned int val, unsigned int mask);
      ^
In file included from drivers/misc/mediatek/dispsys/mt6735/ddp_dsi.c:31:0:
/home/satory-ra/Android/kernel/android_kernel_oukitel_orange/drivers/misc/mediatek/dispsys/mt6735/mt6735m/ddp_reg.h:1487:38: warning: passing argument 1 of 'disp_addr_convert' makes integer from pointer without a cast
                 cmdqRecWrite(handle, disp_addr_convert(reg32), val, ~0); \
                                      ^
drivers/misc/mediatek/dispsys/mt6735/ddp_dsi.c:59:63: note: in expansion of macro 'DISP_REG_SET'
   else{mt_reg_sync_writel(INREG32(&REG),&r);r.bit = (value);  DISP_REG_SET(cmdq, &REG, INREG32(&r));}    \
                                                               ^
drivers/misc/mediatek/dispsys/mt6735/ddp_dsi.c:3912:4: note: in expansion of macro 'DSI_OUTREGBIT'
    DSI_OUTREGBIT(NULL, DSI_PHY_TIMCON0_REG, DSI_REG[0]->DSI_PHY_TIMECON0,LPX,timing.value);
    ^
/home/satory-ra/Android/kernel/android_kernel_oukitel_orange/drivers/misc/mediatek/dispsys/mt6735/mt6735m/ddp_reg.h:1395:29: note: expected 'long unsigned int' but argument is of type 'volatile struct DSI_PHY_TIMCON0_REG *'
 static inline unsigned long disp_addr_convert(unsigned long va) 
                             ^
/home/satory-ra/Android/kernel/android_kernel_oukitel_orange/drivers/misc/mediatek/dispsys/mt6735/mt6735m/ddp_reg.h:1413:3: warning: passing argument 2 of 'dprec_reg_op' makes integer from pointer without a cast
   dprec_reg_op(handle, reg32, val, mask);\
   ^
drivers/misc/mediatek/dispsys/mt6735/ddp_dsi.c:58:145: note: in expansion of macro 'DISP_REG_MASK'
   if(cmdq)  {*(unsigned int*)(&r) = ((unsigned int)0x00000000);r.bit = ~(r.bit);*(unsigned int*)(&v) = ((unsigned int)0x00000000);v.bit = value;DISP_REG_MASK(cmdq, &REG, AS_UINT32(&v), AS_UINT32(&r));}  \
                                                                                                                                                 ^
drivers/misc/mediatek/dispsys/mt6735/ddp_dsi.c:3915:4: note: in expansion of macro 'DSI_OUTREGBIT'
    DSI_OUTREGBIT(NULL, DSI_PHY_TIMCON0_REG, DSI_REG[1]->DSI_PHY_TIMECON0,LPX,timing.value);
    ^
In file included from /home/satory-ra/Android/kernel/android_kernel_oukitel_orange/drivers/misc/mediatek/videox/mt6735/disp_drv_log.h:3:0,
                 from drivers/misc/mediatek/dispsys/mt6735/ddp_dsi.c:8:
/home/satory-ra/Android/kernel/android_kernel_oukitel_orange/drivers/misc/mediatek/dispsys/mt6735/display_recorder.h:136:6: note: expected 'unsigned int' but argument is of type 'volatile struct DSI_PHY_TIMCON0_REG *'
 void dprec_reg_op(void* cmdq, unsigned int reg, unsigned int val, unsigned int mask);
      ^
In file included from drivers/misc/mediatek/dispsys/mt6735/ddp_dsi.c:31:0:
/home/satory-ra/Android/kernel/android_kernel_oukitel_orange/drivers/misc/mediatek/dispsys/mt6735/mt6735m/ddp_reg.h:1420:25: warning: passing argument 1 of 'disp_addr_convert' makes integer from pointer without a cast
    cmdqRecWrite(handle, disp_addr_convert(reg32), val, mask); \
                         ^
drivers/misc/mediatek/dispsys/mt6735/ddp_dsi.c:58:145: note: in expansion of macro 'DISP_REG_MASK'
   if(cmdq)  {*(unsigned int*)(&r) = ((unsigned int)0x00000000);r.bit = ~(r.bit);*(unsigned int*)(&v) = ((unsigned int)0x00000000);v.bit = value;DISP_REG_MASK(cmdq, &REG, AS_UINT32(&v), AS_UINT32(&r));}  \
                                                                                                                                                 ^
drivers/misc/mediatek/dispsys/mt6735/ddp_dsi.c:3915:4: note: in expansion of macro 'DSI_OUTREGBIT'
    DSI_OUTREGBIT(NULL, DSI_PHY_TIMCON0_REG, DSI_REG[1]->DSI_PHY_TIMECON0,LPX,timing.value);
    ^
/home/satory-ra/Android/kernel/android_kernel_oukitel_orange/drivers/misc/mediatek/dispsys/mt6735/mt6735m/ddp_reg.h:1395:29: note: expected 'long unsigned int' but argument is of type 'volatile struct DSI_PHY_TIMCON0_REG *'
 static inline unsigned long disp_addr_convert(unsigned long va) 
                             ^
/home/satory-ra/Android/kernel/android_kernel_oukitel_orange/drivers/misc/mediatek/dispsys/mt6735/mt6735m/ddp_reg.h:1486:17: warning: passing argument 2 of 'dprec_reg_op' makes integer from pointer without a cast
                 dprec_reg_op(handle, reg32, val, 0x00000000);\
                 ^
drivers/misc/mediatek/dispsys/mt6735/ddp_dsi.c:59:63: note: in expansion of macro 'DISP_REG_SET'
   else{mt_reg_sync_writel(INREG32(&REG),&r);r.bit = (value);  DISP_REG_SET(cmdq, &REG, INREG32(&r));}    \
                                                               ^
drivers/misc/mediatek/dispsys/mt6735/ddp_dsi.c:3915:4: note: in expansion of macro 'DSI_OUTREGBIT'
    DSI_OUTREGBIT(NULL, DSI_PHY_TIMCON0_REG, DSI_REG[1]->DSI_PHY_TIMECON0,LPX,timing.value);
    ^
In file included from /home/satory-ra/Android/kernel/android_kernel_oukitel_orange/drivers/misc/mediatek/videox/mt6735/disp_drv_log.h:3:0,
                 from drivers/misc/mediatek/dispsys/mt6735/ddp_dsi.c:8:
/home/satory-ra/Android/kernel/android_kernel_oukitel_orange/drivers/misc/mediatek/dispsys/mt6735/display_recorder.h:136:6: note: expected 'unsigned int' but argument is of type 'volatile struct DSI_PHY_TIMCON0_REG *'
 void dprec_reg_op(void* cmdq, unsigned int reg, unsigned int val, unsigned int mask);
      ^
In file included from drivers/misc/mediatek/dispsys/mt6735/ddp_dsi.c:31:0:
/home/satory-ra/Android/kernel/android_kernel_oukitel_orange/drivers/misc/mediatek/dispsys/mt6735/mt6735m/ddp_reg.h:1487:38: warning: passing argument 1 of 'disp_addr_convert' makes integer from pointer without a cast
                 cmdqRecWrite(handle, disp_addr_convert(reg32), val, ~0); \
                                      ^
drivers/misc/mediatek/dispsys/mt6735/ddp_dsi.c:59:63: note: in expansion of macro 'DISP_REG_SET'
   else{mt_reg_sync_writel(INREG32(&REG),&r);r.bit = (value);  DISP_REG_SET(cmdq, &REG, INREG32(&r));}    \
                                                               ^
drivers/misc/mediatek/dispsys/mt6735/ddp_dsi.c:3915:4: note: in expansion of macro 'DSI_OUTREGBIT'
    DSI_OUTREGBIT(NULL, DSI_PHY_TIMCON0_REG, DSI_REG[1]->DSI_PHY_TIMECON0,LPX,timing.value);
    ^
/home/satory-ra/Android/kernel/android_kernel_oukitel_orange/drivers/misc/mediatek/dispsys/mt6735/mt6735m/ddp_reg.h:1395:29: note: expected 'long unsigned int' but argument is of type 'volatile struct DSI_PHY_TIMCON0_REG *'
 static inline unsigned long disp_addr_convert(unsigned long va) 
                             ^
/home/satory-ra/Android/kernel/android_kernel_oukitel_orange/drivers/misc/mediatek/dispsys/mt6735/mt6735m/ddp_reg.h:1413:3: warning: passing argument 2 of 'dprec_reg_op' makes integer from pointer without a cast
   dprec_reg_op(handle, reg32, val, mask);\
   ^
drivers/misc/mediatek/dispsys/mt6735/ddp_dsi.c:58:145: note: in expansion of macro 'DISP_REG_MASK'
   if(cmdq)  {*(unsigned int*)(&r) = ((unsigned int)0x00000000);r.bit = ~(r.bit);*(unsigned int*)(&v) = ((unsigned int)0x00000000);v.bit = value;DISP_REG_MASK(cmdq, &REG, AS_UINT32(&v), AS_UINT32(&r));}  \
                                                                                                                                                 ^
drivers/misc/mediatek/dispsys/mt6735/ddp_dsi.c:3918:4: note: in expansion of macro 'DSI_OUTREGBIT'
    DSI_OUTREGBIT(NULL, DSI_PHY_TIMCON0_REG, DSI_REG[0]->DSI_PHY_TIMECON0,LPX,timing.value);
    ^
In file included from /home/satory-ra/Android/kernel/android_kernel_oukitel_orange/drivers/misc/mediatek/videox/mt6735/disp_drv_log.h:3:0,
                 from drivers/misc/mediatek/dispsys/mt6735/ddp_dsi.c:8:
/home/satory-ra/Android/kernel/android_kernel_oukitel_orange/drivers/misc/mediatek/dispsys/mt6735/display_recorder.h:136:6: note: expected 'unsigned int' but argument is of type 'volatile struct DSI_PHY_TIMCON0_REG *'
 void dprec_reg_op(void* cmdq, unsigned int reg, unsigned int val, unsigned int mask);
      ^
In file included from drivers/misc/mediatek/dispsys/mt6735/ddp_dsi.c:31:0:
/home/satory-ra/Android/kernel/android_kernel_oukitel_orange/drivers/misc/mediatek/dispsys/mt6735/mt6735m/ddp_reg.h:1420:25: warning: passing argument 1 of 'disp_addr_convert' makes integer from pointer without a cast
    cmdqRecWrite(handle, disp_addr_convert(reg32), val, mask); \
                         ^
drivers/misc/mediatek/dispsys/mt6735/ddp_dsi.c:58:145: note: in expansion of macro 'DISP_REG_MASK'
   if(cmdq)  {*(unsigned int*)(&r) = ((unsigned int)0x00000000);r.bit = ~(r.bit);*(unsigned int*)(&v) = ((unsigned int)0x00000000);v.bit = value;DISP_REG_MASK(cmdq, &REG, AS_UINT32(&v), AS_UINT32(&r));}  \
                                                                                                                                                 ^
drivers/misc/mediatek/dispsys/mt6735/ddp_dsi.c:3918:4: note: in expansion of macro 'DSI_OUTREGBIT'
    DSI_OUTREGBIT(NULL, DSI_PHY_TIMCON0_REG, DSI_REG[0]->DSI_PHY_TIMECON0,LPX,timing.value);
    ^
/home/satory-ra/Android/kernel/android_kernel_oukitel_orange/drivers/misc/mediatek/dispsys/mt6735/mt6735m/ddp_reg.h:1395:29: note: expected 'long unsigned int' but argument is of type 'volatile struct DSI_PHY_TIMCON0_REG *'
 static inline unsigned long disp_addr_convert(unsigned long va) 
                             ^
/home/satory-ra/Android/kernel/android_kernel_oukitel_orange/drivers/misc/mediatek/dispsys/mt6735/mt6735m/ddp_reg.h:1486:17: warning: passing argument 2 of 'dprec_reg_op' makes integer from pointer without a cast
                 dprec_reg_op(handle, reg32, val, 0x00000000);\
                 ^
drivers/misc/mediatek/dispsys/mt6735/ddp_dsi.c:59:63: note: in expansion of macro 'DISP_REG_SET'
   else{mt_reg_sync_writel(INREG32(&REG),&r);r.bit = (value);  DISP_REG_SET(cmdq, &REG, INREG32(&r));}    \
                                                               ^
drivers/misc/mediatek/dispsys/mt6735/ddp_dsi.c:3918:4: note: in expansion of macro 'DSI_OUTREGBIT'
    DSI_OUTREGBIT(NULL, DSI_PHY_TIMCON0_REG, DSI_REG[0]->DSI_PHY_TIMECON0,LPX,timing.value);
    ^
In file included from /home/satory-ra/Android/kernel/android_kernel_oukitel_orange/drivers/misc/mediatek/videox/mt6735/disp_drv_log.h:3:0,
                 from drivers/misc/mediatek/dispsys/mt6735/ddp_dsi.c:8:
/home/satory-ra/Android/kernel/android_kernel_oukitel_orange/drivers/misc/mediatek/dispsys/mt6735/display_recorder.h:136:6: note: expected 'unsigned int' but argument is of type 'volatile struct DSI_PHY_TIMCON0_REG *'
 void dprec_reg_op(void* cmdq, unsigned int reg, unsigned int val, unsigned int mask);
      ^
In file included from drivers/misc/mediatek/dispsys/mt6735/ddp_dsi.c:31:0:
/home/satory-ra/Android/kernel/android_kernel_oukitel_orange/drivers/misc/mediatek/dispsys/mt6735/mt6735m/ddp_reg.h:1487:38: warning: passing argument 1 of 'disp_addr_convert' makes integer from pointer without a cast
                 cmdqRecWrite(handle, disp_addr_convert(reg32), val, ~0); \
                                      ^
drivers/misc/mediatek/dispsys/mt6735/ddp_dsi.c:59:63: note: in expansion of macro 'DISP_REG_SET'
   else{mt_reg_sync_writel(INREG32(&REG),&r);r.bit = (value);  DISP_REG_SET(cmdq, &REG, INREG32(&r));}    \
                                                               ^
drivers/misc/mediatek/dispsys/mt6735/ddp_dsi.c:3918:4: note: in expansion of macro 'DSI_OUTREGBIT'
    DSI_OUTREGBIT(NULL, DSI_PHY_TIMCON0_REG, DSI_REG[0]->DSI_PHY_TIMECON0,LPX,timing.value);
    ^
/home/satory-ra/Android/kernel/android_kernel_oukitel_orange/drivers/misc/mediatek/dispsys/mt6735/mt6735m/ddp_reg.h:1395:29: note: expected 'long unsigned int' but argument is of type 'volatile struct DSI_PHY_TIMCON0_REG *'
 static inline unsigned long disp_addr_convert(unsigned long va) 
                             ^
/home/satory-ra/Android/kernel/android_kernel_oukitel_orange/drivers/misc/mediatek/dispsys/mt6735/mt6735m/ddp_reg.h:1413:3: warning: passing argument 2 of 'dprec_reg_op' makes integer from pointer without a cast
   dprec_reg_op(handle, reg32, val, mask);\
   ^
drivers/misc/mediatek/dispsys/mt6735/ddp_dsi.c:58:145: note: in expansion of macro 'DISP_REG_MASK'
   if(cmdq)  {*(unsigned int*)(&r) = ((unsigned int)0x00000000);r.bit = ~(r.bit);*(unsigned int*)(&v) = ((unsigned int)0x00000000);v.bit = value;DISP_REG_MASK(cmdq, &REG, AS_UINT32(&v), AS_UINT32(&r));}  \
                                                                                                                                                 ^
drivers/misc/mediatek/dispsys/mt6735/ddp_dsi.c:3919:4: note: in expansion of macro 'DSI_OUTREGBIT'
    DSI_OUTREGBIT(NULL, DSI_PHY_TIMCON0_REG, DSI_REG[1]->DSI_PHY_TIMECON0,LPX,timing.value);
    ^
In file included from /home/satory-ra/Android/kernel/android_kernel_oukitel_orange/drivers/misc/mediatek/videox/mt6735/disp_drv_log.h:3:0,
                 from drivers/misc/mediatek/dispsys/mt6735/ddp_dsi.c:8:
/home/satory-ra/Android/kernel/android_kernel_oukitel_orange/drivers/misc/mediatek/dispsys/mt6735/display_recorder.h:136:6: note: expected 'unsigned int' but argument is of type 'volatile struct DSI_PHY_TIMCON0_REG *'
 void dprec_reg_op(void* cmdq, unsigned int reg, unsigned int val, unsigned int mask);
      ^
In file included from drivers/misc/mediatek/dispsys/mt6735/ddp_dsi.c:31:0:
/home/satory-ra/Android/kernel/android_kernel_oukitel_orange/drivers/misc/mediatek/dispsys/mt6735/mt6735m/ddp_reg.h:1420:25: warning: passing argument 1 of 'disp_addr_convert' makes integer from pointer without a cast
    cmdqRecWrite(handle, disp_addr_convert(reg32), val, mask); \
                         ^
drivers/misc/mediatek/dispsys/mt6735/ddp_dsi.c:58:145: note: in expansion of macro 'DISP_REG_MASK'
   if(cmdq)  {*(unsigned int*)(&r) = ((unsigned int)0x00000000);r.bit = ~(r.bit);*(unsigned int*)(&v) = ((unsigned int)0x00000000);v.bit = value;DISP_REG_MASK(cmdq, &REG, AS_UINT32(&v), AS_UINT32(&r));}  \
                                                                                                                                                 ^
drivers/misc/mediatek/dispsys/mt6735/ddp_dsi.c:3919:4: note: in expansion of macro 'DSI_OUTREGBIT'
    DSI_OUTREGBIT(NULL, DSI_PHY_TIMCON0_REG, DSI_REG[1]->DSI_PHY_TIMECON0,LPX,timing.value);
    ^
/home/satory-ra/Android/kernel/android_kernel_oukitel_orange/drivers/misc/mediatek/dispsys/mt6735/mt6735m/ddp_reg.h:1395:29: note: expected 'long unsigned int' but argument is of type 'volatile struct DSI_PHY_TIMCON0_REG *'
 static inline unsigned long disp_addr_convert(unsigned long va) 
                             ^
/home/satory-ra/Android/kernel/android_kernel_oukitel_orange/drivers/misc/mediatek/dispsys/mt6735/mt6735m/ddp_reg.h:1486:17: warning: passing argument 2 of 'dprec_reg_op' makes integer from pointer without a cast
                 dprec_reg_op(handle, reg32, val, 0x00000000);\
                 ^
drivers/misc/mediatek/dispsys/mt6735/ddp_dsi.c:59:63: note: in expansion of macro 'DISP_REG_SET'
   else{mt_reg_sync_writel(INREG32(&REG),&r);r.bit = (value);  DISP_REG_SET(cmdq, &REG, INREG32(&r));}    \
                                                               ^
drivers/misc/mediatek/dispsys/mt6735/ddp_dsi.c:3919:4: note: in expansion of macro 'DSI_OUTREGBIT'
    DSI_OUTREGBIT(NULL, DSI_PHY_TIMCON0_REG, DSI_REG[1]->DSI_PHY_TIMECON0,LPX,timing.value);
    ^
In file included from /home/satory-ra/Android/kernel/android_kernel_oukitel_orange/drivers/misc/mediatek/videox/mt6735/disp_drv_log.h:3:0,
                 from drivers/misc/mediatek/dispsys/mt6735/ddp_dsi.c:8:
/home/satory-ra/Android/kernel/android_kernel_oukitel_orange/drivers/misc/mediatek/dispsys/mt6735/display_recorder.h:136:6: note: expected 'unsigned int' but argument is of type 'volatile struct DSI_PHY_TIMCON0_REG *'
 void dprec_reg_op(void* cmdq, unsigned int reg, unsigned int val, unsigned int mask);
      ^
In file included from drivers/misc/mediatek/dispsys/mt6735/ddp_dsi.c:31:0:
/home/satory-ra/Android/kernel/android_kernel_oukitel_orange/drivers/misc/mediatek/dispsys/mt6735/mt6735m/ddp_reg.h:1487:38: warning: passing argument 1 of 'disp_addr_convert' makes integer from pointer without a cast
                 cmdqRecWrite(handle, disp_addr_convert(reg32), val, ~0); \
                                      ^
drivers/misc/mediatek/dispsys/mt6735/ddp_dsi.c:59:63: note: in expansion of macro 'DISP_REG_SET'
   else{mt_reg_sync_writel(INREG32(&REG),&r);r.bit = (value);  DISP_REG_SET(cmdq, &REG, INREG32(&r));}    \
                                                               ^
drivers/misc/mediatek/dispsys/mt6735/ddp_dsi.c:3919:4: note: in expansion of macro 'DSI_OUTREGBIT'
    DSI_OUTREGBIT(NULL, DSI_PHY_TIMCON0_REG, DSI_REG[1]->DSI_PHY_TIMECON0,LPX,timing.value);
    ^
/home/satory-ra/Android/kernel/android_kernel_oukitel_orange/drivers/misc/mediatek/dispsys/mt6735/mt6735m/ddp_reg.h:1395:29: note: expected 'long unsigned int' but argument is of type 'volatile struct DSI_PHY_TIMCON0_REG *'
 static inline unsigned long disp_addr_convert(unsigned long va) 
                             ^
/home/satory-ra/Android/kernel/android_kernel_oukitel_orange/drivers/misc/mediatek/dispsys/mt6735/mt6735m/ddp_reg.h:1413:3: warning: passing argument 2 of 'dprec_reg_op' makes integer from pointer without a cast
   dprec_reg_op(handle, reg32, val, mask);\
   ^
drivers/misc/mediatek/dispsys/mt6735/ddp_dsi.c:58:145: note: in expansion of macro 'DISP_REG_MASK'
   if(cmdq)  {*(unsigned int*)(&r) = ((unsigned int)0x00000000);r.bit = ~(r.bit);*(unsigned int*)(&v) = ((unsigned int)0x00000000);v.bit = value;DISP_REG_MASK(cmdq, &REG, AS_UINT32(&v), AS_UINT32(&r));}  \
                                                                                                                                                 ^
drivers/misc/mediatek/dispsys/mt6735/ddp_dsi.c:3925:4: note: in expansion of macro 'DSI_OUTREGBIT'
    DSI_OUTREGBIT(NULL, DSI_PHY_TIMCON0_REG, DSI_REG[0]->DSI_PHY_TIMECON0,HS_PRPR,timing.value);
    ^
In file included from /home/satory-ra/Android/kernel/android_kernel_oukitel_orange/drivers/misc/mediatek/videox/mt6735/disp_drv_log.h:3:0,
                 from drivers/misc/mediatek/dispsys/mt6735/ddp_dsi.c:8:
/home/satory-ra/Android/kernel/android_kernel_oukitel_orange/drivers/misc/mediatek/dispsys/mt6735/display_recorder.h:136:6: note: expected 'unsigned int' but argument is of type 'volatile struct DSI_PHY_TIMCON0_REG *'
 void dprec_reg_op(void* cmdq, unsigned int reg, unsigned int val, unsigned int mask);
      ^
In file included from drivers/misc/mediatek/dispsys/mt6735/ddp_dsi.c:31:0:
/home/satory-ra/Android/kernel/android_kernel_oukitel_orange/drivers/misc/mediatek/dispsys/mt6735/mt6735m/ddp_reg.h:1420:25: warning: passing argument 1 of 'disp_addr_convert' makes integer from pointer without a cast
    cmdqRecWrite(handle, disp_addr_convert(reg32), val, mask); \
                         ^
drivers/misc/mediatek/dispsys/mt6735/ddp_dsi.c:58:145: note: in expansion of macro 'DISP_REG_MASK'
   if(cmdq)  {*(unsigned int*)(&r) = ((unsigned int)0x00000000);r.bit = ~(r.bit);*(unsigned int*)(&v) = ((unsigned int)0x00000000);v.bit = value;DISP_REG_MASK(cmdq, &REG, AS_UINT32(&v), AS_UINT32(&r));}  \
                                                                                                                                                 ^
drivers/misc/mediatek/dispsys/mt6735/ddp_dsi.c:3925:4: note: in expansion of macro 'DSI_OUTREGBIT'
    DSI_OUTREGBIT(NULL, DSI_PHY_TIMCON0_REG, DSI_REG[0]->DSI_PHY_TIMECON0,HS_PRPR,timing.value);
    ^
/home/satory-ra/Android/kernel/android_kernel_oukitel_orange/drivers/misc/mediatek/dispsys/mt6735/mt6735m/ddp_reg.h:1395:29: note: expected 'long unsigned int' but argument is of type 'volatile struct DSI_PHY_TIMCON0_REG *'
 static inline unsigned long disp_addr_convert(unsigned long va) 
                             ^
/home/satory-ra/Android/kernel/android_kernel_oukitel_orange/drivers/misc/mediatek/dispsys/mt6735/mt6735m/ddp_reg.h:1486:17: warning: passing argument 2 of 'dprec_reg_op' makes integer from pointer without a cast
                 dprec_reg_op(handle, reg32, val, 0x00000000);\
                 ^
drivers/misc/mediatek/dispsys/mt6735/ddp_dsi.c:59:63: note: in expansion of macro 'DISP_REG_SET'
   else{mt_reg_sync_writel(INREG32(&REG),&r);r.bit = (value);  DISP_REG_SET(cmdq, &REG, INREG32(&r));}    \
                                                               ^
drivers/misc/mediatek/dispsys/mt6735/ddp_dsi.c:3925:4: note: in expansion of macro 'DSI_OUTREGBIT'
    DSI_OUTREGBIT(NULL, DSI_PHY_TIMCON0_REG, DSI_REG[0]->DSI_PHY_TIMECON0,HS_PRPR,timing.value);
    ^
In file included from /home/satory-ra/Android/kernel/android_kernel_oukitel_orange/drivers/misc/mediatek/videox/mt6735/disp_drv_log.h:3:0,
                 from drivers/misc/mediatek/dispsys/mt6735/ddp_dsi.c:8:
/home/satory-ra/Android/kernel/android_kernel_oukitel_orange/drivers/misc/mediatek/dispsys/mt6735/display_recorder.h:136:6: note: expected 'unsigned int' but argument is of type 'volatile struct DSI_PHY_TIMCON0_REG *'
 void dprec_reg_op(void* cmdq, unsigned int reg, unsigned int val, unsigned int mask);
      ^
In file included from drivers/misc/mediatek/dispsys/mt6735/ddp_dsi.c:31:0:
/home/satory-ra/Android/kernel/android_kernel_oukitel_orange/drivers/misc/mediatek/dispsys/mt6735/mt6735m/ddp_reg.h:1487:38: warning: passing argument 1 of 'disp_addr_convert' makes integer from pointer without a cast
                 cmdqRecWrite(handle, disp_addr_convert(reg32), val, ~0); \
                                      ^
drivers/misc/mediatek/dispsys/mt6735/ddp_dsi.c:59:63: note: in expansion of macro 'DISP_REG_SET'
   else{mt_reg_sync_writel(INREG32(&REG),&r);r.bit = (value);  DISP_REG_SET(cmdq, &REG, INREG32(&r));}    \
                                                               ^
drivers/misc/mediatek/dispsys/mt6735/ddp_dsi.c:3925:4: note: in expansion of macro 'DSI_OUTREGBIT'
    DSI_OUTREGBIT(NULL, DSI_PHY_TIMCON0_REG, DSI_REG[0]->DSI_PHY_TIMECON0,HS_PRPR,timing.value);
    ^
/home/satory-ra/Android/kernel/android_kernel_oukitel_orange/drivers/misc/mediatek/dispsys/mt6735/mt6735m/ddp_reg.h:1395:29: note: expected 'long unsigned int' but argument is of type 'volatile struct DSI_PHY_TIMCON0_REG *'
 static inline unsigned long disp_addr_convert(unsigned long va) 
                             ^
/home/satory-ra/Android/kernel/android_kernel_oukitel_orange/drivers/misc/mediatek/dispsys/mt6735/mt6735m/ddp_reg.h:1413:3: warning: passing argument 2 of 'dprec_reg_op' makes integer from pointer without a cast
   dprec_reg_op(handle, reg32, val, mask);\
   ^
drivers/misc/mediatek/dispsys/mt6735/ddp_dsi.c:58:145: note: in expansion of macro 'DISP_REG_MASK'
   if(cmdq)  {*(unsigned int*)(&r) = ((unsigned int)0x00000000);r.bit = ~(r.bit);*(unsigned int*)(&v) = ((unsigned int)0x00000000);v.bit = value;DISP_REG_MASK(cmdq, &REG, AS_UINT32(&v), AS_UINT32(&r));}  \
                                                                                                                                                 ^
drivers/misc/mediatek/dispsys/mt6735/ddp_dsi.c:3928:4: note: in expansion of macro 'DSI_OUTREGBIT'
    DSI_OUTREGBIT(NULL, DSI_PHY_TIMCON0_REG, DSI_REG[1]->DSI_PHY_TIMECON0,HS_PRPR,timing.value);
    ^
In file included from /home/satory-ra/Android/kernel/android_kernel_oukitel_orange/drivers/misc/mediatek/videox/mt6735/disp_drv_log.h:3:0,
                 from drivers/misc/mediatek/dispsys/mt6735/ddp_dsi.c:8:
/home/satory-ra/Android/kernel/android_kernel_oukitel_orange/drivers/misc/mediatek/dispsys/mt6735/display_recorder.h:136:6: note: expected 'unsigned int' but argument is of type 'volatile struct DSI_PHY_TIMCON0_REG *'
 void dprec_reg_op(void* cmdq, unsigned int reg, unsigned int val, unsigned int mask);
      ^
In file included from drivers/misc/mediatek/dispsys/mt6735/ddp_dsi.c:31:0:
/home/satory-ra/Android/kernel/android_kernel_oukitel_orange/drivers/misc/mediatek/dispsys/mt6735/mt6735m/ddp_reg.h:1420:25: warning: passing argument 1 of 'disp_addr_convert' makes integer from pointer without a cast
    cmdqRecWrite(handle, disp_addr_convert(reg32), val, mask); \
                         ^
drivers/misc/mediatek/dispsys/mt6735/ddp_dsi.c:58:145: note: in expansion of macro 'DISP_REG_MASK'
   if(cmdq)  {*(unsigned int*)(&r) = ((unsigned int)0x00000000);r.bit = ~(r.bit);*(unsigned int*)(&v) = ((unsigned int)0x00000000);v.bit = value;DISP_REG_MASK(cmdq, &REG, AS_UINT32(&v), AS_UINT32(&r));}  \
                                                                                                                                                 ^
drivers/misc/mediatek/dispsys/mt6735/ddp_dsi.c:3928:4: note: in expansion of macro 'DSI_OUTREGBIT'
    DSI_OUTREGBIT(NULL, DSI_PHY_TIMCON0_REG, DSI_REG[1]->DSI_PHY_TIMECON0,HS_PRPR,timing.value);
    ^
/home/satory-ra/Android/kernel/android_kernel_oukitel_orange/drivers/misc/mediatek/dispsys/mt6735/mt6735m/ddp_reg.h:1395:29: note: expected 'long unsigned int' but argument is of type 'volatile struct DSI_PHY_TIMCON0_REG *'
 static inline unsigned long disp_addr_convert(unsigned long va) 
                             ^
/home/satory-ra/Android/kernel/android_kernel_oukitel_orange/drivers/misc/mediatek/dispsys/mt6735/mt6735m/ddp_reg.h:1486:17: warning: passing argument 2 of 'dprec_reg_op' makes integer from pointer without a cast
                 dprec_reg_op(handle, reg32, val, 0x00000000);\
                 ^
drivers/misc/mediatek/dispsys/mt6735/ddp_dsi.c:59:63: note: in expansion of macro 'DISP_REG_SET'
   else{mt_reg_sync_writel(INREG32(&REG),&r);r.bit = (value);  DISP_REG_SET(cmdq, &REG, INREG32(&r));}    \
                                                               ^
drivers/misc/mediatek/dispsys/mt6735/ddp_dsi.c:3928:4: note: in expansion of macro 'DSI_OUTREGBIT'
    DSI_OUTREGBIT(NULL, DSI_PHY_TIMCON0_REG, DSI_REG[1]->DSI_PHY_TIMECON0,HS_PRPR,timing.value);
    ^
In file included from /home/satory-ra/Android/kernel/android_kernel_oukitel_orange/drivers/misc/mediatek/videox/mt6735/disp_drv_log.h:3:0,
                 from drivers/misc/mediatek/dispsys/mt6735/ddp_dsi.c:8:
/home/satory-ra/Android/kernel/android_kernel_oukitel_orange/drivers/misc/mediatek/dispsys/mt6735/display_recorder.h:136:6: note: expected 'unsigned int' but argument is of type 'volatile struct DSI_PHY_TIMCON0_REG *'
 void dprec_reg_op(void* cmdq, unsigned int reg, unsigned int val, unsigned int mask);
      ^
In file included from drivers/misc/mediatek/dispsys/mt6735/ddp_dsi.c:31:0:
/home/satory-ra/Android/kernel/android_kernel_oukitel_orange/drivers/misc/mediatek/dispsys/mt6735/mt6735m/ddp_reg.h:1487:38: warning: passing argument 1 of 'disp_addr_convert' makes integer from pointer without a cast
                 cmdqRecWrite(handle, disp_addr_convert(reg32), val, ~0); \
                                      ^
drivers/misc/mediatek/dispsys/mt6735/ddp_dsi.c:59:63: note: in expansion of macro 'DISP_REG_SET'
   else{mt_reg_sync_writel(INREG32(&REG),&r);r.bit = (value);  DISP_REG_SET(cmdq, &REG, INREG32(&r));}    \
                                                               ^
drivers/misc/mediatek/dispsys/mt6735/ddp_dsi.c:3928:4: note: in expansion of macro 'DSI_OUTREGBIT'
    DSI_OUTREGBIT(NULL, DSI_PHY_TIMCON0_REG, DSI_REG[1]->DSI_PHY_TIMECON0,HS_PRPR,timing.value);
    ^
/home/satory-ra/Android/kernel/android_kernel_oukitel_orange/drivers/misc/mediatek/dispsys/mt6735/mt6735m/ddp_reg.h:1395:29: note: expected 'long unsigned int' but argument is of type 'volatile struct DSI_PHY_TIMCON0_REG *'
 static inline unsigned long disp_addr_convert(unsigned long va) 
                             ^
/home/satory-ra/Android/kernel/android_kernel_oukitel_orange/drivers/misc/mediatek/dispsys/mt6735/mt6735m/ddp_reg.h:1413:3: warning: passing argument 2 of 'dprec_reg_op' makes integer from pointer without a cast
   dprec_reg_op(handle, reg32, val, mask);\
   ^
drivers/misc/mediatek/dispsys/mt6735/ddp_dsi.c:58:145: note: in expansion of macro 'DISP_REG_MASK'
   if(cmdq)  {*(unsigned int*)(&r) = ((unsigned int)0x00000000);r.bit = ~(r.bit);*(unsigned int*)(&v) = ((unsigned int)0x00000000);v.bit = value;DISP_REG_MASK(cmdq, &REG, AS_UINT32(&v), AS_UINT32(&r));}  \
                                                                                                                                                 ^
drivers/misc/mediatek/dispsys/mt6735/ddp_dsi.c:3931:4: note: in expansion of macro 'DSI_OUTREGBIT'
    DSI_OUTREGBIT(NULL, DSI_PHY_TIMCON0_REG, DSI_REG[0]->DSI_PHY_TIMECON0,HS_PRPR,timing.value);
    ^
In file included from /home/satory-ra/Android/kernel/android_kernel_oukitel_orange/drivers/misc/mediatek/videox/mt6735/disp_drv_log.h:3:0,
                 from drivers/misc/mediatek/dispsys/mt6735/ddp_dsi.c:8:
/home/satory-ra/Android/kernel/android_kernel_oukitel_orange/drivers/misc/mediatek/dispsys/mt6735/display_recorder.h:136:6: note: expected 'unsigned int' but argument is of type 'volatile struct DSI_PHY_TIMCON0_REG *'
 void dprec_reg_op(void* cmdq, unsigned int reg, unsigned int val, unsigned int mask);
      ^
In file included from drivers/misc/mediatek/dispsys/mt6735/ddp_dsi.c:31:0:
/home/satory-ra/Android/kernel/android_kernel_oukitel_orange/drivers/misc/mediatek/dispsys/mt6735/mt6735m/ddp_reg.h:1420:25: warning: passing argument 1 of 'disp_addr_convert' makes integer from pointer without a cast
    cmdqRecWrite(handle, disp_addr_convert(reg32), val, mask); \
                         ^
drivers/misc/mediatek/dispsys/mt6735/ddp_dsi.c:58:145: note: in expansion of macro 'DISP_REG_MASK'
   if(cmdq)  {*(unsigned int*)(&r) = ((unsigned int)0x00000000);r.bit = ~(r.bit);*(unsigned int*)(&v) = ((unsigned int)0x00000000);v.bit = value;DISP_REG_MASK(cmdq, &REG, AS_UINT32(&v), AS_UINT32(&r));}  \
                                                                                                                                                 ^
drivers/misc/mediatek/dispsys/mt6735/ddp_dsi.c:3931:4: note: in expansion of macro 'DSI_OUTREGBIT'
    DSI_OUTREGBIT(NULL, DSI_PHY_TIMCON0_REG, DSI_REG[0]->DSI_PHY_TIMECON0,HS_PRPR,timing.value);
    ^
/home/satory-ra/Android/kernel/android_kernel_oukitel_orange/drivers/misc/mediatek/dispsys/mt6735/mt6735m/ddp_reg.h:1395:29: note: expected 'long unsigned int' but argument is of type 'volatile struct DSI_PHY_TIMCON0_REG *'
 static inline unsigned long disp_addr_convert(unsigned long va) 
                             ^
/home/satory-ra/Android/kernel/android_kernel_oukitel_orange/drivers/misc/mediatek/dispsys/mt6735/mt6735m/ddp_reg.h:1486:17: warning: passing argument 2 of 'dprec_reg_op' makes integer from pointer without a cast
                 dprec_reg_op(handle, reg32, val, 0x00000000);\
                 ^
drivers/misc/mediatek/dispsys/mt6735/ddp_dsi.c:59:63: note: in expansion of macro 'DISP_REG_SET'
   else{mt_reg_sync_writel(INREG32(&REG),&r);r.bit = (value);  DISP_REG_SET(cmdq, &REG, INREG32(&r));}    \
                                                               ^
drivers/misc/mediatek/dispsys/mt6735/ddp_dsi.c:3931:4: note: in expansion of macro 'DSI_OUTREGBIT'
    DSI_OUTREGBIT(NULL, DSI_PHY_TIMCON0_REG, DSI_REG[0]->DSI_PHY_TIMECON0,HS_PRPR,timing.value);
    ^
In file included from /home/satory-ra/Android/kernel/android_kernel_oukitel_orange/drivers/misc/mediatek/videox/mt6735/disp_drv_log.h:3:0,
                 from drivers/misc/mediatek/dispsys/mt6735/ddp_dsi.c:8:
/home/satory-ra/Android/kernel/android_kernel_oukitel_orange/drivers/misc/mediatek/dispsys/mt6735/display_recorder.h:136:6: note: expected 'unsigned int' but argument is of type 'volatile struct DSI_PHY_TIMCON0_REG *'
 void dprec_reg_op(void* cmdq, unsigned int reg, unsigned int val, unsigned int mask);
      ^
In file included from drivers/misc/mediatek/dispsys/mt6735/ddp_dsi.c:31:0:
/home/satory-ra/Android/kernel/android_kernel_oukitel_orange/drivers/misc/mediatek/dispsys/mt6735/mt6735m/ddp_reg.h:1487:38: warning: passing argument 1 of 'disp_addr_convert' makes integer from pointer without a cast
                 cmdqRecWrite(handle, disp_addr_convert(reg32), val, ~0); \
                                      ^
drivers/misc/mediatek/dispsys/mt6735/ddp_dsi.c:59:63: note: in expansion of macro 'DISP_REG_SET'
   else{mt_reg_sync_writel(INREG32(&REG),&r);r.bit = (value);  DISP_REG_SET(cmdq, &REG, INREG32(&r));}    \
                                                               ^
drivers/misc/mediatek/dispsys/mt6735/ddp_dsi.c:3931:4: note: in expansion of macro 'DSI_OUTREGBIT'
    DSI_OUTREGBIT(NULL, DSI_PHY_TIMCON0_REG, DSI_REG[0]->DSI_PHY_TIMECON0,HS_PRPR,timing.value);
    ^
/home/satory-ra/Android/kernel/android_kernel_oukitel_orange/drivers/misc/mediatek/dispsys/mt6735/mt6735m/ddp_reg.h:1395:29: note: expected 'long unsigned int' but argument is of type 'volatile struct DSI_PHY_TIMCON0_REG *'
 static inline unsigned long disp_addr_convert(unsigned long va) 
                             ^
/home/satory-ra/Android/kernel/android_kernel_oukitel_orange/drivers/misc/mediatek/dispsys/mt6735/mt6735m/ddp_reg.h:1413:3: warning: passing argument 2 of 'dprec_reg_op' makes integer from pointer without a cast
   dprec_reg_op(handle, reg32, val, mask);\
   ^
drivers/misc/mediatek/dispsys/mt6735/ddp_dsi.c:58:145: note: in expansion of macro 'DISP_REG_MASK'
   if(cmdq)  {*(unsigned int*)(&r) = ((unsigned int)0x00000000);r.bit = ~(r.bit);*(unsigned int*)(&v) = ((unsigned int)0x00000000);v.bit = value;DISP_REG_MASK(cmdq, &REG, AS_UINT32(&v), AS_UINT32(&r));}  \
                                                                                                                                                 ^
drivers/misc/mediatek/dispsys/mt6735/ddp_dsi.c:3932:4: note: in expansion of macro 'DSI_OUTREGBIT'
    DSI_OUTREGBIT(NULL, DSI_PHY_TIMCON0_REG, DSI_REG[1]->DSI_PHY_TIMECON0,HS_PRPR,timing.value);
    ^
In file included from /home/satory-ra/Android/kernel/android_kernel_oukitel_orange/drivers/misc/mediatek/videox/mt6735/disp_drv_log.h:3:0,
                 from drivers/misc/mediatek/dispsys/mt6735/ddp_dsi.c:8:
/home/satory-ra/Android/kernel/android_kernel_oukitel_orange/drivers/misc/mediatek/dispsys/mt6735/display_recorder.h:136:6: note: expected 'unsigned int' but argument is of type 'volatile struct DSI_PHY_TIMCON0_REG *'
 void dprec_reg_op(void* cmdq, unsigned int reg, unsigned int val, unsigned int mask);
      ^
In file included from drivers/misc/mediatek/dispsys/mt6735/ddp_dsi.c:31:0:
/home/satory-ra/Android/kernel/android_kernel_oukitel_orange/drivers/misc/mediatek/dispsys/mt6735/mt6735m/ddp_reg.h:1420:25: warning: passing argument 1 of 'disp_addr_convert' makes integer from pointer without a cast
    cmdqRecWrite(handle, disp_addr_convert(reg32), val, mask); \
                         ^
drivers/misc/mediatek/dispsys/mt6735/ddp_dsi.c:58:145: note: in expansion of macro 'DISP_REG_MASK'
   if(cmdq)  {*(unsigned int*)(&r) = ((unsigned int)0x00000000);r.bit = ~(r.bit);*(unsigned int*)(&v) = ((unsigned int)0x00000000);v.bit = value;DISP_REG_MASK(cmdq, &REG, AS_UINT32(&v), AS_UINT32(&r));}  \
                                                                                                                                                 ^
drivers/misc/mediatek/dispsys/mt6735/ddp_dsi.c:3932:4: note: in expansion of macro 'DSI_OUTREGBIT'
    DSI_OUTREGBIT(NULL, DSI_PHY_TIMCON0_REG, DSI_REG[1]->DSI_PHY_TIMECON0,HS_PRPR,timing.value);
    ^
/home/satory-ra/Android/kernel/android_kernel_oukitel_orange/drivers/misc/mediatek/dispsys/mt6735/mt6735m/ddp_reg.h:1395:29: note: expected 'long unsigned int' but argument is of type 'volatile struct DSI_PHY_TIMCON0_REG *'
 static inline unsigned long disp_addr_convert(unsigned long va) 
                             ^
/home/satory-ra/Android/kernel/android_kernel_oukitel_orange/drivers/misc/mediatek/dispsys/mt6735/mt6735m/ddp_reg.h:1486:17: warning: passing argument 2 of 'dprec_reg_op' makes integer from pointer without a cast
                 dprec_reg_op(handle, reg32, val, 0x00000000);\
                 ^
drivers/misc/mediatek/dispsys/mt6735/ddp_dsi.c:59:63: note: in expansion of macro 'DISP_REG_SET'
   else{mt_reg_sync_writel(INREG32(&REG),&r);r.bit = (value);  DISP_REG_SET(cmdq, &REG, INREG32(&r));}    \
                                                               ^
drivers/misc/mediatek/dispsys/mt6735/ddp_dsi.c:3932:4: note: in expansion of macro 'DSI_OUTREGBIT'
    DSI_OUTREGBIT(NULL, DSI_PHY_TIMCON0_REG, DSI_REG[1]->DSI_PHY_TIMECON0,HS_PRPR,timing.value);
    ^
In file included from /home/satory-ra/Android/kernel/android_kernel_oukitel_orange/drivers/misc/mediatek/videox/mt6735/disp_drv_log.h:3:0,
                 from drivers/misc/mediatek/dispsys/mt6735/ddp_dsi.c:8:
/home/satory-ra/Android/kernel/android_kernel_oukitel_orange/drivers/misc/mediatek/dispsys/mt6735/display_recorder.h:136:6: note: expected 'unsigned int' but argument is of type 'volatile struct DSI_PHY_TIMCON0_REG *'
 void dprec_reg_op(void* cmdq, unsigned int reg, unsigned int val, unsigned int mask);
      ^
In file included from drivers/misc/mediatek/dispsys/mt6735/ddp_dsi.c:31:0:
/home/satory-ra/Android/kernel/android_kernel_oukitel_orange/drivers/misc/mediatek/dispsys/mt6735/mt6735m/ddp_reg.h:1487:38: warning: passing argument 1 of 'disp_addr_convert' makes integer from pointer without a cast
                 cmdqRecWrite(handle, disp_addr_convert(reg32), val, ~0); \
                                      ^
drivers/misc/mediatek/dispsys/mt6735/ddp_dsi.c:59:63: note: in expansion of macro 'DISP_REG_SET'
   else{mt_reg_sync_writel(INREG32(&REG),&r);r.bit = (value);  DISP_REG_SET(cmdq, &REG, INREG32(&r));}    \
                                                               ^
drivers/misc/mediatek/dispsys/mt6735/ddp_dsi.c:3932:4: note: in expansion of macro 'DSI_OUTREGBIT'
    DSI_OUTREGBIT(NULL, DSI_PHY_TIMCON0_REG, DSI_REG[1]->DSI_PHY_TIMECON0,HS_PRPR,timing.value);
    ^
/home/satory-ra/Android/kernel/android_kernel_oukitel_orange/drivers/misc/mediatek/dispsys/mt6735/mt6735m/ddp_reg.h:1395:29: note: expected 'long unsigned int' but argument is of type 'volatile struct DSI_PHY_TIMCON0_REG *'
 static inline unsigned long disp_addr_convert(unsigned long va) 
                             ^
/home/satory-ra/Android/kernel/android_kernel_oukitel_orange/drivers/misc/mediatek/dispsys/mt6735/mt6735m/ddp_reg.h:1413:3: warning: passing argument 2 of 'dprec_reg_op' makes integer from pointer without a cast
   dprec_reg_op(handle, reg32, val, mask);\
   ^
drivers/misc/mediatek/dispsys/mt6735/ddp_dsi.c:58:145: note: in expansion of macro 'DISP_REG_MASK'
   if(cmdq)  {*(unsigned int*)(&r) = ((unsigned int)0x00000000);r.bit = ~(r.bit);*(unsigned int*)(&v) = ((unsigned int)0x00000000);v.bit = value;DISP_REG_MASK(cmdq, &REG, AS_UINT32(&v), AS_UINT32(&r));}  \
                                                                                                                                                 ^
drivers/misc/mediatek/dispsys/mt6735/ddp_dsi.c:3939:4: note: in expansion of macro 'DSI_OUTREGBIT'
    DSI_OUTREGBIT(NULL, DSI_PHY_TIMCON0_REG, DSI_REG[0]->DSI_PHY_TIMECON0,HS_ZERO,timing.value);
    ^
In file included from /home/satory-ra/Android/kernel/android_kernel_oukitel_orange/drivers/misc/mediatek/videox/mt6735/disp_drv_log.h:3:0,
                 from drivers/misc/mediatek/dispsys/mt6735/ddp_dsi.c:8:
/home/satory-ra/Android/kernel/android_kernel_oukitel_orange/drivers/misc/mediatek/dispsys/mt6735/display_recorder.h:136:6: note: expected 'unsigned int' but argument is of type 'volatile struct DSI_PHY_TIMCON0_REG *'
 void dprec_reg_op(void* cmdq, unsigned int reg, unsigned int val, unsigned int mask);
      ^
In file included from drivers/misc/mediatek/dispsys/mt6735/ddp_dsi.c:31:0:
/home/satory-ra/Android/kernel/android_kernel_oukitel_orange/drivers/misc/mediatek/dispsys/mt6735/mt6735m/ddp_reg.h:1420:25: warning: passing argument 1 of 'disp_addr_convert' makes integer from pointer without a cast
    cmdqRecWrite(handle, disp_addr_convert(reg32), val, mask); \
                         ^
drivers/misc/mediatek/dispsys/mt6735/ddp_dsi.c:58:145: note: in expansion of macro 'DISP_REG_MASK'
   if(cmdq)  {*(unsigned int*)(&r) = ((unsigned int)0x00000000);r.bit = ~(r.bit);*(unsigned int*)(&v) = ((unsigned int)0x00000000);v.bit = value;DISP_REG_MASK(cmdq, &REG, AS_UINT32(&v), AS_UINT32(&r));}  \
                                                                                                                                                 ^
drivers/misc/mediatek/dispsys/mt6735/ddp_dsi.c:3939:4: note: in expansion of macro 'DSI_OUTREGBIT'
    DSI_OUTREGBIT(NULL, DSI_PHY_TIMCON0_REG, DSI_REG[0]->DSI_PHY_TIMECON0,HS_ZERO,timing.value);
    ^
/home/satory-ra/Android/kernel/android_kernel_oukitel_orange/drivers/misc/mediatek/dispsys/mt6735/mt6735m/ddp_reg.h:1395:29: note: expected 'long unsigned int' but argument is of type 'volatile struct DSI_PHY_TIMCON0_REG *'
 static inline unsigned long disp_addr_convert(unsigned long va) 
                             ^
/home/satory-ra/Android/kernel/android_kernel_oukitel_orange/drivers/misc/mediatek/dispsys/mt6735/mt6735m/ddp_reg.h:1486:17: warning: passing argument 2 of 'dprec_reg_op' makes integer from pointer without a cast
                 dprec_reg_op(handle, reg32, val, 0x00000000);\
                 ^
drivers/misc/mediatek/dispsys/mt6735/ddp_dsi.c:59:63: note: in expansion of macro 'DISP_REG_SET'
   else{mt_reg_sync_writel(INREG32(&REG),&r);r.bit = (value);  DISP_REG_SET(cmdq, &REG, INREG32(&r));}    \
                                                               ^
drivers/misc/mediatek/dispsys/mt6735/ddp_dsi.c:3939:4: note: in expansion of macro 'DSI_OUTREGBIT'
    DSI_OUTREGBIT(NULL, DSI_PHY_TIMCON0_REG, DSI_REG[0]->DSI_PHY_TIMECON0,HS_ZERO,timing.value);
    ^
In file included from /home/satory-ra/Android/kernel/android_kernel_oukitel_orange/drivers/misc/mediatek/videox/mt6735/disp_drv_log.h:3:0,
                 from drivers/misc/mediatek/dispsys/mt6735/ddp_dsi.c:8:
/home/satory-ra/Android/kernel/android_kernel_oukitel_orange/drivers/misc/mediatek/dispsys/mt6735/display_recorder.h:136:6: note: expected 'unsigned int' but argument is of type 'volatile struct DSI_PHY_TIMCON0_REG *'
 void dprec_reg_op(void* cmdq, unsigned int reg, unsigned int val, unsigned int mask);
      ^
In file included from drivers/misc/mediatek/dispsys/mt6735/ddp_dsi.c:31:0:
/home/satory-ra/Android/kernel/android_kernel_oukitel_orange/drivers/misc/mediatek/dispsys/mt6735/mt6735m/ddp_reg.h:1487:38: warning: passing argument 1 of 'disp_addr_convert' makes integer from pointer without a cast
                 cmdqRecWrite(handle, disp_addr_convert(reg32), val, ~0); \
                                      ^
drivers/misc/mediatek/dispsys/mt6735/ddp_dsi.c:59:63: note: in expansion of macro 'DISP_REG_SET'
   else{mt_reg_sync_writel(INREG32(&REG),&r);r.bit = (value);  DISP_REG_SET(cmdq, &REG, INREG32(&r));}    \
                                                               ^
drivers/misc/mediatek/dispsys/mt6735/ddp_dsi.c:3939:4: note: in expansion of macro 'DSI_OUTREGBIT'
    DSI_OUTREGBIT(NULL, DSI_PHY_TIMCON0_REG, DSI_REG[0]->DSI_PHY_TIMECON0,HS_ZERO,timing.value);
    ^
/home/satory-ra/Android/kernel/android_kernel_oukitel_orange/drivers/misc/mediatek/dispsys/mt6735/mt6735m/ddp_reg.h:1395:29: note: expected 'long unsigned int' but argument is of type 'volatile struct DSI_PHY_TIMCON0_REG *'
 static inline unsigned long disp_addr_convert(unsigned long va) 
                             ^
/home/satory-ra/Android/kernel/android_kernel_oukitel_orange/drivers/misc/mediatek/dispsys/mt6735/mt6735m/ddp_reg.h:1413:3: warning: passing argument 2 of 'dprec_reg_op' makes integer from pointer without a cast
   dprec_reg_op(handle, reg32, val, mask);\
   ^
drivers/misc/mediatek/dispsys/mt6735/ddp_dsi.c:58:145: note: in expansion of macro 'DISP_REG_MASK'
   if(cmdq)  {*(unsigned int*)(&r) = ((unsigned int)0x00000000);r.bit = ~(r.bit);*(unsigned int*)(&v) = ((unsigned int)0x00000000);v.bit = value;DISP_REG_MASK(cmdq, &REG, AS_UINT32(&v), AS_UINT32(&r));}  \
                                                                                                                                                 ^
drivers/misc/mediatek/dispsys/mt6735/ddp_dsi.c:3942:4: note: in expansion of macro 'DSI_OUTREGBIT'
    DSI_OUTREGBIT(NULL, DSI_PHY_TIMCON0_REG, DSI_REG[1]->DSI_PHY_TIMECON0,HS_ZERO,timing.value);
    ^
In file included from /home/satory-ra/Android/kernel/android_kernel_oukitel_orange/drivers/misc/mediatek/videox/mt6735/disp_drv_log.h:3:0,
                 from drivers/misc/mediatek/dispsys/mt6735/ddp_dsi.c:8:
/home/satory-ra/Android/kernel/android_kernel_oukitel_orange/drivers/misc/mediatek/dispsys/mt6735/display_recorder.h:136:6: note: expected 'unsigned int' but argument is of type 'volatile struct DSI_PHY_TIMCON0_REG *'
 void dprec_reg_op(void* cmdq, unsigned int reg, unsigned int val, unsigned int mask);
      ^
In file included from drivers/misc/mediatek/dispsys/mt6735/ddp_dsi.c:31:0:
/home/satory-ra/Android/kernel/android_kernel_oukitel_orange/drivers/misc/mediatek/dispsys/mt6735/mt6735m/ddp_reg.h:1420:25: warning: passing argument 1 of 'disp_addr_convert' makes integer from pointer without a cast
    cmdqRecWrite(handle, disp_addr_convert(reg32), val, mask); \
                         ^
drivers/misc/mediatek/dispsys/mt6735/ddp_dsi.c:58:145: note: in expansion of macro 'DISP_REG_MASK'
   if(cmdq)  {*(unsigned int*)(&r) = ((unsigned int)0x00000000);r.bit = ~(r.bit);*(unsigned int*)(&v) = ((unsigned int)0x00000000);v.bit = value;DISP_REG_MASK(cmdq, &REG, AS_UINT32(&v), AS_UINT32(&r));}  \
                                                                                                                                                 ^
drivers/misc/mediatek/dispsys/mt6735/ddp_dsi.c:3942:4: note: in expansion of macro 'DSI_OUTREGBIT'
    DSI_OUTREGBIT(NULL, DSI_PHY_TIMCON0_REG, DSI_REG[1]->DSI_PHY_TIMECON0,HS_ZERO,timing.value);
    ^
/home/satory-ra/Android/kernel/android_kernel_oukitel_orange/drivers/misc/mediatek/dispsys/mt6735/mt6735m/ddp_reg.h:1395:29: note: expected 'long unsigned int' but argument is of type 'volatile struct DSI_PHY_TIMCON0_REG *'
 static inline unsigned long disp_addr_convert(unsigned long va) 
                             ^
/home/satory-ra/Android/kernel/android_kernel_oukitel_orange/drivers/misc/mediatek/dispsys/mt6735/mt6735m/ddp_reg.h:1486:17: warning: passing argument 2 of 'dprec_reg_op' makes integer from pointer without a cast
                 dprec_reg_op(handle, reg32, val, 0x00000000);\
                 ^
drivers/misc/mediatek/dispsys/mt6735/ddp_dsi.c:59:63: note: in expansion of macro 'DISP_REG_SET'
   else{mt_reg_sync_writel(INREG32(&REG),&r);r.bit = (value);  DISP_REG_SET(cmdq, &REG, INREG32(&r));}    \
                                                               ^
drivers/misc/mediatek/dispsys/mt6735/ddp_dsi.c:3942:4: note: in expansion of macro 'DSI_OUTREGBIT'
    DSI_OUTREGBIT(NULL, DSI_PHY_TIMCON0_REG, DSI_REG[1]->DSI_PHY_TIMECON0,HS_ZERO,timing.value);
    ^
In file included from /home/satory-ra/Android/kernel/android_kernel_oukitel_orange/drivers/misc/mediatek/videox/mt6735/disp_drv_log.h:3:0,
                 from drivers/misc/mediatek/dispsys/mt6735/ddp_dsi.c:8:
/home/satory-ra/Android/kernel/android_kernel_oukitel_orange/drivers/misc/mediatek/dispsys/mt6735/display_recorder.h:136:6: note: expected 'unsigned int' but argument is of type 'volatile struct DSI_PHY_TIMCON0_REG *'
 void dprec_reg_op(void* cmdq, unsigned int reg, unsigned int val, unsigned int mask);
      ^
In file included from drivers/misc/mediatek/dispsys/mt6735/ddp_dsi.c:31:0:
/home/satory-ra/Android/kernel/android_kernel_oukitel_orange/drivers/misc/mediatek/dispsys/mt6735/mt6735m/ddp_reg.h:1487:38: warning: passing argument 1 of 'disp_addr_convert' makes integer from pointer without a cast
                 cmdqRecWrite(handle, disp_addr_convert(reg32), val, ~0); \
                                      ^
drivers/misc/mediatek/dispsys/mt6735/ddp_dsi.c:59:63: note: in expansion of macro 'DISP_REG_SET'
   else{mt_reg_sync_writel(INREG32(&REG),&r);r.bit = (value);  DISP_REG_SET(cmdq, &REG, INREG32(&r));}    \
                                                               ^
drivers/misc/mediatek/dispsys/mt6735/ddp_dsi.c:3942:4: note: in expansion of macro 'DSI_OUTREGBIT'
    DSI_OUTREGBIT(NULL, DSI_PHY_TIMCON0_REG, DSI_REG[1]->DSI_PHY_TIMECON0,HS_ZERO,timing.value);
    ^
/home/satory-ra/Android/kernel/android_kernel_oukitel_orange/drivers/misc/mediatek/dispsys/mt6735/mt6735m/ddp_reg.h:1395:29: note: expected 'long unsigned int' but argument is of type 'volatile struct DSI_PHY_TIMCON0_REG *'
 static inline unsigned long disp_addr_convert(unsigned long va) 
                             ^
/home/satory-ra/Android/kernel/android_kernel_oukitel_orange/drivers/misc/mediatek/dispsys/mt6735/mt6735m/ddp_reg.h:1413:3: warning: passing argument 2 of 'dprec_reg_op' makes integer from pointer without a cast
   dprec_reg_op(handle, reg32, val, mask);\
   ^
drivers/misc/mediatek/dispsys/mt6735/ddp_dsi.c:58:145: note: in expansion of macro 'DISP_REG_MASK'
   if(cmdq)  {*(unsigned int*)(&r) = ((unsigned int)0x00000000);r.bit = ~(r.bit);*(unsigned int*)(&v) = ((unsigned int)0x00000000);v.bit = value;DISP_REG_MASK(cmdq, &REG, AS_UINT32(&v), AS_UINT32(&r));}  \
                                                                                                                                                 ^
drivers/misc/mediatek/dispsys/mt6735/ddp_dsi.c:3945:4: note: in expansion of macro 'DSI_OUTREGBIT'
    DSI_OUTREGBIT(NULL, DSI_PHY_TIMCON0_REG, DSI_REG[0]->DSI_PHY_TIMECON0,HS_ZERO,timing.value);
    ^
In file included from /home/satory-ra/Android/kernel/android_kernel_oukitel_orange/drivers/misc/mediatek/videox/mt6735/disp_drv_log.h:3:0,
                 from drivers/misc/mediatek/dispsys/mt6735/ddp_dsi.c:8:
/home/satory-ra/Android/kernel/android_kernel_oukitel_orange/drivers/misc/mediatek/dispsys/mt6735/display_recorder.h:136:6: note: expected 'unsigned int' but argument is of type 'volatile struct DSI_PHY_TIMCON0_REG *'
 void dprec_reg_op(void* cmdq, unsigned int reg, unsigned int val, unsigned int mask);
      ^
In file included from drivers/misc/mediatek/dispsys/mt6735/ddp_dsi.c:31:0:
/home/satory-ra/Android/kernel/android_kernel_oukitel_orange/drivers/misc/mediatek/dispsys/mt6735/mt6735m/ddp_reg.h:1420:25: warning: passing argument 1 of 'disp_addr_convert' makes integer from pointer without a cast
    cmdqRecWrite(handle, disp_addr_convert(reg32), val, mask); \
                         ^
drivers/misc/mediatek/dispsys/mt6735/ddp_dsi.c:58:145: note: in expansion of macro 'DISP_REG_MASK'
   if(cmdq)  {*(unsigned int*)(&r) = ((unsigned int)0x00000000);r.bit = ~(r.bit);*(unsigned int*)(&v) = ((unsigned int)0x00000000);v.bit = value;DISP_REG_MASK(cmdq, &REG, AS_UINT32(&v), AS_UINT32(&r));}  \
                                                                                                                                                 ^
drivers/misc/mediatek/dispsys/mt6735/ddp_dsi.c:3945:4: note: in expansion of macro 'DSI_OUTREGBIT'
    DSI_OUTREGBIT(NULL, DSI_PHY_TIMCON0_REG, DSI_REG[0]->DSI_PHY_TIMECON0,HS_ZERO,timing.value);
    ^
/home/satory-ra/Android/kernel/android_kernel_oukitel_orange/drivers/misc/mediatek/dispsys/mt6735/mt6735m/ddp_reg.h:1395:29: note: expected 'long unsigned int' but argument is of type 'volatile struct DSI_PHY_TIMCON0_REG *'
 static inline unsigned long disp_addr_convert(unsigned long va) 
                             ^
/home/satory-ra/Android/kernel/android_kernel_oukitel_orange/drivers/misc/mediatek/dispsys/mt6735/mt6735m/ddp_reg.h:1486:17: warning: passing argument 2 of 'dprec_reg_op' makes integer from pointer without a cast
                 dprec_reg_op(handle, reg32, val, 0x00000000);\
                 ^
drivers/misc/mediatek/dispsys/mt6735/ddp_dsi.c:59:63: note: in expansion of macro 'DISP_REG_SET'
   else{mt_reg_sync_writel(INREG32(&REG),&r);r.bit = (value);  DISP_REG_SET(cmdq, &REG, INREG32(&r));}    \
                                                               ^
drivers/misc/mediatek/dispsys/mt6735/ddp_dsi.c:3945:4: note: in expansion of macro 'DSI_OUTREGBIT'
    DSI_OUTREGBIT(NULL, DSI_PHY_TIMCON0_REG, DSI_REG[0]->DSI_PHY_TIMECON0,HS_ZERO,timing.value);
    ^
In file included from /home/satory-ra/Android/kernel/android_kernel_oukitel_orange/drivers/misc/mediatek/videox/mt6735/disp_drv_log.h:3:0,
                 from drivers/misc/mediatek/dispsys/mt6735/ddp_dsi.c:8:
/home/satory-ra/Android/kernel/android_kernel_oukitel_orange/drivers/misc/mediatek/dispsys/mt6735/display_recorder.h:136:6: note: expected 'unsigned int' but argument is of type 'volatile struct DSI_PHY_TIMCON0_REG *'
 void dprec_reg_op(void* cmdq, unsigned int reg, unsigned int val, unsigned int mask);
      ^
In file included from drivers/misc/mediatek/dispsys/mt6735/ddp_dsi.c:31:0:
/home/satory-ra/Android/kernel/android_kernel_oukitel_orange/drivers/misc/mediatek/dispsys/mt6735/mt6735m/ddp_reg.h:1487:38: warning: passing argument 1 of 'disp_addr_convert' makes integer from pointer without a cast
                 cmdqRecWrite(handle, disp_addr_convert(reg32), val, ~0); \
                                      ^
drivers/misc/mediatek/dispsys/mt6735/ddp_dsi.c:59:63: note: in expansion of macro 'DISP_REG_SET'
   else{mt_reg_sync_writel(INREG32(&REG),&r);r.bit = (value);  DISP_REG_SET(cmdq, &REG, INREG32(&r));}    \
                                                               ^
drivers/misc/mediatek/dispsys/mt6735/ddp_dsi.c:3945:4: note: in expansion of macro 'DSI_OUTREGBIT'
    DSI_OUTREGBIT(NULL, DSI_PHY_TIMCON0_REG, DSI_REG[0]->DSI_PHY_TIMECON0,HS_ZERO,timing.value);
    ^
/home/satory-ra/Android/kernel/android_kernel_oukitel_orange/drivers/misc/mediatek/dispsys/mt6735/mt6735m/ddp_reg.h:1395:29: note: expected 'long unsigned int' but argument is of type 'volatile struct DSI_PHY_TIMCON0_REG *'
 static inline unsigned long disp_addr_convert(unsigned long va) 
                             ^
/home/satory-ra/Android/kernel/android_kernel_oukitel_orange/drivers/misc/mediatek/dispsys/mt6735/mt6735m/ddp_reg.h:1413:3: warning: passing argument 2 of 'dprec_reg_op' makes integer from pointer without a cast
   dprec_reg_op(handle, reg32, val, mask);\
   ^
drivers/misc/mediatek/dispsys/mt6735/ddp_dsi.c:58:145: note: in expansion of macro 'DISP_REG_MASK'
   if(cmdq)  {*(unsigned int*)(&r) = ((unsigned int)0x00000000);r.bit = ~(r.bit);*(unsigned int*)(&v) = ((unsigned int)0x00000000);v.bit = value;DISP_REG_MASK(cmdq, &REG, AS_UINT32(&v), AS_UINT32(&r));}  \
                                                                                                                                                 ^
drivers/misc/mediatek/dispsys/mt6735/ddp_dsi.c:3946:4: note: in expansion of macro 'DSI_OUTREGBIT'
    DSI_OUTREGBIT(NULL, DSI_PHY_TIMCON0_REG, DSI_REG[1]->DSI_PHY_TIMECON0,HS_ZERO,timing.value);
    ^
In file included from /home/satory-ra/Android/kernel/android_kernel_oukitel_orange/drivers/misc/mediatek/videox/mt6735/disp_drv_log.h:3:0,
                 from drivers/misc/mediatek/dispsys/mt6735/ddp_dsi.c:8:
/home/satory-ra/Android/kernel/android_kernel_oukitel_orange/drivers/misc/mediatek/dispsys/mt6735/display_recorder.h:136:6: note: expected 'unsigned int' but argument is of type 'volatile struct DSI_PHY_TIMCON0_REG *'
 void dprec_reg_op(void* cmdq, unsigned int reg, unsigned int val, unsigned int mask);
      ^
In file included from drivers/misc/mediatek/dispsys/mt6735/ddp_dsi.c:31:0:
/home/satory-ra/Android/kernel/android_kernel_oukitel_orange/drivers/misc/mediatek/dispsys/mt6735/mt6735m/ddp_reg.h:1420:25: warning: passing argument 1 of 'disp_addr_convert' makes integer from pointer without a cast
    cmdqRecWrite(handle, disp_addr_convert(reg32), val, mask); \
                         ^
drivers/misc/mediatek/dispsys/mt6735/ddp_dsi.c:58:145: note: in expansion of macro 'DISP_REG_MASK'
   if(cmdq)  {*(unsigned int*)(&r) = ((unsigned int)0x00000000);r.bit = ~(r.bit);*(unsigned int*)(&v) = ((unsigned int)0x00000000);v.bit = value;DISP_REG_MASK(cmdq, &REG, AS_UINT32(&v), AS_UINT32(&r));}  \
                                                                                                                                                 ^
drivers/misc/mediatek/dispsys/mt6735/ddp_dsi.c:3946:4: note: in expansion of macro 'DSI_OUTREGBIT'
    DSI_OUTREGBIT(NULL, DSI_PHY_TIMCON0_REG, DSI_REG[1]->DSI_PHY_TIMECON0,HS_ZERO,timing.value);
    ^
/home/satory-ra/Android/kernel/android_kernel_oukitel_orange/drivers/misc/mediatek/dispsys/mt6735/mt6735m/ddp_reg.h:1395:29: note: expected 'long unsigned int' but argument is of type 'volatile struct DSI_PHY_TIMCON0_REG *'
 static inline unsigned long disp_addr_convert(unsigned long va) 
                             ^
/home/satory-ra/Android/kernel/android_kernel_oukitel_orange/drivers/misc/mediatek/dispsys/mt6735/mt6735m/ddp_reg.h:1486:17: warning: passing argument 2 of 'dprec_reg_op' makes integer from pointer without a cast
                 dprec_reg_op(handle, reg32, val, 0x00000000);\
                 ^
drivers/misc/mediatek/dispsys/mt6735/ddp_dsi.c:59:63: note: in expansion of macro 'DISP_REG_SET'
   else{mt_reg_sync_writel(INREG32(&REG),&r);r.bit = (value);  DISP_REG_SET(cmdq, &REG, INREG32(&r));}    \
                                                               ^
drivers/misc/mediatek/dispsys/mt6735/ddp_dsi.c:3946:4: note: in expansion of macro 'DSI_OUTREGBIT'
    DSI_OUTREGBIT(NULL, DSI_PHY_TIMCON0_REG, DSI_REG[1]->DSI_PHY_TIMECON0,HS_ZERO,timing.value);
    ^
In file included from /home/satory-ra/Android/kernel/android_kernel_oukitel_orange/drivers/misc/mediatek/videox/mt6735/disp_drv_log.h:3:0,
                 from drivers/misc/mediatek/dispsys/mt6735/ddp_dsi.c:8:
/home/satory-ra/Android/kernel/android_kernel_oukitel_orange/drivers/misc/mediatek/dispsys/mt6735/display_recorder.h:136:6: note: expected 'unsigned int' but argument is of type 'volatile struct DSI_PHY_TIMCON0_REG *'
 void dprec_reg_op(void* cmdq, unsigned int reg, unsigned int val, unsigned int mask);
      ^
In file included from drivers/misc/mediatek/dispsys/mt6735/ddp_dsi.c:31:0:
/home/satory-ra/Android/kernel/android_kernel_oukitel_orange/drivers/misc/mediatek/dispsys/mt6735/mt6735m/ddp_reg.h:1487:38: warning: passing argument 1 of 'disp_addr_convert' makes integer from pointer without a cast
                 cmdqRecWrite(handle, disp_addr_convert(reg32), val, ~0); \
                                      ^
drivers/misc/mediatek/dispsys/mt6735/ddp_dsi.c:59:63: note: in expansion of macro 'DISP_REG_SET'
   else{mt_reg_sync_writel(INREG32(&REG),&r);r.bit = (value);  DISP_REG_SET(cmdq, &REG, INREG32(&r));}    \
                                                               ^
drivers/misc/mediatek/dispsys/mt6735/ddp_dsi.c:3946:4: note: in expansion of macro 'DSI_OUTREGBIT'
    DSI_OUTREGBIT(NULL, DSI_PHY_TIMCON0_REG, DSI_REG[1]->DSI_PHY_TIMECON0,HS_ZERO,timing.value);
    ^
/home/satory-ra/Android/kernel/android_kernel_oukitel_orange/drivers/misc/mediatek/dispsys/mt6735/mt6735m/ddp_reg.h:1395:29: note: expected 'long unsigned int' but argument is of type 'volatile struct DSI_PHY_TIMCON0_REG *'
 static inline unsigned long disp_addr_convert(unsigned long va) 
                             ^
/home/satory-ra/Android/kernel/android_kernel_oukitel_orange/drivers/misc/mediatek/dispsys/mt6735/mt6735m/ddp_reg.h:1413:3: warning: passing argument 2 of 'dprec_reg_op' makes integer from pointer without a cast
   dprec_reg_op(handle, reg32, val, mask);\
   ^
drivers/misc/mediatek/dispsys/mt6735/ddp_dsi.c:58:145: note: in expansion of macro 'DISP_REG_MASK'
   if(cmdq)  {*(unsigned int*)(&r) = ((unsigned int)0x00000000);r.bit = ~(r.bit);*(unsigned int*)(&v) = ((unsigned int)0x00000000);v.bit = value;DISP_REG_MASK(cmdq, &REG, AS_UINT32(&v), AS_UINT32(&r));}  \
                                                                                                                                                 ^
drivers/misc/mediatek/dispsys/mt6735/ddp_dsi.c:3953:4: note: in expansion of macro 'DSI_OUTREGBIT'
    DSI_OUTREGBIT(NULL, DSI_PHY_TIMCON0_REG, DSI_REG[0]->DSI_PHY_TIMECON0,HS_TRAIL,timing.value);
    ^
In file included from /home/satory-ra/Android/kernel/android_kernel_oukitel_orange/drivers/misc/mediatek/videox/mt6735/disp_drv_log.h:3:0,
                 from drivers/misc/mediatek/dispsys/mt6735/ddp_dsi.c:8:
/home/satory-ra/Android/kernel/android_kernel_oukitel_orange/drivers/misc/mediatek/dispsys/mt6735/display_recorder.h:136:6: note: expected 'unsigned int' but argument is of type 'volatile struct DSI_PHY_TIMCON0_REG *'
 void dprec_reg_op(void* cmdq, unsigned int reg, unsigned int val, unsigned int mask);
      ^
In file included from drivers/misc/mediatek/dispsys/mt6735/ddp_dsi.c:31:0:
/home/satory-ra/Android/kernel/android_kernel_oukitel_orange/drivers/misc/mediatek/dispsys/mt6735/mt6735m/ddp_reg.h:1420:25: warning: passing argument 1 of 'disp_addr_convert' makes integer from pointer without a cast
    cmdqRecWrite(handle, disp_addr_convert(reg32), val, mask); \
                         ^
drivers/misc/mediatek/dispsys/mt6735/ddp_dsi.c:58:145: note: in expansion of macro 'DISP_REG_MASK'
   if(cmdq)  {*(unsigned int*)(&r) = ((unsigned int)0x00000000);r.bit = ~(r.bit);*(unsigned int*)(&v) = ((unsigned int)0x00000000);v.bit = value;DISP_REG_MASK(cmdq, &REG, AS_UINT32(&v), AS_UINT32(&r));}  \
                                                                                                                                                 ^
drivers/misc/mediatek/dispsys/mt6735/ddp_dsi.c:3953:4: note: in expansion of macro 'DSI_OUTREGBIT'
    DSI_OUTREGBIT(NULL, DSI_PHY_TIMCON0_REG, DSI_REG[0]->DSI_PHY_TIMECON0,HS_TRAIL,timing.value);
    ^
/home/satory-ra/Android/kernel/android_kernel_oukitel_orange/drivers/misc/mediatek/dispsys/mt6735/mt6735m/ddp_reg.h:1395:29: note: expected 'long unsigned int' but argument is of type 'volatile struct DSI_PHY_TIMCON0_REG *'
 static inline unsigned long disp_addr_convert(unsigned long va) 
                             ^
/home/satory-ra/Android/kernel/android_kernel_oukitel_orange/drivers/misc/mediatek/dispsys/mt6735/mt6735m/ddp_reg.h:1486:17: warning: passing argument 2 of 'dprec_reg_op' makes integer from pointer without a cast
                 dprec_reg_op(handle, reg32, val, 0x00000000);\
                 ^
drivers/misc/mediatek/dispsys/mt6735/ddp_dsi.c:59:63: note: in expansion of macro 'DISP_REG_SET'
   else{mt_reg_sync_writel(INREG32(&REG),&r);r.bit = (value);  DISP_REG_SET(cmdq, &REG, INREG32(&r));}    \
                                                               ^
drivers/misc/mediatek/dispsys/mt6735/ddp_dsi.c:3953:4: note: in expansion of macro 'DSI_OUTREGBIT'
    DSI_OUTREGBIT(NULL, DSI_PHY_TIMCON0_REG, DSI_REG[0]->DSI_PHY_TIMECON0,HS_TRAIL,timing.value);
    ^
In file included from /home/satory-ra/Android/kernel/android_kernel_oukitel_orange/drivers/misc/mediatek/videox/mt6735/disp_drv_log.h:3:0,
                 from drivers/misc/mediatek/dispsys/mt6735/ddp_dsi.c:8:
/home/satory-ra/Android/kernel/android_kernel_oukitel_orange/drivers/misc/mediatek/dispsys/mt6735/display_recorder.h:136:6: note: expected 'unsigned int' but argument is of type 'volatile struct DSI_PHY_TIMCON0_REG *'
 void dprec_reg_op(void* cmdq, unsigned int reg, unsigned int val, unsigned int mask);
      ^
In file included from drivers/misc/mediatek/dispsys/mt6735/ddp_dsi.c:31:0:
/home/satory-ra/Android/kernel/android_kernel_oukitel_orange/drivers/misc/mediatek/dispsys/mt6735/mt6735m/ddp_reg.h:1487:38: warning: passing argument 1 of 'disp_addr_convert' makes integer from pointer without a cast
                 cmdqRecWrite(handle, disp_addr_convert(reg32), val, ~0); \
                                      ^
drivers/misc/mediatek/dispsys/mt6735/ddp_dsi.c:59:63: note: in expansion of macro 'DISP_REG_SET'
   else{mt_reg_sync_writel(INREG32(&REG),&r);r.bit = (value);  DISP_REG_SET(cmdq, &REG, INREG32(&r));}    \
                                                               ^
drivers/misc/mediatek/dispsys/mt6735/ddp_dsi.c:3953:4: note: in expansion of macro 'DSI_OUTREGBIT'
    DSI_OUTREGBIT(NULL, DSI_PHY_TIMCON0_REG, DSI_REG[0]->DSI_PHY_TIMECON0,HS_TRAIL,timing.value);
    ^
/home/satory-ra/Android/kernel/android_kernel_oukitel_orange/drivers/misc/mediatek/dispsys/mt6735/mt6735m/ddp_reg.h:1395:29: note: expected 'long unsigned int' but argument is of type 'volatile struct DSI_PHY_TIMCON0_REG *'
 static inline unsigned long disp_addr_convert(unsigned long va) 
                             ^
/home/satory-ra/Android/kernel/android_kernel_oukitel_orange/drivers/misc/mediatek/dispsys/mt6735/mt6735m/ddp_reg.h:1413:3: warning: passing argument 2 of 'dprec_reg_op' makes integer from pointer without a cast
   dprec_reg_op(handle, reg32, val, mask);\
   ^
drivers/misc/mediatek/dispsys/mt6735/ddp_dsi.c:58:145: note: in expansion of macro 'DISP_REG_MASK'
   if(cmdq)  {*(unsigned int*)(&r) = ((unsigned int)0x00000000);r.bit = ~(r.bit);*(unsigned int*)(&v) = ((unsigned int)0x00000000);v.bit = value;DISP_REG_MASK(cmdq, &REG, AS_UINT32(&v), AS_UINT32(&r));}  \
                                                                                                                                                 ^
drivers/misc/mediatek/dispsys/mt6735/ddp_dsi.c:3956:4: note: in expansion of macro 'DSI_OUTREGBIT'
    DSI_OUTREGBIT(NULL, DSI_PHY_TIMCON0_REG, DSI_REG[1]->DSI_PHY_TIMECON0,HS_TRAIL,timing.value);
    ^
In file included from /home/satory-ra/Android/kernel/android_kernel_oukitel_orange/drivers/misc/mediatek/videox/mt6735/disp_drv_log.h:3:0,
                 from drivers/misc/mediatek/dispsys/mt6735/ddp_dsi.c:8:
/home/satory-ra/Android/kernel/android_kernel_oukitel_orange/drivers/misc/mediatek/dispsys/mt6735/display_recorder.h:136:6: note: expected 'unsigned int' but argument is of type 'volatile struct DSI_PHY_TIMCON0_REG *'
 void dprec_reg_op(void* cmdq, unsigned int reg, unsigned int val, unsigned int mask);
      ^
In file included from drivers/misc/mediatek/dispsys/mt6735/ddp_dsi.c:31:0:
/home/satory-ra/Android/kernel/android_kernel_oukitel_orange/drivers/misc/mediatek/dispsys/mt6735/mt6735m/ddp_reg.h:1420:25: warning: passing argument 1 of 'disp_addr_convert' makes integer from pointer without a cast
    cmdqRecWrite(handle, disp_addr_convert(reg32), val, mask); \
                         ^
drivers/misc/mediatek/dispsys/mt6735/ddp_dsi.c:58:145: note: in expansion of macro 'DISP_REG_MASK'
   if(cmdq)  {*(unsigned int*)(&r) = ((unsigned int)0x00000000);r.bit = ~(r.bit);*(unsigned int*)(&v) = ((unsigned int)0x00000000);v.bit = value;DISP_REG_MASK(cmdq, &REG, AS_UINT32(&v), AS_UINT32(&r));}  \
                                                                                                                                                 ^
drivers/misc/mediatek/dispsys/mt6735/ddp_dsi.c:3956:4: note: in expansion of macro 'DSI_OUTREGBIT'
    DSI_OUTREGBIT(NULL, DSI_PHY_TIMCON0_REG, DSI_REG[1]->DSI_PHY_TIMECON0,HS_TRAIL,timing.value);
    ^
/home/satory-ra/Android/kernel/android_kernel_oukitel_orange/drivers/misc/mediatek/dispsys/mt6735/mt6735m/ddp_reg.h:1395:29: note: expected 'long unsigned int' but argument is of type 'volatile struct DSI_PHY_TIMCON0_REG *'
 static inline unsigned long disp_addr_convert(unsigned long va) 
                             ^
/home/satory-ra/Android/kernel/android_kernel_oukitel_orange/drivers/misc/mediatek/dispsys/mt6735/mt6735m/ddp_reg.h:1486:17: warning: passing argument 2 of 'dprec_reg_op' makes integer from pointer without a cast
                 dprec_reg_op(handle, reg32, val, 0x00000000);\
                 ^
drivers/misc/mediatek/dispsys/mt6735/ddp_dsi.c:59:63: note: in expansion of macro 'DISP_REG_SET'
   else{mt_reg_sync_writel(INREG32(&REG),&r);r.bit = (value);  DISP_REG_SET(cmdq, &REG, INREG32(&r));}    \
                                                               ^
drivers/misc/mediatek/dispsys/mt6735/ddp_dsi.c:3956:4: note: in expansion of macro 'DSI_OUTREGBIT'
    DSI_OUTREGBIT(NULL, DSI_PHY_TIMCON0_REG, DSI_REG[1]->DSI_PHY_TIMECON0,HS_TRAIL,timing.value);
    ^
In file included from /home/satory-ra/Android/kernel/android_kernel_oukitel_orange/drivers/misc/mediatek/videox/mt6735/disp_drv_log.h:3:0,
                 from drivers/misc/mediatek/dispsys/mt6735/ddp_dsi.c:8:
/home/satory-ra/Android/kernel/android_kernel_oukitel_orange/drivers/misc/mediatek/dispsys/mt6735/display_recorder.h:136:6: note: expected 'unsigned int' but argument is of type 'volatile struct DSI_PHY_TIMCON0_REG *'
 void dprec_reg_op(void* cmdq, unsigned int reg, unsigned int val, unsigned int mask);
      ^
In file included from drivers/misc/mediatek/dispsys/mt6735/ddp_dsi.c:31:0:
/home/satory-ra/Android/kernel/android_kernel_oukitel_orange/drivers/misc/mediatek/dispsys/mt6735/mt6735m/ddp_reg.h:1487:38: warning: passing argument 1 of 'disp_addr_convert' makes integer from pointer without a cast
                 cmdqRecWrite(handle, disp_addr_convert(reg32), val, ~0); \
                                      ^
drivers/misc/mediatek/dispsys/mt6735/ddp_dsi.c:59:63: note: in expansion of macro 'DISP_REG_SET'
   else{mt_reg_sync_writel(INREG32(&REG),&r);r.bit = (value);  DISP_REG_SET(cmdq, &REG, INREG32(&r));}    \
                                                               ^
drivers/misc/mediatek/dispsys/mt6735/ddp_dsi.c:3956:4: note: in expansion of macro 'DSI_OUTREGBIT'
    DSI_OUTREGBIT(NULL, DSI_PHY_TIMCON0_REG, DSI_REG[1]->DSI_PHY_TIMECON0,HS_TRAIL,timing.value);
    ^
/home/satory-ra/Android/kernel/android_kernel_oukitel_orange/drivers/misc/mediatek/dispsys/mt6735/mt6735m/ddp_reg.h:1395:29: note: expected 'long unsigned int' but argument is of type 'volatile struct DSI_PHY_TIMCON0_REG *'
 static inline unsigned long disp_addr_convert(unsigned long va) 
                             ^
/home/satory-ra/Android/kernel/android_kernel_oukitel_orange/drivers/misc/mediatek/dispsys/mt6735/mt6735m/ddp_reg.h:1413:3: warning: passing argument 2 of 'dprec_reg_op' makes integer from pointer without a cast
   dprec_reg_op(handle, reg32, val, mask);\
   ^
drivers/misc/mediatek/dispsys/mt6735/ddp_dsi.c:58:145: note: in expansion of macro 'DISP_REG_MASK'
   if(cmdq)  {*(unsigned int*)(&r) = ((unsigned int)0x00000000);r.bit = ~(r.bit);*(unsigned int*)(&v) = ((unsigned int)0x00000000);v.bit = value;DISP_REG_MASK(cmdq, &REG, AS_UINT32(&v), AS_UINT32(&r));}  \
                                                                                                                                                 ^
drivers/misc/mediatek/dispsys/mt6735/ddp_dsi.c:3959:4: note: in expansion of macro 'DSI_OUTREGBIT'
    DSI_OUTREGBIT(NULL, DSI_PHY_TIMCON0_REG, DSI_REG[0]->DSI_PHY_TIMECON0,HS_TRAIL,timing.value);
    ^
In file included from /home/satory-ra/Android/kernel/android_kernel_oukitel_orange/drivers/misc/mediatek/videox/mt6735/disp_drv_log.h:3:0,
                 from drivers/misc/mediatek/dispsys/mt6735/ddp_dsi.c:8:
/home/satory-ra/Android/kernel/android_kernel_oukitel_orange/drivers/misc/mediatek/dispsys/mt6735/display_recorder.h:136:6: note: expected 'unsigned int' but argument is of type 'volatile struct DSI_PHY_TIMCON0_REG *'
 void dprec_reg_op(void* cmdq, unsigned int reg, unsigned int val, unsigned int mask);
      ^
In file included from drivers/misc/mediatek/dispsys/mt6735/ddp_dsi.c:31:0:
/home/satory-ra/Android/kernel/android_kernel_oukitel_orange/drivers/misc/mediatek/dispsys/mt6735/mt6735m/ddp_reg.h:1420:25: warning: passing argument 1 of 'disp_addr_convert' makes integer from pointer without a cast
    cmdqRecWrite(handle, disp_addr_convert(reg32), val, mask); \
                         ^
drivers/misc/mediatek/dispsys/mt6735/ddp_dsi.c:58:145: note: in expansion of macro 'DISP_REG_MASK'
   if(cmdq)  {*(unsigned int*)(&r) = ((unsigned int)0x00000000);r.bit = ~(r.bit);*(unsigned int*)(&v) = ((unsigned int)0x00000000);v.bit = value;DISP_REG_MASK(cmdq, &REG, AS_UINT32(&v), AS_UINT32(&r));}  \
                                                                                                                                                 ^
drivers/misc/mediatek/dispsys/mt6735/ddp_dsi.c:3959:4: note: in expansion of macro 'DSI_OUTREGBIT'
    DSI_OUTREGBIT(NULL, DSI_PHY_TIMCON0_REG, DSI_REG[0]->DSI_PHY_TIMECON0,HS_TRAIL,timing.value);
    ^
/home/satory-ra/Android/kernel/android_kernel_oukitel_orange/drivers/misc/mediatek/dispsys/mt6735/mt6735m/ddp_reg.h:1395:29: note: expected 'long unsigned int' but argument is of type 'volatile struct DSI_PHY_TIMCON0_REG *'
 static inline unsigned long disp_addr_convert(unsigned long va) 
                             ^
/home/satory-ra/Android/kernel/android_kernel_oukitel_orange/drivers/misc/mediatek/dispsys/mt6735/mt6735m/ddp_reg.h:1486:17: warning: passing argument 2 of 'dprec_reg_op' makes integer from pointer without a cast
                 dprec_reg_op(handle, reg32, val, 0x00000000);\
                 ^
drivers/misc/mediatek/dispsys/mt6735/ddp_dsi.c:59:63: note: in expansion of macro 'DISP_REG_SET'
   else{mt_reg_sync_writel(INREG32(&REG),&r);r.bit = (value);  DISP_REG_SET(cmdq, &REG, INREG32(&r));}    \
                                                               ^
drivers/misc/mediatek/dispsys/mt6735/ddp_dsi.c:3959:4: note: in expansion of macro 'DSI_OUTREGBIT'
    DSI_OUTREGBIT(NULL, DSI_PHY_TIMCON0_REG, DSI_REG[0]->DSI_PHY_TIMECON0,HS_TRAIL,timing.value);
    ^
In file included from /home/satory-ra/Android/kernel/android_kernel_oukitel_orange/drivers/misc/mediatek/videox/mt6735/disp_drv_log.h:3:0,
                 from drivers/misc/mediatek/dispsys/mt6735/ddp_dsi.c:8:
/home/satory-ra/Android/kernel/android_kernel_oukitel_orange/drivers/misc/mediatek/dispsys/mt6735/display_recorder.h:136:6: note: expected 'unsigned int' but argument is of type 'volatile struct DSI_PHY_TIMCON0_REG *'
 void dprec_reg_op(void* cmdq, unsigned int reg, unsigned int val, unsigned int mask);
      ^
In file included from drivers/misc/mediatek/dispsys/mt6735/ddp_dsi.c:31:0:
/home/satory-ra/Android/kernel/android_kernel_oukitel_orange/drivers/misc/mediatek/dispsys/mt6735/mt6735m/ddp_reg.h:1487:38: warning: passing argument 1 of 'disp_addr_convert' makes integer from pointer without a cast
                 cmdqRecWrite(handle, disp_addr_convert(reg32), val, ~0); \
                                      ^
drivers/misc/mediatek/dispsys/mt6735/ddp_dsi.c:59:63: note: in expansion of macro 'DISP_REG_SET'
   else{mt_reg_sync_writel(INREG32(&REG),&r);r.bit = (value);  DISP_REG_SET(cmdq, &REG, INREG32(&r));}    \
                                                               ^
drivers/misc/mediatek/dispsys/mt6735/ddp_dsi.c:3959:4: note: in expansion of macro 'DSI_OUTREGBIT'
    DSI_OUTREGBIT(NULL, DSI_PHY_TIMCON0_REG, DSI_REG[0]->DSI_PHY_TIMECON0,HS_TRAIL,timing.value);
    ^
/home/satory-ra/Android/kernel/android_kernel_oukitel_orange/drivers/misc/mediatek/dispsys/mt6735/mt6735m/ddp_reg.h:1395:29: note: expected 'long unsigned int' but argument is of type 'volatile struct DSI_PHY_TIMCON0_REG *'
 static inline unsigned long disp_addr_convert(unsigned long va) 
                             ^
/home/satory-ra/Android/kernel/android_kernel_oukitel_orange/drivers/misc/mediatek/dispsys/mt6735/mt6735m/ddp_reg.h:1413:3: warning: passing argument 2 of 'dprec_reg_op' makes integer from pointer without a cast
   dprec_reg_op(handle, reg32, val, mask);\
   ^
drivers/misc/mediatek/dispsys/mt6735/ddp_dsi.c:58:145: note: in expansion of macro 'DISP_REG_MASK'
   if(cmdq)  {*(unsigned int*)(&r) = ((unsigned int)0x00000000);r.bit = ~(r.bit);*(unsigned int*)(&v) = ((unsigned int)0x00000000);v.bit = value;DISP_REG_MASK(cmdq, &REG, AS_UINT32(&v), AS_UINT32(&r));}  \
                                                                                                                                                 ^
drivers/misc/mediatek/dispsys/mt6735/ddp_dsi.c:3960:4: note: in expansion of macro 'DSI_OUTREGBIT'
    DSI_OUTREGBIT(NULL, DSI_PHY_TIMCON0_REG, DSI_REG[1]->DSI_PHY_TIMECON0,HS_TRAIL,timing.value);
    ^
In file included from /home/satory-ra/Android/kernel/android_kernel_oukitel_orange/drivers/misc/mediatek/videox/mt6735/disp_drv_log.h:3:0,
                 from drivers/misc/mediatek/dispsys/mt6735/ddp_dsi.c:8:
/home/satory-ra/Android/kernel/android_kernel_oukitel_orange/drivers/misc/mediatek/dispsys/mt6735/display_recorder.h:136:6: note: expected 'unsigned int' but argument is of type 'volatile struct DSI_PHY_TIMCON0_REG *'
 void dprec_reg_op(void* cmdq, unsigned int reg, unsigned int val, unsigned int mask);
      ^
In file included from drivers/misc/mediatek/dispsys/mt6735/ddp_dsi.c:31:0:
/home/satory-ra/Android/kernel/android_kernel_oukitel_orange/drivers/misc/mediatek/dispsys/mt6735/mt6735m/ddp_reg.h:1420:25: warning: passing argument 1 of 'disp_addr_convert' makes integer from pointer without a cast
    cmdqRecWrite(handle, disp_addr_convert(reg32), val, mask); \
                         ^
drivers/misc/mediatek/dispsys/mt6735/ddp_dsi.c:58:145: note: in expansion of macro 'DISP_REG_MASK'
   if(cmdq)  {*(unsigned int*)(&r) = ((unsigned int)0x00000000);r.bit = ~(r.bit);*(unsigned int*)(&v) = ((unsigned int)0x00000000);v.bit = value;DISP_REG_MASK(cmdq, &REG, AS_UINT32(&v), AS_UINT32(&r));}  \
                                                                                                                                                 ^
drivers/misc/mediatek/dispsys/mt6735/ddp_dsi.c:3960:4: note: in expansion of macro 'DSI_OUTREGBIT'
    DSI_OUTREGBIT(NULL, DSI_PHY_TIMCON0_REG, DSI_REG[1]->DSI_PHY_TIMECON0,HS_TRAIL,timing.value);
    ^
/home/satory-ra/Android/kernel/android_kernel_oukitel_orange/drivers/misc/mediatek/dispsys/mt6735/mt6735m/ddp_reg.h:1395:29: note: expected 'long unsigned int' but argument is of type 'volatile struct DSI_PHY_TIMCON0_REG *'
 static inline unsigned long disp_addr_convert(unsigned long va) 
                             ^
/home/satory-ra/Android/kernel/android_kernel_oukitel_orange/drivers/misc/mediatek/dispsys/mt6735/mt6735m/ddp_reg.h:1486:17: warning: passing argument 2 of 'dprec_reg_op' makes integer from pointer without a cast
                 dprec_reg_op(handle, reg32, val, 0x00000000);\
                 ^
drivers/misc/mediatek/dispsys/mt6735/ddp_dsi.c:59:63: note: in expansion of macro 'DISP_REG_SET'
   else{mt_reg_sync_writel(INREG32(&REG),&r);r.bit = (value);  DISP_REG_SET(cmdq, &REG, INREG32(&r));}    \
                                                               ^
drivers/misc/mediatek/dispsys/mt6735/ddp_dsi.c:3960:4: note: in expansion of macro 'DSI_OUTREGBIT'
    DSI_OUTREGBIT(NULL, DSI_PHY_TIMCON0_REG, DSI_REG[1]->DSI_PHY_TIMECON0,HS_TRAIL,timing.value);
    ^
In file included from /home/satory-ra/Android/kernel/android_kernel_oukitel_orange/drivers/misc/mediatek/videox/mt6735/disp_drv_log.h:3:0,
                 from drivers/misc/mediatek/dispsys/mt6735/ddp_dsi.c:8:
/home/satory-ra/Android/kernel/android_kernel_oukitel_orange/drivers/misc/mediatek/dispsys/mt6735/display_recorder.h:136:6: note: expected 'unsigned int' but argument is of type 'volatile struct DSI_PHY_TIMCON0_REG *'
 void dprec_reg_op(void* cmdq, unsigned int reg, unsigned int val, unsigned int mask);
      ^
In file included from drivers/misc/mediatek/dispsys/mt6735/ddp_dsi.c:31:0:
/home/satory-ra/Android/kernel/android_kernel_oukitel_orange/drivers/misc/mediatek/dispsys/mt6735/mt6735m/ddp_reg.h:1487:38: warning: passing argument 1 of 'disp_addr_convert' makes integer from pointer without a cast
                 cmdqRecWrite(handle, disp_addr_convert(reg32), val, ~0); \
                                      ^
drivers/misc/mediatek/dispsys/mt6735/ddp_dsi.c:59:63: note: in expansion of macro 'DISP_REG_SET'
   else{mt_reg_sync_writel(INREG32(&REG),&r);r.bit = (value);  DISP_REG_SET(cmdq, &REG, INREG32(&r));}    \
                                                               ^
drivers/misc/mediatek/dispsys/mt6735/ddp_dsi.c:3960:4: note: in expansion of macro 'DSI_OUTREGBIT'
    DSI_OUTREGBIT(NULL, DSI_PHY_TIMCON0_REG, DSI_REG[1]->DSI_PHY_TIMECON0,HS_TRAIL,timing.value);
    ^
/home/satory-ra/Android/kernel/android_kernel_oukitel_orange/drivers/misc/mediatek/dispsys/mt6735/mt6735m/ddp_reg.h:1395:29: note: expected 'long unsigned int' but argument is of type 'volatile struct DSI_PHY_TIMCON0_REG *'
 static inline unsigned long disp_addr_convert(unsigned long va) 
                             ^
/home/satory-ra/Android/kernel/android_kernel_oukitel_orange/drivers/misc/mediatek/dispsys/mt6735/mt6735m/ddp_reg.h:1413:3: warning: passing argument 2 of 'dprec_reg_op' makes integer from pointer without a cast
   dprec_reg_op(handle, reg32, val, mask);\
   ^
drivers/misc/mediatek/dispsys/mt6735/ddp_dsi.c:58:145: note: in expansion of macro 'DISP_REG_MASK'
   if(cmdq)  {*(unsigned int*)(&r) = ((unsigned int)0x00000000);r.bit = ~(r.bit);*(unsigned int*)(&v) = ((unsigned int)0x00000000);v.bit = value;DISP_REG_MASK(cmdq, &REG, AS_UINT32(&v), AS_UINT32(&r));}  \
                                                                                                                                                 ^
drivers/misc/mediatek/dispsys/mt6735/ddp_dsi.c:3967:4: note: in expansion of macro 'DSI_OUTREGBIT'
    DSI_OUTREGBIT(NULL, DSI_PHY_TIMCON1_REG, DSI_REG[0]->DSI_PHY_TIMECON1,TA_GO,timing.value);
    ^
In file included from /home/satory-ra/Android/kernel/android_kernel_oukitel_orange/drivers/misc/mediatek/videox/mt6735/disp_drv_log.h:3:0,
                 from drivers/misc/mediatek/dispsys/mt6735/ddp_dsi.c:8:
/home/satory-ra/Android/kernel/android_kernel_oukitel_orange/drivers/misc/mediatek/dispsys/mt6735/display_recorder.h:136:6: note: expected 'unsigned int' but argument is of type 'volatile struct DSI_PHY_TIMCON1_REG *'
 void dprec_reg_op(void* cmdq, unsigned int reg, unsigned int val, unsigned int mask);
      ^
In file included from drivers/misc/mediatek/dispsys/mt6735/ddp_dsi.c:31:0:
/home/satory-ra/Android/kernel/android_kernel_oukitel_orange/drivers/misc/mediatek/dispsys/mt6735/mt6735m/ddp_reg.h:1420:25: warning: passing argument 1 of 'disp_addr_convert' makes integer from pointer without a cast
    cmdqRecWrite(handle, disp_addr_convert(reg32), val, mask); \
                         ^
drivers/misc/mediatek/dispsys/mt6735/ddp_dsi.c:58:145: note: in expansion of macro 'DISP_REG_MASK'
   if(cmdq)  {*(unsigned int*)(&r) = ((unsigned int)0x00000000);r.bit = ~(r.bit);*(unsigned int*)(&v) = ((unsigned int)0x00000000);v.bit = value;DISP_REG_MASK(cmdq, &REG, AS_UINT32(&v), AS_UINT32(&r));}  \
                                                                                                                                                 ^
drivers/misc/mediatek/dispsys/mt6735/ddp_dsi.c:3967:4: note: in expansion of macro 'DSI_OUTREGBIT'
    DSI_OUTREGBIT(NULL, DSI_PHY_TIMCON1_REG, DSI_REG[0]->DSI_PHY_TIMECON1,TA_GO,timing.value);
    ^
/home/satory-ra/Android/kernel/android_kernel_oukitel_orange/drivers/misc/mediatek/dispsys/mt6735/mt6735m/ddp_reg.h:1395:29: note: expected 'long unsigned int' but argument is of type 'volatile struct DSI_PHY_TIMCON1_REG *'
 static inline unsigned long disp_addr_convert(unsigned long va) 
                             ^
/home/satory-ra/Android/kernel/android_kernel_oukitel_orange/drivers/misc/mediatek/dispsys/mt6735/mt6735m/ddp_reg.h:1486:17: warning: passing argument 2 of 'dprec_reg_op' makes integer from pointer without a cast
                 dprec_reg_op(handle, reg32, val, 0x00000000);\
                 ^
drivers/misc/mediatek/dispsys/mt6735/ddp_dsi.c:59:63: note: in expansion of macro 'DISP_REG_SET'
   else{mt_reg_sync_writel(INREG32(&REG),&r);r.bit = (value);  DISP_REG_SET(cmdq, &REG, INREG32(&r));}    \
                                                               ^
drivers/misc/mediatek/dispsys/mt6735/ddp_dsi.c:3967:4: note: in expansion of macro 'DSI_OUTREGBIT'
    DSI_OUTREGBIT(NULL, DSI_PHY_TIMCON1_REG, DSI_REG[0]->DSI_PHY_TIMECON1,TA_GO,timing.value);
    ^
In file included from /home/satory-ra/Android/kernel/android_kernel_oukitel_orange/drivers/misc/mediatek/videox/mt6735/disp_drv_log.h:3:0,
                 from drivers/misc/mediatek/dispsys/mt6735/ddp_dsi.c:8:
/home/satory-ra/Android/kernel/android_kernel_oukitel_orange/drivers/misc/mediatek/dispsys/mt6735/display_recorder.h:136:6: note: expected 'unsigned int' but argument is of type 'volatile struct DSI_PHY_TIMCON1_REG *'
 void dprec_reg_op(void* cmdq, unsigned int reg, unsigned int val, unsigned int mask);
      ^
In file included from drivers/misc/mediatek/dispsys/mt6735/ddp_dsi.c:31:0:
/home/satory-ra/Android/kernel/android_kernel_oukitel_orange/drivers/misc/mediatek/dispsys/mt6735/mt6735m/ddp_reg.h:1487:38: warning: passing argument 1 of 'disp_addr_convert' makes integer from pointer without a cast
                 cmdqRecWrite(handle, disp_addr_convert(reg32), val, ~0); \
                                      ^
drivers/misc/mediatek/dispsys/mt6735/ddp_dsi.c:59:63: note: in expansion of macro 'DISP_REG_SET'
   else{mt_reg_sync_writel(INREG32(&REG),&r);r.bit = (value);  DISP_REG_SET(cmdq, &REG, INREG32(&r));}    \
                                                               ^
drivers/misc/mediatek/dispsys/mt6735/ddp_dsi.c:3967:4: note: in expansion of macro 'DSI_OUTREGBIT'
    DSI_OUTREGBIT(NULL, DSI_PHY_TIMCON1_REG, DSI_REG[0]->DSI_PHY_TIMECON1,TA_GO,timing.value);
    ^
/home/satory-ra/Android/kernel/android_kernel_oukitel_orange/drivers/misc/mediatek/dispsys/mt6735/mt6735m/ddp_reg.h:1395:29: note: expected 'long unsigned int' but argument is of type 'volatile struct DSI_PHY_TIMCON1_REG *'
 static inline unsigned long disp_addr_convert(unsigned long va) 
                             ^
/home/satory-ra/Android/kernel/android_kernel_oukitel_orange/drivers/misc/mediatek/dispsys/mt6735/mt6735m/ddp_reg.h:1413:3: warning: passing argument 2 of 'dprec_reg_op' makes integer from pointer without a cast
   dprec_reg_op(handle, reg32, val, mask);\
   ^
drivers/misc/mediatek/dispsys/mt6735/ddp_dsi.c:58:145: note: in expansion of macro 'DISP_REG_MASK'
   if(cmdq)  {*(unsigned int*)(&r) = ((unsigned int)0x00000000);r.bit = ~(r.bit);*(unsigned int*)(&v) = ((unsigned int)0x00000000);v.bit = value;DISP_REG_MASK(cmdq, &REG, AS_UINT32(&v), AS_UINT32(&r));}  \
                                                                                                                                                 ^
drivers/misc/mediatek/dispsys/mt6735/ddp_dsi.c:3970:4: note: in expansion of macro 'DSI_OUTREGBIT'
    DSI_OUTREGBIT(NULL, DSI_PHY_TIMCON1_REG, DSI_REG[1]->DSI_PHY_TIMECON1,TA_GO,timing.value);
    ^
In file included from /home/satory-ra/Android/kernel/android_kernel_oukitel_orange/drivers/misc/mediatek/videox/mt6735/disp_drv_log.h:3:0,
                 from drivers/misc/mediatek/dispsys/mt6735/ddp_dsi.c:8:
/home/satory-ra/Android/kernel/android_kernel_oukitel_orange/drivers/misc/mediatek/dispsys/mt6735/display_recorder.h:136:6: note: expected 'unsigned int' but argument is of type 'volatile struct DSI_PHY_TIMCON1_REG *'
 void dprec_reg_op(void* cmdq, unsigned int reg, unsigned int val, unsigned int mask);
      ^
In file included from drivers/misc/mediatek/dispsys/mt6735/ddp_dsi.c:31:0:
/home/satory-ra/Android/kernel/android_kernel_oukitel_orange/drivers/misc/mediatek/dispsys/mt6735/mt6735m/ddp_reg.h:1420:25: warning: passing argument 1 of 'disp_addr_convert' makes integer from pointer without a cast
    cmdqRecWrite(handle, disp_addr_convert(reg32), val, mask); \
                         ^
drivers/misc/mediatek/dispsys/mt6735/ddp_dsi.c:58:145: note: in expansion of macro 'DISP_REG_MASK'
   if(cmdq)  {*(unsigned int*)(&r) = ((unsigned int)0x00000000);r.bit = ~(r.bit);*(unsigned int*)(&v) = ((unsigned int)0x00000000);v.bit = value;DISP_REG_MASK(cmdq, &REG, AS_UINT32(&v), AS_UINT32(&r));}  \
                                                                                                                                                 ^
drivers/misc/mediatek/dispsys/mt6735/ddp_dsi.c:3970:4: note: in expansion of macro 'DSI_OUTREGBIT'
    DSI_OUTREGBIT(NULL, DSI_PHY_TIMCON1_REG, DSI_REG[1]->DSI_PHY_TIMECON1,TA_GO,timing.value);
    ^
/home/satory-ra/Android/kernel/android_kernel_oukitel_orange/drivers/misc/mediatek/dispsys/mt6735/mt6735m/ddp_reg.h:1395:29: note: expected 'long unsigned int' but argument is of type 'volatile struct DSI_PHY_TIMCON1_REG *'
 static inline unsigned long disp_addr_convert(unsigned long va) 
                             ^
/home/satory-ra/Android/kernel/android_kernel_oukitel_orange/drivers/misc/mediatek/dispsys/mt6735/mt6735m/ddp_reg.h:1486:17: warning: passing argument 2 of 'dprec_reg_op' makes integer from pointer without a cast
                 dprec_reg_op(handle, reg32, val, 0x00000000);\
                 ^
drivers/misc/mediatek/dispsys/mt6735/ddp_dsi.c:59:63: note: in expansion of macro 'DISP_REG_SET'
   else{mt_reg_sync_writel(INREG32(&REG),&r);r.bit = (value);  DISP_REG_SET(cmdq, &REG, INREG32(&r));}    \
                                                               ^
drivers/misc/mediatek/dispsys/mt6735/ddp_dsi.c:3970:4: note: in expansion of macro 'DSI_OUTREGBIT'
    DSI_OUTREGBIT(NULL, DSI_PHY_TIMCON1_REG, DSI_REG[1]->DSI_PHY_TIMECON1,TA_GO,timing.value);
    ^
In file included from /home/satory-ra/Android/kernel/android_kernel_oukitel_orange/drivers/misc/mediatek/videox/mt6735/disp_drv_log.h:3:0,
                 from drivers/misc/mediatek/dispsys/mt6735/ddp_dsi.c:8:
/home/satory-ra/Android/kernel/android_kernel_oukitel_orange/drivers/misc/mediatek/dispsys/mt6735/display_recorder.h:136:6: note: expected 'unsigned int' but argument is of type 'volatile struct DSI_PHY_TIMCON1_REG *'
 void dprec_reg_op(void* cmdq, unsigned int reg, unsigned int val, unsigned int mask);
      ^
In file included from drivers/misc/mediatek/dispsys/mt6735/ddp_dsi.c:31:0:
/home/satory-ra/Android/kernel/android_kernel_oukitel_orange/drivers/misc/mediatek/dispsys/mt6735/mt6735m/ddp_reg.h:1487:38: warning: passing argument 1 of 'disp_addr_convert' makes integer from pointer without a cast
                 cmdqRecWrite(handle, disp_addr_convert(reg32), val, ~0); \
                                      ^
drivers/misc/mediatek/dispsys/mt6735/ddp_dsi.c:59:63: note: in expansion of macro 'DISP_REG_SET'
   else{mt_reg_sync_writel(INREG32(&REG),&r);r.bit = (value);  DISP_REG_SET(cmdq, &REG, INREG32(&r));}    \
                                                               ^
drivers/misc/mediatek/dispsys/mt6735/ddp_dsi.c:3970:4: note: in expansion of macro 'DSI_OUTREGBIT'
    DSI_OUTREGBIT(NULL, DSI_PHY_TIMCON1_REG, DSI_REG[1]->DSI_PHY_TIMECON1,TA_GO,timing.value);
    ^
/home/satory-ra/Android/kernel/android_kernel_oukitel_orange/drivers/misc/mediatek/dispsys/mt6735/mt6735m/ddp_reg.h:1395:29: note: expected 'long unsigned int' but argument is of type 'volatile struct DSI_PHY_TIMCON1_REG *'
 static inline unsigned long disp_addr_convert(unsigned long va) 
                             ^
/home/satory-ra/Android/kernel/android_kernel_oukitel_orange/drivers/misc/mediatek/dispsys/mt6735/mt6735m/ddp_reg.h:1413:3: warning: passing argument 2 of 'dprec_reg_op' makes integer from pointer without a cast
   dprec_reg_op(handle, reg32, val, mask);\
   ^
drivers/misc/mediatek/dispsys/mt6735/ddp_dsi.c:58:145: note: in expansion of macro 'DISP_REG_MASK'
   if(cmdq)  {*(unsigned int*)(&r) = ((unsigned int)0x00000000);r.bit = ~(r.bit);*(unsigned int*)(&v) = ((unsigned int)0x00000000);v.bit = value;DISP_REG_MASK(cmdq, &REG, AS_UINT32(&v), AS_UINT32(&r));}  \
                                                                                                                                                 ^
drivers/misc/mediatek/dispsys/mt6735/ddp_dsi.c:3973:7: note: in expansion of macro 'DSI_OUTREGBIT'
       DSI_OUTREGBIT(NULL, DSI_PHY_TIMCON1_REG, DSI_REG[0]->DSI_PHY_TIMECON1,TA_GO,timing.value);
       ^
In file included from /home/satory-ra/Android/kernel/android_kernel_oukitel_orange/drivers/misc/mediatek/videox/mt6735/disp_drv_log.h:3:0,
                 from drivers/misc/mediatek/dispsys/mt6735/ddp_dsi.c:8:
/home/satory-ra/Android/kernel/android_kernel_oukitel_orange/drivers/misc/mediatek/dispsys/mt6735/display_recorder.h:136:6: note: expected 'unsigned int' but argument is of type 'volatile struct DSI_PHY_TIMCON1_REG *'
 void dprec_reg_op(void* cmdq, unsigned int reg, unsigned int val, unsigned int mask);
      ^
In file included from drivers/misc/mediatek/dispsys/mt6735/ddp_dsi.c:31:0:
/home/satory-ra/Android/kernel/android_kernel_oukitel_orange/drivers/misc/mediatek/dispsys/mt6735/mt6735m/ddp_reg.h:1420:25: warning: passing argument 1 of 'disp_addr_convert' makes integer from pointer without a cast
    cmdqRecWrite(handle, disp_addr_convert(reg32), val, mask); \
                         ^
drivers/misc/mediatek/dispsys/mt6735/ddp_dsi.c:58:145: note: in expansion of macro 'DISP_REG_MASK'
   if(cmdq)  {*(unsigned int*)(&r) = ((unsigned int)0x00000000);r.bit = ~(r.bit);*(unsigned int*)(&v) = ((unsigned int)0x00000000);v.bit = value;DISP_REG_MASK(cmdq, &REG, AS_UINT32(&v), AS_UINT32(&r));}  \
                                                                                                                                                 ^
drivers/misc/mediatek/dispsys/mt6735/ddp_dsi.c:3973:7: note: in expansion of macro 'DSI_OUTREGBIT'
       DSI_OUTREGBIT(NULL, DSI_PHY_TIMCON1_REG, DSI_REG[0]->DSI_PHY_TIMECON1,TA_GO,timing.value);
       ^
/home/satory-ra/Android/kernel/android_kernel_oukitel_orange/drivers/misc/mediatek/dispsys/mt6735/mt6735m/ddp_reg.h:1395:29: note: expected 'long unsigned int' but argument is of type 'volatile struct DSI_PHY_TIMCON1_REG *'
 static inline unsigned long disp_addr_convert(unsigned long va) 
                             ^
/home/satory-ra/Android/kernel/android_kernel_oukitel_orange/drivers/misc/mediatek/dispsys/mt6735/mt6735m/ddp_reg.h:1486:17: warning: passing argument 2 of 'dprec_reg_op' makes integer from pointer without a cast
                 dprec_reg_op(handle, reg32, val, 0x00000000);\
                 ^
drivers/misc/mediatek/dispsys/mt6735/ddp_dsi.c:59:63: note: in expansion of macro 'DISP_REG_SET'
   else{mt_reg_sync_writel(INREG32(&REG),&r);r.bit = (value);  DISP_REG_SET(cmdq, &REG, INREG32(&r));}    \
                                                               ^
drivers/misc/mediatek/dispsys/mt6735/ddp_dsi.c:3973:7: note: in expansion of macro 'DSI_OUTREGBIT'
       DSI_OUTREGBIT(NULL, DSI_PHY_TIMCON1_REG, DSI_REG[0]->DSI_PHY_TIMECON1,TA_GO,timing.value);
       ^
In file included from /home/satory-ra/Android/kernel/android_kernel_oukitel_orange/drivers/misc/mediatek/videox/mt6735/disp_drv_log.h:3:0,
                 from drivers/misc/mediatek/dispsys/mt6735/ddp_dsi.c:8:
/home/satory-ra/Android/kernel/android_kernel_oukitel_orange/drivers/misc/mediatek/dispsys/mt6735/display_recorder.h:136:6: note: expected 'unsigned int' but argument is of type 'volatile struct DSI_PHY_TIMCON1_REG *'
 void dprec_reg_op(void* cmdq, unsigned int reg, unsigned int val, unsigned int mask);
      ^
In file included from drivers/misc/mediatek/dispsys/mt6735/ddp_dsi.c:31:0:
/home/satory-ra/Android/kernel/android_kernel_oukitel_orange/drivers/misc/mediatek/dispsys/mt6735/mt6735m/ddp_reg.h:1487:38: warning: passing argument 1 of 'disp_addr_convert' makes integer from pointer without a cast
                 cmdqRecWrite(handle, disp_addr_convert(reg32), val, ~0); \
                                      ^
drivers/misc/mediatek/dispsys/mt6735/ddp_dsi.c:59:63: note: in expansion of macro 'DISP_REG_SET'
   else{mt_reg_sync_writel(INREG32(&REG),&r);r.bit = (value);  DISP_REG_SET(cmdq, &REG, INREG32(&r));}    \
                                                               ^
drivers/misc/mediatek/dispsys/mt6735/ddp_dsi.c:3973:7: note: in expansion of macro 'DSI_OUTREGBIT'
       DSI_OUTREGBIT(NULL, DSI_PHY_TIMCON1_REG, DSI_REG[0]->DSI_PHY_TIMECON1,TA_GO,timing.value);
       ^
/home/satory-ra/Android/kernel/android_kernel_oukitel_orange/drivers/misc/mediatek/dispsys/mt6735/mt6735m/ddp_reg.h:1395:29: note: expected 'long unsigned int' but argument is of type 'volatile struct DSI_PHY_TIMCON1_REG *'
 static inline unsigned long disp_addr_convert(unsigned long va) 
                             ^
/home/satory-ra/Android/kernel/android_kernel_oukitel_orange/drivers/misc/mediatek/dispsys/mt6735/mt6735m/ddp_reg.h:1413:3: warning: passing argument 2 of 'dprec_reg_op' makes integer from pointer without a cast
   dprec_reg_op(handle, reg32, val, mask);\
   ^
drivers/misc/mediatek/dispsys/mt6735/ddp_dsi.c:58:145: note: in expansion of macro 'DISP_REG_MASK'
   if(cmdq)  {*(unsigned int*)(&r) = ((unsigned int)0x00000000);r.bit = ~(r.bit);*(unsigned int*)(&v) = ((unsigned int)0x00000000);v.bit = value;DISP_REG_MASK(cmdq, &REG, AS_UINT32(&v), AS_UINT32(&r));}  \
                                                                                                                                                 ^
drivers/misc/mediatek/dispsys/mt6735/ddp_dsi.c:3974:4: note: in expansion of macro 'DSI_OUTREGBIT'
    DSI_OUTREGBIT(NULL, DSI_PHY_TIMCON1_REG, DSI_REG[1]->DSI_PHY_TIMECON1,TA_GO,timing.value);  
    ^
In file included from /home/satory-ra/Android/kernel/android_kernel_oukitel_orange/drivers/misc/mediatek/videox/mt6735/disp_drv_log.h:3:0,
                 from drivers/misc/mediatek/dispsys/mt6735/ddp_dsi.c:8:
/home/satory-ra/Android/kernel/android_kernel_oukitel_orange/drivers/misc/mediatek/dispsys/mt6735/display_recorder.h:136:6: note: expected 'unsigned int' but argument is of type 'volatile struct DSI_PHY_TIMCON1_REG *'
 void dprec_reg_op(void* cmdq, unsigned int reg, unsigned int val, unsigned int mask);
      ^
  LD      net/packet/built-in.o
In file included from drivers/misc/mediatek/dispsys/mt6735/ddp_dsi.c:31:0:
/home/satory-ra/Android/kernel/android_kernel_oukitel_orange/drivers/misc/mediatek/dispsys/mt6735/mt6735m/ddp_reg.h:1420:25: warning: passing argument 1 of 'disp_addr_convert' makes integer from pointer without a cast
    cmdqRecWrite(handle, disp_addr_convert(reg32), val, mask); \
                         ^
drivers/misc/mediatek/dispsys/mt6735/ddp_dsi.c:58:145: note: in expansion of macro 'DISP_REG_MASK'
   if(cmdq)  {*(unsigned int*)(&r) = ((unsigned int)0x00000000);r.bit = ~(r.bit);*(unsigned int*)(&v) = ((unsigned int)0x00000000);v.bit = value;DISP_REG_MASK(cmdq, &REG, AS_UINT32(&v), AS_UINT32(&r));}  \
                                                                                                                                                 ^
drivers/misc/mediatek/dispsys/mt6735/ddp_dsi.c:3974:4: note: in expansion of macro 'DSI_OUTREGBIT'
    DSI_OUTREGBIT(NULL, DSI_PHY_TIMCON1_REG, DSI_REG[1]->DSI_PHY_TIMECON1,TA_GO,timing.value);  
    ^
/home/satory-ra/Android/kernel/android_kernel_oukitel_orange/drivers/misc/mediatek/dispsys/mt6735/mt6735m/ddp_reg.h:1395:29: note: expected 'long unsigned int' but argument is of type 'volatile struct DSI_PHY_TIMCON1_REG *'
 static inline unsigned long disp_addr_convert(unsigned long va) 
                             ^
/home/satory-ra/Android/kernel/android_kernel_oukitel_orange/drivers/misc/mediatek/dispsys/mt6735/mt6735m/ddp_reg.h:1486:17: warning: passing argument 2 of 'dprec_reg_op' makes integer from pointer without a cast
                 dprec_reg_op(handle, reg32, val, 0x00000000);\
                 ^
drivers/misc/mediatek/dispsys/mt6735/ddp_dsi.c:59:63: note: in expansion of macro 'DISP_REG_SET'
   else{mt_reg_sync_writel(INREG32(&REG),&r);r.bit = (value);  DISP_REG_SET(cmdq, &REG, INREG32(&r));}    \
                                                               ^
drivers/misc/mediatek/dispsys/mt6735/ddp_dsi.c:3974:4: note: in expansion of macro 'DSI_OUTREGBIT'
    DSI_OUTREGBIT(NULL, DSI_PHY_TIMCON1_REG, DSI_REG[1]->DSI_PHY_TIMECON1,TA_GO,timing.value);  
    ^
In file included from /home/satory-ra/Android/kernel/android_kernel_oukitel_orange/drivers/misc/mediatek/videox/mt6735/disp_drv_log.h:3:0,
                 from drivers/misc/mediatek/dispsys/mt6735/ddp_dsi.c:8:
/home/satory-ra/Android/kernel/android_kernel_oukitel_orange/drivers/misc/mediatek/dispsys/mt6735/display_recorder.h:136:6: note: expected 'unsigned int' but argument is of type 'volatile struct DSI_PHY_TIMCON1_REG *'
 void dprec_reg_op(void* cmdq, unsigned int reg, unsigned int val, unsigned int mask);
      ^
In file included from drivers/misc/mediatek/dispsys/mt6735/ddp_dsi.c:31:0:
/home/satory-ra/Android/kernel/android_kernel_oukitel_orange/drivers/misc/mediatek/dispsys/mt6735/mt6735m/ddp_reg.h:1487:38: warning: passing argument 1 of 'disp_addr_convert' makes integer from pointer without a cast
                 cmdqRecWrite(handle, disp_addr_convert(reg32), val, ~0); \
                                      ^
drivers/misc/mediatek/dispsys/mt6735/ddp_dsi.c:59:63: note: in expansion of macro 'DISP_REG_SET'
   else{mt_reg_sync_writel(INREG32(&REG),&r);r.bit = (value);  DISP_REG_SET(cmdq, &REG, INREG32(&r));}    \
                                                               ^
drivers/misc/mediatek/dispsys/mt6735/ddp_dsi.c:3974:4: note: in expansion of macro 'DSI_OUTREGBIT'
    DSI_OUTREGBIT(NULL, DSI_PHY_TIMCON1_REG, DSI_REG[1]->DSI_PHY_TIMECON1,TA_GO,timing.value);  
    ^
/home/satory-ra/Android/kernel/android_kernel_oukitel_orange/drivers/misc/mediatek/dispsys/mt6735/mt6735m/ddp_reg.h:1395:29: note: expected 'long unsigned int' but argument is of type 'volatile struct DSI_PHY_TIMCON1_REG *'
 static inline unsigned long disp_addr_convert(unsigned long va) 
                             ^
/home/satory-ra/Android/kernel/android_kernel_oukitel_orange/drivers/misc/mediatek/dispsys/mt6735/mt6735m/ddp_reg.h:1413:3: warning: passing argument 2 of 'dprec_reg_op' makes integer from pointer without a cast
   dprec_reg_op(handle, reg32, val, mask);\
   ^
drivers/misc/mediatek/dispsys/mt6735/ddp_dsi.c:58:145: note: in expansion of macro 'DISP_REG_MASK'
   if(cmdq)  {*(unsigned int*)(&r) = ((unsigned int)0x00000000);r.bit = ~(r.bit);*(unsigned int*)(&v) = ((unsigned int)0x00000000);v.bit = value;DISP_REG_MASK(cmdq, &REG, AS_UINT32(&v), AS_UINT32(&r));}  \
                                                                                                                                                 ^
drivers/misc/mediatek/dispsys/mt6735/ddp_dsi.c:3981:4: note: in expansion of macro 'DSI_OUTREGBIT'
    DSI_OUTREGBIT(NULL, DSI_PHY_TIMCON1_REG, DSI_REG[0]->DSI_PHY_TIMECON1,TA_SURE,timing.value);
    ^
In file included from /home/satory-ra/Android/kernel/android_kernel_oukitel_orange/drivers/misc/mediatek/videox/mt6735/disp_drv_log.h:3:0,
                 from drivers/misc/mediatek/dispsys/mt6735/ddp_dsi.c:8:
/home/satory-ra/Android/kernel/android_kernel_oukitel_orange/drivers/misc/mediatek/dispsys/mt6735/display_recorder.h:136:6: note: expected 'unsigned int' but argument is of type 'volatile struct DSI_PHY_TIMCON1_REG *'
 void dprec_reg_op(void* cmdq, unsigned int reg, unsigned int val, unsigned int mask);
      ^
In file included from drivers/misc/mediatek/dispsys/mt6735/ddp_dsi.c:31:0:
/home/satory-ra/Android/kernel/android_kernel_oukitel_orange/drivers/misc/mediatek/dispsys/mt6735/mt6735m/ddp_reg.h:1420:25: warning: passing argument 1 of 'disp_addr_convert' makes integer from pointer without a cast
    cmdqRecWrite(handle, disp_addr_convert(reg32), val, mask); \
                         ^
drivers/misc/mediatek/dispsys/mt6735/ddp_dsi.c:58:145: note: in expansion of macro 'DISP_REG_MASK'
   if(cmdq)  {*(unsigned int*)(&r) = ((unsigned int)0x00000000);r.bit = ~(r.bit);*(unsigned int*)(&v) = ((unsigned int)0x00000000);v.bit = value;DISP_REG_MASK(cmdq, &REG, AS_UINT32(&v), AS_UINT32(&r));}  \
                                                                                                                                                 ^
drivers/misc/mediatek/dispsys/mt6735/ddp_dsi.c:3981:4: note: in expansion of macro 'DSI_OUTREGBIT'
    DSI_OUTREGBIT(NULL, DSI_PHY_TIMCON1_REG, DSI_REG[0]->DSI_PHY_TIMECON1,TA_SURE,timing.value);
    ^
/home/satory-ra/Android/kernel/android_kernel_oukitel_orange/drivers/misc/mediatek/dispsys/mt6735/mt6735m/ddp_reg.h:1395:29: note: expected 'long unsigned int' but argument is of type 'volatile struct DSI_PHY_TIMCON1_REG *'
 static inline unsigned long disp_addr_convert(unsigned long va) 
                             ^
/home/satory-ra/Android/kernel/android_kernel_oukitel_orange/drivers/misc/mediatek/dispsys/mt6735/mt6735m/ddp_reg.h:1486:17: warning: passing argument 2 of 'dprec_reg_op' makes integer from pointer without a cast
                 dprec_reg_op(handle, reg32, val, 0x00000000);\
                 ^
drivers/misc/mediatek/dispsys/mt6735/ddp_dsi.c:59:63: note: in expansion of macro 'DISP_REG_SET'
   else{mt_reg_sync_writel(INREG32(&REG),&r);r.bit = (value);  DISP_REG_SET(cmdq, &REG, INREG32(&r));}    \
                                                               ^
drivers/misc/mediatek/dispsys/mt6735/ddp_dsi.c:3981:4: note: in expansion of macro 'DSI_OUTREGBIT'
    DSI_OUTREGBIT(NULL, DSI_PHY_TIMCON1_REG, DSI_REG[0]->DSI_PHY_TIMECON1,TA_SURE,timing.value);
    ^
In file included from /home/satory-ra/Android/kernel/android_kernel_oukitel_orange/drivers/misc/mediatek/videox/mt6735/disp_drv_log.h:3:0,
                 from drivers/misc/mediatek/dispsys/mt6735/ddp_dsi.c:8:
/home/satory-ra/Android/kernel/android_kernel_oukitel_orange/drivers/misc/mediatek/dispsys/mt6735/display_recorder.h:136:6: note: expected 'unsigned int' but argument is of type 'volatile struct DSI_PHY_TIMCON1_REG *'
 void dprec_reg_op(void* cmdq, unsigned int reg, unsigned int val, unsigned int mask);
      ^
  CC      net/sched/sch_generic.o
In file included from drivers/misc/mediatek/connectivity/conn_soc/drv_wlan/mt_wifi/wlan/include/precomp.h:241:0,
                 from drivers/misc/mediatek/connectivity/conn_soc/drv_wlan/mt_wifi/wlan/mgmt/p2p_func.c:1:
drivers/misc/mediatek/connectivity/conn_soc/drv_wlan/mt_wifi/wlan/include/mgmt/scan.h:324:0: warning: "CFG_BATCH_MAX_MSCAN" redefined
 #define CFG_BATCH_MAX_MSCAN 4
 ^
In file included from drivers/misc/mediatek/connectivity/conn_soc/drv_wlan/mt_wifi/wlan/os/linux/include/gl_os.h:584:0,
                 from drivers/misc/mediatek/connectivity/conn_soc/drv_wlan/mt_wifi/wlan/include/precomp.h:173,
                 from drivers/misc/mediatek/connectivity/conn_soc/drv_wlan/mt_wifi/wlan/mgmt/p2p_func.c:1:
drivers/misc/mediatek/connectivity/conn_soc/drv_wlan/mt_wifi/wlan/include/config.h:1585:0: note: this is the location of the previous definition
 #define CFG_BATCH_MAX_MSCAN                 2
 ^
In file included from drivers/misc/mediatek/dispsys/mt6735/ddp_dsi.c:31:0:
/home/satory-ra/Android/kernel/android_kernel_oukitel_orange/drivers/misc/mediatek/dispsys/mt6735/mt6735m/ddp_reg.h:1487:38: warning: passing argument 1 of 'disp_addr_convert' makes integer from pointer without a cast
                 cmdqRecWrite(handle, disp_addr_convert(reg32), val, ~0); \
                                      ^
drivers/misc/mediatek/dispsys/mt6735/ddp_dsi.c:59:63: note: in expansion of macro 'DISP_REG_SET'
   else{mt_reg_sync_writel(INREG32(&REG),&r);r.bit = (value);  DISP_REG_SET(cmdq, &REG, INREG32(&r));}    \
                                                               ^
drivers/misc/mediatek/dispsys/mt6735/ddp_dsi.c:3981:4: note: in expansion of macro 'DSI_OUTREGBIT'
    DSI_OUTREGBIT(NULL, DSI_PHY_TIMCON1_REG, DSI_REG[0]->DSI_PHY_TIMECON1,TA_SURE,timing.value);
    ^
/home/satory-ra/Android/kernel/android_kernel_oukitel_orange/drivers/misc/mediatek/dispsys/mt6735/mt6735m/ddp_reg.h:1395:29: note: expected 'long unsigned int' but argument is of type 'volatile struct DSI_PHY_TIMCON1_REG *'
 static inline unsigned long disp_addr_convert(unsigned long va) 
                             ^
/home/satory-ra/Android/kernel/android_kernel_oukitel_orange/drivers/misc/mediatek/dispsys/mt6735/mt6735m/ddp_reg.h:1413:3: warning: passing argument 2 of 'dprec_reg_op' makes integer from pointer without a cast
   dprec_reg_op(handle, reg32, val, mask);\
   ^
drivers/misc/mediatek/dispsys/mt6735/ddp_dsi.c:58:145: note: in expansion of macro 'DISP_REG_MASK'
   if(cmdq)  {*(unsigned int*)(&r) = ((unsigned int)0x00000000);r.bit = ~(r.bit);*(unsigned int*)(&v) = ((unsigned int)0x00000000);v.bit = value;DISP_REG_MASK(cmdq, &REG, AS_UINT32(&v), AS_UINT32(&r));}  \
                                                                                                                                                 ^
drivers/misc/mediatek/dispsys/mt6735/ddp_dsi.c:3984:4: note: in expansion of macro 'DSI_OUTREGBIT'
    DSI_OUTREGBIT(NULL, DSI_PHY_TIMCON1_REG, DSI_REG[1]->DSI_PHY_TIMECON1,TA_SURE,timing.value);
    ^
In file included from /home/satory-ra/Android/kernel/android_kernel_oukitel_orange/drivers/misc/mediatek/videox/mt6735/disp_drv_log.h:3:0,
                 from drivers/misc/mediatek/dispsys/mt6735/ddp_dsi.c:8:
/home/satory-ra/Android/kernel/android_kernel_oukitel_orange/drivers/misc/mediatek/dispsys/mt6735/display_recorder.h:136:6: note: expected 'unsigned int' but argument is of type 'volatile struct DSI_PHY_TIMCON1_REG *'
 void dprec_reg_op(void* cmdq, unsigned int reg, unsigned int val, unsigned int mask);
      ^
In file included from drivers/misc/mediatek/dispsys/mt6735/ddp_dsi.c:31:0:
/home/satory-ra/Android/kernel/android_kernel_oukitel_orange/drivers/misc/mediatek/dispsys/mt6735/mt6735m/ddp_reg.h:1420:25: warning: passing argument 1 of 'disp_addr_convert' makes integer from pointer without a cast
    cmdqRecWrite(handle, disp_addr_convert(reg32), val, mask); \
                         ^
drivers/misc/mediatek/dispsys/mt6735/ddp_dsi.c:58:145: note: in expansion of macro 'DISP_REG_MASK'
   if(cmdq)  {*(unsigned int*)(&r) = ((unsigned int)0x00000000);r.bit = ~(r.bit);*(unsigned int*)(&v) = ((unsigned int)0x00000000);v.bit = value;DISP_REG_MASK(cmdq, &REG, AS_UINT32(&v), AS_UINT32(&r));}  \
                                                                                                                                                 ^
drivers/misc/mediatek/dispsys/mt6735/ddp_dsi.c:3984:4: note: in expansion of macro 'DSI_OUTREGBIT'
    DSI_OUTREGBIT(NULL, DSI_PHY_TIMCON1_REG, DSI_REG[1]->DSI_PHY_TIMECON1,TA_SURE,timing.value);
    ^
/home/satory-ra/Android/kernel/android_kernel_oukitel_orange/drivers/misc/mediatek/dispsys/mt6735/mt6735m/ddp_reg.h:1395:29: note: expected 'long unsigned int' but argument is of type 'volatile struct DSI_PHY_TIMCON1_REG *'
 static inline unsigned long disp_addr_convert(unsigned long va) 
                             ^
/home/satory-ra/Android/kernel/android_kernel_oukitel_orange/drivers/misc/mediatek/dispsys/mt6735/mt6735m/ddp_reg.h:1486:17: warning: passing argument 2 of 'dprec_reg_op' makes integer from pointer without a cast
                 dprec_reg_op(handle, reg32, val, 0x00000000);\
                 ^
drivers/misc/mediatek/dispsys/mt6735/ddp_dsi.c:59:63: note: in expansion of macro 'DISP_REG_SET'
   else{mt_reg_sync_writel(INREG32(&REG),&r);r.bit = (value);  DISP_REG_SET(cmdq, &REG, INREG32(&r));}    \
                                                               ^
drivers/misc/mediatek/dispsys/mt6735/ddp_dsi.c:3984:4: note: in expansion of macro 'DSI_OUTREGBIT'
    DSI_OUTREGBIT(NULL, DSI_PHY_TIMCON1_REG, DSI_REG[1]->DSI_PHY_TIMECON1,TA_SURE,timing.value);
    ^
In file included from /home/satory-ra/Android/kernel/android_kernel_oukitel_orange/drivers/misc/mediatek/videox/mt6735/disp_drv_log.h:3:0,
                 from drivers/misc/mediatek/dispsys/mt6735/ddp_dsi.c:8:
/home/satory-ra/Android/kernel/android_kernel_oukitel_orange/drivers/misc/mediatek/dispsys/mt6735/display_recorder.h:136:6: note: expected 'unsigned int' but argument is of type 'volatile struct DSI_PHY_TIMCON1_REG *'
 void dprec_reg_op(void* cmdq, unsigned int reg, unsigned int val, unsigned int mask);
      ^
In file included from drivers/misc/mediatek/dispsys/mt6735/ddp_dsi.c:31:0:
/home/satory-ra/Android/kernel/android_kernel_oukitel_orange/drivers/misc/mediatek/dispsys/mt6735/mt6735m/ddp_reg.h:1487:38: warning: passing argument 1 of 'disp_addr_convert' makes integer from pointer without a cast
                 cmdqRecWrite(handle, disp_addr_convert(reg32), val, ~0); \
                                      ^
drivers/misc/mediatek/dispsys/mt6735/ddp_dsi.c:59:63: note: in expansion of macro 'DISP_REG_SET'
   else{mt_reg_sync_writel(INREG32(&REG),&r);r.bit = (value);  DISP_REG_SET(cmdq, &REG, INREG32(&r));}    \
                                                               ^
drivers/misc/mediatek/dispsys/mt6735/ddp_dsi.c:3984:4: note: in expansion of macro 'DSI_OUTREGBIT'
    DSI_OUTREGBIT(NULL, DSI_PHY_TIMCON1_REG, DSI_REG[1]->DSI_PHY_TIMECON1,TA_SURE,timing.value);
    ^
/home/satory-ra/Android/kernel/android_kernel_oukitel_orange/drivers/misc/mediatek/dispsys/mt6735/mt6735m/ddp_reg.h:1395:29: note: expected 'long unsigned int' but argument is of type 'volatile struct DSI_PHY_TIMCON1_REG *'
 static inline unsigned long disp_addr_convert(unsigned long va) 
                             ^
/home/satory-ra/Android/kernel/android_kernel_oukitel_orange/drivers/misc/mediatek/dispsys/mt6735/mt6735m/ddp_reg.h:1413:3: warning: passing argument 2 of 'dprec_reg_op' makes integer from pointer without a cast
   dprec_reg_op(handle, reg32, val, mask);\
   ^
drivers/misc/mediatek/dispsys/mt6735/ddp_dsi.c:58:145: note: in expansion of macro 'DISP_REG_MASK'
   if(cmdq)  {*(unsigned int*)(&r) = ((unsigned int)0x00000000);r.bit = ~(r.bit);*(unsigned int*)(&v) = ((unsigned int)0x00000000);v.bit = value;DISP_REG_MASK(cmdq, &REG, AS_UINT32(&v), AS_UINT32(&r));}  \
                                                                                                                                                 ^
drivers/misc/mediatek/dispsys/mt6735/ddp_dsi.c:3987:7: note: in expansion of macro 'DSI_OUTREGBIT'
       DSI_OUTREGBIT(NULL, DSI_PHY_TIMCON1_REG, DSI_REG[0]->DSI_PHY_TIMECON1,TA_SURE,timing.value);
       ^
In file included from /home/satory-ra/Android/kernel/android_kernel_oukitel_orange/drivers/misc/mediatek/videox/mt6735/disp_drv_log.h:3:0,
                 from drivers/misc/mediatek/dispsys/mt6735/ddp_dsi.c:8:
/home/satory-ra/Android/kernel/android_kernel_oukitel_orange/drivers/misc/mediatek/dispsys/mt6735/display_recorder.h:136:6: note: expected 'unsigned int' but argument is of type 'volatile struct DSI_PHY_TIMCON1_REG *'
 void dprec_reg_op(void* cmdq, unsigned int reg, unsigned int val, unsigned int mask);
      ^
In file included from drivers/misc/mediatek/dispsys/mt6735/ddp_dsi.c:31:0:
/home/satory-ra/Android/kernel/android_kernel_oukitel_orange/drivers/misc/mediatek/dispsys/mt6735/mt6735m/ddp_reg.h:1420:25: warning: passing argument 1 of 'disp_addr_convert' makes integer from pointer without a cast
    cmdqRecWrite(handle, disp_addr_convert(reg32), val, mask); \
                         ^
drivers/misc/mediatek/dispsys/mt6735/ddp_dsi.c:58:145: note: in expansion of macro 'DISP_REG_MASK'
   if(cmdq)  {*(unsigned int*)(&r) = ((unsigned int)0x00000000);r.bit = ~(r.bit);*(unsigned int*)(&v) = ((unsigned int)0x00000000);v.bit = value;DISP_REG_MASK(cmdq, &REG, AS_UINT32(&v), AS_UINT32(&r));}  \
                                                                                                                                                 ^
drivers/misc/mediatek/dispsys/mt6735/ddp_dsi.c:3987:7: note: in expansion of macro 'DSI_OUTREGBIT'
       DSI_OUTREGBIT(NULL, DSI_PHY_TIMCON1_REG, DSI_REG[0]->DSI_PHY_TIMECON1,TA_SURE,timing.value);
       ^
/home/satory-ra/Android/kernel/android_kernel_oukitel_orange/drivers/misc/mediatek/dispsys/mt6735/mt6735m/ddp_reg.h:1395:29: note: expected 'long unsigned int' but argument is of type 'volatile struct DSI_PHY_TIMCON1_REG *'
 static inline unsigned long disp_addr_convert(unsigned long va) 
                             ^
/home/satory-ra/Android/kernel/android_kernel_oukitel_orange/drivers/misc/mediatek/dispsys/mt6735/mt6735m/ddp_reg.h:1486:17: warning: passing argument 2 of 'dprec_reg_op' makes integer from pointer without a cast
                 dprec_reg_op(handle, reg32, val, 0x00000000);\
                 ^
drivers/misc/mediatek/dispsys/mt6735/ddp_dsi.c:59:63: note: in expansion of macro 'DISP_REG_SET'
   else{mt_reg_sync_writel(INREG32(&REG),&r);r.bit = (value);  DISP_REG_SET(cmdq, &REG, INREG32(&r));}    \
                                                               ^
drivers/misc/mediatek/dispsys/mt6735/ddp_dsi.c:3987:7: note: in expansion of macro 'DSI_OUTREGBIT'
       DSI_OUTREGBIT(NULL, DSI_PHY_TIMCON1_REG, DSI_REG[0]->DSI_PHY_TIMECON1,TA_SURE,timing.value);
       ^
In file included from /home/satory-ra/Android/kernel/android_kernel_oukitel_orange/drivers/misc/mediatek/videox/mt6735/disp_drv_log.h:3:0,
                 from drivers/misc/mediatek/dispsys/mt6735/ddp_dsi.c:8:
/home/satory-ra/Android/kernel/android_kernel_oukitel_orange/drivers/misc/mediatek/dispsys/mt6735/display_recorder.h:136:6: note: expected 'unsigned int' but argument is of type 'volatile struct DSI_PHY_TIMCON1_REG *'
 void dprec_reg_op(void* cmdq, unsigned int reg, unsigned int val, unsigned int mask);
      ^
In file included from drivers/misc/mediatek/dispsys/mt6735/ddp_dsi.c:31:0:
/home/satory-ra/Android/kernel/android_kernel_oukitel_orange/drivers/misc/mediatek/dispsys/mt6735/mt6735m/ddp_reg.h:1487:38: warning: passing argument 1 of 'disp_addr_convert' makes integer from pointer without a cast
                 cmdqRecWrite(handle, disp_addr_convert(reg32), val, ~0); \
                                      ^
drivers/misc/mediatek/dispsys/mt6735/ddp_dsi.c:59:63: note: in expansion of macro 'DISP_REG_SET'
   else{mt_reg_sync_writel(INREG32(&REG),&r);r.bit = (value);  DISP_REG_SET(cmdq, &REG, INREG32(&r));}    \
                                                               ^
drivers/misc/mediatek/dispsys/mt6735/ddp_dsi.c:3987:7: note: in expansion of macro 'DSI_OUTREGBIT'
       DSI_OUTREGBIT(NULL, DSI_PHY_TIMCON1_REG, DSI_REG[0]->DSI_PHY_TIMECON1,TA_SURE,timing.value);
       ^
/home/satory-ra/Android/kernel/android_kernel_oukitel_orange/drivers/misc/mediatek/dispsys/mt6735/mt6735m/ddp_reg.h:1395:29: note: expected 'long unsigned int' but argument is of type 'volatile struct DSI_PHY_TIMCON1_REG *'
 static inline unsigned long disp_addr_convert(unsigned long va) 
                             ^
/home/satory-ra/Android/kernel/android_kernel_oukitel_orange/drivers/misc/mediatek/dispsys/mt6735/mt6735m/ddp_reg.h:1413:3: warning: passing argument 2 of 'dprec_reg_op' makes integer from pointer without a cast
   dprec_reg_op(handle, reg32, val, mask);\
   ^
drivers/misc/mediatek/dispsys/mt6735/ddp_dsi.c:58:145: note: in expansion of macro 'DISP_REG_MASK'
   if(cmdq)  {*(unsigned int*)(&r) = ((unsigned int)0x00000000);r.bit = ~(r.bit);*(unsigned int*)(&v) = ((unsigned int)0x00000000);v.bit = value;DISP_REG_MASK(cmdq, &REG, AS_UINT32(&v), AS_UINT32(&r));}  \
                                                                                                                                                 ^
drivers/misc/mediatek/dispsys/mt6735/ddp_dsi.c:3988:4: note: in expansion of macro 'DSI_OUTREGBIT'
    DSI_OUTREGBIT(NULL, DSI_PHY_TIMCON1_REG, DSI_REG[1]->DSI_PHY_TIMECON1,TA_SURE,timing.value);
    ^
In file included from /home/satory-ra/Android/kernel/android_kernel_oukitel_orange/drivers/misc/mediatek/videox/mt6735/disp_drv_log.h:3:0,
                 from drivers/misc/mediatek/dispsys/mt6735/ddp_dsi.c:8:
/home/satory-ra/Android/kernel/android_kernel_oukitel_orange/drivers/misc/mediatek/dispsys/mt6735/display_recorder.h:136:6: note: expected 'unsigned int' but argument is of type 'volatile struct DSI_PHY_TIMCON1_REG *'
 void dprec_reg_op(void* cmdq, unsigned int reg, unsigned int val, unsigned int mask);
      ^
In file included from drivers/misc/mediatek/dispsys/mt6735/ddp_dsi.c:31:0:
/home/satory-ra/Android/kernel/android_kernel_oukitel_orange/drivers/misc/mediatek/dispsys/mt6735/mt6735m/ddp_reg.h:1420:25: warning: passing argument 1 of 'disp_addr_convert' makes integer from pointer without a cast
    cmdqRecWrite(handle, disp_addr_convert(reg32), val, mask); \
                         ^
drivers/misc/mediatek/dispsys/mt6735/ddp_dsi.c:58:145: note: in expansion of macro 'DISP_REG_MASK'
   if(cmdq)  {*(unsigned int*)(&r) = ((unsigned int)0x00000000);r.bit = ~(r.bit);*(unsigned int*)(&v) = ((unsigned int)0x00000000);v.bit = value;DISP_REG_MASK(cmdq, &REG, AS_UINT32(&v), AS_UINT32(&r));}  \
                                                                                                                                                 ^
drivers/misc/mediatek/dispsys/mt6735/ddp_dsi.c:3988:4: note: in expansion of macro 'DSI_OUTREGBIT'
    DSI_OUTREGBIT(NULL, DSI_PHY_TIMCON1_REG, DSI_REG[1]->DSI_PHY_TIMECON1,TA_SURE,timing.value);
    ^
/home/satory-ra/Android/kernel/android_kernel_oukitel_orange/drivers/misc/mediatek/dispsys/mt6735/mt6735m/ddp_reg.h:1395:29: note: expected 'long unsigned int' but argument is of type 'volatile struct DSI_PHY_TIMCON1_REG *'
 static inline unsigned long disp_addr_convert(unsigned long va) 
                             ^
/home/satory-ra/Android/kernel/android_kernel_oukitel_orange/drivers/misc/mediatek/dispsys/mt6735/mt6735m/ddp_reg.h:1486:17: warning: passing argument 2 of 'dprec_reg_op' makes integer from pointer without a cast
                 dprec_reg_op(handle, reg32, val, 0x00000000);\
                 ^
drivers/misc/mediatek/dispsys/mt6735/ddp_dsi.c:59:63: note: in expansion of macro 'DISP_REG_SET'
   else{mt_reg_sync_writel(INREG32(&REG),&r);r.bit = (value);  DISP_REG_SET(cmdq, &REG, INREG32(&r));}    \
                                                               ^
drivers/misc/mediatek/dispsys/mt6735/ddp_dsi.c:3988:4: note: in expansion of macro 'DSI_OUTREGBIT'
    DSI_OUTREGBIT(NULL, DSI_PHY_TIMCON1_REG, DSI_REG[1]->DSI_PHY_TIMECON1,TA_SURE,timing.value);
    ^
In file included from /home/satory-ra/Android/kernel/android_kernel_oukitel_orange/drivers/misc/mediatek/videox/mt6735/disp_drv_log.h:3:0,
                 from drivers/misc/mediatek/dispsys/mt6735/ddp_dsi.c:8:
/home/satory-ra/Android/kernel/android_kernel_oukitel_orange/drivers/misc/mediatek/dispsys/mt6735/display_recorder.h:136:6: note: expected 'unsigned int' but argument is of type 'volatile struct DSI_PHY_TIMCON1_REG *'
 void dprec_reg_op(void* cmdq, unsigned int reg, unsigned int val, unsigned int mask);
      ^
In file included from drivers/misc/mediatek/dispsys/mt6735/ddp_dsi.c:31:0:
/home/satory-ra/Android/kernel/android_kernel_oukitel_orange/drivers/misc/mediatek/dispsys/mt6735/mt6735m/ddp_reg.h:1487:38: warning: passing argument 1 of 'disp_addr_convert' makes integer from pointer without a cast
                 cmdqRecWrite(handle, disp_addr_convert(reg32), val, ~0); \
                                      ^
drivers/misc/mediatek/dispsys/mt6735/ddp_dsi.c:59:63: note: in expansion of macro 'DISP_REG_SET'
   else{mt_reg_sync_writel(INREG32(&REG),&r);r.bit = (value);  DISP_REG_SET(cmdq, &REG, INREG32(&r));}    \
                                                               ^
drivers/misc/mediatek/dispsys/mt6735/ddp_dsi.c:3988:4: note: in expansion of macro 'DSI_OUTREGBIT'
    DSI_OUTREGBIT(NULL, DSI_PHY_TIMCON1_REG, DSI_REG[1]->DSI_PHY_TIMECON1,TA_SURE,timing.value);
    ^
/home/satory-ra/Android/kernel/android_kernel_oukitel_orange/drivers/misc/mediatek/dispsys/mt6735/mt6735m/ddp_reg.h:1395:29: note: expected 'long unsigned int' but argument is of type 'volatile struct DSI_PHY_TIMCON1_REG *'
 static inline unsigned long disp_addr_convert(unsigned long va) 
                             ^
/home/satory-ra/Android/kernel/android_kernel_oukitel_orange/drivers/misc/mediatek/dispsys/mt6735/mt6735m/ddp_reg.h:1413:3: warning: passing argument 2 of 'dprec_reg_op' makes integer from pointer without a cast
   dprec_reg_op(handle, reg32, val, mask);\
   ^
drivers/misc/mediatek/dispsys/mt6735/ddp_dsi.c:58:145: note: in expansion of macro 'DISP_REG_MASK'
   if(cmdq)  {*(unsigned int*)(&r) = ((unsigned int)0x00000000);r.bit = ~(r.bit);*(unsigned int*)(&v) = ((unsigned int)0x00000000);v.bit = value;DISP_REG_MASK(cmdq, &REG, AS_UINT32(&v), AS_UINT32(&r));}  \
                                                                                                                                                 ^
drivers/misc/mediatek/dispsys/mt6735/ddp_dsi.c:3995:4: note: in expansion of macro 'DSI_OUTREGBIT'
    DSI_OUTREGBIT(NULL, DSI_PHY_TIMCON1_REG, DSI_REG[0]->DSI_PHY_TIMECON1,TA_GET,timing.value);
    ^
In file included from /home/satory-ra/Android/kernel/android_kernel_oukitel_orange/drivers/misc/mediatek/videox/mt6735/disp_drv_log.h:3:0,
                 from drivers/misc/mediatek/dispsys/mt6735/ddp_dsi.c:8:
/home/satory-ra/Android/kernel/android_kernel_oukitel_orange/drivers/misc/mediatek/dispsys/mt6735/display_recorder.h:136:6: note: expected 'unsigned int' but argument is of type 'volatile struct DSI_PHY_TIMCON1_REG *'
 void dprec_reg_op(void* cmdq, unsigned int reg, unsigned int val, unsigned int mask);
      ^
In file included from drivers/misc/mediatek/dispsys/mt6735/ddp_dsi.c:31:0:
/home/satory-ra/Android/kernel/android_kernel_oukitel_orange/drivers/misc/mediatek/dispsys/mt6735/mt6735m/ddp_reg.h:1420:25: warning: passing argument 1 of 'disp_addr_convert' makes integer from pointer without a cast
    cmdqRecWrite(handle, disp_addr_convert(reg32), val, mask); \
                         ^
drivers/misc/mediatek/dispsys/mt6735/ddp_dsi.c:58:145: note: in expansion of macro 'DISP_REG_MASK'
   if(cmdq)  {*(unsigned int*)(&r) = ((unsigned int)0x00000000);r.bit = ~(r.bit);*(unsigned int*)(&v) = ((unsigned int)0x00000000);v.bit = value;DISP_REG_MASK(cmdq, &REG, AS_UINT32(&v), AS_UINT32(&r));}  \
                                                                                                                                                 ^
drivers/misc/mediatek/dispsys/mt6735/ddp_dsi.c:3995:4: note: in expansion of macro 'DSI_OUTREGBIT'
    DSI_OUTREGBIT(NULL, DSI_PHY_TIMCON1_REG, DSI_REG[0]->DSI_PHY_TIMECON1,TA_GET,timing.value);
    ^
/home/satory-ra/Android/kernel/android_kernel_oukitel_orange/drivers/misc/mediatek/dispsys/mt6735/mt6735m/ddp_reg.h:1395:29: note: expected 'long unsigned int' but argument is of type 'volatile struct DSI_PHY_TIMCON1_REG *'
 static inline unsigned long disp_addr_convert(unsigned long va) 
                             ^
/home/satory-ra/Android/kernel/android_kernel_oukitel_orange/drivers/misc/mediatek/dispsys/mt6735/mt6735m/ddp_reg.h:1486:17: warning: passing argument 2 of 'dprec_reg_op' makes integer from pointer without a cast
                 dprec_reg_op(handle, reg32, val, 0x00000000);\
                 ^
drivers/misc/mediatek/dispsys/mt6735/ddp_dsi.c:59:63: note: in expansion of macro 'DISP_REG_SET'
   else{mt_reg_sync_writel(INREG32(&REG),&r);r.bit = (value);  DISP_REG_SET(cmdq, &REG, INREG32(&r));}    \
                                                               ^
drivers/misc/mediatek/dispsys/mt6735/ddp_dsi.c:3995:4: note: in expansion of macro 'DSI_OUTREGBIT'
    DSI_OUTREGBIT(NULL, DSI_PHY_TIMCON1_REG, DSI_REG[0]->DSI_PHY_TIMECON1,TA_GET,timing.value);
    ^
In file included from /home/satory-ra/Android/kernel/android_kernel_oukitel_orange/drivers/misc/mediatek/videox/mt6735/disp_drv_log.h:3:0,
                 from drivers/misc/mediatek/dispsys/mt6735/ddp_dsi.c:8:
/home/satory-ra/Android/kernel/android_kernel_oukitel_orange/drivers/misc/mediatek/dispsys/mt6735/display_recorder.h:136:6: note: expected 'unsigned int' but argument is of type 'volatile struct DSI_PHY_TIMCON1_REG *'
 void dprec_reg_op(void* cmdq, unsigned int reg, unsigned int val, unsigned int mask);
      ^
In file included from drivers/misc/mediatek/dispsys/mt6735/ddp_dsi.c:31:0:
/home/satory-ra/Android/kernel/android_kernel_oukitel_orange/drivers/misc/mediatek/dispsys/mt6735/mt6735m/ddp_reg.h:1487:38: warning: passing argument 1 of 'disp_addr_convert' makes integer from pointer without a cast
                 cmdqRecWrite(handle, disp_addr_convert(reg32), val, ~0); \
                                      ^
drivers/misc/mediatek/dispsys/mt6735/ddp_dsi.c:59:63: note: in expansion of macro 'DISP_REG_SET'
   else{mt_reg_sync_writel(INREG32(&REG),&r);r.bit = (value);  DISP_REG_SET(cmdq, &REG, INREG32(&r));}    \
                                                               ^
drivers/misc/mediatek/dispsys/mt6735/ddp_dsi.c:3995:4: note: in expansion of macro 'DSI_OUTREGBIT'
    DSI_OUTREGBIT(NULL, DSI_PHY_TIMCON1_REG, DSI_REG[0]->DSI_PHY_TIMECON1,TA_GET,timing.value);
    ^
/home/satory-ra/Android/kernel/android_kernel_oukitel_orange/drivers/misc/mediatek/dispsys/mt6735/mt6735m/ddp_reg.h:1395:29: note: expected 'long unsigned int' but argument is of type 'volatile struct DSI_PHY_TIMCON1_REG *'
 static inline unsigned long disp_addr_convert(unsigned long va) 
                             ^
/home/satory-ra/Android/kernel/android_kernel_oukitel_orange/drivers/misc/mediatek/dispsys/mt6735/mt6735m/ddp_reg.h:1413:3: warning: passing argument 2 of 'dprec_reg_op' makes integer from pointer without a cast
   dprec_reg_op(handle, reg32, val, mask);\
   ^
drivers/misc/mediatek/dispsys/mt6735/ddp_dsi.c:58:145: note: in expansion of macro 'DISP_REG_MASK'
   if(cmdq)  {*(unsigned int*)(&r) = ((unsigned int)0x00000000);r.bit = ~(r.bit);*(unsigned int*)(&v) = ((unsigned int)0x00000000);v.bit = value;DISP_REG_MASK(cmdq, &REG, AS_UINT32(&v), AS_UINT32(&r));}  \
                                                                                                                                                 ^
drivers/misc/mediatek/dispsys/mt6735/ddp_dsi.c:3998:4: note: in expansion of macro 'DSI_OUTREGBIT'
    DSI_OUTREGBIT(NULL, DSI_PHY_TIMCON1_REG, DSI_REG[1]->DSI_PHY_TIMECON1,TA_GET,timing.value);
    ^
In file included from /home/satory-ra/Android/kernel/android_kernel_oukitel_orange/drivers/misc/mediatek/videox/mt6735/disp_drv_log.h:3:0,
                 from drivers/misc/mediatek/dispsys/mt6735/ddp_dsi.c:8:
/home/satory-ra/Android/kernel/android_kernel_oukitel_orange/drivers/misc/mediatek/dispsys/mt6735/display_recorder.h:136:6: note: expected 'unsigned int' but argument is of type 'volatile struct DSI_PHY_TIMCON1_REG *'
 void dprec_reg_op(void* cmdq, unsigned int reg, unsigned int val, unsigned int mask);
      ^
In file included from drivers/misc/mediatek/dispsys/mt6735/ddp_dsi.c:31:0:
/home/satory-ra/Android/kernel/android_kernel_oukitel_orange/drivers/misc/mediatek/dispsys/mt6735/mt6735m/ddp_reg.h:1420:25: warning: passing argument 1 of 'disp_addr_convert' makes integer from pointer without a cast
    cmdqRecWrite(handle, disp_addr_convert(reg32), val, mask); \
                         ^
drivers/misc/mediatek/dispsys/mt6735/ddp_dsi.c:58:145: note: in expansion of macro 'DISP_REG_MASK'
   if(cmdq)  {*(unsigned int*)(&r) = ((unsigned int)0x00000000);r.bit = ~(r.bit);*(unsigned int*)(&v) = ((unsigned int)0x00000000);v.bit = value;DISP_REG_MASK(cmdq, &REG, AS_UINT32(&v), AS_UINT32(&r));}  \
                                                                                                                                                 ^
drivers/misc/mediatek/dispsys/mt6735/ddp_dsi.c:3998:4: note: in expansion of macro 'DSI_OUTREGBIT'
    DSI_OUTREGBIT(NULL, DSI_PHY_TIMCON1_REG, DSI_REG[1]->DSI_PHY_TIMECON1,TA_GET,timing.value);
    ^
/home/satory-ra/Android/kernel/android_kernel_oukitel_orange/drivers/misc/mediatek/dispsys/mt6735/mt6735m/ddp_reg.h:1395:29: note: expected 'long unsigned int' but argument is of type 'volatile struct DSI_PHY_TIMCON1_REG *'
 static inline unsigned long disp_addr_convert(unsigned long va) 
                             ^
/home/satory-ra/Android/kernel/android_kernel_oukitel_orange/drivers/misc/mediatek/dispsys/mt6735/mt6735m/ddp_reg.h:1486:17: warning: passing argument 2 of 'dprec_reg_op' makes integer from pointer without a cast
                 dprec_reg_op(handle, reg32, val, 0x00000000);\
                 ^
drivers/misc/mediatek/dispsys/mt6735/ddp_dsi.c:59:63: note: in expansion of macro 'DISP_REG_SET'
   else{mt_reg_sync_writel(INREG32(&REG),&r);r.bit = (value);  DISP_REG_SET(cmdq, &REG, INREG32(&r));}    \
                                                               ^
drivers/misc/mediatek/dispsys/mt6735/ddp_dsi.c:3998:4: note: in expansion of macro 'DSI_OUTREGBIT'
    DSI_OUTREGBIT(NULL, DSI_PHY_TIMCON1_REG, DSI_REG[1]->DSI_PHY_TIMECON1,TA_GET,timing.value);
    ^
In file included from /home/satory-ra/Android/kernel/android_kernel_oukitel_orange/drivers/misc/mediatek/videox/mt6735/disp_drv_log.h:3:0,
                 from drivers/misc/mediatek/dispsys/mt6735/ddp_dsi.c:8:
/home/satory-ra/Android/kernel/android_kernel_oukitel_orange/drivers/misc/mediatek/dispsys/mt6735/display_recorder.h:136:6: note: expected 'unsigned int' but argument is of type 'volatile struct DSI_PHY_TIMCON1_REG *'
 void dprec_reg_op(void* cmdq, unsigned int reg, unsigned int val, unsigned int mask);
      ^
In file included from drivers/misc/mediatek/dispsys/mt6735/ddp_dsi.c:31:0:
/home/satory-ra/Android/kernel/android_kernel_oukitel_orange/drivers/misc/mediatek/dispsys/mt6735/mt6735m/ddp_reg.h:1487:38: warning: passing argument 1 of 'disp_addr_convert' makes integer from pointer without a cast
                 cmdqRecWrite(handle, disp_addr_convert(reg32), val, ~0); \
                                      ^
drivers/misc/mediatek/dispsys/mt6735/ddp_dsi.c:59:63: note: in expansion of macro 'DISP_REG_SET'
   else{mt_reg_sync_writel(INREG32(&REG),&r);r.bit = (value);  DISP_REG_SET(cmdq, &REG, INREG32(&r));}    \
                                                               ^
drivers/misc/mediatek/dispsys/mt6735/ddp_dsi.c:3998:4: note: in expansion of macro 'DSI_OUTREGBIT'
    DSI_OUTREGBIT(NULL, DSI_PHY_TIMCON1_REG, DSI_REG[1]->DSI_PHY_TIMECON1,TA_GET,timing.value);
    ^
/home/satory-ra/Android/kernel/android_kernel_oukitel_orange/drivers/misc/mediatek/dispsys/mt6735/mt6735m/ddp_reg.h:1395:29: note: expected 'long unsigned int' but argument is of type 'volatile struct DSI_PHY_TIMCON1_REG *'
 static inline unsigned long disp_addr_convert(unsigned long va) 
                             ^
/home/satory-ra/Android/kernel/android_kernel_oukitel_orange/drivers/misc/mediatek/dispsys/mt6735/mt6735m/ddp_reg.h:1413:3: warning: passing argument 2 of 'dprec_reg_op' makes integer from pointer without a cast
   dprec_reg_op(handle, reg32, val, mask);\
   ^
drivers/misc/mediatek/dispsys/mt6735/ddp_dsi.c:58:145: note: in expansion of macro 'DISP_REG_MASK'
   if(cmdq)  {*(unsigned int*)(&r) = ((unsigned int)0x00000000);r.bit = ~(r.bit);*(unsigned int*)(&v) = ((unsigned int)0x00000000);v.bit = value;DISP_REG_MASK(cmdq, &REG, AS_UINT32(&v), AS_UINT32(&r));}  \
                                                                                                                                                 ^
drivers/misc/mediatek/dispsys/mt6735/ddp_dsi.c:4001:7: note: in expansion of macro 'DSI_OUTREGBIT'
       DSI_OUTREGBIT(NULL, DSI_PHY_TIMCON1_REG, DSI_REG[0]->DSI_PHY_TIMECON1,TA_GET,timing.value);
       ^
In file included from /home/satory-ra/Android/kernel/android_kernel_oukitel_orange/drivers/misc/mediatek/videox/mt6735/disp_drv_log.h:3:0,
                 from drivers/misc/mediatek/dispsys/mt6735/ddp_dsi.c:8:
/home/satory-ra/Android/kernel/android_kernel_oukitel_orange/drivers/misc/mediatek/dispsys/mt6735/display_recorder.h:136:6: note: expected 'unsigned int' but argument is of type 'volatile struct DSI_PHY_TIMCON1_REG *'
 void dprec_reg_op(void* cmdq, unsigned int reg, unsigned int val, unsigned int mask);
      ^
In file included from drivers/misc/mediatek/dispsys/mt6735/ddp_dsi.c:31:0:
/home/satory-ra/Android/kernel/android_kernel_oukitel_orange/drivers/misc/mediatek/dispsys/mt6735/mt6735m/ddp_reg.h:1420:25: warning: passing argument 1 of 'disp_addr_convert' makes integer from pointer without a cast
    cmdqRecWrite(handle, disp_addr_convert(reg32), val, mask); \
                         ^
drivers/misc/mediatek/dispsys/mt6735/ddp_dsi.c:58:145: note: in expansion of macro 'DISP_REG_MASK'
   if(cmdq)  {*(unsigned int*)(&r) = ((unsigned int)0x00000000);r.bit = ~(r.bit);*(unsigned int*)(&v) = ((unsigned int)0x00000000);v.bit = value;DISP_REG_MASK(cmdq, &REG, AS_UINT32(&v), AS_UINT32(&r));}  \
                                                                                                                                                 ^
drivers/misc/mediatek/dispsys/mt6735/ddp_dsi.c:4001:7: note: in expansion of macro 'DSI_OUTREGBIT'
       DSI_OUTREGBIT(NULL, DSI_PHY_TIMCON1_REG, DSI_REG[0]->DSI_PHY_TIMECON1,TA_GET,timing.value);
       ^
/home/satory-ra/Android/kernel/android_kernel_oukitel_orange/drivers/misc/mediatek/dispsys/mt6735/mt6735m/ddp_reg.h:1395:29: note: expected 'long unsigned int' but argument is of type 'volatile struct DSI_PHY_TIMCON1_REG *'
 static inline unsigned long disp_addr_convert(unsigned long va) 
                             ^
/home/satory-ra/Android/kernel/android_kernel_oukitel_orange/drivers/misc/mediatek/dispsys/mt6735/mt6735m/ddp_reg.h:1486:17: warning: passing argument 2 of 'dprec_reg_op' makes integer from pointer without a cast
                 dprec_reg_op(handle, reg32, val, 0x00000000);\
                 ^
drivers/misc/mediatek/dispsys/mt6735/ddp_dsi.c:59:63: note: in expansion of macro 'DISP_REG_SET'
   else{mt_reg_sync_writel(INREG32(&REG),&r);r.bit = (value);  DISP_REG_SET(cmdq, &REG, INREG32(&r));}    \
                                                               ^
drivers/misc/mediatek/dispsys/mt6735/ddp_dsi.c:4001:7: note: in expansion of macro 'DSI_OUTREGBIT'
       DSI_OUTREGBIT(NULL, DSI_PHY_TIMCON1_REG, DSI_REG[0]->DSI_PHY_TIMECON1,TA_GET,timing.value);
       ^
In file included from /home/satory-ra/Android/kernel/android_kernel_oukitel_orange/drivers/misc/mediatek/videox/mt6735/disp_drv_log.h:3:0,
                 from drivers/misc/mediatek/dispsys/mt6735/ddp_dsi.c:8:
/home/satory-ra/Android/kernel/android_kernel_oukitel_orange/drivers/misc/mediatek/dispsys/mt6735/display_recorder.h:136:6: note: expected 'unsigned int' but argument is of type 'volatile struct DSI_PHY_TIMCON1_REG *'
 void dprec_reg_op(void* cmdq, unsigned int reg, unsigned int val, unsigned int mask);
      ^
In file included from drivers/misc/mediatek/dispsys/mt6735/ddp_dsi.c:31:0:
/home/satory-ra/Android/kernel/android_kernel_oukitel_orange/drivers/misc/mediatek/dispsys/mt6735/mt6735m/ddp_reg.h:1487:38: warning: passing argument 1 of 'disp_addr_convert' makes integer from pointer without a cast
                 cmdqRecWrite(handle, disp_addr_convert(reg32), val, ~0); \
                                      ^
drivers/misc/mediatek/dispsys/mt6735/ddp_dsi.c:59:63: note: in expansion of macro 'DISP_REG_SET'
   else{mt_reg_sync_writel(INREG32(&REG),&r);r.bit = (value);  DISP_REG_SET(cmdq, &REG, INREG32(&r));}    \
                                                               ^
drivers/misc/mediatek/dispsys/mt6735/ddp_dsi.c:4001:7: note: in expansion of macro 'DSI_OUTREGBIT'
       DSI_OUTREGBIT(NULL, DSI_PHY_TIMCON1_REG, DSI_REG[0]->DSI_PHY_TIMECON1,TA_GET,timing.value);
       ^
/home/satory-ra/Android/kernel/android_kernel_oukitel_orange/drivers/misc/mediatek/dispsys/mt6735/mt6735m/ddp_reg.h:1395:29: note: expected 'long unsigned int' but argument is of type 'volatile struct DSI_PHY_TIMCON1_REG *'
 static inline unsigned long disp_addr_convert(unsigned long va) 
                             ^
/home/satory-ra/Android/kernel/android_kernel_oukitel_orange/drivers/misc/mediatek/dispsys/mt6735/mt6735m/ddp_reg.h:1413:3: warning: passing argument 2 of 'dprec_reg_op' makes integer from pointer without a cast
   dprec_reg_op(handle, reg32, val, mask);\
   ^
drivers/misc/mediatek/dispsys/mt6735/ddp_dsi.c:58:145: note: in expansion of macro 'DISP_REG_MASK'
   if(cmdq)  {*(unsigned int*)(&r) = ((unsigned int)0x00000000);r.bit = ~(r.bit);*(unsigned int*)(&v) = ((unsigned int)0x00000000);v.bit = value;DISP_REG_MASK(cmdq, &REG, AS_UINT32(&v), AS_UINT32(&r));}  \
                                                                                                                                                 ^
drivers/misc/mediatek/dispsys/mt6735/ddp_dsi.c:4002:4: note: in expansion of macro 'DSI_OUTREGBIT'
    DSI_OUTREGBIT(NULL, DSI_PHY_TIMCON1_REG, DSI_REG[1]->DSI_PHY_TIMECON1,TA_GET,timing.value);
    ^
In file included from /home/satory-ra/Android/kernel/android_kernel_oukitel_orange/drivers/misc/mediatek/videox/mt6735/disp_drv_log.h:3:0,
                 from drivers/misc/mediatek/dispsys/mt6735/ddp_dsi.c:8:
/home/satory-ra/Android/kernel/android_kernel_oukitel_orange/drivers/misc/mediatek/dispsys/mt6735/display_recorder.h:136:6: note: expected 'unsigned int' but argument is of type 'volatile struct DSI_PHY_TIMCON1_REG *'
 void dprec_reg_op(void* cmdq, unsigned int reg, unsigned int val, unsigned int mask);
      ^
In file included from drivers/misc/mediatek/dispsys/mt6735/ddp_dsi.c:31:0:
/home/satory-ra/Android/kernel/android_kernel_oukitel_orange/drivers/misc/mediatek/dispsys/mt6735/mt6735m/ddp_reg.h:1420:25: warning: passing argument 1 of 'disp_addr_convert' makes integer from pointer without a cast
    cmdqRecWrite(handle, disp_addr_convert(reg32), val, mask); \
                         ^
drivers/misc/mediatek/dispsys/mt6735/ddp_dsi.c:58:145: note: in expansion of macro 'DISP_REG_MASK'
   if(cmdq)  {*(unsigned int*)(&r) = ((unsigned int)0x00000000);r.bit = ~(r.bit);*(unsigned int*)(&v) = ((unsigned int)0x00000000);v.bit = value;DISP_REG_MASK(cmdq, &REG, AS_UINT32(&v), AS_UINT32(&r));}  \
                                                                                                                                                 ^
drivers/misc/mediatek/dispsys/mt6735/ddp_dsi.c:4002:4: note: in expansion of macro 'DSI_OUTREGBIT'
    DSI_OUTREGBIT(NULL, DSI_PHY_TIMCON1_REG, DSI_REG[1]->DSI_PHY_TIMECON1,TA_GET,timing.value);
    ^
/home/satory-ra/Android/kernel/android_kernel_oukitel_orange/drivers/misc/mediatek/dispsys/mt6735/mt6735m/ddp_reg.h:1395:29: note: expected 'long unsigned int' but argument is of type 'volatile struct DSI_PHY_TIMCON1_REG *'
 static inline unsigned long disp_addr_convert(unsigned long va) 
                             ^
/home/satory-ra/Android/kernel/android_kernel_oukitel_orange/drivers/misc/mediatek/dispsys/mt6735/mt6735m/ddp_reg.h:1486:17: warning: passing argument 2 of 'dprec_reg_op' makes integer from pointer without a cast
                 dprec_reg_op(handle, reg32, val, 0x00000000);\
                 ^
drivers/misc/mediatek/dispsys/mt6735/ddp_dsi.c:59:63: note: in expansion of macro 'DISP_REG_SET'
   else{mt_reg_sync_writel(INREG32(&REG),&r);r.bit = (value);  DISP_REG_SET(cmdq, &REG, INREG32(&r));}    \
                                                               ^
drivers/misc/mediatek/dispsys/mt6735/ddp_dsi.c:4002:4: note: in expansion of macro 'DSI_OUTREGBIT'
    DSI_OUTREGBIT(NULL, DSI_PHY_TIMCON1_REG, DSI_REG[1]->DSI_PHY_TIMECON1,TA_GET,timing.value);
    ^
In file included from /home/satory-ra/Android/kernel/android_kernel_oukitel_orange/drivers/misc/mediatek/videox/mt6735/disp_drv_log.h:3:0,
                 from drivers/misc/mediatek/dispsys/mt6735/ddp_dsi.c:8:
/home/satory-ra/Android/kernel/android_kernel_oukitel_orange/drivers/misc/mediatek/dispsys/mt6735/display_recorder.h:136:6: note: expected 'unsigned int' but argument is of type 'volatile struct DSI_PHY_TIMCON1_REG *'
 void dprec_reg_op(void* cmdq, unsigned int reg, unsigned int val, unsigned int mask);
      ^
In file included from drivers/misc/mediatek/dispsys/mt6735/ddp_dsi.c:31:0:
/home/satory-ra/Android/kernel/android_kernel_oukitel_orange/drivers/misc/mediatek/dispsys/mt6735/mt6735m/ddp_reg.h:1487:38: warning: passing argument 1 of 'disp_addr_convert' makes integer from pointer without a cast
                 cmdqRecWrite(handle, disp_addr_convert(reg32), val, ~0); \
                                      ^
drivers/misc/mediatek/dispsys/mt6735/ddp_dsi.c:59:63: note: in expansion of macro 'DISP_REG_SET'
   else{mt_reg_sync_writel(INREG32(&REG),&r);r.bit = (value);  DISP_REG_SET(cmdq, &REG, INREG32(&r));}    \
                                                               ^
drivers/misc/mediatek/dispsys/mt6735/ddp_dsi.c:4002:4: note: in expansion of macro 'DSI_OUTREGBIT'
    DSI_OUTREGBIT(NULL, DSI_PHY_TIMCON1_REG, DSI_REG[1]->DSI_PHY_TIMECON1,TA_GET,timing.value);
    ^
/home/satory-ra/Android/kernel/android_kernel_oukitel_orange/drivers/misc/mediatek/dispsys/mt6735/mt6735m/ddp_reg.h:1395:29: note: expected 'long unsigned int' but argument is of type 'volatile struct DSI_PHY_TIMCON1_REG *'
 static inline unsigned long disp_addr_convert(unsigned long va) 
                             ^
/home/satory-ra/Android/kernel/android_kernel_oukitel_orange/drivers/misc/mediatek/dispsys/mt6735/mt6735m/ddp_reg.h:1413:3: warning: passing argument 2 of 'dprec_reg_op' makes integer from pointer without a cast
   dprec_reg_op(handle, reg32, val, mask);\
   ^
drivers/misc/mediatek/dispsys/mt6735/ddp_dsi.c:58:145: note: in expansion of macro 'DISP_REG_MASK'
   if(cmdq)  {*(unsigned int*)(&r) = ((unsigned int)0x00000000);r.bit = ~(r.bit);*(unsigned int*)(&v) = ((unsigned int)0x00000000);v.bit = value;DISP_REG_MASK(cmdq, &REG, AS_UINT32(&v), AS_UINT32(&r));}  \
                                                                                                                                                 ^
drivers/misc/mediatek/dispsys/mt6735/ddp_dsi.c:4009:4: note: in expansion of macro 'DSI_OUTREGBIT'
    DSI_OUTREGBIT(NULL, DSI_PHY_TIMCON1_REG, DSI_REG[0]->DSI_PHY_TIMECON1,DA_HS_EXIT,timing.value);
    ^
In file included from /home/satory-ra/Android/kernel/android_kernel_oukitel_orange/drivers/misc/mediatek/videox/mt6735/disp_drv_log.h:3:0,
                 from drivers/misc/mediatek/dispsys/mt6735/ddp_dsi.c:8:
/home/satory-ra/Android/kernel/android_kernel_oukitel_orange/drivers/misc/mediatek/dispsys/mt6735/display_recorder.h:136:6: note: expected 'unsigned int' but argument is of type 'volatile struct DSI_PHY_TIMCON1_REG *'
 void dprec_reg_op(void* cmdq, unsigned int reg, unsigned int val, unsigned int mask);
      ^
In file included from drivers/misc/mediatek/dispsys/mt6735/ddp_dsi.c:31:0:
/home/satory-ra/Android/kernel/android_kernel_oukitel_orange/drivers/misc/mediatek/dispsys/mt6735/mt6735m/ddp_reg.h:1420:25: warning: passing argument 1 of 'disp_addr_convert' makes integer from pointer without a cast
    cmdqRecWrite(handle, disp_addr_convert(reg32), val, mask); \
                         ^
drivers/misc/mediatek/dispsys/mt6735/ddp_dsi.c:58:145: note: in expansion of macro 'DISP_REG_MASK'
   if(cmdq)  {*(unsigned int*)(&r) = ((unsigned int)0x00000000);r.bit = ~(r.bit);*(unsigned int*)(&v) = ((unsigned int)0x00000000);v.bit = value;DISP_REG_MASK(cmdq, &REG, AS_UINT32(&v), AS_UINT32(&r));}  \
                                                                                                                                                 ^
drivers/misc/mediatek/dispsys/mt6735/ddp_dsi.c:4009:4: note: in expansion of macro 'DSI_OUTREGBIT'
    DSI_OUTREGBIT(NULL, DSI_PHY_TIMCON1_REG, DSI_REG[0]->DSI_PHY_TIMECON1,DA_HS_EXIT,timing.value);
    ^
/home/satory-ra/Android/kernel/android_kernel_oukitel_orange/drivers/misc/mediatek/dispsys/mt6735/mt6735m/ddp_reg.h:1395:29: note: expected 'long unsigned int' but argument is of type 'volatile struct DSI_PHY_TIMCON1_REG *'
 static inline unsigned long disp_addr_convert(unsigned long va) 
                             ^
/home/satory-ra/Android/kernel/android_kernel_oukitel_orange/drivers/misc/mediatek/dispsys/mt6735/mt6735m/ddp_reg.h:1486:17: warning: passing argument 2 of 'dprec_reg_op' makes integer from pointer without a cast
                 dprec_reg_op(handle, reg32, val, 0x00000000);\
                 ^
drivers/misc/mediatek/dispsys/mt6735/ddp_dsi.c:59:63: note: in expansion of macro 'DISP_REG_SET'
   else{mt_reg_sync_writel(INREG32(&REG),&r);r.bit = (value);  DISP_REG_SET(cmdq, &REG, INREG32(&r));}    \
                                                               ^
drivers/misc/mediatek/dispsys/mt6735/ddp_dsi.c:4009:4: note: in expansion of macro 'DSI_OUTREGBIT'
    DSI_OUTREGBIT(NULL, DSI_PHY_TIMCON1_REG, DSI_REG[0]->DSI_PHY_TIMECON1,DA_HS_EXIT,timing.value);
    ^
In file included from /home/satory-ra/Android/kernel/android_kernel_oukitel_orange/drivers/misc/mediatek/videox/mt6735/disp_drv_log.h:3:0,
                 from drivers/misc/mediatek/dispsys/mt6735/ddp_dsi.c:8:
/home/satory-ra/Android/kernel/android_kernel_oukitel_orange/drivers/misc/mediatek/dispsys/mt6735/display_recorder.h:136:6: note: expected 'unsigned int' but argument is of type 'volatile struct DSI_PHY_TIMCON1_REG *'
 void dprec_reg_op(void* cmdq, unsigned int reg, unsigned int val, unsigned int mask);
      ^
In file included from drivers/misc/mediatek/dispsys/mt6735/ddp_dsi.c:31:0:
/home/satory-ra/Android/kernel/android_kernel_oukitel_orange/drivers/misc/mediatek/dispsys/mt6735/mt6735m/ddp_reg.h:1487:38: warning: passing argument 1 of 'disp_addr_convert' makes integer from pointer without a cast
                 cmdqRecWrite(handle, disp_addr_convert(reg32), val, ~0); \
                                      ^
drivers/misc/mediatek/dispsys/mt6735/ddp_dsi.c:59:63: note: in expansion of macro 'DISP_REG_SET'
   else{mt_reg_sync_writel(INREG32(&REG),&r);r.bit = (value);  DISP_REG_SET(cmdq, &REG, INREG32(&r));}    \
                                                               ^
drivers/misc/mediatek/dispsys/mt6735/ddp_dsi.c:4009:4: note: in expansion of macro 'DSI_OUTREGBIT'
    DSI_OUTREGBIT(NULL, DSI_PHY_TIMCON1_REG, DSI_REG[0]->DSI_PHY_TIMECON1,DA_HS_EXIT,timing.value);
    ^
/home/satory-ra/Android/kernel/android_kernel_oukitel_orange/drivers/misc/mediatek/dispsys/mt6735/mt6735m/ddp_reg.h:1395:29: note: expected 'long unsigned int' but argument is of type 'volatile struct DSI_PHY_TIMCON1_REG *'
 static inline unsigned long disp_addr_convert(unsigned long va) 
                             ^
/home/satory-ra/Android/kernel/android_kernel_oukitel_orange/drivers/misc/mediatek/dispsys/mt6735/mt6735m/ddp_reg.h:1413:3: warning: passing argument 2 of 'dprec_reg_op' makes integer from pointer without a cast
   dprec_reg_op(handle, reg32, val, mask);\
   ^
drivers/misc/mediatek/dispsys/mt6735/ddp_dsi.c:58:145: note: in expansion of macro 'DISP_REG_MASK'
   if(cmdq)  {*(unsigned int*)(&r) = ((unsigned int)0x00000000);r.bit = ~(r.bit);*(unsigned int*)(&v) = ((unsigned int)0x00000000);v.bit = value;DISP_REG_MASK(cmdq, &REG, AS_UINT32(&v), AS_UINT32(&r));}  \
                                                                                                                                                 ^
drivers/misc/mediatek/dispsys/mt6735/ddp_dsi.c:4012:4: note: in expansion of macro 'DSI_OUTREGBIT'
    DSI_OUTREGBIT(NULL, DSI_PHY_TIMCON1_REG, DSI_REG[1]->DSI_PHY_TIMECON1,DA_HS_EXIT,timing.value);
    ^
In file included from /home/satory-ra/Android/kernel/android_kernel_oukitel_orange/drivers/misc/mediatek/videox/mt6735/disp_drv_log.h:3:0,
                 from drivers/misc/mediatek/dispsys/mt6735/ddp_dsi.c:8:
/home/satory-ra/Android/kernel/android_kernel_oukitel_orange/drivers/misc/mediatek/dispsys/mt6735/display_recorder.h:136:6: note: expected 'unsigned int' but argument is of type 'volatile struct DSI_PHY_TIMCON1_REG *'
 void dprec_reg_op(void* cmdq, unsigned int reg, unsigned int val, unsigned int mask);
      ^
In file included from drivers/misc/mediatek/dispsys/mt6735/ddp_dsi.c:31:0:
/home/satory-ra/Android/kernel/android_kernel_oukitel_orange/drivers/misc/mediatek/dispsys/mt6735/mt6735m/ddp_reg.h:1420:25: warning: passing argument 1 of 'disp_addr_convert' makes integer from pointer without a cast
    cmdqRecWrite(handle, disp_addr_convert(reg32), val, mask); \
                         ^
drivers/misc/mediatek/dispsys/mt6735/ddp_dsi.c:58:145: note: in expansion of macro 'DISP_REG_MASK'
   if(cmdq)  {*(unsigned int*)(&r) = ((unsigned int)0x00000000);r.bit = ~(r.bit);*(unsigned int*)(&v) = ((unsigned int)0x00000000);v.bit = value;DISP_REG_MASK(cmdq, &REG, AS_UINT32(&v), AS_UINT32(&r));}  \
                                                                                                                                                 ^
drivers/misc/mediatek/dispsys/mt6735/ddp_dsi.c:4012:4: note: in expansion of macro 'DSI_OUTREGBIT'
    DSI_OUTREGBIT(NULL, DSI_PHY_TIMCON1_REG, DSI_REG[1]->DSI_PHY_TIMECON1,DA_HS_EXIT,timing.value);
    ^
/home/satory-ra/Android/kernel/android_kernel_oukitel_orange/drivers/misc/mediatek/dispsys/mt6735/mt6735m/ddp_reg.h:1395:29: note: expected 'long unsigned int' but argument is of type 'volatile struct DSI_PHY_TIMCON1_REG *'
 static inline unsigned long disp_addr_convert(unsigned long va) 
                             ^
/home/satory-ra/Android/kernel/android_kernel_oukitel_orange/drivers/misc/mediatek/dispsys/mt6735/mt6735m/ddp_reg.h:1486:17: warning: passing argument 2 of 'dprec_reg_op' makes integer from pointer without a cast
                 dprec_reg_op(handle, reg32, val, 0x00000000);\
                 ^
drivers/misc/mediatek/dispsys/mt6735/ddp_dsi.c:59:63: note: in expansion of macro 'DISP_REG_SET'
   else{mt_reg_sync_writel(INREG32(&REG),&r);r.bit = (value);  DISP_REG_SET(cmdq, &REG, INREG32(&r));}    \
                                                               ^
drivers/misc/mediatek/dispsys/mt6735/ddp_dsi.c:4012:4: note: in expansion of macro 'DSI_OUTREGBIT'
    DSI_OUTREGBIT(NULL, DSI_PHY_TIMCON1_REG, DSI_REG[1]->DSI_PHY_TIMECON1,DA_HS_EXIT,timing.value);
    ^
In file included from /home/satory-ra/Android/kernel/android_kernel_oukitel_orange/drivers/misc/mediatek/videox/mt6735/disp_drv_log.h:3:0,
                 from drivers/misc/mediatek/dispsys/mt6735/ddp_dsi.c:8:
/home/satory-ra/Android/kernel/android_kernel_oukitel_orange/drivers/misc/mediatek/dispsys/mt6735/display_recorder.h:136:6: note: expected 'unsigned int' but argument is of type 'volatile struct DSI_PHY_TIMCON1_REG *'
 void dprec_reg_op(void* cmdq, unsigned int reg, unsigned int val, unsigned int mask);
      ^
In file included from drivers/misc/mediatek/dispsys/mt6735/ddp_dsi.c:31:0:
/home/satory-ra/Android/kernel/android_kernel_oukitel_orange/drivers/misc/mediatek/dispsys/mt6735/mt6735m/ddp_reg.h:1487:38: warning: passing argument 1 of 'disp_addr_convert' makes integer from pointer without a cast
                 cmdqRecWrite(handle, disp_addr_convert(reg32), val, ~0); \
                                      ^
drivers/misc/mediatek/dispsys/mt6735/ddp_dsi.c:59:63: note: in expansion of macro 'DISP_REG_SET'
   else{mt_reg_sync_writel(INREG32(&REG),&r);r.bit = (value);  DISP_REG_SET(cmdq, &REG, INREG32(&r));}    \
                                                               ^
drivers/misc/mediatek/dispsys/mt6735/ddp_dsi.c:4012:4: note: in expansion of macro 'DSI_OUTREGBIT'
    DSI_OUTREGBIT(NULL, DSI_PHY_TIMCON1_REG, DSI_REG[1]->DSI_PHY_TIMECON1,DA_HS_EXIT,timing.value);
    ^
/home/satory-ra/Android/kernel/android_kernel_oukitel_orange/drivers/misc/mediatek/dispsys/mt6735/mt6735m/ddp_reg.h:1395:29: note: expected 'long unsigned int' but argument is of type 'volatile struct DSI_PHY_TIMCON1_REG *'
 static inline unsigned long disp_addr_convert(unsigned long va) 
                             ^
/home/satory-ra/Android/kernel/android_kernel_oukitel_orange/drivers/misc/mediatek/dispsys/mt6735/mt6735m/ddp_reg.h:1413:3: warning: passing argument 2 of 'dprec_reg_op' makes integer from pointer without a cast
   dprec_reg_op(handle, reg32, val, mask);\
   ^
drivers/misc/mediatek/dispsys/mt6735/ddp_dsi.c:58:145: note: in expansion of macro 'DISP_REG_MASK'
   if(cmdq)  {*(unsigned int*)(&r) = ((unsigned int)0x00000000);r.bit = ~(r.bit);*(unsigned int*)(&v) = ((unsigned int)0x00000000);v.bit = value;DISP_REG_MASK(cmdq, &REG, AS_UINT32(&v), AS_UINT32(&r));}  \
                                                                                                                                                 ^
drivers/misc/mediatek/dispsys/mt6735/ddp_dsi.c:4015:7: note: in expansion of macro 'DSI_OUTREGBIT'
       DSI_OUTREGBIT(NULL, DSI_PHY_TIMCON1_REG, DSI_REG[0]->DSI_PHY_TIMECON1,DA_HS_EXIT,timing.value);
       ^
In file included from /home/satory-ra/Android/kernel/android_kernel_oukitel_orange/drivers/misc/mediatek/videox/mt6735/disp_drv_log.h:3:0,
                 from drivers/misc/mediatek/dispsys/mt6735/ddp_dsi.c:8:
/home/satory-ra/Android/kernel/android_kernel_oukitel_orange/drivers/misc/mediatek/dispsys/mt6735/display_recorder.h:136:6: note: expected 'unsigned int' but argument is of type 'volatile struct DSI_PHY_TIMCON1_REG *'
 void dprec_reg_op(void* cmdq, unsigned int reg, unsigned int val, unsigned int mask);
      ^
In file included from drivers/misc/mediatek/dispsys/mt6735/ddp_dsi.c:31:0:
/home/satory-ra/Android/kernel/android_kernel_oukitel_orange/drivers/misc/mediatek/dispsys/mt6735/mt6735m/ddp_reg.h:1420:25: warning: passing argument 1 of 'disp_addr_convert' makes integer from pointer without a cast
    cmdqRecWrite(handle, disp_addr_convert(reg32), val, mask); \
                         ^
drivers/misc/mediatek/dispsys/mt6735/ddp_dsi.c:58:145: note: in expansion of macro 'DISP_REG_MASK'
   if(cmdq)  {*(unsigned int*)(&r) = ((unsigned int)0x00000000);r.bit = ~(r.bit);*(unsigned int*)(&v) = ((unsigned int)0x00000000);v.bit = value;DISP_REG_MASK(cmdq, &REG, AS_UINT32(&v), AS_UINT32(&r));}  \
                                                                                                                                                 ^
drivers/misc/mediatek/dispsys/mt6735/ddp_dsi.c:4015:7: note: in expansion of macro 'DSI_OUTREGBIT'
       DSI_OUTREGBIT(NULL, DSI_PHY_TIMCON1_REG, DSI_REG[0]->DSI_PHY_TIMECON1,DA_HS_EXIT,timing.value);
       ^
/home/satory-ra/Android/kernel/android_kernel_oukitel_orange/drivers/misc/mediatek/dispsys/mt6735/mt6735m/ddp_reg.h:1395:29: note: expected 'long unsigned int' but argument is of type 'volatile struct DSI_PHY_TIMCON1_REG *'
 static inline unsigned long disp_addr_convert(unsigned long va) 
                             ^
/home/satory-ra/Android/kernel/android_kernel_oukitel_orange/drivers/misc/mediatek/dispsys/mt6735/mt6735m/ddp_reg.h:1486:17: warning: passing argument 2 of 'dprec_reg_op' makes integer from pointer without a cast
                 dprec_reg_op(handle, reg32, val, 0x00000000);\
                 ^
drivers/misc/mediatek/dispsys/mt6735/ddp_dsi.c:59:63: note: in expansion of macro 'DISP_REG_SET'
   else{mt_reg_sync_writel(INREG32(&REG),&r);r.bit = (value);  DISP_REG_SET(cmdq, &REG, INREG32(&r));}    \
                                                               ^
drivers/misc/mediatek/dispsys/mt6735/ddp_dsi.c:4015:7: note: in expansion of macro 'DSI_OUTREGBIT'
       DSI_OUTREGBIT(NULL, DSI_PHY_TIMCON1_REG, DSI_REG[0]->DSI_PHY_TIMECON1,DA_HS_EXIT,timing.value);
       ^
In file included from /home/satory-ra/Android/kernel/android_kernel_oukitel_orange/drivers/misc/mediatek/videox/mt6735/disp_drv_log.h:3:0,
                 from drivers/misc/mediatek/dispsys/mt6735/ddp_dsi.c:8:
/home/satory-ra/Android/kernel/android_kernel_oukitel_orange/drivers/misc/mediatek/dispsys/mt6735/display_recorder.h:136:6: note: expected 'unsigned int' but argument is of type 'volatile struct DSI_PHY_TIMCON1_REG *'
 void dprec_reg_op(void* cmdq, unsigned int reg, unsigned int val, unsigned int mask);
      ^
In file included from drivers/misc/mediatek/dispsys/mt6735/ddp_dsi.c:31:0:
/home/satory-ra/Android/kernel/android_kernel_oukitel_orange/drivers/misc/mediatek/dispsys/mt6735/mt6735m/ddp_reg.h:1487:38: warning: passing argument 1 of 'disp_addr_convert' makes integer from pointer without a cast
                 cmdqRecWrite(handle, disp_addr_convert(reg32), val, ~0); \
                                      ^
drivers/misc/mediatek/dispsys/mt6735/ddp_dsi.c:59:63: note: in expansion of macro 'DISP_REG_SET'
   else{mt_reg_sync_writel(INREG32(&REG),&r);r.bit = (value);  DISP_REG_SET(cmdq, &REG, INREG32(&r));}    \
                                                               ^
drivers/misc/mediatek/dispsys/mt6735/ddp_dsi.c:4015:7: note: in expansion of macro 'DSI_OUTREGBIT'
       DSI_OUTREGBIT(NULL, DSI_PHY_TIMCON1_REG, DSI_REG[0]->DSI_PHY_TIMECON1,DA_HS_EXIT,timing.value);
       ^
/home/satory-ra/Android/kernel/android_kernel_oukitel_orange/drivers/misc/mediatek/dispsys/mt6735/mt6735m/ddp_reg.h:1395:29: note: expected 'long unsigned int' but argument is of type 'volatile struct DSI_PHY_TIMCON1_REG *'
 static inline unsigned long disp_addr_convert(unsigned long va) 
                             ^
/home/satory-ra/Android/kernel/android_kernel_oukitel_orange/drivers/misc/mediatek/dispsys/mt6735/mt6735m/ddp_reg.h:1413:3: warning: passing argument 2 of 'dprec_reg_op' makes integer from pointer without a cast
   dprec_reg_op(handle, reg32, val, mask);\
   ^
drivers/misc/mediatek/dispsys/mt6735/ddp_dsi.c:58:145: note: in expansion of macro 'DISP_REG_MASK'
   if(cmdq)  {*(unsigned int*)(&r) = ((unsigned int)0x00000000);r.bit = ~(r.bit);*(unsigned int*)(&v) = ((unsigned int)0x00000000);v.bit = value;DISP_REG_MASK(cmdq, &REG, AS_UINT32(&v), AS_UINT32(&r));}  \
                                                                                                                                                 ^
drivers/misc/mediatek/dispsys/mt6735/ddp_dsi.c:4016:4: note: in expansion of macro 'DSI_OUTREGBIT'
    DSI_OUTREGBIT(NULL, DSI_PHY_TIMCON1_REG, DSI_REG[1]->DSI_PHY_TIMECON1,DA_HS_EXIT,timing.value);
    ^
In file included from /home/satory-ra/Android/kernel/android_kernel_oukitel_orange/drivers/misc/mediatek/videox/mt6735/disp_drv_log.h:3:0,
                 from drivers/misc/mediatek/dispsys/mt6735/ddp_dsi.c:8:
/home/satory-ra/Android/kernel/android_kernel_oukitel_orange/drivers/misc/mediatek/dispsys/mt6735/display_recorder.h:136:6: note: expected 'unsigned int' but argument is of type 'volatile struct DSI_PHY_TIMCON1_REG *'
 void dprec_reg_op(void* cmdq, unsigned int reg, unsigned int val, unsigned int mask);
      ^
In file included from drivers/misc/mediatek/dispsys/mt6735/ddp_dsi.c:31:0:
/home/satory-ra/Android/kernel/android_kernel_oukitel_orange/drivers/misc/mediatek/dispsys/mt6735/mt6735m/ddp_reg.h:1420:25: warning: passing argument 1 of 'disp_addr_convert' makes integer from pointer without a cast
    cmdqRecWrite(handle, disp_addr_convert(reg32), val, mask); \
                         ^
drivers/misc/mediatek/dispsys/mt6735/ddp_dsi.c:58:145: note: in expansion of macro 'DISP_REG_MASK'
   if(cmdq)  {*(unsigned int*)(&r) = ((unsigned int)0x00000000);r.bit = ~(r.bit);*(unsigned int*)(&v) = ((unsigned int)0x00000000);v.bit = value;DISP_REG_MASK(cmdq, &REG, AS_UINT32(&v), AS_UINT32(&r));}  \
                                                                                                                                                 ^
drivers/misc/mediatek/dispsys/mt6735/ddp_dsi.c:4016:4: note: in expansion of macro 'DSI_OUTREGBIT'
    DSI_OUTREGBIT(NULL, DSI_PHY_TIMCON1_REG, DSI_REG[1]->DSI_PHY_TIMECON1,DA_HS_EXIT,timing.value);
    ^
/home/satory-ra/Android/kernel/android_kernel_oukitel_orange/drivers/misc/mediatek/dispsys/mt6735/mt6735m/ddp_reg.h:1395:29: note: expected 'long unsigned int' but argument is of type 'volatile struct DSI_PHY_TIMCON1_REG *'
 static inline unsigned long disp_addr_convert(unsigned long va) 
                             ^
/home/satory-ra/Android/kernel/android_kernel_oukitel_orange/drivers/misc/mediatek/dispsys/mt6735/mt6735m/ddp_reg.h:1486:17: warning: passing argument 2 of 'dprec_reg_op' makes integer from pointer without a cast
                 dprec_reg_op(handle, reg32, val, 0x00000000);\
                 ^
drivers/misc/mediatek/dispsys/mt6735/ddp_dsi.c:59:63: note: in expansion of macro 'DISP_REG_SET'
   else{mt_reg_sync_writel(INREG32(&REG),&r);r.bit = (value);  DISP_REG_SET(cmdq, &REG, INREG32(&r));}    \
                                                               ^
drivers/misc/mediatek/dispsys/mt6735/ddp_dsi.c:4016:4: note: in expansion of macro 'DSI_OUTREGBIT'
    DSI_OUTREGBIT(NULL, DSI_PHY_TIMCON1_REG, DSI_REG[1]->DSI_PHY_TIMECON1,DA_HS_EXIT,timing.value);
    ^
In file included from /home/satory-ra/Android/kernel/android_kernel_oukitel_orange/drivers/misc/mediatek/videox/mt6735/disp_drv_log.h:3:0,
                 from drivers/misc/mediatek/dispsys/mt6735/ddp_dsi.c:8:
/home/satory-ra/Android/kernel/android_kernel_oukitel_orange/drivers/misc/mediatek/dispsys/mt6735/display_recorder.h:136:6: note: expected 'unsigned int' but argument is of type 'volatile struct DSI_PHY_TIMCON1_REG *'
 void dprec_reg_op(void* cmdq, unsigned int reg, unsigned int val, unsigned int mask);
      ^
In file included from drivers/misc/mediatek/dispsys/mt6735/ddp_dsi.c:31:0:
/home/satory-ra/Android/kernel/android_kernel_oukitel_orange/drivers/misc/mediatek/dispsys/mt6735/mt6735m/ddp_reg.h:1487:38: warning: passing argument 1 of 'disp_addr_convert' makes integer from pointer without a cast
                 cmdqRecWrite(handle, disp_addr_convert(reg32), val, ~0); \
                                      ^
drivers/misc/mediatek/dispsys/mt6735/ddp_dsi.c:59:63: note: in expansion of macro 'DISP_REG_SET'
   else{mt_reg_sync_writel(INREG32(&REG),&r);r.bit = (value);  DISP_REG_SET(cmdq, &REG, INREG32(&r));}    \
                                                               ^
drivers/misc/mediatek/dispsys/mt6735/ddp_dsi.c:4016:4: note: in expansion of macro 'DSI_OUTREGBIT'
    DSI_OUTREGBIT(NULL, DSI_PHY_TIMCON1_REG, DSI_REG[1]->DSI_PHY_TIMECON1,DA_HS_EXIT,timing.value);
    ^
/home/satory-ra/Android/kernel/android_kernel_oukitel_orange/drivers/misc/mediatek/dispsys/mt6735/mt6735m/ddp_reg.h:1395:29: note: expected 'long unsigned int' but argument is of type 'volatile struct DSI_PHY_TIMCON1_REG *'
 static inline unsigned long disp_addr_convert(unsigned long va) 
                             ^
drivers/misc/mediatek/connectivity/conn_soc/drv_wlan/mt_wifi/wlan/mgmt/p2p_func.c: In function 'p2pFuncProcessP2pProbeRsp':
drivers/misc/mediatek/connectivity/conn_soc/drv_wlan/mt_wifi/wlan/mgmt/p2p_func.c:2982:29: warning: passing argument 2 of 'p2pFuncCalculateP2P_IE_NoA' makes integer from pointer without a cast
    u2EstimatedExtraIELen += p2pFuncCalculateP2P_IE_NoA(prAdapter, NULL, NULL);
                             ^
In file included from drivers/misc/mediatek/connectivity/conn_soc/drv_wlan/mt_wifi/wlan/include/precomp.h:304:0,
                 from drivers/misc/mediatek/connectivity/conn_soc/drv_wlan/mt_wifi/wlan/mgmt/p2p_func.c:1:
drivers/misc/mediatek/connectivity/conn_soc/drv_wlan/mt_wifi/wlan/include/mgmt/p2p_ie.h:231:1: note: expected 'UINT_8' but argument is of type 'void *'
 p2pFuncCalculateP2P_IE_NoA (
 ^
/home/satory-ra/Android/kernel/android_kernel_oukitel_orange/drivers/misc/mediatek/dispsys/mt6735/mt6735m/ddp_reg.h:1413:3: warning: passing argument 2 of 'dprec_reg_op' makes integer from pointer without a cast
   dprec_reg_op(handle, reg32, val, mask);\
   ^
drivers/misc/mediatek/dispsys/mt6735/ddp_dsi.c:58:145: note: in expansion of macro 'DISP_REG_MASK'
   if(cmdq)  {*(unsigned int*)(&r) = ((unsigned int)0x00000000);r.bit = ~(r.bit);*(unsigned int*)(&v) = ((unsigned int)0x00000000);v.bit = value;DISP_REG_MASK(cmdq, &REG, AS_UINT32(&v), AS_UINT32(&r));}  \
                                                                                                                                                 ^
drivers/misc/mediatek/dispsys/mt6735/ddp_dsi.c:4023:4: note: in expansion of macro 'DSI_OUTREGBIT'
    DSI_OUTREGBIT(NULL, DSI_PHY_TIMCON2_REG, DSI_REG[0]->DSI_PHY_TIMECON2,CONT_DET,timing.value);
    ^
In file included from /home/satory-ra/Android/kernel/android_kernel_oukitel_orange/drivers/misc/mediatek/videox/mt6735/disp_drv_log.h:3:0,
                 from drivers/misc/mediatek/dispsys/mt6735/ddp_dsi.c:8:
/home/satory-ra/Android/kernel/android_kernel_oukitel_orange/drivers/misc/mediatek/dispsys/mt6735/display_recorder.h:136:6: note: expected 'unsigned int' but argument is of type 'volatile struct DSI_PHY_TIMCON2_REG *'
 void dprec_reg_op(void* cmdq, unsigned int reg, unsigned int val, unsigned int mask);
      ^
In file included from drivers/misc/mediatek/dispsys/mt6735/ddp_dsi.c:31:0:
/home/satory-ra/Android/kernel/android_kernel_oukitel_orange/drivers/misc/mediatek/dispsys/mt6735/mt6735m/ddp_reg.h:1420:25: warning: passing argument 1 of 'disp_addr_convert' makes integer from pointer without a cast
    cmdqRecWrite(handle, disp_addr_convert(reg32), val, mask); \
                         ^
drivers/misc/mediatek/dispsys/mt6735/ddp_dsi.c:58:145: note: in expansion of macro 'DISP_REG_MASK'
   if(cmdq)  {*(unsigned int*)(&r) = ((unsigned int)0x00000000);r.bit = ~(r.bit);*(unsigned int*)(&v) = ((unsigned int)0x00000000);v.bit = value;DISP_REG_MASK(cmdq, &REG, AS_UINT32(&v), AS_UINT32(&r));}  \
                                                                                                                                                 ^
drivers/misc/mediatek/dispsys/mt6735/ddp_dsi.c:4023:4: note: in expansion of macro 'DSI_OUTREGBIT'
    DSI_OUTREGBIT(NULL, DSI_PHY_TIMCON2_REG, DSI_REG[0]->DSI_PHY_TIMECON2,CONT_DET,timing.value);
    ^
/home/satory-ra/Android/kernel/android_kernel_oukitel_orange/drivers/misc/mediatek/dispsys/mt6735/mt6735m/ddp_reg.h:1395:29: note: expected 'long unsigned int' but argument is of type 'volatile struct DSI_PHY_TIMCON2_REG *'
 static inline unsigned long disp_addr_convert(unsigned long va) 
                             ^
/home/satory-ra/Android/kernel/android_kernel_oukitel_orange/drivers/misc/mediatek/dispsys/mt6735/mt6735m/ddp_reg.h:1486:17: warning: passing argument 2 of 'dprec_reg_op' makes integer from pointer without a cast
                 dprec_reg_op(handle, reg32, val, 0x00000000);\
                 ^
drivers/misc/mediatek/dispsys/mt6735/ddp_dsi.c:59:63: note: in expansion of macro 'DISP_REG_SET'
   else{mt_reg_sync_writel(INREG32(&REG),&r);r.bit = (value);  DISP_REG_SET(cmdq, &REG, INREG32(&r));}    \
                                                               ^
drivers/misc/mediatek/dispsys/mt6735/ddp_dsi.c:4023:4: note: in expansion of macro 'DSI_OUTREGBIT'
    DSI_OUTREGBIT(NULL, DSI_PHY_TIMCON2_REG, DSI_REG[0]->DSI_PHY_TIMECON2,CONT_DET,timing.value);
    ^
In file included from /home/satory-ra/Android/kernel/android_kernel_oukitel_orange/drivers/misc/mediatek/videox/mt6735/disp_drv_log.h:3:0,
                 from drivers/misc/mediatek/dispsys/mt6735/ddp_dsi.c:8:
/home/satory-ra/Android/kernel/android_kernel_oukitel_orange/drivers/misc/mediatek/dispsys/mt6735/display_recorder.h:136:6: note: expected 'unsigned int' but argument is of type 'volatile struct DSI_PHY_TIMCON2_REG *'
 void dprec_reg_op(void* cmdq, unsigned int reg, unsigned int val, unsigned int mask);
      ^
In file included from drivers/misc/mediatek/dispsys/mt6735/ddp_dsi.c:31:0:
/home/satory-ra/Android/kernel/android_kernel_oukitel_orange/drivers/misc/mediatek/dispsys/mt6735/mt6735m/ddp_reg.h:1487:38: warning: passing argument 1 of 'disp_addr_convert' makes integer from pointer without a cast
                 cmdqRecWrite(handle, disp_addr_convert(reg32), val, ~0); \
                                      ^
drivers/misc/mediatek/dispsys/mt6735/ddp_dsi.c:59:63: note: in expansion of macro 'DISP_REG_SET'
   else{mt_reg_sync_writel(INREG32(&REG),&r);r.bit = (value);  DISP_REG_SET(cmdq, &REG, INREG32(&r));}    \
                                                               ^
drivers/misc/mediatek/dispsys/mt6735/ddp_dsi.c:4023:4: note: in expansion of macro 'DSI_OUTREGBIT'
    DSI_OUTREGBIT(NULL, DSI_PHY_TIMCON2_REG, DSI_REG[0]->DSI_PHY_TIMECON2,CONT_DET,timing.value);
    ^
/home/satory-ra/Android/kernel/android_kernel_oukitel_orange/drivers/misc/mediatek/dispsys/mt6735/mt6735m/ddp_reg.h:1395:29: note: expected 'long unsigned int' but argument is of type 'volatile struct DSI_PHY_TIMCON2_REG *'
 static inline unsigned long disp_addr_convert(unsigned long va) 
                             ^
/home/satory-ra/Android/kernel/android_kernel_oukitel_orange/drivers/misc/mediatek/dispsys/mt6735/mt6735m/ddp_reg.h:1413:3: warning: passing argument 2 of 'dprec_reg_op' makes integer from pointer without a cast
   dprec_reg_op(handle, reg32, val, mask);\
   ^
drivers/misc/mediatek/dispsys/mt6735/ddp_dsi.c:58:145: note: in expansion of macro 'DISP_REG_MASK'
   if(cmdq)  {*(unsigned int*)(&r) = ((unsigned int)0x00000000);r.bit = ~(r.bit);*(unsigned int*)(&v) = ((unsigned int)0x00000000);v.bit = value;DISP_REG_MASK(cmdq, &REG, AS_UINT32(&v), AS_UINT32(&r));}  \
                                                                                                                                                 ^
drivers/misc/mediatek/dispsys/mt6735/ddp_dsi.c:4026:4: note: in expansion of macro 'DSI_OUTREGBIT'
    DSI_OUTREGBIT(NULL, DSI_PHY_TIMCON2_REG, DSI_REG[1]->DSI_PHY_TIMECON2,CONT_DET,timing.value);
    ^
In file included from /home/satory-ra/Android/kernel/android_kernel_oukitel_orange/drivers/misc/mediatek/videox/mt6735/disp_drv_log.h:3:0,
                 from drivers/misc/mediatek/dispsys/mt6735/ddp_dsi.c:8:
/home/satory-ra/Android/kernel/android_kernel_oukitel_orange/drivers/misc/mediatek/dispsys/mt6735/display_recorder.h:136:6: note: expected 'unsigned int' but argument is of type 'volatile struct DSI_PHY_TIMCON2_REG *'
 void dprec_reg_op(void* cmdq, unsigned int reg, unsigned int val, unsigned int mask);
      ^
In file included from drivers/misc/mediatek/dispsys/mt6735/ddp_dsi.c:31:0:
/home/satory-ra/Android/kernel/android_kernel_oukitel_orange/drivers/misc/mediatek/dispsys/mt6735/mt6735m/ddp_reg.h:1420:25: warning: passing argument 1 of 'disp_addr_convert' makes integer from pointer without a cast
    cmdqRecWrite(handle, disp_addr_convert(reg32), val, mask); \
                         ^
drivers/misc/mediatek/dispsys/mt6735/ddp_dsi.c:58:145: note: in expansion of macro 'DISP_REG_MASK'
   if(cmdq)  {*(unsigned int*)(&r) = ((unsigned int)0x00000000);r.bit = ~(r.bit);*(unsigned int*)(&v) = ((unsigned int)0x00000000);v.bit = value;DISP_REG_MASK(cmdq, &REG, AS_UINT32(&v), AS_UINT32(&r));}  \
                                                                                                                                                 ^
drivers/misc/mediatek/dispsys/mt6735/ddp_dsi.c:4026:4: note: in expansion of macro 'DSI_OUTREGBIT'
    DSI_OUTREGBIT(NULL, DSI_PHY_TIMCON2_REG, DSI_REG[1]->DSI_PHY_TIMECON2,CONT_DET,timing.value);
    ^
/home/satory-ra/Android/kernel/android_kernel_oukitel_orange/drivers/misc/mediatek/dispsys/mt6735/mt6735m/ddp_reg.h:1395:29: note: expected 'long unsigned int' but argument is of type 'volatile struct DSI_PHY_TIMCON2_REG *'
 static inline unsigned long disp_addr_convert(unsigned long va) 
                             ^
/home/satory-ra/Android/kernel/android_kernel_oukitel_orange/drivers/misc/mediatek/dispsys/mt6735/mt6735m/ddp_reg.h:1486:17: warning: passing argument 2 of 'dprec_reg_op' makes integer from pointer without a cast
                 dprec_reg_op(handle, reg32, val, 0x00000000);\
                 ^
drivers/misc/mediatek/dispsys/mt6735/ddp_dsi.c:59:63: note: in expansion of macro 'DISP_REG_SET'
   else{mt_reg_sync_writel(INREG32(&REG),&r);r.bit = (value);  DISP_REG_SET(cmdq, &REG, INREG32(&r));}    \
                                                               ^
drivers/misc/mediatek/dispsys/mt6735/ddp_dsi.c:4026:4: note: in expansion of macro 'DSI_OUTREGBIT'
    DSI_OUTREGBIT(NULL, DSI_PHY_TIMCON2_REG, DSI_REG[1]->DSI_PHY_TIMECON2,CONT_DET,timing.value);
    ^
In file included from /home/satory-ra/Android/kernel/android_kernel_oukitel_orange/drivers/misc/mediatek/videox/mt6735/disp_drv_log.h:3:0,
                 from drivers/misc/mediatek/dispsys/mt6735/ddp_dsi.c:8:
/home/satory-ra/Android/kernel/android_kernel_oukitel_orange/drivers/misc/mediatek/dispsys/mt6735/display_recorder.h:136:6: note: expected 'unsigned int' but argument is of type 'volatile struct DSI_PHY_TIMCON2_REG *'
 void dprec_reg_op(void* cmdq, unsigned int reg, unsigned int val, unsigned int mask);
      ^
In file included from drivers/misc/mediatek/dispsys/mt6735/ddp_dsi.c:31:0:
/home/satory-ra/Android/kernel/android_kernel_oukitel_orange/drivers/misc/mediatek/dispsys/mt6735/mt6735m/ddp_reg.h:1487:38: warning: passing argument 1 of 'disp_addr_convert' makes integer from pointer without a cast
                 cmdqRecWrite(handle, disp_addr_convert(reg32), val, ~0); \
                                      ^
drivers/misc/mediatek/dispsys/mt6735/ddp_dsi.c:59:63: note: in expansion of macro 'DISP_REG_SET'
   else{mt_reg_sync_writel(INREG32(&REG),&r);r.bit = (value);  DISP_REG_SET(cmdq, &REG, INREG32(&r));}    \
                                                               ^
drivers/misc/mediatek/dispsys/mt6735/ddp_dsi.c:4026:4: note: in expansion of macro 'DSI_OUTREGBIT'
    DSI_OUTREGBIT(NULL, DSI_PHY_TIMCON2_REG, DSI_REG[1]->DSI_PHY_TIMECON2,CONT_DET,timing.value);
    ^
/home/satory-ra/Android/kernel/android_kernel_oukitel_orange/drivers/misc/mediatek/dispsys/mt6735/mt6735m/ddp_reg.h:1395:29: note: expected 'long unsigned int' but argument is of type 'volatile struct DSI_PHY_TIMCON2_REG *'
 static inline unsigned long disp_addr_convert(unsigned long va) 
                             ^
/home/satory-ra/Android/kernel/android_kernel_oukitel_orange/drivers/misc/mediatek/dispsys/mt6735/mt6735m/ddp_reg.h:1413:3: warning: passing argument 2 of 'dprec_reg_op' makes integer from pointer without a cast
   dprec_reg_op(handle, reg32, val, mask);\
   ^
drivers/misc/mediatek/dispsys/mt6735/ddp_dsi.c:58:145: note: in expansion of macro 'DISP_REG_MASK'
   if(cmdq)  {*(unsigned int*)(&r) = ((unsigned int)0x00000000);r.bit = ~(r.bit);*(unsigned int*)(&v) = ((unsigned int)0x00000000);v.bit = value;DISP_REG_MASK(cmdq, &REG, AS_UINT32(&v), AS_UINT32(&r));}  \
                                                                                                                                                 ^
drivers/misc/mediatek/dispsys/mt6735/ddp_dsi.c:4029:7: note: in expansion of macro 'DSI_OUTREGBIT'
       DSI_OUTREGBIT(NULL, DSI_PHY_TIMCON2_REG, DSI_REG[0]->DSI_PHY_TIMECON2,CONT_DET,timing.value);
       ^
In file included from /home/satory-ra/Android/kernel/android_kernel_oukitel_orange/drivers/misc/mediatek/videox/mt6735/disp_drv_log.h:3:0,
                 from drivers/misc/mediatek/dispsys/mt6735/ddp_dsi.c:8:
/home/satory-ra/Android/kernel/android_kernel_oukitel_orange/drivers/misc/mediatek/dispsys/mt6735/display_recorder.h:136:6: note: expected 'unsigned int' but argument is of type 'volatile struct DSI_PHY_TIMCON2_REG *'
 void dprec_reg_op(void* cmdq, unsigned int reg, unsigned int val, unsigned int mask);
      ^
In file included from drivers/misc/mediatek/dispsys/mt6735/ddp_dsi.c:31:0:
/home/satory-ra/Android/kernel/android_kernel_oukitel_orange/drivers/misc/mediatek/dispsys/mt6735/mt6735m/ddp_reg.h:1420:25: warning: passing argument 1 of 'disp_addr_convert' makes integer from pointer without a cast
    cmdqRecWrite(handle, disp_addr_convert(reg32), val, mask); \
                         ^
drivers/misc/mediatek/dispsys/mt6735/ddp_dsi.c:58:145: note: in expansion of macro 'DISP_REG_MASK'
   if(cmdq)  {*(unsigned int*)(&r) = ((unsigned int)0x00000000);r.bit = ~(r.bit);*(unsigned int*)(&v) = ((unsigned int)0x00000000);v.bit = value;DISP_REG_MASK(cmdq, &REG, AS_UINT32(&v), AS_UINT32(&r));}  \
                                                                                                                                                 ^
drivers/misc/mediatek/dispsys/mt6735/ddp_dsi.c:4029:7: note: in expansion of macro 'DSI_OUTREGBIT'
       DSI_OUTREGBIT(NULL, DSI_PHY_TIMCON2_REG, DSI_REG[0]->DSI_PHY_TIMECON2,CONT_DET,timing.value);
       ^
/home/satory-ra/Android/kernel/android_kernel_oukitel_orange/drivers/misc/mediatek/dispsys/mt6735/mt6735m/ddp_reg.h:1395:29: note: expected 'long unsigned int' but argument is of type 'volatile struct DSI_PHY_TIMCON2_REG *'
 static inline unsigned long disp_addr_convert(unsigned long va) 
                             ^
/home/satory-ra/Android/kernel/android_kernel_oukitel_orange/drivers/misc/mediatek/dispsys/mt6735/mt6735m/ddp_reg.h:1486:17: warning: passing argument 2 of 'dprec_reg_op' makes integer from pointer without a cast
                 dprec_reg_op(handle, reg32, val, 0x00000000);\
                 ^
drivers/misc/mediatek/dispsys/mt6735/ddp_dsi.c:59:63: note: in expansion of macro 'DISP_REG_SET'
   else{mt_reg_sync_writel(INREG32(&REG),&r);r.bit = (value);  DISP_REG_SET(cmdq, &REG, INREG32(&r));}    \
                                                               ^
drivers/misc/mediatek/dispsys/mt6735/ddp_dsi.c:4029:7: note: in expansion of macro 'DSI_OUTREGBIT'
       DSI_OUTREGBIT(NULL, DSI_PHY_TIMCON2_REG, DSI_REG[0]->DSI_PHY_TIMECON2,CONT_DET,timing.value);
       ^
In file included from /home/satory-ra/Android/kernel/android_kernel_oukitel_orange/drivers/misc/mediatek/videox/mt6735/disp_drv_log.h:3:0,
                 from drivers/misc/mediatek/dispsys/mt6735/ddp_dsi.c:8:
/home/satory-ra/Android/kernel/android_kernel_oukitel_orange/drivers/misc/mediatek/dispsys/mt6735/display_recorder.h:136:6: note: expected 'unsigned int' but argument is of type 'volatile struct DSI_PHY_TIMCON2_REG *'
 void dprec_reg_op(void* cmdq, unsigned int reg, unsigned int val, unsigned int mask);
      ^
In file included from drivers/misc/mediatek/dispsys/mt6735/ddp_dsi.c:31:0:
/home/satory-ra/Android/kernel/android_kernel_oukitel_orange/drivers/misc/mediatek/dispsys/mt6735/mt6735m/ddp_reg.h:1487:38: warning: passing argument 1 of 'disp_addr_convert' makes integer from pointer without a cast
                 cmdqRecWrite(handle, disp_addr_convert(reg32), val, ~0); \
                                      ^
drivers/misc/mediatek/dispsys/mt6735/ddp_dsi.c:59:63: note: in expansion of macro 'DISP_REG_SET'
   else{mt_reg_sync_writel(INREG32(&REG),&r);r.bit = (value);  DISP_REG_SET(cmdq, &REG, INREG32(&r));}    \
                                                               ^
drivers/misc/mediatek/dispsys/mt6735/ddp_dsi.c:4029:7: note: in expansion of macro 'DSI_OUTREGBIT'
       DSI_OUTREGBIT(NULL, DSI_PHY_TIMCON2_REG, DSI_REG[0]->DSI_PHY_TIMECON2,CONT_DET,timing.value);
       ^
/home/satory-ra/Android/kernel/android_kernel_oukitel_orange/drivers/misc/mediatek/dispsys/mt6735/mt6735m/ddp_reg.h:1395:29: note: expected 'long unsigned int' but argument is of type 'volatile struct DSI_PHY_TIMCON2_REG *'
 static inline unsigned long disp_addr_convert(unsigned long va) 
                             ^
/home/satory-ra/Android/kernel/android_kernel_oukitel_orange/drivers/misc/mediatek/dispsys/mt6735/mt6735m/ddp_reg.h:1413:3: warning: passing argument 2 of 'dprec_reg_op' makes integer from pointer without a cast
   dprec_reg_op(handle, reg32, val, mask);\
   ^
drivers/misc/mediatek/dispsys/mt6735/ddp_dsi.c:58:145: note: in expansion of macro 'DISP_REG_MASK'
   if(cmdq)  {*(unsigned int*)(&r) = ((unsigned int)0x00000000);r.bit = ~(r.bit);*(unsigned int*)(&v) = ((unsigned int)0x00000000);v.bit = value;DISP_REG_MASK(cmdq, &REG, AS_UINT32(&v), AS_UINT32(&r));}  \
                                                                                                                                                 ^
drivers/misc/mediatek/dispsys/mt6735/ddp_dsi.c:4030:4: note: in expansion of macro 'DSI_OUTREGBIT'
    DSI_OUTREGBIT(NULL, DSI_PHY_TIMCON2_REG, DSI_REG[1]->DSI_PHY_TIMECON2,CONT_DET,timing.value); 
    ^
In file included from /home/satory-ra/Android/kernel/android_kernel_oukitel_orange/drivers/misc/mediatek/videox/mt6735/disp_drv_log.h:3:0,
                 from drivers/misc/mediatek/dispsys/mt6735/ddp_dsi.c:8:
/home/satory-ra/Android/kernel/android_kernel_oukitel_orange/drivers/misc/mediatek/dispsys/mt6735/display_recorder.h:136:6: note: expected 'unsigned int' but argument is of type 'volatile struct DSI_PHY_TIMCON2_REG *'
 void dprec_reg_op(void* cmdq, unsigned int reg, unsigned int val, unsigned int mask);
      ^
In file included from drivers/misc/mediatek/dispsys/mt6735/ddp_dsi.c:31:0:
/home/satory-ra/Android/kernel/android_kernel_oukitel_orange/drivers/misc/mediatek/dispsys/mt6735/mt6735m/ddp_reg.h:1420:25: warning: passing argument 1 of 'disp_addr_convert' makes integer from pointer without a cast
    cmdqRecWrite(handle, disp_addr_convert(reg32), val, mask); \
                         ^
drivers/misc/mediatek/dispsys/mt6735/ddp_dsi.c:58:145: note: in expansion of macro 'DISP_REG_MASK'
   if(cmdq)  {*(unsigned int*)(&r) = ((unsigned int)0x00000000);r.bit = ~(r.bit);*(unsigned int*)(&v) = ((unsigned int)0x00000000);v.bit = value;DISP_REG_MASK(cmdq, &REG, AS_UINT32(&v), AS_UINT32(&r));}  \
                                                                                                                                                 ^
drivers/misc/mediatek/dispsys/mt6735/ddp_dsi.c:4030:4: note: in expansion of macro 'DSI_OUTREGBIT'
    DSI_OUTREGBIT(NULL, DSI_PHY_TIMCON2_REG, DSI_REG[1]->DSI_PHY_TIMECON2,CONT_DET,timing.value); 
    ^
/home/satory-ra/Android/kernel/android_kernel_oukitel_orange/drivers/misc/mediatek/dispsys/mt6735/mt6735m/ddp_reg.h:1395:29: note: expected 'long unsigned int' but argument is of type 'volatile struct DSI_PHY_TIMCON2_REG *'
 static inline unsigned long disp_addr_convert(unsigned long va) 
                             ^
/home/satory-ra/Android/kernel/android_kernel_oukitel_orange/drivers/misc/mediatek/dispsys/mt6735/mt6735m/ddp_reg.h:1486:17: warning: passing argument 2 of 'dprec_reg_op' makes integer from pointer without a cast
                 dprec_reg_op(handle, reg32, val, 0x00000000);\
                 ^
drivers/misc/mediatek/dispsys/mt6735/ddp_dsi.c:59:63: note: in expansion of macro 'DISP_REG_SET'
   else{mt_reg_sync_writel(INREG32(&REG),&r);r.bit = (value);  DISP_REG_SET(cmdq, &REG, INREG32(&r));}    \
                                                               ^
drivers/misc/mediatek/dispsys/mt6735/ddp_dsi.c:4030:4: note: in expansion of macro 'DSI_OUTREGBIT'
    DSI_OUTREGBIT(NULL, DSI_PHY_TIMCON2_REG, DSI_REG[1]->DSI_PHY_TIMECON2,CONT_DET,timing.value); 
    ^
In file included from /home/satory-ra/Android/kernel/android_kernel_oukitel_orange/drivers/misc/mediatek/videox/mt6735/disp_drv_log.h:3:0,
                 from drivers/misc/mediatek/dispsys/mt6735/ddp_dsi.c:8:
/home/satory-ra/Android/kernel/android_kernel_oukitel_orange/drivers/misc/mediatek/dispsys/mt6735/display_recorder.h:136:6: note: expected 'unsigned int' but argument is of type 'volatile struct DSI_PHY_TIMCON2_REG *'
 void dprec_reg_op(void* cmdq, unsigned int reg, unsigned int val, unsigned int mask);
      ^
In file included from drivers/misc/mediatek/dispsys/mt6735/ddp_dsi.c:31:0:
/home/satory-ra/Android/kernel/android_kernel_oukitel_orange/drivers/misc/mediatek/dispsys/mt6735/mt6735m/ddp_reg.h:1487:38: warning: passing argument 1 of 'disp_addr_convert' makes integer from pointer without a cast
                 cmdqRecWrite(handle, disp_addr_convert(reg32), val, ~0); \
                                      ^
drivers/misc/mediatek/dispsys/mt6735/ddp_dsi.c:59:63: note: in expansion of macro 'DISP_REG_SET'
   else{mt_reg_sync_writel(INREG32(&REG),&r);r.bit = (value);  DISP_REG_SET(cmdq, &REG, INREG32(&r));}    \
                                                               ^
drivers/misc/mediatek/dispsys/mt6735/ddp_dsi.c:4030:4: note: in expansion of macro 'DSI_OUTREGBIT'
    DSI_OUTREGBIT(NULL, DSI_PHY_TIMCON2_REG, DSI_REG[1]->DSI_PHY_TIMECON2,CONT_DET,timing.value); 
    ^
/home/satory-ra/Android/kernel/android_kernel_oukitel_orange/drivers/misc/mediatek/dispsys/mt6735/mt6735m/ddp_reg.h:1395:29: note: expected 'long unsigned int' but argument is of type 'volatile struct DSI_PHY_TIMCON2_REG *'
 static inline unsigned long disp_addr_convert(unsigned long va) 
                             ^
/home/satory-ra/Android/kernel/android_kernel_oukitel_orange/drivers/misc/mediatek/dispsys/mt6735/mt6735m/ddp_reg.h:1413:3: warning: passing argument 2 of 'dprec_reg_op' makes integer from pointer without a cast
   dprec_reg_op(handle, reg32, val, mask);\
   ^
drivers/misc/mediatek/dispsys/mt6735/ddp_dsi.c:58:145: note: in expansion of macro 'DISP_REG_MASK'
   if(cmdq)  {*(unsigned int*)(&r) = ((unsigned int)0x00000000);r.bit = ~(r.bit);*(unsigned int*)(&v) = ((unsigned int)0x00000000);v.bit = value;DISP_REG_MASK(cmdq, &REG, AS_UINT32(&v), AS_UINT32(&r));}  \
                                                                                                                                                 ^
drivers/misc/mediatek/dispsys/mt6735/ddp_dsi.c:4037:4: note: in expansion of macro 'DSI_OUTREGBIT'
    DSI_OUTREGBIT(NULL, DSI_PHY_TIMCON2_REG, DSI_REG[0]->DSI_PHY_TIMECON2,CLK_ZERO,timing.value);}
    ^
In file included from /home/satory-ra/Android/kernel/android_kernel_oukitel_orange/drivers/misc/mediatek/videox/mt6735/disp_drv_log.h:3:0,
                 from drivers/misc/mediatek/dispsys/mt6735/ddp_dsi.c:8:
/home/satory-ra/Android/kernel/android_kernel_oukitel_orange/drivers/misc/mediatek/dispsys/mt6735/display_recorder.h:136:6: note: expected 'unsigned int' but argument is of type 'volatile struct DSI_PHY_TIMCON2_REG *'
 void dprec_reg_op(void* cmdq, unsigned int reg, unsigned int val, unsigned int mask);
      ^
In file included from drivers/misc/mediatek/dispsys/mt6735/ddp_dsi.c:31:0:
/home/satory-ra/Android/kernel/android_kernel_oukitel_orange/drivers/misc/mediatek/dispsys/mt6735/mt6735m/ddp_reg.h:1420:25: warning: passing argument 1 of 'disp_addr_convert' makes integer from pointer without a cast
    cmdqRecWrite(handle, disp_addr_convert(reg32), val, mask); \
                         ^
drivers/misc/mediatek/dispsys/mt6735/ddp_dsi.c:58:145: note: in expansion of macro 'DISP_REG_MASK'
   if(cmdq)  {*(unsigned int*)(&r) = ((unsigned int)0x00000000);r.bit = ~(r.bit);*(unsigned int*)(&v) = ((unsigned int)0x00000000);v.bit = value;DISP_REG_MASK(cmdq, &REG, AS_UINT32(&v), AS_UINT32(&r));}  \
                                                                                                                                                 ^
drivers/misc/mediatek/dispsys/mt6735/ddp_dsi.c:4037:4: note: in expansion of macro 'DSI_OUTREGBIT'
    DSI_OUTREGBIT(NULL, DSI_PHY_TIMCON2_REG, DSI_REG[0]->DSI_PHY_TIMECON2,CLK_ZERO,timing.value);}
    ^
/home/satory-ra/Android/kernel/android_kernel_oukitel_orange/drivers/misc/mediatek/dispsys/mt6735/mt6735m/ddp_reg.h:1395:29: note: expected 'long unsigned int' but argument is of type 'volatile struct DSI_PHY_TIMCON2_REG *'
 static inline unsigned long disp_addr_convert(unsigned long va) 
                             ^
/home/satory-ra/Android/kernel/android_kernel_oukitel_orange/drivers/misc/mediatek/dispsys/mt6735/mt6735m/ddp_reg.h:1486:17: warning: passing argument 2 of 'dprec_reg_op' makes integer from pointer without a cast
                 dprec_reg_op(handle, reg32, val, 0x00000000);\
                 ^
drivers/misc/mediatek/dispsys/mt6735/ddp_dsi.c:59:63: note: in expansion of macro 'DISP_REG_SET'
   else{mt_reg_sync_writel(INREG32(&REG),&r);r.bit = (value);  DISP_REG_SET(cmdq, &REG, INREG32(&r));}    \
                                                               ^
drivers/misc/mediatek/dispsys/mt6735/ddp_dsi.c:4037:4: note: in expansion of macro 'DSI_OUTREGBIT'
    DSI_OUTREGBIT(NULL, DSI_PHY_TIMCON2_REG, DSI_REG[0]->DSI_PHY_TIMECON2,CLK_ZERO,timing.value);}
    ^
In file included from /home/satory-ra/Android/kernel/android_kernel_oukitel_orange/drivers/misc/mediatek/videox/mt6735/disp_drv_log.h:3:0,
                 from drivers/misc/mediatek/dispsys/mt6735/ddp_dsi.c:8:
/home/satory-ra/Android/kernel/android_kernel_oukitel_orange/drivers/misc/mediatek/dispsys/mt6735/display_recorder.h:136:6: note: expected 'unsigned int' but argument is of type 'volatile struct DSI_PHY_TIMCON2_REG *'
 void dprec_reg_op(void* cmdq, unsigned int reg, unsigned int val, unsigned int mask);
      ^
In file included from drivers/misc/mediatek/dispsys/mt6735/ddp_dsi.c:31:0:
/home/satory-ra/Android/kernel/android_kernel_oukitel_orange/drivers/misc/mediatek/dispsys/mt6735/mt6735m/ddp_reg.h:1487:38: warning: passing argument 1 of 'disp_addr_convert' makes integer from pointer without a cast
                 cmdqRecWrite(handle, disp_addr_convert(reg32), val, ~0); \
                                      ^
drivers/misc/mediatek/dispsys/mt6735/ddp_dsi.c:59:63: note: in expansion of macro 'DISP_REG_SET'
   else{mt_reg_sync_writel(INREG32(&REG),&r);r.bit = (value);  DISP_REG_SET(cmdq, &REG, INREG32(&r));}    \
                                                               ^
drivers/misc/mediatek/dispsys/mt6735/ddp_dsi.c:4037:4: note: in expansion of macro 'DSI_OUTREGBIT'
    DSI_OUTREGBIT(NULL, DSI_PHY_TIMCON2_REG, DSI_REG[0]->DSI_PHY_TIMECON2,CLK_ZERO,timing.value);}
    ^
/home/satory-ra/Android/kernel/android_kernel_oukitel_orange/drivers/misc/mediatek/dispsys/mt6735/mt6735m/ddp_reg.h:1395:29: note: expected 'long unsigned int' but argument is of type 'volatile struct DSI_PHY_TIMCON2_REG *'
 static inline unsigned long disp_addr_convert(unsigned long va) 
                             ^
/home/satory-ra/Android/kernel/android_kernel_oukitel_orange/drivers/misc/mediatek/dispsys/mt6735/mt6735m/ddp_reg.h:1413:3: warning: passing argument 2 of 'dprec_reg_op' makes integer from pointer without a cast
   dprec_reg_op(handle, reg32, val, mask);\
   ^
drivers/misc/mediatek/dispsys/mt6735/ddp_dsi.c:58:145: note: in expansion of macro 'DISP_REG_MASK'
   if(cmdq)  {*(unsigned int*)(&r) = ((unsigned int)0x00000000);r.bit = ~(r.bit);*(unsigned int*)(&v) = ((unsigned int)0x00000000);v.bit = value;DISP_REG_MASK(cmdq, &REG, AS_UINT32(&v), AS_UINT32(&r));}  \
                                                                                                                                                 ^
drivers/misc/mediatek/dispsys/mt6735/ddp_dsi.c:4040:4: note: in expansion of macro 'DSI_OUTREGBIT'
    DSI_OUTREGBIT(NULL, DSI_PHY_TIMCON2_REG, DSI_REG[1]->DSI_PHY_TIMECON2,CLK_ZERO,timing.value);
    ^
In file included from /home/satory-ra/Android/kernel/android_kernel_oukitel_orange/drivers/misc/mediatek/videox/mt6735/disp_drv_log.h:3:0,
                 from drivers/misc/mediatek/dispsys/mt6735/ddp_dsi.c:8:
/home/satory-ra/Android/kernel/android_kernel_oukitel_orange/drivers/misc/mediatek/dispsys/mt6735/display_recorder.h:136:6: note: expected 'unsigned int' but argument is of type 'volatile struct DSI_PHY_TIMCON2_REG *'
 void dprec_reg_op(void* cmdq, unsigned int reg, unsigned int val, unsigned int mask);
      ^
In file included from drivers/misc/mediatek/dispsys/mt6735/ddp_dsi.c:31:0:
/home/satory-ra/Android/kernel/android_kernel_oukitel_orange/drivers/misc/mediatek/dispsys/mt6735/mt6735m/ddp_reg.h:1420:25: warning: passing argument 1 of 'disp_addr_convert' makes integer from pointer without a cast
    cmdqRecWrite(handle, disp_addr_convert(reg32), val, mask); \
                         ^
drivers/misc/mediatek/dispsys/mt6735/ddp_dsi.c:58:145: note: in expansion of macro 'DISP_REG_MASK'
   if(cmdq)  {*(unsigned int*)(&r) = ((unsigned int)0x00000000);r.bit = ~(r.bit);*(unsigned int*)(&v) = ((unsigned int)0x00000000);v.bit = value;DISP_REG_MASK(cmdq, &REG, AS_UINT32(&v), AS_UINT32(&r));}  \
                                                                                                                                                 ^
drivers/misc/mediatek/dispsys/mt6735/ddp_dsi.c:4040:4: note: in expansion of macro 'DSI_OUTREGBIT'
    DSI_OUTREGBIT(NULL, DSI_PHY_TIMCON2_REG, DSI_REG[1]->DSI_PHY_TIMECON2,CLK_ZERO,timing.value);
    ^
/home/satory-ra/Android/kernel/android_kernel_oukitel_orange/drivers/misc/mediatek/dispsys/mt6735/mt6735m/ddp_reg.h:1395:29: note: expected 'long unsigned int' but argument is of type 'volatile struct DSI_PHY_TIMCON2_REG *'
 static inline unsigned long disp_addr_convert(unsigned long va) 
                             ^
/home/satory-ra/Android/kernel/android_kernel_oukitel_orange/drivers/misc/mediatek/dispsys/mt6735/mt6735m/ddp_reg.h:1486:17: warning: passing argument 2 of 'dprec_reg_op' makes integer from pointer without a cast
                 dprec_reg_op(handle, reg32, val, 0x00000000);\
                 ^
drivers/misc/mediatek/dispsys/mt6735/ddp_dsi.c:59:63: note: in expansion of macro 'DISP_REG_SET'
   else{mt_reg_sync_writel(INREG32(&REG),&r);r.bit = (value);  DISP_REG_SET(cmdq, &REG, INREG32(&r));}    \
                                                               ^
drivers/misc/mediatek/dispsys/mt6735/ddp_dsi.c:4040:4: note: in expansion of macro 'DSI_OUTREGBIT'
    DSI_OUTREGBIT(NULL, DSI_PHY_TIMCON2_REG, DSI_REG[1]->DSI_PHY_TIMECON2,CLK_ZERO,timing.value);
    ^
In file included from /home/satory-ra/Android/kernel/android_kernel_oukitel_orange/drivers/misc/mediatek/videox/mt6735/disp_drv_log.h:3:0,
                 from drivers/misc/mediatek/dispsys/mt6735/ddp_dsi.c:8:
/home/satory-ra/Android/kernel/android_kernel_oukitel_orange/drivers/misc/mediatek/dispsys/mt6735/display_recorder.h:136:6: note: expected 'unsigned int' but argument is of type 'volatile struct DSI_PHY_TIMCON2_REG *'
 void dprec_reg_op(void* cmdq, unsigned int reg, unsigned int val, unsigned int mask);
      ^
In file included from drivers/misc/mediatek/dispsys/mt6735/ddp_dsi.c:31:0:
/home/satory-ra/Android/kernel/android_kernel_oukitel_orange/drivers/misc/mediatek/dispsys/mt6735/mt6735m/ddp_reg.h:1487:38: warning: passing argument 1 of 'disp_addr_convert' makes integer from pointer without a cast
                 cmdqRecWrite(handle, disp_addr_convert(reg32), val, ~0); \
                                      ^
drivers/misc/mediatek/dispsys/mt6735/ddp_dsi.c:59:63: note: in expansion of macro 'DISP_REG_SET'
   else{mt_reg_sync_writel(INREG32(&REG),&r);r.bit = (value);  DISP_REG_SET(cmdq, &REG, INREG32(&r));}    \
                                                               ^
drivers/misc/mediatek/dispsys/mt6735/ddp_dsi.c:4040:4: note: in expansion of macro 'DSI_OUTREGBIT'
    DSI_OUTREGBIT(NULL, DSI_PHY_TIMCON2_REG, DSI_REG[1]->DSI_PHY_TIMECON2,CLK_ZERO,timing.value);
    ^
/home/satory-ra/Android/kernel/android_kernel_oukitel_orange/drivers/misc/mediatek/dispsys/mt6735/mt6735m/ddp_reg.h:1395:29: note: expected 'long unsigned int' but argument is of type 'volatile struct DSI_PHY_TIMCON2_REG *'
 static inline unsigned long disp_addr_convert(unsigned long va) 
                             ^
/home/satory-ra/Android/kernel/android_kernel_oukitel_orange/drivers/misc/mediatek/dispsys/mt6735/mt6735m/ddp_reg.h:1413:3: warning: passing argument 2 of 'dprec_reg_op' makes integer from pointer without a cast
   dprec_reg_op(handle, reg32, val, mask);\
   ^
drivers/misc/mediatek/dispsys/mt6735/ddp_dsi.c:58:145: note: in expansion of macro 'DISP_REG_MASK'
   if(cmdq)  {*(unsigned int*)(&r) = ((unsigned int)0x00000000);r.bit = ~(r.bit);*(unsigned int*)(&v) = ((unsigned int)0x00000000);v.bit = value;DISP_REG_MASK(cmdq, &REG, AS_UINT32(&v), AS_UINT32(&r));}  \
                                                                                                                                                 ^
drivers/misc/mediatek/dispsys/mt6735/ddp_dsi.c:4043:7: note: in expansion of macro 'DSI_OUTREGBIT'
       DSI_OUTREGBIT(NULL, DSI_PHY_TIMCON2_REG, DSI_REG[0]->DSI_PHY_TIMECON2,CLK_ZERO,timing.value);
       ^
In file included from /home/satory-ra/Android/kernel/android_kernel_oukitel_orange/drivers/misc/mediatek/videox/mt6735/disp_drv_log.h:3:0,
                 from drivers/misc/mediatek/dispsys/mt6735/ddp_dsi.c:8:
/home/satory-ra/Android/kernel/android_kernel_oukitel_orange/drivers/misc/mediatek/dispsys/mt6735/display_recorder.h:136:6: note: expected 'unsigned int' but argument is of type 'volatile struct DSI_PHY_TIMCON2_REG *'
 void dprec_reg_op(void* cmdq, unsigned int reg, unsigned int val, unsigned int mask);
      ^
In file included from drivers/misc/mediatek/dispsys/mt6735/ddp_dsi.c:31:0:
/home/satory-ra/Android/kernel/android_kernel_oukitel_orange/drivers/misc/mediatek/dispsys/mt6735/mt6735m/ddp_reg.h:1420:25: warning: passing argument 1 of 'disp_addr_convert' makes integer from pointer without a cast
    cmdqRecWrite(handle, disp_addr_convert(reg32), val, mask); \
                         ^
drivers/misc/mediatek/dispsys/mt6735/ddp_dsi.c:58:145: note: in expansion of macro 'DISP_REG_MASK'
   if(cmdq)  {*(unsigned int*)(&r) = ((unsigned int)0x00000000);r.bit = ~(r.bit);*(unsigned int*)(&v) = ((unsigned int)0x00000000);v.bit = value;DISP_REG_MASK(cmdq, &REG, AS_UINT32(&v), AS_UINT32(&r));}  \
                                                                                                                                                 ^
drivers/misc/mediatek/dispsys/mt6735/ddp_dsi.c:4043:7: note: in expansion of macro 'DSI_OUTREGBIT'
       DSI_OUTREGBIT(NULL, DSI_PHY_TIMCON2_REG, DSI_REG[0]->DSI_PHY_TIMECON2,CLK_ZERO,timing.value);
       ^
/home/satory-ra/Android/kernel/android_kernel_oukitel_orange/drivers/misc/mediatek/dispsys/mt6735/mt6735m/ddp_reg.h:1395:29: note: expected 'long unsigned int' but argument is of type 'volatile struct DSI_PHY_TIMCON2_REG *'
 static inline unsigned long disp_addr_convert(unsigned long va) 
                             ^
/home/satory-ra/Android/kernel/android_kernel_oukitel_orange/drivers/misc/mediatek/dispsys/mt6735/mt6735m/ddp_reg.h:1486:17: warning: passing argument 2 of 'dprec_reg_op' makes integer from pointer without a cast
                 dprec_reg_op(handle, reg32, val, 0x00000000);\
                 ^
drivers/misc/mediatek/dispsys/mt6735/ddp_dsi.c:59:63: note: in expansion of macro 'DISP_REG_SET'
   else{mt_reg_sync_writel(INREG32(&REG),&r);r.bit = (value);  DISP_REG_SET(cmdq, &REG, INREG32(&r));}    \
                                                               ^
drivers/misc/mediatek/dispsys/mt6735/ddp_dsi.c:4043:7: note: in expansion of macro 'DSI_OUTREGBIT'
       DSI_OUTREGBIT(NULL, DSI_PHY_TIMCON2_REG, DSI_REG[0]->DSI_PHY_TIMECON2,CLK_ZERO,timing.value);
       ^
In file included from /home/satory-ra/Android/kernel/android_kernel_oukitel_orange/drivers/misc/mediatek/videox/mt6735/disp_drv_log.h:3:0,
                 from drivers/misc/mediatek/dispsys/mt6735/ddp_dsi.c:8:
/home/satory-ra/Android/kernel/android_kernel_oukitel_orange/drivers/misc/mediatek/dispsys/mt6735/display_recorder.h:136:6: note: expected 'unsigned int' but argument is of type 'volatile struct DSI_PHY_TIMCON2_REG *'
 void dprec_reg_op(void* cmdq, unsigned int reg, unsigned int val, unsigned int mask);
      ^
In file included from drivers/misc/mediatek/dispsys/mt6735/ddp_dsi.c:31:0:
/home/satory-ra/Android/kernel/android_kernel_oukitel_orange/drivers/misc/mediatek/dispsys/mt6735/mt6735m/ddp_reg.h:1487:38: warning: passing argument 1 of 'disp_addr_convert' makes integer from pointer without a cast
                 cmdqRecWrite(handle, disp_addr_convert(reg32), val, ~0); \
                                      ^
drivers/misc/mediatek/dispsys/mt6735/ddp_dsi.c:59:63: note: in expansion of macro 'DISP_REG_SET'
   else{mt_reg_sync_writel(INREG32(&REG),&r);r.bit = (value);  DISP_REG_SET(cmdq, &REG, INREG32(&r));}    \
                                                               ^
drivers/misc/mediatek/dispsys/mt6735/ddp_dsi.c:4043:7: note: in expansion of macro 'DSI_OUTREGBIT'
       DSI_OUTREGBIT(NULL, DSI_PHY_TIMCON2_REG, DSI_REG[0]->DSI_PHY_TIMECON2,CLK_ZERO,timing.value);
       ^
/home/satory-ra/Android/kernel/android_kernel_oukitel_orange/drivers/misc/mediatek/dispsys/mt6735/mt6735m/ddp_reg.h:1395:29: note: expected 'long unsigned int' but argument is of type 'volatile struct DSI_PHY_TIMCON2_REG *'
 static inline unsigned long disp_addr_convert(unsigned long va) 
                             ^
/home/satory-ra/Android/kernel/android_kernel_oukitel_orange/drivers/misc/mediatek/dispsys/mt6735/mt6735m/ddp_reg.h:1413:3: warning: passing argument 2 of 'dprec_reg_op' makes integer from pointer without a cast
   dprec_reg_op(handle, reg32, val, mask);\
   ^
drivers/misc/mediatek/dispsys/mt6735/ddp_dsi.c:58:145: note: in expansion of macro 'DISP_REG_MASK'
   if(cmdq)  {*(unsigned int*)(&r) = ((unsigned int)0x00000000);r.bit = ~(r.bit);*(unsigned int*)(&v) = ((unsigned int)0x00000000);v.bit = value;DISP_REG_MASK(cmdq, &REG, AS_UINT32(&v), AS_UINT32(&r));}  \
                                                                                                                                                 ^
drivers/misc/mediatek/dispsys/mt6735/ddp_dsi.c:4044:4: note: in expansion of macro 'DSI_OUTREGBIT'
    DSI_OUTREGBIT(NULL, DSI_PHY_TIMCON2_REG, DSI_REG[1]->DSI_PHY_TIMECON2,CLK_ZERO,timing.value); 
    ^
In file included from /home/satory-ra/Android/kernel/android_kernel_oukitel_orange/drivers/misc/mediatek/videox/mt6735/disp_drv_log.h:3:0,
                 from drivers/misc/mediatek/dispsys/mt6735/ddp_dsi.c:8:
/home/satory-ra/Android/kernel/android_kernel_oukitel_orange/drivers/misc/mediatek/dispsys/mt6735/display_recorder.h:136:6: note: expected 'unsigned int' but argument is of type 'volatile struct DSI_PHY_TIMCON2_REG *'
 void dprec_reg_op(void* cmdq, unsigned int reg, unsigned int val, unsigned int mask);
      ^
In file included from drivers/misc/mediatek/dispsys/mt6735/ddp_dsi.c:31:0:
/home/satory-ra/Android/kernel/android_kernel_oukitel_orange/drivers/misc/mediatek/dispsys/mt6735/mt6735m/ddp_reg.h:1420:25: warning: passing argument 1 of 'disp_addr_convert' makes integer from pointer without a cast
    cmdqRecWrite(handle, disp_addr_convert(reg32), val, mask); \
                         ^
drivers/misc/mediatek/dispsys/mt6735/ddp_dsi.c:58:145: note: in expansion of macro 'DISP_REG_MASK'
   if(cmdq)  {*(unsigned int*)(&r) = ((unsigned int)0x00000000);r.bit = ~(r.bit);*(unsigned int*)(&v) = ((unsigned int)0x00000000);v.bit = value;DISP_REG_MASK(cmdq, &REG, AS_UINT32(&v), AS_UINT32(&r));}  \
                                                                                                                                                 ^
drivers/misc/mediatek/dispsys/mt6735/ddp_dsi.c:4044:4: note: in expansion of macro 'DSI_OUTREGBIT'
    DSI_OUTREGBIT(NULL, DSI_PHY_TIMCON2_REG, DSI_REG[1]->DSI_PHY_TIMECON2,CLK_ZERO,timing.value); 
    ^
/home/satory-ra/Android/kernel/android_kernel_oukitel_orange/drivers/misc/mediatek/dispsys/mt6735/mt6735m/ddp_reg.h:1395:29: note: expected 'long unsigned int' but argument is of type 'volatile struct DSI_PHY_TIMCON2_REG *'
 static inline unsigned long disp_addr_convert(unsigned long va) 
                             ^
/home/satory-ra/Android/kernel/android_kernel_oukitel_orange/drivers/misc/mediatek/dispsys/mt6735/mt6735m/ddp_reg.h:1486:17: warning: passing argument 2 of 'dprec_reg_op' makes integer from pointer without a cast
                 dprec_reg_op(handle, reg32, val, 0x00000000);\
                 ^
drivers/misc/mediatek/dispsys/mt6735/ddp_dsi.c:59:63: note: in expansion of macro 'DISP_REG_SET'
   else{mt_reg_sync_writel(INREG32(&REG),&r);r.bit = (value);  DISP_REG_SET(cmdq, &REG, INREG32(&r));}    \
                                                               ^
drivers/misc/mediatek/dispsys/mt6735/ddp_dsi.c:4044:4: note: in expansion of macro 'DSI_OUTREGBIT'
    DSI_OUTREGBIT(NULL, DSI_PHY_TIMCON2_REG, DSI_REG[1]->DSI_PHY_TIMECON2,CLK_ZERO,timing.value); 
    ^
In file included from /home/satory-ra/Android/kernel/android_kernel_oukitel_orange/drivers/misc/mediatek/videox/mt6735/disp_drv_log.h:3:0,
                 from drivers/misc/mediatek/dispsys/mt6735/ddp_dsi.c:8:
/home/satory-ra/Android/kernel/android_kernel_oukitel_orange/drivers/misc/mediatek/dispsys/mt6735/display_recorder.h:136:6: note: expected 'unsigned int' but argument is of type 'volatile struct DSI_PHY_TIMCON2_REG *'
 void dprec_reg_op(void* cmdq, unsigned int reg, unsigned int val, unsigned int mask);
      ^
In file included from drivers/misc/mediatek/dispsys/mt6735/ddp_dsi.c:31:0:
/home/satory-ra/Android/kernel/android_kernel_oukitel_orange/drivers/misc/mediatek/dispsys/mt6735/mt6735m/ddp_reg.h:1487:38: warning: passing argument 1 of 'disp_addr_convert' makes integer from pointer without a cast
                 cmdqRecWrite(handle, disp_addr_convert(reg32), val, ~0); \
                                      ^
drivers/misc/mediatek/dispsys/mt6735/ddp_dsi.c:59:63: note: in expansion of macro 'DISP_REG_SET'
   else{mt_reg_sync_writel(INREG32(&REG),&r);r.bit = (value);  DISP_REG_SET(cmdq, &REG, INREG32(&r));}    \
                                                               ^
drivers/misc/mediatek/dispsys/mt6735/ddp_dsi.c:4044:4: note: in expansion of macro 'DSI_OUTREGBIT'
    DSI_OUTREGBIT(NULL, DSI_PHY_TIMCON2_REG, DSI_REG[1]->DSI_PHY_TIMECON2,CLK_ZERO,timing.value); 
    ^
/home/satory-ra/Android/kernel/android_kernel_oukitel_orange/drivers/misc/mediatek/dispsys/mt6735/mt6735m/ddp_reg.h:1395:29: note: expected 'long unsigned int' but argument is of type 'volatile struct DSI_PHY_TIMCON2_REG *'
 static inline unsigned long disp_addr_convert(unsigned long va) 
                             ^
/home/satory-ra/Android/kernel/android_kernel_oukitel_orange/drivers/misc/mediatek/dispsys/mt6735/mt6735m/ddp_reg.h:1413:3: warning: passing argument 2 of 'dprec_reg_op' makes integer from pointer without a cast
   dprec_reg_op(handle, reg32, val, mask);\
   ^
drivers/misc/mediatek/dispsys/mt6735/ddp_dsi.c:58:145: note: in expansion of macro 'DISP_REG_MASK'
   if(cmdq)  {*(unsigned int*)(&r) = ((unsigned int)0x00000000);r.bit = ~(r.bit);*(unsigned int*)(&v) = ((unsigned int)0x00000000);v.bit = value;DISP_REG_MASK(cmdq, &REG, AS_UINT32(&v), AS_UINT32(&r));}  \
                                                                                                                                                 ^
drivers/misc/mediatek/dispsys/mt6735/ddp_dsi.c:4051:4: note: in expansion of macro 'DSI_OUTREGBIT'
    DSI_OUTREGBIT(NULL, DSI_PHY_TIMCON2_REG, DSI_REG[0]->DSI_PHY_TIMECON2,CLK_TRAIL,timing.value);
    ^
In file included from /home/satory-ra/Android/kernel/android_kernel_oukitel_orange/drivers/misc/mediatek/videox/mt6735/disp_drv_log.h:3:0,
                 from drivers/misc/mediatek/dispsys/mt6735/ddp_dsi.c:8:
/home/satory-ra/Android/kernel/android_kernel_oukitel_orange/drivers/misc/mediatek/dispsys/mt6735/display_recorder.h:136:6: note: expected 'unsigned int' but argument is of type 'volatile struct DSI_PHY_TIMCON2_REG *'
 void dprec_reg_op(void* cmdq, unsigned int reg, unsigned int val, unsigned int mask);
      ^
In file included from drivers/misc/mediatek/dispsys/mt6735/ddp_dsi.c:31:0:
/home/satory-ra/Android/kernel/android_kernel_oukitel_orange/drivers/misc/mediatek/dispsys/mt6735/mt6735m/ddp_reg.h:1420:25: warning: passing argument 1 of 'disp_addr_convert' makes integer from pointer without a cast
    cmdqRecWrite(handle, disp_addr_convert(reg32), val, mask); \
                         ^
drivers/misc/mediatek/dispsys/mt6735/ddp_dsi.c:58:145: note: in expansion of macro 'DISP_REG_MASK'
   if(cmdq)  {*(unsigned int*)(&r) = ((unsigned int)0x00000000);r.bit = ~(r.bit);*(unsigned int*)(&v) = ((unsigned int)0x00000000);v.bit = value;DISP_REG_MASK(cmdq, &REG, AS_UINT32(&v), AS_UINT32(&r));}  \
                                                                                                                                                 ^
drivers/misc/mediatek/dispsys/mt6735/ddp_dsi.c:4051:4: note: in expansion of macro 'DSI_OUTREGBIT'
    DSI_OUTREGBIT(NULL, DSI_PHY_TIMCON2_REG, DSI_REG[0]->DSI_PHY_TIMECON2,CLK_TRAIL,timing.value);
    ^
/home/satory-ra/Android/kernel/android_kernel_oukitel_orange/drivers/misc/mediatek/dispsys/mt6735/mt6735m/ddp_reg.h:1395:29: note: expected 'long unsigned int' but argument is of type 'volatile struct DSI_PHY_TIMCON2_REG *'
 static inline unsigned long disp_addr_convert(unsigned long va) 
                             ^
/home/satory-ra/Android/kernel/android_kernel_oukitel_orange/drivers/misc/mediatek/dispsys/mt6735/mt6735m/ddp_reg.h:1486:17: warning: passing argument 2 of 'dprec_reg_op' makes integer from pointer without a cast
                 dprec_reg_op(handle, reg32, val, 0x00000000);\
                 ^
drivers/misc/mediatek/dispsys/mt6735/ddp_dsi.c:59:63: note: in expansion of macro 'DISP_REG_SET'
   else{mt_reg_sync_writel(INREG32(&REG),&r);r.bit = (value);  DISP_REG_SET(cmdq, &REG, INREG32(&r));}    \
                                                               ^
drivers/misc/mediatek/dispsys/mt6735/ddp_dsi.c:4051:4: note: in expansion of macro 'DSI_OUTREGBIT'
    DSI_OUTREGBIT(NULL, DSI_PHY_TIMCON2_REG, DSI_REG[0]->DSI_PHY_TIMECON2,CLK_TRAIL,timing.value);
    ^
In file included from /home/satory-ra/Android/kernel/android_kernel_oukitel_orange/drivers/misc/mediatek/videox/mt6735/disp_drv_log.h:3:0,
                 from drivers/misc/mediatek/dispsys/mt6735/ddp_dsi.c:8:
/home/satory-ra/Android/kernel/android_kernel_oukitel_orange/drivers/misc/mediatek/dispsys/mt6735/display_recorder.h:136:6: note: expected 'unsigned int' but argument is of type 'volatile struct DSI_PHY_TIMCON2_REG *'
 void dprec_reg_op(void* cmdq, unsigned int reg, unsigned int val, unsigned int mask);
      ^
In file included from drivers/misc/mediatek/dispsys/mt6735/ddp_dsi.c:31:0:
/home/satory-ra/Android/kernel/android_kernel_oukitel_orange/drivers/misc/mediatek/dispsys/mt6735/mt6735m/ddp_reg.h:1487:38: warning: passing argument 1 of 'disp_addr_convert' makes integer from pointer without a cast
                 cmdqRecWrite(handle, disp_addr_convert(reg32), val, ~0); \
                                      ^
drivers/misc/mediatek/dispsys/mt6735/ddp_dsi.c:59:63: note: in expansion of macro 'DISP_REG_SET'
   else{mt_reg_sync_writel(INREG32(&REG),&r);r.bit = (value);  DISP_REG_SET(cmdq, &REG, INREG32(&r));}    \
                                                               ^
drivers/misc/mediatek/dispsys/mt6735/ddp_dsi.c:4051:4: note: in expansion of macro 'DSI_OUTREGBIT'
    DSI_OUTREGBIT(NULL, DSI_PHY_TIMCON2_REG, DSI_REG[0]->DSI_PHY_TIMECON2,CLK_TRAIL,timing.value);
    ^
/home/satory-ra/Android/kernel/android_kernel_oukitel_orange/drivers/misc/mediatek/dispsys/mt6735/mt6735m/ddp_reg.h:1395:29: note: expected 'long unsigned int' but argument is of type 'volatile struct DSI_PHY_TIMCON2_REG *'
 static inline unsigned long disp_addr_convert(unsigned long va) 
                             ^
/home/satory-ra/Android/kernel/android_kernel_oukitel_orange/drivers/misc/mediatek/dispsys/mt6735/mt6735m/ddp_reg.h:1413:3: warning: passing argument 2 of 'dprec_reg_op' makes integer from pointer without a cast
   dprec_reg_op(handle, reg32, val, mask);\
   ^
drivers/misc/mediatek/dispsys/mt6735/ddp_dsi.c:58:145: note: in expansion of macro 'DISP_REG_MASK'
   if(cmdq)  {*(unsigned int*)(&r) = ((unsigned int)0x00000000);r.bit = ~(r.bit);*(unsigned int*)(&v) = ((unsigned int)0x00000000);v.bit = value;DISP_REG_MASK(cmdq, &REG, AS_UINT32(&v), AS_UINT32(&r));}  \
                                                                                                                                                 ^
drivers/misc/mediatek/dispsys/mt6735/ddp_dsi.c:4054:4: note: in expansion of macro 'DSI_OUTREGBIT'
    DSI_OUTREGBIT(NULL, DSI_PHY_TIMCON2_REG, DSI_REG[1]->DSI_PHY_TIMECON2,CLK_TRAIL,timing.value);
    ^
In file included from /home/satory-ra/Android/kernel/android_kernel_oukitel_orange/drivers/misc/mediatek/videox/mt6735/disp_drv_log.h:3:0,
                 from drivers/misc/mediatek/dispsys/mt6735/ddp_dsi.c:8:
/home/satory-ra/Android/kernel/android_kernel_oukitel_orange/drivers/misc/mediatek/dispsys/mt6735/display_recorder.h:136:6: note: expected 'unsigned int' but argument is of type 'volatile struct DSI_PHY_TIMCON2_REG *'
 void dprec_reg_op(void* cmdq, unsigned int reg, unsigned int val, unsigned int mask);
      ^
In file included from drivers/misc/mediatek/dispsys/mt6735/ddp_dsi.c:31:0:
/home/satory-ra/Android/kernel/android_kernel_oukitel_orange/drivers/misc/mediatek/dispsys/mt6735/mt6735m/ddp_reg.h:1420:25: warning: passing argument 1 of 'disp_addr_convert' makes integer from pointer without a cast
    cmdqRecWrite(handle, disp_addr_convert(reg32), val, mask); \
                         ^
drivers/misc/mediatek/dispsys/mt6735/ddp_dsi.c:58:145: note: in expansion of macro 'DISP_REG_MASK'
   if(cmdq)  {*(unsigned int*)(&r) = ((unsigned int)0x00000000);r.bit = ~(r.bit);*(unsigned int*)(&v) = ((unsigned int)0x00000000);v.bit = value;DISP_REG_MASK(cmdq, &REG, AS_UINT32(&v), AS_UINT32(&r));}  \
                                                                                                                                                 ^
drivers/misc/mediatek/dispsys/mt6735/ddp_dsi.c:4054:4: note: in expansion of macro 'DSI_OUTREGBIT'
    DSI_OUTREGBIT(NULL, DSI_PHY_TIMCON2_REG, DSI_REG[1]->DSI_PHY_TIMECON2,CLK_TRAIL,timing.value);
    ^
/home/satory-ra/Android/kernel/android_kernel_oukitel_orange/drivers/misc/mediatek/dispsys/mt6735/mt6735m/ddp_reg.h:1395:29: note: expected 'long unsigned int' but argument is of type 'volatile struct DSI_PHY_TIMCON2_REG *'
 static inline unsigned long disp_addr_convert(unsigned long va) 
                             ^
/home/satory-ra/Android/kernel/android_kernel_oukitel_orange/drivers/misc/mediatek/dispsys/mt6735/mt6735m/ddp_reg.h:1486:17: warning: passing argument 2 of 'dprec_reg_op' makes integer from pointer without a cast
                 dprec_reg_op(handle, reg32, val, 0x00000000);\
                 ^
drivers/misc/mediatek/dispsys/mt6735/ddp_dsi.c:59:63: note: in expansion of macro 'DISP_REG_SET'
   else{mt_reg_sync_writel(INREG32(&REG),&r);r.bit = (value);  DISP_REG_SET(cmdq, &REG, INREG32(&r));}    \
                                                               ^
drivers/misc/mediatek/dispsys/mt6735/ddp_dsi.c:4054:4: note: in expansion of macro 'DSI_OUTREGBIT'
    DSI_OUTREGBIT(NULL, DSI_PHY_TIMCON2_REG, DSI_REG[1]->DSI_PHY_TIMECON2,CLK_TRAIL,timing.value);
    ^
In file included from /home/satory-ra/Android/kernel/android_kernel_oukitel_orange/drivers/misc/mediatek/videox/mt6735/disp_drv_log.h:3:0,
                 from drivers/misc/mediatek/dispsys/mt6735/ddp_dsi.c:8:
/home/satory-ra/Android/kernel/android_kernel_oukitel_orange/drivers/misc/mediatek/dispsys/mt6735/display_recorder.h:136:6: note: expected 'unsigned int' but argument is of type 'volatile struct DSI_PHY_TIMCON2_REG *'
 void dprec_reg_op(void* cmdq, unsigned int reg, unsigned int val, unsigned int mask);
      ^
In file included from drivers/misc/mediatek/dispsys/mt6735/ddp_dsi.c:31:0:
/home/satory-ra/Android/kernel/android_kernel_oukitel_orange/drivers/misc/mediatek/dispsys/mt6735/mt6735m/ddp_reg.h:1487:38: warning: passing argument 1 of 'disp_addr_convert' makes integer from pointer without a cast
                 cmdqRecWrite(handle, disp_addr_convert(reg32), val, ~0); \
                                      ^
drivers/misc/mediatek/dispsys/mt6735/ddp_dsi.c:59:63: note: in expansion of macro 'DISP_REG_SET'
   else{mt_reg_sync_writel(INREG32(&REG),&r);r.bit = (value);  DISP_REG_SET(cmdq, &REG, INREG32(&r));}    \
                                                               ^
drivers/misc/mediatek/dispsys/mt6735/ddp_dsi.c:4054:4: note: in expansion of macro 'DSI_OUTREGBIT'
    DSI_OUTREGBIT(NULL, DSI_PHY_TIMCON2_REG, DSI_REG[1]->DSI_PHY_TIMECON2,CLK_TRAIL,timing.value);
    ^
/home/satory-ra/Android/kernel/android_kernel_oukitel_orange/drivers/misc/mediatek/dispsys/mt6735/mt6735m/ddp_reg.h:1395:29: note: expected 'long unsigned int' but argument is of type 'volatile struct DSI_PHY_TIMCON2_REG *'
 static inline unsigned long disp_addr_convert(unsigned long va) 
                             ^
/home/satory-ra/Android/kernel/android_kernel_oukitel_orange/drivers/misc/mediatek/dispsys/mt6735/mt6735m/ddp_reg.h:1413:3: warning: passing argument 2 of 'dprec_reg_op' makes integer from pointer without a cast
   dprec_reg_op(handle, reg32, val, mask);\
   ^
drivers/misc/mediatek/dispsys/mt6735/ddp_dsi.c:58:145: note: in expansion of macro 'DISP_REG_MASK'
   if(cmdq)  {*(unsigned int*)(&r) = ((unsigned int)0x00000000);r.bit = ~(r.bit);*(unsigned int*)(&v) = ((unsigned int)0x00000000);v.bit = value;DISP_REG_MASK(cmdq, &REG, AS_UINT32(&v), AS_UINT32(&r));}  \
                                                                                                                                                 ^
drivers/misc/mediatek/dispsys/mt6735/ddp_dsi.c:4057:7: note: in expansion of macro 'DSI_OUTREGBIT'
       DSI_OUTREGBIT(NULL, DSI_PHY_TIMCON2_REG, DSI_REG[0]->DSI_PHY_TIMECON2,CLK_TRAIL,timing.value);
       ^
In file included from /home/satory-ra/Android/kernel/android_kernel_oukitel_orange/drivers/misc/mediatek/videox/mt6735/disp_drv_log.h:3:0,
                 from drivers/misc/mediatek/dispsys/mt6735/ddp_dsi.c:8:
/home/satory-ra/Android/kernel/android_kernel_oukitel_orange/drivers/misc/mediatek/dispsys/mt6735/display_recorder.h:136:6: note: expected 'unsigned int' but argument is of type 'volatile struct DSI_PHY_TIMCON2_REG *'
 void dprec_reg_op(void* cmdq, unsigned int reg, unsigned int val, unsigned int mask);
      ^
In file included from drivers/misc/mediatek/dispsys/mt6735/ddp_dsi.c:31:0:
/home/satory-ra/Android/kernel/android_kernel_oukitel_orange/drivers/misc/mediatek/dispsys/mt6735/mt6735m/ddp_reg.h:1420:25: warning: passing argument 1 of 'disp_addr_convert' makes integer from pointer without a cast
    cmdqRecWrite(handle, disp_addr_convert(reg32), val, mask); \
                         ^
drivers/misc/mediatek/dispsys/mt6735/ddp_dsi.c:58:145: note: in expansion of macro 'DISP_REG_MASK'
   if(cmdq)  {*(unsigned int*)(&r) = ((unsigned int)0x00000000);r.bit = ~(r.bit);*(unsigned int*)(&v) = ((unsigned int)0x00000000);v.bit = value;DISP_REG_MASK(cmdq, &REG, AS_UINT32(&v), AS_UINT32(&r));}  \
                                                                                                                                                 ^
drivers/misc/mediatek/dispsys/mt6735/ddp_dsi.c:4057:7: note: in expansion of macro 'DSI_OUTREGBIT'
       DSI_OUTREGBIT(NULL, DSI_PHY_TIMCON2_REG, DSI_REG[0]->DSI_PHY_TIMECON2,CLK_TRAIL,timing.value);
       ^
/home/satory-ra/Android/kernel/android_kernel_oukitel_orange/drivers/misc/mediatek/dispsys/mt6735/mt6735m/ddp_reg.h:1395:29: note: expected 'long unsigned int' but argument is of type 'volatile struct DSI_PHY_TIMCON2_REG *'
 static inline unsigned long disp_addr_convert(unsigned long va) 
                             ^
/home/satory-ra/Android/kernel/android_kernel_oukitel_orange/drivers/misc/mediatek/dispsys/mt6735/mt6735m/ddp_reg.h:1486:17: warning: passing argument 2 of 'dprec_reg_op' makes integer from pointer without a cast
                 dprec_reg_op(handle, reg32, val, 0x00000000);\
                 ^
drivers/misc/mediatek/dispsys/mt6735/ddp_dsi.c:59:63: note: in expansion of macro 'DISP_REG_SET'
   else{mt_reg_sync_writel(INREG32(&REG),&r);r.bit = (value);  DISP_REG_SET(cmdq, &REG, INREG32(&r));}    \
                                                               ^
drivers/misc/mediatek/dispsys/mt6735/ddp_dsi.c:4057:7: note: in expansion of macro 'DSI_OUTREGBIT'
       DSI_OUTREGBIT(NULL, DSI_PHY_TIMCON2_REG, DSI_REG[0]->DSI_PHY_TIMECON2,CLK_TRAIL,timing.value);
       ^
In file included from /home/satory-ra/Android/kernel/android_kernel_oukitel_orange/drivers/misc/mediatek/videox/mt6735/disp_drv_log.h:3:0,
                 from drivers/misc/mediatek/dispsys/mt6735/ddp_dsi.c:8:
/home/satory-ra/Android/kernel/android_kernel_oukitel_orange/drivers/misc/mediatek/dispsys/mt6735/display_recorder.h:136:6: note: expected 'unsigned int' but argument is of type 'volatile struct DSI_PHY_TIMCON2_REG *'
 void dprec_reg_op(void* cmdq, unsigned int reg, unsigned int val, unsigned int mask);
      ^
In file included from drivers/misc/mediatek/dispsys/mt6735/ddp_dsi.c:31:0:
/home/satory-ra/Android/kernel/android_kernel_oukitel_orange/drivers/misc/mediatek/dispsys/mt6735/mt6735m/ddp_reg.h:1487:38: warning: passing argument 1 of 'disp_addr_convert' makes integer from pointer without a cast
                 cmdqRecWrite(handle, disp_addr_convert(reg32), val, ~0); \
                                      ^
drivers/misc/mediatek/dispsys/mt6735/ddp_dsi.c:59:63: note: in expansion of macro 'DISP_REG_SET'
   else{mt_reg_sync_writel(INREG32(&REG),&r);r.bit = (value);  DISP_REG_SET(cmdq, &REG, INREG32(&r));}    \
                                                               ^
drivers/misc/mediatek/dispsys/mt6735/ddp_dsi.c:4057:7: note: in expansion of macro 'DSI_OUTREGBIT'
       DSI_OUTREGBIT(NULL, DSI_PHY_TIMCON2_REG, DSI_REG[0]->DSI_PHY_TIMECON2,CLK_TRAIL,timing.value);
       ^
/home/satory-ra/Android/kernel/android_kernel_oukitel_orange/drivers/misc/mediatek/dispsys/mt6735/mt6735m/ddp_reg.h:1395:29: note: expected 'long unsigned int' but argument is of type 'volatile struct DSI_PHY_TIMCON2_REG *'
 static inline unsigned long disp_addr_convert(unsigned long va) 
                             ^
/home/satory-ra/Android/kernel/android_kernel_oukitel_orange/drivers/misc/mediatek/dispsys/mt6735/mt6735m/ddp_reg.h:1413:3: warning: passing argument 2 of 'dprec_reg_op' makes integer from pointer without a cast
   dprec_reg_op(handle, reg32, val, mask);\
   ^
drivers/misc/mediatek/dispsys/mt6735/ddp_dsi.c:58:145: note: in expansion of macro 'DISP_REG_MASK'
   if(cmdq)  {*(unsigned int*)(&r) = ((unsigned int)0x00000000);r.bit = ~(r.bit);*(unsigned int*)(&v) = ((unsigned int)0x00000000);v.bit = value;DISP_REG_MASK(cmdq, &REG, AS_UINT32(&v), AS_UINT32(&r));}  \
                                                                                                                                                 ^
drivers/misc/mediatek/dispsys/mt6735/ddp_dsi.c:4058:4: note: in expansion of macro 'DSI_OUTREGBIT'
    DSI_OUTREGBIT(NULL, DSI_PHY_TIMCON2_REG, DSI_REG[1]->DSI_PHY_TIMECON2,CLK_TRAIL,timing.value);
    ^
In file included from /home/satory-ra/Android/kernel/android_kernel_oukitel_orange/drivers/misc/mediatek/videox/mt6735/disp_drv_log.h:3:0,
                 from drivers/misc/mediatek/dispsys/mt6735/ddp_dsi.c:8:
/home/satory-ra/Android/kernel/android_kernel_oukitel_orange/drivers/misc/mediatek/dispsys/mt6735/display_recorder.h:136:6: note: expected 'unsigned int' but argument is of type 'volatile struct DSI_PHY_TIMCON2_REG *'
 void dprec_reg_op(void* cmdq, unsigned int reg, unsigned int val, unsigned int mask);
      ^
In file included from drivers/misc/mediatek/dispsys/mt6735/ddp_dsi.c:31:0:
/home/satory-ra/Android/kernel/android_kernel_oukitel_orange/drivers/misc/mediatek/dispsys/mt6735/mt6735m/ddp_reg.h:1420:25: warning: passing argument 1 of 'disp_addr_convert' makes integer from pointer without a cast
    cmdqRecWrite(handle, disp_addr_convert(reg32), val, mask); \
                         ^
drivers/misc/mediatek/dispsys/mt6735/ddp_dsi.c:58:145: note: in expansion of macro 'DISP_REG_MASK'
   if(cmdq)  {*(unsigned int*)(&r) = ((unsigned int)0x00000000);r.bit = ~(r.bit);*(unsigned int*)(&v) = ((unsigned int)0x00000000);v.bit = value;DISP_REG_MASK(cmdq, &REG, AS_UINT32(&v), AS_UINT32(&r));}  \
                                                                                                                                                 ^
drivers/misc/mediatek/dispsys/mt6735/ddp_dsi.c:4058:4: note: in expansion of macro 'DSI_OUTREGBIT'
    DSI_OUTREGBIT(NULL, DSI_PHY_TIMCON2_REG, DSI_REG[1]->DSI_PHY_TIMECON2,CLK_TRAIL,timing.value);
    ^
/home/satory-ra/Android/kernel/android_kernel_oukitel_orange/drivers/misc/mediatek/dispsys/mt6735/mt6735m/ddp_reg.h:1395:29: note: expected 'long unsigned int' but argument is of type 'volatile struct DSI_PHY_TIMCON2_REG *'
 static inline unsigned long disp_addr_convert(unsigned long va) 
                             ^
/home/satory-ra/Android/kernel/android_kernel_oukitel_orange/drivers/misc/mediatek/dispsys/mt6735/mt6735m/ddp_reg.h:1486:17: warning: passing argument 2 of 'dprec_reg_op' makes integer from pointer without a cast
                 dprec_reg_op(handle, reg32, val, 0x00000000);\
                 ^
drivers/misc/mediatek/dispsys/mt6735/ddp_dsi.c:59:63: note: in expansion of macro 'DISP_REG_SET'
   else{mt_reg_sync_writel(INREG32(&REG),&r);r.bit = (value);  DISP_REG_SET(cmdq, &REG, INREG32(&r));}    \
                                                               ^
drivers/misc/mediatek/dispsys/mt6735/ddp_dsi.c:4058:4: note: in expansion of macro 'DSI_OUTREGBIT'
    DSI_OUTREGBIT(NULL, DSI_PHY_TIMCON2_REG, DSI_REG[1]->DSI_PHY_TIMECON2,CLK_TRAIL,timing.value);
    ^
In file included from /home/satory-ra/Android/kernel/android_kernel_oukitel_orange/drivers/misc/mediatek/videox/mt6735/disp_drv_log.h:3:0,
                 from drivers/misc/mediatek/dispsys/mt6735/ddp_dsi.c:8:
/home/satory-ra/Android/kernel/android_kernel_oukitel_orange/drivers/misc/mediatek/dispsys/mt6735/display_recorder.h:136:6: note: expected 'unsigned int' but argument is of type 'volatile struct DSI_PHY_TIMCON2_REG *'
 void dprec_reg_op(void* cmdq, unsigned int reg, unsigned int val, unsigned int mask);
      ^
In file included from drivers/misc/mediatek/dispsys/mt6735/ddp_dsi.c:31:0:
/home/satory-ra/Android/kernel/android_kernel_oukitel_orange/drivers/misc/mediatek/dispsys/mt6735/mt6735m/ddp_reg.h:1487:38: warning: passing argument 1 of 'disp_addr_convert' makes integer from pointer without a cast
                 cmdqRecWrite(handle, disp_addr_convert(reg32), val, ~0); \
                                      ^
drivers/misc/mediatek/dispsys/mt6735/ddp_dsi.c:59:63: note: in expansion of macro 'DISP_REG_SET'
   else{mt_reg_sync_writel(INREG32(&REG),&r);r.bit = (value);  DISP_REG_SET(cmdq, &REG, INREG32(&r));}    \
                                                               ^
drivers/misc/mediatek/dispsys/mt6735/ddp_dsi.c:4058:4: note: in expansion of macro 'DSI_OUTREGBIT'
    DSI_OUTREGBIT(NULL, DSI_PHY_TIMCON2_REG, DSI_REG[1]->DSI_PHY_TIMECON2,CLK_TRAIL,timing.value);
    ^
/home/satory-ra/Android/kernel/android_kernel_oukitel_orange/drivers/misc/mediatek/dispsys/mt6735/mt6735m/ddp_reg.h:1395:29: note: expected 'long unsigned int' but argument is of type 'volatile struct DSI_PHY_TIMCON2_REG *'
 static inline unsigned long disp_addr_convert(unsigned long va) 
                             ^
/home/satory-ra/Android/kernel/android_kernel_oukitel_orange/drivers/misc/mediatek/dispsys/mt6735/mt6735m/ddp_reg.h:1413:3: warning: passing argument 2 of 'dprec_reg_op' makes integer from pointer without a cast
   dprec_reg_op(handle, reg32, val, mask);\
   ^
drivers/misc/mediatek/dispsys/mt6735/ddp_dsi.c:58:145: note: in expansion of macro 'DISP_REG_MASK'
   if(cmdq)  {*(unsigned int*)(&r) = ((unsigned int)0x00000000);r.bit = ~(r.bit);*(unsigned int*)(&v) = ((unsigned int)0x00000000);v.bit = value;DISP_REG_MASK(cmdq, &REG, AS_UINT32(&v), AS_UINT32(&r));}  \
                                                                                                                                                 ^
drivers/misc/mediatek/dispsys/mt6735/ddp_dsi.c:4065:4: note: in expansion of macro 'DSI_OUTREGBIT'
    DSI_OUTREGBIT(NULL, DSI_PHY_TIMCON3_REG, DSI_REG[0]->DSI_PHY_TIMECON3,CLK_HS_PRPR,timing.value);
    ^
In file included from /home/satory-ra/Android/kernel/android_kernel_oukitel_orange/drivers/misc/mediatek/videox/mt6735/disp_drv_log.h:3:0,
                 from drivers/misc/mediatek/dispsys/mt6735/ddp_dsi.c:8:
/home/satory-ra/Android/kernel/android_kernel_oukitel_orange/drivers/misc/mediatek/dispsys/mt6735/display_recorder.h:136:6: note: expected 'unsigned int' but argument is of type 'volatile struct DSI_PHY_TIMCON3_REG *'
 void dprec_reg_op(void* cmdq, unsigned int reg, unsigned int val, unsigned int mask);
      ^
In file included from drivers/misc/mediatek/dispsys/mt6735/ddp_dsi.c:31:0:
/home/satory-ra/Android/kernel/android_kernel_oukitel_orange/drivers/misc/mediatek/dispsys/mt6735/mt6735m/ddp_reg.h:1420:25: warning: passing argument 1 of 'disp_addr_convert' makes integer from pointer without a cast
    cmdqRecWrite(handle, disp_addr_convert(reg32), val, mask); \
                         ^
drivers/misc/mediatek/dispsys/mt6735/ddp_dsi.c:58:145: note: in expansion of macro 'DISP_REG_MASK'
   if(cmdq)  {*(unsigned int*)(&r) = ((unsigned int)0x00000000);r.bit = ~(r.bit);*(unsigned int*)(&v) = ((unsigned int)0x00000000);v.bit = value;DISP_REG_MASK(cmdq, &REG, AS_UINT32(&v), AS_UINT32(&r));}  \
                                                                                                                                                 ^
drivers/misc/mediatek/dispsys/mt6735/ddp_dsi.c:4065:4: note: in expansion of macro 'DSI_OUTREGBIT'
    DSI_OUTREGBIT(NULL, DSI_PHY_TIMCON3_REG, DSI_REG[0]->DSI_PHY_TIMECON3,CLK_HS_PRPR,timing.value);
    ^
/home/satory-ra/Android/kernel/android_kernel_oukitel_orange/drivers/misc/mediatek/dispsys/mt6735/mt6735m/ddp_reg.h:1395:29: note: expected 'long unsigned int' but argument is of type 'volatile struct DSI_PHY_TIMCON3_REG *'
 static inline unsigned long disp_addr_convert(unsigned long va) 
                             ^
/home/satory-ra/Android/kernel/android_kernel_oukitel_orange/drivers/misc/mediatek/dispsys/mt6735/mt6735m/ddp_reg.h:1486:17: warning: passing argument 2 of 'dprec_reg_op' makes integer from pointer without a cast
                 dprec_reg_op(handle, reg32, val, 0x00000000);\
                 ^
drivers/misc/mediatek/dispsys/mt6735/ddp_dsi.c:59:63: note: in expansion of macro 'DISP_REG_SET'
   else{mt_reg_sync_writel(INREG32(&REG),&r);r.bit = (value);  DISP_REG_SET(cmdq, &REG, INREG32(&r));}    \
                                                               ^
drivers/misc/mediatek/dispsys/mt6735/ddp_dsi.c:4065:4: note: in expansion of macro 'DSI_OUTREGBIT'
    DSI_OUTREGBIT(NULL, DSI_PHY_TIMCON3_REG, DSI_REG[0]->DSI_PHY_TIMECON3,CLK_HS_PRPR,timing.value);
    ^
In file included from /home/satory-ra/Android/kernel/android_kernel_oukitel_orange/drivers/misc/mediatek/videox/mt6735/disp_drv_log.h:3:0,
                 from drivers/misc/mediatek/dispsys/mt6735/ddp_dsi.c:8:
/home/satory-ra/Android/kernel/android_kernel_oukitel_orange/drivers/misc/mediatek/dispsys/mt6735/display_recorder.h:136:6: note: expected 'unsigned int' but argument is of type 'volatile struct DSI_PHY_TIMCON3_REG *'
 void dprec_reg_op(void* cmdq, unsigned int reg, unsigned int val, unsigned int mask);
      ^
In file included from drivers/misc/mediatek/dispsys/mt6735/ddp_dsi.c:31:0:
/home/satory-ra/Android/kernel/android_kernel_oukitel_orange/drivers/misc/mediatek/dispsys/mt6735/mt6735m/ddp_reg.h:1487:38: warning: passing argument 1 of 'disp_addr_convert' makes integer from pointer without a cast
                 cmdqRecWrite(handle, disp_addr_convert(reg32), val, ~0); \
                                      ^
drivers/misc/mediatek/dispsys/mt6735/ddp_dsi.c:59:63: note: in expansion of macro 'DISP_REG_SET'
   else{mt_reg_sync_writel(INREG32(&REG),&r);r.bit = (value);  DISP_REG_SET(cmdq, &REG, INREG32(&r));}    \
                                                               ^
drivers/misc/mediatek/dispsys/mt6735/ddp_dsi.c:4065:4: note: in expansion of macro 'DSI_OUTREGBIT'
    DSI_OUTREGBIT(NULL, DSI_PHY_TIMCON3_REG, DSI_REG[0]->DSI_PHY_TIMECON3,CLK_HS_PRPR,timing.value);
    ^
/home/satory-ra/Android/kernel/android_kernel_oukitel_orange/drivers/misc/mediatek/dispsys/mt6735/mt6735m/ddp_reg.h:1395:29: note: expected 'long unsigned int' but argument is of type 'volatile struct DSI_PHY_TIMCON3_REG *'
 static inline unsigned long disp_addr_convert(unsigned long va) 
                             ^
/home/satory-ra/Android/kernel/android_kernel_oukitel_orange/drivers/misc/mediatek/dispsys/mt6735/mt6735m/ddp_reg.h:1413:3: warning: passing argument 2 of 'dprec_reg_op' makes integer from pointer without a cast
   dprec_reg_op(handle, reg32, val, mask);\
   ^
drivers/misc/mediatek/dispsys/mt6735/ddp_dsi.c:58:145: note: in expansion of macro 'DISP_REG_MASK'
   if(cmdq)  {*(unsigned int*)(&r) = ((unsigned int)0x00000000);r.bit = ~(r.bit);*(unsigned int*)(&v) = ((unsigned int)0x00000000);v.bit = value;DISP_REG_MASK(cmdq, &REG, AS_UINT32(&v), AS_UINT32(&r));}  \
                                                                                                                                                 ^
drivers/misc/mediatek/dispsys/mt6735/ddp_dsi.c:4068:4: note: in expansion of macro 'DSI_OUTREGBIT'
    DSI_OUTREGBIT(NULL, DSI_PHY_TIMCON3_REG, DSI_REG[1]->DSI_PHY_TIMECON3,CLK_HS_PRPR,timing.value);
    ^
In file included from /home/satory-ra/Android/kernel/android_kernel_oukitel_orange/drivers/misc/mediatek/videox/mt6735/disp_drv_log.h:3:0,
                 from drivers/misc/mediatek/dispsys/mt6735/ddp_dsi.c:8:
/home/satory-ra/Android/kernel/android_kernel_oukitel_orange/drivers/misc/mediatek/dispsys/mt6735/display_recorder.h:136:6: note: expected 'unsigned int' but argument is of type 'volatile struct DSI_PHY_TIMCON3_REG *'
 void dprec_reg_op(void* cmdq, unsigned int reg, unsigned int val, unsigned int mask);
      ^
In file included from drivers/misc/mediatek/dispsys/mt6735/ddp_dsi.c:31:0:
/home/satory-ra/Android/kernel/android_kernel_oukitel_orange/drivers/misc/mediatek/dispsys/mt6735/mt6735m/ddp_reg.h:1420:25: warning: passing argument 1 of 'disp_addr_convert' makes integer from pointer without a cast
    cmdqRecWrite(handle, disp_addr_convert(reg32), val, mask); \
                         ^
drivers/misc/mediatek/dispsys/mt6735/ddp_dsi.c:58:145: note: in expansion of macro 'DISP_REG_MASK'
   if(cmdq)  {*(unsigned int*)(&r) = ((unsigned int)0x00000000);r.bit = ~(r.bit);*(unsigned int*)(&v) = ((unsigned int)0x00000000);v.bit = value;DISP_REG_MASK(cmdq, &REG, AS_UINT32(&v), AS_UINT32(&r));}  \
                                                                                                                                                 ^
drivers/misc/mediatek/dispsys/mt6735/ddp_dsi.c:4068:4: note: in expansion of macro 'DSI_OUTREGBIT'
    DSI_OUTREGBIT(NULL, DSI_PHY_TIMCON3_REG, DSI_REG[1]->DSI_PHY_TIMECON3,CLK_HS_PRPR,timing.value);
    ^
/home/satory-ra/Android/kernel/android_kernel_oukitel_orange/drivers/misc/mediatek/dispsys/mt6735/mt6735m/ddp_reg.h:1395:29: note: expected 'long unsigned int' but argument is of type 'volatile struct DSI_PHY_TIMCON3_REG *'
 static inline unsigned long disp_addr_convert(unsigned long va) 
                             ^
/home/satory-ra/Android/kernel/android_kernel_oukitel_orange/drivers/misc/mediatek/dispsys/mt6735/mt6735m/ddp_reg.h:1486:17: warning: passing argument 2 of 'dprec_reg_op' makes integer from pointer without a cast
                 dprec_reg_op(handle, reg32, val, 0x00000000);\
                 ^
drivers/misc/mediatek/dispsys/mt6735/ddp_dsi.c:59:63: note: in expansion of macro 'DISP_REG_SET'
   else{mt_reg_sync_writel(INREG32(&REG),&r);r.bit = (value);  DISP_REG_SET(cmdq, &REG, INREG32(&r));}    \
                                                               ^
drivers/misc/mediatek/dispsys/mt6735/ddp_dsi.c:4068:4: note: in expansion of macro 'DSI_OUTREGBIT'
    DSI_OUTREGBIT(NULL, DSI_PHY_TIMCON3_REG, DSI_REG[1]->DSI_PHY_TIMECON3,CLK_HS_PRPR,timing.value);
    ^
In file included from /home/satory-ra/Android/kernel/android_kernel_oukitel_orange/drivers/misc/mediatek/videox/mt6735/disp_drv_log.h:3:0,
                 from drivers/misc/mediatek/dispsys/mt6735/ddp_dsi.c:8:
/home/satory-ra/Android/kernel/android_kernel_oukitel_orange/drivers/misc/mediatek/dispsys/mt6735/display_recorder.h:136:6: note: expected 'unsigned int' but argument is of type 'volatile struct DSI_PHY_TIMCON3_REG *'
 void dprec_reg_op(void* cmdq, unsigned int reg, unsigned int val, unsigned int mask);
      ^
In file included from drivers/misc/mediatek/dispsys/mt6735/ddp_dsi.c:31:0:
/home/satory-ra/Android/kernel/android_kernel_oukitel_orange/drivers/misc/mediatek/dispsys/mt6735/mt6735m/ddp_reg.h:1487:38: warning: passing argument 1 of 'disp_addr_convert' makes integer from pointer without a cast
                 cmdqRecWrite(handle, disp_addr_convert(reg32), val, ~0); \
                                      ^
drivers/misc/mediatek/dispsys/mt6735/ddp_dsi.c:59:63: note: in expansion of macro 'DISP_REG_SET'
   else{mt_reg_sync_writel(INREG32(&REG),&r);r.bit = (value);  DISP_REG_SET(cmdq, &REG, INREG32(&r));}    \
                                                               ^
drivers/misc/mediatek/dispsys/mt6735/ddp_dsi.c:4068:4: note: in expansion of macro 'DSI_OUTREGBIT'
    DSI_OUTREGBIT(NULL, DSI_PHY_TIMCON3_REG, DSI_REG[1]->DSI_PHY_TIMECON3,CLK_HS_PRPR,timing.value);
    ^
/home/satory-ra/Android/kernel/android_kernel_oukitel_orange/drivers/misc/mediatek/dispsys/mt6735/mt6735m/ddp_reg.h:1395:29: note: expected 'long unsigned int' but argument is of type 'volatile struct DSI_PHY_TIMCON3_REG *'
 static inline unsigned long disp_addr_convert(unsigned long va) 
                             ^
  CC      net/sched/sch_mq.o
/home/satory-ra/Android/kernel/android_kernel_oukitel_orange/drivers/misc/mediatek/dispsys/mt6735/mt6735m/ddp_reg.h:1413:3: warning: passing argument 2 of 'dprec_reg_op' makes integer from pointer without a cast
   dprec_reg_op(handle, reg32, val, mask);\
   ^
drivers/misc/mediatek/dispsys/mt6735/ddp_dsi.c:58:145: note: in expansion of macro 'DISP_REG_MASK'
   if(cmdq)  {*(unsigned int*)(&r) = ((unsigned int)0x00000000);r.bit = ~(r.bit);*(unsigned int*)(&v) = ((unsigned int)0x00000000);v.bit = value;DISP_REG_MASK(cmdq, &REG, AS_UINT32(&v), AS_UINT32(&r));}  \
                                                                                                                                                 ^
drivers/misc/mediatek/dispsys/mt6735/ddp_dsi.c:4071:7: note: in expansion of macro 'DSI_OUTREGBIT'
       DSI_OUTREGBIT(NULL, DSI_PHY_TIMCON3_REG, DSI_REG[0]->DSI_PHY_TIMECON3,CLK_HS_PRPR,timing.value);
       ^
In file included from /home/satory-ra/Android/kernel/android_kernel_oukitel_orange/drivers/misc/mediatek/videox/mt6735/disp_drv_log.h:3:0,
                 from drivers/misc/mediatek/dispsys/mt6735/ddp_dsi.c:8:
/home/satory-ra/Android/kernel/android_kernel_oukitel_orange/drivers/misc/mediatek/dispsys/mt6735/display_recorder.h:136:6: note: expected 'unsigned int' but argument is of type 'volatile struct DSI_PHY_TIMCON3_REG *'
 void dprec_reg_op(void* cmdq, unsigned int reg, unsigned int val, unsigned int mask);
      ^
In file included from drivers/misc/mediatek/dispsys/mt6735/ddp_dsi.c:31:0:
/home/satory-ra/Android/kernel/android_kernel_oukitel_orange/drivers/misc/mediatek/dispsys/mt6735/mt6735m/ddp_reg.h:1420:25: warning: passing argument 1 of 'disp_addr_convert' makes integer from pointer without a cast
    cmdqRecWrite(handle, disp_addr_convert(reg32), val, mask); \
                         ^
drivers/misc/mediatek/dispsys/mt6735/ddp_dsi.c:58:145: note: in expansion of macro 'DISP_REG_MASK'
   if(cmdq)  {*(unsigned int*)(&r) = ((unsigned int)0x00000000);r.bit = ~(r.bit);*(unsigned int*)(&v) = ((unsigned int)0x00000000);v.bit = value;DISP_REG_MASK(cmdq, &REG, AS_UINT32(&v), AS_UINT32(&r));}  \
                                                                                                                                                 ^
drivers/misc/mediatek/dispsys/mt6735/ddp_dsi.c:4071:7: note: in expansion of macro 'DSI_OUTREGBIT'
       DSI_OUTREGBIT(NULL, DSI_PHY_TIMCON3_REG, DSI_REG[0]->DSI_PHY_TIMECON3,CLK_HS_PRPR,timing.value);
       ^
/home/satory-ra/Android/kernel/android_kernel_oukitel_orange/drivers/misc/mediatek/dispsys/mt6735/mt6735m/ddp_reg.h:1395:29: note: expected 'long unsigned int' but argument is of type 'volatile struct DSI_PHY_TIMCON3_REG *'
 static inline unsigned long disp_addr_convert(unsigned long va) 
                             ^
/home/satory-ra/Android/kernel/android_kernel_oukitel_orange/drivers/misc/mediatek/dispsys/mt6735/mt6735m/ddp_reg.h:1486:17: warning: passing argument 2 of 'dprec_reg_op' makes integer from pointer without a cast
                 dprec_reg_op(handle, reg32, val, 0x00000000);\
                 ^
drivers/misc/mediatek/dispsys/mt6735/ddp_dsi.c:59:63: note: in expansion of macro 'DISP_REG_SET'
   else{mt_reg_sync_writel(INREG32(&REG),&r);r.bit = (value);  DISP_REG_SET(cmdq, &REG, INREG32(&r));}    \
                                                               ^
drivers/misc/mediatek/dispsys/mt6735/ddp_dsi.c:4071:7: note: in expansion of macro 'DSI_OUTREGBIT'
       DSI_OUTREGBIT(NULL, DSI_PHY_TIMCON3_REG, DSI_REG[0]->DSI_PHY_TIMECON3,CLK_HS_PRPR,timing.value);
       ^
In file included from /home/satory-ra/Android/kernel/android_kernel_oukitel_orange/drivers/misc/mediatek/videox/mt6735/disp_drv_log.h:3:0,
                 from drivers/misc/mediatek/dispsys/mt6735/ddp_dsi.c:8:
/home/satory-ra/Android/kernel/android_kernel_oukitel_orange/drivers/misc/mediatek/dispsys/mt6735/display_recorder.h:136:6: note: expected 'unsigned int' but argument is of type 'volatile struct DSI_PHY_TIMCON3_REG *'
 void dprec_reg_op(void* cmdq, unsigned int reg, unsigned int val, unsigned int mask);
      ^
In file included from drivers/misc/mediatek/dispsys/mt6735/ddp_dsi.c:31:0:
/home/satory-ra/Android/kernel/android_kernel_oukitel_orange/drivers/misc/mediatek/dispsys/mt6735/mt6735m/ddp_reg.h:1487:38: warning: passing argument 1 of 'disp_addr_convert' makes integer from pointer without a cast
                 cmdqRecWrite(handle, disp_addr_convert(reg32), val, ~0); \
                                      ^
drivers/misc/mediatek/dispsys/mt6735/ddp_dsi.c:59:63: note: in expansion of macro 'DISP_REG_SET'
   else{mt_reg_sync_writel(INREG32(&REG),&r);r.bit = (value);  DISP_REG_SET(cmdq, &REG, INREG32(&r));}    \
                                                               ^
drivers/misc/mediatek/dispsys/mt6735/ddp_dsi.c:4071:7: note: in expansion of macro 'DSI_OUTREGBIT'
       DSI_OUTREGBIT(NULL, DSI_PHY_TIMCON3_REG, DSI_REG[0]->DSI_PHY_TIMECON3,CLK_HS_PRPR,timing.value);
       ^
/home/satory-ra/Android/kernel/android_kernel_oukitel_orange/drivers/misc/mediatek/dispsys/mt6735/mt6735m/ddp_reg.h:1395:29: note: expected 'long unsigned int' but argument is of type 'volatile struct DSI_PHY_TIMCON3_REG *'
 static inline unsigned long disp_addr_convert(unsigned long va) 
                             ^
/home/satory-ra/Android/kernel/android_kernel_oukitel_orange/drivers/misc/mediatek/dispsys/mt6735/mt6735m/ddp_reg.h:1413:3: warning: passing argument 2 of 'dprec_reg_op' makes integer from pointer without a cast
   dprec_reg_op(handle, reg32, val, mask);\
   ^
drivers/misc/mediatek/dispsys/mt6735/ddp_dsi.c:58:145: note: in expansion of macro 'DISP_REG_MASK'
   if(cmdq)  {*(unsigned int*)(&r) = ((unsigned int)0x00000000);r.bit = ~(r.bit);*(unsigned int*)(&v) = ((unsigned int)0x00000000);v.bit = value;DISP_REG_MASK(cmdq, &REG, AS_UINT32(&v), AS_UINT32(&r));}  \
                                                                                                                                                 ^
drivers/misc/mediatek/dispsys/mt6735/ddp_dsi.c:4072:4: note: in expansion of macro 'DSI_OUTREGBIT'
    DSI_OUTREGBIT(NULL, DSI_PHY_TIMCON3_REG, DSI_REG[1]->DSI_PHY_TIMECON3,CLK_HS_PRPR,timing.value);
    ^
In file included from /home/satory-ra/Android/kernel/android_kernel_oukitel_orange/drivers/misc/mediatek/videox/mt6735/disp_drv_log.h:3:0,
                 from drivers/misc/mediatek/dispsys/mt6735/ddp_dsi.c:8:
/home/satory-ra/Android/kernel/android_kernel_oukitel_orange/drivers/misc/mediatek/dispsys/mt6735/display_recorder.h:136:6: note: expected 'unsigned int' but argument is of type 'volatile struct DSI_PHY_TIMCON3_REG *'
 void dprec_reg_op(void* cmdq, unsigned int reg, unsigned int val, unsigned int mask);
      ^
In file included from drivers/misc/mediatek/dispsys/mt6735/ddp_dsi.c:31:0:
/home/satory-ra/Android/kernel/android_kernel_oukitel_orange/drivers/misc/mediatek/dispsys/mt6735/mt6735m/ddp_reg.h:1420:25: warning: passing argument 1 of 'disp_addr_convert' makes integer from pointer without a cast
    cmdqRecWrite(handle, disp_addr_convert(reg32), val, mask); \
                         ^
drivers/misc/mediatek/dispsys/mt6735/ddp_dsi.c:58:145: note: in expansion of macro 'DISP_REG_MASK'
   if(cmdq)  {*(unsigned int*)(&r) = ((unsigned int)0x00000000);r.bit = ~(r.bit);*(unsigned int*)(&v) = ((unsigned int)0x00000000);v.bit = value;DISP_REG_MASK(cmdq, &REG, AS_UINT32(&v), AS_UINT32(&r));}  \
                                                                                                                                                 ^
drivers/misc/mediatek/dispsys/mt6735/ddp_dsi.c:4072:4: note: in expansion of macro 'DSI_OUTREGBIT'
    DSI_OUTREGBIT(NULL, DSI_PHY_TIMCON3_REG, DSI_REG[1]->DSI_PHY_TIMECON3,CLK_HS_PRPR,timing.value);
    ^
/home/satory-ra/Android/kernel/android_kernel_oukitel_orange/drivers/misc/mediatek/dispsys/mt6735/mt6735m/ddp_reg.h:1395:29: note: expected 'long unsigned int' but argument is of type 'volatile struct DSI_PHY_TIMCON3_REG *'
 static inline unsigned long disp_addr_convert(unsigned long va) 
                             ^
/home/satory-ra/Android/kernel/android_kernel_oukitel_orange/drivers/misc/mediatek/dispsys/mt6735/mt6735m/ddp_reg.h:1486:17: warning: passing argument 2 of 'dprec_reg_op' makes integer from pointer without a cast
                 dprec_reg_op(handle, reg32, val, 0x00000000);\
                 ^
drivers/misc/mediatek/dispsys/mt6735/ddp_dsi.c:59:63: note: in expansion of macro 'DISP_REG_SET'
   else{mt_reg_sync_writel(INREG32(&REG),&r);r.bit = (value);  DISP_REG_SET(cmdq, &REG, INREG32(&r));}    \
                                                               ^
drivers/misc/mediatek/dispsys/mt6735/ddp_dsi.c:4072:4: note: in expansion of macro 'DSI_OUTREGBIT'
    DSI_OUTREGBIT(NULL, DSI_PHY_TIMCON3_REG, DSI_REG[1]->DSI_PHY_TIMECON3,CLK_HS_PRPR,timing.value);
    ^
In file included from /home/satory-ra/Android/kernel/android_kernel_oukitel_orange/drivers/misc/mediatek/videox/mt6735/disp_drv_log.h:3:0,
                 from drivers/misc/mediatek/dispsys/mt6735/ddp_dsi.c:8:
/home/satory-ra/Android/kernel/android_kernel_oukitel_orange/drivers/misc/mediatek/dispsys/mt6735/display_recorder.h:136:6: note: expected 'unsigned int' but argument is of type 'volatile struct DSI_PHY_TIMCON3_REG *'
 void dprec_reg_op(void* cmdq, unsigned int reg, unsigned int val, unsigned int mask);
      ^
In file included from drivers/misc/mediatek/dispsys/mt6735/ddp_dsi.c:31:0:
/home/satory-ra/Android/kernel/android_kernel_oukitel_orange/drivers/misc/mediatek/dispsys/mt6735/mt6735m/ddp_reg.h:1487:38: warning: passing argument 1 of 'disp_addr_convert' makes integer from pointer without a cast
                 cmdqRecWrite(handle, disp_addr_convert(reg32), val, ~0); \
                                      ^
drivers/misc/mediatek/dispsys/mt6735/ddp_dsi.c:59:63: note: in expansion of macro 'DISP_REG_SET'
   else{mt_reg_sync_writel(INREG32(&REG),&r);r.bit = (value);  DISP_REG_SET(cmdq, &REG, INREG32(&r));}    \
                                                               ^
drivers/misc/mediatek/dispsys/mt6735/ddp_dsi.c:4072:4: note: in expansion of macro 'DSI_OUTREGBIT'
    DSI_OUTREGBIT(NULL, DSI_PHY_TIMCON3_REG, DSI_REG[1]->DSI_PHY_TIMECON3,CLK_HS_PRPR,timing.value);
    ^
/home/satory-ra/Android/kernel/android_kernel_oukitel_orange/drivers/misc/mediatek/dispsys/mt6735/mt6735m/ddp_reg.h:1395:29: note: expected 'long unsigned int' but argument is of type 'volatile struct DSI_PHY_TIMCON3_REG *'
 static inline unsigned long disp_addr_convert(unsigned long va) 
                             ^
/home/satory-ra/Android/kernel/android_kernel_oukitel_orange/drivers/misc/mediatek/dispsys/mt6735/mt6735m/ddp_reg.h:1413:3: warning: passing argument 2 of 'dprec_reg_op' makes integer from pointer without a cast
   dprec_reg_op(handle, reg32, val, mask);\
   ^
drivers/misc/mediatek/dispsys/mt6735/ddp_dsi.c:58:145: note: in expansion of macro 'DISP_REG_MASK'
   if(cmdq)  {*(unsigned int*)(&r) = ((unsigned int)0x00000000);r.bit = ~(r.bit);*(unsigned int*)(&v) = ((unsigned int)0x00000000);v.bit = value;DISP_REG_MASK(cmdq, &REG, AS_UINT32(&v), AS_UINT32(&r));}  \
                                                                                                                                                 ^
drivers/misc/mediatek/dispsys/mt6735/ddp_dsi.c:4079:4: note: in expansion of macro 'DSI_OUTREGBIT'
    DSI_OUTREGBIT(NULL, DSI_PHY_TIMCON3_REG, DSI_REG[0]->DSI_PHY_TIMECON3,CLK_HS_POST,timing.value);
    ^
In file included from /home/satory-ra/Android/kernel/android_kernel_oukitel_orange/drivers/misc/mediatek/videox/mt6735/disp_drv_log.h:3:0,
                 from drivers/misc/mediatek/dispsys/mt6735/ddp_dsi.c:8:
/home/satory-ra/Android/kernel/android_kernel_oukitel_orange/drivers/misc/mediatek/dispsys/mt6735/display_recorder.h:136:6: note: expected 'unsigned int' but argument is of type 'volatile struct DSI_PHY_TIMCON3_REG *'
 void dprec_reg_op(void* cmdq, unsigned int reg, unsigned int val, unsigned int mask);
      ^
In file included from drivers/misc/mediatek/dispsys/mt6735/ddp_dsi.c:31:0:
/home/satory-ra/Android/kernel/android_kernel_oukitel_orange/drivers/misc/mediatek/dispsys/mt6735/mt6735m/ddp_reg.h:1420:25: warning: passing argument 1 of 'disp_addr_convert' makes integer from pointer without a cast
    cmdqRecWrite(handle, disp_addr_convert(reg32), val, mask); \
                         ^
drivers/misc/mediatek/dispsys/mt6735/ddp_dsi.c:58:145: note: in expansion of macro 'DISP_REG_MASK'
   if(cmdq)  {*(unsigned int*)(&r) = ((unsigned int)0x00000000);r.bit = ~(r.bit);*(unsigned int*)(&v) = ((unsigned int)0x00000000);v.bit = value;DISP_REG_MASK(cmdq, &REG, AS_UINT32(&v), AS_UINT32(&r));}  \
                                                                                                                                                 ^
drivers/misc/mediatek/dispsys/mt6735/ddp_dsi.c:4079:4: note: in expansion of macro 'DSI_OUTREGBIT'
    DSI_OUTREGBIT(NULL, DSI_PHY_TIMCON3_REG, DSI_REG[0]->DSI_PHY_TIMECON3,CLK_HS_POST,timing.value);
    ^
/home/satory-ra/Android/kernel/android_kernel_oukitel_orange/drivers/misc/mediatek/dispsys/mt6735/mt6735m/ddp_reg.h:1395:29: note: expected 'long unsigned int' but argument is of type 'volatile struct DSI_PHY_TIMCON3_REG *'
 static inline unsigned long disp_addr_convert(unsigned long va) 
                             ^
/home/satory-ra/Android/kernel/android_kernel_oukitel_orange/drivers/misc/mediatek/dispsys/mt6735/mt6735m/ddp_reg.h:1486:17: warning: passing argument 2 of 'dprec_reg_op' makes integer from pointer without a cast
                 dprec_reg_op(handle, reg32, val, 0x00000000);\
                 ^
drivers/misc/mediatek/dispsys/mt6735/ddp_dsi.c:59:63: note: in expansion of macro 'DISP_REG_SET'
   else{mt_reg_sync_writel(INREG32(&REG),&r);r.bit = (value);  DISP_REG_SET(cmdq, &REG, INREG32(&r));}    \
                                                               ^
drivers/misc/mediatek/dispsys/mt6735/ddp_dsi.c:4079:4: note: in expansion of macro 'DSI_OUTREGBIT'
    DSI_OUTREGBIT(NULL, DSI_PHY_TIMCON3_REG, DSI_REG[0]->DSI_PHY_TIMECON3,CLK_HS_POST,timing.value);
    ^
In file included from /home/satory-ra/Android/kernel/android_kernel_oukitel_orange/drivers/misc/mediatek/videox/mt6735/disp_drv_log.h:3:0,
                 from drivers/misc/mediatek/dispsys/mt6735/ddp_dsi.c:8:
/home/satory-ra/Android/kernel/android_kernel_oukitel_orange/drivers/misc/mediatek/dispsys/mt6735/display_recorder.h:136:6: note: expected 'unsigned int' but argument is of type 'volatile struct DSI_PHY_TIMCON3_REG *'
 void dprec_reg_op(void* cmdq, unsigned int reg, unsigned int val, unsigned int mask);
      ^
In file included from drivers/misc/mediatek/dispsys/mt6735/ddp_dsi.c:31:0:
/home/satory-ra/Android/kernel/android_kernel_oukitel_orange/drivers/misc/mediatek/dispsys/mt6735/mt6735m/ddp_reg.h:1487:38: warning: passing argument 1 of 'disp_addr_convert' makes integer from pointer without a cast
                 cmdqRecWrite(handle, disp_addr_convert(reg32), val, ~0); \
                                      ^
drivers/misc/mediatek/dispsys/mt6735/ddp_dsi.c:59:63: note: in expansion of macro 'DISP_REG_SET'
   else{mt_reg_sync_writel(INREG32(&REG),&r);r.bit = (value);  DISP_REG_SET(cmdq, &REG, INREG32(&r));}    \
                                                               ^
drivers/misc/mediatek/dispsys/mt6735/ddp_dsi.c:4079:4: note: in expansion of macro 'DSI_OUTREGBIT'
    DSI_OUTREGBIT(NULL, DSI_PHY_TIMCON3_REG, DSI_REG[0]->DSI_PHY_TIMECON3,CLK_HS_POST,timing.value);
    ^
/home/satory-ra/Android/kernel/android_kernel_oukitel_orange/drivers/misc/mediatek/dispsys/mt6735/mt6735m/ddp_reg.h:1395:29: note: expected 'long unsigned int' but argument is of type 'volatile struct DSI_PHY_TIMCON3_REG *'
 static inline unsigned long disp_addr_convert(unsigned long va) 
                             ^
/home/satory-ra/Android/kernel/android_kernel_oukitel_orange/drivers/misc/mediatek/dispsys/mt6735/mt6735m/ddp_reg.h:1413:3: warning: passing argument 2 of 'dprec_reg_op' makes integer from pointer without a cast
   dprec_reg_op(handle, reg32, val, mask);\
   ^
drivers/misc/mediatek/dispsys/mt6735/ddp_dsi.c:58:145: note: in expansion of macro 'DISP_REG_MASK'
   if(cmdq)  {*(unsigned int*)(&r) = ((unsigned int)0x00000000);r.bit = ~(r.bit);*(unsigned int*)(&v) = ((unsigned int)0x00000000);v.bit = value;DISP_REG_MASK(cmdq, &REG, AS_UINT32(&v), AS_UINT32(&r));}  \
                                                                                                                                                 ^
drivers/misc/mediatek/dispsys/mt6735/ddp_dsi.c:4082:4: note: in expansion of macro 'DSI_OUTREGBIT'
    DSI_OUTREGBIT(NULL, DSI_PHY_TIMCON3_REG, DSI_REG[1]->DSI_PHY_TIMECON3,CLK_HS_POST,timing.value);
    ^
In file included from /home/satory-ra/Android/kernel/android_kernel_oukitel_orange/drivers/misc/mediatek/videox/mt6735/disp_drv_log.h:3:0,
                 from drivers/misc/mediatek/dispsys/mt6735/ddp_dsi.c:8:
/home/satory-ra/Android/kernel/android_kernel_oukitel_orange/drivers/misc/mediatek/dispsys/mt6735/display_recorder.h:136:6: note: expected 'unsigned int' but argument is of type 'volatile struct DSI_PHY_TIMCON3_REG *'
 void dprec_reg_op(void* cmdq, unsigned int reg, unsigned int val, unsigned int mask);
      ^
In file included from drivers/misc/mediatek/dispsys/mt6735/ddp_dsi.c:31:0:
/home/satory-ra/Android/kernel/android_kernel_oukitel_orange/drivers/misc/mediatek/dispsys/mt6735/mt6735m/ddp_reg.h:1420:25: warning: passing argument 1 of 'disp_addr_convert' makes integer from pointer without a cast
    cmdqRecWrite(handle, disp_addr_convert(reg32), val, mask); \
                         ^
drivers/misc/mediatek/dispsys/mt6735/ddp_dsi.c:58:145: note: in expansion of macro 'DISP_REG_MASK'
   if(cmdq)  {*(unsigned int*)(&r) = ((unsigned int)0x00000000);r.bit = ~(r.bit);*(unsigned int*)(&v) = ((unsigned int)0x00000000);v.bit = value;DISP_REG_MASK(cmdq, &REG, AS_UINT32(&v), AS_UINT32(&r));}  \
                                                                                                                                                 ^
drivers/misc/mediatek/dispsys/mt6735/ddp_dsi.c:4082:4: note: in expansion of macro 'DSI_OUTREGBIT'
    DSI_OUTREGBIT(NULL, DSI_PHY_TIMCON3_REG, DSI_REG[1]->DSI_PHY_TIMECON3,CLK_HS_POST,timing.value);
    ^
/home/satory-ra/Android/kernel/android_kernel_oukitel_orange/drivers/misc/mediatek/dispsys/mt6735/mt6735m/ddp_reg.h:1395:29: note: expected 'long unsigned int' but argument is of type 'volatile struct DSI_PHY_TIMCON3_REG *'
 static inline unsigned long disp_addr_convert(unsigned long va) 
                             ^
/home/satory-ra/Android/kernel/android_kernel_oukitel_orange/drivers/misc/mediatek/dispsys/mt6735/mt6735m/ddp_reg.h:1486:17: warning: passing argument 2 of 'dprec_reg_op' makes integer from pointer without a cast
                 dprec_reg_op(handle, reg32, val, 0x00000000);\
                 ^
drivers/misc/mediatek/dispsys/mt6735/ddp_dsi.c:59:63: note: in expansion of macro 'DISP_REG_SET'
   else{mt_reg_sync_writel(INREG32(&REG),&r);r.bit = (value);  DISP_REG_SET(cmdq, &REG, INREG32(&r));}    \
                                                               ^
drivers/misc/mediatek/dispsys/mt6735/ddp_dsi.c:4082:4: note: in expansion of macro 'DSI_OUTREGBIT'
    DSI_OUTREGBIT(NULL, DSI_PHY_TIMCON3_REG, DSI_REG[1]->DSI_PHY_TIMECON3,CLK_HS_POST,timing.value);
    ^
In file included from /home/satory-ra/Android/kernel/android_kernel_oukitel_orange/drivers/misc/mediatek/videox/mt6735/disp_drv_log.h:3:0,
                 from drivers/misc/mediatek/dispsys/mt6735/ddp_dsi.c:8:
/home/satory-ra/Android/kernel/android_kernel_oukitel_orange/drivers/misc/mediatek/dispsys/mt6735/display_recorder.h:136:6: note: expected 'unsigned int' but argument is of type 'volatile struct DSI_PHY_TIMCON3_REG *'
 void dprec_reg_op(void* cmdq, unsigned int reg, unsigned int val, unsigned int mask);
      ^
In file included from drivers/misc/mediatek/dispsys/mt6735/ddp_dsi.c:31:0:
/home/satory-ra/Android/kernel/android_kernel_oukitel_orange/drivers/misc/mediatek/dispsys/mt6735/mt6735m/ddp_reg.h:1487:38: warning: passing argument 1 of 'disp_addr_convert' makes integer from pointer without a cast
                 cmdqRecWrite(handle, disp_addr_convert(reg32), val, ~0); \
                                      ^
drivers/misc/mediatek/dispsys/mt6735/ddp_dsi.c:59:63: note: in expansion of macro 'DISP_REG_SET'
   else{mt_reg_sync_writel(INREG32(&REG),&r);r.bit = (value);  DISP_REG_SET(cmdq, &REG, INREG32(&r));}    \
                                                               ^
drivers/misc/mediatek/dispsys/mt6735/ddp_dsi.c:4082:4: note: in expansion of macro 'DSI_OUTREGBIT'
    DSI_OUTREGBIT(NULL, DSI_PHY_TIMCON3_REG, DSI_REG[1]->DSI_PHY_TIMECON3,CLK_HS_POST,timing.value);
    ^
/home/satory-ra/Android/kernel/android_kernel_oukitel_orange/drivers/misc/mediatek/dispsys/mt6735/mt6735m/ddp_reg.h:1395:29: note: expected 'long unsigned int' but argument is of type 'volatile struct DSI_PHY_TIMCON3_REG *'
 static inline unsigned long disp_addr_convert(unsigned long va) 
                             ^
/home/satory-ra/Android/kernel/android_kernel_oukitel_orange/drivers/misc/mediatek/dispsys/mt6735/mt6735m/ddp_reg.h:1413:3: warning: passing argument 2 of 'dprec_reg_op' makes integer from pointer without a cast
   dprec_reg_op(handle, reg32, val, mask);\
   ^
drivers/misc/mediatek/dispsys/mt6735/ddp_dsi.c:58:145: note: in expansion of macro 'DISP_REG_MASK'
   if(cmdq)  {*(unsigned int*)(&r) = ((unsigned int)0x00000000);r.bit = ~(r.bit);*(unsigned int*)(&v) = ((unsigned int)0x00000000);v.bit = value;DISP_REG_MASK(cmdq, &REG, AS_UINT32(&v), AS_UINT32(&r));}  \
                                                                                                                                                 ^
drivers/misc/mediatek/dispsys/mt6735/ddp_dsi.c:4085:7: note: in expansion of macro 'DSI_OUTREGBIT'
       DSI_OUTREGBIT(NULL, DSI_PHY_TIMCON3_REG, DSI_REG[0]->DSI_PHY_TIMECON3,CLK_HS_POST,timing.value);
       ^
In file included from /home/satory-ra/Android/kernel/android_kernel_oukitel_orange/drivers/misc/mediatek/videox/mt6735/disp_drv_log.h:3:0,
                 from drivers/misc/mediatek/dispsys/mt6735/ddp_dsi.c:8:
/home/satory-ra/Android/kernel/android_kernel_oukitel_orange/drivers/misc/mediatek/dispsys/mt6735/display_recorder.h:136:6: note: expected 'unsigned int' but argument is of type 'volatile struct DSI_PHY_TIMCON3_REG *'
 void dprec_reg_op(void* cmdq, unsigned int reg, unsigned int val, unsigned int mask);
      ^
In file included from drivers/misc/mediatek/dispsys/mt6735/ddp_dsi.c:31:0:
/home/satory-ra/Android/kernel/android_kernel_oukitel_orange/drivers/misc/mediatek/dispsys/mt6735/mt6735m/ddp_reg.h:1420:25: warning: passing argument 1 of 'disp_addr_convert' makes integer from pointer without a cast
    cmdqRecWrite(handle, disp_addr_convert(reg32), val, mask); \
                         ^
drivers/misc/mediatek/dispsys/mt6735/ddp_dsi.c:58:145: note: in expansion of macro 'DISP_REG_MASK'
   if(cmdq)  {*(unsigned int*)(&r) = ((unsigned int)0x00000000);r.bit = ~(r.bit);*(unsigned int*)(&v) = ((unsigned int)0x00000000);v.bit = value;DISP_REG_MASK(cmdq, &REG, AS_UINT32(&v), AS_UINT32(&r));}  \
                                                                                                                                                 ^
drivers/misc/mediatek/dispsys/mt6735/ddp_dsi.c:4085:7: note: in expansion of macro 'DSI_OUTREGBIT'
       DSI_OUTREGBIT(NULL, DSI_PHY_TIMCON3_REG, DSI_REG[0]->DSI_PHY_TIMECON3,CLK_HS_POST,timing.value);
       ^
/home/satory-ra/Android/kernel/android_kernel_oukitel_orange/drivers/misc/mediatek/dispsys/mt6735/mt6735m/ddp_reg.h:1395:29: note: expected 'long unsigned int' but argument is of type 'volatile struct DSI_PHY_TIMCON3_REG *'
 static inline unsigned long disp_addr_convert(unsigned long va) 
                             ^
/home/satory-ra/Android/kernel/android_kernel_oukitel_orange/drivers/misc/mediatek/dispsys/mt6735/mt6735m/ddp_reg.h:1486:17: warning: passing argument 2 of 'dprec_reg_op' makes integer from pointer without a cast
                 dprec_reg_op(handle, reg32, val, 0x00000000);\
                 ^
drivers/misc/mediatek/dispsys/mt6735/ddp_dsi.c:59:63: note: in expansion of macro 'DISP_REG_SET'
   else{mt_reg_sync_writel(INREG32(&REG),&r);r.bit = (value);  DISP_REG_SET(cmdq, &REG, INREG32(&r));}    \
                                                               ^
drivers/misc/mediatek/dispsys/mt6735/ddp_dsi.c:4085:7: note: in expansion of macro 'DSI_OUTREGBIT'
       DSI_OUTREGBIT(NULL, DSI_PHY_TIMCON3_REG, DSI_REG[0]->DSI_PHY_TIMECON3,CLK_HS_POST,timing.value);
       ^
In file included from /home/satory-ra/Android/kernel/android_kernel_oukitel_orange/drivers/misc/mediatek/videox/mt6735/disp_drv_log.h:3:0,
                 from drivers/misc/mediatek/dispsys/mt6735/ddp_dsi.c:8:
/home/satory-ra/Android/kernel/android_kernel_oukitel_orange/drivers/misc/mediatek/dispsys/mt6735/display_recorder.h:136:6: note: expected 'unsigned int' but argument is of type 'volatile struct DSI_PHY_TIMCON3_REG *'
 void dprec_reg_op(void* cmdq, unsigned int reg, unsigned int val, unsigned int mask);
      ^
In file included from drivers/misc/mediatek/dispsys/mt6735/ddp_dsi.c:31:0:
/home/satory-ra/Android/kernel/android_kernel_oukitel_orange/drivers/misc/mediatek/dispsys/mt6735/mt6735m/ddp_reg.h:1487:38: warning: passing argument 1 of 'disp_addr_convert' makes integer from pointer without a cast
                 cmdqRecWrite(handle, disp_addr_convert(reg32), val, ~0); \
                                      ^
drivers/misc/mediatek/dispsys/mt6735/ddp_dsi.c:59:63: note: in expansion of macro 'DISP_REG_SET'
   else{mt_reg_sync_writel(INREG32(&REG),&r);r.bit = (value);  DISP_REG_SET(cmdq, &REG, INREG32(&r));}    \
                                                               ^
drivers/misc/mediatek/dispsys/mt6735/ddp_dsi.c:4085:7: note: in expansion of macro 'DSI_OUTREGBIT'
       DSI_OUTREGBIT(NULL, DSI_PHY_TIMCON3_REG, DSI_REG[0]->DSI_PHY_TIMECON3,CLK_HS_POST,timing.value);
       ^
/home/satory-ra/Android/kernel/android_kernel_oukitel_orange/drivers/misc/mediatek/dispsys/mt6735/mt6735m/ddp_reg.h:1395:29: note: expected 'long unsigned int' but argument is of type 'volatile struct DSI_PHY_TIMCON3_REG *'
 static inline unsigned long disp_addr_convert(unsigned long va) 
                             ^
/home/satory-ra/Android/kernel/android_kernel_oukitel_orange/drivers/misc/mediatek/dispsys/mt6735/mt6735m/ddp_reg.h:1413:3: warning: passing argument 2 of 'dprec_reg_op' makes integer from pointer without a cast
   dprec_reg_op(handle, reg32, val, mask);\
   ^
drivers/misc/mediatek/dispsys/mt6735/ddp_dsi.c:58:145: note: in expansion of macro 'DISP_REG_MASK'
   if(cmdq)  {*(unsigned int*)(&r) = ((unsigned int)0x00000000);r.bit = ~(r.bit);*(unsigned int*)(&v) = ((unsigned int)0x00000000);v.bit = value;DISP_REG_MASK(cmdq, &REG, AS_UINT32(&v), AS_UINT32(&r));}  \
                                                                                                                                                 ^
drivers/misc/mediatek/dispsys/mt6735/ddp_dsi.c:4086:4: note: in expansion of macro 'DSI_OUTREGBIT'
    DSI_OUTREGBIT(NULL, DSI_PHY_TIMCON3_REG, DSI_REG[1]->DSI_PHY_TIMECON3,CLK_HS_POST,timing.value);
    ^
In file included from /home/satory-ra/Android/kernel/android_kernel_oukitel_orange/drivers/misc/mediatek/videox/mt6735/disp_drv_log.h:3:0,
                 from drivers/misc/mediatek/dispsys/mt6735/ddp_dsi.c:8:
/home/satory-ra/Android/kernel/android_kernel_oukitel_orange/drivers/misc/mediatek/dispsys/mt6735/display_recorder.h:136:6: note: expected 'unsigned int' but argument is of type 'volatile struct DSI_PHY_TIMCON3_REG *'
 void dprec_reg_op(void* cmdq, unsigned int reg, unsigned int val, unsigned int mask);
      ^
In file included from drivers/misc/mediatek/dispsys/mt6735/ddp_dsi.c:31:0:
/home/satory-ra/Android/kernel/android_kernel_oukitel_orange/drivers/misc/mediatek/dispsys/mt6735/mt6735m/ddp_reg.h:1420:25: warning: passing argument 1 of 'disp_addr_convert' makes integer from pointer without a cast
    cmdqRecWrite(handle, disp_addr_convert(reg32), val, mask); \
                         ^
drivers/misc/mediatek/dispsys/mt6735/ddp_dsi.c:58:145: note: in expansion of macro 'DISP_REG_MASK'
   if(cmdq)  {*(unsigned int*)(&r) = ((unsigned int)0x00000000);r.bit = ~(r.bit);*(unsigned int*)(&v) = ((unsigned int)0x00000000);v.bit = value;DISP_REG_MASK(cmdq, &REG, AS_UINT32(&v), AS_UINT32(&r));}  \
                                                                                                                                                 ^
drivers/misc/mediatek/dispsys/mt6735/ddp_dsi.c:4086:4: note: in expansion of macro 'DSI_OUTREGBIT'
    DSI_OUTREGBIT(NULL, DSI_PHY_TIMCON3_REG, DSI_REG[1]->DSI_PHY_TIMECON3,CLK_HS_POST,timing.value);
    ^
/home/satory-ra/Android/kernel/android_kernel_oukitel_orange/drivers/misc/mediatek/dispsys/mt6735/mt6735m/ddp_reg.h:1395:29: note: expected 'long unsigned int' but argument is of type 'volatile struct DSI_PHY_TIMCON3_REG *'
 static inline unsigned long disp_addr_convert(unsigned long va) 
                             ^
/home/satory-ra/Android/kernel/android_kernel_oukitel_orange/drivers/misc/mediatek/dispsys/mt6735/mt6735m/ddp_reg.h:1486:17: warning: passing argument 2 of 'dprec_reg_op' makes integer from pointer without a cast
                 dprec_reg_op(handle, reg32, val, 0x00000000);\
                 ^
drivers/misc/mediatek/dispsys/mt6735/ddp_dsi.c:59:63: note: in expansion of macro 'DISP_REG_SET'
   else{mt_reg_sync_writel(INREG32(&REG),&r);r.bit = (value);  DISP_REG_SET(cmdq, &REG, INREG32(&r));}    \
                                                               ^
drivers/misc/mediatek/dispsys/mt6735/ddp_dsi.c:4086:4: note: in expansion of macro 'DSI_OUTREGBIT'
    DSI_OUTREGBIT(NULL, DSI_PHY_TIMCON3_REG, DSI_REG[1]->DSI_PHY_TIMECON3,CLK_HS_POST,timing.value);
    ^
In file included from /home/satory-ra/Android/kernel/android_kernel_oukitel_orange/drivers/misc/mediatek/videox/mt6735/disp_drv_log.h:3:0,
                 from drivers/misc/mediatek/dispsys/mt6735/ddp_dsi.c:8:
/home/satory-ra/Android/kernel/android_kernel_oukitel_orange/drivers/misc/mediatek/dispsys/mt6735/display_recorder.h:136:6: note: expected 'unsigned int' but argument is of type 'volatile struct DSI_PHY_TIMCON3_REG *'
 void dprec_reg_op(void* cmdq, unsigned int reg, unsigned int val, unsigned int mask);
      ^
In file included from drivers/misc/mediatek/dispsys/mt6735/ddp_dsi.c:31:0:
/home/satory-ra/Android/kernel/android_kernel_oukitel_orange/drivers/misc/mediatek/dispsys/mt6735/mt6735m/ddp_reg.h:1487:38: warning: passing argument 1 of 'disp_addr_convert' makes integer from pointer without a cast
                 cmdqRecWrite(handle, disp_addr_convert(reg32), val, ~0); \
                                      ^
drivers/misc/mediatek/dispsys/mt6735/ddp_dsi.c:59:63: note: in expansion of macro 'DISP_REG_SET'
   else{mt_reg_sync_writel(INREG32(&REG),&r);r.bit = (value);  DISP_REG_SET(cmdq, &REG, INREG32(&r));}    \
                                                               ^
drivers/misc/mediatek/dispsys/mt6735/ddp_dsi.c:4086:4: note: in expansion of macro 'DSI_OUTREGBIT'
    DSI_OUTREGBIT(NULL, DSI_PHY_TIMCON3_REG, DSI_REG[1]->DSI_PHY_TIMECON3,CLK_HS_POST,timing.value);
    ^
/home/satory-ra/Android/kernel/android_kernel_oukitel_orange/drivers/misc/mediatek/dispsys/mt6735/mt6735m/ddp_reg.h:1395:29: note: expected 'long unsigned int' but argument is of type 'volatile struct DSI_PHY_TIMCON3_REG *'
 static inline unsigned long disp_addr_convert(unsigned long va) 
                             ^
/home/satory-ra/Android/kernel/android_kernel_oukitel_orange/drivers/misc/mediatek/dispsys/mt6735/mt6735m/ddp_reg.h:1413:3: warning: passing argument 2 of 'dprec_reg_op' makes integer from pointer without a cast
   dprec_reg_op(handle, reg32, val, mask);\
   ^
drivers/misc/mediatek/dispsys/mt6735/ddp_dsi.c:58:145: note: in expansion of macro 'DISP_REG_MASK'
   if(cmdq)  {*(unsigned int*)(&r) = ((unsigned int)0x00000000);r.bit = ~(r.bit);*(unsigned int*)(&v) = ((unsigned int)0x00000000);v.bit = value;DISP_REG_MASK(cmdq, &REG, AS_UINT32(&v), AS_UINT32(&r));}  \
                                                                                                                                                 ^
drivers/misc/mediatek/dispsys/mt6735/ddp_dsi.c:4093:4: note: in expansion of macro 'DSI_OUTREGBIT'
    DSI_OUTREGBIT(NULL, DSI_PHY_TIMCON3_REG, DSI_REG[0]->DSI_PHY_TIMECON3,CLK_HS_EXIT,timing.value);
    ^
In file included from /home/satory-ra/Android/kernel/android_kernel_oukitel_orange/drivers/misc/mediatek/videox/mt6735/disp_drv_log.h:3:0,
                 from drivers/misc/mediatek/dispsys/mt6735/ddp_dsi.c:8:
/home/satory-ra/Android/kernel/android_kernel_oukitel_orange/drivers/misc/mediatek/dispsys/mt6735/display_recorder.h:136:6: note: expected 'unsigned int' but argument is of type 'volatile struct DSI_PHY_TIMCON3_REG *'
 void dprec_reg_op(void* cmdq, unsigned int reg, unsigned int val, unsigned int mask);
      ^
In file included from drivers/misc/mediatek/dispsys/mt6735/ddp_dsi.c:31:0:
/home/satory-ra/Android/kernel/android_kernel_oukitel_orange/drivers/misc/mediatek/dispsys/mt6735/mt6735m/ddp_reg.h:1420:25: warning: passing argument 1 of 'disp_addr_convert' makes integer from pointer without a cast
    cmdqRecWrite(handle, disp_addr_convert(reg32), val, mask); \
                         ^
drivers/misc/mediatek/dispsys/mt6735/ddp_dsi.c:58:145: note: in expansion of macro 'DISP_REG_MASK'
   if(cmdq)  {*(unsigned int*)(&r) = ((unsigned int)0x00000000);r.bit = ~(r.bit);*(unsigned int*)(&v) = ((unsigned int)0x00000000);v.bit = value;DISP_REG_MASK(cmdq, &REG, AS_UINT32(&v), AS_UINT32(&r));}  \
                                                                                                                                                 ^
drivers/misc/mediatek/dispsys/mt6735/ddp_dsi.c:4093:4: note: in expansion of macro 'DSI_OUTREGBIT'
    DSI_OUTREGBIT(NULL, DSI_PHY_TIMCON3_REG, DSI_REG[0]->DSI_PHY_TIMECON3,CLK_HS_EXIT,timing.value);
    ^
/home/satory-ra/Android/kernel/android_kernel_oukitel_orange/drivers/misc/mediatek/dispsys/mt6735/mt6735m/ddp_reg.h:1395:29: note: expected 'long unsigned int' but argument is of type 'volatile struct DSI_PHY_TIMCON3_REG *'
 static inline unsigned long disp_addr_convert(unsigned long va) 
                             ^
/home/satory-ra/Android/kernel/android_kernel_oukitel_orange/drivers/misc/mediatek/dispsys/mt6735/mt6735m/ddp_reg.h:1486:17: warning: passing argument 2 of 'dprec_reg_op' makes integer from pointer without a cast
                 dprec_reg_op(handle, reg32, val, 0x00000000);\
                 ^
drivers/misc/mediatek/dispsys/mt6735/ddp_dsi.c:59:63: note: in expansion of macro 'DISP_REG_SET'
   else{mt_reg_sync_writel(INREG32(&REG),&r);r.bit = (value);  DISP_REG_SET(cmdq, &REG, INREG32(&r));}    \
                                                               ^
drivers/misc/mediatek/dispsys/mt6735/ddp_dsi.c:4093:4: note: in expansion of macro 'DSI_OUTREGBIT'
    DSI_OUTREGBIT(NULL, DSI_PHY_TIMCON3_REG, DSI_REG[0]->DSI_PHY_TIMECON3,CLK_HS_EXIT,timing.value);
    ^
In file included from /home/satory-ra/Android/kernel/android_kernel_oukitel_orange/drivers/misc/mediatek/videox/mt6735/disp_drv_log.h:3:0,
                 from drivers/misc/mediatek/dispsys/mt6735/ddp_dsi.c:8:
/home/satory-ra/Android/kernel/android_kernel_oukitel_orange/drivers/misc/mediatek/dispsys/mt6735/display_recorder.h:136:6: note: expected 'unsigned int' but argument is of type 'volatile struct DSI_PHY_TIMCON3_REG *'
 void dprec_reg_op(void* cmdq, unsigned int reg, unsigned int val, unsigned int mask);
      ^
In file included from drivers/misc/mediatek/dispsys/mt6735/ddp_dsi.c:31:0:
/home/satory-ra/Android/kernel/android_kernel_oukitel_orange/drivers/misc/mediatek/dispsys/mt6735/mt6735m/ddp_reg.h:1487:38: warning: passing argument 1 of 'disp_addr_convert' makes integer from pointer without a cast
                 cmdqRecWrite(handle, disp_addr_convert(reg32), val, ~0); \
                                      ^
drivers/misc/mediatek/dispsys/mt6735/ddp_dsi.c:59:63: note: in expansion of macro 'DISP_REG_SET'
   else{mt_reg_sync_writel(INREG32(&REG),&r);r.bit = (value);  DISP_REG_SET(cmdq, &REG, INREG32(&r));}    \
                                                               ^
drivers/misc/mediatek/dispsys/mt6735/ddp_dsi.c:4093:4: note: in expansion of macro 'DSI_OUTREGBIT'
    DSI_OUTREGBIT(NULL, DSI_PHY_TIMCON3_REG, DSI_REG[0]->DSI_PHY_TIMECON3,CLK_HS_EXIT,timing.value);
    ^
/home/satory-ra/Android/kernel/android_kernel_oukitel_orange/drivers/misc/mediatek/dispsys/mt6735/mt6735m/ddp_reg.h:1395:29: note: expected 'long unsigned int' but argument is of type 'volatile struct DSI_PHY_TIMCON3_REG *'
 static inline unsigned long disp_addr_convert(unsigned long va) 
                             ^
/home/satory-ra/Android/kernel/android_kernel_oukitel_orange/drivers/misc/mediatek/dispsys/mt6735/mt6735m/ddp_reg.h:1413:3: warning: passing argument 2 of 'dprec_reg_op' makes integer from pointer without a cast
   dprec_reg_op(handle, reg32, val, mask);\
   ^
drivers/misc/mediatek/dispsys/mt6735/ddp_dsi.c:58:145: note: in expansion of macro 'DISP_REG_MASK'
   if(cmdq)  {*(unsigned int*)(&r) = ((unsigned int)0x00000000);r.bit = ~(r.bit);*(unsigned int*)(&v) = ((unsigned int)0x00000000);v.bit = value;DISP_REG_MASK(cmdq, &REG, AS_UINT32(&v), AS_UINT32(&r));}  \
                                                                                                                                                 ^
drivers/misc/mediatek/dispsys/mt6735/ddp_dsi.c:4096:4: note: in expansion of macro 'DSI_OUTREGBIT'
    DSI_OUTREGBIT(NULL, DSI_PHY_TIMCON3_REG, DSI_REG[1]->DSI_PHY_TIMECON3,CLK_HS_EXIT,timing.value);
    ^
In file included from /home/satory-ra/Android/kernel/android_kernel_oukitel_orange/drivers/misc/mediatek/videox/mt6735/disp_drv_log.h:3:0,
                 from drivers/misc/mediatek/dispsys/mt6735/ddp_dsi.c:8:
/home/satory-ra/Android/kernel/android_kernel_oukitel_orange/drivers/misc/mediatek/dispsys/mt6735/display_recorder.h:136:6: note: expected 'unsigned int' but argument is of type 'volatile struct DSI_PHY_TIMCON3_REG *'
 void dprec_reg_op(void* cmdq, unsigned int reg, unsigned int val, unsigned int mask);
      ^
In file included from drivers/misc/mediatek/dispsys/mt6735/ddp_dsi.c:31:0:
/home/satory-ra/Android/kernel/android_kernel_oukitel_orange/drivers/misc/mediatek/dispsys/mt6735/mt6735m/ddp_reg.h:1420:25: warning: passing argument 1 of 'disp_addr_convert' makes integer from pointer without a cast
    cmdqRecWrite(handle, disp_addr_convert(reg32), val, mask); \
                         ^
drivers/misc/mediatek/dispsys/mt6735/ddp_dsi.c:58:145: note: in expansion of macro 'DISP_REG_MASK'
   if(cmdq)  {*(unsigned int*)(&r) = ((unsigned int)0x00000000);r.bit = ~(r.bit);*(unsigned int*)(&v) = ((unsigned int)0x00000000);v.bit = value;DISP_REG_MASK(cmdq, &REG, AS_UINT32(&v), AS_UINT32(&r));}  \
                                                                                                                                                 ^
drivers/misc/mediatek/dispsys/mt6735/ddp_dsi.c:4096:4: note: in expansion of macro 'DSI_OUTREGBIT'
    DSI_OUTREGBIT(NULL, DSI_PHY_TIMCON3_REG, DSI_REG[1]->DSI_PHY_TIMECON3,CLK_HS_EXIT,timing.value);
    ^
/home/satory-ra/Android/kernel/android_kernel_oukitel_orange/drivers/misc/mediatek/dispsys/mt6735/mt6735m/ddp_reg.h:1395:29: note: expected 'long unsigned int' but argument is of type 'volatile struct DSI_PHY_TIMCON3_REG *'
 static inline unsigned long disp_addr_convert(unsigned long va) 
                             ^
/home/satory-ra/Android/kernel/android_kernel_oukitel_orange/drivers/misc/mediatek/dispsys/mt6735/mt6735m/ddp_reg.h:1486:17: warning: passing argument 2 of 'dprec_reg_op' makes integer from pointer without a cast
                 dprec_reg_op(handle, reg32, val, 0x00000000);\
                 ^
drivers/misc/mediatek/dispsys/mt6735/ddp_dsi.c:59:63: note: in expansion of macro 'DISP_REG_SET'
   else{mt_reg_sync_writel(INREG32(&REG),&r);r.bit = (value);  DISP_REG_SET(cmdq, &REG, INREG32(&r));}    \
                                                               ^
drivers/misc/mediatek/dispsys/mt6735/ddp_dsi.c:4096:4: note: in expansion of macro 'DSI_OUTREGBIT'
    DSI_OUTREGBIT(NULL, DSI_PHY_TIMCON3_REG, DSI_REG[1]->DSI_PHY_TIMECON3,CLK_HS_EXIT,timing.value);
    ^
In file included from /home/satory-ra/Android/kernel/android_kernel_oukitel_orange/drivers/misc/mediatek/videox/mt6735/disp_drv_log.h:3:0,
                 from drivers/misc/mediatek/dispsys/mt6735/ddp_dsi.c:8:
/home/satory-ra/Android/kernel/android_kernel_oukitel_orange/drivers/misc/mediatek/dispsys/mt6735/display_recorder.h:136:6: note: expected 'unsigned int' but argument is of type 'volatile struct DSI_PHY_TIMCON3_REG *'
 void dprec_reg_op(void* cmdq, unsigned int reg, unsigned int val, unsigned int mask);
      ^
In file included from drivers/misc/mediatek/dispsys/mt6735/ddp_dsi.c:31:0:
/home/satory-ra/Android/kernel/android_kernel_oukitel_orange/drivers/misc/mediatek/dispsys/mt6735/mt6735m/ddp_reg.h:1487:38: warning: passing argument 1 of 'disp_addr_convert' makes integer from pointer without a cast
                 cmdqRecWrite(handle, disp_addr_convert(reg32), val, ~0); \
                                      ^
drivers/misc/mediatek/dispsys/mt6735/ddp_dsi.c:59:63: note: in expansion of macro 'DISP_REG_SET'
   else{mt_reg_sync_writel(INREG32(&REG),&r);r.bit = (value);  DISP_REG_SET(cmdq, &REG, INREG32(&r));}    \
                                                               ^
drivers/misc/mediatek/dispsys/mt6735/ddp_dsi.c:4096:4: note: in expansion of macro 'DSI_OUTREGBIT'
    DSI_OUTREGBIT(NULL, DSI_PHY_TIMCON3_REG, DSI_REG[1]->DSI_PHY_TIMECON3,CLK_HS_EXIT,timing.value);
    ^
/home/satory-ra/Android/kernel/android_kernel_oukitel_orange/drivers/misc/mediatek/dispsys/mt6735/mt6735m/ddp_reg.h:1395:29: note: expected 'long unsigned int' but argument is of type 'volatile struct DSI_PHY_TIMCON3_REG *'
 static inline unsigned long disp_addr_convert(unsigned long va) 
                             ^
/home/satory-ra/Android/kernel/android_kernel_oukitel_orange/drivers/misc/mediatek/dispsys/mt6735/mt6735m/ddp_reg.h:1413:3: warning: passing argument 2 of 'dprec_reg_op' makes integer from pointer without a cast
   dprec_reg_op(handle, reg32, val, mask);\
   ^
drivers/misc/mediatek/dispsys/mt6735/ddp_dsi.c:58:145: note: in expansion of macro 'DISP_REG_MASK'
   if(cmdq)  {*(unsigned int*)(&r) = ((unsigned int)0x00000000);r.bit = ~(r.bit);*(unsigned int*)(&v) = ((unsigned int)0x00000000);v.bit = value;DISP_REG_MASK(cmdq, &REG, AS_UINT32(&v), AS_UINT32(&r));}  \
                                                                                                                                                 ^
drivers/misc/mediatek/dispsys/mt6735/ddp_dsi.c:4099:7: note: in expansion of macro 'DSI_OUTREGBIT'
       DSI_OUTREGBIT(NULL, DSI_PHY_TIMCON3_REG, DSI_REG[0]->DSI_PHY_TIMECON3,CLK_HS_EXIT,timing.value);
       ^
In file included from /home/satory-ra/Android/kernel/android_kernel_oukitel_orange/drivers/misc/mediatek/videox/mt6735/disp_drv_log.h:3:0,
                 from drivers/misc/mediatek/dispsys/mt6735/ddp_dsi.c:8:
/home/satory-ra/Android/kernel/android_kernel_oukitel_orange/drivers/misc/mediatek/dispsys/mt6735/display_recorder.h:136:6: note: expected 'unsigned int' but argument is of type 'volatile struct DSI_PHY_TIMCON3_REG *'
 void dprec_reg_op(void* cmdq, unsigned int reg, unsigned int val, unsigned int mask);
      ^
In file included from drivers/misc/mediatek/dispsys/mt6735/ddp_dsi.c:31:0:
/home/satory-ra/Android/kernel/android_kernel_oukitel_orange/drivers/misc/mediatek/dispsys/mt6735/mt6735m/ddp_reg.h:1420:25: warning: passing argument 1 of 'disp_addr_convert' makes integer from pointer without a cast
    cmdqRecWrite(handle, disp_addr_convert(reg32), val, mask); \
                         ^
drivers/misc/mediatek/dispsys/mt6735/ddp_dsi.c:58:145: note: in expansion of macro 'DISP_REG_MASK'
   if(cmdq)  {*(unsigned int*)(&r) = ((unsigned int)0x00000000);r.bit = ~(r.bit);*(unsigned int*)(&v) = ((unsigned int)0x00000000);v.bit = value;DISP_REG_MASK(cmdq, &REG, AS_UINT32(&v), AS_UINT32(&r));}  \
                                                                                                                                                 ^
drivers/misc/mediatek/dispsys/mt6735/ddp_dsi.c:4099:7: note: in expansion of macro 'DSI_OUTREGBIT'
       DSI_OUTREGBIT(NULL, DSI_PHY_TIMCON3_REG, DSI_REG[0]->DSI_PHY_TIMECON3,CLK_HS_EXIT,timing.value);
       ^
/home/satory-ra/Android/kernel/android_kernel_oukitel_orange/drivers/misc/mediatek/dispsys/mt6735/mt6735m/ddp_reg.h:1395:29: note: expected 'long unsigned int' but argument is of type 'volatile struct DSI_PHY_TIMCON3_REG *'
 static inline unsigned long disp_addr_convert(unsigned long va) 
                             ^
/home/satory-ra/Android/kernel/android_kernel_oukitel_orange/drivers/misc/mediatek/dispsys/mt6735/mt6735m/ddp_reg.h:1486:17: warning: passing argument 2 of 'dprec_reg_op' makes integer from pointer without a cast
                 dprec_reg_op(handle, reg32, val, 0x00000000);\
                 ^
drivers/misc/mediatek/dispsys/mt6735/ddp_dsi.c:59:63: note: in expansion of macro 'DISP_REG_SET'
   else{mt_reg_sync_writel(INREG32(&REG),&r);r.bit = (value);  DISP_REG_SET(cmdq, &REG, INREG32(&r));}    \
                                                               ^
drivers/misc/mediatek/dispsys/mt6735/ddp_dsi.c:4099:7: note: in expansion of macro 'DSI_OUTREGBIT'
       DSI_OUTREGBIT(NULL, DSI_PHY_TIMCON3_REG, DSI_REG[0]->DSI_PHY_TIMECON3,CLK_HS_EXIT,timing.value);
       ^
In file included from /home/satory-ra/Android/kernel/android_kernel_oukitel_orange/drivers/misc/mediatek/videox/mt6735/disp_drv_log.h:3:0,
                 from drivers/misc/mediatek/dispsys/mt6735/ddp_dsi.c:8:
/home/satory-ra/Android/kernel/android_kernel_oukitel_orange/drivers/misc/mediatek/dispsys/mt6735/display_recorder.h:136:6: note: expected 'unsigned int' but argument is of type 'volatile struct DSI_PHY_TIMCON3_REG *'
 void dprec_reg_op(void* cmdq, unsigned int reg, unsigned int val, unsigned int mask);
      ^
In file included from drivers/misc/mediatek/dispsys/mt6735/ddp_dsi.c:31:0:
/home/satory-ra/Android/kernel/android_kernel_oukitel_orange/drivers/misc/mediatek/dispsys/mt6735/mt6735m/ddp_reg.h:1487:38: warning: passing argument 1 of 'disp_addr_convert' makes integer from pointer without a cast
                 cmdqRecWrite(handle, disp_addr_convert(reg32), val, ~0); \
                                      ^
drivers/misc/mediatek/dispsys/mt6735/ddp_dsi.c:59:63: note: in expansion of macro 'DISP_REG_SET'
   else{mt_reg_sync_writel(INREG32(&REG),&r);r.bit = (value);  DISP_REG_SET(cmdq, &REG, INREG32(&r));}    \
                                                               ^
drivers/misc/mediatek/dispsys/mt6735/ddp_dsi.c:4099:7: note: in expansion of macro 'DSI_OUTREGBIT'
       DSI_OUTREGBIT(NULL, DSI_PHY_TIMCON3_REG, DSI_REG[0]->DSI_PHY_TIMECON3,CLK_HS_EXIT,timing.value);
       ^
/home/satory-ra/Android/kernel/android_kernel_oukitel_orange/drivers/misc/mediatek/dispsys/mt6735/mt6735m/ddp_reg.h:1395:29: note: expected 'long unsigned int' but argument is of type 'volatile struct DSI_PHY_TIMCON3_REG *'
 static inline unsigned long disp_addr_convert(unsigned long va) 
                             ^
/home/satory-ra/Android/kernel/android_kernel_oukitel_orange/drivers/misc/mediatek/dispsys/mt6735/mt6735m/ddp_reg.h:1413:3: warning: passing argument 2 of 'dprec_reg_op' makes integer from pointer without a cast
   dprec_reg_op(handle, reg32, val, mask);\
   ^
drivers/misc/mediatek/dispsys/mt6735/ddp_dsi.c:58:145: note: in expansion of macro 'DISP_REG_MASK'
   if(cmdq)  {*(unsigned int*)(&r) = ((unsigned int)0x00000000);r.bit = ~(r.bit);*(unsigned int*)(&v) = ((unsigned int)0x00000000);v.bit = value;DISP_REG_MASK(cmdq, &REG, AS_UINT32(&v), AS_UINT32(&r));}  \
                                                                                                                                                 ^
drivers/misc/mediatek/dispsys/mt6735/ddp_dsi.c:4100:4: note: in expansion of macro 'DSI_OUTREGBIT'
    DSI_OUTREGBIT(NULL, DSI_PHY_TIMCON3_REG, DSI_REG[1]->DSI_PHY_TIMECON3,CLK_HS_EXIT,timing.value);
    ^
In file included from /home/satory-ra/Android/kernel/android_kernel_oukitel_orange/drivers/misc/mediatek/videox/mt6735/disp_drv_log.h:3:0,
                 from drivers/misc/mediatek/dispsys/mt6735/ddp_dsi.c:8:
/home/satory-ra/Android/kernel/android_kernel_oukitel_orange/drivers/misc/mediatek/dispsys/mt6735/display_recorder.h:136:6: note: expected 'unsigned int' but argument is of type 'volatile struct DSI_PHY_TIMCON3_REG *'
 void dprec_reg_op(void* cmdq, unsigned int reg, unsigned int val, unsigned int mask);
      ^
In file included from drivers/misc/mediatek/dispsys/mt6735/ddp_dsi.c:31:0:
/home/satory-ra/Android/kernel/android_kernel_oukitel_orange/drivers/misc/mediatek/dispsys/mt6735/mt6735m/ddp_reg.h:1420:25: warning: passing argument 1 of 'disp_addr_convert' makes integer from pointer without a cast
    cmdqRecWrite(handle, disp_addr_convert(reg32), val, mask); \
                         ^
drivers/misc/mediatek/dispsys/mt6735/ddp_dsi.c:58:145: note: in expansion of macro 'DISP_REG_MASK'
   if(cmdq)  {*(unsigned int*)(&r) = ((unsigned int)0x00000000);r.bit = ~(r.bit);*(unsigned int*)(&v) = ((unsigned int)0x00000000);v.bit = value;DISP_REG_MASK(cmdq, &REG, AS_UINT32(&v), AS_UINT32(&r));}  \
                                                                                                                                                 ^
drivers/misc/mediatek/dispsys/mt6735/ddp_dsi.c:4100:4: note: in expansion of macro 'DSI_OUTREGBIT'
    DSI_OUTREGBIT(NULL, DSI_PHY_TIMCON3_REG, DSI_REG[1]->DSI_PHY_TIMECON3,CLK_HS_EXIT,timing.value);
    ^
/home/satory-ra/Android/kernel/android_kernel_oukitel_orange/drivers/misc/mediatek/dispsys/mt6735/mt6735m/ddp_reg.h:1395:29: note: expected 'long unsigned int' but argument is of type 'volatile struct DSI_PHY_TIMCON3_REG *'
 static inline unsigned long disp_addr_convert(unsigned long va) 
                             ^
/home/satory-ra/Android/kernel/android_kernel_oukitel_orange/drivers/misc/mediatek/dispsys/mt6735/mt6735m/ddp_reg.h:1486:17: warning: passing argument 2 of 'dprec_reg_op' makes integer from pointer without a cast
                 dprec_reg_op(handle, reg32, val, 0x00000000);\
                 ^
drivers/misc/mediatek/dispsys/mt6735/ddp_dsi.c:59:63: note: in expansion of macro 'DISP_REG_SET'
   else{mt_reg_sync_writel(INREG32(&REG),&r);r.bit = (value);  DISP_REG_SET(cmdq, &REG, INREG32(&r));}    \
                                                               ^
drivers/misc/mediatek/dispsys/mt6735/ddp_dsi.c:4100:4: note: in expansion of macro 'DSI_OUTREGBIT'
    DSI_OUTREGBIT(NULL, DSI_PHY_TIMCON3_REG, DSI_REG[1]->DSI_PHY_TIMECON3,CLK_HS_EXIT,timing.value);
    ^
In file included from /home/satory-ra/Android/kernel/android_kernel_oukitel_orange/drivers/misc/mediatek/videox/mt6735/disp_drv_log.h:3:0,
                 from drivers/misc/mediatek/dispsys/mt6735/ddp_dsi.c:8:
/home/satory-ra/Android/kernel/android_kernel_oukitel_orange/drivers/misc/mediatek/dispsys/mt6735/display_recorder.h:136:6: note: expected 'unsigned int' but argument is of type 'volatile struct DSI_PHY_TIMCON3_REG *'
 void dprec_reg_op(void* cmdq, unsigned int reg, unsigned int val, unsigned int mask);
      ^
In file included from drivers/misc/mediatek/dispsys/mt6735/ddp_dsi.c:31:0:
/home/satory-ra/Android/kernel/android_kernel_oukitel_orange/drivers/misc/mediatek/dispsys/mt6735/mt6735m/ddp_reg.h:1487:38: warning: passing argument 1 of 'disp_addr_convert' makes integer from pointer without a cast
                 cmdqRecWrite(handle, disp_addr_convert(reg32), val, ~0); \
                                      ^
drivers/misc/mediatek/dispsys/mt6735/ddp_dsi.c:59:63: note: in expansion of macro 'DISP_REG_SET'
   else{mt_reg_sync_writel(INREG32(&REG),&r);r.bit = (value);  DISP_REG_SET(cmdq, &REG, INREG32(&r));}    \
                                                               ^
drivers/misc/mediatek/dispsys/mt6735/ddp_dsi.c:4100:4: note: in expansion of macro 'DSI_OUTREGBIT'
    DSI_OUTREGBIT(NULL, DSI_PHY_TIMCON3_REG, DSI_REG[1]->DSI_PHY_TIMECON3,CLK_HS_EXIT,timing.value);
    ^
/home/satory-ra/Android/kernel/android_kernel_oukitel_orange/drivers/misc/mediatek/dispsys/mt6735/mt6735m/ddp_reg.h:1395:29: note: expected 'long unsigned int' but argument is of type 'volatile struct DSI_PHY_TIMCON3_REG *'
 static inline unsigned long disp_addr_convert(unsigned long va) 
                             ^
/home/satory-ra/Android/kernel/android_kernel_oukitel_orange/drivers/misc/mediatek/dispsys/mt6735/mt6735m/ddp_reg.h:1486:17: warning: passing argument 2 of 'dprec_reg_op' makes integer from pointer without a cast
                 dprec_reg_op(handle, reg32, val, 0x00000000);\
                 ^
drivers/misc/mediatek/dispsys/mt6735/ddp_dsi.c:40:39: note: in expansion of macro 'DISP_REG_SET'
 #define DSI_OUTREG32(cmdq, addr, val) DISP_REG_SET(cmdq, addr,val)
                                       ^
drivers/misc/mediatek/dispsys/mt6735/ddp_dsi.c:4115:4: note: in expansion of macro 'DSI_OUTREG32'
    DSI_OUTREG32(NULL, &DSI_REG[0]->DSI_HSA_WC, timing.value);   
    ^
In file included from /home/satory-ra/Android/kernel/android_kernel_oukitel_orange/drivers/misc/mediatek/videox/mt6735/disp_drv_log.h:3:0,
                 from drivers/misc/mediatek/dispsys/mt6735/ddp_dsi.c:8:
/home/satory-ra/Android/kernel/android_kernel_oukitel_orange/drivers/misc/mediatek/dispsys/mt6735/display_recorder.h:136:6: note: expected 'unsigned int' but argument is of type 'volatile struct DSI_HSA_WC_REG *'
 void dprec_reg_op(void* cmdq, unsigned int reg, unsigned int val, unsigned int mask);
      ^
In file included from drivers/misc/mediatek/dispsys/mt6735/ddp_dsi.c:31:0:
/home/satory-ra/Android/kernel/android_kernel_oukitel_orange/drivers/misc/mediatek/dispsys/mt6735/mt6735m/ddp_reg.h:1487:38: warning: passing argument 1 of 'disp_addr_convert' makes integer from pointer without a cast
                 cmdqRecWrite(handle, disp_addr_convert(reg32), val, ~0); \
                                      ^
drivers/misc/mediatek/dispsys/mt6735/ddp_dsi.c:40:39: note: in expansion of macro 'DISP_REG_SET'
 #define DSI_OUTREG32(cmdq, addr, val) DISP_REG_SET(cmdq, addr,val)
                                       ^
drivers/misc/mediatek/dispsys/mt6735/ddp_dsi.c:4115:4: note: in expansion of macro 'DSI_OUTREG32'
    DSI_OUTREG32(NULL, &DSI_REG[0]->DSI_HSA_WC, timing.value);   
    ^
/home/satory-ra/Android/kernel/android_kernel_oukitel_orange/drivers/misc/mediatek/dispsys/mt6735/mt6735m/ddp_reg.h:1395:29: note: expected 'long unsigned int' but argument is of type 'volatile struct DSI_HSA_WC_REG *'
 static inline unsigned long disp_addr_convert(unsigned long va) 
                             ^
/home/satory-ra/Android/kernel/android_kernel_oukitel_orange/drivers/misc/mediatek/dispsys/mt6735/mt6735m/ddp_reg.h:1486:17: warning: passing argument 2 of 'dprec_reg_op' makes integer from pointer without a cast
                 dprec_reg_op(handle, reg32, val, 0x00000000);\
                 ^
drivers/misc/mediatek/dispsys/mt6735/ddp_dsi.c:40:39: note: in expansion of macro 'DISP_REG_SET'
 #define DSI_OUTREG32(cmdq, addr, val) DISP_REG_SET(cmdq, addr,val)
                                       ^
drivers/misc/mediatek/dispsys/mt6735/ddp_dsi.c:4118:4: note: in expansion of macro 'DSI_OUTREG32'
    DSI_OUTREG32(NULL, &DSI_REG[1]->DSI_HSA_WC, timing.value);
    ^
In file included from /home/satory-ra/Android/kernel/android_kernel_oukitel_orange/drivers/misc/mediatek/videox/mt6735/disp_drv_log.h:3:0,
                 from drivers/misc/mediatek/dispsys/mt6735/ddp_dsi.c:8:
/home/satory-ra/Android/kernel/android_kernel_oukitel_orange/drivers/misc/mediatek/dispsys/mt6735/display_recorder.h:136:6: note: expected 'unsigned int' but argument is of type 'volatile struct DSI_HSA_WC_REG *'
 void dprec_reg_op(void* cmdq, unsigned int reg, unsigned int val, unsigned int mask);
      ^
In file included from drivers/misc/mediatek/dispsys/mt6735/ddp_dsi.c:31:0:
/home/satory-ra/Android/kernel/android_kernel_oukitel_orange/drivers/misc/mediatek/dispsys/mt6735/mt6735m/ddp_reg.h:1487:38: warning: passing argument 1 of 'disp_addr_convert' makes integer from pointer without a cast
                 cmdqRecWrite(handle, disp_addr_convert(reg32), val, ~0); \
                                      ^
drivers/misc/mediatek/dispsys/mt6735/ddp_dsi.c:40:39: note: in expansion of macro 'DISP_REG_SET'
 #define DSI_OUTREG32(cmdq, addr, val) DISP_REG_SET(cmdq, addr,val)
                                       ^
drivers/misc/mediatek/dispsys/mt6735/ddp_dsi.c:4118:4: note: in expansion of macro 'DSI_OUTREG32'
    DSI_OUTREG32(NULL, &DSI_REG[1]->DSI_HSA_WC, timing.value);
    ^
/home/satory-ra/Android/kernel/android_kernel_oukitel_orange/drivers/misc/mediatek/dispsys/mt6735/mt6735m/ddp_reg.h:1395:29: note: expected 'long unsigned int' but argument is of type 'volatile struct DSI_HSA_WC_REG *'
 static inline unsigned long disp_addr_convert(unsigned long va) 
                             ^
/home/satory-ra/Android/kernel/android_kernel_oukitel_orange/drivers/misc/mediatek/dispsys/mt6735/mt6735m/ddp_reg.h:1486:17: warning: passing argument 2 of 'dprec_reg_op' makes integer from pointer without a cast
                 dprec_reg_op(handle, reg32, val, 0x00000000);\
                 ^
drivers/misc/mediatek/dispsys/mt6735/ddp_dsi.c:40:39: note: in expansion of macro 'DISP_REG_SET'
 #define DSI_OUTREG32(cmdq, addr, val) DISP_REG_SET(cmdq, addr,val)
                                       ^
drivers/misc/mediatek/dispsys/mt6735/ddp_dsi.c:4121:4: note: in expansion of macro 'DSI_OUTREG32'
    DSI_OUTREG32(NULL, &DSI_REG[0]->DSI_HSA_WC, timing.value);
    ^
In file included from /home/satory-ra/Android/kernel/android_kernel_oukitel_orange/drivers/misc/mediatek/videox/mt6735/disp_drv_log.h:3:0,
                 from drivers/misc/mediatek/dispsys/mt6735/ddp_dsi.c:8:
/home/satory-ra/Android/kernel/android_kernel_oukitel_orange/drivers/misc/mediatek/dispsys/mt6735/display_recorder.h:136:6: note: expected 'unsigned int' but argument is of type 'volatile struct DSI_HSA_WC_REG *'
 void dprec_reg_op(void* cmdq, unsigned int reg, unsigned int val, unsigned int mask);
      ^
In file included from drivers/misc/mediatek/dispsys/mt6735/ddp_dsi.c:31:0:
/home/satory-ra/Android/kernel/android_kernel_oukitel_orange/drivers/misc/mediatek/dispsys/mt6735/mt6735m/ddp_reg.h:1487:38: warning: passing argument 1 of 'disp_addr_convert' makes integer from pointer without a cast
                 cmdqRecWrite(handle, disp_addr_convert(reg32), val, ~0); \
                                      ^
drivers/misc/mediatek/dispsys/mt6735/ddp_dsi.c:40:39: note: in expansion of macro 'DISP_REG_SET'
 #define DSI_OUTREG32(cmdq, addr, val) DISP_REG_SET(cmdq, addr,val)
                                       ^
drivers/misc/mediatek/dispsys/mt6735/ddp_dsi.c:4121:4: note: in expansion of macro 'DSI_OUTREG32'
    DSI_OUTREG32(NULL, &DSI_REG[0]->DSI_HSA_WC, timing.value);
    ^
/home/satory-ra/Android/kernel/android_kernel_oukitel_orange/drivers/misc/mediatek/dispsys/mt6735/mt6735m/ddp_reg.h:1395:29: note: expected 'long unsigned int' but argument is of type 'volatile struct DSI_HSA_WC_REG *'
 static inline unsigned long disp_addr_convert(unsigned long va) 
                             ^
/home/satory-ra/Android/kernel/android_kernel_oukitel_orange/drivers/misc/mediatek/dispsys/mt6735/mt6735m/ddp_reg.h:1486:17: warning: passing argument 2 of 'dprec_reg_op' makes integer from pointer without a cast
                 dprec_reg_op(handle, reg32, val, 0x00000000);\
                 ^
drivers/misc/mediatek/dispsys/mt6735/ddp_dsi.c:40:39: note: in expansion of macro 'DISP_REG_SET'
 #define DSI_OUTREG32(cmdq, addr, val) DISP_REG_SET(cmdq, addr,val)
                                       ^
drivers/misc/mediatek/dispsys/mt6735/ddp_dsi.c:4122:4: note: in expansion of macro 'DSI_OUTREG32'
    DSI_OUTREG32(NULL, &DSI_REG[1]->DSI_HSA_WC, timing.value);
    ^
In file included from /home/satory-ra/Android/kernel/android_kernel_oukitel_orange/drivers/misc/mediatek/videox/mt6735/disp_drv_log.h:3:0,
                 from drivers/misc/mediatek/dispsys/mt6735/ddp_dsi.c:8:
/home/satory-ra/Android/kernel/android_kernel_oukitel_orange/drivers/misc/mediatek/dispsys/mt6735/display_recorder.h:136:6: note: expected 'unsigned int' but argument is of type 'volatile struct DSI_HSA_WC_REG *'
 void dprec_reg_op(void* cmdq, unsigned int reg, unsigned int val, unsigned int mask);
      ^
In file included from drivers/misc/mediatek/dispsys/mt6735/ddp_dsi.c:31:0:
/home/satory-ra/Android/kernel/android_kernel_oukitel_orange/drivers/misc/mediatek/dispsys/mt6735/mt6735m/ddp_reg.h:1487:38: warning: passing argument 1 of 'disp_addr_convert' makes integer from pointer without a cast
                 cmdqRecWrite(handle, disp_addr_convert(reg32), val, ~0); \
                                      ^
drivers/misc/mediatek/dispsys/mt6735/ddp_dsi.c:40:39: note: in expansion of macro 'DISP_REG_SET'
 #define DSI_OUTREG32(cmdq, addr, val) DISP_REG_SET(cmdq, addr,val)
                                       ^
drivers/misc/mediatek/dispsys/mt6735/ddp_dsi.c:4122:4: note: in expansion of macro 'DSI_OUTREG32'
    DSI_OUTREG32(NULL, &DSI_REG[1]->DSI_HSA_WC, timing.value);
    ^
/home/satory-ra/Android/kernel/android_kernel_oukitel_orange/drivers/misc/mediatek/dispsys/mt6735/mt6735m/ddp_reg.h:1395:29: note: expected 'long unsigned int' but argument is of type 'volatile struct DSI_HSA_WC_REG *'
 static inline unsigned long disp_addr_convert(unsigned long va) 
                             ^
/home/satory-ra/Android/kernel/android_kernel_oukitel_orange/drivers/misc/mediatek/dispsys/mt6735/mt6735m/ddp_reg.h:1413:3: warning: passing argument 2 of 'dprec_reg_op' makes integer from pointer without a cast
   dprec_reg_op(handle, reg32, val, mask);\
   ^
drivers/misc/mediatek/dispsys/mt6735/ddp_dsi.c:58:145: note: in expansion of macro 'DISP_REG_MASK'
   if(cmdq)  {*(unsigned int*)(&r) = ((unsigned int)0x00000000);r.bit = ~(r.bit);*(unsigned int*)(&v) = ((unsigned int)0x00000000);v.bit = value;DISP_REG_MASK(cmdq, &REG, AS_UINT32(&v), AS_UINT32(&r));}  \
                                                                                                                                                 ^
drivers/misc/mediatek/dispsys/mt6735/ddp_dsi.c:4130:4: note: in expansion of macro 'DSI_OUTREGBIT'
    DSI_OUTREGBIT(NULL, DSI_HFP_WC_REG, DSI_REG[0]->DSI_HFP_WC,HFP_WC,timing.value);  
    ^
In file included from /home/satory-ra/Android/kernel/android_kernel_oukitel_orange/drivers/misc/mediatek/videox/mt6735/disp_drv_log.h:3:0,
                 from drivers/misc/mediatek/dispsys/mt6735/ddp_dsi.c:8:
/home/satory-ra/Android/kernel/android_kernel_oukitel_orange/drivers/misc/mediatek/dispsys/mt6735/display_recorder.h:136:6: note: expected 'unsigned int' but argument is of type 'volatile struct DSI_HFP_WC_REG *'
 void dprec_reg_op(void* cmdq, unsigned int reg, unsigned int val, unsigned int mask);
      ^
In file included from drivers/misc/mediatek/dispsys/mt6735/ddp_dsi.c:31:0:
/home/satory-ra/Android/kernel/android_kernel_oukitel_orange/drivers/misc/mediatek/dispsys/mt6735/mt6735m/ddp_reg.h:1420:25: warning: passing argument 1 of 'disp_addr_convert' makes integer from pointer without a cast
    cmdqRecWrite(handle, disp_addr_convert(reg32), val, mask); \
                         ^
drivers/misc/mediatek/dispsys/mt6735/ddp_dsi.c:58:145: note: in expansion of macro 'DISP_REG_MASK'
   if(cmdq)  {*(unsigned int*)(&r) = ((unsigned int)0x00000000);r.bit = ~(r.bit);*(unsigned int*)(&v) = ((unsigned int)0x00000000);v.bit = value;DISP_REG_MASK(cmdq, &REG, AS_UINT32(&v), AS_UINT32(&r));}  \
                                                                                                                                                 ^
drivers/misc/mediatek/dispsys/mt6735/ddp_dsi.c:4130:4: note: in expansion of macro 'DSI_OUTREGBIT'
    DSI_OUTREGBIT(NULL, DSI_HFP_WC_REG, DSI_REG[0]->DSI_HFP_WC,HFP_WC,timing.value);  
    ^
/home/satory-ra/Android/kernel/android_kernel_oukitel_orange/drivers/misc/mediatek/dispsys/mt6735/mt6735m/ddp_reg.h:1395:29: note: expected 'long unsigned int' but argument is of type 'volatile struct DSI_HFP_WC_REG *'
 static inline unsigned long disp_addr_convert(unsigned long va) 
                             ^
/home/satory-ra/Android/kernel/android_kernel_oukitel_orange/drivers/misc/mediatek/dispsys/mt6735/mt6735m/ddp_reg.h:1486:17: warning: passing argument 2 of 'dprec_reg_op' makes integer from pointer without a cast
                 dprec_reg_op(handle, reg32, val, 0x00000000);\
                 ^
drivers/misc/mediatek/dispsys/mt6735/ddp_dsi.c:59:63: note: in expansion of macro 'DISP_REG_SET'
   else{mt_reg_sync_writel(INREG32(&REG),&r);r.bit = (value);  DISP_REG_SET(cmdq, &REG, INREG32(&r));}    \
                                                               ^
drivers/misc/mediatek/dispsys/mt6735/ddp_dsi.c:4130:4: note: in expansion of macro 'DSI_OUTREGBIT'
    DSI_OUTREGBIT(NULL, DSI_HFP_WC_REG, DSI_REG[0]->DSI_HFP_WC,HFP_WC,timing.value);  
    ^
In file included from /home/satory-ra/Android/kernel/android_kernel_oukitel_orange/drivers/misc/mediatek/videox/mt6735/disp_drv_log.h:3:0,
                 from drivers/misc/mediatek/dispsys/mt6735/ddp_dsi.c:8:
/home/satory-ra/Android/kernel/android_kernel_oukitel_orange/drivers/misc/mediatek/dispsys/mt6735/display_recorder.h:136:6: note: expected 'unsigned int' but argument is of type 'volatile struct DSI_HFP_WC_REG *'
 void dprec_reg_op(void* cmdq, unsigned int reg, unsigned int val, unsigned int mask);
      ^
In file included from drivers/misc/mediatek/dispsys/mt6735/ddp_dsi.c:31:0:
/home/satory-ra/Android/kernel/android_kernel_oukitel_orange/drivers/misc/mediatek/dispsys/mt6735/mt6735m/ddp_reg.h:1487:38: warning: passing argument 1 of 'disp_addr_convert' makes integer from pointer without a cast
                 cmdqRecWrite(handle, disp_addr_convert(reg32), val, ~0); \
                                      ^
drivers/misc/mediatek/dispsys/mt6735/ddp_dsi.c:59:63: note: in expansion of macro 'DISP_REG_SET'
   else{mt_reg_sync_writel(INREG32(&REG),&r);r.bit = (value);  DISP_REG_SET(cmdq, &REG, INREG32(&r));}    \
                                                               ^
drivers/misc/mediatek/dispsys/mt6735/ddp_dsi.c:4130:4: note: in expansion of macro 'DSI_OUTREGBIT'
    DSI_OUTREGBIT(NULL, DSI_HFP_WC_REG, DSI_REG[0]->DSI_HFP_WC,HFP_WC,timing.value);  
    ^
/home/satory-ra/Android/kernel/android_kernel_oukitel_orange/drivers/misc/mediatek/dispsys/mt6735/mt6735m/ddp_reg.h:1395:29: note: expected 'long unsigned int' but argument is of type 'volatile struct DSI_HFP_WC_REG *'
 static inline unsigned long disp_addr_convert(unsigned long va) 
                             ^
/home/satory-ra/Android/kernel/android_kernel_oukitel_orange/drivers/misc/mediatek/dispsys/mt6735/mt6735m/ddp_reg.h:1413:3: warning: passing argument 2 of 'dprec_reg_op' makes integer from pointer without a cast
   dprec_reg_op(handle, reg32, val, mask);\
   ^
drivers/misc/mediatek/dispsys/mt6735/ddp_dsi.c:58:145: note: in expansion of macro 'DISP_REG_MASK'
   if(cmdq)  {*(unsigned int*)(&r) = ((unsigned int)0x00000000);r.bit = ~(r.bit);*(unsigned int*)(&v) = ((unsigned int)0x00000000);v.bit = value;DISP_REG_MASK(cmdq, &REG, AS_UINT32(&v), AS_UINT32(&r));}  \
                                                                                                                                                 ^
drivers/misc/mediatek/dispsys/mt6735/ddp_dsi.c:4133:4: note: in expansion of macro 'DSI_OUTREGBIT'
    DSI_OUTREGBIT(NULL, DSI_HFP_WC_REG, DSI_REG[1]->DSI_HFP_WC,HFP_WC,timing.value);  
    ^
In file included from /home/satory-ra/Android/kernel/android_kernel_oukitel_orange/drivers/misc/mediatek/videox/mt6735/disp_drv_log.h:3:0,
                 from drivers/misc/mediatek/dispsys/mt6735/ddp_dsi.c:8:
/home/satory-ra/Android/kernel/android_kernel_oukitel_orange/drivers/misc/mediatek/dispsys/mt6735/display_recorder.h:136:6: note: expected 'unsigned int' but argument is of type 'volatile struct DSI_HFP_WC_REG *'
 void dprec_reg_op(void* cmdq, unsigned int reg, unsigned int val, unsigned int mask);
      ^
In file included from drivers/misc/mediatek/dispsys/mt6735/ddp_dsi.c:31:0:
/home/satory-ra/Android/kernel/android_kernel_oukitel_orange/drivers/misc/mediatek/dispsys/mt6735/mt6735m/ddp_reg.h:1420:25: warning: passing argument 1 of 'disp_addr_convert' makes integer from pointer without a cast
    cmdqRecWrite(handle, disp_addr_convert(reg32), val, mask); \
                         ^
drivers/misc/mediatek/dispsys/mt6735/ddp_dsi.c:58:145: note: in expansion of macro 'DISP_REG_MASK'
   if(cmdq)  {*(unsigned int*)(&r) = ((unsigned int)0x00000000);r.bit = ~(r.bit);*(unsigned int*)(&v) = ((unsigned int)0x00000000);v.bit = value;DISP_REG_MASK(cmdq, &REG, AS_UINT32(&v), AS_UINT32(&r));}  \
                                                                                                                                                 ^
drivers/misc/mediatek/dispsys/mt6735/ddp_dsi.c:4133:4: note: in expansion of macro 'DSI_OUTREGBIT'
    DSI_OUTREGBIT(NULL, DSI_HFP_WC_REG, DSI_REG[1]->DSI_HFP_WC,HFP_WC,timing.value);  
    ^
/home/satory-ra/Android/kernel/android_kernel_oukitel_orange/drivers/misc/mediatek/dispsys/mt6735/mt6735m/ddp_reg.h:1395:29: note: expected 'long unsigned int' but argument is of type 'volatile struct DSI_HFP_WC_REG *'
 static inline unsigned long disp_addr_convert(unsigned long va) 
                             ^
/home/satory-ra/Android/kernel/android_kernel_oukitel_orange/drivers/misc/mediatek/dispsys/mt6735/mt6735m/ddp_reg.h:1486:17: warning: passing argument 2 of 'dprec_reg_op' makes integer from pointer without a cast
                 dprec_reg_op(handle, reg32, val, 0x00000000);\
                 ^
drivers/misc/mediatek/dispsys/mt6735/ddp_dsi.c:59:63: note: in expansion of macro 'DISP_REG_SET'
   else{mt_reg_sync_writel(INREG32(&REG),&r);r.bit = (value);  DISP_REG_SET(cmdq, &REG, INREG32(&r));}    \
                                                               ^
drivers/misc/mediatek/dispsys/mt6735/ddp_dsi.c:4133:4: note: in expansion of macro 'DSI_OUTREGBIT'
    DSI_OUTREGBIT(NULL, DSI_HFP_WC_REG, DSI_REG[1]->DSI_HFP_WC,HFP_WC,timing.value);  
    ^
In file included from /home/satory-ra/Android/kernel/android_kernel_oukitel_orange/drivers/misc/mediatek/videox/mt6735/disp_drv_log.h:3:0,
                 from drivers/misc/mediatek/dispsys/mt6735/ddp_dsi.c:8:
/home/satory-ra/Android/kernel/android_kernel_oukitel_orange/drivers/misc/mediatek/dispsys/mt6735/display_recorder.h:136:6: note: expected 'unsigned int' but argument is of type 'volatile struct DSI_HFP_WC_REG *'
 void dprec_reg_op(void* cmdq, unsigned int reg, unsigned int val, unsigned int mask);
      ^
In file included from drivers/misc/mediatek/dispsys/mt6735/ddp_dsi.c:31:0:
/home/satory-ra/Android/kernel/android_kernel_oukitel_orange/drivers/misc/mediatek/dispsys/mt6735/mt6735m/ddp_reg.h:1487:38: warning: passing argument 1 of 'disp_addr_convert' makes integer from pointer without a cast
                 cmdqRecWrite(handle, disp_addr_convert(reg32), val, ~0); \
                                      ^
drivers/misc/mediatek/dispsys/mt6735/ddp_dsi.c:59:63: note: in expansion of macro 'DISP_REG_SET'
   else{mt_reg_sync_writel(INREG32(&REG),&r);r.bit = (value);  DISP_REG_SET(cmdq, &REG, INREG32(&r));}    \
                                                               ^
drivers/misc/mediatek/dispsys/mt6735/ddp_dsi.c:4133:4: note: in expansion of macro 'DSI_OUTREGBIT'
    DSI_OUTREGBIT(NULL, DSI_HFP_WC_REG, DSI_REG[1]->DSI_HFP_WC,HFP_WC,timing.value);  
    ^
/home/satory-ra/Android/kernel/android_kernel_oukitel_orange/drivers/misc/mediatek/dispsys/mt6735/mt6735m/ddp_reg.h:1395:29: note: expected 'long unsigned int' but argument is of type 'volatile struct DSI_HFP_WC_REG *'
 static inline unsigned long disp_addr_convert(unsigned long va) 
                             ^
  CC      net/sched/sch_api.o
/home/satory-ra/Android/kernel/android_kernel_oukitel_orange/drivers/misc/mediatek/dispsys/mt6735/mt6735m/ddp_reg.h:1413:3: warning: passing argument 2 of 'dprec_reg_op' makes integer from pointer without a cast
   dprec_reg_op(handle, reg32, val, mask);\
   ^
drivers/misc/mediatek/dispsys/mt6735/ddp_dsi.c:58:145: note: in expansion of macro 'DISP_REG_MASK'
   if(cmdq)  {*(unsigned int*)(&r) = ((unsigned int)0x00000000);r.bit = ~(r.bit);*(unsigned int*)(&v) = ((unsigned int)0x00000000);v.bit = value;DISP_REG_MASK(cmdq, &REG, AS_UINT32(&v), AS_UINT32(&r));}  \
                                                                                                                                                 ^
drivers/misc/mediatek/dispsys/mt6735/ddp_dsi.c:4136:4: note: in expansion of macro 'DSI_OUTREGBIT'
    DSI_OUTREGBIT(NULL, DSI_HFP_WC_REG, DSI_REG[0]->DSI_HFP_WC,HFP_WC,timing.value);
    ^
In file included from /home/satory-ra/Android/kernel/android_kernel_oukitel_orange/drivers/misc/mediatek/videox/mt6735/disp_drv_log.h:3:0,
                 from drivers/misc/mediatek/dispsys/mt6735/ddp_dsi.c:8:
/home/satory-ra/Android/kernel/android_kernel_oukitel_orange/drivers/misc/mediatek/dispsys/mt6735/display_recorder.h:136:6: note: expected 'unsigned int' but argument is of type 'volatile struct DSI_HFP_WC_REG *'
 void dprec_reg_op(void* cmdq, unsigned int reg, unsigned int val, unsigned int mask);
      ^
In file included from drivers/misc/mediatek/dispsys/mt6735/ddp_dsi.c:31:0:
/home/satory-ra/Android/kernel/android_kernel_oukitel_orange/drivers/misc/mediatek/dispsys/mt6735/mt6735m/ddp_reg.h:1420:25: warning: passing argument 1 of 'disp_addr_convert' makes integer from pointer without a cast
    cmdqRecWrite(handle, disp_addr_convert(reg32), val, mask); \
                         ^
drivers/misc/mediatek/dispsys/mt6735/ddp_dsi.c:58:145: note: in expansion of macro 'DISP_REG_MASK'
   if(cmdq)  {*(unsigned int*)(&r) = ((unsigned int)0x00000000);r.bit = ~(r.bit);*(unsigned int*)(&v) = ((unsigned int)0x00000000);v.bit = value;DISP_REG_MASK(cmdq, &REG, AS_UINT32(&v), AS_UINT32(&r));}  \
                                                                                                                                                 ^
drivers/misc/mediatek/dispsys/mt6735/ddp_dsi.c:4136:4: note: in expansion of macro 'DSI_OUTREGBIT'
    DSI_OUTREGBIT(NULL, DSI_HFP_WC_REG, DSI_REG[0]->DSI_HFP_WC,HFP_WC,timing.value);
    ^
/home/satory-ra/Android/kernel/android_kernel_oukitel_orange/drivers/misc/mediatek/dispsys/mt6735/mt6735m/ddp_reg.h:1395:29: note: expected 'long unsigned int' but argument is of type 'volatile struct DSI_HFP_WC_REG *'
 static inline unsigned long disp_addr_convert(unsigned long va) 
                             ^
/home/satory-ra/Android/kernel/android_kernel_oukitel_orange/drivers/misc/mediatek/dispsys/mt6735/mt6735m/ddp_reg.h:1486:17: warning: passing argument 2 of 'dprec_reg_op' makes integer from pointer without a cast
                 dprec_reg_op(handle, reg32, val, 0x00000000);\
                 ^
drivers/misc/mediatek/dispsys/mt6735/ddp_dsi.c:59:63: note: in expansion of macro 'DISP_REG_SET'
   else{mt_reg_sync_writel(INREG32(&REG),&r);r.bit = (value);  DISP_REG_SET(cmdq, &REG, INREG32(&r));}    \
                                                               ^
drivers/misc/mediatek/dispsys/mt6735/ddp_dsi.c:4136:4: note: in expansion of macro 'DSI_OUTREGBIT'
    DSI_OUTREGBIT(NULL, DSI_HFP_WC_REG, DSI_REG[0]->DSI_HFP_WC,HFP_WC,timing.value);
    ^
In file included from /home/satory-ra/Android/kernel/android_kernel_oukitel_orange/drivers/misc/mediatek/videox/mt6735/disp_drv_log.h:3:0,
                 from drivers/misc/mediatek/dispsys/mt6735/ddp_dsi.c:8:
/home/satory-ra/Android/kernel/android_kernel_oukitel_orange/drivers/misc/mediatek/dispsys/mt6735/display_recorder.h:136:6: note: expected 'unsigned int' but argument is of type 'volatile struct DSI_HFP_WC_REG *'
 void dprec_reg_op(void* cmdq, unsigned int reg, unsigned int val, unsigned int mask);
      ^
In file included from drivers/misc/mediatek/dispsys/mt6735/ddp_dsi.c:31:0:
/home/satory-ra/Android/kernel/android_kernel_oukitel_orange/drivers/misc/mediatek/dispsys/mt6735/mt6735m/ddp_reg.h:1487:38: warning: passing argument 1 of 'disp_addr_convert' makes integer from pointer without a cast
                 cmdqRecWrite(handle, disp_addr_convert(reg32), val, ~0); \
                                      ^
drivers/misc/mediatek/dispsys/mt6735/ddp_dsi.c:59:63: note: in expansion of macro 'DISP_REG_SET'
   else{mt_reg_sync_writel(INREG32(&REG),&r);r.bit = (value);  DISP_REG_SET(cmdq, &REG, INREG32(&r));}    \
                                                               ^
drivers/misc/mediatek/dispsys/mt6735/ddp_dsi.c:4136:4: note: in expansion of macro 'DSI_OUTREGBIT'
    DSI_OUTREGBIT(NULL, DSI_HFP_WC_REG, DSI_REG[0]->DSI_HFP_WC,HFP_WC,timing.value);
    ^
/home/satory-ra/Android/kernel/android_kernel_oukitel_orange/drivers/misc/mediatek/dispsys/mt6735/mt6735m/ddp_reg.h:1395:29: note: expected 'long unsigned int' but argument is of type 'volatile struct DSI_HFP_WC_REG *'
 static inline unsigned long disp_addr_convert(unsigned long va) 
                             ^
/home/satory-ra/Android/kernel/android_kernel_oukitel_orange/drivers/misc/mediatek/dispsys/mt6735/mt6735m/ddp_reg.h:1413:3: warning: passing argument 2 of 'dprec_reg_op' makes integer from pointer without a cast
   dprec_reg_op(handle, reg32, val, mask);\
   ^
drivers/misc/mediatek/dispsys/mt6735/ddp_dsi.c:58:145: note: in expansion of macro 'DISP_REG_MASK'
   if(cmdq)  {*(unsigned int*)(&r) = ((unsigned int)0x00000000);r.bit = ~(r.bit);*(unsigned int*)(&v) = ((unsigned int)0x00000000);v.bit = value;DISP_REG_MASK(cmdq, &REG, AS_UINT32(&v), AS_UINT32(&r));}  \
                                                                                                                                                 ^
drivers/misc/mediatek/dispsys/mt6735/ddp_dsi.c:4137:4: note: in expansion of macro 'DSI_OUTREGBIT'
    DSI_OUTREGBIT(NULL, DSI_HFP_WC_REG, DSI_REG[1]->DSI_HFP_WC,HFP_WC,timing.value);
    ^
In file included from /home/satory-ra/Android/kernel/android_kernel_oukitel_orange/drivers/misc/mediatek/videox/mt6735/disp_drv_log.h:3:0,
                 from drivers/misc/mediatek/dispsys/mt6735/ddp_dsi.c:8:
/home/satory-ra/Android/kernel/android_kernel_oukitel_orange/drivers/misc/mediatek/dispsys/mt6735/display_recorder.h:136:6: note: expected 'unsigned int' but argument is of type 'volatile struct DSI_HFP_WC_REG *'
 void dprec_reg_op(void* cmdq, unsigned int reg, unsigned int val, unsigned int mask);
      ^
In file included from drivers/misc/mediatek/dispsys/mt6735/ddp_dsi.c:31:0:
/home/satory-ra/Android/kernel/android_kernel_oukitel_orange/drivers/misc/mediatek/dispsys/mt6735/mt6735m/ddp_reg.h:1420:25: warning: passing argument 1 of 'disp_addr_convert' makes integer from pointer without a cast
    cmdqRecWrite(handle, disp_addr_convert(reg32), val, mask); \
                         ^
drivers/misc/mediatek/dispsys/mt6735/ddp_dsi.c:58:145: note: in expansion of macro 'DISP_REG_MASK'
   if(cmdq)  {*(unsigned int*)(&r) = ((unsigned int)0x00000000);r.bit = ~(r.bit);*(unsigned int*)(&v) = ((unsigned int)0x00000000);v.bit = value;DISP_REG_MASK(cmdq, &REG, AS_UINT32(&v), AS_UINT32(&r));}  \
                                                                                                                                                 ^
drivers/misc/mediatek/dispsys/mt6735/ddp_dsi.c:4137:4: note: in expansion of macro 'DSI_OUTREGBIT'
    DSI_OUTREGBIT(NULL, DSI_HFP_WC_REG, DSI_REG[1]->DSI_HFP_WC,HFP_WC,timing.value);
    ^
/home/satory-ra/Android/kernel/android_kernel_oukitel_orange/drivers/misc/mediatek/dispsys/mt6735/mt6735m/ddp_reg.h:1395:29: note: expected 'long unsigned int' but argument is of type 'volatile struct DSI_HFP_WC_REG *'
 static inline unsigned long disp_addr_convert(unsigned long va) 
                             ^
/home/satory-ra/Android/kernel/android_kernel_oukitel_orange/drivers/misc/mediatek/dispsys/mt6735/mt6735m/ddp_reg.h:1486:17: warning: passing argument 2 of 'dprec_reg_op' makes integer from pointer without a cast
                 dprec_reg_op(handle, reg32, val, 0x00000000);\
                 ^
drivers/misc/mediatek/dispsys/mt6735/ddp_dsi.c:59:63: note: in expansion of macro 'DISP_REG_SET'
   else{mt_reg_sync_writel(INREG32(&REG),&r);r.bit = (value);  DISP_REG_SET(cmdq, &REG, INREG32(&r));}    \
                                                               ^
drivers/misc/mediatek/dispsys/mt6735/ddp_dsi.c:4137:4: note: in expansion of macro 'DSI_OUTREGBIT'
    DSI_OUTREGBIT(NULL, DSI_HFP_WC_REG, DSI_REG[1]->DSI_HFP_WC,HFP_WC,timing.value);
    ^
In file included from /home/satory-ra/Android/kernel/android_kernel_oukitel_orange/drivers/misc/mediatek/videox/mt6735/disp_drv_log.h:3:0,
                 from drivers/misc/mediatek/dispsys/mt6735/ddp_dsi.c:8:
/home/satory-ra/Android/kernel/android_kernel_oukitel_orange/drivers/misc/mediatek/dispsys/mt6735/display_recorder.h:136:6: note: expected 'unsigned int' but argument is of type 'volatile struct DSI_HFP_WC_REG *'
 void dprec_reg_op(void* cmdq, unsigned int reg, unsigned int val, unsigned int mask);
      ^
In file included from drivers/misc/mediatek/dispsys/mt6735/ddp_dsi.c:31:0:
/home/satory-ra/Android/kernel/android_kernel_oukitel_orange/drivers/misc/mediatek/dispsys/mt6735/mt6735m/ddp_reg.h:1487:38: warning: passing argument 1 of 'disp_addr_convert' makes integer from pointer without a cast
                 cmdqRecWrite(handle, disp_addr_convert(reg32), val, ~0); \
                                      ^
drivers/misc/mediatek/dispsys/mt6735/ddp_dsi.c:59:63: note: in expansion of macro 'DISP_REG_SET'
   else{mt_reg_sync_writel(INREG32(&REG),&r);r.bit = (value);  DISP_REG_SET(cmdq, &REG, INREG32(&r));}    \
                                                               ^
drivers/misc/mediatek/dispsys/mt6735/ddp_dsi.c:4137:4: note: in expansion of macro 'DSI_OUTREGBIT'
    DSI_OUTREGBIT(NULL, DSI_HFP_WC_REG, DSI_REG[1]->DSI_HFP_WC,HFP_WC,timing.value);
    ^
/home/satory-ra/Android/kernel/android_kernel_oukitel_orange/drivers/misc/mediatek/dispsys/mt6735/mt6735m/ddp_reg.h:1395:29: note: expected 'long unsigned int' but argument is of type 'volatile struct DSI_HFP_WC_REG *'
 static inline unsigned long disp_addr_convert(unsigned long va) 
                             ^
/home/satory-ra/Android/kernel/android_kernel_oukitel_orange/drivers/misc/mediatek/dispsys/mt6735/mt6735m/ddp_reg.h:1486:17: warning: passing argument 2 of 'dprec_reg_op' makes integer from pointer without a cast
                 dprec_reg_op(handle, reg32, val, 0x00000000);\
                 ^
drivers/misc/mediatek/dispsys/mt6735/ddp_dsi.c:40:39: note: in expansion of macro 'DISP_REG_SET'
 #define DSI_OUTREG32(cmdq, addr, val) DISP_REG_SET(cmdq, addr,val)
                                       ^
drivers/misc/mediatek/dispsys/mt6735/ddp_dsi.c:4151:5: note: in expansion of macro 'DSI_OUTREG32'
     DSI_OUTREG32(NULL, &DSI_REG[0]->DSI_HBP_WC, ALIGN_TO((hbp_byte), 4));    
     ^
In file included from /home/satory-ra/Android/kernel/android_kernel_oukitel_orange/drivers/misc/mediatek/videox/mt6735/disp_drv_log.h:3:0,
                 from drivers/misc/mediatek/dispsys/mt6735/ddp_dsi.c:8:
/home/satory-ra/Android/kernel/android_kernel_oukitel_orange/drivers/misc/mediatek/dispsys/mt6735/display_recorder.h:136:6: note: expected 'unsigned int' but argument is of type 'volatile struct DSI_HBP_WC_REG *'
 void dprec_reg_op(void* cmdq, unsigned int reg, unsigned int val, unsigned int mask);
      ^
In file included from drivers/misc/mediatek/dispsys/mt6735/ddp_dsi.c:31:0:
/home/satory-ra/Android/kernel/android_kernel_oukitel_orange/drivers/misc/mediatek/dispsys/mt6735/mt6735m/ddp_reg.h:1487:38: warning: passing argument 1 of 'disp_addr_convert' makes integer from pointer without a cast
                 cmdqRecWrite(handle, disp_addr_convert(reg32), val, ~0); \
                                      ^
drivers/misc/mediatek/dispsys/mt6735/ddp_dsi.c:40:39: note: in expansion of macro 'DISP_REG_SET'
 #define DSI_OUTREG32(cmdq, addr, val) DISP_REG_SET(cmdq, addr,val)
                                       ^
drivers/misc/mediatek/dispsys/mt6735/ddp_dsi.c:4151:5: note: in expansion of macro 'DSI_OUTREG32'
     DSI_OUTREG32(NULL, &DSI_REG[0]->DSI_HBP_WC, ALIGN_TO((hbp_byte), 4));    
     ^
/home/satory-ra/Android/kernel/android_kernel_oukitel_orange/drivers/misc/mediatek/dispsys/mt6735/mt6735m/ddp_reg.h:1395:29: note: expected 'long unsigned int' but argument is of type 'volatile struct DSI_HBP_WC_REG *'
 static inline unsigned long disp_addr_convert(unsigned long va) 
                             ^
/home/satory-ra/Android/kernel/android_kernel_oukitel_orange/drivers/misc/mediatek/dispsys/mt6735/mt6735m/ddp_reg.h:1486:17: warning: passing argument 2 of 'dprec_reg_op' makes integer from pointer without a cast
                 dprec_reg_op(handle, reg32, val, 0x00000000);\
                 ^
drivers/misc/mediatek/dispsys/mt6735/ddp_dsi.c:40:39: note: in expansion of macro 'DISP_REG_SET'
 #define DSI_OUTREG32(cmdq, addr, val) DISP_REG_SET(cmdq, addr,val)
                                       ^
drivers/misc/mediatek/dispsys/mt6735/ddp_dsi.c:4154:5: note: in expansion of macro 'DSI_OUTREG32'
     DSI_OUTREG32(NULL, &DSI_REG[1]->DSI_HBP_WC, ALIGN_TO((hbp_byte), 4));    
     ^
In file included from /home/satory-ra/Android/kernel/android_kernel_oukitel_orange/drivers/misc/mediatek/videox/mt6735/disp_drv_log.h:3:0,
                 from drivers/misc/mediatek/dispsys/mt6735/ddp_dsi.c:8:
/home/satory-ra/Android/kernel/android_kernel_oukitel_orange/drivers/misc/mediatek/dispsys/mt6735/display_recorder.h:136:6: note: expected 'unsigned int' but argument is of type 'volatile struct DSI_HBP_WC_REG *'
 void dprec_reg_op(void* cmdq, unsigned int reg, unsigned int val, unsigned int mask);
      ^
In file included from drivers/misc/mediatek/dispsys/mt6735/ddp_dsi.c:31:0:
/home/satory-ra/Android/kernel/android_kernel_oukitel_orange/drivers/misc/mediatek/dispsys/mt6735/mt6735m/ddp_reg.h:1487:38: warning: passing argument 1 of 'disp_addr_convert' makes integer from pointer without a cast
                 cmdqRecWrite(handle, disp_addr_convert(reg32), val, ~0); \
                                      ^
drivers/misc/mediatek/dispsys/mt6735/ddp_dsi.c:40:39: note: in expansion of macro 'DISP_REG_SET'
 #define DSI_OUTREG32(cmdq, addr, val) DISP_REG_SET(cmdq, addr,val)
                                       ^
drivers/misc/mediatek/dispsys/mt6735/ddp_dsi.c:4154:5: note: in expansion of macro 'DSI_OUTREG32'
     DSI_OUTREG32(NULL, &DSI_REG[1]->DSI_HBP_WC, ALIGN_TO((hbp_byte), 4));    
     ^
/home/satory-ra/Android/kernel/android_kernel_oukitel_orange/drivers/misc/mediatek/dispsys/mt6735/mt6735m/ddp_reg.h:1395:29: note: expected 'long unsigned int' but argument is of type 'volatile struct DSI_HBP_WC_REG *'
 static inline unsigned long disp_addr_convert(unsigned long va) 
                             ^
/home/satory-ra/Android/kernel/android_kernel_oukitel_orange/drivers/misc/mediatek/dispsys/mt6735/mt6735m/ddp_reg.h:1486:17: warning: passing argument 2 of 'dprec_reg_op' makes integer from pointer without a cast
                 dprec_reg_op(handle, reg32, val, 0x00000000);\
                 ^
drivers/misc/mediatek/dispsys/mt6735/ddp_dsi.c:40:39: note: in expansion of macro 'DISP_REG_SET'
 #define DSI_OUTREG32(cmdq, addr, val) DISP_REG_SET(cmdq, addr,val)
                                       ^
drivers/misc/mediatek/dispsys/mt6735/ddp_dsi.c:4157:5: note: in expansion of macro 'DSI_OUTREG32'
     DSI_OUTREG32(NULL, &DSI_REG[0]->DSI_HBP_WC, ALIGN_TO((hbp_byte), 4));      
     ^
In file included from /home/satory-ra/Android/kernel/android_kernel_oukitel_orange/drivers/misc/mediatek/videox/mt6735/disp_drv_log.h:3:0,
                 from drivers/misc/mediatek/dispsys/mt6735/ddp_dsi.c:8:
/home/satory-ra/Android/kernel/android_kernel_oukitel_orange/drivers/misc/mediatek/dispsys/mt6735/display_recorder.h:136:6: note: expected 'unsigned int' but argument is of type 'volatile struct DSI_HBP_WC_REG *'
 void dprec_reg_op(void* cmdq, unsigned int reg, unsigned int val, unsigned int mask);
      ^
In file included from drivers/misc/mediatek/dispsys/mt6735/ddp_dsi.c:31:0:
/home/satory-ra/Android/kernel/android_kernel_oukitel_orange/drivers/misc/mediatek/dispsys/mt6735/mt6735m/ddp_reg.h:1487:38: warning: passing argument 1 of 'disp_addr_convert' makes integer from pointer without a cast
                 cmdqRecWrite(handle, disp_addr_convert(reg32), val, ~0); \
                                      ^
drivers/misc/mediatek/dispsys/mt6735/ddp_dsi.c:40:39: note: in expansion of macro 'DISP_REG_SET'
 #define DSI_OUTREG32(cmdq, addr, val) DISP_REG_SET(cmdq, addr,val)
                                       ^
drivers/misc/mediatek/dispsys/mt6735/ddp_dsi.c:4157:5: note: in expansion of macro 'DSI_OUTREG32'
     DSI_OUTREG32(NULL, &DSI_REG[0]->DSI_HBP_WC, ALIGN_TO((hbp_byte), 4));      
     ^
/home/satory-ra/Android/kernel/android_kernel_oukitel_orange/drivers/misc/mediatek/dispsys/mt6735/mt6735m/ddp_reg.h:1395:29: note: expected 'long unsigned int' but argument is of type 'volatile struct DSI_HBP_WC_REG *'
 static inline unsigned long disp_addr_convert(unsigned long va) 
                             ^
/home/satory-ra/Android/kernel/android_kernel_oukitel_orange/drivers/misc/mediatek/dispsys/mt6735/mt6735m/ddp_reg.h:1486:17: warning: passing argument 2 of 'dprec_reg_op' makes integer from pointer without a cast
                 dprec_reg_op(handle, reg32, val, 0x00000000);\
                 ^
drivers/misc/mediatek/dispsys/mt6735/ddp_dsi.c:40:39: note: in expansion of macro 'DISP_REG_SET'
 #define DSI_OUTREG32(cmdq, addr, val) DISP_REG_SET(cmdq, addr,val)
                                       ^
drivers/misc/mediatek/dispsys/mt6735/ddp_dsi.c:4158:5: note: in expansion of macro 'DSI_OUTREG32'
     DSI_OUTREG32(NULL, &DSI_REG[1]->DSI_HBP_WC, ALIGN_TO((hbp_byte), 4));    
     ^
In file included from /home/satory-ra/Android/kernel/android_kernel_oukitel_orange/drivers/misc/mediatek/videox/mt6735/disp_drv_log.h:3:0,
                 from drivers/misc/mediatek/dispsys/mt6735/ddp_dsi.c:8:
/home/satory-ra/Android/kernel/android_kernel_oukitel_orange/drivers/misc/mediatek/dispsys/mt6735/display_recorder.h:136:6: note: expected 'unsigned int' but argument is of type 'volatile struct DSI_HBP_WC_REG *'
 void dprec_reg_op(void* cmdq, unsigned int reg, unsigned int val, unsigned int mask);
      ^
In file included from drivers/misc/mediatek/dispsys/mt6735/ddp_dsi.c:31:0:
/home/satory-ra/Android/kernel/android_kernel_oukitel_orange/drivers/misc/mediatek/dispsys/mt6735/mt6735m/ddp_reg.h:1487:38: warning: passing argument 1 of 'disp_addr_convert' makes integer from pointer without a cast
                 cmdqRecWrite(handle, disp_addr_convert(reg32), val, ~0); \
                                      ^
drivers/misc/mediatek/dispsys/mt6735/ddp_dsi.c:40:39: note: in expansion of macro 'DISP_REG_SET'
 #define DSI_OUTREG32(cmdq, addr, val) DISP_REG_SET(cmdq, addr,val)
                                       ^
drivers/misc/mediatek/dispsys/mt6735/ddp_dsi.c:4158:5: note: in expansion of macro 'DSI_OUTREG32'
     DSI_OUTREG32(NULL, &DSI_REG[1]->DSI_HBP_WC, ALIGN_TO((hbp_byte), 4));    
     ^
/home/satory-ra/Android/kernel/android_kernel_oukitel_orange/drivers/misc/mediatek/dispsys/mt6735/mt6735m/ddp_reg.h:1395:29: note: expected 'long unsigned int' but argument is of type 'volatile struct DSI_HBP_WC_REG *'
 static inline unsigned long disp_addr_convert(unsigned long va) 
                             ^
/home/satory-ra/Android/kernel/android_kernel_oukitel_orange/drivers/misc/mediatek/dispsys/mt6735/mt6735m/ddp_reg.h:1413:3: warning: passing argument 2 of 'dprec_reg_op' makes integer from pointer without a cast
   dprec_reg_op(handle, reg32, val, mask);\
   ^
drivers/misc/mediatek/dispsys/mt6735/ddp_dsi.c:58:145: note: in expansion of macro 'DISP_REG_MASK'
   if(cmdq)  {*(unsigned int*)(&r) = ((unsigned int)0x00000000);r.bit = ~(r.bit);*(unsigned int*)(&v) = ((unsigned int)0x00000000);v.bit = value;DISP_REG_MASK(cmdq, &REG, AS_UINT32(&v), AS_UINT32(&r));}  \
                                                                                                                                                 ^
drivers/misc/mediatek/dispsys/mt6735/ddp_dsi.c:4165:4: note: in expansion of macro 'DSI_OUTREGBIT'
    DSI_OUTREGBIT(NULL, DSI_VACT_NL_REG, DSI_REG[0]->DSI_VACT_NL,VACT_NL,timing.value);
    ^
In file included from /home/satory-ra/Android/kernel/android_kernel_oukitel_orange/drivers/misc/mediatek/videox/mt6735/disp_drv_log.h:3:0,
                 from drivers/misc/mediatek/dispsys/mt6735/ddp_dsi.c:8:
/home/satory-ra/Android/kernel/android_kernel_oukitel_orange/drivers/misc/mediatek/dispsys/mt6735/display_recorder.h:136:6: note: expected 'unsigned int' but argument is of type 'volatile struct DSI_VACT_NL_REG *'
 void dprec_reg_op(void* cmdq, unsigned int reg, unsigned int val, unsigned int mask);
      ^
In file included from drivers/misc/mediatek/dispsys/mt6735/ddp_dsi.c:31:0:
/home/satory-ra/Android/kernel/android_kernel_oukitel_orange/drivers/misc/mediatek/dispsys/mt6735/mt6735m/ddp_reg.h:1420:25: warning: passing argument 1 of 'disp_addr_convert' makes integer from pointer without a cast
    cmdqRecWrite(handle, disp_addr_convert(reg32), val, mask); \
                         ^
drivers/misc/mediatek/dispsys/mt6735/ddp_dsi.c:58:145: note: in expansion of macro 'DISP_REG_MASK'
   if(cmdq)  {*(unsigned int*)(&r) = ((unsigned int)0x00000000);r.bit = ~(r.bit);*(unsigned int*)(&v) = ((unsigned int)0x00000000);v.bit = value;DISP_REG_MASK(cmdq, &REG, AS_UINT32(&v), AS_UINT32(&r));}  \
                                                                                                                                                 ^
drivers/misc/mediatek/dispsys/mt6735/ddp_dsi.c:4165:4: note: in expansion of macro 'DSI_OUTREGBIT'
    DSI_OUTREGBIT(NULL, DSI_VACT_NL_REG, DSI_REG[0]->DSI_VACT_NL,VACT_NL,timing.value);
    ^
/home/satory-ra/Android/kernel/android_kernel_oukitel_orange/drivers/misc/mediatek/dispsys/mt6735/mt6735m/ddp_reg.h:1395:29: note: expected 'long unsigned int' but argument is of type 'volatile struct DSI_VACT_NL_REG *'
 static inline unsigned long disp_addr_convert(unsigned long va) 
                             ^
/home/satory-ra/Android/kernel/android_kernel_oukitel_orange/drivers/misc/mediatek/dispsys/mt6735/mt6735m/ddp_reg.h:1486:17: warning: passing argument 2 of 'dprec_reg_op' makes integer from pointer without a cast
                 dprec_reg_op(handle, reg32, val, 0x00000000);\
                 ^
drivers/misc/mediatek/dispsys/mt6735/ddp_dsi.c:59:63: note: in expansion of macro 'DISP_REG_SET'
   else{mt_reg_sync_writel(INREG32(&REG),&r);r.bit = (value);  DISP_REG_SET(cmdq, &REG, INREG32(&r));}    \
                                                               ^
drivers/misc/mediatek/dispsys/mt6735/ddp_dsi.c:4165:4: note: in expansion of macro 'DSI_OUTREGBIT'
    DSI_OUTREGBIT(NULL, DSI_VACT_NL_REG, DSI_REG[0]->DSI_VACT_NL,VACT_NL,timing.value);
    ^
In file included from /home/satory-ra/Android/kernel/android_kernel_oukitel_orange/drivers/misc/mediatek/videox/mt6735/disp_drv_log.h:3:0,
                 from drivers/misc/mediatek/dispsys/mt6735/ddp_dsi.c:8:
/home/satory-ra/Android/kernel/android_kernel_oukitel_orange/drivers/misc/mediatek/dispsys/mt6735/display_recorder.h:136:6: note: expected 'unsigned int' but argument is of type 'volatile struct DSI_VACT_NL_REG *'
 void dprec_reg_op(void* cmdq, unsigned int reg, unsigned int val, unsigned int mask);
      ^
In file included from drivers/misc/mediatek/dispsys/mt6735/ddp_dsi.c:31:0:
/home/satory-ra/Android/kernel/android_kernel_oukitel_orange/drivers/misc/mediatek/dispsys/mt6735/mt6735m/ddp_reg.h:1487:38: warning: passing argument 1 of 'disp_addr_convert' makes integer from pointer without a cast
                 cmdqRecWrite(handle, disp_addr_convert(reg32), val, ~0); \
                                      ^
drivers/misc/mediatek/dispsys/mt6735/ddp_dsi.c:59:63: note: in expansion of macro 'DISP_REG_SET'
   else{mt_reg_sync_writel(INREG32(&REG),&r);r.bit = (value);  DISP_REG_SET(cmdq, &REG, INREG32(&r));}    \
                                                               ^
drivers/misc/mediatek/dispsys/mt6735/ddp_dsi.c:4165:4: note: in expansion of macro 'DSI_OUTREGBIT'
    DSI_OUTREGBIT(NULL, DSI_VACT_NL_REG, DSI_REG[0]->DSI_VACT_NL,VACT_NL,timing.value);
    ^
/home/satory-ra/Android/kernel/android_kernel_oukitel_orange/drivers/misc/mediatek/dispsys/mt6735/mt6735m/ddp_reg.h:1395:29: note: expected 'long unsigned int' but argument is of type 'volatile struct DSI_VACT_NL_REG *'
 static inline unsigned long disp_addr_convert(unsigned long va) 
                             ^
/home/satory-ra/Android/kernel/android_kernel_oukitel_orange/drivers/misc/mediatek/dispsys/mt6735/mt6735m/ddp_reg.h:1413:3: warning: passing argument 2 of 'dprec_reg_op' makes integer from pointer without a cast
   dprec_reg_op(handle, reg32, val, mask);\
   ^
drivers/misc/mediatek/dispsys/mt6735/ddp_dsi.c:58:145: note: in expansion of macro 'DISP_REG_MASK'
   if(cmdq)  {*(unsigned int*)(&r) = ((unsigned int)0x00000000);r.bit = ~(r.bit);*(unsigned int*)(&v) = ((unsigned int)0x00000000);v.bit = value;DISP_REG_MASK(cmdq, &REG, AS_UINT32(&v), AS_UINT32(&r));}  \
                                                                                                                                                 ^
drivers/misc/mediatek/dispsys/mt6735/ddp_dsi.c:4168:4: note: in expansion of macro 'DSI_OUTREGBIT'
    DSI_OUTREGBIT(NULL, DSI_VACT_NL_REG, DSI_REG[1]->DSI_VACT_NL,VACT_NL,timing.value);     
    ^
In file included from /home/satory-ra/Android/kernel/android_kernel_oukitel_orange/drivers/misc/mediatek/videox/mt6735/disp_drv_log.h:3:0,
                 from drivers/misc/mediatek/dispsys/mt6735/ddp_dsi.c:8:
/home/satory-ra/Android/kernel/android_kernel_oukitel_orange/drivers/misc/mediatek/dispsys/mt6735/display_recorder.h:136:6: note: expected 'unsigned int' but argument is of type 'volatile struct DSI_VACT_NL_REG *'
 void dprec_reg_op(void* cmdq, unsigned int reg, unsigned int val, unsigned int mask);
      ^
In file included from drivers/misc/mediatek/dispsys/mt6735/ddp_dsi.c:31:0:
/home/satory-ra/Android/kernel/android_kernel_oukitel_orange/drivers/misc/mediatek/dispsys/mt6735/mt6735m/ddp_reg.h:1420:25: warning: passing argument 1 of 'disp_addr_convert' makes integer from pointer without a cast
    cmdqRecWrite(handle, disp_addr_convert(reg32), val, mask); \
                         ^
drivers/misc/mediatek/dispsys/mt6735/ddp_dsi.c:58:145: note: in expansion of macro 'DISP_REG_MASK'
   if(cmdq)  {*(unsigned int*)(&r) = ((unsigned int)0x00000000);r.bit = ~(r.bit);*(unsigned int*)(&v) = ((unsigned int)0x00000000);v.bit = value;DISP_REG_MASK(cmdq, &REG, AS_UINT32(&v), AS_UINT32(&r));}  \
                                                                                                                                                 ^
drivers/misc/mediatek/dispsys/mt6735/ddp_dsi.c:4168:4: note: in expansion of macro 'DSI_OUTREGBIT'
    DSI_OUTREGBIT(NULL, DSI_VACT_NL_REG, DSI_REG[1]->DSI_VACT_NL,VACT_NL,timing.value);     
    ^
/home/satory-ra/Android/kernel/android_kernel_oukitel_orange/drivers/misc/mediatek/dispsys/mt6735/mt6735m/ddp_reg.h:1395:29: note: expected 'long unsigned int' but argument is of type 'volatile struct DSI_VACT_NL_REG *'
 static inline unsigned long disp_addr_convert(unsigned long va) 
                             ^
/home/satory-ra/Android/kernel/android_kernel_oukitel_orange/drivers/misc/mediatek/dispsys/mt6735/mt6735m/ddp_reg.h:1486:17: warning: passing argument 2 of 'dprec_reg_op' makes integer from pointer without a cast
                 dprec_reg_op(handle, reg32, val, 0x00000000);\
                 ^
drivers/misc/mediatek/dispsys/mt6735/ddp_dsi.c:59:63: note: in expansion of macro 'DISP_REG_SET'
   else{mt_reg_sync_writel(INREG32(&REG),&r);r.bit = (value);  DISP_REG_SET(cmdq, &REG, INREG32(&r));}    \
                                                               ^
drivers/misc/mediatek/dispsys/mt6735/ddp_dsi.c:4168:4: note: in expansion of macro 'DSI_OUTREGBIT'
    DSI_OUTREGBIT(NULL, DSI_VACT_NL_REG, DSI_REG[1]->DSI_VACT_NL,VACT_NL,timing.value);     
    ^
In file included from /home/satory-ra/Android/kernel/android_kernel_oukitel_orange/drivers/misc/mediatek/videox/mt6735/disp_drv_log.h:3:0,
                 from drivers/misc/mediatek/dispsys/mt6735/ddp_dsi.c:8:
/home/satory-ra/Android/kernel/android_kernel_oukitel_orange/drivers/misc/mediatek/dispsys/mt6735/display_recorder.h:136:6: note: expected 'unsigned int' but argument is of type 'volatile struct DSI_VACT_NL_REG *'
 void dprec_reg_op(void* cmdq, unsigned int reg, unsigned int val, unsigned int mask);
      ^
In file included from drivers/misc/mediatek/dispsys/mt6735/ddp_dsi.c:31:0:
/home/satory-ra/Android/kernel/android_kernel_oukitel_orange/drivers/misc/mediatek/dispsys/mt6735/mt6735m/ddp_reg.h:1487:38: warning: passing argument 1 of 'disp_addr_convert' makes integer from pointer without a cast
                 cmdqRecWrite(handle, disp_addr_convert(reg32), val, ~0); \
                                      ^
drivers/misc/mediatek/dispsys/mt6735/ddp_dsi.c:59:63: note: in expansion of macro 'DISP_REG_SET'
   else{mt_reg_sync_writel(INREG32(&REG),&r);r.bit = (value);  DISP_REG_SET(cmdq, &REG, INREG32(&r));}    \
                                                               ^
drivers/misc/mediatek/dispsys/mt6735/ddp_dsi.c:4168:4: note: in expansion of macro 'DSI_OUTREGBIT'
    DSI_OUTREGBIT(NULL, DSI_VACT_NL_REG, DSI_REG[1]->DSI_VACT_NL,VACT_NL,timing.value);     
    ^
/home/satory-ra/Android/kernel/android_kernel_oukitel_orange/drivers/misc/mediatek/dispsys/mt6735/mt6735m/ddp_reg.h:1395:29: note: expected 'long unsigned int' but argument is of type 'volatile struct DSI_VACT_NL_REG *'
 static inline unsigned long disp_addr_convert(unsigned long va) 
                             ^
/home/satory-ra/Android/kernel/android_kernel_oukitel_orange/drivers/misc/mediatek/dispsys/mt6735/mt6735m/ddp_reg.h:1413:3: warning: passing argument 2 of 'dprec_reg_op' makes integer from pointer without a cast
   dprec_reg_op(handle, reg32, val, mask);\
   ^
drivers/misc/mediatek/dispsys/mt6735/ddp_dsi.c:58:145: note: in expansion of macro 'DISP_REG_MASK'
   if(cmdq)  {*(unsigned int*)(&r) = ((unsigned int)0x00000000);r.bit = ~(r.bit);*(unsigned int*)(&v) = ((unsigned int)0x00000000);v.bit = value;DISP_REG_MASK(cmdq, &REG, AS_UINT32(&v), AS_UINT32(&r));}  \
                                                                                                                                                 ^
drivers/misc/mediatek/dispsys/mt6735/ddp_dsi.c:4171:4: note: in expansion of macro 'DSI_OUTREGBIT'
    DSI_OUTREGBIT(NULL, DSI_VACT_NL_REG, DSI_REG[0]->DSI_VACT_NL,VACT_NL,timing.value);
    ^
In file included from /home/satory-ra/Android/kernel/android_kernel_oukitel_orange/drivers/misc/mediatek/videox/mt6735/disp_drv_log.h:3:0,
                 from drivers/misc/mediatek/dispsys/mt6735/ddp_dsi.c:8:
/home/satory-ra/Android/kernel/android_kernel_oukitel_orange/drivers/misc/mediatek/dispsys/mt6735/display_recorder.h:136:6: note: expected 'unsigned int' but argument is of type 'volatile struct DSI_VACT_NL_REG *'
 void dprec_reg_op(void* cmdq, unsigned int reg, unsigned int val, unsigned int mask);
      ^
In file included from drivers/misc/mediatek/dispsys/mt6735/ddp_dsi.c:31:0:
/home/satory-ra/Android/kernel/android_kernel_oukitel_orange/drivers/misc/mediatek/dispsys/mt6735/mt6735m/ddp_reg.h:1420:25: warning: passing argument 1 of 'disp_addr_convert' makes integer from pointer without a cast
    cmdqRecWrite(handle, disp_addr_convert(reg32), val, mask); \
                         ^
drivers/misc/mediatek/dispsys/mt6735/ddp_dsi.c:58:145: note: in expansion of macro 'DISP_REG_MASK'
   if(cmdq)  {*(unsigned int*)(&r) = ((unsigned int)0x00000000);r.bit = ~(r.bit);*(unsigned int*)(&v) = ((unsigned int)0x00000000);v.bit = value;DISP_REG_MASK(cmdq, &REG, AS_UINT32(&v), AS_UINT32(&r));}  \
                                                                                                                                                 ^
drivers/misc/mediatek/dispsys/mt6735/ddp_dsi.c:4171:4: note: in expansion of macro 'DSI_OUTREGBIT'
    DSI_OUTREGBIT(NULL, DSI_VACT_NL_REG, DSI_REG[0]->DSI_VACT_NL,VACT_NL,timing.value);
    ^
/home/satory-ra/Android/kernel/android_kernel_oukitel_orange/drivers/misc/mediatek/dispsys/mt6735/mt6735m/ddp_reg.h:1395:29: note: expected 'long unsigned int' but argument is of type 'volatile struct DSI_VACT_NL_REG *'
 static inline unsigned long disp_addr_convert(unsigned long va) 
                             ^
/home/satory-ra/Android/kernel/android_kernel_oukitel_orange/drivers/misc/mediatek/dispsys/mt6735/mt6735m/ddp_reg.h:1486:17: warning: passing argument 2 of 'dprec_reg_op' makes integer from pointer without a cast
                 dprec_reg_op(handle, reg32, val, 0x00000000);\
                 ^
drivers/misc/mediatek/dispsys/mt6735/ddp_dsi.c:59:63: note: in expansion of macro 'DISP_REG_SET'
   else{mt_reg_sync_writel(INREG32(&REG),&r);r.bit = (value);  DISP_REG_SET(cmdq, &REG, INREG32(&r));}    \
                                                               ^
drivers/misc/mediatek/dispsys/mt6735/ddp_dsi.c:4171:4: note: in expansion of macro 'DSI_OUTREGBIT'
    DSI_OUTREGBIT(NULL, DSI_VACT_NL_REG, DSI_REG[0]->DSI_VACT_NL,VACT_NL,timing.value);
    ^
In file included from /home/satory-ra/Android/kernel/android_kernel_oukitel_orange/drivers/misc/mediatek/videox/mt6735/disp_drv_log.h:3:0,
                 from drivers/misc/mediatek/dispsys/mt6735/ddp_dsi.c:8:
/home/satory-ra/Android/kernel/android_kernel_oukitel_orange/drivers/misc/mediatek/dispsys/mt6735/display_recorder.h:136:6: note: expected 'unsigned int' but argument is of type 'volatile struct DSI_VACT_NL_REG *'
 void dprec_reg_op(void* cmdq, unsigned int reg, unsigned int val, unsigned int mask);
      ^
In file included from drivers/misc/mediatek/dispsys/mt6735/ddp_dsi.c:31:0:
/home/satory-ra/Android/kernel/android_kernel_oukitel_orange/drivers/misc/mediatek/dispsys/mt6735/mt6735m/ddp_reg.h:1487:38: warning: passing argument 1 of 'disp_addr_convert' makes integer from pointer without a cast
                 cmdqRecWrite(handle, disp_addr_convert(reg32), val, ~0); \
                                      ^
drivers/misc/mediatek/dispsys/mt6735/ddp_dsi.c:59:63: note: in expansion of macro 'DISP_REG_SET'
   else{mt_reg_sync_writel(INREG32(&REG),&r);r.bit = (value);  DISP_REG_SET(cmdq, &REG, INREG32(&r));}    \
                                                               ^
drivers/misc/mediatek/dispsys/mt6735/ddp_dsi.c:4171:4: note: in expansion of macro 'DSI_OUTREGBIT'
    DSI_OUTREGBIT(NULL, DSI_VACT_NL_REG, DSI_REG[0]->DSI_VACT_NL,VACT_NL,timing.value);
    ^
/home/satory-ra/Android/kernel/android_kernel_oukitel_orange/drivers/misc/mediatek/dispsys/mt6735/mt6735m/ddp_reg.h:1395:29: note: expected 'long unsigned int' but argument is of type 'volatile struct DSI_VACT_NL_REG *'
 static inline unsigned long disp_addr_convert(unsigned long va) 
                             ^
/home/satory-ra/Android/kernel/android_kernel_oukitel_orange/drivers/misc/mediatek/dispsys/mt6735/mt6735m/ddp_reg.h:1413:3: warning: passing argument 2 of 'dprec_reg_op' makes integer from pointer without a cast
   dprec_reg_op(handle, reg32, val, mask);\
   ^
drivers/misc/mediatek/dispsys/mt6735/ddp_dsi.c:58:145: note: in expansion of macro 'DISP_REG_MASK'
   if(cmdq)  {*(unsigned int*)(&r) = ((unsigned int)0x00000000);r.bit = ~(r.bit);*(unsigned int*)(&v) = ((unsigned int)0x00000000);v.bit = value;DISP_REG_MASK(cmdq, &REG, AS_UINT32(&v), AS_UINT32(&r));}  \
                                                                                                                                                 ^
drivers/misc/mediatek/dispsys/mt6735/ddp_dsi.c:4172:4: note: in expansion of macro 'DSI_OUTREGBIT'
    DSI_OUTREGBIT(NULL, DSI_VACT_NL_REG, DSI_REG[1]->DSI_VACT_NL,VACT_NL,timing.value);      
    ^
In file included from /home/satory-ra/Android/kernel/android_kernel_oukitel_orange/drivers/misc/mediatek/videox/mt6735/disp_drv_log.h:3:0,
                 from drivers/misc/mediatek/dispsys/mt6735/ddp_dsi.c:8:
/home/satory-ra/Android/kernel/android_kernel_oukitel_orange/drivers/misc/mediatek/dispsys/mt6735/display_recorder.h:136:6: note: expected 'unsigned int' but argument is of type 'volatile struct DSI_VACT_NL_REG *'
 void dprec_reg_op(void* cmdq, unsigned int reg, unsigned int val, unsigned int mask);
      ^
In file included from drivers/misc/mediatek/dispsys/mt6735/ddp_dsi.c:31:0:
/home/satory-ra/Android/kernel/android_kernel_oukitel_orange/drivers/misc/mediatek/dispsys/mt6735/mt6735m/ddp_reg.h:1420:25: warning: passing argument 1 of 'disp_addr_convert' makes integer from pointer without a cast
    cmdqRecWrite(handle, disp_addr_convert(reg32), val, mask); \
                         ^
drivers/misc/mediatek/dispsys/mt6735/ddp_dsi.c:58:145: note: in expansion of macro 'DISP_REG_MASK'
   if(cmdq)  {*(unsigned int*)(&r) = ((unsigned int)0x00000000);r.bit = ~(r.bit);*(unsigned int*)(&v) = ((unsigned int)0x00000000);v.bit = value;DISP_REG_MASK(cmdq, &REG, AS_UINT32(&v), AS_UINT32(&r));}  \
                                                                                                                                                 ^
drivers/misc/mediatek/dispsys/mt6735/ddp_dsi.c:4172:4: note: in expansion of macro 'DSI_OUTREGBIT'
    DSI_OUTREGBIT(NULL, DSI_VACT_NL_REG, DSI_REG[1]->DSI_VACT_NL,VACT_NL,timing.value);      
    ^
/home/satory-ra/Android/kernel/android_kernel_oukitel_orange/drivers/misc/mediatek/dispsys/mt6735/mt6735m/ddp_reg.h:1395:29: note: expected 'long unsigned int' but argument is of type 'volatile struct DSI_VACT_NL_REG *'
 static inline unsigned long disp_addr_convert(unsigned long va) 
                             ^
/home/satory-ra/Android/kernel/android_kernel_oukitel_orange/drivers/misc/mediatek/dispsys/mt6735/mt6735m/ddp_reg.h:1486:17: warning: passing argument 2 of 'dprec_reg_op' makes integer from pointer without a cast
                 dprec_reg_op(handle, reg32, val, 0x00000000);\
                 ^
drivers/misc/mediatek/dispsys/mt6735/ddp_dsi.c:59:63: note: in expansion of macro 'DISP_REG_SET'
   else{mt_reg_sync_writel(INREG32(&REG),&r);r.bit = (value);  DISP_REG_SET(cmdq, &REG, INREG32(&r));}    \
                                                               ^
drivers/misc/mediatek/dispsys/mt6735/ddp_dsi.c:4172:4: note: in expansion of macro 'DSI_OUTREGBIT'
    DSI_OUTREGBIT(NULL, DSI_VACT_NL_REG, DSI_REG[1]->DSI_VACT_NL,VACT_NL,timing.value);      
    ^
In file included from /home/satory-ra/Android/kernel/android_kernel_oukitel_orange/drivers/misc/mediatek/videox/mt6735/disp_drv_log.h:3:0,
                 from drivers/misc/mediatek/dispsys/mt6735/ddp_dsi.c:8:
/home/satory-ra/Android/kernel/android_kernel_oukitel_orange/drivers/misc/mediatek/dispsys/mt6735/display_recorder.h:136:6: note: expected 'unsigned int' but argument is of type 'volatile struct DSI_VACT_NL_REG *'
 void dprec_reg_op(void* cmdq, unsigned int reg, unsigned int val, unsigned int mask);
      ^
In file included from drivers/misc/mediatek/dispsys/mt6735/ddp_dsi.c:31:0:
/home/satory-ra/Android/kernel/android_kernel_oukitel_orange/drivers/misc/mediatek/dispsys/mt6735/mt6735m/ddp_reg.h:1487:38: warning: passing argument 1 of 'disp_addr_convert' makes integer from pointer without a cast
                 cmdqRecWrite(handle, disp_addr_convert(reg32), val, ~0); \
                                      ^
drivers/misc/mediatek/dispsys/mt6735/ddp_dsi.c:59:63: note: in expansion of macro 'DISP_REG_SET'
   else{mt_reg_sync_writel(INREG32(&REG),&r);r.bit = (value);  DISP_REG_SET(cmdq, &REG, INREG32(&r));}    \
                                                               ^
drivers/misc/mediatek/dispsys/mt6735/ddp_dsi.c:4172:4: note: in expansion of macro 'DSI_OUTREGBIT'
    DSI_OUTREGBIT(NULL, DSI_VACT_NL_REG, DSI_REG[1]->DSI_VACT_NL,VACT_NL,timing.value);      
    ^
/home/satory-ra/Android/kernel/android_kernel_oukitel_orange/drivers/misc/mediatek/dispsys/mt6735/mt6735m/ddp_reg.h:1395:29: note: expected 'long unsigned int' but argument is of type 'volatile struct DSI_VACT_NL_REG *'
 static inline unsigned long disp_addr_convert(unsigned long va) 
                             ^
/home/satory-ra/Android/kernel/android_kernel_oukitel_orange/drivers/misc/mediatek/dispsys/mt6735/mt6735m/ddp_reg.h:1413:3: warning: passing argument 2 of 'dprec_reg_op' makes integer from pointer without a cast
   dprec_reg_op(handle, reg32, val, mask);\
   ^
drivers/misc/mediatek/dispsys/mt6735/ddp_dsi.c:58:145: note: in expansion of macro 'DISP_REG_MASK'
   if(cmdq)  {*(unsigned int*)(&r) = ((unsigned int)0x00000000);r.bit = ~(r.bit);*(unsigned int*)(&v) = ((unsigned int)0x00000000);v.bit = value;DISP_REG_MASK(cmdq, &REG, AS_UINT32(&v), AS_UINT32(&r));}  \
                                                                                                                                                 ^
drivers/misc/mediatek/dispsys/mt6735/ddp_dsi.c:4179:7: note: in expansion of macro 'DSI_OUTREGBIT'
       DSI_OUTREGBIT(NULL, DSI_VFP_NL_REG, DSI_REG[0]->DSI_VFP_NL,VFP_NL,timing.value);
       ^
In file included from /home/satory-ra/Android/kernel/android_kernel_oukitel_orange/drivers/misc/mediatek/videox/mt6735/disp_drv_log.h:3:0,
                 from drivers/misc/mediatek/dispsys/mt6735/ddp_dsi.c:8:
/home/satory-ra/Android/kernel/android_kernel_oukitel_orange/drivers/misc/mediatek/dispsys/mt6735/display_recorder.h:136:6: note: expected 'unsigned int' but argument is of type 'volatile struct DSI_VFP_NL_REG *'
 void dprec_reg_op(void* cmdq, unsigned int reg, unsigned int val, unsigned int mask);
      ^
In file included from drivers/misc/mediatek/dispsys/mt6735/ddp_dsi.c:31:0:
/home/satory-ra/Android/kernel/android_kernel_oukitel_orange/drivers/misc/mediatek/dispsys/mt6735/mt6735m/ddp_reg.h:1420:25: warning: passing argument 1 of 'disp_addr_convert' makes integer from pointer without a cast
    cmdqRecWrite(handle, disp_addr_convert(reg32), val, mask); \
                         ^
drivers/misc/mediatek/dispsys/mt6735/ddp_dsi.c:58:145: note: in expansion of macro 'DISP_REG_MASK'
   if(cmdq)  {*(unsigned int*)(&r) = ((unsigned int)0x00000000);r.bit = ~(r.bit);*(unsigned int*)(&v) = ((unsigned int)0x00000000);v.bit = value;DISP_REG_MASK(cmdq, &REG, AS_UINT32(&v), AS_UINT32(&r));}  \
                                                                                                                                                 ^
drivers/misc/mediatek/dispsys/mt6735/ddp_dsi.c:4179:7: note: in expansion of macro 'DSI_OUTREGBIT'
       DSI_OUTREGBIT(NULL, DSI_VFP_NL_REG, DSI_REG[0]->DSI_VFP_NL,VFP_NL,timing.value);
       ^
/home/satory-ra/Android/kernel/android_kernel_oukitel_orange/drivers/misc/mediatek/dispsys/mt6735/mt6735m/ddp_reg.h:1395:29: note: expected 'long unsigned int' but argument is of type 'volatile struct DSI_VFP_NL_REG *'
 static inline unsigned long disp_addr_convert(unsigned long va) 
                             ^
/home/satory-ra/Android/kernel/android_kernel_oukitel_orange/drivers/misc/mediatek/dispsys/mt6735/mt6735m/ddp_reg.h:1486:17: warning: passing argument 2 of 'dprec_reg_op' makes integer from pointer without a cast
                 dprec_reg_op(handle, reg32, val, 0x00000000);\
                 ^
drivers/misc/mediatek/dispsys/mt6735/ddp_dsi.c:59:63: note: in expansion of macro 'DISP_REG_SET'
   else{mt_reg_sync_writel(INREG32(&REG),&r);r.bit = (value);  DISP_REG_SET(cmdq, &REG, INREG32(&r));}    \
                                                               ^
drivers/misc/mediatek/dispsys/mt6735/ddp_dsi.c:4179:7: note: in expansion of macro 'DSI_OUTREGBIT'
       DSI_OUTREGBIT(NULL, DSI_VFP_NL_REG, DSI_REG[0]->DSI_VFP_NL,VFP_NL,timing.value);
       ^
In file included from /home/satory-ra/Android/kernel/android_kernel_oukitel_orange/drivers/misc/mediatek/videox/mt6735/disp_drv_log.h:3:0,
                 from drivers/misc/mediatek/dispsys/mt6735/ddp_dsi.c:8:
/home/satory-ra/Android/kernel/android_kernel_oukitel_orange/drivers/misc/mediatek/dispsys/mt6735/display_recorder.h:136:6: note: expected 'unsigned int' but argument is of type 'volatile struct DSI_VFP_NL_REG *'
 void dprec_reg_op(void* cmdq, unsigned int reg, unsigned int val, unsigned int mask);
      ^
In file included from drivers/misc/mediatek/dispsys/mt6735/ddp_dsi.c:31:0:
/home/satory-ra/Android/kernel/android_kernel_oukitel_orange/drivers/misc/mediatek/dispsys/mt6735/mt6735m/ddp_reg.h:1487:38: warning: passing argument 1 of 'disp_addr_convert' makes integer from pointer without a cast
                 cmdqRecWrite(handle, disp_addr_convert(reg32), val, ~0); \
                                      ^
drivers/misc/mediatek/dispsys/mt6735/ddp_dsi.c:59:63: note: in expansion of macro 'DISP_REG_SET'
   else{mt_reg_sync_writel(INREG32(&REG),&r);r.bit = (value);  DISP_REG_SET(cmdq, &REG, INREG32(&r));}    \
                                                               ^
drivers/misc/mediatek/dispsys/mt6735/ddp_dsi.c:4179:7: note: in expansion of macro 'DSI_OUTREGBIT'
       DSI_OUTREGBIT(NULL, DSI_VFP_NL_REG, DSI_REG[0]->DSI_VFP_NL,VFP_NL,timing.value);
       ^
/home/satory-ra/Android/kernel/android_kernel_oukitel_orange/drivers/misc/mediatek/dispsys/mt6735/mt6735m/ddp_reg.h:1395:29: note: expected 'long unsigned int' but argument is of type 'volatile struct DSI_VFP_NL_REG *'
 static inline unsigned long disp_addr_convert(unsigned long va) 
                             ^
/home/satory-ra/Android/kernel/android_kernel_oukitel_orange/drivers/misc/mediatek/dispsys/mt6735/mt6735m/ddp_reg.h:1413:3: warning: passing argument 2 of 'dprec_reg_op' makes integer from pointer without a cast
   dprec_reg_op(handle, reg32, val, mask);\
   ^
drivers/misc/mediatek/dispsys/mt6735/ddp_dsi.c:58:145: note: in expansion of macro 'DISP_REG_MASK'
   if(cmdq)  {*(unsigned int*)(&r) = ((unsigned int)0x00000000);r.bit = ~(r.bit);*(unsigned int*)(&v) = ((unsigned int)0x00000000);v.bit = value;DISP_REG_MASK(cmdq, &REG, AS_UINT32(&v), AS_UINT32(&r));}  \
                                                                                                                                                 ^
drivers/misc/mediatek/dispsys/mt6735/ddp_dsi.c:4182:4: note: in expansion of macro 'DSI_OUTREGBIT'
    DSI_OUTREGBIT(NULL, DSI_VFP_NL_REG, DSI_REG[1]->DSI_VFP_NL,VFP_NL,timing.value);     
    ^
In file included from /home/satory-ra/Android/kernel/android_kernel_oukitel_orange/drivers/misc/mediatek/videox/mt6735/disp_drv_log.h:3:0,
                 from drivers/misc/mediatek/dispsys/mt6735/ddp_dsi.c:8:
/home/satory-ra/Android/kernel/android_kernel_oukitel_orange/drivers/misc/mediatek/dispsys/mt6735/display_recorder.h:136:6: note: expected 'unsigned int' but argument is of type 'volatile struct DSI_VFP_NL_REG *'
 void dprec_reg_op(void* cmdq, unsigned int reg, unsigned int val, unsigned int mask);
      ^
In file included from drivers/misc/mediatek/dispsys/mt6735/ddp_dsi.c:31:0:
/home/satory-ra/Android/kernel/android_kernel_oukitel_orange/drivers/misc/mediatek/dispsys/mt6735/mt6735m/ddp_reg.h:1420:25: warning: passing argument 1 of 'disp_addr_convert' makes integer from pointer without a cast
    cmdqRecWrite(handle, disp_addr_convert(reg32), val, mask); \
                         ^
drivers/misc/mediatek/dispsys/mt6735/ddp_dsi.c:58:145: note: in expansion of macro 'DISP_REG_MASK'
   if(cmdq)  {*(unsigned int*)(&r) = ((unsigned int)0x00000000);r.bit = ~(r.bit);*(unsigned int*)(&v) = ((unsigned int)0x00000000);v.bit = value;DISP_REG_MASK(cmdq, &REG, AS_UINT32(&v), AS_UINT32(&r));}  \
                                                                                                                                                 ^
drivers/misc/mediatek/dispsys/mt6735/ddp_dsi.c:4182:4: note: in expansion of macro 'DSI_OUTREGBIT'
    DSI_OUTREGBIT(NULL, DSI_VFP_NL_REG, DSI_REG[1]->DSI_VFP_NL,VFP_NL,timing.value);     
    ^
/home/satory-ra/Android/kernel/android_kernel_oukitel_orange/drivers/misc/mediatek/dispsys/mt6735/mt6735m/ddp_reg.h:1395:29: note: expected 'long unsigned int' but argument is of type 'volatile struct DSI_VFP_NL_REG *'
 static inline unsigned long disp_addr_convert(unsigned long va) 
                             ^
/home/satory-ra/Android/kernel/android_kernel_oukitel_orange/drivers/misc/mediatek/dispsys/mt6735/mt6735m/ddp_reg.h:1486:17: warning: passing argument 2 of 'dprec_reg_op' makes integer from pointer without a cast
                 dprec_reg_op(handle, reg32, val, 0x00000000);\
                 ^
drivers/misc/mediatek/dispsys/mt6735/ddp_dsi.c:59:63: note: in expansion of macro 'DISP_REG_SET'
   else{mt_reg_sync_writel(INREG32(&REG),&r);r.bit = (value);  DISP_REG_SET(cmdq, &REG, INREG32(&r));}    \
                                                               ^
drivers/misc/mediatek/dispsys/mt6735/ddp_dsi.c:4182:4: note: in expansion of macro 'DSI_OUTREGBIT'
    DSI_OUTREGBIT(NULL, DSI_VFP_NL_REG, DSI_REG[1]->DSI_VFP_NL,VFP_NL,timing.value);     
    ^
In file included from /home/satory-ra/Android/kernel/android_kernel_oukitel_orange/drivers/misc/mediatek/videox/mt6735/disp_drv_log.h:3:0,
                 from drivers/misc/mediatek/dispsys/mt6735/ddp_dsi.c:8:
/home/satory-ra/Android/kernel/android_kernel_oukitel_orange/drivers/misc/mediatek/dispsys/mt6735/display_recorder.h:136:6: note: expected 'unsigned int' but argument is of type 'volatile struct DSI_VFP_NL_REG *'
 void dprec_reg_op(void* cmdq, unsigned int reg, unsigned int val, unsigned int mask);
      ^
In file included from drivers/misc/mediatek/dispsys/mt6735/ddp_dsi.c:31:0:
/home/satory-ra/Android/kernel/android_kernel_oukitel_orange/drivers/misc/mediatek/dispsys/mt6735/mt6735m/ddp_reg.h:1487:38: warning: passing argument 1 of 'disp_addr_convert' makes integer from pointer without a cast
                 cmdqRecWrite(handle, disp_addr_convert(reg32), val, ~0); \
                                      ^
drivers/misc/mediatek/dispsys/mt6735/ddp_dsi.c:59:63: note: in expansion of macro 'DISP_REG_SET'
   else{mt_reg_sync_writel(INREG32(&REG),&r);r.bit = (value);  DISP_REG_SET(cmdq, &REG, INREG32(&r));}    \
                                                               ^
drivers/misc/mediatek/dispsys/mt6735/ddp_dsi.c:4182:4: note: in expansion of macro 'DSI_OUTREGBIT'
    DSI_OUTREGBIT(NULL, DSI_VFP_NL_REG, DSI_REG[1]->DSI_VFP_NL,VFP_NL,timing.value);     
    ^
/home/satory-ra/Android/kernel/android_kernel_oukitel_orange/drivers/misc/mediatek/dispsys/mt6735/mt6735m/ddp_reg.h:1395:29: note: expected 'long unsigned int' but argument is of type 'volatile struct DSI_VFP_NL_REG *'
 static inline unsigned long disp_addr_convert(unsigned long va) 
                             ^
/home/satory-ra/Android/kernel/android_kernel_oukitel_orange/drivers/misc/mediatek/dispsys/mt6735/mt6735m/ddp_reg.h:1413:3: warning: passing argument 2 of 'dprec_reg_op' makes integer from pointer without a cast
   dprec_reg_op(handle, reg32, val, mask);\
   ^
drivers/misc/mediatek/dispsys/mt6735/ddp_dsi.c:58:145: note: in expansion of macro 'DISP_REG_MASK'
   if(cmdq)  {*(unsigned int*)(&r) = ((unsigned int)0x00000000);r.bit = ~(r.bit);*(unsigned int*)(&v) = ((unsigned int)0x00000000);v.bit = value;DISP_REG_MASK(cmdq, &REG, AS_UINT32(&v), AS_UINT32(&r));}  \
                                                                                                                                                 ^
drivers/misc/mediatek/dispsys/mt6735/ddp_dsi.c:4185:7: note: in expansion of macro 'DSI_OUTREGBIT'
       DSI_OUTREGBIT(NULL, DSI_VFP_NL_REG, DSI_REG[0]->DSI_VFP_NL,VFP_NL,timing.value);
       ^
In file included from /home/satory-ra/Android/kernel/android_kernel_oukitel_orange/drivers/misc/mediatek/videox/mt6735/disp_drv_log.h:3:0,
                 from drivers/misc/mediatek/dispsys/mt6735/ddp_dsi.c:8:
/home/satory-ra/Android/kernel/android_kernel_oukitel_orange/drivers/misc/mediatek/dispsys/mt6735/display_recorder.h:136:6: note: expected 'unsigned int' but argument is of type 'volatile struct DSI_VFP_NL_REG *'
 void dprec_reg_op(void* cmdq, unsigned int reg, unsigned int val, unsigned int mask);
      ^
In file included from drivers/misc/mediatek/dispsys/mt6735/ddp_dsi.c:31:0:
/home/satory-ra/Android/kernel/android_kernel_oukitel_orange/drivers/misc/mediatek/dispsys/mt6735/mt6735m/ddp_reg.h:1420:25: warning: passing argument 1 of 'disp_addr_convert' makes integer from pointer without a cast
    cmdqRecWrite(handle, disp_addr_convert(reg32), val, mask); \
                         ^
drivers/misc/mediatek/dispsys/mt6735/ddp_dsi.c:58:145: note: in expansion of macro 'DISP_REG_MASK'
   if(cmdq)  {*(unsigned int*)(&r) = ((unsigned int)0x00000000);r.bit = ~(r.bit);*(unsigned int*)(&v) = ((unsigned int)0x00000000);v.bit = value;DISP_REG_MASK(cmdq, &REG, AS_UINT32(&v), AS_UINT32(&r));}  \
                                                                                                                                                 ^
drivers/misc/mediatek/dispsys/mt6735/ddp_dsi.c:4185:7: note: in expansion of macro 'DSI_OUTREGBIT'
       DSI_OUTREGBIT(NULL, DSI_VFP_NL_REG, DSI_REG[0]->DSI_VFP_NL,VFP_NL,timing.value);
       ^
/home/satory-ra/Android/kernel/android_kernel_oukitel_orange/drivers/misc/mediatek/dispsys/mt6735/mt6735m/ddp_reg.h:1395:29: note: expected 'long unsigned int' but argument is of type 'volatile struct DSI_VFP_NL_REG *'
 static inline unsigned long disp_addr_convert(unsigned long va) 
                             ^
/home/satory-ra/Android/kernel/android_kernel_oukitel_orange/drivers/misc/mediatek/dispsys/mt6735/mt6735m/ddp_reg.h:1486:17: warning: passing argument 2 of 'dprec_reg_op' makes integer from pointer without a cast
                 dprec_reg_op(handle, reg32, val, 0x00000000);\
                 ^
drivers/misc/mediatek/dispsys/mt6735/ddp_dsi.c:59:63: note: in expansion of macro 'DISP_REG_SET'
   else{mt_reg_sync_writel(INREG32(&REG),&r);r.bit = (value);  DISP_REG_SET(cmdq, &REG, INREG32(&r));}    \
                                                               ^
drivers/misc/mediatek/dispsys/mt6735/ddp_dsi.c:4185:7: note: in expansion of macro 'DSI_OUTREGBIT'
       DSI_OUTREGBIT(NULL, DSI_VFP_NL_REG, DSI_REG[0]->DSI_VFP_NL,VFP_NL,timing.value);
       ^
In file included from /home/satory-ra/Android/kernel/android_kernel_oukitel_orange/drivers/misc/mediatek/videox/mt6735/disp_drv_log.h:3:0,
                 from drivers/misc/mediatek/dispsys/mt6735/ddp_dsi.c:8:
/home/satory-ra/Android/kernel/android_kernel_oukitel_orange/drivers/misc/mediatek/dispsys/mt6735/display_recorder.h:136:6: note: expected 'unsigned int' but argument is of type 'volatile struct DSI_VFP_NL_REG *'
 void dprec_reg_op(void* cmdq, unsigned int reg, unsigned int val, unsigned int mask);
      ^
In file included from drivers/misc/mediatek/dispsys/mt6735/ddp_dsi.c:31:0:
/home/satory-ra/Android/kernel/android_kernel_oukitel_orange/drivers/misc/mediatek/dispsys/mt6735/mt6735m/ddp_reg.h:1487:38: warning: passing argument 1 of 'disp_addr_convert' makes integer from pointer without a cast
                 cmdqRecWrite(handle, disp_addr_convert(reg32), val, ~0); \
                                      ^
drivers/misc/mediatek/dispsys/mt6735/ddp_dsi.c:59:63: note: in expansion of macro 'DISP_REG_SET'
   else{mt_reg_sync_writel(INREG32(&REG),&r);r.bit = (value);  DISP_REG_SET(cmdq, &REG, INREG32(&r));}    \
                                                               ^
drivers/misc/mediatek/dispsys/mt6735/ddp_dsi.c:4185:7: note: in expansion of macro 'DSI_OUTREGBIT'
       DSI_OUTREGBIT(NULL, DSI_VFP_NL_REG, DSI_REG[0]->DSI_VFP_NL,VFP_NL,timing.value);
       ^
/home/satory-ra/Android/kernel/android_kernel_oukitel_orange/drivers/misc/mediatek/dispsys/mt6735/mt6735m/ddp_reg.h:1395:29: note: expected 'long unsigned int' but argument is of type 'volatile struct DSI_VFP_NL_REG *'
 static inline unsigned long disp_addr_convert(unsigned long va) 
                             ^
/home/satory-ra/Android/kernel/android_kernel_oukitel_orange/drivers/misc/mediatek/dispsys/mt6735/mt6735m/ddp_reg.h:1413:3: warning: passing argument 2 of 'dprec_reg_op' makes integer from pointer without a cast
   dprec_reg_op(handle, reg32, val, mask);\
   ^
drivers/misc/mediatek/dispsys/mt6735/ddp_dsi.c:58:145: note: in expansion of macro 'DISP_REG_MASK'
   if(cmdq)  {*(unsigned int*)(&r) = ((unsigned int)0x00000000);r.bit = ~(r.bit);*(unsigned int*)(&v) = ((unsigned int)0x00000000);v.bit = value;DISP_REG_MASK(cmdq, &REG, AS_UINT32(&v), AS_UINT32(&r));}  \
                                                                                                                                                 ^
drivers/misc/mediatek/dispsys/mt6735/ddp_dsi.c:4186:4: note: in expansion of macro 'DSI_OUTREGBIT'
    DSI_OUTREGBIT(NULL, DSI_VFP_NL_REG, DSI_REG[1]->DSI_VFP_NL,VFP_NL,timing.value);     
    ^
In file included from /home/satory-ra/Android/kernel/android_kernel_oukitel_orange/drivers/misc/mediatek/videox/mt6735/disp_drv_log.h:3:0,
                 from drivers/misc/mediatek/dispsys/mt6735/ddp_dsi.c:8:
/home/satory-ra/Android/kernel/android_kernel_oukitel_orange/drivers/misc/mediatek/dispsys/mt6735/display_recorder.h:136:6: note: expected 'unsigned int' but argument is of type 'volatile struct DSI_VFP_NL_REG *'
 void dprec_reg_op(void* cmdq, unsigned int reg, unsigned int val, unsigned int mask);
      ^
In file included from drivers/misc/mediatek/dispsys/mt6735/ddp_dsi.c:31:0:
/home/satory-ra/Android/kernel/android_kernel_oukitel_orange/drivers/misc/mediatek/dispsys/mt6735/mt6735m/ddp_reg.h:1420:25: warning: passing argument 1 of 'disp_addr_convert' makes integer from pointer without a cast
    cmdqRecWrite(handle, disp_addr_convert(reg32), val, mask); \
                         ^
drivers/misc/mediatek/dispsys/mt6735/ddp_dsi.c:58:145: note: in expansion of macro 'DISP_REG_MASK'
   if(cmdq)  {*(unsigned int*)(&r) = ((unsigned int)0x00000000);r.bit = ~(r.bit);*(unsigned int*)(&v) = ((unsigned int)0x00000000);v.bit = value;DISP_REG_MASK(cmdq, &REG, AS_UINT32(&v), AS_UINT32(&r));}  \
                                                                                                                                                 ^
drivers/misc/mediatek/dispsys/mt6735/ddp_dsi.c:4186:4: note: in expansion of macro 'DSI_OUTREGBIT'
    DSI_OUTREGBIT(NULL, DSI_VFP_NL_REG, DSI_REG[1]->DSI_VFP_NL,VFP_NL,timing.value);     
    ^
/home/satory-ra/Android/kernel/android_kernel_oukitel_orange/drivers/misc/mediatek/dispsys/mt6735/mt6735m/ddp_reg.h:1395:29: note: expected 'long unsigned int' but argument is of type 'volatile struct DSI_VFP_NL_REG *'
 static inline unsigned long disp_addr_convert(unsigned long va) 
                             ^
/home/satory-ra/Android/kernel/android_kernel_oukitel_orange/drivers/misc/mediatek/dispsys/mt6735/mt6735m/ddp_reg.h:1486:17: warning: passing argument 2 of 'dprec_reg_op' makes integer from pointer without a cast
                 dprec_reg_op(handle, reg32, val, 0x00000000);\
                 ^
drivers/misc/mediatek/dispsys/mt6735/ddp_dsi.c:59:63: note: in expansion of macro 'DISP_REG_SET'
   else{mt_reg_sync_writel(INREG32(&REG),&r);r.bit = (value);  DISP_REG_SET(cmdq, &REG, INREG32(&r));}    \
                                                               ^
drivers/misc/mediatek/dispsys/mt6735/ddp_dsi.c:4186:4: note: in expansion of macro 'DSI_OUTREGBIT'
    DSI_OUTREGBIT(NULL, DSI_VFP_NL_REG, DSI_REG[1]->DSI_VFP_NL,VFP_NL,timing.value);     
    ^
In file included from /home/satory-ra/Android/kernel/android_kernel_oukitel_orange/drivers/misc/mediatek/videox/mt6735/disp_drv_log.h:3:0,
                 from drivers/misc/mediatek/dispsys/mt6735/ddp_dsi.c:8:
/home/satory-ra/Android/kernel/android_kernel_oukitel_orange/drivers/misc/mediatek/dispsys/mt6735/display_recorder.h:136:6: note: expected 'unsigned int' but argument is of type 'volatile struct DSI_VFP_NL_REG *'
 void dprec_reg_op(void* cmdq, unsigned int reg, unsigned int val, unsigned int mask);
      ^
In file included from drivers/misc/mediatek/dispsys/mt6735/ddp_dsi.c:31:0:
/home/satory-ra/Android/kernel/android_kernel_oukitel_orange/drivers/misc/mediatek/dispsys/mt6735/mt6735m/ddp_reg.h:1487:38: warning: passing argument 1 of 'disp_addr_convert' makes integer from pointer without a cast
                 cmdqRecWrite(handle, disp_addr_convert(reg32), val, ~0); \
                                      ^
drivers/misc/mediatek/dispsys/mt6735/ddp_dsi.c:59:63: note: in expansion of macro 'DISP_REG_SET'
   else{mt_reg_sync_writel(INREG32(&REG),&r);r.bit = (value);  DISP_REG_SET(cmdq, &REG, INREG32(&r));}    \
                                                               ^
drivers/misc/mediatek/dispsys/mt6735/ddp_dsi.c:4186:4: note: in expansion of macro 'DSI_OUTREGBIT'
    DSI_OUTREGBIT(NULL, DSI_VFP_NL_REG, DSI_REG[1]->DSI_VFP_NL,VFP_NL,timing.value);     
    ^
/home/satory-ra/Android/kernel/android_kernel_oukitel_orange/drivers/misc/mediatek/dispsys/mt6735/mt6735m/ddp_reg.h:1395:29: note: expected 'long unsigned int' but argument is of type 'volatile struct DSI_VFP_NL_REG *'
 static inline unsigned long disp_addr_convert(unsigned long va) 
                             ^
/home/satory-ra/Android/kernel/android_kernel_oukitel_orange/drivers/misc/mediatek/dispsys/mt6735/mt6735m/ddp_reg.h:1413:3: warning: passing argument 2 of 'dprec_reg_op' makes integer from pointer without a cast
   dprec_reg_op(handle, reg32, val, mask);\
   ^
drivers/misc/mediatek/dispsys/mt6735/ddp_dsi.c:58:145: note: in expansion of macro 'DISP_REG_MASK'
   if(cmdq)  {*(unsigned int*)(&r) = ((unsigned int)0x00000000);r.bit = ~(r.bit);*(unsigned int*)(&v) = ((unsigned int)0x00000000);v.bit = value;DISP_REG_MASK(cmdq, &REG, AS_UINT32(&v), AS_UINT32(&r));}  \
                                                                                                                                                 ^
drivers/misc/mediatek/dispsys/mt6735/ddp_dsi.c:4193:4: note: in expansion of macro 'DSI_OUTREGBIT'
    DSI_OUTREGBIT(NULL, DSI_VBP_NL_REG, DSI_REG[0]->DSI_VBP_NL,VBP_NL,timing.value);
    ^
In file included from /home/satory-ra/Android/kernel/android_kernel_oukitel_orange/drivers/misc/mediatek/videox/mt6735/disp_drv_log.h:3:0,
                 from drivers/misc/mediatek/dispsys/mt6735/ddp_dsi.c:8:
/home/satory-ra/Android/kernel/android_kernel_oukitel_orange/drivers/misc/mediatek/dispsys/mt6735/display_recorder.h:136:6: note: expected 'unsigned int' but argument is of type 'volatile struct DSI_VBP_NL_REG *'
 void dprec_reg_op(void* cmdq, unsigned int reg, unsigned int val, unsigned int mask);
      ^
In file included from drivers/misc/mediatek/dispsys/mt6735/ddp_dsi.c:31:0:
/home/satory-ra/Android/kernel/android_kernel_oukitel_orange/drivers/misc/mediatek/dispsys/mt6735/mt6735m/ddp_reg.h:1420:25: warning: passing argument 1 of 'disp_addr_convert' makes integer from pointer without a cast
    cmdqRecWrite(handle, disp_addr_convert(reg32), val, mask); \
                         ^
drivers/misc/mediatek/dispsys/mt6735/ddp_dsi.c:58:145: note: in expansion of macro 'DISP_REG_MASK'
   if(cmdq)  {*(unsigned int*)(&r) = ((unsigned int)0x00000000);r.bit = ~(r.bit);*(unsigned int*)(&v) = ((unsigned int)0x00000000);v.bit = value;DISP_REG_MASK(cmdq, &REG, AS_UINT32(&v), AS_UINT32(&r));}  \
                                                                                                                                                 ^
drivers/misc/mediatek/dispsys/mt6735/ddp_dsi.c:4193:4: note: in expansion of macro 'DSI_OUTREGBIT'
    DSI_OUTREGBIT(NULL, DSI_VBP_NL_REG, DSI_REG[0]->DSI_VBP_NL,VBP_NL,timing.value);
    ^
/home/satory-ra/Android/kernel/android_kernel_oukitel_orange/drivers/misc/mediatek/dispsys/mt6735/mt6735m/ddp_reg.h:1395:29: note: expected 'long unsigned int' but argument is of type 'volatile struct DSI_VBP_NL_REG *'
 static inline unsigned long disp_addr_convert(unsigned long va) 
                             ^
/home/satory-ra/Android/kernel/android_kernel_oukitel_orange/drivers/misc/mediatek/dispsys/mt6735/mt6735m/ddp_reg.h:1486:17: warning: passing argument 2 of 'dprec_reg_op' makes integer from pointer without a cast
                 dprec_reg_op(handle, reg32, val, 0x00000000);\
                 ^
drivers/misc/mediatek/dispsys/mt6735/ddp_dsi.c:59:63: note: in expansion of macro 'DISP_REG_SET'
   else{mt_reg_sync_writel(INREG32(&REG),&r);r.bit = (value);  DISP_REG_SET(cmdq, &REG, INREG32(&r));}    \
                                                               ^
drivers/misc/mediatek/dispsys/mt6735/ddp_dsi.c:4193:4: note: in expansion of macro 'DSI_OUTREGBIT'
    DSI_OUTREGBIT(NULL, DSI_VBP_NL_REG, DSI_REG[0]->DSI_VBP_NL,VBP_NL,timing.value);
    ^
In file included from /home/satory-ra/Android/kernel/android_kernel_oukitel_orange/drivers/misc/mediatek/videox/mt6735/disp_drv_log.h:3:0,
                 from drivers/misc/mediatek/dispsys/mt6735/ddp_dsi.c:8:
/home/satory-ra/Android/kernel/android_kernel_oukitel_orange/drivers/misc/mediatek/dispsys/mt6735/display_recorder.h:136:6: note: expected 'unsigned int' but argument is of type 'volatile struct DSI_VBP_NL_REG *'
 void dprec_reg_op(void* cmdq, unsigned int reg, unsigned int val, unsigned int mask);
      ^
In file included from drivers/misc/mediatek/dispsys/mt6735/ddp_dsi.c:31:0:
/home/satory-ra/Android/kernel/android_kernel_oukitel_orange/drivers/misc/mediatek/dispsys/mt6735/mt6735m/ddp_reg.h:1487:38: warning: passing argument 1 of 'disp_addr_convert' makes integer from pointer without a cast
                 cmdqRecWrite(handle, disp_addr_convert(reg32), val, ~0); \
                                      ^
drivers/misc/mediatek/dispsys/mt6735/ddp_dsi.c:59:63: note: in expansion of macro 'DISP_REG_SET'
   else{mt_reg_sync_writel(INREG32(&REG),&r);r.bit = (value);  DISP_REG_SET(cmdq, &REG, INREG32(&r));}    \
                                                               ^
drivers/misc/mediatek/dispsys/mt6735/ddp_dsi.c:4193:4: note: in expansion of macro 'DSI_OUTREGBIT'
    DSI_OUTREGBIT(NULL, DSI_VBP_NL_REG, DSI_REG[0]->DSI_VBP_NL,VBP_NL,timing.value);
    ^
/home/satory-ra/Android/kernel/android_kernel_oukitel_orange/drivers/misc/mediatek/dispsys/mt6735/mt6735m/ddp_reg.h:1395:29: note: expected 'long unsigned int' but argument is of type 'volatile struct DSI_VBP_NL_REG *'
 static inline unsigned long disp_addr_convert(unsigned long va) 
                             ^
  CC      drivers/misc/mediatek/connectivity/conn_soc/drv_wlan/mt_wifi/wlan/mgmt/p2p_rlm.o
/home/satory-ra/Android/kernel/android_kernel_oukitel_orange/drivers/misc/mediatek/dispsys/mt6735/mt6735m/ddp_reg.h:1413:3: warning: passing argument 2 of 'dprec_reg_op' makes integer from pointer without a cast
   dprec_reg_op(handle, reg32, val, mask);\
   ^
drivers/misc/mediatek/dispsys/mt6735/ddp_dsi.c:58:145: note: in expansion of macro 'DISP_REG_MASK'
   if(cmdq)  {*(unsigned int*)(&r) = ((unsigned int)0x00000000);r.bit = ~(r.bit);*(unsigned int*)(&v) = ((unsigned int)0x00000000);v.bit = value;DISP_REG_MASK(cmdq, &REG, AS_UINT32(&v), AS_UINT32(&r));}  \
                                                                                                                                                 ^
drivers/misc/mediatek/dispsys/mt6735/ddp_dsi.c:4196:4: note: in expansion of macro 'DSI_OUTREGBIT'
    DSI_OUTREGBIT(NULL, DSI_VBP_NL_REG, DSI_REG[1]->DSI_VBP_NL,VBP_NL,timing.value);
    ^
In file included from /home/satory-ra/Android/kernel/android_kernel_oukitel_orange/drivers/misc/mediatek/videox/mt6735/disp_drv_log.h:3:0,
                 from drivers/misc/mediatek/dispsys/mt6735/ddp_dsi.c:8:
/home/satory-ra/Android/kernel/android_kernel_oukitel_orange/drivers/misc/mediatek/dispsys/mt6735/display_recorder.h:136:6: note: expected 'unsigned int' but argument is of type 'volatile struct DSI_VBP_NL_REG *'
 void dprec_reg_op(void* cmdq, unsigned int reg, unsigned int val, unsigned int mask);
      ^
In file included from drivers/misc/mediatek/dispsys/mt6735/ddp_dsi.c:31:0:
/home/satory-ra/Android/kernel/android_kernel_oukitel_orange/drivers/misc/mediatek/dispsys/mt6735/mt6735m/ddp_reg.h:1420:25: warning: passing argument 1 of 'disp_addr_convert' makes integer from pointer without a cast
    cmdqRecWrite(handle, disp_addr_convert(reg32), val, mask); \
                         ^
drivers/misc/mediatek/dispsys/mt6735/ddp_dsi.c:58:145: note: in expansion of macro 'DISP_REG_MASK'
   if(cmdq)  {*(unsigned int*)(&r) = ((unsigned int)0x00000000);r.bit = ~(r.bit);*(unsigned int*)(&v) = ((unsigned int)0x00000000);v.bit = value;DISP_REG_MASK(cmdq, &REG, AS_UINT32(&v), AS_UINT32(&r));}  \
                                                                                                                                                 ^
drivers/misc/mediatek/dispsys/mt6735/ddp_dsi.c:4196:4: note: in expansion of macro 'DSI_OUTREGBIT'
    DSI_OUTREGBIT(NULL, DSI_VBP_NL_REG, DSI_REG[1]->DSI_VBP_NL,VBP_NL,timing.value);
    ^
/home/satory-ra/Android/kernel/android_kernel_oukitel_orange/drivers/misc/mediatek/dispsys/mt6735/mt6735m/ddp_reg.h:1395:29: note: expected 'long unsigned int' but argument is of type 'volatile struct DSI_VBP_NL_REG *'
 static inline unsigned long disp_addr_convert(unsigned long va) 
                             ^
/home/satory-ra/Android/kernel/android_kernel_oukitel_orange/drivers/misc/mediatek/dispsys/mt6735/mt6735m/ddp_reg.h:1486:17: warning: passing argument 2 of 'dprec_reg_op' makes integer from pointer without a cast
                 dprec_reg_op(handle, reg32, val, 0x00000000);\
                 ^
drivers/misc/mediatek/dispsys/mt6735/ddp_dsi.c:59:63: note: in expansion of macro 'DISP_REG_SET'
   else{mt_reg_sync_writel(INREG32(&REG),&r);r.bit = (value);  DISP_REG_SET(cmdq, &REG, INREG32(&r));}    \
                                                               ^
drivers/misc/mediatek/dispsys/mt6735/ddp_dsi.c:4196:4: note: in expansion of macro 'DSI_OUTREGBIT'
    DSI_OUTREGBIT(NULL, DSI_VBP_NL_REG, DSI_REG[1]->DSI_VBP_NL,VBP_NL,timing.value);
    ^
In file included from /home/satory-ra/Android/kernel/android_kernel_oukitel_orange/drivers/misc/mediatek/videox/mt6735/disp_drv_log.h:3:0,
                 from drivers/misc/mediatek/dispsys/mt6735/ddp_dsi.c:8:
/home/satory-ra/Android/kernel/android_kernel_oukitel_orange/drivers/misc/mediatek/dispsys/mt6735/display_recorder.h:136:6: note: expected 'unsigned int' but argument is of type 'volatile struct DSI_VBP_NL_REG *'
 void dprec_reg_op(void* cmdq, unsigned int reg, unsigned int val, unsigned int mask);
      ^
In file included from drivers/misc/mediatek/dispsys/mt6735/ddp_dsi.c:31:0:
/home/satory-ra/Android/kernel/android_kernel_oukitel_orange/drivers/misc/mediatek/dispsys/mt6735/mt6735m/ddp_reg.h:1487:38: warning: passing argument 1 of 'disp_addr_convert' makes integer from pointer without a cast
                 cmdqRecWrite(handle, disp_addr_convert(reg32), val, ~0); \
                                      ^
drivers/misc/mediatek/dispsys/mt6735/ddp_dsi.c:59:63: note: in expansion of macro 'DISP_REG_SET'
   else{mt_reg_sync_writel(INREG32(&REG),&r);r.bit = (value);  DISP_REG_SET(cmdq, &REG, INREG32(&r));}    \
                                                               ^
drivers/misc/mediatek/dispsys/mt6735/ddp_dsi.c:4196:4: note: in expansion of macro 'DSI_OUTREGBIT'
    DSI_OUTREGBIT(NULL, DSI_VBP_NL_REG, DSI_REG[1]->DSI_VBP_NL,VBP_NL,timing.value);
    ^
/home/satory-ra/Android/kernel/android_kernel_oukitel_orange/drivers/misc/mediatek/dispsys/mt6735/mt6735m/ddp_reg.h:1395:29: note: expected 'long unsigned int' but argument is of type 'volatile struct DSI_VBP_NL_REG *'
 static inline unsigned long disp_addr_convert(unsigned long va) 
                             ^
/home/satory-ra/Android/kernel/android_kernel_oukitel_orange/drivers/misc/mediatek/dispsys/mt6735/mt6735m/ddp_reg.h:1413:3: warning: passing argument 2 of 'dprec_reg_op' makes integer from pointer without a cast
   dprec_reg_op(handle, reg32, val, mask);\
   ^
drivers/misc/mediatek/dispsys/mt6735/ddp_dsi.c:58:145: note: in expansion of macro 'DISP_REG_MASK'
   if(cmdq)  {*(unsigned int*)(&r) = ((unsigned int)0x00000000);r.bit = ~(r.bit);*(unsigned int*)(&v) = ((unsigned int)0x00000000);v.bit = value;DISP_REG_MASK(cmdq, &REG, AS_UINT32(&v), AS_UINT32(&r));}  \
                                                                                                                                                 ^
drivers/misc/mediatek/dispsys/mt6735/ddp_dsi.c:4199:4: note: in expansion of macro 'DSI_OUTREGBIT'
    DSI_OUTREGBIT(NULL, DSI_VBP_NL_REG, DSI_REG[0]->DSI_VBP_NL,VBP_NL,timing.value);
    ^
In file included from /home/satory-ra/Android/kernel/android_kernel_oukitel_orange/drivers/misc/mediatek/videox/mt6735/disp_drv_log.h:3:0,
                 from drivers/misc/mediatek/dispsys/mt6735/ddp_dsi.c:8:
/home/satory-ra/Android/kernel/android_kernel_oukitel_orange/drivers/misc/mediatek/dispsys/mt6735/display_recorder.h:136:6: note: expected 'unsigned int' but argument is of type 'volatile struct DSI_VBP_NL_REG *'
 void dprec_reg_op(void* cmdq, unsigned int reg, unsigned int val, unsigned int mask);
      ^
In file included from drivers/misc/mediatek/dispsys/mt6735/ddp_dsi.c:31:0:
/home/satory-ra/Android/kernel/android_kernel_oukitel_orange/drivers/misc/mediatek/dispsys/mt6735/mt6735m/ddp_reg.h:1420:25: warning: passing argument 1 of 'disp_addr_convert' makes integer from pointer without a cast
    cmdqRecWrite(handle, disp_addr_convert(reg32), val, mask); \
                         ^
drivers/misc/mediatek/dispsys/mt6735/ddp_dsi.c:58:145: note: in expansion of macro 'DISP_REG_MASK'
   if(cmdq)  {*(unsigned int*)(&r) = ((unsigned int)0x00000000);r.bit = ~(r.bit);*(unsigned int*)(&v) = ((unsigned int)0x00000000);v.bit = value;DISP_REG_MASK(cmdq, &REG, AS_UINT32(&v), AS_UINT32(&r));}  \
                                                                                                                                                 ^
drivers/misc/mediatek/dispsys/mt6735/ddp_dsi.c:4199:4: note: in expansion of macro 'DSI_OUTREGBIT'
    DSI_OUTREGBIT(NULL, DSI_VBP_NL_REG, DSI_REG[0]->DSI_VBP_NL,VBP_NL,timing.value);
    ^
/home/satory-ra/Android/kernel/android_kernel_oukitel_orange/drivers/misc/mediatek/dispsys/mt6735/mt6735m/ddp_reg.h:1395:29: note: expected 'long unsigned int' but argument is of type 'volatile struct DSI_VBP_NL_REG *'
 static inline unsigned long disp_addr_convert(unsigned long va) 
                             ^
/home/satory-ra/Android/kernel/android_kernel_oukitel_orange/drivers/misc/mediatek/dispsys/mt6735/mt6735m/ddp_reg.h:1486:17: warning: passing argument 2 of 'dprec_reg_op' makes integer from pointer without a cast
                 dprec_reg_op(handle, reg32, val, 0x00000000);\
                 ^
drivers/misc/mediatek/dispsys/mt6735/ddp_dsi.c:59:63: note: in expansion of macro 'DISP_REG_SET'
   else{mt_reg_sync_writel(INREG32(&REG),&r);r.bit = (value);  DISP_REG_SET(cmdq, &REG, INREG32(&r));}    \
                                                               ^
drivers/misc/mediatek/dispsys/mt6735/ddp_dsi.c:4199:4: note: in expansion of macro 'DSI_OUTREGBIT'
    DSI_OUTREGBIT(NULL, DSI_VBP_NL_REG, DSI_REG[0]->DSI_VBP_NL,VBP_NL,timing.value);
    ^
In file included from /home/satory-ra/Android/kernel/android_kernel_oukitel_orange/drivers/misc/mediatek/videox/mt6735/disp_drv_log.h:3:0,
                 from drivers/misc/mediatek/dispsys/mt6735/ddp_dsi.c:8:
/home/satory-ra/Android/kernel/android_kernel_oukitel_orange/drivers/misc/mediatek/dispsys/mt6735/display_recorder.h:136:6: note: expected 'unsigned int' but argument is of type 'volatile struct DSI_VBP_NL_REG *'
 void dprec_reg_op(void* cmdq, unsigned int reg, unsigned int val, unsigned int mask);
      ^
In file included from drivers/misc/mediatek/dispsys/mt6735/ddp_dsi.c:31:0:
/home/satory-ra/Android/kernel/android_kernel_oukitel_orange/drivers/misc/mediatek/dispsys/mt6735/mt6735m/ddp_reg.h:1487:38: warning: passing argument 1 of 'disp_addr_convert' makes integer from pointer without a cast
                 cmdqRecWrite(handle, disp_addr_convert(reg32), val, ~0); \
                                      ^
drivers/misc/mediatek/dispsys/mt6735/ddp_dsi.c:59:63: note: in expansion of macro 'DISP_REG_SET'
   else{mt_reg_sync_writel(INREG32(&REG),&r);r.bit = (value);  DISP_REG_SET(cmdq, &REG, INREG32(&r));}    \
                                                               ^
drivers/misc/mediatek/dispsys/mt6735/ddp_dsi.c:4199:4: note: in expansion of macro 'DSI_OUTREGBIT'
    DSI_OUTREGBIT(NULL, DSI_VBP_NL_REG, DSI_REG[0]->DSI_VBP_NL,VBP_NL,timing.value);
    ^
/home/satory-ra/Android/kernel/android_kernel_oukitel_orange/drivers/misc/mediatek/dispsys/mt6735/mt6735m/ddp_reg.h:1395:29: note: expected 'long unsigned int' but argument is of type 'volatile struct DSI_VBP_NL_REG *'
 static inline unsigned long disp_addr_convert(unsigned long va) 
                             ^
/home/satory-ra/Android/kernel/android_kernel_oukitel_orange/drivers/misc/mediatek/dispsys/mt6735/mt6735m/ddp_reg.h:1413:3: warning: passing argument 2 of 'dprec_reg_op' makes integer from pointer without a cast
   dprec_reg_op(handle, reg32, val, mask);\
   ^
drivers/misc/mediatek/dispsys/mt6735/ddp_dsi.c:58:145: note: in expansion of macro 'DISP_REG_MASK'
   if(cmdq)  {*(unsigned int*)(&r) = ((unsigned int)0x00000000);r.bit = ~(r.bit);*(unsigned int*)(&v) = ((unsigned int)0x00000000);v.bit = value;DISP_REG_MASK(cmdq, &REG, AS_UINT32(&v), AS_UINT32(&r));}  \
                                                                                                                                                 ^
drivers/misc/mediatek/dispsys/mt6735/ddp_dsi.c:4200:4: note: in expansion of macro 'DSI_OUTREGBIT'
    DSI_OUTREGBIT(NULL, DSI_VBP_NL_REG, DSI_REG[1]->DSI_VBP_NL,VBP_NL,timing.value);
    ^
In file included from /home/satory-ra/Android/kernel/android_kernel_oukitel_orange/drivers/misc/mediatek/videox/mt6735/disp_drv_log.h:3:0,
                 from drivers/misc/mediatek/dispsys/mt6735/ddp_dsi.c:8:
/home/satory-ra/Android/kernel/android_kernel_oukitel_orange/drivers/misc/mediatek/dispsys/mt6735/display_recorder.h:136:6: note: expected 'unsigned int' but argument is of type 'volatile struct DSI_VBP_NL_REG *'
 void dprec_reg_op(void* cmdq, unsigned int reg, unsigned int val, unsigned int mask);
      ^
In file included from drivers/misc/mediatek/dispsys/mt6735/ddp_dsi.c:31:0:
/home/satory-ra/Android/kernel/android_kernel_oukitel_orange/drivers/misc/mediatek/dispsys/mt6735/mt6735m/ddp_reg.h:1420:25: warning: passing argument 1 of 'disp_addr_convert' makes integer from pointer without a cast
    cmdqRecWrite(handle, disp_addr_convert(reg32), val, mask); \
                         ^
drivers/misc/mediatek/dispsys/mt6735/ddp_dsi.c:58:145: note: in expansion of macro 'DISP_REG_MASK'
   if(cmdq)  {*(unsigned int*)(&r) = ((unsigned int)0x00000000);r.bit = ~(r.bit);*(unsigned int*)(&v) = ((unsigned int)0x00000000);v.bit = value;DISP_REG_MASK(cmdq, &REG, AS_UINT32(&v), AS_UINT32(&r));}  \
                                                                                                                                                 ^
drivers/misc/mediatek/dispsys/mt6735/ddp_dsi.c:4200:4: note: in expansion of macro 'DSI_OUTREGBIT'
    DSI_OUTREGBIT(NULL, DSI_VBP_NL_REG, DSI_REG[1]->DSI_VBP_NL,VBP_NL,timing.value);
    ^
/home/satory-ra/Android/kernel/android_kernel_oukitel_orange/drivers/misc/mediatek/dispsys/mt6735/mt6735m/ddp_reg.h:1395:29: note: expected 'long unsigned int' but argument is of type 'volatile struct DSI_VBP_NL_REG *'
 static inline unsigned long disp_addr_convert(unsigned long va) 
                             ^
/home/satory-ra/Android/kernel/android_kernel_oukitel_orange/drivers/misc/mediatek/dispsys/mt6735/mt6735m/ddp_reg.h:1486:17: warning: passing argument 2 of 'dprec_reg_op' makes integer from pointer without a cast
                 dprec_reg_op(handle, reg32, val, 0x00000000);\
                 ^
drivers/misc/mediatek/dispsys/mt6735/ddp_dsi.c:59:63: note: in expansion of macro 'DISP_REG_SET'
   else{mt_reg_sync_writel(INREG32(&REG),&r);r.bit = (value);  DISP_REG_SET(cmdq, &REG, INREG32(&r));}    \
                                                               ^
drivers/misc/mediatek/dispsys/mt6735/ddp_dsi.c:4200:4: note: in expansion of macro 'DSI_OUTREGBIT'
    DSI_OUTREGBIT(NULL, DSI_VBP_NL_REG, DSI_REG[1]->DSI_VBP_NL,VBP_NL,timing.value);
    ^
In file included from /home/satory-ra/Android/kernel/android_kernel_oukitel_orange/drivers/misc/mediatek/videox/mt6735/disp_drv_log.h:3:0,
                 from drivers/misc/mediatek/dispsys/mt6735/ddp_dsi.c:8:
/home/satory-ra/Android/kernel/android_kernel_oukitel_orange/drivers/misc/mediatek/dispsys/mt6735/display_recorder.h:136:6: note: expected 'unsigned int' but argument is of type 'volatile struct DSI_VBP_NL_REG *'
 void dprec_reg_op(void* cmdq, unsigned int reg, unsigned int val, unsigned int mask);
      ^
In file included from drivers/misc/mediatek/dispsys/mt6735/ddp_dsi.c:31:0:
/home/satory-ra/Android/kernel/android_kernel_oukitel_orange/drivers/misc/mediatek/dispsys/mt6735/mt6735m/ddp_reg.h:1487:38: warning: passing argument 1 of 'disp_addr_convert' makes integer from pointer without a cast
                 cmdqRecWrite(handle, disp_addr_convert(reg32), val, ~0); \
                                      ^
drivers/misc/mediatek/dispsys/mt6735/ddp_dsi.c:59:63: note: in expansion of macro 'DISP_REG_SET'
   else{mt_reg_sync_writel(INREG32(&REG),&r);r.bit = (value);  DISP_REG_SET(cmdq, &REG, INREG32(&r));}    \
                                                               ^
drivers/misc/mediatek/dispsys/mt6735/ddp_dsi.c:4200:4: note: in expansion of macro 'DSI_OUTREGBIT'
    DSI_OUTREGBIT(NULL, DSI_VBP_NL_REG, DSI_REG[1]->DSI_VBP_NL,VBP_NL,timing.value);
    ^
/home/satory-ra/Android/kernel/android_kernel_oukitel_orange/drivers/misc/mediatek/dispsys/mt6735/mt6735m/ddp_reg.h:1395:29: note: expected 'long unsigned int' but argument is of type 'volatile struct DSI_VBP_NL_REG *'
 static inline unsigned long disp_addr_convert(unsigned long va) 
                             ^
drivers/misc/mediatek/dispsys/mt6735/ddp_dsi.c:3899:18: warning: unused variable 'hsa_byte' [-Wunused-variable]
  UINT32 hbp_byte,hsa_byte;
                  ^
In file included from drivers/misc/mediatek/dispsys/mt6735/ddp_dsi.c:31:0:
drivers/misc/mediatek/dispsys/mt6735/ddp_dsi.c: In function 'DSI_ssc_enable':
/home/satory-ra/Android/kernel/android_kernel_oukitel_orange/drivers/misc/mediatek/dispsys/mt6735/mt6735m/ddp_reg.h:1413:3: warning: passing argument 2 of 'dprec_reg_op' makes integer from pointer without a cast
   dprec_reg_op(handle, reg32, val, mask);\
   ^
drivers/misc/mediatek/dispsys/mt6735/ddp_dsi.c:58:145: note: in expansion of macro 'DISP_REG_MASK'
   if(cmdq)  {*(unsigned int*)(&r) = ((unsigned int)0x00000000);r.bit = ~(r.bit);*(unsigned int*)(&v) = ((unsigned int)0x00000000);v.bit = value;DISP_REG_MASK(cmdq, &REG, AS_UINT32(&v), AS_UINT32(&r));}  \
                                                                                                                                                 ^
drivers/misc/mediatek/dispsys/mt6735/ddp_dsi.c:4216:3: note: in expansion of macro 'DSI_OUTREGBIT'
   DSI_OUTREGBIT(NULL, MIPITX_DSI_PLL_CON1_REG, DSI_PHY_REG[0]->MIPITX_DSI_PLL_CON1,RG_DSI0_MPPLL_SDM_SSC_EN,en);  
   ^
In file included from /home/satory-ra/Android/kernel/android_kernel_oukitel_orange/drivers/misc/mediatek/videox/mt6735/disp_drv_log.h:3:0,
                 from drivers/misc/mediatek/dispsys/mt6735/ddp_dsi.c:8:
/home/satory-ra/Android/kernel/android_kernel_oukitel_orange/drivers/misc/mediatek/dispsys/mt6735/display_recorder.h:136:6: note: expected 'unsigned int' but argument is of type 'volatile struct MIPITX_DSI_PLL_CON1_REG *'
 void dprec_reg_op(void* cmdq, unsigned int reg, unsigned int val, unsigned int mask);
      ^
In file included from drivers/misc/mediatek/dispsys/mt6735/ddp_dsi.c:31:0:
/home/satory-ra/Android/kernel/android_kernel_oukitel_orange/drivers/misc/mediatek/dispsys/mt6735/mt6735m/ddp_reg.h:1420:25: warning: passing argument 1 of 'disp_addr_convert' makes integer from pointer without a cast
    cmdqRecWrite(handle, disp_addr_convert(reg32), val, mask); \
                         ^
drivers/misc/mediatek/dispsys/mt6735/ddp_dsi.c:58:145: note: in expansion of macro 'DISP_REG_MASK'
   if(cmdq)  {*(unsigned int*)(&r) = ((unsigned int)0x00000000);r.bit = ~(r.bit);*(unsigned int*)(&v) = ((unsigned int)0x00000000);v.bit = value;DISP_REG_MASK(cmdq, &REG, AS_UINT32(&v), AS_UINT32(&r));}  \
                                                                                                                                                 ^
drivers/misc/mediatek/dispsys/mt6735/ddp_dsi.c:4216:3: note: in expansion of macro 'DSI_OUTREGBIT'
   DSI_OUTREGBIT(NULL, MIPITX_DSI_PLL_CON1_REG, DSI_PHY_REG[0]->MIPITX_DSI_PLL_CON1,RG_DSI0_MPPLL_SDM_SSC_EN,en);  
   ^
/home/satory-ra/Android/kernel/android_kernel_oukitel_orange/drivers/misc/mediatek/dispsys/mt6735/mt6735m/ddp_reg.h:1395:29: note: expected 'long unsigned int' but argument is of type 'volatile struct MIPITX_DSI_PLL_CON1_REG *'
 static inline unsigned long disp_addr_convert(unsigned long va) 
                             ^
/home/satory-ra/Android/kernel/android_kernel_oukitel_orange/drivers/misc/mediatek/dispsys/mt6735/mt6735m/ddp_reg.h:1486:17: warning: passing argument 2 of 'dprec_reg_op' makes integer from pointer without a cast
                 dprec_reg_op(handle, reg32, val, 0x00000000);\
                 ^
drivers/misc/mediatek/dispsys/mt6735/ddp_dsi.c:59:63: note: in expansion of macro 'DISP_REG_SET'
   else{mt_reg_sync_writel(INREG32(&REG),&r);r.bit = (value);  DISP_REG_SET(cmdq, &REG, INREG32(&r));}    \
                                                               ^
drivers/misc/mediatek/dispsys/mt6735/ddp_dsi.c:4216:3: note: in expansion of macro 'DSI_OUTREGBIT'
   DSI_OUTREGBIT(NULL, MIPITX_DSI_PLL_CON1_REG, DSI_PHY_REG[0]->MIPITX_DSI_PLL_CON1,RG_DSI0_MPPLL_SDM_SSC_EN,en);  
   ^
In file included from /home/satory-ra/Android/kernel/android_kernel_oukitel_orange/drivers/misc/mediatek/videox/mt6735/disp_drv_log.h:3:0,
                 from drivers/misc/mediatek/dispsys/mt6735/ddp_dsi.c:8:
/home/satory-ra/Android/kernel/android_kernel_oukitel_orange/drivers/misc/mediatek/dispsys/mt6735/display_recorder.h:136:6: note: expected 'unsigned int' but argument is of type 'volatile struct MIPITX_DSI_PLL_CON1_REG *'
 void dprec_reg_op(void* cmdq, unsigned int reg, unsigned int val, unsigned int mask);
      ^
In file included from drivers/misc/mediatek/dispsys/mt6735/ddp_dsi.c:31:0:
/home/satory-ra/Android/kernel/android_kernel_oukitel_orange/drivers/misc/mediatek/dispsys/mt6735/mt6735m/ddp_reg.h:1487:38: warning: passing argument 1 of 'disp_addr_convert' makes integer from pointer without a cast
                 cmdqRecWrite(handle, disp_addr_convert(reg32), val, ~0); \
                                      ^
drivers/misc/mediatek/dispsys/mt6735/ddp_dsi.c:59:63: note: in expansion of macro 'DISP_REG_SET'
   else{mt_reg_sync_writel(INREG32(&REG),&r);r.bit = (value);  DISP_REG_SET(cmdq, &REG, INREG32(&r));}    \
                                                               ^
drivers/misc/mediatek/dispsys/mt6735/ddp_dsi.c:4216:3: note: in expansion of macro 'DSI_OUTREGBIT'
   DSI_OUTREGBIT(NULL, MIPITX_DSI_PLL_CON1_REG, DSI_PHY_REG[0]->MIPITX_DSI_PLL_CON1,RG_DSI0_MPPLL_SDM_SSC_EN,en);  
   ^
/home/satory-ra/Android/kernel/android_kernel_oukitel_orange/drivers/misc/mediatek/dispsys/mt6735/mt6735m/ddp_reg.h:1395:29: note: expected 'long unsigned int' but argument is of type 'volatile struct MIPITX_DSI_PLL_CON1_REG *'
 static inline unsigned long disp_addr_convert(unsigned long va) 
                             ^
/home/satory-ra/Android/kernel/android_kernel_oukitel_orange/drivers/misc/mediatek/dispsys/mt6735/mt6735m/ddp_reg.h:1413:3: warning: passing argument 2 of 'dprec_reg_op' makes integer from pointer without a cast
   dprec_reg_op(handle, reg32, val, mask);\
   ^
drivers/misc/mediatek/dispsys/mt6735/ddp_dsi.c:58:145: note: in expansion of macro 'DISP_REG_MASK'
   if(cmdq)  {*(unsigned int*)(&r) = ((unsigned int)0x00000000);r.bit = ~(r.bit);*(unsigned int*)(&v) = ((unsigned int)0x00000000);v.bit = value;DISP_REG_MASK(cmdq, &REG, AS_UINT32(&v), AS_UINT32(&r));}  \
                                                                                                                                                 ^
drivers/misc/mediatek/dispsys/mt6735/ddp_dsi.c:4220:3: note: in expansion of macro 'DSI_OUTREGBIT'
   DSI_OUTREGBIT(NULL, MIPITX_DSI_PLL_CON1_REG, DSI_PHY_REG[1]->MIPITX_DSI_PLL_CON1,RG_DSI0_MPPLL_SDM_SSC_EN,en);
   ^
In file included from /home/satory-ra/Android/kernel/android_kernel_oukitel_orange/drivers/misc/mediatek/videox/mt6735/disp_drv_log.h:3:0,
                 from drivers/misc/mediatek/dispsys/mt6735/ddp_dsi.c:8:
/home/satory-ra/Android/kernel/android_kernel_oukitel_orange/drivers/misc/mediatek/dispsys/mt6735/display_recorder.h:136:6: note: expected 'unsigned int' but argument is of type 'volatile struct MIPITX_DSI_PLL_CON1_REG *'
 void dprec_reg_op(void* cmdq, unsigned int reg, unsigned int val, unsigned int mask);
      ^
In file included from drivers/misc/mediatek/dispsys/mt6735/ddp_dsi.c:31:0:
/home/satory-ra/Android/kernel/android_kernel_oukitel_orange/drivers/misc/mediatek/dispsys/mt6735/mt6735m/ddp_reg.h:1420:25: warning: passing argument 1 of 'disp_addr_convert' makes integer from pointer without a cast
    cmdqRecWrite(handle, disp_addr_convert(reg32), val, mask); \
                         ^
drivers/misc/mediatek/dispsys/mt6735/ddp_dsi.c:58:145: note: in expansion of macro 'DISP_REG_MASK'
   if(cmdq)  {*(unsigned int*)(&r) = ((unsigned int)0x00000000);r.bit = ~(r.bit);*(unsigned int*)(&v) = ((unsigned int)0x00000000);v.bit = value;DISP_REG_MASK(cmdq, &REG, AS_UINT32(&v), AS_UINT32(&r));}  \
                                                                                                                                                 ^
drivers/misc/mediatek/dispsys/mt6735/ddp_dsi.c:4220:3: note: in expansion of macro 'DSI_OUTREGBIT'
   DSI_OUTREGBIT(NULL, MIPITX_DSI_PLL_CON1_REG, DSI_PHY_REG[1]->MIPITX_DSI_PLL_CON1,RG_DSI0_MPPLL_SDM_SSC_EN,en);
   ^
/home/satory-ra/Android/kernel/android_kernel_oukitel_orange/drivers/misc/mediatek/dispsys/mt6735/mt6735m/ddp_reg.h:1395:29: note: expected 'long unsigned int' but argument is of type 'volatile struct MIPITX_DSI_PLL_CON1_REG *'
 static inline unsigned long disp_addr_convert(unsigned long va) 
                             ^
/home/satory-ra/Android/kernel/android_kernel_oukitel_orange/drivers/misc/mediatek/dispsys/mt6735/mt6735m/ddp_reg.h:1486:17: warning: passing argument 2 of 'dprec_reg_op' makes integer from pointer without a cast
                 dprec_reg_op(handle, reg32, val, 0x00000000);\
                 ^
drivers/misc/mediatek/dispsys/mt6735/ddp_dsi.c:59:63: note: in expansion of macro 'DISP_REG_SET'
   else{mt_reg_sync_writel(INREG32(&REG),&r);r.bit = (value);  DISP_REG_SET(cmdq, &REG, INREG32(&r));}    \
                                                               ^
drivers/misc/mediatek/dispsys/mt6735/ddp_dsi.c:4220:3: note: in expansion of macro 'DSI_OUTREGBIT'
   DSI_OUTREGBIT(NULL, MIPITX_DSI_PLL_CON1_REG, DSI_PHY_REG[1]->MIPITX_DSI_PLL_CON1,RG_DSI0_MPPLL_SDM_SSC_EN,en);
   ^
In file included from /home/satory-ra/Android/kernel/android_kernel_oukitel_orange/drivers/misc/mediatek/videox/mt6735/disp_drv_log.h:3:0,
                 from drivers/misc/mediatek/dispsys/mt6735/ddp_dsi.c:8:
/home/satory-ra/Android/kernel/android_kernel_oukitel_orange/drivers/misc/mediatek/dispsys/mt6735/display_recorder.h:136:6: note: expected 'unsigned int' but argument is of type 'volatile struct MIPITX_DSI_PLL_CON1_REG *'
 void dprec_reg_op(void* cmdq, unsigned int reg, unsigned int val, unsigned int mask);
      ^
In file included from drivers/misc/mediatek/dispsys/mt6735/ddp_dsi.c:31:0:
/home/satory-ra/Android/kernel/android_kernel_oukitel_orange/drivers/misc/mediatek/dispsys/mt6735/mt6735m/ddp_reg.h:1487:38: warning: passing argument 1 of 'disp_addr_convert' makes integer from pointer without a cast
                 cmdqRecWrite(handle, disp_addr_convert(reg32), val, ~0); \
                                      ^
drivers/misc/mediatek/dispsys/mt6735/ddp_dsi.c:59:63: note: in expansion of macro 'DISP_REG_SET'
   else{mt_reg_sync_writel(INREG32(&REG),&r);r.bit = (value);  DISP_REG_SET(cmdq, &REG, INREG32(&r));}    \
                                                               ^
drivers/misc/mediatek/dispsys/mt6735/ddp_dsi.c:4220:3: note: in expansion of macro 'DSI_OUTREGBIT'
   DSI_OUTREGBIT(NULL, MIPITX_DSI_PLL_CON1_REG, DSI_PHY_REG[1]->MIPITX_DSI_PLL_CON1,RG_DSI0_MPPLL_SDM_SSC_EN,en);
   ^
/home/satory-ra/Android/kernel/android_kernel_oukitel_orange/drivers/misc/mediatek/dispsys/mt6735/mt6735m/ddp_reg.h:1395:29: note: expected 'long unsigned int' but argument is of type 'volatile struct MIPITX_DSI_PLL_CON1_REG *'
 static inline unsigned long disp_addr_convert(unsigned long va) 
                             ^
/home/satory-ra/Android/kernel/android_kernel_oukitel_orange/drivers/misc/mediatek/dispsys/mt6735/mt6735m/ddp_reg.h:1413:3: warning: passing argument 2 of 'dprec_reg_op' makes integer from pointer without a cast
   dprec_reg_op(handle, reg32, val, mask);\
   ^
drivers/misc/mediatek/dispsys/mt6735/ddp_dsi.c:58:145: note: in expansion of macro 'DISP_REG_MASK'
   if(cmdq)  {*(unsigned int*)(&r) = ((unsigned int)0x00000000);r.bit = ~(r.bit);*(unsigned int*)(&v) = ((unsigned int)0x00000000);v.bit = value;DISP_REG_MASK(cmdq, &REG, AS_UINT32(&v), AS_UINT32(&r));}  \
                                                                                                                                                 ^
drivers/misc/mediatek/dispsys/mt6735/ddp_dsi.c:4224:3: note: in expansion of macro 'DSI_OUTREGBIT'
   DSI_OUTREGBIT(NULL, MIPITX_DSI_PLL_CON1_REG, DSI_PHY_REG[0]->MIPITX_DSI_PLL_CON1,RG_DSI0_MPPLL_SDM_SSC_EN,en);
   ^
In file included from /home/satory-ra/Android/kernel/android_kernel_oukitel_orange/drivers/misc/mediatek/videox/mt6735/disp_drv_log.h:3:0,
                 from drivers/misc/mediatek/dispsys/mt6735/ddp_dsi.c:8:
/home/satory-ra/Android/kernel/android_kernel_oukitel_orange/drivers/misc/mediatek/dispsys/mt6735/display_recorder.h:136:6: note: expected 'unsigned int' but argument is of type 'volatile struct MIPITX_DSI_PLL_CON1_REG *'
 void dprec_reg_op(void* cmdq, unsigned int reg, unsigned int val, unsigned int mask);
      ^
In file included from drivers/misc/mediatek/dispsys/mt6735/ddp_dsi.c:31:0:
/home/satory-ra/Android/kernel/android_kernel_oukitel_orange/drivers/misc/mediatek/dispsys/mt6735/mt6735m/ddp_reg.h:1420:25: warning: passing argument 1 of 'disp_addr_convert' makes integer from pointer without a cast
    cmdqRecWrite(handle, disp_addr_convert(reg32), val, mask); \
                         ^
drivers/misc/mediatek/dispsys/mt6735/ddp_dsi.c:58:145: note: in expansion of macro 'DISP_REG_MASK'
   if(cmdq)  {*(unsigned int*)(&r) = ((unsigned int)0x00000000);r.bit = ~(r.bit);*(unsigned int*)(&v) = ((unsigned int)0x00000000);v.bit = value;DISP_REG_MASK(cmdq, &REG, AS_UINT32(&v), AS_UINT32(&r));}  \
                                                                                                                                                 ^
drivers/misc/mediatek/dispsys/mt6735/ddp_dsi.c:4224:3: note: in expansion of macro 'DSI_OUTREGBIT'
   DSI_OUTREGBIT(NULL, MIPITX_DSI_PLL_CON1_REG, DSI_PHY_REG[0]->MIPITX_DSI_PLL_CON1,RG_DSI0_MPPLL_SDM_SSC_EN,en);
   ^
/home/satory-ra/Android/kernel/android_kernel_oukitel_orange/drivers/misc/mediatek/dispsys/mt6735/mt6735m/ddp_reg.h:1395:29: note: expected 'long unsigned int' but argument is of type 'volatile struct MIPITX_DSI_PLL_CON1_REG *'
 static inline unsigned long disp_addr_convert(unsigned long va) 
                             ^
/home/satory-ra/Android/kernel/android_kernel_oukitel_orange/drivers/misc/mediatek/dispsys/mt6735/mt6735m/ddp_reg.h:1486:17: warning: passing argument 2 of 'dprec_reg_op' makes integer from pointer without a cast
                 dprec_reg_op(handle, reg32, val, 0x00000000);\
                 ^
drivers/misc/mediatek/dispsys/mt6735/ddp_dsi.c:59:63: note: in expansion of macro 'DISP_REG_SET'
   else{mt_reg_sync_writel(INREG32(&REG),&r);r.bit = (value);  DISP_REG_SET(cmdq, &REG, INREG32(&r));}    \
                                                               ^
drivers/misc/mediatek/dispsys/mt6735/ddp_dsi.c:4224:3: note: in expansion of macro 'DSI_OUTREGBIT'
   DSI_OUTREGBIT(NULL, MIPITX_DSI_PLL_CON1_REG, DSI_PHY_REG[0]->MIPITX_DSI_PLL_CON1,RG_DSI0_MPPLL_SDM_SSC_EN,en);
   ^
In file included from /home/satory-ra/Android/kernel/android_kernel_oukitel_orange/drivers/misc/mediatek/videox/mt6735/disp_drv_log.h:3:0,
                 from drivers/misc/mediatek/dispsys/mt6735/ddp_dsi.c:8:
/home/satory-ra/Android/kernel/android_kernel_oukitel_orange/drivers/misc/mediatek/dispsys/mt6735/display_recorder.h:136:6: note: expected 'unsigned int' but argument is of type 'volatile struct MIPITX_DSI_PLL_CON1_REG *'
 void dprec_reg_op(void* cmdq, unsigned int reg, unsigned int val, unsigned int mask);
      ^
In file included from drivers/misc/mediatek/dispsys/mt6735/ddp_dsi.c:31:0:
/home/satory-ra/Android/kernel/android_kernel_oukitel_orange/drivers/misc/mediatek/dispsys/mt6735/mt6735m/ddp_reg.h:1487:38: warning: passing argument 1 of 'disp_addr_convert' makes integer from pointer without a cast
                 cmdqRecWrite(handle, disp_addr_convert(reg32), val, ~0); \
                                      ^
drivers/misc/mediatek/dispsys/mt6735/ddp_dsi.c:59:63: note: in expansion of macro 'DISP_REG_SET'
   else{mt_reg_sync_writel(INREG32(&REG),&r);r.bit = (value);  DISP_REG_SET(cmdq, &REG, INREG32(&r));}    \
                                                               ^
drivers/misc/mediatek/dispsys/mt6735/ddp_dsi.c:4224:3: note: in expansion of macro 'DSI_OUTREGBIT'
   DSI_OUTREGBIT(NULL, MIPITX_DSI_PLL_CON1_REG, DSI_PHY_REG[0]->MIPITX_DSI_PLL_CON1,RG_DSI0_MPPLL_SDM_SSC_EN,en);
   ^
/home/satory-ra/Android/kernel/android_kernel_oukitel_orange/drivers/misc/mediatek/dispsys/mt6735/mt6735m/ddp_reg.h:1395:29: note: expected 'long unsigned int' but argument is of type 'volatile struct MIPITX_DSI_PLL_CON1_REG *'
 static inline unsigned long disp_addr_convert(unsigned long va) 
                             ^
/home/satory-ra/Android/kernel/android_kernel_oukitel_orange/drivers/misc/mediatek/dispsys/mt6735/mt6735m/ddp_reg.h:1413:3: warning: passing argument 2 of 'dprec_reg_op' makes integer from pointer without a cast
   dprec_reg_op(handle, reg32, val, mask);\
   ^
drivers/misc/mediatek/dispsys/mt6735/ddp_dsi.c:58:145: note: in expansion of macro 'DISP_REG_MASK'
   if(cmdq)  {*(unsigned int*)(&r) = ((unsigned int)0x00000000);r.bit = ~(r.bit);*(unsigned int*)(&v) = ((unsigned int)0x00000000);v.bit = value;DISP_REG_MASK(cmdq, &REG, AS_UINT32(&v), AS_UINT32(&r));}  \
                                                                                                                                                 ^
drivers/misc/mediatek/dispsys/mt6735/ddp_dsi.c:4225:3: note: in expansion of macro 'DSI_OUTREGBIT'
   DSI_OUTREGBIT(NULL, MIPITX_DSI_PLL_CON1_REG, DSI_PHY_REG[1]->MIPITX_DSI_PLL_CON1,RG_DSI0_MPPLL_SDM_SSC_EN,en);
   ^
In file included from /home/satory-ra/Android/kernel/android_kernel_oukitel_orange/drivers/misc/mediatek/videox/mt6735/disp_drv_log.h:3:0,
                 from drivers/misc/mediatek/dispsys/mt6735/ddp_dsi.c:8:
/home/satory-ra/Android/kernel/android_kernel_oukitel_orange/drivers/misc/mediatek/dispsys/mt6735/display_recorder.h:136:6: note: expected 'unsigned int' but argument is of type 'volatile struct MIPITX_DSI_PLL_CON1_REG *'
 void dprec_reg_op(void* cmdq, unsigned int reg, unsigned int val, unsigned int mask);
      ^
In file included from drivers/misc/mediatek/dispsys/mt6735/ddp_dsi.c:31:0:
/home/satory-ra/Android/kernel/android_kernel_oukitel_orange/drivers/misc/mediatek/dispsys/mt6735/mt6735m/ddp_reg.h:1420:25: warning: passing argument 1 of 'disp_addr_convert' makes integer from pointer without a cast
    cmdqRecWrite(handle, disp_addr_convert(reg32), val, mask); \
                         ^
drivers/misc/mediatek/dispsys/mt6735/ddp_dsi.c:58:145: note: in expansion of macro 'DISP_REG_MASK'
   if(cmdq)  {*(unsigned int*)(&r) = ((unsigned int)0x00000000);r.bit = ~(r.bit);*(unsigned int*)(&v) = ((unsigned int)0x00000000);v.bit = value;DISP_REG_MASK(cmdq, &REG, AS_UINT32(&v), AS_UINT32(&r));}  \
                                                                                                                                                 ^
drivers/misc/mediatek/dispsys/mt6735/ddp_dsi.c:4225:3: note: in expansion of macro 'DSI_OUTREGBIT'
   DSI_OUTREGBIT(NULL, MIPITX_DSI_PLL_CON1_REG, DSI_PHY_REG[1]->MIPITX_DSI_PLL_CON1,RG_DSI0_MPPLL_SDM_SSC_EN,en);
   ^
/home/satory-ra/Android/kernel/android_kernel_oukitel_orange/drivers/misc/mediatek/dispsys/mt6735/mt6735m/ddp_reg.h:1395:29: note: expected 'long unsigned int' but argument is of type 'volatile struct MIPITX_DSI_PLL_CON1_REG *'
 static inline unsigned long disp_addr_convert(unsigned long va) 
                             ^
/home/satory-ra/Android/kernel/android_kernel_oukitel_orange/drivers/misc/mediatek/dispsys/mt6735/mt6735m/ddp_reg.h:1486:17: warning: passing argument 2 of 'dprec_reg_op' makes integer from pointer without a cast
                 dprec_reg_op(handle, reg32, val, 0x00000000);\
                 ^
drivers/misc/mediatek/dispsys/mt6735/ddp_dsi.c:59:63: note: in expansion of macro 'DISP_REG_SET'
   else{mt_reg_sync_writel(INREG32(&REG),&r);r.bit = (value);  DISP_REG_SET(cmdq, &REG, INREG32(&r));}    \
                                                               ^
drivers/misc/mediatek/dispsys/mt6735/ddp_dsi.c:4225:3: note: in expansion of macro 'DSI_OUTREGBIT'
   DSI_OUTREGBIT(NULL, MIPITX_DSI_PLL_CON1_REG, DSI_PHY_REG[1]->MIPITX_DSI_PLL_CON1,RG_DSI0_MPPLL_SDM_SSC_EN,en);
   ^
In file included from /home/satory-ra/Android/kernel/android_kernel_oukitel_orange/drivers/misc/mediatek/videox/mt6735/disp_drv_log.h:3:0,
                 from drivers/misc/mediatek/dispsys/mt6735/ddp_dsi.c:8:
/home/satory-ra/Android/kernel/android_kernel_oukitel_orange/drivers/misc/mediatek/dispsys/mt6735/display_recorder.h:136:6: note: expected 'unsigned int' but argument is of type 'volatile struct MIPITX_DSI_PLL_CON1_REG *'
 void dprec_reg_op(void* cmdq, unsigned int reg, unsigned int val, unsigned int mask);
      ^
In file included from drivers/misc/mediatek/dispsys/mt6735/ddp_dsi.c:31:0:
/home/satory-ra/Android/kernel/android_kernel_oukitel_orange/drivers/misc/mediatek/dispsys/mt6735/mt6735m/ddp_reg.h:1487:38: warning: passing argument 1 of 'disp_addr_convert' makes integer from pointer without a cast
                 cmdqRecWrite(handle, disp_addr_convert(reg32), val, ~0); \
                                      ^
drivers/misc/mediatek/dispsys/mt6735/ddp_dsi.c:59:63: note: in expansion of macro 'DISP_REG_SET'
   else{mt_reg_sync_writel(INREG32(&REG),&r);r.bit = (value);  DISP_REG_SET(cmdq, &REG, INREG32(&r));}    \
                                                               ^
drivers/misc/mediatek/dispsys/mt6735/ddp_dsi.c:4225:3: note: in expansion of macro 'DSI_OUTREGBIT'
   DSI_OUTREGBIT(NULL, MIPITX_DSI_PLL_CON1_REG, DSI_PHY_REG[1]->MIPITX_DSI_PLL_CON1,RG_DSI0_MPPLL_SDM_SSC_EN,en);
   ^
/home/satory-ra/Android/kernel/android_kernel_oukitel_orange/drivers/misc/mediatek/dispsys/mt6735/mt6735m/ddp_reg.h:1395:29: note: expected 'long unsigned int' but argument is of type 'volatile struct MIPITX_DSI_PLL_CON1_REG *'
 static inline unsigned long disp_addr_convert(unsigned long va) 
                             ^
drivers/misc/mediatek/dispsys/mt6735/ddp_dsi.c: In function 'DSI_check_roi':
drivers/misc/mediatek/dispsys/mt6735/ddp_dsi.c:4368:2: warning: ISO C90 forbids mixed declarations and code [-Wdeclaration-after-statement]
  int count = DSI_dcs_read_lcm_reg_v2(DISP_MODULE_DSI0, NULL, 0x2a, read_buf, 4);
  ^
drivers/misc/mediatek/dispsys/mt6735/ddp_dsi.c:4370:5: warning: ISO C90 forbids mixed declarations and code [-Wdeclaration-after-statement]
     int x0=(read_buf[0]<<8)|read_buf[1];
     ^
drivers/misc/mediatek/dispsys/mt6735/ddp_dsi.c:4379:2: warning: ISO C90 forbids mixed declarations and code [-Wdeclaration-after-statement]
  int y0=(read_buf[0]<<8)|read_buf[1];
  ^
In file included from drivers/misc/mediatek/dispsys/mt6735/ddp_dsi.c:31:0:
drivers/misc/mediatek/dispsys/mt6735/ddp_dsi.c: At top level:
/home/satory-ra/Android/kernel/android_kernel_oukitel_orange/drivers/misc/mediatek/dispsys/mt6735/mt6735m/ddp_reg.h:23:21: warning: 'module_list_scenario' defined but not used [-Wunused-variable]
 static unsigned int module_list_scenario[DDP_SCENARIO_MAX][DDP_ENING_NUM] = {
                     ^
In file included from drivers/misc/mediatek/dispsys/mt6735/ddp_dsi.c:31:0:
/home/satory-ra/Android/kernel/android_kernel_oukitel_orange/drivers/misc/mediatek/dispsys/mt6735/mt6735m/ddp_reg.h:48:15: warning: 'mout_map' defined but not used [-Wunused-variable]
 static mout_t mout_map[DDP_MOUT_NUM] = 
               ^
/home/satory-ra/Android/kernel/android_kernel_oukitel_orange/drivers/misc/mediatek/dispsys/mt6735/mt6735m/ddp_reg.h:59:14: warning: 'sel_out_map' defined but not used [-Wunused-variable]
 static sel_t sel_out_map[DDP_SEL_OUT_NUM] = 
              ^
/home/satory-ra/Android/kernel/android_kernel_oukitel_orange/drivers/misc/mediatek/dispsys/mt6735/mt6735m/ddp_reg.h:67:14: warning: 'sel_in_map' defined but not used [-Wunused-variable]
 static sel_t sel_in_map[DDP_SEL_IN_NUM] = 
              ^
/home/satory-ra/Android/kernel/android_kernel_oukitel_orange/drivers/misc/mediatek/dispsys/mt6735/mt6735m/ddp_reg.h:106:21: warning: 'module_mutex_map' defined but not used [-Wunused-variable]
 static module_map_t module_mutex_map[DISP_MODULE_NUM] =
                     ^
/home/satory-ra/Android/kernel/android_kernel_oukitel_orange/drivers/misc/mediatek/dispsys/mt6735/mt6735m/ddp_reg.h:134:21: warning: 'module_can_connect' defined but not used [-Wunused-variable]
 static module_map_t module_can_connect[DISP_MODULE_NUM] =
                     ^
drivers/misc/mediatek/dispsys/mt6735/ddp_dsi.c:353:19: warning: 'DSI_SetVdoFrmMode' defined but not used [-Wunused-function]
 static DSI_STATUS DSI_SetVdoFrmMode(DISP_MODULE_ENUM module, cmdqRecHandle cmdq, unsigned int mode)
                   ^
drivers/misc/mediatek/dispsys/mt6735/ddp_dsi.c:383:19: warning: 'DSI_SetBypassRack' defined but not used [-Wunused-function]
 static DSI_STATUS DSI_SetBypassRack(DISP_MODULE_ENUM module, cmdqRecHandle cmdq, unsigned int bypass)
                   ^
drivers/misc/mediatek/dispsys/mt6735/ddp_dsi.c:2564:12: warning: 'dsidual_te_enable' defined but not used [-Wunused-variable]
 static int dsidual_te_enable = 0;
            ^
drivers/misc/mediatek/dispsys/mt6735/ddp_dsi.c: In function 'DSI_clk_HS_state':
drivers/misc/mediatek/dispsys/mt6735/ddp_dsi.c:530:1: warning: control reaches end of non-void function [-Wreturn-type]
 }
 ^
drivers/misc/mediatek/dispsys/mt6735/ddp_dsi.c: In function '_dsi_is_video_mode':
drivers/misc/mediatek/dispsys/mt6735/ddp_dsi.c:298:1: warning: control reaches end of non-void function [-Wreturn-type]
 }
 ^
drivers/misc/mediatek/dispsys/mt6735/ddp_dsi.c: In function 'DSI_BIST_Pattern_Test':
drivers/misc/mediatek/dispsys/mt6735/ddp_dsi.c:933:1: warning: control reaches end of non-void function [-Wreturn-type]
 }
 ^
drivers/misc/mediatek/dispsys/mt6735/ddp_dsi.c: In function '_dsi_ps_type_to_bpp':
drivers/misc/mediatek/dispsys/mt6735/ddp_dsi.c:1030:1: warning: control reaches end of non-void function [-Wreturn-type]
 }
 ^
drivers/misc/mediatek/dispsys/mt6735/ddp_dsi.c: In function 'DSI_Send_ROI':
drivers/misc/mediatek/dispsys/mt6735/ddp_dsi.c:2341:1: warning: control reaches end of non-void function [-Wreturn-type]
 }
 ^
drivers/misc/mediatek/dispsys/mt6735/ddp_dsi.c: In function 'ddp_dsi_deinit':
drivers/misc/mediatek/dispsys/mt6735/ddp_dsi.c:2670:1: warning: control reaches end of non-void function [-Wreturn-type]
 }
 ^
drivers/misc/mediatek/dispsys/mt6735/ddp_dsi.c: In function 'ddp_dsi_clk_off':
drivers/misc/mediatek/dispsys/mt6735/ddp_dsi.c:3146:1: warning: control reaches end of non-void function [-Wreturn-type]
 }
 ^
drivers/misc/mediatek/dispsys/mt6735/ddp_dsi.c: In function 'ddp_dsi_dump':
drivers/misc/mediatek/dispsys/mt6735/ddp_dsi.c:3483:1: warning: control reaches end of non-void function [-Wreturn-type]
 }
 ^
In file included from drivers/misc/mediatek/connectivity/conn_soc/drv_wlan/mt_wifi/wlan/include/precomp.h:241:0,
                 from drivers/misc/mediatek/connectivity/conn_soc/drv_wlan/mt_wifi/wlan/mgmt/p2p_rlm.c:23:
drivers/misc/mediatek/connectivity/conn_soc/drv_wlan/mt_wifi/wlan/include/mgmt/scan.h:324:0: warning: "CFG_BATCH_MAX_MSCAN" redefined
 #define CFG_BATCH_MAX_MSCAN 4
 ^
In file included from drivers/misc/mediatek/connectivity/conn_soc/drv_wlan/mt_wifi/wlan/os/linux/include/gl_os.h:584:0,
                 from drivers/misc/mediatek/connectivity/conn_soc/drv_wlan/mt_wifi/wlan/include/precomp.h:173,
                 from drivers/misc/mediatek/connectivity/conn_soc/drv_wlan/mt_wifi/wlan/mgmt/p2p_rlm.c:23:
drivers/misc/mediatek/connectivity/conn_soc/drv_wlan/mt_wifi/wlan/include/config.h:1585:0: note: this is the location of the previous definition
 #define CFG_BATCH_MAX_MSCAN                 2
 ^
drivers/misc/mediatek/dispsys/mt6735/ddp_dsi.c: In function 'PanelMaster_set_PM_enable':
drivers/misc/mediatek/dispsys/mt6735/ddp_dsi.c:4352:1: warning: control reaches end of non-void function [-Wreturn-type]
 }
 ^
  CC      drivers/misc/mediatek/connectivity/conn_soc/drv_wlan/mt_wifi/wlan/mgmt/p2p_rlm_obss.o
  CC      net/sched/sch_blackhole.o
In file included from drivers/misc/mediatek/connectivity/conn_soc/drv_wlan/mt_wifi/wlan/include/precomp.h:241:0,
                 from drivers/misc/mediatek/connectivity/conn_soc/drv_wlan/mt_wifi/wlan/mgmt/p2p_rlm_obss.c:62:
drivers/misc/mediatek/connectivity/conn_soc/drv_wlan/mt_wifi/wlan/include/mgmt/scan.h:324:0: warning: "CFG_BATCH_MAX_MSCAN" redefined
 #define CFG_BATCH_MAX_MSCAN 4
 ^
In file included from drivers/misc/mediatek/connectivity/conn_soc/drv_wlan/mt_wifi/wlan/os/linux/include/gl_os.h:584:0,
                 from drivers/misc/mediatek/connectivity/conn_soc/drv_wlan/mt_wifi/wlan/include/precomp.h:173,
                 from drivers/misc/mediatek/connectivity/conn_soc/drv_wlan/mt_wifi/wlan/mgmt/p2p_rlm_obss.c:62:
drivers/misc/mediatek/connectivity/conn_soc/drv_wlan/mt_wifi/wlan/include/config.h:1585:0: note: this is the location of the previous definition
 #define CFG_BATCH_MAX_MSCAN                 2
 ^
  CC      net/sched/cls_api.o
  CC      drivers/misc/mediatek/connectivity/conn_soc/drv_wlan/mt_wifi/wlan/mgmt/p2p_scan.o
In file included from drivers/misc/mediatek/connectivity/conn_soc/drv_wlan/mt_wifi/wlan/include/precomp.h:241:0,
                 from drivers/misc/mediatek/connectivity/conn_soc/drv_wlan/mt_wifi/wlan/mgmt/p2p_scan.c:29:
drivers/misc/mediatek/connectivity/conn_soc/drv_wlan/mt_wifi/wlan/include/mgmt/scan.h:324:0: warning: "CFG_BATCH_MAX_MSCAN" redefined
 #define CFG_BATCH_MAX_MSCAN 4
 ^
In file included from drivers/misc/mediatek/connectivity/conn_soc/drv_wlan/mt_wifi/wlan/os/linux/include/gl_os.h:584:0,
                 from drivers/misc/mediatek/connectivity/conn_soc/drv_wlan/mt_wifi/wlan/include/precomp.h:173,
                 from drivers/misc/mediatek/connectivity/conn_soc/drv_wlan/mt_wifi/wlan/mgmt/p2p_scan.c:29:
drivers/misc/mediatek/connectivity/conn_soc/drv_wlan/mt_wifi/wlan/include/config.h:1585:0: note: this is the location of the previous definition
 #define CFG_BATCH_MAX_MSCAN                 2
 ^
  CC      net/sched/act_api.o
  CC      drivers/misc/mediatek/connectivity/conn_soc/drv_wlan/mt_wifi/wlan/mgmt/p2p_ie.o
In file included from drivers/misc/mediatek/connectivity/conn_soc/drv_wlan/mt_wifi/wlan/include/p2p_precomp.h:94:0,
                 from drivers/misc/mediatek/connectivity/conn_soc/drv_wlan/mt_wifi/wlan/mgmt/p2p_ie.c:1:
drivers/misc/mediatek/connectivity/conn_soc/drv_wlan/mt_wifi/wlan/include/mgmt/scan.h:324:0: warning: "CFG_BATCH_MAX_MSCAN" redefined
 #define CFG_BATCH_MAX_MSCAN 4
 ^
In file included from drivers/misc/mediatek/connectivity/conn_soc/drv_wlan/mt_wifi/wlan/os/linux/include/gl_os.h:584:0,
                 from drivers/misc/mediatek/connectivity/conn_soc/drv_wlan/mt_wifi/wlan/include/p2p_precomp.h:26,
                 from drivers/misc/mediatek/connectivity/conn_soc/drv_wlan/mt_wifi/wlan/mgmt/p2p_ie.c:1:
drivers/misc/mediatek/connectivity/conn_soc/drv_wlan/mt_wifi/wlan/include/config.h:1585:0: note: this is the location of the previous definition
 #define CFG_BATCH_MAX_MSCAN                 2
 ^
drivers/misc/mediatek/connectivity/conn_soc/drv_wlan/mt_wifi/wlan/mgmt/p2p_ie.c: In function 'p2pFuncCalculateP2P_IE_NoA':
drivers/misc/mediatek/connectivity/conn_soc/drv_wlan/mt_wifi/wlan/mgmt/p2p_ie.c:659:9: warning: passing argument 1 of 'p2pFuncIsAPMode' from incompatible pointer type
     if (p2pFuncIsAPMode(prAdapter->rWifiVar.prP2PConnSettings)) {
         ^
In file included from drivers/misc/mediatek/connectivity/conn_soc/drv_wlan/mt_wifi/wlan/include/p2p_precomp.h:145:0,
                 from drivers/misc/mediatek/connectivity/conn_soc/drv_wlan/mt_wifi/wlan/mgmt/p2p_ie.c:1:
drivers/misc/mediatek/connectivity/conn_soc/drv_wlan/mt_wifi/wlan/include/mgmt/p2p_func.h:140:1: note: expected 'P_P2P_FSM_INFO_T' but argument is of type 'P_P2P_CONNECTION_SETTINGS_T'
 p2pFuncIsAPMode(
 ^
  CC      net/sched/act_police.o
  CC      drivers/misc/mediatek/connectivity/conn_soc/drv_wlan/mt_wifi/wlan/mgmt/p2p_state.o
drivers/misc/mediatek/dispsys/mt6735/ddp_dsi.c: In function 'DSI_dcs_read_lcm_reg_v2':
drivers/misc/mediatek/dispsys/mt6735/ddp_dsi.c:1627:9: warning: 'recv_data_cnt' may be used uninitialized in this function [-Wmaybe-uninitialized]
  UINT32 recv_data_cnt;
         ^
  CC      net/sched/act_mirred.o
In file included from drivers/misc/mediatek/connectivity/conn_soc/drv_wlan/mt_wifi/wlan/include/p2p_precomp.h:94:0,
                 from drivers/misc/mediatek/connectivity/conn_soc/drv_wlan/mt_wifi/wlan/mgmt/p2p_state.c:1:
drivers/misc/mediatek/connectivity/conn_soc/drv_wlan/mt_wifi/wlan/include/mgmt/scan.h:324:0: warning: "CFG_BATCH_MAX_MSCAN" redefined
 #define CFG_BATCH_MAX_MSCAN 4
 ^
In file included from drivers/misc/mediatek/connectivity/conn_soc/drv_wlan/mt_wifi/wlan/os/linux/include/gl_os.h:584:0,
                 from drivers/misc/mediatek/connectivity/conn_soc/drv_wlan/mt_wifi/wlan/include/p2p_precomp.h:26,
                 from drivers/misc/mediatek/connectivity/conn_soc/drv_wlan/mt_wifi/wlan/mgmt/p2p_state.c:1:
drivers/misc/mediatek/connectivity/conn_soc/drv_wlan/mt_wifi/wlan/include/config.h:1585:0: note: this is the location of the previous definition
 #define CFG_BATCH_MAX_MSCAN                 2
 ^
  CC      drivers/misc/mediatek/connectivity/conn_soc/drv_wlan/mt_wifi/wlan/mgmt/wapi.o
  CC      net/sched/act_ipt.o
In file included from drivers/misc/mediatek/connectivity/conn_soc/drv_wlan/mt_wifi/wlan/include/precomp.h:241:0,
                 from drivers/misc/mediatek/connectivity/conn_soc/drv_wlan/mt_wifi/wlan/mgmt/wapi.c:76:
drivers/misc/mediatek/connectivity/conn_soc/drv_wlan/mt_wifi/wlan/include/mgmt/scan.h:324:0: warning: "CFG_BATCH_MAX_MSCAN" redefined
 #define CFG_BATCH_MAX_MSCAN 4
 ^
In file included from drivers/misc/mediatek/connectivity/conn_soc/drv_wlan/mt_wifi/wlan/os/linux/include/gl_os.h:584:0,
                 from drivers/misc/mediatek/connectivity/conn_soc/drv_wlan/mt_wifi/wlan/include/precomp.h:173,
                 from drivers/misc/mediatek/connectivity/conn_soc/drv_wlan/mt_wifi/wlan/mgmt/wapi.c:76:
drivers/misc/mediatek/connectivity/conn_soc/drv_wlan/mt_wifi/wlan/include/config.h:1585:0: note: this is the location of the previous definition
 #define CFG_BATCH_MAX_MSCAN                 2
 ^
  CC      drivers/misc/mediatek/dispsys/mt6735/ddp_dpi.o
In file included from /home/satory-ra/Android/kernel/android_kernel_oukitel_orange/drivers/misc/mediatek/videox/mt6735/disp_drv_log.h:3:0,
                 from drivers/misc/mediatek/dispsys/mt6735/ddp_dpi.c:12:
/home/satory-ra/Android/kernel/android_kernel_oukitel_orange/drivers/misc/mediatek/dispsys/mt6735/display_recorder.h:152:1: warning: function declaration isn't a prototype [-Wstrict-prototypes]
 void dprec_logger_dump_reset();
 ^
/home/satory-ra/Android/kernel/android_kernel_oukitel_orange/drivers/misc/mediatek/dispsys/mt6735/display_recorder.h:153:1: warning: function declaration isn't a prototype [-Wstrict-prototypes]
 char *dprec_logger_get_dump_addr();
 ^
/home/satory-ra/Android/kernel/android_kernel_oukitel_orange/drivers/misc/mediatek/dispsys/mt6735/display_recorder.h:154:1: warning: function declaration isn't a prototype [-Wstrict-prototypes]
 unsigned int dprec_logger_get_dump_len();
 ^
In file included from drivers/misc/mediatek/dispsys/mt6735/ddp_dpi.c:14:0:
/home/satory-ra/Android/kernel/android_kernel_oukitel_orange/drivers/misc/mediatek/videox/mt6735/debug.h:189:1: warning: function declaration isn't a prototype [-Wstrict-prototypes]
 bool get_ovl1_to_mem_on();
 ^
In file included from drivers/misc/mediatek/dispsys/mt6735/ddp_dpi.c:31:0:
/home/satory-ra/Android/kernel/android_kernel_oukitel_orange/drivers/misc/mediatek/dispsys/mt6735/mt6735m/ddp_reg.h:1963:0: warning: "DISP_REG_DPI_ESAV_VTIM_R" redefined
 #define DISP_REG_DPI_ESAV_VTIM_R      (DISPSYS_DPI_BASE + 0x088)
 ^
/home/satory-ra/Android/kernel/android_kernel_oukitel_orange/drivers/misc/mediatek/dispsys/mt6735/mt6735m/ddp_reg.h:1962:0: note: this is the location of the previous definition
 #define DISP_REG_DPI_ESAV_VTIM_R      (DISPSYS_DPI_BASE + 0x084)
 ^
  LD      drivers/misc/mediatek/connectivity/conn_soc/drv_wlan/mt_wifi/wlan/wlan_mt.o
drivers/misc/mediatek/dispsys/mt6735/ddp_dpi.c:37:0: warning: "LOG_TAG" redefined
 #define LOG_TAG "DPI" 
 ^
In file included from /home/satory-ra/Android/kernel/android_kernel_oukitel_orange/drivers/misc/mediatek/dispsys/mt6735/mt6735m/ddp_reg.h:10:0,
                 from drivers/misc/mediatek/dispsys/mt6735/ddp_dpi.c:31:
/home/satory-ra/Android/kernel/android_kernel_oukitel_orange/drivers/misc/mediatek/dispsys/mt6735/ddp_log.h:9:0: note: this is the location of the previous definition
 #define LOG_TAG
 ^
drivers/misc/mediatek/dispsys/mt6735/ddp_dpi.c:98:1: warning: parameter names (without types) in function declaration
 static void (*dpiIntCallback)(DISP_INTERRUPT_EVENTS);
 ^
In file included from drivers/misc/mediatek/dispsys/mt6735/ddp_dpi.c:31:0:
drivers/misc/mediatek/dispsys/mt6735/ddp_dpi.c: In function '_BackupDPIRegisters':
/home/satory-ra/Android/kernel/android_kernel_oukitel_orange/drivers/misc/mediatek/dispsys/mt6735/mt6735m/ddp_reg.h:1486:17: warning: passing argument 2 of 'dprec_reg_op' makes integer from pointer without a cast
                 dprec_reg_op(handle, reg32, val, 0x00000000);\
                 ^
drivers/misc/mediatek/dispsys/mt6735/ddp_dpi.c:76:49: note: in expansion of macro 'DISP_REG_SET'
 #define DPI_OUTREG32(cmdq, addr, val)           DISP_REG_SET(cmdq, addr,val)
                                                 ^
drivers/misc/mediatek/dispsys/mt6735/ddp_dpi.c:168:9: note: in expansion of macro 'DPI_OUTREG32'
         DPI_OUTREG32(0, REG_ADDR(reg, BACKUP_DPI_REG_OFFSETS[i]),
         ^
In file included from /home/satory-ra/Android/kernel/android_kernel_oukitel_orange/drivers/misc/mediatek/videox/mt6735/disp_drv_log.h:3:0,
                 from drivers/misc/mediatek/dispsys/mt6735/ddp_dpi.c:12:
/home/satory-ra/Android/kernel/android_kernel_oukitel_orange/drivers/misc/mediatek/dispsys/mt6735/display_recorder.h:136:6: note: expected 'unsigned int' but argument is of type 'BYTE *'
 void dprec_reg_op(void* cmdq, unsigned int reg, unsigned int val, unsigned int mask);
      ^
In file included from drivers/misc/mediatek/dispsys/mt6735/ddp_dpi.c:31:0:
/home/satory-ra/Android/kernel/android_kernel_oukitel_orange/drivers/misc/mediatek/dispsys/mt6735/mt6735m/ddp_reg.h:1487:38: warning: passing argument 1 of 'disp_addr_convert' makes integer from pointer without a cast
                 cmdqRecWrite(handle, disp_addr_convert(reg32), val, ~0); \
                                      ^
drivers/misc/mediatek/dispsys/mt6735/ddp_dpi.c:76:49: note: in expansion of macro 'DISP_REG_SET'
 #define DPI_OUTREG32(cmdq, addr, val)           DISP_REG_SET(cmdq, addr,val)
                                                 ^
drivers/misc/mediatek/dispsys/mt6735/ddp_dpi.c:168:9: note: in expansion of macro 'DPI_OUTREG32'
         DPI_OUTREG32(0, REG_ADDR(reg, BACKUP_DPI_REG_OFFSETS[i]),
         ^
/home/satory-ra/Android/kernel/android_kernel_oukitel_orange/drivers/misc/mediatek/dispsys/mt6735/mt6735m/ddp_reg.h:1395:29: note: expected 'long unsigned int' but argument is of type 'BYTE *'
 static inline unsigned long disp_addr_convert(unsigned long va) 
                             ^
drivers/misc/mediatek/dispsys/mt6735/ddp_dpi.c: In function '_RestoreDPIRegisters':
/home/satory-ra/Android/kernel/android_kernel_oukitel_orange/drivers/misc/mediatek/dispsys/mt6735/mt6735m/ddp_reg.h:1486:17: warning: passing argument 2 of 'dprec_reg_op' makes integer from pointer without a cast
                 dprec_reg_op(handle, reg32, val, 0x00000000);\
                 ^
drivers/misc/mediatek/dispsys/mt6735/ddp_dpi.c:76:49: note: in expansion of macro 'DISP_REG_SET'
 #define DPI_OUTREG32(cmdq, addr, val)           DISP_REG_SET(cmdq, addr,val)
                                                 ^
drivers/misc/mediatek/dispsys/mt6735/ddp_dpi.c:180:9: note: in expansion of macro 'DPI_OUTREG32'
         DPI_OUTREG32(0, REG_ADDR(DPI_REG, BACKUP_DPI_REG_OFFSETS[i]),
         ^
In file included from /home/satory-ra/Android/kernel/android_kernel_oukitel_orange/drivers/misc/mediatek/videox/mt6735/disp_drv_log.h:3:0,
                 from drivers/misc/mediatek/dispsys/mt6735/ddp_dpi.c:12:
/home/satory-ra/Android/kernel/android_kernel_oukitel_orange/drivers/misc/mediatek/dispsys/mt6735/display_recorder.h:136:6: note: expected 'unsigned int' but argument is of type 'BYTE *'
 void dprec_reg_op(void* cmdq, unsigned int reg, unsigned int val, unsigned int mask);
      ^
In file included from drivers/misc/mediatek/dispsys/mt6735/ddp_dpi.c:31:0:
/home/satory-ra/Android/kernel/android_kernel_oukitel_orange/drivers/misc/mediatek/dispsys/mt6735/mt6735m/ddp_reg.h:1487:38: warning: passing argument 1 of 'disp_addr_convert' makes integer from pointer without a cast
                 cmdqRecWrite(handle, disp_addr_convert(reg32), val, ~0); \
                                      ^
drivers/misc/mediatek/dispsys/mt6735/ddp_dpi.c:76:49: note: in expansion of macro 'DISP_REG_SET'
 #define DPI_OUTREG32(cmdq, addr, val)           DISP_REG_SET(cmdq, addr,val)
                                                 ^
drivers/misc/mediatek/dispsys/mt6735/ddp_dpi.c:180:9: note: in expansion of macro 'DPI_OUTREG32'
         DPI_OUTREG32(0, REG_ADDR(DPI_REG, BACKUP_DPI_REG_OFFSETS[i]),
         ^
/home/satory-ra/Android/kernel/android_kernel_oukitel_orange/drivers/misc/mediatek/dispsys/mt6735/mt6735m/ddp_reg.h:1395:29: note: expected 'long unsigned int' but argument is of type 'BYTE *'
 static inline unsigned long disp_addr_convert(unsigned long va) 
                             ^
drivers/misc/mediatek/dispsys/mt6735/ddp_dpi.c: In function 'ddp_dpi_ConfigPclk':
/home/satory-ra/Android/kernel/android_kernel_oukitel_orange/drivers/misc/mediatek/dispsys/mt6735/mt6735m/ddp_reg.h:1486:17: warning: passing argument 2 of 'dprec_reg_op' makes integer from pointer without a cast
                 dprec_reg_op(handle, reg32, val, 0x00000000);\
                 ^
drivers/misc/mediatek/dispsys/mt6735/ddp_dpi.c:76:49: note: in expansion of macro 'DISP_REG_SET'
 #define DPI_OUTREG32(cmdq, addr, val)           DISP_REG_SET(cmdq, addr,val)
                                                 ^
drivers/misc/mediatek/dispsys/mt6735/ddp_dpi.c:233:2: note: in expansion of macro 'DPI_OUTREG32'
  DPI_OUTREG32(NULL, TVDPLL_CON0, 0xc0000101); // TVDPLL enable
  ^
In file included from /home/satory-ra/Android/kernel/android_kernel_oukitel_orange/drivers/misc/mediatek/videox/mt6735/disp_drv_log.h:3:0,
                 from drivers/misc/mediatek/dispsys/mt6735/ddp_dpi.c:12:
/home/satory-ra/Android/kernel/android_kernel_oukitel_orange/drivers/misc/mediatek/dispsys/mt6735/display_recorder.h:136:6: note: expected 'unsigned int' but argument is of type 'void *'
 void dprec_reg_op(void* cmdq, unsigned int reg, unsigned int val, unsigned int mask);
      ^
In file included from drivers/misc/mediatek/dispsys/mt6735/ddp_dpi.c:31:0:
/home/satory-ra/Android/kernel/android_kernel_oukitel_orange/drivers/misc/mediatek/dispsys/mt6735/mt6735m/ddp_reg.h:1487:38: warning: passing argument 1 of 'disp_addr_convert' makes integer from pointer without a cast
                 cmdqRecWrite(handle, disp_addr_convert(reg32), val, ~0); \
                                      ^
drivers/misc/mediatek/dispsys/mt6735/ddp_dpi.c:76:49: note: in expansion of macro 'DISP_REG_SET'
 #define DPI_OUTREG32(cmdq, addr, val)           DISP_REG_SET(cmdq, addr,val)
                                                 ^
drivers/misc/mediatek/dispsys/mt6735/ddp_dpi.c:233:2: note: in expansion of macro 'DPI_OUTREG32'
  DPI_OUTREG32(NULL, TVDPLL_CON0, 0xc0000101); // TVDPLL enable
  ^
/home/satory-ra/Android/kernel/android_kernel_oukitel_orange/drivers/misc/mediatek/dispsys/mt6735/mt6735m/ddp_reg.h:1395:29: note: expected 'long unsigned int' but argument is of type 'void *'
 static inline unsigned long disp_addr_convert(unsigned long va) 
                             ^
/home/satory-ra/Android/kernel/android_kernel_oukitel_orange/drivers/misc/mediatek/dispsys/mt6735/mt6735m/ddp_reg.h:1486:17: warning: passing argument 2 of 'dprec_reg_op' makes integer from pointer without a cast
                 dprec_reg_op(handle, reg32, val, 0x00000000);\
                 ^
drivers/misc/mediatek/dispsys/mt6735/ddp_dpi.c:76:49: note: in expansion of macro 'DISP_REG_SET'
 #define DPI_OUTREG32(cmdq, addr, val)           DISP_REG_SET(cmdq, addr,val)
                                                 ^
drivers/misc/mediatek/dispsys/mt6735/ddp_dpi.c:234:2: note: in expansion of macro 'DPI_OUTREG32'
  DPI_OUTREG32(NULL, TVDPLL_CON1, prediv);  // set TVDPLL output clock frequency 
  ^
In file included from /home/satory-ra/Android/kernel/android_kernel_oukitel_orange/drivers/misc/mediatek/videox/mt6735/disp_drv_log.h:3:0,
                 from drivers/misc/mediatek/dispsys/mt6735/ddp_dpi.c:12:
/home/satory-ra/Android/kernel/android_kernel_oukitel_orange/drivers/misc/mediatek/dispsys/mt6735/display_recorder.h:136:6: note: expected 'unsigned int' but argument is of type 'void *'
 void dprec_reg_op(void* cmdq, unsigned int reg, unsigned int val, unsigned int mask);
      ^
In file included from drivers/misc/mediatek/dispsys/mt6735/ddp_dpi.c:31:0:
/home/satory-ra/Android/kernel/android_kernel_oukitel_orange/drivers/misc/mediatek/dispsys/mt6735/mt6735m/ddp_reg.h:1487:38: warning: passing argument 1 of 'disp_addr_convert' makes integer from pointer without a cast
                 cmdqRecWrite(handle, disp_addr_convert(reg32), val, ~0); \
                                      ^
drivers/misc/mediatek/dispsys/mt6735/ddp_dpi.c:76:49: note: in expansion of macro 'DISP_REG_SET'
 #define DPI_OUTREG32(cmdq, addr, val)           DISP_REG_SET(cmdq, addr,val)
                                                 ^
drivers/misc/mediatek/dispsys/mt6735/ddp_dpi.c:234:2: note: in expansion of macro 'DPI_OUTREG32'
  DPI_OUTREG32(NULL, TVDPLL_CON1, prediv);  // set TVDPLL output clock frequency 
  ^
/home/satory-ra/Android/kernel/android_kernel_oukitel_orange/drivers/misc/mediatek/dispsys/mt6735/mt6735m/ddp_reg.h:1395:29: note: expected 'long unsigned int' but argument is of type 'void *'
 static inline unsigned long disp_addr_convert(unsigned long va) 
                             ^
/home/satory-ra/Android/kernel/android_kernel_oukitel_orange/drivers/misc/mediatek/dispsys/mt6735/mt6735m/ddp_reg.h:1413:3: warning: passing argument 2 of 'dprec_reg_op' makes integer from pointer without a cast
   dprec_reg_op(handle, reg32, val, mask);\
   ^
drivers/misc/mediatek/dispsys/mt6735/ddp_dpi.c:81:145: note: in expansion of macro 'DISP_REG_MASK'
   if(cmdq)  {*(unsigned int*)(&r) = ((unsigned int)0x00000000);r.bit = ~(r.bit);*(unsigned int*)(&v) = ((unsigned int)0x00000000);v.bit = value;DISP_REG_MASK(cmdq, &REG, AS_UINT32(&v), AS_UINT32(&r));}  \
                                                                                                                                                 ^
drivers/misc/mediatek/dispsys/mt6735/ddp_dpi.c:287:2: note: in expansion of macro 'DPI_OUTREGBIT'
  DPI_OUTREGBIT(cmdq, DPI_REG_OUTPUT_SETTING, DPI_REG->OUTPUT_SETTING, CLK_POL, ctrl.CLK_POL);
  ^
In file included from /home/satory-ra/Android/kernel/android_kernel_oukitel_orange/drivers/misc/mediatek/videox/mt6735/disp_drv_log.h:3:0,
                 from drivers/misc/mediatek/dispsys/mt6735/ddp_dpi.c:12:
/home/satory-ra/Android/kernel/android_kernel_oukitel_orange/drivers/misc/mediatek/dispsys/mt6735/display_recorder.h:136:6: note: expected 'unsigned int' but argument is of type 'volatile struct DPI_REG_OUTPUT_SETTING *'
 void dprec_reg_op(void* cmdq, unsigned int reg, unsigned int val, unsigned int mask);
      ^
In file included from drivers/misc/mediatek/dispsys/mt6735/ddp_dpi.c:31:0:
/home/satory-ra/Android/kernel/android_kernel_oukitel_orange/drivers/misc/mediatek/dispsys/mt6735/mt6735m/ddp_reg.h:1420:25: warning: passing argument 1 of 'disp_addr_convert' makes integer from pointer without a cast
    cmdqRecWrite(handle, disp_addr_convert(reg32), val, mask); \
                         ^
drivers/misc/mediatek/dispsys/mt6735/ddp_dpi.c:81:145: note: in expansion of macro 'DISP_REG_MASK'
   if(cmdq)  {*(unsigned int*)(&r) = ((unsigned int)0x00000000);r.bit = ~(r.bit);*(unsigned int*)(&v) = ((unsigned int)0x00000000);v.bit = value;DISP_REG_MASK(cmdq, &REG, AS_UINT32(&v), AS_UINT32(&r));}  \
                                                                                                                                                 ^
drivers/misc/mediatek/dispsys/mt6735/ddp_dpi.c:287:2: note: in expansion of macro 'DPI_OUTREGBIT'
  DPI_OUTREGBIT(cmdq, DPI_REG_OUTPUT_SETTING, DPI_REG->OUTPUT_SETTING, CLK_POL, ctrl.CLK_POL);
  ^
/home/satory-ra/Android/kernel/android_kernel_oukitel_orange/drivers/misc/mediatek/dispsys/mt6735/mt6735m/ddp_reg.h:1395:29: note: expected 'long unsigned int' but argument is of type 'volatile struct DPI_REG_OUTPUT_SETTING *'
 static inline unsigned long disp_addr_convert(unsigned long va) 
                             ^
/home/satory-ra/Android/kernel/android_kernel_oukitel_orange/drivers/misc/mediatek/dispsys/mt6735/mt6735m/ddp_reg.h:1486:17: warning: passing argument 2 of 'dprec_reg_op' makes integer from pointer without a cast
                 dprec_reg_op(handle, reg32, val, 0x00000000);\
                 ^
drivers/misc/mediatek/dispsys/mt6735/ddp_dpi.c:82:63: note: in expansion of macro 'DISP_REG_SET'
   else{mt_reg_sync_writel(INREG32(&REG),&r);r.bit = (value);  DISP_REG_SET(cmdq, &REG, INREG32(&r));}    \
                                                               ^
drivers/misc/mediatek/dispsys/mt6735/ddp_dpi.c:287:2: note: in expansion of macro 'DPI_OUTREGBIT'
  DPI_OUTREGBIT(cmdq, DPI_REG_OUTPUT_SETTING, DPI_REG->OUTPUT_SETTING, CLK_POL, ctrl.CLK_POL);
  ^
In file included from /home/satory-ra/Android/kernel/android_kernel_oukitel_orange/drivers/misc/mediatek/videox/mt6735/disp_drv_log.h:3:0,
                 from drivers/misc/mediatek/dispsys/mt6735/ddp_dpi.c:12:
/home/satory-ra/Android/kernel/android_kernel_oukitel_orange/drivers/misc/mediatek/dispsys/mt6735/display_recorder.h:136:6: note: expected 'unsigned int' but argument is of type 'volatile struct DPI_REG_OUTPUT_SETTING *'
 void dprec_reg_op(void* cmdq, unsigned int reg, unsigned int val, unsigned int mask);
      ^
In file included from drivers/misc/mediatek/dispsys/mt6735/ddp_dpi.c:31:0:
/home/satory-ra/Android/kernel/android_kernel_oukitel_orange/drivers/misc/mediatek/dispsys/mt6735/mt6735m/ddp_reg.h:1487:38: warning: passing argument 1 of 'disp_addr_convert' makes integer from pointer without a cast
                 cmdqRecWrite(handle, disp_addr_convert(reg32), val, ~0); \
                                      ^
drivers/misc/mediatek/dispsys/mt6735/ddp_dpi.c:82:63: note: in expansion of macro 'DISP_REG_SET'
   else{mt_reg_sync_writel(INREG32(&REG),&r);r.bit = (value);  DISP_REG_SET(cmdq, &REG, INREG32(&r));}    \
                                                               ^
drivers/misc/mediatek/dispsys/mt6735/ddp_dpi.c:287:2: note: in expansion of macro 'DPI_OUTREGBIT'
  DPI_OUTREGBIT(cmdq, DPI_REG_OUTPUT_SETTING, DPI_REG->OUTPUT_SETTING, CLK_POL, ctrl.CLK_POL);
  ^
/home/satory-ra/Android/kernel/android_kernel_oukitel_orange/drivers/misc/mediatek/dispsys/mt6735/mt6735m/ddp_reg.h:1395:29: note: expected 'long unsigned int' but argument is of type 'volatile struct DPI_REG_OUTPUT_SETTING *'
 static inline unsigned long disp_addr_convert(unsigned long va) 
                             ^
drivers/misc/mediatek/dispsys/mt6735/ddp_dpi.c:192:9: warning: unused variable 'temp' [-Wunused-variable]
  UINT32 temp = 0;
         ^
In file included from drivers/misc/mediatek/dispsys/mt6735/ddp_dpi.c:31:0:
drivers/misc/mediatek/dispsys/mt6735/ddp_dpi.c: In function 'ddp_dpi_ConfigDE':
/home/satory-ra/Android/kernel/android_kernel_oukitel_orange/drivers/misc/mediatek/dispsys/mt6735/mt6735m/ddp_reg.h:1413:3: warning: passing argument 2 of 'dprec_reg_op' makes integer from pointer without a cast
   dprec_reg_op(handle, reg32, val, mask);\
   ^
drivers/misc/mediatek/dispsys/mt6735/ddp_dpi.c:81:145: note: in expansion of macro 'DISP_REG_MASK'
   if(cmdq)  {*(unsigned int*)(&r) = ((unsigned int)0x00000000);r.bit = ~(r.bit);*(unsigned int*)(&v) = ((unsigned int)0x00000000);v.bit = value;DISP_REG_MASK(cmdq, &REG, AS_UINT32(&v), AS_UINT32(&r));}  \
                                                                                                                                                 ^
drivers/misc/mediatek/dispsys/mt6735/ddp_dpi.c:297:2: note: in expansion of macro 'DPI_OUTREGBIT'
  DPI_OUTREGBIT(cmdq, DPI_REG_OUTPUT_SETTING, DPI_REG->OUTPUT_SETTING, DE_POL, pol.DE_POL);
  ^
In file included from /home/satory-ra/Android/kernel/android_kernel_oukitel_orange/drivers/misc/mediatek/videox/mt6735/disp_drv_log.h:3:0,
                 from drivers/misc/mediatek/dispsys/mt6735/ddp_dpi.c:12:
/home/satory-ra/Android/kernel/android_kernel_oukitel_orange/drivers/misc/mediatek/dispsys/mt6735/display_recorder.h:136:6: note: expected 'unsigned int' but argument is of type 'volatile struct DPI_REG_OUTPUT_SETTING *'
 void dprec_reg_op(void* cmdq, unsigned int reg, unsigned int val, unsigned int mask);
      ^
In file included from drivers/misc/mediatek/dispsys/mt6735/ddp_dpi.c:31:0:
/home/satory-ra/Android/kernel/android_kernel_oukitel_orange/drivers/misc/mediatek/dispsys/mt6735/mt6735m/ddp_reg.h:1420:25: warning: passing argument 1 of 'disp_addr_convert' makes integer from pointer without a cast
    cmdqRecWrite(handle, disp_addr_convert(reg32), val, mask); \
                         ^
drivers/misc/mediatek/dispsys/mt6735/ddp_dpi.c:81:145: note: in expansion of macro 'DISP_REG_MASK'
   if(cmdq)  {*(unsigned int*)(&r) = ((unsigned int)0x00000000);r.bit = ~(r.bit);*(unsigned int*)(&v) = ((unsigned int)0x00000000);v.bit = value;DISP_REG_MASK(cmdq, &REG, AS_UINT32(&v), AS_UINT32(&r));}  \
                                                                                                                                                 ^
drivers/misc/mediatek/dispsys/mt6735/ddp_dpi.c:297:2: note: in expansion of macro 'DPI_OUTREGBIT'
  DPI_OUTREGBIT(cmdq, DPI_REG_OUTPUT_SETTING, DPI_REG->OUTPUT_SETTING, DE_POL, pol.DE_POL);
  ^
/home/satory-ra/Android/kernel/android_kernel_oukitel_orange/drivers/misc/mediatek/dispsys/mt6735/mt6735m/ddp_reg.h:1395:29: note: expected 'long unsigned int' but argument is of type 'volatile struct DPI_REG_OUTPUT_SETTING *'
 static inline unsigned long disp_addr_convert(unsigned long va) 
                             ^
/home/satory-ra/Android/kernel/android_kernel_oukitel_orange/drivers/misc/mediatek/dispsys/mt6735/mt6735m/ddp_reg.h:1486:17: warning: passing argument 2 of 'dprec_reg_op' makes integer from pointer without a cast
                 dprec_reg_op(handle, reg32, val, 0x00000000);\
                 ^
drivers/misc/mediatek/dispsys/mt6735/ddp_dpi.c:82:63: note: in expansion of macro 'DISP_REG_SET'
   else{mt_reg_sync_writel(INREG32(&REG),&r);r.bit = (value);  DISP_REG_SET(cmdq, &REG, INREG32(&r));}    \
                                                               ^
drivers/misc/mediatek/dispsys/mt6735/ddp_dpi.c:297:2: note: in expansion of macro 'DPI_OUTREGBIT'
  DPI_OUTREGBIT(cmdq, DPI_REG_OUTPUT_SETTING, DPI_REG->OUTPUT_SETTING, DE_POL, pol.DE_POL);
  ^
In file included from /home/satory-ra/Android/kernel/android_kernel_oukitel_orange/drivers/misc/mediatek/videox/mt6735/disp_drv_log.h:3:0,
                 from drivers/misc/mediatek/dispsys/mt6735/ddp_dpi.c:12:
/home/satory-ra/Android/kernel/android_kernel_oukitel_orange/drivers/misc/mediatek/dispsys/mt6735/display_recorder.h:136:6: note: expected 'unsigned int' but argument is of type 'volatile struct DPI_REG_OUTPUT_SETTING *'
 void dprec_reg_op(void* cmdq, unsigned int reg, unsigned int val, unsigned int mask);
      ^
In file included from drivers/misc/mediatek/dispsys/mt6735/ddp_dpi.c:31:0:
/home/satory-ra/Android/kernel/android_kernel_oukitel_orange/drivers/misc/mediatek/dispsys/mt6735/mt6735m/ddp_reg.h:1487:38: warning: passing argument 1 of 'disp_addr_convert' makes integer from pointer without a cast
                 cmdqRecWrite(handle, disp_addr_convert(reg32), val, ~0); \
                                      ^
drivers/misc/mediatek/dispsys/mt6735/ddp_dpi.c:82:63: note: in expansion of macro 'DISP_REG_SET'
   else{mt_reg_sync_writel(INREG32(&REG),&r);r.bit = (value);  DISP_REG_SET(cmdq, &REG, INREG32(&r));}    \
                                                               ^
drivers/misc/mediatek/dispsys/mt6735/ddp_dpi.c:297:2: note: in expansion of macro 'DPI_OUTREGBIT'
  DPI_OUTREGBIT(cmdq, DPI_REG_OUTPUT_SETTING, DPI_REG->OUTPUT_SETTING, DE_POL, pol.DE_POL);
  ^
/home/satory-ra/Android/kernel/android_kernel_oukitel_orange/drivers/misc/mediatek/dispsys/mt6735/mt6735m/ddp_reg.h:1395:29: note: expected 'long unsigned int' but argument is of type 'volatile struct DPI_REG_OUTPUT_SETTING *'
 static inline unsigned long disp_addr_convert(unsigned long va) 
                             ^
drivers/misc/mediatek/dispsys/mt6735/ddp_dpi.c: In function 'ddp_dpi_ConfigVsync':
/home/satory-ra/Android/kernel/android_kernel_oukitel_orange/drivers/misc/mediatek/dispsys/mt6735/mt6735m/ddp_reg.h:1413:3: warning: passing argument 2 of 'dprec_reg_op' makes integer from pointer without a cast
   dprec_reg_op(handle, reg32, val, mask);\
   ^
drivers/misc/mediatek/dispsys/mt6735/ddp_dpi.c:81:145: note: in expansion of macro 'DISP_REG_MASK'
   if(cmdq)  {*(unsigned int*)(&r) = ((unsigned int)0x00000000);r.bit = ~(r.bit);*(unsigned int*)(&v) = ((unsigned int)0x00000000);v.bit = value;DISP_REG_MASK(cmdq, &REG, AS_UINT32(&v), AS_UINT32(&r));}  \
                                                                                                                                                 ^
drivers/misc/mediatek/dispsys/mt6735/ddp_dpi.c:319:2: note: in expansion of macro 'DPI_OUTREGBIT'
  DPI_OUTREGBIT(cmdq, DPI_REG_OUTPUT_SETTING, DPI_REG->OUTPUT_SETTING, VSYNC_POL, pol.VSYNC_POL);
  ^
In file included from /home/satory-ra/Android/kernel/android_kernel_oukitel_orange/drivers/misc/mediatek/videox/mt6735/disp_drv_log.h:3:0,
                 from drivers/misc/mediatek/dispsys/mt6735/ddp_dpi.c:12:
/home/satory-ra/Android/kernel/android_kernel_oukitel_orange/drivers/misc/mediatek/dispsys/mt6735/display_recorder.h:136:6: note: expected 'unsigned int' but argument is of type 'volatile struct DPI_REG_OUTPUT_SETTING *'
 void dprec_reg_op(void* cmdq, unsigned int reg, unsigned int val, unsigned int mask);
      ^
In file included from drivers/misc/mediatek/dispsys/mt6735/ddp_dpi.c:31:0:
/home/satory-ra/Android/kernel/android_kernel_oukitel_orange/drivers/misc/mediatek/dispsys/mt6735/mt6735m/ddp_reg.h:1420:25: warning: passing argument 1 of 'disp_addr_convert' makes integer from pointer without a cast
    cmdqRecWrite(handle, disp_addr_convert(reg32), val, mask); \
                         ^
drivers/misc/mediatek/dispsys/mt6735/ddp_dpi.c:81:145: note: in expansion of macro 'DISP_REG_MASK'
   if(cmdq)  {*(unsigned int*)(&r) = ((unsigned int)0x00000000);r.bit = ~(r.bit);*(unsigned int*)(&v) = ((unsigned int)0x00000000);v.bit = value;DISP_REG_MASK(cmdq, &REG, AS_UINT32(&v), AS_UINT32(&r));}  \
                                                                                                                                                 ^
drivers/misc/mediatek/dispsys/mt6735/ddp_dpi.c:319:2: note: in expansion of macro 'DPI_OUTREGBIT'
  DPI_OUTREGBIT(cmdq, DPI_REG_OUTPUT_SETTING, DPI_REG->OUTPUT_SETTING, VSYNC_POL, pol.VSYNC_POL);
  ^
/home/satory-ra/Android/kernel/android_kernel_oukitel_orange/drivers/misc/mediatek/dispsys/mt6735/mt6735m/ddp_reg.h:1395:29: note: expected 'long unsigned int' but argument is of type 'volatile struct DPI_REG_OUTPUT_SETTING *'
 static inline unsigned long disp_addr_convert(unsigned long va) 
                             ^
/home/satory-ra/Android/kernel/android_kernel_oukitel_orange/drivers/misc/mediatek/dispsys/mt6735/mt6735m/ddp_reg.h:1486:17: warning: passing argument 2 of 'dprec_reg_op' makes integer from pointer without a cast
                 dprec_reg_op(handle, reg32, val, 0x00000000);\
                 ^
drivers/misc/mediatek/dispsys/mt6735/ddp_dpi.c:82:63: note: in expansion of macro 'DISP_REG_SET'
   else{mt_reg_sync_writel(INREG32(&REG),&r);r.bit = (value);  DISP_REG_SET(cmdq, &REG, INREG32(&r));}    \
                                                               ^
drivers/misc/mediatek/dispsys/mt6735/ddp_dpi.c:319:2: note: in expansion of macro 'DPI_OUTREGBIT'
  DPI_OUTREGBIT(cmdq, DPI_REG_OUTPUT_SETTING, DPI_REG->OUTPUT_SETTING, VSYNC_POL, pol.VSYNC_POL);
  ^
In file included from /home/satory-ra/Android/kernel/android_kernel_oukitel_orange/drivers/misc/mediatek/videox/mt6735/disp_drv_log.h:3:0,
                 from drivers/misc/mediatek/dispsys/mt6735/ddp_dpi.c:12:
/home/satory-ra/Android/kernel/android_kernel_oukitel_orange/drivers/misc/mediatek/dispsys/mt6735/display_recorder.h:136:6: note: expected 'unsigned int' but argument is of type 'volatile struct DPI_REG_OUTPUT_SETTING *'
 void dprec_reg_op(void* cmdq, unsigned int reg, unsigned int val, unsigned int mask);
      ^
In file included from drivers/misc/mediatek/dispsys/mt6735/ddp_dpi.c:31:0:
/home/satory-ra/Android/kernel/android_kernel_oukitel_orange/drivers/misc/mediatek/dispsys/mt6735/mt6735m/ddp_reg.h:1487:38: warning: passing argument 1 of 'disp_addr_convert' makes integer from pointer without a cast
                 cmdqRecWrite(handle, disp_addr_convert(reg32), val, ~0); \
                                      ^
drivers/misc/mediatek/dispsys/mt6735/ddp_dpi.c:82:63: note: in expansion of macro 'DISP_REG_SET'
   else{mt_reg_sync_writel(INREG32(&REG),&r);r.bit = (value);  DISP_REG_SET(cmdq, &REG, INREG32(&r));}    \
                                                               ^
drivers/misc/mediatek/dispsys/mt6735/ddp_dpi.c:319:2: note: in expansion of macro 'DPI_OUTREGBIT'
  DPI_OUTREGBIT(cmdq, DPI_REG_OUTPUT_SETTING, DPI_REG->OUTPUT_SETTING, VSYNC_POL, pol.VSYNC_POL);
  ^
/home/satory-ra/Android/kernel/android_kernel_oukitel_orange/drivers/misc/mediatek/dispsys/mt6735/mt6735m/ddp_reg.h:1395:29: note: expected 'long unsigned int' but argument is of type 'volatile struct DPI_REG_OUTPUT_SETTING *'
 static inline unsigned long disp_addr_convert(unsigned long va) 
                             ^
/home/satory-ra/Android/kernel/android_kernel_oukitel_orange/drivers/misc/mediatek/dispsys/mt6735/mt6735m/ddp_reg.h:1413:3: warning: passing argument 2 of 'dprec_reg_op' makes integer from pointer without a cast
   dprec_reg_op(handle, reg32, val, mask);\
   ^
drivers/misc/mediatek/dispsys/mt6735/ddp_dpi.c:81:145: note: in expansion of macro 'DISP_REG_MASK'
   if(cmdq)  {*(unsigned int*)(&r) = ((unsigned int)0x00000000);r.bit = ~(r.bit);*(unsigned int*)(&v) = ((unsigned int)0x00000000);v.bit = value;DISP_REG_MASK(cmdq, &REG, AS_UINT32(&v), AS_UINT32(&r));}  \
                                                                                                                                                 ^
drivers/misc/mediatek/dispsys/mt6735/ddp_dpi.c:321:2: note: in expansion of macro 'DPI_OUTREGBIT'
  DPI_OUTREGBIT(cmdq, DPI_REG_TGEN_VWIDTH_LODD, DPI_REG->TGEN_VWIDTH_LODD, VPW_LODD, vwidth_lodd.VPW_LODD);
  ^
In file included from /home/satory-ra/Android/kernel/android_kernel_oukitel_orange/drivers/misc/mediatek/videox/mt6735/disp_drv_log.h:3:0,
                 from drivers/misc/mediatek/dispsys/mt6735/ddp_dpi.c:12:
/home/satory-ra/Android/kernel/android_kernel_oukitel_orange/drivers/misc/mediatek/dispsys/mt6735/display_recorder.h:136:6: note: expected 'unsigned int' but argument is of type 'volatile struct DPI_REG_TGEN_VWIDTH_LODD *'
 void dprec_reg_op(void* cmdq, unsigned int reg, unsigned int val, unsigned int mask);
      ^
In file included from drivers/misc/mediatek/dispsys/mt6735/ddp_dpi.c:31:0:
/home/satory-ra/Android/kernel/android_kernel_oukitel_orange/drivers/misc/mediatek/dispsys/mt6735/mt6735m/ddp_reg.h:1420:25: warning: passing argument 1 of 'disp_addr_convert' makes integer from pointer without a cast
    cmdqRecWrite(handle, disp_addr_convert(reg32), val, mask); \
                         ^
drivers/misc/mediatek/dispsys/mt6735/ddp_dpi.c:81:145: note: in expansion of macro 'DISP_REG_MASK'
   if(cmdq)  {*(unsigned int*)(&r) = ((unsigned int)0x00000000);r.bit = ~(r.bit);*(unsigned int*)(&v) = ((unsigned int)0x00000000);v.bit = value;DISP_REG_MASK(cmdq, &REG, AS_UINT32(&v), AS_UINT32(&r));}  \
                                                                                                                                                 ^
drivers/misc/mediatek/dispsys/mt6735/ddp_dpi.c:321:2: note: in expansion of macro 'DPI_OUTREGBIT'
  DPI_OUTREGBIT(cmdq, DPI_REG_TGEN_VWIDTH_LODD, DPI_REG->TGEN_VWIDTH_LODD, VPW_LODD, vwidth_lodd.VPW_LODD);
  ^
/home/satory-ra/Android/kernel/android_kernel_oukitel_orange/drivers/misc/mediatek/dispsys/mt6735/mt6735m/ddp_reg.h:1395:29: note: expected 'long unsigned int' but argument is of type 'volatile struct DPI_REG_TGEN_VWIDTH_LODD *'
 static inline unsigned long disp_addr_convert(unsigned long va) 
                             ^
/home/satory-ra/Android/kernel/android_kernel_oukitel_orange/drivers/misc/mediatek/dispsys/mt6735/mt6735m/ddp_reg.h:1486:17: warning: passing argument 2 of 'dprec_reg_op' makes integer from pointer without a cast
                 dprec_reg_op(handle, reg32, val, 0x00000000);\
                 ^
drivers/misc/mediatek/dispsys/mt6735/ddp_dpi.c:82:63: note: in expansion of macro 'DISP_REG_SET'
   else{mt_reg_sync_writel(INREG32(&REG),&r);r.bit = (value);  DISP_REG_SET(cmdq, &REG, INREG32(&r));}    \
                                                               ^
drivers/misc/mediatek/dispsys/mt6735/ddp_dpi.c:321:2: note: in expansion of macro 'DPI_OUTREGBIT'
  DPI_OUTREGBIT(cmdq, DPI_REG_TGEN_VWIDTH_LODD, DPI_REG->TGEN_VWIDTH_LODD, VPW_LODD, vwidth_lodd.VPW_LODD);
  ^
In file included from /home/satory-ra/Android/kernel/android_kernel_oukitel_orange/drivers/misc/mediatek/videox/mt6735/disp_drv_log.h:3:0,
                 from drivers/misc/mediatek/dispsys/mt6735/ddp_dpi.c:12:
/home/satory-ra/Android/kernel/android_kernel_oukitel_orange/drivers/misc/mediatek/dispsys/mt6735/display_recorder.h:136:6: note: expected 'unsigned int' but argument is of type 'volatile struct DPI_REG_TGEN_VWIDTH_LODD *'
 void dprec_reg_op(void* cmdq, unsigned int reg, unsigned int val, unsigned int mask);
      ^
In file included from drivers/misc/mediatek/dispsys/mt6735/ddp_dpi.c:31:0:
/home/satory-ra/Android/kernel/android_kernel_oukitel_orange/drivers/misc/mediatek/dispsys/mt6735/mt6735m/ddp_reg.h:1487:38: warning: passing argument 1 of 'disp_addr_convert' makes integer from pointer without a cast
                 cmdqRecWrite(handle, disp_addr_convert(reg32), val, ~0); \
                                      ^
drivers/misc/mediatek/dispsys/mt6735/ddp_dpi.c:82:63: note: in expansion of macro 'DISP_REG_SET'
   else{mt_reg_sync_writel(INREG32(&REG),&r);r.bit = (value);  DISP_REG_SET(cmdq, &REG, INREG32(&r));}    \
                                                               ^
drivers/misc/mediatek/dispsys/mt6735/ddp_dpi.c:321:2: note: in expansion of macro 'DPI_OUTREGBIT'
  DPI_OUTREGBIT(cmdq, DPI_REG_TGEN_VWIDTH_LODD, DPI_REG->TGEN_VWIDTH_LODD, VPW_LODD, vwidth_lodd.VPW_LODD);
  ^
/home/satory-ra/Android/kernel/android_kernel_oukitel_orange/drivers/misc/mediatek/dispsys/mt6735/mt6735m/ddp_reg.h:1395:29: note: expected 'long unsigned int' but argument is of type 'volatile struct DPI_REG_TGEN_VWIDTH_LODD *'
 static inline unsigned long disp_addr_convert(unsigned long va) 
                             ^
/home/satory-ra/Android/kernel/android_kernel_oukitel_orange/drivers/misc/mediatek/dispsys/mt6735/mt6735m/ddp_reg.h:1413:3: warning: passing argument 2 of 'dprec_reg_op' makes integer from pointer without a cast
   dprec_reg_op(handle, reg32, val, mask);\
   ^
drivers/misc/mediatek/dispsys/mt6735/ddp_dpi.c:81:145: note: in expansion of macro 'DISP_REG_MASK'
   if(cmdq)  {*(unsigned int*)(&r) = ((unsigned int)0x00000000);r.bit = ~(r.bit);*(unsigned int*)(&v) = ((unsigned int)0x00000000);v.bit = value;DISP_REG_MASK(cmdq, &REG, AS_UINT32(&v), AS_UINT32(&r));}  \
                                                                                                                                                 ^
drivers/misc/mediatek/dispsys/mt6735/ddp_dpi.c:324:2: note: in expansion of macro 'DPI_OUTREGBIT'
  DPI_OUTREGBIT(cmdq, DPI_REG_TGEN_VPORCH_LODD, DPI_REG->TGEN_VPORCH_LODD, VBP_LODD, vporch_lodd.VBP_LODD);
  ^
In file included from /home/satory-ra/Android/kernel/android_kernel_oukitel_orange/drivers/misc/mediatek/videox/mt6735/disp_drv_log.h:3:0,
                 from drivers/misc/mediatek/dispsys/mt6735/ddp_dpi.c:12:
/home/satory-ra/Android/kernel/android_kernel_oukitel_orange/drivers/misc/mediatek/dispsys/mt6735/display_recorder.h:136:6: note: expected 'unsigned int' but argument is of type 'volatile struct DPI_REG_TGEN_VPORCH_LODD *'
 void dprec_reg_op(void* cmdq, unsigned int reg, unsigned int val, unsigned int mask);
      ^
In file included from drivers/misc/mediatek/dispsys/mt6735/ddp_dpi.c:31:0:
/home/satory-ra/Android/kernel/android_kernel_oukitel_orange/drivers/misc/mediatek/dispsys/mt6735/mt6735m/ddp_reg.h:1420:25: warning: passing argument 1 of 'disp_addr_convert' makes integer from pointer without a cast
    cmdqRecWrite(handle, disp_addr_convert(reg32), val, mask); \
                         ^
drivers/misc/mediatek/dispsys/mt6735/ddp_dpi.c:81:145: note: in expansion of macro 'DISP_REG_MASK'
   if(cmdq)  {*(unsigned int*)(&r) = ((unsigned int)0x00000000);r.bit = ~(r.bit);*(unsigned int*)(&v) = ((unsigned int)0x00000000);v.bit = value;DISP_REG_MASK(cmdq, &REG, AS_UINT32(&v), AS_UINT32(&r));}  \
                                                                                                                                                 ^
drivers/misc/mediatek/dispsys/mt6735/ddp_dpi.c:324:2: note: in expansion of macro 'DPI_OUTREGBIT'
  DPI_OUTREGBIT(cmdq, DPI_REG_TGEN_VPORCH_LODD, DPI_REG->TGEN_VPORCH_LODD, VBP_LODD, vporch_lodd.VBP_LODD);
  ^
/home/satory-ra/Android/kernel/android_kernel_oukitel_orange/drivers/misc/mediatek/dispsys/mt6735/mt6735m/ddp_reg.h:1395:29: note: expected 'long unsigned int' but argument is of type 'volatile struct DPI_REG_TGEN_VPORCH_LODD *'
 static inline unsigned long disp_addr_convert(unsigned long va) 
                             ^
/home/satory-ra/Android/kernel/android_kernel_oukitel_orange/drivers/misc/mediatek/dispsys/mt6735/mt6735m/ddp_reg.h:1486:17: warning: passing argument 2 of 'dprec_reg_op' makes integer from pointer without a cast
                 dprec_reg_op(handle, reg32, val, 0x00000000);\
                 ^
drivers/misc/mediatek/dispsys/mt6735/ddp_dpi.c:82:63: note: in expansion of macro 'DISP_REG_SET'
   else{mt_reg_sync_writel(INREG32(&REG),&r);r.bit = (value);  DISP_REG_SET(cmdq, &REG, INREG32(&r));}    \
                                                               ^
drivers/misc/mediatek/dispsys/mt6735/ddp_dpi.c:324:2: note: in expansion of macro 'DPI_OUTREGBIT'
  DPI_OUTREGBIT(cmdq, DPI_REG_TGEN_VPORCH_LODD, DPI_REG->TGEN_VPORCH_LODD, VBP_LODD, vporch_lodd.VBP_LODD);
  ^
In file included from /home/satory-ra/Android/kernel/android_kernel_oukitel_orange/drivers/misc/mediatek/videox/mt6735/disp_drv_log.h:3:0,
                 from drivers/misc/mediatek/dispsys/mt6735/ddp_dpi.c:12:
/home/satory-ra/Android/kernel/android_kernel_oukitel_orange/drivers/misc/mediatek/dispsys/mt6735/display_recorder.h:136:6: note: expected 'unsigned int' but argument is of type 'volatile struct DPI_REG_TGEN_VPORCH_LODD *'
 void dprec_reg_op(void* cmdq, unsigned int reg, unsigned int val, unsigned int mask);
      ^
In file included from drivers/misc/mediatek/dispsys/mt6735/ddp_dpi.c:31:0:
/home/satory-ra/Android/kernel/android_kernel_oukitel_orange/drivers/misc/mediatek/dispsys/mt6735/mt6735m/ddp_reg.h:1487:38: warning: passing argument 1 of 'disp_addr_convert' makes integer from pointer without a cast
                 cmdqRecWrite(handle, disp_addr_convert(reg32), val, ~0); \
                                      ^
drivers/misc/mediatek/dispsys/mt6735/ddp_dpi.c:82:63: note: in expansion of macro 'DISP_REG_SET'
   else{mt_reg_sync_writel(INREG32(&REG),&r);r.bit = (value);  DISP_REG_SET(cmdq, &REG, INREG32(&r));}    \
                                                               ^
drivers/misc/mediatek/dispsys/mt6735/ddp_dpi.c:324:2: note: in expansion of macro 'DPI_OUTREGBIT'
  DPI_OUTREGBIT(cmdq, DPI_REG_TGEN_VPORCH_LODD, DPI_REG->TGEN_VPORCH_LODD, VBP_LODD, vporch_lodd.VBP_LODD);
  ^
/home/satory-ra/Android/kernel/android_kernel_oukitel_orange/drivers/misc/mediatek/dispsys/mt6735/mt6735m/ddp_reg.h:1395:29: note: expected 'long unsigned int' but argument is of type 'volatile struct DPI_REG_TGEN_VPORCH_LODD *'
 static inline unsigned long disp_addr_convert(unsigned long va) 
                             ^
/home/satory-ra/Android/kernel/android_kernel_oukitel_orange/drivers/misc/mediatek/dispsys/mt6735/mt6735m/ddp_reg.h:1413:3: warning: passing argument 2 of 'dprec_reg_op' makes integer from pointer without a cast
   dprec_reg_op(handle, reg32, val, mask);\
   ^
drivers/misc/mediatek/dispsys/mt6735/ddp_dpi.c:81:145: note: in expansion of macro 'DISP_REG_MASK'
   if(cmdq)  {*(unsigned int*)(&r) = ((unsigned int)0x00000000);r.bit = ~(r.bit);*(unsigned int*)(&v) = ((unsigned int)0x00000000);v.bit = value;DISP_REG_MASK(cmdq, &REG, AS_UINT32(&v), AS_UINT32(&r));}  \
                                                                                                                                                 ^
drivers/misc/mediatek/dispsys/mt6735/ddp_dpi.c:325:2: note: in expansion of macro 'DPI_OUTREGBIT'
  DPI_OUTREGBIT(cmdq, DPI_REG_TGEN_VPORCH_LODD, DPI_REG->TGEN_VPORCH_LODD, VFP_LODD, vporch_lodd.VFP_LODD);
  ^
In file included from /home/satory-ra/Android/kernel/android_kernel_oukitel_orange/drivers/misc/mediatek/videox/mt6735/disp_drv_log.h:3:0,
                 from drivers/misc/mediatek/dispsys/mt6735/ddp_dpi.c:12:
/home/satory-ra/Android/kernel/android_kernel_oukitel_orange/drivers/misc/mediatek/dispsys/mt6735/display_recorder.h:136:6: note: expected 'unsigned int' but argument is of type 'volatile struct DPI_REG_TGEN_VPORCH_LODD *'
 void dprec_reg_op(void* cmdq, unsigned int reg, unsigned int val, unsigned int mask);
      ^
In file included from drivers/misc/mediatek/dispsys/mt6735/ddp_dpi.c:31:0:
/home/satory-ra/Android/kernel/android_kernel_oukitel_orange/drivers/misc/mediatek/dispsys/mt6735/mt6735m/ddp_reg.h:1420:25: warning: passing argument 1 of 'disp_addr_convert' makes integer from pointer without a cast
    cmdqRecWrite(handle, disp_addr_convert(reg32), val, mask); \
                         ^
drivers/misc/mediatek/dispsys/mt6735/ddp_dpi.c:81:145: note: in expansion of macro 'DISP_REG_MASK'
   if(cmdq)  {*(unsigned int*)(&r) = ((unsigned int)0x00000000);r.bit = ~(r.bit);*(unsigned int*)(&v) = ((unsigned int)0x00000000);v.bit = value;DISP_REG_MASK(cmdq, &REG, AS_UINT32(&v), AS_UINT32(&r));}  \
                                                                                                                                                 ^
drivers/misc/mediatek/dispsys/mt6735/ddp_dpi.c:325:2: note: in expansion of macro 'DPI_OUTREGBIT'
  DPI_OUTREGBIT(cmdq, DPI_REG_TGEN_VPORCH_LODD, DPI_REG->TGEN_VPORCH_LODD, VFP_LODD, vporch_lodd.VFP_LODD);
  ^
/home/satory-ra/Android/kernel/android_kernel_oukitel_orange/drivers/misc/mediatek/dispsys/mt6735/mt6735m/ddp_reg.h:1395:29: note: expected 'long unsigned int' but argument is of type 'volatile struct DPI_REG_TGEN_VPORCH_LODD *'
 static inline unsigned long disp_addr_convert(unsigned long va) 
                             ^
/home/satory-ra/Android/kernel/android_kernel_oukitel_orange/drivers/misc/mediatek/dispsys/mt6735/mt6735m/ddp_reg.h:1486:17: warning: passing argument 2 of 'dprec_reg_op' makes integer from pointer without a cast
                 dprec_reg_op(handle, reg32, val, 0x00000000);\
                 ^
drivers/misc/mediatek/dispsys/mt6735/ddp_dpi.c:82:63: note: in expansion of macro 'DISP_REG_SET'
   else{mt_reg_sync_writel(INREG32(&REG),&r);r.bit = (value);  DISP_REG_SET(cmdq, &REG, INREG32(&r));}    \
                                                               ^
drivers/misc/mediatek/dispsys/mt6735/ddp_dpi.c:325:2: note: in expansion of macro 'DPI_OUTREGBIT'
  DPI_OUTREGBIT(cmdq, DPI_REG_TGEN_VPORCH_LODD, DPI_REG->TGEN_VPORCH_LODD, VFP_LODD, vporch_lodd.VFP_LODD);
  ^
In file included from /home/satory-ra/Android/kernel/android_kernel_oukitel_orange/drivers/misc/mediatek/videox/mt6735/disp_drv_log.h:3:0,
                 from drivers/misc/mediatek/dispsys/mt6735/ddp_dpi.c:12:
/home/satory-ra/Android/kernel/android_kernel_oukitel_orange/drivers/misc/mediatek/dispsys/mt6735/display_recorder.h:136:6: note: expected 'unsigned int' but argument is of type 'volatile struct DPI_REG_TGEN_VPORCH_LODD *'
 void dprec_reg_op(void* cmdq, unsigned int reg, unsigned int val, unsigned int mask);
      ^
In file included from drivers/misc/mediatek/dispsys/mt6735/ddp_dpi.c:31:0:
/home/satory-ra/Android/kernel/android_kernel_oukitel_orange/drivers/misc/mediatek/dispsys/mt6735/mt6735m/ddp_reg.h:1487:38: warning: passing argument 1 of 'disp_addr_convert' makes integer from pointer without a cast
                 cmdqRecWrite(handle, disp_addr_convert(reg32), val, ~0); \
                                      ^
drivers/misc/mediatek/dispsys/mt6735/ddp_dpi.c:82:63: note: in expansion of macro 'DISP_REG_SET'
   else{mt_reg_sync_writel(INREG32(&REG),&r);r.bit = (value);  DISP_REG_SET(cmdq, &REG, INREG32(&r));}    \
                                                               ^
drivers/misc/mediatek/dispsys/mt6735/ddp_dpi.c:325:2: note: in expansion of macro 'DPI_OUTREGBIT'
  DPI_OUTREGBIT(cmdq, DPI_REG_TGEN_VPORCH_LODD, DPI_REG->TGEN_VPORCH_LODD, VFP_LODD, vporch_lodd.VFP_LODD);
  ^
/home/satory-ra/Android/kernel/android_kernel_oukitel_orange/drivers/misc/mediatek/dispsys/mt6735/mt6735m/ddp_reg.h:1395:29: note: expected 'long unsigned int' but argument is of type 'volatile struct DPI_REG_TGEN_VPORCH_LODD *'
 static inline unsigned long disp_addr_convert(unsigned long va) 
                             ^
/home/satory-ra/Android/kernel/android_kernel_oukitel_orange/drivers/misc/mediatek/dispsys/mt6735/mt6735m/ddp_reg.h:1413:3: warning: passing argument 2 of 'dprec_reg_op' makes integer from pointer without a cast
   dprec_reg_op(handle, reg32, val, mask);\
   ^
drivers/misc/mediatek/dispsys/mt6735/ddp_dpi.c:81:145: note: in expansion of macro 'DISP_REG_MASK'
   if(cmdq)  {*(unsigned int*)(&r) = ((unsigned int)0x00000000);r.bit = ~(r.bit);*(unsigned int*)(&v) = ((unsigned int)0x00000000);v.bit = value;DISP_REG_MASK(cmdq, &REG, AS_UINT32(&v), AS_UINT32(&r));}  \
                                                                                                                                                 ^
drivers/misc/mediatek/dispsys/mt6735/ddp_dpi.c:327:2: note: in expansion of macro 'DPI_OUTREGBIT'
  DPI_OUTREGBIT(cmdq, DPI_REG_CNTL, DPI_REG->CNTL, VS_LODD_EN, VS.VS_LODD_EN);
  ^
In file included from /home/satory-ra/Android/kernel/android_kernel_oukitel_orange/drivers/misc/mediatek/videox/mt6735/disp_drv_log.h:3:0,
                 from drivers/misc/mediatek/dispsys/mt6735/ddp_dpi.c:12:
/home/satory-ra/Android/kernel/android_kernel_oukitel_orange/drivers/misc/mediatek/dispsys/mt6735/display_recorder.h:136:6: note: expected 'unsigned int' but argument is of type 'volatile struct DPI_REG_CNTL *'
 void dprec_reg_op(void* cmdq, unsigned int reg, unsigned int val, unsigned int mask);
      ^
In file included from drivers/misc/mediatek/dispsys/mt6735/ddp_dpi.c:31:0:
/home/satory-ra/Android/kernel/android_kernel_oukitel_orange/drivers/misc/mediatek/dispsys/mt6735/mt6735m/ddp_reg.h:1420:25: warning: passing argument 1 of 'disp_addr_convert' makes integer from pointer without a cast
    cmdqRecWrite(handle, disp_addr_convert(reg32), val, mask); \
                         ^
drivers/misc/mediatek/dispsys/mt6735/ddp_dpi.c:81:145: note: in expansion of macro 'DISP_REG_MASK'
   if(cmdq)  {*(unsigned int*)(&r) = ((unsigned int)0x00000000);r.bit = ~(r.bit);*(unsigned int*)(&v) = ((unsigned int)0x00000000);v.bit = value;DISP_REG_MASK(cmdq, &REG, AS_UINT32(&v), AS_UINT32(&r));}  \
                                                                                                                                                 ^
drivers/misc/mediatek/dispsys/mt6735/ddp_dpi.c:327:2: note: in expansion of macro 'DPI_OUTREGBIT'
  DPI_OUTREGBIT(cmdq, DPI_REG_CNTL, DPI_REG->CNTL, VS_LODD_EN, VS.VS_LODD_EN);
  ^
/home/satory-ra/Android/kernel/android_kernel_oukitel_orange/drivers/misc/mediatek/dispsys/mt6735/mt6735m/ddp_reg.h:1395:29: note: expected 'long unsigned int' but argument is of type 'volatile struct DPI_REG_CNTL *'
 static inline unsigned long disp_addr_convert(unsigned long va) 
                             ^
/home/satory-ra/Android/kernel/android_kernel_oukitel_orange/drivers/misc/mediatek/dispsys/mt6735/mt6735m/ddp_reg.h:1486:17: warning: passing argument 2 of 'dprec_reg_op' makes integer from pointer without a cast
                 dprec_reg_op(handle, reg32, val, 0x00000000);\
                 ^
drivers/misc/mediatek/dispsys/mt6735/ddp_dpi.c:82:63: note: in expansion of macro 'DISP_REG_SET'
   else{mt_reg_sync_writel(INREG32(&REG),&r);r.bit = (value);  DISP_REG_SET(cmdq, &REG, INREG32(&r));}    \
                                                               ^
drivers/misc/mediatek/dispsys/mt6735/ddp_dpi.c:327:2: note: in expansion of macro 'DPI_OUTREGBIT'
  DPI_OUTREGBIT(cmdq, DPI_REG_CNTL, DPI_REG->CNTL, VS_LODD_EN, VS.VS_LODD_EN);
  ^
In file included from /home/satory-ra/Android/kernel/android_kernel_oukitel_orange/drivers/misc/mediatek/videox/mt6735/disp_drv_log.h:3:0,
                 from drivers/misc/mediatek/dispsys/mt6735/ddp_dpi.c:12:
/home/satory-ra/Android/kernel/android_kernel_oukitel_orange/drivers/misc/mediatek/dispsys/mt6735/display_recorder.h:136:6: note: expected 'unsigned int' but argument is of type 'volatile struct DPI_REG_CNTL *'
 void dprec_reg_op(void* cmdq, unsigned int reg, unsigned int val, unsigned int mask);
      ^
In file included from drivers/misc/mediatek/dispsys/mt6735/ddp_dpi.c:31:0:
/home/satory-ra/Android/kernel/android_kernel_oukitel_orange/drivers/misc/mediatek/dispsys/mt6735/mt6735m/ddp_reg.h:1487:38: warning: passing argument 1 of 'disp_addr_convert' makes integer from pointer without a cast
                 cmdqRecWrite(handle, disp_addr_convert(reg32), val, ~0); \
                                      ^
drivers/misc/mediatek/dispsys/mt6735/ddp_dpi.c:82:63: note: in expansion of macro 'DISP_REG_SET'
   else{mt_reg_sync_writel(INREG32(&REG),&r);r.bit = (value);  DISP_REG_SET(cmdq, &REG, INREG32(&r));}    \
                                                               ^
drivers/misc/mediatek/dispsys/mt6735/ddp_dpi.c:327:2: note: in expansion of macro 'DPI_OUTREGBIT'
  DPI_OUTREGBIT(cmdq, DPI_REG_CNTL, DPI_REG->CNTL, VS_LODD_EN, VS.VS_LODD_EN);
  ^
/home/satory-ra/Android/kernel/android_kernel_oukitel_orange/drivers/misc/mediatek/dispsys/mt6735/mt6735m/ddp_reg.h:1395:29: note: expected 'long unsigned int' but argument is of type 'volatile struct DPI_REG_CNTL *'
 static inline unsigned long disp_addr_convert(unsigned long va) 
                             ^
/home/satory-ra/Android/kernel/android_kernel_oukitel_orange/drivers/misc/mediatek/dispsys/mt6735/mt6735m/ddp_reg.h:1413:3: warning: passing argument 2 of 'dprec_reg_op' makes integer from pointer without a cast
   dprec_reg_op(handle, reg32, val, mask);\
   ^
drivers/misc/mediatek/dispsys/mt6735/ddp_dpi.c:81:145: note: in expansion of macro 'DISP_REG_MASK'
   if(cmdq)  {*(unsigned int*)(&r) = ((unsigned int)0x00000000);r.bit = ~(r.bit);*(unsigned int*)(&v) = ((unsigned int)0x00000000);v.bit = value;DISP_REG_MASK(cmdq, &REG, AS_UINT32(&v), AS_UINT32(&r));}  \
                                                                                                                                                 ^
drivers/misc/mediatek/dispsys/mt6735/ddp_dpi.c:328:2: note: in expansion of macro 'DPI_OUTREGBIT'
  DPI_OUTREGBIT(cmdq, DPI_REG_CNTL, DPI_REG->CNTL, VS_LEVEN_EN, VS.VS_LEVEN_EN);
  ^
In file included from /home/satory-ra/Android/kernel/android_kernel_oukitel_orange/drivers/misc/mediatek/videox/mt6735/disp_drv_log.h:3:0,
                 from drivers/misc/mediatek/dispsys/mt6735/ddp_dpi.c:12:
/home/satory-ra/Android/kernel/android_kernel_oukitel_orange/drivers/misc/mediatek/dispsys/mt6735/display_recorder.h:136:6: note: expected 'unsigned int' but argument is of type 'volatile struct DPI_REG_CNTL *'
 void dprec_reg_op(void* cmdq, unsigned int reg, unsigned int val, unsigned int mask);
      ^
In file included from drivers/misc/mediatek/dispsys/mt6735/ddp_dpi.c:31:0:
/home/satory-ra/Android/kernel/android_kernel_oukitel_orange/drivers/misc/mediatek/dispsys/mt6735/mt6735m/ddp_reg.h:1420:25: warning: passing argument 1 of 'disp_addr_convert' makes integer from pointer without a cast
    cmdqRecWrite(handle, disp_addr_convert(reg32), val, mask); \
                         ^
drivers/misc/mediatek/dispsys/mt6735/ddp_dpi.c:81:145: note: in expansion of macro 'DISP_REG_MASK'
   if(cmdq)  {*(unsigned int*)(&r) = ((unsigned int)0x00000000);r.bit = ~(r.bit);*(unsigned int*)(&v) = ((unsigned int)0x00000000);v.bit = value;DISP_REG_MASK(cmdq, &REG, AS_UINT32(&v), AS_UINT32(&r));}  \
                                                                                                                                                 ^
drivers/misc/mediatek/dispsys/mt6735/ddp_dpi.c:328:2: note: in expansion of macro 'DPI_OUTREGBIT'
  DPI_OUTREGBIT(cmdq, DPI_REG_CNTL, DPI_REG->CNTL, VS_LEVEN_EN, VS.VS_LEVEN_EN);
  ^
/home/satory-ra/Android/kernel/android_kernel_oukitel_orange/drivers/misc/mediatek/dispsys/mt6735/mt6735m/ddp_reg.h:1395:29: note: expected 'long unsigned int' but argument is of type 'volatile struct DPI_REG_CNTL *'
 static inline unsigned long disp_addr_convert(unsigned long va) 
                             ^
/home/satory-ra/Android/kernel/android_kernel_oukitel_orange/drivers/misc/mediatek/dispsys/mt6735/mt6735m/ddp_reg.h:1486:17: warning: passing argument 2 of 'dprec_reg_op' makes integer from pointer without a cast
                 dprec_reg_op(handle, reg32, val, 0x00000000);\
                 ^
drivers/misc/mediatek/dispsys/mt6735/ddp_dpi.c:82:63: note: in expansion of macro 'DISP_REG_SET'
   else{mt_reg_sync_writel(INREG32(&REG),&r);r.bit = (value);  DISP_REG_SET(cmdq, &REG, INREG32(&r));}    \
                                                               ^
drivers/misc/mediatek/dispsys/mt6735/ddp_dpi.c:328:2: note: in expansion of macro 'DPI_OUTREGBIT'
  DPI_OUTREGBIT(cmdq, DPI_REG_CNTL, DPI_REG->CNTL, VS_LEVEN_EN, VS.VS_LEVEN_EN);
  ^
In file included from /home/satory-ra/Android/kernel/android_kernel_oukitel_orange/drivers/misc/mediatek/videox/mt6735/disp_drv_log.h:3:0,
                 from drivers/misc/mediatek/dispsys/mt6735/ddp_dpi.c:12:
/home/satory-ra/Android/kernel/android_kernel_oukitel_orange/drivers/misc/mediatek/dispsys/mt6735/display_recorder.h:136:6: note: expected 'unsigned int' but argument is of type 'volatile struct DPI_REG_CNTL *'
 void dprec_reg_op(void* cmdq, unsigned int reg, unsigned int val, unsigned int mask);
      ^
In file included from drivers/misc/mediatek/dispsys/mt6735/ddp_dpi.c:31:0:
/home/satory-ra/Android/kernel/android_kernel_oukitel_orange/drivers/misc/mediatek/dispsys/mt6735/mt6735m/ddp_reg.h:1487:38: warning: passing argument 1 of 'disp_addr_convert' makes integer from pointer without a cast
                 cmdqRecWrite(handle, disp_addr_convert(reg32), val, ~0); \
                                      ^
drivers/misc/mediatek/dispsys/mt6735/ddp_dpi.c:82:63: note: in expansion of macro 'DISP_REG_SET'
   else{mt_reg_sync_writel(INREG32(&REG),&r);r.bit = (value);  DISP_REG_SET(cmdq, &REG, INREG32(&r));}    \
                                                               ^
drivers/misc/mediatek/dispsys/mt6735/ddp_dpi.c:328:2: note: in expansion of macro 'DPI_OUTREGBIT'
  DPI_OUTREGBIT(cmdq, DPI_REG_CNTL, DPI_REG->CNTL, VS_LEVEN_EN, VS.VS_LEVEN_EN);
  ^
/home/satory-ra/Android/kernel/android_kernel_oukitel_orange/drivers/misc/mediatek/dispsys/mt6735/mt6735m/ddp_reg.h:1395:29: note: expected 'long unsigned int' but argument is of type 'volatile struct DPI_REG_CNTL *'
 static inline unsigned long disp_addr_convert(unsigned long va) 
                             ^
/home/satory-ra/Android/kernel/android_kernel_oukitel_orange/drivers/misc/mediatek/dispsys/mt6735/mt6735m/ddp_reg.h:1413:3: warning: passing argument 2 of 'dprec_reg_op' makes integer from pointer without a cast
   dprec_reg_op(handle, reg32, val, mask);\
   ^
drivers/misc/mediatek/dispsys/mt6735/ddp_dpi.c:81:145: note: in expansion of macro 'DISP_REG_MASK'
   if(cmdq)  {*(unsigned int*)(&r) = ((unsigned int)0x00000000);r.bit = ~(r.bit);*(unsigned int*)(&v) = ((unsigned int)0x00000000);v.bit = value;DISP_REG_MASK(cmdq, &REG, AS_UINT32(&v), AS_UINT32(&r));}  \
                                                                                                                                                 ^
drivers/misc/mediatek/dispsys/mt6735/ddp_dpi.c:329:2: note: in expansion of macro 'DPI_OUTREGBIT'
  DPI_OUTREGBIT(cmdq, DPI_REG_CNTL, DPI_REG->CNTL, VS_RODD_EN, VS.VS_RODD_EN);
  ^
In file included from /home/satory-ra/Android/kernel/android_kernel_oukitel_orange/drivers/misc/mediatek/videox/mt6735/disp_drv_log.h:3:0,
                 from drivers/misc/mediatek/dispsys/mt6735/ddp_dpi.c:12:
/home/satory-ra/Android/kernel/android_kernel_oukitel_orange/drivers/misc/mediatek/dispsys/mt6735/display_recorder.h:136:6: note: expected 'unsigned int' but argument is of type 'volatile struct DPI_REG_CNTL *'
 void dprec_reg_op(void* cmdq, unsigned int reg, unsigned int val, unsigned int mask);
      ^
In file included from drivers/misc/mediatek/dispsys/mt6735/ddp_dpi.c:31:0:
/home/satory-ra/Android/kernel/android_kernel_oukitel_orange/drivers/misc/mediatek/dispsys/mt6735/mt6735m/ddp_reg.h:1420:25: warning: passing argument 1 of 'disp_addr_convert' makes integer from pointer without a cast
    cmdqRecWrite(handle, disp_addr_convert(reg32), val, mask); \
                         ^
drivers/misc/mediatek/dispsys/mt6735/ddp_dpi.c:81:145: note: in expansion of macro 'DISP_REG_MASK'
   if(cmdq)  {*(unsigned int*)(&r) = ((unsigned int)0x00000000);r.bit = ~(r.bit);*(unsigned int*)(&v) = ((unsigned int)0x00000000);v.bit = value;DISP_REG_MASK(cmdq, &REG, AS_UINT32(&v), AS_UINT32(&r));}  \
                                                                                                                                                 ^
drivers/misc/mediatek/dispsys/mt6735/ddp_dpi.c:329:2: note: in expansion of macro 'DPI_OUTREGBIT'
  DPI_OUTREGBIT(cmdq, DPI_REG_CNTL, DPI_REG->CNTL, VS_RODD_EN, VS.VS_RODD_EN);
  ^
/home/satory-ra/Android/kernel/android_kernel_oukitel_orange/drivers/misc/mediatek/dispsys/mt6735/mt6735m/ddp_reg.h:1395:29: note: expected 'long unsigned int' but argument is of type 'volatile struct DPI_REG_CNTL *'
 static inline unsigned long disp_addr_convert(unsigned long va) 
                             ^
/home/satory-ra/Android/kernel/android_kernel_oukitel_orange/drivers/misc/mediatek/dispsys/mt6735/mt6735m/ddp_reg.h:1486:17: warning: passing argument 2 of 'dprec_reg_op' makes integer from pointer without a cast
                 dprec_reg_op(handle, reg32, val, 0x00000000);\
                 ^
drivers/misc/mediatek/dispsys/mt6735/ddp_dpi.c:82:63: note: in expansion of macro 'DISP_REG_SET'
   else{mt_reg_sync_writel(INREG32(&REG),&r);r.bit = (value);  DISP_REG_SET(cmdq, &REG, INREG32(&r));}    \
                                                               ^
drivers/misc/mediatek/dispsys/mt6735/ddp_dpi.c:329:2: note: in expansion of macro 'DPI_OUTREGBIT'
  DPI_OUTREGBIT(cmdq, DPI_REG_CNTL, DPI_REG->CNTL, VS_RODD_EN, VS.VS_RODD_EN);
  ^
In file included from /home/satory-ra/Android/kernel/android_kernel_oukitel_orange/drivers/misc/mediatek/videox/mt6735/disp_drv_log.h:3:0,
                 from drivers/misc/mediatek/dispsys/mt6735/ddp_dpi.c:12:
/home/satory-ra/Android/kernel/android_kernel_oukitel_orange/drivers/misc/mediatek/dispsys/mt6735/display_recorder.h:136:6: note: expected 'unsigned int' but argument is of type 'volatile struct DPI_REG_CNTL *'
 void dprec_reg_op(void* cmdq, unsigned int reg, unsigned int val, unsigned int mask);
      ^
In file included from drivers/misc/mediatek/dispsys/mt6735/ddp_dpi.c:31:0:
/home/satory-ra/Android/kernel/android_kernel_oukitel_orange/drivers/misc/mediatek/dispsys/mt6735/mt6735m/ddp_reg.h:1487:38: warning: passing argument 1 of 'disp_addr_convert' makes integer from pointer without a cast
                 cmdqRecWrite(handle, disp_addr_convert(reg32), val, ~0); \
                                      ^
drivers/misc/mediatek/dispsys/mt6735/ddp_dpi.c:82:63: note: in expansion of macro 'DISP_REG_SET'
   else{mt_reg_sync_writel(INREG32(&REG),&r);r.bit = (value);  DISP_REG_SET(cmdq, &REG, INREG32(&r));}    \
                                                               ^
drivers/misc/mediatek/dispsys/mt6735/ddp_dpi.c:329:2: note: in expansion of macro 'DPI_OUTREGBIT'
  DPI_OUTREGBIT(cmdq, DPI_REG_CNTL, DPI_REG->CNTL, VS_RODD_EN, VS.VS_RODD_EN);
  ^
/home/satory-ra/Android/kernel/android_kernel_oukitel_orange/drivers/misc/mediatek/dispsys/mt6735/mt6735m/ddp_reg.h:1395:29: note: expected 'long unsigned int' but argument is of type 'volatile struct DPI_REG_CNTL *'
 static inline unsigned long disp_addr_convert(unsigned long va) 
                             ^
/home/satory-ra/Android/kernel/android_kernel_oukitel_orange/drivers/misc/mediatek/dispsys/mt6735/mt6735m/ddp_reg.h:1413:3: warning: passing argument 2 of 'dprec_reg_op' makes integer from pointer without a cast
   dprec_reg_op(handle, reg32, val, mask);\
   ^
drivers/misc/mediatek/dispsys/mt6735/ddp_dpi.c:81:145: note: in expansion of macro 'DISP_REG_MASK'
   if(cmdq)  {*(unsigned int*)(&r) = ((unsigned int)0x00000000);r.bit = ~(r.bit);*(unsigned int*)(&v) = ((unsigned int)0x00000000);v.bit = value;DISP_REG_MASK(cmdq, &REG, AS_UINT32(&v), AS_UINT32(&r));}  \
                                                                                                                                                 ^
drivers/misc/mediatek/dispsys/mt6735/ddp_dpi.c:330:2: note: in expansion of macro 'DPI_OUTREGBIT'
  DPI_OUTREGBIT(cmdq, DPI_REG_CNTL, DPI_REG->CNTL, VS_REVEN_EN, VS.VS_REVEN_EN);
  ^
In file included from /home/satory-ra/Android/kernel/android_kernel_oukitel_orange/drivers/misc/mediatek/videox/mt6735/disp_drv_log.h:3:0,
                 from drivers/misc/mediatek/dispsys/mt6735/ddp_dpi.c:12:
/home/satory-ra/Android/kernel/android_kernel_oukitel_orange/drivers/misc/mediatek/dispsys/mt6735/display_recorder.h:136:6: note: expected 'unsigned int' but argument is of type 'volatile struct DPI_REG_CNTL *'
 void dprec_reg_op(void* cmdq, unsigned int reg, unsigned int val, unsigned int mask);
      ^
In file included from drivers/misc/mediatek/dispsys/mt6735/ddp_dpi.c:31:0:
/home/satory-ra/Android/kernel/android_kernel_oukitel_orange/drivers/misc/mediatek/dispsys/mt6735/mt6735m/ddp_reg.h:1420:25: warning: passing argument 1 of 'disp_addr_convert' makes integer from pointer without a cast
    cmdqRecWrite(handle, disp_addr_convert(reg32), val, mask); \
                         ^
drivers/misc/mediatek/dispsys/mt6735/ddp_dpi.c:81:145: note: in expansion of macro 'DISP_REG_MASK'
   if(cmdq)  {*(unsigned int*)(&r) = ((unsigned int)0x00000000);r.bit = ~(r.bit);*(unsigned int*)(&v) = ((unsigned int)0x00000000);v.bit = value;DISP_REG_MASK(cmdq, &REG, AS_UINT32(&v), AS_UINT32(&r));}  \
                                                                                                                                                 ^
drivers/misc/mediatek/dispsys/mt6735/ddp_dpi.c:330:2: note: in expansion of macro 'DPI_OUTREGBIT'
  DPI_OUTREGBIT(cmdq, DPI_REG_CNTL, DPI_REG->CNTL, VS_REVEN_EN, VS.VS_REVEN_EN);
  ^
/home/satory-ra/Android/kernel/android_kernel_oukitel_orange/drivers/misc/mediatek/dispsys/mt6735/mt6735m/ddp_reg.h:1395:29: note: expected 'long unsigned int' but argument is of type 'volatile struct DPI_REG_CNTL *'
 static inline unsigned long disp_addr_convert(unsigned long va) 
                             ^
/home/satory-ra/Android/kernel/android_kernel_oukitel_orange/drivers/misc/mediatek/dispsys/mt6735/mt6735m/ddp_reg.h:1486:17: warning: passing argument 2 of 'dprec_reg_op' makes integer from pointer without a cast
                 dprec_reg_op(handle, reg32, val, 0x00000000);\
                 ^
drivers/misc/mediatek/dispsys/mt6735/ddp_dpi.c:82:63: note: in expansion of macro 'DISP_REG_SET'
   else{mt_reg_sync_writel(INREG32(&REG),&r);r.bit = (value);  DISP_REG_SET(cmdq, &REG, INREG32(&r));}    \
                                                               ^
drivers/misc/mediatek/dispsys/mt6735/ddp_dpi.c:330:2: note: in expansion of macro 'DPI_OUTREGBIT'
  DPI_OUTREGBIT(cmdq, DPI_REG_CNTL, DPI_REG->CNTL, VS_REVEN_EN, VS.VS_REVEN_EN);
  ^
In file included from /home/satory-ra/Android/kernel/android_kernel_oukitel_orange/drivers/misc/mediatek/videox/mt6735/disp_drv_log.h:3:0,
                 from drivers/misc/mediatek/dispsys/mt6735/ddp_dpi.c:12:
/home/satory-ra/Android/kernel/android_kernel_oukitel_orange/drivers/misc/mediatek/dispsys/mt6735/display_recorder.h:136:6: note: expected 'unsigned int' but argument is of type 'volatile struct DPI_REG_CNTL *'
 void dprec_reg_op(void* cmdq, unsigned int reg, unsigned int val, unsigned int mask);
      ^
In file included from drivers/misc/mediatek/dispsys/mt6735/ddp_dpi.c:31:0:
/home/satory-ra/Android/kernel/android_kernel_oukitel_orange/drivers/misc/mediatek/dispsys/mt6735/mt6735m/ddp_reg.h:1487:38: warning: passing argument 1 of 'disp_addr_convert' makes integer from pointer without a cast
                 cmdqRecWrite(handle, disp_addr_convert(reg32), val, ~0); \
                                      ^
drivers/misc/mediatek/dispsys/mt6735/ddp_dpi.c:82:63: note: in expansion of macro 'DISP_REG_SET'
   else{mt_reg_sync_writel(INREG32(&REG),&r);r.bit = (value);  DISP_REG_SET(cmdq, &REG, INREG32(&r));}    \
                                                               ^
drivers/misc/mediatek/dispsys/mt6735/ddp_dpi.c:330:2: note: in expansion of macro 'DPI_OUTREGBIT'
  DPI_OUTREGBIT(cmdq, DPI_REG_CNTL, DPI_REG->CNTL, VS_REVEN_EN, VS.VS_REVEN_EN);
  ^
/home/satory-ra/Android/kernel/android_kernel_oukitel_orange/drivers/misc/mediatek/dispsys/mt6735/mt6735m/ddp_reg.h:1395:29: note: expected 'long unsigned int' but argument is of type 'volatile struct DPI_REG_CNTL *'
 static inline unsigned long disp_addr_convert(unsigned long va) 
                             ^
drivers/misc/mediatek/dispsys/mt6735/ddp_dpi.c: In function 'ddp_dpi_ConfigHsync':
/home/satory-ra/Android/kernel/android_kernel_oukitel_orange/drivers/misc/mediatek/dispsys/mt6735/mt6735m/ddp_reg.h:1486:17: warning: passing argument 2 of 'dprec_reg_op' makes integer from pointer without a cast
                 dprec_reg_op(handle, reg32, val, 0x00000000);\
                 ^
drivers/misc/mediatek/dispsys/mt6735/ddp_dpi.c:76:49: note: in expansion of macro 'DISP_REG_SET'
 #define DPI_OUTREG32(cmdq, addr, val)           DISP_REG_SET(cmdq, addr,val)
                                                 ^
drivers/misc/mediatek/dispsys/mt6735/ddp_dpi.c:345:5: note: in expansion of macro 'DPI_OUTREG32'
     DPI_OUTREG32(cmdq, &DPI_REG->TGEN_HWIDTH,pulseWidth);
     ^
In file included from /home/satory-ra/Android/kernel/android_kernel_oukitel_orange/drivers/misc/mediatek/videox/mt6735/disp_drv_log.h:3:0,
                 from drivers/misc/mediatek/dispsys/mt6735/ddp_dpi.c:12:
/home/satory-ra/Android/kernel/android_kernel_oukitel_orange/drivers/misc/mediatek/dispsys/mt6735/display_recorder.h:136:6: note: expected 'unsigned int' but argument is of type 'volatile UINT32 *'
 void dprec_reg_op(void* cmdq, unsigned int reg, unsigned int val, unsigned int mask);
      ^
In file included from drivers/misc/mediatek/dispsys/mt6735/ddp_dpi.c:31:0:
/home/satory-ra/Android/kernel/android_kernel_oukitel_orange/drivers/misc/mediatek/dispsys/mt6735/mt6735m/ddp_reg.h:1487:38: warning: passing argument 1 of 'disp_addr_convert' makes integer from pointer without a cast
                 cmdqRecWrite(handle, disp_addr_convert(reg32), val, ~0); \
                                      ^
drivers/misc/mediatek/dispsys/mt6735/ddp_dpi.c:76:49: note: in expansion of macro 'DISP_REG_SET'
 #define DPI_OUTREG32(cmdq, addr, val)           DISP_REG_SET(cmdq, addr,val)
                                                 ^
drivers/misc/mediatek/dispsys/mt6735/ddp_dpi.c:345:5: note: in expansion of macro 'DPI_OUTREG32'
     DPI_OUTREG32(cmdq, &DPI_REG->TGEN_HWIDTH,pulseWidth);
     ^
/home/satory-ra/Android/kernel/android_kernel_oukitel_orange/drivers/misc/mediatek/dispsys/mt6735/mt6735m/ddp_reg.h:1395:29: note: expected 'long unsigned int' but argument is of type 'volatile UINT32 *'
 static inline unsigned long disp_addr_convert(unsigned long va) 
                             ^
/home/satory-ra/Android/kernel/android_kernel_oukitel_orange/drivers/misc/mediatek/dispsys/mt6735/mt6735m/ddp_reg.h:1413:3: warning: passing argument 2 of 'dprec_reg_op' makes integer from pointer without a cast
   dprec_reg_op(handle, reg32, val, mask);\
   ^
drivers/misc/mediatek/dispsys/mt6735/ddp_dpi.c:81:145: note: in expansion of macro 'DISP_REG_MASK'
   if(cmdq)  {*(unsigned int*)(&r) = ((unsigned int)0x00000000);r.bit = ~(r.bit);*(unsigned int*)(&v) = ((unsigned int)0x00000000);v.bit = value;DISP_REG_MASK(cmdq, &REG, AS_UINT32(&v), AS_UINT32(&r));}  \
                                                                                                                                                 ^
drivers/misc/mediatek/dispsys/mt6735/ddp_dpi.c:347:2: note: in expansion of macro 'DPI_OUTREGBIT'
  DPI_OUTREGBIT(cmdq, DPI_REG_TGEN_HPORCH, DPI_REG->TGEN_HPORCH, HBP, hporch.HBP);
  ^
In file included from /home/satory-ra/Android/kernel/android_kernel_oukitel_orange/drivers/misc/mediatek/videox/mt6735/disp_drv_log.h:3:0,
                 from drivers/misc/mediatek/dispsys/mt6735/ddp_dpi.c:12:
/home/satory-ra/Android/kernel/android_kernel_oukitel_orange/drivers/misc/mediatek/dispsys/mt6735/display_recorder.h:136:6: note: expected 'unsigned int' but argument is of type 'volatile struct DPI_REG_TGEN_HPORCH *'
 void dprec_reg_op(void* cmdq, unsigned int reg, unsigned int val, unsigned int mask);
      ^
In file included from drivers/misc/mediatek/dispsys/mt6735/ddp_dpi.c:31:0:
/home/satory-ra/Android/kernel/android_kernel_oukitel_orange/drivers/misc/mediatek/dispsys/mt6735/mt6735m/ddp_reg.h:1420:25: warning: passing argument 1 of 'disp_addr_convert' makes integer from pointer without a cast
    cmdqRecWrite(handle, disp_addr_convert(reg32), val, mask); \
                         ^
drivers/misc/mediatek/dispsys/mt6735/ddp_dpi.c:81:145: note: in expansion of macro 'DISP_REG_MASK'
   if(cmdq)  {*(unsigned int*)(&r) = ((unsigned int)0x00000000);r.bit = ~(r.bit);*(unsigned int*)(&v) = ((unsigned int)0x00000000);v.bit = value;DISP_REG_MASK(cmdq, &REG, AS_UINT32(&v), AS_UINT32(&r));}  \
                                                                                                                                                 ^
drivers/misc/mediatek/dispsys/mt6735/ddp_dpi.c:347:2: note: in expansion of macro 'DPI_OUTREGBIT'
  DPI_OUTREGBIT(cmdq, DPI_REG_TGEN_HPORCH, DPI_REG->TGEN_HPORCH, HBP, hporch.HBP);
  ^
/home/satory-ra/Android/kernel/android_kernel_oukitel_orange/drivers/misc/mediatek/dispsys/mt6735/mt6735m/ddp_reg.h:1395:29: note: expected 'long unsigned int' but argument is of type 'volatile struct DPI_REG_TGEN_HPORCH *'
 static inline unsigned long disp_addr_convert(unsigned long va) 
                             ^
/home/satory-ra/Android/kernel/android_kernel_oukitel_orange/drivers/misc/mediatek/dispsys/mt6735/mt6735m/ddp_reg.h:1486:17: warning: passing argument 2 of 'dprec_reg_op' makes integer from pointer without a cast
                 dprec_reg_op(handle, reg32, val, 0x00000000);\
                 ^
drivers/misc/mediatek/dispsys/mt6735/ddp_dpi.c:82:63: note: in expansion of macro 'DISP_REG_SET'
   else{mt_reg_sync_writel(INREG32(&REG),&r);r.bit = (value);  DISP_REG_SET(cmdq, &REG, INREG32(&r));}    \
                                                               ^
drivers/misc/mediatek/dispsys/mt6735/ddp_dpi.c:347:2: note: in expansion of macro 'DPI_OUTREGBIT'
  DPI_OUTREGBIT(cmdq, DPI_REG_TGEN_HPORCH, DPI_REG->TGEN_HPORCH, HBP, hporch.HBP);
  ^
In file included from /home/satory-ra/Android/kernel/android_kernel_oukitel_orange/drivers/misc/mediatek/videox/mt6735/disp_drv_log.h:3:0,
                 from drivers/misc/mediatek/dispsys/mt6735/ddp_dpi.c:12:
/home/satory-ra/Android/kernel/android_kernel_oukitel_orange/drivers/misc/mediatek/dispsys/mt6735/display_recorder.h:136:6: note: expected 'unsigned int' but argument is of type 'volatile struct DPI_REG_TGEN_HPORCH *'
 void dprec_reg_op(void* cmdq, unsigned int reg, unsigned int val, unsigned int mask);
      ^
In file included from drivers/misc/mediatek/dispsys/mt6735/ddp_dpi.c:31:0:
/home/satory-ra/Android/kernel/android_kernel_oukitel_orange/drivers/misc/mediatek/dispsys/mt6735/mt6735m/ddp_reg.h:1487:38: warning: passing argument 1 of 'disp_addr_convert' makes integer from pointer without a cast
                 cmdqRecWrite(handle, disp_addr_convert(reg32), val, ~0); \
                                      ^
drivers/misc/mediatek/dispsys/mt6735/ddp_dpi.c:82:63: note: in expansion of macro 'DISP_REG_SET'
   else{mt_reg_sync_writel(INREG32(&REG),&r);r.bit = (value);  DISP_REG_SET(cmdq, &REG, INREG32(&r));}    \
                                                               ^
drivers/misc/mediatek/dispsys/mt6735/ddp_dpi.c:347:2: note: in expansion of macro 'DPI_OUTREGBIT'
  DPI_OUTREGBIT(cmdq, DPI_REG_TGEN_HPORCH, DPI_REG->TGEN_HPORCH, HBP, hporch.HBP);
  ^
/home/satory-ra/Android/kernel/android_kernel_oukitel_orange/drivers/misc/mediatek/dispsys/mt6735/mt6735m/ddp_reg.h:1395:29: note: expected 'long unsigned int' but argument is of type 'volatile struct DPI_REG_TGEN_HPORCH *'
 static inline unsigned long disp_addr_convert(unsigned long va) 
                             ^
/home/satory-ra/Android/kernel/android_kernel_oukitel_orange/drivers/misc/mediatek/dispsys/mt6735/mt6735m/ddp_reg.h:1413:3: warning: passing argument 2 of 'dprec_reg_op' makes integer from pointer without a cast
   dprec_reg_op(handle, reg32, val, mask);\
   ^
drivers/misc/mediatek/dispsys/mt6735/ddp_dpi.c:81:145: note: in expansion of macro 'DISP_REG_MASK'
   if(cmdq)  {*(unsigned int*)(&r) = ((unsigned int)0x00000000);r.bit = ~(r.bit);*(unsigned int*)(&v) = ((unsigned int)0x00000000);v.bit = value;DISP_REG_MASK(cmdq, &REG, AS_UINT32(&v), AS_UINT32(&r));}  \
                                                                                                                                                 ^
drivers/misc/mediatek/dispsys/mt6735/ddp_dpi.c:348:2: note: in expansion of macro 'DPI_OUTREGBIT'
  DPI_OUTREGBIT(cmdq, DPI_REG_TGEN_HPORCH, DPI_REG->TGEN_HPORCH, HFP, hporch.HFP);
  ^
In file included from /home/satory-ra/Android/kernel/android_kernel_oukitel_orange/drivers/misc/mediatek/videox/mt6735/disp_drv_log.h:3:0,
                 from drivers/misc/mediatek/dispsys/mt6735/ddp_dpi.c:12:
/home/satory-ra/Android/kernel/android_kernel_oukitel_orange/drivers/misc/mediatek/dispsys/mt6735/display_recorder.h:136:6: note: expected 'unsigned int' but argument is of type 'volatile struct DPI_REG_TGEN_HPORCH *'
 void dprec_reg_op(void* cmdq, unsigned int reg, unsigned int val, unsigned int mask);
      ^
In file included from drivers/misc/mediatek/dispsys/mt6735/ddp_dpi.c:31:0:
/home/satory-ra/Android/kernel/android_kernel_oukitel_orange/drivers/misc/mediatek/dispsys/mt6735/mt6735m/ddp_reg.h:1420:25: warning: passing argument 1 of 'disp_addr_convert' makes integer from pointer without a cast
    cmdqRecWrite(handle, disp_addr_convert(reg32), val, mask); \
                         ^
drivers/misc/mediatek/dispsys/mt6735/ddp_dpi.c:81:145: note: in expansion of macro 'DISP_REG_MASK'
   if(cmdq)  {*(unsigned int*)(&r) = ((unsigned int)0x00000000);r.bit = ~(r.bit);*(unsigned int*)(&v) = ((unsigned int)0x00000000);v.bit = value;DISP_REG_MASK(cmdq, &REG, AS_UINT32(&v), AS_UINT32(&r));}  \
                                                                                                                                                 ^
drivers/misc/mediatek/dispsys/mt6735/ddp_dpi.c:348:2: note: in expansion of macro 'DPI_OUTREGBIT'
  DPI_OUTREGBIT(cmdq, DPI_REG_TGEN_HPORCH, DPI_REG->TGEN_HPORCH, HFP, hporch.HFP);
  ^
/home/satory-ra/Android/kernel/android_kernel_oukitel_orange/drivers/misc/mediatek/dispsys/mt6735/mt6735m/ddp_reg.h:1395:29: note: expected 'long unsigned int' but argument is of type 'volatile struct DPI_REG_TGEN_HPORCH *'
 static inline unsigned long disp_addr_convert(unsigned long va) 
                             ^
/home/satory-ra/Android/kernel/android_kernel_oukitel_orange/drivers/misc/mediatek/dispsys/mt6735/mt6735m/ddp_reg.h:1486:17: warning: passing argument 2 of 'dprec_reg_op' makes integer from pointer without a cast
                 dprec_reg_op(handle, reg32, val, 0x00000000);\
                 ^
drivers/misc/mediatek/dispsys/mt6735/ddp_dpi.c:82:63: note: in expansion of macro 'DISP_REG_SET'
   else{mt_reg_sync_writel(INREG32(&REG),&r);r.bit = (value);  DISP_REG_SET(cmdq, &REG, INREG32(&r));}    \
                                                               ^
drivers/misc/mediatek/dispsys/mt6735/ddp_dpi.c:348:2: note: in expansion of macro 'DPI_OUTREGBIT'
  DPI_OUTREGBIT(cmdq, DPI_REG_TGEN_HPORCH, DPI_REG->TGEN_HPORCH, HFP, hporch.HFP);
  ^
In file included from /home/satory-ra/Android/kernel/android_kernel_oukitel_orange/drivers/misc/mediatek/videox/mt6735/disp_drv_log.h:3:0,
                 from drivers/misc/mediatek/dispsys/mt6735/ddp_dpi.c:12:
/home/satory-ra/Android/kernel/android_kernel_oukitel_orange/drivers/misc/mediatek/dispsys/mt6735/display_recorder.h:136:6: note: expected 'unsigned int' but argument is of type 'volatile struct DPI_REG_TGEN_HPORCH *'
 void dprec_reg_op(void* cmdq, unsigned int reg, unsigned int val, unsigned int mask);
      ^
In file included from drivers/misc/mediatek/dispsys/mt6735/ddp_dpi.c:31:0:
/home/satory-ra/Android/kernel/android_kernel_oukitel_orange/drivers/misc/mediatek/dispsys/mt6735/mt6735m/ddp_reg.h:1487:38: warning: passing argument 1 of 'disp_addr_convert' makes integer from pointer without a cast
                 cmdqRecWrite(handle, disp_addr_convert(reg32), val, ~0); \
                                      ^
drivers/misc/mediatek/dispsys/mt6735/ddp_dpi.c:82:63: note: in expansion of macro 'DISP_REG_SET'
   else{mt_reg_sync_writel(INREG32(&REG),&r);r.bit = (value);  DISP_REG_SET(cmdq, &REG, INREG32(&r));}    \
                                                               ^
drivers/misc/mediatek/dispsys/mt6735/ddp_dpi.c:348:2: note: in expansion of macro 'DPI_OUTREGBIT'
  DPI_OUTREGBIT(cmdq, DPI_REG_TGEN_HPORCH, DPI_REG->TGEN_HPORCH, HFP, hporch.HFP);
  ^
/home/satory-ra/Android/kernel/android_kernel_oukitel_orange/drivers/misc/mediatek/dispsys/mt6735/mt6735m/ddp_reg.h:1395:29: note: expected 'long unsigned int' but argument is of type 'volatile struct DPI_REG_TGEN_HPORCH *'
 static inline unsigned long disp_addr_convert(unsigned long va) 
                             ^
/home/satory-ra/Android/kernel/android_kernel_oukitel_orange/drivers/misc/mediatek/dispsys/mt6735/mt6735m/ddp_reg.h:1413:3: warning: passing argument 2 of 'dprec_reg_op' makes integer from pointer without a cast
   dprec_reg_op(handle, reg32, val, mask);\
   ^
drivers/misc/mediatek/dispsys/mt6735/ddp_dpi.c:81:145: note: in expansion of macro 'DISP_REG_MASK'
   if(cmdq)  {*(unsigned int*)(&r) = ((unsigned int)0x00000000);r.bit = ~(r.bit);*(unsigned int*)(&v) = ((unsigned int)0x00000000);v.bit = value;DISP_REG_MASK(cmdq, &REG, AS_UINT32(&v), AS_UINT32(&r));}  \
                                                                                                                                                 ^
drivers/misc/mediatek/dispsys/mt6735/ddp_dpi.c:350:2: note: in expansion of macro 'DPI_OUTREGBIT'
  DPI_OUTREGBIT(cmdq, DPI_REG_OUTPUT_SETTING, DPI_REG->OUTPUT_SETTING, HSYNC_POL, pol.HSYNC_POL);
  ^
In file included from /home/satory-ra/Android/kernel/android_kernel_oukitel_orange/drivers/misc/mediatek/videox/mt6735/disp_drv_log.h:3:0,
                 from drivers/misc/mediatek/dispsys/mt6735/ddp_dpi.c:12:
/home/satory-ra/Android/kernel/android_kernel_oukitel_orange/drivers/misc/mediatek/dispsys/mt6735/display_recorder.h:136:6: note: expected 'unsigned int' but argument is of type 'volatile struct DPI_REG_OUTPUT_SETTING *'
 void dprec_reg_op(void* cmdq, unsigned int reg, unsigned int val, unsigned int mask);
      ^
In file included from drivers/misc/mediatek/dispsys/mt6735/ddp_dpi.c:31:0:
/home/satory-ra/Android/kernel/android_kernel_oukitel_orange/drivers/misc/mediatek/dispsys/mt6735/mt6735m/ddp_reg.h:1420:25: warning: passing argument 1 of 'disp_addr_convert' makes integer from pointer without a cast
    cmdqRecWrite(handle, disp_addr_convert(reg32), val, mask); \
                         ^
drivers/misc/mediatek/dispsys/mt6735/ddp_dpi.c:81:145: note: in expansion of macro 'DISP_REG_MASK'
   if(cmdq)  {*(unsigned int*)(&r) = ((unsigned int)0x00000000);r.bit = ~(r.bit);*(unsigned int*)(&v) = ((unsigned int)0x00000000);v.bit = value;DISP_REG_MASK(cmdq, &REG, AS_UINT32(&v), AS_UINT32(&r));}  \
                                                                                                                                                 ^
drivers/misc/mediatek/dispsys/mt6735/ddp_dpi.c:350:2: note: in expansion of macro 'DPI_OUTREGBIT'
  DPI_OUTREGBIT(cmdq, DPI_REG_OUTPUT_SETTING, DPI_REG->OUTPUT_SETTING, HSYNC_POL, pol.HSYNC_POL);
  ^
/home/satory-ra/Android/kernel/android_kernel_oukitel_orange/drivers/misc/mediatek/dispsys/mt6735/mt6735m/ddp_reg.h:1395:29: note: expected 'long unsigned int' but argument is of type 'volatile struct DPI_REG_OUTPUT_SETTING *'
 static inline unsigned long disp_addr_convert(unsigned long va) 
                             ^
/home/satory-ra/Android/kernel/android_kernel_oukitel_orange/drivers/misc/mediatek/dispsys/mt6735/mt6735m/ddp_reg.h:1486:17: warning: passing argument 2 of 'dprec_reg_op' makes integer from pointer without a cast
                 dprec_reg_op(handle, reg32, val, 0x00000000);\
                 ^
drivers/misc/mediatek/dispsys/mt6735/ddp_dpi.c:82:63: note: in expansion of macro 'DISP_REG_SET'
   else{mt_reg_sync_writel(INREG32(&REG),&r);r.bit = (value);  DISP_REG_SET(cmdq, &REG, INREG32(&r));}    \
                                                               ^
drivers/misc/mediatek/dispsys/mt6735/ddp_dpi.c:350:2: note: in expansion of macro 'DPI_OUTREGBIT'
  DPI_OUTREGBIT(cmdq, DPI_REG_OUTPUT_SETTING, DPI_REG->OUTPUT_SETTING, HSYNC_POL, pol.HSYNC_POL);
  ^
In file included from /home/satory-ra/Android/kernel/android_kernel_oukitel_orange/drivers/misc/mediatek/videox/mt6735/disp_drv_log.h:3:0,
                 from drivers/misc/mediatek/dispsys/mt6735/ddp_dpi.c:12:
/home/satory-ra/Android/kernel/android_kernel_oukitel_orange/drivers/misc/mediatek/dispsys/mt6735/display_recorder.h:136:6: note: expected 'unsigned int' but argument is of type 'volatile struct DPI_REG_OUTPUT_SETTING *'
 void dprec_reg_op(void* cmdq, unsigned int reg, unsigned int val, unsigned int mask);
      ^
In file included from drivers/misc/mediatek/dispsys/mt6735/ddp_dpi.c:31:0:
/home/satory-ra/Android/kernel/android_kernel_oukitel_orange/drivers/misc/mediatek/dispsys/mt6735/mt6735m/ddp_reg.h:1487:38: warning: passing argument 1 of 'disp_addr_convert' makes integer from pointer without a cast
                 cmdqRecWrite(handle, disp_addr_convert(reg32), val, ~0); \
                                      ^
drivers/misc/mediatek/dispsys/mt6735/ddp_dpi.c:82:63: note: in expansion of macro 'DISP_REG_SET'
   else{mt_reg_sync_writel(INREG32(&REG),&r);r.bit = (value);  DISP_REG_SET(cmdq, &REG, INREG32(&r));}    \
                                                               ^
drivers/misc/mediatek/dispsys/mt6735/ddp_dpi.c:350:2: note: in expansion of macro 'DPI_OUTREGBIT'
  DPI_OUTREGBIT(cmdq, DPI_REG_OUTPUT_SETTING, DPI_REG->OUTPUT_SETTING, HSYNC_POL, pol.HSYNC_POL);
  ^
/home/satory-ra/Android/kernel/android_kernel_oukitel_orange/drivers/misc/mediatek/dispsys/mt6735/mt6735m/ddp_reg.h:1395:29: note: expected 'long unsigned int' but argument is of type 'volatile struct DPI_REG_OUTPUT_SETTING *'
 static inline unsigned long disp_addr_convert(unsigned long va) 
                             ^
drivers/misc/mediatek/dispsys/mt6735/ddp_dpi.c: In function 'ddp_dpi_ConfigDualEdge':
  CC      net/sched/sch_fifo.o
  LD      drivers/misc/mediatek/connectivity/conn_soc/drv_wlan/mt_wifi/wlan/built-in.o
/home/satory-ra/Android/kernel/android_kernel_oukitel_orange/drivers/misc/mediatek/dispsys/mt6735/mt6735m/ddp_reg.h:1413:3: warning: passing argument 2 of 'dprec_reg_op' makes integer from pointer without a cast
   dprec_reg_op(handle, reg32, val, mask);\
   ^
drivers/misc/mediatek/dispsys/mt6735/ddp_dpi.c:81:145: note: in expansion of macro 'DISP_REG_MASK'
   if(cmdq)  {*(unsigned int*)(&r) = ((unsigned int)0x00000000);r.bit = ~(r.bit);*(unsigned int*)(&v) = ((unsigned int)0x00000000);v.bit = value;DISP_REG_MASK(cmdq, &REG, AS_UINT32(&v), AS_UINT32(&r));}  \
                                                                                                                                                 ^
drivers/misc/mediatek/dispsys/mt6735/ddp_dpi.c:361:2: note: in expansion of macro 'DPI_OUTREGBIT'
  DPI_OUTREGBIT(cmdq, DPI_REG_OUTPUT_SETTING, DPI_REG->OUTPUT_SETTING, DUAL_EDGE_SEL, ctrl.DUAL_EDGE_SEL);
  ^
In file included from /home/satory-ra/Android/kernel/android_kernel_oukitel_orange/drivers/misc/mediatek/videox/mt6735/disp_drv_log.h:3:0,
                 from drivers/misc/mediatek/dispsys/mt6735/ddp_dpi.c:12:
/home/satory-ra/Android/kernel/android_kernel_oukitel_orange/drivers/misc/mediatek/dispsys/mt6735/display_recorder.h:136:6: note: expected 'unsigned int' but argument is of type 'volatile struct DPI_REG_OUTPUT_SETTING *'
 void dprec_reg_op(void* cmdq, unsigned int reg, unsigned int val, unsigned int mask);
      ^
In file included from drivers/misc/mediatek/dispsys/mt6735/ddp_dpi.c:31:0:
/home/satory-ra/Android/kernel/android_kernel_oukitel_orange/drivers/misc/mediatek/dispsys/mt6735/mt6735m/ddp_reg.h:1420:25: warning: passing argument 1 of 'disp_addr_convert' makes integer from pointer without a cast
    cmdqRecWrite(handle, disp_addr_convert(reg32), val, mask); \
                         ^
drivers/misc/mediatek/dispsys/mt6735/ddp_dpi.c:81:145: note: in expansion of macro 'DISP_REG_MASK'
   if(cmdq)  {*(unsigned int*)(&r) = ((unsigned int)0x00000000);r.bit = ~(r.bit);*(unsigned int*)(&v) = ((unsigned int)0x00000000);v.bit = value;DISP_REG_MASK(cmdq, &REG, AS_UINT32(&v), AS_UINT32(&r));}  \
                                                                                                                                                 ^
drivers/misc/mediatek/dispsys/mt6735/ddp_dpi.c:361:2: note: in expansion of macro 'DPI_OUTREGBIT'
  DPI_OUTREGBIT(cmdq, DPI_REG_OUTPUT_SETTING, DPI_REG->OUTPUT_SETTING, DUAL_EDGE_SEL, ctrl.DUAL_EDGE_SEL);
  ^
/home/satory-ra/Android/kernel/android_kernel_oukitel_orange/drivers/misc/mediatek/dispsys/mt6735/mt6735m/ddp_reg.h:1395:29: note: expected 'long unsigned int' but argument is of type 'volatile struct DPI_REG_OUTPUT_SETTING *'
 static inline unsigned long disp_addr_convert(unsigned long va) 
                             ^
/home/satory-ra/Android/kernel/android_kernel_oukitel_orange/drivers/misc/mediatek/dispsys/mt6735/mt6735m/ddp_reg.h:1486:17: warning: passing argument 2 of 'dprec_reg_op' makes integer from pointer without a cast
                 dprec_reg_op(handle, reg32, val, 0x00000000);\
                 ^
drivers/misc/mediatek/dispsys/mt6735/ddp_dpi.c:82:63: note: in expansion of macro 'DISP_REG_SET'
   else{mt_reg_sync_writel(INREG32(&REG),&r);r.bit = (value);  DISP_REG_SET(cmdq, &REG, INREG32(&r));}    \
                                                               ^
drivers/misc/mediatek/dispsys/mt6735/ddp_dpi.c:361:2: note: in expansion of macro 'DPI_OUTREGBIT'
  DPI_OUTREGBIT(cmdq, DPI_REG_OUTPUT_SETTING, DPI_REG->OUTPUT_SETTING, DUAL_EDGE_SEL, ctrl.DUAL_EDGE_SEL);
  ^
In file included from /home/satory-ra/Android/kernel/android_kernel_oukitel_orange/drivers/misc/mediatek/videox/mt6735/disp_drv_log.h:3:0,
                 from drivers/misc/mediatek/dispsys/mt6735/ddp_dpi.c:12:
/home/satory-ra/Android/kernel/android_kernel_oukitel_orange/drivers/misc/mediatek/dispsys/mt6735/display_recorder.h:136:6: note: expected 'unsigned int' but argument is of type 'volatile struct DPI_REG_OUTPUT_SETTING *'
 void dprec_reg_op(void* cmdq, unsigned int reg, unsigned int val, unsigned int mask);
      ^
In file included from drivers/misc/mediatek/dispsys/mt6735/ddp_dpi.c:31:0:
/home/satory-ra/Android/kernel/android_kernel_oukitel_orange/drivers/misc/mediatek/dispsys/mt6735/mt6735m/ddp_reg.h:1487:38: warning: passing argument 1 of 'disp_addr_convert' makes integer from pointer without a cast
                 cmdqRecWrite(handle, disp_addr_convert(reg32), val, ~0); \
                                      ^
drivers/misc/mediatek/dispsys/mt6735/ddp_dpi.c:82:63: note: in expansion of macro 'DISP_REG_SET'
   else{mt_reg_sync_writel(INREG32(&REG),&r);r.bit = (value);  DISP_REG_SET(cmdq, &REG, INREG32(&r));}    \
                                                               ^
drivers/misc/mediatek/dispsys/mt6735/ddp_dpi.c:361:2: note: in expansion of macro 'DPI_OUTREGBIT'
  DPI_OUTREGBIT(cmdq, DPI_REG_OUTPUT_SETTING, DPI_REG->OUTPUT_SETTING, DUAL_EDGE_SEL, ctrl.DUAL_EDGE_SEL);
  ^
/home/satory-ra/Android/kernel/android_kernel_oukitel_orange/drivers/misc/mediatek/dispsys/mt6735/mt6735m/ddp_reg.h:1395:29: note: expected 'long unsigned int' but argument is of type 'volatile struct DPI_REG_OUTPUT_SETTING *'
 static inline unsigned long disp_addr_convert(unsigned long va) 
                             ^
/home/satory-ra/Android/kernel/android_kernel_oukitel_orange/drivers/misc/mediatek/dispsys/mt6735/mt6735m/ddp_reg.h:1413:3: warning: passing argument 2 of 'dprec_reg_op' makes integer from pointer without a cast
   dprec_reg_op(handle, reg32, val, mask);\
   ^
drivers/misc/mediatek/dispsys/mt6735/ddp_dpi.c:81:145: note: in expansion of macro 'DISP_REG_MASK'
   if(cmdq)  {*(unsigned int*)(&r) = ((unsigned int)0x00000000);r.bit = ~(r.bit);*(unsigned int*)(&v) = ((unsigned int)0x00000000);v.bit = value;DISP_REG_MASK(cmdq, &REG, AS_UINT32(&v), AS_UINT32(&r));}  \
                                                                                                                                                 ^
drivers/misc/mediatek/dispsys/mt6735/ddp_dpi.c:365:2: note: in expansion of macro 'DPI_OUTREGBIT'
  DPI_OUTREGBIT(cmdq, DPI_REG_DDR_SETTING, DPI_REG->DDR_SETTING, DDR_4PHASE, ddr_setting.DDR_4PHASE);
  ^
In file included from /home/satory-ra/Android/kernel/android_kernel_oukitel_orange/drivers/misc/mediatek/videox/mt6735/disp_drv_log.h:3:0,
                 from drivers/misc/mediatek/dispsys/mt6735/ddp_dpi.c:12:
/home/satory-ra/Android/kernel/android_kernel_oukitel_orange/drivers/misc/mediatek/dispsys/mt6735/display_recorder.h:136:6: note: expected 'unsigned int' but argument is of type 'volatile struct DPI_REG_DDR_SETTING *'
 void dprec_reg_op(void* cmdq, unsigned int reg, unsigned int val, unsigned int mask);
      ^
In file included from drivers/misc/mediatek/dispsys/mt6735/ddp_dpi.c:31:0:
/home/satory-ra/Android/kernel/android_kernel_oukitel_orange/drivers/misc/mediatek/dispsys/mt6735/mt6735m/ddp_reg.h:1420:25: warning: passing argument 1 of 'disp_addr_convert' makes integer from pointer without a cast
    cmdqRecWrite(handle, disp_addr_convert(reg32), val, mask); \
                         ^
drivers/misc/mediatek/dispsys/mt6735/ddp_dpi.c:81:145: note: in expansion of macro 'DISP_REG_MASK'
   if(cmdq)  {*(unsigned int*)(&r) = ((unsigned int)0x00000000);r.bit = ~(r.bit);*(unsigned int*)(&v) = ((unsigned int)0x00000000);v.bit = value;DISP_REG_MASK(cmdq, &REG, AS_UINT32(&v), AS_UINT32(&r));}  \
                                                                                                                                                 ^
drivers/misc/mediatek/dispsys/mt6735/ddp_dpi.c:365:2: note: in expansion of macro 'DPI_OUTREGBIT'
  DPI_OUTREGBIT(cmdq, DPI_REG_DDR_SETTING, DPI_REG->DDR_SETTING, DDR_4PHASE, ddr_setting.DDR_4PHASE);
  ^
/home/satory-ra/Android/kernel/android_kernel_oukitel_orange/drivers/misc/mediatek/dispsys/mt6735/mt6735m/ddp_reg.h:1395:29: note: expected 'long unsigned int' but argument is of type 'volatile struct DPI_REG_DDR_SETTING *'
 static inline unsigned long disp_addr_convert(unsigned long va) 
                             ^
/home/satory-ra/Android/kernel/android_kernel_oukitel_orange/drivers/misc/mediatek/dispsys/mt6735/mt6735m/ddp_reg.h:1486:17: warning: passing argument 2 of 'dprec_reg_op' makes integer from pointer without a cast
                 dprec_reg_op(handle, reg32, val, 0x00000000);\
                 ^
drivers/misc/mediatek/dispsys/mt6735/ddp_dpi.c:82:63: note: in expansion of macro 'DISP_REG_SET'
   else{mt_reg_sync_writel(INREG32(&REG),&r);r.bit = (value);  DISP_REG_SET(cmdq, &REG, INREG32(&r));}    \
                                                               ^
drivers/misc/mediatek/dispsys/mt6735/ddp_dpi.c:365:2: note: in expansion of macro 'DPI_OUTREGBIT'
  DPI_OUTREGBIT(cmdq, DPI_REG_DDR_SETTING, DPI_REG->DDR_SETTING, DDR_4PHASE, ddr_setting.DDR_4PHASE);
  ^
In file included from /home/satory-ra/Android/kernel/android_kernel_oukitel_orange/drivers/misc/mediatek/videox/mt6735/disp_drv_log.h:3:0,
                 from drivers/misc/mediatek/dispsys/mt6735/ddp_dpi.c:12:
/home/satory-ra/Android/kernel/android_kernel_oukitel_orange/drivers/misc/mediatek/dispsys/mt6735/display_recorder.h:136:6: note: expected 'unsigned int' but argument is of type 'volatile struct DPI_REG_DDR_SETTING *'
 void dprec_reg_op(void* cmdq, unsigned int reg, unsigned int val, unsigned int mask);
      ^
In file included from drivers/misc/mediatek/dispsys/mt6735/ddp_dpi.c:31:0:
/home/satory-ra/Android/kernel/android_kernel_oukitel_orange/drivers/misc/mediatek/dispsys/mt6735/mt6735m/ddp_reg.h:1487:38: warning: passing argument 1 of 'disp_addr_convert' makes integer from pointer without a cast
                 cmdqRecWrite(handle, disp_addr_convert(reg32), val, ~0); \
                                      ^
drivers/misc/mediatek/dispsys/mt6735/ddp_dpi.c:82:63: note: in expansion of macro 'DISP_REG_SET'
   else{mt_reg_sync_writel(INREG32(&REG),&r);r.bit = (value);  DISP_REG_SET(cmdq, &REG, INREG32(&r));}    \
                                                               ^
drivers/misc/mediatek/dispsys/mt6735/ddp_dpi.c:365:2: note: in expansion of macro 'DPI_OUTREGBIT'
  DPI_OUTREGBIT(cmdq, DPI_REG_DDR_SETTING, DPI_REG->DDR_SETTING, DDR_4PHASE, ddr_setting.DDR_4PHASE);
  ^
/home/satory-ra/Android/kernel/android_kernel_oukitel_orange/drivers/misc/mediatek/dispsys/mt6735/mt6735m/ddp_reg.h:1395:29: note: expected 'long unsigned int' but argument is of type 'volatile struct DPI_REG_DDR_SETTING *'
 static inline unsigned long disp_addr_convert(unsigned long va) 
                             ^
/home/satory-ra/Android/kernel/android_kernel_oukitel_orange/drivers/misc/mediatek/dispsys/mt6735/mt6735m/ddp_reg.h:1413:3: warning: passing argument 2 of 'dprec_reg_op' makes integer from pointer without a cast
   dprec_reg_op(handle, reg32, val, mask);\
   ^
drivers/misc/mediatek/dispsys/mt6735/ddp_dpi.c:81:145: note: in expansion of macro 'DISP_REG_MASK'
   if(cmdq)  {*(unsigned int*)(&r) = ((unsigned int)0x00000000);r.bit = ~(r.bit);*(unsigned int*)(&v) = ((unsigned int)0x00000000);v.bit = value;DISP_REG_MASK(cmdq, &REG, AS_UINT32(&v), AS_UINT32(&r));}  \
                                                                                                                                                 ^
drivers/misc/mediatek/dispsys/mt6735/ddp_dpi.c:366:2: note: in expansion of macro 'DPI_OUTREGBIT'
  DPI_OUTREGBIT(cmdq, DPI_REG_DDR_SETTING, DPI_REG->DDR_SETTING, DDR_EN, ddr_setting.DDR_EN);
  ^
In file included from /home/satory-ra/Android/kernel/android_kernel_oukitel_orange/drivers/misc/mediatek/videox/mt6735/disp_drv_log.h:3:0,
                 from drivers/misc/mediatek/dispsys/mt6735/ddp_dpi.c:12:
/home/satory-ra/Android/kernel/android_kernel_oukitel_orange/drivers/misc/mediatek/dispsys/mt6735/display_recorder.h:136:6: note: expected 'unsigned int' but argument is of type 'volatile struct DPI_REG_DDR_SETTING *'
 void dprec_reg_op(void* cmdq, unsigned int reg, unsigned int val, unsigned int mask);
      ^
In file included from drivers/misc/mediatek/dispsys/mt6735/ddp_dpi.c:31:0:
/home/satory-ra/Android/kernel/android_kernel_oukitel_orange/drivers/misc/mediatek/dispsys/mt6735/mt6735m/ddp_reg.h:1420:25: warning: passing argument 1 of 'disp_addr_convert' makes integer from pointer without a cast
    cmdqRecWrite(handle, disp_addr_convert(reg32), val, mask); \
                         ^
drivers/misc/mediatek/dispsys/mt6735/ddp_dpi.c:81:145: note: in expansion of macro 'DISP_REG_MASK'
   if(cmdq)  {*(unsigned int*)(&r) = ((unsigned int)0x00000000);r.bit = ~(r.bit);*(unsigned int*)(&v) = ((unsigned int)0x00000000);v.bit = value;DISP_REG_MASK(cmdq, &REG, AS_UINT32(&v), AS_UINT32(&r));}  \
                                                                                                                                                 ^
drivers/misc/mediatek/dispsys/mt6735/ddp_dpi.c:366:2: note: in expansion of macro 'DPI_OUTREGBIT'
  DPI_OUTREGBIT(cmdq, DPI_REG_DDR_SETTING, DPI_REG->DDR_SETTING, DDR_EN, ddr_setting.DDR_EN);
  ^
/home/satory-ra/Android/kernel/android_kernel_oukitel_orange/drivers/misc/mediatek/dispsys/mt6735/mt6735m/ddp_reg.h:1395:29: note: expected 'long unsigned int' but argument is of type 'volatile struct DPI_REG_DDR_SETTING *'
 static inline unsigned long disp_addr_convert(unsigned long va) 
                             ^
/home/satory-ra/Android/kernel/android_kernel_oukitel_orange/drivers/misc/mediatek/dispsys/mt6735/mt6735m/ddp_reg.h:1486:17: warning: passing argument 2 of 'dprec_reg_op' makes integer from pointer without a cast
                 dprec_reg_op(handle, reg32, val, 0x00000000);\
                 ^
drivers/misc/mediatek/dispsys/mt6735/ddp_dpi.c:82:63: note: in expansion of macro 'DISP_REG_SET'
   else{mt_reg_sync_writel(INREG32(&REG),&r);r.bit = (value);  DISP_REG_SET(cmdq, &REG, INREG32(&r));}    \
                                                               ^
drivers/misc/mediatek/dispsys/mt6735/ddp_dpi.c:366:2: note: in expansion of macro 'DPI_OUTREGBIT'
  DPI_OUTREGBIT(cmdq, DPI_REG_DDR_SETTING, DPI_REG->DDR_SETTING, DDR_EN, ddr_setting.DDR_EN);
  ^
In file included from /home/satory-ra/Android/kernel/android_kernel_oukitel_orange/drivers/misc/mediatek/videox/mt6735/disp_drv_log.h:3:0,
                 from drivers/misc/mediatek/dispsys/mt6735/ddp_dpi.c:12:
/home/satory-ra/Android/kernel/android_kernel_oukitel_orange/drivers/misc/mediatek/dispsys/mt6735/display_recorder.h:136:6: note: expected 'unsigned int' but argument is of type 'volatile struct DPI_REG_DDR_SETTING *'
 void dprec_reg_op(void* cmdq, unsigned int reg, unsigned int val, unsigned int mask);
      ^
In file included from drivers/misc/mediatek/dispsys/mt6735/ddp_dpi.c:31:0:
/home/satory-ra/Android/kernel/android_kernel_oukitel_orange/drivers/misc/mediatek/dispsys/mt6735/mt6735m/ddp_reg.h:1487:38: warning: passing argument 1 of 'disp_addr_convert' makes integer from pointer without a cast
                 cmdqRecWrite(handle, disp_addr_convert(reg32), val, ~0); \
                                      ^
drivers/misc/mediatek/dispsys/mt6735/ddp_dpi.c:82:63: note: in expansion of macro 'DISP_REG_SET'
   else{mt_reg_sync_writel(INREG32(&REG),&r);r.bit = (value);  DISP_REG_SET(cmdq, &REG, INREG32(&r));}    \
                                                               ^
drivers/misc/mediatek/dispsys/mt6735/ddp_dpi.c:366:2: note: in expansion of macro 'DPI_OUTREGBIT'
  DPI_OUTREGBIT(cmdq, DPI_REG_DDR_SETTING, DPI_REG->DDR_SETTING, DDR_EN, ddr_setting.DDR_EN);
  ^
/home/satory-ra/Android/kernel/android_kernel_oukitel_orange/drivers/misc/mediatek/dispsys/mt6735/mt6735m/ddp_reg.h:1395:29: note: expected 'long unsigned int' but argument is of type 'volatile struct DPI_REG_DDR_SETTING *'
 static inline unsigned long disp_addr_convert(unsigned long va) 
                             ^
drivers/misc/mediatek/dispsys/mt6735/ddp_dpi.c: In function 'ddp_dpi_ConfigBG':
/home/satory-ra/Android/kernel/android_kernel_oukitel_orange/drivers/misc/mediatek/dispsys/mt6735/mt6735m/ddp_reg.h:1413:3: warning: passing argument 2 of 'dprec_reg_op' makes integer from pointer without a cast
   dprec_reg_op(handle, reg32, val, mask);\
   ^
drivers/misc/mediatek/dispsys/mt6735/ddp_dpi.c:81:145: note: in expansion of macro 'DISP_REG_MASK'
   if(cmdq)  {*(unsigned int*)(&r) = ((unsigned int)0x00000000);r.bit = ~(r.bit);*(unsigned int*)(&v) = ((unsigned int)0x00000000);v.bit = value;DISP_REG_MASK(cmdq, &REG, AS_UINT32(&v), AS_UINT32(&r));}  \
                                                                                                                                                 ^
drivers/misc/mediatek/dispsys/mt6735/ddp_dpi.c:377:3: note: in expansion of macro 'DPI_OUTREGBIT'
   DPI_OUTREGBIT(cmdq, DPI_REG_CNTL, DPI_REG->CNTL, BG_EN, pol.BG_EN);
   ^
In file included from /home/satory-ra/Android/kernel/android_kernel_oukitel_orange/drivers/misc/mediatek/videox/mt6735/disp_drv_log.h:3:0,
                 from drivers/misc/mediatek/dispsys/mt6735/ddp_dpi.c:12:
/home/satory-ra/Android/kernel/android_kernel_oukitel_orange/drivers/misc/mediatek/dispsys/mt6735/display_recorder.h:136:6: note: expected 'unsigned int' but argument is of type 'volatile struct DPI_REG_CNTL *'
 void dprec_reg_op(void* cmdq, unsigned int reg, unsigned int val, unsigned int mask);
      ^
In file included from drivers/misc/mediatek/dispsys/mt6735/ddp_dpi.c:31:0:
/home/satory-ra/Android/kernel/android_kernel_oukitel_orange/drivers/misc/mediatek/dispsys/mt6735/mt6735m/ddp_reg.h:1420:25: warning: passing argument 1 of 'disp_addr_convert' makes integer from pointer without a cast
    cmdqRecWrite(handle, disp_addr_convert(reg32), val, mask); \
                         ^
drivers/misc/mediatek/dispsys/mt6735/ddp_dpi.c:81:145: note: in expansion of macro 'DISP_REG_MASK'
   if(cmdq)  {*(unsigned int*)(&r) = ((unsigned int)0x00000000);r.bit = ~(r.bit);*(unsigned int*)(&v) = ((unsigned int)0x00000000);v.bit = value;DISP_REG_MASK(cmdq, &REG, AS_UINT32(&v), AS_UINT32(&r));}  \
                                                                                                                                                 ^
drivers/misc/mediatek/dispsys/mt6735/ddp_dpi.c:377:3: note: in expansion of macro 'DPI_OUTREGBIT'
   DPI_OUTREGBIT(cmdq, DPI_REG_CNTL, DPI_REG->CNTL, BG_EN, pol.BG_EN);
   ^
/home/satory-ra/Android/kernel/android_kernel_oukitel_orange/drivers/misc/mediatek/dispsys/mt6735/mt6735m/ddp_reg.h:1395:29: note: expected 'long unsigned int' but argument is of type 'volatile struct DPI_REG_CNTL *'
 static inline unsigned long disp_addr_convert(unsigned long va) 
                             ^
/home/satory-ra/Android/kernel/android_kernel_oukitel_orange/drivers/misc/mediatek/dispsys/mt6735/mt6735m/ddp_reg.h:1486:17: warning: passing argument 2 of 'dprec_reg_op' makes integer from pointer without a cast
                 dprec_reg_op(handle, reg32, val, 0x00000000);\
                 ^
drivers/misc/mediatek/dispsys/mt6735/ddp_dpi.c:82:63: note: in expansion of macro 'DISP_REG_SET'
   else{mt_reg_sync_writel(INREG32(&REG),&r);r.bit = (value);  DISP_REG_SET(cmdq, &REG, INREG32(&r));}    \
                                                               ^
drivers/misc/mediatek/dispsys/mt6735/ddp_dpi.c:377:3: note: in expansion of macro 'DPI_OUTREGBIT'
   DPI_OUTREGBIT(cmdq, DPI_REG_CNTL, DPI_REG->CNTL, BG_EN, pol.BG_EN);
   ^
In file included from /home/satory-ra/Android/kernel/android_kernel_oukitel_orange/drivers/misc/mediatek/videox/mt6735/disp_drv_log.h:3:0,
                 from drivers/misc/mediatek/dispsys/mt6735/ddp_dpi.c:12:
/home/satory-ra/Android/kernel/android_kernel_oukitel_orange/drivers/misc/mediatek/dispsys/mt6735/display_recorder.h:136:6: note: expected 'unsigned int' but argument is of type 'volatile struct DPI_REG_CNTL *'
 void dprec_reg_op(void* cmdq, unsigned int reg, unsigned int val, unsigned int mask);
      ^
In file included from drivers/misc/mediatek/dispsys/mt6735/ddp_dpi.c:31:0:
/home/satory-ra/Android/kernel/android_kernel_oukitel_orange/drivers/misc/mediatek/dispsys/mt6735/mt6735m/ddp_reg.h:1487:38: warning: passing argument 1 of 'disp_addr_convert' makes integer from pointer without a cast
                 cmdqRecWrite(handle, disp_addr_convert(reg32), val, ~0); \
                                      ^
drivers/misc/mediatek/dispsys/mt6735/ddp_dpi.c:82:63: note: in expansion of macro 'DISP_REG_SET'
   else{mt_reg_sync_writel(INREG32(&REG),&r);r.bit = (value);  DISP_REG_SET(cmdq, &REG, INREG32(&r));}    \
                                                               ^
drivers/misc/mediatek/dispsys/mt6735/ddp_dpi.c:377:3: note: in expansion of macro 'DPI_OUTREGBIT'
   DPI_OUTREGBIT(cmdq, DPI_REG_CNTL, DPI_REG->CNTL, BG_EN, pol.BG_EN);
   ^
/home/satory-ra/Android/kernel/android_kernel_oukitel_orange/drivers/misc/mediatek/dispsys/mt6735/mt6735m/ddp_reg.h:1395:29: note: expected 'long unsigned int' but argument is of type 'volatile struct DPI_REG_CNTL *'
 static inline unsigned long disp_addr_convert(unsigned long va) 
                             ^
/home/satory-ra/Android/kernel/android_kernel_oukitel_orange/drivers/misc/mediatek/dispsys/mt6735/mt6735m/ddp_reg.h:1413:3: warning: passing argument 2 of 'dprec_reg_op' makes integer from pointer without a cast
   dprec_reg_op(handle, reg32, val, mask);\
   ^
drivers/misc/mediatek/dispsys/mt6735/ddp_dpi.c:81:145: note: in expansion of macro 'DISP_REG_MASK'
   if(cmdq)  {*(unsigned int*)(&r) = ((unsigned int)0x00000000);r.bit = ~(r.bit);*(unsigned int*)(&v) = ((unsigned int)0x00000000);v.bit = value;DISP_REG_MASK(cmdq, &REG, AS_UINT32(&v), AS_UINT32(&r));}  \
                                                                                                                                                 ^
drivers/misc/mediatek/dispsys/mt6735/ddp_dpi.c:383:3: note: in expansion of macro 'DPI_OUTREGBIT'
   DPI_OUTREGBIT(cmdq, DPI_REG_CNTL, DPI_REG->CNTL, BG_EN, pol.BG_EN);
   ^
In file included from /home/satory-ra/Android/kernel/android_kernel_oukitel_orange/drivers/misc/mediatek/videox/mt6735/disp_drv_log.h:3:0,
                 from drivers/misc/mediatek/dispsys/mt6735/ddp_dpi.c:12:
/home/satory-ra/Android/kernel/android_kernel_oukitel_orange/drivers/misc/mediatek/dispsys/mt6735/display_recorder.h:136:6: note: expected 'unsigned int' but argument is of type 'volatile struct DPI_REG_CNTL *'
 void dprec_reg_op(void* cmdq, unsigned int reg, unsigned int val, unsigned int mask);
      ^
  LD      drivers/misc/mediatek/connectivity/conn_soc/drv_wlan/mt_wifi/built-in.o
In file included from drivers/misc/mediatek/dispsys/mt6735/ddp_dpi.c:31:0:
/home/satory-ra/Android/kernel/android_kernel_oukitel_orange/drivers/misc/mediatek/dispsys/mt6735/mt6735m/ddp_reg.h:1420:25: warning: passing argument 1 of 'disp_addr_convert' makes integer from pointer without a cast
    cmdqRecWrite(handle, disp_addr_convert(reg32), val, mask); \
                         ^
drivers/misc/mediatek/dispsys/mt6735/ddp_dpi.c:81:145: note: in expansion of macro 'DISP_REG_MASK'
   if(cmdq)  {*(unsigned int*)(&r) = ((unsigned int)0x00000000);r.bit = ~(r.bit);*(unsigned int*)(&v) = ((unsigned int)0x00000000);v.bit = value;DISP_REG_MASK(cmdq, &REG, AS_UINT32(&v), AS_UINT32(&r));}  \
                                                                                                                                                 ^
drivers/misc/mediatek/dispsys/mt6735/ddp_dpi.c:383:3: note: in expansion of macro 'DPI_OUTREGBIT'
   DPI_OUTREGBIT(cmdq, DPI_REG_CNTL, DPI_REG->CNTL, BG_EN, pol.BG_EN);
   ^
/home/satory-ra/Android/kernel/android_kernel_oukitel_orange/drivers/misc/mediatek/dispsys/mt6735/mt6735m/ddp_reg.h:1395:29: note: expected 'long unsigned int' but argument is of type 'volatile struct DPI_REG_CNTL *'
 static inline unsigned long disp_addr_convert(unsigned long va) 
                             ^
/home/satory-ra/Android/kernel/android_kernel_oukitel_orange/drivers/misc/mediatek/dispsys/mt6735/mt6735m/ddp_reg.h:1486:17: warning: passing argument 2 of 'dprec_reg_op' makes integer from pointer without a cast
                 dprec_reg_op(handle, reg32, val, 0x00000000);\
                 ^
drivers/misc/mediatek/dispsys/mt6735/ddp_dpi.c:82:63: note: in expansion of macro 'DISP_REG_SET'
   else{mt_reg_sync_writel(INREG32(&REG),&r);r.bit = (value);  DISP_REG_SET(cmdq, &REG, INREG32(&r));}    \
                                                               ^
drivers/misc/mediatek/dispsys/mt6735/ddp_dpi.c:383:3: note: in expansion of macro 'DPI_OUTREGBIT'
   DPI_OUTREGBIT(cmdq, DPI_REG_CNTL, DPI_REG->CNTL, BG_EN, pol.BG_EN);
   ^
In file included from /home/satory-ra/Android/kernel/android_kernel_oukitel_orange/drivers/misc/mediatek/videox/mt6735/disp_drv_log.h:3:0,
                 from drivers/misc/mediatek/dispsys/mt6735/ddp_dpi.c:12:
/home/satory-ra/Android/kernel/android_kernel_oukitel_orange/drivers/misc/mediatek/dispsys/mt6735/display_recorder.h:136:6: note: expected 'unsigned int' but argument is of type 'volatile struct DPI_REG_CNTL *'
 void dprec_reg_op(void* cmdq, unsigned int reg, unsigned int val, unsigned int mask);
      ^
In file included from drivers/misc/mediatek/dispsys/mt6735/ddp_dpi.c:31:0:
/home/satory-ra/Android/kernel/android_kernel_oukitel_orange/drivers/misc/mediatek/dispsys/mt6735/mt6735m/ddp_reg.h:1487:38: warning: passing argument 1 of 'disp_addr_convert' makes integer from pointer without a cast
                 cmdqRecWrite(handle, disp_addr_convert(reg32), val, ~0); \
                                      ^
drivers/misc/mediatek/dispsys/mt6735/ddp_dpi.c:82:63: note: in expansion of macro 'DISP_REG_SET'
   else{mt_reg_sync_writel(INREG32(&REG),&r);r.bit = (value);  DISP_REG_SET(cmdq, &REG, INREG32(&r));}    \
                                                               ^
drivers/misc/mediatek/dispsys/mt6735/ddp_dpi.c:383:3: note: in expansion of macro 'DPI_OUTREGBIT'
   DPI_OUTREGBIT(cmdq, DPI_REG_CNTL, DPI_REG->CNTL, BG_EN, pol.BG_EN);
   ^
/home/satory-ra/Android/kernel/android_kernel_oukitel_orange/drivers/misc/mediatek/dispsys/mt6735/mt6735m/ddp_reg.h:1395:29: note: expected 'long unsigned int' but argument is of type 'volatile struct DPI_REG_CNTL *'
 static inline unsigned long disp_addr_convert(unsigned long va) 
                             ^
drivers/misc/mediatek/dispsys/mt6735/ddp_dpi.c:385:9: warning: ISO C90 forbids mixed declarations and code [-Wdeclaration-after-statement]
         DPI_REG_BG_HCNTL pol2 = DPI_REG->BG_HCNTL;
         ^
drivers/misc/mediatek/dispsys/mt6735/ddp_dpi.c:392:9: warning: ISO C90 forbids mixed declarations and code [-Wdeclaration-after-statement]
         DPI_REG_BG_VCNTL pol3 = DPI_REG->BG_VCNTL;
         ^
drivers/misc/mediatek/dispsys/mt6735/ddp_dpi.c:399:9: warning: ISO C90 forbids mixed declarations and code [-Wdeclaration-after-statement]
         DPI_REG_BG_COLOR pol4 = DPI_REG->BG_COLOR;
         ^
drivers/misc/mediatek/dispsys/mt6735/ddp_dpi.c: In function 'ddp_dpi_reset':
drivers/misc/mediatek/dispsys/mt6735/ddp_dpi.c:594:5: warning: ISO C90 forbids mixed declarations and code [-Wdeclaration-after-statement]
     DPI_REG_RST reset = DPI_REG->DPI_RST;
     ^
In file included from drivers/misc/mediatek/dispsys/mt6735/ddp_dpi.c:31:0:
/home/satory-ra/Android/kernel/android_kernel_oukitel_orange/drivers/misc/mediatek/dispsys/mt6735/mt6735m/ddp_reg.h:1413:3: warning: passing argument 2 of 'dprec_reg_op' makes integer from pointer without a cast
   dprec_reg_op(handle, reg32, val, mask);\
   ^
drivers/misc/mediatek/dispsys/mt6735/ddp_dpi.c:81:145: note: in expansion of macro 'DISP_REG_MASK'
   if(cmdq)  {*(unsigned int*)(&r) = ((unsigned int)0x00000000);r.bit = ~(r.bit);*(unsigned int*)(&v) = ((unsigned int)0x00000000);v.bit = value;DISP_REG_MASK(cmdq, &REG, AS_UINT32(&v), AS_UINT32(&r));}  \
                                                                                                                                                 ^
drivers/misc/mediatek/dispsys/mt6735/ddp_dpi.c:596:2: note: in expansion of macro 'DPI_OUTREGBIT'
  DPI_OUTREGBIT(cmdq_handle, DPI_REG_RST, DPI_REG->DPI_RST, RST, reset.RST);
  ^
In file included from /home/satory-ra/Android/kernel/android_kernel_oukitel_orange/drivers/misc/mediatek/videox/mt6735/disp_drv_log.h:3:0,
                 from drivers/misc/mediatek/dispsys/mt6735/ddp_dpi.c:12:
/home/satory-ra/Android/kernel/android_kernel_oukitel_orange/drivers/misc/mediatek/dispsys/mt6735/display_recorder.h:136:6: note: expected 'unsigned int' but argument is of type 'volatile struct DPI_REG_RST *'
 void dprec_reg_op(void* cmdq, unsigned int reg, unsigned int val, unsigned int mask);
      ^
In file included from drivers/misc/mediatek/dispsys/mt6735/ddp_dpi.c:31:0:
/home/satory-ra/Android/kernel/android_kernel_oukitel_orange/drivers/misc/mediatek/dispsys/mt6735/mt6735m/ddp_reg.h:1420:25: warning: passing argument 1 of 'disp_addr_convert' makes integer from pointer without a cast
    cmdqRecWrite(handle, disp_addr_convert(reg32), val, mask); \
                         ^
drivers/misc/mediatek/dispsys/mt6735/ddp_dpi.c:81:145: note: in expansion of macro 'DISP_REG_MASK'
   if(cmdq)  {*(unsigned int*)(&r) = ((unsigned int)0x00000000);r.bit = ~(r.bit);*(unsigned int*)(&v) = ((unsigned int)0x00000000);v.bit = value;DISP_REG_MASK(cmdq, &REG, AS_UINT32(&v), AS_UINT32(&r));}  \
                                                                                                                                                 ^
drivers/misc/mediatek/dispsys/mt6735/ddp_dpi.c:596:2: note: in expansion of macro 'DPI_OUTREGBIT'
  DPI_OUTREGBIT(cmdq_handle, DPI_REG_RST, DPI_REG->DPI_RST, RST, reset.RST);
  ^
/home/satory-ra/Android/kernel/android_kernel_oukitel_orange/drivers/misc/mediatek/dispsys/mt6735/mt6735m/ddp_reg.h:1395:29: note: expected 'long unsigned int' but argument is of type 'volatile struct DPI_REG_RST *'
 static inline unsigned long disp_addr_convert(unsigned long va) 
                             ^
/home/satory-ra/Android/kernel/android_kernel_oukitel_orange/drivers/misc/mediatek/dispsys/mt6735/mt6735m/ddp_reg.h:1486:17: warning: passing argument 2 of 'dprec_reg_op' makes integer from pointer without a cast
                 dprec_reg_op(handle, reg32, val, 0x00000000);\
                 ^
drivers/misc/mediatek/dispsys/mt6735/ddp_dpi.c:82:63: note: in expansion of macro 'DISP_REG_SET'
   else{mt_reg_sync_writel(INREG32(&REG),&r);r.bit = (value);  DISP_REG_SET(cmdq, &REG, INREG32(&r));}    \
                                                               ^
drivers/misc/mediatek/dispsys/mt6735/ddp_dpi.c:596:2: note: in expansion of macro 'DPI_OUTREGBIT'
  DPI_OUTREGBIT(cmdq_handle, DPI_REG_RST, DPI_REG->DPI_RST, RST, reset.RST);
  ^
In file included from /home/satory-ra/Android/kernel/android_kernel_oukitel_orange/drivers/misc/mediatek/videox/mt6735/disp_drv_log.h:3:0,
                 from drivers/misc/mediatek/dispsys/mt6735/ddp_dpi.c:12:
/home/satory-ra/Android/kernel/android_kernel_oukitel_orange/drivers/misc/mediatek/dispsys/mt6735/display_recorder.h:136:6: note: expected 'unsigned int' but argument is of type 'volatile struct DPI_REG_RST *'
 void dprec_reg_op(void* cmdq, unsigned int reg, unsigned int val, unsigned int mask);
      ^
In file included from drivers/misc/mediatek/dispsys/mt6735/ddp_dpi.c:31:0:
/home/satory-ra/Android/kernel/android_kernel_oukitel_orange/drivers/misc/mediatek/dispsys/mt6735/mt6735m/ddp_reg.h:1487:38: warning: passing argument 1 of 'disp_addr_convert' makes integer from pointer without a cast
                 cmdqRecWrite(handle, disp_addr_convert(reg32), val, ~0); \
                                      ^
drivers/misc/mediatek/dispsys/mt6735/ddp_dpi.c:82:63: note: in expansion of macro 'DISP_REG_SET'
   else{mt_reg_sync_writel(INREG32(&REG),&r);r.bit = (value);  DISP_REG_SET(cmdq, &REG, INREG32(&r));}    \
                                                               ^
drivers/misc/mediatek/dispsys/mt6735/ddp_dpi.c:596:2: note: in expansion of macro 'DPI_OUTREGBIT'
  DPI_OUTREGBIT(cmdq_handle, DPI_REG_RST, DPI_REG->DPI_RST, RST, reset.RST);
  ^
/home/satory-ra/Android/kernel/android_kernel_oukitel_orange/drivers/misc/mediatek/dispsys/mt6735/mt6735m/ddp_reg.h:1395:29: note: expected 'long unsigned int' but argument is of type 'volatile struct DPI_REG_RST *'
 static inline unsigned long disp_addr_convert(unsigned long va) 
                             ^
/home/satory-ra/Android/kernel/android_kernel_oukitel_orange/drivers/misc/mediatek/dispsys/mt6735/mt6735m/ddp_reg.h:1413:3: warning: passing argument 2 of 'dprec_reg_op' makes integer from pointer without a cast
   dprec_reg_op(handle, reg32, val, mask);\
   ^
drivers/misc/mediatek/dispsys/mt6735/ddp_dpi.c:81:145: note: in expansion of macro 'DISP_REG_MASK'
   if(cmdq)  {*(unsigned int*)(&r) = ((unsigned int)0x00000000);r.bit = ~(r.bit);*(unsigned int*)(&v) = ((unsigned int)0x00000000);v.bit = value;DISP_REG_MASK(cmdq, &REG, AS_UINT32(&v), AS_UINT32(&r));}  \
                                                                                                                                                 ^
drivers/misc/mediatek/dispsys/mt6735/ddp_dpi.c:600:2: note: in expansion of macro 'DPI_OUTREGBIT'
  DPI_OUTREGBIT(cmdq_handle, DPI_REG_RST, DPI_REG->DPI_RST, RST, reset.RST);
  ^
In file included from /home/satory-ra/Android/kernel/android_kernel_oukitel_orange/drivers/misc/mediatek/videox/mt6735/disp_drv_log.h:3:0,
                 from drivers/misc/mediatek/dispsys/mt6735/ddp_dpi.c:12:
/home/satory-ra/Android/kernel/android_kernel_oukitel_orange/drivers/misc/mediatek/dispsys/mt6735/display_recorder.h:136:6: note: expected 'unsigned int' but argument is of type 'volatile struct DPI_REG_RST *'
 void dprec_reg_op(void* cmdq, unsigned int reg, unsigned int val, unsigned int mask);
      ^
  LD      drivers/misc/mediatek/connectivity/conn_soc/drv_wlan/built-in.o
  LD      drivers/misc/mediatek/connectivity/conn_soc/built-in.o
In file included from drivers/misc/mediatek/dispsys/mt6735/ddp_dpi.c:31:0:
/home/satory-ra/Android/kernel/android_kernel_oukitel_orange/drivers/misc/mediatek/dispsys/mt6735/mt6735m/ddp_reg.h:1420:25: warning: passing argument 1 of 'disp_addr_convert' makes integer from pointer without a cast
    cmdqRecWrite(handle, disp_addr_convert(reg32), val, mask); \
                         ^
drivers/misc/mediatek/dispsys/mt6735/ddp_dpi.c:81:145: note: in expansion of macro 'DISP_REG_MASK'
   if(cmdq)  {*(unsigned int*)(&r) = ((unsigned int)0x00000000);r.bit = ~(r.bit);*(unsigned int*)(&v) = ((unsigned int)0x00000000);v.bit = value;DISP_REG_MASK(cmdq, &REG, AS_UINT32(&v), AS_UINT32(&r));}  \
                                                                                                                                                 ^
drivers/misc/mediatek/dispsys/mt6735/ddp_dpi.c:600:2: note: in expansion of macro 'DPI_OUTREGBIT'
  DPI_OUTREGBIT(cmdq_handle, DPI_REG_RST, DPI_REG->DPI_RST, RST, reset.RST);
  ^
/home/satory-ra/Android/kernel/android_kernel_oukitel_orange/drivers/misc/mediatek/dispsys/mt6735/mt6735m/ddp_reg.h:1395:29: note: expected 'long unsigned int' but argument is of type 'volatile struct DPI_REG_RST *'
 static inline unsigned long disp_addr_convert(unsigned long va) 
                             ^
/home/satory-ra/Android/kernel/android_kernel_oukitel_orange/drivers/misc/mediatek/dispsys/mt6735/mt6735m/ddp_reg.h:1486:17: warning: passing argument 2 of 'dprec_reg_op' makes integer from pointer without a cast
                 dprec_reg_op(handle, reg32, val, 0x00000000);\
                 ^
drivers/misc/mediatek/dispsys/mt6735/ddp_dpi.c:82:63: note: in expansion of macro 'DISP_REG_SET'
   else{mt_reg_sync_writel(INREG32(&REG),&r);r.bit = (value);  DISP_REG_SET(cmdq, &REG, INREG32(&r));}    \
                                                               ^
drivers/misc/mediatek/dispsys/mt6735/ddp_dpi.c:600:2: note: in expansion of macro 'DPI_OUTREGBIT'
  DPI_OUTREGBIT(cmdq_handle, DPI_REG_RST, DPI_REG->DPI_RST, RST, reset.RST);
  ^
In file included from /home/satory-ra/Android/kernel/android_kernel_oukitel_orange/drivers/misc/mediatek/videox/mt6735/disp_drv_log.h:3:0,
                 from drivers/misc/mediatek/dispsys/mt6735/ddp_dpi.c:12:
/home/satory-ra/Android/kernel/android_kernel_oukitel_orange/drivers/misc/mediatek/dispsys/mt6735/display_recorder.h:136:6: note: expected 'unsigned int' but argument is of type 'volatile struct DPI_REG_RST *'
 void dprec_reg_op(void* cmdq, unsigned int reg, unsigned int val, unsigned int mask);
      ^
In file included from drivers/misc/mediatek/dispsys/mt6735/ddp_dpi.c:31:0:
/home/satory-ra/Android/kernel/android_kernel_oukitel_orange/drivers/misc/mediatek/dispsys/mt6735/mt6735m/ddp_reg.h:1487:38: warning: passing argument 1 of 'disp_addr_convert' makes integer from pointer without a cast
                 cmdqRecWrite(handle, disp_addr_convert(reg32), val, ~0); \
                                      ^
drivers/misc/mediatek/dispsys/mt6735/ddp_dpi.c:82:63: note: in expansion of macro 'DISP_REG_SET'
   else{mt_reg_sync_writel(INREG32(&REG),&r);r.bit = (value);  DISP_REG_SET(cmdq, &REG, INREG32(&r));}    \
                                                               ^
drivers/misc/mediatek/dispsys/mt6735/ddp_dpi.c:600:2: note: in expansion of macro 'DPI_OUTREGBIT'
  DPI_OUTREGBIT(cmdq_handle, DPI_REG_RST, DPI_REG->DPI_RST, RST, reset.RST);
  ^
/home/satory-ra/Android/kernel/android_kernel_oukitel_orange/drivers/misc/mediatek/dispsys/mt6735/mt6735m/ddp_reg.h:1395:29: note: expected 'long unsigned int' but argument is of type 'volatile struct DPI_REG_RST *'
 static inline unsigned long disp_addr_convert(unsigned long va) 
                             ^
drivers/misc/mediatek/dispsys/mt6735/ddp_dpi.c: In function 'ddp_dpi_init':
drivers/misc/mediatek/dispsys/mt6735/ddp_dpi.c:730:5: warning: ISO C90 forbids mixed declarations and code [-Wdeclaration-after-statement]
     UINT32 temp = 0x200;
     ^
drivers/misc/mediatek/dispsys/mt6735/ddp_dpi.c:730:12: warning: unused variable 'temp' [-Wunused-variable]
     UINT32 temp = 0x200;
            ^
drivers/misc/mediatek/dispsys/mt6735/ddp_dpi.c: In function 'ddp_dpi_set_lcm_utils':
drivers/misc/mediatek/dispsys/mt6735/ddp_dpi.c:798:5: warning: ISO C90 forbids mixed declarations and code [-Wdeclaration-after-statement]
     LCM_UTIL_FUNCS *utils = NULL;
     ^
drivers/misc/mediatek/dispsys/mt6735/ddp_dpi.c:806:11: warning: assignment discards 'const' qualifier from pointer target type
     utils = &lcm_utils_dpi;
           ^
drivers/misc/mediatek/dispsys/mt6735/ddp_dpi.c: In function 'ddp_dpi_change_io_driving':
drivers/misc/mediatek/dispsys/mt6735/ddp_dpi.c:875:3: warning: case value '6' not in enumerated type 'LCM_DRIVING_CURRENT' [-Wswitch]
   case 6:
   ^
drivers/misc/mediatek/dispsys/mt6735/ddp_dpi.c:909:3: warning: case value '6' not in enumerated type 'LCM_DRIVING_CURRENT' [-Wswitch]
   case 6:
   ^
drivers/misc/mediatek/dispsys/mt6735/ddp_dpi.c:921:3: warning: case value '9' not in enumerated type 'LCM_DRIVING_CURRENT' [-Wswitch]
   case 1+8:
   ^
drivers/misc/mediatek/dispsys/mt6735/ddp_dpi.c:927:3: warning: case value '10' not in enumerated type 'LCM_DRIVING_CURRENT' [-Wswitch]
   case 2+8:
   ^
drivers/misc/mediatek/dispsys/mt6735/ddp_dpi.c:933:3: warning: case value '11' not in enumerated type 'LCM_DRIVING_CURRENT' [-Wswitch]
   case 3+8:
   ^
drivers/misc/mediatek/dispsys/mt6735/ddp_dpi.c:939:3: warning: case value '12' not in enumerated type 'LCM_DRIVING_CURRENT' [-Wswitch]
   case 4+8:
   ^
drivers/misc/mediatek/dispsys/mt6735/ddp_dpi.c: In function 'ddp_dpi_ioctl':
drivers/misc/mediatek/dispsys/mt6735/ddp_dpi.c:957:5: warning: ISO C90 forbids mixed declarations and code [-Wdeclaration-after-statement]
     int ret = 0;
     ^
In file included from drivers/misc/mediatek/dispsys/mt6735/ddp_dpi.c:31:0:
drivers/misc/mediatek/dispsys/mt6735/ddp_dpi.c: At top level:
/home/satory-ra/Android/kernel/android_kernel_oukitel_orange/drivers/misc/mediatek/dispsys/mt6735/mt6735m/ddp_reg.h:23:21: warning: 'module_list_scenario' defined but not used [-Wunused-variable]
 static unsigned int module_list_scenario[DDP_SCENARIO_MAX][DDP_ENING_NUM] = {
                     ^
In file included from drivers/misc/mediatek/dispsys/mt6735/ddp_dpi.c:31:0:
/home/satory-ra/Android/kernel/android_kernel_oukitel_orange/drivers/misc/mediatek/dispsys/mt6735/mt6735m/ddp_reg.h:48:15: warning: 'mout_map' defined but not used [-Wunused-variable]
 static mout_t mout_map[DDP_MOUT_NUM] = 
               ^
/home/satory-ra/Android/kernel/android_kernel_oukitel_orange/drivers/misc/mediatek/dispsys/mt6735/mt6735m/ddp_reg.h:59:14: warning: 'sel_out_map' defined but not used [-Wunused-variable]
 static sel_t sel_out_map[DDP_SEL_OUT_NUM] = 
              ^
/home/satory-ra/Android/kernel/android_kernel_oukitel_orange/drivers/misc/mediatek/dispsys/mt6735/mt6735m/ddp_reg.h:67:14: warning: 'sel_in_map' defined but not used [-Wunused-variable]
 static sel_t sel_in_map[DDP_SEL_IN_NUM] = 
              ^
/home/satory-ra/Android/kernel/android_kernel_oukitel_orange/drivers/misc/mediatek/dispsys/mt6735/mt6735m/ddp_reg.h:106:21: warning: 'module_mutex_map' defined but not used [-Wunused-variable]
 static module_map_t module_mutex_map[DISP_MODULE_NUM] =
                     ^
/home/satory-ra/Android/kernel/android_kernel_oukitel_orange/drivers/misc/mediatek/dispsys/mt6735/mt6735m/ddp_reg.h:134:21: warning: 'module_can_connect' defined but not used [-Wunused-variable]
 static module_map_t module_can_connect[DISP_MODULE_NUM] =
                     ^
drivers/misc/mediatek/dispsys/mt6735/ddp_dpi.c:89:13: warning: 's_isCmdqInited' defined but not used [-Wunused-variable]
 static BOOL s_isCmdqInited = FALSE;
             ^
drivers/misc/mediatek/dispsys/mt6735/ddp_dpi.c:98:15: warning: 'dpiIntCallback' defined but not used [-Wunused-variable]
 static void (*dpiIntCallback)(DISP_INTERRUPT_EVENTS);
               ^
drivers/misc/mediatek/dispsys/mt6735/ddp_dpi.c:99:22: warning: 'CMDQ_Handle' defined but not used [-Wunused-variable]
 static cmdqRecHandle CMDQ_Handle;
                      ^
drivers/misc/mediatek/dispsys/mt6735/ddp_dpi.c:161:13: warning: '_BackupDPIRegisters' defined but not used [-Wunused-function]
 static void _BackupDPIRegisters(void)
             ^
drivers/misc/mediatek/dispsys/mt6735/ddp_dpi.c:173:13: warning: '_RestoreDPIRegisters' defined but not used [-Wunused-function]
 static void _RestoreDPIRegisters(void)
             ^
  LD      drivers/misc/mediatek/connectivity/built-in.o
  CC      drivers/misc/mediatek/dramc/mt6735/mt_dramc.o
  CC      net/sched/sch_htb.o
  LD      drivers/misc/mediatek/dramc/mt6735/built-in.o
  LD      drivers/misc/mediatek/dramc/built-in.o
  CC      drivers/misc/mediatek/dispsys/mt6735/ddp_drv.o
  CC      drivers/misc/mediatek/eccci/ccci_core.o
In file included from /home/satory-ra/Android/kernel/android_kernel_oukitel_orange/drivers/misc/mediatek/eccci/mt6735/ccci_platform.h:6:0,
                 from drivers/misc/mediatek/eccci/ccci_core.c:18:
/home/satory-ra/Android/kernel/android_kernel_oukitel_orange/drivers/misc/mediatek/eccci/ccci_core.h: In function 'ccci_port_recv_skb':
/home/satory-ra/Android/kernel/android_kernel_oukitel_orange/drivers/misc/mediatek/eccci/ccci_core.h:549:17: warning: statement with no effect [-Wunused-value]
                 ret == -CCCI_ERR_CHANNEL_NUM_MIS_MATCH;
                 ^
/home/satory-ra/Android/kernel/android_kernel_oukitel_orange/drivers/misc/mediatek/eccci/ccci_core.h: In function 'ccci_port_recv_request':
/home/satory-ra/Android/kernel/android_kernel_oukitel_orange/drivers/misc/mediatek/eccci/ccci_core.h:618:17: warning: statement with no effect [-Wunused-value]
                 ret == -CCCI_ERR_CHANNEL_NUM_MIS_MATCH;
                 ^
In file included from include/mach/mt_gpio.h:15:0,
                 from /home/satory-ra/Android/kernel/android_kernel_oukitel_orange/drivers/misc/mediatek/videox/mt6735/mt6735m/disp_drv_platform.h:6,
                 from drivers/misc/mediatek/dispsys/mt6735/ddp_drv.c:51:
/home/satory-ra/Android/kernel/android_kernel_oukitel_orange/drivers/misc/mediatek/mach/mt6735/Sprint4g/dct/dct/inc/cust_gpio_usage.h:481:0: warning: "GPIO_KPD_KCOL1_PIN_M_UCTS" redefined
 #define GPIO_KPD_KCOL1_PIN_M_UCTS   GPIO_MODE_03
 ^
/home/satory-ra/Android/kernel/android_kernel_oukitel_orange/drivers/misc/mediatek/mach/mt6735/Sprint4g/dct/dct/inc/cust_gpio_usage.h:480:0: note: this is the location of the previous definition
 #define GPIO_KPD_KCOL1_PIN_M_UCTS   GPIO_MODE_02
 ^
In file included from /home/satory-ra/Android/kernel/android_kernel_oukitel_orange/drivers/misc/mediatek/dispsys/mt6735/mt6735m/ddp_reg.h:6:0,
                 from drivers/misc/mediatek/dispsys/mt6735/ddp_drv.c:53:
/home/satory-ra/Android/kernel/android_kernel_oukitel_orange/drivers/misc/mediatek/dispsys/mt6735/display_recorder.h:152:1: warning: function declaration isn't a prototype [-Wstrict-prototypes]
 void dprec_logger_dump_reset();
 ^
/home/satory-ra/Android/kernel/android_kernel_oukitel_orange/drivers/misc/mediatek/dispsys/mt6735/display_recorder.h:153:1: warning: function declaration isn't a prototype [-Wstrict-prototypes]
 char *dprec_logger_get_dump_addr();
 ^
/home/satory-ra/Android/kernel/android_kernel_oukitel_orange/drivers/misc/mediatek/dispsys/mt6735/display_recorder.h:154:1: warning: function declaration isn't a prototype [-Wstrict-prototypes]
 unsigned int dprec_logger_get_dump_len();
 ^
In file included from drivers/misc/mediatek/dispsys/mt6735/ddp_drv.c:53:0:
/home/satory-ra/Android/kernel/android_kernel_oukitel_orange/drivers/misc/mediatek/dispsys/mt6735/mt6735m/ddp_reg.h:1963:0: warning: "DISP_REG_DPI_ESAV_VTIM_R" redefined
 #define DISP_REG_DPI_ESAV_VTIM_R      (DISPSYS_DPI_BASE + 0x088)
 ^
/home/satory-ra/Android/kernel/android_kernel_oukitel_orange/drivers/misc/mediatek/dispsys/mt6735/mt6735m/ddp_reg.h:1962:0: note: this is the location of the previous definition
 #define DISP_REG_DPI_ESAV_VTIM_R      (DISPSYS_DPI_BASE + 0x084)
 ^
drivers/misc/mediatek/dispsys/mt6735/ddp_drv.c: In function 'disp_unlocked_ioctl':
drivers/misc/mediatek/dispsys/mt6735/ddp_drv.c:392:23: warning: unused variable 'pNode' [-Wunused-variable]
     disp_node_struct *pNode = (disp_node_struct *)file->private_data;
                       ^
drivers/misc/mediatek/dispsys/mt6735/ddp_drv.c: In function 'disp_release':
drivers/misc/mediatek/dispsys/mt6735/ddp_drv.c:457:18: warning: unused variable 'index' [-Wunused-variable]
     unsigned int index = 0;
                  ^
drivers/misc/mediatek/dispsys/mt6735/ddp_drv.c: At top level:
drivers/misc/mediatek/dispsys/mt6735/ddp_drv.c:499:1: warning: function declaration isn't a prototype [-Wstrict-prototypes]
 extern int ddp_path_init();
 ^
drivers/misc/mediatek/dispsys/mt6735/ddp_drv.c: In function 'disp_probe':
drivers/misc/mediatek/dispsys/mt6735/ddp_drv.c:653:18: warning: assignment makes integer from pointer without a cast
   dispsys_reg[i] = dispsys_dev->regs[i];
                  ^
drivers/misc/mediatek/dispsys/mt6735/ddp_drv.c:697:5: warning: passing argument 2 of 'm4u_register_fault_callback' from incompatible pointer type
     m4u_register_fault_callback(M4U_PORT_DISP_OVL0, disp_m4u_callback, 0);
     ^
In file included from drivers/misc/mediatek/dispsys/mt6735/ddp_drv.c:49:0:
/home/satory-ra/Android/kernel/android_kernel_oukitel_orange/drivers/misc/mediatek/mach/mt6735/include/mach/m4u.h:132:5: note: expected 'enum m4u_callback_ret_t (*)(int,  unsigned int,  void *)' but argument is of type 'enum m4u_callback_ret_t (*)(int,  long unsigned int,  void *)'
 int m4u_register_fault_callback(int port, m4u_fault_callback_t *fn, void* data);
     ^
drivers/misc/mediatek/dispsys/mt6735/ddp_drv.c:698:5: warning: passing argument 2 of 'm4u_register_fault_callback' from incompatible pointer type
     m4u_register_fault_callback(M4U_PORT_DISP_RDMA0, disp_m4u_callback, 0);
     ^
In file included from drivers/misc/mediatek/dispsys/mt6735/ddp_drv.c:49:0:
/home/satory-ra/Android/kernel/android_kernel_oukitel_orange/drivers/misc/mediatek/mach/mt6735/include/mach/m4u.h:132:5: note: expected 'enum m4u_callback_ret_t (*)(int,  unsigned int,  void *)' but argument is of type 'enum m4u_callback_ret_t (*)(int,  long unsigned int,  void *)'
 int m4u_register_fault_callback(int port, m4u_fault_callback_t *fn, void* data);
     ^
drivers/misc/mediatek/dispsys/mt6735/ddp_drv.c:699:5: warning: passing argument 2 of 'm4u_register_fault_callback' from incompatible pointer type
     m4u_register_fault_callback(M4U_PORT_DISP_WDMA0, disp_m4u_callback, 0);
     ^
In file included from drivers/misc/mediatek/dispsys/mt6735/ddp_drv.c:49:0:
/home/satory-ra/Android/kernel/android_kernel_oukitel_orange/drivers/misc/mediatek/mach/mt6735/include/mach/m4u.h:132:5: note: expected 'enum m4u_callback_ret_t (*)(int,  unsigned int,  void *)' but argument is of type 'enum m4u_callback_ret_t (*)(int,  long unsigned int,  void *)'
 int m4u_register_fault_callback(int port, m4u_fault_callback_t *fn, void* data);
     ^
In file included from drivers/misc/mediatek/dispsys/mt6735/ddp_drv.c:48:0:
/home/satory-ra/Android/kernel/android_kernel_oukitel_orange/drivers/misc/mediatek/dispsys/mt6735/mt6735m/ddp_reg.h:1495:38: warning: passing argument 1 of '__raw_readl' makes pointer from integer without a cast
                 mt_reg_sync_writel( (__raw_readl(reg32) & ~REG_FLD_MASK(field))|REG_FLD_VAL((field), (val)), (reg32));  \
                                      ^
/home/satory-ra/Android/kernel/android_kernel_oukitel_orange/drivers/misc/mediatek/mach/mt6735/include/mach/sync_write.h:15:27: note: in definition of macro 'mt_reg_sync_writel'
             __raw_writel((v), IOMEM((a)));   \
                           ^
drivers/misc/mediatek/dispsys/mt6735/ddp_drv.c:714:9: note: in expansion of macro 'DISP_REG_SET_FIELD'
         DISP_REG_SET_FIELD(0, MMSYS_TO_MFG_TX_ERROR, DISP_REG_CONFIG_MMSYS_INTEN, 1);
         ^
In file included from include/linux/scatterlist.h:10:0,
                 from include/linux/dma-mapping.h:9,
                 from drivers/misc/mediatek/dispsys/mt6735/ddp_drv.c:15:
/home/satory-ra/Android/kernel/android_kernel_oukitel_orange/arch/arm/include/asm/io.h:104:19: note: expected 'const volatile void *' but argument is of type 'long unsigned int'
 static inline u32 __raw_readl(const volatile void __iomem *addr)
                   ^
In file included from drivers/misc/mediatek/dispsys/mt6735/ddp_drv.c:48:0:
/home/satory-ra/Android/kernel/android_kernel_oukitel_orange/drivers/misc/mediatek/dispsys/mt6735/mt6735m/ddp_reg.h:1495:38: warning: passing argument 1 of '__raw_readl' makes pointer from integer without a cast
                 mt_reg_sync_writel( (__raw_readl(reg32) & ~REG_FLD_MASK(field))|REG_FLD_VAL((field), (val)), (reg32));  \
                                      ^
/home/satory-ra/Android/kernel/android_kernel_oukitel_orange/drivers/misc/mediatek/mach/mt6735/include/mach/sync_write.h:15:27: note: in definition of macro 'mt_reg_sync_writel'
             __raw_writel((v), IOMEM((a)));   \
                           ^
drivers/misc/mediatek/dispsys/mt6735/ddp_drv.c:715:9: note: in expansion of macro 'DISP_REG_SET_FIELD'
         DISP_REG_SET_FIELD(0, MMSYS_TO_MJC_TX_ERROR, DISP_REG_CONFIG_MMSYS_INTEN, 1);
         ^
In file included from include/linux/scatterlist.h:10:0,
                 from include/linux/dma-mapping.h:9,
                 from drivers/misc/mediatek/dispsys/mt6735/ddp_drv.c:15:
/home/satory-ra/Android/kernel/android_kernel_oukitel_orange/arch/arm/include/asm/io.h:104:19: note: expected 'const volatile void *' but argument is of type 'long unsigned int'
 static inline u32 __raw_readl(const volatile void __iomem *addr)
                   ^
In file included from drivers/misc/mediatek/dispsys/mt6735/ddp_drv.c:48:0:
/home/satory-ra/Android/kernel/android_kernel_oukitel_orange/drivers/misc/mediatek/dispsys/mt6735/mt6735m/ddp_reg.h:1495:38: warning: passing argument 1 of '__raw_readl' makes pointer from integer without a cast
                 mt_reg_sync_writel( (__raw_readl(reg32) & ~REG_FLD_MASK(field))|REG_FLD_VAL((field), (val)), (reg32));  \
                                      ^
/home/satory-ra/Android/kernel/android_kernel_oukitel_orange/drivers/misc/mediatek/mach/mt6735/include/mach/sync_write.h:15:27: note: in definition of macro 'mt_reg_sync_writel'
             __raw_writel((v), IOMEM((a)));   \
                           ^
drivers/misc/mediatek/dispsys/mt6735/ddp_drv.c:716:9: note: in expansion of macro 'DISP_REG_SET_FIELD'
         DISP_REG_SET_FIELD(0, PWM0_APB_TX_ERROR, DISP_REG_CONFIG_MMSYS_INTEN, 1);
         ^
In file included from include/linux/scatterlist.h:10:0,
                 from include/linux/dma-mapping.h:9,
                 from drivers/misc/mediatek/dispsys/mt6735/ddp_drv.c:15:
/home/satory-ra/Android/kernel/android_kernel_oukitel_orange/arch/arm/include/asm/io.h:104:19: note: expected 'const volatile void *' but argument is of type 'long unsigned int'
 static inline u32 __raw_readl(const volatile void __iomem *addr)
                   ^
In file included from drivers/misc/mediatek/dispsys/mt6735/ddp_drv.c:53:0:
drivers/misc/mediatek/dispsys/mt6735/ddp_drv.c: At top level:
/home/satory-ra/Android/kernel/android_kernel_oukitel_orange/drivers/misc/mediatek/dispsys/mt6735/mt6735m/ddp_reg.h:23:21: warning: 'module_list_scenario' defined but not used [-Wunused-variable]
 static unsigned int module_list_scenario[DDP_SCENARIO_MAX][DDP_ENING_NUM] = {
                     ^
In file included from drivers/misc/mediatek/dispsys/mt6735/ddp_drv.c:53:0:
/home/satory-ra/Android/kernel/android_kernel_oukitel_orange/drivers/misc/mediatek/dispsys/mt6735/mt6735m/ddp_reg.h:48:15: warning: 'mout_map' defined but not used [-Wunused-variable]
 static mout_t mout_map[DDP_MOUT_NUM] = 
               ^
/home/satory-ra/Android/kernel/android_kernel_oukitel_orange/drivers/misc/mediatek/dispsys/mt6735/mt6735m/ddp_reg.h:59:14: warning: 'sel_out_map' defined but not used [-Wunused-variable]
 static sel_t sel_out_map[DDP_SEL_OUT_NUM] = 
              ^
/home/satory-ra/Android/kernel/android_kernel_oukitel_orange/drivers/misc/mediatek/dispsys/mt6735/mt6735m/ddp_reg.h:67:14: warning: 'sel_in_map' defined but not used [-Wunused-variable]
 static sel_t sel_in_map[DDP_SEL_IN_NUM] = 
              ^
/home/satory-ra/Android/kernel/android_kernel_oukitel_orange/drivers/misc/mediatek/dispsys/mt6735/mt6735m/ddp_reg.h:106:21: warning: 'module_mutex_map' defined but not used [-Wunused-variable]
 static module_map_t module_mutex_map[DISP_MODULE_NUM] =
                     ^
/home/satory-ra/Android/kernel/android_kernel_oukitel_orange/drivers/misc/mediatek/dispsys/mt6735/mt6735m/ddp_reg.h:134:21: warning: 'module_can_connect' defined but not used [-Wunused-variable]
 static module_map_t module_can_connect[DISP_MODULE_NUM] =
                     ^
drivers/misc/mediatek/dispsys/mt6735/ddp_drv.c:129:21: warning: 'ddp_ms2jiffies' defined but not used [-Wunused-function]
 static unsigned int ddp_ms2jiffies(unsigned long ms)
                     ^
drivers/misc/mediatek/dispsys/mt6735/ddp_drv.c:594:31: warning: 'disp_fops' defined but not used [-Wunused-variable]
 static struct file_operations disp_fops = {
                               ^
drivers/misc/mediatek/dispsys/mt6735/ddp_drv.c: In function 'disp_m4u_callback':
drivers/misc/mediatek/dispsys/mt6735/ddp_drv.c:580:1: warning: control reaches end of non-void function [-Wreturn-type]
 }
 ^
  CC      drivers/misc/mediatek/dispsys/mt6735/ddp_path.o
  CC      drivers/misc/mediatek/eccci/ccci_bm.o
  CC      net/sched/sch_ingress.o
In file included from drivers/misc/mediatek/dispsys/mt6735/ddp_log.h:6:0,
                 from drivers/misc/mediatek/dispsys/mt6735/ddp_path.c:3:
drivers/misc/mediatek/dispsys/mt6735/display_recorder.h:152:1: warning: function declaration isn't a prototype [-Wstrict-prototypes]
 void dprec_logger_dump_reset();
 ^
drivers/misc/mediatek/dispsys/mt6735/display_recorder.h:153:1: warning: function declaration isn't a prototype [-Wstrict-prototypes]
 char *dprec_logger_get_dump_addr();
 ^
drivers/misc/mediatek/dispsys/mt6735/display_recorder.h:154:1: warning: function declaration isn't a prototype [-Wstrict-prototypes]
 unsigned int dprec_logger_get_dump_len();
 ^
In file included from drivers/misc/mediatek/dispsys/mt6735/ddp_path.c:9:0:
/home/satory-ra/Android/kernel/android_kernel_oukitel_orange/drivers/misc/mediatek/dispsys/mt6735/mt6735m/ddp_reg.h:1963:0: warning: "DISP_REG_DPI_ESAV_VTIM_R" redefined
 #define DISP_REG_DPI_ESAV_VTIM_R      (DISPSYS_DPI_BASE + 0x088)
 ^
/home/satory-ra/Android/kernel/android_kernel_oukitel_orange/drivers/misc/mediatek/dispsys/mt6735/mt6735m/ddp_reg.h:1962:0: note: this is the location of the previous definition
 #define DISP_REG_DPI_ESAV_VTIM_R      (DISPSYS_DPI_BASE + 0x084)
 ^
In file included from include/mach/mt_gpio.h:15:0,
                 from /home/satory-ra/Android/kernel/android_kernel_oukitel_orange/drivers/misc/mediatek/videox/mt6735/mt6735m/disp_drv_platform.h:6,
                 from drivers/misc/mediatek/dispsys/mt6735/ddp_path.c:11:
/home/satory-ra/Android/kernel/android_kernel_oukitel_orange/drivers/misc/mediatek/mach/mt6735/Sprint4g/dct/dct/inc/cust_gpio_usage.h:481:0: warning: "GPIO_KPD_KCOL1_PIN_M_UCTS" redefined
 #define GPIO_KPD_KCOL1_PIN_M_UCTS   GPIO_MODE_03
 ^
/home/satory-ra/Android/kernel/android_kernel_oukitel_orange/drivers/misc/mediatek/mach/mt6735/Sprint4g/dct/dct/inc/cust_gpio_usage.h:480:0: note: this is the location of the previous definition
 #define GPIO_KPD_KCOL1_PIN_M_UCTS   GPIO_MODE_02
 ^
In file included from drivers/misc/mediatek/dispsys/mt6735/ddp_path.c:14:0:
/home/satory-ra/Android/kernel/android_kernel_oukitel_orange/drivers/misc/mediatek/videox/mt6735/primary_display.h:195:1: warning: no semicolon at end of struct or union
 }disp_internal_buffer_info ;
 ^
/home/satory-ra/Android/kernel/android_kernel_oukitel_orange/drivers/misc/mediatek/videox/mt6735/primary_display.h:356:1: warning: function declaration isn't a prototype [-Wstrict-prototypes]
 int primary_display_check_test();
 ^
drivers/misc/mediatek/dispsys/mt6735/ddp_path.c:22:5: warning: function declaration isn't a prototype [-Wstrict-prototypes]
 int ddp_path_init()
     ^
drivers/misc/mediatek/dispsys/mt6735/ddp_path.c: In function 'ddp_path_init':
drivers/misc/mediatek/dispsys/mt6735/ddp_path.c:25:21: warning: assignment makes pointer from integer without a cast
     mout_map[0].reg = DISP_REG_CONFIG_DISP_OVL0_MOUT_EN;
                     ^
drivers/misc/mediatek/dispsys/mt6735/ddp_path.c:29:21: warning: assignment makes pointer from integer without a cast
     mout_map[2].reg = DISP_REG_CONFIG_DISP_DITHER_MOUT_EN;  
                     ^
drivers/misc/mediatek/dispsys/mt6735/ddp_path.c:30:21: warning: assignment makes pointer from integer without a cast
     mout_map[3].reg = DISP_REG_CONFIG_DISP_UFOE_MOUT_EN;
                     ^
drivers/misc/mediatek/dispsys/mt6735/ddp_path.c:32:24: warning: assignment makes pointer from integer without a cast
     sel_out_map[0].reg = DISP_REG_CONFIG_DISP_RDMA0_SOUT_SEL_IN;
                        ^
drivers/misc/mediatek/dispsys/mt6735/ddp_path.c:33:24: warning: assignment makes pointer from integer without a cast
     sel_out_map[1].reg = DISP_REG_CONFIG_DISP_RDMA1_SOUT_SEL_IN;
                        ^
drivers/misc/mediatek/dispsys/mt6735/ddp_path.c:35:23: warning: assignment makes pointer from integer without a cast
     sel_in_map[0].reg = DISP_REG_CONFIG_DISP_COLOR0_SEL_IN; // COLOR_SEL    
                       ^
drivers/misc/mediatek/dispsys/mt6735/ddp_path.c:36:23: warning: assignment makes pointer from integer without a cast
     sel_in_map[1].reg = DISP_REG_CONFIG_DISP_UFOE_SEL_IN; //UFOE_SEL    
                       ^
drivers/misc/mediatek/dispsys/mt6735/ddp_path.c:37:23: warning: assignment makes pointer from integer without a cast
     sel_in_map[2].reg = DISP_REG_CONFIG_DSI0_SEL_IN; //DSI0_SEL    
                       ^
drivers/misc/mediatek/dispsys/mt6735/ddp_path.c:38:23: warning: assignment makes pointer from integer without a cast
     sel_in_map[3].reg = DISP_REG_CONFIG_DPI0_SEL_IN; //DPI0_SEL    
                       ^
drivers/misc/mediatek/dispsys/mt6735/ddp_path.c:39:23: warning: assignment makes pointer from integer without a cast
     sel_in_map[4].reg = DISP_REG_CONFIG_DISP_WDMA0_SEL_IN; // WDMA_SEL
                       ^
In file included from drivers/misc/mediatek/dispsys/mt6735/ddp_path.c:9:0:
drivers/misc/mediatek/dispsys/mt6735/ddp_path.c: In function 'ddp_connect_path_l':
/home/satory-ra/Android/kernel/android_kernel_oukitel_orange/drivers/misc/mediatek/dispsys/mt6735/mt6735m/ddp_reg.h:1486:17: warning: passing argument 2 of 'dprec_reg_op' makes integer from pointer without a cast
                 dprec_reg_op(handle, reg32, val, 0x00000000);\
                 ^
drivers/misc/mediatek/dispsys/mt6735/ddp_path.c:182:13: note: in expansion of macro 'DISP_REG_SET'
             DISP_REG_SET(handle,mout_map[mout_idx].reg, reg_mout);
             ^
In file included from drivers/misc/mediatek/dispsys/mt6735/ddp_log.h:6:0,
                 from drivers/misc/mediatek/dispsys/mt6735/ddp_path.c:3:
drivers/misc/mediatek/dispsys/mt6735/display_recorder.h:136:6: note: expected 'unsigned int' but argument is of type 'volatile long unsigned int *'
 void dprec_reg_op(void* cmdq, unsigned int reg, unsigned int val, unsigned int mask);
      ^
In file included from drivers/misc/mediatek/dispsys/mt6735/ddp_path.c:9:0:
/home/satory-ra/Android/kernel/android_kernel_oukitel_orange/drivers/misc/mediatek/dispsys/mt6735/mt6735m/ddp_reg.h:1487:38: warning: passing argument 1 of 'disp_addr_convert' makes integer from pointer without a cast
                 cmdqRecWrite(handle, disp_addr_convert(reg32), val, ~0); \
                                      ^
drivers/misc/mediatek/dispsys/mt6735/ddp_path.c:182:13: note: in expansion of macro 'DISP_REG_SET'
             DISP_REG_SET(handle,mout_map[mout_idx].reg, reg_mout);
             ^
/home/satory-ra/Android/kernel/android_kernel_oukitel_orange/drivers/misc/mediatek/dispsys/mt6735/mt6735m/ddp_reg.h:1395:29: note: expected 'long unsigned int' but argument is of type 'volatile long unsigned int *'
 static inline unsigned long disp_addr_convert(unsigned long va) 
                             ^
/home/satory-ra/Android/kernel/android_kernel_oukitel_orange/drivers/misc/mediatek/dispsys/mt6735/mt6735m/ddp_reg.h:1486:17: warning: passing argument 2 of 'dprec_reg_op' makes integer from pointer without a cast
                 dprec_reg_op(handle, reg32, val, 0x00000000);\
                 ^
drivers/misc/mediatek/dispsys/mt6735/ddp_path.c:210:25: note: in expansion of macro 'DISP_REG_SET'
                         DISP_REG_SET(handle,sel_out_map[j].reg, (kal_uint16)k);
                         ^
In file included from drivers/misc/mediatek/dispsys/mt6735/ddp_log.h:6:0,
                 from drivers/misc/mediatek/dispsys/mt6735/ddp_path.c:3:
drivers/misc/mediatek/dispsys/mt6735/display_recorder.h:136:6: note: expected 'unsigned int' but argument is of type 'volatile long unsigned int *'
 void dprec_reg_op(void* cmdq, unsigned int reg, unsigned int val, unsigned int mask);
      ^
In file included from drivers/misc/mediatek/dispsys/mt6735/ddp_path.c:9:0:
/home/satory-ra/Android/kernel/android_kernel_oukitel_orange/drivers/misc/mediatek/dispsys/mt6735/mt6735m/ddp_reg.h:1487:38: warning: passing argument 1 of 'disp_addr_convert' makes integer from pointer without a cast
                 cmdqRecWrite(handle, disp_addr_convert(reg32), val, ~0); \
                                      ^
drivers/misc/mediatek/dispsys/mt6735/ddp_path.c:210:25: note: in expansion of macro 'DISP_REG_SET'
                         DISP_REG_SET(handle,sel_out_map[j].reg, (kal_uint16)k);
                         ^
/home/satory-ra/Android/kernel/android_kernel_oukitel_orange/drivers/misc/mediatek/dispsys/mt6735/mt6735m/ddp_reg.h:1395:29: note: expected 'long unsigned int' but argument is of type 'volatile long unsigned int *'
 static inline unsigned long disp_addr_convert(unsigned long va) 
                             ^
/home/satory-ra/Android/kernel/android_kernel_oukitel_orange/drivers/misc/mediatek/dispsys/mt6735/mt6735m/ddp_reg.h:1486:17: warning: passing argument 2 of 'dprec_reg_op' makes integer from pointer without a cast
                 dprec_reg_op(handle, reg32, val, 0x00000000);\
                 ^
drivers/misc/mediatek/dispsys/mt6735/ddp_path.c:239:25: note: in expansion of macro 'DISP_REG_SET'
                         DISP_REG_SET(handle,sel_in_map[j].reg, (kal_uint16)k);
                         ^
In file included from drivers/misc/mediatek/dispsys/mt6735/ddp_log.h:6:0,
                 from drivers/misc/mediatek/dispsys/mt6735/ddp_path.c:3:
drivers/misc/mediatek/dispsys/mt6735/display_recorder.h:136:6: note: expected 'unsigned int' but argument is of type 'volatile long unsigned int *'
 void dprec_reg_op(void* cmdq, unsigned int reg, unsigned int val, unsigned int mask);
      ^
In file included from drivers/misc/mediatek/dispsys/mt6735/ddp_path.c:9:0:
/home/satory-ra/Android/kernel/android_kernel_oukitel_orange/drivers/misc/mediatek/dispsys/mt6735/mt6735m/ddp_reg.h:1487:38: warning: passing argument 1 of 'disp_addr_convert' makes integer from pointer without a cast
                 cmdqRecWrite(handle, disp_addr_convert(reg32), val, ~0); \
                                      ^
drivers/misc/mediatek/dispsys/mt6735/ddp_path.c:239:25: note: in expansion of macro 'DISP_REG_SET'
                         DISP_REG_SET(handle,sel_in_map[j].reg, (kal_uint16)k);
                         ^
/home/satory-ra/Android/kernel/android_kernel_oukitel_orange/drivers/misc/mediatek/dispsys/mt6735/mt6735m/ddp_reg.h:1395:29: note: expected 'long unsigned int' but argument is of type 'volatile long unsigned int *'
 static inline unsigned long disp_addr_convert(unsigned long va) 
                             ^
drivers/misc/mediatek/dispsys/mt6735/ddp_path.c: In function 'ddp_disconnect_path_l':
/home/satory-ra/Android/kernel/android_kernel_oukitel_orange/drivers/misc/mediatek/dispsys/mt6735/mt6735m/ddp_reg.h:1486:17: warning: passing argument 2 of 'dprec_reg_op' makes integer from pointer without a cast
                 dprec_reg_op(handle, reg32, val, 0x00000000);\
                 ^
drivers/misc/mediatek/dispsys/mt6735/ddp_path.c:432:13: note: in expansion of macro 'DISP_REG_SET'
             DISP_REG_SET(handle,mout_map[mout_idx].reg,  mout_map[mout_idx].reg_val);
             ^
In file included from drivers/misc/mediatek/dispsys/mt6735/ddp_log.h:6:0,
                 from drivers/misc/mediatek/dispsys/mt6735/ddp_path.c:3:
drivers/misc/mediatek/dispsys/mt6735/display_recorder.h:136:6: note: expected 'unsigned int' but argument is of type 'volatile long unsigned int *'
 void dprec_reg_op(void* cmdq, unsigned int reg, unsigned int val, unsigned int mask);
      ^
In file included from drivers/misc/mediatek/dispsys/mt6735/ddp_path.c:9:0:
/home/satory-ra/Android/kernel/android_kernel_oukitel_orange/drivers/misc/mediatek/dispsys/mt6735/mt6735m/ddp_reg.h:1487:38: warning: passing argument 1 of 'disp_addr_convert' makes integer from pointer without a cast
                 cmdqRecWrite(handle, disp_addr_convert(reg32), val, ~0); \
                                      ^
drivers/misc/mediatek/dispsys/mt6735/ddp_path.c:432:13: note: in expansion of macro 'DISP_REG_SET'
             DISP_REG_SET(handle,mout_map[mout_idx].reg,  mout_map[mout_idx].reg_val);
             ^
/home/satory-ra/Android/kernel/android_kernel_oukitel_orange/drivers/misc/mediatek/dispsys/mt6735/mt6735m/ddp_reg.h:1395:29: note: expected 'long unsigned int' but argument is of type 'volatile long unsigned int *'
 static inline unsigned long disp_addr_convert(unsigned long va) 
                             ^
In file included from drivers/misc/mediatek/eccci/ccci_bm.h:4:0,
                 from drivers/misc/mediatek/eccci/ccci_bm.c:10:
drivers/misc/mediatek/eccci/ccci_core.h: In function 'ccci_port_recv_skb':
drivers/misc/mediatek/eccci/ccci_core.h:549:17: warning: statement with no effect [-Wunused-value]
                 ret == -CCCI_ERR_CHANNEL_NUM_MIS_MATCH;
                 ^
drivers/misc/mediatek/eccci/ccci_core.h: In function 'ccci_port_recv_request':
drivers/misc/mediatek/eccci/ccci_core.h:618:17: warning: statement with no effect [-Wunused-value]
                 ret == -CCCI_ERR_CHANNEL_NUM_MIS_MATCH;
                 ^
In file included from /home/satory-ra/Android/kernel/android_kernel_oukitel_orange/drivers/misc/mediatek/dispsys/mt6735/mt6735m/ddp_reg.h:3:0,
                 from drivers/misc/mediatek/dispsys/mt6735/ddp_path.c:9:
drivers/misc/mediatek/dispsys/mt6735/ddp_path.c: In function 'ddp_mutex_set_l':
/home/satory-ra/Android/kernel/android_kernel_oukitel_orange/drivers/misc/mediatek/dispsys/mt6735/mt6735m/ddp_reg.h:1495:38: warning: passing argument 1 of '__raw_readl' makes pointer from integer without a cast
                 mt_reg_sync_writel( (__raw_readl(reg32) & ~REG_FLD_MASK(field))|REG_FLD_VAL((field), (val)), (reg32));  \
                                      ^
/home/satory-ra/Android/kernel/android_kernel_oukitel_orange/drivers/misc/mediatek/mach/mt6735/include/mach/sync_write.h:15:27: note: in definition of macro 'mt_reg_sync_writel'
             __raw_writel((v), IOMEM((a)));   \
                           ^
drivers/misc/mediatek/dispsys/mt6735/ddp_path.c:510:9: note: in expansion of macro 'DISP_REG_SET_FIELD'
         DISP_REG_SET_FIELD(handle, SOF_FLD_MUTEX0_SOF_TIMING, DISP_REG_CONFIG_MUTEX0_SOF, 1);
         ^
In file included from include/linux/io.h:22:0,
                 from /home/satory-ra/Android/kernel/android_kernel_oukitel_orange/drivers/misc/mediatek/mach/mt6735/include/mach/sync_write.h:6,
                 from /home/satory-ra/Android/kernel/android_kernel_oukitel_orange/drivers/misc/mediatek/dispsys/mt6735/mt6735m/ddp_reg.h:3,
                 from drivers/misc/mediatek/dispsys/mt6735/ddp_path.c:9:
/home/satory-ra/Android/kernel/android_kernel_oukitel_orange/arch/arm/include/asm/io.h:104:19: note: expected 'const volatile void *' but argument is of type 'long unsigned int'
 static inline u32 __raw_readl(const volatile void __iomem *addr)
                   ^
drivers/misc/mediatek/dispsys/mt6735/ddp_path.c: In function 'ddp_path_init':
drivers/misc/mediatek/dispsys/mt6735/ddp_path.c:40:1: warning: control reaches end of non-void function [-Wreturn-type]
 }
 ^
  CC      drivers/misc/mediatek/eccci/ccci_support.o
  CC      drivers/misc/mediatek/dispsys/mt6735/ddp_debug.o
  CC      net/sched/cls_u32.o
In file included from drivers/misc/mediatek/eccci/port_kernel.h:4:0,
                 from drivers/misc/mediatek/eccci/ccci_support.c:13:
/home/satory-ra/Android/kernel/android_kernel_oukitel_orange/drivers/misc/mediatek/eccci/ccci_core.h: In function 'ccci_port_recv_skb':
/home/satory-ra/Android/kernel/android_kernel_oukitel_orange/drivers/misc/mediatek/eccci/ccci_core.h:549:17: warning: statement with no effect [-Wunused-value]
                 ret == -CCCI_ERR_CHANNEL_NUM_MIS_MATCH;
                 ^
/home/satory-ra/Android/kernel/android_kernel_oukitel_orange/drivers/misc/mediatek/eccci/ccci_core.h: In function 'ccci_port_recv_request':
/home/satory-ra/Android/kernel/android_kernel_oukitel_orange/drivers/misc/mediatek/eccci/ccci_core.h:618:17: warning: statement with no effect [-Wunused-value]
                 ret == -CCCI_ERR_CHANNEL_NUM_MIS_MATCH;
                 ^
In file included from /home/satory-ra/Android/kernel/android_kernel_oukitel_orange/drivers/misc/mediatek/dispsys/mt6735/mt6735m/ddp_reg.h:6:0,
                 from drivers/misc/mediatek/dispsys/mt6735/ddp_debug.c:24:
/home/satory-ra/Android/kernel/android_kernel_oukitel_orange/drivers/misc/mediatek/dispsys/mt6735/display_recorder.h:152:1: warning: function declaration isn't a prototype [-Wstrict-prototypes]
 void dprec_logger_dump_reset();
 ^
/home/satory-ra/Android/kernel/android_kernel_oukitel_orange/drivers/misc/mediatek/dispsys/mt6735/display_recorder.h:153:1: warning: function declaration isn't a prototype [-Wstrict-prototypes]
 char *dprec_logger_get_dump_addr();
 ^
/home/satory-ra/Android/kernel/android_kernel_oukitel_orange/drivers/misc/mediatek/dispsys/mt6735/display_recorder.h:154:1: warning: function declaration isn't a prototype [-Wstrict-prototypes]
 unsigned int dprec_logger_get_dump_len();
 ^
In file included from drivers/misc/mediatek/dispsys/mt6735/ddp_debug.c:24:0:
/home/satory-ra/Android/kernel/android_kernel_oukitel_orange/drivers/misc/mediatek/dispsys/mt6735/mt6735m/ddp_reg.h:1963:0: warning: "DISP_REG_DPI_ESAV_VTIM_R" redefined
 #define DISP_REG_DPI_ESAV_VTIM_R      (DISPSYS_DPI_BASE + 0x088)
 ^
/home/satory-ra/Android/kernel/android_kernel_oukitel_orange/drivers/misc/mediatek/dispsys/mt6735/mt6735m/ddp_reg.h:1962:0: note: this is the location of the previous definition
 #define DISP_REG_DPI_ESAV_VTIM_R      (DISPSYS_DPI_BASE + 0x084)
 ^
In file included from drivers/misc/mediatek/dispsys/mt6735/ddp_debug.c:40:0:
/home/satory-ra/Android/kernel/android_kernel_oukitel_orange/drivers/misc/mediatek/videox/mt6735/primary_display.h:195:1: warning: no semicolon at end of struct or union
 }disp_internal_buffer_info ;
 ^
/home/satory-ra/Android/kernel/android_kernel_oukitel_orange/drivers/misc/mediatek/videox/mt6735/primary_display.h:356:1: warning: function declaration isn't a prototype [-Wstrict-prototypes]
 int primary_display_check_test();
 ^
drivers/misc/mediatek/dispsys/mt6735/ddp_debug.c: In function 'process_dbg_opt':
drivers/misc/mediatek/dispsys/mt6735/ddp_debug.c:467:49: warning: suggest parentheses around comparison in operand of '&' [-Wparentheses]
             if(DISP_REG_GET(DISP_REG_CONFIG_C11)&0xff000000!=0xff000000)
                                                 ^
In file included from /home/satory-ra/Android/kernel/android_kernel_oukitel_orange/drivers/misc/mediatek/cmdq/mt6735/cmdq_reg.h:4:0,
                 from drivers/misc/mediatek/dispsys/mt6735/ddp_debug.c:18:
/home/satory-ra/Android/kernel/android_kernel_oukitel_orange/drivers/misc/mediatek/dispsys/mt6735/mt6735m/ddp_reg.h:1495:38: warning: passing argument 1 of '__raw_readl' makes pointer from integer without a cast
                 mt_reg_sync_writel( (__raw_readl(reg32) & ~REG_FLD_MASK(field))|REG_FLD_VAL((field), (val)), (reg32));  \
                                      ^
/home/satory-ra/Android/kernel/android_kernel_oukitel_orange/drivers/misc/mediatek/mach/mt6735/include/mach/sync_write.h:15:27: note: in definition of macro 'mt_reg_sync_writel'
             __raw_writel((v), IOMEM((a)));   \
                           ^
drivers/misc/mediatek/dispsys/mt6735/ddp_debug.c:668:16: note: in expansion of macro 'DISP_REG_SET_FIELD'
                DISP_REG_SET_FIELD(0, SOF_FLD_MUTEX0_SOF_TIMING, DISP_REG_CONFIG_MUTEX0_SOF, 1);
                ^
In file included from include/linux/scatterlist.h:10:0,
                 from include/linux/dma-mapping.h:9,
                 from drivers/misc/mediatek/dispsys/mt6735/ddp_debug.c:8:
/home/satory-ra/Android/kernel/android_kernel_oukitel_orange/arch/arm/include/asm/io.h:104:19: note: expected 'const volatile void *' but argument is of type 'long unsigned int'
 static inline u32 __raw_readl(const volatile void __iomem *addr)
                   ^
In file included from /home/satory-ra/Android/kernel/android_kernel_oukitel_orange/drivers/misc/mediatek/cmdq/mt6735/cmdq_reg.h:4:0,
                 from drivers/misc/mediatek/dispsys/mt6735/ddp_debug.c:18:
/home/satory-ra/Android/kernel/android_kernel_oukitel_orange/drivers/misc/mediatek/dispsys/mt6735/mt6735m/ddp_reg.h:1495:38: warning: passing argument 1 of '__raw_readl' makes pointer from integer without a cast
                 mt_reg_sync_writel( (__raw_readl(reg32) & ~REG_FLD_MASK(field))|REG_FLD_VAL((field), (val)), (reg32));  \
                                      ^
/home/satory-ra/Android/kernel/android_kernel_oukitel_orange/drivers/misc/mediatek/mach/mt6735/include/mach/sync_write.h:15:27: note: in definition of macro 'mt_reg_sync_writel'
             __raw_writel((v), IOMEM((a)));   \
                           ^
drivers/misc/mediatek/dispsys/mt6735/ddp_debug.c:673:16: note: in expansion of macro 'DISP_REG_SET_FIELD'
                DISP_REG_SET_FIELD(0, SOF_FLD_MUTEX0_SOF_TIMING, DISP_REG_CONFIG_MUTEX0_SOF, 0);
                ^
In file included from include/linux/scatterlist.h:10:0,
                 from include/linux/dma-mapping.h:9,
                 from drivers/misc/mediatek/dispsys/mt6735/ddp_debug.c:8:
/home/satory-ra/Android/kernel/android_kernel_oukitel_orange/arch/arm/include/asm/io.h:104:19: note: expected 'const volatile void *' but argument is of type 'long unsigned int'
 static inline u32 __raw_readl(const volatile void __iomem *addr)
                   ^
In file included from drivers/misc/mediatek/dispsys/mt6735/ddp_debug.c:24:0:
drivers/misc/mediatek/dispsys/mt6735/ddp_debug.c: At top level:
/home/satory-ra/Android/kernel/android_kernel_oukitel_orange/drivers/misc/mediatek/dispsys/mt6735/mt6735m/ddp_reg.h:23:21: warning: 'module_list_scenario' defined but not used [-Wunused-variable]
 static unsigned int module_list_scenario[DDP_SCENARIO_MAX][DDP_ENING_NUM] = {
                     ^
In file included from drivers/misc/mediatek/dispsys/mt6735/ddp_debug.c:24:0:
/home/satory-ra/Android/kernel/android_kernel_oukitel_orange/drivers/misc/mediatek/dispsys/mt6735/mt6735m/ddp_reg.h:48:15: warning: 'mout_map' defined but not used [-Wunused-variable]
 static mout_t mout_map[DDP_MOUT_NUM] = 
               ^
/home/satory-ra/Android/kernel/android_kernel_oukitel_orange/drivers/misc/mediatek/dispsys/mt6735/mt6735m/ddp_reg.h:59:14: warning: 'sel_out_map' defined but not used [-Wunused-variable]
 static sel_t sel_out_map[DDP_SEL_OUT_NUM] = 
              ^
/home/satory-ra/Android/kernel/android_kernel_oukitel_orange/drivers/misc/mediatek/dispsys/mt6735/mt6735m/ddp_reg.h:67:14: warning: 'sel_in_map' defined but not used [-Wunused-variable]
 static sel_t sel_in_map[DDP_SEL_IN_NUM] = 
              ^
/home/satory-ra/Android/kernel/android_kernel_oukitel_orange/drivers/misc/mediatek/dispsys/mt6735/mt6735m/ddp_reg.h:106:21: warning: 'module_mutex_map' defined but not used [-Wunused-variable]
 static module_map_t module_mutex_map[DISP_MODULE_NUM] =
                     ^
/home/satory-ra/Android/kernel/android_kernel_oukitel_orange/drivers/misc/mediatek/dispsys/mt6735/mt6735m/ddp_reg.h:134:21: warning: 'module_can_connect' defined but not used [-Wunused-variable]
 static module_map_t module_can_connect[DISP_MODULE_NUM] =
                     ^
  CC      drivers/misc/mediatek/eccci/port_char.o
  CC      drivers/misc/mediatek/dispsys/mt6735/ddp_dump.o
drivers/misc/mediatek/eccci/port_char.c:11:5: warning: "CONFIG_COMPAT" is not defined [-Wundef]
 #if CONFIG_COMPAT
     ^
In file included from drivers/misc/mediatek/eccci/port_char.c:14:0:
drivers/misc/mediatek/eccci/ccci_core.h: In function 'ccci_port_recv_skb':
drivers/misc/mediatek/eccci/ccci_core.h:549:17: warning: statement with no effect [-Wunused-value]
                 ret == -CCCI_ERR_CHANNEL_NUM_MIS_MATCH;
                 ^
drivers/misc/mediatek/eccci/ccci_core.h: In function 'ccci_port_recv_request':
drivers/misc/mediatek/eccci/ccci_core.h:618:17: warning: statement with no effect [-Wunused-value]
                 ret == -CCCI_ERR_CHANNEL_NUM_MIS_MATCH;
                 ^
drivers/misc/mediatek/eccci/port_char.c: At top level:
drivers/misc/mediatek/eccci/port_char.c:712:5: warning: "CONFIG_COMPAT" is not defined [-Wundef]
 #if CONFIG_COMPAT
     ^
drivers/misc/mediatek/eccci/port_char.c:774:5: warning: "CONFIG_COMPAT" is not defined [-Wundef]
 #if CONFIG_COMPAT    
     ^
In file included from include/mach/mt_gpio.h:15:0,
                 from /home/satory-ra/Android/kernel/android_kernel_oukitel_orange/drivers/misc/mediatek/videox/mt6735/mt6735m/disp_drv_platform.h:6,
                 from drivers/misc/mediatek/dispsys/mt6735/ddp_dump.c:3:
/home/satory-ra/Android/kernel/android_kernel_oukitel_orange/drivers/misc/mediatek/mach/mt6735/Sprint4g/dct/dct/inc/cust_gpio_usage.h:481:0: warning: "GPIO_KPD_KCOL1_PIN_M_UCTS" redefined
 #define GPIO_KPD_KCOL1_PIN_M_UCTS   GPIO_MODE_03
 ^
/home/satory-ra/Android/kernel/android_kernel_oukitel_orange/drivers/misc/mediatek/mach/mt6735/Sprint4g/dct/dct/inc/cust_gpio_usage.h:480:0: note: this is the location of the previous definition
 #define GPIO_KPD_KCOL1_PIN_M_UCTS   GPIO_MODE_02
 ^
In file included from /home/satory-ra/Android/kernel/android_kernel_oukitel_orange/drivers/misc/mediatek/dispsys/mt6735/mt6735m/ddp_reg.h:6:0,
                 from drivers/misc/mediatek/dispsys/mt6735/ddp_dump.c:4:
/home/satory-ra/Android/kernel/android_kernel_oukitel_orange/drivers/misc/mediatek/dispsys/mt6735/display_recorder.h:152:1: warning: function declaration isn't a prototype [-Wstrict-prototypes]
 void dprec_logger_dump_reset();
 ^
/home/satory-ra/Android/kernel/android_kernel_oukitel_orange/drivers/misc/mediatek/dispsys/mt6735/display_recorder.h:153:1: warning: function declaration isn't a prototype [-Wstrict-prototypes]
 char *dprec_logger_get_dump_addr();
 ^
/home/satory-ra/Android/kernel/android_kernel_oukitel_orange/drivers/misc/mediatek/dispsys/mt6735/display_recorder.h:154:1: warning: function declaration isn't a prototype [-Wstrict-prototypes]
 unsigned int dprec_logger_get_dump_len();
 ^
In file included from drivers/misc/mediatek/dispsys/mt6735/ddp_dump.c:4:0:
/home/satory-ra/Android/kernel/android_kernel_oukitel_orange/drivers/misc/mediatek/dispsys/mt6735/mt6735m/ddp_reg.h:1963:0: warning: "DISP_REG_DPI_ESAV_VTIM_R" redefined
 #define DISP_REG_DPI_ESAV_VTIM_R      (DISPSYS_DPI_BASE + 0x088)
 ^
/home/satory-ra/Android/kernel/android_kernel_oukitel_orange/drivers/misc/mediatek/dispsys/mt6735/mt6735m/ddp_reg.h:1962:0: note: this is the location of the previous definition
 #define DISP_REG_DPI_ESAV_VTIM_R      (DISPSYS_DPI_BASE + 0x084)
 ^
In file included from drivers/misc/mediatek/dispsys/mt6735/ddp_dump.c:4:0:
/home/satory-ra/Android/kernel/android_kernel_oukitel_orange/drivers/misc/mediatek/dispsys/mt6735/mt6735m/ddp_reg.h:23:21: warning: 'module_list_scenario' defined but not used [-Wunused-variable]
 static unsigned int module_list_scenario[DDP_SCENARIO_MAX][DDP_ENING_NUM] = {
                     ^
In file included from drivers/misc/mediatek/dispsys/mt6735/ddp_dump.c:4:0:
/home/satory-ra/Android/kernel/android_kernel_oukitel_orange/drivers/misc/mediatek/dispsys/mt6735/mt6735m/ddp_reg.h:48:15: warning: 'mout_map' defined but not used [-Wunused-variable]
 static mout_t mout_map[DDP_MOUT_NUM] = 
               ^
/home/satory-ra/Android/kernel/android_kernel_oukitel_orange/drivers/misc/mediatek/dispsys/mt6735/mt6735m/ddp_reg.h:59:14: warning: 'sel_out_map' defined but not used [-Wunused-variable]
 static sel_t sel_out_map[DDP_SEL_OUT_NUM] = 
              ^
/home/satory-ra/Android/kernel/android_kernel_oukitel_orange/drivers/misc/mediatek/dispsys/mt6735/mt6735m/ddp_reg.h:67:14: warning: 'sel_in_map' defined but not used [-Wunused-variable]
 static sel_t sel_in_map[DDP_SEL_IN_NUM] = 
              ^
/home/satory-ra/Android/kernel/android_kernel_oukitel_orange/drivers/misc/mediatek/dispsys/mt6735/mt6735m/ddp_reg.h:106:21: warning: 'module_mutex_map' defined but not used [-Wunused-variable]
 static module_map_t module_mutex_map[DISP_MODULE_NUM] =
                     ^
/home/satory-ra/Android/kernel/android_kernel_oukitel_orange/drivers/misc/mediatek/dispsys/mt6735/mt6735m/ddp_reg.h:134:21: warning: 'module_can_connect' defined but not used [-Wunused-variable]
 static module_map_t module_can_connect[DISP_MODULE_NUM] =
                     ^
drivers/misc/mediatek/dispsys/mt6735/ddp_dump.c:56:14: warning: 'ddp_signal_1' defined but not used [-Wunused-function]
 static char* ddp_signal_1(int bit)
              ^
drivers/misc/mediatek/dispsys/mt6735/ddp_dump.c:758:13: warning: 'ufoe_dump_reg' defined but not used [-Wunused-function]
 static void ufoe_dump_reg(void)
             ^
drivers/misc/mediatek/dispsys/mt6735/ddp_dump.c:765:13: warning: 'ufoe_dump_analysis' defined but not used [-Wunused-function]
 static void ufoe_dump_analysis(void)
             ^
  CC      net/sched/cls_fw.o
  CC      drivers/misc/mediatek/eccci/port_net.o
In file included from drivers/misc/mediatek/eccci/port_net.c:14:0:
drivers/misc/mediatek/eccci/ccci_core.h: In function 'ccci_port_recv_skb':
drivers/misc/mediatek/eccci/ccci_core.h:549:17: warning: statement with no effect [-Wunused-value]
                 ret == -CCCI_ERR_CHANNEL_NUM_MIS_MATCH;
                 ^
drivers/misc/mediatek/eccci/ccci_core.h: In function 'ccci_port_recv_request':
drivers/misc/mediatek/eccci/ccci_core.h:618:17: warning: statement with no effect [-Wunused-value]
                 ret == -CCCI_ERR_CHANNEL_NUM_MIS_MATCH;
                 ^
drivers/misc/mediatek/eccci/port_net.c: In function 'port_net_recv_skb':
drivers/misc/mediatek/eccci/port_net.c:476:24: warning: unused variable 'total_time' [-Wunused-variable]
     unsigned long long total_time;
                        ^
drivers/misc/mediatek/eccci/port_net.c:475:24: warning: unused variable 'rx_cb_time' [-Wunused-variable]
     unsigned long long rx_cb_time;
                        ^
  CC      net/sched/cls_flow.o
  CC      drivers/misc/mediatek/eccci/port_kernel.o
  CC      drivers/misc/mediatek/dispsys/mt6735/ddp_manager.o
In file included from include/mach/mt_gpio.h:15:0,
                 from drivers/misc/mediatek/eccci/port_kernel.c:13:
/home/satory-ra/Android/kernel/android_kernel_oukitel_orange/drivers/misc/mediatek/mach/mt6735/Sprint4g/dct/dct/inc/cust_gpio_usage.h:481:0: warning: "GPIO_KPD_KCOL1_PIN_M_UCTS" redefined
 #define GPIO_KPD_KCOL1_PIN_M_UCTS   GPIO_MODE_03
 ^
/home/satory-ra/Android/kernel/android_kernel_oukitel_orange/drivers/misc/mediatek/mach/mt6735/Sprint4g/dct/dct/inc/cust_gpio_usage.h:480:0: note: this is the location of the previous definition
 #define GPIO_KPD_KCOL1_PIN_M_UCTS   GPIO_MODE_02
 ^
In file included from include/mach/mt_gpio.h:15:0,
                 from /home/satory-ra/Android/kernel/android_kernel_oukitel_orange/drivers/misc/mediatek/videox/mt6735/mt6735m/disp_drv_platform.h:6,
                 from drivers/misc/mediatek/dispsys/mt6735/ddp_manager.c:9:
/home/satory-ra/Android/kernel/android_kernel_oukitel_orange/drivers/misc/mediatek/mach/mt6735/Sprint4g/dct/dct/inc/cust_gpio_usage.h:481:0: warning: "GPIO_KPD_KCOL1_PIN_M_UCTS" redefined
 #define GPIO_KPD_KCOL1_PIN_M_UCTS   GPIO_MODE_03
 ^
/home/satory-ra/Android/kernel/android_kernel_oukitel_orange/drivers/misc/mediatek/mach/mt6735/Sprint4g/dct/dct/inc/cust_gpio_usage.h:480:0: note: this is the location of the previous definition
 #define GPIO_KPD_KCOL1_PIN_M_UCTS   GPIO_MODE_02
 ^
In file included from /home/satory-ra/Android/kernel/android_kernel_oukitel_orange/drivers/misc/mediatek/dispsys/mt6735/mt6735m/ddp_reg.h:6:0,
                 from drivers/misc/mediatek/dispsys/mt6735/ddp_manager.c:11:
/home/satory-ra/Android/kernel/android_kernel_oukitel_orange/drivers/misc/mediatek/dispsys/mt6735/display_recorder.h:152:1: warning: function declaration isn't a prototype [-Wstrict-prototypes]
 void dprec_logger_dump_reset();
 ^
/home/satory-ra/Android/kernel/android_kernel_oukitel_orange/drivers/misc/mediatek/dispsys/mt6735/display_recorder.h:153:1: warning: function declaration isn't a prototype [-Wstrict-prototypes]
 char *dprec_logger_get_dump_addr();
 ^
/home/satory-ra/Android/kernel/android_kernel_oukitel_orange/drivers/misc/mediatek/dispsys/mt6735/display_recorder.h:154:1: warning: function declaration isn't a prototype [-Wstrict-prototypes]
 unsigned int dprec_logger_get_dump_len();
 ^
In file included from drivers/misc/mediatek/dispsys/mt6735/ddp_manager.c:11:0:
/home/satory-ra/Android/kernel/android_kernel_oukitel_orange/drivers/misc/mediatek/dispsys/mt6735/mt6735m/ddp_reg.h:1963:0: warning: "DISP_REG_DPI_ESAV_VTIM_R" redefined
 #define DISP_REG_DPI_ESAV_VTIM_R      (DISPSYS_DPI_BASE + 0x088)
 ^
/home/satory-ra/Android/kernel/android_kernel_oukitel_orange/drivers/misc/mediatek/dispsys/mt6735/mt6735m/ddp_reg.h:1962:0: note: this is the location of the previous definition
 #define DISP_REG_DPI_ESAV_VTIM_R      (DISPSYS_DPI_BASE + 0x084)
 ^
In file included from drivers/misc/mediatek/dispsys/mt6735/ddp_manager.c:21:0:
/home/satory-ra/Android/kernel/android_kernel_oukitel_orange/drivers/misc/mediatek/videox/mt6735/mtkfb_fence.h:153:1: warning: function declaration isn't a prototype [-Wstrict-prototypes]
 int mtkfb_fence_timeline_index();
 ^
In file included from drivers/misc/mediatek/dispsys/mt6735/ddp_manager.c:22:0:
/home/satory-ra/Android/kernel/android_kernel_oukitel_orange/drivers/misc/mediatek/videox/mt6735/primary_display.h:195:1: warning: no semicolon at end of struct or union
 }disp_internal_buffer_info ;
 ^
/home/satory-ra/Android/kernel/android_kernel_oukitel_orange/drivers/misc/mediatek/videox/mt6735/primary_display.h:356:1: warning: function declaration isn't a prototype [-Wstrict-prototypes]
 int primary_display_check_test();
 ^
drivers/misc/mediatek/dispsys/mt6735/ddp_manager.c:37:1: warning: function declaration isn't a prototype [-Wstrict-prototypes]
 extern int disp_get_session_number();
 ^
drivers/misc/mediatek/dispsys/mt6735/ddp_manager.c: In function 'dpmgr_create_path':
drivers/misc/mediatek/dispsys/mt6735/ddp_manager.c:373:52: warning: assignment makes integer from pointer without a cast
  hw_mutex_id_to_handle_map[path_handle->hwmutexid] = path_handle;
                                                    ^
drivers/misc/mediatek/dispsys/mt6735/ddp_manager.c: In function 'dpmgr_modify_path':
drivers/misc/mediatek/dispsys/mt6735/ddp_manager.c:391:5: warning: ISO C90 forbids mixed declarations and code [-Wdeclaration-after-statement]
     ddp_path_handle handle = (ddp_path_handle)dp_handle;
     ^
drivers/misc/mediatek/dispsys/mt6735/ddp_manager.c: In function 'dpmgr_destroy_path':
drivers/misc/mediatek/dispsys/mt6735/ddp_manager.c:448:5: warning: ISO C90 forbids mixed declarations and code [-Wdeclaration-after-statement]
     ddp_path_handle handle = (ddp_path_handle)dp_handle;
     ^
drivers/misc/mediatek/dispsys/mt6735/ddp_manager.c: In function 'dpmgr_path_add_memout':
drivers/misc/mediatek/dispsys/mt6735/ddp_manager.c:508:5: warning: ISO C90 forbids mixed declarations and code [-Wdeclaration-after-statement]
     ddp_path_handle handle = (ddp_path_handle)dp_handle;
     ^
drivers/misc/mediatek/dispsys/mt6735/ddp_manager.c:511:5: warning: ISO C90 forbids mixed declarations and code [-Wdeclaration-after-statement]
     DISP_MODULE_ENUM wdma = ddp_is_scenario_on_primary(handle->scenario) ? DISP_MODULE_WDMA0: DISP_MODULE_WDMA1;
     ^
drivers/misc/mediatek/dispsys/mt6735/ddp_manager.c:521:5: warning: ISO C90 forbids mixed declarations and code [-Wdeclaration-after-statement]
     DDP_MANAGER_CONTEXT * context = _get_context();
     ^
drivers/misc/mediatek/dispsys/mt6735/ddp_manager.c:506:9: warning: unused variable 'ret' [-Wunused-variable]
     int ret = 0;
         ^
drivers/misc/mediatek/dispsys/mt6735/ddp_manager.c: In function 'dpmgr_path_remove_memout':
drivers/misc/mediatek/dispsys/mt6735/ddp_manager.c:548:5: warning: ISO C90 forbids mixed declarations and code [-Wdeclaration-after-statement]
     ddp_path_handle handle = (ddp_path_handle)dp_handle;
     ^
drivers/misc/mediatek/dispsys/mt6735/ddp_manager.c:551:5: warning: ISO C90 forbids mixed declarations and code [-Wdeclaration-after-statement]
     DISP_MODULE_ENUM wdma = ddp_is_scenario_on_primary(handle->scenario) ? DISP_MODULE_WDMA0: DISP_MODULE_WDMA1;
     ^
drivers/misc/mediatek/dispsys/mt6735/ddp_manager.c:561:5: warning: ISO C90 forbids mixed declarations and code [-Wdeclaration-after-statement]
     DDP_MANAGER_CONTEXT * context = _get_context();
     ^
drivers/misc/mediatek/dispsys/mt6735/ddp_manager.c:546:9: warning: unused variable 'ret' [-Wunused-variable]
     int ret = 0;
         ^
drivers/misc/mediatek/dispsys/mt6735/ddp_manager.c: In function 'dpmgr_insert_ovl1_sub':
drivers/misc/mediatek/dispsys/mt6735/ddp_manager.c:589:5: warning: ISO C90 forbids mixed declarations and code [-Wdeclaration-after-statement]
     ddp_path_handle handle = (ddp_path_handle)dp_handle;
     ^
drivers/misc/mediatek/dispsys/mt6735/ddp_manager.c:603:5: warning: ISO C90 forbids mixed declarations and code [-Wdeclaration-after-statement]
     DDP_MANAGER_CONTEXT * context = _get_context();
     ^
drivers/misc/mediatek/dispsys/mt6735/ddp_manager.c:587:9: warning: unused variable 'ret' [-Wunused-variable]
     int ret = 0;
         ^
drivers/misc/mediatek/dispsys/mt6735/ddp_manager.c: In function 'dpmgr_remove_ovl1_sub':
drivers/misc/mediatek/dispsys/mt6735/ddp_manager.c:635:5: warning: ISO C90 forbids mixed declarations and code [-Wdeclaration-after-statement]
     ddp_path_handle handle = (ddp_path_handle)dp_handle;
     ^
drivers/misc/mediatek/dispsys/mt6735/ddp_manager.c:648:5: warning: ISO C90 forbids mixed declarations and code [-Wdeclaration-after-statement]
     DDP_MANAGER_CONTEXT * context = _get_context();
     ^
drivers/misc/mediatek/dispsys/mt6735/ddp_manager.c:633:9: warning: unused variable 'ret' [-Wunused-variable]
     int ret = 0;
         ^
drivers/misc/mediatek/dispsys/mt6735/ddp_manager.c: In function 'dpmgr_path_enable_cascade':
drivers/misc/mediatek/dispsys/mt6735/ddp_manager.c:686:5: warning: ISO C90 forbids mixed declarations and code [-Wdeclaration-after-statement]
     ddp_path_handle handle = (ddp_path_handle)dp_handle;
     ^
drivers/misc/mediatek/dispsys/mt6735/ddp_manager.c:713:5: warning: ISO C90 forbids mixed declarations and code [-Wdeclaration-after-statement]
     DDP_MANAGER_CONTEXT * context = _get_context();
     ^
drivers/misc/mediatek/dispsys/mt6735/ddp_manager.c:684:9: warning: unused variable 'ret' [-Wunused-variable]
     int ret = 0;
         ^
drivers/misc/mediatek/dispsys/mt6735/ddp_manager.c: In function 'dpmgr_path_disable_cascade':
drivers/misc/mediatek/dispsys/mt6735/ddp_manager.c:759:5: warning: ISO C90 forbids mixed declarations and code [-Wdeclaration-after-statement]
     ddp_path_handle handle = (ddp_path_handle)dp_handle;
     ^
drivers/misc/mediatek/dispsys/mt6735/ddp_manager.c:779:5: warning: ISO C90 forbids mixed declarations and code [-Wdeclaration-after-statement]
     DDP_MANAGER_CONTEXT * context = _get_context();
     ^
drivers/misc/mediatek/dispsys/mt6735/ddp_manager.c:757:9: warning: unused variable 'ret' [-Wunused-variable]
     int ret = 0;
         ^
drivers/misc/mediatek/dispsys/mt6735/ddp_manager.c: At top level:
drivers/misc/mediatek/dispsys/mt6735/ddp_manager.c:811:5: warning: function declaration isn't a prototype [-Wstrict-prototypes]
 int dpmgr_path_release_8_layer_fence()
     ^
drivers/misc/mediatek/dispsys/mt6735/ddp_manager.c: In function 'dpmgr_path_set_dst_module':
drivers/misc/mediatek/dispsys/mt6735/ddp_manager.c:823:5: warning: ISO C90 forbids mixed declarations and code [-Wdeclaration-after-statement]
     ddp_path_handle handle = (ddp_path_handle)dp_handle;
     ^
drivers/misc/mediatek/dispsys/mt6735/ddp_manager.c: In function 'dpmgr_path_get_dst_module':
drivers/misc/mediatek/dispsys/mt6735/ddp_manager.c:841:5: warning: ISO C90 forbids mixed declarations and code [-Wdeclaration-after-statement]
     ddp_path_handle handle = (ddp_path_handle)dp_handle;
     ^
drivers/misc/mediatek/dispsys/mt6735/ddp_manager.c:843:5: warning: ISO C90 forbids mixed declarations and code [-Wdeclaration-after-statement]
     DISP_MODULE_ENUM dst_module = ddp_get_dst_module(handle->scenario);
     ^
drivers/misc/mediatek/dispsys/mt6735/ddp_manager.c: In function 'dpmgr_path_connect':
drivers/misc/mediatek/dispsys/mt6735/ddp_manager.c:852:5: warning: ISO C90 forbids mixed declarations and code [-Wdeclaration-after-statement]
     ddp_path_handle handle = (ddp_path_handle)dp_handle;
     ^
drivers/misc/mediatek/dispsys/mt6735/ddp_manager.c: In function 'dpmgr_path_disconnect':
drivers/misc/mediatek/dispsys/mt6735/ddp_manager.c:868:5: warning: ISO C90 forbids mixed declarations and code [-Wdeclaration-after-statement]
     ddp_path_handle handle = (ddp_path_handle)dp_handle;
     ^
drivers/misc/mediatek/dispsys/mt6735/ddp_manager.c: In function 'dpmgr_path_init':
drivers/misc/mediatek/dispsys/mt6735/ddp_manager.c:882:5: warning: ISO C90 forbids mixed declarations and code [-Wdeclaration-after-statement]
     ddp_path_handle handle = (ddp_path_handle)dp_handle;
     ^
drivers/misc/mediatek/dispsys/mt6735/ddp_manager.c: In function 'dpmgr_path_deinit':
drivers/misc/mediatek/dispsys/mt6735/ddp_manager.c:926:5: warning: ISO C90 forbids mixed declarations and code [-Wdeclaration-after-statement]
     ddp_path_handle handle = (ddp_path_handle)dp_handle;
     ^
drivers/misc/mediatek/dispsys/mt6735/ddp_manager.c: In function 'dpmgr_path_start':
drivers/misc/mediatek/dispsys/mt6735/ddp_manager.c:962:5: warning: ISO C90 forbids mixed declarations and code [-Wdeclaration-after-statement]
     ddp_path_handle handle = (ddp_path_handle)dp_handle;
     ^
drivers/misc/mediatek/dispsys/mt6735/ddp_manager.c: In function 'dpmgr_path_stop':
drivers/misc/mediatek/dispsys/mt6735/ddp_manager.c:989:5: warning: ISO C90 forbids mixed declarations and code [-Wdeclaration-after-statement]
     ddp_path_handle handle = (ddp_path_handle)dp_handle;
     ^
drivers/misc/mediatek/dispsys/mt6735/ddp_manager.c: In function 'dpmgr_path_ioctl':
drivers/misc/mediatek/dispsys/mt6735/ddp_manager.c:1016:2: warning: ISO C90 forbids mixed declarations and code [-Wdeclaration-after-statement]
  ddp_path_handle handle = (ddp_path_handle)dp_handle;
  ^
drivers/misc/mediatek/dispsys/mt6735/ddp_manager.c: In function 'dpmgr_path_reset':
drivers/misc/mediatek/dispsys/mt6735/ddp_manager.c:1063:5: warning: ISO C90 forbids mixed declarations and code [-Wdeclaration-after-statement]
     ddp_path_handle handle = (ddp_path_handle)dp_handle;
     ^
drivers/misc/mediatek/dispsys/mt6735/ddp_manager.c: In function 'dpmgr_path_config':
drivers/misc/mediatek/dispsys/mt6735/ddp_manager.c:1137:5: warning: ISO C90 forbids mixed declarations and code [-Wdeclaration-after-statement]
     ddp_path_handle handle = (ddp_path_handle)dp_handle;
     ^
drivers/misc/mediatek/dispsys/mt6735/ddp_manager.c:1134:9: warning: unused variable 'ret' [-Wunused-variable]
     int ret = 0;
         ^
drivers/misc/mediatek/dispsys/mt6735/ddp_manager.c: In function 'dpmgr_path_get_last_config':
drivers/misc/mediatek/dispsys/mt6735/ddp_manager.c:1231:5: warning: ISO C90 forbids mixed declarations and code [-Wdeclaration-after-statement]
     ddp_path_handle handle = (ddp_path_handle)dp_handle;
     ^
drivers/misc/mediatek/dispsys/mt6735/ddp_manager.c: In function 'dpmgr_path_build_cmdq':
drivers/misc/mediatek/dispsys/mt6735/ddp_manager.c:1258:5: warning: ISO C90 forbids mixed declarations and code [-Wdeclaration-after-statement]
     ddp_path_handle handle = (ddp_path_handle)dp_handle;
     ^
drivers/misc/mediatek/dispsys/mt6735/ddp_manager.c: In function 'dpmgr_path_trigger':
drivers/misc/mediatek/dispsys/mt6735/ddp_manager.c:1281:5: warning: ISO C90 forbids mixed declarations and code [-Wdeclaration-after-statement]
     ddp_path_handle handle = (ddp_path_handle)dp_handle;
     ^
drivers/misc/mediatek/dispsys/mt6735/ddp_manager.c:1283:5: warning: ISO C90 forbids mixed declarations and code [-Wdeclaration-after-statement]
     cmdqRecHandle cmdqHandle = encmdq ? handle->cmdqhandle : NULL;
     ^
drivers/misc/mediatek/dispsys/mt6735/ddp_manager.c:1283:19: warning: unused variable 'cmdqHandle' [-Wunused-variable]
     cmdqRecHandle cmdqHandle = encmdq ? handle->cmdqhandle : NULL;
                   ^
drivers/misc/mediatek/dispsys/mt6735/ddp_manager.c: In function 'dpmgr_path_flush':
drivers/misc/mediatek/dispsys/mt6735/ddp_manager.c:1307:4: warning: ISO C90 forbids mixed declarations and code [-Wdeclaration-after-statement]
    ddp_path_handle handle = (ddp_path_handle)dp_handle;
    ^
drivers/misc/mediatek/dispsys/mt6735/ddp_manager.c: In function 'dpmgr_wdma_path_force_power_off':
drivers/misc/mediatek/dispsys/mt6735/ddp_manager.c:1316:9: warning: unused variable 'module_name' [-Wunused-variable]
     int module_name ;
         ^
drivers/misc/mediatek/dispsys/mt6735/ddp_manager.c:1315:9: warning: unused variable 'i' [-Wunused-variable]
     int i=0;
         ^
drivers/misc/mediatek/dispsys/mt6735/ddp_manager.c: In function 'dpmgr_wdma_path_force_power_on':
drivers/misc/mediatek/dispsys/mt6735/ddp_manager.c:1348:9: warning: unused variable 'module_name' [-Wunused-variable]
     int module_name ;
         ^
drivers/misc/mediatek/dispsys/mt6735/ddp_manager.c:1347:9: warning: unused variable 'i' [-Wunused-variable]
     int i=0;
         ^
drivers/misc/mediatek/dispsys/mt6735/ddp_manager.c: In function 'dpmgr_path_power_off':
drivers/misc/mediatek/dispsys/mt6735/ddp_manager.c:1380:5: warning: ISO C90 forbids mixed declarations and code [-Wdeclaration-after-statement]
     ddp_path_handle handle = (ddp_path_handle)dp_handle;
     ^
drivers/misc/mediatek/dispsys/mt6735/ddp_manager.c: In function 'dpmgr_path_power_on':
drivers/misc/mediatek/dispsys/mt6735/ddp_manager.c:1406:5: warning: ISO C90 forbids mixed declarations and code [-Wdeclaration-after-statement]
     ddp_path_handle handle = (ddp_path_handle)dp_handle;
     ^
drivers/misc/mediatek/dispsys/mt6735/ddp_manager.c: In function 'dpmgr_path_dsi_power_off':
drivers/misc/mediatek/dispsys/mt6735/ddp_manager.c:1433:5: warning: ISO C90 forbids mixed declarations and code [-Wdeclaration-after-statement]
     ddp_path_handle handle = (ddp_path_handle)dp_handle;
     ^
drivers/misc/mediatek/dispsys/mt6735/ddp_manager.c:1435:9: warning: unused variable 'module_num' [-Wunused-variable]
     int module_num = ddp_get_module_num(handle->scenario);
         ^
drivers/misc/mediatek/dispsys/mt6735/ddp_manager.c:1434:11: warning: unused variable 'modules' [-Wunused-variable]
     int * modules = ddp_get_scenario_list(handle->scenario);
           ^
drivers/misc/mediatek/dispsys/mt6735/ddp_manager.c:1430:9: warning: unused variable 'i' [-Wunused-variable]
     int i=0;
         ^
drivers/misc/mediatek/dispsys/mt6735/ddp_manager.c: In function 'dpmgr_path_dsi_power_on':
drivers/misc/mediatek/dispsys/mt6735/ddp_manager.c:1456:3: warning: ISO C90 forbids mixed declarations and code [-Wdeclaration-after-statement]
   ddp_path_handle handle = (ddp_path_handle)dp_handle;
   ^
drivers/misc/mediatek/dispsys/mt6735/ddp_manager.c:1458:7: warning: unused variable 'module_num' [-Wunused-variable]
   int module_num = ddp_get_module_num(handle->scenario);
       ^
drivers/misc/mediatek/dispsys/mt6735/ddp_manager.c:1457:9: warning: unused variable 'modules' [-Wunused-variable]
   int * modules = ddp_get_scenario_list(handle->scenario);
         ^
drivers/misc/mediatek/dispsys/mt6735/ddp_manager.c:1453:7: warning: unused variable 'i' [-Wunused-variable]
   int i=0;
       ^
drivers/misc/mediatek/dispsys/mt6735/ddp_manager.c: In function 'dpmgr_path_dsi_off':
drivers/misc/mediatek/dispsys/mt6735/ddp_manager.c:1480:2: warning: ISO C90 forbids mixed declarations and code [-Wdeclaration-after-statement]
  ddp_path_handle handle = (ddp_path_handle)dp_handle;
  ^
drivers/misc/mediatek/dispsys/mt6735/ddp_manager.c:1488:6: warning: passing argument 4 of 'ddp_modules_driver[module_name]->ioctl' from incompatible pointer type
      ddp_modules_driver[module_name]->ioctl(module_name, cmdq_handle, DDP_DSI_IDLE_CLK_CLOSED,&level);
      ^
drivers/misc/mediatek/dispsys/mt6735/ddp_manager.c:1488:6: note: expected 'long unsigned int *' but argument is of type 'unsigned int *'
drivers/misc/mediatek/dispsys/mt6735/ddp_manager.c:1482:6: warning: unused variable 'module_num' [-Wunused-variable]
  int module_num = ddp_get_module_num(handle->scenario);
      ^
drivers/misc/mediatek/dispsys/mt6735/ddp_manager.c:1481:8: warning: unused variable 'modules' [-Wunused-variable]
  int * modules = ddp_get_scenario_list(handle->scenario);
        ^
drivers/misc/mediatek/dispsys/mt6735/ddp_manager.c:1477:6: warning: unused variable 'i' [-Wunused-variable]
  int i=0;
      ^
drivers/misc/mediatek/dispsys/mt6735/ddp_manager.c: In function 'dpmgr_path_dsi_on':
drivers/misc/mediatek/dispsys/mt6735/ddp_manager.c:1500:2: warning: ISO C90 forbids mixed declarations and code [-Wdeclaration-after-statement]
  ddp_path_handle handle = (ddp_path_handle)dp_handle;
  ^
drivers/misc/mediatek/dispsys/mt6735/ddp_manager.c:1508:6: warning: passing argument 4 of 'ddp_modules_driver[module_name]->ioctl' from incompatible pointer type
      ddp_modules_driver[module_name]->ioctl(module_name, cmdq_handle, DDP_DSI_IDLE_CLK_OPEN, &level);
      ^
drivers/misc/mediatek/dispsys/mt6735/ddp_manager.c:1508:6: note: expected 'long unsigned int *' but argument is of type 'unsigned int *'
drivers/misc/mediatek/dispsys/mt6735/ddp_manager.c:1502:6: warning: unused variable 'module_num' [-Wunused-variable]
  int module_num = ddp_get_module_num(handle->scenario);
      ^
drivers/misc/mediatek/dispsys/mt6735/ddp_manager.c:1501:8: warning: unused variable 'modules' [-Wunused-variable]
  int * modules = ddp_get_scenario_list(handle->scenario);
        ^
drivers/misc/mediatek/dispsys/mt6735/ddp_manager.c:1497:6: warning: unused variable 'i' [-Wunused-variable]
  int i=0;
      ^
drivers/misc/mediatek/dispsys/mt6735/ddp_manager.c: In function 'dpmgr_path_idle_off':
drivers/misc/mediatek/dispsys/mt6735/ddp_manager.c:1519:5: warning: ISO C90 forbids mixed declarations and code [-Wdeclaration-after-statement]
     ddp_path_handle handle = (ddp_path_handle)dp_handle;
     ^
drivers/misc/mediatek/dispsys/mt6735/ddp_manager.c:1541:7: warning: passing argument 4 of 'ddp_modules_driver[module_name]->ioctl' from incompatible pointer type
       ddp_modules_driver[module_name]->ioctl(module_name, cmdq_handle, DDP_DSI_IDLE_CLK_CLOSED,&level);
       ^
drivers/misc/mediatek/dispsys/mt6735/ddp_manager.c:1541:7: note: expected 'long unsigned int *' but argument is of type 'unsigned int *'
drivers/misc/mediatek/dispsys/mt6735/ddp_manager.c: In function 'dpmgr_path_idle_on':
drivers/misc/mediatek/dispsys/mt6735/ddp_manager.c:1557:3: warning: ISO C90 forbids mixed declarations and code [-Wdeclaration-after-statement]
   ddp_path_handle handle = (ddp_path_handle)dp_handle;
   ^
drivers/misc/mediatek/dispsys/mt6735/ddp_manager.c:1573:7: warning: passing argument 4 of 'ddp_modules_driver[module_name]->ioctl' from incompatible pointer type
       ddp_modules_driver[module_name]->ioctl(module_name, cmdq_handle, DDP_DSI_IDLE_CLK_OPEN, &level);
       ^
drivers/misc/mediatek/dispsys/mt6735/ddp_manager.c:1573:7: note: expected 'long unsigned int *' but argument is of type 'unsigned int *'
drivers/misc/mediatek/dispsys/mt6735/ddp_manager.c: In function 'dpmgr_path_is_busy':
drivers/misc/mediatek/dispsys/mt6735/ddp_manager.c:1730:5: warning: ISO C90 forbids mixed declarations and code [-Wdeclaration-after-statement]
     ddp_path_handle handle = (ddp_path_handle)dp_handle;
     ^
drivers/misc/mediatek/dispsys/mt6735/ddp_manager.c: In function 'dpmgr_set_lcm_utils':
drivers/misc/mediatek/dispsys/mt6735/ddp_manager.c:1757:5: warning: ISO C90 forbids mixed declarations and code [-Wdeclaration-after-statement]
     ddp_path_handle handle = (ddp_path_handle)dp_handle;
     ^
drivers/misc/mediatek/dispsys/mt6735/ddp_manager.c: In function 'dpmgr_enable_event':
drivers/misc/mediatek/dispsys/mt6735/ddp_manager.c:1780:5: warning: ISO C90 forbids mixed declarations and code [-Wdeclaration-after-statement]
     ddp_path_handle handle = (ddp_path_handle)dp_handle;
     ^
drivers/misc/mediatek/dispsys/mt6735/ddp_manager.c: In function 'dpmgr_map_event_to_irq':
drivers/misc/mediatek/dispsys/mt6735/ddp_manager.c:1799:5: warning: ISO C90 forbids mixed declarations and code [-Wdeclaration-after-statement]
     ddp_path_handle handle = (ddp_path_handle)dp_handle;
     ^
drivers/misc/mediatek/dispsys/mt6735/ddp_manager.c: In function 'dpmgr_disable_event':
drivers/misc/mediatek/dispsys/mt6735/ddp_manager.c:1815:5: warning: ISO C90 forbids mixed declarations and code [-Wdeclaration-after-statement]
     ddp_path_handle handle = (ddp_path_handle)dp_handle;
     ^
drivers/misc/mediatek/dispsys/mt6735/ddp_manager.c:1817:2: warning: ISO C90 forbids mixed declarations and code [-Wdeclaration-after-statement]
  DPMGR_WQ_HANDLE *wq_handle = &handle->wq_list[event];
  ^
drivers/misc/mediatek/dispsys/mt6735/ddp_manager.c: In function 'dpmgr_check_status':
drivers/misc/mediatek/dispsys/mt6735/ddp_manager.c:1833:5: warning: ISO C90 forbids mixed declarations and code [-Wdeclaration-after-statement]
     ddp_path_handle handle = (ddp_path_handle)dp_handle;
     ^
drivers/misc/mediatek/dispsys/mt6735/ddp_manager.c:1826:9: warning: unused variable 'module_name' [-Wunused-variable]
     int module_name ;
         ^
drivers/misc/mediatek/dispsys/mt6735/ddp_manager.c: In function 'dpmgr_wait_event_timeout':
drivers/misc/mediatek/dispsys/mt6735/ddp_manager.c:1904:5: warning: ISO C90 forbids mixed declarations and code [-Wdeclaration-after-statement]
     ddp_path_handle handle = (ddp_path_handle)dp_handle;
     ^
drivers/misc/mediatek/dispsys/mt6735/ddp_manager.c:1909:9: warning: ISO C90 forbids mixed declarations and code [-Wdeclaration-after-statement]
         unsigned long long cur_time = sched_clock();
         ^
drivers/misc/mediatek/dispsys/mt6735/ddp_manager.c:1914:13: warning: passing argument 3 of 'MMProfileLogEx' makes integer from pointer without a cast
             MMProfileLogEx(ddp_mmp_get_events()->dpmgr_wait_event_timeout, MMProfileFlagPulse, ddp_get_scenario_name(handle->scenario), event);
             ^
In file included from /home/satory-ra/Android/kernel/android_kernel_oukitel_orange/drivers/misc/mediatek/dispsys/mt6735/display_recorder.h:5:0,
                 from /home/satory-ra/Android/kernel/android_kernel_oukitel_orange/drivers/misc/mediatek/dispsys/mt6735/mt6735m/ddp_reg.h:6,
                 from drivers/misc/mediatek/dispsys/mt6735/ddp_manager.c:11:
include/linux/mmprofile.h:81:6: note: expected 'long unsigned int' but argument is of type 'char *'
 void MMProfileLogEx(MMP_Event event, MMP_LogType type, unsigned long data1, unsigned long data2);
      ^
drivers/misc/mediatek/dispsys/mt6735/ddp_manager.c: In function 'dpmgr_wait_event':
drivers/misc/mediatek/dispsys/mt6735/ddp_manager.c:1937:5: warning: ISO C90 forbids mixed declarations and code [-Wdeclaration-after-statement]
     ddp_path_handle handle = (ddp_path_handle)dp_handle;
     ^
drivers/misc/mediatek/dispsys/mt6735/ddp_manager.c:1942:9: warning: ISO C90 forbids mixed declarations and code [-Wdeclaration-after-statement]
         unsigned long long cur_time = sched_clock();
         ^
drivers/misc/mediatek/dispsys/mt6735/ddp_manager.c: In function 'dpmgr_signal_event':
drivers/misc/mediatek/dispsys/mt6735/ddp_manager.c:1961:5: warning: ISO C90 forbids mixed declarations and code [-Wdeclaration-after-statement]
     ddp_path_handle handle = (ddp_path_handle)dp_handle;
     ^
drivers/misc/mediatek/dispsys/mt6735/ddp_manager.c: In function 'dpmgr_irq_handler':
drivers/misc/mediatek/dispsys/mt6735/ddp_manager.c:1988:13: warning: assignment makes pointer from integer without a cast
      handle = hw_mutex_id_to_handle_map[i];
             ^
drivers/misc/mediatek/dispsys/mt6735/ddp_manager.c:1990:13: warning: assignment makes pointer from integer without a cast
      handle = hw_mutex_id_to_handle_map[i%(irq_bits_num/2)];
             ^
In file included from drivers/misc/mediatek/dispsys/mt6735/ddp_manager.c:11:0:
drivers/misc/mediatek/dispsys/mt6735/ddp_manager.c: At top level:
/home/satory-ra/Android/kernel/android_kernel_oukitel_orange/drivers/misc/mediatek/dispsys/mt6735/mt6735m/ddp_reg.h:23:21: warning: 'module_list_scenario' defined but not used [-Wunused-variable]
 static unsigned int module_list_scenario[DDP_SCENARIO_MAX][DDP_ENING_NUM] = {
                     ^
In file included from drivers/misc/mediatek/dispsys/mt6735/ddp_manager.c:11:0:
/home/satory-ra/Android/kernel/android_kernel_oukitel_orange/drivers/misc/mediatek/dispsys/mt6735/mt6735m/ddp_reg.h:48:15: warning: 'mout_map' defined but not used [-Wunused-variable]
 static mout_t mout_map[DDP_MOUT_NUM] = 
               ^
/home/satory-ra/Android/kernel/android_kernel_oukitel_orange/drivers/misc/mediatek/dispsys/mt6735/mt6735m/ddp_reg.h:59:14: warning: 'sel_out_map' defined but not used [-Wunused-variable]
 static sel_t sel_out_map[DDP_SEL_OUT_NUM] = 
              ^
/home/satory-ra/Android/kernel/android_kernel_oukitel_orange/drivers/misc/mediatek/dispsys/mt6735/mt6735m/ddp_reg.h:67:14: warning: 'sel_in_map' defined but not used [-Wunused-variable]
 static sel_t sel_in_map[DDP_SEL_IN_NUM] = 
              ^
/home/satory-ra/Android/kernel/android_kernel_oukitel_orange/drivers/misc/mediatek/dispsys/mt6735/mt6735m/ddp_reg.h:106:21: warning: 'module_mutex_map' defined but not used [-Wunused-variable]
 static module_map_t module_mutex_map[DISP_MODULE_NUM] =
                     ^
/home/satory-ra/Android/kernel/android_kernel_oukitel_orange/drivers/misc/mediatek/dispsys/mt6735/mt6735m/ddp_reg.h:134:21: warning: 'module_can_connect' defined but not used [-Wunused-variable]
 static module_map_t module_can_connect[DISP_MODULE_NUM] =
                     ^
drivers/misc/mediatek/dispsys/mt6735/ddp_manager.c:289:12: warning: 'acquire_free_bit' defined but not used [-Wunused-function]
 static int acquire_free_bit(unsigned int total)
            ^
drivers/misc/mediatek/dispsys/mt6735/ddp_manager.c:1091:12: warning: 'dpmgr_layer_num' defined but not used [-Wunused-function]
 static int dpmgr_layer_num(disp_ddp_path_config * config)
            ^
drivers/misc/mediatek/dispsys/mt6735/ddp_manager.c: In function 'dpmgr_path_get_handle':
drivers/misc/mediatek/dispsys/mt6735/ddp_manager.c:680:1: warning: control reaches end of non-void function [-Wreturn-type]
 }
 ^
drivers/misc/mediatek/dispsys/mt6735/ddp_manager.c: In function 'dpmgr_path_release_8_layer_fence':
drivers/misc/mediatek/dispsys/mt6735/ddp_manager.c:818:1: warning: control reaches end of non-void function [-Wreturn-type]
 }
 ^
drivers/misc/mediatek/dispsys/mt6735/ddp_manager.c: In function 'dpmgr_path_dsi_off':
drivers/misc/mediatek/dispsys/mt6735/ddp_manager.c:1494:1: warning: control reaches end of non-void function [-Wreturn-type]
 }
 ^
drivers/misc/mediatek/dispsys/mt6735/ddp_manager.c: In function 'dpmgr_path_idle_off':
drivers/misc/mediatek/dispsys/mt6735/ddp_manager.c:1550:1: warning: control reaches end of non-void function [-Wreturn-type]
 }
 ^
In file included from drivers/misc/mediatek/eccci/port_kernel.c:32:0:
drivers/misc/mediatek/eccci/ccci_core.h: In function 'ccci_port_recv_skb':
drivers/misc/mediatek/eccci/ccci_core.h:549:17: warning: statement with no effect [-Wunused-value]
                 ret == -CCCI_ERR_CHANNEL_NUM_MIS_MATCH;
                 ^
drivers/misc/mediatek/eccci/ccci_core.h: In function 'ccci_port_recv_request':
drivers/misc/mediatek/eccci/ccci_core.h:618:17: warning: statement with no effect [-Wunused-value]
                 ret == -CCCI_ERR_CHANNEL_NUM_MIS_MATCH;
                 ^
drivers/misc/mediatek/eccci/port_kernel.c: In function 'ccci_rpc_work_helper':
drivers/misc/mediatek/eccci/port_kernel.c:428:9: warning: passing argument 2 of 'masp_secure_algo' makes pointer from integer without a cast
         masp_secure_algo(Direction, ContentAddr, ContentLen, CustomSeed.sed, ResText);
         ^
In file included from drivers/misc/mediatek/eccci/port_kernel.c:14:0:
include/mach/mt_sec_export.h:58:13: note: expected 'unsigned char *' but argument is of type 'long unsigned int'
 extern void masp_secure_algo(unsigned char Direction, unsigned char *ContentAddr,
             ^
drivers/misc/mediatek/eccci/port_kernel.c: In function 'process_rpc_kernel_msg':
drivers/misc/mediatek/eccci/port_kernel.c:1083:21: warning: unused variable 'md' [-Wunused-variable]
  struct ccci_modem *md = port->modem;
                     ^
  LD      net/sched/built-in.o
  CC      net/unix/af_unix.o
net/unix/af_unix.c:150:31: warning: 'gunix_socket_track_aee_entry' defined but not used [-Wunused-variable]
 static struct proc_dir_entry *gunix_socket_track_aee_entry = NULL;
                               ^
  CC      drivers/misc/mediatek/dispsys/mt6735/ddp_irq.o
  CC      drivers/misc/mediatek/eccci/port_ipc.o
In file included from drivers/misc/mediatek/dispsys/mt6735/ddp_log.h:6:0,
                 from drivers/misc/mediatek/dispsys/mt6735/ddp_irq.c:4:
drivers/misc/mediatek/dispsys/mt6735/display_recorder.h:152:1: warning: function declaration isn't a prototype [-Wstrict-prototypes]
 void dprec_logger_dump_reset();
 ^
drivers/misc/mediatek/dispsys/mt6735/display_recorder.h:153:1: warning: function declaration isn't a prototype [-Wstrict-prototypes]
 char *dprec_logger_get_dump_addr();
 ^
drivers/misc/mediatek/dispsys/mt6735/display_recorder.h:154:1: warning: function declaration isn't a prototype [-Wstrict-prototypes]
 unsigned int dprec_logger_get_dump_len();
 ^
In file included from drivers/misc/mediatek/eccci/port_ipc.c:10:0:
drivers/misc/mediatek/eccci/ccci_core.h: In function 'ccci_port_recv_skb':
drivers/misc/mediatek/eccci/ccci_core.h:549:17: warning: statement with no effect [-Wunused-value]
                 ret == -CCCI_ERR_CHANNEL_NUM_MIS_MATCH;
                 ^
drivers/misc/mediatek/eccci/ccci_core.h: In function 'ccci_port_recv_request':
drivers/misc/mediatek/eccci/ccci_core.h:618:17: warning: statement with no effect [-Wunused-value]
                 ret == -CCCI_ERR_CHANNEL_NUM_MIS_MATCH;
                 ^
drivers/misc/mediatek/eccci/port_ipc.c: In function 'ccci_ipc_set_garbage_filter':
drivers/misc/mediatek/eccci/port_ipc.c:387:18: warning: assignment from incompatible pointer type
   local_para_ptr = skb_put(req->skb, sizeof(struct local_para));
                  ^
In file included from drivers/misc/mediatek/dispsys/mt6735/ddp_irq.c:14:0:
/home/satory-ra/Android/kernel/android_kernel_oukitel_orange/drivers/misc/mediatek/dispsys/mt6735/mt6735m/ddp_reg.h:1963:0: warning: "DISP_REG_DPI_ESAV_VTIM_R" redefined
 #define DISP_REG_DPI_ESAV_VTIM_R      (DISPSYS_DPI_BASE + 0x088)
 ^
/home/satory-ra/Android/kernel/android_kernel_oukitel_orange/drivers/misc/mediatek/dispsys/mt6735/mt6735m/ddp_reg.h:1962:0: note: this is the location of the previous definition
 #define DISP_REG_DPI_ESAV_VTIM_R      (DISPSYS_DPI_BASE + 0x084)
 ^
In file included from drivers/misc/mediatek/dispsys/mt6735/ddp_irq.c:14:0:
/home/satory-ra/Android/kernel/android_kernel_oukitel_orange/drivers/misc/mediatek/dispsys/mt6735/mt6735m/ddp_reg.h:23:21: warning: 'module_list_scenario' defined but not used [-Wunused-variable]
 static unsigned int module_list_scenario[DDP_SCENARIO_MAX][DDP_ENING_NUM] = {
                     ^
In file included from drivers/misc/mediatek/dispsys/mt6735/ddp_irq.c:14:0:
/home/satory-ra/Android/kernel/android_kernel_oukitel_orange/drivers/misc/mediatek/dispsys/mt6735/mt6735m/ddp_reg.h:48:15: warning: 'mout_map' defined but not used [-Wunused-variable]
 static mout_t mout_map[DDP_MOUT_NUM] = 
               ^
/home/satory-ra/Android/kernel/android_kernel_oukitel_orange/drivers/misc/mediatek/dispsys/mt6735/mt6735m/ddp_reg.h:59:14: warning: 'sel_out_map' defined but not used [-Wunused-variable]
 static sel_t sel_out_map[DDP_SEL_OUT_NUM] = 
              ^
/home/satory-ra/Android/kernel/android_kernel_oukitel_orange/drivers/misc/mediatek/dispsys/mt6735/mt6735m/ddp_reg.h:67:14: warning: 'sel_in_map' defined but not used [-Wunused-variable]
 static sel_t sel_in_map[DDP_SEL_IN_NUM] = 
              ^
/home/satory-ra/Android/kernel/android_kernel_oukitel_orange/drivers/misc/mediatek/dispsys/mt6735/mt6735m/ddp_reg.h:106:21: warning: 'module_mutex_map' defined but not used [-Wunused-variable]
 static module_map_t module_mutex_map[DISP_MODULE_NUM] =
                     ^
/home/satory-ra/Android/kernel/android_kernel_oukitel_orange/drivers/misc/mediatek/dispsys/mt6735/mt6735m/ddp_reg.h:134:21: warning: 'module_can_connect' defined but not used [-Wunused-variable]
 static module_map_t module_can_connect[DISP_MODULE_NUM] =
                     ^
drivers/misc/mediatek/dispsys/mt6735/ddp_irq.c:27:21: warning: 'cnt_ovl_underflow' defined but not used [-Wunused-variable]
 static unsigned int cnt_ovl_underflow[2];
                     ^
  CC      drivers/misc/mediatek/eccci/port_cfg.o
  CC      drivers/misc/mediatek/dispsys/mt6735/ddp_info.o
In file included from include/mach/mt_gpio.h:15:0,
                 from /home/satory-ra/Android/kernel/android_kernel_oukitel_orange/drivers/misc/mediatek/videox/mt6735/mt6735m/disp_drv_platform.h:6,
                 from drivers/misc/mediatek/dispsys/mt6735/ddp_info.c:2:
/home/satory-ra/Android/kernel/android_kernel_oukitel_orange/drivers/misc/mediatek/mach/mt6735/Sprint4g/dct/dct/inc/cust_gpio_usage.h:481:0: warning: "GPIO_KPD_KCOL1_PIN_M_UCTS" redefined
 #define GPIO_KPD_KCOL1_PIN_M_UCTS   GPIO_MODE_03
 ^
/home/satory-ra/Android/kernel/android_kernel_oukitel_orange/drivers/misc/mediatek/mach/mt6735/Sprint4g/dct/dct/inc/cust_gpio_usage.h:480:0: note: this is the location of the previous definition
 #define GPIO_KPD_KCOL1_PIN_M_UCTS   GPIO_MODE_02
 ^
In file included from drivers/misc/mediatek/eccci/port_cfg.h:3:0,
                 from drivers/misc/mediatek/eccci/port_cfg.c:1:
drivers/misc/mediatek/eccci/ccci_core.h: In function 'ccci_port_recv_skb':
drivers/misc/mediatek/eccci/ccci_core.h:549:17: warning: statement with no effect [-Wunused-value]
                 ret == -CCCI_ERR_CHANNEL_NUM_MIS_MATCH;
                 ^
drivers/misc/mediatek/eccci/ccci_core.h: In function 'ccci_port_recv_request':
drivers/misc/mediatek/eccci/ccci_core.h:618:17: warning: statement with no effect [-Wunused-value]
                 ret == -CCCI_ERR_CHANNEL_NUM_MIS_MATCH;
                 ^
In file included from drivers/misc/mediatek/dispsys/mt6735/ddp_log.h:6:0,
                 from drivers/misc/mediatek/dispsys/mt6735/ddp_info.c:5:
drivers/misc/mediatek/dispsys/mt6735/display_recorder.h:152:1: warning: function declaration isn't a prototype [-Wstrict-prototypes]
 void dprec_logger_dump_reset();
 ^
drivers/misc/mediatek/dispsys/mt6735/display_recorder.h:153:1: warning: function declaration isn't a prototype [-Wstrict-prototypes]
 char *dprec_logger_get_dump_addr();
 ^
drivers/misc/mediatek/dispsys/mt6735/display_recorder.h:154:1: warning: function declaration isn't a prototype [-Wstrict-prototypes]
 unsigned int dprec_logger_get_dump_len();
 ^
  CC      net/unix/garbage.o
  CC      drivers/misc/mediatek/eccci/modem_cldma.o
  CC      drivers/misc/mediatek/dispsys/mt6735/ddp_color_format.o
In file included from drivers/misc/mediatek/eccci/modem_cldma.c:28:0:
drivers/misc/mediatek/eccci/ccci_core.h: In function 'ccci_port_recv_skb':
drivers/misc/mediatek/eccci/ccci_core.h:549:17: warning: statement with no effect [-Wunused-value]
                 ret == -CCCI_ERR_CHANNEL_NUM_MIS_MATCH;
                 ^
drivers/misc/mediatek/eccci/ccci_core.h: In function 'ccci_port_recv_request':
drivers/misc/mediatek/eccci/ccci_core.h:618:17: warning: statement with no effect [-Wunused-value]
                 ret == -CCCI_ERR_CHANNEL_NUM_MIS_MATCH;
                 ^
In file included from drivers/misc/mediatek/dispsys/mt6735/ddp_log.h:6:0,
                 from drivers/misc/mediatek/dispsys/mt6735/ddp_color_format.c:3:
drivers/misc/mediatek/dispsys/mt6735/display_recorder.h:152:1: warning: function declaration isn't a prototype [-Wstrict-prototypes]
 void dprec_logger_dump_reset();
 ^
drivers/misc/mediatek/dispsys/mt6735/display_recorder.h:153:1: warning: function declaration isn't a prototype [-Wstrict-prototypes]
 char *dprec_logger_get_dump_addr();
 ^
drivers/misc/mediatek/dispsys/mt6735/display_recorder.h:154:1: warning: function declaration isn't a prototype [-Wstrict-prototypes]
 unsigned int dprec_logger_get_dump_len();
 ^
drivers/misc/mediatek/eccci/modem_cldma.c: In function 'md_cd_traffic_monitor_func':
drivers/misc/mediatek/eccci/modem_cldma.c:239:2: warning: 'return' with a value, in function returning void
  return 0;
  ^
drivers/misc/mediatek/eccci/modem_cldma.c:168:19: warning: unused variable 'rem_nsec_end' [-Wunused-variable]
     unsigned long rem_nsec_end[CLDMA_TXQ_NUM];
                   ^
drivers/misc/mediatek/eccci/modem_cldma.c:167:9: warning: unused variable 'ts_nsec_end' [-Wunused-variable]
     u64 ts_nsec_end[CLDMA_TXQ_NUM];
         ^
drivers/misc/mediatek/eccci/modem_cldma.c:166:19: warning: unused variable 'rem_nsec_start' [-Wunused-variable]
     unsigned long rem_nsec_start[CLDMA_TXQ_NUM];
                   ^
drivers/misc/mediatek/eccci/modem_cldma.c:165:9: warning: unused variable 'ts_nsec_start' [-Wunused-variable]
     u64 ts_nsec_start[CLDMA_TXQ_NUM];
         ^
drivers/misc/mediatek/eccci/modem_cldma.c:164:19: warning: unused variable 'rem_nsec' [-Wunused-variable]
     unsigned long rem_nsec[CLDMA_TXQ_NUM];
                   ^
drivers/misc/mediatek/eccci/modem_cldma.c:163:9: warning: unused variable 'ts_nsec' [-Wunused-variable]
     u64 ts_nsec[CLDMA_TXQ_NUM];
         ^
drivers/misc/mediatek/eccci/modem_cldma.c: In function 'cldma_reset':
drivers/misc/mediatek/eccci/modem_cldma.c:1102:13: warning: suggest parentheses around comparison in operand of '&' [-Wparentheses]
  if (SO_CFG & 0x1 == 0)  // write function didn't work
             ^
drivers/misc/mediatek/eccci/modem_cldma.c:1111:13: warning: suggest parentheses around comparison in operand of '&' [-Wparentheses]
  if (SO_CFG & 0x1 == 0)  // write function didn't work
             ^
drivers/misc/mediatek/eccci/modem_cldma.c: In function 'md_cd_exception':
drivers/misc/mediatek/eccci/modem_cldma.c:1465:14: warning: suggest parentheses around comparison in operand of '&' [-Wparentheses]
   if (SO_CFG & 0x1 == 0)  // write function didn't work
              ^
drivers/misc/mediatek/eccci/modem_cldma.c: In function 'md_cd_start':
drivers/misc/mediatek/eccci/modem_cldma.c:1698:23: warning: unused variable 'cldma_on' [-Wunused-variable]
     int ret=0, retry, cldma_on=0;
                       ^
drivers/misc/mediatek/eccci/modem_cldma.c:1698:16: warning: unused variable 'retry' [-Wunused-variable]
     int ret=0, retry, cldma_on=0;
                ^
drivers/misc/mediatek/eccci/modem_cldma.c: In function 'md_cd_send_runtime_data':
drivers/misc/mediatek/eccci/modem_cldma.c:2460:5: warning: right shift count >= width of type
     runtime->feature_6_val[1] = t.tv_sec>>32;
     ^
drivers/misc/mediatek/eccci/modem_cldma.c: In function 'md_cd_dump_store':
drivers/misc/mediatek/eccci/modem_cldma.c:2661:24: warning: unused variable 'md_ctrl' [-Wunused-variable]
     struct md_cd_ctrl *md_ctrl = (struct md_cd_ctrl *)md->private_data;
                        ^
drivers/misc/mediatek/eccci/modem_cldma.c: At top level:
drivers/misc/mediatek/eccci/modem_cldma.c:2837:5: warning: initialization from incompatible pointer type
     .resume = ccci_modem_sysresume,
     ^
drivers/misc/mediatek/eccci/modem_cldma.c:2837:5: warning: (near initialization for 'md_cldma_sysops.resume')
drivers/misc/mediatek/eccci/modem_cldma.c:244:13: warning: 'cldma_dump_packet_history' defined but not used [-Wunused-function]
 static void cldma_dump_packet_history(struct ccci_modem *md)
             ^
  CC      drivers/misc/mediatek/dispsys/mt6735/ddp_mmp.o
  CC      net/unix/sysctl_net_unix.o
In file included from /home/satory-ra/Android/kernel/android_kernel_oukitel_orange/drivers/misc/mediatek/dispsys/mt6735/mt6735m/ddp_reg.h:6:0,
                 from drivers/misc/mediatek/dispsys/mt6735/ddp_mmp.c:5:
/home/satory-ra/Android/kernel/android_kernel_oukitel_orange/drivers/misc/mediatek/dispsys/mt6735/display_recorder.h:152:1: warning: function declaration isn't a prototype [-Wstrict-prototypes]
 void dprec_logger_dump_reset();
 ^
/home/satory-ra/Android/kernel/android_kernel_oukitel_orange/drivers/misc/mediatek/dispsys/mt6735/display_recorder.h:153:1: warning: function declaration isn't a prototype [-Wstrict-prototypes]
 char *dprec_logger_get_dump_addr();
 ^
/home/satory-ra/Android/kernel/android_kernel_oukitel_orange/drivers/misc/mediatek/dispsys/mt6735/display_recorder.h:154:1: warning: function declaration isn't a prototype [-Wstrict-prototypes]
 unsigned int dprec_logger_get_dump_len();
 ^
In file included from drivers/misc/mediatek/dispsys/mt6735/ddp_mmp.c:5:0:
/home/satory-ra/Android/kernel/android_kernel_oukitel_orange/drivers/misc/mediatek/dispsys/mt6735/mt6735m/ddp_reg.h:1963:0: warning: "DISP_REG_DPI_ESAV_VTIM_R" redefined
 #define DISP_REG_DPI_ESAV_VTIM_R      (DISPSYS_DPI_BASE + 0x088)
 ^
/home/satory-ra/Android/kernel/android_kernel_oukitel_orange/drivers/misc/mediatek/dispsys/mt6735/mt6735m/ddp_reg.h:1962:0: note: this is the location of the previous definition
 #define DISP_REG_DPI_ESAV_VTIM_R      (DISPSYS_DPI_BASE + 0x084)
 ^
drivers/misc/mediatek/dispsys/mt6735/ddp_mmp.c: In function 'ddp_mmp_ovl_layer':
drivers/misc/mediatek/dispsys/mt6735/ddp_mmp.c:234:17: warning: passing argument 3 of 'm4u_mva_map_kernel' from incompatible pointer type
             if (m4u_mva_map_kernel(pLayer->addr, Bitmap.data_size,(unsigned int*)&Bitmap.pData, &Bitmap.data_size)==0)
                 ^
In file included from drivers/misc/mediatek/dispsys/mt6735/ddp_mmp.c:9:0:
/home/satory-ra/Android/kernel/android_kernel_oukitel_orange/drivers/misc/mediatek/mach/mt6735/include/mach/m4u.h:111:5: note: expected 'long unsigned int *' but argument is of type 'unsigned int *'
 int m4u_mva_map_kernel(unsigned int mva, unsigned int size, 
     ^
drivers/misc/mediatek/dispsys/mt6735/ddp_mmp.c:267:16: warning: passing argument 3 of 'm4u_mva_map_kernel' from incompatible pointer type
             if(m4u_mva_map_kernel(pLayer->addr, meta.size, (unsigned int*)&meta.pData, &meta.size)==0)
                ^
In file included from drivers/misc/mediatek/dispsys/mt6735/ddp_mmp.c:9:0:
/home/satory-ra/Android/kernel/android_kernel_oukitel_orange/drivers/misc/mediatek/mach/mt6735/include/mach/m4u.h:111:5: note: expected 'long unsigned int *' but argument is of type 'unsigned int *'
 int m4u_mva_map_kernel(unsigned int mva, unsigned int size, 
     ^
drivers/misc/mediatek/dispsys/mt6735/ddp_mmp.c: In function 'ddp_mmp_wdma_layer':
drivers/misc/mediatek/dispsys/mt6735/ddp_mmp.c:314:5: warning: ISO C90 forbids mixed declarations and code [-Wdeclaration-after-statement]
     MMP_MetaDataBitmap_t Bitmap;
     ^
drivers/misc/mediatek/dispsys/mt6735/ddp_mmp.c:355:13: warning: passing argument 3 of 'm4u_mva_map_kernel' from incompatible pointer type
         if (m4u_mva_map_kernel(wdma_layer->dstAddress, Bitmap.data_size,(unsigned int*)&Bitmap.pData, &Bitmap.data_size)==0)
             ^
In file included from drivers/misc/mediatek/dispsys/mt6735/ddp_mmp.c:9:0:
/home/satory-ra/Android/kernel/android_kernel_oukitel_orange/drivers/misc/mediatek/mach/mt6735/include/mach/m4u.h:111:5: note: expected 'long unsigned int *' but argument is of type 'unsigned int *'
 int m4u_mva_map_kernel(unsigned int mva, unsigned int size, 
     ^
drivers/misc/mediatek/dispsys/mt6735/ddp_mmp.c:369:12: warning: passing argument 3 of 'm4u_mva_map_kernel' from incompatible pointer type
         if(m4u_mva_map_kernel(wdma_layer->dstAddress, meta.size, (unsigned int*)&meta.pData, &meta.size)==0)
            ^
In file included from drivers/misc/mediatek/dispsys/mt6735/ddp_mmp.c:9:0:
/home/satory-ra/Android/kernel/android_kernel_oukitel_orange/drivers/misc/mediatek/mach/mt6735/include/mach/m4u.h:111:5: note: expected 'long unsigned int *' but argument is of type 'unsigned int *'
 int m4u_mva_map_kernel(unsigned int mva, unsigned int size, 
     ^
drivers/misc/mediatek/dispsys/mt6735/ddp_mmp.c:379:5: warning: 'return' with a value, in function returning void
     return 0;
     ^
drivers/misc/mediatek/dispsys/mt6735/ddp_mmp.c: In function 'ddp_mmp_rdma_layer':
drivers/misc/mediatek/dispsys/mt6735/ddp_mmp.c:391:5: warning: ISO C90 forbids mixed declarations and code [-Wdeclaration-after-statement]
     MMP_MetaDataBitmap_t Bitmap;
     ^
drivers/misc/mediatek/dispsys/mt6735/ddp_mmp.c:432:13: warning: passing argument 3 of 'm4u_mva_map_kernel' from incompatible pointer type
         if (m4u_mva_map_kernel(rdma_layer->address, Bitmap.data_size,(unsigned int*)&Bitmap.pData, &Bitmap.data_size)==0)
             ^
In file included from drivers/misc/mediatek/dispsys/mt6735/ddp_mmp.c:9:0:
/home/satory-ra/Android/kernel/android_kernel_oukitel_orange/drivers/misc/mediatek/mach/mt6735/include/mach/m4u.h:111:5: note: expected 'long unsigned int *' but argument is of type 'unsigned int *'
 int m4u_mva_map_kernel(unsigned int mva, unsigned int size, 
     ^
drivers/misc/mediatek/dispsys/mt6735/ddp_mmp.c:446:12: warning: passing argument 3 of 'm4u_mva_map_kernel' from incompatible pointer type
         if(m4u_mva_map_kernel(rdma_layer->address, meta.size, (unsigned int*)&meta.pData, &meta.size)==0)
            ^
In file included from drivers/misc/mediatek/dispsys/mt6735/ddp_mmp.c:9:0:
/home/satory-ra/Android/kernel/android_kernel_oukitel_orange/drivers/misc/mediatek/mach/mt6735/include/mach/m4u.h:111:5: note: expected 'long unsigned int *' but argument is of type 'unsigned int *'
 int m4u_mva_map_kernel(unsigned int mva, unsigned int size, 
     ^
drivers/misc/mediatek/dispsys/mt6735/ddp_mmp.c:457:5: warning: 'return' with a value, in function returning void
     return 0;
     ^
In file included from drivers/misc/mediatek/dispsys/mt6735/ddp_mmp.c:5:0:
drivers/misc/mediatek/dispsys/mt6735/ddp_mmp.c: At top level:
/home/satory-ra/Android/kernel/android_kernel_oukitel_orange/drivers/misc/mediatek/dispsys/mt6735/mt6735m/ddp_reg.h:23:21: warning: 'module_list_scenario' defined but not used [-Wunused-variable]
 static unsigned int module_list_scenario[DDP_SCENARIO_MAX][DDP_ENING_NUM] = {
                     ^
In file included from drivers/misc/mediatek/dispsys/mt6735/ddp_mmp.c:5:0:
/home/satory-ra/Android/kernel/android_kernel_oukitel_orange/drivers/misc/mediatek/dispsys/mt6735/mt6735m/ddp_reg.h:48:15: warning: 'mout_map' defined but not used [-Wunused-variable]
 static mout_t mout_map[DDP_MOUT_NUM] = 
               ^
/home/satory-ra/Android/kernel/android_kernel_oukitel_orange/drivers/misc/mediatek/dispsys/mt6735/mt6735m/ddp_reg.h:59:14: warning: 'sel_out_map' defined but not used [-Wunused-variable]
 static sel_t sel_out_map[DDP_SEL_OUT_NUM] = 
              ^
/home/satory-ra/Android/kernel/android_kernel_oukitel_orange/drivers/misc/mediatek/dispsys/mt6735/mt6735m/ddp_reg.h:67:14: warning: 'sel_in_map' defined but not used [-Wunused-variable]
 static sel_t sel_in_map[DDP_SEL_IN_NUM] = 
              ^
/home/satory-ra/Android/kernel/android_kernel_oukitel_orange/drivers/misc/mediatek/dispsys/mt6735/mt6735m/ddp_reg.h:106:21: warning: 'module_mutex_map' defined but not used [-Wunused-variable]
 static module_map_t module_mutex_map[DISP_MODULE_NUM] =
                     ^
/home/satory-ra/Android/kernel/android_kernel_oukitel_orange/drivers/misc/mediatek/dispsys/mt6735/mt6735m/ddp_reg.h:134:21: warning: 'module_can_connect' defined but not used [-Wunused-variable]
 static module_map_t module_can_connect[DISP_MODULE_NUM] =
                     ^
  CC      drivers/misc/mediatek/dispsys/mt6735/ddp_met.o
  LD      net/unix/unix.o
  LD      net/unix/built-in.o
In file included from drivers/misc/mediatek/dispsys/mt6735/ddp_log.h:6:0,
                 from drivers/misc/mediatek/dispsys/mt6735/ddp_met.c:3:
drivers/misc/mediatek/dispsys/mt6735/display_recorder.h:152:1: warning: function declaration isn't a prototype [-Wstrict-prototypes]
 void dprec_logger_dump_reset();
 ^
drivers/misc/mediatek/dispsys/mt6735/display_recorder.h:153:1: warning: function declaration isn't a prototype [-Wstrict-prototypes]
 char *dprec_logger_get_dump_addr();
 ^
drivers/misc/mediatek/dispsys/mt6735/display_recorder.h:154:1: warning: function declaration isn't a prototype [-Wstrict-prototypes]
 unsigned int dprec_logger_get_dump_len();
 ^
  CC      net/wireless/core.o
In file included from drivers/misc/mediatek/dispsys/mt6735/ddp_met.c:7:0:
/home/satory-ra/Android/kernel/android_kernel_oukitel_orange/drivers/misc/mediatek/dispsys/mt6735/mt6735m/ddp_reg.h:1963:0: warning: "DISP_REG_DPI_ESAV_VTIM_R" redefined
 #define DISP_REG_DPI_ESAV_VTIM_R      (DISPSYS_DPI_BASE + 0x088)
 ^
/home/satory-ra/Android/kernel/android_kernel_oukitel_orange/drivers/misc/mediatek/dispsys/mt6735/mt6735m/ddp_reg.h:1962:0: note: this is the location of the previous definition
 #define DISP_REG_DPI_ESAV_VTIM_R      (DISPSYS_DPI_BASE + 0x084)
 ^
drivers/misc/mediatek/dispsys/mt6735/ddp_met.c: In function 'parse_color_format':
drivers/misc/mediatek/dispsys/mt6735/ddp_met.c:26:2: warning: enumeration value 'DP_COLOR_UNKNOWN' not handled in switch [-Wswitch]
  switch (fmt) {
  ^
drivers/misc/mediatek/dispsys/mt6735/ddp_met.c:26:2: warning: enumeration value 'DP_COLOR_FULLG8' not handled in switch [-Wswitch]
drivers/misc/mediatek/dispsys/mt6735/ddp_met.c:26:2: warning: enumeration value 'DP_COLOR_FULLG10' not handled in switch [-Wswitch]
drivers/misc/mediatek/dispsys/mt6735/ddp_met.c:26:2: warning: enumeration value 'DP_COLOR_FULLG12' not handled in switch [-Wswitch]
drivers/misc/mediatek/dispsys/mt6735/ddp_met.c:26:2: warning: enumeration value 'DP_COLOR_FULLG14' not handled in switch [-Wswitch]
drivers/misc/mediatek/dispsys/mt6735/ddp_met.c:26:2: warning: enumeration value 'DP_COLOR_UFO10' not handled in switch [-Wswitch]
drivers/misc/mediatek/dispsys/mt6735/ddp_met.c:26:2: warning: enumeration value 'DP_COLOR_BAYER8' not handled in switch [-Wswitch]
drivers/misc/mediatek/dispsys/mt6735/ddp_met.c:26:2: warning: enumeration value 'DP_COLOR_BAYER10' not handled in switch [-Wswitch]
drivers/misc/mediatek/dispsys/mt6735/ddp_met.c:26:2: warning: enumeration value 'DP_COLOR_BAYER12' not handled in switch [-Wswitch]
drivers/misc/mediatek/dispsys/mt6735/ddp_met.c:26:2: warning: enumeration value 'DP_COLOR_GREY' not handled in switch [-Wswitch]
drivers/misc/mediatek/dispsys/mt6735/ddp_met.c:26:2: warning: enumeration value 'DP_COLOR_I420' not handled in switch [-Wswitch]
drivers/misc/mediatek/dispsys/mt6735/ddp_met.c:26:2: warning: enumeration value 'DP_COLOR_YV12' not handled in switch [-Wswitch]
drivers/misc/mediatek/dispsys/mt6735/ddp_met.c:26:2: warning: enumeration value 'DP_COLOR_I422' not handled in switch [-Wswitch]
drivers/misc/mediatek/dispsys/mt6735/ddp_met.c:26:2: warning: enumeration value 'DP_COLOR_YV16' not handled in switch [-Wswitch]
drivers/misc/mediatek/dispsys/mt6735/ddp_met.c:26:2: warning: enumeration value 'DP_COLOR_I444' not handled in switch [-Wswitch]
drivers/misc/mediatek/dispsys/mt6735/ddp_met.c:26:2: warning: enumeration value 'DP_COLOR_YV24' not handled in switch [-Wswitch]
drivers/misc/mediatek/dispsys/mt6735/ddp_met.c:26:2: warning: enumeration value 'DP_COLOR_NV12' not handled in switch [-Wswitch]
drivers/misc/mediatek/dispsys/mt6735/ddp_met.c:26:2: warning: enumeration value 'DP_COLOR_NV21' not handled in switch [-Wswitch]
drivers/misc/mediatek/dispsys/mt6735/ddp_met.c:26:2: warning: enumeration value 'DP_COLOR_NV16' not handled in switch [-Wswitch]
drivers/misc/mediatek/dispsys/mt6735/ddp_met.c:26:2: warning: enumeration value 'DP_COLOR_NV61' not handled in switch [-Wswitch]
drivers/misc/mediatek/dispsys/mt6735/ddp_met.c:26:2: warning: enumeration value 'DP_COLOR_NV24' not handled in switch [-Wswitch]
drivers/misc/mediatek/dispsys/mt6735/ddp_met.c:26:2: warning: enumeration value 'DP_COLOR_NV42' not handled in switch [-Wswitch]
drivers/misc/mediatek/dispsys/mt6735/ddp_met.c:26:2: warning: enumeration value 'DP_COLOR_420_BLKP_UFO' not handled in switch [-Wswitch]
drivers/misc/mediatek/dispsys/mt6735/ddp_met.c:26:2: warning: enumeration value 'DP_COLOR_420_BLKP' not handled in switch [-Wswitch]
drivers/misc/mediatek/dispsys/mt6735/ddp_met.c:26:2: warning: enumeration value 'DP_COLOR_420_BLKI' not handled in switch [-Wswitch]
drivers/misc/mediatek/dispsys/mt6735/ddp_met.c:26:2: warning: enumeration value 'DP_COLOR_422_BLKP' not handled in switch [-Wswitch]
drivers/misc/mediatek/dispsys/mt6735/ddp_met.c:26:2: warning: enumeration value 'DP_COLOR_PARGB8888' not handled in switch [-Wswitch]
drivers/misc/mediatek/dispsys/mt6735/ddp_met.c:26:2: warning: enumeration value 'DP_COLOR_XARGB8888' not handled in switch [-Wswitch]
drivers/misc/mediatek/dispsys/mt6735/ddp_met.c:26:2: warning: enumeration value 'DP_COLOR_PABGR8888' not handled in switch [-Wswitch]
drivers/misc/mediatek/dispsys/mt6735/ddp_met.c:26:2: warning: enumeration value 'DP_COLOR_XABGR8888' not handled in switch [-Wswitch]
drivers/misc/mediatek/dispsys/mt6735/ddp_met.c:26:2: warning: enumeration value 'DP_COLOR_IYU2' not handled in switch [-Wswitch]
drivers/misc/mediatek/dispsys/mt6735/ddp_met.c:26:2: warning: enumeration value 'DP_COLOR_YUV444' not handled in switch [-Wswitch]
drivers/misc/mediatek/dispsys/mt6735/ddp_met.c: In function 'ddp_inout_info_tag':
drivers/misc/mediatek/dispsys/mt6735/ddp_met.c:110:10: warning: assignment discards 'const' qualifier from pointer target type
   fmtStr = parse_color_format(ovlInfo[i].fmt);
          ^
drivers/misc/mediatek/dispsys/mt6735/ddp_met.c:90:35: warning: unused variable 'fmt' [-Wunused-variable]
  unsigned int width, height, bpp, fmt;
                                   ^
drivers/misc/mediatek/dispsys/mt6735/ddp_met.c:90:30: warning: unused variable 'bpp' [-Wunused-variable]
  unsigned int width, height, bpp, fmt;
                              ^
drivers/misc/mediatek/dispsys/mt6735/ddp_met.c:90:22: warning: unused variable 'height' [-Wunused-variable]
  unsigned int width, height, bpp, fmt;
                      ^
drivers/misc/mediatek/dispsys/mt6735/ddp_met.c:90:15: warning: unused variable 'width' [-Wunused-variable]
  unsigned int width, height, bpp, fmt;
               ^
drivers/misc/mediatek/dispsys/mt6735/ddp_met.c:89:15: warning: unused variable 'flag' [-Wunused-variable]
  unsigned int flag, i, idx, enLayerCnt, layerCnt;
               ^
In file included from drivers/misc/mediatek/dispsys/mt6735/ddp_met.c:7:0:
drivers/misc/mediatek/dispsys/mt6735/ddp_met.c: At top level:
/home/satory-ra/Android/kernel/android_kernel_oukitel_orange/drivers/misc/mediatek/dispsys/mt6735/mt6735m/ddp_reg.h:23:21: warning: 'module_list_scenario' defined but not used [-Wunused-variable]
 static unsigned int module_list_scenario[DDP_SCENARIO_MAX][DDP_ENING_NUM] = {
                     ^
In file included from drivers/misc/mediatek/dispsys/mt6735/ddp_met.c:7:0:
/home/satory-ra/Android/kernel/android_kernel_oukitel_orange/drivers/misc/mediatek/dispsys/mt6735/mt6735m/ddp_reg.h:48:15: warning: 'mout_map' defined but not used [-Wunused-variable]
 static mout_t mout_map[DDP_MOUT_NUM] = 
               ^
/home/satory-ra/Android/kernel/android_kernel_oukitel_orange/drivers/misc/mediatek/dispsys/mt6735/mt6735m/ddp_reg.h:59:14: warning: 'sel_out_map' defined but not used [-Wunused-variable]
 static sel_t sel_out_map[DDP_SEL_OUT_NUM] = 
              ^
/home/satory-ra/Android/kernel/android_kernel_oukitel_orange/drivers/misc/mediatek/dispsys/mt6735/mt6735m/ddp_reg.h:67:14: warning: 'sel_in_map' defined but not used [-Wunused-variable]
 static sel_t sel_in_map[DDP_SEL_IN_NUM] = 
              ^
/home/satory-ra/Android/kernel/android_kernel_oukitel_orange/drivers/misc/mediatek/dispsys/mt6735/mt6735m/ddp_reg.h:106:21: warning: 'module_mutex_map' defined but not used [-Wunused-variable]
 static module_map_t module_mutex_map[DISP_MODULE_NUM] =
                     ^
/home/satory-ra/Android/kernel/android_kernel_oukitel_orange/drivers/misc/mediatek/dispsys/mt6735/mt6735m/ddp_reg.h:134:21: warning: 'module_can_connect' defined but not used [-Wunused-variable]
 static module_map_t module_can_connect[DISP_MODULE_NUM] =
                     ^
drivers/misc/mediatek/dispsys/mt6735/ddp_met.c: In function 'parse_color_format':
drivers/misc/mediatek/dispsys/mt6735/ddp_met.c:52:1: warning: control reaches end of non-void function [-Wreturn-type]
 }
 ^
  CC      drivers/misc/mediatek/dispsys/mt6735/ddp_misc.o
In file included from /home/satory-ra/Android/kernel/android_kernel_oukitel_orange/drivers/misc/mediatek/dispsys/mt6735/mt6735m/ddp_reg.h:6:0,
                 from drivers/misc/mediatek/dispsys/mt6735/ddp_misc.c:3:
/home/satory-ra/Android/kernel/android_kernel_oukitel_orange/drivers/misc/mediatek/dispsys/mt6735/display_recorder.h:152:1: warning: function declaration isn't a prototype [-Wstrict-prototypes]
 void dprec_logger_dump_reset();
 ^
/home/satory-ra/Android/kernel/android_kernel_oukitel_orange/drivers/misc/mediatek/dispsys/mt6735/display_recorder.h:153:1: warning: function declaration isn't a prototype [-Wstrict-prototypes]
 char *dprec_logger_get_dump_addr();
 ^
/home/satory-ra/Android/kernel/android_kernel_oukitel_orange/drivers/misc/mediatek/dispsys/mt6735/display_recorder.h:154:1: warning: function declaration isn't a prototype [-Wstrict-prototypes]
 unsigned int dprec_logger_get_dump_len();
 ^
In file included from drivers/misc/mediatek/dispsys/mt6735/ddp_misc.c:3:0:
/home/satory-ra/Android/kernel/android_kernel_oukitel_orange/drivers/misc/mediatek/dispsys/mt6735/mt6735m/ddp_reg.h:1963:0: warning: "DISP_REG_DPI_ESAV_VTIM_R" redefined
 #define DISP_REG_DPI_ESAV_VTIM_R      (DISPSYS_DPI_BASE + 0x088)
 ^
/home/satory-ra/Android/kernel/android_kernel_oukitel_orange/drivers/misc/mediatek/dispsys/mt6735/mt6735m/ddp_reg.h:1962:0: note: this is the location of the previous definition
 #define DISP_REG_DPI_ESAV_VTIM_R      (DISPSYS_DPI_BASE + 0x084)
 ^
In file included from drivers/misc/mediatek/dispsys/mt6735/ddp_misc.c:3:0:
/home/satory-ra/Android/kernel/android_kernel_oukitel_orange/drivers/misc/mediatek/dispsys/mt6735/mt6735m/ddp_reg.h:23:21: warning: 'module_list_scenario' defined but not used [-Wunused-variable]
 static unsigned int module_list_scenario[DDP_SCENARIO_MAX][DDP_ENING_NUM] = {
                     ^
In file included from drivers/misc/mediatek/dispsys/mt6735/ddp_misc.c:3:0:
/home/satory-ra/Android/kernel/android_kernel_oukitel_orange/drivers/misc/mediatek/dispsys/mt6735/mt6735m/ddp_reg.h:48:15: warning: 'mout_map' defined but not used [-Wunused-variable]
 static mout_t mout_map[DDP_MOUT_NUM] = 
               ^
/home/satory-ra/Android/kernel/android_kernel_oukitel_orange/drivers/misc/mediatek/dispsys/mt6735/mt6735m/ddp_reg.h:59:14: warning: 'sel_out_map' defined but not used [-Wunused-variable]
 static sel_t sel_out_map[DDP_SEL_OUT_NUM] = 
              ^
/home/satory-ra/Android/kernel/android_kernel_oukitel_orange/drivers/misc/mediatek/dispsys/mt6735/mt6735m/ddp_reg.h:67:14: warning: 'sel_in_map' defined but not used [-Wunused-variable]
 static sel_t sel_in_map[DDP_SEL_IN_NUM] = 
              ^
/home/satory-ra/Android/kernel/android_kernel_oukitel_orange/drivers/misc/mediatek/dispsys/mt6735/mt6735m/ddp_reg.h:106:21: warning: 'module_mutex_map' defined but not used [-Wunused-variable]
 static module_map_t module_mutex_map[DISP_MODULE_NUM] =
                     ^
/home/satory-ra/Android/kernel/android_kernel_oukitel_orange/drivers/misc/mediatek/dispsys/mt6735/mt6735m/ddp_reg.h:134:21: warning: 'module_can_connect' defined but not used [-Wunused-variable]
 static module_map_t module_can_connect[DISP_MODULE_NUM] =
                     ^
  CC      drivers/misc/mediatek/dispsys/mt6735/display_recorder.o
In file included from drivers/misc/mediatek/dispsys/mt6735/display_recorder.c:13:0:
/home/satory-ra/Android/kernel/android_kernel_oukitel_orange/drivers/misc/mediatek/videox/mt6735/debug.h:189:1: warning: function declaration isn't a prototype [-Wstrict-prototypes]
 bool get_ovl1_to_mem_on();
 ^
In file included from /home/satory-ra/Android/kernel/android_kernel_oukitel_orange/drivers/misc/mediatek/videox/mt6735/disp_drv_log.h:3:0,
                 from drivers/misc/mediatek/dispsys/mt6735/display_recorder.c:15:
/home/satory-ra/Android/kernel/android_kernel_oukitel_orange/drivers/misc/mediatek/dispsys/mt6735/display_recorder.h:152:1: warning: function declaration isn't a prototype [-Wstrict-prototypes]
 void dprec_logger_dump_reset();
 ^
/home/satory-ra/Android/kernel/android_kernel_oukitel_orange/drivers/misc/mediatek/dispsys/mt6735/display_recorder.h:153:1: warning: function declaration isn't a prototype [-Wstrict-prototypes]
 char *dprec_logger_get_dump_addr();
 ^
/home/satory-ra/Android/kernel/android_kernel_oukitel_orange/drivers/misc/mediatek/dispsys/mt6735/display_recorder.h:154:1: warning: function declaration isn't a prototype [-Wstrict-prototypes]
 unsigned int dprec_logger_get_dump_len();
 ^
In file included from drivers/misc/mediatek/dispsys/mt6735/display_recorder.c:29:0:
/home/satory-ra/Android/kernel/android_kernel_oukitel_orange/drivers/misc/mediatek/videox/mt6735/primary_display.h:195:1: warning: no semicolon at end of struct or union
 }disp_internal_buffer_info ;
 ^
/home/satory-ra/Android/kernel/android_kernel_oukitel_orange/drivers/misc/mediatek/videox/mt6735/primary_display.h:356:1: warning: function declaration isn't a prototype [-Wstrict-prototypes]
 int primary_display_check_test();
 ^
In file included from include/mach/mt_gpio.h:15:0,
                 from /home/satory-ra/Android/kernel/android_kernel_oukitel_orange/drivers/misc/mediatek/videox/mt6735/mt6735m/disp_drv_platform.h:6,
                 from drivers/misc/mediatek/dispsys/mt6735/display_recorder.c:36:
/home/satory-ra/Android/kernel/android_kernel_oukitel_orange/drivers/misc/mediatek/mach/mt6735/Sprint4g/dct/dct/inc/cust_gpio_usage.h:481:0: warning: "GPIO_KPD_KCOL1_PIN_M_UCTS" redefined
 #define GPIO_KPD_KCOL1_PIN_M_UCTS   GPIO_MODE_03
 ^
/home/satory-ra/Android/kernel/android_kernel_oukitel_orange/drivers/misc/mediatek/mach/mt6735/Sprint4g/dct/dct/inc/cust_gpio_usage.h:480:0: note: this is the location of the previous definition
 #define GPIO_KPD_KCOL1_PIN_M_UCTS   GPIO_MODE_02
 ^
drivers/misc/mediatek/dispsys/mt6735/display_recorder.c:1189:1: warning: missing braces around initializer [-Wmissing-braces]
 dprec_logger logger[DPREC_LOGGER_NUM] = {0};
 ^
drivers/misc/mediatek/dispsys/mt6735/display_recorder.c:1189:1: warning: (near initialization for 'logger[0]') [-Wmissing-braces]
drivers/misc/mediatek/dispsys/mt6735/display_recorder.c:1286:6: warning: function declaration isn't a prototype [-Wstrict-prototypes]
 void dprec_logger_dump_reset()
      ^
drivers/misc/mediatek/dispsys/mt6735/display_recorder.c:1290:7: warning: function declaration isn't a prototype [-Wstrict-prototypes]
 char *dprec_logger_get_dump_addr()
       ^
drivers/misc/mediatek/dispsys/mt6735/display_recorder.c:1295:14: warning: function declaration isn't a prototype [-Wstrict-prototypes]
 unsigned int dprec_logger_get_dump_len()
              ^
  CC      net/wireless/sysfs.o
  LD      drivers/misc/mediatek/dispsys/mt6735/built-in.o
  LD      drivers/misc/mediatek/dispsys/built-in.o
  LD      drivers/misc/mediatek/eint/built-in.o
  CC      net/wireless/radiotap.o
  CC      net/xfrm/xfrm_policy.o
  CC      net/wireless/util.o
  CC      drivers/misc/mediatek/eccci/mt6735/ccci_platform.o
In file included from drivers/misc/mediatek/eccci/mt6735/ccci_platform.c:19:0:
/home/satory-ra/Android/kernel/android_kernel_oukitel_orange/drivers/misc/mediatek/eccci/ccci_core.h: In function 'ccci_port_recv_skb':
/home/satory-ra/Android/kernel/android_kernel_oukitel_orange/drivers/misc/mediatek/eccci/ccci_core.h:549:17: warning: statement with no effect [-Wunused-value]
                 ret == -CCCI_ERR_CHANNEL_NUM_MIS_MATCH;
                 ^
/home/satory-ra/Android/kernel/android_kernel_oukitel_orange/drivers/misc/mediatek/eccci/ccci_core.h: In function 'ccci_port_recv_request':
/home/satory-ra/Android/kernel/android_kernel_oukitel_orange/drivers/misc/mediatek/eccci/ccci_core.h:618:17: warning: statement with no effect [-Wunused-value]
                 ret == -CCCI_ERR_CHANNEL_NUM_MIS_MATCH;
                 ^
drivers/misc/mediatek/eccci/mt6735/ccci_platform.c: In function 'ccci_set_dsp_region_protection':
drivers/misc/mediatek/eccci/mt6735/ccci_platform.c:231:68: warning: unused variable 'rom_mem_mpu_attr' [-Wunused-variable]
   unsigned int rom_mem_phy_start, rom_mem_phy_end, rom_mem_mpu_id, rom_mem_mpu_attr;
                                                                    ^
drivers/misc/mediatek/eccci/mt6735/ccci_platform.c:231:52: warning: unused variable 'rom_mem_mpu_id' [-Wunused-variable]
   unsigned int rom_mem_phy_start, rom_mem_phy_end, rom_mem_mpu_id, rom_mem_mpu_attr;
                                                    ^
drivers/misc/mediatek/eccci/mt6735/ccci_platform.c: In function 'ccci_platform_init':
drivers/misc/mediatek/eccci/mt6735/ccci_platform.c:645:26: warning: unused variable 'node' [-Wunused-variable]
     struct device_node * node;
                          ^
drivers/misc/mediatek/eccci/mt6735/ccci_platform.c: In function 'ccci_plat_common_init':
drivers/misc/mediatek/eccci/mt6735/ccci_platform.c:669:17: warning: assignment makes integer from pointer without a cast
     dbgapb_base = of_iomap(node, 0);
                 ^
drivers/misc/mediatek/eccci/mt6735/ccci_platform.c: At top level:
drivers/misc/mediatek/eccci/mt6735/ccci_platform.c:574:12: warning: 'ccci_md_low_power_notify' defined but not used [-Wunused-function]
 static int ccci_md_low_power_notify(struct ccci_modem *md, LOW_POEWR_NOTIFY_TYPE type, int level)
            ^
  CC      drivers/misc/mediatek/eccci/mt6735/cldma_platform.o
In file included from include/mach/mt_gpio.h:15:0,
                 from drivers/misc/mediatek/eccci/mt6735/cldma_platform.c:5:
/home/satory-ra/Android/kernel/android_kernel_oukitel_orange/drivers/misc/mediatek/mach/mt6735/Sprint4g/dct/dct/inc/cust_gpio_usage.h:481:0: warning: "GPIO_KPD_KCOL1_PIN_M_UCTS" redefined
 #define GPIO_KPD_KCOL1_PIN_M_UCTS   GPIO_MODE_03
 ^
/home/satory-ra/Android/kernel/android_kernel_oukitel_orange/drivers/misc/mediatek/mach/mt6735/Sprint4g/dct/dct/inc/cust_gpio_usage.h:480:0: note: this is the location of the previous definition
 #define GPIO_KPD_KCOL1_PIN_M_UCTS   GPIO_MODE_02
 ^
In file included from drivers/misc/mediatek/eccci/mt6735/cldma_platform.c:19:0:
/home/satory-ra/Android/kernel/android_kernel_oukitel_orange/drivers/misc/mediatek/eccci/ccci_core.h: In function 'ccci_port_recv_skb':
/home/satory-ra/Android/kernel/android_kernel_oukitel_orange/drivers/misc/mediatek/eccci/ccci_core.h:549:17: warning: statement with no effect [-Wunused-value]
                 ret == -CCCI_ERR_CHANNEL_NUM_MIS_MATCH;
                 ^
/home/satory-ra/Android/kernel/android_kernel_oukitel_orange/drivers/misc/mediatek/eccci/ccci_core.h: In function 'ccci_port_recv_request':
/home/satory-ra/Android/kernel/android_kernel_oukitel_orange/drivers/misc/mediatek/eccci/ccci_core.h:618:17: warning: statement with no effect [-Wunused-value]
                 ret == -CCCI_ERR_CHANNEL_NUM_MIS_MATCH;
                 ^
drivers/misc/mediatek/eccci/mt6735/cldma_platform.c: In function 'md_cldma_hw_reset':
drivers/misc/mediatek/eccci/mt6735/cldma_platform.c:45:24: warning: unused variable 'md_ctrl' [-Wunused-variable]
     struct md_cd_ctrl *md_ctrl = (struct md_cd_ctrl *)md->private_data;
                        ^
drivers/misc/mediatek/eccci/mt6735/cldma_platform.c: In function 'md_cd_get_modem_hw_info':
drivers/misc/mediatek/eccci/mt6735/cldma_platform.c:85:35: warning: assignment makes integer from pointer without a cast
         hw_info->cldma_ap_ao_base = of_iomap(dev_ptr->dev.of_node, 0);
                                   ^
drivers/misc/mediatek/eccci/mt6735/cldma_platform.c:86:35: warning: assignment makes integer from pointer without a cast
         hw_info->cldma_md_ao_base = of_iomap(dev_ptr->dev.of_node, 1);
                                   ^
drivers/misc/mediatek/eccci/mt6735/cldma_platform.c:87:36: warning: assignment makes integer from pointer without a cast
         hw_info->cldma_ap_pdn_base = of_iomap(dev_ptr->dev.of_node, 2);
                                    ^
drivers/misc/mediatek/eccci/mt6735/cldma_platform.c:88:36: warning: assignment makes integer from pointer without a cast
         hw_info->cldma_md_pdn_base = of_iomap(dev_ptr->dev.of_node, 3);
                                    ^
drivers/misc/mediatek/eccci/mt6735/cldma_platform.c:89:31: warning: assignment makes integer from pointer without a cast
         hw_info->ap_ccif_base = of_iomap(dev_ptr->dev.of_node, 4);        
                               ^
drivers/misc/mediatek/eccci/mt6735/cldma_platform.c:90:31: warning: assignment makes integer from pointer without a cast
         hw_info->md_ccif_base = of_iomap(dev_ptr->dev.of_node, 5);
                               ^
drivers/misc/mediatek/eccci/mt6735/cldma_platform.c:63:25: warning: unused variable 'node' [-Wunused-variable]
     struct device_node *node=NULL;
                         ^
drivers/misc/mediatek/eccci/mt6735/cldma_platform.c: In function 'md_cd_power_on':
drivers/misc/mediatek/eccci/mt6735/cldma_platform.c:195:18: warning: unused variable 'reg_value' [-Wunused-variable]
     unsigned int reg_value;
                  ^
drivers/misc/mediatek/eccci/mt6735/cldma_platform.c: In function 'md_cd_power_off':
drivers/misc/mediatek/eccci/mt6735/cldma_platform.c:279:18: warning: unused variable 'reg_value' [-Wunused-variable]
     unsigned int reg_value;
                  ^
drivers/misc/mediatek/eccci/mt6735/cldma_platform.c: In function 'ccci_modem_suspend':
drivers/misc/mediatek/eccci/mt6735/cldma_platform.c:388:24: warning: unused variable 'md_ctrl' [-Wunused-variable]
     struct md_cd_ctrl *md_ctrl = (struct md_cd_ctrl *)md->private_data;
                        ^
drivers/misc/mediatek/eccci/mt6735/cldma_platform.c: In function 'ccci_modem_resume':
drivers/misc/mediatek/eccci/mt6735/cldma_platform.c:396:24: warning: unused variable 'md_ctrl' [-Wunused-variable]
     struct md_cd_ctrl *md_ctrl = (struct md_cd_ctrl *)md->private_data;
                        ^
drivers/misc/mediatek/eccci/mt6735/cldma_platform.c: In function 'ccci_modem_sysresume':
drivers/misc/mediatek/eccci/mt6735/cldma_platform.c:511:5: warning: ISO C90 forbids mixed declarations and code [-Wdeclaration-after-statement]
     struct ccci_modem *md;
     ^
  CC      net/wireless/reg.o
  LD      drivers/misc/mediatek/eccci/mt6735/ccci.o
  LD      drivers/misc/mediatek/eccci/mt6735/built-in.o
  LD      drivers/misc/mediatek/eccci/ccci.o
  LD      drivers/misc/mediatek/eccci/built-in.o
  CC      drivers/misc/mediatek/emi_bwl/mt6735/emi_bwl.o
  CC      net/xfrm/xfrm_state.o
  CC      net/wireless/scan.o
  LD      drivers/misc/mediatek/emi_bwl/mt6735/built-in.o
  LD      drivers/misc/mediatek/emi_bwl/built-in.o
  CC      drivers/misc/mediatek/emi_mpu/mt6735/emi_mpu.o
drivers/misc/mediatek/emi_mpu/mt6735/emi_mpu.c: In function 'emi_mpu_show':
drivers/misc/mediatek/emi_mpu/mt6735/emi_mpu.c:813:46: warning: unused variable 'd7' [-Wunused-variable]
     unsigned int d0, d1, d2, d3, d4, d5, d6, d7;
                                              ^
drivers/misc/mediatek/emi_mpu/mt6735/emi_mpu.c:813:42: warning: unused variable 'd6' [-Wunused-variable]
     unsigned int d0, d1, d2, d3, d4, d5, d6, d7;
                                          ^
drivers/misc/mediatek/emi_mpu/mt6735/emi_mpu.c:813:38: warning: unused variable 'd5' [-Wunused-variable]
     unsigned int d0, d1, d2, d3, d4, d5, d6, d7;
                                      ^
drivers/misc/mediatek/emi_mpu/mt6735/emi_mpu.c:813:34: warning: unused variable 'd4' [-Wunused-variable]
     unsigned int d0, d1, d2, d3, d4, d5, d6, d7;
                                  ^
drivers/misc/mediatek/emi_mpu/mt6735/emi_mpu.c:812:29: warning: unused variable 'reg_value2' [-Wunused-variable]
     unsigned int reg_value, reg_value2;
                             ^
  LD      drivers/misc/mediatek/emi_mpu/mt6735/built-in.o
  LD      drivers/misc/mediatek/emi_mpu/built-in.o
  CC      drivers/misc/mediatek/flashlight/src/mt6735/kd_flashlightlist.o
In file included from include/mach/mt_gpio.h:15:0,
                 from /home/satory-ra/Android/kernel/android_kernel_oukitel_orange/drivers/misc/mediatek/mach/mt6735/Sprint4g/camera/camera/kd_camera_hw.h:4,
                 from drivers/misc/mediatek/flashlight/src/mt6735/kd_flashlightlist.c:31:
/home/satory-ra/Android/kernel/android_kernel_oukitel_orange/drivers/misc/mediatek/mach/mt6735/Sprint4g/dct/dct/inc/cust_gpio_usage.h:481:0: warning: "GPIO_KPD_KCOL1_PIN_M_UCTS" redefined
 #define GPIO_KPD_KCOL1_PIN_M_UCTS   GPIO_MODE_03
 ^
/home/satory-ra/Android/kernel/android_kernel_oukitel_orange/drivers/misc/mediatek/mach/mt6735/Sprint4g/dct/dct/inc/cust_gpio_usage.h:480:0: note: this is the location of the previous definition
 #define GPIO_KPD_KCOL1_PIN_M_UCTS   GPIO_MODE_02
 ^
drivers/misc/mediatek/flashlight/src/mt6735/kd_flashlightlist.c:291:12: warning: 'decFlash' defined but not used [-Wunused-function]
 static int decFlash(void)
            ^
  CC      drivers/misc/mediatek/flashlight/src/mt6735/strobe_main_sid2_part2.o
In file included from include/mach/mt_gpio.h:15:0,
                 from /home/satory-ra/Android/kernel/android_kernel_oukitel_orange/drivers/misc/mediatek/mach/mt6735/Sprint4g/camera/camera/kd_camera_hw.h:4,
                 from drivers/misc/mediatek/flashlight/src/mt6735/strobe_main_sid2_part2.c:19:
/home/satory-ra/Android/kernel/android_kernel_oukitel_orange/drivers/misc/mediatek/mach/mt6735/Sprint4g/dct/dct/inc/cust_gpio_usage.h:481:0: warning: "GPIO_KPD_KCOL1_PIN_M_UCTS" redefined
 #define GPIO_KPD_KCOL1_PIN_M_UCTS   GPIO_MODE_03
 ^
/home/satory-ra/Android/kernel/android_kernel_oukitel_orange/drivers/misc/mediatek/mach/mt6735/Sprint4g/dct/dct/inc/cust_gpio_usage.h:480:0: note: this is the location of the previous definition
 #define GPIO_KPD_KCOL1_PIN_M_UCTS   GPIO_MODE_02
 ^
  CC      net/xfrm/xfrm_hash.o
  CC      net/wireless/nl80211.o
  CC      drivers/misc/mediatek/flashlight/src/mt6735/strobe_sub_sid2_part1.o
  CC      net/xfrm/xfrm_input.o
In file included from include/mach/mt_gpio.h:15:0,
                 from /home/satory-ra/Android/kernel/android_kernel_oukitel_orange/drivers/misc/mediatek/mach/mt6735/Sprint4g/camera/camera/kd_camera_hw.h:4,
                 from drivers/misc/mediatek/flashlight/src/mt6735/strobe_sub_sid2_part1.c:21:
/home/satory-ra/Android/kernel/android_kernel_oukitel_orange/drivers/misc/mediatek/mach/mt6735/Sprint4g/dct/dct/inc/cust_gpio_usage.h:481:0: warning: "GPIO_KPD_KCOL1_PIN_M_UCTS" redefined
 #define GPIO_KPD_KCOL1_PIN_M_UCTS   GPIO_MODE_03
 ^
/home/satory-ra/Android/kernel/android_kernel_oukitel_orange/drivers/misc/mediatek/mach/mt6735/Sprint4g/dct/dct/inc/cust_gpio_usage.h:480:0: note: this is the location of the previous definition
 #define GPIO_KPD_KCOL1_PIN_M_UCTS   GPIO_MODE_02
 ^
  CC      drivers/misc/mediatek/flashlight/src/mt6735/strobe_sub_sid2_part2.o
In file included from include/mach/mt_gpio.h:15:0,
                 from /home/satory-ra/Android/kernel/android_kernel_oukitel_orange/drivers/misc/mediatek/mach/mt6735/Sprint4g/camera/camera/kd_camera_hw.h:4,
                 from drivers/misc/mediatek/flashlight/src/mt6735/strobe_sub_sid2_part2.c:20:
/home/satory-ra/Android/kernel/android_kernel_oukitel_orange/drivers/misc/mediatek/mach/mt6735/Sprint4g/dct/dct/inc/cust_gpio_usage.h:481:0: warning: "GPIO_KPD_KCOL1_PIN_M_UCTS" redefined
 #define GPIO_KPD_KCOL1_PIN_M_UCTS   GPIO_MODE_03
 ^
/home/satory-ra/Android/kernel/android_kernel_oukitel_orange/drivers/misc/mediatek/mach/mt6735/Sprint4g/dct/dct/inc/cust_gpio_usage.h:480:0: note: this is the location of the previous definition
 #define GPIO_KPD_KCOL1_PIN_M_UCTS   GPIO_MODE_02
 ^
  CC      drivers/misc/mediatek/flashlight/src/mt6735/sub_strobe.o
  CC      net/xfrm/xfrm_output.o
In file included from include/mach/mt_gpio.h:15:0,
                 from /home/satory-ra/Android/kernel/android_kernel_oukitel_orange/drivers/misc/mediatek/mach/mt6735/Sprint4g/camera/camera/kd_camera_hw.h:4,
                 from drivers/misc/mediatek/flashlight/src/mt6735/sub_strobe.c:20:
/home/satory-ra/Android/kernel/android_kernel_oukitel_orange/drivers/misc/mediatek/mach/mt6735/Sprint4g/dct/dct/inc/cust_gpio_usage.h:481:0: warning: "GPIO_KPD_KCOL1_PIN_M_UCTS" redefined
 #define GPIO_KPD_KCOL1_PIN_M_UCTS   GPIO_MODE_03
 ^
/home/satory-ra/Android/kernel/android_kernel_oukitel_orange/drivers/misc/mediatek/mach/mt6735/Sprint4g/dct/dct/inc/cust_gpio_usage.h:480:0: note: this is the location of the previous definition
 #define GPIO_KPD_KCOL1_PIN_M_UCTS   GPIO_MODE_02
 ^
  CC      drivers/misc/mediatek/flashlight/src/mt6735/strobe_main_sid1_part2.o
In file included from include/mach/mt_gpio.h:15:0,
                 from /home/satory-ra/Android/kernel/android_kernel_oukitel_orange/drivers/misc/mediatek/mach/mt6735/Sprint4g/camera/camera/kd_camera_hw.h:4,
                 from drivers/misc/mediatek/flashlight/src/mt6735/strobe_main_sid1_part2.c:26:
/home/satory-ra/Android/kernel/android_kernel_oukitel_orange/drivers/misc/mediatek/mach/mt6735/Sprint4g/dct/dct/inc/cust_gpio_usage.h:481:0: warning: "GPIO_KPD_KCOL1_PIN_M_UCTS" redefined
 #define GPIO_KPD_KCOL1_PIN_M_UCTS   GPIO_MODE_03
 ^
/home/satory-ra/Android/kernel/android_kernel_oukitel_orange/drivers/misc/mediatek/mach/mt6735/Sprint4g/dct/dct/inc/cust_gpio_usage.h:480:0: note: this is the location of the previous definition
 #define GPIO_KPD_KCOL1_PIN_M_UCTS   GPIO_MODE_02
 ^
  CC      drivers/misc/mediatek/flashlight/src/mt6735/strobe_part_id.o
In file included from include/mach/mt_gpio.h:15:0,
                 from /home/satory-ra/Android/kernel/android_kernel_oukitel_orange/drivers/misc/mediatek/mach/mt6735/Sprint4g/camera/camera/kd_camera_hw.h:4,
                 from drivers/misc/mediatek/flashlight/src/mt6735/strobe_part_id.c:20:
/home/satory-ra/Android/kernel/android_kernel_oukitel_orange/drivers/misc/mediatek/mach/mt6735/Sprint4g/dct/dct/inc/cust_gpio_usage.h:481:0: warning: "GPIO_KPD_KCOL1_PIN_M_UCTS" redefined
 #define GPIO_KPD_KCOL1_PIN_M_UCTS   GPIO_MODE_03
 ^
/home/satory-ra/Android/kernel/android_kernel_oukitel_orange/drivers/misc/mediatek/mach/mt6735/Sprint4g/dct/dct/inc/cust_gpio_usage.h:480:0: note: this is the location of the previous definition
 #define GPIO_KPD_KCOL1_PIN_M_UCTS   GPIO_MODE_02
 ^
  CC      net/xfrm/xfrm_sysctl.o
  CC      drivers/misc/mediatek/flashlight/src/mt6735/strobe_sub_sid1_part2.o
In file included from include/mach/mt_gpio.h:15:0,
                 from /home/satory-ra/Android/kernel/android_kernel_oukitel_orange/drivers/misc/mediatek/mach/mt6735/Sprint4g/camera/camera/kd_camera_hw.h:4,
                 from drivers/misc/mediatek/flashlight/src/mt6735/strobe_sub_sid1_part2.c:20:
/home/satory-ra/Android/kernel/android_kernel_oukitel_orange/drivers/misc/mediatek/mach/mt6735/Sprint4g/dct/dct/inc/cust_gpio_usage.h:481:0: warning: "GPIO_KPD_KCOL1_PIN_M_UCTS" redefined
 #define GPIO_KPD_KCOL1_PIN_M_UCTS   GPIO_MODE_03
 ^
/home/satory-ra/Android/kernel/android_kernel_oukitel_orange/drivers/misc/mediatek/mach/mt6735/Sprint4g/dct/dct/inc/cust_gpio_usage.h:480:0: note: this is the location of the previous definition
 #define GPIO_KPD_KCOL1_PIN_M_UCTS   GPIO_MODE_02
 ^
  CC      drivers/misc/mediatek/flashlight/src/mt6735/strobe_main_sid2_part1.o
In file included from include/mach/mt_gpio.h:15:0,
                 from /home/satory-ra/Android/kernel/android_kernel_oukitel_orange/drivers/misc/mediatek/mach/mt6735/Sprint4g/camera/camera/kd_camera_hw.h:4,
                 from drivers/misc/mediatek/flashlight/src/mt6735/strobe_main_sid2_part1.c:25:
/home/satory-ra/Android/kernel/android_kernel_oukitel_orange/drivers/misc/mediatek/mach/mt6735/Sprint4g/dct/dct/inc/cust_gpio_usage.h:481:0: warning: "GPIO_KPD_KCOL1_PIN_M_UCTS" redefined
 #define GPIO_KPD_KCOL1_PIN_M_UCTS   GPIO_MODE_03
 ^
/home/satory-ra/Android/kernel/android_kernel_oukitel_orange/drivers/misc/mediatek/mach/mt6735/Sprint4g/dct/dct/inc/cust_gpio_usage.h:480:0: note: this is the location of the previous definition
 #define GPIO_KPD_KCOL1_PIN_M_UCTS   GPIO_MODE_02
 ^
  CC      drivers/misc/mediatek/flashlight/src/mt6735/constant_flashlight/leds_strobe.o
  CC      net/xfrm/xfrm_replay.o
In file included from include/mach/mt_gpio.h:15:0,
                 from /home/satory-ra/Android/kernel/android_kernel_oukitel_orange/drivers/misc/mediatek/mach/mt6735/Sprint4g/camera/camera/kd_camera_hw.h:4,
                 from drivers/misc/mediatek/flashlight/src/mt6735/constant_flashlight/leds_strobe.c:20:
/home/satory-ra/Android/kernel/android_kernel_oukitel_orange/drivers/misc/mediatek/mach/mt6735/Sprint4g/dct/dct/inc/cust_gpio_usage.h:481:0: warning: "GPIO_KPD_KCOL1_PIN_M_UCTS" redefined
 #define GPIO_KPD_KCOL1_PIN_M_UCTS   GPIO_MODE_03
 ^
/home/satory-ra/Android/kernel/android_kernel_oukitel_orange/drivers/misc/mediatek/mach/mt6735/Sprint4g/dct/dct/inc/cust_gpio_usage.h:480:0: note: this is the location of the previous definition
 #define GPIO_KPD_KCOL1_PIN_M_UCTS   GPIO_MODE_02
 ^
  LD      drivers/misc/mediatek/flashlight/src/mt6735/constant_flashlight/built-in.o
  LD      drivers/misc/mediatek/flashlight/src/mt6735/built-in.o
  LD      drivers/misc/mediatek/flashlight/src/built-in.o
/home/satory-ra/Android/kernel/android_kernel_oukitel_orange/drivers/misc/mediatek/fmradio/Makefile:13: feature_option="MT6625_FM"
/home/satory-ra/Android/kernel/android_kernel_oukitel_orange/drivers/misc/mediatek/fmradio/Makefile:109: MT6627_FM
/home/satory-ra/Android/kernel/android_kernel_oukitel_orange/drivers/misc/mediatek/fmradio/Makefile:134: core/fm_module.o core/fm_main.o core/fm_config.o core/fm_rds_parser.o core/fm_patch.o core/fm_utils.o core/fm_link.o core/fm_eint.o mt6627/pub/mt6627_fm_lib.o mt6627/pub/mt6627_fm_rds.o mt6627/pub/mt6627_fm_cmd.o mt6627/pub/mt6627_fm_config.o
  CC      drivers/misc/mediatek/fmradio/core/fm_module.o
  CC      net/xfrm/xfrm_algo.o
  CC      net/xfrm/xfrm_ipcomp.o
  CC      drivers/misc/mediatek/fmradio/core/fm_main.o
In file included from drivers/misc/mediatek/fmradio/../connectivity/conn_soc/common/include/wmt_plat.h:26:0,
                 from drivers/misc/mediatek/fmradio/../connectivity/conn_soc/common/include/wmt_exp.h:28,
                 from drivers/misc/mediatek/fmradio/core/fm_main.c:33:
drivers/misc/mediatek/fmradio/../connectivity/conn_soc/common/include/stp_exp.h:49:5: warning: "CFG_WMT_LTE_COEX_HANDLING" is not defined [-Wundef]
 #if CFG_WMT_LTE_COEX_HANDLING
     ^
In file included from drivers/misc/mediatek/fmradio/../connectivity/conn_soc/common/include/wmt_exp.h:28:0,
                 from drivers/misc/mediatek/fmradio/core/fm_main.c:33:
drivers/misc/mediatek/fmradio/../connectivity/conn_soc/common/include/wmt_plat.h:92:5: warning: "CFG_WMT_LTE_COEX_HANDLING" is not defined [-Wundef]
 #if CFG_WMT_LTE_COEX_HANDLING
     ^
drivers/misc/mediatek/fmradio/../connectivity/conn_soc/common/include/wmt_plat.h:284:1: warning: function declaration isn't a prototype [-Wstrict-prototypes]
 UINT32 wmt_plat_read_clk_status();
 ^
drivers/misc/mediatek/fmradio/../connectivity/conn_soc/common/include/wmt_plat.h:291:5: warning: "CFG_WMT_LTE_COEX_HANDLING" is not defined [-Wundef]
 #if CFG_WMT_LTE_COEX_HANDLING
     ^
  LD      net/xfrm/built-in.o
  CC      drivers/misc/mediatek/freqhopping/mt_freqhopping_drv.o
  LD      drivers/misc/mediatek/freqhopping/built-in.o
  CC      drivers/misc/mediatek/gcpu/mt6735/gcpu.o
  CC      drivers/misc/mediatek/fmradio/core/fm_config.o
  LD      drivers/misc/mediatek/gcpu/mt6735/built-in.o
  LD      drivers/misc/mediatek/gcpu/built-in.o
  CC      drivers/misc/mediatek/gpio/mt_gpio_core.o
  CC      net/wireless/mlme.o
In file included from include/mach/mt_gpio.h:15:0,
                 from drivers/misc/mediatek/gpio/mt_gpio_core.c:32:
/home/satory-ra/Android/kernel/android_kernel_oukitel_orange/drivers/misc/mediatek/mach/mt6735/Sprint4g/dct/dct/inc/cust_gpio_usage.h:481:0: warning: "GPIO_KPD_KCOL1_PIN_M_UCTS" redefined
 #define GPIO_KPD_KCOL1_PIN_M_UCTS   GPIO_MODE_03
 ^
/home/satory-ra/Android/kernel/android_kernel_oukitel_orange/drivers/misc/mediatek/mach/mt6735/Sprint4g/dct/dct/inc/cust_gpio_usage.h:480:0: note: this is the location of the previous definition
 #define GPIO_KPD_KCOL1_PIN_M_UCTS   GPIO_MODE_02
 ^
drivers/misc/mediatek/gpio/mt_gpio_core.c: In function 'get_gpio_np':
drivers/misc/mediatek/gpio/mt_gpio_core.c:644:2: warning: ISO C90 forbids mixed declarations and code [-Wdeclaration-after-statement]
  struct device_node *np_gpio;
  ^
  CC      drivers/misc/mediatek/fmradio/core/fm_rds_parser.o
  CC      drivers/misc/mediatek/gpio/mt6735/mt_gpio_base.o
In file included from include/mach/mt_gpio.h:15:0,
                 from drivers/misc/mediatek/gpio/mt6735/mt_gpio_base.c:14:
/home/satory-ra/Android/kernel/android_kernel_oukitel_orange/drivers/misc/mediatek/mach/mt6735/Sprint4g/dct/dct/inc/cust_gpio_usage.h:481:0: warning: "GPIO_KPD_KCOL1_PIN_M_UCTS" redefined
 #define GPIO_KPD_KCOL1_PIN_M_UCTS   GPIO_MODE_03
 ^
/home/satory-ra/Android/kernel/android_kernel_oukitel_orange/drivers/misc/mediatek/mach/mt6735/Sprint4g/dct/dct/inc/cust_gpio_usage.h:480:0: note: this is the location of the previous definition
 #define GPIO_KPD_KCOL1_PIN_M_UCTS   GPIO_MODE_02
 ^
drivers/misc/mediatek/gpio/mt6735/mt_gpio_base.c: In function 'mt_set_gpio_dir_base':
drivers/misc/mediatek/gpio/mt6735/mt_gpio_base.c:47:19: warning: unused variable 'reg' [-Wunused-variable]
     unsigned long reg;
                   ^
drivers/misc/mediatek/gpio/mt6735/mt_gpio_base.c: In function 'mt_set_gpio_pull_enable_base':
drivers/misc/mediatek/gpio/mt6735/mt_gpio_base.c:94:19: warning: unused variable 'bit' [-Wunused-variable]
     unsigned long bit=0;
                   ^
drivers/misc/mediatek/gpio/mt6735/mt_gpio_base.c:93:19: warning: unused variable 'reg' [-Wunused-variable]
     unsigned long reg=0;
                   ^
drivers/misc/mediatek/gpio/mt6735/mt_gpio_base.c: In function 'mt_set_gpio_smt_base':
drivers/misc/mediatek/gpio/mt6735/mt_gpio_base.c:160:19: warning: unused variable 'bit' [-Wunused-variable]
     unsigned long bit=0;
                   ^
drivers/misc/mediatek/gpio/mt6735/mt_gpio_base.c:159:19: warning: unused variable 'reg' [-Wunused-variable]
     unsigned long reg=0;
                   ^
drivers/misc/mediatek/gpio/mt6735/mt_gpio_base.c: In function 'mt_set_gpio_pull_select_base':
drivers/misc/mediatek/gpio/mt6735/mt_gpio_base.c:259:6: warning: unused variable 'mask' [-Wunused-variable]
  u32 mask = (1L << 4) - 1;
      ^
drivers/misc/mediatek/gpio/mt6735/mt_gpio_base.c:257:19: warning: unused variable 'reg' [-Wunused-variable]
     unsigned long reg=0;
                   ^
drivers/misc/mediatek/gpio/mt6735/mt_gpio_base.c: In function 'mt_set_gpio_out_base':
drivers/misc/mediatek/gpio/mt6735/mt_gpio_base.c:432:19: warning: unused variable 'reg' [-Wunused-variable]
     unsigned long reg=0;
                   ^
drivers/misc/mediatek/gpio/mt6735/mt_gpio_base.c: In function 'mt6306_set_gpio_out':
drivers/misc/mediatek/gpio/mt6735/mt_gpio_base.c:35:1: warning: control reaches end of non-void function [-Wreturn-type]
 }
 ^
drivers/misc/mediatek/gpio/mt6735/mt_gpio_base.c: In function 'mt6306_set_gpio_dir':
drivers/misc/mediatek/gpio/mt6735/mt_gpio_base.c:40:1: warning: control reaches end of non-void function [-Wreturn-type]
 }
 ^
  CC      drivers/misc/mediatek/gpio/mt6735/mt_gpio_ext.o
In file included from include/mach/mt_gpio.h:15:0,
                 from drivers/misc/mediatek/gpio/mt6735/mt_gpio_ext.c:13:
/home/satory-ra/Android/kernel/android_kernel_oukitel_orange/drivers/misc/mediatek/mach/mt6735/Sprint4g/dct/dct/inc/cust_gpio_usage.h:481:0: warning: "GPIO_KPD_KCOL1_PIN_M_UCTS" redefined
 #define GPIO_KPD_KCOL1_PIN_M_UCTS   GPIO_MODE_03
 ^
/home/satory-ra/Android/kernel/android_kernel_oukitel_orange/drivers/misc/mediatek/mach/mt6735/Sprint4g/dct/dct/inc/cust_gpio_usage.h:480:0: note: this is the location of the previous definition
 #define GPIO_KPD_KCOL1_PIN_M_UCTS   GPIO_MODE_02
 ^
  CC      net/wireless/ibss.o
  CC      drivers/misc/mediatek/gpio/mt6735/mt_gpio_affix.o
  CC      drivers/misc/mediatek/fmradio/core/fm_patch.o
  CC      drivers/misc/mediatek/gpio/mt6735/mt_gpio_debug.o
In file included from include/mach/mt_gpio.h:15:0,
                 from drivers/misc/mediatek/gpio/mt6735/mt_gpio_debug.c:15:
/home/satory-ra/Android/kernel/android_kernel_oukitel_orange/drivers/misc/mediatek/mach/mt6735/Sprint4g/dct/dct/inc/cust_gpio_usage.h:481:0: warning: "GPIO_KPD_KCOL1_PIN_M_UCTS" redefined
 #define GPIO_KPD_KCOL1_PIN_M_UCTS   GPIO_MODE_03
 ^
/home/satory-ra/Android/kernel/android_kernel_oukitel_orange/drivers/misc/mediatek/mach/mt6735/Sprint4g/dct/dct/inc/cust_gpio_usage.h:480:0: note: this is the location of the previous definition
 #define GPIO_KPD_KCOL1_PIN_M_UCTS   GPIO_MODE_02
 ^
  CC      drivers/misc/mediatek/fmradio/core/fm_utils.o
  CC      net/wireless/sme.o
  LD      drivers/misc/mediatek/gpio/mt6735/built-in.o
  LD      drivers/misc/mediatek/gpio/built-in.o
  CC      drivers/misc/mediatek/gps/gps.o
  CC      drivers/misc/mediatek/fmradio/core/fm_link.o
drivers/misc/mediatek/gps/gps.c: In function 'mt3326_store_status':
drivers/misc/mediatek/gps/gps.c:523:2: warning: ISO C90 forbids mixed declarations and code [-Wdeclaration-after-statement]
  int res = mt3326_gps_set_status(obj, buf, count);
  ^
drivers/misc/mediatek/gps/gps.c: In function 'mt3326_store_rdelay':
drivers/misc/mediatek/gps/gps.c:646:16: warning: passing argument 2 of 'kstrtol' makes integer from pointer without a cast
  rdelay = (int)kstrtol(buf, &end, 10);
                ^
In file included from drivers/misc/mediatek/gps/gps.c:19:0:
include/linux/kernel.h:284:32: note: expected 'unsigned int' but argument is of type 'char **'
 static inline int __must_check kstrtol(const char *s, unsigned int base, long *res)
                                ^
drivers/misc/mediatek/gps/gps.c:646:16: warning: passing argument 3 of 'kstrtol' makes pointer from integer without a cast
  rdelay = (int)kstrtol(buf, &end, 10);
                ^
In file included from drivers/misc/mediatek/gps/gps.c:19:0:
include/linux/kernel.h:284:32: note: expected 'long int *' but argument is of type 'int'
 static inline int __must_check kstrtol(const char *s, unsigned int base, long *res)
                                ^
In file included from drivers/misc/mediatek/fmradio/core/fm_link.c:33:0:
drivers/misc/mediatek/fmradio/../connectivity/conn_soc/common/include/stp_exp.h:49:5: warning: "CFG_WMT_LTE_COEX_HANDLING" is not defined [-Wundef]
 #if CFG_WMT_LTE_COEX_HANDLING
     ^
In file included from drivers/misc/mediatek/fmradio/../connectivity/conn_soc/common/include/wmt_exp.h:28:0,
                 from drivers/misc/mediatek/fmradio/core/fm_link.c:34:
drivers/misc/mediatek/fmradio/../connectivity/conn_soc/common/include/wmt_plat.h:92:5: warning: "CFG_WMT_LTE_COEX_HANDLING" is not defined [-Wundef]
 #if CFG_WMT_LTE_COEX_HANDLING
     ^
drivers/misc/mediatek/fmradio/../connectivity/conn_soc/common/include/wmt_plat.h:284:1: warning: function declaration isn't a prototype [-Wstrict-prototypes]
 UINT32 wmt_plat_read_clk_status();
 ^
drivers/misc/mediatek/fmradio/../connectivity/conn_soc/common/include/wmt_plat.h:291:5: warning: "CFG_WMT_LTE_COEX_HANDLING" is not defined [-Wundef]
 #if CFG_WMT_LTE_COEX_HANDLING
     ^
  CC      net/wireless/chan.o
  LD      drivers/misc/mediatek/gps/built-in.o
  CC      drivers/misc/mediatek/fmradio/core/fm_eint.o
  CC      drivers/misc/mediatek/fmradio/mt6627/pub/mt6627_fm_lib.o
In file included from drivers/misc/mediatek/fmradio/mt6627/pub/mt6627_fm_lib.c:6:0:
drivers/misc/mediatek/fmradio/../connectivity/conn_soc/common/include/stp_exp.h:49:5: warning: "CFG_WMT_LTE_COEX_HANDLING" is not defined [-Wundef]
 #if CFG_WMT_LTE_COEX_HANDLING
     ^
In file included from drivers/misc/mediatek/fmradio/../connectivity/conn_soc/common/include/wmt_exp.h:28:0,
                 from drivers/misc/mediatek/fmradio/mt6627/pub/mt6627_fm_lib.c:7:
drivers/misc/mediatek/fmradio/../connectivity/conn_soc/common/include/wmt_plat.h:92:5: warning: "CFG_WMT_LTE_COEX_HANDLING" is not defined [-Wundef]
 #if CFG_WMT_LTE_COEX_HANDLING
     ^
drivers/misc/mediatek/fmradio/../connectivity/conn_soc/common/include/wmt_plat.h:284:1: warning: function declaration isn't a prototype [-Wstrict-prototypes]
 UINT32 wmt_plat_read_clk_status();
 ^
drivers/misc/mediatek/fmradio/../connectivity/conn_soc/common/include/wmt_plat.h:291:5: warning: "CFG_WMT_LTE_COEX_HANDLING" is not defined [-Wundef]
 #if CFG_WMT_LTE_COEX_HANDLING
     ^
In file included from drivers/misc/mediatek/fmradio/core/fm_eint.c:25:0:
drivers/misc/mediatek/fmradio/../connectivity/conn_soc/common/include/stp_exp.h:49:5: warning: "CFG_WMT_LTE_COEX_HANDLING" is not defined [-Wundef]
 #if CFG_WMT_LTE_COEX_HANDLING
     ^
In file included from drivers/misc/mediatek/fmradio/../connectivity/conn_soc/common/include/wmt_exp.h:28:0,
                 from drivers/misc/mediatek/fmradio/core/fm_eint.c:26:
drivers/misc/mediatek/fmradio/../connectivity/conn_soc/common/include/wmt_plat.h:92:5: warning: "CFG_WMT_LTE_COEX_HANDLING" is not defined [-Wundef]
 #if CFG_WMT_LTE_COEX_HANDLING
     ^
drivers/misc/mediatek/fmradio/../connectivity/conn_soc/common/include/wmt_plat.h:284:1: warning: function declaration isn't a prototype [-Wstrict-prototypes]
 UINT32 wmt_plat_read_clk_status();
 ^
drivers/misc/mediatek/fmradio/../connectivity/conn_soc/common/include/wmt_plat.h:291:5: warning: "CFG_WMT_LTE_COEX_HANDLING" is not defined [-Wundef]
 #if CFG_WMT_LTE_COEX_HANDLING
     ^
drivers/misc/mediatek/fmradio/mt6627/pub/mt6627_fm_lib.c: In function 'mt6627_PowerUp':
drivers/misc/mediatek/fmradio/mt6627/pub/mt6627_fm_lib.c:711:8: warning: passing argument 2 of 'mt6627_top_read' from incompatible pointer type
  ret = mt6627_top_read(0x00c0, &tmp_reg);
        ^
drivers/misc/mediatek/fmradio/mt6627/pub/mt6627_fm_lib.c:182:15: note: expected 'fm_u32 *' but argument is of type 'fm_u16 *'
 static fm_s32 mt6627_top_read(fm_u16 addr, fm_u32 *val)
               ^
  CC      drivers/misc/mediatek/fmradio/mt6627/pub/mt6627_fm_rds.o
  CC      net/wireless/ethtool.o
  CC      net/wireless/mesh.o
  CC      drivers/misc/mediatek/fmradio/mt6627/pub/mt6627_fm_cmd.o
  CC      net/wireless/ap.o
  CC      net/wireless/trace.o
  CC      drivers/misc/mediatek/fmradio/mt6627/pub/mt6627_fm_config.o
  CC      net/wireless/wext-compat.o
  CC      drivers/misc/mediatek/fmradio/dummy.o
  LD      drivers/misc/mediatek/fmradio/mtk_fm_drv.o
  LD      drivers/misc/mediatek/fmradio/built-in.o
  CC      drivers/misc/mediatek/gpu/ged/src/ged_base.o
  CC      drivers/misc/mediatek/gpu/ged/src/ged_main.o
  CC      drivers/misc/mediatek/gpu/ged/src/ged_debugFS.o
  CC      net/wireless/wext-sme.o
drivers/misc/mediatek/gpu/ged/src/ged_debugFS.c:58:2: warning: initialization from incompatible pointer type
  .open = ged_debugFS_open,
  ^
drivers/misc/mediatek/gpu/ged/src/ged_debugFS.c:58:2: warning: (near initialization for 'gsGEDDebugFSFileOps.open')
  CC      drivers/misc/mediatek/gpu/ged/src/ged_log.o
  CC      net/wireless/wext-core.o
  CC      drivers/misc/mediatek/gpu/ged/src/ged_hal.o
drivers/misc/mediatek/gpu/ged/src/ged_hal.c: In function 'ged_total_gpu_freq_level_count_seq_start':
drivers/misc/mediatek/gpu/ged/src/ged_hal.c:27:9: warning: return makes pointer from integer without a cast
         return 1;
         ^
drivers/misc/mediatek/gpu/ged/src/ged_hal.c: In function 'ged_custom_boost_gpu_freq_seq_start':
drivers/misc/mediatek/gpu/ged/src/ged_hal.c:97:9: warning: return makes pointer from integer without a cast
         return 1;
         ^
drivers/misc/mediatek/gpu/ged/src/ged_hal.c: In function 'ged_custom_upbound_gpu_freq_seq_start':
drivers/misc/mediatek/gpu/ged/src/ged_hal.c:167:9: warning: return makes pointer from integer without a cast
         return 1;
         ^
  CC      drivers/misc/mediatek/gpu/ged/src/ged_bridge.o
  CC      drivers/misc/mediatek/gpu/ged/src/ged_profile_dvfs.o
drivers/misc/mediatek/gpu/ged/src/ged_profile_dvfs.c: In function 'ged_profile_dvfs_enable':
drivers/misc/mediatek/gpu/ged/src/ged_profile_dvfs.c:28:14: warning: comparison between pointer and integer
     if (NULL == ghLogBuf)
              ^
drivers/misc/mediatek/gpu/ged/src/ged_profile_dvfs.c: In function 'ged_profile_dvfs_disable':
drivers/misc/mediatek/gpu/ged/src/ged_profile_dvfs.c:44:14: warning: comparison between pointer and integer
     if (NULL != ghLogBuf)
              ^
drivers/misc/mediatek/gpu/ged/src/ged_profile_dvfs.c:47:18: warning: assignment makes integer from pointer without a cast
         ghLogBuf = NULL;
                  ^
  CC      net/wireless/wext-proc.o
  CC      drivers/misc/mediatek/gpu/ged/src/ged_monitor_3D_fence.o
  CC      drivers/misc/mediatek/gpu/ged/src/ged_hashtable.o
  CC      net/wireless/wext-priv.o
  LD      drivers/misc/mediatek/gpu/ged/ged.o
  LD      drivers/misc/mediatek/gpu/ged/built-in.o
  CC      drivers/misc/mediatek/gpu/hal/mtk_gpu_utility.o
  CC      net/wireless/regdb.o
  LD      drivers/misc/mediatek/gpu/hal/hal.o
  LD      drivers/misc/mediatek/gpu/hal/built-in.o
mali MTK evironment
  CC      drivers/misc/mediatek/gpu/mt6735/mali-EAC/drivers/gpu/arm/midgard/mali_kbase_device.o
  CC      drivers/misc/mediatek/gpu/mt6735/mali-EAC/drivers/gpu/arm/midgard/mali_kbase_cache_policy.o
In file included from drivers/misc/mediatek/gpu/mt6735/mali-EAC/drivers/gpu/arm/midgard/mali_kbase.h:53:0,
                 from drivers/misc/mediatek/gpu/mt6735/mali-EAC/drivers/gpu/arm/midgard/mali_kbase_device.c:31:
drivers/misc/mediatek/gpu/mt6735/mali-EAC/drivers/gpu/arm/midgard/mali_kbase_mem.h:694:1: warning: function declaration isn't a prototype [-Wstrict-prototypes]
 int kbase_report_gpu_memory_usage();
 ^
drivers/misc/mediatek/gpu/mt6735/mali-EAC/drivers/gpu/arm/midgard/mali_kbase_mem.h:696:1: warning: function declaration isn't a prototype [-Wstrict-prototypes]
 int kbase_report_gpu_memory_peak();
 ^
In file included from drivers/misc/mediatek/gpu/mt6735/mali-EAC/drivers/gpu/arm/midgard/mali_kbase.h:53:0,
                 from drivers/misc/mediatek/gpu/mt6735/mali-EAC/drivers/gpu/arm/midgard/mali_kbase_cache_policy.h:29,
                 from drivers/misc/mediatek/gpu/mt6735/mali-EAC/drivers/gpu/arm/midgard/mali_kbase_cache_policy.c:25:
drivers/misc/mediatek/gpu/mt6735/mali-EAC/drivers/gpu/arm/midgard/mali_kbase_mem.h:694:1: warning: function declaration isn't a prototype [-Wstrict-prototypes]
 int kbase_report_gpu_memory_usage();
 ^
drivers/misc/mediatek/gpu/mt6735/mali-EAC/drivers/gpu/arm/midgard/mali_kbase_mem.h:696:1: warning: function declaration isn't a prototype [-Wstrict-prototypes]
 int kbase_report_gpu_memory_peak();
 ^
  CC      drivers/misc/mediatek/gpu/mt6735/mali-EAC/drivers/gpu/arm/midgard/mali_kbase_mem.o
In file included from drivers/misc/mediatek/gpu/mt6735/mali-EAC/drivers/gpu/arm/midgard/mali_kbase.h:53:0,
                 from drivers/misc/mediatek/gpu/mt6735/mali-EAC/drivers/gpu/arm/midgard/mali_kbase_mem.c:32:
drivers/misc/mediatek/gpu/mt6735/mali-EAC/drivers/gpu/arm/midgard/mali_kbase_mem.h:694:1: warning: function declaration isn't a prototype [-Wstrict-prototypes]
 int kbase_report_gpu_memory_usage();
 ^
drivers/misc/mediatek/gpu/mt6735/mali-EAC/drivers/gpu/arm/midgard/mali_kbase_mem.h:696:1: warning: function declaration isn't a prototype [-Wstrict-prototypes]
 int kbase_report_gpu_memory_peak();
 ^
drivers/misc/mediatek/gpu/mt6735/mali-EAC/drivers/gpu/arm/midgard/mali_kbase_mem.c:42:5: warning: function declaration isn't a prototype [-Wstrict-prototypes]
 int kbase_report_gpu_memory_usage()
     ^
drivers/misc/mediatek/gpu/mt6735/mali-EAC/drivers/gpu/arm/midgard/mali_kbase_mem.c:62:5: warning: function declaration isn't a prototype [-Wstrict-prototypes]
 int kbase_report_gpu_memory_peak()
     ^
  CC      drivers/misc/mediatek/gpu/mt6735/mali-EAC/drivers/gpu/arm/midgard/mali_kbase_mmu.o
In file included from drivers/misc/mediatek/gpu/mt6735/mali-EAC/drivers/gpu/arm/midgard/mali_kbase.h:53:0,
                 from drivers/misc/mediatek/gpu/mt6735/mali-EAC/drivers/gpu/arm/midgard/mali_kbase_mmu.c:27:
drivers/misc/mediatek/gpu/mt6735/mali-EAC/drivers/gpu/arm/midgard/mali_kbase_mem.h:694:1: warning: function declaration isn't a prototype [-Wstrict-prototypes]
 int kbase_report_gpu_memory_usage();
 ^
drivers/misc/mediatek/gpu/mt6735/mali-EAC/drivers/gpu/arm/midgard/mali_kbase_mem.h:696:1: warning: function declaration isn't a prototype [-Wstrict-prototypes]
 int kbase_report_gpu_memory_peak();
 ^
  LD      net/wireless/cfg80211.o
  LD      net/wireless/built-in.o
  CC      net/sysctl_net.o
  CC      drivers/misc/mediatek/gpu/mt6735/mali-EAC/drivers/gpu/arm/midgard/mali_kbase_jd.o
  CC      net/activity_stats.o
In file included from drivers/misc/mediatek/gpu/mt6735/mali-EAC/drivers/gpu/arm/midgard/mali_kbase.h:53:0,
                 from drivers/misc/mediatek/gpu/mt6735/mali-EAC/drivers/gpu/arm/midgard/mali_kbase_jd.c:26:
drivers/misc/mediatek/gpu/mt6735/mali-EAC/drivers/gpu/arm/midgard/mali_kbase_mem.h:694:1: warning: function declaration isn't a prototype [-Wstrict-prototypes]
 int kbase_report_gpu_memory_usage();
 ^
drivers/misc/mediatek/gpu/mt6735/mali-EAC/drivers/gpu/arm/midgard/mali_kbase_mem.h:696:1: warning: function declaration isn't a prototype [-Wstrict-prototypes]
 int kbase_report_gpu_memory_peak();
 ^
  CC      drivers/misc/mediatek/gpu/mt6735/mali-EAC/drivers/gpu/arm/midgard/mali_kbase_jd_debugfs.o
In file included from drivers/misc/mediatek/gpu/mt6735/mali-EAC/drivers/gpu/arm/midgard/mali_kbase.h:53:0,
                 from drivers/misc/mediatek/gpu/mt6735/mali-EAC/drivers/gpu/arm/midgard/mali_kbase_jd_debugfs.h:28,
                 from drivers/misc/mediatek/gpu/mt6735/mali-EAC/drivers/gpu/arm/midgard/mali_kbase_jd_debugfs.c:20:
drivers/misc/mediatek/gpu/mt6735/mali-EAC/drivers/gpu/arm/midgard/mali_kbase_mem.h:694:1: warning: function declaration isn't a prototype [-Wstrict-prototypes]
 int kbase_report_gpu_memory_usage();
 ^
drivers/misc/mediatek/gpu/mt6735/mali-EAC/drivers/gpu/arm/midgard/mali_kbase_mem.h:696:1: warning: function declaration isn't a prototype [-Wstrict-prototypes]
 int kbase_report_gpu_memory_peak();
 ^
  LD      net/built-in.o
  CC      drivers/misc/mediatek/gpu/mt6735/mali-EAC/drivers/gpu/arm/midgard/mali_kbase_jm.o
  CC      drivers/misc/mediatek/hibcore/mtk_hibernate_dpm.o
  CC      drivers/mmc/card/block.o
In file included from drivers/misc/mediatek/gpu/mt6735/mali-EAC/drivers/gpu/arm/midgard/mali_kbase.h:53:0,
                 from drivers/misc/mediatek/gpu/mt6735/mali-EAC/drivers/gpu/arm/midgard/mali_kbase_jm.c:25:
drivers/misc/mediatek/gpu/mt6735/mali-EAC/drivers/gpu/arm/midgard/mali_kbase_mem.h:694:1: warning: function declaration isn't a prototype [-Wstrict-prototypes]
 int kbase_report_gpu_memory_usage();
 ^
drivers/misc/mediatek/gpu/mt6735/mali-EAC/drivers/gpu/arm/midgard/mali_kbase_mem.h:696:1: warning: function declaration isn't a prototype [-Wstrict-prototypes]
 int kbase_report_gpu_memory_peak();
 ^
  CC      drivers/misc/mediatek/hibcore/mtk_hibernate_core.o
  CC      drivers/misc/mediatek/gpu/mt6735/mali-EAC/drivers/gpu/arm/midgard/mali_kbase_cpuprops.o
  LD      drivers/misc/mediatek/hibcore/built-in.o
  CC      drivers/misc/mediatek/gpu/mt6735/mali-EAC/drivers/gpu/arm/midgard/mali_kbase_gpuprops.o
In file included from drivers/misc/mediatek/gpu/mt6735/mali-EAC/drivers/gpu/arm/midgard/mali_kbase.h:53:0,
                 from drivers/misc/mediatek/gpu/mt6735/mali-EAC/drivers/gpu/arm/midgard/mali_kbase_cpuprops.c:23:
drivers/misc/mediatek/gpu/mt6735/mali-EAC/drivers/gpu/arm/midgard/mali_kbase_mem.h:694:1: warning: function declaration isn't a prototype [-Wstrict-prototypes]
 int kbase_report_gpu_memory_usage();
 ^
drivers/misc/mediatek/gpu/mt6735/mali-EAC/drivers/gpu/arm/midgard/mali_kbase_mem.h:696:1: warning: function declaration isn't a prototype [-Wstrict-prototypes]
 int kbase_report_gpu_memory_peak();
 ^
  CC      drivers/misc/mediatek/gpu/mt6735/mali-EAC/drivers/gpu/arm/midgard/mali_kbase_js.o
In file included from drivers/misc/mediatek/gpu/mt6735/mali-EAC/drivers/gpu/arm/midgard/mali_kbase.h:53:0,
                 from drivers/misc/mediatek/gpu/mt6735/mali-EAC/drivers/gpu/arm/midgard/mali_kbase_gpuprops.c:25:
drivers/misc/mediatek/gpu/mt6735/mali-EAC/drivers/gpu/arm/midgard/mali_kbase_mem.h:694:1: warning: function declaration isn't a prototype [-Wstrict-prototypes]
 int kbase_report_gpu_memory_usage();
 ^
drivers/misc/mediatek/gpu/mt6735/mali-EAC/drivers/gpu/arm/midgard/mali_kbase_mem.h:696:1: warning: function declaration isn't a prototype [-Wstrict-prototypes]
 int kbase_report_gpu_memory_peak();
 ^
In file included from drivers/misc/mediatek/gpu/mt6735/mali-EAC/drivers/gpu/arm/midgard/mali_kbase.h:53:0,
                 from drivers/misc/mediatek/gpu/mt6735/mali-EAC/drivers/gpu/arm/midgard/mali_kbase_js.c:23:
drivers/misc/mediatek/gpu/mt6735/mali-EAC/drivers/gpu/arm/midgard/mali_kbase_mem.h:694:1: warning: function declaration isn't a prototype [-Wstrict-prototypes]
 int kbase_report_gpu_memory_usage();
 ^
drivers/misc/mediatek/gpu/mt6735/mali-EAC/drivers/gpu/arm/midgard/mali_kbase_mem.h:696:1: warning: function declaration isn't a prototype [-Wstrict-prototypes]
 int kbase_report_gpu_memory_peak();
 ^
  CC      drivers/misc/mediatek/gpu/mt6735/mali-EAC/drivers/gpu/arm/midgard/mali_kbase_js_affinity.o
In file included from drivers/misc/mediatek/gpu/mt6735/mali-EAC/drivers/gpu/arm/midgard/mali_kbase.h:53:0,
                 from drivers/misc/mediatek/gpu/mt6735/mali-EAC/drivers/gpu/arm/midgard/mali_kbase_js_affinity.c:25:
drivers/misc/mediatek/gpu/mt6735/mali-EAC/drivers/gpu/arm/midgard/mali_kbase_mem.h:694:1: warning: function declaration isn't a prototype [-Wstrict-prototypes]
 int kbase_report_gpu_memory_usage();
 ^
drivers/misc/mediatek/gpu/mt6735/mali-EAC/drivers/gpu/arm/midgard/mali_kbase_mem.h:696:1: warning: function declaration isn't a prototype [-Wstrict-prototypes]
 int kbase_report_gpu_memory_peak();
 ^
  CC      drivers/misc/mediatek/gpu/mt6735/mali-EAC/drivers/gpu/arm/midgard/mali_kbase_js_ctx_attr.o
  CC      drivers/mtd/mtdcore.o
  CC      drivers/mmc/card/queue.o
In file included from drivers/misc/mediatek/gpu/mt6735/mali-EAC/drivers/gpu/arm/midgard/mali_kbase.h:53:0,
                 from drivers/misc/mediatek/gpu/mt6735/mali-EAC/drivers/gpu/arm/midgard/mali_kbase_js_ctx_attr.c:19:
drivers/misc/mediatek/gpu/mt6735/mali-EAC/drivers/gpu/arm/midgard/mali_kbase_mem.h:694:1: warning: function declaration isn't a prototype [-Wstrict-prototypes]
 int kbase_report_gpu_memory_usage();
 ^
drivers/misc/mediatek/gpu/mt6735/mali-EAC/drivers/gpu/arm/midgard/mali_kbase_mem.h:696:1: warning: function declaration isn't a prototype [-Wstrict-prototypes]
 int kbase_report_gpu_memory_peak();
 ^
drivers/mtd/mtdcore.c:1177:2: warning: initialization from incompatible pointer type
  .write = mtd_writeable_proc_write,
  ^
drivers/mtd/mtdcore.c:1177:2: warning: (near initialization for 'mtd_write_proc_fops.write')
drivers/mtd/mtdcore.c:1182:2: warning: initialization from incompatible pointer type
  .write = mtd_change_proc_write,
  ^
drivers/mtd/mtdcore.c:1182:2: warning: (near initialization for 'mtd_change_proc_fops.write')
  CC      drivers/misc/mediatek/gpu/mt6735/mali-EAC/drivers/gpu/arm/midgard/mali_kbase_event.o
  CC      drivers/mtd/mtdsuper.o
In file included from drivers/misc/mediatek/gpu/mt6735/mali-EAC/drivers/gpu/arm/midgard/mali_kbase.h:53:0,
                 from drivers/misc/mediatek/gpu/mt6735/mali-EAC/drivers/gpu/arm/midgard/mali_kbase_event.c:20:
drivers/misc/mediatek/gpu/mt6735/mali-EAC/drivers/gpu/arm/midgard/mali_kbase_mem.h:694:1: warning: function declaration isn't a prototype [-Wstrict-prototypes]
 int kbase_report_gpu_memory_usage();
 ^
drivers/misc/mediatek/gpu/mt6735/mali-EAC/drivers/gpu/arm/midgard/mali_kbase_mem.h:696:1: warning: function declaration isn't a prototype [-Wstrict-prototypes]
 int kbase_report_gpu_memory_peak();
 ^
  CC      drivers/mtd/mtdconcat.o
  LD      drivers/mmc/card/mmc_block.o
  LD      drivers/mmc/card/built-in.o
  CC      drivers/misc/mediatek/gpu/mt6735/mali-EAC/drivers/gpu/arm/midgard/mali_kbase_context.o
  CC      drivers/mmc/core/core.o
In file included from drivers/misc/mediatek/gpu/mt6735/mali-EAC/drivers/gpu/arm/midgard/mali_kbase.h:53:0,
                 from drivers/misc/mediatek/gpu/mt6735/mali-EAC/drivers/gpu/arm/midgard/mali_kbase_context.c:25:
drivers/misc/mediatek/gpu/mt6735/mali-EAC/drivers/gpu/arm/midgard/mali_kbase_mem.h:694:1: warning: function declaration isn't a prototype [-Wstrict-prototypes]
 int kbase_report_gpu_memory_usage();
 ^
drivers/misc/mediatek/gpu/mt6735/mali-EAC/drivers/gpu/arm/midgard/mali_kbase_mem.h:696:1: warning: function declaration isn't a prototype [-Wstrict-prototypes]
 int kbase_report_gpu_memory_peak();
 ^
  CC      drivers/misc/mediatek/gpu/mt6735/mali-EAC/drivers/gpu/arm/midgard/mali_kbase_pm.o
In file included from drivers/misc/mediatek/gpu/mt6735/mali-EAC/drivers/gpu/arm/midgard/mali_kbase.h:53:0,
                 from drivers/misc/mediatek/gpu/mt6735/mali-EAC/drivers/gpu/arm/midgard/mali_kbase_pm.c:25:
drivers/misc/mediatek/gpu/mt6735/mali-EAC/drivers/gpu/arm/midgard/mali_kbase_mem.h:694:1: warning: function declaration isn't a prototype [-Wstrict-prototypes]
 int kbase_report_gpu_memory_usage();
 ^
drivers/misc/mediatek/gpu/mt6735/mali-EAC/drivers/gpu/arm/midgard/mali_kbase_mem.h:696:1: warning: function declaration isn't a prototype [-Wstrict-prototypes]
 int kbase_report_gpu_memory_peak();
 ^
drivers/misc/mediatek/gpu/mt6735/mali-EAC/drivers/gpu/arm/midgard/mali_kbase_pm.c:82:6: warning: function declaration isn't a prototype [-Wstrict-prototypes]
 void _mtk_gpu_dvfs_init()
      ^
  CC      drivers/misc/mediatek/gpu/mt6735/mali-EAC/drivers/gpu/arm/midgard/mali_kbase_pm_driver.o
In file included from drivers/misc/mediatek/gpu/mt6735/mali-EAC/drivers/gpu/arm/midgard/mali_kbase.h:53:0,
                 from drivers/misc/mediatek/gpu/mt6735/mali-EAC/drivers/gpu/arm/midgard/mali_kbase_pm_driver.c:25:
drivers/misc/mediatek/gpu/mt6735/mali-EAC/drivers/gpu/arm/midgard/mali_kbase_mem.h:694:1: warning: function declaration isn't a prototype [-Wstrict-prototypes]
 int kbase_report_gpu_memory_usage();
 ^
drivers/misc/mediatek/gpu/mt6735/mali-EAC/drivers/gpu/arm/midgard/mali_kbase_mem.h:696:1: warning: function declaration isn't a prototype [-Wstrict-prototypes]
 int kbase_report_gpu_memory_peak();
 ^
  CC      drivers/mtd/mtdpart.o
  CC      drivers/misc/mediatek/gpu/mt6735/mali-EAC/drivers/gpu/arm/midgard/mali_kbase_pm_metrics.o
  CC      drivers/mtd/mtdchar.o
In file included from drivers/misc/mediatek/gpu/mt6735/mali-EAC/drivers/gpu/arm/midgard/mali_kbase.h:53:0,
                 from drivers/misc/mediatek/gpu/mt6735/mali-EAC/drivers/gpu/arm/midgard/mali_kbase_pm_metrics.c:25:
drivers/misc/mediatek/gpu/mt6735/mali-EAC/drivers/gpu/arm/midgard/mali_kbase_mem.h:694:1: warning: function declaration isn't a prototype [-Wstrict-prototypes]
 int kbase_report_gpu_memory_usage();
 ^
drivers/misc/mediatek/gpu/mt6735/mali-EAC/drivers/gpu/arm/midgard/mali_kbase_mem.h:696:1: warning: function declaration isn't a prototype [-Wstrict-prototypes]
 int kbase_report_gpu_memory_peak();
 ^
drivers/misc/mediatek/gpu/mt6735/mali-EAC/drivers/gpu/arm/midgard/mali_kbase_pm_metrics.c: In function 'mali_late_resume':
drivers/misc/mediatek/gpu/mt6735/mali-EAC/drivers/gpu/arm/midgard/mali_kbase_pm_metrics.c:110:18: warning: unused variable 'flgs' [-Wunused-variable]
    unsigned long flgs;
                  ^
drivers/misc/mediatek/gpu/mt6735/mali-EAC/drivers/gpu/arm/midgard/mali_kbase_pm_metrics.c: In function '_mtk_gpu_dvfs_index_to_frequency':
drivers/misc/mediatek/gpu/mt6735/mali-EAC/drivers/gpu/arm/midgard/mali_kbase_pm_metrics.c:717:1: warning: control reaches end of non-void function [-Wreturn-type]
 }
 ^
  CC      drivers/mmc/core/bus.o
  CC      drivers/misc/mediatek/gpu/mt6735/mali-EAC/drivers/gpu/arm/midgard/mali_kbase_pm_ca.o
  CC      drivers/mtd/ofpart.o
  CC      drivers/mmc/core/host.o
  CC      drivers/mtd/mtd_blkdevs.o
In file included from drivers/misc/mediatek/gpu/mt6735/mali-EAC/drivers/gpu/arm/midgard/mali_kbase.h:53:0,
                 from drivers/misc/mediatek/gpu/mt6735/mali-EAC/drivers/gpu/arm/midgard/mali_kbase_pm_ca.c:23:
drivers/misc/mediatek/gpu/mt6735/mali-EAC/drivers/gpu/arm/midgard/mali_kbase_mem.h:694:1: warning: function declaration isn't a prototype [-Wstrict-prototypes]
 int kbase_report_gpu_memory_usage();
 ^
drivers/misc/mediatek/gpu/mt6735/mali-EAC/drivers/gpu/arm/midgard/mali_kbase_mem.h:696:1: warning: function declaration isn't a prototype [-Wstrict-prototypes]
 int kbase_report_gpu_memory_peak();
 ^
  CC      drivers/misc/mediatek/gpu/mt6735/mali-EAC/drivers/gpu/arm/midgard/mali_kbase_pm_ca_fixed.o
  CC      drivers/mmc/core/mmc.o
In file included from drivers/misc/mediatek/gpu/mt6735/mali-EAC/drivers/gpu/arm/midgard/mali_kbase.h:53:0,
                 from drivers/misc/mediatek/gpu/mt6735/mali-EAC/drivers/gpu/arm/midgard/mali_kbase_pm_ca_fixed.c:23:
drivers/misc/mediatek/gpu/mt6735/mali-EAC/drivers/gpu/arm/midgard/mali_kbase_mem.h:694:1: warning: function declaration isn't a prototype [-Wstrict-prototypes]
 int kbase_report_gpu_memory_usage();
 ^
drivers/misc/mediatek/gpu/mt6735/mali-EAC/drivers/gpu/arm/midgard/mali_kbase_mem.h:696:1: warning: function declaration isn't a prototype [-Wstrict-prototypes]
 int kbase_report_gpu_memory_peak();
 ^
  CC      drivers/misc/mediatek/gpu/mt6735/mali-EAC/drivers/gpu/arm/midgard/mali_kbase_pm_always_on.o
  CC      drivers/mtd/mtdblock.o
In file included from drivers/misc/mediatek/gpu/mt6735/mali-EAC/drivers/gpu/arm/midgard/mali_kbase.h:53:0,
                 from drivers/misc/mediatek/gpu/mt6735/mali-EAC/drivers/gpu/arm/midgard/mali_kbase_pm_always_on.c:25:
drivers/misc/mediatek/gpu/mt6735/mali-EAC/drivers/gpu/arm/midgard/mali_kbase_mem.h:694:1: warning: function declaration isn't a prototype [-Wstrict-prototypes]
 int kbase_report_gpu_memory_usage();
 ^
drivers/misc/mediatek/gpu/mt6735/mali-EAC/drivers/gpu/arm/midgard/mali_kbase_mem.h:696:1: warning: function declaration isn't a prototype [-Wstrict-prototypes]
 int kbase_report_gpu_memory_peak();
 ^
  CC      drivers/misc/mediatek/gpu/mt6735/mali-EAC/drivers/gpu/arm/midgard/mali_kbase_pm_coarse_demand.o
  CC      drivers/mtd/chips/chipreg.o
  CC      drivers/mmc/core/mmc_ops.o
In file included from drivers/misc/mediatek/gpu/mt6735/mali-EAC/drivers/gpu/arm/midgard/mali_kbase.h:53:0,
                 from drivers/misc/mediatek/gpu/mt6735/mali-EAC/drivers/gpu/arm/midgard/mali_kbase_pm_coarse_demand.c:25:
drivers/misc/mediatek/gpu/mt6735/mali-EAC/drivers/gpu/arm/midgard/mali_kbase_mem.h:694:1: warning: function declaration isn't a prototype [-Wstrict-prototypes]
 int kbase_report_gpu_memory_usage();
 ^
drivers/misc/mediatek/gpu/mt6735/mali-EAC/drivers/gpu/arm/midgard/mali_kbase_mem.h:696:1: warning: function declaration isn't a prototype [-Wstrict-prototypes]
 int kbase_report_gpu_memory_peak();
 ^
  LD      drivers/mtd/chips/built-in.o
  LD      drivers/mtd/devices/built-in.o
  LD      drivers/mtd/lpddr/built-in.o
  CC      drivers/misc/mediatek/gpu/mt6735/mali-EAC/drivers/gpu/arm/midgard/mali_kbase_pm_demand.o
  LD      drivers/mtd/maps/built-in.o
  CC      drivers/mtd/nand/nand_ids.o
In file included from drivers/misc/mediatek/gpu/mt6735/mali-EAC/drivers/gpu/arm/midgard/mali_kbase.h:53:0,
                 from drivers/misc/mediatek/gpu/mt6735/mali-EAC/drivers/gpu/arm/midgard/mali_kbase_pm_demand.c:25:
drivers/misc/mediatek/gpu/mt6735/mali-EAC/drivers/gpu/arm/midgard/mali_kbase_mem.h:694:1: warning: function declaration isn't a prototype [-Wstrict-prototypes]
 int kbase_report_gpu_memory_usage();
 ^
drivers/misc/mediatek/gpu/mt6735/mali-EAC/drivers/gpu/arm/midgard/mali_kbase_mem.h:696:1: warning: function declaration isn't a prototype [-Wstrict-prototypes]
 int kbase_report_gpu_memory_peak();
 ^
  CC      drivers/mmc/core/sd.o
  CC      drivers/misc/mediatek/gpu/mt6735/mali-EAC/drivers/gpu/arm/midgard/mali_kbase_pm_policy.o
  LD      drivers/mtd/nand/built-in.o
  LD      drivers/mtd/onenand/built-in.o
In file included from drivers/misc/mediatek/gpu/mt6735/mali-EAC/drivers/gpu/arm/midgard/mali_kbase.h:53:0,
                 from drivers/misc/mediatek/gpu/mt6735/mali-EAC/drivers/gpu/arm/midgard/mali_kbase_pm_policy.c:23:
drivers/misc/mediatek/gpu/mt6735/mali-EAC/drivers/gpu/arm/midgard/mali_kbase_mem.h:694:1: warning: function declaration isn't a prototype [-Wstrict-prototypes]
 int kbase_report_gpu_memory_usage();
 ^
drivers/misc/mediatek/gpu/mt6735/mali-EAC/drivers/gpu/arm/midgard/mali_kbase_mem.h:696:1: warning: function declaration isn't a prototype [-Wstrict-prototypes]
 int kbase_report_gpu_memory_peak();
 ^
  LD      drivers/mtd/tests/built-in.o
  LD      drivers/mtd/mtd.o
  LD      drivers/mtd/built-in.o
  CC      drivers/misc/mediatek/gpu/mt6735/mali-EAC/drivers/gpu/arm/midgard/mali_kbase_config.o
  CC      drivers/misc/mediatek/gpu/mt6735/mali-EAC/drivers/gpu/arm/midgard/mali_kbase_security.o
  CC      drivers/mmc/core/sd_ops.o
In file included from drivers/misc/mediatek/gpu/mt6735/mali-EAC/drivers/gpu/arm/midgard/mali_kbase.h:53:0,
                 from drivers/misc/mediatek/gpu/mt6735/mali-EAC/drivers/gpu/arm/midgard/mali_kbase_config.c:20:
drivers/misc/mediatek/gpu/mt6735/mali-EAC/drivers/gpu/arm/midgard/mali_kbase_mem.h:694:1: warning: function declaration isn't a prototype [-Wstrict-prototypes]
 int kbase_report_gpu_memory_usage();
 ^
drivers/misc/mediatek/gpu/mt6735/mali-EAC/drivers/gpu/arm/midgard/mali_kbase_mem.h:696:1: warning: function declaration isn't a prototype [-Wstrict-prototypes]
 int kbase_report_gpu_memory_peak();
 ^
In file included from drivers/misc/mediatek/gpu/mt6735/mali-EAC/drivers/gpu/arm/midgard/mali_kbase.h:53:0,
                 from drivers/misc/mediatek/gpu/mt6735/mali-EAC/drivers/gpu/arm/midgard/mali_kbase_security.c:25:
drivers/misc/mediatek/gpu/mt6735/mali-EAC/drivers/gpu/arm/midgard/mali_kbase_mem.h:694:1: warning: function declaration isn't a prototype [-Wstrict-prototypes]
 int kbase_report_gpu_memory_usage();
 ^
drivers/misc/mediatek/gpu/mt6735/mali-EAC/drivers/gpu/arm/midgard/mali_kbase_mem.h:696:1: warning: function declaration isn't a prototype [-Wstrict-prototypes]
 int kbase_report_gpu_memory_peak();
 ^
  CC      drivers/misc/mediatek/gpu/mt6735/mali-EAC/drivers/gpu/arm/midgard/mali_kbase_instr.o
  CC      drivers/misc/mediatek/gpu/mt6735/mali-EAC/drivers/gpu/arm/midgard/mali_kbase_softjobs.o
  CC      drivers/mmc/core/sdio.o
In file included from drivers/misc/mediatek/gpu/mt6735/mali-EAC/drivers/gpu/arm/midgard/mali_kbase.h:53:0,
                 from drivers/misc/mediatek/gpu/mt6735/mali-EAC/drivers/gpu/arm/midgard/mali_kbase_instr.c:25:
drivers/misc/mediatek/gpu/mt6735/mali-EAC/drivers/gpu/arm/midgard/mali_kbase_mem.h:694:1: warning: function declaration isn't a prototype [-Wstrict-prototypes]
 int kbase_report_gpu_memory_usage();
 ^
drivers/misc/mediatek/gpu/mt6735/mali-EAC/drivers/gpu/arm/midgard/mali_kbase_mem.h:696:1: warning: function declaration isn't a prototype [-Wstrict-prototypes]
 int kbase_report_gpu_memory_peak();
 ^
In file included from drivers/misc/mediatek/gpu/mt6735/mali-EAC/drivers/gpu/arm/midgard/mali_kbase.h:53:0,
                 from drivers/misc/mediatek/gpu/mt6735/mali-EAC/drivers/gpu/arm/midgard/mali_kbase_softjobs.c:20:
drivers/misc/mediatek/gpu/mt6735/mali-EAC/drivers/gpu/arm/midgard/mali_kbase_mem.h:694:1: warning: function declaration isn't a prototype [-Wstrict-prototypes]
 int kbase_report_gpu_memory_usage();
 ^
drivers/misc/mediatek/gpu/mt6735/mali-EAC/drivers/gpu/arm/midgard/mali_kbase_mem.h:696:1: warning: function declaration isn't a prototype [-Wstrict-prototypes]
 int kbase_report_gpu_memory_peak();
 ^
  CC      drivers/mmc/core/sdio_ops.o
  LD      drivers/mmc/host/built-in.o
  CC      drivers/net/ifb.o
  CC      drivers/misc/mediatek/gpu/mt6735/mali-EAC/drivers/gpu/arm/midgard/mali_kbase_10969_workaround.o
  CC      drivers/mmc/core/sdio_bus.o
In file included from drivers/misc/mediatek/gpu/mt6735/mali-EAC/drivers/gpu/arm/midgard/mali_kbase.h:53:0,
                 from drivers/misc/mediatek/gpu/mt6735/mali-EAC/drivers/gpu/arm/midgard/mali_kbase_10969_workaround.c:18:
drivers/misc/mediatek/gpu/mt6735/mali-EAC/drivers/gpu/arm/midgard/mali_kbase_mem.h:694:1: warning: function declaration isn't a prototype [-Wstrict-prototypes]
 int kbase_report_gpu_memory_usage();
 ^
drivers/misc/mediatek/gpu/mt6735/mali-EAC/drivers/gpu/arm/midgard/mali_kbase_mem.h:696:1: warning: function declaration isn't a prototype [-Wstrict-prototypes]
 int kbase_report_gpu_memory_peak();
 ^
  CC      drivers/net/Space.o
  CC      drivers/misc/mediatek/gpu/mt6735/mali-EAC/drivers/gpu/arm/midgard/mali_kbase_hw.o
  CC      drivers/net/loopback.o
  CC      drivers/mmc/core/sdio_cis.o
In file included from drivers/misc/mediatek/gpu/mt6735/mali-EAC/drivers/gpu/arm/midgard/mali_kbase.h:53:0,
                 from drivers/misc/mediatek/gpu/mt6735/mali-EAC/drivers/gpu/arm/midgard/mali_kbase_hw.c:27:
drivers/misc/mediatek/gpu/mt6735/mali-EAC/drivers/gpu/arm/midgard/mali_kbase_mem.h:694:1: warning: function declaration isn't a prototype [-Wstrict-prototypes]
 int kbase_report_gpu_memory_usage();
 ^
drivers/misc/mediatek/gpu/mt6735/mali-EAC/drivers/gpu/arm/midgard/mali_kbase_mem.h:696:1: warning: function declaration isn't a prototype [-Wstrict-prototypes]
 int kbase_report_gpu_memory_peak();
 ^
  CC      drivers/misc/mediatek/gpu/mt6735/mali-EAC/drivers/gpu/arm/midgard/mali_kbase_utility.o
  CC      drivers/mmc/core/sdio_io.o
In file included from drivers/misc/mediatek/gpu/mt6735/mali-EAC/drivers/gpu/arm/midgard/mali_kbase.h:53:0,
                 from drivers/misc/mediatek/gpu/mt6735/mali-EAC/drivers/gpu/arm/midgard/mali_kbase_utility.c:20:
drivers/misc/mediatek/gpu/mt6735/mali-EAC/drivers/gpu/arm/midgard/mali_kbase_mem.h:694:1: warning: function declaration isn't a prototype [-Wstrict-prototypes]
 int kbase_report_gpu_memory_usage();
 ^
drivers/misc/mediatek/gpu/mt6735/mali-EAC/drivers/gpu/arm/midgard/mali_kbase_mem.h:696:1: warning: function declaration isn't a prototype [-Wstrict-prototypes]
 int kbase_report_gpu_memory_peak();
 ^
  CC      drivers/net/tun.o
  CC      drivers/misc/mediatek/gpu/mt6735/mali-EAC/drivers/gpu/arm/midgard/mali_kbase_debug.o
  CC      drivers/mmc/core/sdio_irq.o
In file included from drivers/misc/mediatek/gpu/mt6735/mali-EAC/drivers/gpu/arm/midgard/mali_kbase.h:53:0,
                 from drivers/misc/mediatek/gpu/mt6735/mali-EAC/drivers/gpu/arm/midgard/mali_kbase_debug.c:20:
drivers/misc/mediatek/gpu/mt6735/mali-EAC/drivers/gpu/arm/midgard/mali_kbase_mem.h:694:1: warning: function declaration isn't a prototype [-Wstrict-prototypes]
 int kbase_report_gpu_memory_usage();
 ^
drivers/misc/mediatek/gpu/mt6735/mali-EAC/drivers/gpu/arm/midgard/mali_kbase_mem.h:696:1: warning: function declaration isn't a prototype [-Wstrict-prototypes]
 int kbase_report_gpu_memory_peak();
 ^
  CC      drivers/misc/mediatek/gpu/mt6735/mali-EAC/drivers/gpu/arm/midgard/mali_kbase_trace_timeline.o
In file included from drivers/misc/mediatek/gpu/mt6735/mali-EAC/drivers/gpu/arm/midgard/mali_kbase.h:53:0,
                 from drivers/misc/mediatek/gpu/mt6735/mali-EAC/drivers/gpu/arm/midgard/mali_kbase_trace_timeline.c:20:
drivers/misc/mediatek/gpu/mt6735/mali-EAC/drivers/gpu/arm/midgard/mali_kbase_mem.h:694:1: warning: function declaration isn't a prototype [-Wstrict-prototypes]
 int kbase_report_gpu_memory_usage();
 ^
drivers/misc/mediatek/gpu/mt6735/mali-EAC/drivers/gpu/arm/midgard/mali_kbase_mem.h:696:1: warning: function declaration isn't a prototype [-Wstrict-prototypes]
 int kbase_report_gpu_memory_peak();
 ^
  CC      drivers/mmc/core/quirks.o
  CC      drivers/misc/mediatek/gpu/mt6735/mali-EAC/drivers/gpu/arm/midgard/mali_kbase_gpu_memory_debugfs.o
  CC      drivers/mmc/core/slot-gpio.o
In file included from drivers/misc/mediatek/gpu/mt6735/mali-EAC/drivers/gpu/arm/midgard/mali_kbase.h:53:0,
                 from drivers/misc/mediatek/gpu/mt6735/mali-EAC/drivers/gpu/arm/midgard/mali_kbase_gpu_memory_debugfs.h:29,
                 from drivers/misc/mediatek/gpu/mt6735/mali-EAC/drivers/gpu/arm/midgard/mali_kbase_gpu_memory_debugfs.c:18:
drivers/misc/mediatek/gpu/mt6735/mali-EAC/drivers/gpu/arm/midgard/mali_kbase_mem.h:694:1: warning: function declaration isn't a prototype [-Wstrict-prototypes]
 int kbase_report_gpu_memory_usage();
 ^
drivers/misc/mediatek/gpu/mt6735/mali-EAC/drivers/gpu/arm/midgard/mali_kbase_mem.h:696:1: warning: function declaration isn't a prototype [-Wstrict-prototypes]
 int kbase_report_gpu_memory_peak();
 ^
  CC      drivers/mmc/core/debugfs.o
  CC      drivers/misc/mediatek/gpu/mt6735/mali-EAC/drivers/gpu/arm/midgard/mali_kbase_mem_linux.o
  CC      drivers/net/ppp/ppp_generic.o
In file included from drivers/misc/mediatek/gpu/mt6735/mali-EAC/drivers/gpu/arm/midgard/mali_kbase.h:53:0,
                 from drivers/misc/mediatek/gpu/mt6735/mali-EAC/drivers/gpu/arm/midgard/mali_kbase_mem_linux.c:39:
drivers/misc/mediatek/gpu/mt6735/mali-EAC/drivers/gpu/arm/midgard/mali_kbase_mem.h:694:1: warning: function declaration isn't a prototype [-Wstrict-prototypes]
 int kbase_report_gpu_memory_usage();
 ^
drivers/misc/mediatek/gpu/mt6735/mali-EAC/drivers/gpu/arm/midgard/mali_kbase_mem.h:696:1: warning: function declaration isn't a prototype [-Wstrict-prototypes]
 int kbase_report_gpu_memory_peak();
 ^
  LD      drivers/mmc/core/mmc_core.o
  LD      drivers/mmc/core/built-in.o
  LD      drivers/mmc/built-in.o
  CC      drivers/misc/mediatek/gpu/mt6735/mali-EAC/drivers/gpu/arm/midgard/mali_kbase_core_linux.o
In file included from drivers/misc/mediatek/gpu/mt6735/mali-EAC/drivers/gpu/arm/midgard/mali_kbase.h:53:0,
                 from drivers/misc/mediatek/gpu/mt6735/mali-EAC/drivers/gpu/arm/midgard/mali_kbase_core_linux.c:25:
drivers/misc/mediatek/gpu/mt6735/mali-EAC/drivers/gpu/arm/midgard/mali_kbase_mem.h:694:1: warning: function declaration isn't a prototype [-Wstrict-prototypes]
 int kbase_report_gpu_memory_usage();
 ^
drivers/misc/mediatek/gpu/mt6735/mali-EAC/drivers/gpu/arm/midgard/mali_kbase_mem.h:696:1: warning: function declaration isn't a prototype [-Wstrict-prototypes]
 int kbase_report_gpu_memory_peak();
 ^
drivers/misc/mediatek/gpu/mt6735/mali-EAC/drivers/gpu/arm/midgard/mali_kbase_core_linux.c:354:13: warning: function declaration isn't a prototype [-Wstrict-prototypes]
 static void _mtk_set_gpu_boost_duration()
             ^
drivers/misc/mediatek/gpu/mt6735/mali-EAC/drivers/gpu/arm/midgard/mali_kbase_core_linux.c:359:13: warning: function declaration isn't a prototype [-Wstrict-prototypes]
 static void _mtk_decrease_gpu_boost_duration()
             ^
drivers/misc/mediatek/gpu/mt6735/mali-EAC/drivers/gpu/arm/midgard/mali_kbase_core_linux.c:364:12: warning: function declaration isn't a prototype [-Wstrict-prototypes]
 static int _mtk_get_gpu_boost_duration()
            ^
drivers/misc/mediatek/gpu/mt6735/mali-EAC/drivers/gpu/arm/midgard/mali_kbase_core_linux.c: In function 'mtk_gpu_input_boost_CB':
drivers/misc/mediatek/gpu/mt6735/mali-EAC/drivers/gpu/arm/midgard/mali_kbase_core_linux.c:382:5: warning: ISO C90 forbids mixed declarations and code [-Wdeclaration-after-statement]
     int iCurrentFreqID;
     ^
drivers/misc/mediatek/gpu/mt6735/mali-EAC/drivers/gpu/arm/midgard/mali_kbase_core_linux.c: At top level:
drivers/misc/mediatek/gpu/mt6735/mali-EAC/drivers/gpu/arm/midgard/mali_kbase_core_linux.c:489:5: warning: function declaration isn't a prototype [-Wstrict-prototypes]
 int mtk_gpu_dvfs()
     ^
drivers/misc/mediatek/gpu/mt6735/mali-EAC/drivers/gpu/arm/midgard/mali_kbase_core_linux.c: In function 'mtk_gpu_dvfs':
drivers/misc/mediatek/gpu/mt6735/mali-EAC/drivers/gpu/arm/midgard/mali_kbase_core_linux.c:585:5: warning: ISO C90 forbids mixed declarations and code [-Wdeclaration-after-statement]
     int higher_boost_id;
     ^
drivers/misc/mediatek/gpu/mt6735/mali-EAC/drivers/gpu/arm/midgard/mali_kbase_core_linux.c: In function 'kbase_common_device_init':
drivers/misc/mediatek/gpu/mt6735/mali-EAC/drivers/gpu/arm/midgard/mali_kbase_core_linux.c:2984:30: warning: assignment from incompatible pointer type
  mtk_get_gpu_memory_usage_fp = kbase_report_gpu_memory_usage;
                              ^
drivers/misc/mediatek/gpu/mt6735/mali-EAC/drivers/gpu/arm/midgard/mali_kbase_core_linux.c: In function 'mtk_gpu_dvfs':
drivers/misc/mediatek/gpu/mt6735/mali-EAC/drivers/gpu/arm/midgard/mali_kbase_core_linux.c:531:34: warning: 'iCurrentVirtualFreqID' may be used uninitialized in this function [-Wmaybe-uninitialized]
             iTargetVirtualFreqID = iCurrentVirtualFreqID - 1;
                                  ^
  CC      drivers/misc/mediatek/gpu/mt6735/mali-EAC/drivers/gpu/arm/midgard/mali_kbase_sync.o
In file included from drivers/misc/mediatek/gpu/mt6735/mali-EAC/drivers/gpu/arm/midgard/mali_kbase_sync.c:27:0:
/home/satory-ra/Android/kernel/android_kernel_oukitel_orange/drivers/staging/android/sync.h:72:13: warning: 'struct seq_file' declared inside parameter list
      struct sync_timeline *sync_timeline);
             ^
/home/satory-ra/Android/kernel/android_kernel_oukitel_orange/drivers/staging/android/sync.h:72:13: warning: its scope is only this definition or declaration, which is probably not what you want
/home/satory-ra/Android/kernel/android_kernel_oukitel_orange/drivers/staging/android/sync.h:75:46: warning: 'struct seq_file' declared inside parameter list
  void (*print_pt)(struct seq_file *s, struct sync_pt *sync_pt);
                                              ^
  CC      drivers/misc/mediatek/gpu/mt6735/mali-EAC/drivers/gpu/arm/midgard/mali_kbase_sync_user.o
In file included from drivers/misc/mediatek/gpu/mt6735/mali-EAC/drivers/gpu/arm/midgard/mali_kbase.h:53:0,
                 from drivers/misc/mediatek/gpu/mt6735/mali-EAC/drivers/gpu/arm/midgard/mali_kbase_sync.c:28:
drivers/misc/mediatek/gpu/mt6735/mali-EAC/drivers/gpu/arm/midgard/mali_kbase_mem.h:694:1: warning: function declaration isn't a prototype [-Wstrict-prototypes]
 int kbase_report_gpu_memory_usage();
 ^
drivers/misc/mediatek/gpu/mt6735/mali-EAC/drivers/gpu/arm/midgard/mali_kbase_mem.h:696:1: warning: function declaration isn't a prototype [-Wstrict-prototypes]
 int kbase_report_gpu_memory_peak();
 ^
  CC      drivers/misc/mediatek/gpu/mt6735/mali-EAC/drivers/gpu/arm/midgard/mali_kbase_replay.o
  CC      drivers/misc/mediatek/gpu/mt6735/mali-EAC/drivers/gpu/arm/midgard/mali_kbase_mem_profile_debugfs.o
  CC      drivers/net/ppp/ppp_async.o
In file included from drivers/misc/mediatek/gpu/mt6735/mali-EAC/drivers/gpu/arm/midgard/mali_kbase.h:53:0,
                 from drivers/misc/mediatek/gpu/mt6735/mali-EAC/drivers/gpu/arm/midgard/mali_kbase_replay.c:25:
drivers/misc/mediatek/gpu/mt6735/mali-EAC/drivers/gpu/arm/midgard/mali_kbase_mem.h:694:1: warning: function declaration isn't a prototype [-Wstrict-prototypes]
 int kbase_report_gpu_memory_usage();
 ^
drivers/misc/mediatek/gpu/mt6735/mali-EAC/drivers/gpu/arm/midgard/mali_kbase_mem.h:696:1: warning: function declaration isn't a prototype [-Wstrict-prototypes]
 int kbase_report_gpu_memory_peak();
 ^
In file included from drivers/misc/mediatek/gpu/mt6735/mali-EAC/drivers/gpu/arm/midgard/mali_kbase.h:53:0,
                 from drivers/misc/mediatek/gpu/mt6735/mali-EAC/drivers/gpu/arm/midgard/mali_kbase_gpu_memory_debugfs.h:29,
                 from drivers/misc/mediatek/gpu/mt6735/mali-EAC/drivers/gpu/arm/midgard/mali_kbase_mem_profile_debugfs.c:18:
drivers/misc/mediatek/gpu/mt6735/mali-EAC/drivers/gpu/arm/midgard/mali_kbase_mem.h:694:1: warning: function declaration isn't a prototype [-Wstrict-prototypes]
 int kbase_report_gpu_memory_usage();
 ^
drivers/misc/mediatek/gpu/mt6735/mali-EAC/drivers/gpu/arm/midgard/mali_kbase_mem.h:696:1: warning: function declaration isn't a prototype [-Wstrict-prototypes]
 int kbase_report_gpu_memory_peak();
 ^
  CC      drivers/misc/mediatek/gpu/mt6735/mali-EAC/drivers/gpu/arm/midgard/mali_kbase_mmu_hw_direct.o
  CC      drivers/misc/mediatek/gpu/mt6735/mali-EAC/drivers/gpu/arm/midgard/mali_kbase_disjoint_events.o
In file included from drivers/misc/mediatek/gpu/mt6735/mali-EAC/drivers/gpu/arm/midgard/mali_kbase.h:53:0,
                 from drivers/misc/mediatek/gpu/mt6735/mali-EAC/drivers/gpu/arm/midgard/mali_kbase_mmu_hw_direct.c:20:
drivers/misc/mediatek/gpu/mt6735/mali-EAC/drivers/gpu/arm/midgard/mali_kbase_mem.h:694:1: warning: function declaration isn't a prototype [-Wstrict-prototypes]
 int kbase_report_gpu_memory_usage();
 ^
drivers/misc/mediatek/gpu/mt6735/mali-EAC/drivers/gpu/arm/midgard/mali_kbase_mem.h:696:1: warning: function declaration isn't a prototype [-Wstrict-prototypes]
 int kbase_report_gpu_memory_peak();
 ^
In file included from drivers/misc/mediatek/gpu/mt6735/mali-EAC/drivers/gpu/arm/midgard/mali_kbase.h:53:0,
                 from drivers/misc/mediatek/gpu/mt6735/mali-EAC/drivers/gpu/arm/midgard/mali_kbase_disjoint_events.c:23:
drivers/misc/mediatek/gpu/mt6735/mali-EAC/drivers/gpu/arm/midgard/mali_kbase_mem.h:694:1: warning: function declaration isn't a prototype [-Wstrict-prototypes]
 int kbase_report_gpu_memory_usage();
 ^
drivers/misc/mediatek/gpu/mt6735/mali-EAC/drivers/gpu/arm/midgard/mali_kbase_mem.h:696:1: warning: function declaration isn't a prototype [-Wstrict-prototypes]
 int kbase_report_gpu_memory_peak();
 ^
  CC      drivers/misc/mediatek/hwmon/batchsen/batch.o
  CC      drivers/net/ppp/bsd_comp.o
  CC      drivers/misc/mediatek/gpu/mt6735/mali-EAC/drivers/gpu/arm/midgard/mali_kbase_gator_api.o
  CC      drivers/net/ppp/ppp_deflate.o
In file included from drivers/misc/mediatek/gpu/mt6735/mali-EAC/drivers/gpu/arm/midgard/mali_kbase.h:53:0,
                 from drivers/misc/mediatek/gpu/mt6735/mali-EAC/drivers/gpu/arm/midgard/mali_kbase_gator_api.c:18:
drivers/misc/mediatek/gpu/mt6735/mali-EAC/drivers/gpu/arm/midgard/mali_kbase_mem.h:694:1: warning: function declaration isn't a prototype [-Wstrict-prototypes]
 int kbase_report_gpu_memory_usage();
 ^
drivers/misc/mediatek/gpu/mt6735/mali-EAC/drivers/gpu/arm/midgard/mali_kbase_mem.h:696:1: warning: function declaration isn't a prototype [-Wstrict-prototypes]
 int kbase_report_gpu_memory_peak();
 ^
  CC      drivers/net/ppp/ppp_mppe.o
  CC      drivers/misc/mediatek/gpu/mt6735/mali-EAC/drivers/gpu/arm/midgard/mali_kbase_js_policy_cfs.o
  LD      drivers/misc/mediatek/hwmon/batchsen/built-in.o
  CC      drivers/misc/mediatek/hwmon/hwmsen/hwmsen_helper.o
In file included from drivers/misc/mediatek/gpu/mt6735/mali-EAC/drivers/gpu/arm/midgard/mali_kbase.h:53:0,
                 from drivers/misc/mediatek/gpu/mt6735/mali-EAC/drivers/gpu/arm/midgard/mali_kbase_js_policy_cfs.c:24:
drivers/misc/mediatek/gpu/mt6735/mali-EAC/drivers/gpu/arm/midgard/mali_kbase_mem.h:694:1: warning: function declaration isn't a prototype [-Wstrict-prototypes]
 int kbase_report_gpu_memory_usage();
 ^
drivers/misc/mediatek/gpu/mt6735/mali-EAC/drivers/gpu/arm/midgard/mali_kbase_mem.h:696:1: warning: function declaration isn't a prototype [-Wstrict-prototypes]
 int kbase_report_gpu_memory_peak();
 ^
  CC      drivers/net/ppp/ppp_synctty.o
  CC      drivers/misc/mediatek/hwmon/hwmsen/hwmsen_dev.o
  CC      drivers/misc/mediatek/gpu/mt6735/mali-EAC/drivers/gpu/arm/midgard/mali_kbase_mem_alloc.o
  CC      drivers/net/ppp/pppox.o
In file included from drivers/misc/mediatek/gpu/mt6735/mali-EAC/drivers/gpu/arm/midgard/mali_kbase.h:53:0,
                 from drivers/misc/mediatek/gpu/mt6735/mali-EAC/drivers/gpu/arm/midgard/mali_kbase_mem_alloc.c:24:
drivers/misc/mediatek/gpu/mt6735/mali-EAC/drivers/gpu/arm/midgard/mali_kbase_mem.h:694:1: warning: function declaration isn't a prototype [-Wstrict-prototypes]
 int kbase_report_gpu_memory_usage();
 ^
drivers/misc/mediatek/gpu/mt6735/mali-EAC/drivers/gpu/arm/midgard/mali_kbase_mem.h:696:1: warning: function declaration isn't a prototype [-Wstrict-prototypes]
 int kbase_report_gpu_memory_peak();
 ^
  CC      drivers/misc/mediatek/gpu/mt6735/mali-EAC/drivers/gpu/arm/midgard/mali_kbase_pm_metrics_dummy.o
  LD      drivers/misc/mediatek/hwmon/hwmsen/built-in.o
  CC      drivers/misc/mediatek/hwmon/sensor_dts/sensor_dts.o
  CC      drivers/net/ppp/pppoe.o
drivers/misc/mediatek/hwmon/sensor_dts/sensor_dts.c: In function 'get_accel_dts_func':
drivers/misc/mediatek/hwmon/sensor_dts/sensor_dts.c:52:31: warning: iteration 2u invokes undefined behavior [-Waggressive-loop-optimizations]
             hw->i2c_addr[i]   = i2c_addr[i];
                               ^
drivers/misc/mediatek/hwmon/sensor_dts/sensor_dts.c:51:13: note: containing loop
             for (i = 0; i < C_CUST_I2C_ADDR_NUM; i++ )
             ^
drivers/misc/mediatek/hwmon/sensor_dts/sensor_dts.c: In function 'get_mag_dts_func':
drivers/misc/mediatek/hwmon/sensor_dts/sensor_dts.c:200:35: warning: iteration 2u invokes undefined behavior [-Waggressive-loop-optimizations]
                 hw->i2c_addr[i]   = i2c_addr[i];
                                   ^
drivers/misc/mediatek/hwmon/sensor_dts/sensor_dts.c:199:17: note: containing loop
                 for (i = 0; i < C_CUST_I2C_ADDR_NUM; i++ )
                 ^
drivers/misc/mediatek/hwmon/sensor_dts/sensor_dts.c: In function 'get_gyro_dts_func':
drivers/misc/mediatek/hwmon/sensor_dts/sensor_dts.c:255:31: warning: iteration 2u invokes undefined behavior [-Waggressive-loop-optimizations]
             hw->i2c_addr[i]   = i2c_addr[i];
                               ^
drivers/misc/mediatek/hwmon/sensor_dts/sensor_dts.c:254:13: note: containing loop
             for (i = 0; i < C_CUST_I2C_ADDR_NUM; i++ )
             ^
drivers/misc/mediatek/hwmon/sensor_dts/sensor_dts.c: In function 'get_accel_dts_func':
drivers/misc/mediatek/hwmon/sensor_dts/sensor_dts.c:52:25: warning: array subscript is above array bounds [-Warray-bounds]
             hw->i2c_addr[i]   = i2c_addr[i];
                         ^
drivers/misc/mediatek/hwmon/sensor_dts/sensor_dts.c:52:25: warning: array subscript is above array bounds [-Warray-bounds]
In file included from drivers/misc/mediatek/gpu/mt6735/mali-EAC/drivers/gpu/arm/midgard/mali_kbase.h:53:0,
                 from drivers/misc/mediatek/gpu/mt6735/mali-EAC/drivers/gpu/arm/midgard/mali_kbase_pm_metrics_dummy.c:25:
drivers/misc/mediatek/gpu/mt6735/mali-EAC/drivers/gpu/arm/midgard/mali_kbase_mem.h:694:1: warning: function declaration isn't a prototype [-Wstrict-prototypes]
 int kbase_report_gpu_memory_usage();
 ^
drivers/misc/mediatek/gpu/mt6735/mali-EAC/drivers/gpu/arm/midgard/mali_kbase_mem.h:696:1: warning: function declaration isn't a prototype [-Wstrict-prototypes]
 int kbase_report_gpu_memory_peak();
 ^
  CC      drivers/misc/mediatek/gpu/mt6735/mali-EAC/drivers/gpu/arm/midgard/mali_kbase_platform_fake.o
drivers/misc/mediatek/hwmon/sensor_dts/sensor_dts.c: In function 'get_mag_dts_func':
drivers/misc/mediatek/hwmon/sensor_dts/sensor_dts.c:200:29: warning: array subscript is above array bounds [-Warray-bounds]
                 hw->i2c_addr[i]   = i2c_addr[i];
                             ^
drivers/misc/mediatek/hwmon/sensor_dts/sensor_dts.c:200:29: warning: array subscript is above array bounds [-Warray-bounds]
drivers/misc/mediatek/hwmon/sensor_dts/sensor_dts.c: In function 'get_gyro_dts_func':
drivers/misc/mediatek/hwmon/sensor_dts/sensor_dts.c:255:25: warning: array subscript is above array bounds [-Warray-bounds]
             hw->i2c_addr[i]   = i2c_addr[i];
                         ^
drivers/misc/mediatek/hwmon/sensor_dts/sensor_dts.c:255:25: warning: array subscript is above array bounds [-Warray-bounds]
  CC      drivers/misc/mediatek/gpu/mt6735/mali-EAC/drivers/gpu/arm/midgard/platform/vexpress/mali_kbase_config_vexpress.o
  LD      drivers/misc/mediatek/hwmon/sensor_dts/built-in.o
  LD      drivers/misc/mediatek/hwmon/built-in.o
In file included from drivers/misc/mediatek/gpu/mt6735/mali-EAC/drivers/gpu/arm/midgard/mali_kbase.h:53:0,
                 from drivers/misc/mediatek/gpu/mt6735/mali-EAC/drivers/gpu/arm/midgard/platform/vexpress/mali_kbase_config_vexpress.c:21:
drivers/misc/mediatek/gpu/mt6735/mali-EAC/drivers/gpu/arm/midgard/mali_kbase_mem.h:694:1: warning: function declaration isn't a prototype [-Wstrict-prototypes]
 int kbase_report_gpu_memory_usage();
 ^
drivers/misc/mediatek/gpu/mt6735/mali-EAC/drivers/gpu/arm/midgard/mali_kbase_mem.h:696:1: warning: function declaration isn't a prototype [-Wstrict-prototypes]
 int kbase_report_gpu_memory_peak();
 ^
drivers/misc/mediatek/gpu/mt6735/mali-EAC/drivers/gpu/arm/midgard/platform/vexpress/mali_kbase_config_vexpress.c: In function 'pm_callback_power_on':
drivers/misc/mediatek/gpu/mt6735/mali-EAC/drivers/gpu/arm/midgard/platform/vexpress/mali_kbase_config_vexpress.c:89:15: warning: unused variable 'boost_idx' [-Wunused-variable]
  unsigned int boost_idx;
               ^
  CC      drivers/misc/mediatek/gpu/mt6735/mali-EAC/drivers/gpu/arm/midgard/platform/vexpress/mali_kbase_cpu_vexpress.o
  CC      drivers/net/slip/slhc.o
In file included from drivers/misc/mediatek/gpu/mt6735/mali-EAC/drivers/gpu/arm/midgard/mali_kbase.h:53:0,
                 from drivers/misc/mediatek/gpu/mt6735/mali-EAC/drivers/gpu/arm/midgard/platform/vexpress/mali_kbase_cpu_vexpress.c:21:
drivers/misc/mediatek/gpu/mt6735/mali-EAC/drivers/gpu/arm/midgard/mali_kbase_mem.h:694:1: warning: function declaration isn't a prototype [-Wstrict-prototypes]
 int kbase_report_gpu_memory_usage();
 ^
drivers/misc/mediatek/gpu/mt6735/mali-EAC/drivers/gpu/arm/midgard/mali_kbase_mem.h:696:1: warning: function declaration isn't a prototype [-Wstrict-prototypes]
 int kbase_report_gpu_memory_peak();
 ^
  LD      drivers/misc/mediatek/gpu/mt6735/mali-EAC/drivers/gpu/arm/midgard/mali_kbase.o
  LD      drivers/misc/mediatek/gpu/mt6735/mali-EAC/drivers/gpu/arm/midgard/built-in.o
  LD      drivers/misc/mediatek/gpu/mt6735/mali-EAC/drivers/gpu/arm/built-in.o
  LD      drivers/misc/mediatek/gpu/mt6735/mali-EAC/drivers/gpu/built-in.o
  LD      drivers/misc/mediatek/gpu/mt6735/mali-EAC/drivers/built-in.o
  CC      drivers/net/ppp/pppolac.o
  LD      drivers/misc/mediatek/gpu/mt6735/built-in.o
  LD      drivers/misc/mediatek/gpu/built-in.o
  CC      drivers/misc/mediatek/i2c/mt6735/i2c.o
  LD      drivers/net/slip/built-in.o
  LD      drivers/net/wireless/built-in.o
  LD      drivers/nfc/built-in.o
  CC      drivers/net/ppp/pppopns.o
  CC      drivers/of/base.o
In file included from include/mach/mt_gpio.h:15:0,
                 from drivers/misc/mediatek/i2c/mt6735/i2c.c:26:
/home/satory-ra/Android/kernel/android_kernel_oukitel_orange/drivers/misc/mediatek/mach/mt6735/Sprint4g/dct/dct/inc/cust_gpio_usage.h:481:0: warning: "GPIO_KPD_KCOL1_PIN_M_UCTS" redefined
 #define GPIO_KPD_KCOL1_PIN_M_UCTS   GPIO_MODE_03
 ^
/home/satory-ra/Android/kernel/android_kernel_oukitel_orange/drivers/misc/mediatek/mach/mt6735/Sprint4g/dct/dct/inc/cust_gpio_usage.h:480:0: note: this is the location of the previous definition
 #define GPIO_KPD_KCOL1_PIN_M_UCTS   GPIO_MODE_02
 ^
drivers/misc/mediatek/i2c/mt6735/i2c.c:1356:4: warning: initialization from incompatible pointer type
    .master_xfer   = mtk_i2c_transfer,
    ^
drivers/misc/mediatek/i2c/mt6735/i2c.c:1356:4: warning: (near initialization for 'mt_i2c_algorithm.master_xfer')
  LD      drivers/net/ppp/built-in.o
  LD      drivers/net/built-in.o
  LD      drivers/pinctrl/built-in.o
  CC      drivers/misc/mediatek/i2c/mt6735/i2c_common.o
  LD      drivers/platform/built-in.o
  CC      drivers/power/power_supply_core.o
  LD      drivers/misc/mediatek/i2c/mt6735/built-in.o
  LD      drivers/misc/mediatek/i2c/built-in.o
  CC      drivers/of/fdt.o
imgsensor drv by platform ov8858R2A_mipi_raw gc2355_mipi_raw
  CC      drivers/misc/mediatek/imgsensor/src/mt6735m/kd_sensorlist.o
  CC      drivers/power/power_supply_sysfs.o
In file included from include/mach/mt_gpio.h:15:0,
                 from /home/satory-ra/Android/kernel/android_kernel_oukitel_orange/drivers/misc/mediatek/mach/mt6735/Sprint4g/camera/camera/../camera/kd_camera_hw.h:4,
                 from drivers/misc/mediatek/imgsensor/src/mt6735m/kd_sensorlist.c:16:
/home/satory-ra/Android/kernel/android_kernel_oukitel_orange/drivers/misc/mediatek/mach/mt6735/Sprint4g/dct/dct/inc/cust_gpio_usage.h:481:0: warning: "GPIO_KPD_KCOL1_PIN_M_UCTS" redefined
 #define GPIO_KPD_KCOL1_PIN_M_UCTS   GPIO_MODE_03
 ^
/home/satory-ra/Android/kernel/android_kernel_oukitel_orange/drivers/misc/mediatek/mach/mt6735/Sprint4g/dct/dct/inc/cust_gpio_usage.h:480:0: note: this is the location of the previous definition
 #define GPIO_KPD_KCOL1_PIN_M_UCTS   GPIO_MODE_02
 ^
  CC      drivers/of/address.o
  CC      drivers/power/power_supply_leds.o
  CC      drivers/of/irq.o
  CC      drivers/power/mediatek/battery_meter.o
drivers/power/mediatek/battery_meter.c: In function 'battery_meter_suspend':
drivers/power/mediatek/battery_meter.c:3799:18: warning: unused variable 'xts' [-Wunused-variable]
  struct timespec xts, tom;
                  ^
drivers/power/mediatek/battery_meter.c: In function 'battery_meter_set_columb_interrupt':
drivers/power/mediatek/battery_meter.c:2902:1: warning: control reaches end of non-void function [-Wreturn-type]
 }
 ^
  CC      drivers/of/device.o
  CC      drivers/of/platform.o
  CC      drivers/misc/mediatek/imgsensor/src/mt6735m/gc2355_mipi_raw/gc2355mipi_Sensor.o
  CC      drivers/power/mediatek/battery_common.o
In file included from include/mach/mt_gpio.h:15:0,
                 from /home/satory-ra/Android/kernel/android_kernel_oukitel_orange/drivers/misc/mediatek/mach/mt6735/Sprint4g/camera/camera/kd_camera_hw.h:4,
                 from drivers/misc/mediatek/imgsensor/src/mt6735m/gc2355_mipi_raw/gc2355mipi_Sensor.c:32:
/home/satory-ra/Android/kernel/android_kernel_oukitel_orange/drivers/misc/mediatek/mach/mt6735/Sprint4g/dct/dct/inc/cust_gpio_usage.h:481:0: warning: "GPIO_KPD_KCOL1_PIN_M_UCTS" redefined
 #define GPIO_KPD_KCOL1_PIN_M_UCTS   GPIO_MODE_03
 ^
/home/satory-ra/Android/kernel/android_kernel_oukitel_orange/drivers/misc/mediatek/mach/mt6735/Sprint4g/dct/dct/inc/cust_gpio_usage.h:480:0: note: this is the location of the previous definition
 #define GPIO_KPD_KCOL1_PIN_M_UCTS   GPIO_MODE_02
 ^
drivers/misc/mediatek/imgsensor/src/mt6735m/gc2355_mipi_raw/gc2355mipi_Sensor.c:206:13: warning: function declaration isn't a prototype [-Wstrict-prototypes]
 static void set_dummy()
             ^
drivers/misc/mediatek/imgsensor/src/mt6735m/gc2355_mipi_raw/gc2355mipi_Sensor.c:229:19: warning: function declaration isn't a prototype [-Wstrict-prototypes]
 static kal_uint32 return_sensor_id()
                   ^
drivers/misc/mediatek/imgsensor/src/mt6735m/gc2355_mipi_raw/gc2355mipi_Sensor.c: In function 'set_max_framerate':
drivers/misc/mediatek/imgsensor/src/mt6735m/gc2355_mipi_raw/gc2355mipi_Sensor.c:235:15: warning: unused variable 'dummy_line' [-Wunused-variable]
     kal_int16 dummy_line;
               ^
drivers/misc/mediatek/imgsensor/src/mt6735m/gc2355_mipi_raw/gc2355mipi_Sensor.c: In function 'set_shutter':
drivers/misc/mediatek/imgsensor/src/mt6735m/gc2355_mipi_raw/gc2355mipi_Sensor.c:284:16: warning: unused variable 'frame_length' [-Wunused-variable]
     kal_uint32 frame_length = 0;
                ^
drivers/misc/mediatek/imgsensor/src/mt6735m/gc2355_mipi_raw/gc2355mipi_Sensor.c:283:16: warning: unused variable 'realtime_fps' [-Wunused-variable]
     kal_uint16 realtime_fps = 0;
                ^
drivers/misc/mediatek/imgsensor/src/mt6735m/gc2355_mipi_raw/gc2355mipi_Sensor.c: In function 'set_gain':
drivers/misc/mediatek/imgsensor/src/mt6735m/gc2355_mipi_raw/gc2355mipi_Sensor.c:354:23: warning: unused variable 'temp1' [-Wunused-variable]
  kal_uint16 iReg,temp,temp1;  
                       ^
drivers/misc/mediatek/imgsensor/src/mt6735m/gc2355_mipi_raw/gc2355mipi_Sensor.c: At top level:
drivers/misc/mediatek/imgsensor/src/mt6735m/gc2355_mipi_raw/gc2355mipi_Sensor.c:732:13: warning: function declaration isn't a prototype [-Wstrict-prototypes]
 static void hs_video_setting()
             ^
drivers/misc/mediatek/imgsensor/src/mt6735m/gc2355_mipi_raw/gc2355mipi_Sensor.c:753:13: warning: function declaration isn't a prototype [-Wstrict-prototypes]
 static void slim_video_setting()
             ^
drivers/misc/mediatek/imgsensor/src/mt6735m/gc2355_mipi_raw/gc2355mipi_Sensor.c: In function 'feature_control':
drivers/misc/mediatek/imgsensor/src/mt6735m/gc2355_mipi_raw/gc2355mipi_Sensor.c:1376:25: warning: unused variable 'feature_return_para' [-Wunused-variable]
     unsigned long long *feature_return_para=(unsigned long long *) feature_para;
                         ^
drivers/misc/mediatek/imgsensor/src/mt6735m/gc2355_mipi_raw/gc2355mipi_Sensor.c: At top level:
drivers/misc/mediatek/imgsensor/src/mt6735m/gc2355_mipi_raw/gc2355mipi_Sensor.c:319:19: warning: 'gain2reg' defined but not used [-Wunused-function]
 static kal_uint16 gain2reg(const kal_uint16 gain)
                   ^
drivers/misc/mediatek/imgsensor/src/mt6735m/gc2355_mipi_raw/gc2355mipi_Sensor.c:449:13: warning: 'set_mirror_flip' defined but not used [-Wunused-function]
 static void set_mirror_flip(kal_uint8 image_mirror)
             ^
  CC      drivers/of/of_i2c.o
  CC      drivers/of/of_net.o
  CC      drivers/of/of_mtd.o
  LD      drivers/misc/mediatek/imgsensor/src/mt6735m/gc2355_mipi_raw/built-in.o
  CC      drivers/misc/mediatek/imgsensor/src/mt6735m/ov8858R2A_mipi_raw/ov8858mipiraw_Sensor.o
  CC      drivers/of/of_reserved_mem.o
In file included from include/mach/mt_gpio.h:15:0,
                 from /home/satory-ra/Android/kernel/android_kernel_oukitel_orange/drivers/misc/mediatek/mach/mt6735/Sprint4g/camera/camera/kd_camera_hw.h:4,
                 from drivers/misc/mediatek/imgsensor/src/mt6735m/ov8858R2A_mipi_raw/ov8858mipiraw_Sensor.c:32:
/home/satory-ra/Android/kernel/android_kernel_oukitel_orange/drivers/misc/mediatek/mach/mt6735/Sprint4g/dct/dct/inc/cust_gpio_usage.h:481:0: warning: "GPIO_KPD_KCOL1_PIN_M_UCTS" redefined
 #define GPIO_KPD_KCOL1_PIN_M_UCTS   GPIO_MODE_03
 ^
/home/satory-ra/Android/kernel/android_kernel_oukitel_orange/drivers/misc/mediatek/mach/mt6735/Sprint4g/dct/dct/inc/cust_gpio_usage.h:480:0: note: this is the location of the previous definition
 #define GPIO_KPD_KCOL1_PIN_M_UCTS   GPIO_MODE_02
 ^
drivers/misc/mediatek/imgsensor/src/mt6735m/ov8858R2A_mipi_raw/ov8858mipiraw_Sensor.c:207:13: warning: function declaration isn't a prototype [-Wstrict-prototypes]
 static void set_dummy()
             ^
drivers/misc/mediatek/imgsensor/src/mt6735m/ov8858R2A_mipi_raw/ov8858mipiraw_Sensor.c: In function 'set_max_framerate':
drivers/misc/mediatek/imgsensor/src/mt6735m/ov8858R2A_mipi_raw/ov8858mipiraw_Sensor.c:221:12: warning: unused variable 'dummy_line' [-Wunused-variable]
  kal_int16 dummy_line;
            ^
drivers/misc/mediatek/imgsensor/src/mt6735m/ov8858R2A_mipi_raw/ov8858mipiraw_Sensor.c: In function 'write_shutter':
drivers/misc/mediatek/imgsensor/src/mt6735m/ov8858R2A_mipi_raw/ov8858mipiraw_Sensor.c:252:13: warning: unused variable 'frame_length' [-Wunused-variable]
  kal_uint32 frame_length = 0;
             ^
drivers/misc/mediatek/imgsensor/src/mt6735m/ov8858R2A_mipi_raw/ov8858mipiraw_Sensor.c: In function 'set_shutter':
drivers/misc/mediatek/imgsensor/src/mt6735m/ov8858R2A_mipi_raw/ov8858mipiraw_Sensor.c:314:13: warning: unused variable 'frame_length' [-Wunused-variable]
  kal_uint32 frame_length = 0;
             ^
drivers/misc/mediatek/imgsensor/src/mt6735m/ov8858R2A_mipi_raw/ov8858mipiraw_Sensor.c: In function 'set_gain':
drivers/misc/mediatek/imgsensor/src/mt6735m/ov8858R2A_mipi_raw/ov8858mipiraw_Sensor.c:389:2: warning: ISO C90 forbids mixed declarations and code [-Wdeclaration-after-statement]
  kal_uint16 reg_gain;
  ^
drivers/misc/mediatek/imgsensor/src/mt6735m/ov8858R2A_mipi_raw/ov8858mipiraw_Sensor.c: At top level:
drivers/misc/mediatek/imgsensor/src/mt6735m/ov8858R2A_mipi_raw/ov8858mipiraw_Sensor.c:1309:13: warning: function declaration isn't a prototype [-Wstrict-prototypes]
 static void hs_video_setting()
             ^
drivers/misc/mediatek/imgsensor/src/mt6735m/ov8858R2A_mipi_raw/ov8858mipiraw_Sensor.c:1420:13: warning: function declaration isn't a prototype [-Wstrict-prototypes]
 static void slim_video_setting()
             ^
drivers/misc/mediatek/imgsensor/src/mt6735m/ov8858R2A_mipi_raw/ov8858mipiraw_Sensor.c: In function 'feature_control':
drivers/misc/mediatek/imgsensor/src/mt6735m/ov8858R2A_mipi_raw/ov8858mipiraw_Sensor.c:2269:25: warning: unused variable 'feature_return_para' [-Wunused-variable]
     unsigned long long *feature_return_para=(unsigned long long *) feature_para;
                         ^
drivers/misc/mediatek/imgsensor/src/mt6735m/ov8858R2A_mipi_raw/ov8858mipiraw_Sensor.c: At top level:
drivers/misc/mediatek/imgsensor/src/mt6735m/ov8858R2A_mipi_raw/ov8858mipiraw_Sensor.c:249:13: warning: 'write_shutter' defined but not used [-Wunused-function]
 static void write_shutter(kal_uint16 shutter)
             ^
drivers/misc/mediatek/imgsensor/src/mt6735m/ov8858R2A_mipi_raw/ov8858mipiraw_Sensor.c:361:19: warning: 'gain2reg' defined but not used [-Wunused-function]
 static kal_uint16 gain2reg(const kal_uint16 gain)
                   ^
drivers/misc/mediatek/imgsensor/src/mt6735m/ov8858R2A_mipi_raw/ov8858mipiraw_Sensor.c:1304:13: warning: 'normal_video_setting' defined but not used [-Wunused-function]
 static void normal_video_setting(kal_uint16 currefps)
             ^
  LD      drivers/of/built-in.o
  LD      drivers/pwm/built-in.o
In file included from include/linux/kernel.h:13:0,
                 from include/linux/cache.h:4,
                 from include/linux/time.h:4,
                 from include/linux/stat.h:18,
                 from include/linux/module.h:10,
                 from drivers/power/mediatek/battery_common.c:22:
drivers/power/mediatek/battery_common.c: In function 'charger_plug_out_sw_mode':
include/linux/printk.h:223:2: warning: 'VCharger' may be used uninitialized in this function [-Wmaybe-uninitialized]
  printk(KERN_NOTICE pr_fmt(fmt), ##__VA_ARGS__)
  ^
drivers/power/mediatek/battery_common.c:3332:12: note: 'VCharger' was declared here
  kal_int32 VCharger;
            ^
In file included from include/linux/kernel.h:13:0,
                 from include/linux/cache.h:4,
                 from include/linux/time.h:4,
                 from include/linux/stat.h:18,
                 from include/linux/module.h:10,
                 from drivers/power/mediatek/battery_common.c:22:
include/linux/printk.h:223:2: warning: 'ICharging' may be used uninitialized in this function [-Wmaybe-uninitialized]
  printk(KERN_NOTICE pr_fmt(fmt), ##__VA_ARGS__)
  ^
drivers/power/mediatek/battery_common.c:3327:12: note: 'ICharging' was declared here
  kal_int32 ICharging;
            ^
  CC      drivers/power/mediatek/switch_charging.o
In file included from drivers/power/mediatek/switch_charging.c:35:0:
include/mach/battery_common.h:220:43: warning: 'struct timespec' declared inside parameter list
 extern void mt_battery_update_time(struct timespec * pre_time, BATTERY_TIME_ENUM duration_type);
                                           ^
include/mach/battery_common.h:220:43: warning: its scope is only this definition or declaration, which is probably not what you want
  LD      drivers/power/reset/built-in.o
  LD      drivers/misc/mediatek/imgsensor/src/mt6735m/ov8858R2A_mipi_raw/built-in.o
  LD      drivers/power/power_supply.o
  LD      drivers/misc/mediatek/imgsensor/src/mt6735m/built-in.o
  LD      drivers/power/mediatek/built-in.o
  LD      drivers/misc/mediatek/imgsensor/src/built-in.o
  CC      drivers/misc/mediatek/irq/mt6735/irq.o
  LD      drivers/power/built-in.o
  CC      drivers/misc/mediatek/jpeg/mt6735/jpeg_cmdq.o
  CC      drivers/regulator/core.o
  CC      drivers/misc/mediatek/jpeg/mt6735/jpeg_drv_6589_enc.o
  LD      drivers/misc/mediatek/irq/mt6735/built-in.o
  LD      drivers/misc/mediatek/irq/built-in.o
  CC      drivers/misc/mediatek/kernel/sched/rq_stats.o
  CC      drivers/misc/mediatek/jpeg/mt6735/jpeg_drv_6589_dec.o
  CC      drivers/misc/mediatek/jpeg/mt6735/jpeg_drv.o
  CC      drivers/misc/mediatek/kernel/sched/sched_avg.o
drivers/misc/mediatek/jpeg/mt6735/jpeg_drv.c:140:19: warning: 'jpeg_dec_lock' defined but not used [-Wunused-variable]
 static spinlock_t jpeg_dec_lock;
                   ^
drivers/misc/mediatek/jpeg/mt6735/jpeg_drv.c:141:12: warning: 'dec_status' defined but not used [-Wunused-variable]
 static int dec_status = 0;
            ^
  LD      drivers/misc/mediatek/jpeg/mt6735/jpeg_driver.o
  LD      drivers/misc/mediatek/jpeg/mt6735/built-in.o
  LD      drivers/misc/mediatek/jpeg/built-in.o
  CC      drivers/misc/mediatek/keypad/kpd.o
  CC      drivers/misc/mediatek/kernel/sched/cputopo.o
In file included from /home/satory-ra/Android/kernel/android_kernel_oukitel_orange/drivers/misc/mediatek/mach/mt6735/Sprint4g/keypad/mtk_kpd.h:21:0,
                 from /home/satory-ra/Android/kernel/android_kernel_oukitel_orange/drivers/misc/mediatek/mach/mt6735/include/mach/hal_pub_kpd.h:4,
                 from include/linux/kpd.h:47,
                 from drivers/misc/mediatek/keypad/kpd.c:20:
/home/satory-ra/Android/kernel/android_kernel_oukitel_orange/drivers/misc/mediatek/mach/mt6735/Sprint4g/dct/dct/inc/cust_kpd.h:82:0: warning: "KPD_DL_KEY1" redefined
 #define  KPD_DL_KEY1  17    /* KEY_VOLUMEUP */
 ^
/home/satory-ra/Android/kernel/android_kernel_oukitel_orange/drivers/misc/mediatek/mach/mt6735/Sprint4g/dct/dct/inc/cust_kpd.h:81:0: note: this is the location of the previous definition
 #define KPD_DL_KEY1  0    /* KEY_VOLUMEUP */
 ^
/home/satory-ra/Android/kernel/android_kernel_oukitel_orange/drivers/misc/mediatek/mach/mt6735/Sprint4g/dct/dct/inc/cust_kpd.h:89:0: warning: "MT65XX_RECOVERY_KEY" redefined
 #define MT65XX_RECOVERY_KEY  17    /* KEY_VOLUMEUP */
 ^
/home/satory-ra/Android/kernel/android_kernel_oukitel_orange/drivers/misc/mediatek/mach/mt6735/Sprint4g/dct/dct/inc/cust_kpd.h:88:0: note: this is the location of the previous definition
 #define MT65XX_RECOVERY_KEY  0    /* KEY_VOLUMEUP */
 ^
In file included from include/mach/mt_gpio.h:15:0,
                 from /home/satory-ra/Android/kernel/android_kernel_oukitel_orange/drivers/misc/mediatek/mach/mt6735/include/mach/hal_pub_kpd.h:9,
                 from include/linux/kpd.h:47,
                 from drivers/misc/mediatek/keypad/kpd.c:20:
/home/satory-ra/Android/kernel/android_kernel_oukitel_orange/drivers/misc/mediatek/mach/mt6735/Sprint4g/dct/dct/inc/cust_gpio_usage.h:481:0: warning: "GPIO_KPD_KCOL1_PIN_M_UCTS" redefined
 #define GPIO_KPD_KCOL1_PIN_M_UCTS   GPIO_MODE_03
 ^
/home/satory-ra/Android/kernel/android_kernel_oukitel_orange/drivers/misc/mediatek/mach/mt6735/Sprint4g/dct/dct/inc/cust_gpio_usage.h:480:0: note: this is the location of the previous definition
 #define GPIO_KPD_KCOL1_PIN_M_UCTS   GPIO_MODE_02
 ^
  LD      drivers/misc/mediatek/kernel/sched/built-in.o
drivers/misc/mediatek/keypad/kpd.c:105:13: warning: function declaration isn't a prototype [-Wstrict-prototypes]
 static void timer_exit() 
             ^
drivers/misc/mediatek/keypad/kpd.c:110:13: warning: function declaration isn't a prototype [-Wstrict-prototypes]
 static void timer_function() 
             ^
drivers/misc/mediatek/keypad/kpd.c:117:12: warning: function declaration isn't a prototype [-Wstrict-prototypes]
 static int timer_init() 
            ^
  CC      drivers/misc/mediatek/kernel/mtk_trace.o
  CC      drivers/regulator/dummy.o
  CC      drivers/regulator/fixed-helper.o
  CC      drivers/misc/mediatek/kernel/mtk_meminfo.o
  CC      drivers/misc/mediatek/keypad/mt6735/hal_kpd.o
  CC      drivers/misc/mediatek/kernel/system.o
  CC      drivers/regulator/of_regulator.o
In file included from /home/satory-ra/Android/kernel/android_kernel_oukitel_orange/drivers/misc/mediatek/mach/mt6735/Sprint4g/keypad/mtk_kpd.h:21:0,
                 from /home/satory-ra/Android/kernel/android_kernel_oukitel_orange/drivers/misc/mediatek/mach/mt6735/include/mach/hal_pub_kpd.h:4,
                 from drivers/misc/mediatek/keypad/mt6735/hal_kpd.c:1:
/home/satory-ra/Android/kernel/android_kernel_oukitel_orange/drivers/misc/mediatek/mach/mt6735/Sprint4g/dct/dct/inc/cust_kpd.h:82:0: warning: "KPD_DL_KEY1" redefined
 #define  KPD_DL_KEY1  17    /* KEY_VOLUMEUP */
 ^
/home/satory-ra/Android/kernel/android_kernel_oukitel_orange/drivers/misc/mediatek/mach/mt6735/Sprint4g/dct/dct/inc/cust_kpd.h:81:0: note: this is the location of the previous definition
 #define KPD_DL_KEY1  0    /* KEY_VOLUMEUP */
 ^
/home/satory-ra/Android/kernel/android_kernel_oukitel_orange/drivers/misc/mediatek/mach/mt6735/Sprint4g/dct/dct/inc/cust_kpd.h:89:0: warning: "MT65XX_RECOVERY_KEY" redefined
 #define MT65XX_RECOVERY_KEY  17    /* KEY_VOLUMEUP */
 ^
/home/satory-ra/Android/kernel/android_kernel_oukitel_orange/drivers/misc/mediatek/mach/mt6735/Sprint4g/dct/dct/inc/cust_kpd.h:88:0: note: this is the location of the previous definition
 #define MT65XX_RECOVERY_KEY  0    /* KEY_VOLUMEUP */
 ^
In file included from include/mach/mt_gpio.h:15:0,
                 from /home/satory-ra/Android/kernel/android_kernel_oukitel_orange/drivers/misc/mediatek/mach/mt6735/include/mach/hal_pub_kpd.h:9,
                 from drivers/misc/mediatek/keypad/mt6735/hal_kpd.c:1:
/home/satory-ra/Android/kernel/android_kernel_oukitel_orange/drivers/misc/mediatek/mach/mt6735/Sprint4g/dct/dct/inc/cust_gpio_usage.h:481:0: warning: "GPIO_KPD_KCOL1_PIN_M_UCTS" redefined
 #define GPIO_KPD_KCOL1_PIN_M_UCTS   GPIO_MODE_03
 ^
/home/satory-ra/Android/kernel/android_kernel_oukitel_orange/drivers/misc/mediatek/mach/mt6735/Sprint4g/dct/dct/inc/cust_gpio_usage.h:480:0: note: this is the location of the previous definition
 #define GPIO_KPD_KCOL1_PIN_M_UCTS   GPIO_MODE_02
 ^
  AS      drivers/misc/mediatek/kernel/mt_cache_v7.o
  LD      drivers/misc/mediatek/keypad/mt6735/built-in.o
  CC      drivers/misc/mediatek/kernel/fiq_smp_call.o
  LD      drivers/misc/mediatek/keypad/built-in.o
  LD      drivers/regulator/built-in.o
  CC      drivers/misc/mediatek/lastpc/lastpc.o
  CC      drivers/rtc/rtc-lib.o
  CC      drivers/misc/mediatek/kernel/sec_osal.o
  CC      drivers/misc/mediatek/lastpc/mt6735/lastpc_plt.o
drivers/misc/mediatek/kernel/sec_osal.c: In function 'osal_filp_open_read_only':
drivers/misc/mediatek/kernel/sec_osal.c:188:11: warning: array subscript is above array bounds [-Warray-bounds]
  g_osal_fp[filp_id] = filp_open(file_path, O_RDONLY, 0777);
           ^
  CC      drivers/rtc/hctosys.o
  LD      drivers/misc/mediatek/lastpc/mt6735/built-in.o
  LD      drivers/misc/mediatek/lastpc/built-in.o
  CC      drivers/scsi/scsi.o
  LD      drivers/misc/mediatek/kernel/built-in.o
  CC      drivers/misc/mediatek/lcm/mt65xx_lcm_list.o
  CC      drivers/rtc/class.o
In file included from include/mach/mt_gpio.h:15:0,
                 from drivers/misc/mediatek/lcm/mt65xx_lcm_list.c:6:
/home/satory-ra/Android/kernel/android_kernel_oukitel_orange/drivers/misc/mediatek/mach/mt6735/Sprint4g/dct/dct/inc/cust_gpio_usage.h:481:0: warning: "GPIO_KPD_KCOL1_PIN_M_UCTS" redefined
 #define GPIO_KPD_KCOL1_PIN_M_UCTS   GPIO_MODE_03
 ^
/home/satory-ra/Android/kernel/android_kernel_oukitel_orange/drivers/misc/mediatek/mach/mt6735/Sprint4g/dct/dct/inc/cust_gpio_usage.h:480:0: note: this is the location of the previous definition
 #define GPIO_KPD_KCOL1_PIN_M_UCTS   GPIO_MODE_02
 ^
  CC      drivers/misc/mediatek/lcm/hx8394f_hd720_dsi_vdo_cmi/hx8394f_hd720_dsi_vdo_cmi.o
In file included from include/mach/mt_gpio.h:15:0,
                 from drivers/misc/mediatek/lcm/hx8394f_hd720_dsi_vdo_cmi/hx8394f_hd720_dsi_vdo_cmi.c:42:
/home/satory-ra/Android/kernel/android_kernel_oukitel_orange/drivers/misc/mediatek/mach/mt6735/Sprint4g/dct/dct/inc/cust_gpio_usage.h:481:0: warning: "GPIO_KPD_KCOL1_PIN_M_UCTS" redefined
 #define GPIO_KPD_KCOL1_PIN_M_UCTS   GPIO_MODE_03
 ^
/home/satory-ra/Android/kernel/android_kernel_oukitel_orange/drivers/misc/mediatek/mach/mt6735/Sprint4g/dct/dct/inc/cust_gpio_usage.h:480:0: note: this is the location of the previous definition
 #define GPIO_KPD_KCOL1_PIN_M_UCTS   GPIO_MODE_02
 ^
drivers/misc/mediatek/lcm/hx8394f_hd720_dsi_vdo_cmi/hx8394f_hd720_dsi_vdo_cmi.c: In function 'lcm_init_resgister':
drivers/misc/mediatek/lcm/hx8394f_hd720_dsi_vdo_cmi/hx8394f_hd720_dsi_vdo_cmi.c:417:1: warning: no return statement in function returning non-void [-Wreturn-type]
 };
 ^
drivers/misc/mediatek/lcm/hx8394f_hd720_dsi_vdo_cmi/hx8394f_hd720_dsi_vdo_cmi.c: At top level:
drivers/misc/mediatek/lcm/hx8394f_hd720_dsi_vdo_cmi/hx8394f_hd720_dsi_vdo_cmi.c:97:33: warning: 'lcm_initialization_setting' defined but not used [-Wunused-variable]
 static struct LCM_setting_table lcm_initialization_setting[] = {
                                 ^
drivers/misc/mediatek/lcm/hx8394f_hd720_dsi_vdo_cmi/hx8394f_hd720_dsi_vdo_cmi.c:169:33: warning: 'lcm_sleep_out_setting' defined but not used [-Wunused-variable]
 static struct LCM_setting_table lcm_sleep_out_setting[] = {
                                 ^
drivers/misc/mediatek/lcm/hx8394f_hd720_dsi_vdo_cmi/hx8394f_hd720_dsi_vdo_cmi.c:182:33: warning: 'lcm_deep_sleep_mode_in_setting' defined but not used [-Wunused-variable]
 static struct LCM_setting_table lcm_deep_sleep_mode_in_setting[] = {
                                 ^
drivers/misc/mediatek/lcm/hx8394f_hd720_dsi_vdo_cmi/hx8394f_hd720_dsi_vdo_cmi.c:194:33: warning: 'lcm_compare_id_setting' defined but not used [-Wunused-variable]
 static struct LCM_setting_table lcm_compare_id_setting[] = {
                                 ^
drivers/misc/mediatek/lcm/hx8394f_hd720_dsi_vdo_cmi/hx8394f_hd720_dsi_vdo_cmi.c:201:33: warning: 'lcm_backlight_level_setting' defined but not used [-Wunused-variable]
 static struct LCM_setting_table lcm_backlight_level_setting[] = {
                                 ^
drivers/misc/mediatek/lcm/hx8394f_hd720_dsi_vdo_cmi/hx8394f_hd720_dsi_vdo_cmi.c:207:13: warning: 'push_table' defined but not used [-Wunused-function]
 static void push_table(struct LCM_setting_table *table, unsigned int count, unsigned char force_update)
             ^
drivers/misc/mediatek/lcm/hx8394f_hd720_dsi_vdo_cmi/hx8394f_hd720_dsi_vdo_cmi.c:460:21: warning: 'lcm_esd_check' defined but not used [-Wunused-function]
 static unsigned int lcm_esd_check(void)
                     ^
drivers/misc/mediatek/lcm/hx8394f_hd720_dsi_vdo_cmi/hx8394f_hd720_dsi_vdo_cmi.c:516:21: warning: 'lcm_esd_recover' defined but not used [-Wunused-function]
 static unsigned int lcm_esd_recover(void)
                     ^
  LD      drivers/misc/mediatek/lcm/hx8394f_hd720_dsi_vdo_cmi/built-in.o
  LD      drivers/misc/mediatek/lcm/built-in.o
  CC      drivers/misc/mediatek/leds/leds_drv.o
In file included from include/mach/mt_gpio.h:15:0,
                 from /home/satory-ra/Android/kernel/android_kernel_oukitel_orange/drivers/misc/mediatek/mach/mt6735/include/mach/mt_pwm_hal.h:27,
                 from include/mach/mt_pwm.h:25,
                 from drivers/misc/mediatek/leds/leds_drv.c:25:
/home/satory-ra/Android/kernel/android_kernel_oukitel_orange/drivers/misc/mediatek/mach/mt6735/Sprint4g/dct/dct/inc/cust_gpio_usage.h:481:0: warning: "GPIO_KPD_KCOL1_PIN_M_UCTS" redefined
 #define GPIO_KPD_KCOL1_PIN_M_UCTS   GPIO_MODE_03
 ^
/home/satory-ra/Android/kernel/android_kernel_oukitel_orange/drivers/misc/mediatek/mach/mt6735/Sprint4g/dct/dct/inc/cust_gpio_usage.h:480:0: note: this is the location of the previous definition
 #define GPIO_KPD_KCOL1_PIN_M_UCTS   GPIO_MODE_02
 ^
  CC      drivers/rtc/interface.o
  CC      drivers/scsi/hosts.o
  CC      drivers/misc/mediatek/leds/mt6735/leds.o
  CC      drivers/rtc/rtc-dev.o
In file included from include/mach/mt_gpio.h:15:0,
                 from /home/satory-ra/Android/kernel/android_kernel_oukitel_orange/drivers/misc/mediatek/mach/mt6735/include/mach/mt_pwm_hal.h:27,
                 from include/mach/mt_pwm.h:25,
                 from drivers/misc/mediatek/leds/mt6735/leds.c:25:
/home/satory-ra/Android/kernel/android_kernel_oukitel_orange/drivers/misc/mediatek/mach/mt6735/Sprint4g/dct/dct/inc/cust_gpio_usage.h:481:0: warning: "GPIO_KPD_KCOL1_PIN_M_UCTS" redefined
 #define GPIO_KPD_KCOL1_PIN_M_UCTS   GPIO_MODE_03
 ^
/home/satory-ra/Android/kernel/android_kernel_oukitel_orange/drivers/misc/mediatek/mach/mt6735/Sprint4g/dct/dct/inc/cust_gpio_usage.h:480:0: note: this is the location of the previous definition
 #define GPIO_KPD_KCOL1_PIN_M_UCTS   GPIO_MODE_02
 ^
  CC      drivers/scsi/scsi_ioctl.o
  CC      drivers/rtc/rtc-proc.o
  CC      drivers/rtc/rtc-sysfs.o
  LD      drivers/misc/mediatek/leds/mt6735/built-in.o
  LD      drivers/misc/mediatek/leds/built-in.o
  CC      drivers/misc/mediatek/lens/mt6735/dw9714af/DW9714AF.o
  CC      drivers/scsi/constants.o
  LD      drivers/rtc/rtc-core.o
In file included from include/mach/mt_gpio.h:15:0,
                 from /home/satory-ra/Android/kernel/android_kernel_oukitel_orange/drivers/misc/mediatek/mach/mt6735/Sprint4g/camera/camera/../camera/kd_camera_hw.h:4,
                 from drivers/misc/mediatek/lens/mt6735/dw9714af/DW9714AF.c:15:
/home/satory-ra/Android/kernel/android_kernel_oukitel_orange/drivers/misc/mediatek/mach/mt6735/Sprint4g/dct/dct/inc/cust_gpio_usage.h:481:0: warning: "GPIO_KPD_KCOL1_PIN_M_UCTS" redefined
 #define GPIO_KPD_KCOL1_PIN_M_UCTS   GPIO_MODE_03
 ^
/home/satory-ra/Android/kernel/android_kernel_oukitel_orange/drivers/misc/mediatek/mach/mt6735/Sprint4g/dct/dct/inc/cust_gpio_usage.h:480:0: note: this is the location of the previous definition
 #define GPIO_KPD_KCOL1_PIN_M_UCTS   GPIO_MODE_02
 ^
  LD      drivers/rtc/built-in.o
  CC      drivers/spi/spi.o
  LD      drivers/misc/mediatek/lens/mt6735/dw9714af/built-in.o
  CC      drivers/misc/mediatek/lens/mt6735/fm50af/FM50AF.o
  CC      drivers/scsi/scsicam.o
In file included from include/mach/mt_gpio.h:15:0,
                 from /home/satory-ra/Android/kernel/android_kernel_oukitel_orange/drivers/misc/mediatek/mach/mt6735/Sprint4g/camera/camera/../camera/kd_camera_hw.h:4,
                 from drivers/misc/mediatek/lens/mt6735/fm50af/FM50AF.c:15:
/home/satory-ra/Android/kernel/android_kernel_oukitel_orange/drivers/misc/mediatek/mach/mt6735/Sprint4g/dct/dct/inc/cust_gpio_usage.h:481:0: warning: "GPIO_KPD_KCOL1_PIN_M_UCTS" redefined
 #define GPIO_KPD_KCOL1_PIN_M_UCTS   GPIO_MODE_03
 ^
/home/satory-ra/Android/kernel/android_kernel_oukitel_orange/drivers/misc/mediatek/mach/mt6735/Sprint4g/dct/dct/inc/cust_gpio_usage.h:480:0: note: this is the location of the previous definition
 #define GPIO_KPD_KCOL1_PIN_M_UCTS   GPIO_MODE_02
 ^
  LD      drivers/misc/mediatek/lens/mt6735/fm50af/built-in.o
  LD      drivers/spi/built-in.o
  CC      drivers/scsi/scsi_error.o
  LD      drivers/misc/mediatek/lens/built-in.o
  CC      drivers/staging/staging.o
  CC      drivers/misc/mediatek/m4u/mt6735/mt6735m/m4u_platform.o
  CC      drivers/staging/android/ion/ion.o
In file included from include/asm-generic/bug.h:13:0,
                 from /home/satory-ra/Android/kernel/android_kernel_oukitel_orange/arch/arm/include/asm/bug.h:61,
                 from include/linux/bug.h:4,
                 from include/linux/thread_info.h:11,
                 from include/linux/preempt.h:9,
                 from include/linux/spinlock.h:50,
                 from include/linux/wait.h:7,
                 from include/linux/fs.h:6,
                 from /home/satory-ra/Android/kernel/android_kernel_oukitel_orange/drivers/misc/mediatek/m4u/mt6735/m4u_priv.h:4,
                 from drivers/misc/mediatek/m4u/mt6735/mt6735m/m4u_platform.c:2:
/home/satory-ra/Android/kernel/android_kernel_oukitel_orange/drivers/misc/mediatek/m4u/mt6735/m4u_pgtable.h: In function 'm4u_calc_next_mva':
include/linux/kernel.h:676:17: warning: comparison of distinct pointer types lacks a cast
  (void) (&_min1 == &_min2);  \
                 ^
/home/satory-ra/Android/kernel/android_kernel_oukitel_orange/drivers/misc/mediatek/m4u/mt6735/m4u_pgtable.h:143:30: note: in expansion of macro 'min'
     unsigned long long min = min(__boundary, end);
                              ^
drivers/staging/android/ion/ion.c: In function 'ion_debug_client_show':
drivers/staging/android/ion/ion.c:851:10: warning: ISO C90 forbids mixed declarations and code [-Wdeclaration-after-statement]
          struct ion_buffer *buffer = handle->buffer;
          ^
  LD      drivers/misc/mediatek/m4u/mt6735/mt6735m/built-in.o
drivers/staging/android/ion/ion.c: In function 'ion_debug_heap_pool_show':
drivers/staging/android/ion/ion.c:1734:18: warning: unused variable 'n' [-Wunused-variable]
  struct rb_node *n;
                  ^
drivers/staging/android/ion/ion.c:1733:21: warning: unused variable 'dev' [-Wunused-variable]
  struct ion_device *dev = heap->dev;
                     ^
drivers/staging/android/ion/ion.c: In function 'ion_device_add_heap':
drivers/staging/android/ion/ion.c:1843:9: warning: ISO C90 forbids mixed declarations and code [-Wdeclaration-after-statement]
         char tmp_name[64];
         ^
drivers/staging/android/ion/ion.c: In function 'ion_device_destory_heaps':
drivers/staging/android/ion/ion.c:2003:3: warning: passing argument 1 of 'plist_del' from incompatible pointer type
   plist_del(heap, &dev->heaps);
   ^
In file included from include/linux/rtmutex.h:16:0,
                 from include/linux/sched.h:42,
                 from include/linux/freezer.h:7,
                 from drivers/staging/android/ion/ion.c:20:
include/linux/plist.h:135:13: note: expected 'struct plist_node *' but argument is of type 'struct ion_heap *'
 extern void plist_del(struct plist_node *node, struct plist_head *head);
             ^
drivers/staging/android/ion/ion.c:1997:6: warning: unused variable 'i' [-Wunused-variable]
  int i;
      ^
drivers/staging/android/ion/ion.c: In function 'ion_drv_get_heap':
drivers/staging/android/ion/ion.c:2015:6: warning: unused variable 'i' [-Wunused-variable]
  int i;
      ^
  CC      drivers/misc/mediatek/m4u/mt6735/m4u.o
  CC      drivers/scsi/scsi_lib.o
In file included from include/asm-generic/bug.h:13:0,
                 from /home/satory-ra/Android/kernel/android_kernel_oukitel_orange/arch/arm/include/asm/bug.h:61,
                 from include/linux/bug.h:4,
                 from include/linux/thread_info.h:11,
                 from include/linux/preempt.h:9,
                 from include/linux/uaccess.h:4,
                 from drivers/misc/mediatek/m4u/mt6735/m4u.c:1:
drivers/misc/mediatek/m4u/mt6735/m4u_pgtable.h: In function 'm4u_calc_next_mva':
include/linux/kernel.h:676:17: warning: comparison of distinct pointer types lacks a cast
  (void) (&_min1 == &_min2);  \
                 ^
drivers/misc/mediatek/m4u/mt6735/m4u_pgtable.h:143:30: note: in expansion of macro 'min'
     unsigned long long min = min(__boundary, end);
                              ^
  CC      drivers/misc/mediatek/m4u/mt6735/m4u_mva.o
In file included from include/asm-generic/bug.h:13:0,
                 from /home/satory-ra/Android/kernel/android_kernel_oukitel_orange/arch/arm/include/asm/bug.h:61,
                 from include/linux/bug.h:4,
                 from include/linux/thread_info.h:11,
                 from include/linux/preempt.h:9,
                 from include/linux/spinlock.h:50,
                 from drivers/misc/mediatek/m4u/mt6735/m4u_mva.c:2:
drivers/misc/mediatek/m4u/mt6735/m4u_pgtable.h: In function 'm4u_calc_next_mva':
include/linux/kernel.h:676:17: warning: comparison of distinct pointer types lacks a cast
  (void) (&_min1 == &_min2);  \
                 ^
drivers/misc/mediatek/m4u/mt6735/m4u_pgtable.h:143:30: note: in expansion of macro 'min'
     unsigned long long min = min(__boundary, end);
                              ^
  CC      drivers/staging/android/ion/ion_heap.o
  CC      drivers/misc/mediatek/m4u/mt6735/m4u_pgtable.o
In file included from include/asm-generic/bug.h:13:0,
                 from /home/satory-ra/Android/kernel/android_kernel_oukitel_orange/arch/arm/include/asm/bug.h:61,
                 from include/linux/bug.h:4,
                 from include/linux/thread_info.h:11,
                 from include/linux/preempt.h:9,
                 from include/linux/spinlock.h:50,
                 from include/linux/mmzone.h:7,
                 from include/linux/gfp.h:4,
                 from include/linux/mm.h:8,
                 from /home/satory-ra/Android/kernel/android_kernel_oukitel_orange/arch/arm/include/asm/cacheflush.h:13,
                 from drivers/misc/mediatek/m4u/mt6735/m4u_pgtable.c:1:
drivers/misc/mediatek/m4u/mt6735/m4u_pgtable.h: In function 'm4u_calc_next_mva':
include/linux/kernel.h:676:17: warning: comparison of distinct pointer types lacks a cast
  (void) (&_min1 == &_min2);  \
                 ^
drivers/misc/mediatek/m4u/mt6735/m4u_pgtable.h:143:30: note: in expansion of macro 'min'
     unsigned long long min = min(__boundary, end);
                              ^
  CC      drivers/staging/android/ion/ion_page_pool.o
  CC      drivers/misc/mediatek/m4u/mt6735/m4u_hw.o
  CC      drivers/scsi/scsi_lib_dma.o
  CC      drivers/staging/android/ion/ion_system_heap.o
In file included from include/asm-generic/bug.h:13:0,
                 from /home/satory-ra/Android/kernel/android_kernel_oukitel_orange/arch/arm/include/asm/bug.h:61,
                 from include/linux/bug.h:4,
                 from include/linux/thread_info.h:11,
                 from include/linux/preempt.h:9,
                 from include/linux/spinlock.h:50,
                 from include/linux/mmzone.h:7,
                 from include/linux/gfp.h:4,
                 from include/linux/slab.h:12,
                 from drivers/misc/mediatek/m4u/mt6735/m4u_hw.c:2:
drivers/misc/mediatek/m4u/mt6735/m4u_pgtable.h: In function 'm4u_calc_next_mva':
include/linux/kernel.h:676:17: warning: comparison of distinct pointer types lacks a cast
  (void) (&_min1 == &_min2);  \
                 ^
drivers/misc/mediatek/m4u/mt6735/m4u_pgtable.h:143:30: note: in expansion of macro 'min'
     unsigned long long min = min(__boundary, end);
                              ^
drivers/misc/mediatek/m4u/mt6735/m4u_hw.c: In function '_m4u_config_port':
drivers/misc/mediatek/m4u/mt6735/m4u_hw.c:1295:1: warning: label 'unlock_out' defined but not used [-Wunused-label]
 unlock_out:
 ^
  CC      drivers/scsi/scsi_scan.o
  CC      drivers/staging/android/ion/ion_carveout_heap.o
  CC      drivers/misc/mediatek/m4u/mt6735/m4u_debug.o
  CC      drivers/staging/android/ion/ion_chunk_heap.o
In file included from include/asm-generic/bug.h:13:0,
                 from /home/satory-ra/Android/kernel/android_kernel_oukitel_orange/arch/arm/include/asm/bug.h:61,
                 from include/linux/bug.h:4,
                 from include/linux/thread_info.h:11,
                 from include/linux/preempt.h:9,
                 from include/linux/spinlock.h:50,
                 from include/linux/vmalloc.h:4,
                 from drivers/misc/mediatek/m4u/mt6735/m4u_debug.c:1:
drivers/misc/mediatek/m4u/mt6735/m4u_pgtable.h: In function 'm4u_calc_next_mva':
include/linux/kernel.h:676:17: warning: comparison of distinct pointer types lacks a cast
  (void) (&_min1 == &_min2);  \
                 ^
drivers/misc/mediatek/m4u/mt6735/m4u_pgtable.h:143:30: note: in expansion of macro 'min'
     unsigned long long min = min(__boundary, end);
                              ^
drivers/misc/mediatek/m4u/mt6735/m4u_debug.c: In function 'm4u_test_ion':
drivers/misc/mediatek/m4u/mt6735/m4u_debug.c:373:5: warning: passing argument 2 of '__ddp_mem_test' makes integer from pointer without a cast
     __ddp_mem_test(pSrc, (void*)src_pa, pDst, (void*)dst_pa, 0);
     ^
drivers/misc/mediatek/m4u/mt6735/m4u_debug.c:207:34: note: expected 'unsigned int' but argument is of type 'void *'
 __attribute__((weak)) extern int __ddp_mem_test(unsigned int *pSrc, unsigned int pSrcPa, 
                                  ^
drivers/misc/mediatek/m4u/mt6735/m4u_debug.c:373:5: warning: passing argument 4 of '__ddp_mem_test' makes integer from pointer without a cast
     __ddp_mem_test(pSrc, (void*)src_pa, pDst, (void*)dst_pa, 0);
     ^
drivers/misc/mediatek/m4u/mt6735/m4u_debug.c:207:34: note: expected 'unsigned int' but argument is of type 'void *'
 __attribute__((weak)) extern int __ddp_mem_test(unsigned int *pSrc, unsigned int pSrcPa, 
                                  ^
  LD      drivers/misc/mediatek/m4u/mt6735/built-in.o
  LD      drivers/misc/mediatek/m4u/built-in.o
  CC      drivers/misc/mediatek/mach/mt6735/core.o
  CC      drivers/staging/android/ion/ion_cma_heap.o
drivers/misc/mediatek/mach/mt6735/core.c:97:20: warning: 'mt_dt_init_irq' defined but not used [-Wunused-function]
 static void __init mt_dt_init_irq(void)
                    ^
  CC      drivers/misc/mediatek/mach/mt6735/mt_devs.o
In file included from include/linux/amba/clcd.h:12:0,
                 from drivers/misc/mediatek/mach/mt6735/mt_devs.c:16:
include/linux/fb.h:26:0: warning: "CONFIG_DMA_SHARED_BUFFER" redefined
 #define CONFIG_DMA_SHARED_BUFFER
 ^
In file included from drivers/misc/mediatek/mach/mt6735/mt_devs.c:1:0:
include/generated/autoconf.h:920:0: note: this is the location of the previous definition
 #define CONFIG_DMA_SHARED_BUFFER 1
 ^
In file included from /home/satory-ra/Android/kernel/android_kernel_oukitel_orange/drivers/misc/mediatek/mach/mt6735/Sprint4g/core/board-custom.h:4:0,
                 from /home/satory-ra/Android/kernel/android_kernel_oukitel_orange/drivers/misc/mediatek/mach/mt6735/include/mach/devs.h:4,
                 from drivers/misc/mediatek/mach/mt6735/mt_devs.c:22:
include/generated/autoconf.h:920:0: warning: "CONFIG_DMA_SHARED_BUFFER" redefined
 #define CONFIG_DMA_SHARED_BUFFER 1
 ^
In file included from include/linux/amba/clcd.h:12:0,
                 from drivers/misc/mediatek/mach/mt6735/mt_devs.c:16:
include/linux/fb.h:26:0: note: this is the location of the previous definition
 #define CONFIG_DMA_SHARED_BUFFER
 ^
drivers/misc/mediatek/mach/mt6735/mt_devs.c: In function 'mt_dt_fixup':
drivers/misc/mediatek/mach/mt6735/mt_devs.c:1570:6: warning: passing argument 1 of 'strcpy' discards 'const' qualifier from pointer target type
      strcpy(mdesc->name, model);
      ^
In file included from include/linux/dynamic_debug.h:111:0,
                 from include/linux/kernel.h:14,
                 from include/asm-generic/bug.h:13,
                 from /home/satory-ra/Android/kernel/android_kernel_oukitel_orange/arch/arm/include/asm/bug.h:61,
                 from include/linux/bug.h:4,
                 from include/linux/thread_info.h:11,
                 from include/linux/preempt.h:9,
                 from include/linux/spinlock.h:50,
                 from include/linux/kobject.h:23,
                 from include/linux/device.h:17,
                 from drivers/misc/mediatek/mach/mt6735/mt_devs.c:2:
include/linux/string.h:20:15: note: expected 'char *' but argument is of type 'const char *'
 extern char * strcpy(char *,const char *);
               ^
drivers/misc/mediatek/mach/mt6735/mt_devs.c:1552:17: warning: unused variable 'reserved_mem_bank_tag' [-Wunused-variable]
     struct tag *reserved_mem_bank_tag = NULL;
                 ^
drivers/misc/mediatek/mach/mt6735/mt_devs.c: In function 'mt_board_init':
drivers/misc/mediatek/mach/mt6735/mt_devs.c:2020:9: warning: unused variable 'i' [-Wunused-variable]
     int i = 0, retval = 0;
         ^
drivers/misc/mediatek/mach/mt6735/mt_devs.c: At top level:
drivers/misc/mediatek/mach/mt6735/mt_devs.c:343:23: warning: 'sn_kobj' defined but not used [-Wunused-variable]
 static struct kobject sn_kobj;
                       ^
drivers/misc/mediatek/mach/mt6735/mt_devs.c:391:25: warning: 'sn_ktype' defined but not used [-Wunused-variable]
 static struct kobj_type sn_ktype = {
                         ^
drivers/misc/mediatek/mach/mt6735/mt_devs.c:544:31: warning: 'mt6575_device_fb' defined but not used [-Wunused-variable]
 static struct platform_device mt6575_device_fb = {
                               ^
drivers/misc/mediatek/mach/mt6735/mt_devs.c:764:31: warning: 'kpd_pdev' defined but not used [-Wunused-variable]
 static struct platform_device kpd_pdev = {
                               ^
drivers/misc/mediatek/mach/mt6735/mt_devs.c:806:31: warning: 'mtk_tpd_dev' defined but not used [-Wunused-variable]
 static struct platform_device mtk_tpd_dev = {
                               ^
drivers/misc/mediatek/mach/mt6735/mt_devs.c:826:31: warning: 'cpufreq_pdev' defined but not used [-Wunused-variable]
 static struct platform_device cpufreq_pdev = {
                               ^
drivers/misc/mediatek/mach/mt6735/mt_devs.c:836:31: warning: 'gpufreq_pdev' defined but not used [-Wunused-variable]
 static struct platform_device gpufreq_pdev = {
                               ^
drivers/misc/mediatek/mach/mt6735/mt_devs.c:877:31: warning: 'dummychar_device' defined but not used [-Wunused-variable]
 static struct platform_device dummychar_device =
                               ^
drivers/misc/mediatek/mach/mt6735/mt_devs.c:886:31: warning: 'masp_device' defined but not used [-Wunused-variable]
 static struct platform_device masp_device =
                               ^
drivers/misc/mediatek/mach/mt6735/mt_devs.c:1063:31: warning: 'mtk_smi_dev' defined but not used [-Wunused-variable]
 static struct platform_device mtk_smi_dev = {
                               ^
drivers/misc/mediatek/mach/mt6735/mt_devs.c:1075:31: warning: 'mtk_cmdq_dev' defined but not used [-Wunused-variable]
 static struct platform_device mtk_cmdq_dev = {
                               ^
drivers/misc/mediatek/mach/mt6735/mt_devs.c:1086:31: warning: 'mtk_mjc_dev' defined but not used [-Wunused-variable]
 static struct platform_device mtk_mjc_dev = {
                               ^
drivers/misc/mediatek/mach/mt6735/mt_devs.c:1146:31: warning: 'camera_sysram_dev' defined but not used [-Wunused-variable]
 static struct platform_device camera_sysram_dev = {
                               ^
drivers/misc/mediatek/mach/mt6735/mt_devs.c:1830:31: warning: 'disp_device' defined but not used [-Wunused-variable]
 static struct platform_device disp_device = {
                               ^
drivers/misc/mediatek/mach/mt6735/mt_devs.c:1860:31: warning: 'mt_isp_dev' defined but not used [-Wunused-variable]
 static struct platform_device mt_isp_dev = {
                               ^
drivers/misc/mediatek/mach/mt6735/mt_devs.c:1900:31: warning: 'sensor_dev' defined but not used [-Wunused-variable]
 static struct platform_device sensor_dev = {
                               ^
drivers/misc/mediatek/mach/mt6735/mt_devs.c:1904:31: warning: 'sensor_dev_bus2' defined but not used [-Wunused-variable]
 static struct platform_device sensor_dev_bus2 = {
                               ^
drivers/misc/mediatek/mach/mt6735/mt_devs.c:1913:31: warning: 'actuator_dev' defined but not used [-Wunused-variable]
 static struct platform_device actuator_dev = {
                               ^
drivers/misc/mediatek/mach/mt6735/mt_devs.c:1917:31: warning: 'actuator_dev2' defined but not used [-Wunused-variable]
 static struct platform_device actuator_dev2 = {
                               ^
drivers/misc/mediatek/mach/mt6735/mt_devs.c:1940:31: warning: 'mtk_nfc_6605_dev' defined but not used [-Wunused-variable]
 static struct platform_device mtk_nfc_6605_dev = {
                               ^
drivers/misc/mediatek/mach/mt6735/mt_devs.c:1969:31: warning: 'ssw_device' defined but not used [-Wunused-variable]
 static struct platform_device ssw_device = {
                               ^
  CC      drivers/scsi/scsi_sysfs.o
  CC      drivers/staging/android/ion/ion_debug.o
  CC      drivers/misc/mediatek/mach/mt6735/mt_cpuxgpt.o
drivers/staging/android/ion/ion_debug.c: In function 'find_node_in_list':
drivers/staging/android/ion/ion_debug.c:683:16: warning: assignment from incompatible pointer type
   current_node = (unsigned long *)(long)*(current_node);
                ^
drivers/staging/android/ion/ion_debug.c: In function 'record_ion_info':
drivers/staging/android/ion/ion_debug.c:1788:48: warning: passing argument 4 of 'move_node_to_freelist' from incompatible pointer type
                                  found_node2 = move_node_to_freelist(record_param->pid,(unsigned long)record_param->client,record_param->address,(unsigned long **)&(process_record->address_using_list),(unsigned long **)&(process_record->address_freed_list),SEARCH_PID,NODE_MMAP);
                                                ^
drivers/staging/android/ion/ion_debug.c:688:7: note: expected 'unsigned int **' but argument is of type 'long unsigned int **'
 void *move_node_to_freelist(pid_t pid,unsigned int client_address,unsigned int data,unsigned int **from, unsigned int **to,unsigned int search_type,unsigned int node_type)
       ^
drivers/staging/android/ion/ion_debug.c:1788:48: warning: passing argument 5 of 'move_node_to_freelist' from incompatible pointer type
                                  found_node2 = move_node_to_freelist(record_param->pid,(unsigned long)record_param->client,record_param->address,(unsigned long **)&(process_record->address_using_list),(unsigned long **)&(process_record->address_freed_list),SEARCH_PID,NODE_MMAP);
                                                ^
drivers/staging/android/ion/ion_debug.c:688:7: note: expected 'unsigned int **' but argument is of type 'long unsigned int **'
 void *move_node_to_freelist(pid_t pid,unsigned int client_address,unsigned int data,unsigned int **from, unsigned int **to,unsigned int search_type,unsigned int node_type)
       ^
  CC      drivers/misc/mediatek/mach/mt6735/mt_gpt.o
  CC      drivers/scsi/scsi_devinfo.o
  CC      drivers/staging/android/ion/ion_profile.o
  CC      drivers/staging/android/ion/mtk/ion_drv.o
  CC      drivers/misc/mediatek/mach/mt6735/ca53_timer.o
drivers/staging/android/ion/mtk/ion_drv.c: In function 'ion_sys_cache_sync':
drivers/staging/android/ion/mtk/ion_drv.c:144:38: warning: unused variable 'page_start' [-Wunused-variable]
         unsigned long end, page_num, page_start;
                                      ^
drivers/staging/android/ion/mtk/ion_drv.c:144:28: warning: unused variable 'page_num' [-Wunused-variable]
         unsigned long end, page_num, page_start;
                            ^
drivers/staging/android/ion/mtk/ion_drv.c:144:23: warning: unused variable 'end' [-Wunused-variable]
         unsigned long end, page_num, page_start;
                       ^
drivers/staging/android/ion/mtk/ion_drv.c: In function 'ion_drv_probe':
drivers/staging/android/ion/mtk/ion_drv.c:577:7: warning: passing argument 1 of 'IS_ERR' makes pointer from integer without a cast
   if( IS_ERR(ret))
       ^
In file included from drivers/staging/android/ion/mtk/ion_drv.c:18:0:
include/linux/err.h:32:33: note: expected 'const void *' but argument is of type 'int'
 static inline long __must_check IS_ERR(const void *ptr)
                                 ^
drivers/staging/android/ion/mtk/ion_drv.c: In function 'ion_drv_remove':
drivers/staging/android/ion/mtk/ion_drv.c:601:18: warning: unused variable 'i' [-Wunused-variable]
     unsigned int i;
                  ^
  CC      drivers/scsi/scsi_sysctl.o
  CC      drivers/misc/mediatek/mach/mt6735/mt_pm_init.o
  CC      drivers/staging/android/ion/mtk/ion_mm_heap.o
drivers/staging/android/ion/mtk/ion_mm_heap.c: In function 'ion_mm_heap_debug_show':
drivers/staging/android/ion/mtk/ion_mm_heap.c:535:25: warning: unused variable 'i' [-Wunused-variable]
                     int i;
                         ^
drivers/staging/android/ion/mtk/ion_mm_heap.c: At top level:
drivers/staging/android/ion/mtk/ion_mm_heap.c:560:12: warning: 'write_mm_page_pool' defined but not used [-Wunused-function]
 static int write_mm_page_pool(int high, int order, int cache, size_t size)
            ^
  CC      drivers/scsi/scsi_proc.o
  CC      drivers/misc/mediatek/mach/mt6735/mt-smp.o
In file included from drivers/misc/mediatek/mach/mt6735/mt-smp.c:15:0:
drivers/misc/mediatek/mach/mt6735/mt-smp.c: In function 'mt_smp_init_cpus':
drivers/misc/mediatek/mach/mt6735/mt-smp.c:354:26: warning: passing argument 1 of 'virt_to_phys' makes pointer from integer without a cast
     mcusys_smc_write_phy(virt_to_phys(MP0_AXI_CONFIG), REG_READ(MP0_AXI_CONFIG) & ~ACINACTM);
                          ^
/home/satory-ra/Android/kernel/android_kernel_oukitel_orange/drivers/misc/mediatek/mach/mt6735/include/mach/mt_secure_api.h:87:49: note: in definition of macro 'mcusys_smc_write_phy'
     mt_secure_call(MTK_SIP_KERNEL_MCUSYS_WRITE, addr, val, 0)
                                                 ^
In file included from /home/satory-ra/Android/kernel/android_kernel_oukitel_orange/arch/arm/include/asm/delay.h:9:0,
                 from include/linux/delay.h:14,
                 from drivers/misc/mediatek/mach/mt6735/mt-smp.c:5:
/home/satory-ra/Android/kernel/android_kernel_oukitel_orange/arch/arm/include/asm/memory.h:235:27: note: expected 'const volatile void *' but argument is of type 'unsigned int'
 static inline phys_addr_t virt_to_phys(const volatile void *x)
                           ^
  CC      drivers/staging/android/ion/mtk/ion_fb_heap.o
  CC      drivers/scsi/scsi_trace.o
  CC      drivers/misc/mediatek/mach/mt6735/hotplug.o
drivers/misc/mediatek/mach/mt6735/hotplug.c: In function 'mt_cpu_die':
drivers/misc/mediatek/mach/mt6735/hotplug.c:230:20: warning: unused variable 'wd_api' [-Wunused-variable]
     struct wd_api *wd_api = NULL;
                    ^
  LD      drivers/staging/android/ion/mtk/built-in.o
  LD      drivers/staging/android/ion/built-in.o
  AS      drivers/misc/mediatek/mach/mt6735/mt-headsmp.o
  CC      drivers/staging/android/ashmem.o
  CC      drivers/scsi/scsi_pm.o
  AS      drivers/misc/mediatek/mach/mt6735/mt_hotplug.o
  CC      drivers/misc/mediatek/mach/mt6735/mt_hotplug_strategy_main.o
In file included from drivers/misc/mediatek/mach/mt6735/mt_hotplug_strategy_main.c:19:0:
/home/satory-ra/Android/kernel/android_kernel_oukitel_orange/drivers/misc/mediatek/mach/mt6735/include/mach/mt_spm_cpu.h:308:29: warning: backslash and newline separated by space
 #define SPM_WAKE_SRC_LIST { \                                   
 ^
/home/satory-ra/Android/kernel/android_kernel_oukitel_orange/drivers/misc/mediatek/mach/mt6735/include/mach/mt_spm_cpu.h:309:59: warning: backslash and newline separated by space
  SPM_WAKE_SRC(0, SPM_MERGE), /* PCM timer, TWAM or CPU */ \   
 ^
/home/satory-ra/Android/kernel/android_kernel_oukitel_orange/drivers/misc/mediatek/mach/mt6735/include/mach/mt_spm_cpu.h:310:29: warning: backslash and newline separated by space
  SPM_WAKE_SRC(1, MD32_WDT), \                                 
 ^
/home/satory-ra/Android/kernel/android_kernel_oukitel_orange/drivers/misc/mediatek/mach/mt6735/include/mach/mt_spm_cpu.h:311:24: warning: backslash and newline separated by space
  SPM_WAKE_SRC(2, KP),  \                                     
 ^
/home/satory-ra/Android/kernel/android_kernel_oukitel_orange/drivers/misc/mediatek/mach/mt6735/include/mach/mt_spm_cpu.h:312:25: warning: backslash and newline separated by space
  SPM_WAKE_SRC(3, WDT),  \                                     
 ^
/home/satory-ra/Android/kernel/android_kernel_oukitel_orange/drivers/misc/mediatek/mach/mt6735/include/mach/mt_spm_cpu.h:313:25: warning: backslash and newline separated by space
  SPM_WAKE_SRC(4, GPT),  \                                     
 ^
/home/satory-ra/Android/kernel/android_kernel_oukitel_orange/drivers/misc/mediatek/mach/mt6735/include/mach/mt_spm_cpu.h:314:28: warning: backslash and newline separated by space
  SPM_WAKE_SRC(5, CONN2AP), \                                   
 ^
/home/satory-ra/Android/kernel/android_kernel_oukitel_orange/drivers/misc/mediatek/mach/mt6735/include/mach/mt_spm_cpu.h:315:26: warning: backslash and newline separated by space
  SPM_WAKE_SRC(6, EINT),  \                                   
 ^
/home/satory-ra/Android/kernel/android_kernel_oukitel_orange/drivers/misc/mediatek/mach/mt6735/include/mach/mt_spm_cpu.h:316:29: warning: backslash and newline separated by space
  SPM_WAKE_SRC(7, CONN_WDT), \                                 
 ^
/home/satory-ra/Android/kernel/android_kernel_oukitel_orange/drivers/misc/mediatek/mach/mt6735/include/mach/mt_spm_cpu.h:317:29: warning: backslash and newline separated by space
  SPM_WAKE_SRC(8, CCIF0_MD), \                                 
 ^
/home/satory-ra/Android/kernel/android_kernel_oukitel_orange/drivers/misc/mediatek/mach/mt6735/include/mach/mt_spm_cpu.h:318:28: warning: backslash and newline separated by space
  SPM_WAKE_SRC(9, LOW_BAT), \                                   
 ^
/home/satory-ra/Android/kernel/android_kernel_oukitel_orange/drivers/misc/mediatek/mach/mt6735/include/mach/mt_spm_cpu.h:319:30: warning: backslash and newline separated by space
  SPM_WAKE_SRC(10, MD32_SPM), \                                 
 ^
/home/satory-ra/Android/kernel/android_kernel_oukitel_orange/drivers/misc/mediatek/mach/mt6735/include/mach/mt_spm_cpu.h:320:31: warning: backslash and newline separated by space
  SPM_WAKE_SRC(11, F26M_WAKE), \                               
 ^
/home/satory-ra/Android/kernel/android_kernel_oukitel_orange/drivers/misc/mediatek/mach/mt6735/include/mach/mt_spm_cpu.h:321:32: warning: backslash and newline separated by space
  SPM_WAKE_SRC(12, F26M_SLEEP), \                               
 ^
/home/satory-ra/Android/kernel/android_kernel_oukitel_orange/drivers/misc/mediatek/mach/mt6735/include/mach/mt_spm_cpu.h:322:29: warning: backslash and newline separated by space
  SPM_WAKE_SRC(13, PCM_WDT), \                                 
 ^
/home/satory-ra/Android/kernel/android_kernel_oukitel_orange/drivers/misc/mediatek/mach/mt6735/include/mach/mt_spm_cpu.h:323:28: warning: backslash and newline separated by space
  SPM_WAKE_SRC(14, USB_CD), \                                   
 ^
/home/satory-ra/Android/kernel/android_kernel_oukitel_orange/drivers/misc/mediatek/mach/mt6735/include/mach/mt_spm_cpu.h:324:29: warning: backslash and newline separated by space
  SPM_WAKE_SRC(15, USB_PDN), \                                 
 ^
/home/satory-ra/Android/kernel/android_kernel_oukitel_orange/drivers/misc/mediatek/mach/mt6735/include/mach/mt_spm_cpu.h:325:30: warning: backslash and newline separated by space
  SPM_WAKE_SRC(16, LTE_WAKE), \                                 
 ^
/home/satory-ra/Android/kernel/android_kernel_oukitel_orange/drivers/misc/mediatek/mach/mt6735/include/mach/mt_spm_cpu.h:326:31: warning: backslash and newline separated by space
  SPM_WAKE_SRC(17, LTE_SLEEP), \                               
 ^
/home/satory-ra/Android/kernel/android_kernel_oukitel_orange/drivers/misc/mediatek/mach/mt6735/include/mach/mt_spm_cpu.h:327:30: warning: backslash and newline separated by space
  SPM_WAKE_SRC(18, CCIF1_MD), \                                 
 ^
/home/satory-ra/Android/kernel/android_kernel_oukitel_orange/drivers/misc/mediatek/mach/mt6735/include/mach/mt_spm_cpu.h:328:27: warning: backslash and newline separated by space
  SPM_WAKE_SRC(19, UART0), \                                   
 ^
/home/satory-ra/Android/kernel/android_kernel_oukitel_orange/drivers/misc/mediatek/mach/mt6735/include/mach/mt_spm_cpu.h:329:26: warning: backslash and newline separated by space
  SPM_WAKE_SRC(20, AFE),  \                                   
 ^
/home/satory-ra/Android/kernel/android_kernel_oukitel_orange/drivers/misc/mediatek/mach/mt6735/include/mach/mt_spm_cpu.h:330:27: warning: backslash and newline separated by space
  SPM_WAKE_SRC(21, THERM), \                                   
 ^
/home/satory-ra/Android/kernel/android_kernel_oukitel_orange/drivers/misc/mediatek/mach/mt6735/include/mach/mt_spm_cpu.h:331:27: warning: backslash and newline separated by space
  SPM_WAKE_SRC(22, CIRQ),  \                                   
 ^
/home/satory-ra/Android/kernel/android_kernel_oukitel_orange/drivers/misc/mediatek/mach/mt6735/include/mach/mt_spm_cpu.h:332:29: warning: backslash and newline separated by space
  SPM_WAKE_SRC(23, MD2_WDT), \                                 
 ^
/home/satory-ra/Android/kernel/android_kernel_oukitel_orange/drivers/misc/mediatek/mach/mt6735/include/mach/mt_spm_cpu.h:333:30: warning: backslash and newline separated by space
  SPM_WAKE_SRC(24, SYSPWREQ), \                                 
 ^
/home/satory-ra/Android/kernel/android_kernel_oukitel_orange/drivers/misc/mediatek/mach/mt6735/include/mach/mt_spm_cpu.h:334:28: warning: backslash and newline separated by space
  SPM_WAKE_SRC(25, MD_WDT), \                                   
 ^
/home/satory-ra/Android/kernel/android_kernel_oukitel_orange/drivers/misc/mediatek/mach/mt6735/include/mach/mt_spm_cpu.h:335:30: warning: backslash and newline separated by space
  SPM_WAKE_SRC(26, CLDMA_MD), \                                 
 ^
/home/satory-ra/Android/kernel/android_kernel_oukitel_orange/drivers/misc/mediatek/mach/mt6735/include/mach/mt_spm_cpu.h:336:26: warning: backslash and newline separated by space
  SPM_WAKE_SRC(27, SEJ),  \                                   
 ^
/home/satory-ra/Android/kernel/android_kernel_oukitel_orange/drivers/misc/mediatek/mach/mt6735/include/mach/mt_spm_cpu.h:337:30: warning: backslash and newline separated by space
  SPM_WAKE_SRC(28, ALL_MD32), \                                 
 ^
/home/satory-ra/Android/kernel/android_kernel_oukitel_orange/drivers/misc/mediatek/mach/mt6735/include/mach/mt_spm_cpu.h:338:29: warning: backslash and newline separated by space
  SPM_WAKE_SRC(29, CPU_IRQ), \                                 
 ^
/home/satory-ra/Android/kernel/android_kernel_oukitel_orange/drivers/misc/mediatek/mach/mt6735/include/mach/mt_spm_cpu.h:339:32: warning: backslash and newline separated by space
  SPM_WAKE_SRC(30, APSRC_WAKE), \                               
 ^
/home/satory-ra/Android/kernel/android_kernel_oukitel_orange/drivers/misc/mediatek/mach/mt6735/include/mach/mt_spm_cpu.h:340:32: warning: backslash and newline separated by space
  SPM_WAKE_SRC(31, APSRC_SLEEP) \                               
 ^
  CC      drivers/scsi/scsi_tgt_lib.o
  CC      drivers/staging/android/logger.o
  CC      drivers/misc/mediatek/mach/mt6735/mt_hotplug_strategy_core.o
  CC      drivers/scsi/scsi_tgt_if.o
In file included from drivers/misc/mediatek/mach/mt6735/mt_hotplug_strategy_core.c:20:0:
/home/satory-ra/Android/kernel/android_kernel_oukitel_orange/drivers/misc/mediatek/mach/mt6735/include/mach/mt_spm_cpu.h:308:29: warning: backslash and newline separated by space
 #define SPM_WAKE_SRC_LIST { \                                   
 ^
/home/satory-ra/Android/kernel/android_kernel_oukitel_orange/drivers/misc/mediatek/mach/mt6735/include/mach/mt_spm_cpu.h:309:59: warning: backslash and newline separated by space
  SPM_WAKE_SRC(0, SPM_MERGE), /* PCM timer, TWAM or CPU */ \   
 ^
/home/satory-ra/Android/kernel/android_kernel_oukitel_orange/drivers/misc/mediatek/mach/mt6735/include/mach/mt_spm_cpu.h:310:29: warning: backslash and newline separated by space
  SPM_WAKE_SRC(1, MD32_WDT), \                                 
 ^
/home/satory-ra/Android/kernel/android_kernel_oukitel_orange/drivers/misc/mediatek/mach/mt6735/include/mach/mt_spm_cpu.h:311:24: warning: backslash and newline separated by space
  SPM_WAKE_SRC(2, KP),  \                                     
 ^
/home/satory-ra/Android/kernel/android_kernel_oukitel_orange/drivers/misc/mediatek/mach/mt6735/include/mach/mt_spm_cpu.h:312:25: warning: backslash and newline separated by space
  SPM_WAKE_SRC(3, WDT),  \                                     
 ^
/home/satory-ra/Android/kernel/android_kernel_oukitel_orange/drivers/misc/mediatek/mach/mt6735/include/mach/mt_spm_cpu.h:313:25: warning: backslash and newline separated by space
  SPM_WAKE_SRC(4, GPT),  \                                     
 ^
/home/satory-ra/Android/kernel/android_kernel_oukitel_orange/drivers/misc/mediatek/mach/mt6735/include/mach/mt_spm_cpu.h:314:28: warning: backslash and newline separated by space
  SPM_WAKE_SRC(5, CONN2AP), \                                   
 ^
/home/satory-ra/Android/kernel/android_kernel_oukitel_orange/drivers/misc/mediatek/mach/mt6735/include/mach/mt_spm_cpu.h:315:26: warning: backslash and newline separated by space
  SPM_WAKE_SRC(6, EINT),  \                                   
 ^
/home/satory-ra/Android/kernel/android_kernel_oukitel_orange/drivers/misc/mediatek/mach/mt6735/include/mach/mt_spm_cpu.h:316:29: warning: backslash and newline separated by space
  SPM_WAKE_SRC(7, CONN_WDT), \                                 
 ^
/home/satory-ra/Android/kernel/android_kernel_oukitel_orange/drivers/misc/mediatek/mach/mt6735/include/mach/mt_spm_cpu.h:317:29: warning: backslash and newline separated by space
  SPM_WAKE_SRC(8, CCIF0_MD), \                                 
 ^
/home/satory-ra/Android/kernel/android_kernel_oukitel_orange/drivers/misc/mediatek/mach/mt6735/include/mach/mt_spm_cpu.h:318:28: warning: backslash and newline separated by space
  SPM_WAKE_SRC(9, LOW_BAT), \                                   
 ^
/home/satory-ra/Android/kernel/android_kernel_oukitel_orange/drivers/misc/mediatek/mach/mt6735/include/mach/mt_spm_cpu.h:319:30: warning: backslash and newline separated by space
  SPM_WAKE_SRC(10, MD32_SPM), \                                 
 ^
/home/satory-ra/Android/kernel/android_kernel_oukitel_orange/drivers/misc/mediatek/mach/mt6735/include/mach/mt_spm_cpu.h:320:31: warning: backslash and newline separated by space
  SPM_WAKE_SRC(11, F26M_WAKE), \                               
 ^
/home/satory-ra/Android/kernel/android_kernel_oukitel_orange/drivers/misc/mediatek/mach/mt6735/include/mach/mt_spm_cpu.h:321:32: warning: backslash and newline separated by space
  SPM_WAKE_SRC(12, F26M_SLEEP), \                               
 ^
/home/satory-ra/Android/kernel/android_kernel_oukitel_orange/drivers/misc/mediatek/mach/mt6735/include/mach/mt_spm_cpu.h:322:29: warning: backslash and newline separated by space
  SPM_WAKE_SRC(13, PCM_WDT), \                                 
 ^
/home/satory-ra/Android/kernel/android_kernel_oukitel_orange/drivers/misc/mediatek/mach/mt6735/include/mach/mt_spm_cpu.h:323:28: warning: backslash and newline separated by space
  SPM_WAKE_SRC(14, USB_CD), \                                   
 ^
/home/satory-ra/Android/kernel/android_kernel_oukitel_orange/drivers/misc/mediatek/mach/mt6735/include/mach/mt_spm_cpu.h:324:29: warning: backslash and newline separated by space
  SPM_WAKE_SRC(15, USB_PDN), \                                 
 ^
/home/satory-ra/Android/kernel/android_kernel_oukitel_orange/drivers/misc/mediatek/mach/mt6735/include/mach/mt_spm_cpu.h:325:30: warning: backslash and newline separated by space
  SPM_WAKE_SRC(16, LTE_WAKE), \                                 
 ^
/home/satory-ra/Android/kernel/android_kernel_oukitel_orange/drivers/misc/mediatek/mach/mt6735/include/mach/mt_spm_cpu.h:326:31: warning: backslash and newline separated by space
  SPM_WAKE_SRC(17, LTE_SLEEP), \                               
 ^
/home/satory-ra/Android/kernel/android_kernel_oukitel_orange/drivers/misc/mediatek/mach/mt6735/include/mach/mt_spm_cpu.h:327:30: warning: backslash and newline separated by space
  SPM_WAKE_SRC(18, CCIF1_MD), \                                 
 ^
/home/satory-ra/Android/kernel/android_kernel_oukitel_orange/drivers/misc/mediatek/mach/mt6735/include/mach/mt_spm_cpu.h:328:27: warning: backslash and newline separated by space
  SPM_WAKE_SRC(19, UART0), \                                   
 ^
/home/satory-ra/Android/kernel/android_kernel_oukitel_orange/drivers/misc/mediatek/mach/mt6735/include/mach/mt_spm_cpu.h:329:26: warning: backslash and newline separated by space
  SPM_WAKE_SRC(20, AFE),  \                                   
 ^
/home/satory-ra/Android/kernel/android_kernel_oukitel_orange/drivers/misc/mediatek/mach/mt6735/include/mach/mt_spm_cpu.h:330:27: warning: backslash and newline separated by space
  SPM_WAKE_SRC(21, THERM), \                                   
 ^
/home/satory-ra/Android/kernel/android_kernel_oukitel_orange/drivers/misc/mediatek/mach/mt6735/include/mach/mt_spm_cpu.h:331:27: warning: backslash and newline separated by space
  SPM_WAKE_SRC(22, CIRQ),  \                                   
 ^
/home/satory-ra/Android/kernel/android_kernel_oukitel_orange/drivers/misc/mediatek/mach/mt6735/include/mach/mt_spm_cpu.h:332:29: warning: backslash and newline separated by space
  SPM_WAKE_SRC(23, MD2_WDT), \                                 
 ^
/home/satory-ra/Android/kernel/android_kernel_oukitel_orange/drivers/misc/mediatek/mach/mt6735/include/mach/mt_spm_cpu.h:333:30: warning: backslash and newline separated by space
  SPM_WAKE_SRC(24, SYSPWREQ), \                                 
 ^
/home/satory-ra/Android/kernel/android_kernel_oukitel_orange/drivers/misc/mediatek/mach/mt6735/include/mach/mt_spm_cpu.h:334:28: warning: backslash and newline separated by space
  SPM_WAKE_SRC(25, MD_WDT), \                                   
 ^
/home/satory-ra/Android/kernel/android_kernel_oukitel_orange/drivers/misc/mediatek/mach/mt6735/include/mach/mt_spm_cpu.h:335:30: warning: backslash and newline separated by space
  SPM_WAKE_SRC(26, CLDMA_MD), \                                 
 ^
/home/satory-ra/Android/kernel/android_kernel_oukitel_orange/drivers/misc/mediatek/mach/mt6735/include/mach/mt_spm_cpu.h:336:26: warning: backslash and newline separated by space
  SPM_WAKE_SRC(27, SEJ),  \                                   
 ^
/home/satory-ra/Android/kernel/android_kernel_oukitel_orange/drivers/misc/mediatek/mach/mt6735/include/mach/mt_spm_cpu.h:337:30: warning: backslash and newline separated by space
  SPM_WAKE_SRC(28, ALL_MD32), \                                 
 ^
/home/satory-ra/Android/kernel/android_kernel_oukitel_orange/drivers/misc/mediatek/mach/mt6735/include/mach/mt_spm_cpu.h:338:29: warning: backslash and newline separated by space
  SPM_WAKE_SRC(29, CPU_IRQ), \                                 
 ^
/home/satory-ra/Android/kernel/android_kernel_oukitel_orange/drivers/misc/mediatek/mach/mt6735/include/mach/mt_spm_cpu.h:339:32: warning: backslash and newline separated by space
  SPM_WAKE_SRC(30, APSRC_WAKE), \                               
 ^
/home/satory-ra/Android/kernel/android_kernel_oukitel_orange/drivers/misc/mediatek/mach/mt6735/include/mach/mt_spm_cpu.h:340:32: warning: backslash and newline separated by space
  SPM_WAKE_SRC(31, APSRC_SLEEP) \                               
 ^
  CC      drivers/misc/mediatek/mach/mt6735/mt_hotplug_strategy_procfs.o
  CC      drivers/staging/android/timed_output.o
  CC      drivers/scsi/sd.o
In file included from drivers/misc/mediatek/mach/mt6735/mt_hotplug_strategy_procfs.c:19:0:
/home/satory-ra/Android/kernel/android_kernel_oukitel_orange/drivers/misc/mediatek/mach/mt6735/include/mach/mt_spm_cpu.h:308:29: warning: backslash and newline separated by space
 #define SPM_WAKE_SRC_LIST { \                                   
 ^
/home/satory-ra/Android/kernel/android_kernel_oukitel_orange/drivers/misc/mediatek/mach/mt6735/include/mach/mt_spm_cpu.h:309:59: warning: backslash and newline separated by space
  SPM_WAKE_SRC(0, SPM_MERGE), /* PCM timer, TWAM or CPU */ \   
 ^
/home/satory-ra/Android/kernel/android_kernel_oukitel_orange/drivers/misc/mediatek/mach/mt6735/include/mach/mt_spm_cpu.h:310:29: warning: backslash and newline separated by space
  SPM_WAKE_SRC(1, MD32_WDT), \                                 
 ^
/home/satory-ra/Android/kernel/android_kernel_oukitel_orange/drivers/misc/mediatek/mach/mt6735/include/mach/mt_spm_cpu.h:311:24: warning: backslash and newline separated by space
  SPM_WAKE_SRC(2, KP),  \                                     
 ^
/home/satory-ra/Android/kernel/android_kernel_oukitel_orange/drivers/misc/mediatek/mach/mt6735/include/mach/mt_spm_cpu.h:312:25: warning: backslash and newline separated by space
  SPM_WAKE_SRC(3, WDT),  \                                     
 ^
/home/satory-ra/Android/kernel/android_kernel_oukitel_orange/drivers/misc/mediatek/mach/mt6735/include/mach/mt_spm_cpu.h:313:25: warning: backslash and newline separated by space
  SPM_WAKE_SRC(4, GPT),  \                                     
 ^
/home/satory-ra/Android/kernel/android_kernel_oukitel_orange/drivers/misc/mediatek/mach/mt6735/include/mach/mt_spm_cpu.h:314:28: warning: backslash and newline separated by space
  SPM_WAKE_SRC(5, CONN2AP), \                                   
 ^
/home/satory-ra/Android/kernel/android_kernel_oukitel_orange/drivers/misc/mediatek/mach/mt6735/include/mach/mt_spm_cpu.h:315:26: warning: backslash and newline separated by space
  SPM_WAKE_SRC(6, EINT),  \                                   
 ^
/home/satory-ra/Android/kernel/android_kernel_oukitel_orange/drivers/misc/mediatek/mach/mt6735/include/mach/mt_spm_cpu.h:316:29: warning: backslash and newline separated by space
  SPM_WAKE_SRC(7, CONN_WDT), \                                 
 ^
/home/satory-ra/Android/kernel/android_kernel_oukitel_orange/drivers/misc/mediatek/mach/mt6735/include/mach/mt_spm_cpu.h:317:29: warning: backslash and newline separated by space
  SPM_WAKE_SRC(8, CCIF0_MD), \                                 
 ^
/home/satory-ra/Android/kernel/android_kernel_oukitel_orange/drivers/misc/mediatek/mach/mt6735/include/mach/mt_spm_cpu.h:318:28: warning: backslash and newline separated by space
  SPM_WAKE_SRC(9, LOW_BAT), \                                   
 ^
/home/satory-ra/Android/kernel/android_kernel_oukitel_orange/drivers/misc/mediatek/mach/mt6735/include/mach/mt_spm_cpu.h:319:30: warning: backslash and newline separated by space
  SPM_WAKE_SRC(10, MD32_SPM), \                                 
 ^
/home/satory-ra/Android/kernel/android_kernel_oukitel_orange/drivers/misc/mediatek/mach/mt6735/include/mach/mt_spm_cpu.h:320:31: warning: backslash and newline separated by space
  SPM_WAKE_SRC(11, F26M_WAKE), \                               
 ^
/home/satory-ra/Android/kernel/android_kernel_oukitel_orange/drivers/misc/mediatek/mach/mt6735/include/mach/mt_spm_cpu.h:321:32: warning: backslash and newline separated by space
  SPM_WAKE_SRC(12, F26M_SLEEP), \                               
 ^
/home/satory-ra/Android/kernel/android_kernel_oukitel_orange/drivers/misc/mediatek/mach/mt6735/include/mach/mt_spm_cpu.h:322:29: warning: backslash and newline separated by space
  SPM_WAKE_SRC(13, PCM_WDT), \                                 
 ^
/home/satory-ra/Android/kernel/android_kernel_oukitel_orange/drivers/misc/mediatek/mach/mt6735/include/mach/mt_spm_cpu.h:323:28: warning: backslash and newline separated by space
  SPM_WAKE_SRC(14, USB_CD), \                                   
 ^
/home/satory-ra/Android/kernel/android_kernel_oukitel_orange/drivers/misc/mediatek/mach/mt6735/include/mach/mt_spm_cpu.h:324:29: warning: backslash and newline separated by space
  SPM_WAKE_SRC(15, USB_PDN), \                                 
 ^
/home/satory-ra/Android/kernel/android_kernel_oukitel_orange/drivers/misc/mediatek/mach/mt6735/include/mach/mt_spm_cpu.h:325:30: warning: backslash and newline separated by space
  SPM_WAKE_SRC(16, LTE_WAKE), \                                 
 ^
/home/satory-ra/Android/kernel/android_kernel_oukitel_orange/drivers/misc/mediatek/mach/mt6735/include/mach/mt_spm_cpu.h:326:31: warning: backslash and newline separated by space
  SPM_WAKE_SRC(17, LTE_SLEEP), \                               
 ^
/home/satory-ra/Android/kernel/android_kernel_oukitel_orange/drivers/misc/mediatek/mach/mt6735/include/mach/mt_spm_cpu.h:327:30: warning: backslash and newline separated by space
  SPM_WAKE_SRC(18, CCIF1_MD), \                                 
 ^
/home/satory-ra/Android/kernel/android_kernel_oukitel_orange/drivers/misc/mediatek/mach/mt6735/include/mach/mt_spm_cpu.h:328:27: warning: backslash and newline separated by space
  SPM_WAKE_SRC(19, UART0), \                                   
 ^
/home/satory-ra/Android/kernel/android_kernel_oukitel_orange/drivers/misc/mediatek/mach/mt6735/include/mach/mt_spm_cpu.h:329:26: warning: backslash and newline separated by space
  SPM_WAKE_SRC(20, AFE),  \                                   
 ^
/home/satory-ra/Android/kernel/android_kernel_oukitel_orange/drivers/misc/mediatek/mach/mt6735/include/mach/mt_spm_cpu.h:330:27: warning: backslash and newline separated by space
  SPM_WAKE_SRC(21, THERM), \                                   
 ^
/home/satory-ra/Android/kernel/android_kernel_oukitel_orange/drivers/misc/mediatek/mach/mt6735/include/mach/mt_spm_cpu.h:331:27: warning: backslash and newline separated by space
  SPM_WAKE_SRC(22, CIRQ),  \                                   
 ^
/home/satory-ra/Android/kernel/android_kernel_oukitel_orange/drivers/misc/mediatek/mach/mt6735/include/mach/mt_spm_cpu.h:332:29: warning: backslash and newline separated by space
  SPM_WAKE_SRC(23, MD2_WDT), \                                 
 ^
/home/satory-ra/Android/kernel/android_kernel_oukitel_orange/drivers/misc/mediatek/mach/mt6735/include/mach/mt_spm_cpu.h:333:30: warning: backslash and newline separated by space
  SPM_WAKE_SRC(24, SYSPWREQ), \                                 
 ^
/home/satory-ra/Android/kernel/android_kernel_oukitel_orange/drivers/misc/mediatek/mach/mt6735/include/mach/mt_spm_cpu.h:334:28: warning: backslash and newline separated by space
  SPM_WAKE_SRC(25, MD_WDT), \                                   
 ^
/home/satory-ra/Android/kernel/android_kernel_oukitel_orange/drivers/misc/mediatek/mach/mt6735/include/mach/mt_spm_cpu.h:335:30: warning: backslash and newline separated by space
  SPM_WAKE_SRC(26, CLDMA_MD), \                                 
 ^
/home/satory-ra/Android/kernel/android_kernel_oukitel_orange/drivers/misc/mediatek/mach/mt6735/include/mach/mt_spm_cpu.h:336:26: warning: backslash and newline separated by space
  SPM_WAKE_SRC(27, SEJ),  \                                   
 ^
/home/satory-ra/Android/kernel/android_kernel_oukitel_orange/drivers/misc/mediatek/mach/mt6735/include/mach/mt_spm_cpu.h:337:30: warning: backslash and newline separated by space
  SPM_WAKE_SRC(28, ALL_MD32), \                                 
 ^
/home/satory-ra/Android/kernel/android_kernel_oukitel_orange/drivers/misc/mediatek/mach/mt6735/include/mach/mt_spm_cpu.h:338:29: warning: backslash and newline separated by space
  SPM_WAKE_SRC(29, CPU_IRQ), \                                 
 ^
/home/satory-ra/Android/kernel/android_kernel_oukitel_orange/drivers/misc/mediatek/mach/mt6735/include/mach/mt_spm_cpu.h:339:32: warning: backslash and newline separated by space
  SPM_WAKE_SRC(30, APSRC_WAKE), \                               
 ^
/home/satory-ra/Android/kernel/android_kernel_oukitel_orange/drivers/misc/mediatek/mach/mt6735/include/mach/mt_spm_cpu.h:340:32: warning: backslash and newline separated by space
  SPM_WAKE_SRC(31, APSRC_SLEEP) \                               
 ^
  CC      drivers/staging/android/lowmemorykiller.o
  CC      drivers/staging/android/alarm-dev.o
  CC      drivers/staging/android/sync.o
  CC      drivers/misc/mediatek/mach/mt6735/mt_hotplug_strategy_cpu.o
In file included from drivers/misc/mediatek/mach/mt6735/mt_hotplug_strategy_cpu.c:17:0:
/home/satory-ra/Android/kernel/android_kernel_oukitel_orange/drivers/misc/mediatek/mach/mt6735/include/mach/mt_spm_cpu.h:308:29: warning: backslash and newline separated by space
 #define SPM_WAKE_SRC_LIST { \                                   
 ^
/home/satory-ra/Android/kernel/android_kernel_oukitel_orange/drivers/misc/mediatek/mach/mt6735/include/mach/mt_spm_cpu.h:309:59: warning: backslash and newline separated by space
  SPM_WAKE_SRC(0, SPM_MERGE), /* PCM timer, TWAM or CPU */ \   
 ^
/home/satory-ra/Android/kernel/android_kernel_oukitel_orange/drivers/misc/mediatek/mach/mt6735/include/mach/mt_spm_cpu.h:310:29: warning: backslash and newline separated by space
  SPM_WAKE_SRC(1, MD32_WDT), \                                 
 ^
/home/satory-ra/Android/kernel/android_kernel_oukitel_orange/drivers/misc/mediatek/mach/mt6735/include/mach/mt_spm_cpu.h:311:24: warning: backslash and newline separated by space
  SPM_WAKE_SRC(2, KP),  \                                     
 ^
/home/satory-ra/Android/kernel/android_kernel_oukitel_orange/drivers/misc/mediatek/mach/mt6735/include/mach/mt_spm_cpu.h:312:25: warning: backslash and newline separated by space
  SPM_WAKE_SRC(3, WDT),  \                                     
 ^
/home/satory-ra/Android/kernel/android_kernel_oukitel_orange/drivers/misc/mediatek/mach/mt6735/include/mach/mt_spm_cpu.h:313:25: warning: backslash and newline separated by space
  SPM_WAKE_SRC(4, GPT),  \                                     
 ^
/home/satory-ra/Android/kernel/android_kernel_oukitel_orange/drivers/misc/mediatek/mach/mt6735/include/mach/mt_spm_cpu.h:314:28: warning: backslash and newline separated by space
  SPM_WAKE_SRC(5, CONN2AP), \                                   
 ^
/home/satory-ra/Android/kernel/android_kernel_oukitel_orange/drivers/misc/mediatek/mach/mt6735/include/mach/mt_spm_cpu.h:315:26: warning: backslash and newline separated by space
  SPM_WAKE_SRC(6, EINT),  \                                   
 ^
/home/satory-ra/Android/kernel/android_kernel_oukitel_orange/drivers/misc/mediatek/mach/mt6735/include/mach/mt_spm_cpu.h:316:29: warning: backslash and newline separated by space
  SPM_WAKE_SRC(7, CONN_WDT), \                                 
 ^
/home/satory-ra/Android/kernel/android_kernel_oukitel_orange/drivers/misc/mediatek/mach/mt6735/include/mach/mt_spm_cpu.h:317:29: warning: backslash and newline separated by space
  SPM_WAKE_SRC(8, CCIF0_MD), \                                 
 ^
/home/satory-ra/Android/kernel/android_kernel_oukitel_orange/drivers/misc/mediatek/mach/mt6735/include/mach/mt_spm_cpu.h:318:28: warning: backslash and newline separated by space
  SPM_WAKE_SRC(9, LOW_BAT), \                                   
 ^
/home/satory-ra/Android/kernel/android_kernel_oukitel_orange/drivers/misc/mediatek/mach/mt6735/include/mach/mt_spm_cpu.h:319:30: warning: backslash and newline separated by space
  SPM_WAKE_SRC(10, MD32_SPM), \                                 
 ^
/home/satory-ra/Android/kernel/android_kernel_oukitel_orange/drivers/misc/mediatek/mach/mt6735/include/mach/mt_spm_cpu.h:320:31: warning: backslash and newline separated by space
  SPM_WAKE_SRC(11, F26M_WAKE), \                               
 ^
/home/satory-ra/Android/kernel/android_kernel_oukitel_orange/drivers/misc/mediatek/mach/mt6735/include/mach/mt_spm_cpu.h:321:32: warning: backslash and newline separated by space
  SPM_WAKE_SRC(12, F26M_SLEEP), \                               
 ^
/home/satory-ra/Android/kernel/android_kernel_oukitel_orange/drivers/misc/mediatek/mach/mt6735/include/mach/mt_spm_cpu.h:322:29: warning: backslash and newline separated by space
  SPM_WAKE_SRC(13, PCM_WDT), \                                 
 ^
/home/satory-ra/Android/kernel/android_kernel_oukitel_orange/drivers/misc/mediatek/mach/mt6735/include/mach/mt_spm_cpu.h:323:28: warning: backslash and newline separated by space
  SPM_WAKE_SRC(14, USB_CD), \                                   
 ^
/home/satory-ra/Android/kernel/android_kernel_oukitel_orange/drivers/misc/mediatek/mach/mt6735/include/mach/mt_spm_cpu.h:324:29: warning: backslash and newline separated by space
  SPM_WAKE_SRC(15, USB_PDN), \                                 
 ^
/home/satory-ra/Android/kernel/android_kernel_oukitel_orange/drivers/misc/mediatek/mach/mt6735/include/mach/mt_spm_cpu.h:325:30: warning: backslash and newline separated by space
  SPM_WAKE_SRC(16, LTE_WAKE), \                                 
 ^
/home/satory-ra/Android/kernel/android_kernel_oukitel_orange/drivers/misc/mediatek/mach/mt6735/include/mach/mt_spm_cpu.h:326:31: warning: backslash and newline separated by space
  SPM_WAKE_SRC(17, LTE_SLEEP), \                               
 ^
/home/satory-ra/Android/kernel/android_kernel_oukitel_orange/drivers/misc/mediatek/mach/mt6735/include/mach/mt_spm_cpu.h:327:30: warning: backslash and newline separated by space
  SPM_WAKE_SRC(18, CCIF1_MD), \                                 
 ^
/home/satory-ra/Android/kernel/android_kernel_oukitel_orange/drivers/misc/mediatek/mach/mt6735/include/mach/mt_spm_cpu.h:328:27: warning: backslash and newline separated by space
  SPM_WAKE_SRC(19, UART0), \                                   
 ^
/home/satory-ra/Android/kernel/android_kernel_oukitel_orange/drivers/misc/mediatek/mach/mt6735/include/mach/mt_spm_cpu.h:329:26: warning: backslash and newline separated by space
  SPM_WAKE_SRC(20, AFE),  \                                   
 ^
/home/satory-ra/Android/kernel/android_kernel_oukitel_orange/drivers/misc/mediatek/mach/mt6735/include/mach/mt_spm_cpu.h:330:27: warning: backslash and newline separated by space
  SPM_WAKE_SRC(21, THERM), \                                   
 ^
/home/satory-ra/Android/kernel/android_kernel_oukitel_orange/drivers/misc/mediatek/mach/mt6735/include/mach/mt_spm_cpu.h:331:27: warning: backslash and newline separated by space
  SPM_WAKE_SRC(22, CIRQ),  \                                   
 ^
/home/satory-ra/Android/kernel/android_kernel_oukitel_orange/drivers/misc/mediatek/mach/mt6735/include/mach/mt_spm_cpu.h:332:29: warning: backslash and newline separated by space
  SPM_WAKE_SRC(23, MD2_WDT), \                                 
 ^
/home/satory-ra/Android/kernel/android_kernel_oukitel_orange/drivers/misc/mediatek/mach/mt6735/include/mach/mt_spm_cpu.h:333:30: warning: backslash and newline separated by space
  SPM_WAKE_SRC(24, SYSPWREQ), \                                 
 ^
/home/satory-ra/Android/kernel/android_kernel_oukitel_orange/drivers/misc/mediatek/mach/mt6735/include/mach/mt_spm_cpu.h:334:28: warning: backslash and newline separated by space
  SPM_WAKE_SRC(25, MD_WDT), \                                   
 ^
/home/satory-ra/Android/kernel/android_kernel_oukitel_orange/drivers/misc/mediatek/mach/mt6735/include/mach/mt_spm_cpu.h:335:30: warning: backslash and newline separated by space
  SPM_WAKE_SRC(26, CLDMA_MD), \                                 
 ^
/home/satory-ra/Android/kernel/android_kernel_oukitel_orange/drivers/misc/mediatek/mach/mt6735/include/mach/mt_spm_cpu.h:336:26: warning: backslash and newline separated by space
  SPM_WAKE_SRC(27, SEJ),  \                                   
 ^
/home/satory-ra/Android/kernel/android_kernel_oukitel_orange/drivers/misc/mediatek/mach/mt6735/include/mach/mt_spm_cpu.h:337:30: warning: backslash and newline separated by space
  SPM_WAKE_SRC(28, ALL_MD32), \                                 
 ^
/home/satory-ra/Android/kernel/android_kernel_oukitel_orange/drivers/misc/mediatek/mach/mt6735/include/mach/mt_spm_cpu.h:338:29: warning: backslash and newline separated by space
  SPM_WAKE_SRC(29, CPU_IRQ), \                                 
 ^
/home/satory-ra/Android/kernel/android_kernel_oukitel_orange/drivers/misc/mediatek/mach/mt6735/include/mach/mt_spm_cpu.h:339:32: warning: backslash and newline separated by space
  SPM_WAKE_SRC(30, APSRC_WAKE), \                               
 ^
/home/satory-ra/Android/kernel/android_kernel_oukitel_orange/drivers/misc/mediatek/mach/mt6735/include/mach/mt_spm_cpu.h:340:32: warning: backslash and newline separated by space
  SPM_WAKE_SRC(31, APSRC_SLEEP) \                               
 ^
  LD      drivers/scsi/arm/built-in.o
  LD      drivers/scsi/sd_mod.o
  LD      drivers/scsi/scsi_mod.o
  LD      drivers/scsi/scsi_tgt.o
  LD      drivers/scsi/built-in.o
  CC      drivers/misc/mediatek/mach/mt6735/mt_hotplug_strategy_api.o
  CC      drivers/switch/switch_class.o
In file included from drivers/misc/mediatek/mach/mt6735/mt_hotplug_strategy_api.c:17:0:
/home/satory-ra/Android/kernel/android_kernel_oukitel_orange/drivers/misc/mediatek/mach/mt6735/include/mach/mt_spm_cpu.h:308:29: warning: backslash and newline separated by space
 #define SPM_WAKE_SRC_LIST { \                                   
 ^
/home/satory-ra/Android/kernel/android_kernel_oukitel_orange/drivers/misc/mediatek/mach/mt6735/include/mach/mt_spm_cpu.h:309:59: warning: backslash and newline separated by space
  SPM_WAKE_SRC(0, SPM_MERGE), /* PCM timer, TWAM or CPU */ \   
 ^
/home/satory-ra/Android/kernel/android_kernel_oukitel_orange/drivers/misc/mediatek/mach/mt6735/include/mach/mt_spm_cpu.h:310:29: warning: backslash and newline separated by space
  SPM_WAKE_SRC(1, MD32_WDT), \                                 
 ^
/home/satory-ra/Android/kernel/android_kernel_oukitel_orange/drivers/misc/mediatek/mach/mt6735/include/mach/mt_spm_cpu.h:311:24: warning: backslash and newline separated by space
  SPM_WAKE_SRC(2, KP),  \                                     
 ^
/home/satory-ra/Android/kernel/android_kernel_oukitel_orange/drivers/misc/mediatek/mach/mt6735/include/mach/mt_spm_cpu.h:312:25: warning: backslash and newline separated by space
  SPM_WAKE_SRC(3, WDT),  \                                     
 ^
/home/satory-ra/Android/kernel/android_kernel_oukitel_orange/drivers/misc/mediatek/mach/mt6735/include/mach/mt_spm_cpu.h:313:25: warning: backslash and newline separated by space
  SPM_WAKE_SRC(4, GPT),  \                                     
 ^
/home/satory-ra/Android/kernel/android_kernel_oukitel_orange/drivers/misc/mediatek/mach/mt6735/include/mach/mt_spm_cpu.h:314:28: warning: backslash and newline separated by space
  SPM_WAKE_SRC(5, CONN2AP), \                                   
 ^
/home/satory-ra/Android/kernel/android_kernel_oukitel_orange/drivers/misc/mediatek/mach/mt6735/include/mach/mt_spm_cpu.h:315:26: warning: backslash and newline separated by space
  SPM_WAKE_SRC(6, EINT),  \                                   
 ^
/home/satory-ra/Android/kernel/android_kernel_oukitel_orange/drivers/misc/mediatek/mach/mt6735/include/mach/mt_spm_cpu.h:316:29: warning: backslash and newline separated by space
  SPM_WAKE_SRC(7, CONN_WDT), \                                 
 ^
/home/satory-ra/Android/kernel/android_kernel_oukitel_orange/drivers/misc/mediatek/mach/mt6735/include/mach/mt_spm_cpu.h:317:29: warning: backslash and newline separated by space
  SPM_WAKE_SRC(8, CCIF0_MD), \                                 
 ^
/home/satory-ra/Android/kernel/android_kernel_oukitel_orange/drivers/misc/mediatek/mach/mt6735/include/mach/mt_spm_cpu.h:318:28: warning: backslash and newline separated by space
  SPM_WAKE_SRC(9, LOW_BAT), \                                   
 ^
/home/satory-ra/Android/kernel/android_kernel_oukitel_orange/drivers/misc/mediatek/mach/mt6735/include/mach/mt_spm_cpu.h:319:30: warning: backslash and newline separated by space
  SPM_WAKE_SRC(10, MD32_SPM), \                                 
 ^
/home/satory-ra/Android/kernel/android_kernel_oukitel_orange/drivers/misc/mediatek/mach/mt6735/include/mach/mt_spm_cpu.h:320:31: warning: backslash and newline separated by space
  SPM_WAKE_SRC(11, F26M_WAKE), \                               
 ^
/home/satory-ra/Android/kernel/android_kernel_oukitel_orange/drivers/misc/mediatek/mach/mt6735/include/mach/mt_spm_cpu.h:321:32: warning: backslash and newline separated by space
  SPM_WAKE_SRC(12, F26M_SLEEP), \                               
 ^
/home/satory-ra/Android/kernel/android_kernel_oukitel_orange/drivers/misc/mediatek/mach/mt6735/include/mach/mt_spm_cpu.h:322:29: warning: backslash and newline separated by space
  SPM_WAKE_SRC(13, PCM_WDT), \                                 
 ^
/home/satory-ra/Android/kernel/android_kernel_oukitel_orange/drivers/misc/mediatek/mach/mt6735/include/mach/mt_spm_cpu.h:323:28: warning: backslash and newline separated by space
  SPM_WAKE_SRC(14, USB_CD), \                                   
 ^
/home/satory-ra/Android/kernel/android_kernel_oukitel_orange/drivers/misc/mediatek/mach/mt6735/include/mach/mt_spm_cpu.h:324:29: warning: backslash and newline separated by space
  SPM_WAKE_SRC(15, USB_PDN), \                                 
 ^
/home/satory-ra/Android/kernel/android_kernel_oukitel_orange/drivers/misc/mediatek/mach/mt6735/include/mach/mt_spm_cpu.h:325:30: warning: backslash and newline separated by space
  SPM_WAKE_SRC(16, LTE_WAKE), \                                 
 ^
/home/satory-ra/Android/kernel/android_kernel_oukitel_orange/drivers/misc/mediatek/mach/mt6735/include/mach/mt_spm_cpu.h:326:31: warning: backslash and newline separated by space
  SPM_WAKE_SRC(17, LTE_SLEEP), \                               
 ^
/home/satory-ra/Android/kernel/android_kernel_oukitel_orange/drivers/misc/mediatek/mach/mt6735/include/mach/mt_spm_cpu.h:327:30: warning: backslash and newline separated by space
  SPM_WAKE_SRC(18, CCIF1_MD), \                                 
 ^
/home/satory-ra/Android/kernel/android_kernel_oukitel_orange/drivers/misc/mediatek/mach/mt6735/include/mach/mt_spm_cpu.h:328:27: warning: backslash and newline separated by space
  SPM_WAKE_SRC(19, UART0), \                                   
 ^
/home/satory-ra/Android/kernel/android_kernel_oukitel_orange/drivers/misc/mediatek/mach/mt6735/include/mach/mt_spm_cpu.h:329:26: warning: backslash and newline separated by space
  SPM_WAKE_SRC(20, AFE),  \                                   
 ^
/home/satory-ra/Android/kernel/android_kernel_oukitel_orange/drivers/misc/mediatek/mach/mt6735/include/mach/mt_spm_cpu.h:330:27: warning: backslash and newline separated by space
  SPM_WAKE_SRC(21, THERM), \                                   
 ^
/home/satory-ra/Android/kernel/android_kernel_oukitel_orange/drivers/misc/mediatek/mach/mt6735/include/mach/mt_spm_cpu.h:331:27: warning: backslash and newline separated by space
  SPM_WAKE_SRC(22, CIRQ),  \                                   
 ^
/home/satory-ra/Android/kernel/android_kernel_oukitel_orange/drivers/misc/mediatek/mach/mt6735/include/mach/mt_spm_cpu.h:332:29: warning: backslash and newline separated by space
  SPM_WAKE_SRC(23, MD2_WDT), \                                 
 ^
/home/satory-ra/Android/kernel/android_kernel_oukitel_orange/drivers/misc/mediatek/mach/mt6735/include/mach/mt_spm_cpu.h:333:30: warning: backslash and newline separated by space
  SPM_WAKE_SRC(24, SYSPWREQ), \                                 
 ^
/home/satory-ra/Android/kernel/android_kernel_oukitel_orange/drivers/misc/mediatek/mach/mt6735/include/mach/mt_spm_cpu.h:334:28: warning: backslash and newline separated by space
  SPM_WAKE_SRC(25, MD_WDT), \                                   
 ^
/home/satory-ra/Android/kernel/android_kernel_oukitel_orange/drivers/misc/mediatek/mach/mt6735/include/mach/mt_spm_cpu.h:335:30: warning: backslash and newline separated by space
  SPM_WAKE_SRC(26, CLDMA_MD), \                                 
 ^
/home/satory-ra/Android/kernel/android_kernel_oukitel_orange/drivers/misc/mediatek/mach/mt6735/include/mach/mt_spm_cpu.h:336:26: warning: backslash and newline separated by space
  SPM_WAKE_SRC(27, SEJ),  \                                   
 ^
/home/satory-ra/Android/kernel/android_kernel_oukitel_orange/drivers/misc/mediatek/mach/mt6735/include/mach/mt_spm_cpu.h:337:30: warning: backslash and newline separated by space
  SPM_WAKE_SRC(28, ALL_MD32), \                                 
 ^
/home/satory-ra/Android/kernel/android_kernel_oukitel_orange/drivers/misc/mediatek/mach/mt6735/include/mach/mt_spm_cpu.h:338:29: warning: backslash and newline separated by space
  SPM_WAKE_SRC(29, CPU_IRQ), \                                 
 ^
/home/satory-ra/Android/kernel/android_kernel_oukitel_orange/drivers/misc/mediatek/mach/mt6735/include/mach/mt_spm_cpu.h:339:32: warning: backslash and newline separated by space
  SPM_WAKE_SRC(30, APSRC_WAKE), \                               
 ^
/home/satory-ra/Android/kernel/android_kernel_oukitel_orange/drivers/misc/mediatek/mach/mt6735/include/mach/mt_spm_cpu.h:340:32: warning: backslash and newline separated by space
  SPM_WAKE_SRC(31, APSRC_SLEEP) \                               
 ^
  CC      drivers/staging/android/sw_sync.o
  CC      drivers/misc/mediatek/mach/mt6735/mt_hotplug_strategy_algo.o
  LD      drivers/switch/built-in.o
  CC      drivers/thermal/thermal_core.o
In file included from drivers/misc/mediatek/mach/mt6735/mt_hotplug_strategy_algo.c:21:0:
/home/satory-ra/Android/kernel/android_kernel_oukitel_orange/drivers/misc/mediatek/mach/mt6735/include/mach/mt_spm_cpu.h:308:29: warning: backslash and newline separated by space
 #define SPM_WAKE_SRC_LIST { \                                   
 ^
/home/satory-ra/Android/kernel/android_kernel_oukitel_orange/drivers/misc/mediatek/mach/mt6735/include/mach/mt_spm_cpu.h:309:59: warning: backslash and newline separated by space
  SPM_WAKE_SRC(0, SPM_MERGE), /* PCM timer, TWAM or CPU */ \   
 ^
/home/satory-ra/Android/kernel/android_kernel_oukitel_orange/drivers/misc/mediatek/mach/mt6735/include/mach/mt_spm_cpu.h:310:29: warning: backslash and newline separated by space
  SPM_WAKE_SRC(1, MD32_WDT), \                                 
 ^
/home/satory-ra/Android/kernel/android_kernel_oukitel_orange/drivers/misc/mediatek/mach/mt6735/include/mach/mt_spm_cpu.h:311:24: warning: backslash and newline separated by space
  SPM_WAKE_SRC(2, KP),  \                                     
 ^
/home/satory-ra/Android/kernel/android_kernel_oukitel_orange/drivers/misc/mediatek/mach/mt6735/include/mach/mt_spm_cpu.h:312:25: warning: backslash and newline separated by space
  SPM_WAKE_SRC(3, WDT),  \                                     
 ^
/home/satory-ra/Android/kernel/android_kernel_oukitel_orange/drivers/misc/mediatek/mach/mt6735/include/mach/mt_spm_cpu.h:313:25: warning: backslash and newline separated by space
  SPM_WAKE_SRC(4, GPT),  \                                     
 ^
/home/satory-ra/Android/kernel/android_kernel_oukitel_orange/drivers/misc/mediatek/mach/mt6735/include/mach/mt_spm_cpu.h:314:28: warning: backslash and newline separated by space
  SPM_WAKE_SRC(5, CONN2AP), \                                   
 ^
/home/satory-ra/Android/kernel/android_kernel_oukitel_orange/drivers/misc/mediatek/mach/mt6735/include/mach/mt_spm_cpu.h:315:26: warning: backslash and newline separated by space
  SPM_WAKE_SRC(6, EINT),  \                                   
 ^
/home/satory-ra/Android/kernel/android_kernel_oukitel_orange/drivers/misc/mediatek/mach/mt6735/include/mach/mt_spm_cpu.h:316:29: warning: backslash and newline separated by space
  SPM_WAKE_SRC(7, CONN_WDT), \                                 
 ^
/home/satory-ra/Android/kernel/android_kernel_oukitel_orange/drivers/misc/mediatek/mach/mt6735/include/mach/mt_spm_cpu.h:317:29: warning: backslash and newline separated by space
  SPM_WAKE_SRC(8, CCIF0_MD), \                                 
 ^
/home/satory-ra/Android/kernel/android_kernel_oukitel_orange/drivers/misc/mediatek/mach/mt6735/include/mach/mt_spm_cpu.h:318:28: warning: backslash and newline separated by space
  SPM_WAKE_SRC(9, LOW_BAT), \                                   
 ^
/home/satory-ra/Android/kernel/android_kernel_oukitel_orange/drivers/misc/mediatek/mach/mt6735/include/mach/mt_spm_cpu.h:319:30: warning: backslash and newline separated by space
  SPM_WAKE_SRC(10, MD32_SPM), \                                 
 ^
/home/satory-ra/Android/kernel/android_kernel_oukitel_orange/drivers/misc/mediatek/mach/mt6735/include/mach/mt_spm_cpu.h:320:31: warning: backslash and newline separated by space
  SPM_WAKE_SRC(11, F26M_WAKE), \                               
 ^
/home/satory-ra/Android/kernel/android_kernel_oukitel_orange/drivers/misc/mediatek/mach/mt6735/include/mach/mt_spm_cpu.h:321:32: warning: backslash and newline separated by space
  SPM_WAKE_SRC(12, F26M_SLEEP), \                               
 ^
/home/satory-ra/Android/kernel/android_kernel_oukitel_orange/drivers/misc/mediatek/mach/mt6735/include/mach/mt_spm_cpu.h:322:29: warning: backslash and newline separated by space
  SPM_WAKE_SRC(13, PCM_WDT), \                                 
 ^
/home/satory-ra/Android/kernel/android_kernel_oukitel_orange/drivers/misc/mediatek/mach/mt6735/include/mach/mt_spm_cpu.h:323:28: warning: backslash and newline separated by space
  SPM_WAKE_SRC(14, USB_CD), \                                   
 ^
/home/satory-ra/Android/kernel/android_kernel_oukitel_orange/drivers/misc/mediatek/mach/mt6735/include/mach/mt_spm_cpu.h:324:29: warning: backslash and newline separated by space
  SPM_WAKE_SRC(15, USB_PDN), \                                 
 ^
/home/satory-ra/Android/kernel/android_kernel_oukitel_orange/drivers/misc/mediatek/mach/mt6735/include/mach/mt_spm_cpu.h:325:30: warning: backslash and newline separated by space
  SPM_WAKE_SRC(16, LTE_WAKE), \                                 
 ^
/home/satory-ra/Android/kernel/android_kernel_oukitel_orange/drivers/misc/mediatek/mach/mt6735/include/mach/mt_spm_cpu.h:326:31: warning: backslash and newline separated by space
  SPM_WAKE_SRC(17, LTE_SLEEP), \                               
 ^
/home/satory-ra/Android/kernel/android_kernel_oukitel_orange/drivers/misc/mediatek/mach/mt6735/include/mach/mt_spm_cpu.h:327:30: warning: backslash and newline separated by space
  SPM_WAKE_SRC(18, CCIF1_MD), \                                 
 ^
/home/satory-ra/Android/kernel/android_kernel_oukitel_orange/drivers/misc/mediatek/mach/mt6735/include/mach/mt_spm_cpu.h:328:27: warning: backslash and newline separated by space
  SPM_WAKE_SRC(19, UART0), \                                   
 ^
/home/satory-ra/Android/kernel/android_kernel_oukitel_orange/drivers/misc/mediatek/mach/mt6735/include/mach/mt_spm_cpu.h:329:26: warning: backslash and newline separated by space
  SPM_WAKE_SRC(20, AFE),  \                                   
 ^
/home/satory-ra/Android/kernel/android_kernel_oukitel_orange/drivers/misc/mediatek/mach/mt6735/include/mach/mt_spm_cpu.h:330:27: warning: backslash and newline separated by space
  SPM_WAKE_SRC(21, THERM), \                                   
 ^
/home/satory-ra/Android/kernel/android_kernel_oukitel_orange/drivers/misc/mediatek/mach/mt6735/include/mach/mt_spm_cpu.h:331:27: warning: backslash and newline separated by space
  SPM_WAKE_SRC(22, CIRQ),  \                                   
 ^
/home/satory-ra/Android/kernel/android_kernel_oukitel_orange/drivers/misc/mediatek/mach/mt6735/include/mach/mt_spm_cpu.h:332:29: warning: backslash and newline separated by space
  SPM_WAKE_SRC(23, MD2_WDT), \                                 
 ^
/home/satory-ra/Android/kernel/android_kernel_oukitel_orange/drivers/misc/mediatek/mach/mt6735/include/mach/mt_spm_cpu.h:333:30: warning: backslash and newline separated by space
  SPM_WAKE_SRC(24, SYSPWREQ), \                                 
 ^
/home/satory-ra/Android/kernel/android_kernel_oukitel_orange/drivers/misc/mediatek/mach/mt6735/include/mach/mt_spm_cpu.h:334:28: warning: backslash and newline separated by space
  SPM_WAKE_SRC(25, MD_WDT), \                                   
 ^
/home/satory-ra/Android/kernel/android_kernel_oukitel_orange/drivers/misc/mediatek/mach/mt6735/include/mach/mt_spm_cpu.h:335:30: warning: backslash and newline separated by space
  SPM_WAKE_SRC(26, CLDMA_MD), \                                 
 ^
/home/satory-ra/Android/kernel/android_kernel_oukitel_orange/drivers/misc/mediatek/mach/mt6735/include/mach/mt_spm_cpu.h:336:26: warning: backslash and newline separated by space
  SPM_WAKE_SRC(27, SEJ),  \                                   
 ^
/home/satory-ra/Android/kernel/android_kernel_oukitel_orange/drivers/misc/mediatek/mach/mt6735/include/mach/mt_spm_cpu.h:337:30: warning: backslash and newline separated by space
  SPM_WAKE_SRC(28, ALL_MD32), \                                 
 ^
/home/satory-ra/Android/kernel/android_kernel_oukitel_orange/drivers/misc/mediatek/mach/mt6735/include/mach/mt_spm_cpu.h:338:29: warning: backslash and newline separated by space
  SPM_WAKE_SRC(29, CPU_IRQ), \                                 
 ^
/home/satory-ra/Android/kernel/android_kernel_oukitel_orange/drivers/misc/mediatek/mach/mt6735/include/mach/mt_spm_cpu.h:339:32: warning: backslash and newline separated by space
  SPM_WAKE_SRC(30, APSRC_WAKE), \                               
 ^
/home/satory-ra/Android/kernel/android_kernel_oukitel_orange/drivers/misc/mediatek/mach/mt6735/include/mach/mt_spm_cpu.h:340:32: warning: backslash and newline separated by space
  SPM_WAKE_SRC(31, APSRC_SLEEP) \                               
 ^
  LD      drivers/staging/android/built-in.o
  LD      drivers/staging/media/built-in.o
  CC      drivers/staging/zram/zram_drv.o
  CC      drivers/misc/mediatek/mach/mt6735/innercache.o
  CC      drivers/staging/zram/zram_sysfs.o
  CC      drivers/misc/mediatek/mach/mt6735/mt_freqhopping.o
  LD      drivers/staging/zram/zram.o
  LD      drivers/staging/zram/built-in.o
  CC      drivers/staging/zsmalloc/zsmalloc-main.o
  CC      drivers/thermal/backward_compatible.o
  LD      drivers/thermal/thermal_sys.o
  LD      drivers/thermal/built-in.o
  LD      drivers/staging/zsmalloc/zsmalloc.o
  LD      drivers/staging/zsmalloc/built-in.o
  LD      drivers/staging/built-in.o
  CC      drivers/tty/tty_io.o
  CC      drivers/usb/core/usb.o
  CC      drivers/misc/mediatek/mach/mt6735/camera_isp_D2.o
In file included from drivers/misc/mediatek/mach/mt6735/camera_isp_D2.c:46:0:
drivers/misc/mediatek/mach/mt6735/camera_isp_FrmB_D2.c:153:0: warning: "ISP_ADDR" redefined
 #define ISP_ADDR                        (CAMINF_BASE + 0x4000)
 ^
drivers/misc/mediatek/mach/mt6735/camera_isp_FrmB_D2.c:140:0: note: this is the location of the previous definition
 #define ISP_ADDR                                   (gISPSYS_Reg_FrmB[ISP_BASE_ADDR])
 ^
drivers/misc/mediatek/mach/mt6735/camera_isp_FrmB_D2.c:154:0: warning: "ISP_ADDR_CAMINF" redefined
 #define ISP_ADDR_CAMINF                 CAMINF_BASE
 ^
drivers/misc/mediatek/mach/mt6735/camera_isp_FrmB_D2.c:142:0: note: this is the location of the previous definition
 #define ISP_ADDR_CAMINF               (gISPSYS_Reg_FrmB[ISP_IMGSYS_CONFIG_BASE_ADDR])
 ^
In file included from include/linux/irqflags.h:14:0,
                 from /home/satory-ra/Android/kernel/android_kernel_oukitel_orange/arch/arm/include/asm/atomic.h:16,
                 from include/linux/atomic.h:4,
                 from include/linux/sysfs.h:20,
                 from include/linux/kobject.h:21,
                 from include/linux/device.h:17,
                 from drivers/misc/mediatek/mach/mt6735/camera_isp_D2.c:17:
drivers/misc/mediatek/mach/mt6735/camera_isp_FrmB_D2.c: In function 'ISP_GetIRQState_FrmB':
include/linux/typecheck.h:11:18: warning: comparison of distinct pointer types lacks a cast
  (void)(&__dummy == &__dummy2); \
                  ^
include/linux/spinlock.h:198:3: note: in expansion of macro 'typecheck'
   typecheck(unsigned long, flags); \
   ^
include/linux/spinlock.h:323:2: note: in expansion of macro 'raw_spin_lock_irqsave'
  raw_spin_lock_irqsave(spinlock_check(lock), flags); \
  ^
drivers/misc/mediatek/mach/mt6735/camera_isp_FrmB_D2.c:711:5: note: in expansion of macro 'spin_lock_irqsave'
     spin_lock_irqsave(&(IspInfo_FrmB.SpinLockIrq[eIrq]), flags);
     ^
In file included from include/linux/byteorder/little_endian.h:4:0,
                 from /home/satory-ra/Android/kernel/android_kernel_oukitel_orange/arch/arm/include/uapi/asm/byteorder.h:21,
                 from include/asm-generic/bitops/le.h:5,
                 from /home/satory-ra/Android/kernel/android_kernel_oukitel_orange/arch/arm/include/asm/bitops.h:308,
                 from include/linux/bitops.h:22,
                 from include/linux/kernel.h:10,
                 from include/asm-generic/bug.h:13,
                 from /home/satory-ra/Android/kernel/android_kernel_oukitel_orange/arch/arm/include/asm/bug.h:61,
                 from include/linux/bug.h:4,
                 from include/linux/thread_info.h:11,
                 from include/linux/preempt.h:9,
                 from include/linux/spinlock.h:50,
                 from include/linux/kobject.h:23,
                 from include/linux/device.h:17,
                 from drivers/misc/mediatek/mach/mt6735/camera_isp_D2.c:17:
drivers/misc/mediatek/mach/mt6735/camera_isp_FrmB_D2.c: In function 'ISP_DumpDmaDeepDbg':
/home/satory-ra/Android/kernel/android_kernel_oukitel_orange/arch/arm/include/asm/io.h:340:71: warning: passing argument 1 of '__raw_readl' makes pointer from integer without a cast
 #define ioread32(p) ({ unsigned int __v = le32_to_cpu((__force __le32)__raw_readl(p)); __iormb(); __v; })
                                                                       ^
include/uapi/linux/byteorder/little_endian.h:33:51: note: in definition of macro '__le32_to_cpu'
 #define __le32_to_cpu(x) ((__force __u32)(__le32)(x))
                                                   ^
drivers/misc/mediatek/mach/mt6735/camera_isp_FrmB_D2.c:101:33: note: in expansion of macro 'ioread32'
 #define ISP_RD32(addr)          ioread32(addr)
                                 ^
drivers/misc/mediatek/mach/mt6735/camera_isp_FrmB_D2.c:754:35: note: in expansion of macro 'ISP_RD32'
         g_DmaErr_p1[0] = (MUINT32)ISP_RD32(_BASE + 0x1A8);
                                   ^
In file included from include/linux/io.h:22:0,
                 from /home/satory-ra/Android/kernel/android_kernel_oukitel_orange/drivers/misc/mediatek/mach/mt6735/include/mach/sync_write.h:6,
                 from drivers/misc/mediatek/mach/mt6735/camera_isp_D2.c:39:
/home/satory-ra/Android/kernel/android_kernel_oukitel_orange/arch/arm/include/asm/io.h:104:19: note: expected 'const volatile void *' but argument is of type 'long unsigned int'
 static inline u32 __raw_readl(const volatile void __iomem *addr)
                   ^
In file included from include/linux/byteorder/little_endian.h:4:0,
                 from /home/satory-ra/Android/kernel/android_kernel_oukitel_orange/arch/arm/include/uapi/asm/byteorder.h:21,
                 from include/asm-generic/bitops/le.h:5,
                 from /home/satory-ra/Android/kernel/android_kernel_oukitel_orange/arch/arm/include/asm/bitops.h:308,
                 from include/linux/bitops.h:22,
                 from include/linux/kernel.h:10,
                 from include/asm-generic/bug.h:13,
                 from /home/satory-ra/Android/kernel/android_kernel_oukitel_orange/arch/arm/include/asm/bug.h:61,
                 from include/linux/bug.h:4,
                 from include/linux/thread_info.h:11,
                 from include/linux/preempt.h:9,
                 from include/linux/spinlock.h:50,
                 from include/linux/kobject.h:23,
                 from include/linux/device.h:17,
                 from drivers/misc/mediatek/mach/mt6735/camera_isp_D2.c:17:
/home/satory-ra/Android/kernel/android_kernel_oukitel_orange/arch/arm/include/asm/io.h:340:71: warning: passing argument 1 of '__raw_readl' makes pointer from integer without a cast
 #define ioread32(p) ({ unsigned int __v = le32_to_cpu((__force __le32)__raw_readl(p)); __iormb(); __v; })
                                                                       ^
include/uapi/linux/byteorder/little_endian.h:33:51: note: in definition of macro '__le32_to_cpu'
 #define __le32_to_cpu(x) ((__force __u32)(__le32)(x))
                                                   ^
drivers/misc/mediatek/mach/mt6735/camera_isp_FrmB_D2.c:101:33: note: in expansion of macro 'ioread32'
 #define ISP_RD32(addr)          ioread32(addr)
                                 ^
drivers/misc/mediatek/mach/mt6735/camera_isp_FrmB_D2.c:755:35: note: in expansion of macro 'ISP_RD32'
         g_DmaErr_p1[1] = (MUINT32)ISP_RD32(_BASE + 0x1B0);
                                   ^
In file included from include/linux/io.h:22:0,
                 from /home/satory-ra/Android/kernel/android_kernel_oukitel_orange/drivers/misc/mediatek/mach/mt6735/include/mach/sync_write.h:6,
                 from drivers/misc/mediatek/mach/mt6735/camera_isp_D2.c:39:
/home/satory-ra/Android/kernel/android_kernel_oukitel_orange/arch/arm/include/asm/io.h:104:19: note: expected 'const volatile void *' but argument is of type 'long unsigned int'
 static inline u32 __raw_readl(const volatile void __iomem *addr)
                   ^
In file included from include/linux/byteorder/little_endian.h:4:0,
                 from /home/satory-ra/Android/kernel/android_kernel_oukitel_orange/arch/arm/include/uapi/asm/byteorder.h:21,
                 from include/asm-generic/bitops/le.h:5,
                 from /home/satory-ra/Android/kernel/android_kernel_oukitel_orange/arch/arm/include/asm/bitops.h:308,
                 from include/linux/bitops.h:22,
                 from include/linux/kernel.h:10,
                 from include/asm-generic/bug.h:13,
                 from /home/satory-ra/Android/kernel/android_kernel_oukitel_orange/arch/arm/include/asm/bug.h:61,
                 from include/linux/bug.h:4,
                 from include/linux/thread_info.h:11,
                 from include/linux/preempt.h:9,
                 from include/linux/spinlock.h:50,
                 from include/linux/kobject.h:23,
                 from include/linux/device.h:17,
                 from drivers/misc/mediatek/mach/mt6735/camera_isp_D2.c:17:
/home/satory-ra/Android/kernel/android_kernel_oukitel_orange/arch/arm/include/asm/io.h:340:71: warning: passing argument 1 of '__raw_readl' makes pointer from integer without a cast
 #define ioread32(p) ({ unsigned int __v = le32_to_cpu((__force __le32)__raw_readl(p)); __iormb(); __v; })
                                                                       ^
include/uapi/linux/byteorder/little_endian.h:33:51: note: in definition of macro '__le32_to_cpu'
 #define __le32_to_cpu(x) ((__force __u32)(__le32)(x))
                                                   ^
drivers/misc/mediatek/mach/mt6735/camera_isp_FrmB_D2.c:101:33: note: in expansion of macro 'ioread32'
 #define ISP_RD32(addr)          ioread32(addr)
                                 ^
drivers/misc/mediatek/mach/mt6735/camera_isp_FrmB_D2.c:756:35: note: in expansion of macro 'ISP_RD32'
         g_DmaErr_p1[2] = (MUINT32)ISP_RD32(_BASE + 0x1C4);
                                   ^
In file included from include/linux/io.h:22:0,
                 from /home/satory-ra/Android/kernel/android_kernel_oukitel_orange/drivers/misc/mediatek/mach/mt6735/include/mach/sync_write.h:6,
                 from drivers/misc/mediatek/mach/mt6735/camera_isp_D2.c:39:
/home/satory-ra/Android/kernel/android_kernel_oukitel_orange/arch/arm/include/asm/io.h:104:19: note: expected 'const volatile void *' but argument is of type 'long unsigned int'
 static inline u32 __raw_readl(const volatile void __iomem *addr)
                   ^
In file included from include/linux/byteorder/little_endian.h:4:0,
                 from /home/satory-ra/Android/kernel/android_kernel_oukitel_orange/arch/arm/include/uapi/asm/byteorder.h:21,
                 from include/asm-generic/bitops/le.h:5,
                 from /home/satory-ra/Android/kernel/android_kernel_oukitel_orange/arch/arm/include/asm/bitops.h:308,
                 from include/linux/bitops.h:22,
                 from include/linux/kernel.h:10,
                 from include/asm-generic/bug.h:13,
                 from /home/satory-ra/Android/kernel/android_kernel_oukitel_orange/arch/arm/include/asm/bug.h:61,
                 from include/linux/bug.h:4,
                 from include/linux/thread_info.h:11,
                 from include/linux/preempt.h:9,
                 from include/linux/spinlock.h:50,
                 from include/linux/kobject.h:23,
                 from include/linux/device.h:17,
                 from drivers/misc/mediatek/mach/mt6735/camera_isp_D2.c:17:
/home/satory-ra/Android/kernel/android_kernel_oukitel_orange/arch/arm/include/asm/io.h:340:71: warning: passing argument 1 of '__raw_readl' makes pointer from integer without a cast
 #define ioread32(p) ({ unsigned int __v = le32_to_cpu((__force __le32)__raw_readl(p)); __iormb(); __v; })
                                                                       ^
include/uapi/linux/byteorder/little_endian.h:33:51: note: in definition of macro '__le32_to_cpu'
 #define __le32_to_cpu(x) ((__force __u32)(__le32)(x))
                                                   ^
drivers/misc/mediatek/mach/mt6735/camera_isp_FrmB_D2.c:101:33: note: in expansion of macro 'ioread32'
 #define ISP_RD32(addr)          ioread32(addr)
                                 ^
drivers/misc/mediatek/mach/mt6735/camera_isp_FrmB_D2.c:757:35: note: in expansion of macro 'ISP_RD32'
         g_DmaErr_p1[3] = (MUINT32)ISP_RD32(_BASE + 0x1C8);
                                   ^
In file included from include/linux/io.h:22:0,
                 from /home/satory-ra/Android/kernel/android_kernel_oukitel_orange/drivers/misc/mediatek/mach/mt6735/include/mach/sync_write.h:6,
                 from drivers/misc/mediatek/mach/mt6735/camera_isp_D2.c:39:
/home/satory-ra/Android/kernel/android_kernel_oukitel_orange/arch/arm/include/asm/io.h:104:19: note: expected 'const volatile void *' but argument is of type 'long unsigned int'
 static inline u32 __raw_readl(const volatile void __iomem *addr)
                   ^
In file included from include/linux/byteorder/little_endian.h:4:0,
                 from /home/satory-ra/Android/kernel/android_kernel_oukitel_orange/arch/arm/include/uapi/asm/byteorder.h:21,
                 from include/asm-generic/bitops/le.h:5,
                 from /home/satory-ra/Android/kernel/android_kernel_oukitel_orange/arch/arm/include/asm/bitops.h:308,
                 from include/linux/bitops.h:22,
                 from include/linux/kernel.h:10,
                 from include/asm-generic/bug.h:13,
                 from /home/satory-ra/Android/kernel/android_kernel_oukitel_orange/arch/arm/include/asm/bug.h:61,
                 from include/linux/bug.h:4,
                 from include/linux/thread_info.h:11,
                 from include/linux/preempt.h:9,
                 from include/linux/spinlock.h:50,
                 from include/linux/kobject.h:23,
                 from include/linux/device.h:17,
                 from drivers/misc/mediatek/mach/mt6735/camera_isp_D2.c:17:
/home/satory-ra/Android/kernel/android_kernel_oukitel_orange/arch/arm/include/asm/io.h:340:71: warning: passing argument 1 of '__raw_readl' makes pointer from integer without a cast
 #define ioread32(p) ({ unsigned int __v = le32_to_cpu((__force __le32)__raw_readl(p)); __iormb(); __v; })
                                                                       ^
include/uapi/linux/byteorder/little_endian.h:33:51: note: in definition of macro '__le32_to_cpu'
 #define __le32_to_cpu(x) ((__force __u32)(__le32)(x))
                                                   ^
drivers/misc/mediatek/mach/mt6735/camera_isp_FrmB_D2.c:101:33: note: in expansion of macro 'ioread32'
 #define ISP_RD32(addr)          ioread32(addr)
                                 ^
drivers/misc/mediatek/mach/mt6735/camera_isp_FrmB_D2.c:758:35: note: in expansion of macro 'ISP_RD32'
         g_DmaErr_p1[4] = (MUINT32)ISP_RD32(_BASE + 0x1D0);
                                   ^
In file included from include/linux/io.h:22:0,
                 from /home/satory-ra/Android/kernel/android_kernel_oukitel_orange/drivers/misc/mediatek/mach/mt6735/include/mach/sync_write.h:6,
                 from drivers/misc/mediatek/mach/mt6735/camera_isp_D2.c:39:
/home/satory-ra/Android/kernel/android_kernel_oukitel_orange/arch/arm/include/asm/io.h:104:19: note: expected 'const volatile void *' but argument is of type 'long unsigned int'
 static inline u32 __raw_readl(const volatile void __iomem *addr)
                   ^
In file included from include/linux/byteorder/little_endian.h:4:0,
                 from /home/satory-ra/Android/kernel/android_kernel_oukitel_orange/arch/arm/include/uapi/asm/byteorder.h:21,
                 from include/asm-generic/bitops/le.h:5,
                 from /home/satory-ra/Android/kernel/android_kernel_oukitel_orange/arch/arm/include/asm/bitops.h:308,
                 from include/linux/bitops.h:22,
                 from include/linux/kernel.h:10,
                 from include/asm-generic/bug.h:13,
                 from /home/satory-ra/Android/kernel/android_kernel_oukitel_orange/arch/arm/include/asm/bug.h:61,
                 from include/linux/bug.h:4,
                 from include/linux/thread_info.h:11,
                 from include/linux/preempt.h:9,
                 from include/linux/spinlock.h:50,
                 from include/linux/kobject.h:23,
                 from include/linux/device.h:17,
                 from drivers/misc/mediatek/mach/mt6735/camera_isp_D2.c:17:
/home/satory-ra/Android/kernel/android_kernel_oukitel_orange/arch/arm/include/asm/io.h:340:71: warning: passing argument 1 of '__raw_readl' makes pointer from integer without a cast
 #define ioread32(p) ({ unsigned int __v = le32_to_cpu((__force __le32)__raw_readl(p)); __iormb(); __v; })
                                                                       ^
include/uapi/linux/byteorder/little_endian.h:33:51: note: in definition of macro '__le32_to_cpu'
 #define __le32_to_cpu(x) ((__force __u32)(__le32)(x))
                                                   ^
drivers/misc/mediatek/mach/mt6735/camera_isp_FrmB_D2.c:101:33: note: in expansion of macro 'ioread32'
 #define ISP_RD32(addr)          ioread32(addr)
                                 ^
drivers/misc/mediatek/mach/mt6735/camera_isp_FrmB_D2.c:759:35: note: in expansion of macro 'ISP_RD32'
         g_DmaErr_p1[5] = (MUINT32)ISP_RD32(_BASE + 0x1D4);
                                   ^
In file included from include/linux/io.h:22:0,
                 from /home/satory-ra/Android/kernel/android_kernel_oukitel_orange/drivers/misc/mediatek/mach/mt6735/include/mach/sync_write.h:6,
                 from drivers/misc/mediatek/mach/mt6735/camera_isp_D2.c:39:
/home/satory-ra/Android/kernel/android_kernel_oukitel_orange/arch/arm/include/asm/io.h:104:19: note: expected 'const volatile void *' but argument is of type 'long unsigned int'
 static inline u32 __raw_readl(const volatile void __iomem *addr)
                   ^
drivers/misc/mediatek/mach/mt6735/camera_isp_FrmB_D2.c: In function 'ISP_RTBC_ENQUE_FRMB':
/home/satory-ra/Android/kernel/android_kernel_oukitel_orange/arch/arm/include/asm/io.h:347:38: warning: passing argument 2 of '__raw_writel' makes pointer from integer without a cast
 #define iowrite32(v,p) ({ __iowmb(); __raw_writel((__force __u32)cpu_to_le32(v), p); })
                                      ^
drivers/misc/mediatek/mach/mt6735/camera_isp_FrmB_D2.c:100:33: note: in expansion of macro 'iowrite32'
 #define ISP_WR32(addr, data)    iowrite32(data, addr)
                                 ^
drivers/misc/mediatek/mach/mt6735/camera_isp_FrmB_D2.c:1008:13: note: in expansion of macro 'ISP_WR32'
             ISP_WR32(ISP_REG_ADDR_IMGO_BASE_ADDR,pstRTBuf_FrmB->ring_buf[rt_dma].data[index].base_pAddr);
             ^
/home/satory-ra/Android/kernel/android_kernel_oukitel_orange/arch/arm/include/asm/io.h:88:20: note: expected 'volatile void *' but argument is of type 'long unsigned int'
 static inline void __raw_writel(u32 val, volatile void __iomem *addr)
                    ^
/home/satory-ra/Android/kernel/android_kernel_oukitel_orange/arch/arm/include/asm/io.h:347:38: warning: passing argument 2 of '__raw_writel' makes pointer from integer without a cast
 #define iowrite32(v,p) ({ __iowmb(); __raw_writel((__force __u32)cpu_to_le32(v), p); })
                                      ^
drivers/misc/mediatek/mach/mt6735/camera_isp_FrmB_D2.c:100:33: note: in expansion of macro 'iowrite32'
 #define ISP_WR32(addr, data)    iowrite32(data, addr)
                                 ^
drivers/misc/mediatek/mach/mt6735/camera_isp_FrmB_D2.c:1012:13: note: in expansion of macro 'ISP_WR32'
             ISP_WR32(ISP_REG_ADDR_IMG2O_BASE_ADDR,pstRTBuf_FrmB->ring_buf[rt_dma].data[index].base_pAddr);
             ^
/home/satory-ra/Android/kernel/android_kernel_oukitel_orange/arch/arm/include/asm/io.h:88:20: note: expected 'volatile void *' but argument is of type 'long unsigned int'
 static inline void __raw_writel(u32 val, volatile void __iomem *addr)
                    ^
In file included from include/linux/byteorder/little_endian.h:4:0,
                 from /home/satory-ra/Android/kernel/android_kernel_oukitel_orange/arch/arm/include/uapi/asm/byteorder.h:21,
                 from include/asm-generic/bitops/le.h:5,
                 from /home/satory-ra/Android/kernel/android_kernel_oukitel_orange/arch/arm/include/asm/bitops.h:308,
                 from include/linux/bitops.h:22,
                 from include/linux/kernel.h:10,
                 from include/asm-generic/bug.h:13,
                 from /home/satory-ra/Android/kernel/android_kernel_oukitel_orange/arch/arm/include/asm/bug.h:61,
                 from include/linux/bug.h:4,
                 from include/linux/thread_info.h:11,
                 from include/linux/preempt.h:9,
                 from include/linux/spinlock.h:50,
                 from include/linux/kobject.h:23,
                 from include/linux/device.h:17,
                 from drivers/misc/mediatek/mach/mt6735/camera_isp_D2.c:17:
/home/satory-ra/Android/kernel/android_kernel_oukitel_orange/arch/arm/include/asm/io.h:340:71: warning: passing argument 1 of '__raw_readl' makes pointer from integer without a cast
 #define ioread32(p) ({ unsigned int __v = le32_to_cpu((__force __le32)__raw_readl(p)); __iormb(); __v; })
                                                                       ^
include/uapi/linux/byteorder/little_endian.h:33:51: note: in definition of macro '__le32_to_cpu'
 #define __le32_to_cpu(x) ((__force __u32)(__le32)(x))
                                                   ^
drivers/misc/mediatek/mach/mt6735/camera_isp_FrmB_D2.c:101:33: note: in expansion of macro 'ioread32'
 #define ISP_RD32(addr)          ioread32(addr)
                                 ^
include/linux/printk.h:248:38: note: in expansion of macro 'ISP_RD32'
  no_printk(KERN_DEBUG pr_fmt(fmt), ##__VA_ARGS__)
                                      ^
drivers/misc/mediatek/mach/mt6735/camera_isp_FrmB_D2.c:89:37: note: in expansion of macro 'pr_debug'
 #define LOG_DBG(format, args...)    pr_debug(MyTag format, ##args)
                                     ^
drivers/misc/mediatek/mach/mt6735/camera_isp_FrmB_D2.c:1016:13: note: in expansion of macro 'LOG_DBG'
             LOG_DBG("[rtbc][ENQUE]:dma(%d),base_pAddr(0x%x)/imgo(0x%x)/img2o(0x%x)empty_count(%d) ",
             ^
In file included from include/linux/io.h:22:0,
                 from /home/satory-ra/Android/kernel/android_kernel_oukitel_orange/drivers/misc/mediatek/mach/mt6735/include/mach/sync_write.h:6,
                 from drivers/misc/mediatek/mach/mt6735/camera_isp_D2.c:39:
/home/satory-ra/Android/kernel/android_kernel_oukitel_orange/arch/arm/include/asm/io.h:104:19: note: expected 'const volatile void *' but argument is of type 'long unsigned int'
 static inline u32 __raw_readl(const volatile void __iomem *addr)
                   ^
In file included from include/linux/byteorder/little_endian.h:4:0,
                 from /home/satory-ra/Android/kernel/android_kernel_oukitel_orange/arch/arm/include/uapi/asm/byteorder.h:21,
                 from include/asm-generic/bitops/le.h:5,
                 from /home/satory-ra/Android/kernel/android_kernel_oukitel_orange/arch/arm/include/asm/bitops.h:308,
                 from include/linux/bitops.h:22,
                 from include/linux/kernel.h:10,
                 from include/asm-generic/bug.h:13,
                 from /home/satory-ra/Android/kernel/android_kernel_oukitel_orange/arch/arm/include/asm/bug.h:61,
                 from include/linux/bug.h:4,
                 from include/linux/thread_info.h:11,
                 from include/linux/preempt.h:9,
                 from include/linux/spinlock.h:50,
                 from include/linux/kobject.h:23,
                 from include/linux/device.h:17,
                 from drivers/misc/mediatek/mach/mt6735/camera_isp_D2.c:17:
/home/satory-ra/Android/kernel/android_kernel_oukitel_orange/arch/arm/include/asm/io.h:340:71: warning: passing argument 1 of '__raw_readl' makes pointer from integer without a cast
 #define ioread32(p) ({ unsigned int __v = le32_to_cpu((__force __le32)__raw_readl(p)); __iormb(); __v; })
                                                                       ^
include/uapi/linux/byteorder/little_endian.h:33:51: note: in definition of macro '__le32_to_cpu'
 #define __le32_to_cpu(x) ((__force __u32)(__le32)(x))
                                                   ^
drivers/misc/mediatek/mach/mt6735/camera_isp_FrmB_D2.c:101:33: note: in expansion of macro 'ioread32'
 #define ISP_RD32(addr)          ioread32(addr)
                                 ^
include/linux/printk.h:248:38: note: in expansion of macro 'ISP_RD32'
  no_printk(KERN_DEBUG pr_fmt(fmt), ##__VA_ARGS__)
                                      ^
drivers/misc/mediatek/mach/mt6735/camera_isp_FrmB_D2.c:89:37: note: in expansion of macro 'pr_debug'
 #define LOG_DBG(format, args...)    pr_debug(MyTag format, ##args)
                                     ^
drivers/misc/mediatek/mach/mt6735/camera_isp_FrmB_D2.c:1016:13: note: in expansion of macro 'LOG_DBG'
             LOG_DBG("[rtbc][ENQUE]:dma(%d),base_pAddr(0x%x)/imgo(0x%x)/img2o(0x%x)empty_count(%d) ",
             ^
In file included from include/linux/io.h:22:0,
                 from /home/satory-ra/Android/kernel/android_kernel_oukitel_orange/drivers/misc/mediatek/mach/mt6735/include/mach/sync_write.h:6,
                 from drivers/misc/mediatek/mach/mt6735/camera_isp_D2.c:39:
/home/satory-ra/Android/kernel/android_kernel_oukitel_orange/arch/arm/include/asm/io.h:104:19: note: expected 'const volatile void *' but argument is of type 'long unsigned int'
 static inline u32 __raw_readl(const volatile void __iomem *addr)
                   ^
In file included from drivers/misc/mediatek/mach/mt6735/camera_isp_D2.c:46:0:
drivers/misc/mediatek/mach/mt6735/camera_isp_FrmB_D2.c: In function 'ISP_Buf_CTRL_FUNC_FRMB':
drivers/misc/mediatek/mach/mt6735/camera_isp_FrmB_D2.c:1299:9: warning: multi-line comment [-Wcomment]
         //    LOG_DBG("[rtbc]ctrl(0x%x)/buf_id(0x%x)/data_ptr(0x%x)/ex_data_ptr(0x%x)\n", \
         ^
In file included from include/linux/byteorder/little_endian.h:4:0,
                 from /home/satory-ra/Android/kernel/android_kernel_oukitel_orange/arch/arm/include/uapi/asm/byteorder.h:21,
                 from include/asm-generic/bitops/le.h:5,
                 from /home/satory-ra/Android/kernel/android_kernel_oukitel_orange/arch/arm/include/asm/bitops.h:308,
                 from include/linux/bitops.h:22,
                 from include/linux/kernel.h:10,
                 from include/asm-generic/bug.h:13,
                 from /home/satory-ra/Android/kernel/android_kernel_oukitel_orange/arch/arm/include/asm/bug.h:61,
                 from include/linux/bug.h:4,
                 from include/linux/thread_info.h:11,
                 from include/linux/preempt.h:9,
                 from include/linux/spinlock.h:50,
                 from include/linux/kobject.h:23,
                 from include/linux/device.h:17,
                 from drivers/misc/mediatek/mach/mt6735/camera_isp_D2.c:17:
/home/satory-ra/Android/kernel/android_kernel_oukitel_orange/arch/arm/include/asm/io.h:340:71: warning: passing argument 1 of '__raw_readl' makes pointer from integer without a cast
 #define ioread32(p) ({ unsigned int __v = le32_to_cpu((__force __le32)__raw_readl(p)); __iormb(); __v; })
                                                                       ^
include/uapi/linux/byteorder/little_endian.h:33:51: note: in definition of macro '__le32_to_cpu'
 #define __le32_to_cpu(x) ((__force __u32)(__le32)(x))
                                                   ^
drivers/misc/mediatek/mach/mt6735/camera_isp_FrmB_D2.c:101:33: note: in expansion of macro 'ioread32'
 #define ISP_RD32(addr)          ioread32(addr)
                                 ^
drivers/misc/mediatek/mach/mt6735/camera_isp_FrmB_D2.c:1324:46: note: in expansion of macro 'ISP_RD32'
                     p1_fbc[_imgo_].Reg_val = ISP_RD32(ISP_REG_ADDR_IMGO_FBC);
                                              ^
In file included from include/linux/io.h:22:0,
                 from /home/satory-ra/Android/kernel/android_kernel_oukitel_orange/drivers/misc/mediatek/mach/mt6735/include/mach/sync_write.h:6,
                 from drivers/misc/mediatek/mach/mt6735/camera_isp_D2.c:39:
/home/satory-ra/Android/kernel/android_kernel_oukitel_orange/arch/arm/include/asm/io.h:104:19: note: expected 'const volatile void *' but argument is of type 'long unsigned int'
 static inline u32 __raw_readl(const volatile void __iomem *addr)
                   ^
In file included from include/linux/byteorder/little_endian.h:4:0,
                 from /home/satory-ra/Android/kernel/android_kernel_oukitel_orange/arch/arm/include/uapi/asm/byteorder.h:21,
                 from include/asm-generic/bitops/le.h:5,
                 from /home/satory-ra/Android/kernel/android_kernel_oukitel_orange/arch/arm/include/asm/bitops.h:308,
                 from include/linux/bitops.h:22,
                 from include/linux/kernel.h:10,
                 from include/asm-generic/bug.h:13,
                 from /home/satory-ra/Android/kernel/android_kernel_oukitel_orange/arch/arm/include/asm/bug.h:61,
                 from include/linux/bug.h:4,
                 from include/linux/thread_info.h:11,
                 from include/linux/preempt.h:9,
                 from include/linux/spinlock.h:50,
                 from include/linux/kobject.h:23,
                 from include/linux/device.h:17,
                 from drivers/misc/mediatek/mach/mt6735/camera_isp_D2.c:17:
/home/satory-ra/Android/kernel/android_kernel_oukitel_orange/arch/arm/include/asm/io.h:340:71: warning: passing argument 1 of '__raw_readl' makes pointer from integer without a cast
 #define ioread32(p) ({ unsigned int __v = le32_to_cpu((__force __le32)__raw_readl(p)); __iormb(); __v; })
                                                                       ^
include/uapi/linux/byteorder/little_endian.h:33:51: note: in definition of macro '__le32_to_cpu'
 #define __le32_to_cpu(x) ((__force __u32)(__le32)(x))
                                                   ^
drivers/misc/mediatek/mach/mt6735/camera_isp_FrmB_D2.c:101:33: note: in expansion of macro 'ioread32'
 #define ISP_RD32(addr)          ioread32(addr)
                                 ^
drivers/misc/mediatek/mach/mt6735/camera_isp_FrmB_D2.c:1325:47: note: in expansion of macro 'ISP_RD32'
                     p1_fbc[_img2o_].Reg_val = ISP_RD32(ISP_REG_ADDR_IMG2O_FBC);
                                               ^
In file included from include/linux/io.h:22:0,
                 from /home/satory-ra/Android/kernel/android_kernel_oukitel_orange/drivers/misc/mediatek/mach/mt6735/include/mach/sync_write.h:6,
                 from drivers/misc/mediatek/mach/mt6735/camera_isp_D2.c:39:
/home/satory-ra/Android/kernel/android_kernel_oukitel_orange/arch/arm/include/asm/io.h:104:19: note: expected 'const volatile void *' but argument is of type 'long unsigned int'
 static inline u32 __raw_readl(const volatile void __iomem *addr)
                   ^
In file included from include/linux/byteorder/little_endian.h:4:0,
                 from /home/satory-ra/Android/kernel/android_kernel_oukitel_orange/arch/arm/include/uapi/asm/byteorder.h:21,
                 from include/asm-generic/bitops/le.h:5,
                 from /home/satory-ra/Android/kernel/android_kernel_oukitel_orange/arch/arm/include/asm/bitops.h:308,
                 from include/linux/bitops.h:22,
                 from include/linux/kernel.h:10,
                 from include/asm-generic/bug.h:13,
                 from /home/satory-ra/Android/kernel/android_kernel_oukitel_orange/arch/arm/include/asm/bug.h:61,
                 from include/linux/bug.h:4,
                 from include/linux/thread_info.h:11,
                 from include/linux/preempt.h:9,
                 from include/linux/spinlock.h:50,
                 from include/linux/kobject.h:23,
                 from include/linux/device.h:17,
                 from drivers/misc/mediatek/mach/mt6735/camera_isp_D2.c:17:
/home/satory-ra/Android/kernel/android_kernel_oukitel_orange/arch/arm/include/asm/io.h:340:71: warning: passing argument 1 of '__raw_readl' makes pointer from integer without a cast
 #define ioread32(p) ({ unsigned int __v = le32_to_cpu((__force __le32)__raw_readl(p)); __iormb(); __v; })
                                                                       ^
include/uapi/linux/byteorder/little_endian.h:33:51: note: in definition of macro '__le32_to_cpu'
 #define __le32_to_cpu(x) ((__force __u32)(__le32)(x))
                                                   ^
drivers/misc/mediatek/mach/mt6735/camera_isp_FrmB_D2.c:101:33: note: in expansion of macro 'ioread32'
 #define ISP_RD32(addr)          ioread32(addr)
                                 ^
drivers/misc/mediatek/mach/mt6735/camera_isp_FrmB_D2.c:1360:32: note: in expansion of macro 'ISP_RD32'
                     reg_val  = ISP_RD32(ISP_REG_ADDR_TG_VF_CON);
                                ^
In file included from include/linux/io.h:22:0,
                 from /home/satory-ra/Android/kernel/android_kernel_oukitel_orange/drivers/misc/mediatek/mach/mt6735/include/mach/sync_write.h:6,
                 from drivers/misc/mediatek/mach/mt6735/camera_isp_D2.c:39:
/home/satory-ra/Android/kernel/android_kernel_oukitel_orange/arch/arm/include/asm/io.h:104:19: note: expected 'const volatile void *' but argument is of type 'long unsigned int'
 static inline u32 __raw_readl(const volatile void __iomem *addr)
                   ^
In file included from include/linux/irqflags.h:14:0,
                 from /home/satory-ra/Android/kernel/android_kernel_oukitel_orange/arch/arm/include/asm/atomic.h:16,
                 from include/linux/atomic.h:4,
                 from include/linux/sysfs.h:20,
                 from include/linux/kobject.h:21,
                 from include/linux/device.h:17,
                 from drivers/misc/mediatek/mach/mt6735/camera_isp_D2.c:17:
include/linux/typecheck.h:11:18: warning: comparison of distinct pointer types lacks a cast
  (void)(&__dummy == &__dummy2); \
                  ^
include/linux/spinlock.h:198:3: note: in expansion of macro 'typecheck'
   typecheck(unsigned long, flags); \
   ^
include/linux/spinlock.h:323:2: note: in expansion of macro 'raw_spin_lock_irqsave'
  raw_spin_lock_irqsave(spinlock_check(lock), flags); \
  ^
drivers/misc/mediatek/mach/mt6735/camera_isp_FrmB_D2.c:1398:29: note: in expansion of macro 'spin_lock_irqsave'
                             spin_lock_irqsave(&(IspInfo_FrmB.SpinLockIrq[irqT_Lock]), flags);
                             ^
In file included from include/linux/io.h:22:0,
                 from /home/satory-ra/Android/kernel/android_kernel_oukitel_orange/drivers/misc/mediatek/mach/mt6735/include/mach/sync_write.h:6,
                 from drivers/misc/mediatek/mach/mt6735/camera_isp_D2.c:39:
/home/satory-ra/Android/kernel/android_kernel_oukitel_orange/arch/arm/include/asm/io.h:347:38: warning: passing argument 2 of '__raw_writel' makes pointer from integer without a cast
 #define iowrite32(v,p) ({ __iowmb(); __raw_writel((__force __u32)cpu_to_le32(v), p); })
                                      ^
drivers/misc/mediatek/mach/mt6735/camera_isp_FrmB_D2.c:100:33: note: in expansion of macro 'iowrite32'
 #define ISP_WR32(addr, data)    iowrite32(data, addr)
                                 ^
drivers/misc/mediatek/mach/mt6735/camera_isp_FrmB_D2.c:1618:45: note: in expansion of macro 'ISP_WR32'
                                             ISP_WR32(p1_dma_addr_reg[rt_dma],pstRTBuf_FrmB->ring_buf[rt_dma].data[i].base_pAddr);
                                             ^
/home/satory-ra/Android/kernel/android_kernel_oukitel_orange/arch/arm/include/asm/io.h:88:20: note: expected 'volatile void *' but argument is of type 'long unsigned int'
 static inline void __raw_writel(u32 val, volatile void __iomem *addr)
                    ^
/home/satory-ra/Android/kernel/android_kernel_oukitel_orange/arch/arm/include/asm/io.h:347:38: warning: passing argument 2 of '__raw_writel' makes pointer from integer without a cast
 #define iowrite32(v,p) ({ __iowmb(); __raw_writel((__force __u32)cpu_to_le32(v), p); })
                                      ^
drivers/misc/mediatek/mach/mt6735/camera_isp_FrmB_D2.c:100:33: note: in expansion of macro 'iowrite32'
 #define ISP_WR32(addr, data)    iowrite32(data, addr)
                                 ^
drivers/misc/mediatek/mach/mt6735/camera_isp_FrmB_D2.c:1622:45: note: in expansion of macro 'ISP_WR32'
                                             ISP_WR32(p1_fbc_reg[rt_dma],p1_fbc[rt_dma].Reg_val);
                                             ^
/home/satory-ra/Android/kernel/android_kernel_oukitel_orange/arch/arm/include/asm/io.h:88:20: note: expected 'volatile void *' but argument is of type 'long unsigned int'
 static inline void __raw_writel(u32 val, volatile void __iomem *addr)
                    ^
/home/satory-ra/Android/kernel/android_kernel_oukitel_orange/arch/arm/include/asm/io.h:347:38: warning: passing argument 2 of '__raw_writel' makes pointer from integer without a cast
 #define iowrite32(v,p) ({ __iowmb(); __raw_writel((__force __u32)cpu_to_le32(v), p); })
                                      ^
drivers/misc/mediatek/mach/mt6735/camera_isp_FrmB_D2.c:100:33: note: in expansion of macro 'iowrite32'
 #define ISP_WR32(addr, data)    iowrite32(data, addr)
                                 ^
drivers/misc/mediatek/mach/mt6735/camera_isp_FrmB_D2.c:1627:45: note: in expansion of macro 'ISP_WR32'
                                             ISP_WR32(p1_fbc_reg[ch_imgo],p1_fbc[ch_imgo].Reg_val);
                                             ^
/home/satory-ra/Android/kernel/android_kernel_oukitel_orange/arch/arm/include/asm/io.h:88:20: note: expected 'volatile void *' but argument is of type 'long unsigned int'
 static inline void __raw_writel(u32 val, volatile void __iomem *addr)
                    ^
/home/satory-ra/Android/kernel/android_kernel_oukitel_orange/arch/arm/include/asm/io.h:347:38: warning: passing argument 2 of '__raw_writel' makes pointer from integer without a cast
 #define iowrite32(v,p) ({ __iowmb(); __raw_writel((__force __u32)cpu_to_le32(v), p); })
                                      ^
drivers/misc/mediatek/mach/mt6735/camera_isp_FrmB_D2.c:100:33: note: in expansion of macro 'iowrite32'
 #define ISP_WR32(addr, data)    iowrite32(data, addr)
                                 ^
drivers/misc/mediatek/mach/mt6735/camera_isp_FrmB_D2.c:1629:45: note: in expansion of macro 'ISP_WR32'
                                             ISP_WR32(p1_fbc_reg[ch_img2o],p1_fbc[ch_img2o].Reg_val);
                                             ^
/home/satory-ra/Android/kernel/android_kernel_oukitel_orange/arch/arm/include/asm/io.h:88:20: note: expected 'volatile void *' but argument is of type 'long unsigned int'
 static inline void __raw_writel(u32 val, volatile void __iomem *addr)
                    ^
In file included from include/linux/byteorder/little_endian.h:4:0,
                 from /home/satory-ra/Android/kernel/android_kernel_oukitel_orange/arch/arm/include/uapi/asm/byteorder.h:21,
                 from include/asm-generic/bitops/le.h:5,
                 from /home/satory-ra/Android/kernel/android_kernel_oukitel_orange/arch/arm/include/asm/bitops.h:308,
                 from include/linux/bitops.h:22,
                 from include/linux/kernel.h:10,
                 from include/asm-generic/bug.h:13,
                 from /home/satory-ra/Android/kernel/android_kernel_oukitel_orange/arch/arm/include/asm/bug.h:61,
                 from include/linux/bug.h:4,
                 from include/linux/thread_info.h:11,
                 from include/linux/preempt.h:9,
                 from include/linux/spinlock.h:50,
                 from include/linux/kobject.h:23,
                 from include/linux/device.h:17,
                 from drivers/misc/mediatek/mach/mt6735/camera_isp_D2.c:17:
/home/satory-ra/Android/kernel/android_kernel_oukitel_orange/arch/arm/include/asm/io.h:340:71: warning: passing argument 1 of '__raw_readl' makes pointer from integer without a cast
 #define ioread32(p) ({ unsigned int __v = le32_to_cpu((__force __le32)__raw_readl(p)); __iormb(); __v; })
                                                                       ^
include/uapi/linux/byteorder/little_endian.h:33:51: note: in definition of macro '__le32_to_cpu'
 #define __le32_to_cpu(x) ((__force __u32)(__le32)(x))
                                                   ^
drivers/misc/mediatek/mach/mt6735/camera_isp_FrmB_D2.c:101:33: note: in expansion of macro 'ioread32'
 #define ISP_RD32(addr)          ioread32(addr)
                                 ^
include/linux/printk.h:248:38: note: in expansion of macro 'ISP_RD32'
  no_printk(KERN_DEBUG pr_fmt(fmt), ##__VA_ARGS__)
                                      ^
drivers/misc/mediatek/mach/mt6735/camera_isp_FrmB_D2.c:89:37: note: in expansion of macro 'pr_debug'
 #define LOG_DBG(format, args...)    pr_debug(MyTag format, ##args)
                                     ^
drivers/misc/mediatek/mach/mt6735/camera_isp_FrmB_D2.c:1665:33: note: in expansion of macro 'LOG_DBG'
                                 LOG_DBG("[rtbc][ENQUE]:dma(%d),PA(0x%x),O(0x%x),2O(0x%x),fps(%d/%d/%d/%d)us,IMD_%d\n",
                                 ^
In file included from include/linux/io.h:22:0,
                 from /home/satory-ra/Android/kernel/android_kernel_oukitel_orange/drivers/misc/mediatek/mach/mt6735/include/mach/sync_write.h:6,
                 from drivers/misc/mediatek/mach/mt6735/camera_isp_D2.c:39:
/home/satory-ra/Android/kernel/android_kernel_oukitel_orange/arch/arm/include/asm/io.h:104:19: note: expected 'const volatile void *' but argument is of type 'long unsigned int'
 static inline u32 __raw_readl(const volatile void __iomem *addr)
                   ^
In file included from include/linux/byteorder/little_endian.h:4:0,
                 from /home/satory-ra/Android/kernel/android_kernel_oukitel_orange/arch/arm/include/uapi/asm/byteorder.h:21,
                 from include/asm-generic/bitops/le.h:5,
                 from /home/satory-ra/Android/kernel/android_kernel_oukitel_orange/arch/arm/include/asm/bitops.h:308,
                 from include/linux/bitops.h:22,
                 from include/linux/kernel.h:10,
                 from include/asm-generic/bug.h:13,
                 from /home/satory-ra/Android/kernel/android_kernel_oukitel_orange/arch/arm/include/asm/bug.h:61,
                 from include/linux/bug.h:4,
                 from include/linux/thread_info.h:11,
                 from include/linux/preempt.h:9,
                 from include/linux/spinlock.h:50,
                 from include/linux/kobject.h:23,
                 from include/linux/device.h:17,
                 from drivers/misc/mediatek/mach/mt6735/camera_isp_D2.c:17:
/home/satory-ra/Android/kernel/android_kernel_oukitel_orange/arch/arm/include/asm/io.h:340:71: warning: passing argument 1 of '__raw_readl' makes pointer from integer without a cast
 #define ioread32(p) ({ unsigned int __v = le32_to_cpu((__force __le32)__raw_readl(p)); __iormb(); __v; })
                                                                       ^
include/uapi/linux/byteorder/little_endian.h:33:51: note: in definition of macro '__le32_to_cpu'
 #define __le32_to_cpu(x) ((__force __u32)(__le32)(x))
                                                   ^
drivers/misc/mediatek/mach/mt6735/camera_isp_FrmB_D2.c:101:33: note: in expansion of macro 'ioread32'
 #define ISP_RD32(addr)          ioread32(addr)
                                 ^
include/linux/printk.h:248:38: note: in expansion of macro 'ISP_RD32'
  no_printk(KERN_DEBUG pr_fmt(fmt), ##__VA_ARGS__)
                                      ^
drivers/misc/mediatek/mach/mt6735/camera_isp_FrmB_D2.c:89:37: note: in expansion of macro 'pr_debug'
 #define LOG_DBG(format, args...)    pr_debug(MyTag format, ##args)
                                     ^
drivers/misc/mediatek/mach/mt6735/camera_isp_FrmB_D2.c:1665:33: note: in expansion of macro 'LOG_DBG'
                                 LOG_DBG("[rtbc][ENQUE]:dma(%d),PA(0x%x),O(0x%x),2O(0x%x),fps(%d/%d/%d/%d)us,IMD_%d\n",
                                 ^
In file included from include/linux/io.h:22:0,
                 from /home/satory-ra/Android/kernel/android_kernel_oukitel_orange/drivers/misc/mediatek/mach/mt6735/include/mach/sync_write.h:6,
                 from drivers/misc/mediatek/mach/mt6735/camera_isp_D2.c:39:
/home/satory-ra/Android/kernel/android_kernel_oukitel_orange/arch/arm/include/asm/io.h:104:19: note: expected 'const volatile void *' but argument is of type 'long unsigned int'
 static inline u32 __raw_readl(const volatile void __iomem *addr)
                   ^
In file included from include/linux/byteorder/little_endian.h:4:0,
                 from /home/satory-ra/Android/kernel/android_kernel_oukitel_orange/arch/arm/include/uapi/asm/byteorder.h:21,
                 from include/asm-generic/bitops/le.h:5,
                 from /home/satory-ra/Android/kernel/android_kernel_oukitel_orange/arch/arm/include/asm/bitops.h:308,
                 from include/linux/bitops.h:22,
                 from include/linux/kernel.h:10,
                 from include/asm-generic/bug.h:13,
                 from /home/satory-ra/Android/kernel/android_kernel_oukitel_orange/arch/arm/include/asm/bug.h:61,
                 from include/linux/bug.h:4,
                 from include/linux/thread_info.h:11,
                 from include/linux/preempt.h:9,
                 from include/linux/spinlock.h:50,
                 from include/linux/kobject.h:23,
                 from include/linux/device.h:17,
                 from drivers/misc/mediatek/mach/mt6735/camera_isp_D2.c:17:
/home/satory-ra/Android/kernel/android_kernel_oukitel_orange/arch/arm/include/asm/io.h:340:71: warning: passing argument 1 of '__raw_readl' makes pointer from integer without a cast
 #define ioread32(p) ({ unsigned int __v = le32_to_cpu((__force __le32)__raw_readl(p)); __iormb(); __v; })
                                                                       ^
include/uapi/linux/byteorder/little_endian.h:33:51: note: in definition of macro '__le32_to_cpu'
 #define __le32_to_cpu(x) ((__force __u32)(__le32)(x))
                                                   ^
drivers/misc/mediatek/mach/mt6735/camera_isp_FrmB_D2.c:101:33: note: in expansion of macro 'ioread32'
 #define ISP_RD32(addr)          ioread32(addr)
                                 ^
drivers/misc/mediatek/mach/mt6735/camera_isp_FrmB_D2.c:1703:28: note: in expansion of macro 'ISP_RD32'
                 reg_val  = ISP_RD32(ISP_REG_ADDR_TG_VF_CON);
                            ^
In file included from include/linux/io.h:22:0,
                 from /home/satory-ra/Android/kernel/android_kernel_oukitel_orange/drivers/misc/mediatek/mach/mt6735/include/mach/sync_write.h:6,
                 from drivers/misc/mediatek/mach/mt6735/camera_isp_D2.c:39:
/home/satory-ra/Android/kernel/android_kernel_oukitel_orange/arch/arm/include/asm/io.h:104:19: note: expected 'const volatile void *' but argument is of type 'long unsigned int'
 static inline u32 __raw_readl(const volatile void __iomem *addr)
                   ^
In file included from include/linux/irqflags.h:14:0,
                 from /home/satory-ra/Android/kernel/android_kernel_oukitel_orange/arch/arm/include/asm/atomic.h:16,
                 from include/linux/atomic.h:4,
                 from include/linux/sysfs.h:20,
                 from include/linux/kobject.h:21,
                 from include/linux/device.h:17,
                 from drivers/misc/mediatek/mach/mt6735/camera_isp_D2.c:17:
include/linux/typecheck.h:11:18: warning: comparison of distinct pointer types lacks a cast
  (void)(&__dummy == &__dummy2); \
                  ^
include/linux/spinlock.h:198:3: note: in expansion of macro 'typecheck'
   typecheck(unsigned long, flags); \
   ^
include/linux/spinlock.h:323:2: note: in expansion of macro 'raw_spin_lock_irqsave'
  raw_spin_lock_irqsave(spinlock_check(lock), flags); \
  ^
drivers/misc/mediatek/mach/mt6735/camera_isp_FrmB_D2.c:1705:17: note: in expansion of macro 'spin_lock_irqsave'
                 spin_lock_irqsave(&(IspInfo_FrmB.SpinLockIrq[irqT_Lock]), flags);
                 ^
In file included from drivers/misc/mediatek/mach/mt6735/camera_isp_D2.c:46:0:
drivers/misc/mediatek/mach/mt6735/camera_isp_FrmB_D2.c:1759:29: warning: ISO C90 forbids mixed declarations and code [-Wdeclaration-after-statement]
                             MUINT32 _magic = deque_buf.data[i].image.m_num_0;
                             ^
In file included from include/linux/byteorder/little_endian.h:4:0,
                 from /home/satory-ra/Android/kernel/android_kernel_oukitel_orange/arch/arm/include/uapi/asm/byteorder.h:21,
                 from include/asm-generic/bitops/le.h:5,
                 from /home/satory-ra/Android/kernel/android_kernel_oukitel_orange/arch/arm/include/asm/bitops.h:308,
                 from include/linux/bitops.h:22,
                 from include/linux/kernel.h:10,
                 from include/asm-generic/bug.h:13,
                 from /home/satory-ra/Android/kernel/android_kernel_oukitel_orange/arch/arm/include/asm/bug.h:61,
                 from include/linux/bug.h:4,
                 from include/linux/thread_info.h:11,
                 from include/linux/preempt.h:9,
                 from include/linux/spinlock.h:50,
                 from include/linux/kobject.h:23,
                 from include/linux/device.h:17,
                 from drivers/misc/mediatek/mach/mt6735/camera_isp_D2.c:17:
/home/satory-ra/Android/kernel/android_kernel_oukitel_orange/arch/arm/include/asm/io.h:340:71: warning: passing argument 1 of '__raw_readl' makes pointer from integer without a cast
 #define ioread32(p) ({ unsigned int __v = le32_to_cpu((__force __le32)__raw_readl(p)); __iormb(); __v; })
                                                                       ^
include/uapi/linux/byteorder/little_endian.h:33:51: note: in definition of macro '__le32_to_cpu'
 #define __le32_to_cpu(x) ((__force __u32)(__le32)(x))
                                                   ^
drivers/misc/mediatek/mach/mt6735/camera_isp_FrmB_D2.c:101:33: note: in expansion of macro 'ioread32'
 #define ISP_RD32(addr)          ioread32(addr)
                                 ^
drivers/misc/mediatek/mach/mt6735/camera_isp_FrmB_D2.c:1907:28: note: in expansion of macro 'ISP_RD32'
                 reg_val  = ISP_RD32(ISP_REG_ADDR_TG_VF_CON) & 0x1;
                            ^
In file included from include/linux/io.h:22:0,
                 from /home/satory-ra/Android/kernel/android_kernel_oukitel_orange/drivers/misc/mediatek/mach/mt6735/include/mach/sync_write.h:6,
                 from drivers/misc/mediatek/mach/mt6735/camera_isp_D2.c:39:
/home/satory-ra/Android/kernel/android_kernel_oukitel_orange/arch/arm/include/asm/io.h:104:19: note: expected 'const volatile void *' but argument is of type 'long unsigned int'
 static inline u32 __raw_readl(const volatile void __iomem *addr)
                   ^
In file included from include/linux/irqflags.h:14:0,
                 from /home/satory-ra/Android/kernel/android_kernel_oukitel_orange/arch/arm/include/asm/atomic.h:16,
                 from include/linux/atomic.h:4,
                 from include/linux/sysfs.h:20,
                 from include/linux/kobject.h:21,
                 from include/linux/device.h:17,
                 from drivers/misc/mediatek/mach/mt6735/camera_isp_D2.c:17:
include/linux/typecheck.h:11:18: warning: comparison of distinct pointer types lacks a cast
  (void)(&__dummy == &__dummy2); \
                  ^
include/linux/spinlock.h:198:3: note: in expansion of macro 'typecheck'
   typecheck(unsigned long, flags); \
   ^
include/linux/spinlock.h:323:2: note: in expansion of macro 'raw_spin_lock_irqsave'
  raw_spin_lock_irqsave(spinlock_check(lock), flags); \
  ^
drivers/misc/mediatek/mach/mt6735/camera_isp_FrmB_D2.c:1930:17: note: in expansion of macro 'spin_lock_irqsave'
                 spin_lock_irqsave(&(IspInfo_FrmB.SpinLockIrq[irqT_Lock]), flags);
                 ^
In file included from include/linux/string.h:17:0,
                 from include/linux/dynamic_debug.h:111,
                 from include/linux/kernel.h:14,
                 from include/asm-generic/bug.h:13,
                 from /home/satory-ra/Android/kernel/android_kernel_oukitel_orange/arch/arm/include/asm/bug.h:61,
                 from include/linux/bug.h:4,
                 from include/linux/thread_info.h:11,
                 from include/linux/preempt.h:9,
                 from include/linux/spinlock.h:50,
                 from include/linux/kobject.h:23,
                 from include/linux/device.h:17,
                 from drivers/misc/mediatek/mach/mt6735/camera_isp_D2.c:17:
/home/satory-ra/Android/kernel/android_kernel_oukitel_orange/arch/arm/include/asm/string.h:31:16: warning: initialization discards 'volatile' qualifier from pointer target type
    void *__p = (p); size_t __n = n;   \
                ^
drivers/misc/mediatek/mach/mt6735/camera_isp_FrmB_D2.c:1990:25: note: in expansion of macro 'memset'
                         memset(IspInfo_FrmB.IrqInfo.LastestSigTime_usec[ISP_IRQ_TYPE_INT],0,sizeof(MUINT32)*32);
                         ^
/home/satory-ra/Android/kernel/android_kernel_oukitel_orange/arch/arm/include/asm/string.h:31:16: warning: initialization discards 'volatile' qualifier from pointer target type
    void *__p = (p); size_t __n = n;   \
                ^
drivers/misc/mediatek/mach/mt6735/camera_isp_FrmB_D2.c:1991:25: note: in expansion of macro 'memset'
                         memset(IspInfo_FrmB.IrqInfo.LastestSigTime_sec[ISP_IRQ_TYPE_INT],0,sizeof(MUINT32)*32);
                         ^
/home/satory-ra/Android/kernel/android_kernel_oukitel_orange/arch/arm/include/asm/string.h:31:16: warning: initialization discards 'volatile' qualifier from pointer target type
    void *__p = (p); size_t __n = n;   \
                ^
drivers/misc/mediatek/mach/mt6735/camera_isp_FrmB_D2.c:1992:25: note: in expansion of macro 'memset'
                         memset(IspInfo_FrmB.IrqInfo.Eismeta[ISP_IRQ_TYPE_INT],0,sizeof(ISP_EIS_META_STRUCT)*EISMETA_RINGSIZE);
                         ^
In file included from drivers/misc/mediatek/mach/mt6735/camera_isp_D2.c:46:0:
drivers/misc/mediatek/mach/mt6735/camera_isp_FrmB_D2.c:1354:9: warning: enumeration value 'ISP_RT_BUF_CTRL_EXCHANGE_ENQUE_FRMB' not handled in switch [-Wswitch]
         switch(rt_buf_ctrl.ctrl) {
         ^
In file included from include/linux/byteorder/little_endian.h:4:0,
                 from /home/satory-ra/Android/kernel/android_kernel_oukitel_orange/arch/arm/include/uapi/asm/byteorder.h:21,
                 from include/asm-generic/bitops/le.h:5,
                 from /home/satory-ra/Android/kernel/android_kernel_oukitel_orange/arch/arm/include/asm/bitops.h:308,
                 from include/linux/bitops.h:22,
                 from include/linux/kernel.h:10,
                 from include/asm-generic/bug.h:13,
                 from /home/satory-ra/Android/kernel/android_kernel_oukitel_orange/arch/arm/include/asm/bug.h:61,
                 from include/linux/bug.h:4,
                 from include/linux/thread_info.h:11,
                 from include/linux/preempt.h:9,
                 from include/linux/spinlock.h:50,
                 from include/linux/kobject.h:23,
                 from include/linux/device.h:17,
                 from drivers/misc/mediatek/mach/mt6735/camera_isp_D2.c:17:
drivers/misc/mediatek/mach/mt6735/camera_isp_FrmB_D2.c: In function 'ISP_SOF_Buf_Get_FrmB':
/home/satory-ra/Android/kernel/android_kernel_oukitel_orange/arch/arm/include/asm/io.h:340:71: warning: passing argument 1 of '__raw_readl' makes pointer from integer without a cast
 #define ioread32(p) ({ unsigned int __v = le32_to_cpu((__force __le32)__raw_readl(p)); __iormb(); __v; })
                                                                       ^
include/uapi/linux/byteorder/little_endian.h:33:51: note: in definition of macro '__le32_to_cpu'
 #define __le32_to_cpu(x) ((__force __u32)(__le32)(x))
                                                   ^
drivers/misc/mediatek/mach/mt6735/camera_isp_FrmB_D2.c:101:33: note: in expansion of macro 'ioread32'
 #define ISP_RD32(addr)          ioread32(addr)
                                 ^
drivers/misc/mediatek/mach/mt6735/camera_isp_FrmB_D2.c:2285:28: note: in expansion of macro 'ISP_RD32'
             MUINT32 _tmp = ISP_RD32(TG_REG_ADDR_GRAB_W);
                            ^
In file included from include/linux/io.h:22:0,
                 from /home/satory-ra/Android/kernel/android_kernel_oukitel_orange/drivers/misc/mediatek/mach/mt6735/include/mach/sync_write.h:6,
                 from drivers/misc/mediatek/mach/mt6735/camera_isp_D2.c:39:
/home/satory-ra/Android/kernel/android_kernel_oukitel_orange/arch/arm/include/asm/io.h:104:19: note: expected 'const volatile void *' but argument is of type 'long unsigned int'
 static inline u32 __raw_readl(const volatile void __iomem *addr)
                   ^
In file included from include/linux/byteorder/little_endian.h:4:0,
                 from /home/satory-ra/Android/kernel/android_kernel_oukitel_orange/arch/arm/include/uapi/asm/byteorder.h:21,
                 from include/asm-generic/bitops/le.h:5,
                 from /home/satory-ra/Android/kernel/android_kernel_oukitel_orange/arch/arm/include/asm/bitops.h:308,
                 from include/linux/bitops.h:22,
                 from include/linux/kernel.h:10,
                 from include/asm-generic/bug.h:13,
                 from /home/satory-ra/Android/kernel/android_kernel_oukitel_orange/arch/arm/include/asm/bug.h:61,
                 from include/linux/bug.h:4,
                 from include/linux/thread_info.h:11,
                 from include/linux/preempt.h:9,
                 from include/linux/spinlock.h:50,
                 from include/linux/kobject.h:23,
                 from include/linux/device.h:17,
                 from drivers/misc/mediatek/mach/mt6735/camera_isp_D2.c:17:
/home/satory-ra/Android/kernel/android_kernel_oukitel_orange/arch/arm/include/asm/io.h:340:71: warning: passing argument 1 of '__raw_readl' makes pointer from integer without a cast
 #define ioread32(p) ({ unsigned int __v = le32_to_cpu((__force __le32)__raw_readl(p)); __iormb(); __v; })
                                                                       ^
include/uapi/linux/byteorder/little_endian.h:33:51: note: in definition of macro '__le32_to_cpu'
 #define __le32_to_cpu(x) ((__force __u32)(__le32)(x))
                                                   ^
drivers/misc/mediatek/mach/mt6735/camera_isp_FrmB_D2.c:101:33: note: in expansion of macro 'ioread32'
 #define ISP_RD32(addr)          ioread32(addr)
                                 ^
drivers/misc/mediatek/mach/mt6735/camera_isp_FrmB_D2.c:2286:75: note: in expansion of macro 'ISP_RD32'
             pstRTBuf_FrmB->ring_buf[ch_imgo].data[imgo_idx].image.xsize = ISP_RD32(ISP_REG_ADDR_IMGO_XSIZE)&0x3FFF;
                                                                           ^
In file included from include/linux/io.h:22:0,
                 from /home/satory-ra/Android/kernel/android_kernel_oukitel_orange/drivers/misc/mediatek/mach/mt6735/include/mach/sync_write.h:6,
                 from drivers/misc/mediatek/mach/mt6735/camera_isp_D2.c:39:
/home/satory-ra/Android/kernel/android_kernel_oukitel_orange/arch/arm/include/asm/io.h:104:19: note: expected 'const volatile void *' but argument is of type 'long unsigned int'
 static inline u32 __raw_readl(const volatile void __iomem *addr)
                   ^
In file included from drivers/misc/mediatek/mach/mt6735/camera_isp_D2.c:46:0:
drivers/misc/mediatek/mach/mt6735/camera_isp_FrmB_D2.c:2287:91: warning: suggest parentheses around '-' in operand of '&' [-Wparentheses]
             pstRTBuf_FrmB->ring_buf[ch_imgo].data[imgo_idx].image.w = ((_tmp>>16)&0x7FFF) - _tmp&0x7FFF;
                                                                                           ^
In file included from include/linux/byteorder/little_endian.h:4:0,
                 from /home/satory-ra/Android/kernel/android_kernel_oukitel_orange/arch/arm/include/uapi/asm/byteorder.h:21,
                 from include/asm-generic/bitops/le.h:5,
                 from /home/satory-ra/Android/kernel/android_kernel_oukitel_orange/arch/arm/include/asm/bitops.h:308,
                 from include/linux/bitops.h:22,
                 from include/linux/kernel.h:10,
                 from include/asm-generic/bug.h:13,
                 from /home/satory-ra/Android/kernel/android_kernel_oukitel_orange/arch/arm/include/asm/bug.h:61,
                 from include/linux/bug.h:4,
                 from include/linux/thread_info.h:11,
                 from include/linux/preempt.h:9,
                 from include/linux/spinlock.h:50,
                 from include/linux/kobject.h:23,
                 from include/linux/device.h:17,
                 from drivers/misc/mediatek/mach/mt6735/camera_isp_D2.c:17:
/home/satory-ra/Android/kernel/android_kernel_oukitel_orange/arch/arm/include/asm/io.h:340:71: warning: passing argument 1 of '__raw_readl' makes pointer from integer without a cast
 #define ioread32(p) ({ unsigned int __v = le32_to_cpu((__force __le32)__raw_readl(p)); __iormb(); __v; })
                                                                       ^
include/uapi/linux/byteorder/little_endian.h:33:51: note: in definition of macro '__le32_to_cpu'
 #define __le32_to_cpu(x) ((__force __u32)(__le32)(x))
                                                   ^
drivers/misc/mediatek/mach/mt6735/camera_isp_FrmB_D2.c:101:33: note: in expansion of macro 'ioread32'
 #define ISP_RD32(addr)          ioread32(addr)
                                 ^
drivers/misc/mediatek/mach/mt6735/camera_isp_FrmB_D2.c:2288:20: note: in expansion of macro 'ISP_RD32'
             _tmp = ISP_RD32(TG_REG_ADDR_GRAB_H);
                    ^
In file included from include/linux/io.h:22:0,
                 from /home/satory-ra/Android/kernel/android_kernel_oukitel_orange/drivers/misc/mediatek/mach/mt6735/include/mach/sync_write.h:6,
                 from drivers/misc/mediatek/mach/mt6735/camera_isp_D2.c:39:
/home/satory-ra/Android/kernel/android_kernel_oukitel_orange/arch/arm/include/asm/io.h:104:19: note: expected 'const volatile void *' but argument is of type 'long unsigned int'
 static inline u32 __raw_readl(const volatile void __iomem *addr)
                   ^
In file included from drivers/misc/mediatek/mach/mt6735/camera_isp_D2.c:46:0:
drivers/misc/mediatek/mach/mt6735/camera_isp_FrmB_D2.c:2289:91: warning: suggest parentheses around '-' in operand of '&' [-Wparentheses]
             pstRTBuf_FrmB->ring_buf[ch_imgo].data[imgo_idx].image.h = ((_tmp>>16)&0x1FFF) - _tmp&0x1FFF;
                                                                                           ^
In file included from include/linux/byteorder/little_endian.h:4:0,
                 from /home/satory-ra/Android/kernel/android_kernel_oukitel_orange/arch/arm/include/uapi/asm/byteorder.h:21,
                 from include/asm-generic/bitops/le.h:5,
                 from /home/satory-ra/Android/kernel/android_kernel_oukitel_orange/arch/arm/include/asm/bitops.h:308,
                 from include/linux/bitops.h:22,
                 from include/linux/kernel.h:10,
                 from include/asm-generic/bug.h:13,
                 from /home/satory-ra/Android/kernel/android_kernel_oukitel_orange/arch/arm/include/asm/bug.h:61,
                 from include/linux/bug.h:4,
                 from include/linux/thread_info.h:11,
                 from include/linux/preempt.h:9,
                 from include/linux/spinlock.h:50,
                 from include/linux/kobject.h:23,
                 from include/linux/device.h:17,
                 from drivers/misc/mediatek/mach/mt6735/camera_isp_D2.c:17:
/home/satory-ra/Android/kernel/android_kernel_oukitel_orange/arch/arm/include/asm/io.h:340:71: warning: passing argument 1 of '__raw_readl' makes pointer from integer without a cast
 #define ioread32(p) ({ unsigned int __v = le32_to_cpu((__force __le32)__raw_readl(p)); __iormb(); __v; })
                                                                       ^
include/uapi/linux/byteorder/little_endian.h:33:51: note: in definition of macro '__le32_to_cpu'
 #define __le32_to_cpu(x) ((__force __u32)(__le32)(x))
                                                   ^
drivers/misc/mediatek/mach/mt6735/camera_isp_FrmB_D2.c:101:33: note: in expansion of macro 'ioread32'
 #define ISP_RD32(addr)          ioread32(addr)
                                 ^
drivers/misc/mediatek/mach/mt6735/camera_isp_FrmB_D2.c:2290:76: note: in expansion of macro 'ISP_RD32'
             pstRTBuf_FrmB->ring_buf[ch_imgo].data[imgo_idx].image.stride = ISP_RD32(ISP_REG_ADDR_IMGO_STRIDE)&0x3FFF;
                                                                            ^
In file included from include/linux/io.h:22:0,
                 from /home/satory-ra/Android/kernel/android_kernel_oukitel_orange/drivers/misc/mediatek/mach/mt6735/include/mach/sync_write.h:6,
                 from drivers/misc/mediatek/mach/mt6735/camera_isp_D2.c:39:
/home/satory-ra/Android/kernel/android_kernel_oukitel_orange/arch/arm/include/asm/io.h:104:19: note: expected 'const volatile void *' but argument is of type 'long unsigned int'
 static inline u32 __raw_readl(const volatile void __iomem *addr)
                   ^
In file included from include/linux/byteorder/little_endian.h:4:0,
                 from /home/satory-ra/Android/kernel/android_kernel_oukitel_orange/arch/arm/include/uapi/asm/byteorder.h:21,
                 from include/asm-generic/bitops/le.h:5,
                 from /home/satory-ra/Android/kernel/android_kernel_oukitel_orange/arch/arm/include/asm/bitops.h:308,
                 from include/linux/bitops.h:22,
                 from include/linux/kernel.h:10,
                 from include/asm-generic/bug.h:13,
                 from /home/satory-ra/Android/kernel/android_kernel_oukitel_orange/arch/arm/include/asm/bug.h:61,
                 from include/linux/bug.h:4,
                 from include/linux/thread_info.h:11,
                 from include/linux/preempt.h:9,
                 from include/linux/spinlock.h:50,
                 from include/linux/kobject.h:23,
                 from include/linux/device.h:17,
                 from drivers/misc/mediatek/mach/mt6735/camera_isp_D2.c:17:
/home/satory-ra/Android/kernel/android_kernel_oukitel_orange/arch/arm/include/asm/io.h:340:71: warning: passing argument 1 of '__raw_readl' makes pointer from integer without a cast
 #define ioread32(p) ({ unsigned int __v = le32_to_cpu((__force __le32)__raw_readl(p)); __iormb(); __v; })
                                                                       ^
include/uapi/linux/byteorder/little_endian.h:33:51: note: in definition of macro '__le32_to_cpu'
 #define __le32_to_cpu(x) ((__force __u32)(__le32)(x))
                                                   ^
drivers/misc/mediatek/mach/mt6735/camera_isp_FrmB_D2.c:101:33: note: in expansion of macro 'ioread32'
 #define ISP_RD32(addr)          ioread32(addr)
                                 ^
drivers/misc/mediatek/mach/mt6735/camera_isp_FrmB_D2.c:2291:74: note: in expansion of macro 'ISP_RD32'
             pstRTBuf_FrmB->ring_buf[ch_imgo].data[imgo_idx].image.fmt = (ISP_RD32(ISP_REG_ADDR_FMT_SEL_P1)&0xF000)>>12;
                                                                          ^
In file included from include/linux/io.h:22:0,
                 from /home/satory-ra/Android/kernel/android_kernel_oukitel_orange/drivers/misc/mediatek/mach/mt6735/include/mach/sync_write.h:6,
                 from drivers/misc/mediatek/mach/mt6735/camera_isp_D2.c:39:
/home/satory-ra/Android/kernel/android_kernel_oukitel_orange/arch/arm/include/asm/io.h:104:19: note: expected 'const volatile void *' but argument is of type 'long unsigned int'
 static inline u32 __raw_readl(const volatile void __iomem *addr)
                   ^
In file included from include/linux/byteorder/little_endian.h:4:0,
                 from /home/satory-ra/Android/kernel/android_kernel_oukitel_orange/arch/arm/include/uapi/asm/byteorder.h:21,
                 from include/asm-generic/bitops/le.h:5,
                 from /home/satory-ra/Android/kernel/android_kernel_oukitel_orange/arch/arm/include/asm/bitops.h:308,
                 from include/linux/bitops.h:22,
                 from include/linux/kernel.h:10,
                 from include/asm-generic/bug.h:13,
                 from /home/satory-ra/Android/kernel/android_kernel_oukitel_orange/arch/arm/include/asm/bug.h:61,
                 from include/linux/bug.h:4,
                 from include/linux/thread_info.h:11,
                 from include/linux/preempt.h:9,
                 from include/linux/spinlock.h:50,
                 from include/linux/kobject.h:23,
                 from include/linux/device.h:17,
                 from drivers/misc/mediatek/mach/mt6735/camera_isp_D2.c:17:
/home/satory-ra/Android/kernel/android_kernel_oukitel_orange/arch/arm/include/asm/io.h:340:71: warning: passing argument 1 of '__raw_readl' makes pointer from integer without a cast
 #define ioread32(p) ({ unsigned int __v = le32_to_cpu((__force __le32)__raw_readl(p)); __iormb(); __v; })
                                                                       ^
include/uapi/linux/byteorder/little_endian.h:33:51: note: in definition of macro '__le32_to_cpu'
 #define __le32_to_cpu(x) ((__force __u32)(__le32)(x))
                                                   ^
drivers/misc/mediatek/mach/mt6735/camera_isp_FrmB_D2.c:101:33: note: in expansion of macro 'ioread32'
 #define ISP_RD32(addr)          ioread32(addr)
                                 ^
drivers/misc/mediatek/mach/mt6735/camera_isp_FrmB_D2.c:2292:77: note: in expansion of macro 'ISP_RD32'
             pstRTBuf_FrmB->ring_buf[ch_imgo].data[imgo_idx].image.pxl_id = (ISP_RD32(ISP_REG_ADDR_PIX_ID)&0x03);
                                                                             ^
In file included from include/linux/io.h:22:0,
                 from /home/satory-ra/Android/kernel/android_kernel_oukitel_orange/drivers/misc/mediatek/mach/mt6735/include/mach/sync_write.h:6,
                 from drivers/misc/mediatek/mach/mt6735/camera_isp_D2.c:39:
/home/satory-ra/Android/kernel/android_kernel_oukitel_orange/arch/arm/include/asm/io.h:104:19: note: expected 'const volatile void *' but argument is of type 'long unsigned int'
 static inline u32 __raw_readl(const volatile void __iomem *addr)
                   ^
In file included from include/linux/byteorder/little_endian.h:4:0,
                 from /home/satory-ra/Android/kernel/android_kernel_oukitel_orange/arch/arm/include/uapi/asm/byteorder.h:21,
                 from include/asm-generic/bitops/le.h:5,
                 from /home/satory-ra/Android/kernel/android_kernel_oukitel_orange/arch/arm/include/asm/bitops.h:308,
                 from include/linux/bitops.h:22,
                 from include/linux/kernel.h:10,
                 from include/asm-generic/bug.h:13,
                 from /home/satory-ra/Android/kernel/android_kernel_oukitel_orange/arch/arm/include/asm/bug.h:61,
                 from include/linux/bug.h:4,
                 from include/linux/thread_info.h:11,
                 from include/linux/preempt.h:9,
                 from include/linux/spinlock.h:50,
                 from include/linux/kobject.h:23,
                 from include/linux/device.h:17,
                 from drivers/misc/mediatek/mach/mt6735/camera_isp_D2.c:17:
/home/satory-ra/Android/kernel/android_kernel_oukitel_orange/arch/arm/include/asm/io.h:340:71: warning: passing argument 1 of '__raw_readl' makes pointer from integer without a cast
 #define ioread32(p) ({ unsigned int __v = le32_to_cpu((__force __le32)__raw_readl(p)); __iormb(); __v; })
                                                                       ^
include/uapi/linux/byteorder/little_endian.h:33:51: note: in definition of macro '__le32_to_cpu'
 #define __le32_to_cpu(x) ((__force __u32)(__le32)(x))
                                                   ^
drivers/misc/mediatek/mach/mt6735/camera_isp_FrmB_D2.c:101:33: note: in expansion of macro 'ioread32'
 #define ISP_RD32(addr)          ioread32(addr)
                                 ^
drivers/misc/mediatek/mach/mt6735/camera_isp_FrmB_D2.c:2293:77: note: in expansion of macro 'ISP_RD32'
             pstRTBuf_FrmB->ring_buf[ch_imgo].data[imgo_idx].image.m_num_0 = ISP_RD32(ISP_REG_ADDR_TG_MAGIC_0);
                                                                             ^
In file included from include/linux/io.h:22:0,
                 from /home/satory-ra/Android/kernel/android_kernel_oukitel_orange/drivers/misc/mediatek/mach/mt6735/include/mach/sync_write.h:6,
                 from drivers/misc/mediatek/mach/mt6735/camera_isp_D2.c:39:
/home/satory-ra/Android/kernel/android_kernel_oukitel_orange/arch/arm/include/asm/io.h:104:19: note: expected 'const volatile void *' but argument is of type 'long unsigned int'
 static inline u32 __raw_readl(const volatile void __iomem *addr)
                   ^
In file included from include/linux/byteorder/little_endian.h:4:0,
                 from /home/satory-ra/Android/kernel/android_kernel_oukitel_orange/arch/arm/include/uapi/asm/byteorder.h:21,
                 from include/asm-generic/bitops/le.h:5,
                 from /home/satory-ra/Android/kernel/android_kernel_oukitel_orange/arch/arm/include/asm/bitops.h:308,
                 from include/linux/bitops.h:22,
                 from include/linux/kernel.h:10,
                 from include/asm-generic/bug.h:13,
                 from /home/satory-ra/Android/kernel/android_kernel_oukitel_orange/arch/arm/include/asm/bug.h:61,
                 from include/linux/bug.h:4,
                 from include/linux/thread_info.h:11,
                 from include/linux/preempt.h:9,
                 from include/linux/spinlock.h:50,
                 from include/linux/kobject.h:23,
                 from include/linux/device.h:17,
                 from drivers/misc/mediatek/mach/mt6735/camera_isp_D2.c:17:
/home/satory-ra/Android/kernel/android_kernel_oukitel_orange/arch/arm/include/asm/io.h:340:71: warning: passing argument 1 of '__raw_readl' makes pointer from integer without a cast
 #define ioread32(p) ({ unsigned int __v = le32_to_cpu((__force __le32)__raw_readl(p)); __iormb(); __v; })
                                                                       ^
include/uapi/linux/byteorder/little_endian.h:33:51: note: in definition of macro '__le32_to_cpu'
 #define __le32_to_cpu(x) ((__force __u32)(__le32)(x))
                                                   ^
drivers/misc/mediatek/mach/mt6735/camera_isp_FrmB_D2.c:101:33: note: in expansion of macro 'ioread32'
 #define ISP_RD32(addr)          ioread32(addr)
                                 ^
drivers/misc/mediatek/mach/mt6735/camera_isp_FrmB_D2.c:2294:78: note: in expansion of macro 'ISP_RD32'
             pstRTBuf_FrmB->ring_buf[ch_imgo].data[imgo_idx].image.frm_cnt = (ISP_RD32(ISP_REG_ADDR_TG_INTER_ST)&0x00FF0000)>>16;
                                                                              ^
In file included from include/linux/io.h:22:0,
                 from /home/satory-ra/Android/kernel/android_kernel_oukitel_orange/drivers/misc/mediatek/mach/mt6735/include/mach/sync_write.h:6,
                 from drivers/misc/mediatek/mach/mt6735/camera_isp_D2.c:39:
/home/satory-ra/Android/kernel/android_kernel_oukitel_orange/arch/arm/include/asm/io.h:104:19: note: expected 'const volatile void *' but argument is of type 'long unsigned int'
 static inline u32 __raw_readl(const volatile void __iomem *addr)
                   ^
In file included from include/linux/byteorder/little_endian.h:4:0,
                 from /home/satory-ra/Android/kernel/android_kernel_oukitel_orange/arch/arm/include/uapi/asm/byteorder.h:21,
                 from include/asm-generic/bitops/le.h:5,
                 from /home/satory-ra/Android/kernel/android_kernel_oukitel_orange/arch/arm/include/asm/bitops.h:308,
                 from include/linux/bitops.h:22,
                 from include/linux/kernel.h:10,
                 from include/asm-generic/bug.h:13,
                 from /home/satory-ra/Android/kernel/android_kernel_oukitel_orange/arch/arm/include/asm/bug.h:61,
                 from include/linux/bug.h:4,
                 from include/linux/thread_info.h:11,
                 from include/linux/preempt.h:9,
                 from include/linux/spinlock.h:50,
                 from include/linux/kobject.h:23,
                 from include/linux/device.h:17,
                 from drivers/misc/mediatek/mach/mt6735/camera_isp_D2.c:17:
/home/satory-ra/Android/kernel/android_kernel_oukitel_orange/arch/arm/include/asm/io.h:340:71: warning: passing argument 1 of '__raw_readl' makes pointer from integer without a cast
 #define ioread32(p) ({ unsigned int __v = le32_to_cpu((__force __le32)__raw_readl(p)); __iormb(); __v; })
                                                                       ^
include/uapi/linux/byteorder/little_endian.h:33:51: note: in definition of macro '__le32_to_cpu'
 #define __le32_to_cpu(x) ((__force __u32)(__le32)(x))
                                                   ^
drivers/misc/mediatek/mach/mt6735/camera_isp_FrmB_D2.c:101:33: note: in expansion of macro 'ioread32'
 #define ISP_RD32(addr)          ioread32(addr)
                                 ^
drivers/misc/mediatek/mach/mt6735/camera_isp_FrmB_D2.c:2295:74: note: in expansion of macro 'ISP_RD32'
             pstRTBuf_FrmB->ring_buf[ch_imgo].data[imgo_idx].dmaoCrop.x = ISP_RD32(ISP_REG_ADDR_IMGO_CROP) & 0x3fff;
                                                                          ^
In file included from include/linux/io.h:22:0,
                 from /home/satory-ra/Android/kernel/android_kernel_oukitel_orange/drivers/misc/mediatek/mach/mt6735/include/mach/sync_write.h:6,
                 from drivers/misc/mediatek/mach/mt6735/camera_isp_D2.c:39:
/home/satory-ra/Android/kernel/android_kernel_oukitel_orange/arch/arm/include/asm/io.h:104:19: note: expected 'const volatile void *' but argument is of type 'long unsigned int'
 static inline u32 __raw_readl(const volatile void __iomem *addr)
                   ^
In file included from include/linux/byteorder/little_endian.h:4:0,
                 from /home/satory-ra/Android/kernel/android_kernel_oukitel_orange/arch/arm/include/uapi/asm/byteorder.h:21,
                 from include/asm-generic/bitops/le.h:5,
                 from /home/satory-ra/Android/kernel/android_kernel_oukitel_orange/arch/arm/include/asm/bitops.h:308,
                 from include/linux/bitops.h:22,
                 from include/linux/kernel.h:10,
                 from include/asm-generic/bug.h:13,
                 from /home/satory-ra/Android/kernel/android_kernel_oukitel_orange/arch/arm/include/asm/bug.h:61,
                 from include/linux/bug.h:4,
                 from include/linux/thread_info.h:11,
                 from include/linux/preempt.h:9,
                 from include/linux/spinlock.h:50,
                 from include/linux/kobject.h:23,
                 from include/linux/device.h:17,
                 from drivers/misc/mediatek/mach/mt6735/camera_isp_D2.c:17:
/home/satory-ra/Android/kernel/android_kernel_oukitel_orange/arch/arm/include/asm/io.h:340:71: warning: passing argument 1 of '__raw_readl' makes pointer from integer without a cast
 #define ioread32(p) ({ unsigned int __v = le32_to_cpu((__force __le32)__raw_readl(p)); __iormb(); __v; })
                                                                       ^
include/uapi/linux/byteorder/little_endian.h:33:51: note: in definition of macro '__le32_to_cpu'
 #define __le32_to_cpu(x) ((__force __u32)(__le32)(x))
                                                   ^
drivers/misc/mediatek/mach/mt6735/camera_isp_FrmB_D2.c:101:33: note: in expansion of macro 'ioread32'
 #define ISP_RD32(addr)          ioread32(addr)
                                 ^
drivers/misc/mediatek/mach/mt6735/camera_isp_FrmB_D2.c:2296:75: note: in expansion of macro 'ISP_RD32'
             pstRTBuf_FrmB->ring_buf[ch_imgo].data[imgo_idx].dmaoCrop.y = (ISP_RD32(ISP_REG_ADDR_IMGO_CROP)>>16) & 0x1fff;
                                                                           ^
In file included from include/linux/io.h:22:0,
                 from /home/satory-ra/Android/kernel/android_kernel_oukitel_orange/drivers/misc/mediatek/mach/mt6735/include/mach/sync_write.h:6,
                 from drivers/misc/mediatek/mach/mt6735/camera_isp_D2.c:39:
/home/satory-ra/Android/kernel/android_kernel_oukitel_orange/arch/arm/include/asm/io.h:104:19: note: expected 'const volatile void *' but argument is of type 'long unsigned int'
 static inline u32 __raw_readl(const volatile void __iomem *addr)
                   ^
In file included from include/linux/byteorder/little_endian.h:4:0,
                 from /home/satory-ra/Android/kernel/android_kernel_oukitel_orange/arch/arm/include/uapi/asm/byteorder.h:21,
                 from include/asm-generic/bitops/le.h:5,
                 from /home/satory-ra/Android/kernel/android_kernel_oukitel_orange/arch/arm/include/asm/bitops.h:308,
                 from include/linux/bitops.h:22,
                 from include/linux/kernel.h:10,
                 from include/asm-generic/bug.h:13,
                 from /home/satory-ra/Android/kernel/android_kernel_oukitel_orange/arch/arm/include/asm/bug.h:61,
                 from include/linux/bug.h:4,
                 from include/linux/thread_info.h:11,
                 from include/linux/preempt.h:9,
                 from include/linux/spinlock.h:50,
                 from include/linux/kobject.h:23,
                 from include/linux/device.h:17,
                 from drivers/misc/mediatek/mach/mt6735/camera_isp_D2.c:17:
/home/satory-ra/Android/kernel/android_kernel_oukitel_orange/arch/arm/include/asm/io.h:340:71: warning: passing argument 1 of '__raw_readl' makes pointer from integer without a cast
 #define ioread32(p) ({ unsigned int __v = le32_to_cpu((__force __le32)__raw_readl(p)); __iormb(); __v; })
                                                                       ^
include/uapi/linux/byteorder/little_endian.h:33:51: note: in definition of macro '__le32_to_cpu'
 #define __le32_to_cpu(x) ((__force __u32)(__le32)(x))
                                                   ^
drivers/misc/mediatek/mach/mt6735/camera_isp_FrmB_D2.c:101:33: note: in expansion of macro 'ioread32'
 #define ISP_RD32(addr)          ioread32(addr)
                                 ^
drivers/misc/mediatek/mach/mt6735/camera_isp_FrmB_D2.c:2297:75: note: in expansion of macro 'ISP_RD32'
             pstRTBuf_FrmB->ring_buf[ch_imgo].data[imgo_idx].dmaoCrop.w = (ISP_RD32(ISP_REG_ADDR_IMGO_XSIZE)&0x3FFF) + 1;
                                                                           ^
In file included from include/linux/io.h:22:0,
                 from /home/satory-ra/Android/kernel/android_kernel_oukitel_orange/drivers/misc/mediatek/mach/mt6735/include/mach/sync_write.h:6,
                 from drivers/misc/mediatek/mach/mt6735/camera_isp_D2.c:39:
/home/satory-ra/Android/kernel/android_kernel_oukitel_orange/arch/arm/include/asm/io.h:104:19: note: expected 'const volatile void *' but argument is of type 'long unsigned int'
 static inline u32 __raw_readl(const volatile void __iomem *addr)
                   ^
In file included from include/linux/byteorder/little_endian.h:4:0,
                 from /home/satory-ra/Android/kernel/android_kernel_oukitel_orange/arch/arm/include/uapi/asm/byteorder.h:21,
                 from include/asm-generic/bitops/le.h:5,
                 from /home/satory-ra/Android/kernel/android_kernel_oukitel_orange/arch/arm/include/asm/bitops.h:308,
                 from include/linux/bitops.h:22,
                 from include/linux/kernel.h:10,
                 from include/asm-generic/bug.h:13,
                 from /home/satory-ra/Android/kernel/android_kernel_oukitel_orange/arch/arm/include/asm/bug.h:61,
                 from include/linux/bug.h:4,
                 from include/linux/thread_info.h:11,
                 from include/linux/preempt.h:9,
                 from include/linux/spinlock.h:50,
                 from include/linux/kobject.h:23,
                 from include/linux/device.h:17,
                 from drivers/misc/mediatek/mach/mt6735/camera_isp_D2.c:17:
/home/satory-ra/Android/kernel/android_kernel_oukitel_orange/arch/arm/include/asm/io.h:340:71: warning: passing argument 1 of '__raw_readl' makes pointer from integer without a cast
 #define ioread32(p) ({ unsigned int __v = le32_to_cpu((__force __le32)__raw_readl(p)); __iormb(); __v; })
                                                                       ^
include/uapi/linux/byteorder/little_endian.h:33:51: note: in definition of macro '__le32_to_cpu'
 #define __le32_to_cpu(x) ((__force __u32)(__le32)(x))
                                                   ^
drivers/misc/mediatek/mach/mt6735/camera_isp_FrmB_D2.c:101:33: note: in expansion of macro 'ioread32'
 #define ISP_RD32(addr)          ioread32(addr)
                                 ^
drivers/misc/mediatek/mach/mt6735/camera_isp_FrmB_D2.c:2298:75: note: in expansion of macro 'ISP_RD32'
             pstRTBuf_FrmB->ring_buf[ch_imgo].data[imgo_idx].dmaoCrop.h = (ISP_RD32(ISP_REG_ADDR_IMGO_YSIZE)&0x1FFF) + 1;
                                                                           ^
In file included from include/linux/io.h:22:0,
                 from /home/satory-ra/Android/kernel/android_kernel_oukitel_orange/drivers/misc/mediatek/mach/mt6735/include/mach/sync_write.h:6,
                 from drivers/misc/mediatek/mach/mt6735/camera_isp_D2.c:39:
/home/satory-ra/Android/kernel/android_kernel_oukitel_orange/arch/arm/include/asm/io.h:104:19: note: expected 'const volatile void *' but argument is of type 'long unsigned int'
 static inline u32 __raw_readl(const volatile void __iomem *addr)
                   ^
  CC      drivers/usb/core/hub.o
In file included from include/linux/byteorder/little_endian.h:4:0,
                 from /home/satory-ra/Android/kernel/android_kernel_oukitel_orange/arch/arm/include/uapi/asm/byteorder.h:21,
                 from include/asm-generic/bitops/le.h:5,
                 from /home/satory-ra/Android/kernel/android_kernel_oukitel_orange/arch/arm/include/asm/bitops.h:308,
                 from include/linux/bitops.h:22,
                 from include/linux/kernel.h:10,
                 from include/asm-generic/bug.h:13,
                 from /home/satory-ra/Android/kernel/android_kernel_oukitel_orange/arch/arm/include/asm/bug.h:61,
                 from include/linux/bug.h:4,
                 from include/linux/thread_info.h:11,
                 from include/linux/preempt.h:9,
                 from include/linux/spinlock.h:50,
                 from include/linux/kobject.h:23,
                 from include/linux/device.h:17,
                 from drivers/misc/mediatek/mach/mt6735/camera_isp_D2.c:17:
/home/satory-ra/Android/kernel/android_kernel_oukitel_orange/arch/arm/include/asm/io.h:340:71: warning: passing argument 1 of '__raw_readl' makes pointer from integer without a cast
 #define ioread32(p) ({ unsigned int __v = le32_to_cpu((__force __le32)__raw_readl(p)); __iormb(); __v; })
                                                                       ^
include/uapi/linux/byteorder/little_endian.h:33:51: note: in definition of macro '__le32_to_cpu'
 #define __le32_to_cpu(x) ((__force __u32)(__le32)(x))
                                                   ^
drivers/misc/mediatek/mach/mt6735/camera_isp_FrmB_D2.c:101:33: note: in expansion of macro 'ioread32'
 #define ISP_RD32(addr)          ioread32(addr)
                                 ^
drivers/misc/mediatek/mach/mt6735/camera_isp_FrmB_D2.c:2304:77: note: in expansion of macro 'ISP_RD32'
             pstRTBuf_FrmB->ring_buf[ch_img2o].data[img2o_idx].image.xsize = ISP_RD32(ISP_REG_ADDR_IMG2O_XSIZE)&0x3FFF;
                                                                             ^
In file included from include/linux/io.h:22:0,
                 from /home/satory-ra/Android/kernel/android_kernel_oukitel_orange/drivers/misc/mediatek/mach/mt6735/include/mach/sync_write.h:6,
                 from drivers/misc/mediatek/mach/mt6735/camera_isp_D2.c:39:
/home/satory-ra/Android/kernel/android_kernel_oukitel_orange/arch/arm/include/asm/io.h:104:19: note: expected 'const volatile void *' but argument is of type 'long unsigned int'
 static inline u32 __raw_readl(const volatile void __iomem *addr)
                   ^
In file included from include/linux/byteorder/little_endian.h:4:0,
                 from /home/satory-ra/Android/kernel/android_kernel_oukitel_orange/arch/arm/include/uapi/asm/byteorder.h:21,
                 from include/asm-generic/bitops/le.h:5,
                 from /home/satory-ra/Android/kernel/android_kernel_oukitel_orange/arch/arm/include/asm/bitops.h:308,
                 from include/linux/bitops.h:22,
                 from include/linux/kernel.h:10,
                 from include/asm-generic/bug.h:13,
                 from /home/satory-ra/Android/kernel/android_kernel_oukitel_orange/arch/arm/include/asm/bug.h:61,
                 from include/linux/bug.h:4,
                 from include/linux/thread_info.h:11,
                 from include/linux/preempt.h:9,
                 from include/linux/spinlock.h:50,
                 from include/linux/kobject.h:23,
                 from include/linux/device.h:17,
                 from drivers/misc/mediatek/mach/mt6735/camera_isp_D2.c:17:
/home/satory-ra/Android/kernel/android_kernel_oukitel_orange/arch/arm/include/asm/io.h:340:71: warning: passing argument 1 of '__raw_readl' makes pointer from integer without a cast
 #define ioread32(p) ({ unsigned int __v = le32_to_cpu((__force __le32)__raw_readl(p)); __iormb(); __v; })
                                                                       ^
include/uapi/linux/byteorder/little_endian.h:33:51: note: in definition of macro '__le32_to_cpu'
 #define __le32_to_cpu(x) ((__force __u32)(__le32)(x))
                                                   ^
drivers/misc/mediatek/mach/mt6735/camera_isp_FrmB_D2.c:101:33: note: in expansion of macro 'ioread32'
 #define ISP_RD32(addr)          ioread32(addr)
                                 ^
drivers/misc/mediatek/mach/mt6735/camera_isp_FrmB_D2.c:2306:74: note: in expansion of macro 'ISP_RD32'
             pstRTBuf_FrmB->ring_buf[ch_img2o].data[img2o_idx].image.h = (ISP_RD32(ISP_REG_ADDR_IMG2O_YSIZE)&0x1FFF) + 1;
                                                                          ^
In file included from include/linux/io.h:22:0,
                 from /home/satory-ra/Android/kernel/android_kernel_oukitel_orange/drivers/misc/mediatek/mach/mt6735/include/mach/sync_write.h:6,
                 from drivers/misc/mediatek/mach/mt6735/camera_isp_D2.c:39:
/home/satory-ra/Android/kernel/android_kernel_oukitel_orange/arch/arm/include/asm/io.h:104:19: note: expected 'const volatile void *' but argument is of type 'long unsigned int'
 static inline u32 __raw_readl(const volatile void __iomem *addr)
                   ^
In file included from include/linux/byteorder/little_endian.h:4:0,
                 from /home/satory-ra/Android/kernel/android_kernel_oukitel_orange/arch/arm/include/uapi/asm/byteorder.h:21,
                 from include/asm-generic/bitops/le.h:5,
                 from /home/satory-ra/Android/kernel/android_kernel_oukitel_orange/arch/arm/include/asm/bitops.h:308,
                 from include/linux/bitops.h:22,
                 from include/linux/kernel.h:10,
                 from include/asm-generic/bug.h:13,
                 from /home/satory-ra/Android/kernel/android_kernel_oukitel_orange/arch/arm/include/asm/bug.h:61,
                 from include/linux/bug.h:4,
                 from include/linux/thread_info.h:11,
                 from include/linux/preempt.h:9,
                 from include/linux/spinlock.h:50,
                 from include/linux/kobject.h:23,
                 from include/linux/device.h:17,
                 from drivers/misc/mediatek/mach/mt6735/camera_isp_D2.c:17:
/home/satory-ra/Android/kernel/android_kernel_oukitel_orange/arch/arm/include/asm/io.h:340:71: warning: passing argument 1 of '__raw_readl' makes pointer from integer without a cast
 #define ioread32(p) ({ unsigned int __v = le32_to_cpu((__force __le32)__raw_readl(p)); __iormb(); __v; })
                                                                       ^
include/uapi/linux/byteorder/little_endian.h:33:51: note: in definition of macro '__le32_to_cpu'
 #define __le32_to_cpu(x) ((__force __u32)(__le32)(x))
                                                   ^
drivers/misc/mediatek/mach/mt6735/camera_isp_FrmB_D2.c:101:33: note: in expansion of macro 'ioread32'
 #define ISP_RD32(addr)          ioread32(addr)
                                 ^
drivers/misc/mediatek/mach/mt6735/camera_isp_FrmB_D2.c:2307:78: note: in expansion of macro 'ISP_RD32'
             pstRTBuf_FrmB->ring_buf[ch_img2o].data[img2o_idx].image.stride = ISP_RD32(ISP_REG_ADDR_IMG2O_STRIDE)&0x3FFF;
                                                                              ^
In file included from include/linux/io.h:22:0,
                 from /home/satory-ra/Android/kernel/android_kernel_oukitel_orange/drivers/misc/mediatek/mach/mt6735/include/mach/sync_write.h:6,
                 from drivers/misc/mediatek/mach/mt6735/camera_isp_D2.c:39:
/home/satory-ra/Android/kernel/android_kernel_oukitel_orange/arch/arm/include/asm/io.h:104:19: note: expected 'const volatile void *' but argument is of type 'long unsigned int'
 static inline u32 __raw_readl(const volatile void __iomem *addr)
                   ^
In file included from include/linux/byteorder/little_endian.h:4:0,
                 from /home/satory-ra/Android/kernel/android_kernel_oukitel_orange/arch/arm/include/uapi/asm/byteorder.h:21,
                 from include/asm-generic/bitops/le.h:5,
                 from /home/satory-ra/Android/kernel/android_kernel_oukitel_orange/arch/arm/include/asm/bitops.h:308,
                 from include/linux/bitops.h:22,
                 from include/linux/kernel.h:10,
                 from include/asm-generic/bug.h:13,
                 from /home/satory-ra/Android/kernel/android_kernel_oukitel_orange/arch/arm/include/asm/bug.h:61,
                 from include/linux/bug.h:4,
                 from include/linux/thread_info.h:11,
                 from include/linux/preempt.h:9,
                 from include/linux/spinlock.h:50,
                 from include/linux/kobject.h:23,
                 from include/linux/device.h:17,
                 from drivers/misc/mediatek/mach/mt6735/camera_isp_D2.c:17:
/home/satory-ra/Android/kernel/android_kernel_oukitel_orange/arch/arm/include/asm/io.h:340:71: warning: passing argument 1 of '__raw_readl' makes pointer from integer without a cast
 #define ioread32(p) ({ unsigned int __v = le32_to_cpu((__force __le32)__raw_readl(p)); __iormb(); __v; })
                                                                       ^
include/uapi/linux/byteorder/little_endian.h:33:51: note: in definition of macro '__le32_to_cpu'
 #define __le32_to_cpu(x) ((__force __u32)(__le32)(x))
                                                   ^
drivers/misc/mediatek/mach/mt6735/camera_isp_FrmB_D2.c:101:33: note: in expansion of macro 'ioread32'
 #define ISP_RD32(addr)          ioread32(addr)
                                 ^
drivers/misc/mediatek/mach/mt6735/camera_isp_FrmB_D2.c:2308:76: note: in expansion of macro 'ISP_RD32'
             pstRTBuf_FrmB->ring_buf[ch_img2o].data[img2o_idx].image.fmt = (ISP_RD32(ISP_REG_ADDR_FMT_SEL_P1)&0xF000)>>12;
                                                                            ^
In file included from include/linux/io.h:22:0,
                 from /home/satory-ra/Android/kernel/android_kernel_oukitel_orange/drivers/misc/mediatek/mach/mt6735/include/mach/sync_write.h:6,
                 from drivers/misc/mediatek/mach/mt6735/camera_isp_D2.c:39:
/home/satory-ra/Android/kernel/android_kernel_oukitel_orange/arch/arm/include/asm/io.h:104:19: note: expected 'const volatile void *' but argument is of type 'long unsigned int'
 static inline u32 __raw_readl(const volatile void __iomem *addr)
                   ^
In file included from include/linux/byteorder/little_endian.h:4:0,
                 from /home/satory-ra/Android/kernel/android_kernel_oukitel_orange/arch/arm/include/uapi/asm/byteorder.h:21,
                 from include/asm-generic/bitops/le.h:5,
                 from /home/satory-ra/Android/kernel/android_kernel_oukitel_orange/arch/arm/include/asm/bitops.h:308,
                 from include/linux/bitops.h:22,
                 from include/linux/kernel.h:10,
                 from include/asm-generic/bug.h:13,
                 from /home/satory-ra/Android/kernel/android_kernel_oukitel_orange/arch/arm/include/asm/bug.h:61,
                 from include/linux/bug.h:4,
                 from include/linux/thread_info.h:11,
                 from include/linux/preempt.h:9,
                 from include/linux/spinlock.h:50,
                 from include/linux/kobject.h:23,
                 from include/linux/device.h:17,
                 from drivers/misc/mediatek/mach/mt6735/camera_isp_D2.c:17:
/home/satory-ra/Android/kernel/android_kernel_oukitel_orange/arch/arm/include/asm/io.h:340:71: warning: passing argument 1 of '__raw_readl' makes pointer from integer without a cast
 #define ioread32(p) ({ unsigned int __v = le32_to_cpu((__force __le32)__raw_readl(p)); __iormb(); __v; })
                                                                       ^
include/uapi/linux/byteorder/little_endian.h:33:51: note: in definition of macro '__le32_to_cpu'
 #define __le32_to_cpu(x) ((__force __u32)(__le32)(x))
                                                   ^
drivers/misc/mediatek/mach/mt6735/camera_isp_FrmB_D2.c:101:33: note: in expansion of macro 'ioread32'
 #define ISP_RD32(addr)          ioread32(addr)
                                 ^
drivers/misc/mediatek/mach/mt6735/camera_isp_FrmB_D2.c:2314:20: note: in expansion of macro 'ISP_RD32'
             _tmp = ISP_RD32(TG_REG_ADDR_GRAB_W);
                    ^
In file included from include/linux/io.h:22:0,
                 from /home/satory-ra/Android/kernel/android_kernel_oukitel_orange/drivers/misc/mediatek/mach/mt6735/include/mach/sync_write.h:6,
                 from drivers/misc/mediatek/mach/mt6735/camera_isp_D2.c:39:
/home/satory-ra/Android/kernel/android_kernel_oukitel_orange/arch/arm/include/asm/io.h:104:19: note: expected 'const volatile void *' but argument is of type 'long unsigned int'
 static inline u32 __raw_readl(const volatile void __iomem *addr)
                   ^
In file included from drivers/misc/mediatek/mach/mt6735/camera_isp_D2.c:46:0:
drivers/misc/mediatek/mach/mt6735/camera_isp_FrmB_D2.c:2315:98: warning: suggest parentheses around '-' in operand of '&' [-Wparentheses]
             pstRTBuf_FrmB->ring_buf[ch_img2o].data[img2o_idx].HrzInfo.srcW = ((_tmp>>16)&0x7FFF) - _tmp&0x7FFF;
                                                                                                  ^
In file included from include/linux/byteorder/little_endian.h:4:0,
                 from /home/satory-ra/Android/kernel/android_kernel_oukitel_orange/arch/arm/include/uapi/asm/byteorder.h:21,
                 from include/asm-generic/bitops/le.h:5,
                 from /home/satory-ra/Android/kernel/android_kernel_oukitel_orange/arch/arm/include/asm/bitops.h:308,
                 from include/linux/bitops.h:22,
                 from include/linux/kernel.h:10,
                 from include/asm-generic/bug.h:13,
                 from /home/satory-ra/Android/kernel/android_kernel_oukitel_orange/arch/arm/include/asm/bug.h:61,
                 from include/linux/bug.h:4,
                 from include/linux/thread_info.h:11,
                 from include/linux/preempt.h:9,
                 from include/linux/spinlock.h:50,
                 from include/linux/kobject.h:23,
                 from include/linux/device.h:17,
                 from drivers/misc/mediatek/mach/mt6735/camera_isp_D2.c:17:
/home/satory-ra/Android/kernel/android_kernel_oukitel_orange/arch/arm/include/asm/io.h:340:71: warning: passing argument 1 of '__raw_readl' makes pointer from integer without a cast
 #define ioread32(p) ({ unsigned int __v = le32_to_cpu((__force __le32)__raw_readl(p)); __iormb(); __v; })
                                                                       ^
include/uapi/linux/byteorder/little_endian.h:33:51: note: in definition of macro '__le32_to_cpu'
 #define __le32_to_cpu(x) ((__force __u32)(__le32)(x))
                                                   ^
drivers/misc/mediatek/mach/mt6735/camera_isp_FrmB_D2.c:101:33: note: in expansion of macro 'ioread32'
 #define ISP_RD32(addr)          ioread32(addr)
                                 ^
drivers/misc/mediatek/mach/mt6735/camera_isp_FrmB_D2.c:2316:20: note: in expansion of macro 'ISP_RD32'
             _tmp = ISP_RD32(TG_REG_ADDR_GRAB_H);
                    ^
In file included from include/linux/io.h:22:0,
                 from /home/satory-ra/Android/kernel/android_kernel_oukitel_orange/drivers/misc/mediatek/mach/mt6735/include/mach/sync_write.h:6,
                 from drivers/misc/mediatek/mach/mt6735/camera_isp_D2.c:39:
/home/satory-ra/Android/kernel/android_kernel_oukitel_orange/arch/arm/include/asm/io.h:104:19: note: expected 'const volatile void *' but argument is of type 'long unsigned int'
 static inline u32 __raw_readl(const volatile void __iomem *addr)
                   ^
In file included from drivers/misc/mediatek/mach/mt6735/camera_isp_D2.c:46:0:
drivers/misc/mediatek/mach/mt6735/camera_isp_FrmB_D2.c:2317:98: warning: suggest parentheses around '-' in operand of '&' [-Wparentheses]
             pstRTBuf_FrmB->ring_buf[ch_img2o].data[img2o_idx].HrzInfo.srcH = ((_tmp>>16)&0x1FFF) - _tmp&0x1FFF;
                                                                                                  ^
In file included from include/linux/byteorder/little_endian.h:4:0,
                 from /home/satory-ra/Android/kernel/android_kernel_oukitel_orange/arch/arm/include/uapi/asm/byteorder.h:21,
                 from include/asm-generic/bitops/le.h:5,
                 from /home/satory-ra/Android/kernel/android_kernel_oukitel_orange/arch/arm/include/asm/bitops.h:308,
                 from include/linux/bitops.h:22,
                 from include/linux/kernel.h:10,
                 from include/asm-generic/bug.h:13,
                 from /home/satory-ra/Android/kernel/android_kernel_oukitel_orange/arch/arm/include/asm/bug.h:61,
                 from include/linux/bug.h:4,
                 from include/linux/thread_info.h:11,
                 from include/linux/preempt.h:9,
                 from include/linux/spinlock.h:50,
                 from include/linux/kobject.h:23,
                 from include/linux/device.h:17,
                 from drivers/misc/mediatek/mach/mt6735/camera_isp_D2.c:17:
/home/satory-ra/Android/kernel/android_kernel_oukitel_orange/arch/arm/include/asm/io.h:340:71: warning: passing argument 1 of '__raw_readl' makes pointer from integer without a cast
 #define ioread32(p) ({ unsigned int __v = le32_to_cpu((__force __le32)__raw_readl(p)); __iormb(); __v; })
                                                                       ^
include/uapi/linux/byteorder/little_endian.h:33:51: note: in definition of macro '__le32_to_cpu'
 #define __le32_to_cpu(x) ((__force __u32)(__le32)(x))
                                                   ^
drivers/misc/mediatek/mach/mt6735/camera_isp_FrmB_D2.c:101:33: note: in expansion of macro 'ioread32'
 #define ISP_RD32(addr)          ioread32(addr)
                                 ^
drivers/misc/mediatek/mach/mt6735/camera_isp_FrmB_D2.c:2319:20: note: in expansion of macro 'ISP_RD32'
             _tmp = ISP_RD32(ISP_REG_ADDR_HRZ_OUT_IMG);
                    ^
In file included from include/linux/io.h:22:0,
                 from /home/satory-ra/Android/kernel/android_kernel_oukitel_orange/drivers/misc/mediatek/mach/mt6735/include/mach/sync_write.h:6,
                 from drivers/misc/mediatek/mach/mt6735/camera_isp_D2.c:39:
/home/satory-ra/Android/kernel/android_kernel_oukitel_orange/arch/arm/include/asm/io.h:104:19: note: expected 'const volatile void *' but argument is of type 'long unsigned int'
 static inline u32 __raw_readl(const volatile void __iomem *addr)
                   ^
In file included from include/linux/byteorder/little_endian.h:4:0,
                 from /home/satory-ra/Android/kernel/android_kernel_oukitel_orange/arch/arm/include/uapi/asm/byteorder.h:21,
                 from include/asm-generic/bitops/le.h:5,
                 from /home/satory-ra/Android/kernel/android_kernel_oukitel_orange/arch/arm/include/asm/bitops.h:308,
                 from include/linux/bitops.h:22,
                 from include/linux/kernel.h:10,
                 from include/asm-generic/bug.h:13,
                 from /home/satory-ra/Android/kernel/android_kernel_oukitel_orange/arch/arm/include/asm/bug.h:61,
                 from include/linux/bug.h:4,
                 from include/linux/thread_info.h:11,
                 from include/linux/preempt.h:9,
                 from include/linux/spinlock.h:50,
                 from include/linux/kobject.h:23,
                 from include/linux/device.h:17,
                 from drivers/misc/mediatek/mach/mt6735/camera_isp_D2.c:17:
/home/satory-ra/Android/kernel/android_kernel_oukitel_orange/arch/arm/include/asm/io.h:340:71: warning: passing argument 1 of '__raw_readl' makes pointer from integer without a cast
 #define ioread32(p) ({ unsigned int __v = le32_to_cpu((__force __le32)__raw_readl(p)); __iormb(); __v; })
                                                                       ^
include/uapi/linux/byteorder/little_endian.h:33:51: note: in definition of macro '__le32_to_cpu'
 #define __le32_to_cpu(x) ((__force __u32)(__le32)(x))
                                                   ^
drivers/misc/mediatek/mach/mt6735/camera_isp_FrmB_D2.c:101:33: note: in expansion of macro 'ioread32'
 #define ISP_RD32(addr)          ioread32(addr)
                                 ^
drivers/misc/mediatek/mach/mt6735/camera_isp_FrmB_D2.c:2322:76: note: in expansion of macro 'ISP_RD32'
             pstRTBuf_FrmB->ring_buf[ch_img2o].data[img2o_idx].dmaoCrop.x = ISP_RD32(ISP_REG_ADDR_IMG2O_CROP) & 0x3fff;
                                                                            ^
In file included from include/linux/io.h:22:0,
                 from /home/satory-ra/Android/kernel/android_kernel_oukitel_orange/drivers/misc/mediatek/mach/mt6735/include/mach/sync_write.h:6,
                 from drivers/misc/mediatek/mach/mt6735/camera_isp_D2.c:39:
/home/satory-ra/Android/kernel/android_kernel_oukitel_orange/arch/arm/include/asm/io.h:104:19: note: expected 'const volatile void *' but argument is of type 'long unsigned int'
 static inline u32 __raw_readl(const volatile void __iomem *addr)
                   ^
In file included from include/linux/byteorder/little_endian.h:4:0,
                 from /home/satory-ra/Android/kernel/android_kernel_oukitel_orange/arch/arm/include/uapi/asm/byteorder.h:21,
                 from include/asm-generic/bitops/le.h:5,
                 from /home/satory-ra/Android/kernel/android_kernel_oukitel_orange/arch/arm/include/asm/bitops.h:308,
                 from include/linux/bitops.h:22,
                 from include/linux/kernel.h:10,
                 from include/asm-generic/bug.h:13,
                 from /home/satory-ra/Android/kernel/android_kernel_oukitel_orange/arch/arm/include/asm/bug.h:61,
                 from include/linux/bug.h:4,
                 from include/linux/thread_info.h:11,
                 from include/linux/preempt.h:9,
                 from include/linux/spinlock.h:50,
                 from include/linux/kobject.h:23,
                 from include/linux/device.h:17,
                 from drivers/misc/mediatek/mach/mt6735/camera_isp_D2.c:17:
/home/satory-ra/Android/kernel/android_kernel_oukitel_orange/arch/arm/include/asm/io.h:340:71: warning: passing argument 1 of '__raw_readl' makes pointer from integer without a cast
 #define ioread32(p) ({ unsigned int __v = le32_to_cpu((__force __le32)__raw_readl(p)); __iormb(); __v; })
                                                                       ^
include/uapi/linux/byteorder/little_endian.h:33:51: note: in definition of macro '__le32_to_cpu'
 #define __le32_to_cpu(x) ((__force __u32)(__le32)(x))
                                                   ^
drivers/misc/mediatek/mach/mt6735/camera_isp_FrmB_D2.c:101:33: note: in expansion of macro 'ioread32'
 #define ISP_RD32(addr)          ioread32(addr)
                                 ^
drivers/misc/mediatek/mach/mt6735/camera_isp_FrmB_D2.c:2323:77: note: in expansion of macro 'ISP_RD32'
             pstRTBuf_FrmB->ring_buf[ch_img2o].data[img2o_idx].dmaoCrop.y = (ISP_RD32(ISP_REG_ADDR_IMG2O_CROP)>>16) & 0x1fff;
                                                                             ^
In file included from include/linux/io.h:22:0,
                 from /home/satory-ra/Android/kernel/android_kernel_oukitel_orange/drivers/misc/mediatek/mach/mt6735/include/mach/sync_write.h:6,
                 from drivers/misc/mediatek/mach/mt6735/camera_isp_D2.c:39:
/home/satory-ra/Android/kernel/android_kernel_oukitel_orange/arch/arm/include/asm/io.h:104:19: note: expected 'const volatile void *' but argument is of type 'long unsigned int'
 static inline u32 __raw_readl(const volatile void __iomem *addr)
                   ^
In file included from include/linux/byteorder/little_endian.h:4:0,
                 from /home/satory-ra/Android/kernel/android_kernel_oukitel_orange/arch/arm/include/uapi/asm/byteorder.h:21,
                 from include/asm-generic/bitops/le.h:5,
                 from /home/satory-ra/Android/kernel/android_kernel_oukitel_orange/arch/arm/include/asm/bitops.h:308,
                 from include/linux/bitops.h:22,
                 from include/linux/kernel.h:10,
                 from include/asm-generic/bug.h:13,
                 from /home/satory-ra/Android/kernel/android_kernel_oukitel_orange/arch/arm/include/asm/bug.h:61,
                 from include/linux/bug.h:4,
                 from include/linux/thread_info.h:11,
                 from include/linux/preempt.h:9,
                 from include/linux/spinlock.h:50,
                 from include/linux/kobject.h:23,
                 from include/linux/device.h:17,
                 from drivers/misc/mediatek/mach/mt6735/camera_isp_D2.c:17:
/home/satory-ra/Android/kernel/android_kernel_oukitel_orange/arch/arm/include/asm/io.h:340:71: warning: passing argument 1 of '__raw_readl' makes pointer from integer without a cast
 #define ioread32(p) ({ unsigned int __v = le32_to_cpu((__force __le32)__raw_readl(p)); __iormb(); __v; })
                                                                       ^
include/uapi/linux/byteorder/little_endian.h:33:51: note: in definition of macro '__le32_to_cpu'
 #define __le32_to_cpu(x) ((__force __u32)(__le32)(x))
                                                   ^
drivers/misc/mediatek/mach/mt6735/camera_isp_FrmB_D2.c:101:33: note: in expansion of macro 'ioread32'
 #define ISP_RD32(addr)          ioread32(addr)
                                 ^
drivers/misc/mediatek/mach/mt6735/camera_isp_FrmB_D2.c:2324:77: note: in expansion of macro 'ISP_RD32'
             pstRTBuf_FrmB->ring_buf[ch_img2o].data[img2o_idx].dmaoCrop.w = (ISP_RD32(ISP_REG_ADDR_IMG2O_XSIZE)&0x3FFF) + 1;
                                                                             ^
In file included from include/linux/io.h:22:0,
                 from /home/satory-ra/Android/kernel/android_kernel_oukitel_orange/drivers/misc/mediatek/mach/mt6735/include/mach/sync_write.h:6,
                 from drivers/misc/mediatek/mach/mt6735/camera_isp_D2.c:39:
/home/satory-ra/Android/kernel/android_kernel_oukitel_orange/arch/arm/include/asm/io.h:104:19: note: expected 'const volatile void *' but argument is of type 'long unsigned int'
 static inline u32 __raw_readl(const volatile void __iomem *addr)
                   ^
In file included from include/linux/byteorder/little_endian.h:4:0,
                 from /home/satory-ra/Android/kernel/android_kernel_oukitel_orange/arch/arm/include/uapi/asm/byteorder.h:21,
                 from include/asm-generic/bitops/le.h:5,
                 from /home/satory-ra/Android/kernel/android_kernel_oukitel_orange/arch/arm/include/asm/bitops.h:308,
                 from include/linux/bitops.h:22,
                 from include/linux/kernel.h:10,
                 from include/asm-generic/bug.h:13,
                 from /home/satory-ra/Android/kernel/android_kernel_oukitel_orange/arch/arm/include/asm/bug.h:61,
                 from include/linux/bug.h:4,
                 from include/linux/thread_info.h:11,
                 from include/linux/preempt.h:9,
                 from include/linux/spinlock.h:50,
                 from include/linux/kobject.h:23,
                 from include/linux/device.h:17,
                 from drivers/misc/mediatek/mach/mt6735/camera_isp_D2.c:17:
/home/satory-ra/Android/kernel/android_kernel_oukitel_orange/arch/arm/include/asm/io.h:340:71: warning: passing argument 1 of '__raw_readl' makes pointer from integer without a cast
 #define ioread32(p) ({ unsigned int __v = le32_to_cpu((__force __le32)__raw_readl(p)); __iormb(); __v; })
                                                                       ^
include/uapi/linux/byteorder/little_endian.h:33:51: note: in definition of macro '__le32_to_cpu'
 #define __le32_to_cpu(x) ((__force __u32)(__le32)(x))
                                                   ^
drivers/misc/mediatek/mach/mt6735/camera_isp_FrmB_D2.c:101:33: note: in expansion of macro 'ioread32'
 #define ISP_RD32(addr)          ioread32(addr)
                                 ^
drivers/misc/mediatek/mach/mt6735/camera_isp_FrmB_D2.c:2325:77: note: in expansion of macro 'ISP_RD32'
             pstRTBuf_FrmB->ring_buf[ch_img2o].data[img2o_idx].dmaoCrop.h = (ISP_RD32(ISP_REG_ADDR_IMG2O_YSIZE)&0x1FFF) + 1;
                                                                             ^
In file included from include/linux/io.h:22:0,
                 from /home/satory-ra/Android/kernel/android_kernel_oukitel_orange/drivers/misc/mediatek/mach/mt6735/include/mach/sync_write.h:6,
                 from drivers/misc/mediatek/mach/mt6735/camera_isp_D2.c:39:
/home/satory-ra/Android/kernel/android_kernel_oukitel_orange/arch/arm/include/asm/io.h:104:19: note: expected 'const volatile void *' but argument is of type 'long unsigned int'
 static inline u32 __raw_readl(const volatile void __iomem *addr)
                   ^
In file included from include/linux/kobject.h:27:0,
                 from include/linux/device.h:17,
                 from drivers/misc/mediatek/mach/mt6735/camera_isp_D2.c:17:
drivers/misc/mediatek/mach/mt6735/camera_isp_FrmB_D2.c: In function 'ISP_ED_BufQue_CTRL_FUNC_FRMB':
include/linux/wait.h:159:34: warning: passing argument 1 of '__wake_up' discards 'volatile' qualifier from pointer target type
 #define wake_up_interruptible(x) __wake_up(x, TASK_INTERRUPTIBLE, 1, NULL)
                                  ^
drivers/misc/mediatek/mach/mt6735/camera_isp_FrmB_D2.c:3059:13: note: in expansion of macro 'wake_up_interruptible'
             wake_up_interruptible(&WaitQueueHead_EDBuf_WaitDeque);
             ^
include/linux/wait.h:139:6: note: expected 'struct wait_queue_head_t *' but argument is of type 'volatile struct wait_queue_head_t *'
 void __wake_up(wait_queue_head_t *q, unsigned int mode, int nr, void *key);
      ^
include/linux/wait.h:296:3: warning: passing argument 1 of 'prepare_to_wait' discards 'volatile' qualifier from pointer target type
   prepare_to_wait(&wq, &__wait, TASK_INTERRUPTIBLE); \
   ^
include/linux/wait.h:335:3: note: in expansion of macro '__wait_event_interruptible_timeout'
   __wait_event_interruptible_timeout(wq, condition, __ret); \
   ^
drivers/misc/mediatek/mach/mt6735/camera_isp_FrmB_D2.c:3108:26: note: in expansion of macro 'wait_event_interruptible_timeout'
                 restTime=wait_event_interruptible_timeout(
                          ^
include/linux/wait.h:881:6: note: expected 'struct wait_queue_head_t *' but argument is of type 'volatile struct wait_queue_head_t *'
 void prepare_to_wait(wait_queue_head_t *q, wait_queue_t *wait, int state);
      ^
include/linux/wait.h:310:2: warning: passing argument 1 of 'finish_wait' discards 'volatile' qualifier from pointer target type
  finish_wait(&wq, &__wait);     \
  ^
include/linux/wait.h:335:3: note: in expansion of macro '__wait_event_interruptible_timeout'
   __wait_event_interruptible_timeout(wq, condition, __ret); \
   ^
drivers/misc/mediatek/mach/mt6735/camera_isp_FrmB_D2.c:3108:26: note: in expansion of macro 'wait_event_interruptible_timeout'
                 restTime=wait_event_interruptible_timeout(
                          ^
include/linux/wait.h:883:6: note: expected 'struct wait_queue_head_t *' but argument is of type 'volatile struct wait_queue_head_t *'
 void finish_wait(wait_queue_head_t *q, wait_queue_t *wait);
      ^
include/linux/wait.h:159:34: warning: passing argument 1 of '__wake_up' discards 'volatile' qualifier from pointer target type
 #define wake_up_interruptible(x) __wake_up(x, TASK_INTERRUPTIBLE, 1, NULL)
                                  ^
drivers/misc/mediatek/mach/mt6735/camera_isp_FrmB_D2.c:3173:13: note: in expansion of macro 'wake_up_interruptible'
             wake_up_interruptible(&WaitQueueHead_EDBuf_WaitFrame);
             ^
include/linux/wait.h:139:6: note: expected 'struct wait_queue_head_t *' but argument is of type 'volatile struct wait_queue_head_t *'
 void __wake_up(wait_queue_head_t *q, unsigned int mode, int nr, void *key);
      ^
include/linux/wait.h:159:34: warning: passing argument 1 of '__wake_up' discards 'volatile' qualifier from pointer target type
 #define wake_up_interruptible(x) __wake_up(x, TASK_INTERRUPTIBLE, 1, NULL)
                                  ^
drivers/misc/mediatek/mach/mt6735/camera_isp_FrmB_D2.c:3174:13: note: in expansion of macro 'wake_up_interruptible'
             wake_up_interruptible(&WaitQueueHead_EDBuf_WaitDeque);
             ^
include/linux/wait.h:139:6: note: expected 'struct wait_queue_head_t *' but argument is of type 'volatile struct wait_queue_head_t *'
 void __wake_up(wait_queue_head_t *q, unsigned int mode, int nr, void *key);
      ^
include/linux/wait.h:296:3: warning: passing argument 1 of 'prepare_to_wait' discards 'volatile' qualifier from pointer target type
   prepare_to_wait(&wq, &__wait, TASK_INTERRUPTIBLE); \
   ^
include/linux/wait.h:335:3: note: in expansion of macro '__wait_event_interruptible_timeout'
   __wait_event_interruptible_timeout(wq, condition, __ret); \
   ^
drivers/misc/mediatek/mach/mt6735/camera_isp_FrmB_D2.c:3204:26: note: in expansion of macro 'wait_event_interruptible_timeout'
                 restTime=wait_event_interruptible_timeout(
                          ^
include/linux/wait.h:881:6: note: expected 'struct wait_queue_head_t *' but argument is of type 'volatile struct wait_queue_head_t *'
 void prepare_to_wait(wait_queue_head_t *q, wait_queue_t *wait, int state);
      ^
include/linux/wait.h:310:2: warning: passing argument 1 of 'finish_wait' discards 'volatile' qualifier from pointer target type
  finish_wait(&wq, &__wait);     \
  ^
include/linux/wait.h:335:3: note: in expansion of macro '__wait_event_interruptible_timeout'
   __wait_event_interruptible_timeout(wq, condition, __ret); \
   ^
drivers/misc/mediatek/mach/mt6735/camera_isp_FrmB_D2.c:3204:26: note: in expansion of macro 'wait_event_interruptible_timeout'
                 restTime=wait_event_interruptible_timeout(
                          ^
include/linux/wait.h:883:6: note: expected 'struct wait_queue_head_t *' but argument is of type 'volatile struct wait_queue_head_t *'
 void finish_wait(wait_queue_head_t *q, wait_queue_t *wait);
      ^
include/linux/wait.h:159:34: warning: passing argument 1 of '__wake_up' discards 'volatile' qualifier from pointer target type
 #define wake_up_interruptible(x) __wake_up(x, TASK_INTERRUPTIBLE, 1, NULL)
                                  ^
drivers/misc/mediatek/mach/mt6735/camera_isp_FrmB_D2.c:3224:13: note: in expansion of macro 'wake_up_interruptible'
             wake_up_interruptible(&WaitQueueHead_EDBuf_WaitFrame);
             ^
include/linux/wait.h:139:6: note: expected 'struct wait_queue_head_t *' but argument is of type 'volatile struct wait_queue_head_t *'
 void __wake_up(wait_queue_head_t *q, unsigned int mode, int nr, void *key);
      ^
In file included from drivers/misc/mediatek/mach/mt6735/camera_isp_D2.c:46:0:
drivers/misc/mediatek/mach/mt6735/camera_isp_FrmB_D2.c: In function 'ISP_REGISTER_IRQ_USERKEY':
drivers/misc/mediatek/mach/mt6735/camera_isp_FrmB_D2.c:3267:5: warning: passing argument 1 of 'spin_lock' discards 'volatile' qualifier from pointer target type
     spin_lock(&SpinLock_UserKey);
     ^
In file included from include/linux/kobject.h:23:0,
                 from include/linux/device.h:17,
                 from drivers/misc/mediatek/mach/mt6735/camera_isp_D2.c:17:
include/linux/spinlock.h:291:20: note: expected 'struct spinlock_t *' but argument is of type 'volatile struct spinlock_t *'
 static inline void spin_lock(spinlock_t *lock)
                    ^
In file included from drivers/misc/mediatek/mach/mt6735/camera_isp_D2.c:46:0:
drivers/misc/mediatek/mach/mt6735/camera_isp_FrmB_D2.c:3276:13: warning: passing argument 1 of 'spin_unlock' discards 'volatile' qualifier from pointer target type
             spin_unlock(&SpinLock_UserKey);
             ^
In file included from include/linux/kobject.h:23:0,
                 from include/linux/device.h:17,
                 from drivers/misc/mediatek/mach/mt6735/camera_isp_D2.c:17:
include/linux/spinlock.h:331:20: note: expected 'struct spinlock_t *' but argument is of type 'volatile struct spinlock_t *'
 static inline void spin_unlock(spinlock_t *lock)
                    ^
In file included from drivers/misc/mediatek/mach/mt6735/camera_isp_D2.c:46:0:
drivers/misc/mediatek/mach/mt6735/camera_isp_FrmB_D2.c:3309:24: warning: passing argument 1 of 'strcmp' discards 'volatile' qualifier from pointer target type
                     if(strcmp(IrqUserKey_UserInfo[i].userName,m_UserName)==0)
                        ^
In file included from include/linux/dynamic_debug.h:111:0,
                 from include/linux/kernel.h:14,
                 from include/asm-generic/bug.h:13,
                 from /home/satory-ra/Android/kernel/android_kernel_oukitel_orange/arch/arm/include/asm/bug.h:61,
                 from include/linux/bug.h:4,
                 from include/linux/thread_info.h:11,
                 from include/linux/preempt.h:9,
                 from include/linux/spinlock.h:50,
                 from include/linux/kobject.h:23,
                 from include/linux/device.h:17,
                 from drivers/misc/mediatek/mach/mt6735/camera_isp_D2.c:17:
include/linux/string.h:38:12: note: expected 'const char *' but argument is of type 'volatile char *'
 extern int strcmp(const char *,const char *);
            ^
In file included from include/linux/string.h:17:0,
                 from include/linux/dynamic_debug.h:111,
                 from include/linux/kernel.h:14,
                 from include/asm-generic/bug.h:13,
                 from /home/satory-ra/Android/kernel/android_kernel_oukitel_orange/arch/arm/include/asm/bug.h:61,
                 from include/linux/bug.h:4,
                 from include/linux/thread_info.h:11,
                 from include/linux/preempt.h:9,
                 from include/linux/spinlock.h:50,
                 from include/linux/kobject.h:23,
                 from include/linux/device.h:17,
                 from drivers/misc/mediatek/mach/mt6735/camera_isp_D2.c:17:
/home/satory-ra/Android/kernel/android_kernel_oukitel_orange/arch/arm/include/asm/string.h:31:16: warning: initialization discards 'volatile' qualifier from pointer target type
    void *__p = (p); size_t __n = n;   \
                ^
drivers/misc/mediatek/mach/mt6735/camera_isp_FrmB_D2.c:3319:21: note: in expansion of macro 'memset'
                     memset(IrqUserKey_UserInfo[i].userName, 0, USERKEY_STR_LEN);
                     ^
In file included from drivers/misc/mediatek/mach/mt6735/camera_isp_D2.c:46:0:
drivers/misc/mediatek/mach/mt6735/camera_isp_FrmB_D2.c:3320:21: warning: passing argument 1 of 'strcpy' discards 'volatile' qualifier from pointer target type
                     strcpy(IrqUserKey_UserInfo[i].userName, m_UserName);
                     ^
In file included from include/linux/dynamic_debug.h:111:0,
                 from include/linux/kernel.h:14,
                 from include/asm-generic/bug.h:13,
                 from /home/satory-ra/Android/kernel/android_kernel_oukitel_orange/arch/arm/include/asm/bug.h:61,
                 from include/linux/bug.h:4,
                 from include/linux/thread_info.h:11,
                 from include/linux/preempt.h:9,
                 from include/linux/spinlock.h:50,
                 from include/linux/kobject.h:23,
                 from include/linux/device.h:17,
                 from drivers/misc/mediatek/mach/mt6735/camera_isp_D2.c:17:
include/linux/string.h:20:15: note: expected 'char *' but argument is of type 'volatile char *'
 extern char * strcpy(char *,const char *);
               ^
In file included from drivers/misc/mediatek/mach/mt6735/camera_isp_D2.c:46:0:
drivers/misc/mediatek/mach/mt6735/camera_isp_FrmB_D2.c:3332:5: warning: passing argument 1 of 'spin_unlock' discards 'volatile' qualifier from pointer target type
     spin_unlock(&SpinLock_UserKey);
     ^
In file included from include/linux/kobject.h:23:0,
                 from include/linux/device.h:17,
                 from drivers/misc/mediatek/mach/mt6735/camera_isp_D2.c:17:
include/linux/spinlock.h:331:20: note: expected 'struct spinlock_t *' but argument is of type 'volatile struct spinlock_t *'
 static inline void spin_unlock(spinlock_t *lock)
                    ^
In file included from drivers/misc/mediatek/mach/mt6735/camera_isp_D2.c:46:0:
drivers/misc/mediatek/mach/mt6735/camera_isp_FrmB_D2.c: In function 'ISP_MARK_IRQ':
drivers/misc/mediatek/mach/mt6735/camera_isp_FrmB_D2.c:3346:5: warning: ISO C90 forbids mixed declarations and code [-Wdeclaration-after-statement]
     MUINT32 flags;
     ^
In file included from include/linux/irqflags.h:14:0,
                 from /home/satory-ra/Android/kernel/android_kernel_oukitel_orange/arch/arm/include/asm/atomic.h:16,
                 from include/linux/atomic.h:4,
                 from include/linux/sysfs.h:20,
                 from include/linux/kobject.h:21,
                 from include/linux/device.h:17,
                 from drivers/misc/mediatek/mach/mt6735/camera_isp_D2.c:17:
include/linux/typecheck.h:11:18: warning: comparison of distinct pointer types lacks a cast
  (void)(&__dummy == &__dummy2); \
                  ^
include/linux/spinlock.h:198:3: note: in expansion of macro 'typecheck'
   typecheck(unsigned long, flags); \
   ^
include/linux/spinlock.h:323:2: note: in expansion of macro 'raw_spin_lock_irqsave'
  raw_spin_lock_irqsave(spinlock_check(lock), flags); \
  ^
drivers/misc/mediatek/mach/mt6735/camera_isp_FrmB_D2.c:3349:5: note: in expansion of macro 'spin_lock_irqsave'
     spin_lock_irqsave(&(IspInfo_FrmB.SpinLockIrq[eIrq]), flags);
     ^
In file included from drivers/misc/mediatek/mach/mt6735/camera_isp_D2.c:46:0:
drivers/misc/mediatek/mach/mt6735/camera_isp_FrmB_D2.c:3354:5: warning: ISO C90 forbids mixed declarations and code [-Wdeclaration-after-statement]
     int idx=my_get_pow_idx(irqinfo.UserInfo.Status);
     ^
In file included from include/linux/irqflags.h:14:0,
                 from /home/satory-ra/Android/kernel/android_kernel_oukitel_orange/arch/arm/include/asm/atomic.h:16,
                 from include/linux/atomic.h:4,
                 from include/linux/sysfs.h:20,
                 from include/linux/kobject.h:21,
                 from include/linux/device.h:17,
                 from drivers/misc/mediatek/mach/mt6735/camera_isp_D2.c:17:
include/linux/typecheck.h:11:18: warning: comparison of distinct pointer types lacks a cast
  (void)(&__dummy == &__dummy2); \
                  ^
include/linux/spinlock.h:198:3: note: in expansion of macro 'typecheck'
   typecheck(unsigned long, flags); \
   ^
include/linux/spinlock.h:323:2: note: in expansion of macro 'raw_spin_lock_irqsave'
  raw_spin_lock_irqsave(spinlock_check(lock), flags); \
  ^
drivers/misc/mediatek/mach/mt6735/camera_isp_FrmB_D2.c:3360:5: note: in expansion of macro 'spin_lock_irqsave'
     spin_lock_irqsave(&(IspInfo_FrmB.SpinLockIrq[eIrq]), flags);
     ^
include/linux/typecheck.h:11:18: warning: comparison of distinct pointer types lacks a cast
  (void)(&__dummy == &__dummy2); \
                  ^
include/linux/spinlock.h:198:3: note: in expansion of macro 'typecheck'
   typecheck(unsigned long, flags); \
   ^
include/linux/spinlock.h:323:2: note: in expansion of macro 'raw_spin_lock_irqsave'
  raw_spin_lock_irqsave(spinlock_check(lock), flags); \
  ^
drivers/misc/mediatek/mach/mt6735/camera_isp_FrmB_D2.c:3366:5: note: in expansion of macro 'spin_lock_irqsave'
     spin_lock_irqsave(&(IspInfo_FrmB.SpinLockIrq[eIrq]), flags);
     ^
In file included from drivers/misc/mediatek/mach/mt6735/camera_isp_D2.c:46:0:
drivers/misc/mediatek/mach/mt6735/camera_isp_FrmB_D2.c: In function 'ISP_GET_MARKtoQEURY_TIME':
drivers/misc/mediatek/mach/mt6735/camera_isp_FrmB_D2.c:3389:5: warning: ISO C90 forbids mixed declarations and code [-Wdeclaration-after-statement]
     int idx=my_get_pow_idx(irqinfo->UserInfo.Status);
     ^
In file included from include/linux/irqflags.h:14:0,
                 from /home/satory-ra/Android/kernel/android_kernel_oukitel_orange/arch/arm/include/asm/atomic.h:16,
                 from include/linux/atomic.h:4,
                 from include/linux/sysfs.h:20,
                 from include/linux/kobject.h:21,
                 from include/linux/device.h:17,
                 from drivers/misc/mediatek/mach/mt6735/camera_isp_D2.c:17:
include/linux/typecheck.h:11:18: warning: comparison of distinct pointer types lacks a cast
  (void)(&__dummy == &__dummy2); \
                  ^
include/linux/spinlock.h:198:3: note: in expansion of macro 'typecheck'
   typecheck(unsigned long, flags); \
   ^
include/linux/spinlock.h:323:2: note: in expansion of macro 'raw_spin_lock_irqsave'
  raw_spin_lock_irqsave(spinlock_check(lock), flags); \
  ^
drivers/misc/mediatek/mach/mt6735/camera_isp_FrmB_D2.c:3400:5: note: in expansion of macro 'spin_lock_irqsave'
     spin_lock_irqsave(&(IspInfo_FrmB.SpinLockIrq[eIrq]), flags);
     ^
In file included from drivers/misc/mediatek/mach/mt6735/camera_isp_D2.c:46:0:
drivers/misc/mediatek/mach/mt6735/camera_isp_FrmB_D2.c: In function 'ISP_FLUSH_IRQ':
drivers/misc/mediatek/mach/mt6735/camera_isp_FrmB_D2.c:3458:5: warning: ISO C90 forbids mixed declarations and code [-Wdeclaration-after-statement]
     MUINT32 flags;
     ^
In file included from include/linux/irqflags.h:14:0,
                 from /home/satory-ra/Android/kernel/android_kernel_oukitel_orange/arch/arm/include/asm/atomic.h:16,
                 from include/linux/atomic.h:4,
                 from include/linux/sysfs.h:20,
                 from include/linux/kobject.h:21,
                 from include/linux/device.h:17,
                 from drivers/misc/mediatek/mach/mt6735/camera_isp_D2.c:17:
include/linux/typecheck.h:11:18: warning: comparison of distinct pointer types lacks a cast
  (void)(&__dummy == &__dummy2); \
                  ^
include/linux/spinlock.h:198:3: note: in expansion of macro 'typecheck'
   typecheck(unsigned long, flags); \
   ^
include/linux/spinlock.h:323:2: note: in expansion of macro 'raw_spin_lock_irqsave'
  raw_spin_lock_irqsave(spinlock_check(lock), flags); \
  ^
drivers/misc/mediatek/mach/mt6735/camera_isp_FrmB_D2.c:3461:5: note: in expansion of macro 'spin_lock_irqsave'
     spin_lock_irqsave(&(IspInfo_FrmB.SpinLockIrq[eIrq]), flags);
     ^
In file included from include/linux/kobject.h:27:0,
                 from include/linux/device.h:17,
                 from drivers/misc/mediatek/mach/mt6735/camera_isp_D2.c:17:
include/linux/wait.h:159:34: warning: passing argument 1 of '__wake_up' discards 'volatile' qualifier from pointer target type
 #define wake_up_interruptible(x) __wake_up(x, TASK_INTERRUPTIBLE, 1, NULL)
                                  ^
drivers/misc/mediatek/mach/mt6735/camera_isp_FrmB_D2.c:3466:5: note: in expansion of macro 'wake_up_interruptible'
     wake_up_interruptible(&IspInfo_FrmB.WaitQueueHead);
     ^
include/linux/wait.h:139:6: note: expected 'struct wait_queue_head_t *' but argument is of type 'volatile struct wait_queue_head_t *'
 void __wake_up(wait_queue_head_t *q, unsigned int mode, int nr, void *key);
      ^
In file included from drivers/misc/mediatek/mach/mt6735/camera_isp_D2.c:46:0:
drivers/misc/mediatek/mach/mt6735/camera_isp_FrmB_D2.c: In function 'ISP_WaitIrq_FrmB':
drivers/misc/mediatek/mach/mt6735/camera_isp_FrmB_D2.c:3490:5: warning: ISO C90 forbids mixed declarations and code [-Wdeclaration-after-statement]
     struct timeval time_wake;
     ^
In file included from include/linux/irqflags.h:14:0,
                 from /home/satory-ra/Android/kernel/android_kernel_oukitel_orange/arch/arm/include/asm/atomic.h:16,
                 from include/linux/atomic.h:4,
                 from include/linux/sysfs.h:20,
                 from include/linux/kobject.h:21,
                 from include/linux/device.h:17,
                 from drivers/misc/mediatek/mach/mt6735/camera_isp_D2.c:17:
include/linux/typecheck.h:11:18: warning: comparison of distinct pointer types lacks a cast
  (void)(&__dummy == &__dummy2); \
                  ^
include/linux/spinlock.h:198:3: note: in expansion of macro 'typecheck'
   typecheck(unsigned long, flags); \
   ^
include/linux/spinlock.h:323:2: note: in expansion of macro 'raw_spin_lock_irqsave'
  raw_spin_lock_irqsave(spinlock_check(lock), flags); \
  ^
drivers/misc/mediatek/mach/mt6735/camera_isp_FrmB_D2.c:3518:9: note: in expansion of macro 'spin_lock_irqsave'
         spin_lock_irqsave(&(IspInfo_FrmB.SpinLockIrq[eIrq]), flags);
         ^
include/linux/typecheck.h:11:18: warning: comparison of distinct pointer types lacks a cast
  (void)(&__dummy == &__dummy2); \
                  ^
include/linux/spinlock.h:198:3: note: in expansion of macro 'typecheck'
   typecheck(unsigned long, flags); \
   ^
include/linux/spinlock.h:323:2: note: in expansion of macro 'raw_spin_lock_irqsave'
  raw_spin_lock_irqsave(spinlock_check(lock), flags); \
  ^
drivers/misc/mediatek/mach/mt6735/camera_isp_FrmB_D2.c:3559:17: note: in expansion of macro 'spin_lock_irqsave'
                 spin_lock_irqsave(&(IspInfo_FrmB.SpinLockIrq[eIrq]), flags);
                 ^
include/linux/typecheck.h:11:18: warning: comparison of distinct pointer types lacks a cast
  (void)(&__dummy == &__dummy2); \
                  ^
include/linux/spinlock.h:198:3: note: in expansion of macro 'typecheck'
   typecheck(unsigned long, flags); \
   ^
include/linux/spinlock.h:323:2: note: in expansion of macro 'raw_spin_lock_irqsave'
  raw_spin_lock_irqsave(spinlock_check(lock), flags); \
  ^
drivers/misc/mediatek/mach/mt6735/camera_isp_FrmB_D2.c:3569:17: note: in expansion of macro 'spin_lock_irqsave'
                 spin_lock_irqsave(&(IspInfo_FrmB.SpinLockIrq[eIrq]), flags);
                 ^
In file included from include/linux/kobject.h:27:0,
                 from include/linux/device.h:17,
                 from drivers/misc/mediatek/mach/mt6735/camera_isp_D2.c:17:
include/linux/wait.h:296:3: warning: passing argument 1 of 'prepare_to_wait' discards 'volatile' qualifier from pointer target type
   prepare_to_wait(&wq, &__wait, TASK_INTERRUPTIBLE); \
   ^
include/linux/wait.h:335:3: note: in expansion of macro '__wait_event_interruptible_timeout'
   __wait_event_interruptible_timeout(wq, condition, __ret); \
   ^
drivers/misc/mediatek/mach/mt6735/camera_isp_FrmB_D2.c:3578:15: note: in expansion of macro 'wait_event_interruptible_timeout'
     Timeout = wait_event_interruptible_timeout(
               ^
include/linux/wait.h:881:6: note: expected 'struct wait_queue_head_t *' but argument is of type 'volatile struct wait_queue_head_t *'
 void prepare_to_wait(wait_queue_head_t *q, wait_queue_t *wait, int state);
      ^
include/linux/wait.h:310:2: warning: passing argument 1 of 'finish_wait' discards 'volatile' qualifier from pointer target type
  finish_wait(&wq, &__wait);     \
  ^
include/linux/wait.h:335:3: note: in expansion of macro '__wait_event_interruptible_timeout'
   __wait_event_interruptible_timeout(wq, condition, __ret); \
   ^
drivers/misc/mediatek/mach/mt6735/camera_isp_FrmB_D2.c:3578:15: note: in expansion of macro 'wait_event_interruptible_timeout'
     Timeout = wait_event_interruptible_timeout(
               ^
include/linux/wait.h:883:6: note: expected 'struct wait_queue_head_t *' but argument is of type 'volatile struct wait_queue_head_t *'
 void finish_wait(wait_queue_head_t *q, wait_queue_t *wait);
      ^
In file included from drivers/misc/mediatek/mach/mt6735/camera_isp_D2.c:46:0:
drivers/misc/mediatek/mach/mt6735/camera_isp_FrmB_D2.c:3593:9: warning: ISO C90 forbids mixed declarations and code [-Wdeclaration-after-statement]
         unsigned long long  time_wake_sec;
         ^
In file included from include/linux/irqflags.h:14:0,
                 from /home/satory-ra/Android/kernel/android_kernel_oukitel_orange/arch/arm/include/asm/atomic.h:16,
                 from include/linux/atomic.h:4,
                 from include/linux/sysfs.h:20,
                 from include/linux/kobject.h:21,
                 from include/linux/device.h:17,
                 from drivers/misc/mediatek/mach/mt6735/camera_isp_D2.c:17:
include/linux/typecheck.h:11:18: warning: comparison of distinct pointer types lacks a cast
  (void)(&__dummy == &__dummy2); \
                  ^
include/linux/spinlock.h:198:3: note: in expansion of macro 'typecheck'
   typecheck(unsigned long, flags); \
   ^
include/linux/spinlock.h:323:2: note: in expansion of macro 'raw_spin_lock_irqsave'
  raw_spin_lock_irqsave(spinlock_check(lock), flags); \
  ^
drivers/misc/mediatek/mach/mt6735/camera_isp_FrmB_D2.c:3614:9: note: in expansion of macro 'spin_lock_irqsave'
         spin_lock_irqsave(&(IspInfo_FrmB.SpinLockIrq[eIrq]), flags);
         ^
In file included from drivers/misc/mediatek/mach/mt6735/camera_isp_D2.c:46:0:
drivers/misc/mediatek/mach/mt6735/camera_isp_FrmB_D2.c:3634:5: warning: ISO C90 forbids mixed declarations and code [-Wdeclaration-after-statement]
     unsigned long long  time_ready2return_sec;
     ^
In file included from include/linux/irqflags.h:14:0,
                 from /home/satory-ra/Android/kernel/android_kernel_oukitel_orange/arch/arm/include/asm/atomic.h:16,
                 from include/linux/atomic.h:4,
                 from include/linux/sysfs.h:20,
                 from include/linux/kobject.h:21,
                 from include/linux/device.h:17,
                 from drivers/misc/mediatek/mach/mt6735/camera_isp_D2.c:17:
include/linux/typecheck.h:11:18: warning: comparison of distinct pointer types lacks a cast
  (void)(&__dummy == &__dummy2); \
                  ^
include/linux/spinlock.h:198:3: note: in expansion of macro 'typecheck'
   typecheck(unsigned long, flags); \
   ^
include/linux/spinlock.h:323:2: note: in expansion of macro 'raw_spin_lock_irqsave'
  raw_spin_lock_irqsave(spinlock_check(lock), flags); \
  ^
drivers/misc/mediatek/mach/mt6735/camera_isp_FrmB_D2.c:3639:5: note: in expansion of macro 'spin_lock_irqsave'
     spin_lock_irqsave(&(IspInfo_FrmB.SpinLockIrq[eIrq]), flags);
     ^
In file included from drivers/misc/mediatek/mach/mt6735/camera_isp_D2.c:46:0:
drivers/misc/mediatek/mach/mt6735/camera_isp_FrmB_D2.c:3643:30: warning: comparison between 'ISP_IRQ_TYPE_ENUM_FRMB' and 'enum <anonymous>' [-Wenum-compare]
     if(WaitIrq->UserInfo.Type<ISP_IRQ_TYPE_INTB && WaitIrq->SpecUser==ISP_IRQ_WAITIRQ_SPEUSER_EIS)
                              ^
In file included from include/linux/irqflags.h:14:0,
                 from /home/satory-ra/Android/kernel/android_kernel_oukitel_orange/arch/arm/include/asm/atomic.h:16,
                 from include/linux/atomic.h:4,
                 from include/linux/sysfs.h:20,
                 from include/linux/kobject.h:21,
                 from include/linux/device.h:17,
                 from drivers/misc/mediatek/mach/mt6735/camera_isp_D2.c:17:
include/linux/typecheck.h:11:18: warning: comparison of distinct pointer types lacks a cast
  (void)(&__dummy == &__dummy2); \
                  ^
include/linux/spinlock.h:198:3: note: in expansion of macro 'typecheck'
   typecheck(unsigned long, flags); \
   ^
include/linux/spinlock.h:323:2: note: in expansion of macro 'raw_spin_lock_irqsave'
  raw_spin_lock_irqsave(spinlock_check(lock), flags); \
  ^
drivers/misc/mediatek/mach/mt6735/camera_isp_FrmB_D2.c:3735:5: note: in expansion of macro 'spin_lock_irqsave'
     spin_lock_irqsave(&(IspInfo_FrmB.SpinLockIrq[eIrq]), flags);
     ^
In file included from drivers/misc/mediatek/mach/mt6735/camera_isp_D2.c:46:0:
drivers/misc/mediatek/mach/mt6735/camera_isp_FrmB_D2.c:3752:9: warning: ISO C90 forbids mixed declarations and code [-Wdeclaration-after-statement]
         unsigned long long  time_x_sec;
         ^
drivers/misc/mediatek/mach/mt6735/camera_isp_FrmB_D2.c:3757:9: warning: ISO C90 forbids mixed declarations and code [-Wdeclaration-after-statement]
         MUINT32 _tmp = time_x_sec*1000000 + time_x_usec;
         ^
drivers/misc/mediatek/mach/mt6735/camera_isp_FrmB_D2.c:3491:20: warning: unused variable 'time_x' [-Wunused-variable]
     struct timeval time_x;
                    ^
drivers/misc/mediatek/mach/mt6735/camera_isp_FrmB_D2.c:3490:20: warning: unused variable 'time_wake' [-Wunused-variable]
     struct timeval time_wake;
                    ^
drivers/misc/mediatek/mach/mt6735/camera_isp_FrmB_D2.c:3481:9: warning: unused variable 'cnt' [-Wunused-variable]
     int cnt=0;
         ^
drivers/misc/mediatek/mach/mt6735/camera_isp_FrmB_D2.c:3478:13: warning: unused variable 'i' [-Wunused-variable]
     MUINT32 i;
             ^
In file included from include/linux/byteorder/little_endian.h:4:0,
                 from /home/satory-ra/Android/kernel/android_kernel_oukitel_orange/arch/arm/include/uapi/asm/byteorder.h:21,
                 from include/asm-generic/bitops/le.h:5,
                 from /home/satory-ra/Android/kernel/android_kernel_oukitel_orange/arch/arm/include/asm/bitops.h:308,
                 from include/linux/bitops.h:22,
                 from include/linux/kernel.h:10,
                 from include/asm-generic/bug.h:13,
                 from /home/satory-ra/Android/kernel/android_kernel_oukitel_orange/arch/arm/include/asm/bug.h:61,
                 from include/linux/bug.h:4,
                 from include/linux/thread_info.h:11,
                 from include/linux/preempt.h:9,
                 from include/linux/spinlock.h:50,
                 from include/linux/kobject.h:23,
                 from include/linux/device.h:17,
                 from drivers/misc/mediatek/mach/mt6735/camera_isp_D2.c:17:
drivers/misc/mediatek/mach/mt6735/camera_isp_FrmB_D2.c: In function 'ISP_Irq_FrmB':
/home/satory-ra/Android/kernel/android_kernel_oukitel_orange/arch/arm/include/asm/io.h:340:71: warning: passing argument 1 of '__raw_readl' makes pointer from integer without a cast
 #define ioread32(p) ({ unsigned int __v = le32_to_cpu((__force __le32)__raw_readl(p)); __iormb(); __v; })
                                                                       ^
include/uapi/linux/byteorder/little_endian.h:33:51: note: in definition of macro '__le32_to_cpu'
 #define __le32_to_cpu(x) ((__force __u32)(__le32)(x))
                                                   ^
drivers/misc/mediatek/mach/mt6735/camera_isp_FrmB_D2.c:101:33: note: in expansion of macro 'ioread32'
 #define ISP_RD32(addr)          ioread32(addr)
                                 ^
drivers/misc/mediatek/mach/mt6735/camera_isp_FrmB_D2.c:3870:27: note: in expansion of macro 'ISP_RD32'
             cur_v_cnt = ((ISP_RD32(ISP_REG_ADDR_TG_INTER_ST)&0x00FF0000)>>16);
                           ^
In file included from include/linux/io.h:22:0,
                 from /home/satory-ra/Android/kernel/android_kernel_oukitel_orange/drivers/misc/mediatek/mach/mt6735/include/mach/sync_write.h:6,
                 from drivers/misc/mediatek/mach/mt6735/camera_isp_D2.c:39:
/home/satory-ra/Android/kernel/android_kernel_oukitel_orange/arch/arm/include/asm/io.h:104:19: note: expected 'const volatile void *' but argument is of type 'long unsigned int'
 static inline u32 __raw_readl(const volatile void __iomem *addr)
                   ^
In file included from include/linux/byteorder/little_endian.h:4:0,
                 from /home/satory-ra/Android/kernel/android_kernel_oukitel_orange/arch/arm/include/uapi/asm/byteorder.h:21,
                 from include/asm-generic/bitops/le.h:5,
                 from /home/satory-ra/Android/kernel/android_kernel_oukitel_orange/arch/arm/include/asm/bitops.h:308,
                 from include/linux/bitops.h:22,
                 from include/linux/kernel.h:10,
                 from include/asm-generic/bug.h:13,
                 from /home/satory-ra/Android/kernel/android_kernel_oukitel_orange/arch/arm/include/asm/bug.h:61,
                 from include/linux/bug.h:4,
                 from include/linux/thread_info.h:11,
                 from include/linux/preempt.h:9,
                 from include/linux/spinlock.h:50,
                 from include/linux/kobject.h:23,
                 from include/linux/device.h:17,
                 from drivers/misc/mediatek/mach/mt6735/camera_isp_D2.c:17:
/home/satory-ra/Android/kernel/android_kernel_oukitel_orange/arch/arm/include/asm/io.h:340:71: warning: passing argument 1 of '__raw_readl' makes pointer from integer without a cast
 #define ioread32(p) ({ unsigned int __v = le32_to_cpu((__force __le32)__raw_readl(p)); __iormb(); __v; })
                                                                       ^
include/uapi/linux/byteorder/little_endian.h:33:51: note: in definition of macro '__le32_to_cpu'
 #define __le32_to_cpu(x) ((__force __u32)(__le32)(x))
                                                   ^
drivers/misc/mediatek/mach/mt6735/camera_isp_FrmB_D2.c:101:33: note: in expansion of macro 'ioread32'
 #define ISP_RD32(addr)          ioread32(addr)
                                 ^
drivers/misc/mediatek/mach/mt6735/camera_isp_FrmB_D2.c:3892:25: note: in expansion of macro 'ISP_RD32'
     p1_fbc[0].Reg_val = ISP_RD32(ISP_REG_ADDR_IMGO_FBC);
                         ^
In file included from include/linux/io.h:22:0,
                 from /home/satory-ra/Android/kernel/android_kernel_oukitel_orange/drivers/misc/mediatek/mach/mt6735/include/mach/sync_write.h:6,
                 from drivers/misc/mediatek/mach/mt6735/camera_isp_D2.c:39:
/home/satory-ra/Android/kernel/android_kernel_oukitel_orange/arch/arm/include/asm/io.h:104:19: note: expected 'const volatile void *' but argument is of type 'long unsigned int'
 static inline u32 __raw_readl(const volatile void __iomem *addr)
                   ^
In file included from include/linux/byteorder/little_endian.h:4:0,
                 from /home/satory-ra/Android/kernel/android_kernel_oukitel_orange/arch/arm/include/uapi/asm/byteorder.h:21,
                 from include/asm-generic/bitops/le.h:5,
                 from /home/satory-ra/Android/kernel/android_kernel_oukitel_orange/arch/arm/include/asm/bitops.h:308,
                 from include/linux/bitops.h:22,
                 from include/linux/kernel.h:10,
                 from include/asm-generic/bug.h:13,
                 from /home/satory-ra/Android/kernel/android_kernel_oukitel_orange/arch/arm/include/asm/bug.h:61,
                 from include/linux/bug.h:4,
                 from include/linux/thread_info.h:11,
                 from include/linux/preempt.h:9,
                 from include/linux/spinlock.h:50,
                 from include/linux/kobject.h:23,
                 from include/linux/device.h:17,
                 from drivers/misc/mediatek/mach/mt6735/camera_isp_D2.c:17:
/home/satory-ra/Android/kernel/android_kernel_oukitel_orange/arch/arm/include/asm/io.h:340:71: warning: passing argument 1 of '__raw_readl' makes pointer from integer without a cast
 #define ioread32(p) ({ unsigned int __v = le32_to_cpu((__force __le32)__raw_readl(p)); __iormb(); __v; })
                                                                       ^
include/uapi/linux/byteorder/little_endian.h:33:51: note: in definition of macro '__le32_to_cpu'
 #define __le32_to_cpu(x) ((__force __u32)(__le32)(x))
                                                   ^
drivers/misc/mediatek/mach/mt6735/camera_isp_FrmB_D2.c:101:33: note: in expansion of macro 'ioread32'
 #define ISP_RD32(addr)          ioread32(addr)
                                 ^
drivers/misc/mediatek/mach/mt6735/camera_isp_FrmB_D2.c:3893:25: note: in expansion of macro 'ISP_RD32'
     p1_fbc[1].Reg_val = ISP_RD32(ISP_REG_ADDR_IMG2O_FBC);
                         ^
In file included from include/linux/io.h:22:0,
                 from /home/satory-ra/Android/kernel/android_kernel_oukitel_orange/drivers/misc/mediatek/mach/mt6735/include/mach/sync_write.h:6,
                 from drivers/misc/mediatek/mach/mt6735/camera_isp_D2.c:39:
/home/satory-ra/Android/kernel/android_kernel_oukitel_orange/arch/arm/include/asm/io.h:104:19: note: expected 'const volatile void *' but argument is of type 'long unsigned int'
 static inline u32 __raw_readl(const volatile void __iomem *addr)
                   ^
In file included from include/linux/byteorder/little_endian.h:4:0,
                 from /home/satory-ra/Android/kernel/android_kernel_oukitel_orange/arch/arm/include/uapi/asm/byteorder.h:21,
                 from include/asm-generic/bitops/le.h:5,
                 from /home/satory-ra/Android/kernel/android_kernel_oukitel_orange/arch/arm/include/asm/bitops.h:308,
                 from include/linux/bitops.h:22,
                 from include/linux/kernel.h:10,
                 from include/asm-generic/bug.h:13,
                 from /home/satory-ra/Android/kernel/android_kernel_oukitel_orange/arch/arm/include/asm/bug.h:61,
                 from include/linux/bug.h:4,
                 from include/linux/thread_info.h:11,
                 from include/linux/preempt.h:9,
                 from include/linux/spinlock.h:50,
                 from include/linux/kobject.h:23,
                 from include/linux/device.h:17,
                 from drivers/misc/mediatek/mach/mt6735/camera_isp_D2.c:17:
/home/satory-ra/Android/kernel/android_kernel_oukitel_orange/arch/arm/include/asm/io.h:340:71: warning: passing argument 1 of '__raw_readl' makes pointer from integer without a cast
 #define ioread32(p) ({ unsigned int __v = le32_to_cpu((__force __le32)__raw_readl(p)); __iormb(); __v; })
                                                                       ^
include/uapi/linux/byteorder/little_endian.h:33:51: note: in definition of macro '__le32_to_cpu'
 #define __le32_to_cpu(x) ((__force __u32)(__le32)(x))
                                                   ^
drivers/misc/mediatek/mach/mt6735/camera_isp_FrmB_D2.c:101:33: note: in expansion of macro 'ioread32'
 #define ISP_RD32(addr)          ioread32(addr)
                                 ^
drivers/misc/mediatek/mach/mt6735/camera_isp_FrmB_D2.c:3894:18: note: in expansion of macro 'ISP_RD32'
     curr_pa[0] = ISP_RD32(ISP_REG_ADDR_IMGO_BASE_ADDR);
                  ^
In file included from include/linux/io.h:22:0,
                 from /home/satory-ra/Android/kernel/android_kernel_oukitel_orange/drivers/misc/mediatek/mach/mt6735/include/mach/sync_write.h:6,
                 from drivers/misc/mediatek/mach/mt6735/camera_isp_D2.c:39:
/home/satory-ra/Android/kernel/android_kernel_oukitel_orange/arch/arm/include/asm/io.h:104:19: note: expected 'const volatile void *' but argument is of type 'long unsigned int'
 static inline u32 __raw_readl(const volatile void __iomem *addr)
                   ^
In file included from include/linux/byteorder/little_endian.h:4:0,
                 from /home/satory-ra/Android/kernel/android_kernel_oukitel_orange/arch/arm/include/uapi/asm/byteorder.h:21,
                 from include/asm-generic/bitops/le.h:5,
                 from /home/satory-ra/Android/kernel/android_kernel_oukitel_orange/arch/arm/include/asm/bitops.h:308,
                 from include/linux/bitops.h:22,
                 from include/linux/kernel.h:10,
                 from include/asm-generic/bug.h:13,
                 from /home/satory-ra/Android/kernel/android_kernel_oukitel_orange/arch/arm/include/asm/bug.h:61,
                 from include/linux/bug.h:4,
                 from include/linux/thread_info.h:11,
                 from include/linux/preempt.h:9,
                 from include/linux/spinlock.h:50,
                 from include/linux/kobject.h:23,
                 from include/linux/device.h:17,
                 from drivers/misc/mediatek/mach/mt6735/camera_isp_D2.c:17:
/home/satory-ra/Android/kernel/android_kernel_oukitel_orange/arch/arm/include/asm/io.h:340:71: warning: passing argument 1 of '__raw_readl' makes pointer from integer without a cast
 #define ioread32(p) ({ unsigned int __v = le32_to_cpu((__force __le32)__raw_readl(p)); __iormb(); __v; })
                                                                       ^
include/uapi/linux/byteorder/little_endian.h:33:51: note: in definition of macro '__le32_to_cpu'
 #define __le32_to_cpu(x) ((__force __u32)(__le32)(x))
                                                   ^
drivers/misc/mediatek/mach/mt6735/camera_isp_FrmB_D2.c:101:33: note: in expansion of macro 'ioread32'
 #define ISP_RD32(addr)          ioread32(addr)
                                 ^
drivers/misc/mediatek/mach/mt6735/camera_isp_FrmB_D2.c:3895:18: note: in expansion of macro 'ISP_RD32'
     curr_pa[1] = ISP_RD32(ISP_REG_ADDR_IMG2O_BASE_ADDR);
                  ^
In file included from include/linux/io.h:22:0,
                 from /home/satory-ra/Android/kernel/android_kernel_oukitel_orange/drivers/misc/mediatek/mach/mt6735/include/mach/sync_write.h:6,
                 from drivers/misc/mediatek/mach/mt6735/camera_isp_D2.c:39:
/home/satory-ra/Android/kernel/android_kernel_oukitel_orange/arch/arm/include/asm/io.h:104:19: note: expected 'const volatile void *' but argument is of type 'long unsigned int'
 static inline u32 __raw_readl(const volatile void __iomem *addr)
                   ^
In file included from drivers/misc/mediatek/mach/mt6735/camera_isp_D2.c:46:0:
drivers/misc/mediatek/mach/mt6735/camera_isp_FrmB_D2.c:3953:28: warning: unused variable 'time_sof' [-Wunused-variable]
             struct timeval time_sof;
                            ^
drivers/misc/mediatek/mach/mt6735/camera_isp_FrmB_D2.c:3962:9: warning: ISO C90 forbids mixed declarations and code [-Wdeclaration-after-statement]
         MUINT32 _dmaport = 0;
         ^
In file included from include/linux/io.h:22:0,
                 from /home/satory-ra/Android/kernel/android_kernel_oukitel_orange/drivers/misc/mediatek/mach/mt6735/include/mach/sync_write.h:6,
                 from drivers/misc/mediatek/mach/mt6735/camera_isp_D2.c:39:
/home/satory-ra/Android/kernel/android_kernel_oukitel_orange/arch/arm/include/asm/io.h:347:38: warning: passing argument 2 of '__raw_writel' makes pointer from integer without a cast
 #define iowrite32(v,p) ({ __iowmb(); __raw_writel((__force __u32)cpu_to_le32(v), p); })
                                      ^
drivers/misc/mediatek/mach/mt6735/camera_isp_FrmB_D2.c:100:33: note: in expansion of macro 'iowrite32'
 #define ISP_WR32(addr, data)    iowrite32(data, addr)
                                 ^
drivers/misc/mediatek/mach/mt6735/camera_isp_FrmB_D2.c:3991:21: note: in expansion of macro 'ISP_WR32'
                     ISP_WR32(ISP_REG_ADDR_IMGO_BASE_ADDR,pstRTBuf_FrmB->ring_buf[_imgo_].data[pstRTBuf_FrmB->ring_buf[_imgo_].start].base_pAddr);
                     ^
/home/satory-ra/Android/kernel/android_kernel_oukitel_orange/arch/arm/include/asm/io.h:88:20: note: expected 'volatile void *' but argument is of type 'long unsigned int'
 static inline void __raw_writel(u32 val, volatile void __iomem *addr)
                    ^
/home/satory-ra/Android/kernel/android_kernel_oukitel_orange/arch/arm/include/asm/io.h:347:38: warning: passing argument 2 of '__raw_writel' makes pointer from integer without a cast
 #define iowrite32(v,p) ({ __iowmb(); __raw_writel((__force __u32)cpu_to_le32(v), p); })
                                      ^
drivers/misc/mediatek/mach/mt6735/camera_isp_FrmB_D2.c:100:33: note: in expansion of macro 'iowrite32'
 #define ISP_WR32(addr, data)    iowrite32(data, addr)
                                 ^
drivers/misc/mediatek/mach/mt6735/camera_isp_FrmB_D2.c:3995:21: note: in expansion of macro 'ISP_WR32'
                     ISP_WR32(ISP_REG_ADDR_IMG2O_BASE_ADDR,pstRTBuf_FrmB->ring_buf[_img2o_].data[pstRTBuf_FrmB->ring_buf[_img2o_].start].base_pAddr);
                     ^
/home/satory-ra/Android/kernel/android_kernel_oukitel_orange/arch/arm/include/asm/io.h:88:20: note: expected 'volatile void *' but argument is of type 'long unsigned int'
 static inline void __raw_writel(u32 val, volatile void __iomem *addr)
                    ^
/home/satory-ra/Android/kernel/android_kernel_oukitel_orange/arch/arm/include/asm/io.h:347:38: warning: passing argument 2 of '__raw_writel' makes pointer from integer without a cast
 #define iowrite32(v,p) ({ __iowmb(); __raw_writel((__force __u32)cpu_to_le32(v), p); })
                                      ^
drivers/misc/mediatek/mach/mt6735/camera_isp_FrmB_D2.c:100:33: note: in expansion of macro 'iowrite32'
 #define ISP_WR32(addr, data)    iowrite32(data, addr)
                                 ^
drivers/misc/mediatek/mach/mt6735/camera_isp_FrmB_D2.c:4005:21: note: in expansion of macro 'ISP_WR32'
                     ISP_WR32(ISP_REG_ADDR_IMGO_FBC,p1_fbc[0].Reg_val);
                     ^
/home/satory-ra/Android/kernel/android_kernel_oukitel_orange/arch/arm/include/asm/io.h:88:20: note: expected 'volatile void *' but argument is of type 'long unsigned int'
 static inline void __raw_writel(u32 val, volatile void __iomem *addr)
                    ^
/home/satory-ra/Android/kernel/android_kernel_oukitel_orange/arch/arm/include/asm/io.h:347:38: warning: passing argument 2 of '__raw_writel' makes pointer from integer without a cast
 #define iowrite32(v,p) ({ __iowmb(); __raw_writel((__force __u32)cpu_to_le32(v), p); })
                                      ^
drivers/misc/mediatek/mach/mt6735/camera_isp_FrmB_D2.c:100:33: note: in expansion of macro 'iowrite32'
 #define ISP_WR32(addr, data)    iowrite32(data, addr)
                                 ^
drivers/misc/mediatek/mach/mt6735/camera_isp_FrmB_D2.c:4007:21: note: in expansion of macro 'ISP_WR32'
                     ISP_WR32(ISP_REG_ADDR_IMG2O_FBC,p1_fbc[1].Reg_val);
                     ^
/home/satory-ra/Android/kernel/android_kernel_oukitel_orange/arch/arm/include/asm/io.h:88:20: note: expected 'volatile void *' but argument is of type 'long unsigned int'
 static inline void __raw_writel(u32 val, volatile void __iomem *addr)
                    ^
In file included from drivers/misc/mediatek/mach/mt6735/camera_isp_D2.c:46:0:
drivers/misc/mediatek/mach/mt6735/camera_isp_FrmB_D2.c:4015:21: warning: multi-line comment [-Wcomment]
                     //LOG_INF("RTBC_DBG:%d %d %d %d %d %d %d %d %d %d",mFwRcnt.INC[_IRQ][0],mFwRcnt.INC[_IRQ][1],mFwRcnt.INC[_IRQ][2],mFwRcnt.INC[_IRQ][3],mFwRcnt.INC[_IRQ][4],\
                     ^
In file included from include/linux/byteorder/little_endian.h:4:0,
                 from /home/satory-ra/Android/kernel/android_kernel_oukitel_orange/arch/arm/include/uapi/asm/byteorder.h:21,
                 from include/asm-generic/bitops/le.h:5,
                 from /home/satory-ra/Android/kernel/android_kernel_oukitel_orange/arch/arm/include/asm/bitops.h:308,
                 from include/linux/bitops.h:22,
                 from include/linux/kernel.h:10,
                 from include/asm-generic/bug.h:13,
                 from /home/satory-ra/Android/kernel/android_kernel_oukitel_orange/arch/arm/include/asm/bug.h:61,
                 from include/linux/bug.h:4,
                 from include/linux/thread_info.h:11,
                 from include/linux/preempt.h:9,
                 from include/linux/spinlock.h:50,
                 from include/linux/kobject.h:23,
                 from include/linux/device.h:17,
                 from drivers/misc/mediatek/mach/mt6735/camera_isp_D2.c:17:
/home/satory-ra/Android/kernel/android_kernel_oukitel_orange/arch/arm/include/asm/io.h:340:71: warning: passing argument 1 of '__raw_readl' makes pointer from integer without a cast
 #define ioread32(p) ({ unsigned int __v = le32_to_cpu((__force __le32)__raw_readl(p)); __iormb(); __v; })
                                                                       ^
include/uapi/linux/byteorder/little_endian.h:33:51: note: in definition of macro '__le32_to_cpu'
 #define __le32_to_cpu(x) ((__force __u32)(__le32)(x))
                                                   ^
drivers/misc/mediatek/mach/mt6735/camera_isp_FrmB_D2.c:101:33: note: in expansion of macro 'ioread32'
 #define ISP_RD32(addr)          ioread32(addr)
                                 ^
drivers/misc/mediatek/mach/mt6735/camera_isp_FrmB_D2.c:4025:35: note: in expansion of macro 'ISP_RD32'
             _fbc_chk[0].Reg_val = ISP_RD32(ISP_REG_ADDR_IMGO_FBC);//in order to log newest fbc condition
                                   ^
In file included from include/linux/io.h:22:0,
                 from /home/satory-ra/Android/kernel/android_kernel_oukitel_orange/drivers/misc/mediatek/mach/mt6735/include/mach/sync_write.h:6,
                 from drivers/misc/mediatek/mach/mt6735/camera_isp_D2.c:39:
/home/satory-ra/Android/kernel/android_kernel_oukitel_orange/arch/arm/include/asm/io.h:104:19: note: expected 'const volatile void *' but argument is of type 'long unsigned int'
 static inline u32 __raw_readl(const volatile void __iomem *addr)
                   ^
In file included from include/linux/byteorder/little_endian.h:4:0,
                 from /home/satory-ra/Android/kernel/android_kernel_oukitel_orange/arch/arm/include/uapi/asm/byteorder.h:21,
                 from include/asm-generic/bitops/le.h:5,
                 from /home/satory-ra/Android/kernel/android_kernel_oukitel_orange/arch/arm/include/asm/bitops.h:308,
                 from include/linux/bitops.h:22,
                 from include/linux/kernel.h:10,
                 from include/asm-generic/bug.h:13,
                 from /home/satory-ra/Android/kernel/android_kernel_oukitel_orange/arch/arm/include/asm/bug.h:61,
                 from include/linux/bug.h:4,
                 from include/linux/thread_info.h:11,
                 from include/linux/preempt.h:9,
                 from include/linux/spinlock.h:50,
                 from include/linux/kobject.h:23,
                 from include/linux/device.h:17,
                 from drivers/misc/mediatek/mach/mt6735/camera_isp_D2.c:17:
/home/satory-ra/Android/kernel/android_kernel_oukitel_orange/arch/arm/include/asm/io.h:340:71: warning: passing argument 1 of '__raw_readl' makes pointer from integer without a cast
 #define ioread32(p) ({ unsigned int __v = le32_to_cpu((__force __le32)__raw_readl(p)); __iormb(); __v; })
                                                                       ^
include/uapi/linux/byteorder/little_endian.h:33:51: note: in definition of macro '__le32_to_cpu'
 #define __le32_to_cpu(x) ((__force __u32)(__le32)(x))
                                                   ^
drivers/misc/mediatek/mach/mt6735/camera_isp_FrmB_D2.c:101:33: note: in expansion of macro 'ioread32'
 #define ISP_RD32(addr)          ioread32(addr)
                                 ^
drivers/misc/mediatek/mach/mt6735/camera_isp_FrmB_D2.c:4026:35: note: in expansion of macro 'ISP_RD32'
             _fbc_chk[1].Reg_val = ISP_RD32(ISP_REG_ADDR_IMG2O_FBC);
                                   ^
In file included from include/linux/io.h:22:0,
                 from /home/satory-ra/Android/kernel/android_kernel_oukitel_orange/drivers/misc/mediatek/mach/mt6735/include/mach/sync_write.h:6,
                 from drivers/misc/mediatek/mach/mt6735/camera_isp_D2.c:39:
/home/satory-ra/Android/kernel/android_kernel_oukitel_orange/arch/arm/include/asm/io.h:104:19: note: expected 'const volatile void *' but argument is of type 'long unsigned int'
 static inline u32 __raw_readl(const volatile void __iomem *addr)
                   ^
In file included from include/linux/byteorder/little_endian.h:4:0,
                 from /home/satory-ra/Android/kernel/android_kernel_oukitel_orange/arch/arm/include/uapi/asm/byteorder.h:21,
                 from include/asm-generic/bitops/le.h:5,
                 from /home/satory-ra/Android/kernel/android_kernel_oukitel_orange/arch/arm/include/asm/bitops.h:308,
                 from include/linux/bitops.h:22,
                 from include/linux/kernel.h:10,
                 from include/asm-generic/bug.h:13,
                 from /home/satory-ra/Android/kernel/android_kernel_oukitel_orange/arch/arm/include/asm/bug.h:61,
                 from include/linux/bug.h:4,
                 from include/linux/thread_info.h:11,
                 from include/linux/preempt.h:9,
                 from include/linux/spinlock.h:50,
                 from include/linux/kobject.h:23,
                 from include/linux/device.h:17,
                 from drivers/misc/mediatek/mach/mt6735/camera_isp_D2.c:17:
/home/satory-ra/Android/kernel/android_kernel_oukitel_orange/arch/arm/include/asm/io.h:340:71: warning: passing argument 1 of '__raw_readl' makes pointer from integer without a cast
 #define ioread32(p) ({ unsigned int __v = le32_to_cpu((__force __le32)__raw_readl(p)); __iormb(); __v; })
                                                                       ^
include/uapi/linux/byteorder/little_endian.h:33:51: note: in definition of macro '__le32_to_cpu'
 #define __le32_to_cpu(x) ((__force __u32)(__le32)(x))
                                                   ^
drivers/misc/mediatek/mach/mt6735/camera_isp_FrmB_D2.c:101:33: note: in expansion of macro 'ioread32'
 #define ISP_RD32(addr)          ioread32(addr)
                                 ^
drivers/misc/mediatek/mach/mt6735/camera_isp_FrmB_D2.c:510:33: note: in expansion of macro 'ISP_RD32'
     sprintf((char*)(pDes),fmt,##__VA_ARGS__);   \
                                 ^
drivers/misc/mediatek/mach/mt6735/camera_isp_FrmB_D2.c:4027:13: note: in expansion of macro 'IRQ_LOG_KEEPER'
             IRQ_LOG_KEEPER(_IRQ,m_CurrentPPB,_LOG_INF,"P1_SOF_%d_%d(0x%x,0x%x,0x%x,0x%x,0x%x,0x%x,0x%x,0x%x)\n",sof_count[_PASS1],cur_v_cnt, \
             ^
In file included from include/linux/io.h:22:0,
                 from /home/satory-ra/Android/kernel/android_kernel_oukitel_orange/drivers/misc/mediatek/mach/mt6735/include/mach/sync_write.h:6,
                 from drivers/misc/mediatek/mach/mt6735/camera_isp_D2.c:39:
/home/satory-ra/Android/kernel/android_kernel_oukitel_orange/arch/arm/include/asm/io.h:104:19: note: expected 'const volatile void *' but argument is of type 'long unsigned int'
 static inline u32 __raw_readl(const volatile void __iomem *addr)
                   ^
In file included from include/linux/byteorder/little_endian.h:4:0,
                 from /home/satory-ra/Android/kernel/android_kernel_oukitel_orange/arch/arm/include/uapi/asm/byteorder.h:21,
                 from include/asm-generic/bitops/le.h:5,
                 from /home/satory-ra/Android/kernel/android_kernel_oukitel_orange/arch/arm/include/asm/bitops.h:308,
                 from include/linux/bitops.h:22,
                 from include/linux/kernel.h:10,
                 from include/asm-generic/bug.h:13,
                 from /home/satory-ra/Android/kernel/android_kernel_oukitel_orange/arch/arm/include/asm/bug.h:61,
                 from include/linux/bug.h:4,
                 from include/linux/thread_info.h:11,
                 from include/linux/preempt.h:9,
                 from include/linux/spinlock.h:50,
                 from include/linux/kobject.h:23,
                 from include/linux/device.h:17,
                 from drivers/misc/mediatek/mach/mt6735/camera_isp_D2.c:17:
/home/satory-ra/Android/kernel/android_kernel_oukitel_orange/arch/arm/include/asm/io.h:340:71: warning: passing argument 1 of '__raw_readl' makes pointer from integer without a cast
 #define ioread32(p) ({ unsigned int __v = le32_to_cpu((__force __le32)__raw_readl(p)); __iormb(); __v; })
                                                                       ^
include/uapi/linux/byteorder/little_endian.h:33:51: note: in definition of macro '__le32_to_cpu'
 #define __le32_to_cpu(x) ((__force __u32)(__le32)(x))
                                                   ^
drivers/misc/mediatek/mach/mt6735/camera_isp_FrmB_D2.c:101:33: note: in expansion of macro 'ioread32'
 #define ISP_RD32(addr)          ioread32(addr)
                                 ^
drivers/misc/mediatek/mach/mt6735/camera_isp_FrmB_D2.c:510:33: note: in expansion of macro 'ISP_RD32'
     sprintf((char*)(pDes),fmt,##__VA_ARGS__);   \
                                 ^
drivers/misc/mediatek/mach/mt6735/camera_isp_FrmB_D2.c:4027:13: note: in expansion of macro 'IRQ_LOG_KEEPER'
             IRQ_LOG_KEEPER(_IRQ,m_CurrentPPB,_LOG_INF,"P1_SOF_%d_%d(0x%x,0x%x,0x%x,0x%x,0x%x,0x%x,0x%x,0x%x)\n",sof_count[_PASS1],cur_v_cnt, \
             ^
In file included from include/linux/io.h:22:0,
                 from /home/satory-ra/Android/kernel/android_kernel_oukitel_orange/drivers/misc/mediatek/mach/mt6735/include/mach/sync_write.h:6,
                 from drivers/misc/mediatek/mach/mt6735/camera_isp_D2.c:39:
/home/satory-ra/Android/kernel/android_kernel_oukitel_orange/arch/arm/include/asm/io.h:104:19: note: expected 'const volatile void *' but argument is of type 'long unsigned int'
 static inline u32 __raw_readl(const volatile void __iomem *addr)
                   ^
In file included from include/linux/byteorder/little_endian.h:4:0,
                 from /home/satory-ra/Android/kernel/android_kernel_oukitel_orange/arch/arm/include/uapi/asm/byteorder.h:21,
                 from include/asm-generic/bitops/le.h:5,
                 from /home/satory-ra/Android/kernel/android_kernel_oukitel_orange/arch/arm/include/asm/bitops.h:308,
                 from include/linux/bitops.h:22,
                 from include/linux/kernel.h:10,
                 from include/asm-generic/bug.h:13,
                 from /home/satory-ra/Android/kernel/android_kernel_oukitel_orange/arch/arm/include/asm/bug.h:61,
                 from include/linux/bug.h:4,
                 from include/linux/thread_info.h:11,
                 from include/linux/preempt.h:9,
                 from include/linux/spinlock.h:50,
                 from include/linux/kobject.h:23,
                 from include/linux/device.h:17,
                 from drivers/misc/mediatek/mach/mt6735/camera_isp_D2.c:17:
/home/satory-ra/Android/kernel/android_kernel_oukitel_orange/arch/arm/include/asm/io.h:340:71: warning: passing argument 1 of '__raw_readl' makes pointer from integer without a cast
 #define ioread32(p) ({ unsigned int __v = le32_to_cpu((__force __le32)__raw_readl(p)); __iormb(); __v; })
                                                                       ^
include/uapi/linux/byteorder/little_endian.h:33:51: note: in definition of macro '__le32_to_cpu'
 #define __le32_to_cpu(x) ((__force __u32)(__le32)(x))
                                                   ^
drivers/misc/mediatek/mach/mt6735/camera_isp_FrmB_D2.c:101:33: note: in expansion of macro 'ioread32'
 #define ISP_RD32(addr)          ioread32(addr)
                                 ^
drivers/misc/mediatek/mach/mt6735/camera_isp_FrmB_D2.c:510:33: note: in expansion of macro 'ISP_RD32'
     sprintf((char*)(pDes),fmt,##__VA_ARGS__);   \
                                 ^
drivers/misc/mediatek/mach/mt6735/camera_isp_FrmB_D2.c:4027:13: note: in expansion of macro 'IRQ_LOG_KEEPER'
             IRQ_LOG_KEEPER(_IRQ,m_CurrentPPB,_LOG_INF,"P1_SOF_%d_%d(0x%x,0x%x,0x%x,0x%x,0x%x,0x%x,0x%x,0x%x)\n",sof_count[_PASS1],cur_v_cnt, \
             ^
In file included from include/linux/io.h:22:0,
                 from /home/satory-ra/Android/kernel/android_kernel_oukitel_orange/drivers/misc/mediatek/mach/mt6735/include/mach/sync_write.h:6,
                 from drivers/misc/mediatek/mach/mt6735/camera_isp_D2.c:39:
/home/satory-ra/Android/kernel/android_kernel_oukitel_orange/arch/arm/include/asm/io.h:104:19: note: expected 'const volatile void *' but argument is of type 'long unsigned int'
 static inline u32 __raw_readl(const volatile void __iomem *addr)
                   ^
In file included from include/linux/byteorder/little_endian.h:4:0,
                 from /home/satory-ra/Android/kernel/android_kernel_oukitel_orange/arch/arm/include/uapi/asm/byteorder.h:21,
                 from include/asm-generic/bitops/le.h:5,
                 from /home/satory-ra/Android/kernel/android_kernel_oukitel_orange/arch/arm/include/asm/bitops.h:308,
                 from include/linux/bitops.h:22,
                 from include/linux/kernel.h:10,
                 from include/asm-generic/bug.h:13,
                 from /home/satory-ra/Android/kernel/android_kernel_oukitel_orange/arch/arm/include/asm/bug.h:61,
                 from include/linux/bug.h:4,
                 from include/linux/thread_info.h:11,
                 from include/linux/preempt.h:9,
                 from include/linux/spinlock.h:50,
                 from include/linux/kobject.h:23,
                 from include/linux/device.h:17,
                 from drivers/misc/mediatek/mach/mt6735/camera_isp_D2.c:17:
/home/satory-ra/Android/kernel/android_kernel_oukitel_orange/arch/arm/include/asm/io.h:340:71: warning: passing argument 1 of '__raw_readl' makes pointer from integer without a cast
 #define ioread32(p) ({ unsigned int __v = le32_to_cpu((__force __le32)__raw_readl(p)); __iormb(); __v; })
                                                                       ^
include/uapi/linux/byteorder/little_endian.h:33:51: note: in definition of macro '__le32_to_cpu'
 #define __le32_to_cpu(x) ((__force __u32)(__le32)(x))
                                                   ^
drivers/misc/mediatek/mach/mt6735/camera_isp_FrmB_D2.c:101:33: note: in expansion of macro 'ioread32'
 #define ISP_RD32(addr)          ioread32(addr)
                                 ^
drivers/misc/mediatek/mach/mt6735/camera_isp_FrmB_D2.c:510:33: note: in expansion of macro 'ISP_RD32'
     sprintf((char*)(pDes),fmt,##__VA_ARGS__);   \
                                 ^
drivers/misc/mediatek/mach/mt6735/camera_isp_FrmB_D2.c:4027:13: note: in expansion of macro 'IRQ_LOG_KEEPER'
             IRQ_LOG_KEEPER(_IRQ,m_CurrentPPB,_LOG_INF,"P1_SOF_%d_%d(0x%x,0x%x,0x%x,0x%x,0x%x,0x%x,0x%x,0x%x)\n",sof_count[_PASS1],cur_v_cnt, \
             ^
In file included from include/linux/io.h:22:0,
                 from /home/satory-ra/Android/kernel/android_kernel_oukitel_orange/drivers/misc/mediatek/mach/mt6735/include/mach/sync_write.h:6,
                 from drivers/misc/mediatek/mach/mt6735/camera_isp_D2.c:39:
/home/satory-ra/Android/kernel/android_kernel_oukitel_orange/arch/arm/include/asm/io.h:104:19: note: expected 'const volatile void *' but argument is of type 'long unsigned int'
 static inline u32 __raw_readl(const volatile void __iomem *addr)
                   ^
In file included from include/linux/byteorder/little_endian.h:4:0,
                 from /home/satory-ra/Android/kernel/android_kernel_oukitel_orange/arch/arm/include/uapi/asm/byteorder.h:21,
                 from include/asm-generic/bitops/le.h:5,
                 from /home/satory-ra/Android/kernel/android_kernel_oukitel_orange/arch/arm/include/asm/bitops.h:308,
                 from include/linux/bitops.h:22,
                 from include/linux/kernel.h:10,
                 from include/asm-generic/bug.h:13,
                 from /home/satory-ra/Android/kernel/android_kernel_oukitel_orange/arch/arm/include/asm/bug.h:61,
                 from include/linux/bug.h:4,
                 from include/linux/thread_info.h:11,
                 from include/linux/preempt.h:9,
                 from include/linux/spinlock.h:50,
                 from include/linux/kobject.h:23,
                 from include/linux/device.h:17,
                 from drivers/misc/mediatek/mach/mt6735/camera_isp_D2.c:17:
/home/satory-ra/Android/kernel/android_kernel_oukitel_orange/arch/arm/include/asm/io.h:340:71: warning: passing argument 1 of '__raw_readl' makes pointer from integer without a cast
 #define ioread32(p) ({ unsigned int __v = le32_to_cpu((__force __le32)__raw_readl(p)); __iormb(); __v; })
                                                                       ^
include/uapi/linux/byteorder/little_endian.h:33:51: note: in definition of macro '__le32_to_cpu'
 #define __le32_to_cpu(x) ((__force __u32)(__le32)(x))
                                                   ^
drivers/misc/mediatek/mach/mt6735/camera_isp_FrmB_D2.c:101:33: note: in expansion of macro 'ioread32'
 #define ISP_RD32(addr)          ioread32(addr)
                                 ^
drivers/misc/mediatek/mach/mt6735/camera_isp_FrmB_D2.c:510:33: note: in expansion of macro 'ISP_RD32'
     sprintf((char*)(pDes),fmt,##__VA_ARGS__);   \
                                 ^
drivers/misc/mediatek/mach/mt6735/camera_isp_FrmB_D2.c:4027:13: note: in expansion of macro 'IRQ_LOG_KEEPER'
             IRQ_LOG_KEEPER(_IRQ,m_CurrentPPB,_LOG_INF,"P1_SOF_%d_%d(0x%x,0x%x,0x%x,0x%x,0x%x,0x%x,0x%x,0x%x)\n",sof_count[_PASS1],cur_v_cnt, \
             ^
In file included from include/linux/io.h:22:0,
                 from /home/satory-ra/Android/kernel/android_kernel_oukitel_orange/drivers/misc/mediatek/mach/mt6735/include/mach/sync_write.h:6,
                 from drivers/misc/mediatek/mach/mt6735/camera_isp_D2.c:39:
/home/satory-ra/Android/kernel/android_kernel_oukitel_orange/arch/arm/include/asm/io.h:104:19: note: expected 'const volatile void *' but argument is of type 'long unsigned int'
 static inline u32 __raw_readl(const volatile void __iomem *addr)
                   ^
In file included from include/linux/byteorder/little_endian.h:4:0,
                 from /home/satory-ra/Android/kernel/android_kernel_oukitel_orange/arch/arm/include/uapi/asm/byteorder.h:21,
                 from include/asm-generic/bitops/le.h:5,
                 from /home/satory-ra/Android/kernel/android_kernel_oukitel_orange/arch/arm/include/asm/bitops.h:308,
                 from include/linux/bitops.h:22,
                 from include/linux/kernel.h:10,
                 from include/asm-generic/bug.h:13,
                 from /home/satory-ra/Android/kernel/android_kernel_oukitel_orange/arch/arm/include/asm/bug.h:61,
                 from include/linux/bug.h:4,
                 from include/linux/thread_info.h:11,
                 from include/linux/preempt.h:9,
                 from include/linux/spinlock.h:50,
                 from include/linux/kobject.h:23,
                 from include/linux/device.h:17,
                 from drivers/misc/mediatek/mach/mt6735/camera_isp_D2.c:17:
/home/satory-ra/Android/kernel/android_kernel_oukitel_orange/arch/arm/include/asm/io.h:340:71: warning: passing argument 1 of '__raw_readl' makes pointer from integer without a cast
 #define ioread32(p) ({ unsigned int __v = le32_to_cpu((__force __le32)__raw_readl(p)); __iormb(); __v; })
                                                                       ^
include/uapi/linux/byteorder/little_endian.h:33:51: note: in definition of macro '__le32_to_cpu'
 #define __le32_to_cpu(x) ((__force __u32)(__le32)(x))
                                                   ^
drivers/misc/mediatek/mach/mt6735/camera_isp_FrmB_D2.c:101:33: note: in expansion of macro 'ioread32'
 #define ISP_RD32(addr)          ioread32(addr)
                                 ^
drivers/misc/mediatek/mach/mt6735/camera_isp_FrmB_D2.c:510:33: note: in expansion of macro 'ISP_RD32'
     sprintf((char*)(pDes),fmt,##__VA_ARGS__);   \
                                 ^
drivers/misc/mediatek/mach/mt6735/camera_isp_FrmB_D2.c:4027:13: note: in expansion of macro 'IRQ_LOG_KEEPER'
             IRQ_LOG_KEEPER(_IRQ,m_CurrentPPB,_LOG_INF,"P1_SOF_%d_%d(0x%x,0x%x,0x%x,0x%x,0x%x,0x%x,0x%x,0x%x)\n",sof_count[_PASS1],cur_v_cnt, \
             ^
In file included from include/linux/io.h:22:0,
                 from /home/satory-ra/Android/kernel/android_kernel_oukitel_orange/drivers/misc/mediatek/mach/mt6735/include/mach/sync_write.h:6,
                 from drivers/misc/mediatek/mach/mt6735/camera_isp_D2.c:39:
/home/satory-ra/Android/kernel/android_kernel_oukitel_orange/arch/arm/include/asm/io.h:104:19: note: expected 'const volatile void *' but argument is of type 'long unsigned int'
 static inline u32 __raw_readl(const volatile void __iomem *addr)
                   ^
In file included from drivers/misc/mediatek/mach/mt6735/camera_isp_D2.c:46:0:
drivers/misc/mediatek/mach/mt6735/camera_isp_FrmB_D2.c:3845:13: warning: unused variable 'd_cur_v_cnt' [-Wunused-variable]
     MUINT32 d_cur_v_cnt = 0;
             ^
drivers/misc/mediatek/mach/mt6735/camera_isp_FrmB_D2.c:3838:13: warning: unused variable 'j' [-Wunused-variable]
     MUINT32 j=0;
             ^
drivers/misc/mediatek/mach/mt6735/camera_isp_FrmB_D2.c:3836:13: warning: unused variable 'i' [-Wunused-variable]
     MUINT32 i;
             ^
drivers/misc/mediatek/mach/mt6735/camera_isp_FrmB_D2.c: At top level:
drivers/misc/mediatek/mach/mt6735/camera_isp_FrmB_D2.c:4145:15: warning: function declaration isn't a prototype [-Wstrict-prototypes]
 static MINT32 ISP_open_FrmB()
               ^
In file included from include/linux/string.h:17:0,
                 from include/linux/dynamic_debug.h:111,
                 from include/linux/kernel.h:14,
                 from include/asm-generic/bug.h:13,
                 from /home/satory-ra/Android/kernel/android_kernel_oukitel_orange/arch/arm/include/asm/bug.h:61,
                 from include/linux/bug.h:4,
                 from include/linux/thread_info.h:11,
                 from include/linux/preempt.h:9,
                 from include/linux/spinlock.h:50,
                 from include/linux/kobject.h:23,
                 from include/linux/device.h:17,
                 from drivers/misc/mediatek/mach/mt6735/camera_isp_D2.c:17:
drivers/misc/mediatek/mach/mt6735/camera_isp_FrmB_D2.c: In function 'ISP_open_FrmB':
/home/satory-ra/Android/kernel/android_kernel_oukitel_orange/arch/arm/include/asm/string.h:31:16: warning: initialization discards 'volatile' qualifier from pointer target type
    void *__p = (p); size_t __n = n;   \
                ^
drivers/misc/mediatek/mach/mt6735/camera_isp_FrmB_D2.c:4154:9: note: in expansion of macro 'memset'
         memset(IrqUserKey_UserInfo[i].userName, '\0', USERKEY_STR_LEN);
         ^
In file included from drivers/misc/mediatek/mach/mt6735/camera_isp_D2.c:46:0:
drivers/misc/mediatek/mach/mt6735/camera_isp_FrmB_D2.c: At top level:
drivers/misc/mediatek/mach/mt6735/camera_isp_FrmB_D2.c:4246:15: warning: function declaration isn't a prototype [-Wstrict-prototypes]
 static MINT32 ISP_release_FrmB()
               ^
In file included from include/linux/string.h:17:0,
                 from include/linux/dynamic_debug.h:111,
                 from include/linux/kernel.h:14,
                 from include/asm-generic/bug.h:13,
                 from /home/satory-ra/Android/kernel/android_kernel_oukitel_orange/arch/arm/include/asm/bug.h:61,
                 from include/linux/bug.h:4,
                 from include/linux/thread_info.h:11,
                 from include/linux/preempt.h:9,
                 from include/linux/spinlock.h:50,
                 from include/linux/kobject.h:23,
                 from include/linux/device.h:17,
                 from drivers/misc/mediatek/mach/mt6735/camera_isp_D2.c:17:
drivers/misc/mediatek/mach/mt6735/camera_isp_FrmB_D2.c: In function 'ISP_release_FrmB':
/home/satory-ra/Android/kernel/android_kernel_oukitel_orange/arch/arm/include/asm/string.h:31:16: warning: initialization discards 'volatile' qualifier from pointer target type
    void *__p = (p); size_t __n = n;   \
                ^
drivers/misc/mediatek/mach/mt6735/camera_isp_FrmB_D2.c:4264:9: note: in expansion of macro 'memset'
         memset(IrqUserKey_UserInfo[i].userName, '\0', USERKEY_STR_LEN);
         ^
In file included from drivers/misc/mediatek/mach/mt6735/camera_isp_D2.c:46:0:
drivers/misc/mediatek/mach/mt6735/camera_isp_FrmB_D2.c:4278:5: warning: label 'EXIT' defined but not used [-Wunused-label]
     EXIT:
     ^
drivers/misc/mediatek/mach/mt6735/camera_isp_FrmB_D2.c:4249:13: warning: unused variable 'Reg' [-Wunused-variable]
     MUINT32 Reg;
             ^
drivers/misc/mediatek/mach/mt6735/camera_isp_D2.c: At top level:
drivers/misc/mediatek/mach/mt6735/camera_isp_D2.c:163:0: warning: "ISP_ADDR" redefined
 #define ISP_ADDR                        (gISPSYS_Reg[ISP_BASE_ADDR])
 ^
In file included from drivers/misc/mediatek/mach/mt6735/camera_isp_D2.c:46:0:
drivers/misc/mediatek/mach/mt6735/camera_isp_FrmB_D2.c:153:0: note: this is the location of the previous definition
 #define ISP_ADDR                        (CAMINF_BASE + 0x4000)
 ^
drivers/misc/mediatek/mach/mt6735/camera_isp_D2.c:164:0: warning: "ISP_IMGSYS_BASE" redefined
 #define ISP_IMGSYS_BASE                 (gISPSYS_Reg[ISP_IMGSYS_CONFIG_BASE_ADDR])
 ^
In file included from drivers/misc/mediatek/mach/mt6735/camera_isp_D2.c:46:0:
drivers/misc/mediatek/mach/mt6735/camera_isp_FrmB_D2.c:141:0: note: this is the location of the previous definition
 #define ISP_IMGSYS_BASE                 (gISPSYS_Reg_FrmB[ISP_IMGSYS_CONFIG_BASE_ADDR])
 ^
drivers/misc/mediatek/mach/mt6735/camera_isp_D2.c:165:0: warning: "ISP_ADDR_CAMINF" redefined
 #define ISP_ADDR_CAMINF                 (gISPSYS_Reg[ISP_IMGSYS_CONFIG_BASE_ADDR])
 ^
In file included from drivers/misc/mediatek/mach/mt6735/camera_isp_D2.c:46:0:
drivers/misc/mediatek/mach/mt6735/camera_isp_FrmB_D2.c:154:0: note: this is the location of the previous definition
 #define ISP_ADDR_CAMINF                 CAMINF_BASE
 ^
drivers/misc/mediatek/mach/mt6735/camera_isp_D2.c:653:0: warning: "RegDump" redefined
 #define RegDump(start,end) {\
 ^
In file included from drivers/misc/mediatek/mach/mt6735/camera_isp_D2.c:46:0:
drivers/misc/mediatek/mach/mt6735/camera_isp_FrmB_D2.c:869:0: note: this is the location of the previous definition
 #define RegDump(start,end) {\
 ^
In file included from include/linux/byteorder/little_endian.h:4:0,
                 from /home/satory-ra/Android/kernel/android_kernel_oukitel_orange/arch/arm/include/uapi/asm/byteorder.h:21,
                 from include/asm-generic/bitops/le.h:5,
                 from /home/satory-ra/Android/kernel/android_kernel_oukitel_orange/arch/arm/include/asm/bitops.h:308,
                 from include/linux/bitops.h:22,
                 from include/linux/kernel.h:10,
                 from include/asm-generic/bug.h:13,
                 from /home/satory-ra/Android/kernel/android_kernel_oukitel_orange/arch/arm/include/asm/bug.h:61,
                 from include/linux/bug.h:4,
                 from include/linux/thread_info.h:11,
                 from include/linux/preempt.h:9,
                 from include/linux/spinlock.h:50,
                 from include/linux/kobject.h:23,
                 from include/linux/device.h:17,
                 from drivers/misc/mediatek/mach/mt6735/camera_isp_D2.c:17:
drivers/misc/mediatek/mach/mt6735/camera_isp_D2.c: In function 'ISP_DumpReg':
/home/satory-ra/Android/kernel/android_kernel_oukitel_orange/arch/arm/include/asm/io.h:340:71: warning: passing argument 1 of '__raw_readl' makes pointer from integer without a cast
 #define ioread32(p) ({ unsigned int __v = le32_to_cpu((__force __le32)__raw_readl(p)); __iormb(); __v; })
                                                                       ^
include/uapi/linux/byteorder/little_endian.h:33:51: note: in definition of macro '__le32_to_cpu'
 #define __le32_to_cpu(x) ((__force __u32)(__le32)(x))
                                                   ^
drivers/misc/mediatek/mach/mt6735/camera_isp_D2.c:108:33: note: in expansion of macro 'ioread32'
 #define ISP_RD32(addr)          ioread32(addr)
                                 ^
include/linux/printk.h:248:38: note: in expansion of macro 'ISP_RD32'
  no_printk(KERN_DEBUG pr_fmt(fmt), ##__VA_ARGS__)
                                      ^
drivers/misc/mediatek/mach/mt6735/camera_isp_D2.c:94:37: note: in expansion of macro 'pr_debug'
 #define LOG_DBG(format, args...)    pr_debug(MyTag format, ##args)
                                     ^
drivers/misc/mediatek/mach/mt6735/camera_isp_D2.c:928:5: note: in expansion of macro 'LOG_DBG'
     LOG_DBG("[0x%08X %08X],[0x%08X %08X]", (unsigned int)(0x10215830), (unsigned int)ISP_RD32(ISP_MIPI_ANA_ADDR+0x830),(unsigned int)(0x10215830), (unsigned int)ISP_RD32(ISP_MIPI_ANA_ADDR+0x830));
     ^
In file included from include/linux/io.h:22:0,
                 from /home/satory-ra/Android/kernel/android_kernel_oukitel_orange/drivers/misc/mediatek/mach/mt6735/include/mach/sync_write.h:6,
                 from drivers/misc/mediatek/mach/mt6735/camera_isp_D2.c:39:
/home/satory-ra/Android/kernel/android_kernel_oukitel_orange/arch/arm/include/asm/io.h:104:19: note: expected 'const volatile void *' but argument is of type 'long unsigned int'
 static inline u32 __raw_readl(const volatile void __iomem *addr)
                   ^
In file included from include/linux/byteorder/little_endian.h:4:0,
                 from /home/satory-ra/Android/kernel/android_kernel_oukitel_orange/arch/arm/include/uapi/asm/byteorder.h:21,
                 from include/asm-generic/bitops/le.h:5,
                 from /home/satory-ra/Android/kernel/android_kernel_oukitel_orange/arch/arm/include/asm/bitops.h:308,
                 from include/linux/bitops.h:22,
                 from include/linux/kernel.h:10,
                 from include/asm-generic/bug.h:13,
                 from /home/satory-ra/Android/kernel/android_kernel_oukitel_orange/arch/arm/include/asm/bug.h:61,
                 from include/linux/bug.h:4,
                 from include/linux/thread_info.h:11,
                 from include/linux/preempt.h:9,
                 from include/linux/spinlock.h:50,
                 from include/linux/kobject.h:23,
                 from include/linux/device.h:17,
                 from drivers/misc/mediatek/mach/mt6735/camera_isp_D2.c:17:
/home/satory-ra/Android/kernel/android_kernel_oukitel_orange/arch/arm/include/asm/io.h:340:71: warning: passing argument 1 of '__raw_readl' makes pointer from integer without a cast
 #define ioread32(p) ({ unsigned int __v = le32_to_cpu((__force __le32)__raw_readl(p)); __iormb(); __v; })
                                                                       ^
include/uapi/linux/byteorder/little_endian.h:33:51: note: in definition of macro '__le32_to_cpu'
 #define __le32_to_cpu(x) ((__force __u32)(__le32)(x))
                                                   ^
drivers/misc/mediatek/mach/mt6735/camera_isp_D2.c:108:33: note: in expansion of macro 'ioread32'
 #define ISP_RD32(addr)          ioread32(addr)
                                 ^
include/linux/printk.h:248:38: note: in expansion of macro 'ISP_RD32'
  no_printk(KERN_DEBUG pr_fmt(fmt), ##__VA_ARGS__)
                                      ^
drivers/misc/mediatek/mach/mt6735/camera_isp_D2.c:94:37: note: in expansion of macro 'pr_debug'
 #define LOG_DBG(format, args...)    pr_debug(MyTag format, ##args)
                                     ^
drivers/misc/mediatek/mach/mt6735/camera_isp_D2.c:928:5: note: in expansion of macro 'LOG_DBG'
     LOG_DBG("[0x%08X %08X],[0x%08X %08X]", (unsigned int)(0x10215830), (unsigned int)ISP_RD32(ISP_MIPI_ANA_ADDR+0x830),(unsigned int)(0x10215830), (unsigned int)ISP_RD32(ISP_MIPI_ANA_ADDR+0x830));
     ^
In file included from include/linux/io.h:22:0,
                 from /home/satory-ra/Android/kernel/android_kernel_oukitel_orange/drivers/misc/mediatek/mach/mt6735/include/mach/sync_write.h:6,
                 from drivers/misc/mediatek/mach/mt6735/camera_isp_D2.c:39:
/home/satory-ra/Android/kernel/android_kernel_oukitel_orange/arch/arm/include/asm/io.h:104:19: note: expected 'const volatile void *' but argument is of type 'long unsigned int'
 static inline u32 __raw_readl(const volatile void __iomem *addr)
                   ^
In file included from include/linux/byteorder/little_endian.h:4:0,
                 from /home/satory-ra/Android/kernel/android_kernel_oukitel_orange/arch/arm/include/uapi/asm/byteorder.h:21,
                 from include/asm-generic/bitops/le.h:5,
                 from /home/satory-ra/Android/kernel/android_kernel_oukitel_orange/arch/arm/include/asm/bitops.h:308,
                 from include/linux/bitops.h:22,
                 from include/linux/kernel.h:10,
                 from include/asm-generic/bug.h:13,
                 from /home/satory-ra/Android/kernel/android_kernel_oukitel_orange/arch/arm/include/asm/bug.h:61,
                 from include/linux/bug.h:4,
                 from include/linux/thread_info.h:11,
                 from include/linux/preempt.h:9,
                 from include/linux/spinlock.h:50,
                 from include/linux/kobject.h:23,
                 from include/linux/device.h:17,
                 from drivers/misc/mediatek/mach/mt6735/camera_isp_D2.c:17:
/home/satory-ra/Android/kernel/android_kernel_oukitel_orange/arch/arm/include/asm/io.h:340:71: warning: passing argument 1 of '__raw_readl' makes pointer from integer without a cast
 #define ioread32(p) ({ unsigned int __v = le32_to_cpu((__force __le32)__raw_readl(p)); __iormb(); __v; })
                                                                       ^
include/uapi/linux/byteorder/little_endian.h:33:51: note: in definition of macro '__le32_to_cpu'
 #define __le32_to_cpu(x) ((__force __u32)(__le32)(x))
                                                   ^
drivers/misc/mediatek/mach/mt6735/camera_isp_D2.c:108:33: note: in expansion of macro 'ioread32'
 #define ISP_RD32(addr)          ioread32(addr)
                                 ^
include/linux/printk.h:248:38: note: in expansion of macro 'ISP_RD32'
  no_printk(KERN_DEBUG pr_fmt(fmt), ##__VA_ARGS__)
                                      ^
drivers/misc/mediatek/mach/mt6735/camera_isp_D2.c:94:37: note: in expansion of macro 'pr_debug'
 #define LOG_DBG(format, args...)    pr_debug(MyTag format, ##args)
                                     ^
drivers/misc/mediatek/mach/mt6735/camera_isp_D2.c:929:5: note: in expansion of macro 'LOG_DBG'
     LOG_DBG("[0x%08X %08X],[0x%08X %08X]", (unsigned int)(0x10215c30), (unsigned int)ISP_RD32(ISP_MIPI_ANA_ADDR+0xc30),(unsigned int)(0x10215c30), (unsigned int)ISP_RD32(ISP_MIPI_ANA_ADDR+0xc30));
     ^
In file included from include/linux/io.h:22:0,
                 from /home/satory-ra/Android/kernel/android_kernel_oukitel_orange/drivers/misc/mediatek/mach/mt6735/include/mach/sync_write.h:6,
                 from drivers/misc/mediatek/mach/mt6735/camera_isp_D2.c:39:
/home/satory-ra/Android/kernel/android_kernel_oukitel_orange/arch/arm/include/asm/io.h:104:19: note: expected 'const volatile void *' but argument is of type 'long unsigned int'
 static inline u32 __raw_readl(const volatile void __iomem *addr)
                   ^
In file included from include/linux/byteorder/little_endian.h:4:0,
                 from /home/satory-ra/Android/kernel/android_kernel_oukitel_orange/arch/arm/include/uapi/asm/byteorder.h:21,
                 from include/asm-generic/bitops/le.h:5,
                 from /home/satory-ra/Android/kernel/android_kernel_oukitel_orange/arch/arm/include/asm/bitops.h:308,
                 from include/linux/bitops.h:22,
                 from include/linux/kernel.h:10,
                 from include/asm-generic/bug.h:13,
                 from /home/satory-ra/Android/kernel/android_kernel_oukitel_orange/arch/arm/include/asm/bug.h:61,
                 from include/linux/bug.h:4,
                 from include/linux/thread_info.h:11,
                 from include/linux/preempt.h:9,
                 from include/linux/spinlock.h:50,
                 from include/linux/kobject.h:23,
                 from include/linux/device.h:17,
                 from drivers/misc/mediatek/mach/mt6735/camera_isp_D2.c:17:
/home/satory-ra/Android/kernel/android_kernel_oukitel_orange/arch/arm/include/asm/io.h:340:71: warning: passing argument 1 of '__raw_readl' makes pointer from integer without a cast
 #define ioread32(p) ({ unsigned int __v = le32_to_cpu((__force __le32)__raw_readl(p)); __iormb(); __v; })
                                                                       ^
include/uapi/linux/byteorder/little_endian.h:33:51: note: in definition of macro '__le32_to_cpu'
 #define __le32_to_cpu(x) ((__force __u32)(__le32)(x))
                                                   ^
drivers/misc/mediatek/mach/mt6735/camera_isp_D2.c:108:33: note: in expansion of macro 'ioread32'
 #define ISP_RD32(addr)          ioread32(addr)
                                 ^
include/linux/printk.h:248:38: note: in expansion of macro 'ISP_RD32'
  no_printk(KERN_DEBUG pr_fmt(fmt), ##__VA_ARGS__)
                                      ^
drivers/misc/mediatek/mach/mt6735/camera_isp_D2.c:94:37: note: in expansion of macro 'pr_debug'
 #define LOG_DBG(format, args...)    pr_debug(MyTag format, ##args)
                                     ^
drivers/misc/mediatek/mach/mt6735/camera_isp_D2.c:929:5: note: in expansion of macro 'LOG_DBG'
     LOG_DBG("[0x%08X %08X],[0x%08X %08X]", (unsigned int)(0x10215c30), (unsigned int)ISP_RD32(ISP_MIPI_ANA_ADDR+0xc30),(unsigned int)(0x10215c30), (unsigned int)ISP_RD32(ISP_MIPI_ANA_ADDR+0xc30));
     ^
In file included from include/linux/io.h:22:0,
                 from /home/satory-ra/Android/kernel/android_kernel_oukitel_orange/drivers/misc/mediatek/mach/mt6735/include/mach/sync_write.h:6,
                 from drivers/misc/mediatek/mach/mt6735/camera_isp_D2.c:39:
/home/satory-ra/Android/kernel/android_kernel_oukitel_orange/arch/arm/include/asm/io.h:104:19: note: expected 'const volatile void *' but argument is of type 'long unsigned int'
 static inline u32 __raw_readl(const volatile void __iomem *addr)
                   ^
/home/satory-ra/Android/kernel/android_kernel_oukitel_orange/arch/arm/include/asm/io.h:347:38: warning: passing argument 2 of '__raw_writel' makes pointer from integer without a cast
 #define iowrite32(v,p) ({ __iowmb(); __raw_writel((__force __u32)cpu_to_le32(v), p); })
                                      ^
drivers/misc/mediatek/mach/mt6735/camera_isp_D2.c:106:33: note: in expansion of macro 'iowrite32'
 #define ISP_WR32(addr, data)    iowrite32(data, addr) // For other projects.
                                 ^
drivers/misc/mediatek/mach/mt6735/camera_isp_D2.c:932:5: note: in expansion of macro 'ISP_WR32'
     ISP_WR32((ISP_ADDR + 0x43B8), 0x02);
     ^
/home/satory-ra/Android/kernel/android_kernel_oukitel_orange/arch/arm/include/asm/io.h:88:20: note: expected 'volatile void *' but argument is of type 'long unsigned int'
 static inline void __raw_writel(u32 val, volatile void __iomem *addr)
                    ^
In file included from include/linux/byteorder/little_endian.h:4:0,
                 from /home/satory-ra/Android/kernel/android_kernel_oukitel_orange/arch/arm/include/uapi/asm/byteorder.h:21,
                 from include/asm-generic/bitops/le.h:5,
                 from /home/satory-ra/Android/kernel/android_kernel_oukitel_orange/arch/arm/include/asm/bitops.h:308,
                 from include/linux/bitops.h:22,
                 from include/linux/kernel.h:10,
                 from include/asm-generic/bug.h:13,
                 from /home/satory-ra/Android/kernel/android_kernel_oukitel_orange/arch/arm/include/asm/bug.h:61,
                 from include/linux/bug.h:4,
                 from include/linux/thread_info.h:11,
                 from include/linux/preempt.h:9,
                 from include/linux/spinlock.h:50,
                 from include/linux/kobject.h:23,
                 from include/linux/device.h:17,
                 from drivers/misc/mediatek/mach/mt6735/camera_isp_D2.c:17:
/home/satory-ra/Android/kernel/android_kernel_oukitel_orange/arch/arm/include/asm/io.h:340:71: warning: passing argument 1 of '__raw_readl' makes pointer from integer without a cast
 #define ioread32(p) ({ unsigned int __v = le32_to_cpu((__force __le32)__raw_readl(p)); __iormb(); __v; })
                                                                       ^
include/uapi/linux/byteorder/little_endian.h:33:51: note: in definition of macro '__le32_to_cpu'
 #define __le32_to_cpu(x) ((__force __u32)(__le32)(x))
                                                   ^
drivers/misc/mediatek/mach/mt6735/camera_isp_D2.c:108:33: note: in expansion of macro 'ioread32'
 #define ISP_RD32(addr)          ioread32(addr)
                                 ^
include/linux/printk.h:248:38: note: in expansion of macro 'ISP_RD32'
  no_printk(KERN_DEBUG pr_fmt(fmt), ##__VA_ARGS__)
                                      ^
drivers/misc/mediatek/mach/mt6735/camera_isp_D2.c:94:37: note: in expansion of macro 'pr_debug'
 #define LOG_DBG(format, args...)    pr_debug(MyTag format, ##args)
                                     ^
drivers/misc/mediatek/mach/mt6735/camera_isp_D2.c:933:5: note: in expansion of macro 'LOG_DBG'
     LOG_DBG("[0x%08X %08X]", (unsigned int)(ISP_TPIPE_ADDR + 0x43B8), (unsigned int)ISP_RD32(ISP_ADDR + 0x43B8));
     ^
In file included from include/linux/io.h:22:0,
                 from /home/satory-ra/Android/kernel/android_kernel_oukitel_orange/drivers/misc/mediatek/mach/mt6735/include/mach/sync_write.h:6,
                 from drivers/misc/mediatek/mach/mt6735/camera_isp_D2.c:39:
/home/satory-ra/Android/kernel/android_kernel_oukitel_orange/arch/arm/include/asm/io.h:104:19: note: expected 'const volatile void *' but argument is of type 'long unsigned int'
 static inline u32 __raw_readl(const volatile void __iomem *addr)
                   ^
In file included from include/linux/byteorder/little_endian.h:4:0,
                 from /home/satory-ra/Android/kernel/android_kernel_oukitel_orange/arch/arm/include/uapi/asm/byteorder.h:21,
                 from include/asm-generic/bitops/le.h:5,
                 from /home/satory-ra/Android/kernel/android_kernel_oukitel_orange/arch/arm/include/asm/bitops.h:308,
                 from include/linux/bitops.h:22,
                 from include/linux/kernel.h:10,
                 from include/asm-generic/bug.h:13,
                 from /home/satory-ra/Android/kernel/android_kernel_oukitel_orange/arch/arm/include/asm/bug.h:61,
                 from include/linux/bug.h:4,
                 from include/linux/thread_info.h:11,
                 from include/linux/preempt.h:9,
                 from include/linux/spinlock.h:50,
                 from include/linux/kobject.h:23,
                 from include/linux/device.h:17,
                 from drivers/misc/mediatek/mach/mt6735/camera_isp_D2.c:17:
/home/satory-ra/Android/kernel/android_kernel_oukitel_orange/arch/arm/include/asm/io.h:340:71: warning: passing argument 1 of '__raw_readl' makes pointer from integer without a cast
 #define ioread32(p) ({ unsigned int __v = le32_to_cpu((__force __le32)__raw_readl(p)); __iormb(); __v; })
                                                                       ^
include/uapi/linux/byteorder/little_endian.h:33:51: note: in definition of macro '__le32_to_cpu'
 #define __le32_to_cpu(x) ((__force __u32)(__le32)(x))
                                                   ^
drivers/misc/mediatek/mach/mt6735/camera_isp_D2.c:108:33: note: in expansion of macro 'ioread32'
 #define ISP_RD32(addr)          ioread32(addr)
                                 ^
include/linux/printk.h:248:38: note: in expansion of macro 'ISP_RD32'
  no_printk(KERN_DEBUG pr_fmt(fmt), ##__VA_ARGS__)
                                      ^
drivers/misc/mediatek/mach/mt6735/camera_isp_D2.c:94:37: note: in expansion of macro 'pr_debug'
 #define LOG_DBG(format, args...)    pr_debug(MyTag format, ##args)
                                     ^
drivers/misc/mediatek/mach/mt6735/camera_isp_D2.c:934:5: note: in expansion of macro 'LOG_DBG'
     LOG_DBG("[0x%08X %08X]", (unsigned int)(ISP_TPIPE_ADDR + 0x43BC), (unsigned int)ISP_RD32(ISP_ADDR + 0x43BC));
     ^
In file included from include/linux/io.h:22:0,
                 from /home/satory-ra/Android/kernel/android_kernel_oukitel_orange/drivers/misc/mediatek/mach/mt6735/include/mach/sync_write.h:6,
                 from drivers/misc/mediatek/mach/mt6735/camera_isp_D2.c:39:
/home/satory-ra/Android/kernel/android_kernel_oukitel_orange/arch/arm/include/asm/io.h:104:19: note: expected 'const volatile void *' but argument is of type 'long unsigned int'
 static inline u32 __raw_readl(const volatile void __iomem *addr)
                   ^
/home/satory-ra/Android/kernel/android_kernel_oukitel_orange/arch/arm/include/asm/io.h:347:38: warning: passing argument 2 of '__raw_writel' makes pointer from integer without a cast
 #define iowrite32(v,p) ({ __iowmb(); __raw_writel((__force __u32)cpu_to_le32(v), p); })
                                      ^
drivers/misc/mediatek/mach/mt6735/camera_isp_D2.c:106:33: note: in expansion of macro 'iowrite32'
 #define ISP_WR32(addr, data)    iowrite32(data, addr) // For other projects.
                                 ^
drivers/misc/mediatek/mach/mt6735/camera_isp_D2.c:935:5: note: in expansion of macro 'ISP_WR32'
     ISP_WR32((ISP_ADDR + 0x43B8), 0x12);
     ^
/home/satory-ra/Android/kernel/android_kernel_oukitel_orange/arch/arm/include/asm/io.h:88:20: note: expected 'volatile void *' but argument is of type 'long unsigned int'
 static inline void __raw_writel(u32 val, volatile void __iomem *addr)
                    ^
In file included from include/linux/byteorder/little_endian.h:4:0,
                 from /home/satory-ra/Android/kernel/android_kernel_oukitel_orange/arch/arm/include/uapi/asm/byteorder.h:21,
                 from include/asm-generic/bitops/le.h:5,
                 from /home/satory-ra/Android/kernel/android_kernel_oukitel_orange/arch/arm/include/asm/bitops.h:308,
                 from include/linux/bitops.h:22,
                 from include/linux/kernel.h:10,
                 from include/asm-generic/bug.h:13,
                 from /home/satory-ra/Android/kernel/android_kernel_oukitel_orange/arch/arm/include/asm/bug.h:61,
                 from include/linux/bug.h:4,
                 from include/linux/thread_info.h:11,
                 from include/linux/preempt.h:9,
                 from include/linux/spinlock.h:50,
                 from include/linux/kobject.h:23,
                 from include/linux/device.h:17,
                 from drivers/misc/mediatek/mach/mt6735/camera_isp_D2.c:17:
/home/satory-ra/Android/kernel/android_kernel_oukitel_orange/arch/arm/include/asm/io.h:340:71: warning: passing argument 1 of '__raw_readl' makes pointer from integer without a cast
 #define ioread32(p) ({ unsigned int __v = le32_to_cpu((__force __le32)__raw_readl(p)); __iormb(); __v; })
                                                                       ^
include/uapi/linux/byteorder/little_endian.h:33:51: note: in definition of macro '__le32_to_cpu'
 #define __le32_to_cpu(x) ((__force __u32)(__le32)(x))
                                                   ^
drivers/misc/mediatek/mach/mt6735/camera_isp_D2.c:108:33: note: in expansion of macro 'ioread32'
 #define ISP_RD32(addr)          ioread32(addr)
                                 ^
include/linux/printk.h:248:38: note: in expansion of macro 'ISP_RD32'
  no_printk(KERN_DEBUG pr_fmt(fmt), ##__VA_ARGS__)
                                      ^
drivers/misc/mediatek/mach/mt6735/camera_isp_D2.c:94:37: note: in expansion of macro 'pr_debug'
 #define LOG_DBG(format, args...)    pr_debug(MyTag format, ##args)
                                     ^
drivers/misc/mediatek/mach/mt6735/camera_isp_D2.c:936:5: note: in expansion of macro 'LOG_DBG'
     LOG_DBG("[0x%08X %08X]", (unsigned int)(ISP_TPIPE_ADDR + 0x43B8), (unsigned int)ISP_RD32(ISP_ADDR + 0x43B8));
     ^
In file included from include/linux/io.h:22:0,
                 from /home/satory-ra/Android/kernel/android_kernel_oukitel_orange/drivers/misc/mediatek/mach/mt6735/include/mach/sync_write.h:6,
                 from drivers/misc/mediatek/mach/mt6735/camera_isp_D2.c:39:
/home/satory-ra/Android/kernel/android_kernel_oukitel_orange/arch/arm/include/asm/io.h:104:19: note: expected 'const volatile void *' but argument is of type 'long unsigned int'
 static inline u32 __raw_readl(const volatile void __iomem *addr)
                   ^
In file included from include/linux/byteorder/little_endian.h:4:0,
                 from /home/satory-ra/Android/kernel/android_kernel_oukitel_orange/arch/arm/include/uapi/asm/byteorder.h:21,
                 from include/asm-generic/bitops/le.h:5,
                 from /home/satory-ra/Android/kernel/android_kernel_oukitel_orange/arch/arm/include/asm/bitops.h:308,
                 from include/linux/bitops.h:22,
                 from include/linux/kernel.h:10,
                 from include/asm-generic/bug.h:13,
                 from /home/satory-ra/Android/kernel/android_kernel_oukitel_orange/arch/arm/include/asm/bug.h:61,
                 from include/linux/bug.h:4,
                 from include/linux/thread_info.h:11,
                 from include/linux/preempt.h:9,
                 from include/linux/spinlock.h:50,
                 from include/linux/kobject.h:23,
                 from include/linux/device.h:17,
                 from drivers/misc/mediatek/mach/mt6735/camera_isp_D2.c:17:
/home/satory-ra/Android/kernel/android_kernel_oukitel_orange/arch/arm/include/asm/io.h:340:71: warning: passing argument 1 of '__raw_readl' makes pointer from integer without a cast
 #define ioread32(p) ({ unsigned int __v = le32_to_cpu((__force __le32)__raw_readl(p)); __iormb(); __v; })
                                                                       ^
include/uapi/linux/byteorder/little_endian.h:33:51: note: in definition of macro '__le32_to_cpu'
 #define __le32_to_cpu(x) ((__force __u32)(__le32)(x))
                                                   ^
drivers/misc/mediatek/mach/mt6735/camera_isp_D2.c:108:33: note: in expansion of macro 'ioread32'
 #define ISP_RD32(addr)          ioread32(addr)
                                 ^
include/linux/printk.h:248:38: note: in expansion of macro 'ISP_RD32'
  no_printk(KERN_DEBUG pr_fmt(fmt), ##__VA_ARGS__)
                                      ^
drivers/misc/mediatek/mach/mt6735/camera_isp_D2.c:94:37: note: in expansion of macro 'pr_debug'
 #define LOG_DBG(format, args...)    pr_debug(MyTag format, ##args)
                                     ^
drivers/misc/mediatek/mach/mt6735/camera_isp_D2.c:937:5: note: in expansion of macro 'LOG_DBG'
     LOG_DBG("[0x%08X %08X]", (unsigned int)(ISP_TPIPE_ADDR + 0x43BC), (unsigned int)ISP_RD32(ISP_ADDR + 0x43BC));
     ^
In file included from include/linux/io.h:22:0,
                 from /home/satory-ra/Android/kernel/android_kernel_oukitel_orange/drivers/misc/mediatek/mach/mt6735/include/mach/sync_write.h:6,
                 from drivers/misc/mediatek/mach/mt6735/camera_isp_D2.c:39:
/home/satory-ra/Android/kernel/android_kernel_oukitel_orange/arch/arm/include/asm/io.h:104:19: note: expected 'const volatile void *' but argument is of type 'long unsigned int'
 static inline u32 __raw_readl(const volatile void __iomem *addr)
                   ^
/home/satory-ra/Android/kernel/android_kernel_oukitel_orange/arch/arm/include/asm/io.h:347:38: warning: passing argument 2 of '__raw_writel' makes pointer from integer without a cast
 #define iowrite32(v,p) ({ __iowmb(); __raw_writel((__force __u32)cpu_to_le32(v), p); })
                                      ^
drivers/misc/mediatek/mach/mt6735/camera_isp_D2.c:106:33: note: in expansion of macro 'iowrite32'
 #define ISP_WR32(addr, data)    iowrite32(data, addr) // For other projects.
                                 ^
drivers/misc/mediatek/mach/mt6735/camera_isp_D2.c:939:5: note: in expansion of macro 'ISP_WR32'
     ISP_WR32((ISP_ADDR + 0x4BB8), 0x02);
     ^
/home/satory-ra/Android/kernel/android_kernel_oukitel_orange/arch/arm/include/asm/io.h:88:20: note: expected 'volatile void *' but argument is of type 'long unsigned int'
 static inline void __raw_writel(u32 val, volatile void __iomem *addr)
                    ^
In file included from include/linux/byteorder/little_endian.h:4:0,
                 from /home/satory-ra/Android/kernel/android_kernel_oukitel_orange/arch/arm/include/uapi/asm/byteorder.h:21,
                 from include/asm-generic/bitops/le.h:5,
                 from /home/satory-ra/Android/kernel/android_kernel_oukitel_orange/arch/arm/include/asm/bitops.h:308,
                 from include/linux/bitops.h:22,
                 from include/linux/kernel.h:10,
                 from include/asm-generic/bug.h:13,
                 from /home/satory-ra/Android/kernel/android_kernel_oukitel_orange/arch/arm/include/asm/bug.h:61,
                 from include/linux/bug.h:4,
                 from include/linux/thread_info.h:11,
                 from include/linux/preempt.h:9,
                 from include/linux/spinlock.h:50,
                 from include/linux/kobject.h:23,
                 from include/linux/device.h:17,
                 from drivers/misc/mediatek/mach/mt6735/camera_isp_D2.c:17:
/home/satory-ra/Android/kernel/android_kernel_oukitel_orange/arch/arm/include/asm/io.h:340:71: warning: passing argument 1 of '__raw_readl' makes pointer from integer without a cast
 #define ioread32(p) ({ unsigned int __v = le32_to_cpu((__force __le32)__raw_readl(p)); __iormb(); __v; })
                                                                       ^
include/uapi/linux/byteorder/little_endian.h:33:51: note: in definition of macro '__le32_to_cpu'
 #define __le32_to_cpu(x) ((__force __u32)(__le32)(x))
                                                   ^
drivers/misc/mediatek/mach/mt6735/camera_isp_D2.c:108:33: note: in expansion of macro 'ioread32'
 #define ISP_RD32(addr)          ioread32(addr)
                                 ^
include/linux/printk.h:248:38: note: in expansion of macro 'ISP_RD32'
  no_printk(KERN_DEBUG pr_fmt(fmt), ##__VA_ARGS__)
                                      ^
drivers/misc/mediatek/mach/mt6735/camera_isp_D2.c:94:37: note: in expansion of macro 'pr_debug'
 #define LOG_DBG(format, args...)    pr_debug(MyTag format, ##args)
                                     ^
drivers/misc/mediatek/mach/mt6735/camera_isp_D2.c:940:5: note: in expansion of macro 'LOG_DBG'
     LOG_DBG("[0x%08X %08X]", (unsigned int)(ISP_TPIPE_ADDR + 0x4BB8), (unsigned int)ISP_RD32(ISP_ADDR + 0x4BB8));
     ^
In file included from include/linux/io.h:22:0,
                 from /home/satory-ra/Android/kernel/android_kernel_oukitel_orange/drivers/misc/mediatek/mach/mt6735/include/mach/sync_write.h:6,
                 from drivers/misc/mediatek/mach/mt6735/camera_isp_D2.c:39:
/home/satory-ra/Android/kernel/android_kernel_oukitel_orange/arch/arm/include/asm/io.h:104:19: note: expected 'const volatile void *' but argument is of type 'long unsigned int'
 static inline u32 __raw_readl(const volatile void __iomem *addr)
                   ^
In file included from include/linux/byteorder/little_endian.h:4:0,
                 from /home/satory-ra/Android/kernel/android_kernel_oukitel_orange/arch/arm/include/uapi/asm/byteorder.h:21,
                 from include/asm-generic/bitops/le.h:5,
                 from /home/satory-ra/Android/kernel/android_kernel_oukitel_orange/arch/arm/include/asm/bitops.h:308,
                 from include/linux/bitops.h:22,
                 from include/linux/kernel.h:10,
                 from include/asm-generic/bug.h:13,
                 from /home/satory-ra/Android/kernel/android_kernel_oukitel_orange/arch/arm/include/asm/bug.h:61,
                 from include/linux/bug.h:4,
                 from include/linux/thread_info.h:11,
                 from include/linux/preempt.h:9,
                 from include/linux/spinlock.h:50,
                 from include/linux/kobject.h:23,
                 from include/linux/device.h:17,
                 from drivers/misc/mediatek/mach/mt6735/camera_isp_D2.c:17:
/home/satory-ra/Android/kernel/android_kernel_oukitel_orange/arch/arm/include/asm/io.h:340:71: warning: passing argument 1 of '__raw_readl' makes pointer from integer without a cast
 #define ioread32(p) ({ unsigned int __v = le32_to_cpu((__force __le32)__raw_readl(p)); __iormb(); __v; })
                                                                       ^
include/uapi/linux/byteorder/little_endian.h:33:51: note: in definition of macro '__le32_to_cpu'
 #define __le32_to_cpu(x) ((__force __u32)(__le32)(x))
                                                   ^
drivers/misc/mediatek/mach/mt6735/camera_isp_D2.c:108:33: note: in expansion of macro 'ioread32'
 #define ISP_RD32(addr)          ioread32(addr)
                                 ^
include/linux/printk.h:248:38: note: in expansion of macro 'ISP_RD32'
  no_printk(KERN_DEBUG pr_fmt(fmt), ##__VA_ARGS__)
                                      ^
drivers/misc/mediatek/mach/mt6735/camera_isp_D2.c:94:37: note: in expansion of macro 'pr_debug'
 #define LOG_DBG(format, args...)    pr_debug(MyTag format, ##args)
                                     ^
drivers/misc/mediatek/mach/mt6735/camera_isp_D2.c:941:5: note: in expansion of macro 'LOG_DBG'
     LOG_DBG("[0x%08X %08X]", (unsigned int)(ISP_TPIPE_ADDR + 0x4BBC), (unsigned int)ISP_RD32(ISP_ADDR + 0x43BC));
     ^
In file included from include/linux/io.h:22:0,
                 from /home/satory-ra/Android/kernel/android_kernel_oukitel_orange/drivers/misc/mediatek/mach/mt6735/include/mach/sync_write.h:6,
                 from drivers/misc/mediatek/mach/mt6735/camera_isp_D2.c:39:
/home/satory-ra/Android/kernel/android_kernel_oukitel_orange/arch/arm/include/asm/io.h:104:19: note: expected 'const volatile void *' but argument is of type 'long unsigned int'
 static inline u32 __raw_readl(const volatile void __iomem *addr)
                   ^
/home/satory-ra/Android/kernel/android_kernel_oukitel_orange/arch/arm/include/asm/io.h:347:38: warning: passing argument 2 of '__raw_writel' makes pointer from integer without a cast
 #define iowrite32(v,p) ({ __iowmb(); __raw_writel((__force __u32)cpu_to_le32(v), p); })
                                      ^
drivers/misc/mediatek/mach/mt6735/camera_isp_D2.c:106:33: note: in expansion of macro 'iowrite32'
 #define ISP_WR32(addr, data)    iowrite32(data, addr) // For other projects.
                                 ^
drivers/misc/mediatek/mach/mt6735/camera_isp_D2.c:942:5: note: in expansion of macro 'ISP_WR32'
     ISP_WR32((ISP_ADDR + 0x4BB8), 0x12);
     ^
/home/satory-ra/Android/kernel/android_kernel_oukitel_orange/arch/arm/include/asm/io.h:88:20: note: expected 'volatile void *' but argument is of type 'long unsigned int'
 static inline void __raw_writel(u32 val, volatile void __iomem *addr)
                    ^
In file included from include/linux/byteorder/little_endian.h:4:0,
                 from /home/satory-ra/Android/kernel/android_kernel_oukitel_orange/arch/arm/include/uapi/asm/byteorder.h:21,
                 from include/asm-generic/bitops/le.h:5,
                 from /home/satory-ra/Android/kernel/android_kernel_oukitel_orange/arch/arm/include/asm/bitops.h:308,
                 from include/linux/bitops.h:22,
                 from include/linux/kernel.h:10,
                 from include/asm-generic/bug.h:13,
                 from /home/satory-ra/Android/kernel/android_kernel_oukitel_orange/arch/arm/include/asm/bug.h:61,
                 from include/linux/bug.h:4,
                 from include/linux/thread_info.h:11,
                 from include/linux/preempt.h:9,
                 from include/linux/spinlock.h:50,
                 from include/linux/kobject.h:23,
                 from include/linux/device.h:17,
                 from drivers/misc/mediatek/mach/mt6735/camera_isp_D2.c:17:
/home/satory-ra/Android/kernel/android_kernel_oukitel_orange/arch/arm/include/asm/io.h:340:71: warning: passing argument 1 of '__raw_readl' makes pointer from integer without a cast
 #define ioread32(p) ({ unsigned int __v = le32_to_cpu((__force __le32)__raw_readl(p)); __iormb(); __v; })
                                                                       ^
include/uapi/linux/byteorder/little_endian.h:33:51: note: in definition of macro '__le32_to_cpu'
 #define __le32_to_cpu(x) ((__force __u32)(__le32)(x))
                                                   ^
drivers/misc/mediatek/mach/mt6735/camera_isp_D2.c:108:33: note: in expansion of macro 'ioread32'
 #define ISP_RD32(addr)          ioread32(addr)
                                 ^
include/linux/printk.h:248:38: note: in expansion of macro 'ISP_RD32'
  no_printk(KERN_DEBUG pr_fmt(fmt), ##__VA_ARGS__)
                                      ^
drivers/misc/mediatek/mach/mt6735/camera_isp_D2.c:94:37: note: in expansion of macro 'pr_debug'
 #define LOG_DBG(format, args...)    pr_debug(MyTag format, ##args)
                                     ^
drivers/misc/mediatek/mach/mt6735/camera_isp_D2.c:943:5: note: in expansion of macro 'LOG_DBG'
     LOG_DBG("[0x%08X %08X]", (unsigned int)(ISP_TPIPE_ADDR + 0x43B8), (unsigned int)ISP_RD32(ISP_ADDR + 0x4BB8));
     ^
In file included from include/linux/io.h:22:0,
                 from /home/satory-ra/Android/kernel/android_kernel_oukitel_orange/drivers/misc/mediatek/mach/mt6735/include/mach/sync_write.h:6,
                 from drivers/misc/mediatek/mach/mt6735/camera_isp_D2.c:39:
/home/satory-ra/Android/kernel/android_kernel_oukitel_orange/arch/arm/include/asm/io.h:104:19: note: expected 'const volatile void *' but argument is of type 'long unsigned int'
 static inline u32 __raw_readl(const volatile void __iomem *addr)
                   ^
In file included from include/linux/byteorder/little_endian.h:4:0,
                 from /home/satory-ra/Android/kernel/android_kernel_oukitel_orange/arch/arm/include/uapi/asm/byteorder.h:21,
                 from include/asm-generic/bitops/le.h:5,
                 from /home/satory-ra/Android/kernel/android_kernel_oukitel_orange/arch/arm/include/asm/bitops.h:308,
                 from include/linux/bitops.h:22,
                 from include/linux/kernel.h:10,
                 from include/asm-generic/bug.h:13,
                 from /home/satory-ra/Android/kernel/android_kernel_oukitel_orange/arch/arm/include/asm/bug.h:61,
                 from include/linux/bug.h:4,
                 from include/linux/thread_info.h:11,
                 from include/linux/preempt.h:9,
                 from include/linux/spinlock.h:50,
                 from include/linux/kobject.h:23,
                 from include/linux/device.h:17,
                 from drivers/misc/mediatek/mach/mt6735/camera_isp_D2.c:17:
/home/satory-ra/Android/kernel/android_kernel_oukitel_orange/arch/arm/include/asm/io.h:340:71: warning: passing argument 1 of '__raw_readl' makes pointer from integer without a cast
 #define ioread32(p) ({ unsigned int __v = le32_to_cpu((__force __le32)__raw_readl(p)); __iormb(); __v; })
                                                                       ^
include/uapi/linux/byteorder/little_endian.h:33:51: note: in definition of macro '__le32_to_cpu'
 #define __le32_to_cpu(x) ((__force __u32)(__le32)(x))
                                                   ^
drivers/misc/mediatek/mach/mt6735/camera_isp_D2.c:108:33: note: in expansion of macro 'ioread32'
 #define ISP_RD32(addr)          ioread32(addr)
                                 ^
include/linux/printk.h:248:38: note: in expansion of macro 'ISP_RD32'
  no_printk(KERN_DEBUG pr_fmt(fmt), ##__VA_ARGS__)
                                      ^
drivers/misc/mediatek/mach/mt6735/camera_isp_D2.c:94:37: note: in expansion of macro 'pr_debug'
 #define LOG_DBG(format, args...)    pr_debug(MyTag format, ##args)
                                     ^
drivers/misc/mediatek/mach/mt6735/camera_isp_D2.c:944:5: note: in expansion of macro 'LOG_DBG'
     LOG_DBG("[0x%08X %08X]", (unsigned int)(ISP_TPIPE_ADDR + 0x4BBC), (unsigned int)ISP_RD32(ISP_ADDR + 0x4BBC));
     ^
In file included from include/linux/io.h:22:0,
                 from /home/satory-ra/Android/kernel/android_kernel_oukitel_orange/drivers/misc/mediatek/mach/mt6735/include/mach/sync_write.h:6,
                 from drivers/misc/mediatek/mach/mt6735/camera_isp_D2.c:39:
/home/satory-ra/Android/kernel/android_kernel_oukitel_orange/arch/arm/include/asm/io.h:104:19: note: expected 'const volatile void *' but argument is of type 'long unsigned int'
 static inline u32 __raw_readl(const volatile void __iomem *addr)
                   ^
In file included from include/linux/byteorder/little_endian.h:4:0,
                 from /home/satory-ra/Android/kernel/android_kernel_oukitel_orange/arch/arm/include/uapi/asm/byteorder.h:21,
                 from include/asm-generic/bitops/le.h:5,
                 from /home/satory-ra/Android/kernel/android_kernel_oukitel_orange/arch/arm/include/asm/bitops.h:308,
                 from include/linux/bitops.h:22,
                 from include/linux/kernel.h:10,
                 from include/asm-generic/bug.h:13,
                 from /home/satory-ra/Android/kernel/android_kernel_oukitel_orange/arch/arm/include/asm/bug.h:61,
                 from include/linux/bug.h:4,
                 from include/linux/thread_info.h:11,
                 from include/linux/preempt.h:9,
                 from include/linux/spinlock.h:50,
                 from include/linux/kobject.h:23,
                 from include/linux/device.h:17,
                 from drivers/misc/mediatek/mach/mt6735/camera_isp_D2.c:17:
/home/satory-ra/Android/kernel/android_kernel_oukitel_orange/arch/arm/include/asm/io.h:340:71: warning: passing argument 1 of '__raw_readl' makes pointer from integer without a cast
 #define ioread32(p) ({ unsigned int __v = le32_to_cpu((__force __le32)__raw_readl(p)); __iormb(); __v; })
                                                                       ^
include/uapi/linux/byteorder/little_endian.h:33:51: note: in definition of macro '__le32_to_cpu'
 #define __le32_to_cpu(x) ((__force __u32)(__le32)(x))
                                                   ^
drivers/misc/mediatek/mach/mt6735/camera_isp_D2.c:108:33: note: in expansion of macro 'ioread32'
 #define ISP_RD32(addr)          ioread32(addr)
                                 ^
include/linux/printk.h:218:33: note: in expansion of macro 'ISP_RD32'
  printk(KERN_ERR pr_fmt(fmt), ##__VA_ARGS__)
                                 ^
drivers/misc/mediatek/mach/mt6735/camera_isp_D2.c:98:37: note: in expansion of macro 'pr_err'
 #define LOG_ERR(format, args...)    pr_err(MyTag format,  ##args)
                                     ^
drivers/misc/mediatek/mach/mt6735/camera_isp_D2.c:947:5: note: in expansion of macro 'LOG_ERR'
     LOG_ERR("[0x%08X %08X],[0x%08X %08X]", (unsigned int)(ISP_TPIPE_ADDR + 0x4008), (unsigned int)ISP_RD32(ISP_ADDR + 0x4008),(unsigned int)(ISP_TPIPE_ADDR + 0x4100), (unsigned int)ISP_RD32(ISP_ADDR + 0x4100));
     ^
In file included from include/linux/io.h:22:0,
                 from /home/satory-ra/Android/kernel/android_kernel_oukitel_orange/drivers/misc/mediatek/mach/mt6735/include/mach/sync_write.h:6,
                 from drivers/misc/mediatek/mach/mt6735/camera_isp_D2.c:39:
/home/satory-ra/Android/kernel/android_kernel_oukitel_orange/arch/arm/include/asm/io.h:104:19: note: expected 'const volatile void *' but argument is of type 'long unsigned int'
 static inline u32 __raw_readl(const volatile void __iomem *addr)
                   ^
In file included from include/linux/byteorder/little_endian.h:4:0,
                 from /home/satory-ra/Android/kernel/android_kernel_oukitel_orange/arch/arm/include/uapi/asm/byteorder.h:21,
                 from include/asm-generic/bitops/le.h:5,
                 from /home/satory-ra/Android/kernel/android_kernel_oukitel_orange/arch/arm/include/asm/bitops.h:308,
                 from include/linux/bitops.h:22,
                 from include/linux/kernel.h:10,
                 from include/asm-generic/bug.h:13,
                 from /home/satory-ra/Android/kernel/android_kernel_oukitel_orange/arch/arm/include/asm/bug.h:61,
                 from include/linux/bug.h:4,
                 from include/linux/thread_info.h:11,
                 from include/linux/preempt.h:9,
                 from include/linux/spinlock.h:50,
                 from include/linux/kobject.h:23,
                 from include/linux/device.h:17,
                 from drivers/misc/mediatek/mach/mt6735/camera_isp_D2.c:17:
/home/satory-ra/Android/kernel/android_kernel_oukitel_orange/arch/arm/include/asm/io.h:340:71: warning: passing argument 1 of '__raw_readl' makes pointer from integer without a cast
 #define ioread32(p) ({ unsigned int __v = le32_to_cpu((__force __le32)__raw_readl(p)); __iormb(); __v; })
                                                                       ^
include/uapi/linux/byteorder/little_endian.h:33:51: note: in definition of macro '__le32_to_cpu'
 #define __le32_to_cpu(x) ((__force __u32)(__le32)(x))
                                                   ^
drivers/misc/mediatek/mach/mt6735/camera_isp_D2.c:108:33: note: in expansion of macro 'ioread32'
 #define ISP_RD32(addr)          ioread32(addr)
                                 ^
include/linux/printk.h:218:33: note: in expansion of macro 'ISP_RD32'
  printk(KERN_ERR pr_fmt(fmt), ##__VA_ARGS__)
                                 ^
drivers/misc/mediatek/mach/mt6735/camera_isp_D2.c:98:37: note: in expansion of macro 'pr_err'
 #define LOG_ERR(format, args...)    pr_err(MyTag format,  ##args)
                                     ^
drivers/misc/mediatek/mach/mt6735/camera_isp_D2.c:947:5: note: in expansion of macro 'LOG_ERR'
     LOG_ERR("[0x%08X %08X],[0x%08X %08X]", (unsigned int)(ISP_TPIPE_ADDR + 0x4008), (unsigned int)ISP_RD32(ISP_ADDR + 0x4008),(unsigned int)(ISP_TPIPE_ADDR + 0x4100), (unsigned int)ISP_RD32(ISP_ADDR + 0x4100));
     ^
In file included from include/linux/io.h:22:0,
                 from /home/satory-ra/Android/kernel/android_kernel_oukitel_orange/drivers/misc/mediatek/mach/mt6735/include/mach/sync_write.h:6,
                 from drivers/misc/mediatek/mach/mt6735/camera_isp_D2.c:39:
/home/satory-ra/Android/kernel/android_kernel_oukitel_orange/arch/arm/include/asm/io.h:104:19: note: expected 'const volatile void *' but argument is of type 'long unsigned int'
 static inline u32 __raw_readl(const volatile void __iomem *addr)
                   ^
  CC      drivers/tty/n_tty.o
In file included from include/linux/byteorder/little_endian.h:4:0,
                 from /home/satory-ra/Android/kernel/android_kernel_oukitel_orange/arch/arm/include/uapi/asm/byteorder.h:21,
                 from include/asm-generic/bitops/le.h:5,
                 from /home/satory-ra/Android/kernel/android_kernel_oukitel_orange/arch/arm/include/asm/bitops.h:308,
                 from include/linux/bitops.h:22,
                 from include/linux/kernel.h:10,
                 from include/asm-generic/bug.h:13,
                 from /home/satory-ra/Android/kernel/android_kernel_oukitel_orange/arch/arm/include/asm/bug.h:61,
                 from include/linux/bug.h:4,
                 from include/linux/thread_info.h:11,
                 from include/linux/preempt.h:9,
                 from include/linux/spinlock.h:50,
                 from include/linux/kobject.h:23,
                 from include/linux/device.h:17,
                 from drivers/misc/mediatek/mach/mt6735/camera_isp_D2.c:17:
/home/satory-ra/Android/kernel/android_kernel_oukitel_orange/arch/arm/include/asm/io.h:340:71: warning: passing argument 1 of '__raw_readl' makes pointer from integer without a cast
 #define ioread32(p) ({ unsigned int __v = le32_to_cpu((__force __le32)__raw_readl(p)); __iormb(); __v; })
                                                                       ^
include/uapi/linux/byteorder/little_endian.h:33:51: note: in definition of macro '__le32_to_cpu'
 #define __le32_to_cpu(x) ((__force __u32)(__le32)(x))
                                                   ^
drivers/misc/mediatek/mach/mt6735/camera_isp_D2.c:108:33: note: in expansion of macro 'ioread32'
 #define ISP_RD32(addr)          ioread32(addr)
                                 ^
include/linux/printk.h:248:38: note: in expansion of macro 'ISP_RD32'
  no_printk(KERN_DEBUG pr_fmt(fmt), ##__VA_ARGS__)
                                      ^
drivers/misc/mediatek/mach/mt6735/camera_isp_D2.c:94:37: note: in expansion of macro 'pr_debug'
 #define LOG_DBG(format, args...)    pr_debug(MyTag format, ##args)
                                     ^
drivers/misc/mediatek/mach/mt6735/camera_isp_D2.c:656:9: note: in expansion of macro 'LOG_DBG'
         LOG_DBG("0x%08X %08X", (unsigned int)(ISP_TPIPE_ADDR + i), (unsigned int)ISP_RD32(ISP_ADDR + i));\
         ^
drivers/misc/mediatek/mach/mt6735/camera_isp_D2.c:948:5: note: in expansion of macro 'RegDump'
     RegDump(0x4120,0x4160);
     ^
In file included from include/linux/io.h:22:0,
                 from /home/satory-ra/Android/kernel/android_kernel_oukitel_orange/drivers/misc/mediatek/mach/mt6735/include/mach/sync_write.h:6,
                 from drivers/misc/mediatek/mach/mt6735/camera_isp_D2.c:39:
/home/satory-ra/Android/kernel/android_kernel_oukitel_orange/arch/arm/include/asm/io.h:104:19: note: expected 'const volatile void *' but argument is of type 'long unsigned int'
 static inline u32 __raw_readl(const volatile void __iomem *addr)
                   ^
In file included from include/linux/byteorder/little_endian.h:4:0,
                 from /home/satory-ra/Android/kernel/android_kernel_oukitel_orange/arch/arm/include/uapi/asm/byteorder.h:21,
                 from include/asm-generic/bitops/le.h:5,
                 from /home/satory-ra/Android/kernel/android_kernel_oukitel_orange/arch/arm/include/asm/bitops.h:308,
                 from include/linux/bitops.h:22,
                 from include/linux/kernel.h:10,
                 from include/asm-generic/bug.h:13,
                 from /home/satory-ra/Android/kernel/android_kernel_oukitel_orange/arch/arm/include/asm/bug.h:61,
                 from include/linux/bug.h:4,
                 from include/linux/thread_info.h:11,
                 from include/linux/preempt.h:9,
                 from include/linux/spinlock.h:50,
                 from include/linux/kobject.h:23,
                 from include/linux/device.h:17,
                 from drivers/misc/mediatek/mach/mt6735/camera_isp_D2.c:17:
/home/satory-ra/Android/kernel/android_kernel_oukitel_orange/arch/arm/include/asm/io.h:340:71: warning: passing argument 1 of '__raw_readl' makes pointer from integer without a cast
 #define ioread32(p) ({ unsigned int __v = le32_to_cpu((__force __le32)__raw_readl(p)); __iormb(); __v; })
                                                                       ^
include/uapi/linux/byteorder/little_endian.h:33:51: note: in definition of macro '__le32_to_cpu'
 #define __le32_to_cpu(x) ((__force __u32)(__le32)(x))
                                                   ^
drivers/misc/mediatek/mach/mt6735/camera_isp_D2.c:108:33: note: in expansion of macro 'ioread32'
 #define ISP_RD32(addr)          ioread32(addr)
                                 ^
include/linux/printk.h:248:38: note: in expansion of macro 'ISP_RD32'
  no_printk(KERN_DEBUG pr_fmt(fmt), ##__VA_ARGS__)
                                      ^
drivers/misc/mediatek/mach/mt6735/camera_isp_D2.c:94:37: note: in expansion of macro 'pr_debug'
 #define LOG_DBG(format, args...)    pr_debug(MyTag format, ##args)
                                     ^
drivers/misc/mediatek/mach/mt6735/camera_isp_D2.c:656:9: note: in expansion of macro 'LOG_DBG'
         LOG_DBG("0x%08X %08X", (unsigned int)(ISP_TPIPE_ADDR + i), (unsigned int)ISP_RD32(ISP_ADDR + i));\
         ^
drivers/misc/mediatek/mach/mt6735/camera_isp_D2.c:949:5: note: in expansion of macro 'RegDump'
     RegDump(0x4360,0x43f0)
     ^
In file included from include/linux/io.h:22:0,
                 from /home/satory-ra/Android/kernel/android_kernel_oukitel_orange/drivers/misc/mediatek/mach/mt6735/include/mach/sync_write.h:6,
                 from drivers/misc/mediatek/mach/mt6735/camera_isp_D2.c:39:
/home/satory-ra/Android/kernel/android_kernel_oukitel_orange/arch/arm/include/asm/io.h:104:19: note: expected 'const volatile void *' but argument is of type 'long unsigned int'
 static inline u32 __raw_readl(const volatile void __iomem *addr)
                   ^
In file included from include/linux/byteorder/little_endian.h:4:0,
                 from /home/satory-ra/Android/kernel/android_kernel_oukitel_orange/arch/arm/include/uapi/asm/byteorder.h:21,
                 from include/asm-generic/bitops/le.h:5,
                 from /home/satory-ra/Android/kernel/android_kernel_oukitel_orange/arch/arm/include/asm/bitops.h:308,
                 from include/linux/bitops.h:22,
                 from include/linux/kernel.h:10,
                 from include/asm-generic/bug.h:13,
                 from /home/satory-ra/Android/kernel/android_kernel_oukitel_orange/arch/arm/include/asm/bug.h:61,
                 from include/linux/bug.h:4,
                 from include/linux/thread_info.h:11,
                 from include/linux/preempt.h:9,
                 from include/linux/spinlock.h:50,
                 from include/linux/kobject.h:23,
                 from include/linux/device.h:17,
                 from drivers/misc/mediatek/mach/mt6735/camera_isp_D2.c:17:
/home/satory-ra/Android/kernel/android_kernel_oukitel_orange/arch/arm/include/asm/io.h:340:71: warning: passing argument 1 of '__raw_readl' makes pointer from integer without a cast
 #define ioread32(p) ({ unsigned int __v = le32_to_cpu((__force __le32)__raw_readl(p)); __iormb(); __v; })
                                                                       ^
include/uapi/linux/byteorder/little_endian.h:33:51: note: in definition of macro '__le32_to_cpu'
 #define __le32_to_cpu(x) ((__force __u32)(__le32)(x))
                                                   ^
drivers/misc/mediatek/mach/mt6735/camera_isp_D2.c:108:33: note: in expansion of macro 'ioread32'
 #define ISP_RD32(addr)          ioread32(addr)
                                 ^
include/linux/printk.h:218:33: note: in expansion of macro 'ISP_RD32'
  printk(KERN_ERR pr_fmt(fmt), ##__VA_ARGS__)
                                 ^
drivers/misc/mediatek/mach/mt6735/camera_isp_D2.c:98:37: note: in expansion of macro 'pr_err'
 #define LOG_ERR(format, args...)    pr_err(MyTag format,  ##args)
                                     ^
drivers/misc/mediatek/mach/mt6735/camera_isp_D2.c:951:5: note: in expansion of macro 'LOG_ERR'
     LOG_ERR("[0x%08X %08X],[0x%08X %08X]", (unsigned int)(ISP_TPIPE_ADDR + 0x4008), (unsigned int)ISP_RD32(ISP_ADDR + 0x4008),(unsigned int)(ISP_TPIPE_ADDR + 0x4100), (unsigned int)ISP_RD32(ISP_ADDR + 0x4100));
     ^
In file included from include/linux/io.h:22:0,
                 from /home/satory-ra/Android/kernel/android_kernel_oukitel_orange/drivers/misc/mediatek/mach/mt6735/include/mach/sync_write.h:6,
                 from drivers/misc/mediatek/mach/mt6735/camera_isp_D2.c:39:
/home/satory-ra/Android/kernel/android_kernel_oukitel_orange/arch/arm/include/asm/io.h:104:19: note: expected 'const volatile void *' but argument is of type 'long unsigned int'
 static inline u32 __raw_readl(const volatile void __iomem *addr)
                   ^
In file included from include/linux/byteorder/little_endian.h:4:0,
                 from /home/satory-ra/Android/kernel/android_kernel_oukitel_orange/arch/arm/include/uapi/asm/byteorder.h:21,
                 from include/asm-generic/bitops/le.h:5,
                 from /home/satory-ra/Android/kernel/android_kernel_oukitel_orange/arch/arm/include/asm/bitops.h:308,
                 from include/linux/bitops.h:22,
                 from include/linux/kernel.h:10,
                 from include/asm-generic/bug.h:13,
                 from /home/satory-ra/Android/kernel/android_kernel_oukitel_orange/arch/arm/include/asm/bug.h:61,
                 from include/linux/bug.h:4,
                 from include/linux/thread_info.h:11,
                 from include/linux/preempt.h:9,
                 from include/linux/spinlock.h:50,
                 from include/linux/kobject.h:23,
                 from include/linux/device.h:17,
                 from drivers/misc/mediatek/mach/mt6735/camera_isp_D2.c:17:
/home/satory-ra/Android/kernel/android_kernel_oukitel_orange/arch/arm/include/asm/io.h:340:71: warning: passing argument 1 of '__raw_readl' makes pointer from integer without a cast
 #define ioread32(p) ({ unsigned int __v = le32_to_cpu((__force __le32)__raw_readl(p)); __iormb(); __v; })
                                                                       ^
include/uapi/linux/byteorder/little_endian.h:33:51: note: in definition of macro '__le32_to_cpu'
 #define __le32_to_cpu(x) ((__force __u32)(__le32)(x))
                                                   ^
drivers/misc/mediatek/mach/mt6735/camera_isp_D2.c:108:33: note: in expansion of macro 'ioread32'
 #define ISP_RD32(addr)          ioread32(addr)
                                 ^
include/linux/printk.h:218:33: note: in expansion of macro 'ISP_RD32'
  printk(KERN_ERR pr_fmt(fmt), ##__VA_ARGS__)
                                 ^
drivers/misc/mediatek/mach/mt6735/camera_isp_D2.c:98:37: note: in expansion of macro 'pr_err'
 #define LOG_ERR(format, args...)    pr_err(MyTag format,  ##args)
                                     ^
drivers/misc/mediatek/mach/mt6735/camera_isp_D2.c:951:5: note: in expansion of macro 'LOG_ERR'
     LOG_ERR("[0x%08X %08X],[0x%08X %08X]", (unsigned int)(ISP_TPIPE_ADDR + 0x4008), (unsigned int)ISP_RD32(ISP_ADDR + 0x4008),(unsigned int)(ISP_TPIPE_ADDR + 0x4100), (unsigned int)ISP_RD32(ISP_ADDR + 0x4100));
     ^
In file included from include/linux/io.h:22:0,
                 from /home/satory-ra/Android/kernel/android_kernel_oukitel_orange/drivers/misc/mediatek/mach/mt6735/include/mach/sync_write.h:6,
                 from drivers/misc/mediatek/mach/mt6735/camera_isp_D2.c:39:
/home/satory-ra/Android/kernel/android_kernel_oukitel_orange/arch/arm/include/asm/io.h:104:19: note: expected 'const volatile void *' but argument is of type 'long unsigned int'
 static inline u32 __raw_readl(const volatile void __iomem *addr)
                   ^
In file included from include/linux/byteorder/little_endian.h:4:0,
                 from /home/satory-ra/Android/kernel/android_kernel_oukitel_orange/arch/arm/include/uapi/asm/byteorder.h:21,
                 from include/asm-generic/bitops/le.h:5,
                 from /home/satory-ra/Android/kernel/android_kernel_oukitel_orange/arch/arm/include/asm/bitops.h:308,
                 from include/linux/bitops.h:22,
                 from include/linux/kernel.h:10,
                 from include/asm-generic/bug.h:13,
                 from /home/satory-ra/Android/kernel/android_kernel_oukitel_orange/arch/arm/include/asm/bug.h:61,
                 from include/linux/bug.h:4,
                 from include/linux/thread_info.h:11,
                 from include/linux/preempt.h:9,
                 from include/linux/spinlock.h:50,
                 from include/linux/kobject.h:23,
                 from include/linux/device.h:17,
                 from drivers/misc/mediatek/mach/mt6735/camera_isp_D2.c:17:
/home/satory-ra/Android/kernel/android_kernel_oukitel_orange/arch/arm/include/asm/io.h:340:71: warning: passing argument 1 of '__raw_readl' makes pointer from integer without a cast
 #define ioread32(p) ({ unsigned int __v = le32_to_cpu((__force __le32)__raw_readl(p)); __iormb(); __v; })
                                                                       ^
include/uapi/linux/byteorder/little_endian.h:33:51: note: in definition of macro '__le32_to_cpu'
 #define __le32_to_cpu(x) ((__force __u32)(__le32)(x))
                                                   ^
drivers/misc/mediatek/mach/mt6735/camera_isp_D2.c:108:33: note: in expansion of macro 'ioread32'
 #define ISP_RD32(addr)          ioread32(addr)
                                 ^
include/linux/printk.h:248:38: note: in expansion of macro 'ISP_RD32'
  no_printk(KERN_DEBUG pr_fmt(fmt), ##__VA_ARGS__)
                                      ^
drivers/misc/mediatek/mach/mt6735/camera_isp_D2.c:94:37: note: in expansion of macro 'pr_debug'
 #define LOG_DBG(format, args...)    pr_debug(MyTag format, ##args)
                                     ^
drivers/misc/mediatek/mach/mt6735/camera_isp_D2.c:656:9: note: in expansion of macro 'LOG_DBG'
         LOG_DBG("0x%08X %08X", (unsigned int)(ISP_TPIPE_ADDR + i), (unsigned int)ISP_RD32(ISP_ADDR + i));\
         ^
drivers/misc/mediatek/mach/mt6735/camera_isp_D2.c:952:5: note: in expansion of macro 'RegDump'
     RegDump(0x4520,0x4560);
     ^
In file included from include/linux/io.h:22:0,
                 from /home/satory-ra/Android/kernel/android_kernel_oukitel_orange/drivers/misc/mediatek/mach/mt6735/include/mach/sync_write.h:6,
                 from drivers/misc/mediatek/mach/mt6735/camera_isp_D2.c:39:
/home/satory-ra/Android/kernel/android_kernel_oukitel_orange/arch/arm/include/asm/io.h:104:19: note: expected 'const volatile void *' but argument is of type 'long unsigned int'
 static inline u32 __raw_readl(const volatile void __iomem *addr)
                   ^
In file included from include/linux/byteorder/little_endian.h:4:0,
                 from /home/satory-ra/Android/kernel/android_kernel_oukitel_orange/arch/arm/include/uapi/asm/byteorder.h:21,
                 from include/asm-generic/bitops/le.h:5,
                 from /home/satory-ra/Android/kernel/android_kernel_oukitel_orange/arch/arm/include/asm/bitops.h:308,
                 from include/linux/bitops.h:22,
                 from include/linux/kernel.h:10,
                 from include/asm-generic/bug.h:13,
                 from /home/satory-ra/Android/kernel/android_kernel_oukitel_orange/arch/arm/include/asm/bug.h:61,
                 from include/linux/bug.h:4,
                 from include/linux/thread_info.h:11,
                 from include/linux/preempt.h:9,
                 from include/linux/spinlock.h:50,
                 from include/linux/kobject.h:23,
                 from include/linux/device.h:17,
                 from drivers/misc/mediatek/mach/mt6735/camera_isp_D2.c:17:
/home/satory-ra/Android/kernel/android_kernel_oukitel_orange/arch/arm/include/asm/io.h:340:71: warning: passing argument 1 of '__raw_readl' makes pointer from integer without a cast
 #define ioread32(p) ({ unsigned int __v = le32_to_cpu((__force __le32)__raw_readl(p)); __iormb(); __v; })
                                                                       ^
include/uapi/linux/byteorder/little_endian.h:33:51: note: in definition of macro '__le32_to_cpu'
 #define __le32_to_cpu(x) ((__force __u32)(__le32)(x))
                                                   ^
drivers/misc/mediatek/mach/mt6735/camera_isp_D2.c:108:33: note: in expansion of macro 'ioread32'
 #define ISP_RD32(addr)          ioread32(addr)
                                 ^
include/linux/printk.h:248:38: note: in expansion of macro 'ISP_RD32'
  no_printk(KERN_DEBUG pr_fmt(fmt), ##__VA_ARGS__)
                                      ^
drivers/misc/mediatek/mach/mt6735/camera_isp_D2.c:94:37: note: in expansion of macro 'pr_debug'
 #define LOG_DBG(format, args...)    pr_debug(MyTag format, ##args)
                                     ^
drivers/misc/mediatek/mach/mt6735/camera_isp_D2.c:656:9: note: in expansion of macro 'LOG_DBG'
         LOG_DBG("0x%08X %08X", (unsigned int)(ISP_TPIPE_ADDR + i), (unsigned int)ISP_RD32(ISP_ADDR + i));\
         ^
drivers/misc/mediatek/mach/mt6735/camera_isp_D2.c:953:5: note: in expansion of macro 'RegDump'
     RegDump(0x4600,0x4610);
     ^
In file included from include/linux/io.h:22:0,
                 from /home/satory-ra/Android/kernel/android_kernel_oukitel_orange/drivers/misc/mediatek/mach/mt6735/include/mach/sync_write.h:6,
                 from drivers/misc/mediatek/mach/mt6735/camera_isp_D2.c:39:
/home/satory-ra/Android/kernel/android_kernel_oukitel_orange/arch/arm/include/asm/io.h:104:19: note: expected 'const volatile void *' but argument is of type 'long unsigned int'
 static inline u32 __raw_readl(const volatile void __iomem *addr)
                   ^
In file included from include/linux/byteorder/little_endian.h:4:0,
                 from /home/satory-ra/Android/kernel/android_kernel_oukitel_orange/arch/arm/include/uapi/asm/byteorder.h:21,
                 from include/asm-generic/bitops/le.h:5,
                 from /home/satory-ra/Android/kernel/android_kernel_oukitel_orange/arch/arm/include/asm/bitops.h:308,
                 from include/linux/bitops.h:22,
                 from include/linux/kernel.h:10,
                 from include/asm-generic/bug.h:13,
                 from /home/satory-ra/Android/kernel/android_kernel_oukitel_orange/arch/arm/include/asm/bug.h:61,
                 from include/linux/bug.h:4,
                 from include/linux/thread_info.h:11,
                 from include/linux/preempt.h:9,
                 from include/linux/spinlock.h:50,
                 from include/linux/kobject.h:23,
                 from include/linux/device.h:17,
                 from drivers/misc/mediatek/mach/mt6735/camera_isp_D2.c:17:
/home/satory-ra/Android/kernel/android_kernel_oukitel_orange/arch/arm/include/asm/io.h:340:71: warning: passing argument 1 of '__raw_readl' makes pointer from integer without a cast
 #define ioread32(p) ({ unsigned int __v = le32_to_cpu((__force __le32)__raw_readl(p)); __iormb(); __v; })
                                                                       ^
include/uapi/linux/byteorder/little_endian.h:33:51: note: in definition of macro '__le32_to_cpu'
 #define __le32_to_cpu(x) ((__force __u32)(__le32)(x))
                                                   ^
drivers/misc/mediatek/mach/mt6735/camera_isp_D2.c:108:33: note: in expansion of macro 'ioread32'
 #define ISP_RD32(addr)          ioread32(addr)
                                 ^
include/linux/printk.h:248:38: note: in expansion of macro 'ISP_RD32'
  no_printk(KERN_DEBUG pr_fmt(fmt), ##__VA_ARGS__)
                                      ^
drivers/misc/mediatek/mach/mt6735/camera_isp_D2.c:94:37: note: in expansion of macro 'pr_debug'
 #define LOG_DBG(format, args...)    pr_debug(MyTag format, ##args)
                                     ^
drivers/misc/mediatek/mach/mt6735/camera_isp_D2.c:656:9: note: in expansion of macro 'LOG_DBG'
         LOG_DBG("0x%08X %08X", (unsigned int)(ISP_TPIPE_ADDR + i), (unsigned int)ISP_RD32(ISP_ADDR + i));\
         ^
drivers/misc/mediatek/mach/mt6735/camera_isp_D2.c:954:5: note: in expansion of macro 'RegDump'
     RegDump(0x4760,0x47f0);
     ^
In file included from include/linux/io.h:22:0,
                 from /home/satory-ra/Android/kernel/android_kernel_oukitel_orange/drivers/misc/mediatek/mach/mt6735/include/mach/sync_write.h:6,
                 from drivers/misc/mediatek/mach/mt6735/camera_isp_D2.c:39:
/home/satory-ra/Android/kernel/android_kernel_oukitel_orange/arch/arm/include/asm/io.h:104:19: note: expected 'const volatile void *' but argument is of type 'long unsigned int'
 static inline u32 __raw_readl(const volatile void __iomem *addr)
                   ^
In file included from include/linux/byteorder/little_endian.h:4:0,
                 from /home/satory-ra/Android/kernel/android_kernel_oukitel_orange/arch/arm/include/uapi/asm/byteorder.h:21,
                 from include/asm-generic/bitops/le.h:5,
                 from /home/satory-ra/Android/kernel/android_kernel_oukitel_orange/arch/arm/include/asm/bitops.h:308,
                 from include/linux/bitops.h:22,
                 from include/linux/kernel.h:10,
                 from include/asm-generic/bug.h:13,
                 from /home/satory-ra/Android/kernel/android_kernel_oukitel_orange/arch/arm/include/asm/bug.h:61,
                 from include/linux/bug.h:4,
                 from include/linux/thread_info.h:11,
                 from include/linux/preempt.h:9,
                 from include/linux/spinlock.h:50,
                 from include/linux/kobject.h:23,
                 from include/linux/device.h:17,
                 from drivers/misc/mediatek/mach/mt6735/camera_isp_D2.c:17:
/home/satory-ra/Android/kernel/android_kernel_oukitel_orange/arch/arm/include/asm/io.h:340:71: warning: passing argument 1 of '__raw_readl' makes pointer from integer without a cast
 #define ioread32(p) ({ unsigned int __v = le32_to_cpu((__force __le32)__raw_readl(p)); __iormb(); __v; })
                                                                       ^
include/uapi/linux/byteorder/little_endian.h:33:51: note: in definition of macro '__le32_to_cpu'
 #define __le32_to_cpu(x) ((__force __u32)(__le32)(x))
                                                   ^
drivers/misc/mediatek/mach/mt6735/camera_isp_D2.c:108:33: note: in expansion of macro 'ioread32'
 #define ISP_RD32(addr)          ioread32(addr)
                                 ^
include/linux/printk.h:248:38: note: in expansion of macro 'ISP_RD32'
  no_printk(KERN_DEBUG pr_fmt(fmt), ##__VA_ARGS__)
                                      ^
drivers/misc/mediatek/mach/mt6735/camera_isp_D2.c:94:37: note: in expansion of macro 'pr_debug'
 #define LOG_DBG(format, args...)    pr_debug(MyTag format, ##args)
                                     ^
drivers/misc/mediatek/mach/mt6735/camera_isp_D2.c:963:9: note: in expansion of macro 'LOG_DBG'
         LOG_DBG("0x%08X %08X ", (unsigned int)(ISP_TPIPE_ADDR + i), ISP_RD32(ISP_ADDR + i));
         ^
In file included from include/linux/io.h:22:0,
                 from /home/satory-ra/Android/kernel/android_kernel_oukitel_orange/drivers/misc/mediatek/mach/mt6735/include/mach/sync_write.h:6,
                 from drivers/misc/mediatek/mach/mt6735/camera_isp_D2.c:39:
/home/satory-ra/Android/kernel/android_kernel_oukitel_orange/arch/arm/include/asm/io.h:104:19: note: expected 'const volatile void *' but argument is of type 'long unsigned int'
 static inline u32 __raw_readl(const volatile void __iomem *addr)
                   ^
In file included from include/linux/byteorder/little_endian.h:4:0,
                 from /home/satory-ra/Android/kernel/android_kernel_oukitel_orange/arch/arm/include/uapi/asm/byteorder.h:21,
                 from include/asm-generic/bitops/le.h:5,
                 from /home/satory-ra/Android/kernel/android_kernel_oukitel_orange/arch/arm/include/asm/bitops.h:308,
                 from include/linux/bitops.h:22,
                 from include/linux/kernel.h:10,
                 from include/asm-generic/bug.h:13,
                 from /home/satory-ra/Android/kernel/android_kernel_oukitel_orange/arch/arm/include/asm/bug.h:61,
                 from include/linux/bug.h:4,
                 from include/linux/thread_info.h:11,
                 from include/linux/preempt.h:9,
                 from include/linux/spinlock.h:50,
                 from include/linux/kobject.h:23,
                 from include/linux/device.h:17,
                 from drivers/misc/mediatek/mach/mt6735/camera_isp_D2.c:17:
/home/satory-ra/Android/kernel/android_kernel_oukitel_orange/arch/arm/include/asm/io.h:340:71: warning: passing argument 1 of '__raw_readl' makes pointer from integer without a cast
 #define ioread32(p) ({ unsigned int __v = le32_to_cpu((__force __le32)__raw_readl(p)); __iormb(); __v; })
                                                                       ^
include/uapi/linux/byteorder/little_endian.h:33:51: note: in definition of macro '__le32_to_cpu'
 #define __le32_to_cpu(x) ((__force __u32)(__le32)(x))
                                                   ^
drivers/misc/mediatek/mach/mt6735/camera_isp_D2.c:108:33: note: in expansion of macro 'ioread32'
 #define ISP_RD32(addr)          ioread32(addr)
                                 ^
include/linux/printk.h:248:38: note: in expansion of macro 'ISP_RD32'
  no_printk(KERN_DEBUG pr_fmt(fmt), ##__VA_ARGS__)
                                      ^
drivers/misc/mediatek/mach/mt6735/camera_isp_D2.c:94:37: note: in expansion of macro 'pr_debug'
 #define LOG_DBG(format, args...)    pr_debug(MyTag format, ##args)
                                     ^
drivers/misc/mediatek/mach/mt6735/camera_isp_D2.c:969:9: note: in expansion of macro 'LOG_DBG'
         LOG_DBG("0x%08X %08X ", (unsigned int)(ISP_TPIPE_ADDR + i), ISP_RD32(ISP_ADDR + i));
         ^
In file included from include/linux/io.h:22:0,
                 from /home/satory-ra/Android/kernel/android_kernel_oukitel_orange/drivers/misc/mediatek/mach/mt6735/include/mach/sync_write.h:6,
                 from drivers/misc/mediatek/mach/mt6735/camera_isp_D2.c:39:
/home/satory-ra/Android/kernel/android_kernel_oukitel_orange/arch/arm/include/asm/io.h:104:19: note: expected 'const volatile void *' but argument is of type 'long unsigned int'
 static inline u32 __raw_readl(const volatile void __iomem *addr)
                   ^
In file included from include/linux/byteorder/little_endian.h:4:0,
                 from /home/satory-ra/Android/kernel/android_kernel_oukitel_orange/arch/arm/include/uapi/asm/byteorder.h:21,
                 from include/asm-generic/bitops/le.h:5,
                 from /home/satory-ra/Android/kernel/android_kernel_oukitel_orange/arch/arm/include/asm/bitops.h:308,
                 from include/linux/bitops.h:22,
                 from include/linux/kernel.h:10,
                 from include/asm-generic/bug.h:13,
                 from /home/satory-ra/Android/kernel/android_kernel_oukitel_orange/arch/arm/include/asm/bug.h:61,
                 from include/linux/bug.h:4,
                 from include/linux/thread_info.h:11,
                 from include/linux/preempt.h:9,
                 from include/linux/spinlock.h:50,
                 from include/linux/kobject.h:23,
                 from include/linux/device.h:17,
                 from drivers/misc/mediatek/mach/mt6735/camera_isp_D2.c:17:
/home/satory-ra/Android/kernel/android_kernel_oukitel_orange/arch/arm/include/asm/io.h:340:71: warning: passing argument 1 of '__raw_readl' makes pointer from integer without a cast
 #define ioread32(p) ({ unsigned int __v = le32_to_cpu((__force __le32)__raw_readl(p)); __iormb(); __v; })
                                                                       ^
include/uapi/linux/byteorder/little_endian.h:33:51: note: in definition of macro '__le32_to_cpu'
 #define __le32_to_cpu(x) ((__force __u32)(__le32)(x))
                                                   ^
drivers/misc/mediatek/mach/mt6735/camera_isp_D2.c:108:33: note: in expansion of macro 'ioread32'
 #define ISP_RD32(addr)          ioread32(addr)
                                 ^
include/linux/printk.h:248:38: note: in expansion of macro 'ISP_RD32'
  no_printk(KERN_DEBUG pr_fmt(fmt), ##__VA_ARGS__)
                                      ^
drivers/misc/mediatek/mach/mt6735/camera_isp_D2.c:94:37: note: in expansion of macro 'pr_debug'
 #define LOG_DBG(format, args...)    pr_debug(MyTag format, ##args)
                                     ^
drivers/misc/mediatek/mach/mt6735/camera_isp_D2.c:973:9: note: in expansion of macro 'LOG_DBG'
         LOG_DBG("0x%08X %08X ", (unsigned int)(ISP_TPIPE_ADDR + i), ISP_RD32(ISP_ADDR + i));
         ^
In file included from include/linux/io.h:22:0,
                 from /home/satory-ra/Android/kernel/android_kernel_oukitel_orange/drivers/misc/mediatek/mach/mt6735/include/mach/sync_write.h:6,
                 from drivers/misc/mediatek/mach/mt6735/camera_isp_D2.c:39:
/home/satory-ra/Android/kernel/android_kernel_oukitel_orange/arch/arm/include/asm/io.h:104:19: note: expected 'const volatile void *' but argument is of type 'long unsigned int'
 static inline u32 __raw_readl(const volatile void __iomem *addr)
                   ^
In file included from include/linux/byteorder/little_endian.h:4:0,
                 from /home/satory-ra/Android/kernel/android_kernel_oukitel_orange/arch/arm/include/uapi/asm/byteorder.h:21,
                 from include/asm-generic/bitops/le.h:5,
                 from /home/satory-ra/Android/kernel/android_kernel_oukitel_orange/arch/arm/include/asm/bitops.h:308,
                 from include/linux/bitops.h:22,
                 from include/linux/kernel.h:10,
                 from include/asm-generic/bug.h:13,
                 from /home/satory-ra/Android/kernel/android_kernel_oukitel_orange/arch/arm/include/asm/bug.h:61,
                 from include/linux/bug.h:4,
                 from include/linux/thread_info.h:11,
                 from include/linux/preempt.h:9,
                 from include/linux/spinlock.h:50,
                 from include/linux/kobject.h:23,
                 from include/linux/device.h:17,
                 from drivers/misc/mediatek/mach/mt6735/camera_isp_D2.c:17:
/home/satory-ra/Android/kernel/android_kernel_oukitel_orange/arch/arm/include/asm/io.h:340:71: warning: passing argument 1 of '__raw_readl' makes pointer from integer without a cast
 #define ioread32(p) ({ unsigned int __v = le32_to_cpu((__force __le32)__raw_readl(p)); __iormb(); __v; })
                                                                       ^
include/uapi/linux/byteorder/little_endian.h:33:51: note: in definition of macro '__le32_to_cpu'
 #define __le32_to_cpu(x) ((__force __u32)(__le32)(x))
                                                   ^
drivers/misc/mediatek/mach/mt6735/camera_isp_D2.c:108:33: note: in expansion of macro 'ioread32'
 #define ISP_RD32(addr)          ioread32(addr)
                                 ^
include/linux/printk.h:248:38: note: in expansion of macro 'ISP_RD32'
  no_printk(KERN_DEBUG pr_fmt(fmt), ##__VA_ARGS__)
                                      ^
drivers/misc/mediatek/mach/mt6735/camera_isp_D2.c:94:37: note: in expansion of macro 'pr_debug'
 #define LOG_DBG(format, args...)    pr_debug(MyTag format, ##args)
                                     ^
drivers/misc/mediatek/mach/mt6735/camera_isp_D2.c:977:9: note: in expansion of macro 'LOG_DBG'
         LOG_DBG("0x%08X %08X ", (unsigned int)(ISP_TPIPE_ADDR + i), ISP_RD32(ISP_ADDR + i));
         ^
In file included from include/linux/io.h:22:0,
                 from /home/satory-ra/Android/kernel/android_kernel_oukitel_orange/drivers/misc/mediatek/mach/mt6735/include/mach/sync_write.h:6,
                 from drivers/misc/mediatek/mach/mt6735/camera_isp_D2.c:39:
/home/satory-ra/Android/kernel/android_kernel_oukitel_orange/arch/arm/include/asm/io.h:104:19: note: expected 'const volatile void *' but argument is of type 'long unsigned int'
 static inline u32 __raw_readl(const volatile void __iomem *addr)
                   ^
In file included from include/linux/byteorder/little_endian.h:4:0,
                 from /home/satory-ra/Android/kernel/android_kernel_oukitel_orange/arch/arm/include/uapi/asm/byteorder.h:21,
                 from include/asm-generic/bitops/le.h:5,
                 from /home/satory-ra/Android/kernel/android_kernel_oukitel_orange/arch/arm/include/asm/bitops.h:308,
                 from include/linux/bitops.h:22,
                 from include/linux/kernel.h:10,
                 from include/asm-generic/bug.h:13,
                 from /home/satory-ra/Android/kernel/android_kernel_oukitel_orange/arch/arm/include/asm/bug.h:61,
                 from include/linux/bug.h:4,
                 from include/linux/thread_info.h:11,
                 from include/linux/preempt.h:9,
                 from include/linux/spinlock.h:50,
                 from include/linux/kobject.h:23,
                 from include/linux/device.h:17,
                 from drivers/misc/mediatek/mach/mt6735/camera_isp_D2.c:17:
/home/satory-ra/Android/kernel/android_kernel_oukitel_orange/arch/arm/include/asm/io.h:340:71: warning: passing argument 1 of '__raw_readl' makes pointer from integer without a cast
 #define ioread32(p) ({ unsigned int __v = le32_to_cpu((__force __le32)__raw_readl(p)); __iormb(); __v; })
                                                                       ^
include/uapi/linux/byteorder/little_endian.h:33:51: note: in definition of macro '__le32_to_cpu'
 #define __le32_to_cpu(x) ((__force __u32)(__le32)(x))
                                                   ^
drivers/misc/mediatek/mach/mt6735/camera_isp_D2.c:108:33: note: in expansion of macro 'ioread32'
 #define ISP_RD32(addr)          ioread32(addr)
                                 ^
include/linux/printk.h:248:38: note: in expansion of macro 'ISP_RD32'
  no_printk(KERN_DEBUG pr_fmt(fmt), ##__VA_ARGS__)
                                      ^
drivers/misc/mediatek/mach/mt6735/camera_isp_D2.c:94:37: note: in expansion of macro 'pr_debug'
 #define LOG_DBG(format, args...)    pr_debug(MyTag format, ##args)
                                     ^
drivers/misc/mediatek/mach/mt6735/camera_isp_D2.c:981:9: note: in expansion of macro 'LOG_DBG'
         LOG_DBG("0x%08X %08X ", (unsigned int)(ISP_TPIPE_ADDR + i), ISP_RD32(ISP_ADDR + i));
         ^
In file included from include/linux/io.h:22:0,
                 from /home/satory-ra/Android/kernel/android_kernel_oukitel_orange/drivers/misc/mediatek/mach/mt6735/include/mach/sync_write.h:6,
                 from drivers/misc/mediatek/mach/mt6735/camera_isp_D2.c:39:
/home/satory-ra/Android/kernel/android_kernel_oukitel_orange/arch/arm/include/asm/io.h:104:19: note: expected 'const volatile void *' but argument is of type 'long unsigned int'
 static inline u32 __raw_readl(const volatile void __iomem *addr)
                   ^
In file included from include/linux/byteorder/little_endian.h:4:0,
                 from /home/satory-ra/Android/kernel/android_kernel_oukitel_orange/arch/arm/include/uapi/asm/byteorder.h:21,
                 from include/asm-generic/bitops/le.h:5,
                 from /home/satory-ra/Android/kernel/android_kernel_oukitel_orange/arch/arm/include/asm/bitops.h:308,
                 from include/linux/bitops.h:22,
                 from include/linux/kernel.h:10,
                 from include/asm-generic/bug.h:13,
                 from /home/satory-ra/Android/kernel/android_kernel_oukitel_orange/arch/arm/include/asm/bug.h:61,
                 from include/linux/bug.h:4,
                 from include/linux/thread_info.h:11,
                 from include/linux/preempt.h:9,
                 from include/linux/spinlock.h:50,
                 from include/linux/kobject.h:23,
                 from include/linux/device.h:17,
                 from drivers/misc/mediatek/mach/mt6735/camera_isp_D2.c:17:
/home/satory-ra/Android/kernel/android_kernel_oukitel_orange/arch/arm/include/asm/io.h:340:71: warning: passing argument 1 of '__raw_readl' makes pointer from integer without a cast
 #define ioread32(p) ({ unsigned int __v = le32_to_cpu((__force __le32)__raw_readl(p)); __iormb(); __v; })
                                                                       ^
include/uapi/linux/byteorder/little_endian.h:33:51: note: in definition of macro '__le32_to_cpu'
 #define __le32_to_cpu(x) ((__force __u32)(__le32)(x))
                                                   ^
drivers/misc/mediatek/mach/mt6735/camera_isp_D2.c:108:33: note: in expansion of macro 'ioread32'
 #define ISP_RD32(addr)          ioread32(addr)
                                 ^
include/linux/printk.h:248:38: note: in expansion of macro 'ISP_RD32'
  no_printk(KERN_DEBUG pr_fmt(fmt), ##__VA_ARGS__)
                                      ^
drivers/misc/mediatek/mach/mt6735/camera_isp_D2.c:94:37: note: in expansion of macro 'pr_debug'
 #define LOG_DBG(format, args...)    pr_debug(MyTag format, ##args)
                                     ^
drivers/misc/mediatek/mach/mt6735/camera_isp_D2.c:985:9: note: in expansion of macro 'LOG_DBG'
         LOG_DBG("0x%08X %08X ", (unsigned int)(ISP_TPIPE_ADDR + i), ISP_RD32(ISP_ADDR + i));
         ^
In file included from include/linux/io.h:22:0,
                 from /home/satory-ra/Android/kernel/android_kernel_oukitel_orange/drivers/misc/mediatek/mach/mt6735/include/mach/sync_write.h:6,
                 from drivers/misc/mediatek/mach/mt6735/camera_isp_D2.c:39:
/home/satory-ra/Android/kernel/android_kernel_oukitel_orange/arch/arm/include/asm/io.h:104:19: note: expected 'const volatile void *' but argument is of type 'long unsigned int'
 static inline u32 __raw_readl(const volatile void __iomem *addr)
                   ^
In file included from include/linux/byteorder/little_endian.h:4:0,
                 from /home/satory-ra/Android/kernel/android_kernel_oukitel_orange/arch/arm/include/uapi/asm/byteorder.h:21,
                 from include/asm-generic/bitops/le.h:5,
                 from /home/satory-ra/Android/kernel/android_kernel_oukitel_orange/arch/arm/include/asm/bitops.h:308,
                 from include/linux/bitops.h:22,
                 from include/linux/kernel.h:10,
                 from include/asm-generic/bug.h:13,
                 from /home/satory-ra/Android/kernel/android_kernel_oukitel_orange/arch/arm/include/asm/bug.h:61,
                 from include/linux/bug.h:4,
                 from include/linux/thread_info.h:11,
                 from include/linux/preempt.h:9,
                 from include/linux/spinlock.h:50,
                 from include/linux/kobject.h:23,
                 from include/linux/device.h:17,
                 from drivers/misc/mediatek/mach/mt6735/camera_isp_D2.c:17:
/home/satory-ra/Android/kernel/android_kernel_oukitel_orange/arch/arm/include/asm/io.h:340:71: warning: passing argument 1 of '__raw_readl' makes pointer from integer without a cast
 #define ioread32(p) ({ unsigned int __v = le32_to_cpu((__force __le32)__raw_readl(p)); __iormb(); __v; })
                                                                       ^
include/uapi/linux/byteorder/little_endian.h:33:51: note: in definition of macro '__le32_to_cpu'
 #define __le32_to_cpu(x) ((__force __u32)(__le32)(x))
                                                   ^
drivers/misc/mediatek/mach/mt6735/camera_isp_D2.c:108:33: note: in expansion of macro 'ioread32'
 #define ISP_RD32(addr)          ioread32(addr)
                                 ^
include/linux/printk.h:248:38: note: in expansion of macro 'ISP_RD32'
  no_printk(KERN_DEBUG pr_fmt(fmt), ##__VA_ARGS__)
                                      ^
drivers/misc/mediatek/mach/mt6735/camera_isp_D2.c:94:37: note: in expansion of macro 'pr_debug'
 #define LOG_DBG(format, args...)    pr_debug(MyTag format, ##args)
                                     ^
drivers/misc/mediatek/mach/mt6735/camera_isp_D2.c:989:9: note: in expansion of macro 'LOG_DBG'
         LOG_DBG("0x%08X %08X ", (unsigned int)(ISP_TPIPE_ADDR + i), ISP_RD32(ISP_ADDR + i));
         ^
In file included from include/linux/io.h:22:0,
                 from /home/satory-ra/Android/kernel/android_kernel_oukitel_orange/drivers/misc/mediatek/mach/mt6735/include/mach/sync_write.h:6,
                 from drivers/misc/mediatek/mach/mt6735/camera_isp_D2.c:39:
/home/satory-ra/Android/kernel/android_kernel_oukitel_orange/arch/arm/include/asm/io.h:104:19: note: expected 'const volatile void *' but argument is of type 'long unsigned int'
 static inline u32 __raw_readl(const volatile void __iomem *addr)
                   ^
In file included from include/linux/byteorder/little_endian.h:4:0,
                 from /home/satory-ra/Android/kernel/android_kernel_oukitel_orange/arch/arm/include/uapi/asm/byteorder.h:21,
                 from include/asm-generic/bitops/le.h:5,
                 from /home/satory-ra/Android/kernel/android_kernel_oukitel_orange/arch/arm/include/asm/bitops.h:308,
                 from include/linux/bitops.h:22,
                 from include/linux/kernel.h:10,
                 from include/asm-generic/bug.h:13,
                 from /home/satory-ra/Android/kernel/android_kernel_oukitel_orange/arch/arm/include/asm/bug.h:61,
                 from include/linux/bug.h:4,
                 from include/linux/thread_info.h:11,
                 from include/linux/preempt.h:9,
                 from include/linux/spinlock.h:50,
                 from include/linux/kobject.h:23,
                 from include/linux/device.h:17,
                 from drivers/misc/mediatek/mach/mt6735/camera_isp_D2.c:17:
/home/satory-ra/Android/kernel/android_kernel_oukitel_orange/arch/arm/include/asm/io.h:340:71: warning: passing argument 1 of '__raw_readl' makes pointer from integer without a cast
 #define ioread32(p) ({ unsigned int __v = le32_to_cpu((__force __le32)__raw_readl(p)); __iormb(); __v; })
                                                                       ^
include/uapi/linux/byteorder/little_endian.h:33:51: note: in definition of macro '__le32_to_cpu'
 #define __le32_to_cpu(x) ((__force __u32)(__le32)(x))
                                                   ^
drivers/misc/mediatek/mach/mt6735/camera_isp_D2.c:108:33: note: in expansion of macro 'ioread32'
 #define ISP_RD32(addr)          ioread32(addr)
                                 ^
include/linux/printk.h:248:38: note: in expansion of macro 'ISP_RD32'
  no_printk(KERN_DEBUG pr_fmt(fmt), ##__VA_ARGS__)
                                      ^
drivers/misc/mediatek/mach/mt6735/camera_isp_D2.c:94:37: note: in expansion of macro 'pr_debug'
 #define LOG_DBG(format, args...)    pr_debug(MyTag format, ##args)
                                     ^
drivers/misc/mediatek/mach/mt6735/camera_isp_D2.c:993:9: note: in expansion of macro 'LOG_DBG'
         LOG_DBG("0x%08X %08X ", (unsigned int)(ISP_TPIPE_ADDR + i), ISP_RD32(ISP_ADDR + i));
         ^
In file included from include/linux/io.h:22:0,
                 from /home/satory-ra/Android/kernel/android_kernel_oukitel_orange/drivers/misc/mediatek/mach/mt6735/include/mach/sync_write.h:6,
                 from drivers/misc/mediatek/mach/mt6735/camera_isp_D2.c:39:
/home/satory-ra/Android/kernel/android_kernel_oukitel_orange/arch/arm/include/asm/io.h:104:19: note: expected 'const volatile void *' but argument is of type 'long unsigned int'
 static inline u32 __raw_readl(const volatile void __iomem *addr)
                   ^
In file included from include/linux/byteorder/little_endian.h:4:0,
                 from /home/satory-ra/Android/kernel/android_kernel_oukitel_orange/arch/arm/include/uapi/asm/byteorder.h:21,
                 from include/asm-generic/bitops/le.h:5,
                 from /home/satory-ra/Android/kernel/android_kernel_oukitel_orange/arch/arm/include/asm/bitops.h:308,
                 from include/linux/bitops.h:22,
                 from include/linux/kernel.h:10,
                 from include/asm-generic/bug.h:13,
                 from /home/satory-ra/Android/kernel/android_kernel_oukitel_orange/arch/arm/include/asm/bug.h:61,
                 from include/linux/bug.h:4,
                 from include/linux/thread_info.h:11,
                 from include/linux/preempt.h:9,
                 from include/linux/spinlock.h:50,
                 from include/linux/kobject.h:23,
                 from include/linux/device.h:17,
                 from drivers/misc/mediatek/mach/mt6735/camera_isp_D2.c:17:
/home/satory-ra/Android/kernel/android_kernel_oukitel_orange/arch/arm/include/asm/io.h:340:71: warning: passing argument 1 of '__raw_readl' makes pointer from integer without a cast
 #define ioread32(p) ({ unsigned int __v = le32_to_cpu((__force __le32)__raw_readl(p)); __iormb(); __v; })
                                                                       ^
include/uapi/linux/byteorder/little_endian.h:33:51: note: in definition of macro '__le32_to_cpu'
 #define __le32_to_cpu(x) ((__force __u32)(__le32)(x))
                                                   ^
drivers/misc/mediatek/mach/mt6735/camera_isp_D2.c:108:33: note: in expansion of macro 'ioread32'
 #define ISP_RD32(addr)          ioread32(addr)
                                 ^
include/linux/printk.h:248:38: note: in expansion of macro 'ISP_RD32'
  no_printk(KERN_DEBUG pr_fmt(fmt), ##__VA_ARGS__)
                                      ^
drivers/misc/mediatek/mach/mt6735/camera_isp_D2.c:94:37: note: in expansion of macro 'pr_debug'
 #define LOG_DBG(format, args...)    pr_debug(MyTag format, ##args)
                                     ^
drivers/misc/mediatek/mach/mt6735/camera_isp_D2.c:997:9: note: in expansion of macro 'LOG_DBG'
         LOG_DBG("0x%08X %08X ", (unsigned int)(ISP_TPIPE_ADDR + i), ISP_RD32(ISP_ADDR + i));
         ^
In file included from include/linux/io.h:22:0,
                 from /home/satory-ra/Android/kernel/android_kernel_oukitel_orange/drivers/misc/mediatek/mach/mt6735/include/mach/sync_write.h:6,
                 from drivers/misc/mediatek/mach/mt6735/camera_isp_D2.c:39:
/home/satory-ra/Android/kernel/android_kernel_oukitel_orange/arch/arm/include/asm/io.h:104:19: note: expected 'const volatile void *' but argument is of type 'long unsigned int'
 static inline u32 __raw_readl(const volatile void __iomem *addr)
                   ^
In file included from include/linux/byteorder/little_endian.h:4:0,
                 from /home/satory-ra/Android/kernel/android_kernel_oukitel_orange/arch/arm/include/uapi/asm/byteorder.h:21,
                 from include/asm-generic/bitops/le.h:5,
                 from /home/satory-ra/Android/kernel/android_kernel_oukitel_orange/arch/arm/include/asm/bitops.h:308,
                 from include/linux/bitops.h:22,
                 from include/linux/kernel.h:10,
                 from include/asm-generic/bug.h:13,
                 from /home/satory-ra/Android/kernel/android_kernel_oukitel_orange/arch/arm/include/asm/bug.h:61,
                 from include/linux/bug.h:4,
                 from include/linux/thread_info.h:11,
                 from include/linux/preempt.h:9,
                 from include/linux/spinlock.h:50,
                 from include/linux/kobject.h:23,
                 from include/linux/device.h:17,
                 from drivers/misc/mediatek/mach/mt6735/camera_isp_D2.c:17:
/home/satory-ra/Android/kernel/android_kernel_oukitel_orange/arch/arm/include/asm/io.h:340:71: warning: passing argument 1 of '__raw_readl' makes pointer from integer without a cast
 #define ioread32(p) ({ unsigned int __v = le32_to_cpu((__force __le32)__raw_readl(p)); __iormb(); __v; })
                                                                       ^
include/uapi/linux/byteorder/little_endian.h:33:51: note: in definition of macro '__le32_to_cpu'
 #define __le32_to_cpu(x) ((__force __u32)(__le32)(x))
                                                   ^
drivers/misc/mediatek/mach/mt6735/camera_isp_D2.c:108:33: note: in expansion of macro 'ioread32'
 #define ISP_RD32(addr)          ioread32(addr)
                                 ^
include/linux/printk.h:248:38: note: in expansion of macro 'ISP_RD32'
  no_printk(KERN_DEBUG pr_fmt(fmt), ##__VA_ARGS__)
                                      ^
drivers/misc/mediatek/mach/mt6735/camera_isp_D2.c:94:37: note: in expansion of macro 'pr_debug'
 #define LOG_DBG(format, args...)    pr_debug(MyTag format, ##args)
                                     ^
drivers/misc/mediatek/mach/mt6735/camera_isp_D2.c:1001:9: note: in expansion of macro 'LOG_DBG'
         LOG_DBG("0x%08X %08X ",(unsigned int)(ISP_TPIPE_ADDR + i), ISP_RD32(ISP_ADDR + i));
         ^
In file included from include/linux/io.h:22:0,
                 from /home/satory-ra/Android/kernel/android_kernel_oukitel_orange/drivers/misc/mediatek/mach/mt6735/include/mach/sync_write.h:6,
                 from drivers/misc/mediatek/mach/mt6735/camera_isp_D2.c:39:
/home/satory-ra/Android/kernel/android_kernel_oukitel_orange/arch/arm/include/asm/io.h:104:19: note: expected 'const volatile void *' but argument is of type 'long unsigned int'
 static inline u32 __raw_readl(const volatile void __iomem *addr)
                   ^
In file included from include/linux/byteorder/little_endian.h:4:0,
                 from /home/satory-ra/Android/kernel/android_kernel_oukitel_orange/arch/arm/include/uapi/asm/byteorder.h:21,
                 from include/asm-generic/bitops/le.h:5,
                 from /home/satory-ra/Android/kernel/android_kernel_oukitel_orange/arch/arm/include/asm/bitops.h:308,
                 from include/linux/bitops.h:22,
                 from include/linux/kernel.h:10,
                 from include/asm-generic/bug.h:13,
                 from /home/satory-ra/Android/kernel/android_kernel_oukitel_orange/arch/arm/include/asm/bug.h:61,
                 from include/linux/bug.h:4,
                 from include/linux/thread_info.h:11,
                 from include/linux/preempt.h:9,
                 from include/linux/spinlock.h:50,
                 from include/linux/kobject.h:23,
                 from include/linux/device.h:17,
                 from drivers/misc/mediatek/mach/mt6735/camera_isp_D2.c:17:
/home/satory-ra/Android/kernel/android_kernel_oukitel_orange/arch/arm/include/asm/io.h:340:71: warning: passing argument 1 of '__raw_readl' makes pointer from integer without a cast
 #define ioread32(p) ({ unsigned int __v = le32_to_cpu((__force __le32)__raw_readl(p)); __iormb(); __v; })
                                                                       ^
include/uapi/linux/byteorder/little_endian.h:33:51: note: in definition of macro '__le32_to_cpu'
 #define __le32_to_cpu(x) ((__force __u32)(__le32)(x))
                                                   ^
drivers/misc/mediatek/mach/mt6735/camera_isp_D2.c:108:33: note: in expansion of macro 'ioread32'
 #define ISP_RD32(addr)          ioread32(addr)
                                 ^
include/linux/printk.h:248:38: note: in expansion of macro 'ISP_RD32'
  no_printk(KERN_DEBUG pr_fmt(fmt), ##__VA_ARGS__)
                                      ^
drivers/misc/mediatek/mach/mt6735/camera_isp_D2.c:94:37: note: in expansion of macro 'pr_debug'
 #define LOG_DBG(format, args...)    pr_debug(MyTag format, ##args)
                                     ^
drivers/misc/mediatek/mach/mt6735/camera_isp_D2.c:1007:9: note: in expansion of macro 'LOG_DBG'
         LOG_DBG("0x%08X %08X ", (unsigned int)(ISP_TPIPE_ADDR + i), ISP_RD32(ISP_ADDR + i));
         ^
In file included from include/linux/io.h:22:0,
                 from /home/satory-ra/Android/kernel/android_kernel_oukitel_orange/drivers/misc/mediatek/mach/mt6735/include/mach/sync_write.h:6,
                 from drivers/misc/mediatek/mach/mt6735/camera_isp_D2.c:39:
/home/satory-ra/Android/kernel/android_kernel_oukitel_orange/arch/arm/include/asm/io.h:104:19: note: expected 'const volatile void *' but argument is of type 'long unsigned int'
 static inline u32 __raw_readl(const volatile void __iomem *addr)
                   ^
In file included from include/linux/byteorder/little_endian.h:4:0,
                 from /home/satory-ra/Android/kernel/android_kernel_oukitel_orange/arch/arm/include/uapi/asm/byteorder.h:21,
                 from include/asm-generic/bitops/le.h:5,
                 from /home/satory-ra/Android/kernel/android_kernel_oukitel_orange/arch/arm/include/asm/bitops.h:308,
                 from include/linux/bitops.h:22,
                 from include/linux/kernel.h:10,
                 from include/asm-generic/bug.h:13,
                 from /home/satory-ra/Android/kernel/android_kernel_oukitel_orange/arch/arm/include/asm/bug.h:61,
                 from include/linux/bug.h:4,
                 from include/linux/thread_info.h:11,
                 from include/linux/preempt.h:9,
                 from include/linux/spinlock.h:50,
                 from include/linux/kobject.h:23,
                 from include/linux/device.h:17,
                 from drivers/misc/mediatek/mach/mt6735/camera_isp_D2.c:17:
/home/satory-ra/Android/kernel/android_kernel_oukitel_orange/arch/arm/include/asm/io.h:340:71: warning: passing argument 1 of '__raw_readl' makes pointer from integer without a cast
 #define ioread32(p) ({ unsigned int __v = le32_to_cpu((__force __le32)__raw_readl(p)); __iormb(); __v; })
                                                                       ^
include/uapi/linux/byteorder/little_endian.h:33:51: note: in definition of macro '__le32_to_cpu'
 #define __le32_to_cpu(x) ((__force __u32)(__le32)(x))
                                                   ^
drivers/misc/mediatek/mach/mt6735/camera_isp_D2.c:108:33: note: in expansion of macro 'ioread32'
 #define ISP_RD32(addr)          ioread32(addr)
                                 ^
include/linux/printk.h:248:38: note: in expansion of macro 'ISP_RD32'
  no_printk(KERN_DEBUG pr_fmt(fmt), ##__VA_ARGS__)
                                      ^
drivers/misc/mediatek/mach/mt6735/camera_isp_D2.c:94:37: note: in expansion of macro 'pr_debug'
 #define LOG_DBG(format, args...)    pr_debug(MyTag format, ##args)
                                     ^
drivers/misc/mediatek/mach/mt6735/camera_isp_D2.c:1013:9: note: in expansion of macro 'LOG_DBG'
         LOG_DBG("0x%08X %08X ", (unsigned int)(ISP_TPIPE_ADDR + i) ,ISP_RD32(ISP_ADDR + i));
         ^
In file included from include/linux/io.h:22:0,
                 from /home/satory-ra/Android/kernel/android_kernel_oukitel_orange/drivers/misc/mediatek/mach/mt6735/include/mach/sync_write.h:6,
                 from drivers/misc/mediatek/mach/mt6735/camera_isp_D2.c:39:
/home/satory-ra/Android/kernel/android_kernel_oukitel_orange/arch/arm/include/asm/io.h:104:19: note: expected 'const volatile void *' but argument is of type 'long unsigned int'
 static inline u32 __raw_readl(const volatile void __iomem *addr)
                   ^
In file included from include/linux/byteorder/little_endian.h:4:0,
                 from /home/satory-ra/Android/kernel/android_kernel_oukitel_orange/arch/arm/include/uapi/asm/byteorder.h:21,
                 from include/asm-generic/bitops/le.h:5,
                 from /home/satory-ra/Android/kernel/android_kernel_oukitel_orange/arch/arm/include/asm/bitops.h:308,
                 from include/linux/bitops.h:22,
                 from include/linux/kernel.h:10,
                 from include/asm-generic/bug.h:13,
                 from /home/satory-ra/Android/kernel/android_kernel_oukitel_orange/arch/arm/include/asm/bug.h:61,
                 from include/linux/bug.h:4,
                 from include/linux/thread_info.h:11,
                 from include/linux/preempt.h:9,
                 from include/linux/spinlock.h:50,
                 from include/linux/kobject.h:23,
                 from include/linux/device.h:17,
                 from drivers/misc/mediatek/mach/mt6735/camera_isp_D2.c:17:
drivers/misc/mediatek/mach/mt6735/camera_isp_D2.c: In function 'ISP_ReadReg':
/home/satory-ra/Android/kernel/android_kernel_oukitel_orange/arch/arm/include/asm/io.h:340:71: warning: passing argument 1 of '__raw_readl' makes pointer from integer without a cast
 #define ioread32(p) ({ unsigned int __v = le32_to_cpu((__force __le32)__raw_readl(p)); __iormb(); __v; })
                                                                       ^
include/uapi/linux/byteorder/little_endian.h:33:51: note: in definition of macro '__le32_to_cpu'
 #define __le32_to_cpu(x) ((__force __u32)(__le32)(x))
                                                   ^
drivers/misc/mediatek/mach/mt6735/camera_isp_D2.c:108:33: note: in expansion of macro 'ioread32'
 #define ISP_RD32(addr)          ioread32(addr)
                                 ^
drivers/misc/mediatek/mach/mt6735/camera_isp_D2.c:1778:19: note: in expansion of macro 'ISP_RD32'
         reg.Val = ISP_RD32((ISP_ADDR_CAMINF + reg.Addr));
                   ^
In file included from include/linux/io.h:22:0,
                 from /home/satory-ra/Android/kernel/android_kernel_oukitel_orange/drivers/misc/mediatek/mach/mt6735/include/mach/sync_write.h:6,
                 from drivers/misc/mediatek/mach/mt6735/camera_isp_D2.c:39:
/home/satory-ra/Android/kernel/android_kernel_oukitel_orange/arch/arm/include/asm/io.h:104:19: note: expected 'const volatile void *' but argument is of type 'long unsigned int'
 static inline u32 __raw_readl(const volatile void __iomem *addr)
                   ^
drivers/misc/mediatek/mach/mt6735/camera_isp_D2.c: In function 'ISP_WriteRegToHw':
/home/satory-ra/Android/kernel/android_kernel_oukitel_orange/arch/arm/include/asm/io.h:347:38: warning: passing argument 2 of '__raw_writel' makes pointer from integer without a cast
 #define iowrite32(v,p) ({ __iowmb(); __raw_writel((__force __u32)cpu_to_le32(v), p); })
                                      ^
drivers/misc/mediatek/mach/mt6735/camera_isp_D2.c:106:33: note: in expansion of macro 'iowrite32'
 #define ISP_WR32(addr, data)    iowrite32(data, addr) // For other projects.
                                 ^
drivers/misc/mediatek/mach/mt6735/camera_isp_D2.c:1820:9: note: in expansion of macro 'ISP_WR32'
         ISP_WR32((ISP_ADDR_CAMINF + pReg[i].Addr), pReg[i].Val);
         ^
/home/satory-ra/Android/kernel/android_kernel_oukitel_orange/arch/arm/include/asm/io.h:88:20: note: expected 'volatile void *' but argument is of type 'long unsigned int'
 static inline void __raw_writel(u32 val, volatile void __iomem *addr)
                    ^
In file included from include/linux/byteorder/little_endian.h:4:0,
                 from /home/satory-ra/Android/kernel/android_kernel_oukitel_orange/arch/arm/include/uapi/asm/byteorder.h:21,
                 from include/asm-generic/bitops/le.h:5,
                 from /home/satory-ra/Android/kernel/android_kernel_oukitel_orange/arch/arm/include/asm/bitops.h:308,
                 from include/linux/bitops.h:22,
                 from include/linux/kernel.h:10,
                 from include/asm-generic/bug.h:13,
                 from /home/satory-ra/Android/kernel/android_kernel_oukitel_orange/arch/arm/include/asm/bug.h:61,
                 from include/linux/bug.h:4,
                 from include/linux/thread_info.h:11,
                 from include/linux/preempt.h:9,
                 from include/linux/spinlock.h:50,
                 from include/linux/kobject.h:23,
                 from include/linux/device.h:17,
                 from drivers/misc/mediatek/mach/mt6735/camera_isp_D2.c:17:
drivers/misc/mediatek/mach/mt6735/camera_isp_D2.c: In function 'DMAErrHandler':
/home/satory-ra/Android/kernel/android_kernel_oukitel_orange/arch/arm/include/asm/io.h:340:71: warning: passing argument 1 of '__raw_readl' makes pointer from integer without a cast
 #define ioread32(p) ({ unsigned int __v = le32_to_cpu((__force __le32)__raw_readl(p)); __iormb(); __v; })
                                                                       ^
include/uapi/linux/byteorder/little_endian.h:33:51: note: in definition of macro '__le32_to_cpu'
 #define __le32_to_cpu(x) ((__force __u32)(__le32)(x))
                                                   ^
drivers/misc/mediatek/mach/mt6735/camera_isp_D2.c:108:33: note: in expansion of macro 'ioread32'
 #define ISP_RD32(addr)          ioread32(addr)
                                 ^
drivers/misc/mediatek/mach/mt6735/camera_isp_D2.c:3842:24: note: in expansion of macro 'ISP_RD32'
     MUINT32 err_ctrl = ISP_RD32(0xF50043A4);
                        ^
In file included from include/linux/io.h:22:0,
                 from /home/satory-ra/Android/kernel/android_kernel_oukitel_orange/drivers/misc/mediatek/mach/mt6735/include/mach/sync_write.h:6,
                 from drivers/misc/mediatek/mach/mt6735/camera_isp_D2.c:39:
/home/satory-ra/Android/kernel/android_kernel_oukitel_orange/arch/arm/include/asm/io.h:104:19: note: expected 'const volatile void *' but argument is of type 'unsigned int'
 static inline u32 __raw_readl(const volatile void __iomem *addr)
                   ^
/home/satory-ra/Android/kernel/android_kernel_oukitel_orange/arch/arm/include/asm/io.h:347:38: warning: passing argument 2 of '__raw_writel' makes pointer from integer without a cast
 #define iowrite32(v,p) ({ __iowmb(); __raw_writel((__force __u32)cpu_to_le32(v), p); })
                                      ^
drivers/misc/mediatek/mach/mt6735/camera_isp_D2.c:106:33: note: in expansion of macro 'iowrite32'
 #define ISP_WR32(addr, data)    iowrite32(data, addr) // For other projects.
                                 ^
drivers/misc/mediatek/mach/mt6735/camera_isp_D2.c:3853:13: note: in expansion of macro 'ISP_WR32'
             ISP_WR32(0xF5004160, pErr[2]);
             ^
/home/satory-ra/Android/kernel/android_kernel_oukitel_orange/arch/arm/include/asm/io.h:88:20: note: expected 'volatile void *' but argument is of type 'unsigned int'
 static inline void __raw_writel(u32 val, volatile void __iomem *addr)
                    ^
In file included from include/linux/byteorder/little_endian.h:4:0,
                 from /home/satory-ra/Android/kernel/android_kernel_oukitel_orange/arch/arm/include/uapi/asm/byteorder.h:21,
                 from include/asm-generic/bitops/le.h:5,
                 from /home/satory-ra/Android/kernel/android_kernel_oukitel_orange/arch/arm/include/asm/bitops.h:308,
                 from include/linux/bitops.h:22,
                 from include/linux/kernel.h:10,
                 from include/asm-generic/bug.h:13,
                 from /home/satory-ra/Android/kernel/android_kernel_oukitel_orange/arch/arm/include/asm/bug.h:61,
                 from include/linux/bug.h:4,
                 from include/linux/thread_info.h:11,
                 from include/linux/preempt.h:9,
                 from include/linux/spinlock.h:50,
                 from include/linux/kobject.h:23,
                 from include/linux/device.h:17,
                 from drivers/misc/mediatek/mach/mt6735/camera_isp_D2.c:17:
/home/satory-ra/Android/kernel/android_kernel_oukitel_orange/arch/arm/include/asm/io.h:340:71: warning: passing argument 1 of '__raw_readl' makes pointer from integer without a cast
 #define ioread32(p) ({ unsigned int __v = le32_to_cpu((__force __le32)__raw_readl(p)); __iormb(); __v; })
                                                                       ^
include/uapi/linux/byteorder/little_endian.h:33:51: note: in definition of macro '__le32_to_cpu'
 #define __le32_to_cpu(x) ((__force __u32)(__le32)(x))
                                                   ^
drivers/misc/mediatek/mach/mt6735/camera_isp_D2.c:108:33: note: in expansion of macro 'ioread32'
 #define ISP_RD32(addr)          ioread32(addr)
                                 ^
include/linux/printk.h:248:38: note: in expansion of macro 'ISP_RD32'
  no_printk(KERN_DEBUG pr_fmt(fmt), ##__VA_ARGS__)
                                      ^
drivers/misc/mediatek/mach/mt6735/camera_isp_D2.c:94:37: note: in expansion of macro 'pr_debug'
 #define LOG_DBG(format, args...)    pr_debug(MyTag format, ##args)
                                     ^
drivers/misc/mediatek/mach/mt6735/camera_isp_D2.c:3855:13: note: in expansion of macro 'LOG_DBG'
             LOG_DBG("(0x%08x,0x%08x),dbg(0x%08x, 0x%08x)",addr, ISP_RD32(addr),ISP_RD32(0xF5004160), ISP_RD32(0xF5004164));
             ^
In file included from include/linux/io.h:22:0,
                 from /home/satory-ra/Android/kernel/android_kernel_oukitel_orange/drivers/misc/mediatek/mach/mt6735/include/mach/sync_write.h:6,
                 from drivers/misc/mediatek/mach/mt6735/camera_isp_D2.c:39:
/home/satory-ra/Android/kernel/android_kernel_oukitel_orange/arch/arm/include/asm/io.h:104:19: note: expected 'const volatile void *' but argument is of type 'unsigned int'
 static inline u32 __raw_readl(const volatile void __iomem *addr)
                   ^
In file included from include/linux/byteorder/little_endian.h:4:0,
                 from /home/satory-ra/Android/kernel/android_kernel_oukitel_orange/arch/arm/include/uapi/asm/byteorder.h:21,
                 from include/asm-generic/bitops/le.h:5,
                 from /home/satory-ra/Android/kernel/android_kernel_oukitel_orange/arch/arm/include/asm/bitops.h:308,
                 from include/linux/bitops.h:22,
                 from include/linux/kernel.h:10,
                 from include/asm-generic/bug.h:13,
                 from /home/satory-ra/Android/kernel/android_kernel_oukitel_orange/arch/arm/include/asm/bug.h:61,
                 from include/linux/bug.h:4,
                 from include/linux/thread_info.h:11,
                 from include/linux/preempt.h:9,
                 from include/linux/spinlock.h:50,
                 from include/linux/kobject.h:23,
                 from include/linux/device.h:17,
                 from drivers/misc/mediatek/mach/mt6735/camera_isp_D2.c:17:
/home/satory-ra/Android/kernel/android_kernel_oukitel_orange/arch/arm/include/asm/io.h:340:71: warning: passing argument 1 of '__raw_readl' makes pointer from integer without a cast
 #define ioread32(p) ({ unsigned int __v = le32_to_cpu((__force __le32)__raw_readl(p)); __iormb(); __v; })
                                                                       ^
include/uapi/linux/byteorder/little_endian.h:33:51: note: in definition of macro '__le32_to_cpu'
 #define __le32_to_cpu(x) ((__force __u32)(__le32)(x))
                                                   ^
drivers/misc/mediatek/mach/mt6735/camera_isp_D2.c:108:33: note: in expansion of macro 'ioread32'
 #define ISP_RD32(addr)          ioread32(addr)
                                 ^
include/linux/printk.h:248:38: note: in expansion of macro 'ISP_RD32'
  no_printk(KERN_DEBUG pr_fmt(fmt), ##__VA_ARGS__)
                                      ^
drivers/misc/mediatek/mach/mt6735/camera_isp_D2.c:94:37: note: in expansion of macro 'pr_debug'
 #define LOG_DBG(format, args...)    pr_debug(MyTag format, ##args)
                                     ^
drivers/misc/mediatek/mach/mt6735/camera_isp_D2.c:3855:13: note: in expansion of macro 'LOG_DBG'
             LOG_DBG("(0x%08x,0x%08x),dbg(0x%08x, 0x%08x)",addr, ISP_RD32(addr),ISP_RD32(0xF5004160), ISP_RD32(0xF5004164));
             ^
In file included from include/linux/io.h:22:0,
                 from /home/satory-ra/Android/kernel/android_kernel_oukitel_orange/drivers/misc/mediatek/mach/mt6735/include/mach/sync_write.h:6,
                 from drivers/misc/mediatek/mach/mt6735/camera_isp_D2.c:39:
/home/satory-ra/Android/kernel/android_kernel_oukitel_orange/arch/arm/include/asm/io.h:104:19: note: expected 'const volatile void *' but argument is of type 'unsigned int'
 static inline u32 __raw_readl(const volatile void __iomem *addr)
                   ^
In file included from include/linux/byteorder/little_endian.h:4:0,
                 from /home/satory-ra/Android/kernel/android_kernel_oukitel_orange/arch/arm/include/uapi/asm/byteorder.h:21,
                 from include/asm-generic/bitops/le.h:5,
                 from /home/satory-ra/Android/kernel/android_kernel_oukitel_orange/arch/arm/include/asm/bitops.h:308,
                 from include/linux/bitops.h:22,
                 from include/linux/kernel.h:10,
                 from include/asm-generic/bug.h:13,
                 from /home/satory-ra/Android/kernel/android_kernel_oukitel_orange/arch/arm/include/asm/bug.h:61,
                 from include/linux/bug.h:4,
                 from include/linux/thread_info.h:11,
                 from include/linux/preempt.h:9,
                 from include/linux/spinlock.h:50,
                 from include/linux/kobject.h:23,
                 from include/linux/device.h:17,
                 from drivers/misc/mediatek/mach/mt6735/camera_isp_D2.c:17:
/home/satory-ra/Android/kernel/android_kernel_oukitel_orange/arch/arm/include/asm/io.h:340:71: warning: passing argument 1 of '__raw_readl' makes pointer from integer without a cast
 #define ioread32(p) ({ unsigned int __v = le32_to_cpu((__force __le32)__raw_readl(p)); __iormb(); __v; })
                                                                       ^
include/uapi/linux/byteorder/little_endian.h:33:51: note: in definition of macro '__le32_to_cpu'
 #define __le32_to_cpu(x) ((__force __u32)(__le32)(x))
                                                   ^
drivers/misc/mediatek/mach/mt6735/camera_isp_D2.c:108:33: note: in expansion of macro 'ioread32'
 #define ISP_RD32(addr)          ioread32(addr)
                                 ^
include/linux/printk.h:248:38: note: in expansion of macro 'ISP_RD32'
  no_printk(KERN_DEBUG pr_fmt(fmt), ##__VA_ARGS__)
                                      ^
drivers/misc/mediatek/mach/mt6735/camera_isp_D2.c:94:37: note: in expansion of macro 'pr_debug'
 #define LOG_DBG(format, args...)    pr_debug(MyTag format, ##args)
                                     ^
drivers/misc/mediatek/mach/mt6735/camera_isp_D2.c:3855:13: note: in expansion of macro 'LOG_DBG'
             LOG_DBG("(0x%08x,0x%08x),dbg(0x%08x, 0x%08x)",addr, ISP_RD32(addr),ISP_RD32(0xF5004160), ISP_RD32(0xF5004164));
             ^
In file included from include/linux/io.h:22:0,
                 from /home/satory-ra/Android/kernel/android_kernel_oukitel_orange/drivers/misc/mediatek/mach/mt6735/include/mach/sync_write.h:6,
                 from drivers/misc/mediatek/mach/mt6735/camera_isp_D2.c:39:
/home/satory-ra/Android/kernel/android_kernel_oukitel_orange/arch/arm/include/asm/io.h:104:19: note: expected 'const volatile void *' but argument is of type 'unsigned int'
 static inline u32 __raw_readl(const volatile void __iomem *addr)
                   ^
drivers/misc/mediatek/mach/mt6735/camera_isp_D2.c: In function 'ISP_Irq':
drivers/misc/mediatek/mach/mt6735/camera_isp_D2.c:3917:5: warning: ISO C90 forbids mixed declarations and code [-Wdeclaration-after-statement]
     MUINT32 IrqStatus_FBC = ISP_RD32((void *)ISP_REG_ADDR_FBC_INT);
     ^
drivers/misc/mediatek/mach/mt6735/camera_isp_D2.c:3919:5: warning: passing argument 1 of 'spin_lock' discards 'volatile' qualifier from pointer target type
     spin_lock(&SpinLockCamHaVer);
     ^
In file included from include/linux/kobject.h:23:0,
                 from include/linux/device.h:17,
                 from drivers/misc/mediatek/mach/mt6735/camera_isp_D2.c:17:
include/linux/spinlock.h:291:20: note: expected 'struct spinlock_t *' but argument is of type 'volatile struct spinlock_t *'
 static inline void spin_lock(spinlock_t *lock)
                    ^
drivers/misc/mediatek/mach/mt6735/camera_isp_D2.c:3922:9: warning: passing argument 1 of 'spin_unlock' discards 'volatile' qualifier from pointer target type
         spin_unlock(&SpinLockCamHaVer);
         ^
In file included from include/linux/kobject.h:23:0,
                 from include/linux/device.h:17,
                 from drivers/misc/mediatek/mach/mt6735/camera_isp_D2.c:17:
include/linux/spinlock.h:331:20: note: expected 'struct spinlock_t *' but argument is of type 'volatile struct spinlock_t *'
 static inline void spin_unlock(spinlock_t *lock)
                    ^
In file included from include/linux/byteorder/little_endian.h:4:0,
                 from /home/satory-ra/Android/kernel/android_kernel_oukitel_orange/arch/arm/include/uapi/asm/byteorder.h:21,
                 from include/asm-generic/bitops/le.h:5,
                 from /home/satory-ra/Android/kernel/android_kernel_oukitel_orange/arch/arm/include/asm/bitops.h:308,
                 from include/linux/bitops.h:22,
                 from include/linux/kernel.h:10,
                 from include/asm-generic/bug.h:13,
                 from /home/satory-ra/Android/kernel/android_kernel_oukitel_orange/arch/arm/include/asm/bug.h:61,
                 from include/linux/bug.h:4,
                 from include/linux/thread_info.h:11,
                 from include/linux/preempt.h:9,
                 from include/linux/spinlock.h:50,
                 from include/linux/kobject.h:23,
                 from include/linux/device.h:17,
                 from drivers/misc/mediatek/mach/mt6735/camera_isp_D2.c:17:
/home/satory-ra/Android/kernel/android_kernel_oukitel_orange/arch/arm/include/asm/io.h:340:71: warning: passing argument 1 of '__raw_readl' makes pointer from integer without a cast
 #define ioread32(p) ({ unsigned int __v = le32_to_cpu((__force __le32)__raw_readl(p)); __iormb(); __v; })
                                                                       ^
include/uapi/linux/byteorder/little_endian.h:33:51: note: in definition of macro '__le32_to_cpu'
 #define __le32_to_cpu(x) ((__force __u32)(__le32)(x))
                                                   ^
drivers/misc/mediatek/mach/mt6735/camera_isp_D2.c:108:33: note: in expansion of macro 'ioread32'
 #define ISP_RD32(addr)          ioread32(addr)
                                 ^
include/linux/printk.h:248:38: note: in expansion of macro 'ISP_RD32'
  no_printk(KERN_DEBUG pr_fmt(fmt), ##__VA_ARGS__)
                                      ^
drivers/misc/mediatek/mach/mt6735/camera_isp_D2.c:94:37: note: in expansion of macro 'pr_debug'
 #define LOG_DBG(format, args...)    pr_debug(MyTag format, ##args)
                                     ^
drivers/misc/mediatek/mach/mt6735/camera_isp_D2.c:4125:13: note: in expansion of macro 'LOG_DBG'
             LOG_DBG("P1_SOF_%d(0x%08lx,0x%08lx,0x%08x,0x%08x)",((ISP_RD32(ISP_REG_ADDR_TG_INTER_ST)&0x00FF0000)>>16),
             ^
In file included from include/linux/io.h:22:0,
                 from /home/satory-ra/Android/kernel/android_kernel_oukitel_orange/drivers/misc/mediatek/mach/mt6735/include/mach/sync_write.h:6,
                 from drivers/misc/mediatek/mach/mt6735/camera_isp_D2.c:39:
/home/satory-ra/Android/kernel/android_kernel_oukitel_orange/arch/arm/include/asm/io.h:104:19: note: expected 'const volatile void *' but argument is of type 'long unsigned int'
 static inline u32 __raw_readl(const volatile void __iomem *addr)
                   ^
drivers/misc/mediatek/mach/mt6735/camera_isp_D2.c:4138:9: warning: passing argument 1 of 'spin_unlock' discards 'volatile' qualifier from pointer target type
         spin_unlock(&SpinLockCamHaVer);
         ^
In file included from include/linux/kobject.h:23:0,
                 from include/linux/device.h:17,
                 from drivers/misc/mediatek/mach/mt6735/camera_isp_D2.c:17:
include/linux/spinlock.h:331:20: note: expected 'struct spinlock_t *' but argument is of type 'volatile struct spinlock_t *'
 static inline void spin_unlock(spinlock_t *lock)
                    ^
In file included from include/linux/kobject.h:27:0,
                 from include/linux/device.h:17,
                 from drivers/misc/mediatek/mach/mt6735/camera_isp_D2.c:17:
include/linux/wait.h:159:34: warning: passing argument 1 of '__wake_up' discards 'volatile' qualifier from pointer target type
 #define wake_up_interruptible(x) __wake_up(x, TASK_INTERRUPTIBLE, 1, NULL)
                                  ^
drivers/misc/mediatek/mach/mt6735/camera_isp_D2.c:4170:9: note: in expansion of macro 'wake_up_interruptible'
         wake_up_interruptible(&IspInfo_FrmB.WaitQueueHead); //could move to ISP_Irq_FrmB
         ^
include/linux/wait.h:139:6: note: expected 'struct wait_queue_head_t *' but argument is of type 'volatile struct wait_queue_head_t *'
 void __wake_up(wait_queue_head_t *q, unsigned int mode, int nr, void *key);
      ^
drivers/misc/mediatek/mach/mt6735/camera_isp_D2.c:3917:13: warning: unused variable 'IrqStatus_FBC' [-Wunused-variable]
     MUINT32 IrqStatus_FBC = ISP_RD32((void *)ISP_REG_ADDR_FBC_INT);
             ^
In file included from include/linux/kobject.h:23:0,
                 from include/linux/device.h:17,
                 from drivers/misc/mediatek/mach/mt6735/camera_isp_D2.c:17:
drivers/misc/mediatek/mach/mt6735/camera_isp_D2.c: In function 'ISP_ioctl':
include/linux/spinlock.h:323:24: warning: passing argument 1 of 'spinlock_check' discards 'volatile' qualifier from pointer target type
  raw_spin_lock_irqsave(spinlock_check(lock), flags); \
                        ^
include/linux/spinlock.h:199:34: note: in definition of macro 'raw_spin_lock_irqsave'
   flags = _raw_spin_lock_irqsave(lock); \
                                  ^
drivers/misc/mediatek/mach/mt6735/camera_isp_D2.c:4524:13: note: in expansion of macro 'spin_lock_irqsave'
             spin_lock_irqsave(&SpinLockCamHaVer, flags);
             ^
In file included from include/linux/kobject.h:23:0,
                 from include/linux/device.h:17,
                 from drivers/misc/mediatek/mach/mt6735/camera_isp_D2.c:17:
include/linux/spinlock.h:280:31: note: expected 'struct spinlock_t *' but argument is of type 'volatile struct spinlock_t *'
 static inline raw_spinlock_t *spinlock_check(spinlock_t *lock)
                               ^
drivers/misc/mediatek/mach/mt6735/camera_isp_D2.c:4527:17: warning: passing argument 1 of 'spin_unlock_irqrestore' discards 'volatile' qualifier from pointer target type
                 spin_unlock_irqrestore(&SpinLockCamHaVer, flags);
                 ^
In file included from include/linux/kobject.h:23:0,
                 from include/linux/device.h:17,
                 from drivers/misc/mediatek/mach/mt6735/camera_isp_D2.c:17:
include/linux/spinlock.h:346:20: note: expected 'struct spinlock_t *' but argument is of type 'volatile struct spinlock_t *'
 static inline void spin_unlock_irqrestore(spinlock_t *lock, unsigned long flags)
                    ^
drivers/misc/mediatek/mach/mt6735/camera_isp_D2.c:4532:17: warning: passing argument 1 of 'spin_unlock_irqrestore' discards 'volatile' qualifier from pointer target type
                 spin_unlock_irqrestore(&SpinLockCamHaVer, flags);
                 ^
In file included from include/linux/kobject.h:23:0,
                 from include/linux/device.h:17,
                 from drivers/misc/mediatek/mach/mt6735/camera_isp_D2.c:17:
include/linux/spinlock.h:346:20: note: expected 'struct spinlock_t *' but argument is of type 'volatile struct spinlock_t *'
 static inline void spin_unlock_irqrestore(spinlock_t *lock, unsigned long flags)
                    ^
In file included from include/linux/kobject.h:23:0,
                 from include/linux/device.h:17,
                 from drivers/misc/mediatek/mach/mt6735/camera_isp_D2.c:17:
include/linux/spinlock.h:323:24: warning: passing argument 1 of 'spinlock_check' discards 'volatile' qualifier from pointer target type
  raw_spin_lock_irqsave(spinlock_check(lock), flags); \
                        ^
include/linux/spinlock.h:199:34: note: in definition of macro 'raw_spin_lock_irqsave'
   flags = _raw_spin_lock_irqsave(lock); \
                                  ^
drivers/misc/mediatek/mach/mt6735/camera_isp_D2.c:4546:17: note: in expansion of macro 'spin_lock_irqsave'
                 spin_lock_irqsave(&SpinLockCamHaVer, flags);
                 ^
In file included from include/linux/kobject.h:23:0,
                 from include/linux/device.h:17,
                 from drivers/misc/mediatek/mach/mt6735/camera_isp_D2.c:17:
include/linux/spinlock.h:280:31: note: expected 'struct spinlock_t *' but argument is of type 'volatile struct spinlock_t *'
 static inline raw_spinlock_t *spinlock_check(spinlock_t *lock)
                               ^
drivers/misc/mediatek/mach/mt6735/camera_isp_D2.c:4548:17: warning: passing argument 1 of 'spin_unlock_irqrestore' discards 'volatile' qualifier from pointer target type
                 spin_unlock_irqrestore(&SpinLockCamHaVer, flags);
                 ^
In file included from include/linux/kobject.h:23:0,
                 from include/linux/device.h:17,
                 from drivers/misc/mediatek/mach/mt6735/camera_isp_D2.c:17:
include/linux/spinlock.h:346:20: note: expected 'struct spinlock_t *' but argument is of type 'volatile struct spinlock_t *'
 static inline void spin_unlock_irqrestore(spinlock_t *lock, unsigned long flags)
                    ^
drivers/misc/mediatek/mach/mt6735/camera_isp_D2.c:4633:16: warning: passing argument 2 of 'copy_to_user' discards 'volatile' qualifier from pointer target type
             if(copy_to_user((void __user *)Param, g_ISPIntErr, sizeof(MUINT32)*_IRQ_MAX) != 0){
                ^
In file included from include/linux/uaccess.h:5:0,
                 from drivers/misc/mediatek/mach/mt6735/camera_isp_D2.c:28:
/home/satory-ra/Android/kernel/android_kernel_oukitel_orange/arch/arm/include/asm/uaccess.h:442:42: note: expected 'const void *' but argument is of type 'volatile UINT32 *'
 static inline unsigned long __must_check copy_to_user(void __user *to, const void *from, unsigned long n)
                                          ^
drivers/misc/mediatek/mach/mt6735/camera_isp_D2.c:4215:29: warning: unused variable 'burstQNum' [-Wunused-variable]
     MINT32                  burstQNum;
                             ^
In file included from include/linux/kobject.h:23:0,
                 from include/linux/device.h:17,
                 from drivers/misc/mediatek/mach/mt6735/camera_isp_D2.c:17:
drivers/misc/mediatek/mach/mt6735/camera_isp_D2.c: In function 'ISP_open':
include/linux/spinlock.h:323:24: warning: passing argument 1 of 'spinlock_check' discards 'volatile' qualifier from pointer target type
  raw_spin_lock_irqsave(spinlock_check(lock), flags); \
                        ^
include/linux/spinlock.h:199:34: note: in definition of macro 'raw_spin_lock_irqsave'
   flags = _raw_spin_lock_irqsave(lock); \
                                  ^
drivers/misc/mediatek/mach/mt6735/camera_isp_D2.c:5250:5: note: in expansion of macro 'spin_lock_irqsave'
     spin_lock_irqsave(&SpinLockCamHaVer, flags);
     ^
In file included from include/linux/kobject.h:23:0,
                 from include/linux/device.h:17,
                 from drivers/misc/mediatek/mach/mt6735/camera_isp_D2.c:17:
include/linux/spinlock.h:280:31: note: expected 'struct spinlock_t *' but argument is of type 'volatile struct spinlock_t *'
 static inline raw_spinlock_t *spinlock_check(spinlock_t *lock)
                               ^
drivers/misc/mediatek/mach/mt6735/camera_isp_D2.c:5252:5: warning: passing argument 1 of 'spin_unlock_irqrestore' discards 'volatile' qualifier from pointer target type
     spin_unlock_irqrestore(&SpinLockCamHaVer, flags);
     ^
In file included from include/linux/kobject.h:23:0,
                 from include/linux/device.h:17,
                 from drivers/misc/mediatek/mach/mt6735/camera_isp_D2.c:17:
include/linux/spinlock.h:346:20: note: expected 'struct spinlock_t *' but argument is of type 'volatile struct spinlock_t *'
 static inline void spin_unlock_irqrestore(spinlock_t *lock, unsigned long flags)
                    ^
drivers/misc/mediatek/mach/mt6735/camera_isp_D2.c: At top level:
drivers/misc/mediatek/mach/mt6735/camera_isp_D2.c:5606:15: warning: function declaration isn't a prototype [-Wstrict-prototypes]
 static MINT32 ISP_probe_FrmB()
               ^
In file included from include/linux/kobject.h:27:0,
                 from include/linux/device.h:17,
                 from drivers/misc/mediatek/mach/mt6735/camera_isp_D2.c:17:
drivers/misc/mediatek/mach/mt6735/camera_isp_D2.c: In function 'ISP_probe_FrmB':
include/linux/wait.h:69:3: warning: passing argument 1 of '__init_waitqueue_head' discards 'volatile' qualifier from pointer target type
   __init_waitqueue_head((q), #q, &__key); \
   ^
drivers/misc/mediatek/mach/mt6735/camera_isp_D2.c:5613:5: note: in expansion of macro 'init_waitqueue_head'
     init_waitqueue_head(&IspInfo_FrmB.WaitQueueHead);
     ^
include/linux/wait.h:63:13: note: expected 'struct wait_queue_head_t *' but argument is of type 'volatile struct wait_queue_head_t *'
 extern void __init_waitqueue_head(wait_queue_head_t *q, const char *name, struct lock_class_key *);
             ^
include/linux/wait.h:69:3: warning: passing argument 1 of '__init_waitqueue_head' discards 'volatile' qualifier from pointer target type
   __init_waitqueue_head((q), #q, &__key); \
   ^
drivers/misc/mediatek/mach/mt6735/camera_isp_D2.c:5648:5: note: in expansion of macro 'init_waitqueue_head'
     init_waitqueue_head(&WaitQueueHead_EDBuf_WaitDeque);
     ^
include/linux/wait.h:63:13: note: expected 'struct wait_queue_head_t *' but argument is of type 'volatile struct wait_queue_head_t *'
 extern void __init_waitqueue_head(wait_queue_head_t *q, const char *name, struct lock_class_key *);
             ^
include/linux/wait.h:69:3: warning: passing argument 1 of '__init_waitqueue_head' discards 'volatile' qualifier from pointer target type
   __init_waitqueue_head((q), #q, &__key); \
   ^
drivers/misc/mediatek/mach/mt6735/camera_isp_D2.c:5649:5: note: in expansion of macro 'init_waitqueue_head'
     init_waitqueue_head(&WaitQueueHead_EDBuf_WaitFrame);
     ^
include/linux/wait.h:63:13: note: expected 'struct wait_queue_head_t *' but argument is of type 'volatile struct wait_queue_head_t *'
 extern void __init_waitqueue_head(wait_queue_head_t *q, const char *name, struct lock_class_key *);
             ^
In file included from include/linux/kobject.h:23:0,
                 from include/linux/device.h:17,
                 from drivers/misc/mediatek/mach/mt6735/camera_isp_D2.c:17:
include/linux/spinlock.h:287:2: warning: passing argument 1 of 'spinlock_check' discards 'volatile' qualifier from pointer target type
  spinlock_check(_lock);    \
  ^
drivers/misc/mediatek/mach/mt6735/camera_isp_D2.c:5651:5: note: in expansion of macro 'spin_lock_init'
     spin_lock_init(&(SpinLockRegScen));
     ^
include/linux/spinlock.h:280:31: note: expected 'struct spinlock_t *' but argument is of type 'volatile struct spinlock_t *'
 static inline raw_spinlock_t *spinlock_check(spinlock_t *lock)
                               ^
include/linux/spinlock.h:287:2: warning: passing argument 1 of 'spinlock_check' discards 'volatile' qualifier from pointer target type
  spinlock_check(_lock);    \
  ^
drivers/misc/mediatek/mach/mt6735/camera_isp_D2.c:5654:5: note: in expansion of macro 'spin_lock_init'
     spin_lock_init(&(SpinLock_UserKey));
     ^
include/linux/spinlock.h:280:31: note: expected 'struct spinlock_t *' but argument is of type 'volatile struct spinlock_t *'
 static inline raw_spinlock_t *spinlock_check(spinlock_t *lock)
                               ^
drivers/misc/mediatek/mach/mt6735/camera_isp_D2.c:5610:12: warning: unused variable 'i' [-Wunused-variable]
     MINT32 i=0;
            ^
drivers/misc/mediatek/mach/mt6735/camera_isp_D2.c:5609:22: warning: unused variable 'pRes' [-Wunused-variable]
     struct resource *pRes = NULL;
                      ^
drivers/misc/mediatek/mach/mt6735/camera_isp_D2.c: At top level:
drivers/misc/mediatek/mach/mt6735/camera_isp_D2.c:5662:15: warning: function declaration isn't a prototype [-Wstrict-prototypes]
 static MINT32 ISP_remove_FrmB()
               ^
drivers/misc/mediatek/mach/mt6735/camera_isp_D2.c: In function 'ISP_remove_FrmB':
drivers/misc/mediatek/mach/mt6735/camera_isp_D2.c:5666:12: warning: unused variable 'IrqNum' [-Wunused-variable]
     MINT32 IrqNum;
            ^
drivers/misc/mediatek/mach/mt6735/camera_isp_D2.c:5665:12: warning: unused variable 'i' [-Wunused-variable]
     MINT32 i;
            ^
drivers/misc/mediatek/mach/mt6735/camera_isp_D2.c:5664:22: warning: unused variable 'pRes' [-Wunused-variable]
     struct resource *pRes;
                      ^
drivers/misc/mediatek/mach/mt6735/camera_isp_D2.c: In function 'ISP_probe':
drivers/misc/mediatek/mach/mt6735/camera_isp_D2.c:5685:9: warning: ISO C90 forbids mixed declarations and code [-Wdeclaration-after-statement]
         int new_count;
         ^
drivers/misc/mediatek/mach/mt6735/camera_isp_D2.c:5716:28: warning: assignment makes integer from pointer without a cast
             gISPSYS_Reg[i] = cam_isp_dev->regs[i];
                            ^
drivers/misc/mediatek/mach/mt6735/camera_isp_D2.c:5717:33: warning: assignment makes integer from pointer without a cast
             gISPSYS_Reg_FrmB[i] = cam_isp_dev->regs[i];
                                 ^
In file included from include/linux/kobject.h:23:0,
                 from include/linux/device.h:17,
                 from drivers/misc/mediatek/mach/mt6735/camera_isp_D2.c:17:
include/linux/spinlock.h:287:2: warning: passing argument 1 of 'spinlock_check' discards 'volatile' qualifier from pointer target type
  spinlock_check(_lock);    \
  ^
drivers/misc/mediatek/mach/mt6735/camera_isp_D2.c:5802:5: note: in expansion of macro 'spin_lock_init'
     spin_lock_init(&SpinLockCamHaVer);
     ^
include/linux/spinlock.h:280:31: note: expected 'struct spinlock_t *' but argument is of type 'volatile struct spinlock_t *'
 static inline raw_spinlock_t *spinlock_check(spinlock_t *lock)
                               ^
In file included from include/linux/byteorder/little_endian.h:4:0,
                 from /home/satory-ra/Android/kernel/android_kernel_oukitel_orange/arch/arm/include/uapi/asm/byteorder.h:21,
                 from include/asm-generic/bitops/le.h:5,
                 from /home/satory-ra/Android/kernel/android_kernel_oukitel_orange/arch/arm/include/asm/bitops.h:308,
                 from include/linux/bitops.h:22,
                 from include/linux/kernel.h:10,
                 from include/asm-generic/bug.h:13,
                 from /home/satory-ra/Android/kernel/android_kernel_oukitel_orange/arch/arm/include/asm/bug.h:61,
                 from include/linux/bug.h:4,
                 from include/linux/thread_info.h:11,
                 from include/linux/preempt.h:9,
                 from include/linux/spinlock.h:50,
                 from include/linux/kobject.h:23,
                 from include/linux/device.h:17,
                 from drivers/misc/mediatek/mach/mt6735/camera_isp_D2.c:17:
drivers/misc/mediatek/mach/mt6735/camera_isp_D2.c: In function 'ISP_DumpRegToProc':
/home/satory-ra/Android/kernel/android_kernel_oukitel_orange/arch/arm/include/asm/io.h:340:71: warning: passing argument 1 of '__raw_readl' makes pointer from integer without a cast
 #define ioread32(p) ({ unsigned int __v = le32_to_cpu((__force __le32)__raw_readl(p)); __iormb(); __v; })
                                                                       ^
include/uapi/linux/byteorder/little_endian.h:33:51: note: in definition of macro '__le32_to_cpu'
 #define __le32_to_cpu(x) ((__force __u32)(__le32)(x))
                                                   ^
drivers/misc/mediatek/mach/mt6735/camera_isp_D2.c:108:33: note: in expansion of macro 'ioread32'
 #define ISP_RD32(addr)          ioread32(addr)
                                 ^
drivers/misc/mediatek/mach/mt6735/camera_isp_D2.c:6038:74: note: in expansion of macro 'ISP_RD32'
         p += sprintf(p,"+0x%08x 0x%08x\n", (unsigned int)(ISP_ADDR + i), ISP_RD32(ISP_ADDR + i));
                                                                          ^
In file included from include/linux/io.h:22:0,
                 from /home/satory-ra/Android/kernel/android_kernel_oukitel_orange/drivers/misc/mediatek/mach/mt6735/include/mach/sync_write.h:6,
                 from drivers/misc/mediatek/mach/mt6735/camera_isp_D2.c:39:
/home/satory-ra/Android/kernel/android_kernel_oukitel_orange/arch/arm/include/asm/io.h:104:19: note: expected 'const volatile void *' but argument is of type 'long unsigned int'
 static inline u32 __raw_readl(const volatile void __iomem *addr)
                   ^
In file included from include/linux/byteorder/little_endian.h:4:0,
                 from /home/satory-ra/Android/kernel/android_kernel_oukitel_orange/arch/arm/include/uapi/asm/byteorder.h:21,
                 from include/asm-generic/bitops/le.h:5,
                 from /home/satory-ra/Android/kernel/android_kernel_oukitel_orange/arch/arm/include/asm/bitops.h:308,
                 from include/linux/bitops.h:22,
                 from include/linux/kernel.h:10,
                 from include/asm-generic/bug.h:13,
                 from /home/satory-ra/Android/kernel/android_kernel_oukitel_orange/arch/arm/include/asm/bug.h:61,
                 from include/linux/bug.h:4,
                 from include/linux/thread_info.h:11,
                 from include/linux/preempt.h:9,
                 from include/linux/spinlock.h:50,
                 from include/linux/kobject.h:23,
                 from include/linux/device.h:17,
                 from drivers/misc/mediatek/mach/mt6735/camera_isp_D2.c:17:
/home/satory-ra/Android/kernel/android_kernel_oukitel_orange/arch/arm/include/asm/io.h:340:71: warning: passing argument 1 of '__raw_readl' makes pointer from integer without a cast
 #define ioread32(p) ({ unsigned int __v = le32_to_cpu((__force __le32)__raw_readl(p)); __iormb(); __v; })
                                                                       ^
include/uapi/linux/byteorder/little_endian.h:33:51: note: in definition of macro '__le32_to_cpu'
 #define __le32_to_cpu(x) ((__force __u32)(__le32)(x))
                                                   ^
drivers/misc/mediatek/mach/mt6735/camera_isp_D2.c:108:33: note: in expansion of macro 'ioread32'
 #define ISP_RD32(addr)          ioread32(addr)
                                 ^
drivers/misc/mediatek/mach/mt6735/camera_isp_D2.c:6044:76: note: in expansion of macro 'ISP_RD32'
         p += sprintf(p,"+0x%08x 0x%08x\n\r", (unsigned int)(ISP_ADDR + i), ISP_RD32(ISP_ADDR + i));
                                                                            ^
In file included from include/linux/io.h:22:0,
                 from /home/satory-ra/Android/kernel/android_kernel_oukitel_orange/drivers/misc/mediatek/mach/mt6735/include/mach/sync_write.h:6,
                 from drivers/misc/mediatek/mach/mt6735/camera_isp_D2.c:39:
/home/satory-ra/Android/kernel/android_kernel_oukitel_orange/arch/arm/include/asm/io.h:104:19: note: expected 'const volatile void *' but argument is of type 'long unsigned int'
 static inline u32 __raw_readl(const volatile void __iomem *addr)
                   ^
In file included from include/linux/byteorder/little_endian.h:4:0,
                 from /home/satory-ra/Android/kernel/android_kernel_oukitel_orange/arch/arm/include/uapi/asm/byteorder.h:21,
                 from include/asm-generic/bitops/le.h:5,
                 from /home/satory-ra/Android/kernel/android_kernel_oukitel_orange/arch/arm/include/asm/bitops.h:308,
                 from include/linux/bitops.h:22,
                 from include/linux/kernel.h:10,
                 from include/asm-generic/bug.h:13,
                 from /home/satory-ra/Android/kernel/android_kernel_oukitel_orange/arch/arm/include/asm/bug.h:61,
                 from include/linux/bug.h:4,
                 from include/linux/thread_info.h:11,
                 from include/linux/preempt.h:9,
                 from include/linux/spinlock.h:50,
                 from include/linux/kobject.h:23,
                 from include/linux/device.h:17,
                 from drivers/misc/mediatek/mach/mt6735/camera_isp_D2.c:17:
/home/satory-ra/Android/kernel/android_kernel_oukitel_orange/arch/arm/include/asm/io.h:340:71: warning: passing argument 1 of '__raw_readl' makes pointer from integer without a cast
 #define ioread32(p) ({ unsigned int __v = le32_to_cpu((__force __le32)__raw_readl(p)); __iormb(); __v; })
                                                                       ^
include/uapi/linux/byteorder/little_endian.h:33:51: note: in definition of macro '__le32_to_cpu'
 #define __le32_to_cpu(x) ((__force __u32)(__le32)(x))
                                                   ^
drivers/misc/mediatek/mach/mt6735/camera_isp_D2.c:108:33: note: in expansion of macro 'ioread32'
 #define ISP_RD32(addr)          ioread32(addr)
                                 ^
drivers/misc/mediatek/mach/mt6735/camera_isp_D2.c:6050:74: note: in expansion of macro 'ISP_RD32'
         p += sprintf(p,"+0x%08x 0x%08x\n", (unsigned int)(ISP_ADDR + i), ISP_RD32(ISP_ADDR + i));
                                                                          ^
In file included from include/linux/io.h:22:0,
                 from /home/satory-ra/Android/kernel/android_kernel_oukitel_orange/drivers/misc/mediatek/mach/mt6735/include/mach/sync_write.h:6,
                 from drivers/misc/mediatek/mach/mt6735/camera_isp_D2.c:39:
/home/satory-ra/Android/kernel/android_kernel_oukitel_orange/arch/arm/include/asm/io.h:104:19: note: expected 'const volatile void *' but argument is of type 'long unsigned int'
 static inline u32 __raw_readl(const volatile void __iomem *addr)
                   ^
In file included from include/linux/byteorder/little_endian.h:4:0,
                 from /home/satory-ra/Android/kernel/android_kernel_oukitel_orange/arch/arm/include/uapi/asm/byteorder.h:21,
                 from include/asm-generic/bitops/le.h:5,
                 from /home/satory-ra/Android/kernel/android_kernel_oukitel_orange/arch/arm/include/asm/bitops.h:308,
                 from include/linux/bitops.h:22,
                 from include/linux/kernel.h:10,
                 from include/asm-generic/bug.h:13,
                 from /home/satory-ra/Android/kernel/android_kernel_oukitel_orange/arch/arm/include/asm/bug.h:61,
                 from include/linux/bug.h:4,
                 from include/linux/thread_info.h:11,
                 from include/linux/preempt.h:9,
                 from include/linux/spinlock.h:50,
                 from include/linux/kobject.h:23,
                 from include/linux/device.h:17,
                 from drivers/misc/mediatek/mach/mt6735/camera_isp_D2.c:17:
/home/satory-ra/Android/kernel/android_kernel_oukitel_orange/arch/arm/include/asm/io.h:340:71: warning: passing argument 1 of '__raw_readl' makes pointer from integer without a cast
 #define ioread32(p) ({ unsigned int __v = le32_to_cpu((__force __le32)__raw_readl(p)); __iormb(); __v; })
                                                                       ^
include/uapi/linux/byteorder/little_endian.h:33:51: note: in definition of macro '__le32_to_cpu'
 #define __le32_to_cpu(x) ((__force __u32)(__le32)(x))
                                                   ^
drivers/misc/mediatek/mach/mt6735/camera_isp_D2.c:108:33: note: in expansion of macro 'ioread32'
 #define ISP_RD32(addr)          ioread32(addr)
                                 ^
drivers/misc/mediatek/mach/mt6735/camera_isp_D2.c:6056:74: note: in expansion of macro 'ISP_RD32'
         p += sprintf(p,"+0x%08x 0x%08x\n", (unsigned int)(ISP_ADDR + i), ISP_RD32(ISP_ADDR + i));
                                                                          ^
In file included from include/linux/io.h:22:0,
                 from /home/satory-ra/Android/kernel/android_kernel_oukitel_orange/drivers/misc/mediatek/mach/mt6735/include/mach/sync_write.h:6,
                 from drivers/misc/mediatek/mach/mt6735/camera_isp_D2.c:39:
/home/satory-ra/Android/kernel/android_kernel_oukitel_orange/arch/arm/include/asm/io.h:104:19: note: expected 'const volatile void *' but argument is of type 'long unsigned int'
 static inline u32 __raw_readl(const volatile void __iomem *addr)
                   ^
In file included from include/linux/byteorder/little_endian.h:4:0,
                 from /home/satory-ra/Android/kernel/android_kernel_oukitel_orange/arch/arm/include/uapi/asm/byteorder.h:21,
                 from include/asm-generic/bitops/le.h:5,
                 from /home/satory-ra/Android/kernel/android_kernel_oukitel_orange/arch/arm/include/asm/bitops.h:308,
                 from include/linux/bitops.h:22,
                 from include/linux/kernel.h:10,
                 from include/asm-generic/bug.h:13,
                 from /home/satory-ra/Android/kernel/android_kernel_oukitel_orange/arch/arm/include/asm/bug.h:61,
                 from include/linux/bug.h:4,
                 from include/linux/thread_info.h:11,
                 from include/linux/preempt.h:9,
                 from include/linux/spinlock.h:50,
                 from include/linux/kobject.h:23,
                 from include/linux/device.h:17,
                 from drivers/misc/mediatek/mach/mt6735/camera_isp_D2.c:17:
/home/satory-ra/Android/kernel/android_kernel_oukitel_orange/arch/arm/include/asm/io.h:340:71: warning: passing argument 1 of '__raw_readl' makes pointer from integer without a cast
 #define ioread32(p) ({ unsigned int __v = le32_to_cpu((__force __le32)__raw_readl(p)); __iormb(); __v; })
                                                                       ^
include/uapi/linux/byteorder/little_endian.h:33:51: note: in definition of macro '__le32_to_cpu'
 #define __le32_to_cpu(x) ((__force __u32)(__le32)(x))
                                                   ^
drivers/misc/mediatek/mach/mt6735/camera_isp_D2.c:108:33: note: in expansion of macro 'ioread32'
 #define ISP_RD32(addr)          ioread32(addr)
                                 ^
drivers/misc/mediatek/mach/mt6735/camera_isp_D2.c:6062:74: note: in expansion of macro 'ISP_RD32'
         p += sprintf(p,"+0x%08x 0x%08x\n", (unsigned int)(ISP_ADDR + i), ISP_RD32(ISP_ADDR + i));
                                                                          ^
In file included from include/linux/io.h:22:0,
                 from /home/satory-ra/Android/kernel/android_kernel_oukitel_orange/drivers/misc/mediatek/mach/mt6735/include/mach/sync_write.h:6,
                 from drivers/misc/mediatek/mach/mt6735/camera_isp_D2.c:39:
/home/satory-ra/Android/kernel/android_kernel_oukitel_orange/arch/arm/include/asm/io.h:104:19: note: expected 'const volatile void *' but argument is of type 'long unsigned int'
 static inline u32 __raw_readl(const volatile void __iomem *addr)
                   ^
In file included from include/linux/byteorder/little_endian.h:4:0,
                 from /home/satory-ra/Android/kernel/android_kernel_oukitel_orange/arch/arm/include/uapi/asm/byteorder.h:21,
                 from include/asm-generic/bitops/le.h:5,
                 from /home/satory-ra/Android/kernel/android_kernel_oukitel_orange/arch/arm/include/asm/bitops.h:308,
                 from include/linux/bitops.h:22,
                 from include/linux/kernel.h:10,
                 from include/asm-generic/bug.h:13,
                 from /home/satory-ra/Android/kernel/android_kernel_oukitel_orange/arch/arm/include/asm/bug.h:61,
                 from include/linux/bug.h:4,
                 from include/linux/thread_info.h:11,
                 from include/linux/preempt.h:9,
                 from include/linux/spinlock.h:50,
                 from include/linux/kobject.h:23,
                 from include/linux/device.h:17,
                 from drivers/misc/mediatek/mach/mt6735/camera_isp_D2.c:17:
/home/satory-ra/Android/kernel/android_kernel_oukitel_orange/arch/arm/include/asm/io.h:340:71: warning: passing argument 1 of '__raw_readl' makes pointer from integer without a cast
 #define ioread32(p) ({ unsigned int __v = le32_to_cpu((__force __le32)__raw_readl(p)); __iormb(); __v; })
                                                                       ^
include/uapi/linux/byteorder/little_endian.h:33:51: note: in definition of macro '__le32_to_cpu'
 #define __le32_to_cpu(x) ((__force __u32)(__le32)(x))
                                                   ^
drivers/misc/mediatek/mach/mt6735/camera_isp_D2.c:108:33: note: in expansion of macro 'ioread32'
 #define ISP_RD32(addr)          ioread32(addr)
                                 ^
drivers/misc/mediatek/mach/mt6735/camera_isp_D2.c:6067:74: note: in expansion of macro 'ISP_RD32'
         p += sprintf(p,"+0x%08x 0x%08x\n", (unsigned int)(ISP_ADDR + i), ISP_RD32(ISP_ADDR + i));
                                                                          ^
In file included from include/linux/io.h:22:0,
                 from /home/satory-ra/Android/kernel/android_kernel_oukitel_orange/drivers/misc/mediatek/mach/mt6735/include/mach/sync_write.h:6,
                 from drivers/misc/mediatek/mach/mt6735/camera_isp_D2.c:39:
/home/satory-ra/Android/kernel/android_kernel_oukitel_orange/arch/arm/include/asm/io.h:104:19: note: expected 'const volatile void *' but argument is of type 'long unsigned int'
 static inline u32 __raw_readl(const volatile void __iomem *addr)
                   ^
In file included from include/linux/byteorder/little_endian.h:4:0,
                 from /home/satory-ra/Android/kernel/android_kernel_oukitel_orange/arch/arm/include/uapi/asm/byteorder.h:21,
                 from include/asm-generic/bitops/le.h:5,
                 from /home/satory-ra/Android/kernel/android_kernel_oukitel_orange/arch/arm/include/asm/bitops.h:308,
                 from include/linux/bitops.h:22,
                 from include/linux/kernel.h:10,
                 from include/asm-generic/bug.h:13,
                 from /home/satory-ra/Android/kernel/android_kernel_oukitel_orange/arch/arm/include/asm/bug.h:61,
                 from include/linux/bug.h:4,
                 from include/linux/thread_info.h:11,
                 from include/linux/preempt.h:9,
                 from include/linux/spinlock.h:50,
                 from include/linux/kobject.h:23,
                 from include/linux/device.h:17,
                 from drivers/misc/mediatek/mach/mt6735/camera_isp_D2.c:17:
/home/satory-ra/Android/kernel/android_kernel_oukitel_orange/arch/arm/include/asm/io.h:340:71: warning: passing argument 1 of '__raw_readl' makes pointer from integer without a cast
 #define ioread32(p) ({ unsigned int __v = le32_to_cpu((__force __le32)__raw_readl(p)); __iormb(); __v; })
                                                                       ^
include/uapi/linux/byteorder/little_endian.h:33:51: note: in definition of macro '__le32_to_cpu'
 #define __le32_to_cpu(x) ((__force __u32)(__le32)(x))
                                                   ^
drivers/misc/mediatek/mach/mt6735/camera_isp_D2.c:108:33: note: in expansion of macro 'ioread32'
 #define ISP_RD32(addr)          ioread32(addr)
                                 ^
drivers/misc/mediatek/mach/mt6735/camera_isp_D2.c:6072:74: note: in expansion of macro 'ISP_RD32'
         p += sprintf(p,"+0x%08x 0x%08x\n", (unsigned int)(ISP_ADDR + i), ISP_RD32(ISP_ADDR + i));
                                                                          ^
In file included from include/linux/io.h:22:0,
                 from /home/satory-ra/Android/kernel/android_kernel_oukitel_orange/drivers/misc/mediatek/mach/mt6735/include/mach/sync_write.h:6,
                 from drivers/misc/mediatek/mach/mt6735/camera_isp_D2.c:39:
/home/satory-ra/Android/kernel/android_kernel_oukitel_orange/arch/arm/include/asm/io.h:104:19: note: expected 'const volatile void *' but argument is of type 'long unsigned int'
 static inline u32 __raw_readl(const volatile void __iomem *addr)
                   ^
In file included from include/linux/byteorder/little_endian.h:4:0,
                 from /home/satory-ra/Android/kernel/android_kernel_oukitel_orange/arch/arm/include/uapi/asm/byteorder.h:21,
                 from include/asm-generic/bitops/le.h:5,
                 from /home/satory-ra/Android/kernel/android_kernel_oukitel_orange/arch/arm/include/asm/bitops.h:308,
                 from include/linux/bitops.h:22,
                 from include/linux/kernel.h:10,
                 from include/asm-generic/bug.h:13,
                 from /home/satory-ra/Android/kernel/android_kernel_oukitel_orange/arch/arm/include/asm/bug.h:61,
                 from include/linux/bug.h:4,
                 from include/linux/thread_info.h:11,
                 from include/linux/preempt.h:9,
                 from include/linux/spinlock.h:50,
                 from include/linux/kobject.h:23,
                 from include/linux/device.h:17,
                 from drivers/misc/mediatek/mach/mt6735/camera_isp_D2.c:17:
/home/satory-ra/Android/kernel/android_kernel_oukitel_orange/arch/arm/include/asm/io.h:340:71: warning: passing argument 1 of '__raw_readl' makes pointer from integer without a cast
 #define ioread32(p) ({ unsigned int __v = le32_to_cpu((__force __le32)__raw_readl(p)); __iormb(); __v; })
                                                                       ^
include/uapi/linux/byteorder/little_endian.h:33:51: note: in definition of macro '__le32_to_cpu'
 #define __le32_to_cpu(x) ((__force __u32)(__le32)(x))
                                                   ^
drivers/misc/mediatek/mach/mt6735/camera_isp_D2.c:108:33: note: in expansion of macro 'ioread32'
 #define ISP_RD32(addr)          ioread32(addr)
                                 ^
drivers/misc/mediatek/mach/mt6735/camera_isp_D2.c:6077:73: note: in expansion of macro 'ISP_RD32'
         p += sprintf(p,"+0x%08x 0x%08x\n",(unsigned int)(ISP_ADDR + i), ISP_RD32(ISP_ADDR + i));
                                                                         ^
In file included from include/linux/io.h:22:0,
                 from /home/satory-ra/Android/kernel/android_kernel_oukitel_orange/drivers/misc/mediatek/mach/mt6735/include/mach/sync_write.h:6,
                 from drivers/misc/mediatek/mach/mt6735/camera_isp_D2.c:39:
/home/satory-ra/Android/kernel/android_kernel_oukitel_orange/arch/arm/include/asm/io.h:104:19: note: expected 'const volatile void *' but argument is of type 'long unsigned int'
 static inline u32 __raw_readl(const volatile void __iomem *addr)
                   ^
In file included from include/linux/byteorder/little_endian.h:4:0,
                 from /home/satory-ra/Android/kernel/android_kernel_oukitel_orange/arch/arm/include/uapi/asm/byteorder.h:21,
                 from include/asm-generic/bitops/le.h:5,
                 from /home/satory-ra/Android/kernel/android_kernel_oukitel_orange/arch/arm/include/asm/bitops.h:308,
                 from include/linux/bitops.h:22,
                 from include/linux/kernel.h:10,
                 from include/asm-generic/bug.h:13,
                 from /home/satory-ra/Android/kernel/android_kernel_oukitel_orange/arch/arm/include/asm/bug.h:61,
                 from include/linux/bug.h:4,
                 from include/linux/thread_info.h:11,
                 from include/linux/preempt.h:9,
                 from include/linux/spinlock.h:50,
                 from include/linux/kobject.h:23,
                 from include/linux/device.h:17,
                 from drivers/misc/mediatek/mach/mt6735/camera_isp_D2.c:17:
/home/satory-ra/Android/kernel/android_kernel_oukitel_orange/arch/arm/include/asm/io.h:340:71: warning: passing argument 1 of '__raw_readl' makes pointer from integer without a cast
 #define ioread32(p) ({ unsigned int __v = le32_to_cpu((__force __le32)__raw_readl(p)); __iormb(); __v; })
                                                                       ^
include/uapi/linux/byteorder/little_endian.h:33:51: note: in definition of macro '__le32_to_cpu'
 #define __le32_to_cpu(x) ((__force __u32)(__le32)(x))
                                                   ^
drivers/misc/mediatek/mach/mt6735/camera_isp_D2.c:108:33: note: in expansion of macro 'ioread32'
 #define ISP_RD32(addr)          ioread32(addr)
                                 ^
drivers/misc/mediatek/mach/mt6735/camera_isp_D2.c:6082:74: note: in expansion of macro 'ISP_RD32'
         p += sprintf(p,"+0x%08x 0x%08x\n", (unsigned int)(ISP_ADDR + i), ISP_RD32((ISP_ADDR + i)));
                                                                          ^
In file included from include/linux/io.h:22:0,
                 from /home/satory-ra/Android/kernel/android_kernel_oukitel_orange/drivers/misc/mediatek/mach/mt6735/include/mach/sync_write.h:6,
                 from drivers/misc/mediatek/mach/mt6735/camera_isp_D2.c:39:
/home/satory-ra/Android/kernel/android_kernel_oukitel_orange/arch/arm/include/asm/io.h:104:19: note: expected 'const volatile void *' but argument is of type 'long unsigned int'
 static inline u32 __raw_readl(const volatile void __iomem *addr)
                   ^
In file included from include/linux/byteorder/little_endian.h:4:0,
                 from /home/satory-ra/Android/kernel/android_kernel_oukitel_orange/arch/arm/include/uapi/asm/byteorder.h:21,
                 from include/asm-generic/bitops/le.h:5,
                 from /home/satory-ra/Android/kernel/android_kernel_oukitel_orange/arch/arm/include/asm/bitops.h:308,
                 from include/linux/bitops.h:22,
                 from include/linux/kernel.h:10,
                 from include/asm-generic/bug.h:13,
                 from /home/satory-ra/Android/kernel/android_kernel_oukitel_orange/arch/arm/include/asm/bug.h:61,
                 from include/linux/bug.h:4,
                 from include/linux/thread_info.h:11,
                 from include/linux/preempt.h:9,
                 from include/linux/spinlock.h:50,
                 from include/linux/kobject.h:23,
                 from include/linux/device.h:17,
                 from drivers/misc/mediatek/mach/mt6735/camera_isp_D2.c:17:
/home/satory-ra/Android/kernel/android_kernel_oukitel_orange/arch/arm/include/asm/io.h:340:71: warning: passing argument 1 of '__raw_readl' makes pointer from integer without a cast
 #define ioread32(p) ({ unsigned int __v = le32_to_cpu((__force __le32)__raw_readl(p)); __iormb(); __v; })
                                                                       ^
include/uapi/linux/byteorder/little_endian.h:33:51: note: in definition of macro '__le32_to_cpu'
 #define __le32_to_cpu(x) ((__force __u32)(__le32)(x))
                                                   ^
drivers/misc/mediatek/mach/mt6735/camera_isp_D2.c:108:33: note: in expansion of macro 'ioread32'
 #define ISP_RD32(addr)          ioread32(addr)
                                 ^
drivers/misc/mediatek/mach/mt6735/camera_isp_D2.c:6087:74: note: in expansion of macro 'ISP_RD32'
         p += sprintf(p,"+0x%08x 0x%08x\n", (unsigned int)(ISP_ADDR + i), ISP_RD32(ISP_ADDR + i));
                                                                          ^
In file included from include/linux/io.h:22:0,
                 from /home/satory-ra/Android/kernel/android_kernel_oukitel_orange/drivers/misc/mediatek/mach/mt6735/include/mach/sync_write.h:6,
                 from drivers/misc/mediatek/mach/mt6735/camera_isp_D2.c:39:
/home/satory-ra/Android/kernel/android_kernel_oukitel_orange/arch/arm/include/asm/io.h:104:19: note: expected 'const volatile void *' but argument is of type 'long unsigned int'
 static inline u32 __raw_readl(const volatile void __iomem *addr)
                   ^
In file included from include/linux/byteorder/little_endian.h:4:0,
                 from /home/satory-ra/Android/kernel/android_kernel_oukitel_orange/arch/arm/include/uapi/asm/byteorder.h:21,
                 from include/asm-generic/bitops/le.h:5,
                 from /home/satory-ra/Android/kernel/android_kernel_oukitel_orange/arch/arm/include/asm/bitops.h:308,
                 from include/linux/bitops.h:22,
                 from include/linux/kernel.h:10,
                 from include/asm-generic/bug.h:13,
                 from /home/satory-ra/Android/kernel/android_kernel_oukitel_orange/arch/arm/include/asm/bug.h:61,
                 from include/linux/bug.h:4,
                 from include/linux/thread_info.h:11,
                 from include/linux/preempt.h:9,
                 from include/linux/spinlock.h:50,
                 from include/linux/kobject.h:23,
                 from include/linux/device.h:17,
                 from drivers/misc/mediatek/mach/mt6735/camera_isp_D2.c:17:
/home/satory-ra/Android/kernel/android_kernel_oukitel_orange/arch/arm/include/asm/io.h:340:71: warning: passing argument 1 of '__raw_readl' makes pointer from integer without a cast
 #define ioread32(p) ({ unsigned int __v = le32_to_cpu((__force __le32)__raw_readl(p)); __iormb(); __v; })
                                                                       ^
include/uapi/linux/byteorder/little_endian.h:33:51: note: in definition of macro '__le32_to_cpu'
 #define __le32_to_cpu(x) ((__force __u32)(__le32)(x))
                                                   ^
drivers/misc/mediatek/mach/mt6735/camera_isp_D2.c:108:33: note: in expansion of macro 'ioread32'
 #define ISP_RD32(addr)          ioread32(addr)
                                 ^
drivers/misc/mediatek/mach/mt6735/camera_isp_D2.c:6093:74: note: in expansion of macro 'ISP_RD32'
         p += sprintf(p,"+0x%08x 0x%08x\n", (unsigned int)(ISP_ADDR + i), ISP_RD32(ISP_ADDR + i));
                                                                          ^
In file included from include/linux/io.h:22:0,
                 from /home/satory-ra/Android/kernel/android_kernel_oukitel_orange/drivers/misc/mediatek/mach/mt6735/include/mach/sync_write.h:6,
                 from drivers/misc/mediatek/mach/mt6735/camera_isp_D2.c:39:
/home/satory-ra/Android/kernel/android_kernel_oukitel_orange/arch/arm/include/asm/io.h:104:19: note: expected 'const volatile void *' but argument is of type 'long unsigned int'
 static inline u32 __raw_readl(const volatile void __iomem *addr)
                   ^
drivers/misc/mediatek/mach/mt6735/camera_isp_D2.c: In function 'ISP_RegDebug':
/home/satory-ra/Android/kernel/android_kernel_oukitel_orange/arch/arm/include/asm/io.h:347:38: warning: passing argument 2 of '__raw_writel' makes pointer from integer without a cast
 #define iowrite32(v,p) ({ __iowmb(); __raw_writel((__force __u32)cpu_to_le32(v), p); })
                                      ^
drivers/misc/mediatek/mach/mt6735/camera_isp_D2.c:106:33: note: in expansion of macro 'iowrite32'
 #define ISP_WR32(addr, data)    iowrite32(data, addr) // For other projects.
                                 ^
drivers/misc/mediatek/mach/mt6735/camera_isp_D2.c:6138:9: note: in expansion of macro 'ISP_WR32'
         ISP_WR32((ISP_ADDR_CAMINF + Addr), Data);
         ^
/home/satory-ra/Android/kernel/android_kernel_oukitel_orange/arch/arm/include/asm/io.h:88:20: note: expected 'volatile void *' but argument is of type 'long unsigned int'
 static inline void __raw_writel(u32 val, volatile void __iomem *addr)
                    ^
In file included from include/linux/byteorder/little_endian.h:4:0,
                 from /home/satory-ra/Android/kernel/android_kernel_oukitel_orange/arch/arm/include/uapi/asm/byteorder.h:21,
                 from include/asm-generic/bitops/le.h:5,
                 from /home/satory-ra/Android/kernel/android_kernel_oukitel_orange/arch/arm/include/asm/bitops.h:308,
                 from include/linux/bitops.h:22,
                 from include/linux/kernel.h:10,
                 from include/asm-generic/bug.h:13,
                 from /home/satory-ra/Android/kernel/android_kernel_oukitel_orange/arch/arm/include/asm/bug.h:61,
                 from include/linux/bug.h:4,
                 from include/linux/thread_info.h:11,
                 from include/linux/preempt.h:9,
                 from include/linux/spinlock.h:50,
                 from include/linux/kobject.h:23,
                 from include/linux/device.h:17,
                 from drivers/misc/mediatek/mach/mt6735/camera_isp_D2.c:17:
/home/satory-ra/Android/kernel/android_kernel_oukitel_orange/arch/arm/include/asm/io.h:340:71: warning: passing argument 1 of '__raw_readl' makes pointer from integer without a cast
 #define ioread32(p) ({ unsigned int __v = le32_to_cpu((__force __le32)__raw_readl(p)); __iormb(); __v; })
                                                                       ^
include/uapi/linux/byteorder/little_endian.h:33:51: note: in definition of macro '__le32_to_cpu'
 #define __le32_to_cpu(x) ((__force __u32)(__le32)(x))
                                                   ^
include/linux/printk.h:218:33: note: in expansion of macro 'ioread32'
  printk(KERN_ERR pr_fmt(fmt), ##__VA_ARGS__)
                                 ^
drivers/misc/mediatek/mach/mt6735/camera_isp_D2.c:98:37: note: in expansion of macro 'pr_err'
 #define LOG_ERR(format, args...)    pr_err(MyTag format,  ##args)
                                     ^
drivers/misc/mediatek/mach/mt6735/camera_isp_D2.c:6139:9: note: in expansion of macro 'LOG_ERR'
         LOG_ERR("Write => Addr: 0x%08X, Write Data: 0x%08X. Read Data: 0x%08X.", (unsigned int)(ISP_ADDR_CAMINF + Addr), Data, ioread32((ISP_ADDR_CAMINF + Addr)));
         ^
In file included from include/linux/io.h:22:0,
                 from /home/satory-ra/Android/kernel/android_kernel_oukitel_orange/drivers/misc/mediatek/mach/mt6735/include/mach/sync_write.h:6,
                 from drivers/misc/mediatek/mach/mt6735/camera_isp_D2.c:39:
/home/satory-ra/Android/kernel/android_kernel_oukitel_orange/arch/arm/include/asm/io.h:104:19: note: expected 'const volatile void *' but argument is of type 'long unsigned int'
 static inline u32 __raw_readl(const volatile void __iomem *addr)
                   ^
In file included from include/linux/byteorder/little_endian.h:4:0,
                 from /home/satory-ra/Android/kernel/android_kernel_oukitel_orange/arch/arm/include/uapi/asm/byteorder.h:21,
                 from include/asm-generic/bitops/le.h:5,
                 from /home/satory-ra/Android/kernel/android_kernel_oukitel_orange/arch/arm/include/asm/bitops.h:308,
                 from include/linux/bitops.h:22,
                 from include/linux/kernel.h:10,
                 from include/asm-generic/bug.h:13,
                 from /home/satory-ra/Android/kernel/android_kernel_oukitel_orange/arch/arm/include/asm/bug.h:61,
                 from include/linux/bug.h:4,
                 from include/linux/thread_info.h:11,
                 from include/linux/preempt.h:9,
                 from include/linux/spinlock.h:50,
                 from include/linux/kobject.h:23,
                 from include/linux/device.h:17,
                 from drivers/misc/mediatek/mach/mt6735/camera_isp_D2.c:17:
/home/satory-ra/Android/kernel/android_kernel_oukitel_orange/arch/arm/include/asm/io.h:340:71: warning: passing argument 1 of '__raw_readl' makes pointer from integer without a cast
 #define ioread32(p) ({ unsigned int __v = le32_to_cpu((__force __le32)__raw_readl(p)); __iormb(); __v; })
                                                                       ^
include/uapi/linux/byteorder/little_endian.h:33:51: note: in definition of macro '__le32_to_cpu'
 #define __le32_to_cpu(x) ((__force __u32)(__le32)(x))
                                                   ^
include/linux/printk.h:218:33: note: in expansion of macro 'ioread32'
  printk(KERN_ERR pr_fmt(fmt), ##__VA_ARGS__)
                                 ^
drivers/misc/mediatek/mach/mt6735/camera_isp_D2.c:98:37: note: in expansion of macro 'pr_err'
 #define LOG_ERR(format, args...)    pr_err(MyTag format,  ##args)
                                     ^
drivers/misc/mediatek/mach/mt6735/camera_isp_D2.c:6143:9: note: in expansion of macro 'LOG_ERR'
         LOG_ERR("Read => Addr: 0x%08X, Read Data: 0x%08X.",(unsigned int)( ISP_ADDR_CAMINF + Addr), ioread32((ISP_ADDR_CAMINF + Addr)));
         ^
In file included from include/linux/io.h:22:0,
                 from /home/satory-ra/Android/kernel/android_kernel_oukitel_orange/drivers/misc/mediatek/mach/mt6735/include/mach/sync_write.h:6,
                 from drivers/misc/mediatek/mach/mt6735/camera_isp_D2.c:39:
/home/satory-ra/Android/kernel/android_kernel_oukitel_orange/arch/arm/include/asm/io.h:104:19: note: expected 'const volatile void *' but argument is of type 'long unsigned int'
 static inline u32 __raw_readl(const volatile void __iomem *addr)
                   ^
In file included from include/linux/byteorder/little_endian.h:4:0,
                 from /home/satory-ra/Android/kernel/android_kernel_oukitel_orange/arch/arm/include/uapi/asm/byteorder.h:21,
                 from include/asm-generic/bitops/le.h:5,
                 from /home/satory-ra/Android/kernel/android_kernel_oukitel_orange/arch/arm/include/asm/bitops.h:308,
                 from include/linux/bitops.h:22,
                 from include/linux/kernel.h:10,
                 from include/asm-generic/bug.h:13,
                 from /home/satory-ra/Android/kernel/android_kernel_oukitel_orange/arch/arm/include/asm/bug.h:61,
                 from include/linux/bug.h:4,
                 from include/linux/thread_info.h:11,
                 from include/linux/preempt.h:9,
                 from include/linux/spinlock.h:50,
                 from include/linux/kobject.h:23,
                 from include/linux/device.h:17,
                 from drivers/misc/mediatek/mach/mt6735/camera_isp_D2.c:17:
drivers/misc/mediatek/mach/mt6735/camera_isp_D2.c: In function 'CAMIO_DumpRegToProc':
/home/satory-ra/Android/kernel/android_kernel_oukitel_orange/arch/arm/include/asm/io.h:340:71: warning: passing argument 1 of '__raw_readl' makes pointer from integer without a cast
 #define ioread32(p) ({ unsigned int __v = le32_to_cpu((__force __le32)__raw_readl(p)); __iormb(); __v; })
                                                                       ^
include/uapi/linux/byteorder/little_endian.h:33:51: note: in definition of macro '__le32_to_cpu'
 #define __le32_to_cpu(x) ((__force __u32)(__le32)(x))
                                                   ^
drivers/misc/mediatek/mach/mt6735/camera_isp_D2.c:6165:93: note: in expansion of macro 'ioread32'
     p += sprintf(p,"reg_0x%08X = 0x%X \n", (unsigned int)(ISP_ADDR_CAMINF + proc_regOfst) , ioread32((ISP_ADDR_CAMINF + proc_regOfst)));
                                                                                             ^
In file included from include/linux/io.h:22:0,
                 from /home/satory-ra/Android/kernel/android_kernel_oukitel_orange/drivers/misc/mediatek/mach/mt6735/include/mach/sync_write.h:6,
                 from drivers/misc/mediatek/mach/mt6735/camera_isp_D2.c:39:
/home/satory-ra/Android/kernel/android_kernel_oukitel_orange/arch/arm/include/asm/io.h:104:19: note: expected 'const volatile void *' but argument is of type 'long unsigned int'
 static inline u32 __raw_readl(const volatile void __iomem *addr)
                   ^
drivers/misc/mediatek/mach/mt6735/camera_isp_D2.c: In function 'CAMIO_RegDebug':
drivers/misc/mediatek/mach/mt6735/camera_isp_D2.c:6198:13: warning: unused variable 'Data' [-Wunused-variable]
     MUINT32 Data = 0;
             ^
drivers/misc/mediatek/mach/mt6735/camera_isp_D2.c:6197:13: warning: unused variable 'Addr' [-Wunused-variable]
     MUINT32 Addr = 0;
             ^
drivers/misc/mediatek/mach/mt6735/camera_isp_D2.c: At top level:
drivers/misc/mediatek/mach/mt6735/camera_isp_D2.c:6230:5: warning: initialization from incompatible pointer type
     .read = ISP_DumpRegToProc,
     ^
drivers/misc/mediatek/mach/mt6735/camera_isp_D2.c:6230:5: warning: (near initialization for 'fcameraisp_proc_fops.read')
drivers/misc/mediatek/mach/mt6735/camera_isp_D2.c:6231:5: warning: initialization from incompatible pointer type
     .write = ISP_RegDebug,
     ^
drivers/misc/mediatek/mach/mt6735/camera_isp_D2.c:6231:5: warning: (near initialization for 'fcameraisp_proc_fops.write')
drivers/misc/mediatek/mach/mt6735/camera_isp_D2.c:6234:5: warning: initialization from incompatible pointer type
     .read = CAMIO_DumpRegToProc,
     ^
drivers/misc/mediatek/mach/mt6735/camera_isp_D2.c:6234:5: warning: (near initialization for 'fcameraio_proc_fops.read')
drivers/misc/mediatek/mach/mt6735/camera_isp_D2.c:6235:5: warning: initialization from incompatible pointer type
     .write = CAMIO_RegDebug,
     ^
drivers/misc/mediatek/mach/mt6735/camera_isp_D2.c:6235:5: warning: (near initialization for 'fcameraio_proc_fops.write')
drivers/misc/mediatek/mach/mt6735/camera_isp_D2.c: In function 'ISP_Init':
drivers/misc/mediatek/mach/mt6735/camera_isp_D2.c:6245:29: warning: unused variable 'pEntry' [-Wunused-variable]
     struct proc_dir_entry*  pEntry;
                             ^
In file included from include/linux/byteorder/little_endian.h:4:0,
                 from /home/satory-ra/Android/kernel/android_kernel_oukitel_orange/arch/arm/include/uapi/asm/byteorder.h:21,
                 from include/asm-generic/bitops/le.h:5,
                 from /home/satory-ra/Android/kernel/android_kernel_oukitel_orange/arch/arm/include/asm/bitops.h:308,
                 from include/linux/bitops.h:22,
                 from include/linux/kernel.h:10,
                 from include/asm-generic/bug.h:13,
                 from /home/satory-ra/Android/kernel/android_kernel_oukitel_orange/arch/arm/include/asm/bug.h:61,
                 from include/linux/bug.h:4,
                 from include/linux/thread_info.h:11,
                 from include/linux/preempt.h:9,
                 from include/linux/spinlock.h:50,
                 from include/linux/kobject.h:23,
                 from include/linux/device.h:17,
                 from drivers/misc/mediatek/mach/mt6735/camera_isp_D2.c:17:
drivers/misc/mediatek/mach/mt6735/camera_isp_D2.c: In function 'ISP_M4U_TranslationFault_callback':
/home/satory-ra/Android/kernel/android_kernel_oukitel_orange/arch/arm/include/asm/io.h:340:71: warning: passing argument 1 of '__raw_readl' makes pointer from integer without a cast
 #define ioread32(p) ({ unsigned int __v = le32_to_cpu((__force __le32)__raw_readl(p)); __iormb(); __v; })
                                                                       ^
include/uapi/linux/byteorder/little_endian.h:33:51: note: in definition of macro '__le32_to_cpu'
 #define __le32_to_cpu(x) ((__force __u32)(__le32)(x))
                                                   ^
drivers/misc/mediatek/mach/mt6735/camera_isp_D2.c:108:33: note: in expansion of macro 'ioread32'
 #define ISP_RD32(addr)          ioread32(addr)
                                 ^
include/linux/printk.h:248:38: note: in expansion of macro 'ISP_RD32'
  no_printk(KERN_DEBUG pr_fmt(fmt), ##__VA_ARGS__)
                                      ^
drivers/misc/mediatek/mach/mt6735/camera_isp_D2.c:94:37: note: in expansion of macro 'pr_debug'
 #define LOG_DBG(format, args...)    pr_debug(MyTag format, ##args)
                                     ^
drivers/misc/mediatek/mach/mt6735/camera_isp_D2.c:6472:5: note: in expansion of macro 'LOG_DBG'
     LOG_DBG("[TF_%d]0x%08X %08X", port, (unsigned int)(ISP_TPIPE_ADDR + 0x0004), (unsigned int)ISP_RD32(ISP_ADDR + 0x0004));
     ^
In file included from include/linux/io.h:22:0,
                 from /home/satory-ra/Android/kernel/android_kernel_oukitel_orange/drivers/misc/mediatek/mach/mt6735/include/mach/sync_write.h:6,
                 from drivers/misc/mediatek/mach/mt6735/camera_isp_D2.c:39:
/home/satory-ra/Android/kernel/android_kernel_oukitel_orange/arch/arm/include/asm/io.h:104:19: note: expected 'const volatile void *' but argument is of type 'long unsigned int'
 static inline u32 __raw_readl(const volatile void __iomem *addr)
                   ^
In file included from include/linux/byteorder/little_endian.h:4:0,
                 from /home/satory-ra/Android/kernel/android_kernel_oukitel_orange/arch/arm/include/uapi/asm/byteorder.h:21,
                 from include/asm-generic/bitops/le.h:5,
                 from /home/satory-ra/Android/kernel/android_kernel_oukitel_orange/arch/arm/include/asm/bitops.h:308,
                 from include/linux/bitops.h:22,
                 from include/linux/kernel.h:10,
                 from include/asm-generic/bug.h:13,
                 from /home/satory-ra/Android/kernel/android_kernel_oukitel_orange/arch/arm/include/asm/bug.h:61,
                 from include/linux/bug.h:4,
                 from include/linux/thread_info.h:11,
                 from include/linux/preempt.h:9,
                 from include/linux/spinlock.h:50,
                 from include/linux/kobject.h:23,
                 from include/linux/device.h:17,
                 from drivers/misc/mediatek/mach/mt6735/camera_isp_D2.c:17:
/home/satory-ra/Android/kernel/android_kernel_oukitel_orange/arch/arm/include/asm/io.h:340:71: warning: passing argument 1 of '__raw_readl' makes pointer from integer without a cast
 #define ioread32(p) ({ unsigned int __v = le32_to_cpu((__force __le32)__raw_readl(p)); __iormb(); __v; })
                                                                       ^
include/uapi/linux/byteorder/little_endian.h:33:51: note: in definition of macro '__le32_to_cpu'
 #define __le32_to_cpu(x) ((__force __u32)(__le32)(x))
                                                   ^
drivers/misc/mediatek/mach/mt6735/camera_isp_D2.c:108:33: note: in expansion of macro 'ioread32'
 #define ISP_RD32(addr)          ioread32(addr)
                                 ^
include/linux/printk.h:248:38: note: in expansion of macro 'ISP_RD32'
  no_printk(KERN_DEBUG pr_fmt(fmt), ##__VA_ARGS__)
                                      ^
drivers/misc/mediatek/mach/mt6735/camera_isp_D2.c:94:37: note: in expansion of macro 'pr_debug'
 #define LOG_DBG(format, args...)    pr_debug(MyTag format, ##args)
                                     ^
drivers/misc/mediatek/mach/mt6735/camera_isp_D2.c:6473:5: note: in expansion of macro 'LOG_DBG'
     LOG_DBG("[TF_%d]0x%08X %08X", port, (unsigned int)(ISP_TPIPE_ADDR + 0x0008), (unsigned int)ISP_RD32(ISP_ADDR + 0x0008));
     ^
In file included from include/linux/io.h:22:0,
                 from /home/satory-ra/Android/kernel/android_kernel_oukitel_orange/drivers/misc/mediatek/mach/mt6735/include/mach/sync_write.h:6,
                 from drivers/misc/mediatek/mach/mt6735/camera_isp_D2.c:39:
/home/satory-ra/Android/kernel/android_kernel_oukitel_orange/arch/arm/include/asm/io.h:104:19: note: expected 'const volatile void *' but argument is of type 'long unsigned int'
 static inline u32 __raw_readl(const volatile void __iomem *addr)
                   ^
In file included from include/linux/byteorder/little_endian.h:4:0,
                 from /home/satory-ra/Android/kernel/android_kernel_oukitel_orange/arch/arm/include/uapi/asm/byteorder.h:21,
                 from include/asm-generic/bitops/le.h:5,
                 from /home/satory-ra/Android/kernel/android_kernel_oukitel_orange/arch/arm/include/asm/bitops.h:308,
                 from include/linux/bitops.h:22,
                 from include/linux/kernel.h:10,
                 from include/asm-generic/bug.h:13,
                 from /home/satory-ra/Android/kernel/android_kernel_oukitel_orange/arch/arm/include/asm/bug.h:61,
                 from include/linux/bug.h:4,
                 from include/linux/thread_info.h:11,
                 from include/linux/preempt.h:9,
                 from include/linux/spinlock.h:50,
                 from include/linux/kobject.h:23,
                 from include/linux/device.h:17,
                 from drivers/misc/mediatek/mach/mt6735/camera_isp_D2.c:17:
/home/satory-ra/Android/kernel/android_kernel_oukitel_orange/arch/arm/include/asm/io.h:340:71: warning: passing argument 1 of '__raw_readl' makes pointer from integer without a cast
 #define ioread32(p) ({ unsigned int __v = le32_to_cpu((__force __le32)__raw_readl(p)); __iormb(); __v; })
                                                                       ^
include/uapi/linux/byteorder/little_endian.h:33:51: note: in definition of macro '__le32_to_cpu'
 #define __le32_to_cpu(x) ((__force __u32)(__le32)(x))
                                                   ^
drivers/misc/mediatek/mach/mt6735/camera_isp_D2.c:108:33: note: in expansion of macro 'ioread32'
 #define ISP_RD32(addr)          ioread32(addr)
                                 ^
include/linux/printk.h:248:38: note: in expansion of macro 'ISP_RD32'
  no_printk(KERN_DEBUG pr_fmt(fmt), ##__VA_ARGS__)
                                      ^
drivers/misc/mediatek/mach/mt6735/camera_isp_D2.c:94:37: note: in expansion of macro 'pr_debug'
 #define LOG_DBG(format, args...)    pr_debug(MyTag format, ##args)
                                     ^
drivers/misc/mediatek/mach/mt6735/camera_isp_D2.c:6474:5: note: in expansion of macro 'LOG_DBG'
     LOG_DBG("[TF_%d]0x%08X %08X", port, (unsigned int)(ISP_TPIPE_ADDR + 0x000C), (unsigned int)ISP_RD32(ISP_ADDR + 0x000C));
     ^
In file included from include/linux/io.h:22:0,
                 from /home/satory-ra/Android/kernel/android_kernel_oukitel_orange/drivers/misc/mediatek/mach/mt6735/include/mach/sync_write.h:6,
                 from drivers/misc/mediatek/mach/mt6735/camera_isp_D2.c:39:
/home/satory-ra/Android/kernel/android_kernel_oukitel_orange/arch/arm/include/asm/io.h:104:19: note: expected 'const volatile void *' but argument is of type 'long unsigned int'
 static inline u32 __raw_readl(const volatile void __iomem *addr)
                   ^
In file included from include/linux/byteorder/little_endian.h:4:0,
                 from /home/satory-ra/Android/kernel/android_kernel_oukitel_orange/arch/arm/include/uapi/asm/byteorder.h:21,
                 from include/asm-generic/bitops/le.h:5,
                 from /home/satory-ra/Android/kernel/android_kernel_oukitel_orange/arch/arm/include/asm/bitops.h:308,
                 from include/linux/bitops.h:22,
                 from include/linux/kernel.h:10,
                 from include/asm-generic/bug.h:13,
                 from /home/satory-ra/Android/kernel/android_kernel_oukitel_orange/arch/arm/include/asm/bug.h:61,
                 from include/linux/bug.h:4,
                 from include/linux/thread_info.h:11,
                 from include/linux/preempt.h:9,
                 from include/linux/spinlock.h:50,
                 from include/linux/kobject.h:23,
                 from include/linux/device.h:17,
                 from drivers/misc/mediatek/mach/mt6735/camera_isp_D2.c:17:
/home/satory-ra/Android/kernel/android_kernel_oukitel_orange/arch/arm/include/asm/io.h:340:71: warning: passing argument 1 of '__raw_readl' makes pointer from integer without a cast
 #define ioread32(p) ({ unsigned int __v = le32_to_cpu((__force __le32)__raw_readl(p)); __iormb(); __v; })
                                                                       ^
include/uapi/linux/byteorder/little_endian.h:33:51: note: in definition of macro '__le32_to_cpu'
 #define __le32_to_cpu(x) ((__force __u32)(__le32)(x))
                                                   ^
drivers/misc/mediatek/mach/mt6735/camera_isp_D2.c:108:33: note: in expansion of macro 'ioread32'
 #define ISP_RD32(addr)          ioread32(addr)
                                 ^
include/linux/printk.h:248:38: note: in expansion of macro 'ISP_RD32'
  no_printk(KERN_DEBUG pr_fmt(fmt), ##__VA_ARGS__)
                                      ^
drivers/misc/mediatek/mach/mt6735/camera_isp_D2.c:94:37: note: in expansion of macro 'pr_debug'
 #define LOG_DBG(format, args...)    pr_debug(MyTag format, ##args)
                                     ^
drivers/misc/mediatek/mach/mt6735/camera_isp_D2.c:6475:5: note: in expansion of macro 'LOG_DBG'
     LOG_DBG("[TF_%d]0x%08X %08X", port, (unsigned int)(ISP_TPIPE_ADDR + 0x0010), (unsigned int)ISP_RD32(ISP_ADDR + 0x0010));
     ^
In file included from include/linux/io.h:22:0,
                 from /home/satory-ra/Android/kernel/android_kernel_oukitel_orange/drivers/misc/mediatek/mach/mt6735/include/mach/sync_write.h:6,
                 from drivers/misc/mediatek/mach/mt6735/camera_isp_D2.c:39:
/home/satory-ra/Android/kernel/android_kernel_oukitel_orange/arch/arm/include/asm/io.h:104:19: note: expected 'const volatile void *' but argument is of type 'long unsigned int'
 static inline u32 __raw_readl(const volatile void __iomem *addr)
                   ^
In file included from include/linux/byteorder/little_endian.h:4:0,
                 from /home/satory-ra/Android/kernel/android_kernel_oukitel_orange/arch/arm/include/uapi/asm/byteorder.h:21,
                 from include/asm-generic/bitops/le.h:5,
                 from /home/satory-ra/Android/kernel/android_kernel_oukitel_orange/arch/arm/include/asm/bitops.h:308,
                 from include/linux/bitops.h:22,
                 from include/linux/kernel.h:10,
                 from include/asm-generic/bug.h:13,
                 from /home/satory-ra/Android/kernel/android_kernel_oukitel_orange/arch/arm/include/asm/bug.h:61,
                 from include/linux/bug.h:4,
                 from include/linux/thread_info.h:11,
                 from include/linux/preempt.h:9,
                 from include/linux/spinlock.h:50,
                 from include/linux/kobject.h:23,
                 from include/linux/device.h:17,
                 from drivers/misc/mediatek/mach/mt6735/camera_isp_D2.c:17:
/home/satory-ra/Android/kernel/android_kernel_oukitel_orange/arch/arm/include/asm/io.h:340:71: warning: passing argument 1 of '__raw_readl' makes pointer from integer without a cast
 #define ioread32(p) ({ unsigned int __v = le32_to_cpu((__force __le32)__raw_readl(p)); __iormb(); __v; })
                                                                       ^
include/uapi/linux/byteorder/little_endian.h:33:51: note: in definition of macro '__le32_to_cpu'
 #define __le32_to_cpu(x) ((__force __u32)(__le32)(x))
                                                   ^
drivers/misc/mediatek/mach/mt6735/camera_isp_D2.c:108:33: note: in expansion of macro 'ioread32'
 #define ISP_RD32(addr)          ioread32(addr)
                                 ^
include/linux/printk.h:248:38: note: in expansion of macro 'ISP_RD32'
  no_printk(KERN_DEBUG pr_fmt(fmt), ##__VA_ARGS__)
                                      ^
drivers/misc/mediatek/mach/mt6735/camera_isp_D2.c:94:37: note: in expansion of macro 'pr_debug'
 #define LOG_DBG(format, args...)    pr_debug(MyTag format, ##args)
                                     ^
drivers/misc/mediatek/mach/mt6735/camera_isp_D2.c:6476:5: note: in expansion of macro 'LOG_DBG'
     LOG_DBG("[TF_%d]0x%08X %08X", port, (unsigned int)(ISP_TPIPE_ADDR + 0x0074), (unsigned int)ISP_RD32(ISP_ADDR + 0x0074));
     ^
In file included from include/linux/io.h:22:0,
                 from /home/satory-ra/Android/kernel/android_kernel_oukitel_orange/drivers/misc/mediatek/mach/mt6735/include/mach/sync_write.h:6,
                 from drivers/misc/mediatek/mach/mt6735/camera_isp_D2.c:39:
/home/satory-ra/Android/kernel/android_kernel_oukitel_orange/arch/arm/include/asm/io.h:104:19: note: expected 'const volatile void *' but argument is of type 'long unsigned int'
 static inline u32 __raw_readl(const volatile void __iomem *addr)
                   ^
In file included from include/linux/byteorder/little_endian.h:4:0,
                 from /home/satory-ra/Android/kernel/android_kernel_oukitel_orange/arch/arm/include/uapi/asm/byteorder.h:21,
                 from include/asm-generic/bitops/le.h:5,
                 from /home/satory-ra/Android/kernel/android_kernel_oukitel_orange/arch/arm/include/asm/bitops.h:308,
                 from include/linux/bitops.h:22,
                 from include/linux/kernel.h:10,
                 from include/asm-generic/bug.h:13,
                 from /home/satory-ra/Android/kernel/android_kernel_oukitel_orange/arch/arm/include/asm/bug.h:61,
                 from include/linux/bug.h:4,
                 from include/linux/thread_info.h:11,
                 from include/linux/preempt.h:9,
                 from include/linux/spinlock.h:50,
                 from include/linux/kobject.h:23,
                 from include/linux/device.h:17,
                 from drivers/misc/mediatek/mach/mt6735/camera_isp_D2.c:17:
/home/satory-ra/Android/kernel/android_kernel_oukitel_orange/arch/arm/include/asm/io.h:340:71: warning: passing argument 1 of '__raw_readl' makes pointer from integer without a cast
 #define ioread32(p) ({ unsigned int __v = le32_to_cpu((__force __le32)__raw_readl(p)); __iormb(); __v; })
                                                                       ^
include/uapi/linux/byteorder/little_endian.h:33:51: note: in definition of macro '__le32_to_cpu'
 #define __le32_to_cpu(x) ((__force __u32)(__le32)(x))
                                                   ^
drivers/misc/mediatek/mach/mt6735/camera_isp_D2.c:108:33: note: in expansion of macro 'ioread32'
 #define ISP_RD32(addr)          ioread32(addr)
                                 ^
include/linux/printk.h:248:38: note: in expansion of macro 'ISP_RD32'
  no_printk(KERN_DEBUG pr_fmt(fmt), ##__VA_ARGS__)
                                      ^
drivers/misc/mediatek/mach/mt6735/camera_isp_D2.c:94:37: note: in expansion of macro 'pr_debug'
 #define LOG_DBG(format, args...)    pr_debug(MyTag format, ##args)
                                     ^
drivers/misc/mediatek/mach/mt6735/camera_isp_D2.c:6477:5: note: in expansion of macro 'LOG_DBG'
     LOG_DBG("[TF_%d]0x%08X %08X", port, (unsigned int)(ISP_TPIPE_ADDR + 0x0078), (unsigned int)ISP_RD32(ISP_ADDR + 0x0078));
     ^
In file included from include/linux/io.h:22:0,
                 from /home/satory-ra/Android/kernel/android_kernel_oukitel_orange/drivers/misc/mediatek/mach/mt6735/include/mach/sync_write.h:6,
                 from drivers/misc/mediatek/mach/mt6735/camera_isp_D2.c:39:
/home/satory-ra/Android/kernel/android_kernel_oukitel_orange/arch/arm/include/asm/io.h:104:19: note: expected 'const volatile void *' but argument is of type 'long unsigned int'
 static inline u32 __raw_readl(const volatile void __iomem *addr)
                   ^
In file included from include/linux/byteorder/little_endian.h:4:0,
                 from /home/satory-ra/Android/kernel/android_kernel_oukitel_orange/arch/arm/include/uapi/asm/byteorder.h:21,
                 from include/asm-generic/bitops/le.h:5,
                 from /home/satory-ra/Android/kernel/android_kernel_oukitel_orange/arch/arm/include/asm/bitops.h:308,
                 from include/linux/bitops.h:22,
                 from include/linux/kernel.h:10,
                 from include/asm-generic/bug.h:13,
                 from /home/satory-ra/Android/kernel/android_kernel_oukitel_orange/arch/arm/include/asm/bug.h:61,
                 from include/linux/bug.h:4,
                 from include/linux/thread_info.h:11,
                 from include/linux/preempt.h:9,
                 from include/linux/spinlock.h:50,
                 from include/linux/kobject.h:23,
                 from include/linux/device.h:17,
                 from drivers/misc/mediatek/mach/mt6735/camera_isp_D2.c:17:
/home/satory-ra/Android/kernel/android_kernel_oukitel_orange/arch/arm/include/asm/io.h:340:71: warning: passing argument 1 of '__raw_readl' makes pointer from integer without a cast
 #define ioread32(p) ({ unsigned int __v = le32_to_cpu((__force __le32)__raw_readl(p)); __iormb(); __v; })
                                                                       ^
include/uapi/linux/byteorder/little_endian.h:33:51: note: in definition of macro '__le32_to_cpu'
 #define __le32_to_cpu(x) ((__force __u32)(__le32)(x))
                                                   ^
drivers/misc/mediatek/mach/mt6735/camera_isp_D2.c:108:33: note: in expansion of macro 'ioread32'
 #define ISP_RD32(addr)          ioread32(addr)
                                 ^
include/linux/printk.h:248:38: note: in expansion of macro 'ISP_RD32'
  no_printk(KERN_DEBUG pr_fmt(fmt), ##__VA_ARGS__)
                                      ^
drivers/misc/mediatek/mach/mt6735/camera_isp_D2.c:94:37: note: in expansion of macro 'pr_debug'
 #define LOG_DBG(format, args...)    pr_debug(MyTag format, ##args)
                                     ^
drivers/misc/mediatek/mach/mt6735/camera_isp_D2.c:6478:5: note: in expansion of macro 'LOG_DBG'
     LOG_DBG("[TF_%d]0x%08X %08X", port, (unsigned int)(ISP_TPIPE_ADDR + 0x007c), (unsigned int)ISP_RD32(ISP_ADDR + 0x007c));
     ^
In file included from include/linux/io.h:22:0,
                 from /home/satory-ra/Android/kernel/android_kernel_oukitel_orange/drivers/misc/mediatek/mach/mt6735/include/mach/sync_write.h:6,
                 from drivers/misc/mediatek/mach/mt6735/camera_isp_D2.c:39:
/home/satory-ra/Android/kernel/android_kernel_oukitel_orange/arch/arm/include/asm/io.h:104:19: note: expected 'const volatile void *' but argument is of type 'long unsigned int'
 static inline u32 __raw_readl(const volatile void __iomem *addr)
                   ^
In file included from include/linux/byteorder/little_endian.h:4:0,
                 from /home/satory-ra/Android/kernel/android_kernel_oukitel_orange/arch/arm/include/uapi/asm/byteorder.h:21,
                 from include/asm-generic/bitops/le.h:5,
                 from /home/satory-ra/Android/kernel/android_kernel_oukitel_orange/arch/arm/include/asm/bitops.h:308,
                 from include/linux/bitops.h:22,
                 from include/linux/kernel.h:10,
                 from include/asm-generic/bug.h:13,
                 from /home/satory-ra/Android/kernel/android_kernel_oukitel_orange/arch/arm/include/asm/bug.h:61,
                 from include/linux/bug.h:4,
                 from include/linux/thread_info.h:11,
                 from include/linux/preempt.h:9,
                 from include/linux/spinlock.h:50,
                 from include/linux/kobject.h:23,
                 from include/linux/device.h:17,
                 from drivers/misc/mediatek/mach/mt6735/camera_isp_D2.c:17:
/home/satory-ra/Android/kernel/android_kernel_oukitel_orange/arch/arm/include/asm/io.h:340:71: warning: passing argument 1 of '__raw_readl' makes pointer from integer without a cast
 #define ioread32(p) ({ unsigned int __v = le32_to_cpu((__force __le32)__raw_readl(p)); __iormb(); __v; })
                                                                       ^
include/uapi/linux/byteorder/little_endian.h:33:51: note: in definition of macro '__le32_to_cpu'
 #define __le32_to_cpu(x) ((__force __u32)(__le32)(x))
                                                   ^
drivers/misc/mediatek/mach/mt6735/camera_isp_D2.c:108:33: note: in expansion of macro 'ioread32'
 #define ISP_RD32(addr)          ioread32(addr)
                                 ^
include/linux/printk.h:248:38: note: in expansion of macro 'ISP_RD32'
  no_printk(KERN_DEBUG pr_fmt(fmt), ##__VA_ARGS__)
                                      ^
drivers/misc/mediatek/mach/mt6735/camera_isp_D2.c:94:37: note: in expansion of macro 'pr_debug'
 #define LOG_DBG(format, args...)    pr_debug(MyTag format, ##args)
                                     ^
drivers/misc/mediatek/mach/mt6735/camera_isp_D2.c:6482:17: note: in expansion of macro 'LOG_DBG'
                 LOG_DBG("[TF_IMGO]0x%08X %08X",  (unsigned int)(ISP_TPIPE_ADDR + 0x0300), (unsigned int)ISP_RD32(ISP_ADDR + 0x0300));
                 ^
In file included from include/linux/io.h:22:0,
                 from /home/satory-ra/Android/kernel/android_kernel_oukitel_orange/drivers/misc/mediatek/mach/mt6735/include/mach/sync_write.h:6,
                 from drivers/misc/mediatek/mach/mt6735/camera_isp_D2.c:39:
/home/satory-ra/Android/kernel/android_kernel_oukitel_orange/arch/arm/include/asm/io.h:104:19: note: expected 'const volatile void *' but argument is of type 'long unsigned int'
 static inline u32 __raw_readl(const volatile void __iomem *addr)
                   ^
In file included from include/linux/byteorder/little_endian.h:4:0,
                 from /home/satory-ra/Android/kernel/android_kernel_oukitel_orange/arch/arm/include/uapi/asm/byteorder.h:21,
                 from include/asm-generic/bitops/le.h:5,
                 from /home/satory-ra/Android/kernel/android_kernel_oukitel_orange/arch/arm/include/asm/bitops.h:308,
                 from include/linux/bitops.h:22,
                 from include/linux/kernel.h:10,
                 from include/asm-generic/bug.h:13,
                 from /home/satory-ra/Android/kernel/android_kernel_oukitel_orange/arch/arm/include/asm/bug.h:61,
                 from include/linux/bug.h:4,
                 from include/linux/thread_info.h:11,
                 from include/linux/preempt.h:9,
                 from include/linux/spinlock.h:50,
                 from include/linux/kobject.h:23,
                 from include/linux/device.h:17,
                 from drivers/misc/mediatek/mach/mt6735/camera_isp_D2.c:17:
/home/satory-ra/Android/kernel/android_kernel_oukitel_orange/arch/arm/include/asm/io.h:340:71: warning: passing argument 1 of '__raw_readl' makes pointer from integer without a cast
 #define ioread32(p) ({ unsigned int __v = le32_to_cpu((__force __le32)__raw_readl(p)); __iormb(); __v; })
                                                                       ^
include/uapi/linux/byteorder/little_endian.h:33:51: note: in definition of macro '__le32_to_cpu'
 #define __le32_to_cpu(x) ((__force __u32)(__le32)(x))
                                                   ^
drivers/misc/mediatek/mach/mt6735/camera_isp_D2.c:108:33: note: in expansion of macro 'ioread32'
 #define ISP_RD32(addr)          ioread32(addr)
                                 ^
include/linux/printk.h:248:38: note: in expansion of macro 'ISP_RD32'
  no_printk(KERN_DEBUG pr_fmt(fmt), ##__VA_ARGS__)
                                      ^
drivers/misc/mediatek/mach/mt6735/camera_isp_D2.c:94:37: note: in expansion of macro 'pr_debug'
 #define LOG_DBG(format, args...)    pr_debug(MyTag format, ##args)
                                     ^
drivers/misc/mediatek/mach/mt6735/camera_isp_D2.c:6483:17: note: in expansion of macro 'LOG_DBG'
                 LOG_DBG("[TF_IMGO]0x%08X %08X",  (unsigned int)(ISP_TPIPE_ADDR + 0x0304), (unsigned int)ISP_RD32(ISP_ADDR + 0x0304));
                 ^
In file included from include/linux/io.h:22:0,
                 from /home/satory-ra/Android/kernel/android_kernel_oukitel_orange/drivers/misc/mediatek/mach/mt6735/include/mach/sync_write.h:6,
                 from drivers/misc/mediatek/mach/mt6735/camera_isp_D2.c:39:
/home/satory-ra/Android/kernel/android_kernel_oukitel_orange/arch/arm/include/asm/io.h:104:19: note: expected 'const volatile void *' but argument is of type 'long unsigned int'
 static inline u32 __raw_readl(const volatile void __iomem *addr)
                   ^
In file included from include/linux/byteorder/little_endian.h:4:0,
                 from /home/satory-ra/Android/kernel/android_kernel_oukitel_orange/arch/arm/include/uapi/asm/byteorder.h:21,
                 from include/asm-generic/bitops/le.h:5,
                 from /home/satory-ra/Android/kernel/android_kernel_oukitel_orange/arch/arm/include/asm/bitops.h:308,
                 from include/linux/bitops.h:22,
                 from include/linux/kernel.h:10,
                 from include/asm-generic/bug.h:13,
                 from /home/satory-ra/Android/kernel/android_kernel_oukitel_orange/arch/arm/include/asm/bug.h:61,
                 from include/linux/bug.h:4,
                 from include/linux/thread_info.h:11,
                 from include/linux/preempt.h:9,
                 from include/linux/spinlock.h:50,
                 from include/linux/kobject.h:23,
                 from include/linux/device.h:17,
                 from drivers/misc/mediatek/mach/mt6735/camera_isp_D2.c:17:
/home/satory-ra/Android/kernel/android_kernel_oukitel_orange/arch/arm/include/asm/io.h:340:71: warning: passing argument 1 of '__raw_readl' makes pointer from integer without a cast
 #define ioread32(p) ({ unsigned int __v = le32_to_cpu((__force __le32)__raw_readl(p)); __iormb(); __v; })
                                                                       ^
include/uapi/linux/byteorder/little_endian.h:33:51: note: in definition of macro '__le32_to_cpu'
 #define __le32_to_cpu(x) ((__force __u32)(__le32)(x))
                                                   ^
drivers/misc/mediatek/mach/mt6735/camera_isp_D2.c:108:33: note: in expansion of macro 'ioread32'
 #define ISP_RD32(addr)          ioread32(addr)
                                 ^
include/linux/printk.h:248:38: note: in expansion of macro 'ISP_RD32'
  no_printk(KERN_DEBUG pr_fmt(fmt), ##__VA_ARGS__)
                                      ^
drivers/misc/mediatek/mach/mt6735/camera_isp_D2.c:94:37: note: in expansion of macro 'pr_debug'
 #define LOG_DBG(format, args...)    pr_debug(MyTag format, ##args)
                                     ^
drivers/misc/mediatek/mach/mt6735/camera_isp_D2.c:6484:17: note: in expansion of macro 'LOG_DBG'
                 LOG_DBG("[TF_IMGO]0x%08X %08X",  (unsigned int)(ISP_TPIPE_ADDR + 0x0308), (unsigned int)ISP_RD32(ISP_ADDR + 0x0308));
                 ^
In file included from include/linux/io.h:22:0,
                 from /home/satory-ra/Android/kernel/android_kernel_oukitel_orange/drivers/misc/mediatek/mach/mt6735/include/mach/sync_write.h:6,
                 from drivers/misc/mediatek/mach/mt6735/camera_isp_D2.c:39:
/home/satory-ra/Android/kernel/android_kernel_oukitel_orange/arch/arm/include/asm/io.h:104:19: note: expected 'const volatile void *' but argument is of type 'long unsigned int'
 static inline u32 __raw_readl(const volatile void __iomem *addr)
                   ^
In file included from include/linux/byteorder/little_endian.h:4:0,
                 from /home/satory-ra/Android/kernel/android_kernel_oukitel_orange/arch/arm/include/uapi/asm/byteorder.h:21,
                 from include/asm-generic/bitops/le.h:5,
                 from /home/satory-ra/Android/kernel/android_kernel_oukitel_orange/arch/arm/include/asm/bitops.h:308,
                 from include/linux/bitops.h:22,
                 from include/linux/kernel.h:10,
                 from include/asm-generic/bug.h:13,
                 from /home/satory-ra/Android/kernel/android_kernel_oukitel_orange/arch/arm/include/asm/bug.h:61,
                 from include/linux/bug.h:4,
                 from include/linux/thread_info.h:11,
                 from include/linux/preempt.h:9,
                 from include/linux/spinlock.h:50,
                 from include/linux/kobject.h:23,
                 from include/linux/device.h:17,
                 from drivers/misc/mediatek/mach/mt6735/camera_isp_D2.c:17:
/home/satory-ra/Android/kernel/android_kernel_oukitel_orange/arch/arm/include/asm/io.h:340:71: warning: passing argument 1 of '__raw_readl' makes pointer from integer without a cast
 #define ioread32(p) ({ unsigned int __v = le32_to_cpu((__force __le32)__raw_readl(p)); __iormb(); __v; })
                                                                       ^
include/uapi/linux/byteorder/little_endian.h:33:51: note: in definition of macro '__le32_to_cpu'
 #define __le32_to_cpu(x) ((__force __u32)(__le32)(x))
                                                   ^
drivers/misc/mediatek/mach/mt6735/camera_isp_D2.c:108:33: note: in expansion of macro 'ioread32'
 #define ISP_RD32(addr)          ioread32(addr)
                                 ^
include/linux/printk.h:248:38: note: in expansion of macro 'ISP_RD32'
  no_printk(KERN_DEBUG pr_fmt(fmt), ##__VA_ARGS__)
                                      ^
drivers/misc/mediatek/mach/mt6735/camera_isp_D2.c:94:37: note: in expansion of macro 'pr_debug'
 #define LOG_DBG(format, args...)    pr_debug(MyTag format, ##args)
                                     ^
drivers/misc/mediatek/mach/mt6735/camera_isp_D2.c:6485:17: note: in expansion of macro 'LOG_DBG'
                 LOG_DBG("[TF_IMGO]0x%08X %08X",  (unsigned int)(ISP_TPIPE_ADDR + 0x030C), (unsigned int)ISP_RD32(ISP_ADDR + 0x030C));
                 ^
In file included from include/linux/io.h:22:0,
                 from /home/satory-ra/Android/kernel/android_kernel_oukitel_orange/drivers/misc/mediatek/mach/mt6735/include/mach/sync_write.h:6,
                 from drivers/misc/mediatek/mach/mt6735/camera_isp_D2.c:39:
/home/satory-ra/Android/kernel/android_kernel_oukitel_orange/arch/arm/include/asm/io.h:104:19: note: expected 'const volatile void *' but argument is of type 'long unsigned int'
 static inline u32 __raw_readl(const volatile void __iomem *addr)
                   ^
In file included from include/linux/byteorder/little_endian.h:4:0,
                 from /home/satory-ra/Android/kernel/android_kernel_oukitel_orange/arch/arm/include/uapi/asm/byteorder.h:21,
                 from include/asm-generic/bitops/le.h:5,
                 from /home/satory-ra/Android/kernel/android_kernel_oukitel_orange/arch/arm/include/asm/bitops.h:308,
                 from include/linux/bitops.h:22,
                 from include/linux/kernel.h:10,
                 from include/asm-generic/bug.h:13,
                 from /home/satory-ra/Android/kernel/android_kernel_oukitel_orange/arch/arm/include/asm/bug.h:61,
                 from include/linux/bug.h:4,
                 from include/linux/thread_info.h:11,
                 from include/linux/preempt.h:9,
                 from include/linux/spinlock.h:50,
                 from include/linux/kobject.h:23,
                 from include/linux/device.h:17,
                 from drivers/misc/mediatek/mach/mt6735/camera_isp_D2.c:17:
/home/satory-ra/Android/kernel/android_kernel_oukitel_orange/arch/arm/include/asm/io.h:340:71: warning: passing argument 1 of '__raw_readl' makes pointer from integer without a cast
 #define ioread32(p) ({ unsigned int __v = le32_to_cpu((__force __le32)__raw_readl(p)); __iormb(); __v; })
                                                                       ^
include/uapi/linux/byteorder/little_endian.h:33:51: note: in definition of macro '__le32_to_cpu'
 #define __le32_to_cpu(x) ((__force __u32)(__le32)(x))
                                                   ^
drivers/misc/mediatek/mach/mt6735/camera_isp_D2.c:108:33: note: in expansion of macro 'ioread32'
 #define ISP_RD32(addr)          ioread32(addr)
                                 ^
include/linux/printk.h:248:38: note: in expansion of macro 'ISP_RD32'
  no_printk(KERN_DEBUG pr_fmt(fmt), ##__VA_ARGS__)
                                      ^
drivers/misc/mediatek/mach/mt6735/camera_isp_D2.c:94:37: note: in expansion of macro 'pr_debug'
 #define LOG_DBG(format, args...)    pr_debug(MyTag format, ##args)
                                     ^
drivers/misc/mediatek/mach/mt6735/camera_isp_D2.c:6486:17: note: in expansion of macro 'LOG_DBG'
                 LOG_DBG("[TF_IMGO]0x%08X %08X",  (unsigned int)(ISP_TPIPE_ADDR + 0x0310), (unsigned int)ISP_RD32(ISP_ADDR + 0x0310));
                 ^
In file included from include/linux/io.h:22:0,
                 from /home/satory-ra/Android/kernel/android_kernel_oukitel_orange/drivers/misc/mediatek/mach/mt6735/include/mach/sync_write.h:6,
                 from drivers/misc/mediatek/mach/mt6735/camera_isp_D2.c:39:
/home/satory-ra/Android/kernel/android_kernel_oukitel_orange/arch/arm/include/asm/io.h:104:19: note: expected 'const volatile void *' but argument is of type 'long unsigned int'
 static inline u32 __raw_readl(const volatile void __iomem *addr)
                   ^
In file included from include/linux/byteorder/little_endian.h:4:0,
                 from /home/satory-ra/Android/kernel/android_kernel_oukitel_orange/arch/arm/include/uapi/asm/byteorder.h:21,
                 from include/asm-generic/bitops/le.h:5,
                 from /home/satory-ra/Android/kernel/android_kernel_oukitel_orange/arch/arm/include/asm/bitops.h:308,
                 from include/linux/bitops.h:22,
                 from include/linux/kernel.h:10,
                 from include/asm-generic/bug.h:13,
                 from /home/satory-ra/Android/kernel/android_kernel_oukitel_orange/arch/arm/include/asm/bug.h:61,
                 from include/linux/bug.h:4,
                 from include/linux/thread_info.h:11,
                 from include/linux/preempt.h:9,
                 from include/linux/spinlock.h:50,
                 from include/linux/kobject.h:23,
                 from include/linux/device.h:17,
                 from drivers/misc/mediatek/mach/mt6735/camera_isp_D2.c:17:
/home/satory-ra/Android/kernel/android_kernel_oukitel_orange/arch/arm/include/asm/io.h:340:71: warning: passing argument 1 of '__raw_readl' makes pointer from integer without a cast
 #define ioread32(p) ({ unsigned int __v = le32_to_cpu((__force __le32)__raw_readl(p)); __iormb(); __v; })
                                                                       ^
include/uapi/linux/byteorder/little_endian.h:33:51: note: in definition of macro '__le32_to_cpu'
 #define __le32_to_cpu(x) ((__force __u32)(__le32)(x))
                                                   ^
drivers/misc/mediatek/mach/mt6735/camera_isp_D2.c:108:33: note: in expansion of macro 'ioread32'
 #define ISP_RD32(addr)          ioread32(addr)
                                 ^
include/linux/printk.h:248:38: note: in expansion of macro 'ISP_RD32'
  no_printk(KERN_DEBUG pr_fmt(fmt), ##__VA_ARGS__)
                                      ^
drivers/misc/mediatek/mach/mt6735/camera_isp_D2.c:94:37: note: in expansion of macro 'pr_debug'
 #define LOG_DBG(format, args...)    pr_debug(MyTag format, ##args)
                                     ^
drivers/misc/mediatek/mach/mt6735/camera_isp_D2.c:6487:17: note: in expansion of macro 'LOG_DBG'
                 LOG_DBG("[TF_IMGO]0x%08X %08X",  (unsigned int)(ISP_TPIPE_ADDR + 0x031C), (unsigned int)ISP_RD32(ISP_ADDR + 0x031C));
                 ^
In file included from include/linux/io.h:22:0,
                 from /home/satory-ra/Android/kernel/android_kernel_oukitel_orange/drivers/misc/mediatek/mach/mt6735/include/mach/sync_write.h:6,
                 from drivers/misc/mediatek/mach/mt6735/camera_isp_D2.c:39:
/home/satory-ra/Android/kernel/android_kernel_oukitel_orange/arch/arm/include/asm/io.h:104:19: note: expected 'const volatile void *' but argument is of type 'long unsigned int'
 static inline u32 __raw_readl(const volatile void __iomem *addr)
                   ^
In file included from include/linux/byteorder/little_endian.h:4:0,
                 from /home/satory-ra/Android/kernel/android_kernel_oukitel_orange/arch/arm/include/uapi/asm/byteorder.h:21,
                 from include/asm-generic/bitops/le.h:5,
                 from /home/satory-ra/Android/kernel/android_kernel_oukitel_orange/arch/arm/include/asm/bitops.h:308,
                 from include/linux/bitops.h:22,
                 from include/linux/kernel.h:10,
                 from include/asm-generic/bug.h:13,
                 from /home/satory-ra/Android/kernel/android_kernel_oukitel_orange/arch/arm/include/asm/bug.h:61,
                 from include/linux/bug.h:4,
                 from include/linux/thread_info.h:11,
                 from include/linux/preempt.h:9,
                 from include/linux/spinlock.h:50,
                 from include/linux/kobject.h:23,
                 from include/linux/device.h:17,
                 from drivers/misc/mediatek/mach/mt6735/camera_isp_D2.c:17:
/home/satory-ra/Android/kernel/android_kernel_oukitel_orange/arch/arm/include/asm/io.h:340:71: warning: passing argument 1 of '__raw_readl' makes pointer from integer without a cast
 #define ioread32(p) ({ unsigned int __v = le32_to_cpu((__force __le32)__raw_readl(p)); __iormb(); __v; })
                                                                       ^
include/uapi/linux/byteorder/little_endian.h:33:51: note: in definition of macro '__le32_to_cpu'
 #define __le32_to_cpu(x) ((__force __u32)(__le32)(x))
                                                   ^
drivers/misc/mediatek/mach/mt6735/camera_isp_D2.c:108:33: note: in expansion of macro 'ioread32'
 #define ISP_RD32(addr)          ioread32(addr)
                                 ^
include/linux/printk.h:248:38: note: in expansion of macro 'ISP_RD32'
  no_printk(KERN_DEBUG pr_fmt(fmt), ##__VA_ARGS__)
                                      ^
drivers/misc/mediatek/mach/mt6735/camera_isp_D2.c:94:37: note: in expansion of macro 'pr_debug'
 #define LOG_DBG(format, args...)    pr_debug(MyTag format, ##args)
                                     ^
drivers/misc/mediatek/mach/mt6735/camera_isp_D2.c:6489:17: note: in expansion of macro 'LOG_DBG'
                 LOG_DBG("[TF_IMG2O]0x%08X %08X",  (unsigned int)(ISP_TPIPE_ADDR + 0x0320), (unsigned int)ISP_RD32(ISP_ADDR + 0x0320));
                 ^
In file included from include/linux/io.h:22:0,
                 from /home/satory-ra/Android/kernel/android_kernel_oukitel_orange/drivers/misc/mediatek/mach/mt6735/include/mach/sync_write.h:6,
                 from drivers/misc/mediatek/mach/mt6735/camera_isp_D2.c:39:
/home/satory-ra/Android/kernel/android_kernel_oukitel_orange/arch/arm/include/asm/io.h:104:19: note: expected 'const volatile void *' but argument is of type 'long unsigned int'
 static inline u32 __raw_readl(const volatile void __iomem *addr)
                   ^
In file included from include/linux/byteorder/little_endian.h:4:0,
                 from /home/satory-ra/Android/kernel/android_kernel_oukitel_orange/arch/arm/include/uapi/asm/byteorder.h:21,
                 from include/asm-generic/bitops/le.h:5,
                 from /home/satory-ra/Android/kernel/android_kernel_oukitel_orange/arch/arm/include/asm/bitops.h:308,
                 from include/linux/bitops.h:22,
                 from include/linux/kernel.h:10,
                 from include/asm-generic/bug.h:13,
                 from /home/satory-ra/Android/kernel/android_kernel_oukitel_orange/arch/arm/include/asm/bug.h:61,
                 from include/linux/bug.h:4,
                 from include/linux/thread_info.h:11,
                 from include/linux/preempt.h:9,
                 from include/linux/spinlock.h:50,
                 from include/linux/kobject.h:23,
                 from include/linux/device.h:17,
                 from drivers/misc/mediatek/mach/mt6735/camera_isp_D2.c:17:
/home/satory-ra/Android/kernel/android_kernel_oukitel_orange/arch/arm/include/asm/io.h:340:71: warning: passing argument 1 of '__raw_readl' makes pointer from integer without a cast
 #define ioread32(p) ({ unsigned int __v = le32_to_cpu((__force __le32)__raw_readl(p)); __iormb(); __v; })
                                                                       ^
include/uapi/linux/byteorder/little_endian.h:33:51: note: in definition of macro '__le32_to_cpu'
 #define __le32_to_cpu(x) ((__force __u32)(__le32)(x))
                                                   ^
drivers/misc/mediatek/mach/mt6735/camera_isp_D2.c:108:33: note: in expansion of macro 'ioread32'
 #define ISP_RD32(addr)          ioread32(addr)
                                 ^
include/linux/printk.h:248:38: note: in expansion of macro 'ISP_RD32'
  no_printk(KERN_DEBUG pr_fmt(fmt), ##__VA_ARGS__)
                                      ^
drivers/misc/mediatek/mach/mt6735/camera_isp_D2.c:94:37: note: in expansion of macro 'pr_debug'
 #define LOG_DBG(format, args...)    pr_debug(MyTag format, ##args)
                                     ^
drivers/misc/mediatek/mach/mt6735/camera_isp_D2.c:6490:17: note: in expansion of macro 'LOG_DBG'
                 LOG_DBG("[TF_IMG2O]0x%08X %08X",  (unsigned int)(ISP_TPIPE_ADDR + 0x0324), (unsigned int)ISP_RD32(ISP_ADDR + 0x0324));
                 ^
In file included from include/linux/io.h:22:0,
                 from /home/satory-ra/Android/kernel/android_kernel_oukitel_orange/drivers/misc/mediatek/mach/mt6735/include/mach/sync_write.h:6,
                 from drivers/misc/mediatek/mach/mt6735/camera_isp_D2.c:39:
/home/satory-ra/Android/kernel/android_kernel_oukitel_orange/arch/arm/include/asm/io.h:104:19: note: expected 'const volatile void *' but argument is of type 'long unsigned int'
 static inline u32 __raw_readl(const volatile void __iomem *addr)
                   ^
In file included from include/linux/byteorder/little_endian.h:4:0,
                 from /home/satory-ra/Android/kernel/android_kernel_oukitel_orange/arch/arm/include/uapi/asm/byteorder.h:21,
                 from include/asm-generic/bitops/le.h:5,
                 from /home/satory-ra/Android/kernel/android_kernel_oukitel_orange/arch/arm/include/asm/bitops.h:308,
                 from include/linux/bitops.h:22,
                 from include/linux/kernel.h:10,
                 from include/asm-generic/bug.h:13,
                 from /home/satory-ra/Android/kernel/android_kernel_oukitel_orange/arch/arm/include/asm/bug.h:61,
                 from include/linux/bug.h:4,
                 from include/linux/thread_info.h:11,
                 from include/linux/preempt.h:9,
                 from include/linux/spinlock.h:50,
                 from include/linux/kobject.h:23,
                 from include/linux/device.h:17,
                 from drivers/misc/mediatek/mach/mt6735/camera_isp_D2.c:17:
/home/satory-ra/Android/kernel/android_kernel_oukitel_orange/arch/arm/include/asm/io.h:340:71: warning: passing argument 1 of '__raw_readl' makes pointer from integer without a cast
 #define ioread32(p) ({ unsigned int __v = le32_to_cpu((__force __le32)__raw_readl(p)); __iormb(); __v; })
                                                                       ^
include/uapi/linux/byteorder/little_endian.h:33:51: note: in definition of macro '__le32_to_cpu'
 #define __le32_to_cpu(x) ((__force __u32)(__le32)(x))
                                                   ^
drivers/misc/mediatek/mach/mt6735/camera_isp_D2.c:108:33: note: in expansion of macro 'ioread32'
 #define ISP_RD32(addr)          ioread32(addr)
                                 ^
include/linux/printk.h:248:38: note: in expansion of macro 'ISP_RD32'
  no_printk(KERN_DEBUG pr_fmt(fmt), ##__VA_ARGS__)
                                      ^
drivers/misc/mediatek/mach/mt6735/camera_isp_D2.c:94:37: note: in expansion of macro 'pr_debug'
 #define LOG_DBG(format, args...)    pr_debug(MyTag format, ##args)
                                     ^
drivers/misc/mediatek/mach/mt6735/camera_isp_D2.c:6491:17: note: in expansion of macro 'LOG_DBG'
                 LOG_DBG("[TF_IMG2O]0x%08X %08X",  (unsigned int)(ISP_TPIPE_ADDR + 0x0328), (unsigned int)ISP_RD32(ISP_ADDR + 0x0328));
                 ^
In file included from include/linux/io.h:22:0,
                 from /home/satory-ra/Android/kernel/android_kernel_oukitel_orange/drivers/misc/mediatek/mach/mt6735/include/mach/sync_write.h:6,
                 from drivers/misc/mediatek/mach/mt6735/camera_isp_D2.c:39:
/home/satory-ra/Android/kernel/android_kernel_oukitel_orange/arch/arm/include/asm/io.h:104:19: note: expected 'const volatile void *' but argument is of type 'long unsigned int'
 static inline u32 __raw_readl(const volatile void __iomem *addr)
                   ^
In file included from include/linux/byteorder/little_endian.h:4:0,
                 from /home/satory-ra/Android/kernel/android_kernel_oukitel_orange/arch/arm/include/uapi/asm/byteorder.h:21,
                 from include/asm-generic/bitops/le.h:5,
                 from /home/satory-ra/Android/kernel/android_kernel_oukitel_orange/arch/arm/include/asm/bitops.h:308,
                 from include/linux/bitops.h:22,
                 from include/linux/kernel.h:10,
                 from include/asm-generic/bug.h:13,
                 from /home/satory-ra/Android/kernel/android_kernel_oukitel_orange/arch/arm/include/asm/bug.h:61,
                 from include/linux/bug.h:4,
                 from include/linux/thread_info.h:11,
                 from include/linux/preempt.h:9,
                 from include/linux/spinlock.h:50,
                 from include/linux/kobject.h:23,
                 from include/linux/device.h:17,
                 from drivers/misc/mediatek/mach/mt6735/camera_isp_D2.c:17:
/home/satory-ra/Android/kernel/android_kernel_oukitel_orange/arch/arm/include/asm/io.h:340:71: warning: passing argument 1 of '__raw_readl' makes pointer from integer without a cast
 #define ioread32(p) ({ unsigned int __v = le32_to_cpu((__force __le32)__raw_readl(p)); __iormb(); __v; })
                                                                       ^
include/uapi/linux/byteorder/little_endian.h:33:51: note: in definition of macro '__le32_to_cpu'
 #define __le32_to_cpu(x) ((__force __u32)(__le32)(x))
                                                   ^
drivers/misc/mediatek/mach/mt6735/camera_isp_D2.c:108:33: note: in expansion of macro 'ioread32'
 #define ISP_RD32(addr)          ioread32(addr)
                                 ^
include/linux/printk.h:248:38: note: in expansion of macro 'ISP_RD32'
  no_printk(KERN_DEBUG pr_fmt(fmt), ##__VA_ARGS__)
                                      ^
drivers/misc/mediatek/mach/mt6735/camera_isp_D2.c:94:37: note: in expansion of macro 'pr_debug'
 #define LOG_DBG(format, args...)    pr_debug(MyTag format, ##args)
                                     ^
drivers/misc/mediatek/mach/mt6735/camera_isp_D2.c:6492:17: note: in expansion of macro 'LOG_DBG'
                 LOG_DBG("[TF_IMG2O]0x%08X %08X",  (unsigned int)(ISP_TPIPE_ADDR + 0x032C), (unsigned int)ISP_RD32(ISP_ADDR + 0x032C));
                 ^
In file included from include/linux/io.h:22:0,
                 from /home/satory-ra/Android/kernel/android_kernel_oukitel_orange/drivers/misc/mediatek/mach/mt6735/include/mach/sync_write.h:6,
                 from drivers/misc/mediatek/mach/mt6735/camera_isp_D2.c:39:
/home/satory-ra/Android/kernel/android_kernel_oukitel_orange/arch/arm/include/asm/io.h:104:19: note: expected 'const volatile void *' but argument is of type 'long unsigned int'
 static inline u32 __raw_readl(const volatile void __iomem *addr)
                   ^
In file included from include/linux/byteorder/little_endian.h:4:0,
                 from /home/satory-ra/Android/kernel/android_kernel_oukitel_orange/arch/arm/include/uapi/asm/byteorder.h:21,
                 from include/asm-generic/bitops/le.h:5,
                 from /home/satory-ra/Android/kernel/android_kernel_oukitel_orange/arch/arm/include/asm/bitops.h:308,
                 from include/linux/bitops.h:22,
                 from include/linux/kernel.h:10,
                 from include/asm-generic/bug.h:13,
                 from /home/satory-ra/Android/kernel/android_kernel_oukitel_orange/arch/arm/include/asm/bug.h:61,
                 from include/linux/bug.h:4,
                 from include/linux/thread_info.h:11,
                 from include/linux/preempt.h:9,
                 from include/linux/spinlock.h:50,
                 from include/linux/kobject.h:23,
                 from include/linux/device.h:17,
                 from drivers/misc/mediatek/mach/mt6735/camera_isp_D2.c:17:
/home/satory-ra/Android/kernel/android_kernel_oukitel_orange/arch/arm/include/asm/io.h:340:71: warning: passing argument 1 of '__raw_readl' makes pointer from integer without a cast
 #define ioread32(p) ({ unsigned int __v = le32_to_cpu((__force __le32)__raw_readl(p)); __iormb(); __v; })
                                                                       ^
include/uapi/linux/byteorder/little_endian.h:33:51: note: in definition of macro '__le32_to_cpu'
 #define __le32_to_cpu(x) ((__force __u32)(__le32)(x))
                                                   ^
drivers/misc/mediatek/mach/mt6735/camera_isp_D2.c:108:33: note: in expansion of macro 'ioread32'
 #define ISP_RD32(addr)          ioread32(addr)
                                 ^
include/linux/printk.h:248:38: note: in expansion of macro 'ISP_RD32'
  no_printk(KERN_DEBUG pr_fmt(fmt), ##__VA_ARGS__)
                                      ^
drivers/misc/mediatek/mach/mt6735/camera_isp_D2.c:94:37: note: in expansion of macro 'pr_debug'
 #define LOG_DBG(format, args...)    pr_debug(MyTag format, ##args)
                                     ^
drivers/misc/mediatek/mach/mt6735/camera_isp_D2.c:6493:17: note: in expansion of macro 'LOG_DBG'
                 LOG_DBG("[TF_IMG2O]0x%08X %08X",  (unsigned int)(ISP_TPIPE_ADDR + 0x0330), (unsigned int)ISP_RD32(ISP_ADDR + 0x0330));
                 ^
In file included from include/linux/io.h:22:0,
                 from /home/satory-ra/Android/kernel/android_kernel_oukitel_orange/drivers/misc/mediatek/mach/mt6735/include/mach/sync_write.h:6,
                 from drivers/misc/mediatek/mach/mt6735/camera_isp_D2.c:39:
/home/satory-ra/Android/kernel/android_kernel_oukitel_orange/arch/arm/include/asm/io.h:104:19: note: expected 'const volatile void *' but argument is of type 'long unsigned int'
 static inline u32 __raw_readl(const volatile void __iomem *addr)
                   ^
In file included from include/linux/byteorder/little_endian.h:4:0,
                 from /home/satory-ra/Android/kernel/android_kernel_oukitel_orange/arch/arm/include/uapi/asm/byteorder.h:21,
                 from include/asm-generic/bitops/le.h:5,
                 from /home/satory-ra/Android/kernel/android_kernel_oukitel_orange/arch/arm/include/asm/bitops.h:308,
                 from include/linux/bitops.h:22,
                 from include/linux/kernel.h:10,
                 from include/asm-generic/bug.h:13,
                 from /home/satory-ra/Android/kernel/android_kernel_oukitel_orange/arch/arm/include/asm/bug.h:61,
                 from include/linux/bug.h:4,
                 from include/linux/thread_info.h:11,
                 from include/linux/preempt.h:9,
                 from include/linux/spinlock.h:50,
                 from include/linux/kobject.h:23,
                 from include/linux/device.h:17,
                 from drivers/misc/mediatek/mach/mt6735/camera_isp_D2.c:17:
/home/satory-ra/Android/kernel/android_kernel_oukitel_orange/arch/arm/include/asm/io.h:340:71: warning: passing argument 1 of '__raw_readl' makes pointer from integer without a cast
 #define ioread32(p) ({ unsigned int __v = le32_to_cpu((__force __le32)__raw_readl(p)); __iormb(); __v; })
                                                                       ^
include/uapi/linux/byteorder/little_endian.h:33:51: note: in definition of macro '__le32_to_cpu'
 #define __le32_to_cpu(x) ((__force __u32)(__le32)(x))
                                                   ^
drivers/misc/mediatek/mach/mt6735/camera_isp_D2.c:108:33: note: in expansion of macro 'ioread32'
 #define ISP_RD32(addr)          ioread32(addr)
                                 ^
include/linux/printk.h:248:38: note: in expansion of macro 'ISP_RD32'
  no_printk(KERN_DEBUG pr_fmt(fmt), ##__VA_ARGS__)
                                      ^
drivers/misc/mediatek/mach/mt6735/camera_isp_D2.c:94:37: note: in expansion of macro 'pr_debug'
 #define LOG_DBG(format, args...)    pr_debug(MyTag format, ##args)
                                     ^
drivers/misc/mediatek/mach/mt6735/camera_isp_D2.c:6494:17: note: in expansion of macro 'LOG_DBG'
                 LOG_DBG("[TF_IMG2O]0x%08X %08X",  (unsigned int)(ISP_TPIPE_ADDR + 0x033C), (unsigned int)ISP_RD32(ISP_ADDR + 0x033C));
                 ^
In file included from include/linux/io.h:22:0,
                 from /home/satory-ra/Android/kernel/android_kernel_oukitel_orange/drivers/misc/mediatek/mach/mt6735/include/mach/sync_write.h:6,
                 from drivers/misc/mediatek/mach/mt6735/camera_isp_D2.c:39:
/home/satory-ra/Android/kernel/android_kernel_oukitel_orange/arch/arm/include/asm/io.h:104:19: note: expected 'const volatile void *' but argument is of type 'long unsigned int'
 static inline u32 __raw_readl(const volatile void __iomem *addr)
                   ^
In file included from include/linux/byteorder/little_endian.h:4:0,
                 from /home/satory-ra/Android/kernel/android_kernel_oukitel_orange/arch/arm/include/uapi/asm/byteorder.h:21,
                 from include/asm-generic/bitops/le.h:5,
                 from /home/satory-ra/Android/kernel/android_kernel_oukitel_orange/arch/arm/include/asm/bitops.h:308,
                 from include/linux/bitops.h:22,
                 from include/linux/kernel.h:10,
                 from include/asm-generic/bug.h:13,
                 from /home/satory-ra/Android/kernel/android_kernel_oukitel_orange/arch/arm/include/asm/bug.h:61,
                 from include/linux/bug.h:4,
                 from include/linux/thread_info.h:11,
                 from include/linux/preempt.h:9,
                 from include/linux/spinlock.h:50,
                 from include/linux/kobject.h:23,
                 from include/linux/device.h:17,
                 from drivers/misc/mediatek/mach/mt6735/camera_isp_D2.c:17:
/home/satory-ra/Android/kernel/android_kernel_oukitel_orange/arch/arm/include/asm/io.h:340:71: warning: passing argument 1 of '__raw_readl' makes pointer from integer without a cast
 #define ioread32(p) ({ unsigned int __v = le32_to_cpu((__force __le32)__raw_readl(p)); __iormb(); __v; })
                                                                       ^
include/uapi/linux/byteorder/little_endian.h:33:51: note: in definition of macro '__le32_to_cpu'
 #define __le32_to_cpu(x) ((__force __u32)(__le32)(x))
                                                   ^
drivers/misc/mediatek/mach/mt6735/camera_isp_D2.c:108:33: note: in expansion of macro 'ioread32'
 #define ISP_RD32(addr)          ioread32(addr)
                                 ^
include/linux/printk.h:248:38: note: in expansion of macro 'ISP_RD32'
  no_printk(KERN_DEBUG pr_fmt(fmt), ##__VA_ARGS__)
                                      ^
drivers/misc/mediatek/mach/mt6735/camera_isp_D2.c:94:37: note: in expansion of macro 'pr_debug'
 #define LOG_DBG(format, args...)    pr_debug(MyTag format, ##args)
                                     ^
drivers/misc/mediatek/mach/mt6735/camera_isp_D2.c:6496:17: note: in expansion of macro 'LOG_DBG'
                 LOG_DBG("[TF_LSCI]0x%08X %08X",  (unsigned int)(ISP_TPIPE_ADDR + 0x00A8), (unsigned int)ISP_RD32(ISP_ADDR + 0x00A8));
                 ^
In file included from include/linux/io.h:22:0,
                 from /home/satory-ra/Android/kernel/android_kernel_oukitel_orange/drivers/misc/mediatek/mach/mt6735/include/mach/sync_write.h:6,
                 from drivers/misc/mediatek/mach/mt6735/camera_isp_D2.c:39:
/home/satory-ra/Android/kernel/android_kernel_oukitel_orange/arch/arm/include/asm/io.h:104:19: note: expected 'const volatile void *' but argument is of type 'long unsigned int'
 static inline u32 __raw_readl(const volatile void __iomem *addr)
                   ^
In file included from include/linux/byteorder/little_endian.h:4:0,
                 from /home/satory-ra/Android/kernel/android_kernel_oukitel_orange/arch/arm/include/uapi/asm/byteorder.h:21,
                 from include/asm-generic/bitops/le.h:5,
                 from /home/satory-ra/Android/kernel/android_kernel_oukitel_orange/arch/arm/include/asm/bitops.h:308,
                 from include/linux/bitops.h:22,
                 from include/linux/kernel.h:10,
                 from include/asm-generic/bug.h:13,
                 from /home/satory-ra/Android/kernel/android_kernel_oukitel_orange/arch/arm/include/asm/bug.h:61,
                 from include/linux/bug.h:4,
                 from include/linux/thread_info.h:11,
                 from include/linux/preempt.h:9,
                 from include/linux/spinlock.h:50,
                 from include/linux/kobject.h:23,
                 from include/linux/device.h:17,
                 from drivers/misc/mediatek/mach/mt6735/camera_isp_D2.c:17:
/home/satory-ra/Android/kernel/android_kernel_oukitel_orange/arch/arm/include/asm/io.h:340:71: warning: passing argument 1 of '__raw_readl' makes pointer from integer without a cast
 #define ioread32(p) ({ unsigned int __v = le32_to_cpu((__force __le32)__raw_readl(p)); __iormb(); __v; })
                                                                       ^
include/uapi/linux/byteorder/little_endian.h:33:51: note: in definition of macro '__le32_to_cpu'
 #define __le32_to_cpu(x) ((__force __u32)(__le32)(x))
                                                   ^
drivers/misc/mediatek/mach/mt6735/camera_isp_D2.c:108:33: note: in expansion of macro 'ioread32'
 #define ISP_RD32(addr)          ioread32(addr)
                                 ^
include/linux/printk.h:248:38: note: in expansion of macro 'ISP_RD32'
  no_printk(KERN_DEBUG pr_fmt(fmt), ##__VA_ARGS__)
                                      ^
drivers/misc/mediatek/mach/mt6735/camera_isp_D2.c:94:37: note: in expansion of macro 'pr_debug'
 #define LOG_DBG(format, args...)    pr_debug(MyTag format, ##args)
                                     ^
drivers/misc/mediatek/mach/mt6735/camera_isp_D2.c:6497:17: note: in expansion of macro 'LOG_DBG'
                 LOG_DBG("[TF_LSCI]0x%08X %08X",  (unsigned int)(ISP_TPIPE_ADDR + 0x00B8), (unsigned int)ISP_RD32(ISP_ADDR + 0x00B8));
                 ^
In file included from include/linux/io.h:22:0,
                 from /home/satory-ra/Android/kernel/android_kernel_oukitel_orange/drivers/misc/mediatek/mach/mt6735/include/mach/sync_write.h:6,
                 from drivers/misc/mediatek/mach/mt6735/camera_isp_D2.c:39:
/home/satory-ra/Android/kernel/android_kernel_oukitel_orange/arch/arm/include/asm/io.h:104:19: note: expected 'const volatile void *' but argument is of type 'long unsigned int'
 static inline u32 __raw_readl(const volatile void __iomem *addr)
                   ^
In file included from include/linux/byteorder/little_endian.h:4:0,
                 from /home/satory-ra/Android/kernel/android_kernel_oukitel_orange/arch/arm/include/uapi/asm/byteorder.h:21,
                 from include/asm-generic/bitops/le.h:5,
                 from /home/satory-ra/Android/kernel/android_kernel_oukitel_orange/arch/arm/include/asm/bitops.h:308,
                 from include/linux/bitops.h:22,
                 from include/linux/kernel.h:10,
                 from include/asm-generic/bug.h:13,
                 from /home/satory-ra/Android/kernel/android_kernel_oukitel_orange/arch/arm/include/asm/bug.h:61,
                 from include/linux/bug.h:4,
                 from include/linux/thread_info.h:11,
                 from include/linux/preempt.h:9,
                 from include/linux/spinlock.h:50,
                 from include/linux/kobject.h:23,
                 from include/linux/device.h:17,
                 from drivers/misc/mediatek/mach/mt6735/camera_isp_D2.c:17:
/home/satory-ra/Android/kernel/android_kernel_oukitel_orange/arch/arm/include/asm/io.h:340:71: warning: passing argument 1 of '__raw_readl' makes pointer from integer without a cast
 #define ioread32(p) ({ unsigned int __v = le32_to_cpu((__force __le32)__raw_readl(p)); __iormb(); __v; })
                                                                       ^
include/uapi/linux/byteorder/little_endian.h:33:51: note: in definition of macro '__le32_to_cpu'
 #define __le32_to_cpu(x) ((__force __u32)(__le32)(x))
                                                   ^
drivers/misc/mediatek/mach/mt6735/camera_isp_D2.c:108:33: note: in expansion of macro 'ioread32'
 #define ISP_RD32(addr)          ioread32(addr)
                                 ^
include/linux/printk.h:248:38: note: in expansion of macro 'ISP_RD32'
  no_printk(KERN_DEBUG pr_fmt(fmt), ##__VA_ARGS__)
                                      ^
drivers/misc/mediatek/mach/mt6735/camera_isp_D2.c:94:37: note: in expansion of macro 'pr_debug'
 #define LOG_DBG(format, args...)    pr_debug(MyTag format, ##args)
                                     ^
drivers/misc/mediatek/mach/mt6735/camera_isp_D2.c:6498:17: note: in expansion of macro 'LOG_DBG'
                 LOG_DBG("[TF_LSCI]0x%08X %08X",  (unsigned int)(ISP_TPIPE_ADDR + 0x00BC), (unsigned int)ISP_RD32(ISP_ADDR + 0x00BC));
                 ^
In file included from include/linux/io.h:22:0,
                 from /home/satory-ra/Android/kernel/android_kernel_oukitel_orange/drivers/misc/mediatek/mach/mt6735/include/mach/sync_write.h:6,
                 from drivers/misc/mediatek/mach/mt6735/camera_isp_D2.c:39:
/home/satory-ra/Android/kernel/android_kernel_oukitel_orange/arch/arm/include/asm/io.h:104:19: note: expected 'const volatile void *' but argument is of type 'long unsigned int'
 static inline u32 __raw_readl(const volatile void __iomem *addr)
                   ^
In file included from include/linux/byteorder/little_endian.h:4:0,
                 from /home/satory-ra/Android/kernel/android_kernel_oukitel_orange/arch/arm/include/uapi/asm/byteorder.h:21,
                 from include/asm-generic/bitops/le.h:5,
                 from /home/satory-ra/Android/kernel/android_kernel_oukitel_orange/arch/arm/include/asm/bitops.h:308,
                 from include/linux/bitops.h:22,
                 from include/linux/kernel.h:10,
                 from include/asm-generic/bug.h:13,
                 from /home/satory-ra/Android/kernel/android_kernel_oukitel_orange/arch/arm/include/asm/bug.h:61,
                 from include/linux/bug.h:4,
                 from include/linux/thread_info.h:11,
                 from include/linux/preempt.h:9,
                 from include/linux/spinlock.h:50,
                 from include/linux/kobject.h:23,
                 from include/linux/device.h:17,
                 from drivers/misc/mediatek/mach/mt6735/camera_isp_D2.c:17:
/home/satory-ra/Android/kernel/android_kernel_oukitel_orange/arch/arm/include/asm/io.h:340:71: warning: passing argument 1 of '__raw_readl' makes pointer from integer without a cast
 #define ioread32(p) ({ unsigned int __v = le32_to_cpu((__force __le32)__raw_readl(p)); __iormb(); __v; })
                                                                       ^
include/uapi/linux/byteorder/little_endian.h:33:51: note: in definition of macro '__le32_to_cpu'
 #define __le32_to_cpu(x) ((__force __u32)(__le32)(x))
                                                   ^
drivers/misc/mediatek/mach/mt6735/camera_isp_D2.c:108:33: note: in expansion of macro 'ioread32'
 #define ISP_RD32(addr)          ioread32(addr)
                                 ^
include/linux/printk.h:248:38: note: in expansion of macro 'ISP_RD32'
  no_printk(KERN_DEBUG pr_fmt(fmt), ##__VA_ARGS__)
                                      ^
drivers/misc/mediatek/mach/mt6735/camera_isp_D2.c:94:37: note: in expansion of macro 'pr_debug'
 #define LOG_DBG(format, args...)    pr_debug(MyTag format, ##args)
                                     ^
drivers/misc/mediatek/mach/mt6735/camera_isp_D2.c:6499:17: note: in expansion of macro 'LOG_DBG'
                 LOG_DBG("[TF_LSCI]0x%08X %08X",  (unsigned int)(ISP_TPIPE_ADDR + 0x00E8), (unsigned int)ISP_RD32(ISP_ADDR + 0x00E8));
                 ^
In file included from include/linux/io.h:22:0,
                 from /home/satory-ra/Android/kernel/android_kernel_oukitel_orange/drivers/misc/mediatek/mach/mt6735/include/mach/sync_write.h:6,
                 from drivers/misc/mediatek/mach/mt6735/camera_isp_D2.c:39:
/home/satory-ra/Android/kernel/android_kernel_oukitel_orange/arch/arm/include/asm/io.h:104:19: note: expected 'const volatile void *' but argument is of type 'long unsigned int'
 static inline u32 __raw_readl(const volatile void __iomem *addr)
                   ^
In file included from include/linux/byteorder/little_endian.h:4:0,
                 from /home/satory-ra/Android/kernel/android_kernel_oukitel_orange/arch/arm/include/uapi/asm/byteorder.h:21,
                 from include/asm-generic/bitops/le.h:5,
                 from /home/satory-ra/Android/kernel/android_kernel_oukitel_orange/arch/arm/include/asm/bitops.h:308,
                 from include/linux/bitops.h:22,
                 from include/linux/kernel.h:10,
                 from include/asm-generic/bug.h:13,
                 from /home/satory-ra/Android/kernel/android_kernel_oukitel_orange/arch/arm/include/asm/bug.h:61,
                 from include/linux/bug.h:4,
                 from include/linux/thread_info.h:11,
                 from include/linux/preempt.h:9,
                 from include/linux/spinlock.h:50,
                 from include/linux/kobject.h:23,
                 from include/linux/device.h:17,
                 from drivers/misc/mediatek/mach/mt6735/camera_isp_D2.c:17:
/home/satory-ra/Android/kernel/android_kernel_oukitel_orange/arch/arm/include/asm/io.h:340:71: warning: passing argument 1 of '__raw_readl' makes pointer from integer without a cast
 #define ioread32(p) ({ unsigned int __v = le32_to_cpu((__force __le32)__raw_readl(p)); __iormb(); __v; })
                                                                       ^
include/uapi/linux/byteorder/little_endian.h:33:51: note: in definition of macro '__le32_to_cpu'
 #define __le32_to_cpu(x) ((__force __u32)(__le32)(x))
                                                   ^
drivers/misc/mediatek/mach/mt6735/camera_isp_D2.c:108:33: note: in expansion of macro 'ioread32'
 #define ISP_RD32(addr)          ioread32(addr)
                                 ^
include/linux/printk.h:248:38: note: in expansion of macro 'ISP_RD32'
  no_printk(KERN_DEBUG pr_fmt(fmt), ##__VA_ARGS__)
                                      ^
drivers/misc/mediatek/mach/mt6735/camera_isp_D2.c:94:37: note: in expansion of macro 'pr_debug'
 #define LOG_DBG(format, args...)    pr_debug(MyTag format, ##args)
                                     ^
drivers/misc/mediatek/mach/mt6735/camera_isp_D2.c:6500:17: note: in expansion of macro 'LOG_DBG'
                 LOG_DBG("[TF_LSCI]0x%08X %08X",  (unsigned int)(ISP_TPIPE_ADDR + 0x00EC), (unsigned int)ISP_RD32(ISP_ADDR + 0x00EC));
                 ^
In file included from include/linux/io.h:22:0,
                 from /home/satory-ra/Android/kernel/android_kernel_oukitel_orange/drivers/misc/mediatek/mach/mt6735/include/mach/sync_write.h:6,
                 from drivers/misc/mediatek/mach/mt6735/camera_isp_D2.c:39:
/home/satory-ra/Android/kernel/android_kernel_oukitel_orange/arch/arm/include/asm/io.h:104:19: note: expected 'const volatile void *' but argument is of type 'long unsigned int'
 static inline u32 __raw_readl(const volatile void __iomem *addr)
                   ^
In file included from include/linux/byteorder/little_endian.h:4:0,
                 from /home/satory-ra/Android/kernel/android_kernel_oukitel_orange/arch/arm/include/uapi/asm/byteorder.h:21,
                 from include/asm-generic/bitops/le.h:5,
                 from /home/satory-ra/Android/kernel/android_kernel_oukitel_orange/arch/arm/include/asm/bitops.h:308,
                 from include/linux/bitops.h:22,
                 from include/linux/kernel.h:10,
                 from include/asm-generic/bug.h:13,
                 from /home/satory-ra/Android/kernel/android_kernel_oukitel_orange/arch/arm/include/asm/bug.h:61,
                 from include/linux/bug.h:4,
                 from include/linux/thread_info.h:11,
                 from include/linux/preempt.h:9,
                 from include/linux/spinlock.h:50,
                 from include/linux/kobject.h:23,
                 from include/linux/device.h:17,
                 from drivers/misc/mediatek/mach/mt6735/camera_isp_D2.c:17:
/home/satory-ra/Android/kernel/android_kernel_oukitel_orange/arch/arm/include/asm/io.h:340:71: warning: passing argument 1 of '__raw_readl' makes pointer from integer without a cast
 #define ioread32(p) ({ unsigned int __v = le32_to_cpu((__force __le32)__raw_readl(p)); __iormb(); __v; })
                                                                       ^
include/uapi/linux/byteorder/little_endian.h:33:51: note: in definition of macro '__le32_to_cpu'
 #define __le32_to_cpu(x) ((__force __u32)(__le32)(x))
                                                   ^
drivers/misc/mediatek/mach/mt6735/camera_isp_D2.c:108:33: note: in expansion of macro 'ioread32'
 #define ISP_RD32(addr)          ioread32(addr)
                                 ^
include/linux/printk.h:248:38: note: in expansion of macro 'ISP_RD32'
  no_printk(KERN_DEBUG pr_fmt(fmt), ##__VA_ARGS__)
                                      ^
drivers/misc/mediatek/mach/mt6735/camera_isp_D2.c:94:37: note: in expansion of macro 'pr_debug'
 #define LOG_DBG(format, args...)    pr_debug(MyTag format, ##args)
                                     ^
drivers/misc/mediatek/mach/mt6735/camera_isp_D2.c:6501:17: note: in expansion of macro 'LOG_DBG'
                 LOG_DBG("[TF_LSCI]0x%08X %08X",  (unsigned int)(ISP_TPIPE_ADDR + 0x00F0), (unsigned int)ISP_RD32(ISP_ADDR + 0x00F0));
                 ^
In file included from include/linux/io.h:22:0,
                 from /home/satory-ra/Android/kernel/android_kernel_oukitel_orange/drivers/misc/mediatek/mach/mt6735/include/mach/sync_write.h:6,
                 from drivers/misc/mediatek/mach/mt6735/camera_isp_D2.c:39:
/home/satory-ra/Android/kernel/android_kernel_oukitel_orange/arch/arm/include/asm/io.h:104:19: note: expected 'const volatile void *' but argument is of type 'long unsigned int'
 static inline u32 __raw_readl(const volatile void __iomem *addr)
                   ^
In file included from include/linux/byteorder/little_endian.h:4:0,
                 from /home/satory-ra/Android/kernel/android_kernel_oukitel_orange/arch/arm/include/uapi/asm/byteorder.h:21,
                 from include/asm-generic/bitops/le.h:5,
                 from /home/satory-ra/Android/kernel/android_kernel_oukitel_orange/arch/arm/include/asm/bitops.h:308,
                 from include/linux/bitops.h:22,
                 from include/linux/kernel.h:10,
                 from include/asm-generic/bug.h:13,
                 from /home/satory-ra/Android/kernel/android_kernel_oukitel_orange/arch/arm/include/asm/bug.h:61,
                 from include/linux/bug.h:4,
                 from include/linux/thread_info.h:11,
                 from include/linux/preempt.h:9,
                 from include/linux/spinlock.h:50,
                 from include/linux/kobject.h:23,
                 from include/linux/device.h:17,
                 from drivers/misc/mediatek/mach/mt6735/camera_isp_D2.c:17:
/home/satory-ra/Android/kernel/android_kernel_oukitel_orange/arch/arm/include/asm/io.h:340:71: warning: passing argument 1 of '__raw_readl' makes pointer from integer without a cast
 #define ioread32(p) ({ unsigned int __v = le32_to_cpu((__force __le32)__raw_readl(p)); __iormb(); __v; })
                                                                       ^
include/uapi/linux/byteorder/little_endian.h:33:51: note: in definition of macro '__le32_to_cpu'
 #define __le32_to_cpu(x) ((__force __u32)(__le32)(x))
                                                   ^
drivers/misc/mediatek/mach/mt6735/camera_isp_D2.c:108:33: note: in expansion of macro 'ioread32'
 #define ISP_RD32(addr)          ioread32(addr)
                                 ^
include/linux/printk.h:248:38: note: in expansion of macro 'ISP_RD32'
  no_printk(KERN_DEBUG pr_fmt(fmt), ##__VA_ARGS__)
                                      ^
drivers/misc/mediatek/mach/mt6735/camera_isp_D2.c:94:37: note: in expansion of macro 'pr_debug'
 #define LOG_DBG(format, args...)    pr_debug(MyTag format, ##args)
                                     ^
drivers/misc/mediatek/mach/mt6735/camera_isp_D2.c:6502:17: note: in expansion of macro 'LOG_DBG'
                 LOG_DBG("[TF_LSCI]0x%08X %08X",  (unsigned int)(ISP_TPIPE_ADDR + 0x026C), (unsigned int)ISP_RD32(ISP_ADDR + 0x026C));
                 ^
In file included from include/linux/io.h:22:0,
                 from /home/satory-ra/Android/kernel/android_kernel_oukitel_orange/drivers/misc/mediatek/mach/mt6735/include/mach/sync_write.h:6,
                 from drivers/misc/mediatek/mach/mt6735/camera_isp_D2.c:39:
/home/satory-ra/Android/kernel/android_kernel_oukitel_orange/arch/arm/include/asm/io.h:104:19: note: expected 'const volatile void *' but argument is of type 'long unsigned int'
 static inline u32 __raw_readl(const volatile void __iomem *addr)
                   ^
In file included from include/linux/byteorder/little_endian.h:4:0,
                 from /home/satory-ra/Android/kernel/android_kernel_oukitel_orange/arch/arm/include/uapi/asm/byteorder.h:21,
                 from include/asm-generic/bitops/le.h:5,
                 from /home/satory-ra/Android/kernel/android_kernel_oukitel_orange/arch/arm/include/asm/bitops.h:308,
                 from include/linux/bitops.h:22,
                 from include/linux/kernel.h:10,
                 from include/asm-generic/bug.h:13,
                 from /home/satory-ra/Android/kernel/android_kernel_oukitel_orange/arch/arm/include/asm/bug.h:61,
                 from include/linux/bug.h:4,
                 from include/linux/thread_info.h:11,
                 from include/linux/preempt.h:9,
                 from include/linux/spinlock.h:50,
                 from include/linux/kobject.h:23,
                 from include/linux/device.h:17,
                 from drivers/misc/mediatek/mach/mt6735/camera_isp_D2.c:17:
/home/satory-ra/Android/kernel/android_kernel_oukitel_orange/arch/arm/include/asm/io.h:340:71: warning: passing argument 1 of '__raw_readl' makes pointer from integer without a cast
 #define ioread32(p) ({ unsigned int __v = le32_to_cpu((__force __le32)__raw_readl(p)); __iormb(); __v; })
                                                                       ^
include/uapi/linux/byteorder/little_endian.h:33:51: note: in definition of macro '__le32_to_cpu'
 #define __le32_to_cpu(x) ((__force __u32)(__le32)(x))
                                                   ^
drivers/misc/mediatek/mach/mt6735/camera_isp_D2.c:108:33: note: in expansion of macro 'ioread32'
 #define ISP_RD32(addr)          ioread32(addr)
                                 ^
include/linux/printk.h:248:38: note: in expansion of macro 'ISP_RD32'
  no_printk(KERN_DEBUG pr_fmt(fmt), ##__VA_ARGS__)
                                      ^
drivers/misc/mediatek/mach/mt6735/camera_isp_D2.c:94:37: note: in expansion of macro 'pr_debug'
 #define LOG_DBG(format, args...)    pr_debug(MyTag format, ##args)
                                     ^
drivers/misc/mediatek/mach/mt6735/camera_isp_D2.c:6503:17: note: in expansion of macro 'LOG_DBG'
                 LOG_DBG("[TF_LSCI]0x%08X %08X",  (unsigned int)(ISP_TPIPE_ADDR + 0x0270), (unsigned int)ISP_RD32(ISP_ADDR + 0x0270));
                 ^
In file included from include/linux/io.h:22:0,
                 from /home/satory-ra/Android/kernel/android_kernel_oukitel_orange/drivers/misc/mediatek/mach/mt6735/include/mach/sync_write.h:6,
                 from drivers/misc/mediatek/mach/mt6735/camera_isp_D2.c:39:
/home/satory-ra/Android/kernel/android_kernel_oukitel_orange/arch/arm/include/asm/io.h:104:19: note: expected 'const volatile void *' but argument is of type 'long unsigned int'
 static inline u32 __raw_readl(const volatile void __iomem *addr)
                   ^
In file included from include/linux/byteorder/little_endian.h:4:0,
                 from /home/satory-ra/Android/kernel/android_kernel_oukitel_orange/arch/arm/include/uapi/asm/byteorder.h:21,
                 from include/asm-generic/bitops/le.h:5,
                 from /home/satory-ra/Android/kernel/android_kernel_oukitel_orange/arch/arm/include/asm/bitops.h:308,
                 from include/linux/bitops.h:22,
                 from include/linux/kernel.h:10,
                 from include/asm-generic/bug.h:13,
                 from /home/satory-ra/Android/kernel/android_kernel_oukitel_orange/arch/arm/include/asm/bug.h:61,
                 from include/linux/bug.h:4,
                 from include/linux/thread_info.h:11,
                 from include/linux/preempt.h:9,
                 from include/linux/spinlock.h:50,
                 from include/linux/kobject.h:23,
                 from include/linux/device.h:17,
                 from drivers/misc/mediatek/mach/mt6735/camera_isp_D2.c:17:
/home/satory-ra/Android/kernel/android_kernel_oukitel_orange/arch/arm/include/asm/io.h:340:71: warning: passing argument 1 of '__raw_readl' makes pointer from integer without a cast
 #define ioread32(p) ({ unsigned int __v = le32_to_cpu((__force __le32)__raw_readl(p)); __iormb(); __v; })
                                                                       ^
include/uapi/linux/byteorder/little_endian.h:33:51: note: in definition of macro '__le32_to_cpu'
 #define __le32_to_cpu(x) ((__force __u32)(__le32)(x))
                                                   ^
drivers/misc/mediatek/mach/mt6735/camera_isp_D2.c:108:33: note: in expansion of macro 'ioread32'
 #define ISP_RD32(addr)          ioread32(addr)
                                 ^
include/linux/printk.h:248:38: note: in expansion of macro 'ISP_RD32'
  no_printk(KERN_DEBUG pr_fmt(fmt), ##__VA_ARGS__)
                                      ^
drivers/misc/mediatek/mach/mt6735/camera_isp_D2.c:94:37: note: in expansion of macro 'pr_debug'
 #define LOG_DBG(format, args...)    pr_debug(MyTag format, ##args)
                                     ^
drivers/misc/mediatek/mach/mt6735/camera_isp_D2.c:6504:17: note: in expansion of macro 'LOG_DBG'
                 LOG_DBG("[TF_LSCI]0x%08X %08X",  (unsigned int)(ISP_TPIPE_ADDR + 0x0274), (unsigned int)ISP_RD32(ISP_ADDR + 0x0274));
                 ^
In file included from include/linux/io.h:22:0,
                 from /home/satory-ra/Android/kernel/android_kernel_oukitel_orange/drivers/misc/mediatek/mach/mt6735/include/mach/sync_write.h:6,
                 from drivers/misc/mediatek/mach/mt6735/camera_isp_D2.c:39:
/home/satory-ra/Android/kernel/android_kernel_oukitel_orange/arch/arm/include/asm/io.h:104:19: note: expected 'const volatile void *' but argument is of type 'long unsigned int'
 static inline u32 __raw_readl(const volatile void __iomem *addr)
                   ^
In file included from include/linux/byteorder/little_endian.h:4:0,
                 from /home/satory-ra/Android/kernel/android_kernel_oukitel_orange/arch/arm/include/uapi/asm/byteorder.h:21,
                 from include/asm-generic/bitops/le.h:5,
                 from /home/satory-ra/Android/kernel/android_kernel_oukitel_orange/arch/arm/include/asm/bitops.h:308,
                 from include/linux/bitops.h:22,
                 from include/linux/kernel.h:10,
                 from include/asm-generic/bug.h:13,
                 from /home/satory-ra/Android/kernel/android_kernel_oukitel_orange/arch/arm/include/asm/bug.h:61,
                 from include/linux/bug.h:4,
                 from include/linux/thread_info.h:11,
                 from include/linux/preempt.h:9,
                 from include/linux/spinlock.h:50,
                 from include/linux/kobject.h:23,
                 from include/linux/device.h:17,
                 from drivers/misc/mediatek/mach/mt6735/camera_isp_D2.c:17:
/home/satory-ra/Android/kernel/android_kernel_oukitel_orange/arch/arm/include/asm/io.h:340:71: warning: passing argument 1 of '__raw_readl' makes pointer from integer without a cast
 #define ioread32(p) ({ unsigned int __v = le32_to_cpu((__force __le32)__raw_readl(p)); __iormb(); __v; })
                                                                       ^
include/uapi/linux/byteorder/little_endian.h:33:51: note: in definition of macro '__le32_to_cpu'
 #define __le32_to_cpu(x) ((__force __u32)(__le32)(x))
                                                   ^
drivers/misc/mediatek/mach/mt6735/camera_isp_D2.c:108:33: note: in expansion of macro 'ioread32'
 #define ISP_RD32(addr)          ioread32(addr)
                                 ^
include/linux/printk.h:248:38: note: in expansion of macro 'ISP_RD32'
  no_printk(KERN_DEBUG pr_fmt(fmt), ##__VA_ARGS__)
                                      ^
drivers/misc/mediatek/mach/mt6735/camera_isp_D2.c:94:37: note: in expansion of macro 'pr_debug'
 #define LOG_DBG(format, args...)    pr_debug(MyTag format, ##args)
                                     ^
drivers/misc/mediatek/mach/mt6735/camera_isp_D2.c:6505:17: note: in expansion of macro 'LOG_DBG'
                 LOG_DBG("[TF_LSCI]0x%08X %08X",  (unsigned int)(ISP_TPIPE_ADDR + 0x0278), (unsigned int)ISP_RD32(ISP_ADDR + 0x0278));
                 ^
In file included from include/linux/io.h:22:0,
                 from /home/satory-ra/Android/kernel/android_kernel_oukitel_orange/drivers/misc/mediatek/mach/mt6735/include/mach/sync_write.h:6,
                 from drivers/misc/mediatek/mach/mt6735/camera_isp_D2.c:39:
/home/satory-ra/Android/kernel/android_kernel_oukitel_orange/arch/arm/include/asm/io.h:104:19: note: expected 'const volatile void *' but argument is of type 'long unsigned int'
 static inline u32 __raw_readl(const volatile void __iomem *addr)
                   ^
In file included from include/linux/byteorder/little_endian.h:4:0,
                 from /home/satory-ra/Android/kernel/android_kernel_oukitel_orange/arch/arm/include/uapi/asm/byteorder.h:21,
                 from include/asm-generic/bitops/le.h:5,
                 from /home/satory-ra/Android/kernel/android_kernel_oukitel_orange/arch/arm/include/asm/bitops.h:308,
                 from include/linux/bitops.h:22,
                 from include/linux/kernel.h:10,
                 from include/asm-generic/bug.h:13,
                 from /home/satory-ra/Android/kernel/android_kernel_oukitel_orange/arch/arm/include/asm/bug.h:61,
                 from include/linux/bug.h:4,
                 from include/linux/thread_info.h:11,
                 from include/linux/preempt.h:9,
                 from include/linux/spinlock.h:50,
                 from include/linux/kobject.h:23,
                 from include/linux/device.h:17,
                 from drivers/misc/mediatek/mach/mt6735/camera_isp_D2.c:17:
/home/satory-ra/Android/kernel/android_kernel_oukitel_orange/arch/arm/include/asm/io.h:340:71: warning: passing argument 1 of '__raw_readl' makes pointer from integer without a cast
 #define ioread32(p) ({ unsigned int __v = le32_to_cpu((__force __le32)__raw_readl(p)); __iormb(); __v; })
                                                                       ^
include/uapi/linux/byteorder/little_endian.h:33:51: note: in definition of macro '__le32_to_cpu'
 #define __le32_to_cpu(x) ((__force __u32)(__le32)(x))
                                                   ^
drivers/misc/mediatek/mach/mt6735/camera_isp_D2.c:108:33: note: in expansion of macro 'ioread32'
 #define ISP_RD32(addr)          ioread32(addr)
                                 ^
include/linux/printk.h:248:38: note: in expansion of macro 'ISP_RD32'
  no_printk(KERN_DEBUG pr_fmt(fmt), ##__VA_ARGS__)
                                      ^
drivers/misc/mediatek/mach/mt6735/camera_isp_D2.c:94:37: note: in expansion of macro 'pr_debug'
 #define LOG_DBG(format, args...)    pr_debug(MyTag format, ##args)
                                     ^
drivers/misc/mediatek/mach/mt6735/camera_isp_D2.c:6506:17: note: in expansion of macro 'LOG_DBG'
                 LOG_DBG("[TF_LSCI]0x%08X %08X",  (unsigned int)(ISP_TPIPE_ADDR + 0x027c), (unsigned int)ISP_RD32(ISP_ADDR + 0x027c));
                 ^
In file included from include/linux/io.h:22:0,
                 from /home/satory-ra/Android/kernel/android_kernel_oukitel_orange/drivers/misc/mediatek/mach/mt6735/include/mach/sync_write.h:6,
                 from drivers/misc/mediatek/mach/mt6735/camera_isp_D2.c:39:
/home/satory-ra/Android/kernel/android_kernel_oukitel_orange/arch/arm/include/asm/io.h:104:19: note: expected 'const volatile void *' but argument is of type 'long unsigned int'
 static inline u32 __raw_readl(const volatile void __iomem *addr)
                   ^
In file included from include/linux/byteorder/little_endian.h:4:0,
                 from /home/satory-ra/Android/kernel/android_kernel_oukitel_orange/arch/arm/include/uapi/asm/byteorder.h:21,
                 from include/asm-generic/bitops/le.h:5,
                 from /home/satory-ra/Android/kernel/android_kernel_oukitel_orange/arch/arm/include/asm/bitops.h:308,
                 from include/linux/bitops.h:22,
                 from include/linux/kernel.h:10,
                 from include/asm-generic/bug.h:13,
                 from /home/satory-ra/Android/kernel/android_kernel_oukitel_orange/arch/arm/include/asm/bug.h:61,
                 from include/linux/bug.h:4,
                 from include/linux/thread_info.h:11,
                 from include/linux/preempt.h:9,
                 from include/linux/spinlock.h:50,
                 from include/linux/kobject.h:23,
                 from include/linux/device.h:17,
                 from drivers/misc/mediatek/mach/mt6735/camera_isp_D2.c:17:
/home/satory-ra/Android/kernel/android_kernel_oukitel_orange/arch/arm/include/asm/io.h:340:71: warning: passing argument 1 of '__raw_readl' makes pointer from integer without a cast
 #define ioread32(p) ({ unsigned int __v = le32_to_cpu((__force __le32)__raw_readl(p)); __iormb(); __v; })
                                                                       ^
include/uapi/linux/byteorder/little_endian.h:33:51: note: in definition of macro '__le32_to_cpu'
 #define __le32_to_cpu(x) ((__force __u32)(__le32)(x))
                                                   ^
drivers/misc/mediatek/mach/mt6735/camera_isp_D2.c:108:33: note: in expansion of macro 'ioread32'
 #define ISP_RD32(addr)          ioread32(addr)
                                 ^
include/linux/printk.h:248:38: note: in expansion of macro 'ISP_RD32'
  no_printk(KERN_DEBUG pr_fmt(fmt), ##__VA_ARGS__)
                                      ^
drivers/misc/mediatek/mach/mt6735/camera_isp_D2.c:94:37: note: in expansion of macro 'pr_debug'
 #define LOG_DBG(format, args...)    pr_debug(MyTag format, ##args)
                                     ^
drivers/misc/mediatek/mach/mt6735/camera_isp_D2.c:6508:17: note: in expansion of macro 'LOG_DBG'
                 LOG_DBG("[TF_IMGI]0x%08X %08X",  (unsigned int)(ISP_TPIPE_ADDR + 0x0050), (unsigned int)ISP_RD32(ISP_ADDR + 0x0050));
                 ^
In file included from include/linux/io.h:22:0,
                 from /home/satory-ra/Android/kernel/android_kernel_oukitel_orange/drivers/misc/mediatek/mach/mt6735/include/mach/sync_write.h:6,
                 from drivers/misc/mediatek/mach/mt6735/camera_isp_D2.c:39:
/home/satory-ra/Android/kernel/android_kernel_oukitel_orange/arch/arm/include/asm/io.h:104:19: note: expected 'const volatile void *' but argument is of type 'long unsigned int'
 static inline u32 __raw_readl(const volatile void __iomem *addr)
                   ^
In file included from include/linux/byteorder/little_endian.h:4:0,
                 from /home/satory-ra/Android/kernel/android_kernel_oukitel_orange/arch/arm/include/uapi/asm/byteorder.h:21,
                 from include/asm-generic/bitops/le.h:5,
                 from /home/satory-ra/Android/kernel/android_kernel_oukitel_orange/arch/arm/include/asm/bitops.h:308,
                 from include/linux/bitops.h:22,
                 from include/linux/kernel.h:10,
                 from include/asm-generic/bug.h:13,
                 from /home/satory-ra/Android/kernel/android_kernel_oukitel_orange/arch/arm/include/asm/bug.h:61,
                 from include/linux/bug.h:4,
                 from include/linux/thread_info.h:11,
                 from include/linux/preempt.h:9,
                 from include/linux/spinlock.h:50,
                 from include/linux/kobject.h:23,
                 from include/linux/device.h:17,
                 from drivers/misc/mediatek/mach/mt6735/camera_isp_D2.c:17:
/home/satory-ra/Android/kernel/android_kernel_oukitel_orange/arch/arm/include/asm/io.h:340:71: warning: passing argument 1 of '__raw_readl' makes pointer from integer without a cast
 #define ioread32(p) ({ unsigned int __v = le32_to_cpu((__force __le32)__raw_readl(p)); __iormb(); __v; })
                                                                       ^
include/uapi/linux/byteorder/little_endian.h:33:51: note: in definition of macro '__le32_to_cpu'
 #define __le32_to_cpu(x) ((__force __u32)(__le32)(x))
                                                   ^
drivers/misc/mediatek/mach/mt6735/camera_isp_D2.c:108:33: note: in expansion of macro 'ioread32'
 #define ISP_RD32(addr)          ioread32(addr)
                                 ^
include/linux/printk.h:248:38: note: in expansion of macro 'ISP_RD32'
  no_printk(KERN_DEBUG pr_fmt(fmt), ##__VA_ARGS__)
                                      ^
drivers/misc/mediatek/mach/mt6735/camera_isp_D2.c:94:37: note: in expansion of macro 'pr_debug'
 #define LOG_DBG(format, args...)    pr_debug(MyTag format, ##args)
                                     ^
drivers/misc/mediatek/mach/mt6735/camera_isp_D2.c:6509:17: note: in expansion of macro 'LOG_DBG'
                 LOG_DBG("[TF_IMGI]0x%08X %08X",  (unsigned int)(ISP_TPIPE_ADDR + 0x0054), (unsigned int)ISP_RD32(ISP_ADDR + 0x0054));
                 ^
In file included from include/linux/io.h:22:0,
                 from /home/satory-ra/Android/kernel/android_kernel_oukitel_orange/drivers/misc/mediatek/mach/mt6735/include/mach/sync_write.h:6,
                 from drivers/misc/mediatek/mach/mt6735/camera_isp_D2.c:39:
/home/satory-ra/Android/kernel/android_kernel_oukitel_orange/arch/arm/include/asm/io.h:104:19: note: expected 'const volatile void *' but argument is of type 'long unsigned int'
 static inline u32 __raw_readl(const volatile void __iomem *addr)
                   ^
  CC      drivers/tty/tty_ioctl.o
In file included from include/linux/byteorder/little_endian.h:4:0,
                 from /home/satory-ra/Android/kernel/android_kernel_oukitel_orange/arch/arm/include/uapi/asm/byteorder.h:21,
                 from include/asm-generic/bitops/le.h:5,
                 from /home/satory-ra/Android/kernel/android_kernel_oukitel_orange/arch/arm/include/asm/bitops.h:308,
                 from include/linux/bitops.h:22,
                 from include/linux/kernel.h:10,
                 from include/asm-generic/bug.h:13,
                 from /home/satory-ra/Android/kernel/android_kernel_oukitel_orange/arch/arm/include/asm/bug.h:61,
                 from include/linux/bug.h:4,
                 from include/linux/thread_info.h:11,
                 from include/linux/preempt.h:9,
                 from include/linux/spinlock.h:50,
                 from include/linux/kobject.h:23,
                 from include/linux/device.h:17,
                 from drivers/misc/mediatek/mach/mt6735/camera_isp_D2.c:17:
/home/satory-ra/Android/kernel/android_kernel_oukitel_orange/arch/arm/include/asm/io.h:340:71: warning: passing argument 1 of '__raw_readl' makes pointer from integer without a cast
 #define ioread32(p) ({ unsigned int __v = le32_to_cpu((__force __le32)__raw_readl(p)); __iormb(); __v; })
                                                                       ^
include/uapi/linux/byteorder/little_endian.h:33:51: note: in definition of macro '__le32_to_cpu'
 #define __le32_to_cpu(x) ((__force __u32)(__le32)(x))
                                                   ^
drivers/misc/mediatek/mach/mt6735/camera_isp_D2.c:108:33: note: in expansion of macro 'ioread32'
 #define ISP_RD32(addr)          ioread32(addr)
                                 ^
include/linux/printk.h:248:38: note: in expansion of macro 'ISP_RD32'
  no_printk(KERN_DEBUG pr_fmt(fmt), ##__VA_ARGS__)
                                      ^
drivers/misc/mediatek/mach/mt6735/camera_isp_D2.c:94:37: note: in expansion of macro 'pr_debug'
 #define LOG_DBG(format, args...)    pr_debug(MyTag format, ##args)
                                     ^
drivers/misc/mediatek/mach/mt6735/camera_isp_D2.c:6510:17: note: in expansion of macro 'LOG_DBG'
                 LOG_DBG("[TF_IMGI]0x%08X %08X",  (unsigned int)(ISP_TPIPE_ADDR + 0x00AC), (unsigned int)ISP_RD32(ISP_ADDR + 0x00AC));
                 ^
In file included from include/linux/io.h:22:0,
                 from /home/satory-ra/Android/kernel/android_kernel_oukitel_orange/drivers/misc/mediatek/mach/mt6735/include/mach/sync_write.h:6,
                 from drivers/misc/mediatek/mach/mt6735/camera_isp_D2.c:39:
/home/satory-ra/Android/kernel/android_kernel_oukitel_orange/arch/arm/include/asm/io.h:104:19: note: expected 'const volatile void *' but argument is of type 'long unsigned int'
 static inline u32 __raw_readl(const volatile void __iomem *addr)
                   ^
In file included from include/linux/byteorder/little_endian.h:4:0,
                 from /home/satory-ra/Android/kernel/android_kernel_oukitel_orange/arch/arm/include/uapi/asm/byteorder.h:21,
                 from include/asm-generic/bitops/le.h:5,
                 from /home/satory-ra/Android/kernel/android_kernel_oukitel_orange/arch/arm/include/asm/bitops.h:308,
                 from include/linux/bitops.h:22,
                 from include/linux/kernel.h:10,
                 from include/asm-generic/bug.h:13,
                 from /home/satory-ra/Android/kernel/android_kernel_oukitel_orange/arch/arm/include/asm/bug.h:61,
                 from include/linux/bug.h:4,
                 from include/linux/thread_info.h:11,
                 from include/linux/preempt.h:9,
                 from include/linux/spinlock.h:50,
                 from include/linux/kobject.h:23,
                 from include/linux/device.h:17,
                 from drivers/misc/mediatek/mach/mt6735/camera_isp_D2.c:17:
/home/satory-ra/Android/kernel/android_kernel_oukitel_orange/arch/arm/include/asm/io.h:340:71: warning: passing argument 1 of '__raw_readl' makes pointer from integer without a cast
 #define ioread32(p) ({ unsigned int __v = le32_to_cpu((__force __le32)__raw_readl(p)); __iormb(); __v; })
                                                                       ^
include/uapi/linux/byteorder/little_endian.h:33:51: note: in definition of macro '__le32_to_cpu'
 #define __le32_to_cpu(x) ((__force __u32)(__le32)(x))
                                                   ^
drivers/misc/mediatek/mach/mt6735/camera_isp_D2.c:108:33: note: in expansion of macro 'ioread32'
 #define ISP_RD32(addr)          ioread32(addr)
                                 ^
include/linux/printk.h:248:38: note: in expansion of macro 'ISP_RD32'
  no_printk(KERN_DEBUG pr_fmt(fmt), ##__VA_ARGS__)
                                      ^
drivers/misc/mediatek/mach/mt6735/camera_isp_D2.c:94:37: note: in expansion of macro 'pr_debug'
 #define LOG_DBG(format, args...)    pr_debug(MyTag format, ##args)
                                     ^
drivers/misc/mediatek/mach/mt6735/camera_isp_D2.c:6511:17: note: in expansion of macro 'LOG_DBG'
                 LOG_DBG("[TF_IMGI]0x%08X %08X",  (unsigned int)(ISP_TPIPE_ADDR + 0x00B0), (unsigned int)ISP_RD32(ISP_ADDR + 0x00B0));
                 ^
In file included from include/linux/io.h:22:0,
                 from /home/satory-ra/Android/kernel/android_kernel_oukitel_orange/drivers/misc/mediatek/mach/mt6735/include/mach/sync_write.h:6,
                 from drivers/misc/mediatek/mach/mt6735/camera_isp_D2.c:39:
/home/satory-ra/Android/kernel/android_kernel_oukitel_orange/arch/arm/include/asm/io.h:104:19: note: expected 'const volatile void *' but argument is of type 'long unsigned int'
 static inline u32 __raw_readl(const volatile void __iomem *addr)
                   ^
In file included from include/linux/byteorder/little_endian.h:4:0,
                 from /home/satory-ra/Android/kernel/android_kernel_oukitel_orange/arch/arm/include/uapi/asm/byteorder.h:21,
                 from include/asm-generic/bitops/le.h:5,
                 from /home/satory-ra/Android/kernel/android_kernel_oukitel_orange/arch/arm/include/asm/bitops.h:308,
                 from include/linux/bitops.h:22,
                 from include/linux/kernel.h:10,
                 from include/asm-generic/bug.h:13,
                 from /home/satory-ra/Android/kernel/android_kernel_oukitel_orange/arch/arm/include/asm/bug.h:61,
                 from include/linux/bug.h:4,
                 from include/linux/thread_info.h:11,
                 from include/linux/preempt.h:9,
                 from include/linux/spinlock.h:50,
                 from include/linux/kobject.h:23,
                 from include/linux/device.h:17,
                 from drivers/misc/mediatek/mach/mt6735/camera_isp_D2.c:17:
/home/satory-ra/Android/kernel/android_kernel_oukitel_orange/arch/arm/include/asm/io.h:340:71: warning: passing argument 1 of '__raw_readl' makes pointer from integer without a cast
 #define ioread32(p) ({ unsigned int __v = le32_to_cpu((__force __le32)__raw_readl(p)); __iormb(); __v; })
                                                                       ^
include/uapi/linux/byteorder/little_endian.h:33:51: note: in definition of macro '__le32_to_cpu'
 #define __le32_to_cpu(x) ((__force __u32)(__le32)(x))
                                                   ^
drivers/misc/mediatek/mach/mt6735/camera_isp_D2.c:108:33: note: in expansion of macro 'ioread32'
 #define ISP_RD32(addr)          ioread32(addr)
                                 ^
include/linux/printk.h:248:38: note: in expansion of macro 'ISP_RD32'
  no_printk(KERN_DEBUG pr_fmt(fmt), ##__VA_ARGS__)
                                      ^
drivers/misc/mediatek/mach/mt6735/camera_isp_D2.c:94:37: note: in expansion of macro 'pr_debug'
 #define LOG_DBG(format, args...)    pr_debug(MyTag format, ##args)
                                     ^
drivers/misc/mediatek/mach/mt6735/camera_isp_D2.c:6512:17: note: in expansion of macro 'LOG_DBG'
                 LOG_DBG("[TF_IMGI]0x%08X %08X",  (unsigned int)(ISP_TPIPE_ADDR + 0x0230), (unsigned int)ISP_RD32(ISP_ADDR + 0x0230));
                 ^
In file included from include/linux/io.h:22:0,
                 from /home/satory-ra/Android/kernel/android_kernel_oukitel_orange/drivers/misc/mediatek/mach/mt6735/include/mach/sync_write.h:6,
                 from drivers/misc/mediatek/mach/mt6735/camera_isp_D2.c:39:
/home/satory-ra/Android/kernel/android_kernel_oukitel_orange/arch/arm/include/asm/io.h:104:19: note: expected 'const volatile void *' but argument is of type 'long unsigned int'
 static inline u32 __raw_readl(const volatile void __iomem *addr)
                   ^
In file included from include/linux/byteorder/little_endian.h:4:0,
                 from /home/satory-ra/Android/kernel/android_kernel_oukitel_orange/arch/arm/include/uapi/asm/byteorder.h:21,
                 from include/asm-generic/bitops/le.h:5,
                 from /home/satory-ra/Android/kernel/android_kernel_oukitel_orange/arch/arm/include/asm/bitops.h:308,
                 from include/linux/bitops.h:22,
                 from include/linux/kernel.h:10,
                 from include/asm-generic/bug.h:13,
                 from /home/satory-ra/Android/kernel/android_kernel_oukitel_orange/arch/arm/include/asm/bug.h:61,
                 from include/linux/bug.h:4,
                 from include/linux/thread_info.h:11,
                 from include/linux/preempt.h:9,
                 from include/linux/spinlock.h:50,
                 from include/linux/kobject.h:23,
                 from include/linux/device.h:17,
                 from drivers/misc/mediatek/mach/mt6735/camera_isp_D2.c:17:
/home/satory-ra/Android/kernel/android_kernel_oukitel_orange/arch/arm/include/asm/io.h:340:71: warning: passing argument 1 of '__raw_readl' makes pointer from integer without a cast
 #define ioread32(p) ({ unsigned int __v = le32_to_cpu((__force __le32)__raw_readl(p)); __iormb(); __v; })
                                                                       ^
include/uapi/linux/byteorder/little_endian.h:33:51: note: in definition of macro '__le32_to_cpu'
 #define __le32_to_cpu(x) ((__force __u32)(__le32)(x))
                                                   ^
drivers/misc/mediatek/mach/mt6735/camera_isp_D2.c:108:33: note: in expansion of macro 'ioread32'
 #define ISP_RD32(addr)          ioread32(addr)
                                 ^
include/linux/printk.h:248:38: note: in expansion of macro 'ISP_RD32'
  no_printk(KERN_DEBUG pr_fmt(fmt), ##__VA_ARGS__)
                                      ^
drivers/misc/mediatek/mach/mt6735/camera_isp_D2.c:94:37: note: in expansion of macro 'pr_debug'
 #define LOG_DBG(format, args...)    pr_debug(MyTag format, ##args)
                                     ^
drivers/misc/mediatek/mach/mt6735/camera_isp_D2.c:6513:17: note: in expansion of macro 'LOG_DBG'
                 LOG_DBG("[TF_IMGI]0x%08X %08X",  (unsigned int)(ISP_TPIPE_ADDR + 0x0234), (unsigned int)ISP_RD32(ISP_ADDR + 0x0234));
                 ^
In file included from include/linux/io.h:22:0,
                 from /home/satory-ra/Android/kernel/android_kernel_oukitel_orange/drivers/misc/mediatek/mach/mt6735/include/mach/sync_write.h:6,
                 from drivers/misc/mediatek/mach/mt6735/camera_isp_D2.c:39:
/home/satory-ra/Android/kernel/android_kernel_oukitel_orange/arch/arm/include/asm/io.h:104:19: note: expected 'const volatile void *' but argument is of type 'long unsigned int'
 static inline u32 __raw_readl(const volatile void __iomem *addr)
                   ^
In file included from include/linux/byteorder/little_endian.h:4:0,
                 from /home/satory-ra/Android/kernel/android_kernel_oukitel_orange/arch/arm/include/uapi/asm/byteorder.h:21,
                 from include/asm-generic/bitops/le.h:5,
                 from /home/satory-ra/Android/kernel/android_kernel_oukitel_orange/arch/arm/include/asm/bitops.h:308,
                 from include/linux/bitops.h:22,
                 from include/linux/kernel.h:10,
                 from include/asm-generic/bug.h:13,
                 from /home/satory-ra/Android/kernel/android_kernel_oukitel_orange/arch/arm/include/asm/bug.h:61,
                 from include/linux/bug.h:4,
                 from include/linux/thread_info.h:11,
                 from include/linux/preempt.h:9,
                 from include/linux/spinlock.h:50,
                 from include/linux/kobject.h:23,
                 from include/linux/device.h:17,
                 from drivers/misc/mediatek/mach/mt6735/camera_isp_D2.c:17:
/home/satory-ra/Android/kernel/android_kernel_oukitel_orange/arch/arm/include/asm/io.h:340:71: warning: passing argument 1 of '__raw_readl' makes pointer from integer without a cast
 #define ioread32(p) ({ unsigned int __v = le32_to_cpu((__force __le32)__raw_readl(p)); __iormb(); __v; })
                                                                       ^
include/uapi/linux/byteorder/little_endian.h:33:51: note: in definition of macro '__le32_to_cpu'
 #define __le32_to_cpu(x) ((__force __u32)(__le32)(x))
                                                   ^
drivers/misc/mediatek/mach/mt6735/camera_isp_D2.c:108:33: note: in expansion of macro 'ioread32'
 #define ISP_RD32(addr)          ioread32(addr)
                                 ^
include/linux/printk.h:248:38: note: in expansion of macro 'ISP_RD32'
  no_printk(KERN_DEBUG pr_fmt(fmt), ##__VA_ARGS__)
                                      ^
drivers/misc/mediatek/mach/mt6735/camera_isp_D2.c:94:37: note: in expansion of macro 'pr_debug'
 #define LOG_DBG(format, args...)    pr_debug(MyTag format, ##args)
                                     ^
drivers/misc/mediatek/mach/mt6735/camera_isp_D2.c:6514:17: note: in expansion of macro 'LOG_DBG'
                 LOG_DBG("[TF_IMGI]0x%08X %08X",  (unsigned int)(ISP_TPIPE_ADDR + 0x0238), (unsigned int)ISP_RD32(ISP_ADDR + 0x0238));
                 ^
In file included from include/linux/io.h:22:0,
                 from /home/satory-ra/Android/kernel/android_kernel_oukitel_orange/drivers/misc/mediatek/mach/mt6735/include/mach/sync_write.h:6,
                 from drivers/misc/mediatek/mach/mt6735/camera_isp_D2.c:39:
/home/satory-ra/Android/kernel/android_kernel_oukitel_orange/arch/arm/include/asm/io.h:104:19: note: expected 'const volatile void *' but argument is of type 'long unsigned int'
 static inline u32 __raw_readl(const volatile void __iomem *addr)
                   ^
In file included from include/linux/byteorder/little_endian.h:4:0,
                 from /home/satory-ra/Android/kernel/android_kernel_oukitel_orange/arch/arm/include/uapi/asm/byteorder.h:21,
                 from include/asm-generic/bitops/le.h:5,
                 from /home/satory-ra/Android/kernel/android_kernel_oukitel_orange/arch/arm/include/asm/bitops.h:308,
                 from include/linux/bitops.h:22,
                 from include/linux/kernel.h:10,
                 from include/asm-generic/bug.h:13,
                 from /home/satory-ra/Android/kernel/android_kernel_oukitel_orange/arch/arm/include/asm/bug.h:61,
                 from include/linux/bug.h:4,
                 from include/linux/thread_info.h:11,
                 from include/linux/preempt.h:9,
                 from include/linux/spinlock.h:50,
                 from include/linux/kobject.h:23,
                 from include/linux/device.h:17,
                 from drivers/misc/mediatek/mach/mt6735/camera_isp_D2.c:17:
/home/satory-ra/Android/kernel/android_kernel_oukitel_orange/arch/arm/include/asm/io.h:340:71: warning: passing argument 1 of '__raw_readl' makes pointer from integer without a cast
 #define ioread32(p) ({ unsigned int __v = le32_to_cpu((__force __le32)__raw_readl(p)); __iormb(); __v; })
                                                                       ^
include/uapi/linux/byteorder/little_endian.h:33:51: note: in definition of macro '__le32_to_cpu'
 #define __le32_to_cpu(x) ((__force __u32)(__le32)(x))
                                                   ^
drivers/misc/mediatek/mach/mt6735/camera_isp_D2.c:108:33: note: in expansion of macro 'ioread32'
 #define ISP_RD32(addr)          ioread32(addr)
                                 ^
include/linux/printk.h:248:38: note: in expansion of macro 'ISP_RD32'
  no_printk(KERN_DEBUG pr_fmt(fmt), ##__VA_ARGS__)
                                      ^
drivers/misc/mediatek/mach/mt6735/camera_isp_D2.c:94:37: note: in expansion of macro 'pr_debug'
 #define LOG_DBG(format, args...)    pr_debug(MyTag format, ##args)
                                     ^
drivers/misc/mediatek/mach/mt6735/camera_isp_D2.c:6515:17: note: in expansion of macro 'LOG_DBG'
                 LOG_DBG("[TF_IMGI]0x%08X %08X",  (unsigned int)(ISP_TPIPE_ADDR + 0x023C), (unsigned int)ISP_RD32(ISP_ADDR + 0x023C));
                 ^
In file included from include/linux/io.h:22:0,
                 from /home/satory-ra/Android/kernel/android_kernel_oukitel_orange/drivers/misc/mediatek/mach/mt6735/include/mach/sync_write.h:6,
                 from drivers/misc/mediatek/mach/mt6735/camera_isp_D2.c:39:
/home/satory-ra/Android/kernel/android_kernel_oukitel_orange/arch/arm/include/asm/io.h:104:19: note: expected 'const volatile void *' but argument is of type 'long unsigned int'
 static inline u32 __raw_readl(const volatile void __iomem *addr)
                   ^
  CC      drivers/usb/core/hcd.o
In file included from include/linux/byteorder/little_endian.h:4:0,
                 from /home/satory-ra/Android/kernel/android_kernel_oukitel_orange/arch/arm/include/uapi/asm/byteorder.h:21,
                 from include/asm-generic/bitops/le.h:5,
                 from /home/satory-ra/Android/kernel/android_kernel_oukitel_orange/arch/arm/include/asm/bitops.h:308,
                 from include/linux/bitops.h:22,
                 from include/linux/kernel.h:10,
                 from include/asm-generic/bug.h:13,
                 from /home/satory-ra/Android/kernel/android_kernel_oukitel_orange/arch/arm/include/asm/bug.h:61,
                 from include/linux/bug.h:4,
                 from include/linux/thread_info.h:11,
                 from include/linux/preempt.h:9,
                 from include/linux/spinlock.h:50,
                 from include/linux/kobject.h:23,
                 from include/linux/device.h:17,
                 from drivers/misc/mediatek/mach/mt6735/camera_isp_D2.c:17:
/home/satory-ra/Android/kernel/android_kernel_oukitel_orange/arch/arm/include/asm/io.h:340:71: warning: passing argument 1 of '__raw_readl' makes pointer from integer without a cast
 #define ioread32(p) ({ unsigned int __v = le32_to_cpu((__force __le32)__raw_readl(p)); __iormb(); __v; })
                                                                       ^
include/uapi/linux/byteorder/little_endian.h:33:51: note: in definition of macro '__le32_to_cpu'
 #define __le32_to_cpu(x) ((__force __u32)(__le32)(x))
                                                   ^
drivers/misc/mediatek/mach/mt6735/camera_isp_D2.c:108:33: note: in expansion of macro 'ioread32'
 #define ISP_RD32(addr)          ioread32(addr)
                                 ^
include/linux/printk.h:248:38: note: in expansion of macro 'ISP_RD32'
  no_printk(KERN_DEBUG pr_fmt(fmt), ##__VA_ARGS__)
                                      ^
drivers/misc/mediatek/mach/mt6735/camera_isp_D2.c:94:37: note: in expansion of macro 'pr_debug'
 #define LOG_DBG(format, args...)    pr_debug(MyTag format, ##args)
                                     ^
drivers/misc/mediatek/mach/mt6735/camera_isp_D2.c:6516:17: note: in expansion of macro 'LOG_DBG'
                 LOG_DBG("[TF_IMGI]0x%08X %08X",  (unsigned int)(ISP_TPIPE_ADDR + 0x0240), (unsigned int)ISP_RD32(ISP_ADDR + 0x0240));
                 ^
In file included from include/linux/io.h:22:0,
                 from /home/satory-ra/Android/kernel/android_kernel_oukitel_orange/drivers/misc/mediatek/mach/mt6735/include/mach/sync_write.h:6,
                 from drivers/misc/mediatek/mach/mt6735/camera_isp_D2.c:39:
/home/satory-ra/Android/kernel/android_kernel_oukitel_orange/arch/arm/include/asm/io.h:104:19: note: expected 'const volatile void *' but argument is of type 'long unsigned int'
 static inline u32 __raw_readl(const volatile void __iomem *addr)
                   ^
In file included from include/linux/byteorder/little_endian.h:4:0,
                 from /home/satory-ra/Android/kernel/android_kernel_oukitel_orange/arch/arm/include/uapi/asm/byteorder.h:21,
                 from include/asm-generic/bitops/le.h:5,
                 from /home/satory-ra/Android/kernel/android_kernel_oukitel_orange/arch/arm/include/asm/bitops.h:308,
                 from include/linux/bitops.h:22,
                 from include/linux/kernel.h:10,
                 from include/asm-generic/bug.h:13,
                 from /home/satory-ra/Android/kernel/android_kernel_oukitel_orange/arch/arm/include/asm/bug.h:61,
                 from include/linux/bug.h:4,
                 from include/linux/thread_info.h:11,
                 from include/linux/preempt.h:9,
                 from include/linux/spinlock.h:50,
                 from include/linux/kobject.h:23,
                 from include/linux/device.h:17,
                 from drivers/misc/mediatek/mach/mt6735/camera_isp_D2.c:17:
/home/satory-ra/Android/kernel/android_kernel_oukitel_orange/arch/arm/include/asm/io.h:340:71: warning: passing argument 1 of '__raw_readl' makes pointer from integer without a cast
 #define ioread32(p) ({ unsigned int __v = le32_to_cpu((__force __le32)__raw_readl(p)); __iormb(); __v; })
                                                                       ^
include/uapi/linux/byteorder/little_endian.h:33:51: note: in definition of macro '__le32_to_cpu'
 #define __le32_to_cpu(x) ((__force __u32)(__le32)(x))
                                                   ^
drivers/misc/mediatek/mach/mt6735/camera_isp_D2.c:108:33: note: in expansion of macro 'ioread32'
 #define ISP_RD32(addr)          ioread32(addr)
                                 ^
include/linux/printk.h:248:38: note: in expansion of macro 'ISP_RD32'
  no_printk(KERN_DEBUG pr_fmt(fmt), ##__VA_ARGS__)
                                      ^
drivers/misc/mediatek/mach/mt6735/camera_isp_D2.c:94:37: note: in expansion of macro 'pr_debug'
 #define LOG_DBG(format, args...)    pr_debug(MyTag format, ##args)
                                     ^
drivers/misc/mediatek/mach/mt6735/camera_isp_D2.c:6518:17: note: in expansion of macro 'LOG_DBG'
                 LOG_DBG("[TF_ESFKO]0x%08X %08X",  (unsigned int)(ISP_TPIPE_ADDR + 0x035C), (unsigned int)ISP_RD32(ISP_ADDR + 0x035C));
                 ^
In file included from include/linux/io.h:22:0,
                 from /home/satory-ra/Android/kernel/android_kernel_oukitel_orange/drivers/misc/mediatek/mach/mt6735/include/mach/sync_write.h:6,
                 from drivers/misc/mediatek/mach/mt6735/camera_isp_D2.c:39:
/home/satory-ra/Android/kernel/android_kernel_oukitel_orange/arch/arm/include/asm/io.h:104:19: note: expected 'const volatile void *' but argument is of type 'long unsigned int'
 static inline u32 __raw_readl(const volatile void __iomem *addr)
                   ^
In file included from include/linux/byteorder/little_endian.h:4:0,
                 from /home/satory-ra/Android/kernel/android_kernel_oukitel_orange/arch/arm/include/uapi/asm/byteorder.h:21,
                 from include/asm-generic/bitops/le.h:5,
                 from /home/satory-ra/Android/kernel/android_kernel_oukitel_orange/arch/arm/include/asm/bitops.h:308,
                 from include/linux/bitops.h:22,
                 from include/linux/kernel.h:10,
                 from include/asm-generic/bug.h:13,
                 from /home/satory-ra/Android/kernel/android_kernel_oukitel_orange/arch/arm/include/asm/bug.h:61,
                 from include/linux/bug.h:4,
                 from include/linux/thread_info.h:11,
                 from include/linux/preempt.h:9,
                 from include/linux/spinlock.h:50,
                 from include/linux/kobject.h:23,
                 from include/linux/device.h:17,
                 from drivers/misc/mediatek/mach/mt6735/camera_isp_D2.c:17:
/home/satory-ra/Android/kernel/android_kernel_oukitel_orange/arch/arm/include/asm/io.h:340:71: warning: passing argument 1 of '__raw_readl' makes pointer from integer without a cast
 #define ioread32(p) ({ unsigned int __v = le32_to_cpu((__force __le32)__raw_readl(p)); __iormb(); __v; })
                                                                       ^
include/uapi/linux/byteorder/little_endian.h:33:51: note: in definition of macro '__le32_to_cpu'
 #define __le32_to_cpu(x) ((__force __u32)(__le32)(x))
                                                   ^
drivers/misc/mediatek/mach/mt6735/camera_isp_D2.c:108:33: note: in expansion of macro 'ioread32'
 #define ISP_RD32(addr)          ioread32(addr)
                                 ^
include/linux/printk.h:248:38: note: in expansion of macro 'ISP_RD32'
  no_printk(KERN_DEBUG pr_fmt(fmt), ##__VA_ARGS__)
                                      ^
drivers/misc/mediatek/mach/mt6735/camera_isp_D2.c:94:37: note: in expansion of macro 'pr_debug'
 #define LOG_DBG(format, args...)    pr_debug(MyTag format, ##args)
                                     ^
drivers/misc/mediatek/mach/mt6735/camera_isp_D2.c:6519:17: note: in expansion of macro 'LOG_DBG'
                 LOG_DBG("[TF_ESFKO]0x%08X %08X",  (unsigned int)(ISP_TPIPE_ADDR + 0x0360), (unsigned int)ISP_RD32(ISP_ADDR + 0x0360));
                 ^
In file included from include/linux/io.h:22:0,
                 from /home/satory-ra/Android/kernel/android_kernel_oukitel_orange/drivers/misc/mediatek/mach/mt6735/include/mach/sync_write.h:6,
                 from drivers/misc/mediatek/mach/mt6735/camera_isp_D2.c:39:
/home/satory-ra/Android/kernel/android_kernel_oukitel_orange/arch/arm/include/asm/io.h:104:19: note: expected 'const volatile void *' but argument is of type 'long unsigned int'
 static inline u32 __raw_readl(const volatile void __iomem *addr)
                   ^
In file included from include/linux/byteorder/little_endian.h:4:0,
                 from /home/satory-ra/Android/kernel/android_kernel_oukitel_orange/arch/arm/include/uapi/asm/byteorder.h:21,
                 from include/asm-generic/bitops/le.h:5,
                 from /home/satory-ra/Android/kernel/android_kernel_oukitel_orange/arch/arm/include/asm/bitops.h:308,
                 from include/linux/bitops.h:22,
                 from include/linux/kernel.h:10,
                 from include/asm-generic/bug.h:13,
                 from /home/satory-ra/Android/kernel/android_kernel_oukitel_orange/arch/arm/include/asm/bug.h:61,
                 from include/linux/bug.h:4,
                 from include/linux/thread_info.h:11,
                 from include/linux/preempt.h:9,
                 from include/linux/spinlock.h:50,
                 from include/linux/kobject.h:23,
                 from include/linux/device.h:17,
                 from drivers/misc/mediatek/mach/mt6735/camera_isp_D2.c:17:
/home/satory-ra/Android/kernel/android_kernel_oukitel_orange/arch/arm/include/asm/io.h:340:71: warning: passing argument 1 of '__raw_readl' makes pointer from integer without a cast
 #define ioread32(p) ({ unsigned int __v = le32_to_cpu((__force __le32)__raw_readl(p)); __iormb(); __v; })
                                                                       ^
include/uapi/linux/byteorder/little_endian.h:33:51: note: in definition of macro '__le32_to_cpu'
 #define __le32_to_cpu(x) ((__force __u32)(__le32)(x))
                                                   ^
drivers/misc/mediatek/mach/mt6735/camera_isp_D2.c:108:33: note: in expansion of macro 'ioread32'
 #define ISP_RD32(addr)          ioread32(addr)
                                 ^
include/linux/printk.h:248:38: note: in expansion of macro 'ISP_RD32'
  no_printk(KERN_DEBUG pr_fmt(fmt), ##__VA_ARGS__)
                                      ^
drivers/misc/mediatek/mach/mt6735/camera_isp_D2.c:94:37: note: in expansion of macro 'pr_debug'
 #define LOG_DBG(format, args...)    pr_debug(MyTag format, ##args)
                                     ^
drivers/misc/mediatek/mach/mt6735/camera_isp_D2.c:6520:17: note: in expansion of macro 'LOG_DBG'
                 LOG_DBG("[TF_ESFKO]0x%08X %08X",  (unsigned int)(ISP_TPIPE_ADDR + 0x0364), (unsigned int)ISP_RD32(ISP_ADDR + 0x0364));
                 ^
In file included from include/linux/io.h:22:0,
                 from /home/satory-ra/Android/kernel/android_kernel_oukitel_orange/drivers/misc/mediatek/mach/mt6735/include/mach/sync_write.h:6,
                 from drivers/misc/mediatek/mach/mt6735/camera_isp_D2.c:39:
/home/satory-ra/Android/kernel/android_kernel_oukitel_orange/arch/arm/include/asm/io.h:104:19: note: expected 'const volatile void *' but argument is of type 'long unsigned int'
 static inline u32 __raw_readl(const volatile void __iomem *addr)
                   ^
In file included from include/linux/byteorder/little_endian.h:4:0,
                 from /home/satory-ra/Android/kernel/android_kernel_oukitel_orange/arch/arm/include/uapi/asm/byteorder.h:21,
                 from include/asm-generic/bitops/le.h:5,
                 from /home/satory-ra/Android/kernel/android_kernel_oukitel_orange/arch/arm/include/asm/bitops.h:308,
                 from include/linux/bitops.h:22,
                 from include/linux/kernel.h:10,
                 from include/asm-generic/bug.h:13,
                 from /home/satory-ra/Android/kernel/android_kernel_oukitel_orange/arch/arm/include/asm/bug.h:61,
                 from include/linux/bug.h:4,
                 from include/linux/thread_info.h:11,
                 from include/linux/preempt.h:9,
                 from include/linux/spinlock.h:50,
                 from include/linux/kobject.h:23,
                 from include/linux/device.h:17,
                 from drivers/misc/mediatek/mach/mt6735/camera_isp_D2.c:17:
/home/satory-ra/Android/kernel/android_kernel_oukitel_orange/arch/arm/include/asm/io.h:340:71: warning: passing argument 1 of '__raw_readl' makes pointer from integer without a cast
 #define ioread32(p) ({ unsigned int __v = le32_to_cpu((__force __le32)__raw_readl(p)); __iormb(); __v; })
                                                                       ^
include/uapi/linux/byteorder/little_endian.h:33:51: note: in definition of macro '__le32_to_cpu'
 #define __le32_to_cpu(x) ((__force __u32)(__le32)(x))
                                                   ^
drivers/misc/mediatek/mach/mt6735/camera_isp_D2.c:108:33: note: in expansion of macro 'ioread32'
 #define ISP_RD32(addr)          ioread32(addr)
                                 ^
include/linux/printk.h:248:38: note: in expansion of macro 'ISP_RD32'
  no_printk(KERN_DEBUG pr_fmt(fmt), ##__VA_ARGS__)
                                      ^
drivers/misc/mediatek/mach/mt6735/camera_isp_D2.c:94:37: note: in expansion of macro 'pr_debug'
 #define LOG_DBG(format, args...)    pr_debug(MyTag format, ##args)
                                     ^
drivers/misc/mediatek/mach/mt6735/camera_isp_D2.c:6521:17: note: in expansion of macro 'LOG_DBG'
                 LOG_DBG("[TF_ESFKO]0x%08X %08X",  (unsigned int)(ISP_TPIPE_ADDR + 0x0368), (unsigned int)ISP_RD32(ISP_ADDR + 0x0368));
                 ^
In file included from include/linux/io.h:22:0,
                 from /home/satory-ra/Android/kernel/android_kernel_oukitel_orange/drivers/misc/mediatek/mach/mt6735/include/mach/sync_write.h:6,
                 from drivers/misc/mediatek/mach/mt6735/camera_isp_D2.c:39:
/home/satory-ra/Android/kernel/android_kernel_oukitel_orange/arch/arm/include/asm/io.h:104:19: note: expected 'const volatile void *' but argument is of type 'long unsigned int'
 static inline u32 __raw_readl(const volatile void __iomem *addr)
                   ^
In file included from include/linux/byteorder/little_endian.h:4:0,
                 from /home/satory-ra/Android/kernel/android_kernel_oukitel_orange/arch/arm/include/uapi/asm/byteorder.h:21,
                 from include/asm-generic/bitops/le.h:5,
                 from /home/satory-ra/Android/kernel/android_kernel_oukitel_orange/arch/arm/include/asm/bitops.h:308,
                 from include/linux/bitops.h:22,
                 from include/linux/kernel.h:10,
                 from include/asm-generic/bug.h:13,
                 from /home/satory-ra/Android/kernel/android_kernel_oukitel_orange/arch/arm/include/asm/bug.h:61,
                 from include/linux/bug.h:4,
                 from include/linux/thread_info.h:11,
                 from include/linux/preempt.h:9,
                 from include/linux/spinlock.h:50,
                 from include/linux/kobject.h:23,
                 from include/linux/device.h:17,
                 from drivers/misc/mediatek/mach/mt6735/camera_isp_D2.c:17:
/home/satory-ra/Android/kernel/android_kernel_oukitel_orange/arch/arm/include/asm/io.h:340:71: warning: passing argument 1 of '__raw_readl' makes pointer from integer without a cast
 #define ioread32(p) ({ unsigned int __v = le32_to_cpu((__force __le32)__raw_readl(p)); __iormb(); __v; })
                                                                       ^
include/uapi/linux/byteorder/little_endian.h:33:51: note: in definition of macro '__le32_to_cpu'
 #define __le32_to_cpu(x) ((__force __u32)(__le32)(x))
                                                   ^
drivers/misc/mediatek/mach/mt6735/camera_isp_D2.c:108:33: note: in expansion of macro 'ioread32'
 #define ISP_RD32(addr)          ioread32(addr)
                                 ^
include/linux/printk.h:248:38: note: in expansion of macro 'ISP_RD32'
  no_printk(KERN_DEBUG pr_fmt(fmt), ##__VA_ARGS__)
                                      ^
drivers/misc/mediatek/mach/mt6735/camera_isp_D2.c:94:37: note: in expansion of macro 'pr_debug'
 #define LOG_DBG(format, args...)    pr_debug(MyTag format, ##args)
                                     ^
drivers/misc/mediatek/mach/mt6735/camera_isp_D2.c:6522:17: note: in expansion of macro 'LOG_DBG'
                 LOG_DBG("[TF_ESFKO]0x%08X %08X",  (unsigned int)(ISP_TPIPE_ADDR + 0x036C), (unsigned int)ISP_RD32(ISP_ADDR + 0x036C));
                 ^
In file included from include/linux/io.h:22:0,
                 from /home/satory-ra/Android/kernel/android_kernel_oukitel_orange/drivers/misc/mediatek/mach/mt6735/include/mach/sync_write.h:6,
                 from drivers/misc/mediatek/mach/mt6735/camera_isp_D2.c:39:
/home/satory-ra/Android/kernel/android_kernel_oukitel_orange/arch/arm/include/asm/io.h:104:19: note: expected 'const volatile void *' but argument is of type 'long unsigned int'
 static inline u32 __raw_readl(const volatile void __iomem *addr)
                   ^
In file included from include/linux/byteorder/little_endian.h:4:0,
                 from /home/satory-ra/Android/kernel/android_kernel_oukitel_orange/arch/arm/include/uapi/asm/byteorder.h:21,
                 from include/asm-generic/bitops/le.h:5,
                 from /home/satory-ra/Android/kernel/android_kernel_oukitel_orange/arch/arm/include/asm/bitops.h:308,
                 from include/linux/bitops.h:22,
                 from include/linux/kernel.h:10,
                 from include/asm-generic/bug.h:13,
                 from /home/satory-ra/Android/kernel/android_kernel_oukitel_orange/arch/arm/include/asm/bug.h:61,
                 from include/linux/bug.h:4,
                 from include/linux/thread_info.h:11,
                 from include/linux/preempt.h:9,
                 from include/linux/spinlock.h:50,
                 from include/linux/kobject.h:23,
                 from include/linux/device.h:17,
                 from drivers/misc/mediatek/mach/mt6735/camera_isp_D2.c:17:
/home/satory-ra/Android/kernel/android_kernel_oukitel_orange/arch/arm/include/asm/io.h:340:71: warning: passing argument 1 of '__raw_readl' makes pointer from integer without a cast
 #define ioread32(p) ({ unsigned int __v = le32_to_cpu((__force __le32)__raw_readl(p)); __iormb(); __v; })
                                                                       ^
include/uapi/linux/byteorder/little_endian.h:33:51: note: in definition of macro '__le32_to_cpu'
 #define __le32_to_cpu(x) ((__force __u32)(__le32)(x))
                                                   ^
drivers/misc/mediatek/mach/mt6735/camera_isp_D2.c:108:33: note: in expansion of macro 'ioread32'
 #define ISP_RD32(addr)          ioread32(addr)
                                 ^
include/linux/printk.h:248:38: note: in expansion of macro 'ISP_RD32'
  no_printk(KERN_DEBUG pr_fmt(fmt), ##__VA_ARGS__)
                                      ^
drivers/misc/mediatek/mach/mt6735/camera_isp_D2.c:94:37: note: in expansion of macro 'pr_debug'
 #define LOG_DBG(format, args...)    pr_debug(MyTag format, ##args)
                                     ^
drivers/misc/mediatek/mach/mt6735/camera_isp_D2.c:6523:17: note: in expansion of macro 'LOG_DBG'
                 LOG_DBG("[TF_ESFKO]0x%08X %08X",  (unsigned int)(ISP_TPIPE_ADDR + 0x0370), (unsigned int)ISP_RD32(ISP_ADDR + 0x0370));
                 ^
In file included from include/linux/io.h:22:0,
                 from /home/satory-ra/Android/kernel/android_kernel_oukitel_orange/drivers/misc/mediatek/mach/mt6735/include/mach/sync_write.h:6,
                 from drivers/misc/mediatek/mach/mt6735/camera_isp_D2.c:39:
/home/satory-ra/Android/kernel/android_kernel_oukitel_orange/arch/arm/include/asm/io.h:104:19: note: expected 'const volatile void *' but argument is of type 'long unsigned int'
 static inline u32 __raw_readl(const volatile void __iomem *addr)
                   ^
In file included from include/linux/byteorder/little_endian.h:4:0,
                 from /home/satory-ra/Android/kernel/android_kernel_oukitel_orange/arch/arm/include/uapi/asm/byteorder.h:21,
                 from include/asm-generic/bitops/le.h:5,
                 from /home/satory-ra/Android/kernel/android_kernel_oukitel_orange/arch/arm/include/asm/bitops.h:308,
                 from include/linux/bitops.h:22,
                 from include/linux/kernel.h:10,
                 from include/asm-generic/bug.h:13,
                 from /home/satory-ra/Android/kernel/android_kernel_oukitel_orange/arch/arm/include/asm/bug.h:61,
                 from include/linux/bug.h:4,
                 from include/linux/thread_info.h:11,
                 from include/linux/preempt.h:9,
                 from include/linux/spinlock.h:50,
                 from include/linux/kobject.h:23,
                 from include/linux/device.h:17,
                 from drivers/misc/mediatek/mach/mt6735/camera_isp_D2.c:17:
/home/satory-ra/Android/kernel/android_kernel_oukitel_orange/arch/arm/include/asm/io.h:340:71: warning: passing argument 1 of '__raw_readl' makes pointer from integer without a cast
 #define ioread32(p) ({ unsigned int __v = le32_to_cpu((__force __le32)__raw_readl(p)); __iormb(); __v; })
                                                                       ^
include/uapi/linux/byteorder/little_endian.h:33:51: note: in definition of macro '__le32_to_cpu'
 #define __le32_to_cpu(x) ((__force __u32)(__le32)(x))
                                                   ^
drivers/misc/mediatek/mach/mt6735/camera_isp_D2.c:108:33: note: in expansion of macro 'ioread32'
 #define ISP_RD32(addr)          ioread32(addr)
                                 ^
include/linux/printk.h:248:38: note: in expansion of macro 'ISP_RD32'
  no_printk(KERN_DEBUG pr_fmt(fmt), ##__VA_ARGS__)
                                      ^
drivers/misc/mediatek/mach/mt6735/camera_isp_D2.c:94:37: note: in expansion of macro 'pr_debug'
 #define LOG_DBG(format, args...)    pr_debug(MyTag format, ##args)
                                     ^
drivers/misc/mediatek/mach/mt6735/camera_isp_D2.c:6524:17: note: in expansion of macro 'LOG_DBG'
                 LOG_DBG("[TF_ESFKO]0x%08X %08X",  (unsigned int)(ISP_TPIPE_ADDR + 0x0374), (unsigned int)ISP_RD32(ISP_ADDR + 0x0374));
                 ^
In file included from include/linux/io.h:22:0,
                 from /home/satory-ra/Android/kernel/android_kernel_oukitel_orange/drivers/misc/mediatek/mach/mt6735/include/mach/sync_write.h:6,
                 from drivers/misc/mediatek/mach/mt6735/camera_isp_D2.c:39:
/home/satory-ra/Android/kernel/android_kernel_oukitel_orange/arch/arm/include/asm/io.h:104:19: note: expected 'const volatile void *' but argument is of type 'long unsigned int'
 static inline u32 __raw_readl(const volatile void __iomem *addr)
                   ^
In file included from include/linux/byteorder/little_endian.h:4:0,
                 from /home/satory-ra/Android/kernel/android_kernel_oukitel_orange/arch/arm/include/uapi/asm/byteorder.h:21,
                 from include/asm-generic/bitops/le.h:5,
                 from /home/satory-ra/Android/kernel/android_kernel_oukitel_orange/arch/arm/include/asm/bitops.h:308,
                 from include/linux/bitops.h:22,
                 from include/linux/kernel.h:10,
                 from include/asm-generic/bug.h:13,
                 from /home/satory-ra/Android/kernel/android_kernel_oukitel_orange/arch/arm/include/asm/bug.h:61,
                 from include/linux/bug.h:4,
                 from include/linux/thread_info.h:11,
                 from include/linux/preempt.h:9,
                 from include/linux/spinlock.h:50,
                 from include/linux/kobject.h:23,
                 from include/linux/device.h:17,
                 from drivers/misc/mediatek/mach/mt6735/camera_isp_D2.c:17:
/home/satory-ra/Android/kernel/android_kernel_oukitel_orange/arch/arm/include/asm/io.h:340:71: warning: passing argument 1 of '__raw_readl' makes pointer from integer without a cast
 #define ioread32(p) ({ unsigned int __v = le32_to_cpu((__force __le32)__raw_readl(p)); __iormb(); __v; })
                                                                       ^
include/uapi/linux/byteorder/little_endian.h:33:51: note: in definition of macro '__le32_to_cpu'
 #define __le32_to_cpu(x) ((__force __u32)(__le32)(x))
                                                   ^
drivers/misc/mediatek/mach/mt6735/camera_isp_D2.c:108:33: note: in expansion of macro 'ioread32'
 #define ISP_RD32(addr)          ioread32(addr)
                                 ^
include/linux/printk.h:248:38: note: in expansion of macro 'ISP_RD32'
  no_printk(KERN_DEBUG pr_fmt(fmt), ##__VA_ARGS__)
                                      ^
drivers/misc/mediatek/mach/mt6735/camera_isp_D2.c:94:37: note: in expansion of macro 'pr_debug'
 #define LOG_DBG(format, args...)    pr_debug(MyTag format, ##args)
                                     ^
drivers/misc/mediatek/mach/mt6735/camera_isp_D2.c:6525:17: note: in expansion of macro 'LOG_DBG'
                 LOG_DBG("[TF_ESFKO]0x%08X %08X",  (unsigned int)(ISP_TPIPE_ADDR + 0x0378), (unsigned int)ISP_RD32(ISP_ADDR + 0x0378));
                 ^
In file included from include/linux/io.h:22:0,
                 from /home/satory-ra/Android/kernel/android_kernel_oukitel_orange/drivers/misc/mediatek/mach/mt6735/include/mach/sync_write.h:6,
                 from drivers/misc/mediatek/mach/mt6735/camera_isp_D2.c:39:
/home/satory-ra/Android/kernel/android_kernel_oukitel_orange/arch/arm/include/asm/io.h:104:19: note: expected 'const volatile void *' but argument is of type 'long unsigned int'
 static inline u32 __raw_readl(const volatile void __iomem *addr)
                   ^
In file included from include/linux/byteorder/little_endian.h:4:0,
                 from /home/satory-ra/Android/kernel/android_kernel_oukitel_orange/arch/arm/include/uapi/asm/byteorder.h:21,
                 from include/asm-generic/bitops/le.h:5,
                 from /home/satory-ra/Android/kernel/android_kernel_oukitel_orange/arch/arm/include/asm/bitops.h:308,
                 from include/linux/bitops.h:22,
                 from include/linux/kernel.h:10,
                 from include/asm-generic/bug.h:13,
                 from /home/satory-ra/Android/kernel/android_kernel_oukitel_orange/arch/arm/include/asm/bug.h:61,
                 from include/linux/bug.h:4,
                 from include/linux/thread_info.h:11,
                 from include/linux/preempt.h:9,
                 from include/linux/spinlock.h:50,
                 from include/linux/kobject.h:23,
                 from include/linux/device.h:17,
                 from drivers/misc/mediatek/mach/mt6735/camera_isp_D2.c:17:
/home/satory-ra/Android/kernel/android_kernel_oukitel_orange/arch/arm/include/asm/io.h:340:71: warning: passing argument 1 of '__raw_readl' makes pointer from integer without a cast
 #define ioread32(p) ({ unsigned int __v = le32_to_cpu((__force __le32)__raw_readl(p)); __iormb(); __v; })
                                                                       ^
include/uapi/linux/byteorder/little_endian.h:33:51: note: in definition of macro '__le32_to_cpu'
 #define __le32_to_cpu(x) ((__force __u32)(__le32)(x))
                                                   ^
drivers/misc/mediatek/mach/mt6735/camera_isp_D2.c:108:33: note: in expansion of macro 'ioread32'
 #define ISP_RD32(addr)          ioread32(addr)
                                 ^
include/linux/printk.h:248:38: note: in expansion of macro 'ISP_RD32'
  no_printk(KERN_DEBUG pr_fmt(fmt), ##__VA_ARGS__)
                                      ^
drivers/misc/mediatek/mach/mt6735/camera_isp_D2.c:94:37: note: in expansion of macro 'pr_debug'
 #define LOG_DBG(format, args...)    pr_debug(MyTag format, ##args)
                                     ^
drivers/misc/mediatek/mach/mt6735/camera_isp_D2.c:6526:17: note: in expansion of macro 'LOG_DBG'
                 LOG_DBG("[TF_ESFKO]0x%08X %08X",  (unsigned int)(ISP_TPIPE_ADDR + 0x037C), (unsigned int)ISP_RD32(ISP_ADDR + 0x037C));
                 ^
In file included from include/linux/io.h:22:0,
                 from /home/satory-ra/Android/kernel/android_kernel_oukitel_orange/drivers/misc/mediatek/mach/mt6735/include/mach/sync_write.h:6,
                 from drivers/misc/mediatek/mach/mt6735/camera_isp_D2.c:39:
/home/satory-ra/Android/kernel/android_kernel_oukitel_orange/arch/arm/include/asm/io.h:104:19: note: expected 'const volatile void *' but argument is of type 'long unsigned int'
 static inline u32 __raw_readl(const volatile void __iomem *addr)
                   ^
In file included from include/linux/byteorder/little_endian.h:4:0,
                 from /home/satory-ra/Android/kernel/android_kernel_oukitel_orange/arch/arm/include/uapi/asm/byteorder.h:21,
                 from include/asm-generic/bitops/le.h:5,
                 from /home/satory-ra/Android/kernel/android_kernel_oukitel_orange/arch/arm/include/asm/bitops.h:308,
                 from include/linux/bitops.h:22,
                 from include/linux/kernel.h:10,
                 from include/asm-generic/bug.h:13,
                 from /home/satory-ra/Android/kernel/android_kernel_oukitel_orange/arch/arm/include/asm/bug.h:61,
                 from include/linux/bug.h:4,
                 from include/linux/thread_info.h:11,
                 from include/linux/preempt.h:9,
                 from include/linux/spinlock.h:50,
                 from include/linux/kobject.h:23,
                 from include/linux/device.h:17,
                 from drivers/misc/mediatek/mach/mt6735/camera_isp_D2.c:17:
/home/satory-ra/Android/kernel/android_kernel_oukitel_orange/arch/arm/include/asm/io.h:340:71: warning: passing argument 1 of '__raw_readl' makes pointer from integer without a cast
 #define ioread32(p) ({ unsigned int __v = le32_to_cpu((__force __le32)__raw_readl(p)); __iormb(); __v; })
                                                                       ^
include/uapi/linux/byteorder/little_endian.h:33:51: note: in definition of macro '__le32_to_cpu'
 #define __le32_to_cpu(x) ((__force __u32)(__le32)(x))
                                                   ^
drivers/misc/mediatek/mach/mt6735/camera_isp_D2.c:108:33: note: in expansion of macro 'ioread32'
 #define ISP_RD32(addr)          ioread32(addr)
                                 ^
include/linux/printk.h:248:38: note: in expansion of macro 'ISP_RD32'
  no_printk(KERN_DEBUG pr_fmt(fmt), ##__VA_ARGS__)
                                      ^
drivers/misc/mediatek/mach/mt6735/camera_isp_D2.c:94:37: note: in expansion of macro 'pr_debug'
 #define LOG_DBG(format, args...)    pr_debug(MyTag format, ##args)
                                     ^
drivers/misc/mediatek/mach/mt6735/camera_isp_D2.c:6528:17: note: in expansion of macro 'LOG_DBG'
                 LOG_DBG("[TF_AAO]0x%08X %08X",  (unsigned int)(ISP_TPIPE_ADDR + 0x0388), (unsigned int)ISP_RD32(ISP_ADDR + 0x0388));
                 ^
In file included from include/linux/io.h:22:0,
                 from /home/satory-ra/Android/kernel/android_kernel_oukitel_orange/drivers/misc/mediatek/mach/mt6735/include/mach/sync_write.h:6,
                 from drivers/misc/mediatek/mach/mt6735/camera_isp_D2.c:39:
/home/satory-ra/Android/kernel/android_kernel_oukitel_orange/arch/arm/include/asm/io.h:104:19: note: expected 'const volatile void *' but argument is of type 'long unsigned int'
 static inline u32 __raw_readl(const volatile void __iomem *addr)
                   ^
In file included from include/linux/byteorder/little_endian.h:4:0,
                 from /home/satory-ra/Android/kernel/android_kernel_oukitel_orange/arch/arm/include/uapi/asm/byteorder.h:21,
                 from include/asm-generic/bitops/le.h:5,
                 from /home/satory-ra/Android/kernel/android_kernel_oukitel_orange/arch/arm/include/asm/bitops.h:308,
                 from include/linux/bitops.h:22,
                 from include/linux/kernel.h:10,
                 from include/asm-generic/bug.h:13,
                 from /home/satory-ra/Android/kernel/android_kernel_oukitel_orange/arch/arm/include/asm/bug.h:61,
                 from include/linux/bug.h:4,
                 from include/linux/thread_info.h:11,
                 from include/linux/preempt.h:9,
                 from include/linux/spinlock.h:50,
                 from include/linux/kobject.h:23,
                 from include/linux/device.h:17,
                 from drivers/misc/mediatek/mach/mt6735/camera_isp_D2.c:17:
/home/satory-ra/Android/kernel/android_kernel_oukitel_orange/arch/arm/include/asm/io.h:340:71: warning: passing argument 1 of '__raw_readl' makes pointer from integer without a cast
 #define ioread32(p) ({ unsigned int __v = le32_to_cpu((__force __le32)__raw_readl(p)); __iormb(); __v; })
                                                                       ^
include/uapi/linux/byteorder/little_endian.h:33:51: note: in definition of macro '__le32_to_cpu'
 #define __le32_to_cpu(x) ((__force __u32)(__le32)(x))
                                                   ^
drivers/misc/mediatek/mach/mt6735/camera_isp_D2.c:108:33: note: in expansion of macro 'ioread32'
 #define ISP_RD32(addr)          ioread32(addr)
                                 ^
include/linux/printk.h:248:38: note: in expansion of macro 'ISP_RD32'
  no_printk(KERN_DEBUG pr_fmt(fmt), ##__VA_ARGS__)
                                      ^
drivers/misc/mediatek/mach/mt6735/camera_isp_D2.c:94:37: note: in expansion of macro 'pr_debug'
 #define LOG_DBG(format, args...)    pr_debug(MyTag format, ##args)
                                     ^
drivers/misc/mediatek/mach/mt6735/camera_isp_D2.c:6529:17: note: in expansion of macro 'LOG_DBG'
                 LOG_DBG("[TF_AAO]0x%08X %08X",  (unsigned int)(ISP_TPIPE_ADDR + 0x038C), (unsigned int)ISP_RD32(ISP_ADDR + 0x038C));
                 ^
In file included from include/linux/io.h:22:0,
                 from /home/satory-ra/Android/kernel/android_kernel_oukitel_orange/drivers/misc/mediatek/mach/mt6735/include/mach/sync_write.h:6,
                 from drivers/misc/mediatek/mach/mt6735/camera_isp_D2.c:39:
/home/satory-ra/Android/kernel/android_kernel_oukitel_orange/arch/arm/include/asm/io.h:104:19: note: expected 'const volatile void *' but argument is of type 'long unsigned int'
 static inline u32 __raw_readl(const volatile void __iomem *addr)
                   ^
In file included from include/linux/byteorder/little_endian.h:4:0,
                 from /home/satory-ra/Android/kernel/android_kernel_oukitel_orange/arch/arm/include/uapi/asm/byteorder.h:21,
                 from include/asm-generic/bitops/le.h:5,
                 from /home/satory-ra/Android/kernel/android_kernel_oukitel_orange/arch/arm/include/asm/bitops.h:308,
                 from include/linux/bitops.h:22,
                 from include/linux/kernel.h:10,
                 from include/asm-generic/bug.h:13,
                 from /home/satory-ra/Android/kernel/android_kernel_oukitel_orange/arch/arm/include/asm/bug.h:61,
                 from include/linux/bug.h:4,
                 from include/linux/thread_info.h:11,
                 from include/linux/preempt.h:9,
                 from include/linux/spinlock.h:50,
                 from include/linux/kobject.h:23,
                 from include/linux/device.h:17,
                 from drivers/misc/mediatek/mach/mt6735/camera_isp_D2.c:17:
/home/satory-ra/Android/kernel/android_kernel_oukitel_orange/arch/arm/include/asm/io.h:340:71: warning: passing argument 1 of '__raw_readl' makes pointer from integer without a cast
 #define ioread32(p) ({ unsigned int __v = le32_to_cpu((__force __le32)__raw_readl(p)); __iormb(); __v; })
                                                                       ^
include/uapi/linux/byteorder/little_endian.h:33:51: note: in definition of macro '__le32_to_cpu'
 #define __le32_to_cpu(x) ((__force __u32)(__le32)(x))
                                                   ^
drivers/misc/mediatek/mach/mt6735/camera_isp_D2.c:108:33: note: in expansion of macro 'ioread32'
 #define ISP_RD32(addr)          ioread32(addr)
                                 ^
include/linux/printk.h:248:38: note: in expansion of macro 'ISP_RD32'
  no_printk(KERN_DEBUG pr_fmt(fmt), ##__VA_ARGS__)
                                      ^
drivers/misc/mediatek/mach/mt6735/camera_isp_D2.c:94:37: note: in expansion of macro 'pr_debug'
 #define LOG_DBG(format, args...)    pr_debug(MyTag format, ##args)
                                     ^
drivers/misc/mediatek/mach/mt6735/camera_isp_D2.c:6530:17: note: in expansion of macro 'LOG_DBG'
                 LOG_DBG("[TF_AAO]0x%08X %08X",  (unsigned int)(ISP_TPIPE_ADDR + 0x0390), (unsigned int)ISP_RD32(ISP_ADDR + 0x0390));
                 ^
In file included from include/linux/io.h:22:0,
                 from /home/satory-ra/Android/kernel/android_kernel_oukitel_orange/drivers/misc/mediatek/mach/mt6735/include/mach/sync_write.h:6,
                 from drivers/misc/mediatek/mach/mt6735/camera_isp_D2.c:39:
/home/satory-ra/Android/kernel/android_kernel_oukitel_orange/arch/arm/include/asm/io.h:104:19: note: expected 'const volatile void *' but argument is of type 'long unsigned int'
 static inline u32 __raw_readl(const volatile void __iomem *addr)
                   ^
In file included from include/linux/byteorder/little_endian.h:4:0,
                 from /home/satory-ra/Android/kernel/android_kernel_oukitel_orange/arch/arm/include/uapi/asm/byteorder.h:21,
                 from include/asm-generic/bitops/le.h:5,
                 from /home/satory-ra/Android/kernel/android_kernel_oukitel_orange/arch/arm/include/asm/bitops.h:308,
                 from include/linux/bitops.h:22,
                 from include/linux/kernel.h:10,
                 from include/asm-generic/bug.h:13,
                 from /home/satory-ra/Android/kernel/android_kernel_oukitel_orange/arch/arm/include/asm/bug.h:61,
                 from include/linux/bug.h:4,
                 from include/linux/thread_info.h:11,
                 from include/linux/preempt.h:9,
                 from include/linux/spinlock.h:50,
                 from include/linux/kobject.h:23,
                 from include/linux/device.h:17,
                 from drivers/misc/mediatek/mach/mt6735/camera_isp_D2.c:17:
/home/satory-ra/Android/kernel/android_kernel_oukitel_orange/arch/arm/include/asm/io.h:340:71: warning: passing argument 1 of '__raw_readl' makes pointer from integer without a cast
 #define ioread32(p) ({ unsigned int __v = le32_to_cpu((__force __le32)__raw_readl(p)); __iormb(); __v; })
                                                                       ^
include/uapi/linux/byteorder/little_endian.h:33:51: note: in definition of macro '__le32_to_cpu'
 #define __le32_to_cpu(x) ((__force __u32)(__le32)(x))
                                                   ^
drivers/misc/mediatek/mach/mt6735/camera_isp_D2.c:108:33: note: in expansion of macro 'ioread32'
 #define ISP_RD32(addr)          ioread32(addr)
                                 ^
include/linux/printk.h:248:38: note: in expansion of macro 'ISP_RD32'
  no_printk(KERN_DEBUG pr_fmt(fmt), ##__VA_ARGS__)
                                      ^
drivers/misc/mediatek/mach/mt6735/camera_isp_D2.c:94:37: note: in expansion of macro 'pr_debug'
 #define LOG_DBG(format, args...)    pr_debug(MyTag format, ##args)
                                     ^
drivers/misc/mediatek/mach/mt6735/camera_isp_D2.c:6531:17: note: in expansion of macro 'LOG_DBG'
                 LOG_DBG("[TF_AAO]0x%08X %08X",  (unsigned int)(ISP_TPIPE_ADDR + 0x0394), (unsigned int)ISP_RD32(ISP_ADDR + 0x0394));
                 ^
In file included from include/linux/io.h:22:0,
                 from /home/satory-ra/Android/kernel/android_kernel_oukitel_orange/drivers/misc/mediatek/mach/mt6735/include/mach/sync_write.h:6,
                 from drivers/misc/mediatek/mach/mt6735/camera_isp_D2.c:39:
/home/satory-ra/Android/kernel/android_kernel_oukitel_orange/arch/arm/include/asm/io.h:104:19: note: expected 'const volatile void *' but argument is of type 'long unsigned int'
 static inline u32 __raw_readl(const volatile void __iomem *addr)
                   ^
In file included from include/linux/byteorder/little_endian.h:4:0,
                 from /home/satory-ra/Android/kernel/android_kernel_oukitel_orange/arch/arm/include/uapi/asm/byteorder.h:21,
                 from include/asm-generic/bitops/le.h:5,
                 from /home/satory-ra/Android/kernel/android_kernel_oukitel_orange/arch/arm/include/asm/bitops.h:308,
                 from include/linux/bitops.h:22,
                 from include/linux/kernel.h:10,
                 from include/asm-generic/bug.h:13,
                 from /home/satory-ra/Android/kernel/android_kernel_oukitel_orange/arch/arm/include/asm/bug.h:61,
                 from include/linux/bug.h:4,
                 from include/linux/thread_info.h:11,
                 from include/linux/preempt.h:9,
                 from include/linux/spinlock.h:50,
                 from include/linux/kobject.h:23,
                 from include/linux/device.h:17,
                 from drivers/misc/mediatek/mach/mt6735/camera_isp_D2.c:17:
/home/satory-ra/Android/kernel/android_kernel_oukitel_orange/arch/arm/include/asm/io.h:340:71: warning: passing argument 1 of '__raw_readl' makes pointer from integer without a cast
 #define ioread32(p) ({ unsigned int __v = le32_to_cpu((__force __le32)__raw_readl(p)); __iormb(); __v; })
                                                                       ^
include/uapi/linux/byteorder/little_endian.h:33:51: note: in definition of macro '__le32_to_cpu'
 #define __le32_to_cpu(x) ((__force __u32)(__le32)(x))
                                                   ^
drivers/misc/mediatek/mach/mt6735/camera_isp_D2.c:108:33: note: in expansion of macro 'ioread32'
 #define ISP_RD32(addr)          ioread32(addr)
                                 ^
include/linux/printk.h:248:38: note: in expansion of macro 'ISP_RD32'
  no_printk(KERN_DEBUG pr_fmt(fmt), ##__VA_ARGS__)
                                      ^
drivers/misc/mediatek/mach/mt6735/camera_isp_D2.c:94:37: note: in expansion of macro 'pr_debug'
 #define LOG_DBG(format, args...)    pr_debug(MyTag format, ##args)
                                     ^
drivers/misc/mediatek/mach/mt6735/camera_isp_D2.c:6532:17: note: in expansion of macro 'LOG_DBG'
                 LOG_DBG("[TF_AAO]0x%08X %08X",  (unsigned int)(ISP_TPIPE_ADDR + 0x0398), (unsigned int)ISP_RD32(ISP_ADDR + 0x0398));
                 ^
In file included from include/linux/io.h:22:0,
                 from /home/satory-ra/Android/kernel/android_kernel_oukitel_orange/drivers/misc/mediatek/mach/mt6735/include/mach/sync_write.h:6,
                 from drivers/misc/mediatek/mach/mt6735/camera_isp_D2.c:39:
/home/satory-ra/Android/kernel/android_kernel_oukitel_orange/arch/arm/include/asm/io.h:104:19: note: expected 'const volatile void *' but argument is of type 'long unsigned int'
 static inline u32 __raw_readl(const volatile void __iomem *addr)
                   ^
  CC      drivers/tty/tty_ldisc.o
  CC      drivers/usb/core/urb.o
  CC      drivers/tty/tty_buffer.o
  CC      drivers/usb/core/message.o
  CC      drivers/tty/tty_port.o
  CC      drivers/tty/tty_mutex.o
  CC      drivers/usb/core/driver.o
  CC      drivers/tty/tty_ldsem.o
  CC      drivers/usb/core/config.o
  CC      drivers/tty/pty.o
  CC      drivers/usb/core/file.o
  CC      drivers/tty/tty_audit.o
  CC      drivers/misc/mediatek/mach/mt6735/camera_sysram_D2.o
  CC      drivers/usb/core/buffer.o
drivers/misc/mediatek/mach/mt6735/camera_sysram_D2.c:1571:2: warning: initialization from incompatible pointer type
  .read = SYSRAM_DumpLayoutToProc,
  ^
drivers/misc/mediatek/mach/mt6735/camera_sysram_D2.c:1571:2: warning: (near initialization for 'fsysram_proc_fops.read')
drivers/misc/mediatek/mach/mt6735/camera_sysram_D2.c:1575:2: warning: initialization from incompatible pointer type
  .read = SYSRAM_ReadFlag,
  ^
drivers/misc/mediatek/mach/mt6735/camera_sysram_D2.c:1575:2: warning: (near initialization for 'fsysram_flag_proc_fops.read')
drivers/misc/mediatek/mach/mt6735/camera_sysram_D2.c:1576:2: warning: initialization from incompatible pointer type
  .write = SYSRAM_WriteFlag,
  ^
drivers/misc/mediatek/mach/mt6735/camera_sysram_D2.c:1576:2: warning: (near initialization for 'fsysram_flag_proc_fops.write')
drivers/misc/mediatek/mach/mt6735/camera_sysram_D2.c: In function 'SYSRAM_Init':
drivers/misc/mediatek/mach/mt6735/camera_sysram_D2.c:1582:28: warning: unused variable 'pEntry' [-Wunused-variable]
     struct proc_dir_entry *pEntry;
                            ^
  CC      drivers/tty/sysrq.o
  CC      drivers/usb/core/sysfs.o
  CC      drivers/misc/mediatek/mach/mt6735/camera_pipe_mgr_D2.o
  CC      drivers/usb/core/endpoint.o
drivers/misc/mediatek/mach/mt6735/camera_pipe_mgr_D2.c: In function 'CamPipeMgr_Ioctl':
drivers/misc/mediatek/mach/mt6735/camera_pipe_mgr_D2.c:566:5: warning: ISO C90 forbids mixed declarations and code [-Wdeclaration-after-statement]
     MINT32  Ret = 0;
     ^
drivers/misc/mediatek/mach/mt6735/camera_pipe_mgr_D2.c: At top level:
drivers/misc/mediatek/mach/mt6735/camera_pipe_mgr_D2.c:1432:5: warning: initialization from incompatible pointer type
     .probe      = CamPipeMgr_Probe,
     ^
drivers/misc/mediatek/mach/mt6735/camera_pipe_mgr_D2.c:1432:5: warning: (near initialization for 'CamPipeMgr_PlatformDriver.probe')
  LD      drivers/tty/ipwireless/built-in.o
  CC      drivers/tty/serial/serial_core.o
  CC      drivers/usb/core/devio.o
  CC      drivers/misc/mediatek/mach/mt6735/mt_spm_mtcmos.o
In file included from drivers/misc/mediatek/mach/mt6735/mt_spm_mtcmos.c:13:0:
/home/satory-ra/Android/kernel/android_kernel_oukitel_orange/drivers/misc/mediatek/mach/mt6735/include/mach/mt_spm_cpu.h:308:29: warning: backslash and newline separated by space
 #define SPM_WAKE_SRC_LIST { \                                   
 ^
/home/satory-ra/Android/kernel/android_kernel_oukitel_orange/drivers/misc/mediatek/mach/mt6735/include/mach/mt_spm_cpu.h:309:59: warning: backslash and newline separated by space
  SPM_WAKE_SRC(0, SPM_MERGE), /* PCM timer, TWAM or CPU */ \   
 ^
/home/satory-ra/Android/kernel/android_kernel_oukitel_orange/drivers/misc/mediatek/mach/mt6735/include/mach/mt_spm_cpu.h:310:29: warning: backslash and newline separated by space
  SPM_WAKE_SRC(1, MD32_WDT), \                                 
 ^
/home/satory-ra/Android/kernel/android_kernel_oukitel_orange/drivers/misc/mediatek/mach/mt6735/include/mach/mt_spm_cpu.h:311:24: warning: backslash and newline separated by space
  SPM_WAKE_SRC(2, KP),  \                                     
 ^
/home/satory-ra/Android/kernel/android_kernel_oukitel_orange/drivers/misc/mediatek/mach/mt6735/include/mach/mt_spm_cpu.h:312:25: warning: backslash and newline separated by space
  SPM_WAKE_SRC(3, WDT),  \                                     
 ^
/home/satory-ra/Android/kernel/android_kernel_oukitel_orange/drivers/misc/mediatek/mach/mt6735/include/mach/mt_spm_cpu.h:313:25: warning: backslash and newline separated by space
  SPM_WAKE_SRC(4, GPT),  \                                     
 ^
/home/satory-ra/Android/kernel/android_kernel_oukitel_orange/drivers/misc/mediatek/mach/mt6735/include/mach/mt_spm_cpu.h:314:28: warning: backslash and newline separated by space
  SPM_WAKE_SRC(5, CONN2AP), \                                   
 ^
/home/satory-ra/Android/kernel/android_kernel_oukitel_orange/drivers/misc/mediatek/mach/mt6735/include/mach/mt_spm_cpu.h:315:26: warning: backslash and newline separated by space
  SPM_WAKE_SRC(6, EINT),  \                                   
 ^
/home/satory-ra/Android/kernel/android_kernel_oukitel_orange/drivers/misc/mediatek/mach/mt6735/include/mach/mt_spm_cpu.h:316:29: warning: backslash and newline separated by space
  SPM_WAKE_SRC(7, CONN_WDT), \                                 
 ^
/home/satory-ra/Android/kernel/android_kernel_oukitel_orange/drivers/misc/mediatek/mach/mt6735/include/mach/mt_spm_cpu.h:317:29: warning: backslash and newline separated by space
  SPM_WAKE_SRC(8, CCIF0_MD), \                                 
 ^
/home/satory-ra/Android/kernel/android_kernel_oukitel_orange/drivers/misc/mediatek/mach/mt6735/include/mach/mt_spm_cpu.h:318:28: warning: backslash and newline separated by space
  SPM_WAKE_SRC(9, LOW_BAT), \                                   
 ^
/home/satory-ra/Android/kernel/android_kernel_oukitel_orange/drivers/misc/mediatek/mach/mt6735/include/mach/mt_spm_cpu.h:319:30: warning: backslash and newline separated by space
  SPM_WAKE_SRC(10, MD32_SPM), \                                 
 ^
/home/satory-ra/Android/kernel/android_kernel_oukitel_orange/drivers/misc/mediatek/mach/mt6735/include/mach/mt_spm_cpu.h:320:31: warning: backslash and newline separated by space
  SPM_WAKE_SRC(11, F26M_WAKE), \                               
 ^
/home/satory-ra/Android/kernel/android_kernel_oukitel_orange/drivers/misc/mediatek/mach/mt6735/include/mach/mt_spm_cpu.h:321:32: warning: backslash and newline separated by space
  SPM_WAKE_SRC(12, F26M_SLEEP), \                               
 ^
/home/satory-ra/Android/kernel/android_kernel_oukitel_orange/drivers/misc/mediatek/mach/mt6735/include/mach/mt_spm_cpu.h:322:29: warning: backslash and newline separated by space
  SPM_WAKE_SRC(13, PCM_WDT), \                                 
 ^
/home/satory-ra/Android/kernel/android_kernel_oukitel_orange/drivers/misc/mediatek/mach/mt6735/include/mach/mt_spm_cpu.h:323:28: warning: backslash and newline separated by space
  SPM_WAKE_SRC(14, USB_CD), \                                   
 ^
/home/satory-ra/Android/kernel/android_kernel_oukitel_orange/drivers/misc/mediatek/mach/mt6735/include/mach/mt_spm_cpu.h:324:29: warning: backslash and newline separated by space
  SPM_WAKE_SRC(15, USB_PDN), \                                 
 ^
/home/satory-ra/Android/kernel/android_kernel_oukitel_orange/drivers/misc/mediatek/mach/mt6735/include/mach/mt_spm_cpu.h:325:30: warning: backslash and newline separated by space
  SPM_WAKE_SRC(16, LTE_WAKE), \                                 
 ^
/home/satory-ra/Android/kernel/android_kernel_oukitel_orange/drivers/misc/mediatek/mach/mt6735/include/mach/mt_spm_cpu.h:326:31: warning: backslash and newline separated by space
  SPM_WAKE_SRC(17, LTE_SLEEP), \                               
 ^
/home/satory-ra/Android/kernel/android_kernel_oukitel_orange/drivers/misc/mediatek/mach/mt6735/include/mach/mt_spm_cpu.h:327:30: warning: backslash and newline separated by space
  SPM_WAKE_SRC(18, CCIF1_MD), \                                 
 ^
/home/satory-ra/Android/kernel/android_kernel_oukitel_orange/drivers/misc/mediatek/mach/mt6735/include/mach/mt_spm_cpu.h:328:27: warning: backslash and newline separated by space
  SPM_WAKE_SRC(19, UART0), \                                   
 ^
/home/satory-ra/Android/kernel/android_kernel_oukitel_orange/drivers/misc/mediatek/mach/mt6735/include/mach/mt_spm_cpu.h:329:26: warning: backslash and newline separated by space
  SPM_WAKE_SRC(20, AFE),  \                                   
 ^
/home/satory-ra/Android/kernel/android_kernel_oukitel_orange/drivers/misc/mediatek/mach/mt6735/include/mach/mt_spm_cpu.h:330:27: warning: backslash and newline separated by space
  SPM_WAKE_SRC(21, THERM), \                                   
 ^
/home/satory-ra/Android/kernel/android_kernel_oukitel_orange/drivers/misc/mediatek/mach/mt6735/include/mach/mt_spm_cpu.h:331:27: warning: backslash and newline separated by space
  SPM_WAKE_SRC(22, CIRQ),  \                                   
 ^
/home/satory-ra/Android/kernel/android_kernel_oukitel_orange/drivers/misc/mediatek/mach/mt6735/include/mach/mt_spm_cpu.h:332:29: warning: backslash and newline separated by space
  SPM_WAKE_SRC(23, MD2_WDT), \                                 
 ^
/home/satory-ra/Android/kernel/android_kernel_oukitel_orange/drivers/misc/mediatek/mach/mt6735/include/mach/mt_spm_cpu.h:333:30: warning: backslash and newline separated by space
  SPM_WAKE_SRC(24, SYSPWREQ), \                                 
 ^
/home/satory-ra/Android/kernel/android_kernel_oukitel_orange/drivers/misc/mediatek/mach/mt6735/include/mach/mt_spm_cpu.h:334:28: warning: backslash and newline separated by space
  SPM_WAKE_SRC(25, MD_WDT), \                                   
 ^
/home/satory-ra/Android/kernel/android_kernel_oukitel_orange/drivers/misc/mediatek/mach/mt6735/include/mach/mt_spm_cpu.h:335:30: warning: backslash and newline separated by space
  SPM_WAKE_SRC(26, CLDMA_MD), \                                 
 ^
/home/satory-ra/Android/kernel/android_kernel_oukitel_orange/drivers/misc/mediatek/mach/mt6735/include/mach/mt_spm_cpu.h:336:26: warning: backslash and newline separated by space
  SPM_WAKE_SRC(27, SEJ),  \                                   
 ^
/home/satory-ra/Android/kernel/android_kernel_oukitel_orange/drivers/misc/mediatek/mach/mt6735/include/mach/mt_spm_cpu.h:337:30: warning: backslash and newline separated by space
  SPM_WAKE_SRC(28, ALL_MD32), \                                 
 ^
/home/satory-ra/Android/kernel/android_kernel_oukitel_orange/drivers/misc/mediatek/mach/mt6735/include/mach/mt_spm_cpu.h:338:29: warning: backslash and newline separated by space
  SPM_WAKE_SRC(29, CPU_IRQ), \                                 
 ^
/home/satory-ra/Android/kernel/android_kernel_oukitel_orange/drivers/misc/mediatek/mach/mt6735/include/mach/mt_spm_cpu.h:339:32: warning: backslash and newline separated by space
  SPM_WAKE_SRC(30, APSRC_WAKE), \                               
 ^
/home/satory-ra/Android/kernel/android_kernel_oukitel_orange/drivers/misc/mediatek/mach/mt6735/include/mach/mt_spm_cpu.h:340:32: warning: backslash and newline separated by space
  SPM_WAKE_SRC(31, APSRC_SLEEP) \                               
 ^
  LD      drivers/tty/serial/built-in.o
  LD      drivers/tty/vt/built-in.o
  LD      drivers/tty/built-in.o
  CC      drivers/video/fb_notify.o
In file included from drivers/video/fb_notify.c:13:0:
include/linux/fb.h:26:0: warning: "CONFIG_DMA_SHARED_BUFFER" redefined
 #define CONFIG_DMA_SHARED_BUFFER
 ^
In file included from /home/satory-ra/Android/kernel/android_kernel_oukitel_orange/include/linux/kconfig.h:4:0,
                 from <command-line>:0:
include/generated/autoconf.h:920:0: note: this is the location of the previous definition
 #define CONFIG_DMA_SHARED_BUFFER 1
 ^
  CC      drivers/video/fbmem.o
  CC      drivers/usb/core/notify.o
  CC      drivers/misc/mediatek/mach/mt6735/mt_sleep.o
In file included from drivers/video/fbmem.c:34:0:
include/linux/fb.h:26:0: warning: "CONFIG_DMA_SHARED_BUFFER" redefined
 #define CONFIG_DMA_SHARED_BUFFER
 ^
In file included from /home/satory-ra/Android/kernel/android_kernel_oukitel_orange/include/linux/kconfig.h:4:0,
                 from <command-line>:0:
include/generated/autoconf.h:920:0: note: this is the location of the previous definition
 #define CONFIG_DMA_SHARED_BUFFER 1
 ^
  CC      drivers/usb/core/generic.o
In file included from include/mach/mt_gpio.h:15:0,
                 from drivers/misc/mediatek/mach/mt6735/mt_sleep.c:20:
/home/satory-ra/Android/kernel/android_kernel_oukitel_orange/drivers/misc/mediatek/mach/mt6735/Sprint4g/dct/dct/inc/cust_gpio_usage.h:481:0: warning: "GPIO_KPD_KCOL1_PIN_M_UCTS" redefined
 #define GPIO_KPD_KCOL1_PIN_M_UCTS   GPIO_MODE_03
 ^
/home/satory-ra/Android/kernel/android_kernel_oukitel_orange/drivers/misc/mediatek/mach/mt6735/Sprint4g/dct/dct/inc/cust_gpio_usage.h:480:0: note: this is the location of the previous definition
 #define GPIO_KPD_KCOL1_PIN_M_UCTS   GPIO_MODE_02
 ^
  CC      drivers/misc/mediatek/mach/mt6735/mt_cpufreq.o
  CC      drivers/usb/core/quirks.o
  CC      drivers/usb/core/devices.o
In file included from drivers/misc/mediatek/mach/mt6735/mt_cpufreq.c:64:0:
/home/satory-ra/Android/kernel/android_kernel_oukitel_orange/drivers/misc/mediatek/pmic_wrap/mt6735/pwrap_hal.h:424:0: warning: "MT6328_STRUP_CON0" redefined
 #define MT6328_STRUP_CON0            ((UINT32)(MT6328_PMIC_REG_BASE+0x0000))
 ^
In file included from /home/satory-ra/Android/kernel/android_kernel_oukitel_orange/drivers/misc/mediatek/mach/mt6735/include/mach/upmu_common.h:7:0,
                 from drivers/misc/mediatek/mach/mt6735/mt_cpufreq.c:61:
/home/satory-ra/Android/kernel/android_kernel_oukitel_orange/drivers/misc/mediatek/mach/mt6735/include/mach/upmu_hw.h:8:0: note: this is the location of the previous definition
 #define MT6328_STRUP_CON0            ((MT6328_PMIC_REG_BASE+0x0000))
 ^
In file included from drivers/misc/mediatek/mach/mt6735/mt_cpufreq.c:64:0:
/home/satory-ra/Android/kernel/android_kernel_oukitel_orange/drivers/misc/mediatek/pmic_wrap/mt6735/pwrap_hal.h:425:0: warning: "MT6328_STRUP_CON2" redefined
 #define MT6328_STRUP_CON2            ((UINT32)(MT6328_PMIC_REG_BASE+0x0002))
 ^
In file included from /home/satory-ra/Android/kernel/android_kernel_oukitel_orange/drivers/misc/mediatek/mach/mt6735/include/mach/upmu_common.h:7:0,
                 from drivers/misc/mediatek/mach/mt6735/mt_cpufreq.c:61:
/home/satory-ra/Android/kernel/android_kernel_oukitel_orange/drivers/misc/mediatek/mach/mt6735/include/mach/upmu_hw.h:9:0: note: this is the location of the previous definition
 #define MT6328_STRUP_CON2            ((MT6328_PMIC_REG_BASE+0x0002))
 ^
In file included from drivers/misc/mediatek/mach/mt6735/mt_cpufreq.c:64:0:
/home/satory-ra/Android/kernel/android_kernel_oukitel_orange/drivers/misc/mediatek/pmic_wrap/mt6735/pwrap_hal.h:426:0: warning: "MT6328_STRUP_CON3" redefined
 #define MT6328_STRUP_CON3            ((UINT32)(MT6328_PMIC_REG_BASE+0x0004))
 ^
In file included from /home/satory-ra/Android/kernel/android_kernel_oukitel_orange/drivers/misc/mediatek/mach/mt6735/include/mach/upmu_common.h:7:0,
                 from drivers/misc/mediatek/mach/mt6735/mt_cpufreq.c:61:
/home/satory-ra/Android/kernel/android_kernel_oukitel_orange/drivers/misc/mediatek/mach/mt6735/include/mach/upmu_hw.h:10:0: note: this is the location of the previous definition
 #define MT6328_STRUP_CON3            ((MT6328_PMIC_REG_BASE+0x0004))
 ^
In file included from drivers/misc/mediatek/mach/mt6735/mt_cpufreq.c:64:0:
/home/satory-ra/Android/kernel/android_kernel_oukitel_orange/drivers/misc/mediatek/pmic_wrap/mt6735/pwrap_hal.h:427:0: warning: "MT6328_STRUP_CON4" redefined
 #define MT6328_STRUP_CON4            ((UINT32)(MT6328_PMIC_REG_BASE+0x0006))
 ^
In file included from /home/satory-ra/Android/kernel/android_kernel_oukitel_orange/drivers/misc/mediatek/mach/mt6735/include/mach/upmu_common.h:7:0,
                 from drivers/misc/mediatek/mach/mt6735/mt_cpufreq.c:61:
/home/satory-ra/Android/kernel/android_kernel_oukitel_orange/drivers/misc/mediatek/mach/mt6735/include/mach/upmu_hw.h:11:0: note: this is the location of the previous definition
 #define MT6328_STRUP_CON4            ((MT6328_PMIC_REG_BASE+0x0006))
 ^
In file included from drivers/misc/mediatek/mach/mt6735/mt_cpufreq.c:64:0:
/home/satory-ra/Android/kernel/android_kernel_oukitel_orange/drivers/misc/mediatek/pmic_wrap/mt6735/pwrap_hal.h:428:0: warning: "MT6328_STRUP_CON5" redefined
 #define MT6328_STRUP_CON5            ((UINT32)(MT6328_PMIC_REG_BASE+0x0008))
 ^
In file included from /home/satory-ra/Android/kernel/android_kernel_oukitel_orange/drivers/misc/mediatek/mach/mt6735/include/mach/upmu_common.h:7:0,
                 from drivers/misc/mediatek/mach/mt6735/mt_cpufreq.c:61:
/home/satory-ra/Android/kernel/android_kernel_oukitel_orange/drivers/misc/mediatek/mach/mt6735/include/mach/upmu_hw.h:12:0: note: this is the location of the previous definition
 #define MT6328_STRUP_CON5            ((MT6328_PMIC_REG_BASE+0x0008))
 ^
In file included from drivers/misc/mediatek/mach/mt6735/mt_cpufreq.c:64:0:
/home/satory-ra/Android/kernel/android_kernel_oukitel_orange/drivers/misc/mediatek/pmic_wrap/mt6735/pwrap_hal.h:429:0: warning: "MT6328_STRUP_CON6" redefined
 #define MT6328_STRUP_CON6            ((UINT32)(MT6328_PMIC_REG_BASE+0x000A))
 ^
In file included from /home/satory-ra/Android/kernel/android_kernel_oukitel_orange/drivers/misc/mediatek/mach/mt6735/include/mach/upmu_common.h:7:0,
                 from drivers/misc/mediatek/mach/mt6735/mt_cpufreq.c:61:
/home/satory-ra/Android/kernel/android_kernel_oukitel_orange/drivers/misc/mediatek/mach/mt6735/include/mach/upmu_hw.h:13:0: note: this is the location of the previous definition
 #define MT6328_STRUP_CON6            ((MT6328_PMIC_REG_BASE+0x000A))
 ^
In file included from drivers/misc/mediatek/mach/mt6735/mt_cpufreq.c:64:0:
/home/satory-ra/Android/kernel/android_kernel_oukitel_orange/drivers/misc/mediatek/pmic_wrap/mt6735/pwrap_hal.h:430:0: warning: "MT6328_STRUP_CON7" redefined
 #define MT6328_STRUP_CON7            ((UINT32)(MT6328_PMIC_REG_BASE+0x000C))
 ^
In file included from /home/satory-ra/Android/kernel/android_kernel_oukitel_orange/drivers/misc/mediatek/mach/mt6735/include/mach/upmu_common.h:7:0,
                 from drivers/misc/mediatek/mach/mt6735/mt_cpufreq.c:61:
/home/satory-ra/Android/kernel/android_kernel_oukitel_orange/drivers/misc/mediatek/mach/mt6735/include/mach/upmu_hw.h:14:0: note: this is the location of the previous definition
 #define MT6328_STRUP_CON7            ((MT6328_PMIC_REG_BASE+0x000C))
 ^
In file included from drivers/misc/mediatek/mach/mt6735/mt_cpufreq.c:64:0:
/home/satory-ra/Android/kernel/android_kernel_oukitel_orange/drivers/misc/mediatek/pmic_wrap/mt6735/pwrap_hal.h:431:0: warning: "MT6328_STRUP_CON8" redefined
 #define MT6328_STRUP_CON8            ((UINT32)(MT6328_PMIC_REG_BASE+0x000E))
 ^
In file included from /home/satory-ra/Android/kernel/android_kernel_oukitel_orange/drivers/misc/mediatek/mach/mt6735/include/mach/upmu_common.h:7:0,
                 from drivers/misc/mediatek/mach/mt6735/mt_cpufreq.c:61:
/home/satory-ra/Android/kernel/android_kernel_oukitel_orange/drivers/misc/mediatek/mach/mt6735/include/mach/upmu_hw.h:15:0: note: this is the location of the previous definition
 #define MT6328_STRUP_CON8            ((MT6328_PMIC_REG_BASE+0x000E))
 ^
In file included from drivers/misc/mediatek/mach/mt6735/mt_cpufreq.c:64:0:
/home/satory-ra/Android/kernel/android_kernel_oukitel_orange/drivers/misc/mediatek/pmic_wrap/mt6735/pwrap_hal.h:432:0: warning: "MT6328_STRUP_CON9" redefined
 #define MT6328_STRUP_CON9            ((UINT32)(MT6328_PMIC_REG_BASE+0x0010))
 ^
In file included from /home/satory-ra/Android/kernel/android_kernel_oukitel_orange/drivers/misc/mediatek/mach/mt6735/include/mach/upmu_common.h:7:0,
                 from drivers/misc/mediatek/mach/mt6735/mt_cpufreq.c:61:
/home/satory-ra/Android/kernel/android_kernel_oukitel_orange/drivers/misc/mediatek/mach/mt6735/include/mach/upmu_hw.h:16:0: note: this is the location of the previous definition
 #define MT6328_STRUP_CON9            ((MT6328_PMIC_REG_BASE+0x0010))
 ^
In file included from drivers/misc/mediatek/mach/mt6735/mt_cpufreq.c:64:0:
/home/satory-ra/Android/kernel/android_kernel_oukitel_orange/drivers/misc/mediatek/pmic_wrap/mt6735/pwrap_hal.h:433:0: warning: "MT6328_STRUP_CON10" redefined
 #define MT6328_STRUP_CON10           ((UINT32)(MT6328_PMIC_REG_BASE+0x0012))
 ^
In file included from /home/satory-ra/Android/kernel/android_kernel_oukitel_orange/drivers/misc/mediatek/mach/mt6735/include/mach/upmu_common.h:7:0,
                 from drivers/misc/mediatek/mach/mt6735/mt_cpufreq.c:61:
/home/satory-ra/Android/kernel/android_kernel_oukitel_orange/drivers/misc/mediatek/mach/mt6735/include/mach/upmu_hw.h:17:0: note: this is the location of the previous definition
 #define MT6328_STRUP_CON10           ((MT6328_PMIC_REG_BASE+0x0012))
 ^
In file included from drivers/misc/mediatek/mach/mt6735/mt_cpufreq.c:64:0:
/home/satory-ra/Android/kernel/android_kernel_oukitel_orange/drivers/misc/mediatek/pmic_wrap/mt6735/pwrap_hal.h:434:0: warning: "MT6328_STRUP_CON11" redefined
 #define MT6328_STRUP_CON11           ((UINT32)(MT6328_PMIC_REG_BASE+0x0014))
 ^
In file included from /home/satory-ra/Android/kernel/android_kernel_oukitel_orange/drivers/misc/mediatek/mach/mt6735/include/mach/upmu_common.h:7:0,
                 from drivers/misc/mediatek/mach/mt6735/mt_cpufreq.c:61:
/home/satory-ra/Android/kernel/android_kernel_oukitel_orange/drivers/misc/mediatek/mach/mt6735/include/mach/upmu_hw.h:18:0: note: this is the location of the previous definition
 #define MT6328_STRUP_CON11           ((MT6328_PMIC_REG_BASE+0x0014))
 ^
In file included from drivers/misc/mediatek/mach/mt6735/mt_cpufreq.c:64:0:
/home/satory-ra/Android/kernel/android_kernel_oukitel_orange/drivers/misc/mediatek/pmic_wrap/mt6735/pwrap_hal.h:435:0: warning: "MT6328_STRUP_CON12" redefined
 #define MT6328_STRUP_CON12           ((UINT32)(MT6328_PMIC_REG_BASE+0x0016))
 ^
In file included from /home/satory-ra/Android/kernel/android_kernel_oukitel_orange/drivers/misc/mediatek/mach/mt6735/include/mach/upmu_common.h:7:0,
                 from drivers/misc/mediatek/mach/mt6735/mt_cpufreq.c:61:
/home/satory-ra/Android/kernel/android_kernel_oukitel_orange/drivers/misc/mediatek/mach/mt6735/include/mach/upmu_hw.h:19:0: note: this is the location of the previous definition
 #define MT6328_STRUP_CON12           ((MT6328_PMIC_REG_BASE+0x0016))
 ^
In file included from drivers/misc/mediatek/mach/mt6735/mt_cpufreq.c:64:0:
/home/satory-ra/Android/kernel/android_kernel_oukitel_orange/drivers/misc/mediatek/pmic_wrap/mt6735/pwrap_hal.h:436:0: warning: "MT6328_STRUP_CON13" redefined
 #define MT6328_STRUP_CON13           ((UINT32)(MT6328_PMIC_REG_BASE+0x0018))
 ^
In file included from /home/satory-ra/Android/kernel/android_kernel_oukitel_orange/drivers/misc/mediatek/mach/mt6735/include/mach/upmu_common.h:7:0,
                 from drivers/misc/mediatek/mach/mt6735/mt_cpufreq.c:61:
/home/satory-ra/Android/kernel/android_kernel_oukitel_orange/drivers/misc/mediatek/mach/mt6735/include/mach/upmu_hw.h:20:0: note: this is the location of the previous definition
 #define MT6328_STRUP_CON13           ((MT6328_PMIC_REG_BASE+0x0018))
 ^
In file included from drivers/misc/mediatek/mach/mt6735/mt_cpufreq.c:64:0:
/home/satory-ra/Android/kernel/android_kernel_oukitel_orange/drivers/misc/mediatek/pmic_wrap/mt6735/pwrap_hal.h:437:0: warning: "MT6328_STRUP_CON14" redefined
 #define MT6328_STRUP_CON14           ((UINT32)(MT6328_PMIC_REG_BASE+0x001A))
 ^
In file included from /home/satory-ra/Android/kernel/android_kernel_oukitel_orange/drivers/misc/mediatek/mach/mt6735/include/mach/upmu_common.h:7:0,
                 from drivers/misc/mediatek/mach/mt6735/mt_cpufreq.c:61:
/home/satory-ra/Android/kernel/android_kernel_oukitel_orange/drivers/misc/mediatek/mach/mt6735/include/mach/upmu_hw.h:21:0: note: this is the location of the previous definition
 #define MT6328_STRUP_CON14           ((MT6328_PMIC_REG_BASE+0x001A))
 ^
In file included from drivers/misc/mediatek/mach/mt6735/mt_cpufreq.c:64:0:
/home/satory-ra/Android/kernel/android_kernel_oukitel_orange/drivers/misc/mediatek/pmic_wrap/mt6735/pwrap_hal.h:438:0: warning: "MT6328_STRUP_CON15" redefined
 #define MT6328_STRUP_CON15           ((UINT32)(MT6328_PMIC_REG_BASE+0x001C))
 ^
In file included from /home/satory-ra/Android/kernel/android_kernel_oukitel_orange/drivers/misc/mediatek/mach/mt6735/include/mach/upmu_common.h:7:0,
                 from drivers/misc/mediatek/mach/mt6735/mt_cpufreq.c:61:
/home/satory-ra/Android/kernel/android_kernel_oukitel_orange/drivers/misc/mediatek/mach/mt6735/include/mach/upmu_hw.h:22:0: note: this is the location of the previous definition
 #define MT6328_STRUP_CON15           ((MT6328_PMIC_REG_BASE+0x001C))
 ^
In file included from drivers/misc/mediatek/mach/mt6735/mt_cpufreq.c:64:0:
/home/satory-ra/Android/kernel/android_kernel_oukitel_orange/drivers/misc/mediatek/pmic_wrap/mt6735/pwrap_hal.h:439:0: warning: "MT6328_STRUP_CON16" redefined
 #define MT6328_STRUP_CON16           ((UINT32)(MT6328_PMIC_REG_BASE+0x001E))
 ^
In file included from /home/satory-ra/Android/kernel/android_kernel_oukitel_orange/drivers/misc/mediatek/mach/mt6735/include/mach/upmu_common.h:7:0,
                 from drivers/misc/mediatek/mach/mt6735/mt_cpufreq.c:61:
/home/satory-ra/Android/kernel/android_kernel_oukitel_orange/drivers/misc/mediatek/mach/mt6735/include/mach/upmu_hw.h:23:0: note: this is the location of the previous definition
 #define MT6328_STRUP_CON16           ((MT6328_PMIC_REG_BASE+0x001E))
 ^
In file included from drivers/misc/mediatek/mach/mt6735/mt_cpufreq.c:64:0:
/home/satory-ra/Android/kernel/android_kernel_oukitel_orange/drivers/misc/mediatek/pmic_wrap/mt6735/pwrap_hal.h:440:0: warning: "MT6328_STRUP_CON17" redefined
 #define MT6328_STRUP_CON17           ((UINT32)(MT6328_PMIC_REG_BASE+0x0020))
 ^
In file included from /home/satory-ra/Android/kernel/android_kernel_oukitel_orange/drivers/misc/mediatek/mach/mt6735/include/mach/upmu_common.h:7:0,
                 from drivers/misc/mediatek/mach/mt6735/mt_cpufreq.c:61:
/home/satory-ra/Android/kernel/android_kernel_oukitel_orange/drivers/misc/mediatek/mach/mt6735/include/mach/upmu_hw.h:24:0: note: this is the location of the previous definition
 #define MT6328_STRUP_CON17           ((MT6328_PMIC_REG_BASE+0x0020))
 ^
In file included from drivers/misc/mediatek/mach/mt6735/mt_cpufreq.c:64:0:
/home/satory-ra/Android/kernel/android_kernel_oukitel_orange/drivers/misc/mediatek/pmic_wrap/mt6735/pwrap_hal.h:441:0: warning: "MT6328_STRUP_CON18" redefined
 #define MT6328_STRUP_CON18           ((UINT32)(MT6328_PMIC_REG_BASE+0x0022))
 ^
In file included from /home/satory-ra/Android/kernel/android_kernel_oukitel_orange/drivers/misc/mediatek/mach/mt6735/include/mach/upmu_common.h:7:0,
                 from drivers/misc/mediatek/mach/mt6735/mt_cpufreq.c:61:
/home/satory-ra/Android/kernel/android_kernel_oukitel_orange/drivers/misc/mediatek/mach/mt6735/include/mach/upmu_hw.h:25:0: note: this is the location of the previous definition
 #define MT6328_STRUP_CON18           ((MT6328_PMIC_REG_BASE+0x0022))
 ^
In file included from drivers/misc/mediatek/mach/mt6735/mt_cpufreq.c:64:0:
/home/satory-ra/Android/kernel/android_kernel_oukitel_orange/drivers/misc/mediatek/pmic_wrap/mt6735/pwrap_hal.h:442:0: warning: "MT6328_STRUP_CON19" redefined
 #define MT6328_STRUP_CON19           ((UINT32)(MT6328_PMIC_REG_BASE+0x0024))
 ^
In file included from /home/satory-ra/Android/kernel/android_kernel_oukitel_orange/drivers/misc/mediatek/mach/mt6735/include/mach/upmu_common.h:7:0,
                 from drivers/misc/mediatek/mach/mt6735/mt_cpufreq.c:61:
/home/satory-ra/Android/kernel/android_kernel_oukitel_orange/drivers/misc/mediatek/mach/mt6735/include/mach/upmu_hw.h:26:0: note: this is the location of the previous definition
 #define MT6328_STRUP_CON19           ((MT6328_PMIC_REG_BASE+0x0024))
 ^
In file included from drivers/misc/mediatek/mach/mt6735/mt_cpufreq.c:64:0:
/home/satory-ra/Android/kernel/android_kernel_oukitel_orange/drivers/misc/mediatek/pmic_wrap/mt6735/pwrap_hal.h:443:0: warning: "MT6328_STRUP_CON20" redefined
 #define MT6328_STRUP_CON20           ((UINT32)(MT6328_PMIC_REG_BASE+0x0026))
 ^
In file included from /home/satory-ra/Android/kernel/android_kernel_oukitel_orange/drivers/misc/mediatek/mach/mt6735/include/mach/upmu_common.h:7:0,
                 from drivers/misc/mediatek/mach/mt6735/mt_cpufreq.c:61:
/home/satory-ra/Android/kernel/android_kernel_oukitel_orange/drivers/misc/mediatek/mach/mt6735/include/mach/upmu_hw.h:27:0: note: this is the location of the previous definition
 #define MT6328_STRUP_CON20           ((MT6328_PMIC_REG_BASE+0x0026))
 ^
In file included from drivers/misc/mediatek/mach/mt6735/mt_cpufreq.c:64:0:
/home/satory-ra/Android/kernel/android_kernel_oukitel_orange/drivers/misc/mediatek/pmic_wrap/mt6735/pwrap_hal.h:444:0: warning: "MT6328_STRUP_CON21" redefined
 #define MT6328_STRUP_CON21           ((UINT32)(MT6328_PMIC_REG_BASE+0x0028))
 ^
In file included from /home/satory-ra/Android/kernel/android_kernel_oukitel_orange/drivers/misc/mediatek/mach/mt6735/include/mach/upmu_common.h:7:0,
                 from drivers/misc/mediatek/mach/mt6735/mt_cpufreq.c:61:
/home/satory-ra/Android/kernel/android_kernel_oukitel_orange/drivers/misc/mediatek/mach/mt6735/include/mach/upmu_hw.h:28:0: note: this is the location of the previous definition
 #define MT6328_STRUP_CON21           ((MT6328_PMIC_REG_BASE+0x0028))
 ^
In file included from drivers/misc/mediatek/mach/mt6735/mt_cpufreq.c:64:0:
/home/satory-ra/Android/kernel/android_kernel_oukitel_orange/drivers/misc/mediatek/pmic_wrap/mt6735/pwrap_hal.h:445:0: warning: "MT6328_STRUP_CON22" redefined
 #define MT6328_STRUP_CON22           ((UINT32)(MT6328_PMIC_REG_BASE+0x002A))
 ^
In file included from /home/satory-ra/Android/kernel/android_kernel_oukitel_orange/drivers/misc/mediatek/mach/mt6735/include/mach/upmu_common.h:7:0,
                 from drivers/misc/mediatek/mach/mt6735/mt_cpufreq.c:61:
/home/satory-ra/Android/kernel/android_kernel_oukitel_orange/drivers/misc/mediatek/mach/mt6735/include/mach/upmu_hw.h:29:0: note: this is the location of the previous definition
 #define MT6328_STRUP_CON22           ((MT6328_PMIC_REG_BASE+0x002A))
 ^
In file included from drivers/misc/mediatek/mach/mt6735/mt_cpufreq.c:64:0:
/home/satory-ra/Android/kernel/android_kernel_oukitel_orange/drivers/misc/mediatek/pmic_wrap/mt6735/pwrap_hal.h:446:0: warning: "MT6328_STRUP_CON23" redefined
 #define MT6328_STRUP_CON23           ((UINT32)(MT6328_PMIC_REG_BASE+0x002C))
 ^
In file included from /home/satory-ra/Android/kernel/android_kernel_oukitel_orange/drivers/misc/mediatek/mach/mt6735/include/mach/upmu_common.h:7:0,
                 from drivers/misc/mediatek/mach/mt6735/mt_cpufreq.c:61:
/home/satory-ra/Android/kernel/android_kernel_oukitel_orange/drivers/misc/mediatek/mach/mt6735/include/mach/upmu_hw.h:30:0: note: this is the location of the previous definition
 #define MT6328_STRUP_CON23           ((MT6328_PMIC_REG_BASE+0x002C))
 ^
In file included from drivers/misc/mediatek/mach/mt6735/mt_cpufreq.c:64:0:
/home/satory-ra/Android/kernel/android_kernel_oukitel_orange/drivers/misc/mediatek/pmic_wrap/mt6735/pwrap_hal.h:447:0: warning: "MT6328_STRUP_CON24" redefined
 #define MT6328_STRUP_CON24           ((UINT32)(MT6328_PMIC_REG_BASE+0x002E))
 ^
In file included from /home/satory-ra/Android/kernel/android_kernel_oukitel_orange/drivers/misc/mediatek/mach/mt6735/include/mach/upmu_common.h:7:0,
                 from drivers/misc/mediatek/mach/mt6735/mt_cpufreq.c:61:
/home/satory-ra/Android/kernel/android_kernel_oukitel_orange/drivers/misc/mediatek/mach/mt6735/include/mach/upmu_hw.h:31:0: note: this is the location of the previous definition
 #define MT6328_STRUP_CON24           ((MT6328_PMIC_REG_BASE+0x002E))
 ^
In file included from drivers/misc/mediatek/mach/mt6735/mt_cpufreq.c:64:0:
/home/satory-ra/Android/kernel/android_kernel_oukitel_orange/drivers/misc/mediatek/pmic_wrap/mt6735/pwrap_hal.h:448:0: warning: "MT6328_STRUP_CON25" redefined
 #define MT6328_STRUP_CON25           ((UINT32)(MT6328_PMIC_REG_BASE+0x0030))
 ^
In file included from /home/satory-ra/Android/kernel/android_kernel_oukitel_orange/drivers/misc/mediatek/mach/mt6735/include/mach/upmu_common.h:7:0,
                 from drivers/misc/mediatek/mach/mt6735/mt_cpufreq.c:61:
/home/satory-ra/Android/kernel/android_kernel_oukitel_orange/drivers/misc/mediatek/mach/mt6735/include/mach/upmu_hw.h:32:0: note: this is the location of the previous definition
 #define MT6328_STRUP_CON25           ((MT6328_PMIC_REG_BASE+0x0030))
 ^
In file included from drivers/misc/mediatek/mach/mt6735/mt_cpufreq.c:64:0:
/home/satory-ra/Android/kernel/android_kernel_oukitel_orange/drivers/misc/mediatek/pmic_wrap/mt6735/pwrap_hal.h:449:0: warning: "MT6328_STRUP_CON26" redefined
 #define MT6328_STRUP_CON26           ((UINT32)(MT6328_PMIC_REG_BASE+0x0032))
 ^
In file included from /home/satory-ra/Android/kernel/android_kernel_oukitel_orange/drivers/misc/mediatek/mach/mt6735/include/mach/upmu_common.h:7:0,
                 from drivers/misc/mediatek/mach/mt6735/mt_cpufreq.c:61:
/home/satory-ra/Android/kernel/android_kernel_oukitel_orange/drivers/misc/mediatek/mach/mt6735/include/mach/upmu_hw.h:33:0: note: this is the location of the previous definition
 #define MT6328_STRUP_CON26           ((MT6328_PMIC_REG_BASE+0x0032))
 ^
In file included from drivers/misc/mediatek/mach/mt6735/mt_cpufreq.c:64:0:
/home/satory-ra/Android/kernel/android_kernel_oukitel_orange/drivers/misc/mediatek/pmic_wrap/mt6735/pwrap_hal.h:450:0: warning: "MT6328_STRUP_CON27" redefined
 #define MT6328_STRUP_CON27           ((UINT32)(MT6328_PMIC_REG_BASE+0x0034))
 ^
In file included from /home/satory-ra/Android/kernel/android_kernel_oukitel_orange/drivers/misc/mediatek/mach/mt6735/include/mach/upmu_common.h:7:0,
                 from drivers/misc/mediatek/mach/mt6735/mt_cpufreq.c:61:
/home/satory-ra/Android/kernel/android_kernel_oukitel_orange/drivers/misc/mediatek/mach/mt6735/include/mach/upmu_hw.h:34:0: note: this is the location of the previous definition
 #define MT6328_STRUP_CON27           ((MT6328_PMIC_REG_BASE+0x0034))
 ^
In file included from drivers/misc/mediatek/mach/mt6735/mt_cpufreq.c:64:0:
/home/satory-ra/Android/kernel/android_kernel_oukitel_orange/drivers/misc/mediatek/pmic_wrap/mt6735/pwrap_hal.h:451:0: warning: "MT6328_STRUP_CON28" redefined
 #define MT6328_STRUP_CON28           ((UINT32)(MT6328_PMIC_REG_BASE+0x0036))
 ^
In file included from /home/satory-ra/Android/kernel/android_kernel_oukitel_orange/drivers/misc/mediatek/mach/mt6735/include/mach/upmu_common.h:7:0,
                 from drivers/misc/mediatek/mach/mt6735/mt_cpufreq.c:61:
/home/satory-ra/Android/kernel/android_kernel_oukitel_orange/drivers/misc/mediatek/mach/mt6735/include/mach/upmu_hw.h:35:0: note: this is the location of the previous definition
 #define MT6328_STRUP_CON28           ((MT6328_PMIC_REG_BASE+0x0036))
 ^
In file included from drivers/misc/mediatek/mach/mt6735/mt_cpufreq.c:64:0:
/home/satory-ra/Android/kernel/android_kernel_oukitel_orange/drivers/misc/mediatek/pmic_wrap/mt6735/pwrap_hal.h:452:0: warning: "MT6328_STRUP_CON29" redefined
 #define MT6328_STRUP_CON29           ((UINT32)(MT6328_PMIC_REG_BASE+0x0038))
 ^
In file included from /home/satory-ra/Android/kernel/android_kernel_oukitel_orange/drivers/misc/mediatek/mach/mt6735/include/mach/upmu_common.h:7:0,
                 from drivers/misc/mediatek/mach/mt6735/mt_cpufreq.c:61:
/home/satory-ra/Android/kernel/android_kernel_oukitel_orange/drivers/misc/mediatek/mach/mt6735/include/mach/upmu_hw.h:36:0: note: this is the location of the previous definition
 #define MT6328_STRUP_CON29           ((MT6328_PMIC_REG_BASE+0x0038))
 ^
In file included from drivers/misc/mediatek/mach/mt6735/mt_cpufreq.c:64:0:
/home/satory-ra/Android/kernel/android_kernel_oukitel_orange/drivers/misc/mediatek/pmic_wrap/mt6735/pwrap_hal.h:453:0: warning: "MT6328_STRUP_CON30" redefined
 #define MT6328_STRUP_CON30           ((UINT32)(MT6328_PMIC_REG_BASE+0x003A))
 ^
In file included from /home/satory-ra/Android/kernel/android_kernel_oukitel_orange/drivers/misc/mediatek/mach/mt6735/include/mach/upmu_common.h:7:0,
                 from drivers/misc/mediatek/mach/mt6735/mt_cpufreq.c:61:
/home/satory-ra/Android/kernel/android_kernel_oukitel_orange/drivers/misc/mediatek/mach/mt6735/include/mach/upmu_hw.h:37:0: note: this is the location of the previous definition
 #define MT6328_STRUP_CON30           ((MT6328_PMIC_REG_BASE+0x003A))
 ^
In file included from drivers/misc/mediatek/mach/mt6735/mt_cpufreq.c:64:0:
/home/satory-ra/Android/kernel/android_kernel_oukitel_orange/drivers/misc/mediatek/pmic_wrap/mt6735/pwrap_hal.h:454:0: warning: "MT6328_STRUP_CON31" redefined
 #define MT6328_STRUP_CON31           ((UINT32)(MT6328_PMIC_REG_BASE+0x003C))
 ^
In file included from /home/satory-ra/Android/kernel/android_kernel_oukitel_orange/drivers/misc/mediatek/mach/mt6735/include/mach/upmu_common.h:7:0,
                 from drivers/misc/mediatek/mach/mt6735/mt_cpufreq.c:61:
/home/satory-ra/Android/kernel/android_kernel_oukitel_orange/drivers/misc/mediatek/mach/mt6735/include/mach/upmu_hw.h:38:0: note: this is the location of the previous definition
 #define MT6328_STRUP_CON31           ((MT6328_PMIC_REG_BASE+0x003C))
 ^
In file included from drivers/misc/mediatek/mach/mt6735/mt_cpufreq.c:64:0:
/home/satory-ra/Android/kernel/android_kernel_oukitel_orange/drivers/misc/mediatek/pmic_wrap/mt6735/pwrap_hal.h:455:0: warning: "MT6328_STRUP_CON32" redefined
 #define MT6328_STRUP_CON32           ((UINT32)(MT6328_PMIC_REG_BASE+0x003E))
 ^
In file included from /home/satory-ra/Android/kernel/android_kernel_oukitel_orange/drivers/misc/mediatek/mach/mt6735/include/mach/upmu_common.h:7:0,
                 from drivers/misc/mediatek/mach/mt6735/mt_cpufreq.c:61:
/home/satory-ra/Android/kernel/android_kernel_oukitel_orange/drivers/misc/mediatek/mach/mt6735/include/mach/upmu_hw.h:39:0: note: this is the location of the previous definition
 #define MT6328_STRUP_CON32           ((MT6328_PMIC_REG_BASE+0x003E))
 ^
In file included from drivers/misc/mediatek/mach/mt6735/mt_cpufreq.c:64:0:
/home/satory-ra/Android/kernel/android_kernel_oukitel_orange/drivers/misc/mediatek/pmic_wrap/mt6735/pwrap_hal.h:456:0: warning: "MT6328_STRUP_ANA_CON0" redefined
 #define MT6328_STRUP_ANA_CON0        ((UINT32)(MT6328_PMIC_REG_BASE+0x0040))
 ^
In file included from /home/satory-ra/Android/kernel/android_kernel_oukitel_orange/drivers/misc/mediatek/mach/mt6735/include/mach/upmu_common.h:7:0,
                 from drivers/misc/mediatek/mach/mt6735/mt_cpufreq.c:61:
/home/satory-ra/Android/kernel/android_kernel_oukitel_orange/drivers/misc/mediatek/mach/mt6735/include/mach/upmu_hw.h:40:0: note: this is the location of the previous definition
 #define MT6328_STRUP_ANA_CON0        ((MT6328_PMIC_REG_BASE+0x0040))
 ^
In file included from drivers/misc/mediatek/mach/mt6735/mt_cpufreq.c:64:0:
/home/satory-ra/Android/kernel/android_kernel_oukitel_orange/drivers/misc/mediatek/pmic_wrap/mt6735/pwrap_hal.h:457:0: warning: "MT6328_HWCID" redefined
 #define MT6328_HWCID                 ((UINT32)(MT6328_PMIC_REG_BASE+0x0200))
 ^
In file included from /home/satory-ra/Android/kernel/android_kernel_oukitel_orange/drivers/misc/mediatek/mach/mt6735/include/mach/upmu_common.h:7:0,
                 from drivers/misc/mediatek/mach/mt6735/mt_cpufreq.c:61:
/home/satory-ra/Android/kernel/android_kernel_oukitel_orange/drivers/misc/mediatek/mach/mt6735/include/mach/upmu_hw.h:41:0: note: this is the location of the previous definition
 #define MT6328_HWCID                 ((MT6328_PMIC_REG_BASE+0x0200))
 ^
In file included from drivers/misc/mediatek/mach/mt6735/mt_cpufreq.c:64:0:
/home/satory-ra/Android/kernel/android_kernel_oukitel_orange/drivers/misc/mediatek/pmic_wrap/mt6735/pwrap_hal.h:458:0: warning: "MT6328_SWCID" redefined
 #define MT6328_SWCID                 ((UINT32)(MT6328_PMIC_REG_BASE+0x0202))
 ^
In file included from /home/satory-ra/Android/kernel/android_kernel_oukitel_orange/drivers/misc/mediatek/mach/mt6735/include/mach/upmu_common.h:7:0,
                 from drivers/misc/mediatek/mach/mt6735/mt_cpufreq.c:61:
/home/satory-ra/Android/kernel/android_kernel_oukitel_orange/drivers/misc/mediatek/mach/mt6735/include/mach/upmu_hw.h:42:0: note: this is the location of the previous definition
 #define MT6328_SWCID                 ((MT6328_PMIC_REG_BASE+0x0202))
 ^
In file included from drivers/misc/mediatek/mach/mt6735/mt_cpufreq.c:64:0:
/home/satory-ra/Android/kernel/android_kernel_oukitel_orange/drivers/misc/mediatek/pmic_wrap/mt6735/pwrap_hal.h:459:0: warning: "MT6328_TOP_CON" redefined
 #define MT6328_TOP_CON               ((UINT32)(MT6328_PMIC_REG_BASE+0x0204))
 ^
In file included from /home/satory-ra/Android/kernel/android_kernel_oukitel_orange/drivers/misc/mediatek/mach/mt6735/include/mach/upmu_common.h:7:0,
                 from drivers/misc/mediatek/mach/mt6735/mt_cpufreq.c:61:
/home/satory-ra/Android/kernel/android_kernel_oukitel_orange/drivers/misc/mediatek/mach/mt6735/include/mach/upmu_hw.h:43:0: note: this is the location of the previous definition
 #define MT6328_TOP_CON               ((MT6328_PMIC_REG_BASE+0x0204))
 ^
In file included from drivers/misc/mediatek/mach/mt6735/mt_cpufreq.c:64:0:
/home/satory-ra/Android/kernel/android_kernel_oukitel_orange/drivers/misc/mediatek/pmic_wrap/mt6735/pwrap_hal.h:460:0: warning: "MT6328_TEST_OUT" redefined
 #define MT6328_TEST_OUT              ((UINT32)(MT6328_PMIC_REG_BASE+0x0206))
 ^
In file included from /home/satory-ra/Android/kernel/android_kernel_oukitel_orange/drivers/misc/mediatek/mach/mt6735/include/mach/upmu_common.h:7:0,
                 from drivers/misc/mediatek/mach/mt6735/mt_cpufreq.c:61:
/home/satory-ra/Android/kernel/android_kernel_oukitel_orange/drivers/misc/mediatek/mach/mt6735/include/mach/upmu_hw.h:44:0: note: this is the location of the previous definition
 #define MT6328_TEST_OUT              ((MT6328_PMIC_REG_BASE+0x0206))
 ^
In file included from drivers/misc/mediatek/mach/mt6735/mt_cpufreq.c:64:0:
/home/satory-ra/Android/kernel/android_kernel_oukitel_orange/drivers/misc/mediatek/pmic_wrap/mt6735/pwrap_hal.h:461:0: warning: "MT6328_TEST_CON0" redefined
 #define MT6328_TEST_CON0             ((UINT32)(MT6328_PMIC_REG_BASE+0x0208))
 ^
In file included from /home/satory-ra/Android/kernel/android_kernel_oukitel_orange/drivers/misc/mediatek/mach/mt6735/include/mach/upmu_common.h:7:0,
                 from drivers/misc/mediatek/mach/mt6735/mt_cpufreq.c:61:
/home/satory-ra/Android/kernel/android_kernel_oukitel_orange/drivers/misc/mediatek/mach/mt6735/include/mach/upmu_hw.h:45:0: note: this is the location of the previous definition
 #define MT6328_TEST_CON0             ((MT6328_PMIC_REG_BASE+0x0208))
 ^
In file included from drivers/misc/mediatek/mach/mt6735/mt_cpufreq.c:64:0:
/home/satory-ra/Android/kernel/android_kernel_oukitel_orange/drivers/misc/mediatek/pmic_wrap/mt6735/pwrap_hal.h:462:0: warning: "MT6328_TEST_CON1" redefined
 #define MT6328_TEST_CON1             ((UINT32)(MT6328_PMIC_REG_BASE+0x020A))
 ^
In file included from /home/satory-ra/Android/kernel/android_kernel_oukitel_orange/drivers/misc/mediatek/mach/mt6735/include/mach/upmu_common.h:7:0,
                 from drivers/misc/mediatek/mach/mt6735/mt_cpufreq.c:61:
/home/satory-ra/Android/kernel/android_kernel_oukitel_orange/drivers/misc/mediatek/mach/mt6735/include/mach/upmu_hw.h:46:0: note: this is the location of the previous definition
 #define MT6328_TEST_CON1             ((MT6328_PMIC_REG_BASE+0x020A))
 ^
In file included from drivers/misc/mediatek/mach/mt6735/mt_cpufreq.c:64:0:
/home/satory-ra/Android/kernel/android_kernel_oukitel_orange/drivers/misc/mediatek/pmic_wrap/mt6735/pwrap_hal.h:463:0: warning: "MT6328_TESTMODE_SW" redefined
 #define MT6328_TESTMODE_SW           ((UINT32)(MT6328_PMIC_REG_BASE+0x020C))
 ^
In file included from /home/satory-ra/Android/kernel/android_kernel_oukitel_orange/drivers/misc/mediatek/mach/mt6735/include/mach/upmu_common.h:7:0,
                 from drivers/misc/mediatek/mach/mt6735/mt_cpufreq.c:61:
/home/satory-ra/Android/kernel/android_kernel_oukitel_orange/drivers/misc/mediatek/mach/mt6735/include/mach/upmu_hw.h:47:0: note: this is the location of the previous definition
 #define MT6328_TESTMODE_SW           ((MT6328_PMIC_REG_BASE+0x020C))
 ^
In file included from drivers/misc/mediatek/mach/mt6735/mt_cpufreq.c:64:0:
/home/satory-ra/Android/kernel/android_kernel_oukitel_orange/drivers/misc/mediatek/pmic_wrap/mt6735/pwrap_hal.h:464:0: warning: "MT6328_EN_STATUS0" redefined
 #define MT6328_EN_STATUS0            ((UINT32)(MT6328_PMIC_REG_BASE+0x020E))
 ^
In file included from /home/satory-ra/Android/kernel/android_kernel_oukitel_orange/drivers/misc/mediatek/mach/mt6735/include/mach/upmu_common.h:7:0,
                 from drivers/misc/mediatek/mach/mt6735/mt_cpufreq.c:61:
/home/satory-ra/Android/kernel/android_kernel_oukitel_orange/drivers/misc/mediatek/mach/mt6735/include/mach/upmu_hw.h:48:0: note: this is the location of the previous definition
 #define MT6328_EN_STATUS0            ((MT6328_PMIC_REG_BASE+0x020E))
 ^
In file included from drivers/misc/mediatek/mach/mt6735/mt_cpufreq.c:64:0:
/home/satory-ra/Android/kernel/android_kernel_oukitel_orange/drivers/misc/mediatek/pmic_wrap/mt6735/pwrap_hal.h:465:0: warning: "MT6328_EN_STATUS1" redefined
 #define MT6328_EN_STATUS1            ((UINT32)(MT6328_PMIC_REG_BASE+0x0210))
 ^
In file included from /home/satory-ra/Android/kernel/android_kernel_oukitel_orange/drivers/misc/mediatek/mach/mt6735/include/mach/upmu_common.h:7:0,
                 from drivers/misc/mediatek/mach/mt6735/mt_cpufreq.c:61:
/home/satory-ra/Android/kernel/android_kernel_oukitel_orange/drivers/misc/mediatek/mach/mt6735/include/mach/upmu_hw.h:49:0: note: this is the location of the previous definition
 #define MT6328_EN_STATUS1            ((MT6328_PMIC_REG_BASE+0x0210))
 ^
In file included from drivers/misc/mediatek/mach/mt6735/mt_cpufreq.c:64:0:
/home/satory-ra/Android/kernel/android_kernel_oukitel_orange/drivers/misc/mediatek/pmic_wrap/mt6735/pwrap_hal.h:466:0: warning: "MT6328_EN_STATUS2" redefined
 #define MT6328_EN_STATUS2            ((UINT32)(MT6328_PMIC_REG_BASE+0x0212))
 ^
In file included from /home/satory-ra/Android/kernel/android_kernel_oukitel_orange/drivers/misc/mediatek/mach/mt6735/include/mach/upmu_common.h:7:0,
                 from drivers/misc/mediatek/mach/mt6735/mt_cpufreq.c:61:
/home/satory-ra/Android/kernel/android_kernel_oukitel_orange/drivers/misc/mediatek/mach/mt6735/include/mach/upmu_hw.h:50:0: note: this is the location of the previous definition
 #define MT6328_EN_STATUS2            ((MT6328_PMIC_REG_BASE+0x0212))
 ^
In file included from drivers/misc/mediatek/mach/mt6735/mt_cpufreq.c:64:0:
/home/satory-ra/Android/kernel/android_kernel_oukitel_orange/drivers/misc/mediatek/pmic_wrap/mt6735/pwrap_hal.h:467:0: warning: "MT6328_OCSTATUS0" redefined
 #define MT6328_OCSTATUS0             ((UINT32)(MT6328_PMIC_REG_BASE+0x0214))
 ^
In file included from /home/satory-ra/Android/kernel/android_kernel_oukitel_orange/drivers/misc/mediatek/mach/mt6735/include/mach/upmu_common.h:7:0,
                 from drivers/misc/mediatek/mach/mt6735/mt_cpufreq.c:61:
/home/satory-ra/Android/kernel/android_kernel_oukitel_orange/drivers/misc/mediatek/mach/mt6735/include/mach/upmu_hw.h:51:0: note: this is the location of the previous definition
 #define MT6328_OCSTATUS0             ((MT6328_PMIC_REG_BASE+0x0214))
 ^
In file included from drivers/misc/mediatek/mach/mt6735/mt_cpufreq.c:64:0:
/home/satory-ra/Android/kernel/android_kernel_oukitel_orange/drivers/misc/mediatek/pmic_wrap/mt6735/pwrap_hal.h:468:0: warning: "MT6328_OCSTATUS1" redefined
 #define MT6328_OCSTATUS1             ((UINT32)(MT6328_PMIC_REG_BASE+0x0216))
 ^
In file included from /home/satory-ra/Android/kernel/android_kernel_oukitel_orange/drivers/misc/mediatek/mach/mt6735/include/mach/upmu_common.h:7:0,
                 from drivers/misc/mediatek/mach/mt6735/mt_cpufreq.c:61:
/home/satory-ra/Android/kernel/android_kernel_oukitel_orange/drivers/misc/mediatek/mach/mt6735/include/mach/upmu_hw.h:52:0: note: this is the location of the previous definition
 #define MT6328_OCSTATUS1             ((MT6328_PMIC_REG_BASE+0x0216))
 ^
In file included from drivers/misc/mediatek/mach/mt6735/mt_cpufreq.c:64:0:
/home/satory-ra/Android/kernel/android_kernel_oukitel_orange/drivers/misc/mediatek/pmic_wrap/mt6735/pwrap_hal.h:469:0: warning: "MT6328_OCSTATUS2" redefined
 #define MT6328_OCSTATUS2             ((UINT32)(MT6328_PMIC_REG_BASE+0x0218))
 ^
In file included from /home/satory-ra/Android/kernel/android_kernel_oukitel_orange/drivers/misc/mediatek/mach/mt6735/include/mach/upmu_common.h:7:0,
                 from drivers/misc/mediatek/mach/mt6735/mt_cpufreq.c:61:
/home/satory-ra/Android/kernel/android_kernel_oukitel_orange/drivers/misc/mediatek/mach/mt6735/include/mach/upmu_hw.h:53:0: note: this is the location of the previous definition
 #define MT6328_OCSTATUS2             ((MT6328_PMIC_REG_BASE+0x0218))
 ^
In file included from drivers/misc/mediatek/mach/mt6735/mt_cpufreq.c:64:0:
/home/satory-ra/Android/kernel/android_kernel_oukitel_orange/drivers/misc/mediatek/pmic_wrap/mt6735/pwrap_hal.h:470:0: warning: "MT6328_PGDEBSTATUS" redefined
 #define MT6328_PGDEBSTATUS           ((UINT32)(MT6328_PMIC_REG_BASE+0x021A))
 ^
In file included from /home/satory-ra/Android/kernel/android_kernel_oukitel_orange/drivers/misc/mediatek/mach/mt6735/include/mach/upmu_common.h:7:0,
                 from drivers/misc/mediatek/mach/mt6735/mt_cpufreq.c:61:
/home/satory-ra/Android/kernel/android_kernel_oukitel_orange/drivers/misc/mediatek/mach/mt6735/include/mach/upmu_hw.h:54:0: note: this is the location of the previous definition
 #define MT6328_PGDEBSTATUS           ((MT6328_PMIC_REG_BASE+0x021A))
 ^
In file included from drivers/misc/mediatek/mach/mt6735/mt_cpufreq.c:64:0:
/home/satory-ra/Android/kernel/android_kernel_oukitel_orange/drivers/misc/mediatek/pmic_wrap/mt6735/pwrap_hal.h:471:0: warning: "MT6328_PGSTATUS" redefined
 #define MT6328_PGSTATUS              ((UINT32)(MT6328_PMIC_REG_BASE+0x021C))
 ^
In file included from /home/satory-ra/Android/kernel/android_kernel_oukitel_orange/drivers/misc/mediatek/mach/mt6735/include/mach/upmu_common.h:7:0,
                 from drivers/misc/mediatek/mach/mt6735/mt_cpufreq.c:61:
/home/satory-ra/Android/kernel/android_kernel_oukitel_orange/drivers/misc/mediatek/mach/mt6735/include/mach/upmu_hw.h:55:0: note: this is the location of the previous definition
 #define MT6328_PGSTATUS              ((MT6328_PMIC_REG_BASE+0x021C))
 ^
In file included from drivers/misc/mediatek/mach/mt6735/mt_cpufreq.c:64:0:
/home/satory-ra/Android/kernel/android_kernel_oukitel_orange/drivers/misc/mediatek/pmic_wrap/mt6735/pwrap_hal.h:472:0: warning: "MT6328_THERMALSTATUS" redefined
 #define MT6328_THERMALSTATUS         ((UINT32)(MT6328_PMIC_REG_BASE+0x021E))
 ^
In file included from /home/satory-ra/Android/kernel/android_kernel_oukitel_orange/drivers/misc/mediatek/mach/mt6735/include/mach/upmu_common.h:7:0,
                 from drivers/misc/mediatek/mach/mt6735/mt_cpufreq.c:61:
/home/satory-ra/Android/kernel/android_kernel_oukitel_orange/drivers/misc/mediatek/mach/mt6735/include/mach/upmu_hw.h:56:0: note: this is the location of the previous definition
 #define MT6328_THERMALSTATUS         ((MT6328_PMIC_REG_BASE+0x021E))
 ^
In file included from drivers/misc/mediatek/mach/mt6735/mt_cpufreq.c:64:0:
/home/satory-ra/Android/kernel/android_kernel_oukitel_orange/drivers/misc/mediatek/pmic_wrap/mt6735/pwrap_hal.h:473:0: warning: "MT6328_TOPSTATUS" redefined
 #define MT6328_TOPSTATUS             ((UINT32)(MT6328_PMIC_REG_BASE+0x0220))
 ^
In file included from /home/satory-ra/Android/kernel/android_kernel_oukitel_orange/drivers/misc/mediatek/mach/mt6735/include/mach/upmu_common.h:7:0,
                 from drivers/misc/mediatek/mach/mt6735/mt_cpufreq.c:61:
/home/satory-ra/Android/kernel/android_kernel_oukitel_orange/drivers/misc/mediatek/mach/mt6735/include/mach/upmu_hw.h:57:0: note: this is the location of the previous definition
 #define MT6328_TOPSTATUS             ((MT6328_PMIC_REG_BASE+0x0220))
 ^
In file included from drivers/misc/mediatek/mach/mt6735/mt_cpufreq.c:64:0:
/home/satory-ra/Android/kernel/android_kernel_oukitel_orange/drivers/misc/mediatek/pmic_wrap/mt6735/pwrap_hal.h:474:0: warning: "MT6328_TDSEL_CON" redefined
 #define MT6328_TDSEL_CON             ((UINT32)(MT6328_PMIC_REG_BASE+0x0222))
 ^
In file included from /home/satory-ra/Android/kernel/android_kernel_oukitel_orange/drivers/misc/mediatek/mach/mt6735/include/mach/upmu_common.h:7:0,
                 from drivers/misc/mediatek/mach/mt6735/mt_cpufreq.c:61:
/home/satory-ra/Android/kernel/android_kernel_oukitel_orange/drivers/misc/mediatek/mach/mt6735/include/mach/upmu_hw.h:58:0: note: this is the location of the previous definition
 #define MT6328_TDSEL_CON             ((MT6328_PMIC_REG_BASE+0x0222))
 ^
In file included from drivers/misc/mediatek/mach/mt6735/mt_cpufreq.c:64:0:
/home/satory-ra/Android/kernel/android_kernel_oukitel_orange/drivers/misc/mediatek/pmic_wrap/mt6735/pwrap_hal.h:475:0: warning: "MT6328_RDSEL_CON" redefined
 #define MT6328_RDSEL_CON             ((UINT32)(MT6328_PMIC_REG_BASE+0x0224))
 ^
In file included from /home/satory-ra/Android/kernel/android_kernel_oukitel_orange/drivers/misc/mediatek/mach/mt6735/include/mach/upmu_common.h:7:0,
                 from drivers/misc/mediatek/mach/mt6735/mt_cpufreq.c:61:
/home/satory-ra/Android/kernel/android_kernel_oukitel_orange/drivers/misc/mediatek/mach/mt6735/include/mach/upmu_hw.h:59:0: note: this is the location of the previous definition
 #define MT6328_RDSEL_CON             ((MT6328_PMIC_REG_BASE+0x0224))
 ^
In file included from drivers/misc/mediatek/mach/mt6735/mt_cpufreq.c:64:0:
/home/satory-ra/Android/kernel/android_kernel_oukitel_orange/drivers/misc/mediatek/pmic_wrap/mt6735/pwrap_hal.h:476:0: warning: "MT6328_SMT_CON0" redefined
 #define MT6328_SMT_CON0              ((UINT32)(MT6328_PMIC_REG_BASE+0x0226))
 ^
In file included from /home/satory-ra/Android/kernel/android_kernel_oukitel_orange/drivers/misc/mediatek/mach/mt6735/include/mach/upmu_common.h:7:0,
                 from drivers/misc/mediatek/mach/mt6735/mt_cpufreq.c:61:
/home/satory-ra/Android/kernel/android_kernel_oukitel_orange/drivers/misc/mediatek/mach/mt6735/include/mach/upmu_hw.h:60:0: note: this is the location of the previous definition
 #define MT6328_SMT_CON0              ((MT6328_PMIC_REG_BASE+0x0226))
 ^
In file included from drivers/misc/mediatek/mach/mt6735/mt_cpufreq.c:64:0:
/home/satory-ra/Android/kernel/android_kernel_oukitel_orange/drivers/misc/mediatek/pmic_wrap/mt6735/pwrap_hal.h:477:0: warning: "MT6328_SMT_CON1" redefined
 #define MT6328_SMT_CON1              ((UINT32)(MT6328_PMIC_REG_BASE+0x0228))
 ^
In file included from /home/satory-ra/Android/kernel/android_kernel_oukitel_orange/drivers/misc/mediatek/mach/mt6735/include/mach/upmu_common.h:7:0,
                 from drivers/misc/mediatek/mach/mt6735/mt_cpufreq.c:61:
/home/satory-ra/Android/kernel/android_kernel_oukitel_orange/drivers/misc/mediatek/mach/mt6735/include/mach/upmu_hw.h:61:0: note: this is the location of the previous definition
 #define MT6328_SMT_CON1              ((MT6328_PMIC_REG_BASE+0x0228))
 ^
In file included from drivers/misc/mediatek/mach/mt6735/mt_cpufreq.c:64:0:
/home/satory-ra/Android/kernel/android_kernel_oukitel_orange/drivers/misc/mediatek/pmic_wrap/mt6735/pwrap_hal.h:478:0: warning: "MT6328_SMT_CON2" redefined
 #define MT6328_SMT_CON2              ((UINT32)(MT6328_PMIC_REG_BASE+0x022A))
 ^
In file included from /home/satory-ra/Android/kernel/android_kernel_oukitel_orange/drivers/misc/mediatek/mach/mt6735/include/mach/upmu_common.h:7:0,
                 from drivers/misc/mediatek/mach/mt6735/mt_cpufreq.c:61:
/home/satory-ra/Android/kernel/android_kernel_oukitel_orange/drivers/misc/mediatek/mach/mt6735/include/mach/upmu_hw.h:62:0: note: this is the location of the previous definition
 #define MT6328_SMT_CON2              ((MT6328_PMIC_REG_BASE+0x022A))
 ^
In file included from drivers/misc/mediatek/mach/mt6735/mt_cpufreq.c:64:0:
/home/satory-ra/Android/kernel/android_kernel_oukitel_orange/drivers/misc/mediatek/pmic_wrap/mt6735/pwrap_hal.h:479:0: warning: "MT6328_DRV_CON0" redefined
 #define MT6328_DRV_CON0              ((UINT32)(MT6328_PMIC_REG_BASE+0x022C))
 ^
In file included from /home/satory-ra/Android/kernel/android_kernel_oukitel_orange/drivers/misc/mediatek/mach/mt6735/include/mach/upmu_common.h:7:0,
                 from drivers/misc/mediatek/mach/mt6735/mt_cpufreq.c:61:
/home/satory-ra/Android/kernel/android_kernel_oukitel_orange/drivers/misc/mediatek/mach/mt6735/include/mach/upmu_hw.h:63:0: note: this is the location of the previous definition
 #define MT6328_DRV_CON0              ((MT6328_PMIC_REG_BASE+0x022C))
 ^
In file included from drivers/misc/mediatek/mach/mt6735/mt_cpufreq.c:64:0:
/home/satory-ra/Android/kernel/android_kernel_oukitel_orange/drivers/misc/mediatek/pmic_wrap/mt6735/pwrap_hal.h:480:0: warning: "MT6328_DRV_CON1" redefined
 #define MT6328_DRV_CON1              ((UINT32)(MT6328_PMIC_REG_BASE+0x022E))
 ^
In file included from /home/satory-ra/Android/kernel/android_kernel_oukitel_orange/drivers/misc/mediatek/mach/mt6735/include/mach/upmu_common.h:7:0,
                 from drivers/misc/mediatek/mach/mt6735/mt_cpufreq.c:61:
/home/satory-ra/Android/kernel/android_kernel_oukitel_orange/drivers/misc/mediatek/mach/mt6735/include/mach/upmu_hw.h:64:0: note: this is the location of the previous definition
 #define MT6328_DRV_CON1              ((MT6328_PMIC_REG_BASE+0x022E))
 ^
In file included from drivers/misc/mediatek/mach/mt6735/mt_cpufreq.c:64:0:
/home/satory-ra/Android/kernel/android_kernel_oukitel_orange/drivers/misc/mediatek/pmic_wrap/mt6735/pwrap_hal.h:481:0: warning: "MT6328_DRV_CON2" redefined
 #define MT6328_DRV_CON2              ((UINT32)(MT6328_PMIC_REG_BASE+0x0230))
 ^
In file included from /home/satory-ra/Android/kernel/android_kernel_oukitel_orange/drivers/misc/mediatek/mach/mt6735/include/mach/upmu_common.h:7:0,
                 from drivers/misc/mediatek/mach/mt6735/mt_cpufreq.c:61:
/home/satory-ra/Android/kernel/android_kernel_oukitel_orange/drivers/misc/mediatek/mach/mt6735/include/mach/upmu_hw.h:65:0: note: this is the location of the previous definition
 #define MT6328_DRV_CON2              ((MT6328_PMIC_REG_BASE+0x0230))
 ^
In file included from drivers/misc/mediatek/mach/mt6735/mt_cpufreq.c:64:0:
/home/satory-ra/Android/kernel/android_kernel_oukitel_orange/drivers/misc/mediatek/pmic_wrap/mt6735/pwrap_hal.h:482:0: warning: "MT6328_DRV_CON3" redefined
 #define MT6328_DRV_CON3              ((UINT32)(MT6328_PMIC_REG_BASE+0x0232))
 ^
In file included from /home/satory-ra/Android/kernel/android_kernel_oukitel_orange/drivers/misc/mediatek/mach/mt6735/include/mach/upmu_common.h:7:0,
                 from drivers/misc/mediatek/mach/mt6735/mt_cpufreq.c:61:
/home/satory-ra/Android/kernel/android_kernel_oukitel_orange/drivers/misc/mediatek/mach/mt6735/include/mach/upmu_hw.h:66:0: note: this is the location of the previous definition
 #define MT6328_DRV_CON3              ((MT6328_PMIC_REG_BASE+0x0232))
 ^
In file included from drivers/misc/mediatek/mach/mt6735/mt_cpufreq.c:64:0:
/home/satory-ra/Android/kernel/android_kernel_oukitel_orange/drivers/misc/mediatek/pmic_wrap/mt6735/pwrap_hal.h:483:0: warning: "MT6328_TOP_STATUS" redefined
 #define MT6328_TOP_STATUS            ((UINT32)(MT6328_PMIC_REG_BASE+0x0234))
 ^
In file included from /home/satory-ra/Android/kernel/android_kernel_oukitel_orange/drivers/misc/mediatek/mach/mt6735/include/mach/upmu_common.h:7:0,
                 from drivers/misc/mediatek/mach/mt6735/mt_cpufreq.c:61:
/home/satory-ra/Android/kernel/android_kernel_oukitel_orange/drivers/misc/mediatek/mach/mt6735/include/mach/upmu_hw.h:67:0: note: this is the location of the previous definition
 #define MT6328_TOP_STATUS            ((MT6328_PMIC_REG_BASE+0x0234))
 ^
In file included from drivers/misc/mediatek/mach/mt6735/mt_cpufreq.c:64:0:
/home/satory-ra/Android/kernel/android_kernel_oukitel_orange/drivers/misc/mediatek/pmic_wrap/mt6735/pwrap_hal.h:484:0: warning: "MT6328_TOP_STATUS_SET" redefined
 #define MT6328_TOP_STATUS_SET        ((UINT32)(MT6328_PMIC_REG_BASE+0x0236))
 ^
In file included from /home/satory-ra/Android/kernel/android_kernel_oukitel_orange/drivers/misc/mediatek/mach/mt6735/include/mach/upmu_common.h:7:0,
                 from drivers/misc/mediatek/mach/mt6735/mt_cpufreq.c:61:
/home/satory-ra/Android/kernel/android_kernel_oukitel_orange/drivers/misc/mediatek/mach/mt6735/include/mach/upmu_hw.h:68:0: note: this is the location of the previous definition
 #define MT6328_TOP_STATUS_SET        ((MT6328_PMIC_REG_BASE+0x0236))
 ^
In file included from drivers/misc/mediatek/mach/mt6735/mt_cpufreq.c:64:0:
/home/satory-ra/Android/kernel/android_kernel_oukitel_orange/drivers/misc/mediatek/pmic_wrap/mt6735/pwrap_hal.h:485:0: warning: "MT6328_TOP_STATUS_CLR" redefined
 #define MT6328_TOP_STATUS_CLR        ((UINT32)(MT6328_PMIC_REG_BASE+0x0238))
 ^
In file included from /home/satory-ra/Android/kernel/android_kernel_oukitel_orange/drivers/misc/mediatek/mach/mt6735/include/mach/upmu_common.h:7:0,
                 from drivers/misc/mediatek/mach/mt6735/mt_cpufreq.c:61:
/home/satory-ra/Android/kernel/android_kernel_oukitel_orange/drivers/misc/mediatek/mach/mt6735/include/mach/upmu_hw.h:69:0: note: this is the location of the previous definition
 #define MT6328_TOP_STATUS_CLR        ((MT6328_PMIC_REG_BASE+0x0238))
 ^
In file included from drivers/misc/mediatek/mach/mt6735/mt_cpufreq.c:64:0:
/home/satory-ra/Android/kernel/android_kernel_oukitel_orange/drivers/misc/mediatek/pmic_wrap/mt6735/pwrap_hal.h:486:0: warning: "MT6328_RGS_ANA_MON" redefined
 #define MT6328_RGS_ANA_MON           ((UINT32)(MT6328_PMIC_REG_BASE+0x023A))
 ^
In file included from /home/satory-ra/Android/kernel/android_kernel_oukitel_orange/drivers/misc/mediatek/mach/mt6735/include/mach/upmu_common.h:7:0,
                 from drivers/misc/mediatek/mach/mt6735/mt_cpufreq.c:61:
/home/satory-ra/Android/kernel/android_kernel_oukitel_orange/drivers/misc/mediatek/mach/mt6735/include/mach/upmu_hw.h:70:0: note: this is the location of the previous definition
 #define MT6328_RGS_ANA_MON           ((MT6328_PMIC_REG_BASE+0x023A))
 ^
In file included from drivers/misc/mediatek/mach/mt6735/mt_cpufreq.c:64:0:
/home/satory-ra/Android/kernel/android_kernel_oukitel_orange/drivers/misc/mediatek/pmic_wrap/mt6735/pwrap_hal.h:487:0: warning: "MT6328_TOP_CKPDN_CON0" redefined
 #define MT6328_TOP_CKPDN_CON0        ((UINT32)(MT6328_PMIC_REG_BASE+0x023C))
 ^
In file included from /home/satory-ra/Android/kernel/android_kernel_oukitel_orange/drivers/misc/mediatek/mach/mt6735/include/mach/upmu_common.h:7:0,
                 from drivers/misc/mediatek/mach/mt6735/mt_cpufreq.c:61:
/home/satory-ra/Android/kernel/android_kernel_oukitel_orange/drivers/misc/mediatek/mach/mt6735/include/mach/upmu_hw.h:71:0: note: this is the location of the previous definition
 #define MT6328_TOP_CKPDN_CON0        ((MT6328_PMIC_REG_BASE+0x023C))
 ^
In file included from drivers/misc/mediatek/mach/mt6735/mt_cpufreq.c:64:0:
/home/satory-ra/Android/kernel/android_kernel_oukitel_orange/drivers/misc/mediatek/pmic_wrap/mt6735/pwrap_hal.h:488:0: warning: "MT6328_TOP_CKPDN_CON0_SET" redefined
 #define MT6328_TOP_CKPDN_CON0_SET    ((UINT32)(MT6328_PMIC_REG_BASE+0x023E))
 ^
In file included from /home/satory-ra/Android/kernel/android_kernel_oukitel_orange/drivers/misc/mediatek/mach/mt6735/include/mach/upmu_common.h:7:0,
                 from drivers/misc/mediatek/mach/mt6735/mt_cpufreq.c:61:
/home/satory-ra/Android/kernel/android_kernel_oukitel_orange/drivers/misc/mediatek/mach/mt6735/include/mach/upmu_hw.h:72:0: note: this is the location of the previous definition
 #define MT6328_TOP_CKPDN_CON0_SET    ((MT6328_PMIC_REG_BASE+0x023E))
 ^
In file included from drivers/misc/mediatek/mach/mt6735/mt_cpufreq.c:64:0:
/home/satory-ra/Android/kernel/android_kernel_oukitel_orange/drivers/misc/mediatek/pmic_wrap/mt6735/pwrap_hal.h:489:0: warning: "MT6328_TOP_CKPDN_CON0_CLR" redefined
 #define MT6328_TOP_CKPDN_CON0_CLR    ((UINT32)(MT6328_PMIC_REG_BASE+0x0240))
 ^
In file included from /home/satory-ra/Android/kernel/android_kernel_oukitel_orange/drivers/misc/mediatek/mach/mt6735/include/mach/upmu_common.h:7:0,
                 from drivers/misc/mediatek/mach/mt6735/mt_cpufreq.c:61:
/home/satory-ra/Android/kernel/android_kernel_oukitel_orange/drivers/misc/mediatek/mach/mt6735/include/mach/upmu_hw.h:73:0: note: this is the location of the previous definition
 #define MT6328_TOP_CKPDN_CON0_CLR    ((MT6328_PMIC_REG_BASE+0x0240))
 ^
In file included from drivers/misc/mediatek/mach/mt6735/mt_cpufreq.c:64:0:
/home/satory-ra/Android/kernel/android_kernel_oukitel_orange/drivers/misc/mediatek/pmic_wrap/mt6735/pwrap_hal.h:490:0: warning: "MT6328_TOP_CKPDN_CON1" redefined
 #define MT6328_TOP_CKPDN_CON1        ((UINT32)(MT6328_PMIC_REG_BASE+0x0242))
 ^
In file included from /home/satory-ra/Android/kernel/android_kernel_oukitel_orange/drivers/misc/mediatek/mach/mt6735/include/mach/upmu_common.h:7:0,
                 from drivers/misc/mediatek/mach/mt6735/mt_cpufreq.c:61:
/home/satory-ra/Android/kernel/android_kernel_oukitel_orange/drivers/misc/mediatek/mach/mt6735/include/mach/upmu_hw.h:74:0: note: this is the location of the previous definition
 #define MT6328_TOP_CKPDN_CON1        ((MT6328_PMIC_REG_BASE+0x0242))
 ^
In file included from drivers/misc/mediatek/mach/mt6735/mt_cpufreq.c:64:0:
/home/satory-ra/Android/kernel/android_kernel_oukitel_orange/drivers/misc/mediatek/pmic_wrap/mt6735/pwrap_hal.h:491:0: warning: "MT6328_TOP_CKPDN_CON1_SET" redefined
 #define MT6328_TOP_CKPDN_CON1_SET    ((UINT32)(MT6328_PMIC_REG_BASE+0x0244))
 ^
In file included from /home/satory-ra/Android/kernel/android_kernel_oukitel_orange/drivers/misc/mediatek/mach/mt6735/include/mach/upmu_common.h:7:0,
                 from drivers/misc/mediatek/mach/mt6735/mt_cpufreq.c:61:
/home/satory-ra/Android/kernel/android_kernel_oukitel_orange/drivers/misc/mediatek/mach/mt6735/include/mach/upmu_hw.h:75:0: note: this is the location of the previous definition
 #define MT6328_TOP_CKPDN_CON1_SET    ((MT6328_PMIC_REG_BASE+0x0244))
 ^
In file included from drivers/misc/mediatek/mach/mt6735/mt_cpufreq.c:64:0:
/home/satory-ra/Android/kernel/android_kernel_oukitel_orange/drivers/misc/mediatek/pmic_wrap/mt6735/pwrap_hal.h:492:0: warning: "MT6328_TOP_CKPDN_CON1_CLR" redefined
 #define MT6328_TOP_CKPDN_CON1_CLR    ((UINT32)(MT6328_PMIC_REG_BASE+0x0246))
 ^
In file included from /home/satory-ra/Android/kernel/android_kernel_oukitel_orange/drivers/misc/mediatek/mach/mt6735/include/mach/upmu_common.h:7:0,
                 from drivers/misc/mediatek/mach/mt6735/mt_cpufreq.c:61:
/home/satory-ra/Android/kernel/android_kernel_oukitel_orange/drivers/misc/mediatek/mach/mt6735/include/mach/upmu_hw.h:76:0: note: this is the location of the previous definition
 #define MT6328_TOP_CKPDN_CON1_CLR    ((MT6328_PMIC_REG_BASE+0x0246))
 ^
In file included from drivers/misc/mediatek/mach/mt6735/mt_cpufreq.c:64:0:
/home/satory-ra/Android/kernel/android_kernel_oukitel_orange/drivers/misc/mediatek/pmic_wrap/mt6735/pwrap_hal.h:493:0: warning: "MT6328_TOP_CKPDN_CON2" redefined
 #define MT6328_TOP_CKPDN_CON2        ((UINT32)(MT6328_PMIC_REG_BASE+0x0248))
 ^
In file included from /home/satory-ra/Android/kernel/android_kernel_oukitel_orange/drivers/misc/mediatek/mach/mt6735/include/mach/upmu_common.h:7:0,
                 from drivers/misc/mediatek/mach/mt6735/mt_cpufreq.c:61:
/home/satory-ra/Android/kernel/android_kernel_oukitel_orange/drivers/misc/mediatek/mach/mt6735/include/mach/upmu_hw.h:77:0: note: this is the location of the previous definition
 #define MT6328_TOP_CKPDN_CON2        ((MT6328_PMIC_REG_BASE+0x0248))
 ^
In file included from drivers/misc/mediatek/mach/mt6735/mt_cpufreq.c:64:0:
/home/satory-ra/Android/kernel/android_kernel_oukitel_orange/drivers/misc/mediatek/pmic_wrap/mt6735/pwrap_hal.h:494:0: warning: "MT6328_TOP_CKPDN_CON2_SET" redefined
 #define MT6328_TOP_CKPDN_CON2_SET    ((UINT32)(MT6328_PMIC_REG_BASE+0x024A))
 ^
In file included from /home/satory-ra/Android/kernel/android_kernel_oukitel_orange/drivers/misc/mediatek/mach/mt6735/include/mach/upmu_common.h:7:0,
                 from drivers/misc/mediatek/mach/mt6735/mt_cpufreq.c:61:
/home/satory-ra/Android/kernel/android_kernel_oukitel_orange/drivers/misc/mediatek/mach/mt6735/include/mach/upmu_hw.h:78:0: note: this is the location of the previous definition
 #define MT6328_TOP_CKPDN_CON2_SET    ((MT6328_PMIC_REG_BASE+0x024A))
 ^
In file included from drivers/misc/mediatek/mach/mt6735/mt_cpufreq.c:64:0:
/home/satory-ra/Android/kernel/android_kernel_oukitel_orange/drivers/misc/mediatek/pmic_wrap/mt6735/pwrap_hal.h:495:0: warning: "MT6328_TOP_CKPDN_CON2_CLR" redefined
 #define MT6328_TOP_CKPDN_CON2_CLR    ((UINT32)(MT6328_PMIC_REG_BASE+0x024C))
 ^
In file included from /home/satory-ra/Android/kernel/android_kernel_oukitel_orange/drivers/misc/mediatek/mach/mt6735/include/mach/upmu_common.h:7:0,
                 from drivers/misc/mediatek/mach/mt6735/mt_cpufreq.c:61:
/home/satory-ra/Android/kernel/android_kernel_oukitel_orange/drivers/misc/mediatek/mach/mt6735/include/mach/upmu_hw.h:79:0: note: this is the location of the previous definition
 #define MT6328_TOP_CKPDN_CON2_CLR    ((MT6328_PMIC_REG_BASE+0x024C))
 ^
In file included from drivers/misc/mediatek/mach/mt6735/mt_cpufreq.c:64:0:
/home/satory-ra/Android/kernel/android_kernel_oukitel_orange/drivers/misc/mediatek/pmic_wrap/mt6735/pwrap_hal.h:496:0: warning: "MT6328_TOP_CKPDN_CON3" redefined
 #define MT6328_TOP_CKPDN_CON3        ((UINT32)(MT6328_PMIC_REG_BASE+0x024E))
 ^
In file included from /home/satory-ra/Android/kernel/android_kernel_oukitel_orange/drivers/misc/mediatek/mach/mt6735/include/mach/upmu_common.h:7:0,
                 from drivers/misc/mediatek/mach/mt6735/mt_cpufreq.c:61:
/home/satory-ra/Android/kernel/android_kernel_oukitel_orange/drivers/misc/mediatek/mach/mt6735/include/mach/upmu_hw.h:80:0: note: this is the location of the previous definition
 #define MT6328_TOP_CKPDN_CON3        ((MT6328_PMIC_REG_BASE+0x024E))
 ^
In file included from drivers/misc/mediatek/mach/mt6735/mt_cpufreq.c:64:0:
/home/satory-ra/Android/kernel/android_kernel_oukitel_orange/drivers/misc/mediatek/pmic_wrap/mt6735/pwrap_hal.h:497:0: warning: "MT6328_TOP_CKPDN_CON3_SET" redefined
 #define MT6328_TOP_CKPDN_CON3_SET    ((UINT32)(MT6328_PMIC_REG_BASE+0x0250))
 ^
In file included from /home/satory-ra/Android/kernel/android_kernel_oukitel_orange/drivers/misc/mediatek/mach/mt6735/include/mach/upmu_common.h:7:0,
                 from drivers/misc/mediatek/mach/mt6735/mt_cpufreq.c:61:
/home/satory-ra/Android/kernel/android_kernel_oukitel_orange/drivers/misc/mediatek/mach/mt6735/include/mach/upmu_hw.h:81:0: note: this is the location of the previous definition
 #define MT6328_TOP_CKPDN_CON3_SET    ((MT6328_PMIC_REG_BASE+0x0250))
 ^
In file included from drivers/misc/mediatek/mach/mt6735/mt_cpufreq.c:64:0:
/home/satory-ra/Android/kernel/android_kernel_oukitel_orange/drivers/misc/mediatek/pmic_wrap/mt6735/pwrap_hal.h:498:0: warning: "MT6328_TOP_CKPDN_CON3_CLR" redefined
 #define MT6328_TOP_CKPDN_CON3_CLR    ((UINT32)(MT6328_PMIC_REG_BASE+0x0252))
 ^
In file included from /home/satory-ra/Android/kernel/android_kernel_oukitel_orange/drivers/misc/mediatek/mach/mt6735/include/mach/upmu_common.h:7:0,
                 from drivers/misc/mediatek/mach/mt6735/mt_cpufreq.c:61:
/home/satory-ra/Android/kernel/android_kernel_oukitel_orange/drivers/misc/mediatek/mach/mt6735/include/mach/upmu_hw.h:82:0: note: this is the location of the previous definition
 #define MT6328_TOP_CKPDN_CON3_CLR    ((MT6328_PMIC_REG_BASE+0x0252))
 ^
In file included from drivers/misc/mediatek/mach/mt6735/mt_cpufreq.c:64:0:
/home/satory-ra/Android/kernel/android_kernel_oukitel_orange/drivers/misc/mediatek/pmic_wrap/mt6735/pwrap_hal.h:499:0: warning: "MT6328_TOP_CKPDN_CON4" redefined
 #define MT6328_TOP_CKPDN_CON4        ((UINT32)(MT6328_PMIC_REG_BASE+0x0254))
 ^
In file included from /home/satory-ra/Android/kernel/android_kernel_oukitel_orange/drivers/misc/mediatek/mach/mt6735/include/mach/upmu_common.h:7:0,
                 from drivers/misc/mediatek/mach/mt6735/mt_cpufreq.c:61:
/home/satory-ra/Android/kernel/android_kernel_oukitel_orange/drivers/misc/mediatek/mach/mt6735/include/mach/upmu_hw.h:83:0: note: this is the location of the previous definition
 #define MT6328_TOP_CKPDN_CON4        ((MT6328_PMIC_REG_BASE+0x0254))
 ^
In file included from drivers/misc/mediatek/mach/mt6735/mt_cpufreq.c:64:0:
/home/satory-ra/Android/kernel/android_kernel_oukitel_orange/drivers/misc/mediatek/pmic_wrap/mt6735/pwrap_hal.h:500:0: warning: "MT6328_TOP_CKPDN_CON4_SET" redefined
 #define MT6328_TOP_CKPDN_CON4_SET    ((UINT32)(MT6328_PMIC_REG_BASE+0x0256))
 ^
In file included from /home/satory-ra/Android/kernel/android_kernel_oukitel_orange/drivers/misc/mediatek/mach/mt6735/include/mach/upmu_common.h:7:0,
                 from drivers/misc/mediatek/mach/mt6735/mt_cpufreq.c:61:
/home/satory-ra/Android/kernel/android_kernel_oukitel_orange/drivers/misc/mediatek/mach/mt6735/include/mach/upmu_hw.h:84:0: note: this is the location of the previous definition
 #define MT6328_TOP_CKPDN_CON4_SET    ((MT6328_PMIC_REG_BASE+0x0256))
 ^
In file included from drivers/misc/mediatek/mach/mt6735/mt_cpufreq.c:64:0:
/home/satory-ra/Android/kernel/android_kernel_oukitel_orange/drivers/misc/mediatek/pmic_wrap/mt6735/pwrap_hal.h:501:0: warning: "MT6328_TOP_CKPDN_CON4_CLR" redefined
 #define MT6328_TOP_CKPDN_CON4_CLR    ((UINT32)(MT6328_PMIC_REG_BASE+0x0258))
 ^
In file included from /home/satory-ra/Android/kernel/android_kernel_oukitel_orange/drivers/misc/mediatek/mach/mt6735/include/mach/upmu_common.h:7:0,
                 from drivers/misc/mediatek/mach/mt6735/mt_cpufreq.c:61:
/home/satory-ra/Android/kernel/android_kernel_oukitel_orange/drivers/misc/mediatek/mach/mt6735/include/mach/upmu_hw.h:85:0: note: this is the location of the previous definition
 #define MT6328_TOP_CKPDN_CON4_CLR    ((MT6328_PMIC_REG_BASE+0x0258))
 ^
In file included from drivers/misc/mediatek/mach/mt6735/mt_cpufreq.c:64:0:
/home/satory-ra/Android/kernel/android_kernel_oukitel_orange/drivers/misc/mediatek/pmic_wrap/mt6735/pwrap_hal.h:502:0: warning: "MT6328_TOP_CKSEL_CON0" redefined
 #define MT6328_TOP_CKSEL_CON0        ((UINT32)(MT6328_PMIC_REG_BASE+0x025A))
 ^
In file included from /home/satory-ra/Android/kernel/android_kernel_oukitel_orange/drivers/misc/mediatek/mach/mt6735/include/mach/upmu_common.h:7:0,
                 from drivers/misc/mediatek/mach/mt6735/mt_cpufreq.c:61:
/home/satory-ra/Android/kernel/android_kernel_oukitel_orange/drivers/misc/mediatek/mach/mt6735/include/mach/upmu_hw.h:86:0: note: this is the location of the previous definition
 #define MT6328_TOP_CKSEL_CON0        ((MT6328_PMIC_REG_BASE+0x025A))
 ^
In file included from drivers/misc/mediatek/mach/mt6735/mt_cpufreq.c:64:0:
/home/satory-ra/Android/kernel/android_kernel_oukitel_orange/drivers/misc/mediatek/pmic_wrap/mt6735/pwrap_hal.h:503:0: warning: "MT6328_TOP_CKSEL_CON0_SET" redefined
 #define MT6328_TOP_CKSEL_CON0_SET    ((UINT32)(MT6328_PMIC_REG_BASE+0x025C))
 ^
In file included from /home/satory-ra/Android/kernel/android_kernel_oukitel_orange/drivers/misc/mediatek/mach/mt6735/include/mach/upmu_common.h:7:0,
                 from drivers/misc/mediatek/mach/mt6735/mt_cpufreq.c:61:
/home/satory-ra/Android/kernel/android_kernel_oukitel_orange/drivers/misc/mediatek/mach/mt6735/include/mach/upmu_hw.h:87:0: note: this is the location of the previous definition
 #define MT6328_TOP_CKSEL_CON0_SET    ((MT6328_PMIC_REG_BASE+0x025C))
 ^
In file included from drivers/misc/mediatek/mach/mt6735/mt_cpufreq.c:64:0:
/home/satory-ra/Android/kernel/android_kernel_oukitel_orange/drivers/misc/mediatek/pmic_wrap/mt6735/pwrap_hal.h:504:0: warning: "MT6328_TOP_CKSEL_CON0_CLR" redefined
 #define MT6328_TOP_CKSEL_CON0_CLR    ((UINT32)(MT6328_PMIC_REG_BASE+0x025E))
 ^
In file included from /home/satory-ra/Android/kernel/android_kernel_oukitel_orange/drivers/misc/mediatek/mach/mt6735/include/mach/upmu_common.h:7:0,
                 from drivers/misc/mediatek/mach/mt6735/mt_cpufreq.c:61:
/home/satory-ra/Android/kernel/android_kernel_oukitel_orange/drivers/misc/mediatek/mach/mt6735/include/mach/upmu_hw.h:88:0: note: this is the location of the previous definition
 #define MT6328_TOP_CKSEL_CON0_CLR    ((MT6328_PMIC_REG_BASE+0x025E))
 ^
In file included from drivers/misc/mediatek/mach/mt6735/mt_cpufreq.c:64:0:
/home/satory-ra/Android/kernel/android_kernel_oukitel_orange/drivers/misc/mediatek/pmic_wrap/mt6735/pwrap_hal.h:505:0: warning: "MT6328_TOP_CKSEL_CON1" redefined
 #define MT6328_TOP_CKSEL_CON1        ((UINT32)(MT6328_PMIC_REG_BASE+0x0260))
 ^
In file included from /home/satory-ra/Android/kernel/android_kernel_oukitel_orange/drivers/misc/mediatek/mach/mt6735/include/mach/upmu_common.h:7:0,
                 from drivers/misc/mediatek/mach/mt6735/mt_cpufreq.c:61:
/home/satory-ra/Android/kernel/android_kernel_oukitel_orange/drivers/misc/mediatek/mach/mt6735/include/mach/upmu_hw.h:89:0: note: this is the location of the previous definition
 #define MT6328_TOP_CKSEL_CON1        ((MT6328_PMIC_REG_BASE+0x0260))
 ^
In file included from drivers/misc/mediatek/mach/mt6735/mt_cpufreq.c:64:0:
/home/satory-ra/Android/kernel/android_kernel_oukitel_orange/drivers/misc/mediatek/pmic_wrap/mt6735/pwrap_hal.h:506:0: warning: "MT6328_TOP_CKSEL_CON1_SET" redefined
 #define MT6328_TOP_CKSEL_CON1_SET    ((UINT32)(MT6328_PMIC_REG_BASE+0x0262))
 ^
In file included from /home/satory-ra/Android/kernel/android_kernel_oukitel_orange/drivers/misc/mediatek/mach/mt6735/include/mach/upmu_common.h:7:0,
                 from drivers/misc/mediatek/mach/mt6735/mt_cpufreq.c:61:
/home/satory-ra/Android/kernel/android_kernel_oukitel_orange/drivers/misc/mediatek/mach/mt6735/include/mach/upmu_hw.h:90:0: note: this is the location of the previous definition
 #define MT6328_TOP_CKSEL_CON1_SET    ((MT6328_PMIC_REG_BASE+0x0262))
 ^
In file included from drivers/misc/mediatek/mach/mt6735/mt_cpufreq.c:64:0:
/home/satory-ra/Android/kernel/android_kernel_oukitel_orange/drivers/misc/mediatek/pmic_wrap/mt6735/pwrap_hal.h:507:0: warning: "MT6328_TOP_CKSEL_CON1_CLR" redefined
 #define MT6328_TOP_CKSEL_CON1_CLR    ((UINT32)(MT6328_PMIC_REG_BASE+0x0264))
 ^
In file included from /home/satory-ra/Android/kernel/android_kernel_oukitel_orange/drivers/misc/mediatek/mach/mt6735/include/mach/upmu_common.h:7:0,
                 from drivers/misc/mediatek/mach/mt6735/mt_cpufreq.c:61:
/home/satory-ra/Android/kernel/android_kernel_oukitel_orange/drivers/misc/mediatek/mach/mt6735/include/mach/upmu_hw.h:91:0: note: this is the location of the previous definition
 #define MT6328_TOP_CKSEL_CON1_CLR    ((MT6328_PMIC_REG_BASE+0x0264))
 ^
In file included from drivers/misc/mediatek/mach/mt6735/mt_cpufreq.c:64:0:
/home/satory-ra/Android/kernel/android_kernel_oukitel_orange/drivers/misc/mediatek/pmic_wrap/mt6735/pwrap_hal.h:508:0: warning: "MT6328_TOP_CKSEL_CON2" redefined
 #define MT6328_TOP_CKSEL_CON2        ((UINT32)(MT6328_PMIC_REG_BASE+0x0266))
 ^
In file included from /home/satory-ra/Android/kernel/android_kernel_oukitel_orange/drivers/misc/mediatek/mach/mt6735/include/mach/upmu_common.h:7:0,
                 from drivers/misc/mediatek/mach/mt6735/mt_cpufreq.c:61:
/home/satory-ra/Android/kernel/android_kernel_oukitel_orange/drivers/misc/mediatek/mach/mt6735/include/mach/upmu_hw.h:92:0: note: this is the location of the previous definition
 #define MT6328_TOP_CKSEL_CON2        ((MT6328_PMIC_REG_BASE+0x0266))
 ^
In file included from drivers/misc/mediatek/mach/mt6735/mt_cpufreq.c:64:0:
/home/satory-ra/Android/kernel/android_kernel_oukitel_orange/drivers/misc/mediatek/pmic_wrap/mt6735/pwrap_hal.h:509:0: warning: "MT6328_TOP_CKSEL_CON2_SET" redefined
 #define MT6328_TOP_CKSEL_CON2_SET    ((UINT32)(MT6328_PMIC_REG_BASE+0x0268))
 ^
In file included from /home/satory-ra/Android/kernel/android_kernel_oukitel_orange/drivers/misc/mediatek/mach/mt6735/include/mach/upmu_common.h:7:0,
                 from drivers/misc/mediatek/mach/mt6735/mt_cpufreq.c:61:
/home/satory-ra/Android/kernel/android_kernel_oukitel_orange/drivers/misc/mediatek/mach/mt6735/include/mach/upmu_hw.h:93:0: note: this is the location of the previous definition
 #define MT6328_TOP_CKSEL_CON2_SET    ((MT6328_PMIC_REG_BASE+0x0268))
 ^
In file included from drivers/misc/mediatek/mach/mt6735/mt_cpufreq.c:64:0:
/home/satory-ra/Android/kernel/android_kernel_oukitel_orange/drivers/misc/mediatek/pmic_wrap/mt6735/pwrap_hal.h:510:0: warning: "MT6328_TOP_CKSEL_CON2_CLR" redefined
 #define MT6328_TOP_CKSEL_CON2_CLR    ((UINT32)(MT6328_PMIC_REG_BASE+0x026A))
 ^
In file included from /home/satory-ra/Android/kernel/android_kernel_oukitel_orange/drivers/misc/mediatek/mach/mt6735/include/mach/upmu_common.h:7:0,
                 from drivers/misc/mediatek/mach/mt6735/mt_cpufreq.c:61:
/home/satory-ra/Android/kernel/android_kernel_oukitel_orange/drivers/misc/mediatek/mach/mt6735/include/mach/upmu_hw.h:94:0: note: this is the location of the previous definition
 #define MT6328_TOP_CKSEL_CON2_CLR    ((MT6328_PMIC_REG_BASE+0x026A))
 ^
In file included from drivers/misc/mediatek/mach/mt6735/mt_cpufreq.c:64:0:
/home/satory-ra/Android/kernel/android_kernel_oukitel_orange/drivers/misc/mediatek/pmic_wrap/mt6735/pwrap_hal.h:511:0: warning: "MT6328_TOP_CKDIVSEL_CON0" redefined
 #define MT6328_TOP_CKDIVSEL_CON0     ((UINT32)(MT6328_PMIC_REG_BASE+0x026C))
 ^
In file included from /home/satory-ra/Android/kernel/android_kernel_oukitel_orange/drivers/misc/mediatek/mach/mt6735/include/mach/upmu_common.h:7:0,
                 from drivers/misc/mediatek/mach/mt6735/mt_cpufreq.c:61:
/home/satory-ra/Android/kernel/android_kernel_oukitel_orange/drivers/misc/mediatek/mach/mt6735/include/mach/upmu_hw.h:95:0: note: this is the location of the previous definition
 #define MT6328_TOP_CKDIVSEL_CON0     ((MT6328_PMIC_REG_BASE+0x026C))
 ^
In file included from drivers/misc/mediatek/mach/mt6735/mt_cpufreq.c:64:0:
/home/satory-ra/Android/kernel/android_kernel_oukitel_orange/drivers/misc/mediatek/pmic_wrap/mt6735/pwrap_hal.h:512:0: warning: "MT6328_TOP_CKDIVSEL_CON0_SET" redefined
 #define MT6328_TOP_CKDIVSEL_CON0_SET ((UINT32)(MT6328_PMIC_REG_BASE+0x026E))
 ^
In file included from /home/satory-ra/Android/kernel/android_kernel_oukitel_orange/drivers/misc/mediatek/mach/mt6735/include/mach/upmu_common.h:7:0,
                 from drivers/misc/mediatek/mach/mt6735/mt_cpufreq.c:61:
/home/satory-ra/Android/kernel/android_kernel_oukitel_orange/drivers/misc/mediatek/mach/mt6735/include/mach/upmu_hw.h:96:0: note: this is the location of the previous definition
 #define MT6328_TOP_CKDIVSEL_CON0_SET ((MT6328_PMIC_REG_BASE+0x026E))
 ^
In file included from drivers/misc/mediatek/mach/mt6735/mt_cpufreq.c:64:0:
/home/satory-ra/Android/kernel/android_kernel_oukitel_orange/drivers/misc/mediatek/pmic_wrap/mt6735/pwrap_hal.h:513:0: warning: "MT6328_TOP_CKDIVSEL_CON0_CLR" redefined
 #define MT6328_TOP_CKDIVSEL_CON0_CLR ((UINT32)(MT6328_PMIC_REG_BASE+0x0270))
 ^
In file included from /home/satory-ra/Android/kernel/android_kernel_oukitel_orange/drivers/misc/mediatek/mach/mt6735/include/mach/upmu_common.h:7:0,
                 from drivers/misc/mediatek/mach/mt6735/mt_cpufreq.c:61:
/home/satory-ra/Android/kernel/android_kernel_oukitel_orange/drivers/misc/mediatek/mach/mt6735/include/mach/upmu_hw.h:97:0: note: this is the location of the previous definition
 #define MT6328_TOP_CKDIVSEL_CON0_CLR ((MT6328_PMIC_REG_BASE+0x0270))
 ^
In file included from drivers/misc/mediatek/mach/mt6735/mt_cpufreq.c:64:0:
/home/satory-ra/Android/kernel/android_kernel_oukitel_orange/drivers/misc/mediatek/pmic_wrap/mt6735/pwrap_hal.h:514:0: warning: "MT6328_TOP_CKDIVSEL_CON1" redefined
 #define MT6328_TOP_CKDIVSEL_CON1     ((UINT32)(MT6328_PMIC_REG_BASE+0x0272))
 ^
In file included from /home/satory-ra/Android/kernel/android_kernel_oukitel_orange/drivers/misc/mediatek/mach/mt6735/include/mach/upmu_common.h:7:0,
                 from drivers/misc/mediatek/mach/mt6735/mt_cpufreq.c:61:
/home/satory-ra/Android/kernel/android_kernel_oukitel_orange/drivers/misc/mediatek/mach/mt6735/include/mach/upmu_hw.h:98:0: note: this is the location of the previous definition
 #define MT6328_TOP_CKDIVSEL_CON1     ((MT6328_PMIC_REG_BASE+0x0272))
 ^
In file included from drivers/misc/mediatek/mach/mt6735/mt_cpufreq.c:64:0:
/home/satory-ra/Android/kernel/android_kernel_oukitel_orange/drivers/misc/mediatek/pmic_wrap/mt6735/pwrap_hal.h:515:0: warning: "MT6328_TOP_CKDIVSEL_CON1_SET" redefined
 #define MT6328_TOP_CKDIVSEL_CON1_SET ((UINT32)(MT6328_PMIC_REG_BASE+0x0274))
 ^
In file included from /home/satory-ra/Android/kernel/android_kernel_oukitel_orange/drivers/misc/mediatek/mach/mt6735/include/mach/upmu_common.h:7:0,
                 from drivers/misc/mediatek/mach/mt6735/mt_cpufreq.c:61:
/home/satory-ra/Android/kernel/android_kernel_oukitel_orange/drivers/misc/mediatek/mach/mt6735/include/mach/upmu_hw.h:99:0: note: this is the location of the previous definition
 #define MT6328_TOP_CKDIVSEL_CON1_SET ((MT6328_PMIC_REG_BASE+0x0274))
 ^
In file included from drivers/misc/mediatek/mach/mt6735/mt_cpufreq.c:64:0:
/home/satory-ra/Android/kernel/android_kernel_oukitel_orange/drivers/misc/mediatek/pmic_wrap/mt6735/pwrap_hal.h:516:0: warning: "MT6328_TOP_CKDIVSEL_CON1_CLR" redefined
 #define MT6328_TOP_CKDIVSEL_CON1_CLR ((UINT32)(MT6328_PMIC_REG_BASE+0x0276))
 ^
In file included from /home/satory-ra/Android/kernel/android_kernel_oukitel_orange/drivers/misc/mediatek/mach/mt6735/include/mach/upmu_common.h:7:0,
                 from drivers/misc/mediatek/mach/mt6735/mt_cpufreq.c:61:
/home/satory-ra/Android/kernel/android_kernel_oukitel_orange/drivers/misc/mediatek/mach/mt6735/include/mach/upmu_hw.h:100:0: note: this is the location of the previous definition
 #define MT6328_TOP_CKDIVSEL_CON1_CLR ((MT6328_PMIC_REG_BASE+0x0276))
 ^
In file included from drivers/misc/mediatek/mach/mt6735/mt_cpufreq.c:64:0:
/home/satory-ra/Android/kernel/android_kernel_oukitel_orange/drivers/misc/mediatek/pmic_wrap/mt6735/pwrap_hal.h:517:0: warning: "MT6328_TOP_CKHWEN_CON0" redefined
 #define MT6328_TOP_CKHWEN_CON0       ((UINT32)(MT6328_PMIC_REG_BASE+0x0278))
 ^
In file included from /home/satory-ra/Android/kernel/android_kernel_oukitel_orange/drivers/misc/mediatek/mach/mt6735/include/mach/upmu_common.h:7:0,
                 from drivers/misc/mediatek/mach/mt6735/mt_cpufreq.c:61:
/home/satory-ra/Android/kernel/android_kernel_oukitel_orange/drivers/misc/mediatek/mach/mt6735/include/mach/upmu_hw.h:101:0: note: this is the location of the previous definition
 #define MT6328_TOP_CKHWEN_CON0       ((MT6328_PMIC_REG_BASE+0x0278))
 ^
In file included from drivers/misc/mediatek/mach/mt6735/mt_cpufreq.c:64:0:
/home/satory-ra/Android/kernel/android_kernel_oukitel_orange/drivers/misc/mediatek/pmic_wrap/mt6735/pwrap_hal.h:518:0: warning: "MT6328_TOP_CKHWEN_CON0_SET" redefined
 #define MT6328_TOP_CKHWEN_CON0_SET   ((UINT32)(MT6328_PMIC_REG_BASE+0x027A))
 ^
In file included from /home/satory-ra/Android/kernel/android_kernel_oukitel_orange/drivers/misc/mediatek/mach/mt6735/include/mach/upmu_common.h:7:0,
                 from drivers/misc/mediatek/mach/mt6735/mt_cpufreq.c:61:
/home/satory-ra/Android/kernel/android_kernel_oukitel_orange/drivers/misc/mediatek/mach/mt6735/include/mach/upmu_hw.h:102:0: note: this is the location of the previous definition
 #define MT6328_TOP_CKHWEN_CON0_SET   ((MT6328_PMIC_REG_BASE+0x027A))
 ^
In file included from drivers/misc/mediatek/mach/mt6735/mt_cpufreq.c:64:0:
/home/satory-ra/Android/kernel/android_kernel_oukitel_orange/drivers/misc/mediatek/pmic_wrap/mt6735/pwrap_hal.h:519:0: warning: "MT6328_TOP_CKHWEN_CON0_CLR" redefined
 #define MT6328_TOP_CKHWEN_CON0_CLR   ((UINT32)(MT6328_PMIC_REG_BASE+0x027C))
 ^
In file included from /home/satory-ra/Android/kernel/android_kernel_oukitel_orange/drivers/misc/mediatek/mach/mt6735/include/mach/upmu_common.h:7:0,
                 from drivers/misc/mediatek/mach/mt6735/mt_cpufreq.c:61:
/home/satory-ra/Android/kernel/android_kernel_oukitel_orange/drivers/misc/mediatek/mach/mt6735/include/mach/upmu_hw.h:103:0: note: this is the location of the previous definition
 #define MT6328_TOP_CKHWEN_CON0_CLR   ((MT6328_PMIC_REG_BASE+0x027C))
 ^
In file included from drivers/misc/mediatek/mach/mt6735/mt_cpufreq.c:64:0:
/home/satory-ra/Android/kernel/android_kernel_oukitel_orange/drivers/misc/mediatek/pmic_wrap/mt6735/pwrap_hal.h:520:0: warning: "MT6328_TOP_CKHWEN_CON1" redefined
 #define MT6328_TOP_CKHWEN_CON1       ((UINT32)(MT6328_PMIC_REG_BASE+0x027E))
 ^
In file included from /home/satory-ra/Android/kernel/android_kernel_oukitel_orange/drivers/misc/mediatek/mach/mt6735/include/mach/upmu_common.h:7:0,
                 from drivers/misc/mediatek/mach/mt6735/mt_cpufreq.c:61:
/home/satory-ra/Android/kernel/android_kernel_oukitel_orange/drivers/misc/mediatek/mach/mt6735/include/mach/upmu_hw.h:104:0: note: this is the location of the previous definition
 #define MT6328_TOP_CKHWEN_CON1       ((MT6328_PMIC_REG_BASE+0x027E))
 ^
In file included from drivers/misc/mediatek/mach/mt6735/mt_cpufreq.c:64:0:
/home/satory-ra/Android/kernel/android_kernel_oukitel_orange/drivers/misc/mediatek/pmic_wrap/mt6735/pwrap_hal.h:521:0: warning: "MT6328_TOP_CKHWEN_CON1_SET" redefined
 #define MT6328_TOP_CKHWEN_CON1_SET   ((UINT32)(MT6328_PMIC_REG_BASE+0x0280))
 ^
In file included from /home/satory-ra/Android/kernel/android_kernel_oukitel_orange/drivers/misc/mediatek/mach/mt6735/include/mach/upmu_common.h:7:0,
                 from drivers/misc/mediatek/mach/mt6735/mt_cpufreq.c:61:
/home/satory-ra/Android/kernel/android_kernel_oukitel_orange/drivers/misc/mediatek/mach/mt6735/include/mach/upmu_hw.h:105:0: note: this is the location of the previous definition
 #define MT6328_TOP_CKHWEN_CON1_SET   ((MT6328_PMIC_REG_BASE+0x0280))
 ^
In file included from drivers/misc/mediatek/mach/mt6735/mt_cpufreq.c:64:0:
/home/satory-ra/Android/kernel/android_kernel_oukitel_orange/drivers/misc/mediatek/pmic_wrap/mt6735/pwrap_hal.h:522:0: warning: "MT6328_TOP_CKHWEN_CON1_CLR" redefined
 #define MT6328_TOP_CKHWEN_CON1_CLR   ((UINT32)(MT6328_PMIC_REG_BASE+0x0282))
 ^
In file included from /home/satory-ra/Android/kernel/android_kernel_oukitel_orange/drivers/misc/mediatek/mach/mt6735/include/mach/upmu_common.h:7:0,
                 from drivers/misc/mediatek/mach/mt6735/mt_cpufreq.c:61:
/home/satory-ra/Android/kernel/android_kernel_oukitel_orange/drivers/misc/mediatek/mach/mt6735/include/mach/upmu_hw.h:106:0: note: this is the location of the previous definition
 #define MT6328_TOP_CKHWEN_CON1_CLR   ((MT6328_PMIC_REG_BASE+0x0282))
 ^
In file included from drivers/misc/mediatek/mach/mt6735/mt_cpufreq.c:64:0:
/home/satory-ra/Android/kernel/android_kernel_oukitel_orange/drivers/misc/mediatek/pmic_wrap/mt6735/pwrap_hal.h:523:0: warning: "MT6328_TOP_CKTST_CON0" redefined
 #define MT6328_TOP_CKTST_CON0        ((UINT32)(MT6328_PMIC_REG_BASE+0x0284))
 ^
In file included from /home/satory-ra/Android/kernel/android_kernel_oukitel_orange/drivers/misc/mediatek/mach/mt6735/include/mach/upmu_common.h:7:0,
                 from drivers/misc/mediatek/mach/mt6735/mt_cpufreq.c:61:
/home/satory-ra/Android/kernel/android_kernel_oukitel_orange/drivers/misc/mediatek/mach/mt6735/include/mach/upmu_hw.h:107:0: note: this is the location of the previous definition
 #define MT6328_TOP_CKTST_CON0        ((MT6328_PMIC_REG_BASE+0x0284))
 ^
In file included from drivers/misc/mediatek/mach/mt6735/mt_cpufreq.c:64:0:
/home/satory-ra/Android/kernel/android_kernel_oukitel_orange/drivers/misc/mediatek/pmic_wrap/mt6735/pwrap_hal.h:524:0: warning: "MT6328_TOP_CKTST_CON1" redefined
 #define MT6328_TOP_CKTST_CON1        ((UINT32)(MT6328_PMIC_REG_BASE+0x0286))
 ^
In file included from /home/satory-ra/Android/kernel/android_kernel_oukitel_orange/drivers/misc/mediatek/mach/mt6735/include/mach/upmu_common.h:7:0,
                 from drivers/misc/mediatek/mach/mt6735/mt_cpufreq.c:61:
/home/satory-ra/Android/kernel/android_kernel_oukitel_orange/drivers/misc/mediatek/mach/mt6735/include/mach/upmu_hw.h:108:0: note: this is the location of the previous definition
 #define MT6328_TOP_CKTST_CON1        ((MT6328_PMIC_REG_BASE+0x0286))
 ^
In file included from drivers/misc/mediatek/mach/mt6735/mt_cpufreq.c:64:0:
/home/satory-ra/Android/kernel/android_kernel_oukitel_orange/drivers/misc/mediatek/pmic_wrap/mt6735/pwrap_hal.h:525:0: warning: "MT6328_TOP_CKTST_CON2" redefined
 #define MT6328_TOP_CKTST_CON2        ((UINT32)(MT6328_PMIC_REG_BASE+0x0288))
 ^
In file included from /home/satory-ra/Android/kernel/android_kernel_oukitel_orange/drivers/misc/mediatek/mach/mt6735/include/mach/upmu_common.h:7:0,
                 from drivers/misc/mediatek/mach/mt6735/mt_cpufreq.c:61:
/home/satory-ra/Android/kernel/android_kernel_oukitel_orange/drivers/misc/mediatek/mach/mt6735/include/mach/upmu_hw.h:109:0: note: this is the location of the previous definition
 #define MT6328_TOP_CKTST_CON2        ((MT6328_PMIC_REG_BASE+0x0288))
 ^
In file included from drivers/misc/mediatek/mach/mt6735/mt_cpufreq.c:64:0:
/home/satory-ra/Android/kernel/android_kernel_oukitel_orange/drivers/misc/mediatek/pmic_wrap/mt6735/pwrap_hal.h:526:0: warning: "MT6328_TOP_CLKSQ" redefined
 #define MT6328_TOP_CLKSQ             ((UINT32)(MT6328_PMIC_REG_BASE+0x028A))
 ^
In file included from /home/satory-ra/Android/kernel/android_kernel_oukitel_orange/drivers/misc/mediatek/mach/mt6735/include/mach/upmu_common.h:7:0,
                 from drivers/misc/mediatek/mach/mt6735/mt_cpufreq.c:61:
/home/satory-ra/Android/kernel/android_kernel_oukitel_orange/drivers/misc/mediatek/mach/mt6735/include/mach/upmu_hw.h:110:0: note: this is the location of the previous definition
 #define MT6328_TOP_CLKSQ             ((MT6328_PMIC_REG_BASE+0x028A))
 ^
In file included from drivers/misc/mediatek/mach/mt6735/mt_cpufreq.c:64:0:
/home/satory-ra/Android/kernel/android_kernel_oukitel_orange/drivers/misc/mediatek/pmic_wrap/mt6735/pwrap_hal.h:527:0: warning: "MT6328_TOP_CLKSQ_SET" redefined
 #define MT6328_TOP_CLKSQ_SET         ((UINT32)(MT6328_PMIC_REG_BASE+0x028C))
 ^
In file included from /home/satory-ra/Android/kernel/android_kernel_oukitel_orange/drivers/misc/mediatek/mach/mt6735/include/mach/upmu_common.h:7:0,
                 from drivers/misc/mediatek/mach/mt6735/mt_cpufreq.c:61:
/home/satory-ra/Android/kernel/android_kernel_oukitel_orange/drivers/misc/mediatek/mach/mt6735/include/mach/upmu_hw.h:111:0: note: this is the location of the previous definition
 #define MT6328_TOP_CLKSQ_SET         ((MT6328_PMIC_REG_BASE+0x028C))
 ^
In file included from drivers/misc/mediatek/mach/mt6735/mt_cpufreq.c:64:0:
/home/satory-ra/Android/kernel/android_kernel_oukitel_orange/drivers/misc/mediatek/pmic_wrap/mt6735/pwrap_hal.h:528:0: warning: "MT6328_TOP_CLKSQ_CLR" redefined
 #define MT6328_TOP_CLKSQ_CLR         ((UINT32)(MT6328_PMIC_REG_BASE+0x028E))
 ^
In file included from /home/satory-ra/Android/kernel/android_kernel_oukitel_orange/drivers/misc/mediatek/mach/mt6735/include/mach/upmu_common.h:7:0,
                 from drivers/misc/mediatek/mach/mt6735/mt_cpufreq.c:61:
/home/satory-ra/Android/kernel/android_kernel_oukitel_orange/drivers/misc/mediatek/mach/mt6735/include/mach/upmu_hw.h:112:0: note: this is the location of the previous definition
 #define MT6328_TOP_CLKSQ_CLR         ((MT6328_PMIC_REG_BASE+0x028E))
 ^
In file included from drivers/misc/mediatek/mach/mt6735/mt_cpufreq.c:64:0:
/home/satory-ra/Android/kernel/android_kernel_oukitel_orange/drivers/misc/mediatek/pmic_wrap/mt6735/pwrap_hal.h:529:0: warning: "MT6328_TOP_CLKSQ_RTC" redefined
 #define MT6328_TOP_CLKSQ_RTC         ((UINT32)(MT6328_PMIC_REG_BASE+0x0290))
 ^
In file included from /home/satory-ra/Android/kernel/android_kernel_oukitel_orange/drivers/misc/mediatek/mach/mt6735/include/mach/upmu_common.h:7:0,
                 from drivers/misc/mediatek/mach/mt6735/mt_cpufreq.c:61:
/home/satory-ra/Android/kernel/android_kernel_oukitel_orange/drivers/misc/mediatek/mach/mt6735/include/mach/upmu_hw.h:113:0: note: this is the location of the previous definition
 #define MT6328_TOP_CLKSQ_RTC         ((MT6328_PMIC_REG_BASE+0x0290))
 ^
In file included from drivers/misc/mediatek/mach/mt6735/mt_cpufreq.c:64:0:
/home/satory-ra/Android/kernel/android_kernel_oukitel_orange/drivers/misc/mediatek/pmic_wrap/mt6735/pwrap_hal.h:530:0: warning: "MT6328_TOP_CLKSQ_RTC_SET" redefined
 #define MT6328_TOP_CLKSQ_RTC_SET     ((UINT32)(MT6328_PMIC_REG_BASE+0x0292))
 ^
In file included from /home/satory-ra/Android/kernel/android_kernel_oukitel_orange/drivers/misc/mediatek/mach/mt6735/include/mach/upmu_common.h:7:0,
                 from drivers/misc/mediatek/mach/mt6735/mt_cpufreq.c:61:
/home/satory-ra/Android/kernel/android_kernel_oukitel_orange/drivers/misc/mediatek/mach/mt6735/include/mach/upmu_hw.h:114:0: note: this is the location of the previous definition
 #define MT6328_TOP_CLKSQ_RTC_SET     ((MT6328_PMIC_REG_BASE+0x0292))
 ^
In file included from drivers/misc/mediatek/mach/mt6735/mt_cpufreq.c:64:0:
/home/satory-ra/Android/kernel/android_kernel_oukitel_orange/drivers/misc/mediatek/pmic_wrap/mt6735/pwrap_hal.h:531:0: warning: "MT6328_TOP_CLKSQ_RTC_CLR" redefined
 #define MT6328_TOP_CLKSQ_RTC_CLR     ((UINT32)(MT6328_PMIC_REG_BASE+0x0294))
 ^
In file included from /home/satory-ra/Android/kernel/android_kernel_oukitel_orange/drivers/misc/mediatek/mach/mt6735/include/mach/upmu_common.h:7:0,
                 from drivers/misc/mediatek/mach/mt6735/mt_cpufreq.c:61:
/home/satory-ra/Android/kernel/android_kernel_oukitel_orange/drivers/misc/mediatek/mach/mt6735/include/mach/upmu_hw.h:115:0: note: this is the location of the previous definition
 #define MT6328_TOP_CLKSQ_RTC_CLR     ((MT6328_PMIC_REG_BASE+0x0294))
 ^
In file included from drivers/misc/mediatek/mach/mt6735/mt_cpufreq.c:64:0:
/home/satory-ra/Android/kernel/android_kernel_oukitel_orange/drivers/misc/mediatek/pmic_wrap/mt6735/pwrap_hal.h:532:0: warning: "MT6328_TOP_CLK_TRIM" redefined
 #define MT6328_TOP_CLK_TRIM          ((UINT32)(MT6328_PMIC_REG_BASE+0x0296))
 ^
In file included from /home/satory-ra/Android/kernel/android_kernel_oukitel_orange/drivers/misc/mediatek/mach/mt6735/include/mach/upmu_common.h:7:0,
                 from drivers/misc/mediatek/mach/mt6735/mt_cpufreq.c:61:
/home/satory-ra/Android/kernel/android_kernel_oukitel_orange/drivers/misc/mediatek/mach/mt6735/include/mach/upmu_hw.h:116:0: note: this is the location of the previous definition
 #define MT6328_TOP_CLK_TRIM          ((MT6328_PMIC_REG_BASE+0x0296))
 ^
In file included from drivers/misc/mediatek/mach/mt6735/mt_cpufreq.c:64:0:
/home/satory-ra/Android/kernel/android_kernel_oukitel_orange/drivers/misc/mediatek/pmic_wrap/mt6735/pwrap_hal.h:533:0: warning: "MT6328_TOP_RST_CON0" redefined
 #define MT6328_TOP_RST_CON0          ((UINT32)(MT6328_PMIC_REG_BASE+0x0298))
 ^
In file included from /home/satory-ra/Android/kernel/android_kernel_oukitel_orange/drivers/misc/mediatek/mach/mt6735/include/mach/upmu_common.h:7:0,
                 from drivers/misc/mediatek/mach/mt6735/mt_cpufreq.c:61:
/home/satory-ra/Android/kernel/android_kernel_oukitel_orange/drivers/misc/mediatek/mach/mt6735/include/mach/upmu_hw.h:117:0: note: this is the location of the previous definition
 #define MT6328_TOP_RST_CON0          ((MT6328_PMIC_REG_BASE+0x0298))
 ^
In file included from drivers/misc/mediatek/mach/mt6735/mt_cpufreq.c:64:0:
/home/satory-ra/Android/kernel/android_kernel_oukitel_orange/drivers/misc/mediatek/pmic_wrap/mt6735/pwrap_hal.h:534:0: warning: "MT6328_TOP_RST_CON0_SET" redefined
 #define MT6328_TOP_RST_CON0_SET      ((UINT32)(MT6328_PMIC_REG_BASE+0x029A))
 ^
In file included from /home/satory-ra/Android/kernel/android_kernel_oukitel_orange/drivers/misc/mediatek/mach/mt6735/include/mach/upmu_common.h:7:0,
                 from drivers/misc/mediatek/mach/mt6735/mt_cpufreq.c:61:
/home/satory-ra/Android/kernel/android_kernel_oukitel_orange/drivers/misc/mediatek/mach/mt6735/include/mach/upmu_hw.h:118:0: note: this is the location of the previous definition
 #define MT6328_TOP_RST_CON0_SET      ((MT6328_PMIC_REG_BASE+0x029A))
 ^
In file included from drivers/misc/mediatek/mach/mt6735/mt_cpufreq.c:64:0:
/home/satory-ra/Android/kernel/android_kernel_oukitel_orange/drivers/misc/mediatek/pmic_wrap/mt6735/pwrap_hal.h:535:0: warning: "MT6328_TOP_RST_CON0_CLR" redefined
 #define MT6328_TOP_RST_CON0_CLR      ((UINT32)(MT6328_PMIC_REG_BASE+0x029C))
 ^
In file included from /home/satory-ra/Android/kernel/android_kernel_oukitel_orange/drivers/misc/mediatek/mach/mt6735/include/mach/upmu_common.h:7:0,
                 from drivers/misc/mediatek/mach/mt6735/mt_cpufreq.c:61:
/home/satory-ra/Android/kernel/android_kernel_oukitel_orange/drivers/misc/mediatek/mach/mt6735/include/mach/upmu_hw.h:119:0: note: this is the location of the previous definition
 #define MT6328_TOP_RST_CON0_CLR      ((MT6328_PMIC_REG_BASE+0x029C))
 ^
In file included from drivers/misc/mediatek/mach/mt6735/mt_cpufreq.c:64:0:
/home/satory-ra/Android/kernel/android_kernel_oukitel_orange/drivers/misc/mediatek/pmic_wrap/mt6735/pwrap_hal.h:536:0: warning: "MT6328_TOP_RST_CON1" redefined
 #define MT6328_TOP_RST_CON1          ((UINT32)(MT6328_PMIC_REG_BASE+0x029E))
 ^
In file included from /home/satory-ra/Android/kernel/android_kernel_oukitel_orange/drivers/misc/mediatek/mach/mt6735/include/mach/upmu_common.h:7:0,
                 from drivers/misc/mediatek/mach/mt6735/mt_cpufreq.c:61:
/home/satory-ra/Android/kernel/android_kernel_oukitel_orange/drivers/misc/mediatek/mach/mt6735/include/mach/upmu_hw.h:120:0: note: this is the location of the previous definition
 #define MT6328_TOP_RST_CON1          ((MT6328_PMIC_REG_BASE+0x029E))
 ^
In file included from drivers/misc/mediatek/mach/mt6735/mt_cpufreq.c:64:0:
/home/satory-ra/Android/kernel/android_kernel_oukitel_orange/drivers/misc/mediatek/pmic_wrap/mt6735/pwrap_hal.h:537:0: warning: "MT6328_TOP_RST_MISC" redefined
 #define MT6328_TOP_RST_MISC          ((UINT32)(MT6328_PMIC_REG_BASE+0x02A0))
 ^
In file included from /home/satory-ra/Android/kernel/android_kernel_oukitel_orange/drivers/misc/mediatek/mach/mt6735/include/mach/upmu_common.h:7:0,
                 from drivers/misc/mediatek/mach/mt6735/mt_cpufreq.c:61:
/home/satory-ra/Android/kernel/android_kernel_oukitel_orange/drivers/misc/mediatek/mach/mt6735/include/mach/upmu_hw.h:121:0: note: this is the location of the previous definition
 #define MT6328_TOP_RST_MISC          ((MT6328_PMIC_REG_BASE+0x02A0))
 ^
In file included from drivers/misc/mediatek/mach/mt6735/mt_cpufreq.c:64:0:
/home/satory-ra/Android/kernel/android_kernel_oukitel_orange/drivers/misc/mediatek/pmic_wrap/mt6735/pwrap_hal.h:538:0: warning: "MT6328_TOP_RST_MISC_SET" redefined
 #define MT6328_TOP_RST_MISC_SET      ((UINT32)(MT6328_PMIC_REG_BASE+0x02A2))
 ^
In file included from /home/satory-ra/Android/kernel/android_kernel_oukitel_orange/drivers/misc/mediatek/mach/mt6735/include/mach/upmu_common.h:7:0,
                 from drivers/misc/mediatek/mach/mt6735/mt_cpufreq.c:61:
/home/satory-ra/Android/kernel/android_kernel_oukitel_orange/drivers/misc/mediatek/mach/mt6735/include/mach/upmu_hw.h:122:0: note: this is the location of the previous definition
 #define MT6328_TOP_RST_MISC_SET      ((MT6328_PMIC_REG_BASE+0x02A2))
 ^
In file included from drivers/misc/mediatek/mach/mt6735/mt_cpufreq.c:64:0:
/home/satory-ra/Android/kernel/android_kernel_oukitel_orange/drivers/misc/mediatek/pmic_wrap/mt6735/pwrap_hal.h:539:0: warning: "MT6328_TOP_RST_MISC_CLR" redefined
 #define MT6328_TOP_RST_MISC_CLR      ((UINT32)(MT6328_PMIC_REG_BASE+0x02A4))
 ^
In file included from /home/satory-ra/Android/kernel/android_kernel_oukitel_orange/drivers/misc/mediatek/mach/mt6735/include/mach/upmu_common.h:7:0,
                 from drivers/misc/mediatek/mach/mt6735/mt_cpufreq.c:61:
/home/satory-ra/Android/kernel/android_kernel_oukitel_orange/drivers/misc/mediatek/mach/mt6735/include/mach/upmu_hw.h:123:0: note: this is the location of the previous definition
 #define MT6328_TOP_RST_MISC_CLR      ((MT6328_PMIC_REG_BASE+0x02A4))
 ^
In file included from drivers/misc/mediatek/mach/mt6735/mt_cpufreq.c:64:0:
/home/satory-ra/Android/kernel/android_kernel_oukitel_orange/drivers/misc/mediatek/pmic_wrap/mt6735/pwrap_hal.h:540:0: warning: "MT6328_TOP_RST_STATUS" redefined
 #define MT6328_TOP_RST_STATUS        ((UINT32)(MT6328_PMIC_REG_BASE+0x02A6))
 ^
In file included from /home/satory-ra/Android/kernel/android_kernel_oukitel_orange/drivers/misc/mediatek/mach/mt6735/include/mach/upmu_common.h:7:0,
                 from drivers/misc/mediatek/mach/mt6735/mt_cpufreq.c:61:
/home/satory-ra/Android/kernel/android_kernel_oukitel_orange/drivers/misc/mediatek/mach/mt6735/include/mach/upmu_hw.h:124:0: note: this is the location of the previous definition
 #define MT6328_TOP_RST_STATUS        ((MT6328_PMIC_REG_BASE+0x02A6))
 ^
In file included from drivers/misc/mediatek/mach/mt6735/mt_cpufreq.c:64:0:
/home/satory-ra/Android/kernel/android_kernel_oukitel_orange/drivers/misc/mediatek/pmic_wrap/mt6735/pwrap_hal.h:541:0: warning: "MT6328_TOP_RST_STATUS_SET" redefined
 #define MT6328_TOP_RST_STATUS_SET    ((UINT32)(MT6328_PMIC_REG_BASE+0x02A8))
 ^
In file included from /home/satory-ra/Android/kernel/android_kernel_oukitel_orange/drivers/misc/mediatek/mach/mt6735/include/mach/upmu_common.h:7:0,
                 from drivers/misc/mediatek/mach/mt6735/mt_cpufreq.c:61:
/home/satory-ra/Android/kernel/android_kernel_oukitel_orange/drivers/misc/mediatek/mach/mt6735/include/mach/upmu_hw.h:125:0: note: this is the location of the previous definition
 #define MT6328_TOP_RST_STATUS_SET    ((MT6328_PMIC_REG_BASE+0x02A8))
 ^
In file included from drivers/misc/mediatek/mach/mt6735/mt_cpufreq.c:64:0:
/home/satory-ra/Android/kernel/android_kernel_oukitel_orange/drivers/misc/mediatek/pmic_wrap/mt6735/pwrap_hal.h:542:0: warning: "MT6328_TOP_RST_STATUS_CLR" redefined
 #define MT6328_TOP_RST_STATUS_CLR    ((UINT32)(MT6328_PMIC_REG_BASE+0x02AA))
 ^
In file included from /home/satory-ra/Android/kernel/android_kernel_oukitel_orange/drivers/misc/mediatek/mach/mt6735/include/mach/upmu_common.h:7:0,
                 from drivers/misc/mediatek/mach/mt6735/mt_cpufreq.c:61:
/home/satory-ra/Android/kernel/android_kernel_oukitel_orange/drivers/misc/mediatek/mach/mt6735/include/mach/upmu_hw.h:126:0: note: this is the location of the previous definition
 #define MT6328_TOP_RST_STATUS_CLR    ((MT6328_PMIC_REG_BASE+0x02AA))
 ^
In file included from drivers/misc/mediatek/mach/mt6735/mt_cpufreq.c:64:0:
/home/satory-ra/Android/kernel/android_kernel_oukitel_orange/drivers/misc/mediatek/pmic_wrap/mt6735/pwrap_hal.h:543:0: warning: "MT6328_INT_CON0" redefined
 #define MT6328_INT_CON0              ((UINT32)(MT6328_PMIC_REG_BASE+0x02AC))
 ^
In file included from /home/satory-ra/Android/kernel/android_kernel_oukitel_orange/drivers/misc/mediatek/mach/mt6735/include/mach/upmu_common.h:7:0,
                 from drivers/misc/mediatek/mach/mt6735/mt_cpufreq.c:61:
/home/satory-ra/Android/kernel/android_kernel_oukitel_orange/drivers/misc/mediatek/mach/mt6735/include/mach/upmu_hw.h:127:0: note: this is the location of the previous definition
 #define MT6328_INT_CON0              ((MT6328_PMIC_REG_BASE+0x02AC))
 ^
In file included from drivers/misc/mediatek/mach/mt6735/mt_cpufreq.c:64:0:
/home/satory-ra/Android/kernel/android_kernel_oukitel_orange/drivers/misc/mediatek/pmic_wrap/mt6735/pwrap_hal.h:544:0: warning: "MT6328_INT_CON0_SET" redefined
 #define MT6328_INT_CON0_SET          ((UINT32)(MT6328_PMIC_REG_BASE+0x02AE))
 ^
In file included from /home/satory-ra/Android/kernel/android_kernel_oukitel_orange/drivers/misc/mediatek/mach/mt6735/include/mach/upmu_common.h:7:0,
                 from drivers/misc/mediatek/mach/mt6735/mt_cpufreq.c:61:
/home/satory-ra/Android/kernel/android_kernel_oukitel_orange/drivers/misc/mediatek/mach/mt6735/include/mach/upmu_hw.h:128:0: note: this is the location of the previous definition
 #define MT6328_INT_CON0_SET          ((MT6328_PMIC_REG_BASE+0x02AE))
 ^
In file included from drivers/misc/mediatek/mach/mt6735/mt_cpufreq.c:64:0:
/home/satory-ra/Android/kernel/android_kernel_oukitel_orange/drivers/misc/mediatek/pmic_wrap/mt6735/pwrap_hal.h:545:0: warning: "MT6328_INT_CON0_CLR" redefined
 #define MT6328_INT_CON0_CLR          ((UINT32)(MT6328_PMIC_REG_BASE+0x02B0))
 ^
In file included from /home/satory-ra/Android/kernel/android_kernel_oukitel_orange/drivers/misc/mediatek/mach/mt6735/include/mach/upmu_common.h:7:0,
                 from drivers/misc/mediatek/mach/mt6735/mt_cpufreq.c:61:
/home/satory-ra/Android/kernel/android_kernel_oukitel_orange/drivers/misc/mediatek/mach/mt6735/include/mach/upmu_hw.h:129:0: note: this is the location of the previous definition
 #define MT6328_INT_CON0_CLR          ((MT6328_PMIC_REG_BASE+0x02B0))
 ^
In file included from drivers/misc/mediatek/mach/mt6735/mt_cpufreq.c:64:0:
/home/satory-ra/Android/kernel/android_kernel_oukitel_orange/drivers/misc/mediatek/pmic_wrap/mt6735/pwrap_hal.h:546:0: warning: "MT6328_INT_CON1" redefined
 #define MT6328_INT_CON1              ((UINT32)(MT6328_PMIC_REG_BASE+0x02B2))
 ^
In file included from /home/satory-ra/Android/kernel/android_kernel_oukitel_orange/drivers/misc/mediatek/mach/mt6735/include/mach/upmu_common.h:7:0,
                 from drivers/misc/mediatek/mach/mt6735/mt_cpufreq.c:61:
/home/satory-ra/Android/kernel/android_kernel_oukitel_orange/drivers/misc/mediatek/mach/mt6735/include/mach/upmu_hw.h:130:0: note: this is the location of the previous definition
 #define MT6328_INT_CON1              ((MT6328_PMIC_REG_BASE+0x02B2))
 ^
In file included from drivers/misc/mediatek/mach/mt6735/mt_cpufreq.c:64:0:
/home/satory-ra/Android/kernel/android_kernel_oukitel_orange/drivers/misc/mediatek/pmic_wrap/mt6735/pwrap_hal.h:547:0: warning: "MT6328_INT_CON1_SET" redefined
 #define MT6328_INT_CON1_SET          ((UINT32)(MT6328_PMIC_REG_BASE+0x02B4))
 ^
In file included from /home/satory-ra/Android/kernel/android_kernel_oukitel_orange/drivers/misc/mediatek/mach/mt6735/include/mach/upmu_common.h:7:0,
                 from drivers/misc/mediatek/mach/mt6735/mt_cpufreq.c:61:
/home/satory-ra/Android/kernel/android_kernel_oukitel_orange/drivers/misc/mediatek/mach/mt6735/include/mach/upmu_hw.h:131:0: note: this is the location of the previous definition
 #define MT6328_INT_CON1_SET          ((MT6328_PMIC_REG_BASE+0x02B4))
 ^
In file included from drivers/misc/mediatek/mach/mt6735/mt_cpufreq.c:64:0:
/home/satory-ra/Android/kernel/android_kernel_oukitel_orange/drivers/misc/mediatek/pmic_wrap/mt6735/pwrap_hal.h:548:0: warning: "MT6328_INT_CON1_CLR" redefined
 #define MT6328_INT_CON1_CLR          ((UINT32)(MT6328_PMIC_REG_BASE+0x02B6))
 ^
In file included from /home/satory-ra/Android/kernel/android_kernel_oukitel_orange/drivers/misc/mediatek/mach/mt6735/include/mach/upmu_common.h:7:0,
                 from drivers/misc/mediatek/mach/mt6735/mt_cpufreq.c:61:
/home/satory-ra/Android/kernel/android_kernel_oukitel_orange/drivers/misc/mediatek/mach/mt6735/include/mach/upmu_hw.h:132:0: note: this is the location of the previous definition
 #define MT6328_INT_CON1_CLR          ((MT6328_PMIC_REG_BASE+0x02B6))
 ^
In file included from drivers/misc/mediatek/mach/mt6735/mt_cpufreq.c:64:0:
/home/satory-ra/Android/kernel/android_kernel_oukitel_orange/drivers/misc/mediatek/pmic_wrap/mt6735/pwrap_hal.h:549:0: warning: "MT6328_INT_CON2" redefined
 #define MT6328_INT_CON2              ((UINT32)(MT6328_PMIC_REG_BASE+0x02B8))
 ^
In file included from /home/satory-ra/Android/kernel/android_kernel_oukitel_orange/drivers/misc/mediatek/mach/mt6735/include/mach/upmu_common.h:7:0,
                 from drivers/misc/mediatek/mach/mt6735/mt_cpufreq.c:61:
/home/satory-ra/Android/kernel/android_kernel_oukitel_orange/drivers/misc/mediatek/mach/mt6735/include/mach/upmu_hw.h:133:0: note: this is the location of the previous definition
 #define MT6328_INT_CON2              ((MT6328_PMIC_REG_BASE+0x02B8))
 ^
In file included from drivers/misc/mediatek/mach/mt6735/mt_cpufreq.c:64:0:
/home/satory-ra/Android/kernel/android_kernel_oukitel_orange/drivers/misc/mediatek/pmic_wrap/mt6735/pwrap_hal.h:550:0: warning: "MT6328_INT_CON2_SET" redefined
 #define MT6328_INT_CON2_SET          ((UINT32)(MT6328_PMIC_REG_BASE+0x02BA))
 ^
In file included from /home/satory-ra/Android/kernel/android_kernel_oukitel_orange/drivers/misc/mediatek/mach/mt6735/include/mach/upmu_common.h:7:0,
                 from drivers/misc/mediatek/mach/mt6735/mt_cpufreq.c:61:
/home/satory-ra/Android/kernel/android_kernel_oukitel_orange/drivers/misc/mediatek/mach/mt6735/include/mach/upmu_hw.h:134:0: note: this is the location of the previous definition
 #define MT6328_INT_CON2_SET          ((MT6328_PMIC_REG_BASE+0x02BA))
 ^
In file included from drivers/misc/mediatek/mach/mt6735/mt_cpufreq.c:64:0:
/home/satory-ra/Android/kernel/android_kernel_oukitel_orange/drivers/misc/mediatek/pmic_wrap/mt6735/pwrap_hal.h:551:0: warning: "MT6328_INT_CON2_CLR" redefined
 #define MT6328_INT_CON2_CLR          ((UINT32)(MT6328_PMIC_REG_BASE+0x02BC))
 ^
In file included from /home/satory-ra/Android/kernel/android_kernel_oukitel_orange/drivers/misc/mediatek/mach/mt6735/include/mach/upmu_common.h:7:0,
                 from drivers/misc/mediatek/mach/mt6735/mt_cpufreq.c:61:
/home/satory-ra/Android/kernel/android_kernel_oukitel_orange/drivers/misc/mediatek/mach/mt6735/include/mach/upmu_hw.h:135:0: note: this is the location of the previous definition
 #define MT6328_INT_CON2_CLR          ((MT6328_PMIC_REG_BASE+0x02BC))
 ^
In file included from drivers/misc/mediatek/mach/mt6735/mt_cpufreq.c:64:0:
/home/satory-ra/Android/kernel/android_kernel_oukitel_orange/drivers/misc/mediatek/pmic_wrap/mt6735/pwrap_hal.h:552:0: warning: "MT6328_INT_MISC_CON" redefined
 #define MT6328_INT_MISC_CON          ((UINT32)(MT6328_PMIC_REG_BASE+0x02BE))
 ^
  CC      drivers/video/fbmon.o
In file included from /home/satory-ra/Android/kernel/android_kernel_oukitel_orange/drivers/misc/mediatek/mach/mt6735/include/mach/upmu_common.h:7:0,
                 from drivers/misc/mediatek/mach/mt6735/mt_cpufreq.c:61:
/home/satory-ra/Android/kernel/android_kernel_oukitel_orange/drivers/misc/mediatek/mach/mt6735/include/mach/upmu_hw.h:136:0: note: this is the location of the previous definition
 #define MT6328_INT_MISC_CON          ((MT6328_PMIC_REG_BASE+0x02BE))
 ^
In file included from drivers/misc/mediatek/mach/mt6735/mt_cpufreq.c:64:0:
/home/satory-ra/Android/kernel/android_kernel_oukitel_orange/drivers/misc/mediatek/pmic_wrap/mt6735/pwrap_hal.h:553:0: warning: "MT6328_INT_MISC_CON_SET" redefined
 #define MT6328_INT_MISC_CON_SET      ((UINT32)(MT6328_PMIC_REG_BASE+0x02C0))
 ^
In file included from /home/satory-ra/Android/kernel/android_kernel_oukitel_orange/drivers/misc/mediatek/mach/mt6735/include/mach/upmu_common.h:7:0,
                 from drivers/misc/mediatek/mach/mt6735/mt_cpufreq.c:61:
/home/satory-ra/Android/kernel/android_kernel_oukitel_orange/drivers/misc/mediatek/mach/mt6735/include/mach/upmu_hw.h:137:0: note: this is the location of the previous definition
 #define MT6328_INT_MISC_CON_SET      ((MT6328_PMIC_REG_BASE+0x02C0))
 ^
In file included from drivers/misc/mediatek/mach/mt6735/mt_cpufreq.c:64:0:
/home/satory-ra/Android/kernel/android_kernel_oukitel_orange/drivers/misc/mediatek/pmic_wrap/mt6735/pwrap_hal.h:554:0: warning: "MT6328_INT_MISC_CON_CLR" redefined
 #define MT6328_INT_MISC_CON_CLR      ((UINT32)(MT6328_PMIC_REG_BASE+0x02C2))
 ^
In file included from /home/satory-ra/Android/kernel/android_kernel_oukitel_orange/drivers/misc/mediatek/mach/mt6735/include/mach/upmu_common.h:7:0,
                 from drivers/misc/mediatek/mach/mt6735/mt_cpufreq.c:61:
/home/satory-ra/Android/kernel/android_kernel_oukitel_orange/drivers/misc/mediatek/mach/mt6735/include/mach/upmu_hw.h:138:0: note: this is the location of the previous definition
 #define MT6328_INT_MISC_CON_CLR      ((MT6328_PMIC_REG_BASE+0x02C2))
 ^
In file included from drivers/misc/mediatek/mach/mt6735/mt_cpufreq.c:64:0:
/home/satory-ra/Android/kernel/android_kernel_oukitel_orange/drivers/misc/mediatek/pmic_wrap/mt6735/pwrap_hal.h:555:0: warning: "MT6328_INT_STATUS0" redefined
 #define MT6328_INT_STATUS0           ((UINT32)(MT6328_PMIC_REG_BASE+0x02C4))
 ^
In file included from /home/satory-ra/Android/kernel/android_kernel_oukitel_orange/drivers/misc/mediatek/mach/mt6735/include/mach/upmu_common.h:7:0,
                 from drivers/misc/mediatek/mach/mt6735/mt_cpufreq.c:61:
/home/satory-ra/Android/kernel/android_kernel_oukitel_orange/drivers/misc/mediatek/mach/mt6735/include/mach/upmu_hw.h:139:0: note: this is the location of the previous definition
 #define MT6328_INT_STATUS0           ((MT6328_PMIC_REG_BASE+0x02C4))
 ^
In file included from drivers/misc/mediatek/mach/mt6735/mt_cpufreq.c:64:0:
/home/satory-ra/Android/kernel/android_kernel_oukitel_orange/drivers/misc/mediatek/pmic_wrap/mt6735/pwrap_hal.h:556:0: warning: "MT6328_INT_STATUS1" redefined
 #define MT6328_INT_STATUS1           ((UINT32)(MT6328_PMIC_REG_BASE+0x02C6))
 ^
In file included from /home/satory-ra/Android/kernel/android_kernel_oukitel_orange/drivers/misc/mediatek/mach/mt6735/include/mach/upmu_common.h:7:0,
                 from drivers/misc/mediatek/mach/mt6735/mt_cpufreq.c:61:
/home/satory-ra/Android/kernel/android_kernel_oukitel_orange/drivers/misc/mediatek/mach/mt6735/include/mach/upmu_hw.h:140:0: note: this is the location of the previous definition
 #define MT6328_INT_STATUS1           ((MT6328_PMIC_REG_BASE+0x02C6))
 ^
In file included from drivers/misc/mediatek/mach/mt6735/mt_cpufreq.c:64:0:
/home/satory-ra/Android/kernel/android_kernel_oukitel_orange/drivers/misc/mediatek/pmic_wrap/mt6735/pwrap_hal.h:557:0: warning: "MT6328_INT_STATUS2" redefined
 #define MT6328_INT_STATUS2           ((UINT32)(MT6328_PMIC_REG_BASE+0x02C8))
 ^
In file included from /home/satory-ra/Android/kernel/android_kernel_oukitel_orange/drivers/misc/mediatek/mach/mt6735/include/mach/upmu_common.h:7:0,
                 from drivers/misc/mediatek/mach/mt6735/mt_cpufreq.c:61:
/home/satory-ra/Android/kernel/android_kernel_oukitel_orange/drivers/misc/mediatek/mach/mt6735/include/mach/upmu_hw.h:141:0: note: this is the location of the previous definition
 #define MT6328_INT_STATUS2           ((MT6328_PMIC_REG_BASE+0x02C8))
 ^
In file included from drivers/misc/mediatek/mach/mt6735/mt_cpufreq.c:64:0:
/home/satory-ra/Android/kernel/android_kernel_oukitel_orange/drivers/misc/mediatek/pmic_wrap/mt6735/pwrap_hal.h:558:0: warning: "MT6328_OC_GEAR_0" redefined
 #define MT6328_OC_GEAR_0             ((UINT32)(MT6328_PMIC_REG_BASE+0x02CA))
 ^
In file included from /home/satory-ra/Android/kernel/android_kernel_oukitel_orange/drivers/misc/mediatek/mach/mt6735/include/mach/upmu_common.h:7:0,
                 from drivers/misc/mediatek/mach/mt6735/mt_cpufreq.c:61:
/home/satory-ra/Android/kernel/android_kernel_oukitel_orange/drivers/misc/mediatek/mach/mt6735/include/mach/upmu_hw.h:142:0: note: this is the location of the previous definition
 #define MT6328_OC_GEAR_0             ((MT6328_PMIC_REG_BASE+0x02CA))
 ^
In file included from drivers/misc/mediatek/mach/mt6735/mt_cpufreq.c:64:0:
/home/satory-ra/Android/kernel/android_kernel_oukitel_orange/drivers/misc/mediatek/pmic_wrap/mt6735/pwrap_hal.h:559:0: warning: "MT6328_FQMTR_CON0" redefined
 #define MT6328_FQMTR_CON0            ((UINT32)(MT6328_PMIC_REG_BASE+0x02CC))
 ^
In file included from /home/satory-ra/Android/kernel/android_kernel_oukitel_orange/drivers/misc/mediatek/mach/mt6735/include/mach/upmu_common.h:7:0,
                 from drivers/misc/mediatek/mach/mt6735/mt_cpufreq.c:61:
/home/satory-ra/Android/kernel/android_kernel_oukitel_orange/drivers/misc/mediatek/mach/mt6735/include/mach/upmu_hw.h:143:0: note: this is the location of the previous definition
 #define MT6328_FQMTR_CON0            ((MT6328_PMIC_REG_BASE+0x02CC))
 ^
In file included from drivers/misc/mediatek/mach/mt6735/mt_cpufreq.c:64:0:
/home/satory-ra/Android/kernel/android_kernel_oukitel_orange/drivers/misc/mediatek/pmic_wrap/mt6735/pwrap_hal.h:560:0: warning: "MT6328_FQMTR_CON1" redefined
 #define MT6328_FQMTR_CON1            ((UINT32)(MT6328_PMIC_REG_BASE+0x02CE))
 ^
In file included from /home/satory-ra/Android/kernel/android_kernel_oukitel_orange/drivers/misc/mediatek/mach/mt6735/include/mach/upmu_common.h:7:0,
                 from drivers/misc/mediatek/mach/mt6735/mt_cpufreq.c:61:
/home/satory-ra/Android/kernel/android_kernel_oukitel_orange/drivers/misc/mediatek/mach/mt6735/include/mach/upmu_hw.h:144:0: note: this is the location of the previous definition
 #define MT6328_FQMTR_CON1            ((MT6328_PMIC_REG_BASE+0x02CE))
 ^
In file included from drivers/misc/mediatek/mach/mt6735/mt_cpufreq.c:64:0:
/home/satory-ra/Android/kernel/android_kernel_oukitel_orange/drivers/misc/mediatek/pmic_wrap/mt6735/pwrap_hal.h:561:0: warning: "MT6328_FQMTR_CON2" redefined
 #define MT6328_FQMTR_CON2            ((UINT32)(MT6328_PMIC_REG_BASE+0x02D0))
 ^
In file included from /home/satory-ra/Android/kernel/android_kernel_oukitel_orange/drivers/misc/mediatek/mach/mt6735/include/mach/upmu_common.h:7:0,
                 from drivers/misc/mediatek/mach/mt6735/mt_cpufreq.c:61:
/home/satory-ra/Android/kernel/android_kernel_oukitel_orange/drivers/misc/mediatek/mach/mt6735/include/mach/upmu_hw.h:145:0: note: this is the location of the previous definition
 #define MT6328_FQMTR_CON2            ((MT6328_PMIC_REG_BASE+0x02D0))
 ^
In file included from drivers/misc/mediatek/mach/mt6735/mt_cpufreq.c:64:0:
/home/satory-ra/Android/kernel/android_kernel_oukitel_orange/drivers/misc/mediatek/pmic_wrap/mt6735/pwrap_hal.h:562:0: warning: "MT6328_RG_SPI_CON" redefined
 #define MT6328_RG_SPI_CON            ((UINT32)(MT6328_PMIC_REG_BASE+0x02D2))
 ^
In file included from /home/satory-ra/Android/kernel/android_kernel_oukitel_orange/drivers/misc/mediatek/mach/mt6735/include/mach/upmu_common.h:7:0,
                 from drivers/misc/mediatek/mach/mt6735/mt_cpufreq.c:61:
/home/satory-ra/Android/kernel/android_kernel_oukitel_orange/drivers/misc/mediatek/mach/mt6735/include/mach/upmu_hw.h:146:0: note: this is the location of the previous definition
 #define MT6328_RG_SPI_CON            ((MT6328_PMIC_REG_BASE+0x02D2))
 ^
In file included from drivers/misc/mediatek/mach/mt6735/mt_cpufreq.c:64:0:
/home/satory-ra/Android/kernel/android_kernel_oukitel_orange/drivers/misc/mediatek/pmic_wrap/mt6735/pwrap_hal.h:563:0: warning: "MT6328_DEW_DIO_EN" redefined
 #define MT6328_DEW_DIO_EN            ((UINT32)(MT6328_PMIC_REG_BASE+0x02D4))
 ^
In file included from /home/satory-ra/Android/kernel/android_kernel_oukitel_orange/drivers/misc/mediatek/mach/mt6735/include/mach/upmu_common.h:7:0,
                 from drivers/misc/mediatek/mach/mt6735/mt_cpufreq.c:61:
/home/satory-ra/Android/kernel/android_kernel_oukitel_orange/drivers/misc/mediatek/mach/mt6735/include/mach/upmu_hw.h:147:0: note: this is the location of the previous definition
 #define MT6328_DEW_DIO_EN            ((MT6328_PMIC_REG_BASE+0x02D4))
 ^
In file included from drivers/misc/mediatek/mach/mt6735/mt_cpufreq.c:64:0:
/home/satory-ra/Android/kernel/android_kernel_oukitel_orange/drivers/misc/mediatek/pmic_wrap/mt6735/pwrap_hal.h:564:0: warning: "MT6328_DEW_READ_TEST" redefined
 #define MT6328_DEW_READ_TEST         ((UINT32)(MT6328_PMIC_REG_BASE+0x02D6))
 ^
In file included from /home/satory-ra/Android/kernel/android_kernel_oukitel_orange/drivers/misc/mediatek/mach/mt6735/include/mach/upmu_common.h:7:0,
                 from drivers/misc/mediatek/mach/mt6735/mt_cpufreq.c:61:
/home/satory-ra/Android/kernel/android_kernel_oukitel_orange/drivers/misc/mediatek/mach/mt6735/include/mach/upmu_hw.h:148:0: note: this is the location of the previous definition
 #define MT6328_DEW_READ_TEST         ((MT6328_PMIC_REG_BASE+0x02D6))
 ^
In file included from drivers/misc/mediatek/mach/mt6735/mt_cpufreq.c:64:0:
/home/satory-ra/Android/kernel/android_kernel_oukitel_orange/drivers/misc/mediatek/pmic_wrap/mt6735/pwrap_hal.h:565:0: warning: "MT6328_DEW_WRITE_TEST" redefined
 #define MT6328_DEW_WRITE_TEST        ((UINT32)(MT6328_PMIC_REG_BASE+0x02D8))
 ^
In file included from /home/satory-ra/Android/kernel/android_kernel_oukitel_orange/drivers/misc/mediatek/mach/mt6735/include/mach/upmu_common.h:7:0,
                 from drivers/misc/mediatek/mach/mt6735/mt_cpufreq.c:61:
/home/satory-ra/Android/kernel/android_kernel_oukitel_orange/drivers/misc/mediatek/mach/mt6735/include/mach/upmu_hw.h:149:0: note: this is the location of the previous definition
 #define MT6328_DEW_WRITE_TEST        ((MT6328_PMIC_REG_BASE+0x02D8))
 ^
In file included from drivers/misc/mediatek/mach/mt6735/mt_cpufreq.c:64:0:
/home/satory-ra/Android/kernel/android_kernel_oukitel_orange/drivers/misc/mediatek/pmic_wrap/mt6735/pwrap_hal.h:566:0: warning: "MT6328_DEW_CRC_SWRST" redefined
 #define MT6328_DEW_CRC_SWRST         ((UINT32)(MT6328_PMIC_REG_BASE+0x02DA))
 ^
In file included from /home/satory-ra/Android/kernel/android_kernel_oukitel_orange/drivers/misc/mediatek/mach/mt6735/include/mach/upmu_common.h:7:0,
                 from drivers/misc/mediatek/mach/mt6735/mt_cpufreq.c:61:
/home/satory-ra/Android/kernel/android_kernel_oukitel_orange/drivers/misc/mediatek/mach/mt6735/include/mach/upmu_hw.h:150:0: note: this is the location of the previous definition
 #define MT6328_DEW_CRC_SWRST         ((MT6328_PMIC_REG_BASE+0x02DA))
 ^
In file included from drivers/misc/mediatek/mach/mt6735/mt_cpufreq.c:64:0:
/home/satory-ra/Android/kernel/android_kernel_oukitel_orange/drivers/misc/mediatek/pmic_wrap/mt6735/pwrap_hal.h:567:0: warning: "MT6328_DEW_CRC_EN" redefined
 #define MT6328_DEW_CRC_EN            ((UINT32)(MT6328_PMIC_REG_BASE+0x02DC))
 ^
In file included from /home/satory-ra/Android/kernel/android_kernel_oukitel_orange/drivers/misc/mediatek/mach/mt6735/include/mach/upmu_common.h:7:0,
                 from drivers/misc/mediatek/mach/mt6735/mt_cpufreq.c:61:
/home/satory-ra/Android/kernel/android_kernel_oukitel_orange/drivers/misc/mediatek/mach/mt6735/include/mach/upmu_hw.h:151:0: note: this is the location of the previous definition
 #define MT6328_DEW_CRC_EN            ((MT6328_PMIC_REG_BASE+0x02DC))
 ^
In file included from drivers/misc/mediatek/mach/mt6735/mt_cpufreq.c:64:0:
/home/satory-ra/Android/kernel/android_kernel_oukitel_orange/drivers/misc/mediatek/pmic_wrap/mt6735/pwrap_hal.h:568:0: warning: "MT6328_DEW_CRC_VAL" redefined
 #define MT6328_DEW_CRC_VAL           ((UINT32)(MT6328_PMIC_REG_BASE+0x02DE))
 ^
In file included from /home/satory-ra/Android/kernel/android_kernel_oukitel_orange/drivers/misc/mediatek/mach/mt6735/include/mach/upmu_common.h:7:0,
                 from drivers/misc/mediatek/mach/mt6735/mt_cpufreq.c:61:
/home/satory-ra/Android/kernel/android_kernel_oukitel_orange/drivers/misc/mediatek/mach/mt6735/include/mach/upmu_hw.h:152:0: note: this is the location of the previous definition
 #define MT6328_DEW_CRC_VAL           ((MT6328_PMIC_REG_BASE+0x02DE))
 ^
In file included from drivers/misc/mediatek/mach/mt6735/mt_cpufreq.c:64:0:
/home/satory-ra/Android/kernel/android_kernel_oukitel_orange/drivers/misc/mediatek/pmic_wrap/mt6735/pwrap_hal.h:569:0: warning: "MT6328_DEW_DBG_MON_SEL" redefined
 #define MT6328_DEW_DBG_MON_SEL       ((UINT32)(MT6328_PMIC_REG_BASE+0x02E0))
 ^
In file included from /home/satory-ra/Android/kernel/android_kernel_oukitel_orange/drivers/misc/mediatek/mach/mt6735/include/mach/upmu_common.h:7:0,
                 from drivers/misc/mediatek/mach/mt6735/mt_cpufreq.c:61:
/home/satory-ra/Android/kernel/android_kernel_oukitel_orange/drivers/misc/mediatek/mach/mt6735/include/mach/upmu_hw.h:153:0: note: this is the location of the previous definition
 #define MT6328_DEW_DBG_MON_SEL       ((MT6328_PMIC_REG_BASE+0x02E0))
 ^
In file included from drivers/misc/mediatek/mach/mt6735/mt_cpufreq.c:64:0:
/home/satory-ra/Android/kernel/android_kernel_oukitel_orange/drivers/misc/mediatek/pmic_wrap/mt6735/pwrap_hal.h:570:0: warning: "MT6328_DEW_CIPHER_KEY_SEL" redefined
 #define MT6328_DEW_CIPHER_KEY_SEL    ((UINT32)(MT6328_PMIC_REG_BASE+0x02E2))
 ^
In file included from /home/satory-ra/Android/kernel/android_kernel_oukitel_orange/drivers/misc/mediatek/mach/mt6735/include/mach/upmu_common.h:7:0,
                 from drivers/misc/mediatek/mach/mt6735/mt_cpufreq.c:61:
/home/satory-ra/Android/kernel/android_kernel_oukitel_orange/drivers/misc/mediatek/mach/mt6735/include/mach/upmu_hw.h:154:0: note: this is the location of the previous definition
 #define MT6328_DEW_CIPHER_KEY_SEL    ((MT6328_PMIC_REG_BASE+0x02E2))
 ^
In file included from drivers/misc/mediatek/mach/mt6735/mt_cpufreq.c:64:0:
/home/satory-ra/Android/kernel/android_kernel_oukitel_orange/drivers/misc/mediatek/pmic_wrap/mt6735/pwrap_hal.h:571:0: warning: "MT6328_DEW_CIPHER_IV_SEL" redefined
 #define MT6328_DEW_CIPHER_IV_SEL     ((UINT32)(MT6328_PMIC_REG_BASE+0x02E4))
 ^
In file included from /home/satory-ra/Android/kernel/android_kernel_oukitel_orange/drivers/misc/mediatek/mach/mt6735/include/mach/upmu_common.h:7:0,
                 from drivers/misc/mediatek/mach/mt6735/mt_cpufreq.c:61:
/home/satory-ra/Android/kernel/android_kernel_oukitel_orange/drivers/misc/mediatek/mach/mt6735/include/mach/upmu_hw.h:155:0: note: this is the location of the previous definition
 #define MT6328_DEW_CIPHER_IV_SEL     ((MT6328_PMIC_REG_BASE+0x02E4))
 ^
In file included from drivers/misc/mediatek/mach/mt6735/mt_cpufreq.c:64:0:
/home/satory-ra/Android/kernel/android_kernel_oukitel_orange/drivers/misc/mediatek/pmic_wrap/mt6735/pwrap_hal.h:572:0: warning: "MT6328_DEW_CIPHER_EN" redefined
 #define MT6328_DEW_CIPHER_EN         ((UINT32)(MT6328_PMIC_REG_BASE+0x02E6))
 ^
In file included from /home/satory-ra/Android/kernel/android_kernel_oukitel_orange/drivers/misc/mediatek/mach/mt6735/include/mach/upmu_common.h:7:0,
                 from drivers/misc/mediatek/mach/mt6735/mt_cpufreq.c:61:
/home/satory-ra/Android/kernel/android_kernel_oukitel_orange/drivers/misc/mediatek/mach/mt6735/include/mach/upmu_hw.h:156:0: note: this is the location of the previous definition
 #define MT6328_DEW_CIPHER_EN         ((MT6328_PMIC_REG_BASE+0x02E6))
 ^
In file included from drivers/misc/mediatek/mach/mt6735/mt_cpufreq.c:64:0:
/home/satory-ra/Android/kernel/android_kernel_oukitel_orange/drivers/misc/mediatek/pmic_wrap/mt6735/pwrap_hal.h:573:0: warning: "MT6328_DEW_CIPHER_RDY" redefined
 #define MT6328_DEW_CIPHER_RDY        ((UINT32)(MT6328_PMIC_REG_BASE+0x02E8))
 ^
In file included from /home/satory-ra/Android/kernel/android_kernel_oukitel_orange/drivers/misc/mediatek/mach/mt6735/include/mach/upmu_common.h:7:0,
                 from drivers/misc/mediatek/mach/mt6735/mt_cpufreq.c:61:
/home/satory-ra/Android/kernel/android_kernel_oukitel_orange/drivers/misc/mediatek/mach/mt6735/include/mach/upmu_hw.h:157:0: note: this is the location of the previous definition
 #define MT6328_DEW_CIPHER_RDY        ((MT6328_PMIC_REG_BASE+0x02E8))
 ^
In file included from drivers/misc/mediatek/mach/mt6735/mt_cpufreq.c:64:0:
/home/satory-ra/Android/kernel/android_kernel_oukitel_orange/drivers/misc/mediatek/pmic_wrap/mt6735/pwrap_hal.h:574:0: warning: "MT6328_DEW_CIPHER_MODE" redefined
 #define MT6328_DEW_CIPHER_MODE       ((UINT32)(MT6328_PMIC_REG_BASE+0x02EA))
 ^
In file included from /home/satory-ra/Android/kernel/android_kernel_oukitel_orange/drivers/misc/mediatek/mach/mt6735/include/mach/upmu_common.h:7:0,
                 from drivers/misc/mediatek/mach/mt6735/mt_cpufreq.c:61:
/home/satory-ra/Android/kernel/android_kernel_oukitel_orange/drivers/misc/mediatek/mach/mt6735/include/mach/upmu_hw.h:158:0: note: this is the location of the previous definition
 #define MT6328_DEW_CIPHER_MODE       ((MT6328_PMIC_REG_BASE+0x02EA))
 ^
In file included from drivers/misc/mediatek/mach/mt6735/mt_cpufreq.c:64:0:
/home/satory-ra/Android/kernel/android_kernel_oukitel_orange/drivers/misc/mediatek/pmic_wrap/mt6735/pwrap_hal.h:575:0: warning: "MT6328_DEW_CIPHER_SWRST" redefined
 #define MT6328_DEW_CIPHER_SWRST      ((UINT32)(MT6328_PMIC_REG_BASE+0x02EC))
 ^
In file included from /home/satory-ra/Android/kernel/android_kernel_oukitel_orange/drivers/misc/mediatek/mach/mt6735/include/mach/upmu_common.h:7:0,
                 from drivers/misc/mediatek/mach/mt6735/mt_cpufreq.c:61:
/home/satory-ra/Android/kernel/android_kernel_oukitel_orange/drivers/misc/mediatek/mach/mt6735/include/mach/upmu_hw.h:159:0: note: this is the location of the previous definition
 #define MT6328_DEW_CIPHER_SWRST      ((MT6328_PMIC_REG_BASE+0x02EC))
 ^
In file included from drivers/misc/mediatek/mach/mt6735/mt_cpufreq.c:64:0:
/home/satory-ra/Android/kernel/android_kernel_oukitel_orange/drivers/misc/mediatek/pmic_wrap/mt6735/pwrap_hal.h:576:0: warning: "MT6328_DEW_RDDMY_NO" redefined
 #define MT6328_DEW_RDDMY_NO          ((UINT32)(MT6328_PMIC_REG_BASE+0x02EE))
 ^
In file included from /home/satory-ra/Android/kernel/android_kernel_oukitel_orange/drivers/misc/mediatek/mach/mt6735/include/mach/upmu_common.h:7:0,
                 from drivers/misc/mediatek/mach/mt6735/mt_cpufreq.c:61:
/home/satory-ra/Android/kernel/android_kernel_oukitel_orange/drivers/misc/mediatek/mach/mt6735/include/mach/upmu_hw.h:160:0: note: this is the location of the previous definition
 #define MT6328_DEW_RDDMY_NO          ((MT6328_PMIC_REG_BASE+0x02EE))
 ^
In file included from drivers/misc/mediatek/mach/mt6735/mt_cpufreq.c:64:0:
/home/satory-ra/Android/kernel/android_kernel_oukitel_orange/drivers/misc/mediatek/pmic_wrap/mt6735/pwrap_hal.h:577:0: warning: "MT6328_INT_TYPE_CON0" redefined
 #define MT6328_INT_TYPE_CON0         ((UINT32)(MT6328_PMIC_REG_BASE+0x02F0))
 ^
In file included from /home/satory-ra/Android/kernel/android_kernel_oukitel_orange/drivers/misc/mediatek/mach/mt6735/include/mach/upmu_common.h:7:0,
                 from drivers/misc/mediatek/mach/mt6735/mt_cpufreq.c:61:
/home/satory-ra/Android/kernel/android_kernel_oukitel_orange/drivers/misc/mediatek/mach/mt6735/include/mach/upmu_hw.h:161:0: note: this is the location of the previous definition
 #define MT6328_INT_TYPE_CON0         ((MT6328_PMIC_REG_BASE+0x02F0))
 ^
In file included from drivers/misc/mediatek/mach/mt6735/mt_cpufreq.c:64:0:
/home/satory-ra/Android/kernel/android_kernel_oukitel_orange/drivers/misc/mediatek/pmic_wrap/mt6735/pwrap_hal.h:578:0: warning: "MT6328_INT_TYPE_CON0_SET" redefined
 #define MT6328_INT_TYPE_CON0_SET     ((UINT32)(MT6328_PMIC_REG_BASE+0x02F2))
 ^
In file included from /home/satory-ra/Android/kernel/android_kernel_oukitel_orange/drivers/misc/mediatek/mach/mt6735/include/mach/upmu_common.h:7:0,
                 from drivers/misc/mediatek/mach/mt6735/mt_cpufreq.c:61:
/home/satory-ra/Android/kernel/android_kernel_oukitel_orange/drivers/misc/mediatek/mach/mt6735/include/mach/upmu_hw.h:162:0: note: this is the location of the previous definition
 #define MT6328_INT_TYPE_CON0_SET     ((MT6328_PMIC_REG_BASE+0x02F2))
 ^
In file included from drivers/misc/mediatek/mach/mt6735/mt_cpufreq.c:64:0:
/home/satory-ra/Android/kernel/android_kernel_oukitel_orange/drivers/misc/mediatek/pmic_wrap/mt6735/pwrap_hal.h:579:0: warning: "MT6328_INT_TYPE_CON0_CLR" redefined
 #define MT6328_INT_TYPE_CON0_CLR     ((UINT32)(MT6328_PMIC_REG_BASE+0x02F4))
 ^
In file included from /home/satory-ra/Android/kernel/android_kernel_oukitel_orange/drivers/misc/mediatek/mach/mt6735/include/mach/upmu_common.h:7:0,
                 from drivers/misc/mediatek/mach/mt6735/mt_cpufreq.c:61:
/home/satory-ra/Android/kernel/android_kernel_oukitel_orange/drivers/misc/mediatek/mach/mt6735/include/mach/upmu_hw.h:163:0: note: this is the location of the previous definition
 #define MT6328_INT_TYPE_CON0_CLR     ((MT6328_PMIC_REG_BASE+0x02F4))
 ^
In file included from drivers/misc/mediatek/mach/mt6735/mt_cpufreq.c:64:0:
/home/satory-ra/Android/kernel/android_kernel_oukitel_orange/drivers/misc/mediatek/pmic_wrap/mt6735/pwrap_hal.h:580:0: warning: "MT6328_INT_TYPE_CON1" redefined
 #define MT6328_INT_TYPE_CON1         ((UINT32)(MT6328_PMIC_REG_BASE+0x02F6))
 ^
In file included from /home/satory-ra/Android/kernel/android_kernel_oukitel_orange/drivers/misc/mediatek/mach/mt6735/include/mach/upmu_common.h:7:0,
                 from drivers/misc/mediatek/mach/mt6735/mt_cpufreq.c:61:
/home/satory-ra/Android/kernel/android_kernel_oukitel_orange/drivers/misc/mediatek/mach/mt6735/include/mach/upmu_hw.h:164:0: note: this is the location of the previous definition
 #define MT6328_INT_TYPE_CON1         ((MT6328_PMIC_REG_BASE+0x02F6))
 ^
In file included from drivers/misc/mediatek/mach/mt6735/mt_cpufreq.c:64:0:
/home/satory-ra/Android/kernel/android_kernel_oukitel_orange/drivers/misc/mediatek/pmic_wrap/mt6735/pwrap_hal.h:581:0: warning: "MT6328_INT_TYPE_CON1_SET" redefined
 #define MT6328_INT_TYPE_CON1_SET     ((UINT32)(MT6328_PMIC_REG_BASE+0x02F8))
 ^
In file included from /home/satory-ra/Android/kernel/android_kernel_oukitel_orange/drivers/misc/mediatek/mach/mt6735/include/mach/upmu_common.h:7:0,
                 from drivers/misc/mediatek/mach/mt6735/mt_cpufreq.c:61:
/home/satory-ra/Android/kernel/android_kernel_oukitel_orange/drivers/misc/mediatek/mach/mt6735/include/mach/upmu_hw.h:165:0: note: this is the location of the previous definition
 #define MT6328_INT_TYPE_CON1_SET     ((MT6328_PMIC_REG_BASE+0x02F8))
 ^
In file included from drivers/misc/mediatek/mach/mt6735/mt_cpufreq.c:64:0:
/home/satory-ra/Android/kernel/android_kernel_oukitel_orange/drivers/misc/mediatek/pmic_wrap/mt6735/pwrap_hal.h:582:0: warning: "MT6328_INT_TYPE_CON1_CLR" redefined
 #define MT6328_INT_TYPE_CON1_CLR     ((UINT32)(MT6328_PMIC_REG_BASE+0x02FA))
 ^
In file included from /home/satory-ra/Android/kernel/android_kernel_oukitel_orange/drivers/misc/mediatek/mach/mt6735/include/mach/upmu_common.h:7:0,
                 from drivers/misc/mediatek/mach/mt6735/mt_cpufreq.c:61:
/home/satory-ra/Android/kernel/android_kernel_oukitel_orange/drivers/misc/mediatek/mach/mt6735/include/mach/upmu_hw.h:166:0: note: this is the location of the previous definition
 #define MT6328_INT_TYPE_CON1_CLR     ((MT6328_PMIC_REG_BASE+0x02FA))
 ^
In file included from drivers/misc/mediatek/mach/mt6735/mt_cpufreq.c:64:0:
/home/satory-ra/Android/kernel/android_kernel_oukitel_orange/drivers/misc/mediatek/pmic_wrap/mt6735/pwrap_hal.h:583:0: warning: "MT6328_INT_TYPE_CON2" redefined
 #define MT6328_INT_TYPE_CON2         ((UINT32)(MT6328_PMIC_REG_BASE+0x02FC))
 ^
In file included from /home/satory-ra/Android/kernel/android_kernel_oukitel_orange/drivers/misc/mediatek/mach/mt6735/include/mach/upmu_common.h:7:0,
                 from drivers/misc/mediatek/mach/mt6735/mt_cpufreq.c:61:
/home/satory-ra/Android/kernel/android_kernel_oukitel_orange/drivers/misc/mediatek/mach/mt6735/include/mach/upmu_hw.h:167:0: note: this is the location of the previous definition
 #define MT6328_INT_TYPE_CON2         ((MT6328_PMIC_REG_BASE+0x02FC))
 ^
In file included from drivers/misc/mediatek/mach/mt6735/mt_cpufreq.c:64:0:
/home/satory-ra/Android/kernel/android_kernel_oukitel_orange/drivers/misc/mediatek/pmic_wrap/mt6735/pwrap_hal.h:584:0: warning: "MT6328_INT_TYPE_CON2_SET" redefined
 #define MT6328_INT_TYPE_CON2_SET     ((UINT32)(MT6328_PMIC_REG_BASE+0x02FE))
 ^
In file included from /home/satory-ra/Android/kernel/android_kernel_oukitel_orange/drivers/misc/mediatek/mach/mt6735/include/mach/upmu_common.h:7:0,
                 from drivers/misc/mediatek/mach/mt6735/mt_cpufreq.c:61:
/home/satory-ra/Android/kernel/android_kernel_oukitel_orange/drivers/misc/mediatek/mach/mt6735/include/mach/upmu_hw.h:168:0: note: this is the location of the previous definition
 #define MT6328_INT_TYPE_CON2_SET     ((MT6328_PMIC_REG_BASE+0x02FE))
 ^
In file included from drivers/misc/mediatek/mach/mt6735/mt_cpufreq.c:64:0:
/home/satory-ra/Android/kernel/android_kernel_oukitel_orange/drivers/misc/mediatek/pmic_wrap/mt6735/pwrap_hal.h:585:0: warning: "MT6328_INT_TYPE_CON2_CLR" redefined
 #define MT6328_INT_TYPE_CON2_CLR     ((UINT32)(MT6328_PMIC_REG_BASE+0x0300))
 ^
In file included from /home/satory-ra/Android/kernel/android_kernel_oukitel_orange/drivers/misc/mediatek/mach/mt6735/include/mach/upmu_common.h:7:0,
                 from drivers/misc/mediatek/mach/mt6735/mt_cpufreq.c:61:
/home/satory-ra/Android/kernel/android_kernel_oukitel_orange/drivers/misc/mediatek/mach/mt6735/include/mach/upmu_hw.h:169:0: note: this is the location of the previous definition
 #define MT6328_INT_TYPE_CON2_CLR     ((MT6328_PMIC_REG_BASE+0x0300))
 ^
In file included from drivers/misc/mediatek/mach/mt6735/mt_cpufreq.c:64:0:
/home/satory-ra/Android/kernel/android_kernel_oukitel_orange/drivers/misc/mediatek/pmic_wrap/mt6735/pwrap_hal.h:586:0: warning: "MT6328_INT_STA" redefined
 #define MT6328_INT_STA               ((UINT32)(MT6328_PMIC_REG_BASE+0x0302))
 ^
In file included from /home/satory-ra/Android/kernel/android_kernel_oukitel_orange/drivers/misc/mediatek/mach/mt6735/include/mach/upmu_common.h:7:0,
                 from drivers/misc/mediatek/mach/mt6735/mt_cpufreq.c:61:
/home/satory-ra/Android/kernel/android_kernel_oukitel_orange/drivers/misc/mediatek/mach/mt6735/include/mach/upmu_hw.h:170:0: note: this is the location of the previous definition
 #define MT6328_INT_STA               ((MT6328_PMIC_REG_BASE+0x0302))
 ^
In file included from drivers/misc/mediatek/mach/mt6735/mt_cpufreq.c:64:0:
/home/satory-ra/Android/kernel/android_kernel_oukitel_orange/drivers/misc/mediatek/pmic_wrap/mt6735/pwrap_hal.h:587:0: warning: "MT6328_BUCK_ALL_CON0" redefined
 #define MT6328_BUCK_ALL_CON0         ((UINT32)(MT6328_PMIC_REG_BASE+0x0400))
 ^
In file included from /home/satory-ra/Android/kernel/android_kernel_oukitel_orange/drivers/misc/mediatek/mach/mt6735/include/mach/upmu_common.h:7:0,
                 from drivers/misc/mediatek/mach/mt6735/mt_cpufreq.c:61:
/home/satory-ra/Android/kernel/android_kernel_oukitel_orange/drivers/misc/mediatek/mach/mt6735/include/mach/upmu_hw.h:171:0: note: this is the location of the previous definition
 #define MT6328_BUCK_ALL_CON0         ((MT6328_PMIC_REG_BASE+0x0400))
 ^
In file included from drivers/misc/mediatek/mach/mt6735/mt_cpufreq.c:64:0:
/home/satory-ra/Android/kernel/android_kernel_oukitel_orange/drivers/misc/mediatek/pmic_wrap/mt6735/pwrap_hal.h:588:0: warning: "MT6328_BUCK_ALL_CON1" redefined
 #define MT6328_BUCK_ALL_CON1         ((UINT32)(MT6328_PMIC_REG_BASE+0x0402))
 ^
In file included from /home/satory-ra/Android/kernel/android_kernel_oukitel_orange/drivers/misc/mediatek/mach/mt6735/include/mach/upmu_common.h:7:0,
                 from drivers/misc/mediatek/mach/mt6735/mt_cpufreq.c:61:
/home/satory-ra/Android/kernel/android_kernel_oukitel_orange/drivers/misc/mediatek/mach/mt6735/include/mach/upmu_hw.h:172:0: note: this is the location of the previous definition
 #define MT6328_BUCK_ALL_CON1         ((MT6328_PMIC_REG_BASE+0x0402))
 ^
In file included from drivers/misc/mediatek/mach/mt6735/mt_cpufreq.c:64:0:
/home/satory-ra/Android/kernel/android_kernel_oukitel_orange/drivers/misc/mediatek/pmic_wrap/mt6735/pwrap_hal.h:589:0: warning: "MT6328_BUCK_ALL_CON2" redefined
 #define MT6328_BUCK_ALL_CON2         ((UINT32)(MT6328_PMIC_REG_BASE+0x0404))
 ^
In file included from /home/satory-ra/Android/kernel/android_kernel_oukitel_orange/drivers/misc/mediatek/mach/mt6735/include/mach/upmu_common.h:7:0,
                 from drivers/misc/mediatek/mach/mt6735/mt_cpufreq.c:61:
/home/satory-ra/Android/kernel/android_kernel_oukitel_orange/drivers/misc/mediatek/mach/mt6735/include/mach/upmu_hw.h:173:0: note: this is the location of the previous definition
 #define MT6328_BUCK_ALL_CON2         ((MT6328_PMIC_REG_BASE+0x0404))
 ^
In file included from drivers/misc/mediatek/mach/mt6735/mt_cpufreq.c:64:0:
/home/satory-ra/Android/kernel/android_kernel_oukitel_orange/drivers/misc/mediatek/pmic_wrap/mt6735/pwrap_hal.h:590:0: warning: "MT6328_BUCK_ALL_CON3" redefined
 #define MT6328_BUCK_ALL_CON3         ((UINT32)(MT6328_PMIC_REG_BASE+0x0406))
 ^
In file included from /home/satory-ra/Android/kernel/android_kernel_oukitel_orange/drivers/misc/mediatek/mach/mt6735/include/mach/upmu_common.h:7:0,
                 from drivers/misc/mediatek/mach/mt6735/mt_cpufreq.c:61:
/home/satory-ra/Android/kernel/android_kernel_oukitel_orange/drivers/misc/mediatek/mach/mt6735/include/mach/upmu_hw.h:174:0: note: this is the location of the previous definition
 #define MT6328_BUCK_ALL_CON3         ((MT6328_PMIC_REG_BASE+0x0406))
 ^
In file included from drivers/misc/mediatek/mach/mt6735/mt_cpufreq.c:64:0:
/home/satory-ra/Android/kernel/android_kernel_oukitel_orange/drivers/misc/mediatek/pmic_wrap/mt6735/pwrap_hal.h:591:0: warning: "MT6328_BUCK_ALL_CON4" redefined
 #define MT6328_BUCK_ALL_CON4         ((UINT32)(MT6328_PMIC_REG_BASE+0x0408))
 ^
In file included from /home/satory-ra/Android/kernel/android_kernel_oukitel_orange/drivers/misc/mediatek/mach/mt6735/include/mach/upmu_common.h:7:0,
                 from drivers/misc/mediatek/mach/mt6735/mt_cpufreq.c:61:
/home/satory-ra/Android/kernel/android_kernel_oukitel_orange/drivers/misc/mediatek/mach/mt6735/include/mach/upmu_hw.h:175:0: note: this is the location of the previous definition
 #define MT6328_BUCK_ALL_CON4         ((MT6328_PMIC_REG_BASE+0x0408))
 ^
In file included from drivers/misc/mediatek/mach/mt6735/mt_cpufreq.c:64:0:
/home/satory-ra/Android/kernel/android_kernel_oukitel_orange/drivers/misc/mediatek/pmic_wrap/mt6735/pwrap_hal.h:592:0: warning: "MT6328_BUCK_ALL_CON5" redefined
 #define MT6328_BUCK_ALL_CON5         ((UINT32)(MT6328_PMIC_REG_BASE+0x040A))
 ^
In file included from /home/satory-ra/Android/kernel/android_kernel_oukitel_orange/drivers/misc/mediatek/mach/mt6735/include/mach/upmu_common.h:7:0,
                 from drivers/misc/mediatek/mach/mt6735/mt_cpufreq.c:61:
/home/satory-ra/Android/kernel/android_kernel_oukitel_orange/drivers/misc/mediatek/mach/mt6735/include/mach/upmu_hw.h:176:0: note: this is the location of the previous definition
 #define MT6328_BUCK_ALL_CON5         ((MT6328_PMIC_REG_BASE+0x040A))
 ^
In file included from drivers/misc/mediatek/mach/mt6735/mt_cpufreq.c:64:0:
/home/satory-ra/Android/kernel/android_kernel_oukitel_orange/drivers/misc/mediatek/pmic_wrap/mt6735/pwrap_hal.h:593:0: warning: "MT6328_BUCK_ALL_CON6" redefined
 #define MT6328_BUCK_ALL_CON6         ((UINT32)(MT6328_PMIC_REG_BASE+0x040C))
 ^
In file included from /home/satory-ra/Android/kernel/android_kernel_oukitel_orange/drivers/misc/mediatek/mach/mt6735/include/mach/upmu_common.h:7:0,
                 from drivers/misc/mediatek/mach/mt6735/mt_cpufreq.c:61:
/home/satory-ra/Android/kernel/android_kernel_oukitel_orange/drivers/misc/mediatek/mach/mt6735/include/mach/upmu_hw.h:177:0: note: this is the location of the previous definition
 #define MT6328_BUCK_ALL_CON6         ((MT6328_PMIC_REG_BASE+0x040C))
 ^
In file included from drivers/misc/mediatek/mach/mt6735/mt_cpufreq.c:64:0:
/home/satory-ra/Android/kernel/android_kernel_oukitel_orange/drivers/misc/mediatek/pmic_wrap/mt6735/pwrap_hal.h:594:0: warning: "MT6328_BUCK_ALL_CON9" redefined
 #define MT6328_BUCK_ALL_CON9         ((UINT32)(MT6328_PMIC_REG_BASE+0x040E))
 ^
In file included from /home/satory-ra/Android/kernel/android_kernel_oukitel_orange/drivers/misc/mediatek/mach/mt6735/include/mach/upmu_common.h:7:0,
                 from drivers/misc/mediatek/mach/mt6735/mt_cpufreq.c:61:
/home/satory-ra/Android/kernel/android_kernel_oukitel_orange/drivers/misc/mediatek/mach/mt6735/include/mach/upmu_hw.h:178:0: note: this is the location of the previous definition
 #define MT6328_BUCK_ALL_CON9         ((MT6328_PMIC_REG_BASE+0x040E))
 ^
In file included from drivers/misc/mediatek/mach/mt6735/mt_cpufreq.c:64:0:
/home/satory-ra/Android/kernel/android_kernel_oukitel_orange/drivers/misc/mediatek/pmic_wrap/mt6735/pwrap_hal.h:595:0: warning: "MT6328_BUCK_ALL_CON12" redefined
 #define MT6328_BUCK_ALL_CON12        ((UINT32)(MT6328_PMIC_REG_BASE+0x0410))
 ^
In file included from /home/satory-ra/Android/kernel/android_kernel_oukitel_orange/drivers/misc/mediatek/mach/mt6735/include/mach/upmu_common.h:7:0,
                 from drivers/misc/mediatek/mach/mt6735/mt_cpufreq.c:61:
/home/satory-ra/Android/kernel/android_kernel_oukitel_orange/drivers/misc/mediatek/mach/mt6735/include/mach/upmu_hw.h:179:0: note: this is the location of the previous definition
 #define MT6328_BUCK_ALL_CON12        ((MT6328_PMIC_REG_BASE+0x0410))
 ^
In file included from drivers/misc/mediatek/mach/mt6735/mt_cpufreq.c:64:0:
/home/satory-ra/Android/kernel/android_kernel_oukitel_orange/drivers/misc/mediatek/pmic_wrap/mt6735/pwrap_hal.h:596:0: warning: "MT6328_BUCK_ALL_CON13" redefined
 #define MT6328_BUCK_ALL_CON13        ((UINT32)(MT6328_PMIC_REG_BASE+0x0412))
 ^
In file included from /home/satory-ra/Android/kernel/android_kernel_oukitel_orange/drivers/misc/mediatek/mach/mt6735/include/mach/upmu_common.h:7:0,
                 from drivers/misc/mediatek/mach/mt6735/mt_cpufreq.c:61:
/home/satory-ra/Android/kernel/android_kernel_oukitel_orange/drivers/misc/mediatek/mach/mt6735/include/mach/upmu_hw.h:180:0: note: this is the location of the previous definition
 #define MT6328_BUCK_ALL_CON13        ((MT6328_PMIC_REG_BASE+0x0412))
 ^
In file included from drivers/misc/mediatek/mach/mt6735/mt_cpufreq.c:64:0:
/home/satory-ra/Android/kernel/android_kernel_oukitel_orange/drivers/misc/mediatek/pmic_wrap/mt6735/pwrap_hal.h:597:0: warning: "MT6328_BUCK_ALL_CON14" redefined
 #define MT6328_BUCK_ALL_CON14        ((UINT32)(MT6328_PMIC_REG_BASE+0x0414))
 ^
In file included from /home/satory-ra/Android/kernel/android_kernel_oukitel_orange/drivers/misc/mediatek/mach/mt6735/include/mach/upmu_common.h:7:0,
                 from drivers/misc/mediatek/mach/mt6735/mt_cpufreq.c:61:
/home/satory-ra/Android/kernel/android_kernel_oukitel_orange/drivers/misc/mediatek/mach/mt6735/include/mach/upmu_hw.h:181:0: note: this is the location of the previous definition
 #define MT6328_BUCK_ALL_CON14        ((MT6328_PMIC_REG_BASE+0x0414))
 ^
In file included from drivers/misc/mediatek/mach/mt6735/mt_cpufreq.c:64:0:
/home/satory-ra/Android/kernel/android_kernel_oukitel_orange/drivers/misc/mediatek/pmic_wrap/mt6735/pwrap_hal.h:598:0: warning: "MT6328_BUCK_ALL_CON16" redefined
 #define MT6328_BUCK_ALL_CON16        ((UINT32)(MT6328_PMIC_REG_BASE+0x0416))
 ^
In file included from /home/satory-ra/Android/kernel/android_kernel_oukitel_orange/drivers/misc/mediatek/mach/mt6735/include/mach/upmu_common.h:7:0,
                 from drivers/misc/mediatek/mach/mt6735/mt_cpufreq.c:61:
/home/satory-ra/Android/kernel/android_kernel_oukitel_orange/drivers/misc/mediatek/mach/mt6735/include/mach/upmu_hw.h:182:0: note: this is the location of the previous definition
 #define MT6328_BUCK_ALL_CON16        ((MT6328_PMIC_REG_BASE+0x0416))
 ^
In file included from drivers/misc/mediatek/mach/mt6735/mt_cpufreq.c:64:0:
/home/satory-ra/Android/kernel/android_kernel_oukitel_orange/drivers/misc/mediatek/pmic_wrap/mt6735/pwrap_hal.h:599:0: warning: "MT6328_BUCK_ALL_CON18" redefined
 #define MT6328_BUCK_ALL_CON18        ((UINT32)(MT6328_PMIC_REG_BASE+0x0418))
 ^
In file included from /home/satory-ra/Android/kernel/android_kernel_oukitel_orange/drivers/misc/mediatek/mach/mt6735/include/mach/upmu_common.h:7:0,
                 from drivers/misc/mediatek/mach/mt6735/mt_cpufreq.c:61:
/home/satory-ra/Android/kernel/android_kernel_oukitel_orange/drivers/misc/mediatek/mach/mt6735/include/mach/upmu_hw.h:183:0: note: this is the location of the previous definition
 #define MT6328_BUCK_ALL_CON18        ((MT6328_PMIC_REG_BASE+0x0418))
 ^
In file included from drivers/misc/mediatek/mach/mt6735/mt_cpufreq.c:64:0:
/home/satory-ra/Android/kernel/android_kernel_oukitel_orange/drivers/misc/mediatek/pmic_wrap/mt6735/pwrap_hal.h:600:0: warning: "MT6328_BUCK_ALL_CON19" redefined
 #define MT6328_BUCK_ALL_CON19        ((UINT32)(MT6328_PMIC_REG_BASE+0x041A))
 ^
In file included from /home/satory-ra/Android/kernel/android_kernel_oukitel_orange/drivers/misc/mediatek/mach/mt6735/include/mach/upmu_common.h:7:0,
                 from drivers/misc/mediatek/mach/mt6735/mt_cpufreq.c:61:
/home/satory-ra/Android/kernel/android_kernel_oukitel_orange/drivers/misc/mediatek/mach/mt6735/include/mach/upmu_hw.h:184:0: note: this is the location of the previous definition
 #define MT6328_BUCK_ALL_CON19        ((MT6328_PMIC_REG_BASE+0x041A))
 ^
In file included from drivers/misc/mediatek/mach/mt6735/mt_cpufreq.c:64:0:
/home/satory-ra/Android/kernel/android_kernel_oukitel_orange/drivers/misc/mediatek/pmic_wrap/mt6735/pwrap_hal.h:601:0: warning: "MT6328_BUCK_ALL_CON20" redefined
 #define MT6328_BUCK_ALL_CON20        ((UINT32)(MT6328_PMIC_REG_BASE+0x041C))
 ^
In file included from /home/satory-ra/Android/kernel/android_kernel_oukitel_orange/drivers/misc/mediatek/mach/mt6735/include/mach/upmu_common.h:7:0,
                 from drivers/misc/mediatek/mach/mt6735/mt_cpufreq.c:61:
/home/satory-ra/Android/kernel/android_kernel_oukitel_orange/drivers/misc/mediatek/mach/mt6735/include/mach/upmu_hw.h:185:0: note: this is the location of the previous definition
 #define MT6328_BUCK_ALL_CON20        ((MT6328_PMIC_REG_BASE+0x041C))
 ^
In file included from drivers/misc/mediatek/mach/mt6735/mt_cpufreq.c:64:0:
/home/satory-ra/Android/kernel/android_kernel_oukitel_orange/drivers/misc/mediatek/pmic_wrap/mt6735/pwrap_hal.h:602:0: warning: "MT6328_BUCK_ALL_CON21" redefined
 #define MT6328_BUCK_ALL_CON21        ((UINT32)(MT6328_PMIC_REG_BASE+0x041E))
 ^
In file included from /home/satory-ra/Android/kernel/android_kernel_oukitel_orange/drivers/misc/mediatek/mach/mt6735/include/mach/upmu_common.h:7:0,
                 from drivers/misc/mediatek/mach/mt6735/mt_cpufreq.c:61:
/home/satory-ra/Android/kernel/android_kernel_oukitel_orange/drivers/misc/mediatek/mach/mt6735/include/mach/upmu_hw.h:186:0: note: this is the location of the previous definition
 #define MT6328_BUCK_ALL_CON21        ((MT6328_PMIC_REG_BASE+0x041E))
 ^
In file included from drivers/misc/mediatek/mach/mt6735/mt_cpufreq.c:64:0:
/home/satory-ra/Android/kernel/android_kernel_oukitel_orange/drivers/misc/mediatek/pmic_wrap/mt6735/pwrap_hal.h:603:0: warning: "MT6328_BUCK_ALL_CON22" redefined
 #define MT6328_BUCK_ALL_CON22        ((UINT32)(MT6328_PMIC_REG_BASE+0x0420))
 ^
In file included from /home/satory-ra/Android/kernel/android_kernel_oukitel_orange/drivers/misc/mediatek/mach/mt6735/include/mach/upmu_common.h:7:0,
                 from drivers/misc/mediatek/mach/mt6735/mt_cpufreq.c:61:
/home/satory-ra/Android/kernel/android_kernel_oukitel_orange/drivers/misc/mediatek/mach/mt6735/include/mach/upmu_hw.h:187:0: note: this is the location of the previous definition
 #define MT6328_BUCK_ALL_CON22        ((MT6328_PMIC_REG_BASE+0x0420))
 ^
In file included from drivers/misc/mediatek/mach/mt6735/mt_cpufreq.c:64:0:
/home/satory-ra/Android/kernel/android_kernel_oukitel_orange/drivers/misc/mediatek/pmic_wrap/mt6735/pwrap_hal.h:604:0: warning: "MT6328_BUCK_ALL_CON23" redefined
 #define MT6328_BUCK_ALL_CON23        ((UINT32)(MT6328_PMIC_REG_BASE+0x0422))
 ^
In file included from /home/satory-ra/Android/kernel/android_kernel_oukitel_orange/drivers/misc/mediatek/mach/mt6735/include/mach/upmu_common.h:7:0,
                 from drivers/misc/mediatek/mach/mt6735/mt_cpufreq.c:61:
/home/satory-ra/Android/kernel/android_kernel_oukitel_orange/drivers/misc/mediatek/mach/mt6735/include/mach/upmu_hw.h:188:0: note: this is the location of the previous definition
 #define MT6328_BUCK_ALL_CON23        ((MT6328_PMIC_REG_BASE+0x0422))
 ^
In file included from drivers/misc/mediatek/mach/mt6735/mt_cpufreq.c:64:0:
/home/satory-ra/Android/kernel/android_kernel_oukitel_orange/drivers/misc/mediatek/pmic_wrap/mt6735/pwrap_hal.h:605:0: warning: "MT6328_BUCK_ALL_CON24" redefined
 #define MT6328_BUCK_ALL_CON24        ((UINT32)(MT6328_PMIC_REG_BASE+0x0424))
 ^
In file included from /home/satory-ra/Android/kernel/android_kernel_oukitel_orange/drivers/misc/mediatek/mach/mt6735/include/mach/upmu_common.h:7:0,
                 from drivers/misc/mediatek/mach/mt6735/mt_cpufreq.c:61:
/home/satory-ra/Android/kernel/android_kernel_oukitel_orange/drivers/misc/mediatek/mach/mt6735/include/mach/upmu_hw.h:189:0: note: this is the location of the previous definition
 #define MT6328_BUCK_ALL_CON24        ((MT6328_PMIC_REG_BASE+0x0424))
 ^
In file included from drivers/misc/mediatek/mach/mt6735/mt_cpufreq.c:64:0:
/home/satory-ra/Android/kernel/android_kernel_oukitel_orange/drivers/misc/mediatek/pmic_wrap/mt6735/pwrap_hal.h:606:0: warning: "MT6328_BUCK_ALL_CON25" redefined
 #define MT6328_BUCK_ALL_CON25        ((UINT32)(MT6328_PMIC_REG_BASE+0x0426))
 ^
In file included from /home/satory-ra/Android/kernel/android_kernel_oukitel_orange/drivers/misc/mediatek/mach/mt6735/include/mach/upmu_common.h:7:0,
                 from drivers/misc/mediatek/mach/mt6735/mt_cpufreq.c:61:
/home/satory-ra/Android/kernel/android_kernel_oukitel_orange/drivers/misc/mediatek/mach/mt6735/include/mach/upmu_hw.h:190:0: note: this is the location of the previous definition
 #define MT6328_BUCK_ALL_CON25        ((MT6328_PMIC_REG_BASE+0x0426))
 ^
In file included from drivers/misc/mediatek/mach/mt6735/mt_cpufreq.c:64:0:
/home/satory-ra/Android/kernel/android_kernel_oukitel_orange/drivers/misc/mediatek/pmic_wrap/mt6735/pwrap_hal.h:607:0: warning: "MT6328_BUCK_ALL_CON26" redefined
 #define MT6328_BUCK_ALL_CON26        ((UINT32)(MT6328_PMIC_REG_BASE+0x0428))
 ^
In file included from /home/satory-ra/Android/kernel/android_kernel_oukitel_orange/drivers/misc/mediatek/mach/mt6735/include/mach/upmu_common.h:7:0,
                 from drivers/misc/mediatek/mach/mt6735/mt_cpufreq.c:61:
/home/satory-ra/Android/kernel/android_kernel_oukitel_orange/drivers/misc/mediatek/mach/mt6735/include/mach/upmu_hw.h:191:0: note: this is the location of the previous definition
 #define MT6328_BUCK_ALL_CON26        ((MT6328_PMIC_REG_BASE+0x0428))
 ^
In file included from drivers/misc/mediatek/mach/mt6735/mt_cpufreq.c:64:0:
/home/satory-ra/Android/kernel/android_kernel_oukitel_orange/drivers/misc/mediatek/pmic_wrap/mt6735/pwrap_hal.h:608:0: warning: "MT6328_BUCK_ALL_CON27" redefined
 #define MT6328_BUCK_ALL_CON27        ((UINT32)(MT6328_PMIC_REG_BASE+0x042A))
 ^
In file included from /home/satory-ra/Android/kernel/android_kernel_oukitel_orange/drivers/misc/mediatek/mach/mt6735/include/mach/upmu_common.h:7:0,
                 from drivers/misc/mediatek/mach/mt6735/mt_cpufreq.c:61:
/home/satory-ra/Android/kernel/android_kernel_oukitel_orange/drivers/misc/mediatek/mach/mt6735/include/mach/upmu_hw.h:192:0: note: this is the location of the previous definition
 #define MT6328_BUCK_ALL_CON27        ((MT6328_PMIC_REG_BASE+0x042A))
 ^
In file included from drivers/misc/mediatek/mach/mt6735/mt_cpufreq.c:64:0:
/home/satory-ra/Android/kernel/android_kernel_oukitel_orange/drivers/misc/mediatek/pmic_wrap/mt6735/pwrap_hal.h:609:0: warning: "MT6328_BUCK_ALL_CON28" redefined
 #define MT6328_BUCK_ALL_CON28        ((UINT32)(MT6328_PMIC_REG_BASE+0x042C))
 ^
In file included from /home/satory-ra/Android/kernel/android_kernel_oukitel_orange/drivers/misc/mediatek/mach/mt6735/include/mach/upmu_common.h:7:0,
                 from drivers/misc/mediatek/mach/mt6735/mt_cpufreq.c:61:
/home/satory-ra/Android/kernel/android_kernel_oukitel_orange/drivers/misc/mediatek/mach/mt6735/include/mach/upmu_hw.h:193:0: note: this is the location of the previous definition
 #define MT6328_BUCK_ALL_CON28        ((MT6328_PMIC_REG_BASE+0x042C))
 ^
In file included from drivers/misc/mediatek/mach/mt6735/mt_cpufreq.c:64:0:
/home/satory-ra/Android/kernel/android_kernel_oukitel_orange/drivers/misc/mediatek/pmic_wrap/mt6735/pwrap_hal.h:610:0: warning: "MT6328_SMPS_TOP_ANA_CON0" redefined
 #define MT6328_SMPS_TOP_ANA_CON0     ((UINT32)(MT6328_PMIC_REG_BASE+0x042E))
 ^
In file included from /home/satory-ra/Android/kernel/android_kernel_oukitel_orange/drivers/misc/mediatek/mach/mt6735/include/mach/upmu_common.h:7:0,
                 from drivers/misc/mediatek/mach/mt6735/mt_cpufreq.c:61:
/home/satory-ra/Android/kernel/android_kernel_oukitel_orange/drivers/misc/mediatek/mach/mt6735/include/mach/upmu_hw.h:194:0: note: this is the location of the previous definition
 #define MT6328_SMPS_TOP_ANA_CON0     ((MT6328_PMIC_REG_BASE+0x042E))
 ^
In file included from drivers/misc/mediatek/mach/mt6735/mt_cpufreq.c:64:0:
/home/satory-ra/Android/kernel/android_kernel_oukitel_orange/drivers/misc/mediatek/pmic_wrap/mt6735/pwrap_hal.h:611:0: warning: "MT6328_SMPS_TOP_ANA_CON1" redefined
 #define MT6328_SMPS_TOP_ANA_CON1     ((UINT32)(MT6328_PMIC_REG_BASE+0x0430))
 ^
In file included from /home/satory-ra/Android/kernel/android_kernel_oukitel_orange/drivers/misc/mediatek/mach/mt6735/include/mach/upmu_common.h:7:0,
                 from drivers/misc/mediatek/mach/mt6735/mt_cpufreq.c:61:
/home/satory-ra/Android/kernel/android_kernel_oukitel_orange/drivers/misc/mediatek/mach/mt6735/include/mach/upmu_hw.h:195:0: note: this is the location of the previous definition
 #define MT6328_SMPS_TOP_ANA_CON1     ((MT6328_PMIC_REG_BASE+0x0430))
 ^
In file included from drivers/misc/mediatek/mach/mt6735/mt_cpufreq.c:64:0:
/home/satory-ra/Android/kernel/android_kernel_oukitel_orange/drivers/misc/mediatek/pmic_wrap/mt6735/pwrap_hal.h:612:0: warning: "MT6328_SMPS_TOP_ANA_CON2" redefined
 #define MT6328_SMPS_TOP_ANA_CON2     ((UINT32)(MT6328_PMIC_REG_BASE+0x0432))
 ^
In file included from drivers/video/fbmon.c:29:0:
include/linux/fb.h:26:0: warning: "CONFIG_DMA_SHARED_BUFFER" redefined
 #define CONFIG_DMA_SHARED_BUFFER
 ^
In file included from /home/satory-ra/Android/kernel/android_kernel_oukitel_orange/include/linux/kconfig.h:4:0,
                 from <command-line>:0:
include/generated/autoconf.h:920:0: note: this is the location of the previous definition
 #define CONFIG_DMA_SHARED_BUFFER 1
 ^
In file included from /home/satory-ra/Android/kernel/android_kernel_oukitel_orange/drivers/misc/mediatek/mach/mt6735/include/mach/upmu_common.h:7:0,
                 from drivers/misc/mediatek/mach/mt6735/mt_cpufreq.c:61:
/home/satory-ra/Android/kernel/android_kernel_oukitel_orange/drivers/misc/mediatek/mach/mt6735/include/mach/upmu_hw.h:196:0: note: this is the location of the previous definition
 #define MT6328_SMPS_TOP_ANA_CON2     ((MT6328_PMIC_REG_BASE+0x0432))
 ^
In file included from drivers/misc/mediatek/mach/mt6735/mt_cpufreq.c:64:0:
/home/satory-ra/Android/kernel/android_kernel_oukitel_orange/drivers/misc/mediatek/pmic_wrap/mt6735/pwrap_hal.h:613:0: warning: "MT6328_SMPS_TOP_ANA_CON3" redefined
 #define MT6328_SMPS_TOP_ANA_CON3     ((UINT32)(MT6328_PMIC_REG_BASE+0x0434))
 ^
In file included from /home/satory-ra/Android/kernel/android_kernel_oukitel_orange/drivers/misc/mediatek/mach/mt6735/include/mach/upmu_common.h:7:0,
                 from drivers/misc/mediatek/mach/mt6735/mt_cpufreq.c:61:
/home/satory-ra/Android/kernel/android_kernel_oukitel_orange/drivers/misc/mediatek/mach/mt6735/include/mach/upmu_hw.h:197:0: note: this is the location of the previous definition
 #define MT6328_SMPS_TOP_ANA_CON3     ((MT6328_PMIC_REG_BASE+0x0434))
 ^
In file included from drivers/misc/mediatek/mach/mt6735/mt_cpufreq.c:64:0:
/home/satory-ra/Android/kernel/android_kernel_oukitel_orange/drivers/misc/mediatek/pmic_wrap/mt6735/pwrap_hal.h:614:0: warning: "MT6328_SMPS_TOP_ANA_CON4" redefined
 #define MT6328_SMPS_TOP_ANA_CON4     ((UINT32)(MT6328_PMIC_REG_BASE+0x0436))
 ^
In file included from /home/satory-ra/Android/kernel/android_kernel_oukitel_orange/drivers/misc/mediatek/mach/mt6735/include/mach/upmu_common.h:7:0,
                 from drivers/misc/mediatek/mach/mt6735/mt_cpufreq.c:61:
/home/satory-ra/Android/kernel/android_kernel_oukitel_orange/drivers/misc/mediatek/mach/mt6735/include/mach/upmu_hw.h:198:0: note: this is the location of the previous definition
 #define MT6328_SMPS_TOP_ANA_CON4     ((MT6328_PMIC_REG_BASE+0x0436))
 ^
In file included from drivers/misc/mediatek/mach/mt6735/mt_cpufreq.c:64:0:
/home/satory-ra/Android/kernel/android_kernel_oukitel_orange/drivers/misc/mediatek/pmic_wrap/mt6735/pwrap_hal.h:615:0: warning: "MT6328_SMPS_TOP_ANA_CON5" redefined
 #define MT6328_SMPS_TOP_ANA_CON5     ((UINT32)(MT6328_PMIC_REG_BASE+0x0438))
 ^
In file included from /home/satory-ra/Android/kernel/android_kernel_oukitel_orange/drivers/misc/mediatek/mach/mt6735/include/mach/upmu_common.h:7:0,
                 from drivers/misc/mediatek/mach/mt6735/mt_cpufreq.c:61:
/home/satory-ra/Android/kernel/android_kernel_oukitel_orange/drivers/misc/mediatek/mach/mt6735/include/mach/upmu_hw.h:199:0: note: this is the location of the previous definition
 #define MT6328_SMPS_TOP_ANA_CON5     ((MT6328_PMIC_REG_BASE+0x0438))
 ^
In file included from drivers/misc/mediatek/mach/mt6735/mt_cpufreq.c:64:0:
/home/satory-ra/Android/kernel/android_kernel_oukitel_orange/drivers/misc/mediatek/pmic_wrap/mt6735/pwrap_hal.h:616:0: warning: "MT6328_SMPS_TOP_ANA_CON6" redefined
 #define MT6328_SMPS_TOP_ANA_CON6     ((UINT32)(MT6328_PMIC_REG_BASE+0x043A))
 ^
In file included from /home/satory-ra/Android/kernel/android_kernel_oukitel_orange/drivers/misc/mediatek/mach/mt6735/include/mach/upmu_common.h:7:0,
                 from drivers/misc/mediatek/mach/mt6735/mt_cpufreq.c:61:
/home/satory-ra/Android/kernel/android_kernel_oukitel_orange/drivers/misc/mediatek/mach/mt6735/include/mach/upmu_hw.h:200:0: note: this is the location of the previous definition
 #define MT6328_SMPS_TOP_ANA_CON6     ((MT6328_PMIC_REG_BASE+0x043A))
 ^
In file included from drivers/misc/mediatek/mach/mt6735/mt_cpufreq.c:64:0:
/home/satory-ra/Android/kernel/android_kernel_oukitel_orange/drivers/misc/mediatek/pmic_wrap/mt6735/pwrap_hal.h:617:0: warning: "MT6328_SMPS_TOP_ANA_CON7" redefined
 #define MT6328_SMPS_TOP_ANA_CON7     ((UINT32)(MT6328_PMIC_REG_BASE+0x043C))
 ^
  CC      drivers/usb/core/port.o
In file included from /home/satory-ra/Android/kernel/android_kernel_oukitel_orange/drivers/misc/mediatek/mach/mt6735/include/mach/upmu_common.h:7:0,
                 from drivers/misc/mediatek/mach/mt6735/mt_cpufreq.c:61:
/home/satory-ra/Android/kernel/android_kernel_oukitel_orange/drivers/misc/mediatek/mach/mt6735/include/mach/upmu_hw.h:201:0: note: this is the location of the previous definition
 #define MT6328_SMPS_TOP_ANA_CON7     ((MT6328_PMIC_REG_BASE+0x043C))
 ^
In file included from drivers/misc/mediatek/mach/mt6735/mt_cpufreq.c:64:0:
/home/satory-ra/Android/kernel/android_kernel_oukitel_orange/drivers/misc/mediatek/pmic_wrap/mt6735/pwrap_hal.h:618:0: warning: "MT6328_SMPS_TOP_ANA_CON8" redefined
 #define MT6328_SMPS_TOP_ANA_CON8     ((UINT32)(MT6328_PMIC_REG_BASE+0x043E))
 ^
In file included from /home/satory-ra/Android/kernel/android_kernel_oukitel_orange/drivers/misc/mediatek/mach/mt6735/include/mach/upmu_common.h:7:0,
                 from drivers/misc/mediatek/mach/mt6735/mt_cpufreq.c:61:
/home/satory-ra/Android/kernel/android_kernel_oukitel_orange/drivers/misc/mediatek/mach/mt6735/include/mach/upmu_hw.h:202:0: note: this is the location of the previous definition
 #define MT6328_SMPS_TOP_ANA_CON8     ((MT6328_PMIC_REG_BASE+0x043E))
 ^
In file included from drivers/misc/mediatek/mach/mt6735/mt_cpufreq.c:64:0:
/home/satory-ra/Android/kernel/android_kernel_oukitel_orange/drivers/misc/mediatek/pmic_wrap/mt6735/pwrap_hal.h:619:0: warning: "MT6328_VCORE_ANA_CON0" redefined
 #define MT6328_VCORE_ANA_CON0        ((UINT32)(MT6328_PMIC_REG_BASE+0x0440))
 ^
In file included from /home/satory-ra/Android/kernel/android_kernel_oukitel_orange/drivers/misc/mediatek/mach/mt6735/include/mach/upmu_common.h:7:0,
                 from drivers/misc/mediatek/mach/mt6735/mt_cpufreq.c:61:
/home/satory-ra/Android/kernel/android_kernel_oukitel_orange/drivers/misc/mediatek/mach/mt6735/include/mach/upmu_hw.h:203:0: note: this is the location of the previous definition
 #define MT6328_VCORE_ANA_CON0        ((MT6328_PMIC_REG_BASE+0x0440))
 ^
In file included from drivers/misc/mediatek/mach/mt6735/mt_cpufreq.c:64:0:
/home/satory-ra/Android/kernel/android_kernel_oukitel_orange/drivers/misc/mediatek/pmic_wrap/mt6735/pwrap_hal.h:620:0: warning: "MT6328_VCORE_ANA_CON1" redefined
 #define MT6328_VCORE_ANA_CON1        ((UINT32)(MT6328_PMIC_REG_BASE+0x0442))
 ^
In file included from /home/satory-ra/Android/kernel/android_kernel_oukitel_orange/drivers/misc/mediatek/mach/mt6735/include/mach/upmu_common.h:7:0,
                 from drivers/misc/mediatek/mach/mt6735/mt_cpufreq.c:61:
/home/satory-ra/Android/kernel/android_kernel_oukitel_orange/drivers/misc/mediatek/mach/mt6735/include/mach/upmu_hw.h:204:0: note: this is the location of the previous definition
 #define MT6328_VCORE_ANA_CON1        ((MT6328_PMIC_REG_BASE+0x0442))
 ^
In file included from drivers/misc/mediatek/mach/mt6735/mt_cpufreq.c:64:0:
/home/satory-ra/Android/kernel/android_kernel_oukitel_orange/drivers/misc/mediatek/pmic_wrap/mt6735/pwrap_hal.h:621:0: warning: "MT6328_VCORE_ANA_CON2" redefined
 #define MT6328_VCORE_ANA_CON2        ((UINT32)(MT6328_PMIC_REG_BASE+0x0444))
 ^
In file included from /home/satory-ra/Android/kernel/android_kernel_oukitel_orange/drivers/misc/mediatek/mach/mt6735/include/mach/upmu_common.h:7:0,
                 from drivers/misc/mediatek/mach/mt6735/mt_cpufreq.c:61:
/home/satory-ra/Android/kernel/android_kernel_oukitel_orange/drivers/misc/mediatek/mach/mt6735/include/mach/upmu_hw.h:205:0: note: this is the location of the previous definition
 #define MT6328_VCORE_ANA_CON2        ((MT6328_PMIC_REG_BASE+0x0444))
 ^
In file included from drivers/misc/mediatek/mach/mt6735/mt_cpufreq.c:64:0:
/home/satory-ra/Android/kernel/android_kernel_oukitel_orange/drivers/misc/mediatek/pmic_wrap/mt6735/pwrap_hal.h:622:0: warning: "MT6328_VCORE_ANA_CON3" redefined
 #define MT6328_VCORE_ANA_CON3        ((UINT32)(MT6328_PMIC_REG_BASE+0x0446))
 ^
In file included from /home/satory-ra/Android/kernel/android_kernel_oukitel_orange/drivers/misc/mediatek/mach/mt6735/include/mach/upmu_common.h:7:0,
                 from drivers/misc/mediatek/mach/mt6735/mt_cpufreq.c:61:
/home/satory-ra/Android/kernel/android_kernel_oukitel_orange/drivers/misc/mediatek/mach/mt6735/include/mach/upmu_hw.h:206:0: note: this is the location of the previous definition
 #define MT6328_VCORE_ANA_CON3        ((MT6328_PMIC_REG_BASE+0x0446))
 ^
In file included from drivers/misc/mediatek/mach/mt6735/mt_cpufreq.c:64:0:
/home/satory-ra/Android/kernel/android_kernel_oukitel_orange/drivers/misc/mediatek/pmic_wrap/mt6735/pwrap_hal.h:623:0: warning: "MT6328_VCORE_ANA_CON4" redefined
 #define MT6328_VCORE_ANA_CON4        ((UINT32)(MT6328_PMIC_REG_BASE+0x0448))
 ^
In file included from /home/satory-ra/Android/kernel/android_kernel_oukitel_orange/drivers/misc/mediatek/mach/mt6735/include/mach/upmu_common.h:7:0,
                 from drivers/misc/mediatek/mach/mt6735/mt_cpufreq.c:61:
/home/satory-ra/Android/kernel/android_kernel_oukitel_orange/drivers/misc/mediatek/mach/mt6735/include/mach/upmu_hw.h:207:0: note: this is the location of the previous definition
 #define MT6328_VCORE_ANA_CON4        ((MT6328_PMIC_REG_BASE+0x0448))
 ^
In file included from drivers/misc/mediatek/mach/mt6735/mt_cpufreq.c:64:0:
/home/satory-ra/Android/kernel/android_kernel_oukitel_orange/drivers/misc/mediatek/pmic_wrap/mt6735/pwrap_hal.h:624:0: warning: "MT6328_VSYS22_ANA_CON0" redefined
 #define MT6328_VSYS22_ANA_CON0       ((UINT32)(MT6328_PMIC_REG_BASE+0x044A))
 ^
In file included from /home/satory-ra/Android/kernel/android_kernel_oukitel_orange/drivers/misc/mediatek/mach/mt6735/include/mach/upmu_common.h:7:0,
                 from drivers/misc/mediatek/mach/mt6735/mt_cpufreq.c:61:
/home/satory-ra/Android/kernel/android_kernel_oukitel_orange/drivers/misc/mediatek/mach/mt6735/include/mach/upmu_hw.h:208:0: note: this is the location of the previous definition
 #define MT6328_VSYS22_ANA_CON0       ((MT6328_PMIC_REG_BASE+0x044A))
 ^
In file included from drivers/misc/mediatek/mach/mt6735/mt_cpufreq.c:64:0:
/home/satory-ra/Android/kernel/android_kernel_oukitel_orange/drivers/misc/mediatek/pmic_wrap/mt6735/pwrap_hal.h:625:0: warning: "MT6328_VSYS22_ANA_CON1" redefined
 #define MT6328_VSYS22_ANA_CON1       ((UINT32)(MT6328_PMIC_REG_BASE+0x044C))
 ^
In file included from /home/satory-ra/Android/kernel/android_kernel_oukitel_orange/drivers/misc/mediatek/mach/mt6735/include/mach/upmu_common.h:7:0,
                 from drivers/misc/mediatek/mach/mt6735/mt_cpufreq.c:61:
/home/satory-ra/Android/kernel/android_kernel_oukitel_orange/drivers/misc/mediatek/mach/mt6735/include/mach/upmu_hw.h:209:0: note: this is the location of the previous definition
 #define MT6328_VSYS22_ANA_CON1       ((MT6328_PMIC_REG_BASE+0x044C))
 ^
In file included from drivers/misc/mediatek/mach/mt6735/mt_cpufreq.c:64:0:
/home/satory-ra/Android/kernel/android_kernel_oukitel_orange/drivers/misc/mediatek/pmic_wrap/mt6735/pwrap_hal.h:626:0: warning: "MT6328_VSYS22_ANA_CON2" redefined
 #define MT6328_VSYS22_ANA_CON2       ((UINT32)(MT6328_PMIC_REG_BASE+0x044E))
 ^
In file included from /home/satory-ra/Android/kernel/android_kernel_oukitel_orange/drivers/misc/mediatek/mach/mt6735/include/mach/upmu_common.h:7:0,
                 from drivers/misc/mediatek/mach/mt6735/mt_cpufreq.c:61:
/home/satory-ra/Android/kernel/android_kernel_oukitel_orange/drivers/misc/mediatek/mach/mt6735/include/mach/upmu_hw.h:210:0: note: this is the location of the previous definition
 #define MT6328_VSYS22_ANA_CON2       ((MT6328_PMIC_REG_BASE+0x044E))
 ^
In file included from drivers/misc/mediatek/mach/mt6735/mt_cpufreq.c:64:0:
/home/satory-ra/Android/kernel/android_kernel_oukitel_orange/drivers/misc/mediatek/pmic_wrap/mt6735/pwrap_hal.h:627:0: warning: "MT6328_VSYS22_ANA_CON3" redefined
 #define MT6328_VSYS22_ANA_CON3       ((UINT32)(MT6328_PMIC_REG_BASE+0x0450))
 ^
In file included from /home/satory-ra/Android/kernel/android_kernel_oukitel_orange/drivers/misc/mediatek/mach/mt6735/include/mach/upmu_common.h:7:0,
                 from drivers/misc/mediatek/mach/mt6735/mt_cpufreq.c:61:
/home/satory-ra/Android/kernel/android_kernel_oukitel_orange/drivers/misc/mediatek/mach/mt6735/include/mach/upmu_hw.h:211:0: note: this is the location of the previous definition
 #define MT6328_VSYS22_ANA_CON3       ((MT6328_PMIC_REG_BASE+0x0450))
 ^
In file included from drivers/misc/mediatek/mach/mt6735/mt_cpufreq.c:64:0:
/home/satory-ra/Android/kernel/android_kernel_oukitel_orange/drivers/misc/mediatek/pmic_wrap/mt6735/pwrap_hal.h:628:0: warning: "MT6328_VSYS22_ANA_CON4" redefined
 #define MT6328_VSYS22_ANA_CON4       ((UINT32)(MT6328_PMIC_REG_BASE+0x0452))
 ^
In file included from /home/satory-ra/Android/kernel/android_kernel_oukitel_orange/drivers/misc/mediatek/mach/mt6735/include/mach/upmu_common.h:7:0,
                 from drivers/misc/mediatek/mach/mt6735/mt_cpufreq.c:61:
/home/satory-ra/Android/kernel/android_kernel_oukitel_orange/drivers/misc/mediatek/mach/mt6735/include/mach/upmu_hw.h:212:0: note: this is the location of the previous definition
 #define MT6328_VSYS22_ANA_CON4       ((MT6328_PMIC_REG_BASE+0x0452))
 ^
In file included from drivers/misc/mediatek/mach/mt6735/mt_cpufreq.c:64:0:
/home/satory-ra/Android/kernel/android_kernel_oukitel_orange/drivers/misc/mediatek/pmic_wrap/mt6735/pwrap_hal.h:629:0: warning: "MT6328_VPROC_ANA_CON0" redefined
 #define MT6328_VPROC_ANA_CON0        ((UINT32)(MT6328_PMIC_REG_BASE+0x0454))
 ^
In file included from /home/satory-ra/Android/kernel/android_kernel_oukitel_orange/drivers/misc/mediatek/mach/mt6735/include/mach/upmu_common.h:7:0,
                 from drivers/misc/mediatek/mach/mt6735/mt_cpufreq.c:61:
/home/satory-ra/Android/kernel/android_kernel_oukitel_orange/drivers/misc/mediatek/mach/mt6735/include/mach/upmu_hw.h:213:0: note: this is the location of the previous definition
 #define MT6328_VPROC_ANA_CON0        ((MT6328_PMIC_REG_BASE+0x0454))
 ^
In file included from drivers/misc/mediatek/mach/mt6735/mt_cpufreq.c:64:0:
/home/satory-ra/Android/kernel/android_kernel_oukitel_orange/drivers/misc/mediatek/pmic_wrap/mt6735/pwrap_hal.h:630:0: warning: "MT6328_VPROC_ANA_CON1" redefined
 #define MT6328_VPROC_ANA_CON1        ((UINT32)(MT6328_PMIC_REG_BASE+0x0456))
 ^
In file included from /home/satory-ra/Android/kernel/android_kernel_oukitel_orange/drivers/misc/mediatek/mach/mt6735/include/mach/upmu_common.h:7:0,
                 from drivers/misc/mediatek/mach/mt6735/mt_cpufreq.c:61:
/home/satory-ra/Android/kernel/android_kernel_oukitel_orange/drivers/misc/mediatek/mach/mt6735/include/mach/upmu_hw.h:214:0: note: this is the location of the previous definition
 #define MT6328_VPROC_ANA_CON1        ((MT6328_PMIC_REG_BASE+0x0456))
 ^
In file included from drivers/misc/mediatek/mach/mt6735/mt_cpufreq.c:64:0:
/home/satory-ra/Android/kernel/android_kernel_oukitel_orange/drivers/misc/mediatek/pmic_wrap/mt6735/pwrap_hal.h:631:0: warning: "MT6328_VPROC_ANA_CON2" redefined
 #define MT6328_VPROC_ANA_CON2        ((UINT32)(MT6328_PMIC_REG_BASE+0x0458))
 ^
In file included from /home/satory-ra/Android/kernel/android_kernel_oukitel_orange/drivers/misc/mediatek/mach/mt6735/include/mach/upmu_common.h:7:0,
                 from drivers/misc/mediatek/mach/mt6735/mt_cpufreq.c:61:
/home/satory-ra/Android/kernel/android_kernel_oukitel_orange/drivers/misc/mediatek/mach/mt6735/include/mach/upmu_hw.h:215:0: note: this is the location of the previous definition
 #define MT6328_VPROC_ANA_CON2        ((MT6328_PMIC_REG_BASE+0x0458))
 ^
In file included from drivers/misc/mediatek/mach/mt6735/mt_cpufreq.c:64:0:
/home/satory-ra/Android/kernel/android_kernel_oukitel_orange/drivers/misc/mediatek/pmic_wrap/mt6735/pwrap_hal.h:632:0: warning: "MT6328_VPROC_ANA_CON3" redefined
 #define MT6328_VPROC_ANA_CON3        ((UINT32)(MT6328_PMIC_REG_BASE+0x045A))
 ^
In file included from /home/satory-ra/Android/kernel/android_kernel_oukitel_orange/drivers/misc/mediatek/mach/mt6735/include/mach/upmu_common.h:7:0,
                 from drivers/misc/mediatek/mach/mt6735/mt_cpufreq.c:61:
/home/satory-ra/Android/kernel/android_kernel_oukitel_orange/drivers/misc/mediatek/mach/mt6735/include/mach/upmu_hw.h:216:0: note: this is the location of the previous definition
 #define MT6328_VPROC_ANA_CON3        ((MT6328_PMIC_REG_BASE+0x045A))
 ^
In file included from drivers/misc/mediatek/mach/mt6735/mt_cpufreq.c:64:0:
/home/satory-ra/Android/kernel/android_kernel_oukitel_orange/drivers/misc/mediatek/pmic_wrap/mt6735/pwrap_hal.h:633:0: warning: "MT6328_VPROC_ANA_CON4" redefined
 #define MT6328_VPROC_ANA_CON4        ((UINT32)(MT6328_PMIC_REG_BASE+0x045C))
 ^
In file included from /home/satory-ra/Android/kernel/android_kernel_oukitel_orange/drivers/misc/mediatek/mach/mt6735/include/mach/upmu_common.h:7:0,
                 from drivers/misc/mediatek/mach/mt6735/mt_cpufreq.c:61:
/home/satory-ra/Android/kernel/android_kernel_oukitel_orange/drivers/misc/mediatek/mach/mt6735/include/mach/upmu_hw.h:217:0: note: this is the location of the previous definition
 #define MT6328_VPROC_ANA_CON4        ((MT6328_PMIC_REG_BASE+0x045C))
 ^
In file included from drivers/misc/mediatek/mach/mt6735/mt_cpufreq.c:64:0:
/home/satory-ra/Android/kernel/android_kernel_oukitel_orange/drivers/misc/mediatek/pmic_wrap/mt6735/pwrap_hal.h:634:0: warning: "MT6328_OSC32_ANA_CON0" redefined
 #define MT6328_OSC32_ANA_CON0        ((UINT32)(MT6328_PMIC_REG_BASE+0x045E))
 ^
In file included from /home/satory-ra/Android/kernel/android_kernel_oukitel_orange/drivers/misc/mediatek/mach/mt6735/include/mach/upmu_common.h:7:0,
                 from drivers/misc/mediatek/mach/mt6735/mt_cpufreq.c:61:
/home/satory-ra/Android/kernel/android_kernel_oukitel_orange/drivers/misc/mediatek/mach/mt6735/include/mach/upmu_hw.h:218:0: note: this is the location of the previous definition
 #define MT6328_OSC32_ANA_CON0        ((MT6328_PMIC_REG_BASE+0x045E))
 ^
In file included from drivers/misc/mediatek/mach/mt6735/mt_cpufreq.c:64:0:
/home/satory-ra/Android/kernel/android_kernel_oukitel_orange/drivers/misc/mediatek/pmic_wrap/mt6735/pwrap_hal.h:635:0: warning: "MT6328_OSC32_ANA_CON1" redefined
 #define MT6328_OSC32_ANA_CON1        ((UINT32)(MT6328_PMIC_REG_BASE+0x0460))
 ^
In file included from /home/satory-ra/Android/kernel/android_kernel_oukitel_orange/drivers/misc/mediatek/mach/mt6735/include/mach/upmu_common.h:7:0,
                 from drivers/misc/mediatek/mach/mt6735/mt_cpufreq.c:61:
/home/satory-ra/Android/kernel/android_kernel_oukitel_orange/drivers/misc/mediatek/mach/mt6735/include/mach/upmu_hw.h:219:0: note: this is the location of the previous definition
 #define MT6328_OSC32_ANA_CON1        ((MT6328_PMIC_REG_BASE+0x0460))
 ^
In file included from drivers/misc/mediatek/mach/mt6735/mt_cpufreq.c:64:0:
/home/satory-ra/Android/kernel/android_kernel_oukitel_orange/drivers/misc/mediatek/pmic_wrap/mt6735/pwrap_hal.h:636:0: warning: "MT6328_VPA_ANA_CON0" redefined
 #define MT6328_VPA_ANA_CON0          ((UINT32)(MT6328_PMIC_REG_BASE+0x0462))
 ^
In file included from /home/satory-ra/Android/kernel/android_kernel_oukitel_orange/drivers/misc/mediatek/mach/mt6735/include/mach/upmu_common.h:7:0,
                 from drivers/misc/mediatek/mach/mt6735/mt_cpufreq.c:61:
/home/satory-ra/Android/kernel/android_kernel_oukitel_orange/drivers/misc/mediatek/mach/mt6735/include/mach/upmu_hw.h:220:0: note: this is the location of the previous definition
 #define MT6328_VPA_ANA_CON0          ((MT6328_PMIC_REG_BASE+0x0462))
 ^
In file included from drivers/misc/mediatek/mach/mt6735/mt_cpufreq.c:64:0:
/home/satory-ra/Android/kernel/android_kernel_oukitel_orange/drivers/misc/mediatek/pmic_wrap/mt6735/pwrap_hal.h:637:0: warning: "MT6328_VPA_ANA_CON1" redefined
 #define MT6328_VPA_ANA_CON1          ((UINT32)(MT6328_PMIC_REG_BASE+0x0464))
 ^
In file included from /home/satory-ra/Android/kernel/android_kernel_oukitel_orange/drivers/misc/mediatek/mach/mt6735/include/mach/upmu_common.h:7:0,
                 from drivers/misc/mediatek/mach/mt6735/mt_cpufreq.c:61:
/home/satory-ra/Android/kernel/android_kernel_oukitel_orange/drivers/misc/mediatek/mach/mt6735/include/mach/upmu_hw.h:221:0: note: this is the location of the previous definition
 #define MT6328_VPA_ANA_CON1          ((MT6328_PMIC_REG_BASE+0x0464))
 ^
In file included from drivers/misc/mediatek/mach/mt6735/mt_cpufreq.c:64:0:
/home/satory-ra/Android/kernel/android_kernel_oukitel_orange/drivers/misc/mediatek/pmic_wrap/mt6735/pwrap_hal.h:638:0: warning: "MT6328_VPA_ANA_CON2" redefined
 #define MT6328_VPA_ANA_CON2          ((UINT32)(MT6328_PMIC_REG_BASE+0x0466))
 ^
In file included from /home/satory-ra/Android/kernel/android_kernel_oukitel_orange/drivers/misc/mediatek/mach/mt6735/include/mach/upmu_common.h:7:0,
                 from drivers/misc/mediatek/mach/mt6735/mt_cpufreq.c:61:
/home/satory-ra/Android/kernel/android_kernel_oukitel_orange/drivers/misc/mediatek/mach/mt6735/include/mach/upmu_hw.h:222:0: note: this is the location of the previous definition
 #define MT6328_VPA_ANA_CON2          ((MT6328_PMIC_REG_BASE+0x0466))
 ^
In file included from drivers/misc/mediatek/mach/mt6735/mt_cpufreq.c:64:0:
/home/satory-ra/Android/kernel/android_kernel_oukitel_orange/drivers/misc/mediatek/pmic_wrap/mt6735/pwrap_hal.h:639:0: warning: "MT6328_VPA_ANA_CON3" redefined
 #define MT6328_VPA_ANA_CON3          ((UINT32)(MT6328_PMIC_REG_BASE+0x0468))
 ^
In file included from /home/satory-ra/Android/kernel/android_kernel_oukitel_orange/drivers/misc/mediatek/mach/mt6735/include/mach/upmu_common.h:7:0,
                 from drivers/misc/mediatek/mach/mt6735/mt_cpufreq.c:61:
/home/satory-ra/Android/kernel/android_kernel_oukitel_orange/drivers/misc/mediatek/mach/mt6735/include/mach/upmu_hw.h:223:0: note: this is the location of the previous definition
 #define MT6328_VPA_ANA_CON3          ((MT6328_PMIC_REG_BASE+0x0468))
 ^
In file included from drivers/misc/mediatek/mach/mt6735/mt_cpufreq.c:64:0:
/home/satory-ra/Android/kernel/android_kernel_oukitel_orange/drivers/misc/mediatek/pmic_wrap/mt6735/pwrap_hal.h:640:0: warning: "MT6328_VLTE_ANA_CON0" redefined
 #define MT6328_VLTE_ANA_CON0         ((UINT32)(MT6328_PMIC_REG_BASE+0x046A))
 ^
In file included from /home/satory-ra/Android/kernel/android_kernel_oukitel_orange/drivers/misc/mediatek/mach/mt6735/include/mach/upmu_common.h:7:0,
                 from drivers/misc/mediatek/mach/mt6735/mt_cpufreq.c:61:
/home/satory-ra/Android/kernel/android_kernel_oukitel_orange/drivers/misc/mediatek/mach/mt6735/include/mach/upmu_hw.h:224:0: note: this is the location of the previous definition
 #define MT6328_VLTE_ANA_CON0         ((MT6328_PMIC_REG_BASE+0x046A))
 ^
In file included from drivers/misc/mediatek/mach/mt6735/mt_cpufreq.c:64:0:
/home/satory-ra/Android/kernel/android_kernel_oukitel_orange/drivers/misc/mediatek/pmic_wrap/mt6735/pwrap_hal.h:641:0: warning: "MT6328_VLTE_ANA_CON1" redefined
 #define MT6328_VLTE_ANA_CON1         ((UINT32)(MT6328_PMIC_REG_BASE+0x046C))
 ^
In file included from /home/satory-ra/Android/kernel/android_kernel_oukitel_orange/drivers/misc/mediatek/mach/mt6735/include/mach/upmu_common.h:7:0,
                 from drivers/misc/mediatek/mach/mt6735/mt_cpufreq.c:61:
/home/satory-ra/Android/kernel/android_kernel_oukitel_orange/drivers/misc/mediatek/mach/mt6735/include/mach/upmu_hw.h:225:0: note: this is the location of the previous definition
 #define MT6328_VLTE_ANA_CON1         ((MT6328_PMIC_REG_BASE+0x046C))
 ^
In file included from drivers/misc/mediatek/mach/mt6735/mt_cpufreq.c:64:0:
/home/satory-ra/Android/kernel/android_kernel_oukitel_orange/drivers/misc/mediatek/pmic_wrap/mt6735/pwrap_hal.h:642:0: warning: "MT6328_VLTE_ANA_CON2" redefined
 #define MT6328_VLTE_ANA_CON2         ((UINT32)(MT6328_PMIC_REG_BASE+0x046E))
 ^
In file included from /home/satory-ra/Android/kernel/android_kernel_oukitel_orange/drivers/misc/mediatek/mach/mt6735/include/mach/upmu_common.h:7:0,
                 from drivers/misc/mediatek/mach/mt6735/mt_cpufreq.c:61:
/home/satory-ra/Android/kernel/android_kernel_oukitel_orange/drivers/misc/mediatek/mach/mt6735/include/mach/upmu_hw.h:226:0: note: this is the location of the previous definition
 #define MT6328_VLTE_ANA_CON2         ((MT6328_PMIC_REG_BASE+0x046E))
 ^
In file included from drivers/misc/mediatek/mach/mt6735/mt_cpufreq.c:64:0:
/home/satory-ra/Android/kernel/android_kernel_oukitel_orange/drivers/misc/mediatek/pmic_wrap/mt6735/pwrap_hal.h:643:0: warning: "MT6328_VLTE_ANA_CON3" redefined
 #define MT6328_VLTE_ANA_CON3         ((UINT32)(MT6328_PMIC_REG_BASE+0x0470))
 ^
In file included from /home/satory-ra/Android/kernel/android_kernel_oukitel_orange/drivers/misc/mediatek/mach/mt6735/include/mach/upmu_common.h:7:0,
                 from drivers/misc/mediatek/mach/mt6735/mt_cpufreq.c:61:
/home/satory-ra/Android/kernel/android_kernel_oukitel_orange/drivers/misc/mediatek/mach/mt6735/include/mach/upmu_hw.h:227:0: note: this is the location of the previous definition
 #define MT6328_VLTE_ANA_CON3         ((MT6328_PMIC_REG_BASE+0x0470))
 ^
In file included from drivers/misc/mediatek/mach/mt6735/mt_cpufreq.c:64:0:
/home/satory-ra/Android/kernel/android_kernel_oukitel_orange/drivers/misc/mediatek/pmic_wrap/mt6735/pwrap_hal.h:644:0: warning: "MT6328_VLTE_ANA_CON4" redefined
 #define MT6328_VLTE_ANA_CON4         ((UINT32)(MT6328_PMIC_REG_BASE+0x0472))
 ^
In file included from /home/satory-ra/Android/kernel/android_kernel_oukitel_orange/drivers/misc/mediatek/mach/mt6735/include/mach/upmu_common.h:7:0,
                 from drivers/misc/mediatek/mach/mt6735/mt_cpufreq.c:61:
/home/satory-ra/Android/kernel/android_kernel_oukitel_orange/drivers/misc/mediatek/mach/mt6735/include/mach/upmu_hw.h:228:0: note: this is the location of the previous definition
 #define MT6328_VLTE_ANA_CON4         ((MT6328_PMIC_REG_BASE+0x0472))
 ^
In file included from drivers/misc/mediatek/mach/mt6735/mt_cpufreq.c:64:0:
/home/satory-ra/Android/kernel/android_kernel_oukitel_orange/drivers/misc/mediatek/pmic_wrap/mt6735/pwrap_hal.h:645:0: warning: "MT6328_VPROC_CON0" redefined
 #define MT6328_VPROC_CON0            ((UINT32)(MT6328_PMIC_REG_BASE+0x0474))
 ^
In file included from /home/satory-ra/Android/kernel/android_kernel_oukitel_orange/drivers/misc/mediatek/mach/mt6735/include/mach/upmu_common.h:7:0,
                 from drivers/misc/mediatek/mach/mt6735/mt_cpufreq.c:61:
/home/satory-ra/Android/kernel/android_kernel_oukitel_orange/drivers/misc/mediatek/mach/mt6735/include/mach/upmu_hw.h:229:0: note: this is the location of the previous definition
 #define MT6328_VPROC_CON0            ((MT6328_PMIC_REG_BASE+0x0474))
 ^
In file included from drivers/misc/mediatek/mach/mt6735/mt_cpufreq.c:64:0:
/home/satory-ra/Android/kernel/android_kernel_oukitel_orange/drivers/misc/mediatek/pmic_wrap/mt6735/pwrap_hal.h:646:0: warning: "MT6328_VPROC_CON7" redefined
 #define MT6328_VPROC_CON7            ((UINT32)(MT6328_PMIC_REG_BASE+0x0482))
 ^
In file included from /home/satory-ra/Android/kernel/android_kernel_oukitel_orange/drivers/misc/mediatek/mach/mt6735/include/mach/upmu_common.h:7:0,
                 from drivers/misc/mediatek/mach/mt6735/mt_cpufreq.c:61:
/home/satory-ra/Android/kernel/android_kernel_oukitel_orange/drivers/misc/mediatek/mach/mt6735/include/mach/upmu_hw.h:236:0: note: this is the location of the previous definition
 #define MT6328_VPROC_CON7            ((MT6328_PMIC_REG_BASE+0x0482))
 ^
In file included from drivers/misc/mediatek/mach/mt6735/mt_cpufreq.c:64:0:
/home/satory-ra/Android/kernel/android_kernel_oukitel_orange/drivers/misc/mediatek/pmic_wrap/mt6735/pwrap_hal.h:647:0: warning: "MT6328_VPROC_CON8" redefined
 #define MT6328_VPROC_CON8            ((UINT32)(MT6328_PMIC_REG_BASE+0x0484))
 ^
In file included from /home/satory-ra/Android/kernel/android_kernel_oukitel_orange/drivers/misc/mediatek/mach/mt6735/include/mach/upmu_common.h:7:0,
                 from drivers/misc/mediatek/mach/mt6735/mt_cpufreq.c:61:
/home/satory-ra/Android/kernel/android_kernel_oukitel_orange/drivers/misc/mediatek/mach/mt6735/include/mach/upmu_hw.h:237:0: note: this is the location of the previous definition
 #define MT6328_VPROC_CON8            ((MT6328_PMIC_REG_BASE+0x0484))
 ^
In file included from drivers/misc/mediatek/mach/mt6735/mt_cpufreq.c:64:0:
/home/satory-ra/Android/kernel/android_kernel_oukitel_orange/drivers/misc/mediatek/pmic_wrap/mt6735/pwrap_hal.h:648:0: warning: "MT6328_VPROC_CON9" redefined
 #define MT6328_VPROC_CON9            ((UINT32)(MT6328_PMIC_REG_BASE+0x0486))
 ^
In file included from /home/satory-ra/Android/kernel/android_kernel_oukitel_orange/drivers/misc/mediatek/mach/mt6735/include/mach/upmu_common.h:7:0,
                 from drivers/misc/mediatek/mach/mt6735/mt_cpufreq.c:61:
/home/satory-ra/Android/kernel/android_kernel_oukitel_orange/drivers/misc/mediatek/mach/mt6735/include/mach/upmu_hw.h:238:0: note: this is the location of the previous definition
 #define MT6328_VPROC_CON9            ((MT6328_PMIC_REG_BASE+0x0486))
 ^
In file included from drivers/misc/mediatek/mach/mt6735/mt_cpufreq.c:64:0:
/home/satory-ra/Android/kernel/android_kernel_oukitel_orange/drivers/misc/mediatek/pmic_wrap/mt6735/pwrap_hal.h:649:0: warning: "MT6328_VPROC_CON10" redefined
 #define MT6328_VPROC_CON10           ((UINT32)(MT6328_PMIC_REG_BASE+0x0488))
 ^
In file included from /home/satory-ra/Android/kernel/android_kernel_oukitel_orange/drivers/misc/mediatek/mach/mt6735/include/mach/upmu_common.h:7:0,
                 from drivers/misc/mediatek/mach/mt6735/mt_cpufreq.c:61:
/home/satory-ra/Android/kernel/android_kernel_oukitel_orange/drivers/misc/mediatek/mach/mt6735/include/mach/upmu_hw.h:239:0: note: this is the location of the previous definition
 #define MT6328_VPROC_CON10           ((MT6328_PMIC_REG_BASE+0x0488))
 ^
In file included from drivers/misc/mediatek/mach/mt6735/mt_cpufreq.c:64:0:
/home/satory-ra/Android/kernel/android_kernel_oukitel_orange/drivers/misc/mediatek/pmic_wrap/mt6735/pwrap_hal.h:650:0: warning: "MT6328_VPROC_CON11" redefined
 #define MT6328_VPROC_CON11           ((UINT32)(MT6328_PMIC_REG_BASE+0x048A))
 ^
In file included from /home/satory-ra/Android/kernel/android_kernel_oukitel_orange/drivers/misc/mediatek/mach/mt6735/include/mach/upmu_common.h:7:0,
                 from drivers/misc/mediatek/mach/mt6735/mt_cpufreq.c:61:
/home/satory-ra/Android/kernel/android_kernel_oukitel_orange/drivers/misc/mediatek/mach/mt6735/include/mach/upmu_hw.h:240:0: note: this is the location of the previous definition
 #define MT6328_VPROC_CON11           ((MT6328_PMIC_REG_BASE+0x048A))
 ^
In file included from drivers/misc/mediatek/mach/mt6735/mt_cpufreq.c:64:0:
/home/satory-ra/Android/kernel/android_kernel_oukitel_orange/drivers/misc/mediatek/pmic_wrap/mt6735/pwrap_hal.h:651:0: warning: "MT6328_VPROC_CON12" redefined
 #define MT6328_VPROC_CON12           ((UINT32)(MT6328_PMIC_REG_BASE+0x048C))
 ^
In file included from /home/satory-ra/Android/kernel/android_kernel_oukitel_orange/drivers/misc/mediatek/mach/mt6735/include/mach/upmu_common.h:7:0,
                 from drivers/misc/mediatek/mach/mt6735/mt_cpufreq.c:61:
/home/satory-ra/Android/kernel/android_kernel_oukitel_orange/drivers/misc/mediatek/mach/mt6735/include/mach/upmu_hw.h:241:0: note: this is the location of the previous definition
 #define MT6328_VPROC_CON12           ((MT6328_PMIC_REG_BASE+0x048C))
 ^
In file included from drivers/misc/mediatek/mach/mt6735/mt_cpufreq.c:64:0:
/home/satory-ra/Android/kernel/android_kernel_oukitel_orange/drivers/misc/mediatek/pmic_wrap/mt6735/pwrap_hal.h:652:0: warning: "MT6328_VPROC_CON13" redefined
 #define MT6328_VPROC_CON13           ((UINT32)(MT6328_PMIC_REG_BASE+0x048E))
 ^
In file included from /home/satory-ra/Android/kernel/android_kernel_oukitel_orange/drivers/misc/mediatek/mach/mt6735/include/mach/upmu_common.h:7:0,
                 from drivers/misc/mediatek/mach/mt6735/mt_cpufreq.c:61:
/home/satory-ra/Android/kernel/android_kernel_oukitel_orange/drivers/misc/mediatek/mach/mt6735/include/mach/upmu_hw.h:242:0: note: this is the location of the previous definition
 #define MT6328_VPROC_CON13           ((MT6328_PMIC_REG_BASE+0x048E))
 ^
In file included from drivers/misc/mediatek/mach/mt6735/mt_cpufreq.c:64:0:
/home/satory-ra/Android/kernel/android_kernel_oukitel_orange/drivers/misc/mediatek/pmic_wrap/mt6735/pwrap_hal.h:653:0: warning: "MT6328_VPROC_CON14" redefined
 #define MT6328_VPROC_CON14           ((UINT32)(MT6328_PMIC_REG_BASE+0x0490))
 ^
In file included from /home/satory-ra/Android/kernel/android_kernel_oukitel_orange/drivers/misc/mediatek/mach/mt6735/include/mach/upmu_common.h:7:0,
                 from drivers/misc/mediatek/mach/mt6735/mt_cpufreq.c:61:
/home/satory-ra/Android/kernel/android_kernel_oukitel_orange/drivers/misc/mediatek/mach/mt6735/include/mach/upmu_hw.h:243:0: note: this is the location of the previous definition
 #define MT6328_VPROC_CON14           ((MT6328_PMIC_REG_BASE+0x0490))
 ^
In file included from drivers/misc/mediatek/mach/mt6735/mt_cpufreq.c:64:0:
/home/satory-ra/Android/kernel/android_kernel_oukitel_orange/drivers/misc/mediatek/pmic_wrap/mt6735/pwrap_hal.h:654:0: warning: "MT6328_VPROC_CON15" redefined
 #define MT6328_VPROC_CON15           ((UINT32)(MT6328_PMIC_REG_BASE+0x0492))
 ^
In file included from /home/satory-ra/Android/kernel/android_kernel_oukitel_orange/drivers/misc/mediatek/mach/mt6735/include/mach/upmu_common.h:7:0,
                 from drivers/misc/mediatek/mach/mt6735/mt_cpufreq.c:61:
/home/satory-ra/Android/kernel/android_kernel_oukitel_orange/drivers/misc/mediatek/mach/mt6735/include/mach/upmu_hw.h:244:0: note: this is the location of the previous definition
 #define MT6328_VPROC_CON15           ((MT6328_PMIC_REG_BASE+0x0492))
 ^
In file included from drivers/misc/mediatek/mach/mt6735/mt_cpufreq.c:64:0:
/home/satory-ra/Android/kernel/android_kernel_oukitel_orange/drivers/misc/mediatek/pmic_wrap/mt6735/pwrap_hal.h:655:0: warning: "MT6328_VPROC_CON16" redefined
 #define MT6328_VPROC_CON16           ((UINT32)(MT6328_PMIC_REG_BASE+0x0494))
 ^
In file included from /home/satory-ra/Android/kernel/android_kernel_oukitel_orange/drivers/misc/mediatek/mach/mt6735/include/mach/upmu_common.h:7:0,
                 from drivers/misc/mediatek/mach/mt6735/mt_cpufreq.c:61:
/home/satory-ra/Android/kernel/android_kernel_oukitel_orange/drivers/misc/mediatek/mach/mt6735/include/mach/upmu_hw.h:245:0: note: this is the location of the previous definition
 #define MT6328_VPROC_CON16           ((MT6328_PMIC_REG_BASE+0x0494))
 ^
In file included from drivers/misc/mediatek/mach/mt6735/mt_cpufreq.c:64:0:
/home/satory-ra/Android/kernel/android_kernel_oukitel_orange/drivers/misc/mediatek/pmic_wrap/mt6735/pwrap_hal.h:656:0: warning: "MT6328_VPROC_CON17" redefined
 #define MT6328_VPROC_CON17           ((UINT32)(MT6328_PMIC_REG_BASE+0x0496))
 ^
In file included from /home/satory-ra/Android/kernel/android_kernel_oukitel_orange/drivers/misc/mediatek/mach/mt6735/include/mach/upmu_common.h:7:0,
                 from drivers/misc/mediatek/mach/mt6735/mt_cpufreq.c:61:
/home/satory-ra/Android/kernel/android_kernel_oukitel_orange/drivers/misc/mediatek/mach/mt6735/include/mach/upmu_hw.h:246:0: note: this is the location of the previous definition
 #define MT6328_VPROC_CON17           ((MT6328_PMIC_REG_BASE+0x0496))
 ^
In file included from drivers/misc/mediatek/mach/mt6735/mt_cpufreq.c:64:0:
/home/satory-ra/Android/kernel/android_kernel_oukitel_orange/drivers/misc/mediatek/pmic_wrap/mt6735/pwrap_hal.h:657:0: warning: "MT6328_VPROC_CON18" redefined
 #define MT6328_VPROC_CON18           ((UINT32)(MT6328_PMIC_REG_BASE+0x0498))
 ^
In file included from /home/satory-ra/Android/kernel/android_kernel_oukitel_orange/drivers/misc/mediatek/mach/mt6735/include/mach/upmu_common.h:7:0,
                 from drivers/misc/mediatek/mach/mt6735/mt_cpufreq.c:61:
/home/satory-ra/Android/kernel/android_kernel_oukitel_orange/drivers/misc/mediatek/mach/mt6735/include/mach/upmu_hw.h:247:0: note: this is the location of the previous definition
 #define MT6328_VPROC_CON18           ((MT6328_PMIC_REG_BASE+0x0498))
 ^
In file included from drivers/misc/mediatek/mach/mt6735/mt_cpufreq.c:64:0:
/home/satory-ra/Android/kernel/android_kernel_oukitel_orange/drivers/misc/mediatek/pmic_wrap/mt6735/pwrap_hal.h:658:0: warning: "MT6328_VPROC_CON19" redefined
 #define MT6328_VPROC_CON19           ((UINT32)(MT6328_PMIC_REG_BASE+0x049A))
 ^
In file included from /home/satory-ra/Android/kernel/android_kernel_oukitel_orange/drivers/misc/mediatek/mach/mt6735/include/mach/upmu_common.h:7:0,
                 from drivers/misc/mediatek/mach/mt6735/mt_cpufreq.c:61:
/home/satory-ra/Android/kernel/android_kernel_oukitel_orange/drivers/misc/mediatek/mach/mt6735/include/mach/upmu_hw.h:248:0: note: this is the location of the previous definition
 #define MT6328_VPROC_CON19           ((MT6328_PMIC_REG_BASE+0x049A))
 ^
In file included from drivers/misc/mediatek/mach/mt6735/mt_cpufreq.c:64:0:
/home/satory-ra/Android/kernel/android_kernel_oukitel_orange/drivers/misc/mediatek/pmic_wrap/mt6735/pwrap_hal.h:659:0: warning: "MT6328_VSRAM_CON0" redefined
 #define MT6328_VSRAM_CON0            ((UINT32)(MT6328_PMIC_REG_BASE+0x049C))
 ^
In file included from /home/satory-ra/Android/kernel/android_kernel_oukitel_orange/drivers/misc/mediatek/mach/mt6735/include/mach/upmu_common.h:7:0,
                 from drivers/misc/mediatek/mach/mt6735/mt_cpufreq.c:61:
/home/satory-ra/Android/kernel/android_kernel_oukitel_orange/drivers/misc/mediatek/mach/mt6735/include/mach/upmu_hw.h:249:0: note: this is the location of the previous definition
 #define MT6328_VSRAM_CON0            ((MT6328_PMIC_REG_BASE+0x049C))
 ^
In file included from drivers/misc/mediatek/mach/mt6735/mt_cpufreq.c:64:0:
/home/satory-ra/Android/kernel/android_kernel_oukitel_orange/drivers/misc/mediatek/pmic_wrap/mt6735/pwrap_hal.h:660:0: warning: "MT6328_VSRAM_CON7" redefined
 #define MT6328_VSRAM_CON7            ((UINT32)(MT6328_PMIC_REG_BASE+0x04AA))
 ^
In file included from /home/satory-ra/Android/kernel/android_kernel_oukitel_orange/drivers/misc/mediatek/mach/mt6735/include/mach/upmu_common.h:7:0,
                 from drivers/misc/mediatek/mach/mt6735/mt_cpufreq.c:61:
/home/satory-ra/Android/kernel/android_kernel_oukitel_orange/drivers/misc/mediatek/mach/mt6735/include/mach/upmu_hw.h:256:0: note: this is the location of the previous definition
 #define MT6328_VSRAM_CON7            ((MT6328_PMIC_REG_BASE+0x04AA))
 ^
In file included from drivers/misc/mediatek/mach/mt6735/mt_cpufreq.c:64:0:
/home/satory-ra/Android/kernel/android_kernel_oukitel_orange/drivers/misc/mediatek/pmic_wrap/mt6735/pwrap_hal.h:661:0: warning: "MT6328_VSRAM_CON8" redefined
 #define MT6328_VSRAM_CON8            ((UINT32)(MT6328_PMIC_REG_BASE+0x04AC))
 ^
In file included from /home/satory-ra/Android/kernel/android_kernel_oukitel_orange/drivers/misc/mediatek/mach/mt6735/include/mach/upmu_common.h:7:0,
                 from drivers/misc/mediatek/mach/mt6735/mt_cpufreq.c:61:
/home/satory-ra/Android/kernel/android_kernel_oukitel_orange/drivers/misc/mediatek/mach/mt6735/include/mach/upmu_hw.h:257:0: note: this is the location of the previous definition
 #define MT6328_VSRAM_CON8            ((MT6328_PMIC_REG_BASE+0x04AC))
 ^
In file included from drivers/misc/mediatek/mach/mt6735/mt_cpufreq.c:64:0:
/home/satory-ra/Android/kernel/android_kernel_oukitel_orange/drivers/misc/mediatek/pmic_wrap/mt6735/pwrap_hal.h:662:0: warning: "MT6328_VSRAM_CON9" redefined
 #define MT6328_VSRAM_CON9            ((UINT32)(MT6328_PMIC_REG_BASE+0x04AE))
 ^
In file included from /home/satory-ra/Android/kernel/android_kernel_oukitel_orange/drivers/misc/mediatek/mach/mt6735/include/mach/upmu_common.h:7:0,
                 from drivers/misc/mediatek/mach/mt6735/mt_cpufreq.c:61:
/home/satory-ra/Android/kernel/android_kernel_oukitel_orange/drivers/misc/mediatek/mach/mt6735/include/mach/upmu_hw.h:258:0: note: this is the location of the previous definition
 #define MT6328_VSRAM_CON9            ((MT6328_PMIC_REG_BASE+0x04AE))
 ^
In file included from drivers/misc/mediatek/mach/mt6735/mt_cpufreq.c:64:0:
/home/satory-ra/Android/kernel/android_kernel_oukitel_orange/drivers/misc/mediatek/pmic_wrap/mt6735/pwrap_hal.h:663:0: warning: "MT6328_VSRAM_CON10" redefined
 #define MT6328_VSRAM_CON10           ((UINT32)(MT6328_PMIC_REG_BASE+0x04B0))
 ^
In file included from /home/satory-ra/Android/kernel/android_kernel_oukitel_orange/drivers/misc/mediatek/mach/mt6735/include/mach/upmu_common.h:7:0,
                 from drivers/misc/mediatek/mach/mt6735/mt_cpufreq.c:61:
/home/satory-ra/Android/kernel/android_kernel_oukitel_orange/drivers/misc/mediatek/mach/mt6735/include/mach/upmu_hw.h:259:0: note: this is the location of the previous definition
 #define MT6328_VSRAM_CON10           ((MT6328_PMIC_REG_BASE+0x04B0))
 ^
In file included from drivers/misc/mediatek/mach/mt6735/mt_cpufreq.c:64:0:
/home/satory-ra/Android/kernel/android_kernel_oukitel_orange/drivers/misc/mediatek/pmic_wrap/mt6735/pwrap_hal.h:664:0: warning: "MT6328_VSRAM_CON11" redefined
 #define MT6328_VSRAM_CON11           ((UINT32)(MT6328_PMIC_REG_BASE+0x04B2))
 ^
In file included from /home/satory-ra/Android/kernel/android_kernel_oukitel_orange/drivers/misc/mediatek/mach/mt6735/include/mach/upmu_common.h:7:0,
                 from drivers/misc/mediatek/mach/mt6735/mt_cpufreq.c:61:
/home/satory-ra/Android/kernel/android_kernel_oukitel_orange/drivers/misc/mediatek/mach/mt6735/include/mach/upmu_hw.h:260:0: note: this is the location of the previous definition
 #define MT6328_VSRAM_CON11           ((MT6328_PMIC_REG_BASE+0x04B2))
 ^
In file included from drivers/misc/mediatek/mach/mt6735/mt_cpufreq.c:64:0:
/home/satory-ra/Android/kernel/android_kernel_oukitel_orange/drivers/misc/mediatek/pmic_wrap/mt6735/pwrap_hal.h:665:0: warning: "MT6328_VSRAM_CON12" redefined
 #define MT6328_VSRAM_CON12           ((UINT32)(MT6328_PMIC_REG_BASE+0x04B4))
 ^
In file included from /home/satory-ra/Android/kernel/android_kernel_oukitel_orange/drivers/misc/mediatek/mach/mt6735/include/mach/upmu_common.h:7:0,
                 from drivers/misc/mediatek/mach/mt6735/mt_cpufreq.c:61:
/home/satory-ra/Android/kernel/android_kernel_oukitel_orange/drivers/misc/mediatek/mach/mt6735/include/mach/upmu_hw.h:261:0: note: this is the location of the previous definition
 #define MT6328_VSRAM_CON12           ((MT6328_PMIC_REG_BASE+0x04B4))
 ^
In file included from drivers/misc/mediatek/mach/mt6735/mt_cpufreq.c:64:0:
/home/satory-ra/Android/kernel/android_kernel_oukitel_orange/drivers/misc/mediatek/pmic_wrap/mt6735/pwrap_hal.h:666:0: warning: "MT6328_VSRAM_CON13" redefined
 #define MT6328_VSRAM_CON13           ((UINT32)(MT6328_PMIC_REG_BASE+0x04B6))
 ^
In file included from /home/satory-ra/Android/kernel/android_kernel_oukitel_orange/drivers/misc/mediatek/mach/mt6735/include/mach/upmu_common.h:7:0,
                 from drivers/misc/mediatek/mach/mt6735/mt_cpufreq.c:61:
/home/satory-ra/Android/kernel/android_kernel_oukitel_orange/drivers/misc/mediatek/mach/mt6735/include/mach/upmu_hw.h:262:0: note: this is the location of the previous definition
 #define MT6328_VSRAM_CON13           ((MT6328_PMIC_REG_BASE+0x04B6))
 ^
In file included from drivers/misc/mediatek/mach/mt6735/mt_cpufreq.c:64:0:
/home/satory-ra/Android/kernel/android_kernel_oukitel_orange/drivers/misc/mediatek/pmic_wrap/mt6735/pwrap_hal.h:667:0: warning: "MT6328_VSRAM_CON14" redefined
 #define MT6328_VSRAM_CON14           ((UINT32)(MT6328_PMIC_REG_BASE+0x04B8))
 ^
In file included from /home/satory-ra/Android/kernel/android_kernel_oukitel_orange/drivers/misc/mediatek/mach/mt6735/include/mach/upmu_common.h:7:0,
                 from drivers/misc/mediatek/mach/mt6735/mt_cpufreq.c:61:
/home/satory-ra/Android/kernel/android_kernel_oukitel_orange/drivers/misc/mediatek/mach/mt6735/include/mach/upmu_hw.h:263:0: note: this is the location of the previous definition
 #define MT6328_VSRAM_CON14           ((MT6328_PMIC_REG_BASE+0x04B8))
 ^
In file included from drivers/misc/mediatek/mach/mt6735/mt_cpufreq.c:64:0:
/home/satory-ra/Android/kernel/android_kernel_oukitel_orange/drivers/misc/mediatek/pmic_wrap/mt6735/pwrap_hal.h:668:0: warning: "MT6328_VSRAM_CON18" redefined
 #define MT6328_VSRAM_CON18           ((UINT32)(MT6328_PMIC_REG_BASE+0x04C0))
 ^
In file included from /home/satory-ra/Android/kernel/android_kernel_oukitel_orange/drivers/misc/mediatek/mach/mt6735/include/mach/upmu_common.h:7:0,
                 from drivers/misc/mediatek/mach/mt6735/mt_cpufreq.c:61:
/home/satory-ra/Android/kernel/android_kernel_oukitel_orange/drivers/misc/mediatek/mach/mt6735/include/mach/upmu_hw.h:267:0: note: this is the location of the previous definition
 #define MT6328_VSRAM_CON18           ((MT6328_PMIC_REG_BASE+0x04C0))
 ^
In file included from drivers/misc/mediatek/mach/mt6735/mt_cpufreq.c:64:0:
/home/satory-ra/Android/kernel/android_kernel_oukitel_orange/drivers/misc/mediatek/pmic_wrap/mt6735/pwrap_hal.h:669:0: warning: "MT6328_VSRAM_CON19" redefined
 #define MT6328_VSRAM_CON19           ((UINT32)(MT6328_PMIC_REG_BASE+0x04C2))
 ^
In file included from /home/satory-ra/Android/kernel/android_kernel_oukitel_orange/drivers/misc/mediatek/mach/mt6735/include/mach/upmu_common.h:7:0,
                 from drivers/misc/mediatek/mach/mt6735/mt_cpufreq.c:61:
/home/satory-ra/Android/kernel/android_kernel_oukitel_orange/drivers/misc/mediatek/mach/mt6735/include/mach/upmu_hw.h:268:0: note: this is the location of the previous definition
 #define MT6328_VSRAM_CON19           ((MT6328_PMIC_REG_BASE+0x04C2))
 ^
In file included from drivers/misc/mediatek/mach/mt6735/mt_cpufreq.c:64:0:
/home/satory-ra/Android/kernel/android_kernel_oukitel_orange/drivers/misc/mediatek/pmic_wrap/mt6735/pwrap_hal.h:670:0: warning: "MT6328_VLTE_CON0" redefined
 #define MT6328_VLTE_CON0             ((UINT32)(MT6328_PMIC_REG_BASE+0x04C4))
 ^
In file included from /home/satory-ra/Android/kernel/android_kernel_oukitel_orange/drivers/misc/mediatek/mach/mt6735/include/mach/upmu_common.h:7:0,
                 from drivers/misc/mediatek/mach/mt6735/mt_cpufreq.c:61:
/home/satory-ra/Android/kernel/android_kernel_oukitel_orange/drivers/misc/mediatek/mach/mt6735/include/mach/upmu_hw.h:269:0: note: this is the location of the previous definition
 #define MT6328_VLTE_CON0             ((MT6328_PMIC_REG_BASE+0x04C4))
 ^
In file included from drivers/misc/mediatek/mach/mt6735/mt_cpufreq.c:64:0:
/home/satory-ra/Android/kernel/android_kernel_oukitel_orange/drivers/misc/mediatek/pmic_wrap/mt6735/pwrap_hal.h:671:0: warning: "MT6328_VLTE_CON7" redefined
 #define MT6328_VLTE_CON7             ((UINT32)(MT6328_PMIC_REG_BASE+0x04D2))
 ^
In file included from /home/satory-ra/Android/kernel/android_kernel_oukitel_orange/drivers/misc/mediatek/mach/mt6735/include/mach/upmu_common.h:7:0,
                 from drivers/misc/mediatek/mach/mt6735/mt_cpufreq.c:61:
/home/satory-ra/Android/kernel/android_kernel_oukitel_orange/drivers/misc/mediatek/mach/mt6735/include/mach/upmu_hw.h:276:0: note: this is the location of the previous definition
 #define MT6328_VLTE_CON7             ((MT6328_PMIC_REG_BASE+0x04D2))
 ^
In file included from drivers/misc/mediatek/mach/mt6735/mt_cpufreq.c:64:0:
/home/satory-ra/Android/kernel/android_kernel_oukitel_orange/drivers/misc/mediatek/pmic_wrap/mt6735/pwrap_hal.h:672:0: warning: "MT6328_VLTE_CON8" redefined
 #define MT6328_VLTE_CON8             ((UINT32)(MT6328_PMIC_REG_BASE+0x04D4))
 ^
In file included from /home/satory-ra/Android/kernel/android_kernel_oukitel_orange/drivers/misc/mediatek/mach/mt6735/include/mach/upmu_common.h:7:0,
                 from drivers/misc/mediatek/mach/mt6735/mt_cpufreq.c:61:
/home/satory-ra/Android/kernel/android_kernel_oukitel_orange/drivers/misc/mediatek/mach/mt6735/include/mach/upmu_hw.h:277:0: note: this is the location of the previous definition
 #define MT6328_VLTE_CON8             ((MT6328_PMIC_REG_BASE+0x04D4))
 ^
In file included from drivers/misc/mediatek/mach/mt6735/mt_cpufreq.c:64:0:
/home/satory-ra/Android/kernel/android_kernel_oukitel_orange/drivers/misc/mediatek/pmic_wrap/mt6735/pwrap_hal.h:673:0: warning: "MT6328_VLTE_CON9" redefined
 #define MT6328_VLTE_CON9             ((UINT32)(MT6328_PMIC_REG_BASE+0x04D6))
 ^
In file included from /home/satory-ra/Android/kernel/android_kernel_oukitel_orange/drivers/misc/mediatek/mach/mt6735/include/mach/upmu_common.h:7:0,
                 from drivers/misc/mediatek/mach/mt6735/mt_cpufreq.c:61:
/home/satory-ra/Android/kernel/android_kernel_oukitel_orange/drivers/misc/mediatek/mach/mt6735/include/mach/upmu_hw.h:278:0: note: this is the location of the previous definition
 #define MT6328_VLTE_CON9             ((MT6328_PMIC_REG_BASE+0x04D6))
 ^
In file included from drivers/misc/mediatek/mach/mt6735/mt_cpufreq.c:64:0:
/home/satory-ra/Android/kernel/android_kernel_oukitel_orange/drivers/misc/mediatek/pmic_wrap/mt6735/pwrap_hal.h:674:0: warning: "MT6328_VLTE_CON10" redefined
 #define MT6328_VLTE_CON10            ((UINT32)(MT6328_PMIC_REG_BASE+0x04D8))
 ^
In file included from /home/satory-ra/Android/kernel/android_kernel_oukitel_orange/drivers/misc/mediatek/mach/mt6735/include/mach/upmu_common.h:7:0,
                 from drivers/misc/mediatek/mach/mt6735/mt_cpufreq.c:61:
/home/satory-ra/Android/kernel/android_kernel_oukitel_orange/drivers/misc/mediatek/mach/mt6735/include/mach/upmu_hw.h:279:0: note: this is the location of the previous definition
 #define MT6328_VLTE_CON10            ((MT6328_PMIC_REG_BASE+0x04D8))
 ^
In file included from drivers/misc/mediatek/mach/mt6735/mt_cpufreq.c:64:0:
/home/satory-ra/Android/kernel/android_kernel_oukitel_orange/drivers/misc/mediatek/pmic_wrap/mt6735/pwrap_hal.h:675:0: warning: "MT6328_VLTE_CON11" redefined
 #define MT6328_VLTE_CON11            ((UINT32)(MT6328_PMIC_REG_BASE+0x04DA))
 ^
In file included from /home/satory-ra/Android/kernel/android_kernel_oukitel_orange/drivers/misc/mediatek/mach/mt6735/include/mach/upmu_common.h:7:0,
                 from drivers/misc/mediatek/mach/mt6735/mt_cpufreq.c:61:
/home/satory-ra/Android/kernel/android_kernel_oukitel_orange/drivers/misc/mediatek/mach/mt6735/include/mach/upmu_hw.h:280:0: note: this is the location of the previous definition
 #define MT6328_VLTE_CON11            ((MT6328_PMIC_REG_BASE+0x04DA))
 ^
In file included from drivers/misc/mediatek/mach/mt6735/mt_cpufreq.c:64:0:
/home/satory-ra/Android/kernel/android_kernel_oukitel_orange/drivers/misc/mediatek/pmic_wrap/mt6735/pwrap_hal.h:676:0: warning: "MT6328_VLTE_CON12" redefined
 #define MT6328_VLTE_CON12            ((UINT32)(MT6328_PMIC_REG_BASE+0x04DC))
 ^
In file included from /home/satory-ra/Android/kernel/android_kernel_oukitel_orange/drivers/misc/mediatek/mach/mt6735/include/mach/upmu_common.h:7:0,
                 from drivers/misc/mediatek/mach/mt6735/mt_cpufreq.c:61:
/home/satory-ra/Android/kernel/android_kernel_oukitel_orange/drivers/misc/mediatek/mach/mt6735/include/mach/upmu_hw.h:281:0: note: this is the location of the previous definition
 #define MT6328_VLTE_CON12            ((MT6328_PMIC_REG_BASE+0x04DC))
 ^
In file included from drivers/misc/mediatek/mach/mt6735/mt_cpufreq.c:64:0:
/home/satory-ra/Android/kernel/android_kernel_oukitel_orange/drivers/misc/mediatek/pmic_wrap/mt6735/pwrap_hal.h:677:0: warning: "MT6328_VLTE_CON13" redefined
 #define MT6328_VLTE_CON13            ((UINT32)(MT6328_PMIC_REG_BASE+0x04DE))
 ^
In file included from /home/satory-ra/Android/kernel/android_kernel_oukitel_orange/drivers/misc/mediatek/mach/mt6735/include/mach/upmu_common.h:7:0,
                 from drivers/misc/mediatek/mach/mt6735/mt_cpufreq.c:61:
/home/satory-ra/Android/kernel/android_kernel_oukitel_orange/drivers/misc/mediatek/mach/mt6735/include/mach/upmu_hw.h:282:0: note: this is the location of the previous definition
 #define MT6328_VLTE_CON13            ((MT6328_PMIC_REG_BASE+0x04DE))
 ^
In file included from drivers/misc/mediatek/mach/mt6735/mt_cpufreq.c:64:0:
/home/satory-ra/Android/kernel/android_kernel_oukitel_orange/drivers/misc/mediatek/pmic_wrap/mt6735/pwrap_hal.h:678:0: warning: "MT6328_VLTE_CON14" redefined
 #define MT6328_VLTE_CON14            ((UINT32)(MT6328_PMIC_REG_BASE+0x04E0))
 ^
In file included from /home/satory-ra/Android/kernel/android_kernel_oukitel_orange/drivers/misc/mediatek/mach/mt6735/include/mach/upmu_common.h:7:0,
                 from drivers/misc/mediatek/mach/mt6735/mt_cpufreq.c:61:
/home/satory-ra/Android/kernel/android_kernel_oukitel_orange/drivers/misc/mediatek/mach/mt6735/include/mach/upmu_hw.h:283:0: note: this is the location of the previous definition
 #define MT6328_VLTE_CON14            ((MT6328_PMIC_REG_BASE+0x04E0))
 ^
In file included from drivers/misc/mediatek/mach/mt6735/mt_cpufreq.c:64:0:
/home/satory-ra/Android/kernel/android_kernel_oukitel_orange/drivers/misc/mediatek/pmic_wrap/mt6735/pwrap_hal.h:679:0: warning: "MT6328_VLTE_CON15" redefined
 #define MT6328_VLTE_CON15            ((UINT32)(MT6328_PMIC_REG_BASE+0x04E2))
 ^
In file included from /home/satory-ra/Android/kernel/android_kernel_oukitel_orange/drivers/misc/mediatek/mach/mt6735/include/mach/upmu_common.h:7:0,
                 from drivers/misc/mediatek/mach/mt6735/mt_cpufreq.c:61:
/home/satory-ra/Android/kernel/android_kernel_oukitel_orange/drivers/misc/mediatek/mach/mt6735/include/mach/upmu_hw.h:284:0: note: this is the location of the previous definition
 #define MT6328_VLTE_CON15            ((MT6328_PMIC_REG_BASE+0x04E2))
 ^
In file included from drivers/misc/mediatek/mach/mt6735/mt_cpufreq.c:64:0:
/home/satory-ra/Android/kernel/android_kernel_oukitel_orange/drivers/misc/mediatek/pmic_wrap/mt6735/pwrap_hal.h:680:0: warning: "MT6328_VLTE_CON16" redefined
 #define MT6328_VLTE_CON16            ((UINT32)(MT6328_PMIC_REG_BASE+0x04E4))
 ^
In file included from /home/satory-ra/Android/kernel/android_kernel_oukitel_orange/drivers/misc/mediatek/mach/mt6735/include/mach/upmu_common.h:7:0,
                 from drivers/misc/mediatek/mach/mt6735/mt_cpufreq.c:61:
/home/satory-ra/Android/kernel/android_kernel_oukitel_orange/drivers/misc/mediatek/mach/mt6735/include/mach/upmu_hw.h:285:0: note: this is the location of the previous definition
 #define MT6328_VLTE_CON16            ((MT6328_PMIC_REG_BASE+0x04E4))
 ^
In file included from drivers/misc/mediatek/mach/mt6735/mt_cpufreq.c:64:0:
/home/satory-ra/Android/kernel/android_kernel_oukitel_orange/drivers/misc/mediatek/pmic_wrap/mt6735/pwrap_hal.h:681:0: warning: "MT6328_VLTE_CON17" redefined
 #define MT6328_VLTE_CON17            ((UINT32)(MT6328_PMIC_REG_BASE+0x04E6))
 ^
In file included from /home/satory-ra/Android/kernel/android_kernel_oukitel_orange/drivers/misc/mediatek/mach/mt6735/include/mach/upmu_common.h:7:0,
                 from drivers/misc/mediatek/mach/mt6735/mt_cpufreq.c:61:
/home/satory-ra/Android/kernel/android_kernel_oukitel_orange/drivers/misc/mediatek/mach/mt6735/include/mach/upmu_hw.h:286:0: note: this is the location of the previous definition
 #define MT6328_VLTE_CON17            ((MT6328_PMIC_REG_BASE+0x04E6))
 ^
In file included from drivers/misc/mediatek/mach/mt6735/mt_cpufreq.c:64:0:
/home/satory-ra/Android/kernel/android_kernel_oukitel_orange/drivers/misc/mediatek/pmic_wrap/mt6735/pwrap_hal.h:682:0: warning: "MT6328_VLTE_CON18" redefined
 #define MT6328_VLTE_CON18            ((UINT32)(MT6328_PMIC_REG_BASE+0x04E8))
 ^
  LD      drivers/usb/core/usbcore.o
  LD      drivers/usb/core/built-in.o
  CC      drivers/usb/gadget/udc-core.o
In file included from /home/satory-ra/Android/kernel/android_kernel_oukitel_orange/drivers/misc/mediatek/mach/mt6735/include/mach/upmu_common.h:7:0,
                 from drivers/misc/mediatek/mach/mt6735/mt_cpufreq.c:61:
/home/satory-ra/Android/kernel/android_kernel_oukitel_orange/drivers/misc/mediatek/mach/mt6735/include/mach/upmu_hw.h:287:0: note: this is the location of the previous definition
 #define MT6328_VLTE_CON18            ((MT6328_PMIC_REG_BASE+0x04E8))
 ^
In file included from drivers/misc/mediatek/mach/mt6735/mt_cpufreq.c:64:0:
/home/satory-ra/Android/kernel/android_kernel_oukitel_orange/drivers/misc/mediatek/pmic_wrap/mt6735/pwrap_hal.h:683:0: warning: "MT6328_VLTE_CON19" redefined
 #define MT6328_VLTE_CON19            ((UINT32)(MT6328_PMIC_REG_BASE+0x04EA))
 ^
In file included from /home/satory-ra/Android/kernel/android_kernel_oukitel_orange/drivers/misc/mediatek/mach/mt6735/include/mach/upmu_common.h:7:0,
                 from drivers/misc/mediatek/mach/mt6735/mt_cpufreq.c:61:
/home/satory-ra/Android/kernel/android_kernel_oukitel_orange/drivers/misc/mediatek/mach/mt6735/include/mach/upmu_hw.h:288:0: note: this is the location of the previous definition
 #define MT6328_VLTE_CON19            ((MT6328_PMIC_REG_BASE+0x04EA))
 ^
In file included from drivers/misc/mediatek/mach/mt6735/mt_cpufreq.c:64:0:
/home/satory-ra/Android/kernel/android_kernel_oukitel_orange/drivers/misc/mediatek/pmic_wrap/mt6735/pwrap_hal.h:684:0: warning: "MT6328_VCORE1_CON0" redefined
 #define MT6328_VCORE1_CON0           ((UINT32)(MT6328_PMIC_REG_BASE+0x0600))
 ^
In file included from /home/satory-ra/Android/kernel/android_kernel_oukitel_orange/drivers/misc/mediatek/mach/mt6735/include/mach/upmu_common.h:7:0,
                 from drivers/misc/mediatek/mach/mt6735/mt_cpufreq.c:61:
/home/satory-ra/Android/kernel/android_kernel_oukitel_orange/drivers/misc/mediatek/mach/mt6735/include/mach/upmu_hw.h:289:0: note: this is the location of the previous definition
 #define MT6328_VCORE1_CON0           ((MT6328_PMIC_REG_BASE+0x0600))
 ^
In file included from drivers/misc/mediatek/mach/mt6735/mt_cpufreq.c:64:0:
/home/satory-ra/Android/kernel/android_kernel_oukitel_orange/drivers/misc/mediatek/pmic_wrap/mt6735/pwrap_hal.h:685:0: warning: "MT6328_VCORE1_CON7" redefined
 #define MT6328_VCORE1_CON7           ((UINT32)(MT6328_PMIC_REG_BASE+0x060E))
 ^
In file included from /home/satory-ra/Android/kernel/android_kernel_oukitel_orange/drivers/misc/mediatek/mach/mt6735/include/mach/upmu_common.h:7:0,
                 from drivers/misc/mediatek/mach/mt6735/mt_cpufreq.c:61:
/home/satory-ra/Android/kernel/android_kernel_oukitel_orange/drivers/misc/mediatek/mach/mt6735/include/mach/upmu_hw.h:296:0: note: this is the location of the previous definition
 #define MT6328_VCORE1_CON7           ((MT6328_PMIC_REG_BASE+0x060E))
 ^
In file included from drivers/misc/mediatek/mach/mt6735/mt_cpufreq.c:64:0:
/home/satory-ra/Android/kernel/android_kernel_oukitel_orange/drivers/misc/mediatek/pmic_wrap/mt6735/pwrap_hal.h:686:0: warning: "MT6328_VCORE1_CON8" redefined
 #define MT6328_VCORE1_CON8           ((UINT32)(MT6328_PMIC_REG_BASE+0x0610))
 ^
In file included from /home/satory-ra/Android/kernel/android_kernel_oukitel_orange/drivers/misc/mediatek/mach/mt6735/include/mach/upmu_common.h:7:0,
                 from drivers/misc/mediatek/mach/mt6735/mt_cpufreq.c:61:
/home/satory-ra/Android/kernel/android_kernel_oukitel_orange/drivers/misc/mediatek/mach/mt6735/include/mach/upmu_hw.h:297:0: note: this is the location of the previous definition
 #define MT6328_VCORE1_CON8           ((MT6328_PMIC_REG_BASE+0x0610))
 ^
In file included from drivers/misc/mediatek/mach/mt6735/mt_cpufreq.c:64:0:
/home/satory-ra/Android/kernel/android_kernel_oukitel_orange/drivers/misc/mediatek/pmic_wrap/mt6735/pwrap_hal.h:687:0: warning: "MT6328_VCORE1_CON9" redefined
 #define MT6328_VCORE1_CON9           ((UINT32)(MT6328_PMIC_REG_BASE+0x0612))
 ^
In file included from /home/satory-ra/Android/kernel/android_kernel_oukitel_orange/drivers/misc/mediatek/mach/mt6735/include/mach/upmu_common.h:7:0,
                 from drivers/misc/mediatek/mach/mt6735/mt_cpufreq.c:61:
/home/satory-ra/Android/kernel/android_kernel_oukitel_orange/drivers/misc/mediatek/mach/mt6735/include/mach/upmu_hw.h:298:0: note: this is the location of the previous definition
 #define MT6328_VCORE1_CON9           ((MT6328_PMIC_REG_BASE+0x0612))
 ^
In file included from drivers/misc/mediatek/mach/mt6735/mt_cpufreq.c:64:0:
/home/satory-ra/Android/kernel/android_kernel_oukitel_orange/drivers/misc/mediatek/pmic_wrap/mt6735/pwrap_hal.h:688:0: warning: "MT6328_VCORE1_CON10" redefined
 #define MT6328_VCORE1_CON10          ((UINT32)(MT6328_PMIC_REG_BASE+0x0614))
 ^
In file included from /home/satory-ra/Android/kernel/android_kernel_oukitel_orange/drivers/misc/mediatek/mach/mt6735/include/mach/upmu_common.h:7:0,
                 from drivers/misc/mediatek/mach/mt6735/mt_cpufreq.c:61:
/home/satory-ra/Android/kernel/android_kernel_oukitel_orange/drivers/misc/mediatek/mach/mt6735/include/mach/upmu_hw.h:299:0: note: this is the location of the previous definition
 #define MT6328_VCORE1_CON10          ((MT6328_PMIC_REG_BASE+0x0614))
 ^
In file included from drivers/misc/mediatek/mach/mt6735/mt_cpufreq.c:64:0:
/home/satory-ra/Android/kernel/android_kernel_oukitel_orange/drivers/misc/mediatek/pmic_wrap/mt6735/pwrap_hal.h:689:0: warning: "MT6328_VCORE1_CON11" redefined
 #define MT6328_VCORE1_CON11          ((UINT32)(MT6328_PMIC_REG_BASE+0x0616))
 ^
In file included from /home/satory-ra/Android/kernel/android_kernel_oukitel_orange/drivers/misc/mediatek/mach/mt6735/include/mach/upmu_common.h:7:0,
                 from drivers/misc/mediatek/mach/mt6735/mt_cpufreq.c:61:
/home/satory-ra/Android/kernel/android_kernel_oukitel_orange/drivers/misc/mediatek/mach/mt6735/include/mach/upmu_hw.h:300:0: note: this is the location of the previous definition
 #define MT6328_VCORE1_CON11          ((MT6328_PMIC_REG_BASE+0x0616))
 ^
In file included from drivers/misc/mediatek/mach/mt6735/mt_cpufreq.c:64:0:
/home/satory-ra/Android/kernel/android_kernel_oukitel_orange/drivers/misc/mediatek/pmic_wrap/mt6735/pwrap_hal.h:690:0: warning: "MT6328_VCORE1_CON12" redefined
 #define MT6328_VCORE1_CON12          ((UINT32)(MT6328_PMIC_REG_BASE+0x0618))
 ^
In file included from /home/satory-ra/Android/kernel/android_kernel_oukitel_orange/drivers/misc/mediatek/mach/mt6735/include/mach/upmu_common.h:7:0,
                 from drivers/misc/mediatek/mach/mt6735/mt_cpufreq.c:61:
/home/satory-ra/Android/kernel/android_kernel_oukitel_orange/drivers/misc/mediatek/mach/mt6735/include/mach/upmu_hw.h:301:0: note: this is the location of the previous definition
 #define MT6328_VCORE1_CON12          ((MT6328_PMIC_REG_BASE+0x0618))
 ^
In file included from drivers/misc/mediatek/mach/mt6735/mt_cpufreq.c:64:0:
/home/satory-ra/Android/kernel/android_kernel_oukitel_orange/drivers/misc/mediatek/pmic_wrap/mt6735/pwrap_hal.h:691:0: warning: "MT6328_VCORE1_CON13" redefined
 #define MT6328_VCORE1_CON13          ((UINT32)(MT6328_PMIC_REG_BASE+0x061A))
 ^
In file included from /home/satory-ra/Android/kernel/android_kernel_oukitel_orange/drivers/misc/mediatek/mach/mt6735/include/mach/upmu_common.h:7:0,
                 from drivers/misc/mediatek/mach/mt6735/mt_cpufreq.c:61:
/home/satory-ra/Android/kernel/android_kernel_oukitel_orange/drivers/misc/mediatek/mach/mt6735/include/mach/upmu_hw.h:302:0: note: this is the location of the previous definition
 #define MT6328_VCORE1_CON13          ((MT6328_PMIC_REG_BASE+0x061A))
 ^
In file included from drivers/misc/mediatek/mach/mt6735/mt_cpufreq.c:64:0:
/home/satory-ra/Android/kernel/android_kernel_oukitel_orange/drivers/misc/mediatek/pmic_wrap/mt6735/pwrap_hal.h:692:0: warning: "MT6328_VCORE1_CON14" redefined
 #define MT6328_VCORE1_CON14          ((UINT32)(MT6328_PMIC_REG_BASE+0x061C))
 ^
In file included from /home/satory-ra/Android/kernel/android_kernel_oukitel_orange/drivers/misc/mediatek/mach/mt6735/include/mach/upmu_common.h:7:0,
                 from drivers/misc/mediatek/mach/mt6735/mt_cpufreq.c:61:
/home/satory-ra/Android/kernel/android_kernel_oukitel_orange/drivers/misc/mediatek/mach/mt6735/include/mach/upmu_hw.h:303:0: note: this is the location of the previous definition
 #define MT6328_VCORE1_CON14          ((MT6328_PMIC_REG_BASE+0x061C))
 ^
In file included from drivers/misc/mediatek/mach/mt6735/mt_cpufreq.c:64:0:
/home/satory-ra/Android/kernel/android_kernel_oukitel_orange/drivers/misc/mediatek/pmic_wrap/mt6735/pwrap_hal.h:693:0: warning: "MT6328_VCORE1_CON15" redefined
 #define MT6328_VCORE1_CON15          ((UINT32)(MT6328_PMIC_REG_BASE+0x061E))
 ^
In file included from /home/satory-ra/Android/kernel/android_kernel_oukitel_orange/drivers/misc/mediatek/mach/mt6735/include/mach/upmu_common.h:7:0,
                 from drivers/misc/mediatek/mach/mt6735/mt_cpufreq.c:61:
/home/satory-ra/Android/kernel/android_kernel_oukitel_orange/drivers/misc/mediatek/mach/mt6735/include/mach/upmu_hw.h:304:0: note: this is the location of the previous definition
 #define MT6328_VCORE1_CON15          ((MT6328_PMIC_REG_BASE+0x061E))
 ^
In file included from drivers/misc/mediatek/mach/mt6735/mt_cpufreq.c:64:0:
/home/satory-ra/Android/kernel/android_kernel_oukitel_orange/drivers/misc/mediatek/pmic_wrap/mt6735/pwrap_hal.h:694:0: warning: "MT6328_VCORE1_CON16" redefined
 #define MT6328_VCORE1_CON16          ((UINT32)(MT6328_PMIC_REG_BASE+0x0620))
 ^
In file included from /home/satory-ra/Android/kernel/android_kernel_oukitel_orange/drivers/misc/mediatek/mach/mt6735/include/mach/upmu_common.h:7:0,
                 from drivers/misc/mediatek/mach/mt6735/mt_cpufreq.c:61:
/home/satory-ra/Android/kernel/android_kernel_oukitel_orange/drivers/misc/mediatek/mach/mt6735/include/mach/upmu_hw.h:305:0: note: this is the location of the previous definition
 #define MT6328_VCORE1_CON16          ((MT6328_PMIC_REG_BASE+0x0620))
 ^
In file included from drivers/misc/mediatek/mach/mt6735/mt_cpufreq.c:64:0:
/home/satory-ra/Android/kernel/android_kernel_oukitel_orange/drivers/misc/mediatek/pmic_wrap/mt6735/pwrap_hal.h:695:0: warning: "MT6328_VCORE1_CON17" redefined
 #define MT6328_VCORE1_CON17          ((UINT32)(MT6328_PMIC_REG_BASE+0x0622))
 ^
In file included from /home/satory-ra/Android/kernel/android_kernel_oukitel_orange/drivers/misc/mediatek/mach/mt6735/include/mach/upmu_common.h:7:0,
                 from drivers/misc/mediatek/mach/mt6735/mt_cpufreq.c:61:
/home/satory-ra/Android/kernel/android_kernel_oukitel_orange/drivers/misc/mediatek/mach/mt6735/include/mach/upmu_hw.h:306:0: note: this is the location of the previous definition
 #define MT6328_VCORE1_CON17          ((MT6328_PMIC_REG_BASE+0x0622))
 ^
In file included from drivers/misc/mediatek/mach/mt6735/mt_cpufreq.c:64:0:
/home/satory-ra/Android/kernel/android_kernel_oukitel_orange/drivers/misc/mediatek/pmic_wrap/mt6735/pwrap_hal.h:696:0: warning: "MT6328_VCORE1_CON18" redefined
 #define MT6328_VCORE1_CON18          ((UINT32)(MT6328_PMIC_REG_BASE+0x0624))
 ^
In file included from /home/satory-ra/Android/kernel/android_kernel_oukitel_orange/drivers/misc/mediatek/mach/mt6735/include/mach/upmu_common.h:7:0,
                 from drivers/misc/mediatek/mach/mt6735/mt_cpufreq.c:61:
/home/satory-ra/Android/kernel/android_kernel_oukitel_orange/drivers/misc/mediatek/mach/mt6735/include/mach/upmu_hw.h:307:0: note: this is the location of the previous definition
 #define MT6328_VCORE1_CON18          ((MT6328_PMIC_REG_BASE+0x0624))
 ^
In file included from drivers/misc/mediatek/mach/mt6735/mt_cpufreq.c:64:0:
/home/satory-ra/Android/kernel/android_kernel_oukitel_orange/drivers/misc/mediatek/pmic_wrap/mt6735/pwrap_hal.h:697:0: warning: "MT6328_VCORE1_CON19" redefined
 #define MT6328_VCORE1_CON19          ((UINT32)(MT6328_PMIC_REG_BASE+0x0626))
 ^
In file included from /home/satory-ra/Android/kernel/android_kernel_oukitel_orange/drivers/misc/mediatek/mach/mt6735/include/mach/upmu_common.h:7:0,
                 from drivers/misc/mediatek/mach/mt6735/mt_cpufreq.c:61:
/home/satory-ra/Android/kernel/android_kernel_oukitel_orange/drivers/misc/mediatek/mach/mt6735/include/mach/upmu_hw.h:308:0: note: this is the location of the previous definition
 #define MT6328_VCORE1_CON19          ((MT6328_PMIC_REG_BASE+0x0626))
 ^
In file included from drivers/misc/mediatek/mach/mt6735/mt_cpufreq.c:64:0:
/home/satory-ra/Android/kernel/android_kernel_oukitel_orange/drivers/misc/mediatek/pmic_wrap/mt6735/pwrap_hal.h:698:0: warning: "MT6328_VSYS22_CON0" redefined
 #define MT6328_VSYS22_CON0           ((UINT32)(MT6328_PMIC_REG_BASE+0x0628))
 ^
In file included from /home/satory-ra/Android/kernel/android_kernel_oukitel_orange/drivers/misc/mediatek/mach/mt6735/include/mach/upmu_common.h:7:0,
                 from drivers/misc/mediatek/mach/mt6735/mt_cpufreq.c:61:
/home/satory-ra/Android/kernel/android_kernel_oukitel_orange/drivers/misc/mediatek/mach/mt6735/include/mach/upmu_hw.h:309:0: note: this is the location of the previous definition
 #define MT6328_VSYS22_CON0           ((MT6328_PMIC_REG_BASE+0x0628))
 ^
In file included from drivers/misc/mediatek/mach/mt6735/mt_cpufreq.c:64:0:
/home/satory-ra/Android/kernel/android_kernel_oukitel_orange/drivers/misc/mediatek/pmic_wrap/mt6735/pwrap_hal.h:699:0: warning: "MT6328_VSYS22_CON7" redefined
 #define MT6328_VSYS22_CON7           ((UINT32)(MT6328_PMIC_REG_BASE+0x0636))
 ^
In file included from /home/satory-ra/Android/kernel/android_kernel_oukitel_orange/drivers/misc/mediatek/mach/mt6735/include/mach/upmu_common.h:7:0,
                 from drivers/misc/mediatek/mach/mt6735/mt_cpufreq.c:61:
/home/satory-ra/Android/kernel/android_kernel_oukitel_orange/drivers/misc/mediatek/mach/mt6735/include/mach/upmu_hw.h:316:0: note: this is the location of the previous definition
 #define MT6328_VSYS22_CON7           ((MT6328_PMIC_REG_BASE+0x0636))
 ^
In file included from drivers/misc/mediatek/mach/mt6735/mt_cpufreq.c:64:0:
/home/satory-ra/Android/kernel/android_kernel_oukitel_orange/drivers/misc/mediatek/pmic_wrap/mt6735/pwrap_hal.h:700:0: warning: "MT6328_VSYS22_CON8" redefined
 #define MT6328_VSYS22_CON8           ((UINT32)(MT6328_PMIC_REG_BASE+0x0638))
 ^
In file included from /home/satory-ra/Android/kernel/android_kernel_oukitel_orange/drivers/misc/mediatek/mach/mt6735/include/mach/upmu_common.h:7:0,
                 from drivers/misc/mediatek/mach/mt6735/mt_cpufreq.c:61:
/home/satory-ra/Android/kernel/android_kernel_oukitel_orange/drivers/misc/mediatek/mach/mt6735/include/mach/upmu_hw.h:317:0: note: this is the location of the previous definition
 #define MT6328_VSYS22_CON8           ((MT6328_PMIC_REG_BASE+0x0638))
 ^
In file included from drivers/misc/mediatek/mach/mt6735/mt_cpufreq.c:64:0:
/home/satory-ra/Android/kernel/android_kernel_oukitel_orange/drivers/misc/mediatek/pmic_wrap/mt6735/pwrap_hal.h:701:0: warning: "MT6328_VSYS22_CON9" redefined
 #define MT6328_VSYS22_CON9           ((UINT32)(MT6328_PMIC_REG_BASE+0x063A))
 ^
In file included from /home/satory-ra/Android/kernel/android_kernel_oukitel_orange/drivers/misc/mediatek/mach/mt6735/include/mach/upmu_common.h:7:0,
                 from drivers/misc/mediatek/mach/mt6735/mt_cpufreq.c:61:
/home/satory-ra/Android/kernel/android_kernel_oukitel_orange/drivers/misc/mediatek/mach/mt6735/include/mach/upmu_hw.h:318:0: note: this is the location of the previous definition
 #define MT6328_VSYS22_CON9           ((MT6328_PMIC_REG_BASE+0x063A))
 ^
In file included from drivers/misc/mediatek/mach/mt6735/mt_cpufreq.c:64:0:
/home/satory-ra/Android/kernel/android_kernel_oukitel_orange/drivers/misc/mediatek/pmic_wrap/mt6735/pwrap_hal.h:702:0: warning: "MT6328_VSYS22_CON10" redefined
 #define MT6328_VSYS22_CON10          ((UINT32)(MT6328_PMIC_REG_BASE+0x063C))
 ^
In file included from /home/satory-ra/Android/kernel/android_kernel_oukitel_orange/drivers/misc/mediatek/mach/mt6735/include/mach/upmu_common.h:7:0,
                 from drivers/misc/mediatek/mach/mt6735/mt_cpufreq.c:61:
/home/satory-ra/Android/kernel/android_kernel_oukitel_orange/drivers/misc/mediatek/mach/mt6735/include/mach/upmu_hw.h:319:0: note: this is the location of the previous definition
 #define MT6328_VSYS22_CON10          ((MT6328_PMIC_REG_BASE+0x063C))
 ^
In file included from drivers/misc/mediatek/mach/mt6735/mt_cpufreq.c:64:0:
/home/satory-ra/Android/kernel/android_kernel_oukitel_orange/drivers/misc/mediatek/pmic_wrap/mt6735/pwrap_hal.h:703:0: warning: "MT6328_VSYS22_CON11" redefined
 #define MT6328_VSYS22_CON11          ((UINT32)(MT6328_PMIC_REG_BASE+0x063E))
 ^
In file included from /home/satory-ra/Android/kernel/android_kernel_oukitel_orange/drivers/misc/mediatek/mach/mt6735/include/mach/upmu_common.h:7:0,
                 from drivers/misc/mediatek/mach/mt6735/mt_cpufreq.c:61:
/home/satory-ra/Android/kernel/android_kernel_oukitel_orange/drivers/misc/mediatek/mach/mt6735/include/mach/upmu_hw.h:320:0: note: this is the location of the previous definition
 #define MT6328_VSYS22_CON11          ((MT6328_PMIC_REG_BASE+0x063E))
 ^
In file included from drivers/misc/mediatek/mach/mt6735/mt_cpufreq.c:64:0:
/home/satory-ra/Android/kernel/android_kernel_oukitel_orange/drivers/misc/mediatek/pmic_wrap/mt6735/pwrap_hal.h:704:0: warning: "MT6328_VSYS22_CON12" redefined
 #define MT6328_VSYS22_CON12          ((UINT32)(MT6328_PMIC_REG_BASE+0x0640))
 ^
In file included from /home/satory-ra/Android/kernel/android_kernel_oukitel_orange/drivers/misc/mediatek/mach/mt6735/include/mach/upmu_common.h:7:0,
                 from drivers/misc/mediatek/mach/mt6735/mt_cpufreq.c:61:
/home/satory-ra/Android/kernel/android_kernel_oukitel_orange/drivers/misc/mediatek/mach/mt6735/include/mach/upmu_hw.h:321:0: note: this is the location of the previous definition
 #define MT6328_VSYS22_CON12          ((MT6328_PMIC_REG_BASE+0x0640))
 ^
In file included from drivers/misc/mediatek/mach/mt6735/mt_cpufreq.c:64:0:
/home/satory-ra/Android/kernel/android_kernel_oukitel_orange/drivers/misc/mediatek/pmic_wrap/mt6735/pwrap_hal.h:705:0: warning: "MT6328_VSYS22_CON13" redefined
 #define MT6328_VSYS22_CON13          ((UINT32)(MT6328_PMIC_REG_BASE+0x0642))
 ^
In file included from /home/satory-ra/Android/kernel/android_kernel_oukitel_orange/drivers/misc/mediatek/mach/mt6735/include/mach/upmu_common.h:7:0,
                 from drivers/misc/mediatek/mach/mt6735/mt_cpufreq.c:61:
/home/satory-ra/Android/kernel/android_kernel_oukitel_orange/drivers/misc/mediatek/mach/mt6735/include/mach/upmu_hw.h:322:0: note: this is the location of the previous definition
 #define MT6328_VSYS22_CON13          ((MT6328_PMIC_REG_BASE+0x0642))
 ^
In file included from drivers/misc/mediatek/mach/mt6735/mt_cpufreq.c:64:0:
/home/satory-ra/Android/kernel/android_kernel_oukitel_orange/drivers/misc/mediatek/pmic_wrap/mt6735/pwrap_hal.h:706:0: warning: "MT6328_VSYS22_CON14" redefined
 #define MT6328_VSYS22_CON14          ((UINT32)(MT6328_PMIC_REG_BASE+0x0644))
 ^
In file included from /home/satory-ra/Android/kernel/android_kernel_oukitel_orange/drivers/misc/mediatek/mach/mt6735/include/mach/upmu_common.h:7:0,
                 from drivers/misc/mediatek/mach/mt6735/mt_cpufreq.c:61:
/home/satory-ra/Android/kernel/android_kernel_oukitel_orange/drivers/misc/mediatek/mach/mt6735/include/mach/upmu_hw.h:323:0: note: this is the location of the previous definition
 #define MT6328_VSYS22_CON14          ((MT6328_PMIC_REG_BASE+0x0644))
 ^
In file included from drivers/misc/mediatek/mach/mt6735/mt_cpufreq.c:64:0:
/home/satory-ra/Android/kernel/android_kernel_oukitel_orange/drivers/misc/mediatek/pmic_wrap/mt6735/pwrap_hal.h:707:0: warning: "MT6328_VSYS22_CON15" redefined
 #define MT6328_VSYS22_CON15          ((UINT32)(MT6328_PMIC_REG_BASE+0x0646))
 ^
In file included from /home/satory-ra/Android/kernel/android_kernel_oukitel_orange/drivers/misc/mediatek/mach/mt6735/include/mach/upmu_common.h:7:0,
                 from drivers/misc/mediatek/mach/mt6735/mt_cpufreq.c:61:
/home/satory-ra/Android/kernel/android_kernel_oukitel_orange/drivers/misc/mediatek/mach/mt6735/include/mach/upmu_hw.h:324:0: note: this is the location of the previous definition
 #define MT6328_VSYS22_CON15          ((MT6328_PMIC_REG_BASE+0x0646))
 ^
In file included from drivers/misc/mediatek/mach/mt6735/mt_cpufreq.c:64:0:
/home/satory-ra/Android/kernel/android_kernel_oukitel_orange/drivers/misc/mediatek/pmic_wrap/mt6735/pwrap_hal.h:708:0: warning: "MT6328_VSYS22_CON16" redefined
 #define MT6328_VSYS22_CON16          ((UINT32)(MT6328_PMIC_REG_BASE+0x0648))
 ^
In file included from /home/satory-ra/Android/kernel/android_kernel_oukitel_orange/drivers/misc/mediatek/mach/mt6735/include/mach/upmu_common.h:7:0,
                 from drivers/misc/mediatek/mach/mt6735/mt_cpufreq.c:61:
/home/satory-ra/Android/kernel/android_kernel_oukitel_orange/drivers/misc/mediatek/mach/mt6735/include/mach/upmu_hw.h:325:0: note: this is the location of the previous definition
 #define MT6328_VSYS22_CON16          ((MT6328_PMIC_REG_BASE+0x0648))
 ^
In file included from drivers/misc/mediatek/mach/mt6735/mt_cpufreq.c:64:0:
/home/satory-ra/Android/kernel/android_kernel_oukitel_orange/drivers/misc/mediatek/pmic_wrap/mt6735/pwrap_hal.h:709:0: warning: "MT6328_VSYS22_CON17" redefined
 #define MT6328_VSYS22_CON17          ((UINT32)(MT6328_PMIC_REG_BASE+0x064A))
 ^
In file included from /home/satory-ra/Android/kernel/android_kernel_oukitel_orange/drivers/misc/mediatek/mach/mt6735/include/mach/upmu_common.h:7:0,
                 from drivers/misc/mediatek/mach/mt6735/mt_cpufreq.c:61:
/home/satory-ra/Android/kernel/android_kernel_oukitel_orange/drivers/misc/mediatek/mach/mt6735/include/mach/upmu_hw.h:326:0: note: this is the location of the previous definition
 #define MT6328_VSYS22_CON17          ((MT6328_PMIC_REG_BASE+0x064A))
 ^
In file included from drivers/misc/mediatek/mach/mt6735/mt_cpufreq.c:64:0:
/home/satory-ra/Android/kernel/android_kernel_oukitel_orange/drivers/misc/mediatek/pmic_wrap/mt6735/pwrap_hal.h:710:0: warning: "MT6328_VSYS22_CON18" redefined
 #define MT6328_VSYS22_CON18          ((UINT32)(MT6328_PMIC_REG_BASE+0x064C))
 ^
In file included from /home/satory-ra/Android/kernel/android_kernel_oukitel_orange/drivers/misc/mediatek/mach/mt6735/include/mach/upmu_common.h:7:0,
                 from drivers/misc/mediatek/mach/mt6735/mt_cpufreq.c:61:
/home/satory-ra/Android/kernel/android_kernel_oukitel_orange/drivers/misc/mediatek/mach/mt6735/include/mach/upmu_hw.h:327:0: note: this is the location of the previous definition
 #define MT6328_VSYS22_CON18          ((MT6328_PMIC_REG_BASE+0x064C))
 ^
In file included from drivers/misc/mediatek/mach/mt6735/mt_cpufreq.c:64:0:
/home/satory-ra/Android/kernel/android_kernel_oukitel_orange/drivers/misc/mediatek/pmic_wrap/mt6735/pwrap_hal.h:711:0: warning: "MT6328_VSYS22_CON19" redefined
 #define MT6328_VSYS22_CON19          ((UINT32)(MT6328_PMIC_REG_BASE+0x064E))
 ^
In file included from /home/satory-ra/Android/kernel/android_kernel_oukitel_orange/drivers/misc/mediatek/mach/mt6735/include/mach/upmu_common.h:7:0,
                 from drivers/misc/mediatek/mach/mt6735/mt_cpufreq.c:61:
/home/satory-ra/Android/kernel/android_kernel_oukitel_orange/drivers/misc/mediatek/mach/mt6735/include/mach/upmu_hw.h:328:0: note: this is the location of the previous definition
 #define MT6328_VSYS22_CON19          ((MT6328_PMIC_REG_BASE+0x064E))
 ^
In file included from drivers/misc/mediatek/mach/mt6735/mt_cpufreq.c:64:0:
/home/satory-ra/Android/kernel/android_kernel_oukitel_orange/drivers/misc/mediatek/pmic_wrap/mt6735/pwrap_hal.h:712:0: warning: "MT6328_VPA_CON0" redefined
 #define MT6328_VPA_CON0              ((UINT32)(MT6328_PMIC_REG_BASE+0x0650))
 ^
In file included from /home/satory-ra/Android/kernel/android_kernel_oukitel_orange/drivers/misc/mediatek/mach/mt6735/include/mach/upmu_common.h:7:0,
                 from drivers/misc/mediatek/mach/mt6735/mt_cpufreq.c:61:
/home/satory-ra/Android/kernel/android_kernel_oukitel_orange/drivers/misc/mediatek/mach/mt6735/include/mach/upmu_hw.h:329:0: note: this is the location of the previous definition
 #define MT6328_VPA_CON0              ((MT6328_PMIC_REG_BASE+0x0650))
 ^
In file included from drivers/misc/mediatek/mach/mt6735/mt_cpufreq.c:64:0:
/home/satory-ra/Android/kernel/android_kernel_oukitel_orange/drivers/misc/mediatek/pmic_wrap/mt6735/pwrap_hal.h:713:0: warning: "MT6328_VPA_CON7" redefined
 #define MT6328_VPA_CON7              ((UINT32)(MT6328_PMIC_REG_BASE+0x065E))
 ^
In file included from /home/satory-ra/Android/kernel/android_kernel_oukitel_orange/drivers/misc/mediatek/mach/mt6735/include/mach/upmu_common.h:7:0,
                 from drivers/misc/mediatek/mach/mt6735/mt_cpufreq.c:61:
/home/satory-ra/Android/kernel/android_kernel_oukitel_orange/drivers/misc/mediatek/mach/mt6735/include/mach/upmu_hw.h:336:0: note: this is the location of the previous definition
 #define MT6328_VPA_CON7              ((MT6328_PMIC_REG_BASE+0x065E))
 ^
In file included from drivers/misc/mediatek/mach/mt6735/mt_cpufreq.c:64:0:
/home/satory-ra/Android/kernel/android_kernel_oukitel_orange/drivers/misc/mediatek/pmic_wrap/mt6735/pwrap_hal.h:714:0: warning: "MT6328_VPA_CON8" redefined
 #define MT6328_VPA_CON8              ((UINT32)(MT6328_PMIC_REG_BASE+0x0660))
 ^
In file included from /home/satory-ra/Android/kernel/android_kernel_oukitel_orange/drivers/misc/mediatek/mach/mt6735/include/mach/upmu_common.h:7:0,
                 from drivers/misc/mediatek/mach/mt6735/mt_cpufreq.c:61:
/home/satory-ra/Android/kernel/android_kernel_oukitel_orange/drivers/misc/mediatek/mach/mt6735/include/mach/upmu_hw.h:337:0: note: this is the location of the previous definition
 #define MT6328_VPA_CON8              ((MT6328_PMIC_REG_BASE+0x0660))
 ^
In file included from drivers/misc/mediatek/mach/mt6735/mt_cpufreq.c:64:0:
/home/satory-ra/Android/kernel/android_kernel_oukitel_orange/drivers/misc/mediatek/pmic_wrap/mt6735/pwrap_hal.h:715:0: warning: "MT6328_VPA_CON9" redefined
 #define MT6328_VPA_CON9              ((UINT32)(MT6328_PMIC_REG_BASE+0x0662))
 ^
In file included from /home/satory-ra/Android/kernel/android_kernel_oukitel_orange/drivers/misc/mediatek/mach/mt6735/include/mach/upmu_common.h:7:0,
                 from drivers/misc/mediatek/mach/mt6735/mt_cpufreq.c:61:
/home/satory-ra/Android/kernel/android_kernel_oukitel_orange/drivers/misc/mediatek/mach/mt6735/include/mach/upmu_hw.h:338:0: note: this is the location of the previous definition
 #define MT6328_VPA_CON9              ((MT6328_PMIC_REG_BASE+0x0662))
 ^
In file included from drivers/misc/mediatek/mach/mt6735/mt_cpufreq.c:64:0:
/home/satory-ra/Android/kernel/android_kernel_oukitel_orange/drivers/misc/mediatek/pmic_wrap/mt6735/pwrap_hal.h:716:0: warning: "MT6328_VPA_CON10" redefined
 #define MT6328_VPA_CON10             ((UINT32)(MT6328_PMIC_REG_BASE+0x0664))
 ^
In file included from /home/satory-ra/Android/kernel/android_kernel_oukitel_orange/drivers/misc/mediatek/mach/mt6735/include/mach/upmu_common.h:7:0,
                 from drivers/misc/mediatek/mach/mt6735/mt_cpufreq.c:61:
/home/satory-ra/Android/kernel/android_kernel_oukitel_orange/drivers/misc/mediatek/mach/mt6735/include/mach/upmu_hw.h:339:0: note: this is the location of the previous definition
 #define MT6328_VPA_CON10             ((MT6328_PMIC_REG_BASE+0x0664))
 ^
In file included from drivers/misc/mediatek/mach/mt6735/mt_cpufreq.c:64:0:
/home/satory-ra/Android/kernel/android_kernel_oukitel_orange/drivers/misc/mediatek/pmic_wrap/mt6735/pwrap_hal.h:717:0: warning: "MT6328_VPA_CON11" redefined
 #define MT6328_VPA_CON11             ((UINT32)(MT6328_PMIC_REG_BASE+0x0666))
 ^
In file included from /home/satory-ra/Android/kernel/android_kernel_oukitel_orange/drivers/misc/mediatek/mach/mt6735/include/mach/upmu_common.h:7:0,
                 from drivers/misc/mediatek/mach/mt6735/mt_cpufreq.c:61:
/home/satory-ra/Android/kernel/android_kernel_oukitel_orange/drivers/misc/mediatek/mach/mt6735/include/mach/upmu_hw.h:340:0: note: this is the location of the previous definition
 #define MT6328_VPA_CON11             ((MT6328_PMIC_REG_BASE+0x0666))
 ^
In file included from drivers/misc/mediatek/mach/mt6735/mt_cpufreq.c:64:0:
/home/satory-ra/Android/kernel/android_kernel_oukitel_orange/drivers/misc/mediatek/pmic_wrap/mt6735/pwrap_hal.h:718:0: warning: "MT6328_VPA_CON12" redefined
 #define MT6328_VPA_CON12             ((UINT32)(MT6328_PMIC_REG_BASE+0x0668))
 ^
In file included from /home/satory-ra/Android/kernel/android_kernel_oukitel_orange/drivers/misc/mediatek/mach/mt6735/include/mach/upmu_common.h:7:0,
                 from drivers/misc/mediatek/mach/mt6735/mt_cpufreq.c:61:
/home/satory-ra/Android/kernel/android_kernel_oukitel_orange/drivers/misc/mediatek/mach/mt6735/include/mach/upmu_hw.h:341:0: note: this is the location of the previous definition
 #define MT6328_VPA_CON12             ((MT6328_PMIC_REG_BASE+0x0668))
 ^
In file included from drivers/misc/mediatek/mach/mt6735/mt_cpufreq.c:64:0:
/home/satory-ra/Android/kernel/android_kernel_oukitel_orange/drivers/misc/mediatek/pmic_wrap/mt6735/pwrap_hal.h:719:0: warning: "MT6328_VPA_CON13" redefined
 #define MT6328_VPA_CON13             ((UINT32)(MT6328_PMIC_REG_BASE+0x066A))
 ^
In file included from /home/satory-ra/Android/kernel/android_kernel_oukitel_orange/drivers/misc/mediatek/mach/mt6735/include/mach/upmu_common.h:7:0,
                 from drivers/misc/mediatek/mach/mt6735/mt_cpufreq.c:61:
/home/satory-ra/Android/kernel/android_kernel_oukitel_orange/drivers/misc/mediatek/mach/mt6735/include/mach/upmu_hw.h:342:0: note: this is the location of the previous definition
 #define MT6328_VPA_CON13             ((MT6328_PMIC_REG_BASE+0x066A))
 ^
In file included from drivers/misc/mediatek/mach/mt6735/mt_cpufreq.c:64:0:
/home/satory-ra/Android/kernel/android_kernel_oukitel_orange/drivers/misc/mediatek/pmic_wrap/mt6735/pwrap_hal.h:720:0: warning: "MT6328_VPA_CON14" redefined
 #define MT6328_VPA_CON14             ((UINT32)(MT6328_PMIC_REG_BASE+0x066C))
 ^
In file included from /home/satory-ra/Android/kernel/android_kernel_oukitel_orange/drivers/misc/mediatek/mach/mt6735/include/mach/upmu_common.h:7:0,
                 from drivers/misc/mediatek/mach/mt6735/mt_cpufreq.c:61:
/home/satory-ra/Android/kernel/android_kernel_oukitel_orange/drivers/misc/mediatek/mach/mt6735/include/mach/upmu_hw.h:343:0: note: this is the location of the previous definition
 #define MT6328_VPA_CON14             ((MT6328_PMIC_REG_BASE+0x066C))
 ^
In file included from drivers/misc/mediatek/mach/mt6735/mt_cpufreq.c:64:0:
/home/satory-ra/Android/kernel/android_kernel_oukitel_orange/drivers/misc/mediatek/pmic_wrap/mt6735/pwrap_hal.h:721:0: warning: "MT6328_VPA_CON15" redefined
 #define MT6328_VPA_CON15             ((UINT32)(MT6328_PMIC_REG_BASE+0x066E))
 ^
In file included from /home/satory-ra/Android/kernel/android_kernel_oukitel_orange/drivers/misc/mediatek/mach/mt6735/include/mach/upmu_common.h:7:0,
                 from drivers/misc/mediatek/mach/mt6735/mt_cpufreq.c:61:
/home/satory-ra/Android/kernel/android_kernel_oukitel_orange/drivers/misc/mediatek/mach/mt6735/include/mach/upmu_hw.h:344:0: note: this is the location of the previous definition
 #define MT6328_VPA_CON15             ((MT6328_PMIC_REG_BASE+0x066E))
 ^
In file included from drivers/misc/mediatek/mach/mt6735/mt_cpufreq.c:64:0:
/home/satory-ra/Android/kernel/android_kernel_oukitel_orange/drivers/misc/mediatek/pmic_wrap/mt6735/pwrap_hal.h:722:0: warning: "MT6328_VPA_CON16" redefined
 #define MT6328_VPA_CON16             ((UINT32)(MT6328_PMIC_REG_BASE+0x0670))
 ^
In file included from /home/satory-ra/Android/kernel/android_kernel_oukitel_orange/drivers/misc/mediatek/mach/mt6735/include/mach/upmu_common.h:7:0,
                 from drivers/misc/mediatek/mach/mt6735/mt_cpufreq.c:61:
/home/satory-ra/Android/kernel/android_kernel_oukitel_orange/drivers/misc/mediatek/mach/mt6735/include/mach/upmu_hw.h:345:0: note: this is the location of the previous definition
 #define MT6328_VPA_CON16             ((MT6328_PMIC_REG_BASE+0x0670))
 ^
In file included from drivers/misc/mediatek/mach/mt6735/mt_cpufreq.c:64:0:
/home/satory-ra/Android/kernel/android_kernel_oukitel_orange/drivers/misc/mediatek/pmic_wrap/mt6735/pwrap_hal.h:723:0: warning: "MT6328_VPA_CON17" redefined
 #define MT6328_VPA_CON17             ((UINT32)(MT6328_PMIC_REG_BASE+0x0672))
 ^
In file included from /home/satory-ra/Android/kernel/android_kernel_oukitel_orange/drivers/misc/mediatek/mach/mt6735/include/mach/upmu_common.h:7:0,
                 from drivers/misc/mediatek/mach/mt6735/mt_cpufreq.c:61:
/home/satory-ra/Android/kernel/android_kernel_oukitel_orange/drivers/misc/mediatek/mach/mt6735/include/mach/upmu_hw.h:346:0: note: this is the location of the previous definition
 #define MT6328_VPA_CON17             ((MT6328_PMIC_REG_BASE+0x0672))
 ^
In file included from drivers/misc/mediatek/mach/mt6735/mt_cpufreq.c:64:0:
/home/satory-ra/Android/kernel/android_kernel_oukitel_orange/drivers/misc/mediatek/pmic_wrap/mt6735/pwrap_hal.h:724:0: warning: "MT6328_VPA_CON18" redefined
 #define MT6328_VPA_CON18             ((UINT32)(MT6328_PMIC_REG_BASE+0x0674))
 ^
In file included from /home/satory-ra/Android/kernel/android_kernel_oukitel_orange/drivers/misc/mediatek/mach/mt6735/include/mach/upmu_common.h:7:0,
                 from drivers/misc/mediatek/mach/mt6735/mt_cpufreq.c:61:
/home/satory-ra/Android/kernel/android_kernel_oukitel_orange/drivers/misc/mediatek/mach/mt6735/include/mach/upmu_hw.h:347:0: note: this is the location of the previous definition
 #define MT6328_VPA_CON18             ((MT6328_PMIC_REG_BASE+0x0674))
 ^
In file included from drivers/misc/mediatek/mach/mt6735/mt_cpufreq.c:64:0:
/home/satory-ra/Android/kernel/android_kernel_oukitel_orange/drivers/misc/mediatek/pmic_wrap/mt6735/pwrap_hal.h:725:0: warning: "MT6328_VPA_CON19" redefined
 #define MT6328_VPA_CON19             ((UINT32)(MT6328_PMIC_REG_BASE+0x0676))
 ^
In file included from /home/satory-ra/Android/kernel/android_kernel_oukitel_orange/drivers/misc/mediatek/mach/mt6735/include/mach/upmu_common.h:7:0,
                 from drivers/misc/mediatek/mach/mt6735/mt_cpufreq.c:61:
/home/satory-ra/Android/kernel/android_kernel_oukitel_orange/drivers/misc/mediatek/mach/mt6735/include/mach/upmu_hw.h:348:0: note: this is the location of the previous definition
 #define MT6328_VPA_CON19             ((MT6328_PMIC_REG_BASE+0x0676))
 ^
In file included from drivers/misc/mediatek/mach/mt6735/mt_cpufreq.c:64:0:
/home/satory-ra/Android/kernel/android_kernel_oukitel_orange/drivers/misc/mediatek/pmic_wrap/mt6735/pwrap_hal.h:726:0: warning: "MT6328_VPA_CON20" redefined
 #define MT6328_VPA_CON20             ((UINT32)(MT6328_PMIC_REG_BASE+0x0678))
 ^
In file included from /home/satory-ra/Android/kernel/android_kernel_oukitel_orange/drivers/misc/mediatek/mach/mt6735/include/mach/upmu_common.h:7:0,
                 from drivers/misc/mediatek/mach/mt6735/mt_cpufreq.c:61:
/home/satory-ra/Android/kernel/android_kernel_oukitel_orange/drivers/misc/mediatek/mach/mt6735/include/mach/upmu_hw.h:349:0: note: this is the location of the previous definition
 #define MT6328_VPA_CON20             ((MT6328_PMIC_REG_BASE+0x0678))
 ^
In file included from drivers/misc/mediatek/mach/mt6735/mt_cpufreq.c:64:0:
/home/satory-ra/Android/kernel/android_kernel_oukitel_orange/drivers/misc/mediatek/pmic_wrap/mt6735/pwrap_hal.h:727:0: warning: "MT6328_VPA_CON21" redefined
 #define MT6328_VPA_CON21             ((UINT32)(MT6328_PMIC_REG_BASE+0x067A))
 ^
In file included from /home/satory-ra/Android/kernel/android_kernel_oukitel_orange/drivers/misc/mediatek/mach/mt6735/include/mach/upmu_common.h:7:0,
                 from drivers/misc/mediatek/mach/mt6735/mt_cpufreq.c:61:
/home/satory-ra/Android/kernel/android_kernel_oukitel_orange/drivers/misc/mediatek/mach/mt6735/include/mach/upmu_hw.h:350:0: note: this is the location of the previous definition
 #define MT6328_VPA_CON21             ((MT6328_PMIC_REG_BASE+0x067A))
 ^
In file included from drivers/misc/mediatek/mach/mt6735/mt_cpufreq.c:64:0:
/home/satory-ra/Android/kernel/android_kernel_oukitel_orange/drivers/misc/mediatek/pmic_wrap/mt6735/pwrap_hal.h:728:0: warning: "MT6328_VPA_CON22" redefined
 #define MT6328_VPA_CON22             ((UINT32)(MT6328_PMIC_REG_BASE+0x067C))
 ^
In file included from /home/satory-ra/Android/kernel/android_kernel_oukitel_orange/drivers/misc/mediatek/mach/mt6735/include/mach/upmu_common.h:7:0,
                 from drivers/misc/mediatek/mach/mt6735/mt_cpufreq.c:61:
/home/satory-ra/Android/kernel/android_kernel_oukitel_orange/drivers/misc/mediatek/mach/mt6735/include/mach/upmu_hw.h:351:0: note: this is the location of the previous definition
 #define MT6328_VPA_CON22             ((MT6328_PMIC_REG_BASE+0x067C))
 ^
In file included from drivers/misc/mediatek/mach/mt6735/mt_cpufreq.c:64:0:
/home/satory-ra/Android/kernel/android_kernel_oukitel_orange/drivers/misc/mediatek/pmic_wrap/mt6735/pwrap_hal.h:729:0: warning: "MT6328_VPA_CON23" redefined
 #define MT6328_VPA_CON23             ((UINT32)(MT6328_PMIC_REG_BASE+0x067E))
 ^
In file included from /home/satory-ra/Android/kernel/android_kernel_oukitel_orange/drivers/misc/mediatek/mach/mt6735/include/mach/upmu_common.h:7:0,
                 from drivers/misc/mediatek/mach/mt6735/mt_cpufreq.c:61:
/home/satory-ra/Android/kernel/android_kernel_oukitel_orange/drivers/misc/mediatek/mach/mt6735/include/mach/upmu_hw.h:352:0: note: this is the location of the previous definition
 #define MT6328_VPA_CON23             ((MT6328_PMIC_REG_BASE+0x067E))
 ^
In file included from drivers/misc/mediatek/mach/mt6735/mt_cpufreq.c:64:0:
/home/satory-ra/Android/kernel/android_kernel_oukitel_orange/drivers/misc/mediatek/pmic_wrap/mt6735/pwrap_hal.h:730:0: warning: "MT6328_VPA_CON24" redefined
 #define MT6328_VPA_CON24             ((UINT32)(MT6328_PMIC_REG_BASE+0x0680))
 ^
In file included from /home/satory-ra/Android/kernel/android_kernel_oukitel_orange/drivers/misc/mediatek/mach/mt6735/include/mach/upmu_common.h:7:0,
                 from drivers/misc/mediatek/mach/mt6735/mt_cpufreq.c:61:
/home/satory-ra/Android/kernel/android_kernel_oukitel_orange/drivers/misc/mediatek/mach/mt6735/include/mach/upmu_hw.h:353:0: note: this is the location of the previous definition
 #define MT6328_VPA_CON24             ((MT6328_PMIC_REG_BASE+0x0680))
 ^
In file included from drivers/misc/mediatek/mach/mt6735/mt_cpufreq.c:64:0:
/home/satory-ra/Android/kernel/android_kernel_oukitel_orange/drivers/misc/mediatek/pmic_wrap/mt6735/pwrap_hal.h:731:0: warning: "MT6328_BUCK_K_CON0" redefined
 #define MT6328_BUCK_K_CON0           ((UINT32)(MT6328_PMIC_REG_BASE+0x0682))
 ^
In file included from /home/satory-ra/Android/kernel/android_kernel_oukitel_orange/drivers/misc/mediatek/mach/mt6735/include/mach/upmu_common.h:7:0,
                 from drivers/misc/mediatek/mach/mt6735/mt_cpufreq.c:61:
/home/satory-ra/Android/kernel/android_kernel_oukitel_orange/drivers/misc/mediatek/mach/mt6735/include/mach/upmu_hw.h:354:0: note: this is the location of the previous definition
 #define MT6328_BUCK_K_CON0           ((MT6328_PMIC_REG_BASE+0x0682))
 ^
In file included from drivers/misc/mediatek/mach/mt6735/mt_cpufreq.c:64:0:
/home/satory-ra/Android/kernel/android_kernel_oukitel_orange/drivers/misc/mediatek/pmic_wrap/mt6735/pwrap_hal.h:732:0: warning: "MT6328_BUCK_K_CON1" redefined
 #define MT6328_BUCK_K_CON1           ((UINT32)(MT6328_PMIC_REG_BASE+0x0684))
 ^
In file included from /home/satory-ra/Android/kernel/android_kernel_oukitel_orange/drivers/misc/mediatek/mach/mt6735/include/mach/upmu_common.h:7:0,
                 from drivers/misc/mediatek/mach/mt6735/mt_cpufreq.c:61:
/home/satory-ra/Android/kernel/android_kernel_oukitel_orange/drivers/misc/mediatek/mach/mt6735/include/mach/upmu_hw.h:355:0: note: this is the location of the previous definition
 #define MT6328_BUCK_K_CON1           ((MT6328_PMIC_REG_BASE+0x0684))
 ^
In file included from drivers/misc/mediatek/mach/mt6735/mt_cpufreq.c:64:0:
/home/satory-ra/Android/kernel/android_kernel_oukitel_orange/drivers/misc/mediatek/pmic_wrap/mt6735/pwrap_hal.h:733:0: warning: "MT6328_BUCK_K_CON2" redefined
 #define MT6328_BUCK_K_CON2           ((UINT32)(MT6328_PMIC_REG_BASE+0x0686))
 ^
In file included from /home/satory-ra/Android/kernel/android_kernel_oukitel_orange/drivers/misc/mediatek/mach/mt6735/include/mach/upmu_common.h:7:0,
                 from drivers/misc/mediatek/mach/mt6735/mt_cpufreq.c:61:
/home/satory-ra/Android/kernel/android_kernel_oukitel_orange/drivers/misc/mediatek/mach/mt6735/include/mach/upmu_hw.h:356:0: note: this is the location of the previous definition
 #define MT6328_BUCK_K_CON2           ((MT6328_PMIC_REG_BASE+0x0686))
 ^
In file included from drivers/misc/mediatek/mach/mt6735/mt_cpufreq.c:64:0:
/home/satory-ra/Android/kernel/android_kernel_oukitel_orange/drivers/misc/mediatek/pmic_wrap/mt6735/pwrap_hal.h:734:0: warning: "MT6328_BUCK_K_CON3" redefined
 #define MT6328_BUCK_K_CON3           ((UINT32)(MT6328_PMIC_REG_BASE+0x0688))
 ^
In file included from /home/satory-ra/Android/kernel/android_kernel_oukitel_orange/drivers/misc/mediatek/mach/mt6735/include/mach/upmu_common.h:7:0,
                 from drivers/misc/mediatek/mach/mt6735/mt_cpufreq.c:61:
/home/satory-ra/Android/kernel/android_kernel_oukitel_orange/drivers/misc/mediatek/mach/mt6735/include/mach/upmu_hw.h:357:0: note: this is the location of the previous definition
 #define MT6328_BUCK_K_CON3           ((MT6328_PMIC_REG_BASE+0x0688))
 ^
In file included from drivers/misc/mediatek/mach/mt6735/mt_cpufreq.c:64:0:
/home/satory-ra/Android/kernel/android_kernel_oukitel_orange/drivers/misc/mediatek/pmic_wrap/mt6735/pwrap_hal.h:735:0: warning: "MT6328_ZCD_CON0" redefined
 #define MT6328_ZCD_CON0              ((UINT32)(MT6328_PMIC_REG_BASE+0x0800))
 ^
In file included from /home/satory-ra/Android/kernel/android_kernel_oukitel_orange/drivers/misc/mediatek/mach/mt6735/include/mach/upmu_common.h:7:0,
                 from drivers/misc/mediatek/mach/mt6735/mt_cpufreq.c:61:
/home/satory-ra/Android/kernel/android_kernel_oukitel_orange/drivers/misc/mediatek/mach/mt6735/include/mach/upmu_hw.h:358:0: note: this is the location of the previous definition
 #define MT6328_ZCD_CON0              ((MT6328_PMIC_REG_BASE+0x0800))
 ^
In file included from drivers/misc/mediatek/mach/mt6735/mt_cpufreq.c:64:0:
/home/satory-ra/Android/kernel/android_kernel_oukitel_orange/drivers/misc/mediatek/pmic_wrap/mt6735/pwrap_hal.h:736:0: warning: "MT6328_ZCD_CON1" redefined
 #define MT6328_ZCD_CON1              ((UINT32)(MT6328_PMIC_REG_BASE+0x0802))
 ^
In file included from /home/satory-ra/Android/kernel/android_kernel_oukitel_orange/drivers/misc/mediatek/mach/mt6735/include/mach/upmu_common.h:7:0,
                 from drivers/misc/mediatek/mach/mt6735/mt_cpufreq.c:61:
/home/satory-ra/Android/kernel/android_kernel_oukitel_orange/drivers/misc/mediatek/mach/mt6735/include/mach/upmu_hw.h:359:0: note: this is the location of the previous definition
 #define MT6328_ZCD_CON1              ((MT6328_PMIC_REG_BASE+0x0802))
 ^
In file included from drivers/misc/mediatek/mach/mt6735/mt_cpufreq.c:64:0:
/home/satory-ra/Android/kernel/android_kernel_oukitel_orange/drivers/misc/mediatek/pmic_wrap/mt6735/pwrap_hal.h:737:0: warning: "MT6328_ZCD_CON2" redefined
 #define MT6328_ZCD_CON2              ((UINT32)(MT6328_PMIC_REG_BASE+0x0804))
 ^
  CC      drivers/video/fbcmap.o
In file included from /home/satory-ra/Android/kernel/android_kernel_oukitel_orange/drivers/misc/mediatek/mach/mt6735/include/mach/upmu_common.h:7:0,
                 from drivers/misc/mediatek/mach/mt6735/mt_cpufreq.c:61:
/home/satory-ra/Android/kernel/android_kernel_oukitel_orange/drivers/misc/mediatek/mach/mt6735/include/mach/upmu_hw.h:360:0: note: this is the location of the previous definition
 #define MT6328_ZCD_CON2              ((MT6328_PMIC_REG_BASE+0x0804))
 ^
In file included from drivers/misc/mediatek/mach/mt6735/mt_cpufreq.c:64:0:
/home/satory-ra/Android/kernel/android_kernel_oukitel_orange/drivers/misc/mediatek/pmic_wrap/mt6735/pwrap_hal.h:738:0: warning: "MT6328_ZCD_CON3" redefined
 #define MT6328_ZCD_CON3              ((UINT32)(MT6328_PMIC_REG_BASE+0x0806))
 ^
In file included from /home/satory-ra/Android/kernel/android_kernel_oukitel_orange/drivers/misc/mediatek/mach/mt6735/include/mach/upmu_common.h:7:0,
                 from drivers/misc/mediatek/mach/mt6735/mt_cpufreq.c:61:
/home/satory-ra/Android/kernel/android_kernel_oukitel_orange/drivers/misc/mediatek/mach/mt6735/include/mach/upmu_hw.h:361:0: note: this is the location of the previous definition
 #define MT6328_ZCD_CON3              ((MT6328_PMIC_REG_BASE+0x0806))
 ^
In file included from drivers/misc/mediatek/mach/mt6735/mt_cpufreq.c:64:0:
/home/satory-ra/Android/kernel/android_kernel_oukitel_orange/drivers/misc/mediatek/pmic_wrap/mt6735/pwrap_hal.h:739:0: warning: "MT6328_ZCD_CON4" redefined
 #define MT6328_ZCD_CON4              ((UINT32)(MT6328_PMIC_REG_BASE+0x0808))
 ^
In file included from /home/satory-ra/Android/kernel/android_kernel_oukitel_orange/drivers/misc/mediatek/mach/mt6735/include/mach/upmu_common.h:7:0,
                 from drivers/misc/mediatek/mach/mt6735/mt_cpufreq.c:61:
/home/satory-ra/Android/kernel/android_kernel_oukitel_orange/drivers/misc/mediatek/mach/mt6735/include/mach/upmu_hw.h:362:0: note: this is the location of the previous definition
 #define MT6328_ZCD_CON4              ((MT6328_PMIC_REG_BASE+0x0808))
 ^
In file included from drivers/misc/mediatek/mach/mt6735/mt_cpufreq.c:64:0:
/home/satory-ra/Android/kernel/android_kernel_oukitel_orange/drivers/misc/mediatek/pmic_wrap/mt6735/pwrap_hal.h:740:0: warning: "MT6328_ZCD_CON5" redefined
 #define MT6328_ZCD_CON5              ((UINT32)(MT6328_PMIC_REG_BASE+0x080A))
 ^
In file included from /home/satory-ra/Android/kernel/android_kernel_oukitel_orange/drivers/misc/mediatek/mach/mt6735/include/mach/upmu_common.h:7:0,
                 from drivers/misc/mediatek/mach/mt6735/mt_cpufreq.c:61:
/home/satory-ra/Android/kernel/android_kernel_oukitel_orange/drivers/misc/mediatek/mach/mt6735/include/mach/upmu_hw.h:363:0: note: this is the location of the previous definition
 #define MT6328_ZCD_CON5              ((MT6328_PMIC_REG_BASE+0x080A))
 ^
In file included from drivers/misc/mediatek/mach/mt6735/mt_cpufreq.c:64:0:
/home/satory-ra/Android/kernel/android_kernel_oukitel_orange/drivers/misc/mediatek/pmic_wrap/mt6735/pwrap_hal.h:741:0: warning: "MT6328_ISINK0_CON0" redefined
 #define MT6328_ISINK0_CON0           ((UINT32)(MT6328_PMIC_REG_BASE+0x080C))
 ^
In file included from /home/satory-ra/Android/kernel/android_kernel_oukitel_orange/drivers/misc/mediatek/mach/mt6735/include/mach/upmu_common.h:7:0,
                 from drivers/misc/mediatek/mach/mt6735/mt_cpufreq.c:61:
/home/satory-ra/Android/kernel/android_kernel_oukitel_orange/drivers/misc/mediatek/mach/mt6735/include/mach/upmu_hw.h:364:0: note: this is the location of the previous definition
 #define MT6328_ISINK0_CON0           ((MT6328_PMIC_REG_BASE+0x080C))
 ^
In file included from drivers/misc/mediatek/mach/mt6735/mt_cpufreq.c:64:0:
/home/satory-ra/Android/kernel/android_kernel_oukitel_orange/drivers/misc/mediatek/pmic_wrap/mt6735/pwrap_hal.h:742:0: warning: "MT6328_ISINK0_CON1" redefined
 #define MT6328_ISINK0_CON1           ((UINT32)(MT6328_PMIC_REG_BASE+0x080E))
 ^
In file included from /home/satory-ra/Android/kernel/android_kernel_oukitel_orange/drivers/misc/mediatek/mach/mt6735/include/mach/upmu_common.h:7:0,
                 from drivers/misc/mediatek/mach/mt6735/mt_cpufreq.c:61:
/home/satory-ra/Android/kernel/android_kernel_oukitel_orange/drivers/misc/mediatek/mach/mt6735/include/mach/upmu_hw.h:365:0: note: this is the location of the previous definition
 #define MT6328_ISINK0_CON1           ((MT6328_PMIC_REG_BASE+0x080E))
 ^
In file included from drivers/misc/mediatek/mach/mt6735/mt_cpufreq.c:64:0:
/home/satory-ra/Android/kernel/android_kernel_oukitel_orange/drivers/misc/mediatek/pmic_wrap/mt6735/pwrap_hal.h:743:0: warning: "MT6328_ISINK0_CON2" redefined
 #define MT6328_ISINK0_CON2           ((UINT32)(MT6328_PMIC_REG_BASE+0x0810))
 ^
In file included from /home/satory-ra/Android/kernel/android_kernel_oukitel_orange/drivers/misc/mediatek/mach/mt6735/include/mach/upmu_common.h:7:0,
                 from drivers/misc/mediatek/mach/mt6735/mt_cpufreq.c:61:
/home/satory-ra/Android/kernel/android_kernel_oukitel_orange/drivers/misc/mediatek/mach/mt6735/include/mach/upmu_hw.h:366:0: note: this is the location of the previous definition
 #define MT6328_ISINK0_CON2           ((MT6328_PMIC_REG_BASE+0x0810))
 ^
In file included from drivers/misc/mediatek/mach/mt6735/mt_cpufreq.c:64:0:
/home/satory-ra/Android/kernel/android_kernel_oukitel_orange/drivers/misc/mediatek/pmic_wrap/mt6735/pwrap_hal.h:744:0: warning: "MT6328_ISINK0_CON3" redefined
 #define MT6328_ISINK0_CON3           ((UINT32)(MT6328_PMIC_REG_BASE+0x0812))
 ^
In file included from /home/satory-ra/Android/kernel/android_kernel_oukitel_orange/drivers/misc/mediatek/mach/mt6735/include/mach/upmu_common.h:7:0,
                 from drivers/misc/mediatek/mach/mt6735/mt_cpufreq.c:61:
/home/satory-ra/Android/kernel/android_kernel_oukitel_orange/drivers/misc/mediatek/mach/mt6735/include/mach/upmu_hw.h:367:0: note: this is the location of the previous definition
 #define MT6328_ISINK0_CON3           ((MT6328_PMIC_REG_BASE+0x0812))
 ^
In file included from drivers/misc/mediatek/mach/mt6735/mt_cpufreq.c:64:0:
/home/satory-ra/Android/kernel/android_kernel_oukitel_orange/drivers/misc/mediatek/pmic_wrap/mt6735/pwrap_hal.h:745:0: warning: "MT6328_ISINK1_CON0" redefined
 #define MT6328_ISINK1_CON0           ((UINT32)(MT6328_PMIC_REG_BASE+0x0814))
 ^
In file included from /home/satory-ra/Android/kernel/android_kernel_oukitel_orange/drivers/misc/mediatek/mach/mt6735/include/mach/upmu_common.h:7:0,
                 from drivers/misc/mediatek/mach/mt6735/mt_cpufreq.c:61:
/home/satory-ra/Android/kernel/android_kernel_oukitel_orange/drivers/misc/mediatek/mach/mt6735/include/mach/upmu_hw.h:368:0: note: this is the location of the previous definition
 #define MT6328_ISINK1_CON0           ((MT6328_PMIC_REG_BASE+0x0814))
 ^
In file included from drivers/misc/mediatek/mach/mt6735/mt_cpufreq.c:64:0:
/home/satory-ra/Android/kernel/android_kernel_oukitel_orange/drivers/misc/mediatek/pmic_wrap/mt6735/pwrap_hal.h:746:0: warning: "MT6328_ISINK1_CON1" redefined
 #define MT6328_ISINK1_CON1           ((UINT32)(MT6328_PMIC_REG_BASE+0x0816))
 ^
In file included from /home/satory-ra/Android/kernel/android_kernel_oukitel_orange/drivers/misc/mediatek/mach/mt6735/include/mach/upmu_common.h:7:0,
                 from drivers/misc/mediatek/mach/mt6735/mt_cpufreq.c:61:
/home/satory-ra/Android/kernel/android_kernel_oukitel_orange/drivers/misc/mediatek/mach/mt6735/include/mach/upmu_hw.h:369:0: note: this is the location of the previous definition
 #define MT6328_ISINK1_CON1           ((MT6328_PMIC_REG_BASE+0x0816))
 ^
In file included from drivers/misc/mediatek/mach/mt6735/mt_cpufreq.c:64:0:
/home/satory-ra/Android/kernel/android_kernel_oukitel_orange/drivers/misc/mediatek/pmic_wrap/mt6735/pwrap_hal.h:747:0: warning: "MT6328_ISINK1_CON2" redefined
 #define MT6328_ISINK1_CON2           ((UINT32)(MT6328_PMIC_REG_BASE+0x0818))
 ^
In file included from /home/satory-ra/Android/kernel/android_kernel_oukitel_orange/drivers/misc/mediatek/mach/mt6735/include/mach/upmu_common.h:7:0,
                 from drivers/misc/mediatek/mach/mt6735/mt_cpufreq.c:61:
/home/satory-ra/Android/kernel/android_kernel_oukitel_orange/drivers/misc/mediatek/mach/mt6735/include/mach/upmu_hw.h:370:0: note: this is the location of the previous definition
 #define MT6328_ISINK1_CON2           ((MT6328_PMIC_REG_BASE+0x0818))
 ^
In file included from drivers/misc/mediatek/mach/mt6735/mt_cpufreq.c:64:0:
/home/satory-ra/Android/kernel/android_kernel_oukitel_orange/drivers/misc/mediatek/pmic_wrap/mt6735/pwrap_hal.h:748:0: warning: "MT6328_ISINK1_CON3" redefined
 #define MT6328_ISINK1_CON3           ((UINT32)(MT6328_PMIC_REG_BASE+0x081A))
 ^
In file included from /home/satory-ra/Android/kernel/android_kernel_oukitel_orange/drivers/misc/mediatek/mach/mt6735/include/mach/upmu_common.h:7:0,
                 from drivers/misc/mediatek/mach/mt6735/mt_cpufreq.c:61:
/home/satory-ra/Android/kernel/android_kernel_oukitel_orange/drivers/misc/mediatek/mach/mt6735/include/mach/upmu_hw.h:371:0: note: this is the location of the previous definition
 #define MT6328_ISINK1_CON3           ((MT6328_PMIC_REG_BASE+0x081A))
 ^
In file included from drivers/misc/mediatek/mach/mt6735/mt_cpufreq.c:64:0:
/home/satory-ra/Android/kernel/android_kernel_oukitel_orange/drivers/misc/mediatek/pmic_wrap/mt6735/pwrap_hal.h:749:0: warning: "MT6328_ISINK2_CON1" redefined
 #define MT6328_ISINK2_CON1           ((UINT32)(MT6328_PMIC_REG_BASE+0x081C))
 ^
In file included from /home/satory-ra/Android/kernel/android_kernel_oukitel_orange/drivers/misc/mediatek/mach/mt6735/include/mach/upmu_common.h:7:0,
                 from drivers/misc/mediatek/mach/mt6735/mt_cpufreq.c:61:
/home/satory-ra/Android/kernel/android_kernel_oukitel_orange/drivers/misc/mediatek/mach/mt6735/include/mach/upmu_hw.h:372:0: note: this is the location of the previous definition
 #define MT6328_ISINK2_CON1           ((MT6328_PMIC_REG_BASE+0x081C))
 ^
In file included from drivers/misc/mediatek/mach/mt6735/mt_cpufreq.c:64:0:
/home/satory-ra/Android/kernel/android_kernel_oukitel_orange/drivers/misc/mediatek/pmic_wrap/mt6735/pwrap_hal.h:750:0: warning: "MT6328_ISINK3_CON1" redefined
 #define MT6328_ISINK3_CON1           ((UINT32)(MT6328_PMIC_REG_BASE+0x081E))
 ^
In file included from /home/satory-ra/Android/kernel/android_kernel_oukitel_orange/drivers/misc/mediatek/mach/mt6735/include/mach/upmu_common.h:7:0,
                 from drivers/misc/mediatek/mach/mt6735/mt_cpufreq.c:61:
/home/satory-ra/Android/kernel/android_kernel_oukitel_orange/drivers/misc/mediatek/mach/mt6735/include/mach/upmu_hw.h:373:0: note: this is the location of the previous definition
 #define MT6328_ISINK3_CON1           ((MT6328_PMIC_REG_BASE+0x081E))
 ^
In file included from drivers/misc/mediatek/mach/mt6735/mt_cpufreq.c:64:0:
/home/satory-ra/Android/kernel/android_kernel_oukitel_orange/drivers/misc/mediatek/pmic_wrap/mt6735/pwrap_hal.h:751:0: warning: "MT6328_ISINK_ANA0" redefined
 #define MT6328_ISINK_ANA0            ((UINT32)(MT6328_PMIC_REG_BASE+0x0820))
 ^
In file included from /home/satory-ra/Android/kernel/android_kernel_oukitel_orange/drivers/misc/mediatek/mach/mt6735/include/mach/upmu_common.h:7:0,
                 from drivers/misc/mediatek/mach/mt6735/mt_cpufreq.c:61:
/home/satory-ra/Android/kernel/android_kernel_oukitel_orange/drivers/misc/mediatek/mach/mt6735/include/mach/upmu_hw.h:374:0: note: this is the location of the previous definition
 #define MT6328_ISINK_ANA0            ((MT6328_PMIC_REG_BASE+0x0820))
 ^
In file included from drivers/misc/mediatek/mach/mt6735/mt_cpufreq.c:64:0:
/home/satory-ra/Android/kernel/android_kernel_oukitel_orange/drivers/misc/mediatek/pmic_wrap/mt6735/pwrap_hal.h:752:0: warning: "MT6328_ISINK_ANA1" redefined
 #define MT6328_ISINK_ANA1            ((UINT32)(MT6328_PMIC_REG_BASE+0x0822))
 ^
In file included from /home/satory-ra/Android/kernel/android_kernel_oukitel_orange/drivers/misc/mediatek/mach/mt6735/include/mach/upmu_common.h:7:0,
                 from drivers/misc/mediatek/mach/mt6735/mt_cpufreq.c:61:
/home/satory-ra/Android/kernel/android_kernel_oukitel_orange/drivers/misc/mediatek/mach/mt6735/include/mach/upmu_hw.h:375:0: note: this is the location of the previous definition
 #define MT6328_ISINK_ANA1            ((MT6328_PMIC_REG_BASE+0x0822))
 ^
In file included from drivers/misc/mediatek/mach/mt6735/mt_cpufreq.c:64:0:
/home/satory-ra/Android/kernel/android_kernel_oukitel_orange/drivers/misc/mediatek/pmic_wrap/mt6735/pwrap_hal.h:753:0: warning: "MT6328_ISINK_PHASE_DLY" redefined
 #define MT6328_ISINK_PHASE_DLY       ((UINT32)(MT6328_PMIC_REG_BASE+0x0824))
 ^
In file included from /home/satory-ra/Android/kernel/android_kernel_oukitel_orange/drivers/misc/mediatek/mach/mt6735/include/mach/upmu_common.h:7:0,
                 from drivers/misc/mediatek/mach/mt6735/mt_cpufreq.c:61:
/home/satory-ra/Android/kernel/android_kernel_oukitel_orange/drivers/misc/mediatek/mach/mt6735/include/mach/upmu_hw.h:376:0: note: this is the location of the previous definition
 #define MT6328_ISINK_PHASE_DLY       ((MT6328_PMIC_REG_BASE+0x0824))
 ^
In file included from drivers/misc/mediatek/mach/mt6735/mt_cpufreq.c:64:0:
/home/satory-ra/Android/kernel/android_kernel_oukitel_orange/drivers/misc/mediatek/pmic_wrap/mt6735/pwrap_hal.h:754:0: warning: "MT6328_ISINK_SFSTR" redefined
 #define MT6328_ISINK_SFSTR           ((UINT32)(MT6328_PMIC_REG_BASE+0x0826))
 ^
In file included from /home/satory-ra/Android/kernel/android_kernel_oukitel_orange/drivers/misc/mediatek/mach/mt6735/include/mach/upmu_common.h:7:0,
                 from drivers/misc/mediatek/mach/mt6735/mt_cpufreq.c:61:
/home/satory-ra/Android/kernel/android_kernel_oukitel_orange/drivers/misc/mediatek/mach/mt6735/include/mach/upmu_hw.h:377:0: note: this is the location of the previous definition
 #define MT6328_ISINK_SFSTR           ((MT6328_PMIC_REG_BASE+0x0826))
 ^
In file included from drivers/misc/mediatek/mach/mt6735/mt_cpufreq.c:64:0:
/home/satory-ra/Android/kernel/android_kernel_oukitel_orange/drivers/misc/mediatek/pmic_wrap/mt6735/pwrap_hal.h:755:0: warning: "MT6328_ISINK_EN_CTRL" redefined
 #define MT6328_ISINK_EN_CTRL         ((UINT32)(MT6328_PMIC_REG_BASE+0x0828))
 ^
In file included from /home/satory-ra/Android/kernel/android_kernel_oukitel_orange/drivers/misc/mediatek/mach/mt6735/include/mach/upmu_common.h:7:0,
                 from drivers/misc/mediatek/mach/mt6735/mt_cpufreq.c:61:
/home/satory-ra/Android/kernel/android_kernel_oukitel_orange/drivers/misc/mediatek/mach/mt6735/include/mach/upmu_hw.h:378:0: note: this is the location of the previous definition
 #define MT6328_ISINK_EN_CTRL         ((MT6328_PMIC_REG_BASE+0x0828))
 ^
In file included from drivers/misc/mediatek/mach/mt6735/mt_cpufreq.c:64:0:
/home/satory-ra/Android/kernel/android_kernel_oukitel_orange/drivers/misc/mediatek/pmic_wrap/mt6735/pwrap_hal.h:756:0: warning: "MT6328_ISINK_MODE_CTRL" redefined
 #define MT6328_ISINK_MODE_CTRL       ((UINT32)(MT6328_PMIC_REG_BASE+0x082A))
 ^
In file included from /home/satory-ra/Android/kernel/android_kernel_oukitel_orange/drivers/misc/mediatek/mach/mt6735/include/mach/upmu_common.h:7:0,
                 from drivers/misc/mediatek/mach/mt6735/mt_cpufreq.c:61:
/home/satory-ra/Android/kernel/android_kernel_oukitel_orange/drivers/misc/mediatek/mach/mt6735/include/mach/upmu_hw.h:379:0: note: this is the location of the previous definition
 #define MT6328_ISINK_MODE_CTRL       ((MT6328_PMIC_REG_BASE+0x082A))
 ^
In file included from drivers/misc/mediatek/mach/mt6735/mt_cpufreq.c:64:0:
/home/satory-ra/Android/kernel/android_kernel_oukitel_orange/drivers/misc/mediatek/pmic_wrap/mt6735/pwrap_hal.h:757:0: warning: "MT6328_VTCXO_0_CON0" redefined
 #define MT6328_VTCXO_0_CON0          ((UINT32)(MT6328_PMIC_REG_BASE+0x0A00))
 ^
In file included from /home/satory-ra/Android/kernel/android_kernel_oukitel_orange/drivers/misc/mediatek/mach/mt6735/include/mach/upmu_common.h:7:0,
                 from drivers/misc/mediatek/mach/mt6735/mt_cpufreq.c:61:
/home/satory-ra/Android/kernel/android_kernel_oukitel_orange/drivers/misc/mediatek/mach/mt6735/include/mach/upmu_hw.h:380:0: note: this is the location of the previous definition
 #define MT6328_VTCXO_0_CON0          ((MT6328_PMIC_REG_BASE+0x0A00))
 ^
In file included from drivers/misc/mediatek/mach/mt6735/mt_cpufreq.c:64:0:
/home/satory-ra/Android/kernel/android_kernel_oukitel_orange/drivers/misc/mediatek/pmic_wrap/mt6735/pwrap_hal.h:758:0: warning: "MT6328_VTCXO_1_CON0" redefined
 #define MT6328_VTCXO_1_CON0          ((UINT32)(MT6328_PMIC_REG_BASE+0x0A02))
 ^
In file included from /home/satory-ra/Android/kernel/android_kernel_oukitel_orange/drivers/misc/mediatek/mach/mt6735/include/mach/upmu_common.h:7:0,
                 from drivers/misc/mediatek/mach/mt6735/mt_cpufreq.c:61:
/home/satory-ra/Android/kernel/android_kernel_oukitel_orange/drivers/misc/mediatek/mach/mt6735/include/mach/upmu_hw.h:381:0: note: this is the location of the previous definition
 #define MT6328_VTCXO_1_CON0          ((MT6328_PMIC_REG_BASE+0x0A02))
 ^
In file included from drivers/misc/mediatek/mach/mt6735/mt_cpufreq.c:64:0:
/home/satory-ra/Android/kernel/android_kernel_oukitel_orange/drivers/misc/mediatek/pmic_wrap/mt6735/pwrap_hal.h:759:0: warning: "MT6328_VAUD28_CON0" redefined
 #define MT6328_VAUD28_CON0           ((UINT32)(MT6328_PMIC_REG_BASE+0x0A04))
 ^
In file included from /home/satory-ra/Android/kernel/android_kernel_oukitel_orange/drivers/misc/mediatek/mach/mt6735/include/mach/upmu_common.h:7:0,
                 from drivers/misc/mediatek/mach/mt6735/mt_cpufreq.c:61:
/home/satory-ra/Android/kernel/android_kernel_oukitel_orange/drivers/misc/mediatek/mach/mt6735/include/mach/upmu_hw.h:382:0: note: this is the location of the previous definition
 #define MT6328_VAUD28_CON0           ((MT6328_PMIC_REG_BASE+0x0A04))
 ^
In file included from drivers/misc/mediatek/mach/mt6735/mt_cpufreq.c:64:0:
/home/satory-ra/Android/kernel/android_kernel_oukitel_orange/drivers/misc/mediatek/pmic_wrap/mt6735/pwrap_hal.h:760:0: warning: "MT6328_VAUX18_CON0" redefined
 #define MT6328_VAUX18_CON0           ((UINT32)(MT6328_PMIC_REG_BASE+0x0A06))
 ^
In file included from /home/satory-ra/Android/kernel/android_kernel_oukitel_orange/drivers/misc/mediatek/mach/mt6735/include/mach/upmu_common.h:7:0,
                 from drivers/misc/mediatek/mach/mt6735/mt_cpufreq.c:61:
/home/satory-ra/Android/kernel/android_kernel_oukitel_orange/drivers/misc/mediatek/mach/mt6735/include/mach/upmu_hw.h:383:0: note: this is the location of the previous definition
 #define MT6328_VAUX18_CON0           ((MT6328_PMIC_REG_BASE+0x0A06))
 ^
In file included from drivers/misc/mediatek/mach/mt6735/mt_cpufreq.c:64:0:
/home/satory-ra/Android/kernel/android_kernel_oukitel_orange/drivers/misc/mediatek/pmic_wrap/mt6735/pwrap_hal.h:761:0: warning: "MT6328_VRF18_0_CON0" redefined
 #define MT6328_VRF18_0_CON0          ((UINT32)(MT6328_PMIC_REG_BASE+0x0A08))
 ^
In file included from /home/satory-ra/Android/kernel/android_kernel_oukitel_orange/drivers/misc/mediatek/mach/mt6735/include/mach/upmu_common.h:7:0,
                 from drivers/misc/mediatek/mach/mt6735/mt_cpufreq.c:61:
/home/satory-ra/Android/kernel/android_kernel_oukitel_orange/drivers/misc/mediatek/mach/mt6735/include/mach/upmu_hw.h:384:0: note: this is the location of the previous definition
 #define MT6328_VRF18_0_CON0          ((MT6328_PMIC_REG_BASE+0x0A08))
 ^
In file included from drivers/misc/mediatek/mach/mt6735/mt_cpufreq.c:64:0:
/home/satory-ra/Android/kernel/android_kernel_oukitel_orange/drivers/misc/mediatek/pmic_wrap/mt6735/pwrap_hal.h:762:0: warning: "MT6328_VRF18_0_CON1" redefined
 #define MT6328_VRF18_0_CON1          ((UINT32)(MT6328_PMIC_REG_BASE+0x0A0A))
 ^
In file included from /home/satory-ra/Android/kernel/android_kernel_oukitel_orange/drivers/misc/mediatek/mach/mt6735/include/mach/upmu_common.h:7:0,
                 from drivers/misc/mediatek/mach/mt6735/mt_cpufreq.c:61:
/home/satory-ra/Android/kernel/android_kernel_oukitel_orange/drivers/misc/mediatek/mach/mt6735/include/mach/upmu_hw.h:385:0: note: this is the location of the previous definition
 #define MT6328_VRF18_0_CON1          ((MT6328_PMIC_REG_BASE+0x0A0A))
 ^
In file included from drivers/misc/mediatek/mach/mt6735/mt_cpufreq.c:64:0:
/home/satory-ra/Android/kernel/android_kernel_oukitel_orange/drivers/misc/mediatek/pmic_wrap/mt6735/pwrap_hal.h:763:0: warning: "MT6328_VCAMA_CON0" redefined
 #define MT6328_VCAMA_CON0            ((UINT32)(MT6328_PMIC_REG_BASE+0x0A0C))
 ^
In file included from /home/satory-ra/Android/kernel/android_kernel_oukitel_orange/drivers/misc/mediatek/mach/mt6735/include/mach/upmu_common.h:7:0,
                 from drivers/misc/mediatek/mach/mt6735/mt_cpufreq.c:61:
/home/satory-ra/Android/kernel/android_kernel_oukitel_orange/drivers/misc/mediatek/mach/mt6735/include/mach/upmu_hw.h:386:0: note: this is the location of the previous definition
 #define MT6328_VCAMA_CON0            ((MT6328_PMIC_REG_BASE+0x0A0C))
 ^
In file included from drivers/misc/mediatek/mach/mt6735/mt_cpufreq.c:64:0:
/home/satory-ra/Android/kernel/android_kernel_oukitel_orange/drivers/misc/mediatek/pmic_wrap/mt6735/pwrap_hal.h:764:0: warning: "MT6328_VCN28_CON0" redefined
 #define MT6328_VCN28_CON0            ((UINT32)(MT6328_PMIC_REG_BASE+0x0A0E))
 ^
In file included from /home/satory-ra/Android/kernel/android_kernel_oukitel_orange/drivers/misc/mediatek/mach/mt6735/include/mach/upmu_common.h:7:0,
                 from drivers/misc/mediatek/mach/mt6735/mt_cpufreq.c:61:
/home/satory-ra/Android/kernel/android_kernel_oukitel_orange/drivers/misc/mediatek/mach/mt6735/include/mach/upmu_hw.h:387:0: note: this is the location of the previous definition
 #define MT6328_VCN28_CON0            ((MT6328_PMIC_REG_BASE+0x0A0E))
 ^
In file included from drivers/misc/mediatek/mach/mt6735/mt_cpufreq.c:64:0:
/home/satory-ra/Android/kernel/android_kernel_oukitel_orange/drivers/misc/mediatek/pmic_wrap/mt6735/pwrap_hal.h:765:0: warning: "MT6328_VCN33_CON0" redefined
 #define MT6328_VCN33_CON0            ((UINT32)(MT6328_PMIC_REG_BASE+0x0A10))
 ^
In file included from /home/satory-ra/Android/kernel/android_kernel_oukitel_orange/drivers/misc/mediatek/mach/mt6735/include/mach/upmu_common.h:7:0,
                 from drivers/misc/mediatek/mach/mt6735/mt_cpufreq.c:61:
/home/satory-ra/Android/kernel/android_kernel_oukitel_orange/drivers/misc/mediatek/mach/mt6735/include/mach/upmu_hw.h:388:0: note: this is the location of the previous definition
 #define MT6328_VCN33_CON0            ((MT6328_PMIC_REG_BASE+0x0A10))
 ^
In file included from drivers/misc/mediatek/mach/mt6735/mt_cpufreq.c:64:0:
/home/satory-ra/Android/kernel/android_kernel_oukitel_orange/drivers/misc/mediatek/pmic_wrap/mt6735/pwrap_hal.h:766:0: warning: "MT6328_VCN33_CON1" redefined
 #define MT6328_VCN33_CON1            ((UINT32)(MT6328_PMIC_REG_BASE+0x0A12))
 ^
In file included from /home/satory-ra/Android/kernel/android_kernel_oukitel_orange/drivers/misc/mediatek/mach/mt6735/include/mach/upmu_common.h:7:0,
                 from drivers/misc/mediatek/mach/mt6735/mt_cpufreq.c:61:
/home/satory-ra/Android/kernel/android_kernel_oukitel_orange/drivers/misc/mediatek/mach/mt6735/include/mach/upmu_hw.h:389:0: note: this is the location of the previous definition
 #define MT6328_VCN33_CON1            ((MT6328_PMIC_REG_BASE+0x0A12))
 ^
In file included from drivers/misc/mediatek/mach/mt6735/mt_cpufreq.c:64:0:
/home/satory-ra/Android/kernel/android_kernel_oukitel_orange/drivers/misc/mediatek/pmic_wrap/mt6735/pwrap_hal.h:767:0: warning: "MT6328_VCN33_CON2" redefined
 #define MT6328_VCN33_CON2            ((UINT32)(MT6328_PMIC_REG_BASE+0x0A14))
 ^
In file included from /home/satory-ra/Android/kernel/android_kernel_oukitel_orange/drivers/misc/mediatek/mach/mt6735/include/mach/upmu_common.h:7:0,
                 from drivers/misc/mediatek/mach/mt6735/mt_cpufreq.c:61:
/home/satory-ra/Android/kernel/android_kernel_oukitel_orange/drivers/misc/mediatek/mach/mt6735/include/mach/upmu_hw.h:390:0: note: this is the location of the previous definition
 #define MT6328_VCN33_CON2            ((MT6328_PMIC_REG_BASE+0x0A14))
 ^
In file included from drivers/misc/mediatek/mach/mt6735/mt_cpufreq.c:64:0:
/home/satory-ra/Android/kernel/android_kernel_oukitel_orange/drivers/misc/mediatek/pmic_wrap/mt6735/pwrap_hal.h:768:0: warning: "MT6328_VRF18_1_CON0" redefined
 #define MT6328_VRF18_1_CON0          ((UINT32)(MT6328_PMIC_REG_BASE+0x0A16))
 ^
In file included from /home/satory-ra/Android/kernel/android_kernel_oukitel_orange/drivers/misc/mediatek/mach/mt6735/include/mach/upmu_common.h:7:0,
                 from drivers/misc/mediatek/mach/mt6735/mt_cpufreq.c:61:
/home/satory-ra/Android/kernel/android_kernel_oukitel_orange/drivers/misc/mediatek/mach/mt6735/include/mach/upmu_hw.h:391:0: note: this is the location of the previous definition
 #define MT6328_VRF18_1_CON0          ((MT6328_PMIC_REG_BASE+0x0A16))
 ^
In file included from drivers/misc/mediatek/mach/mt6735/mt_cpufreq.c:64:0:
/home/satory-ra/Android/kernel/android_kernel_oukitel_orange/drivers/misc/mediatek/pmic_wrap/mt6735/pwrap_hal.h:769:0: warning: "MT6328_VRF18_1_CON1" redefined
 #define MT6328_VRF18_1_CON1          ((UINT32)(MT6328_PMIC_REG_BASE+0x0A18))
 ^
In file included from /home/satory-ra/Android/kernel/android_kernel_oukitel_orange/drivers/misc/mediatek/mach/mt6735/include/mach/upmu_common.h:7:0,
                 from drivers/misc/mediatek/mach/mt6735/mt_cpufreq.c:61:
/home/satory-ra/Android/kernel/android_kernel_oukitel_orange/drivers/misc/mediatek/mach/mt6735/include/mach/upmu_hw.h:392:0: note: this is the location of the previous definition
 #define MT6328_VRF18_1_CON1          ((MT6328_PMIC_REG_BASE+0x0A18))
 ^
In file included from drivers/misc/mediatek/mach/mt6735/mt_cpufreq.c:64:0:
/home/satory-ra/Android/kernel/android_kernel_oukitel_orange/drivers/misc/mediatek/pmic_wrap/mt6735/pwrap_hal.h:770:0: warning: "MT6328_VUSB33_CON0" redefined
 #define MT6328_VUSB33_CON0           ((UINT32)(MT6328_PMIC_REG_BASE+0x0A1A))
 ^
In file included from /home/satory-ra/Android/kernel/android_kernel_oukitel_orange/drivers/misc/mediatek/mach/mt6735/include/mach/upmu_common.h:7:0,
                 from drivers/misc/mediatek/mach/mt6735/mt_cpufreq.c:61:
/home/satory-ra/Android/kernel/android_kernel_oukitel_orange/drivers/misc/mediatek/mach/mt6735/include/mach/upmu_hw.h:393:0: note: this is the location of the previous definition
 #define MT6328_VUSB33_CON0           ((MT6328_PMIC_REG_BASE+0x0A1A))
 ^
In file included from drivers/misc/mediatek/mach/mt6735/mt_cpufreq.c:64:0:
/home/satory-ra/Android/kernel/android_kernel_oukitel_orange/drivers/misc/mediatek/pmic_wrap/mt6735/pwrap_hal.h:771:0: warning: "MT6328_VMCH_CON0" redefined
 #define MT6328_VMCH_CON0             ((UINT32)(MT6328_PMIC_REG_BASE+0x0A1C))
 ^
In file included from /home/satory-ra/Android/kernel/android_kernel_oukitel_orange/drivers/misc/mediatek/mach/mt6735/include/mach/upmu_common.h:7:0,
                 from drivers/misc/mediatek/mach/mt6735/mt_cpufreq.c:61:
/home/satory-ra/Android/kernel/android_kernel_oukitel_orange/drivers/misc/mediatek/mach/mt6735/include/mach/upmu_hw.h:394:0: note: this is the location of the previous definition
 #define MT6328_VMCH_CON0             ((MT6328_PMIC_REG_BASE+0x0A1C))
 ^
In file included from drivers/misc/mediatek/mach/mt6735/mt_cpufreq.c:64:0:
/home/satory-ra/Android/kernel/android_kernel_oukitel_orange/drivers/misc/mediatek/pmic_wrap/mt6735/pwrap_hal.h:772:0: warning: "MT6328_VMCH_CON1" redefined
 #define MT6328_VMCH_CON1             ((UINT32)(MT6328_PMIC_REG_BASE+0x0A1E))
 ^
In file included from /home/satory-ra/Android/kernel/android_kernel_oukitel_orange/drivers/misc/mediatek/mach/mt6735/include/mach/upmu_common.h:7:0,
                 from drivers/misc/mediatek/mach/mt6735/mt_cpufreq.c:61:
/home/satory-ra/Android/kernel/android_kernel_oukitel_orange/drivers/misc/mediatek/mach/mt6735/include/mach/upmu_hw.h:395:0: note: this is the location of the previous definition
 #define MT6328_VMCH_CON1             ((MT6328_PMIC_REG_BASE+0x0A1E))
 ^
In file included from drivers/misc/mediatek/mach/mt6735/mt_cpufreq.c:64:0:
/home/satory-ra/Android/kernel/android_kernel_oukitel_orange/drivers/misc/mediatek/pmic_wrap/mt6735/pwrap_hal.h:773:0: warning: "MT6328_VMC_CON0" redefined
 #define MT6328_VMC_CON0              ((UINT32)(MT6328_PMIC_REG_BASE+0x0A20))
 ^
In file included from /home/satory-ra/Android/kernel/android_kernel_oukitel_orange/drivers/misc/mediatek/mach/mt6735/include/mach/upmu_common.h:7:0,
                 from drivers/misc/mediatek/mach/mt6735/mt_cpufreq.c:61:
/home/satory-ra/Android/kernel/android_kernel_oukitel_orange/drivers/misc/mediatek/mach/mt6735/include/mach/upmu_hw.h:396:0: note: this is the location of the previous definition
 #define MT6328_VMC_CON0              ((MT6328_PMIC_REG_BASE+0x0A20))
 ^
In file included from drivers/misc/mediatek/mach/mt6735/mt_cpufreq.c:64:0:
/home/satory-ra/Android/kernel/android_kernel_oukitel_orange/drivers/misc/mediatek/pmic_wrap/mt6735/pwrap_hal.h:774:0: warning: "MT6328_VMC_CON1" redefined
 #define MT6328_VMC_CON1              ((UINT32)(MT6328_PMIC_REG_BASE+0x0A22))
 ^
In file included from /home/satory-ra/Android/kernel/android_kernel_oukitel_orange/drivers/misc/mediatek/mach/mt6735/include/mach/upmu_common.h:7:0,
                 from drivers/misc/mediatek/mach/mt6735/mt_cpufreq.c:61:
/home/satory-ra/Android/kernel/android_kernel_oukitel_orange/drivers/misc/mediatek/mach/mt6735/include/mach/upmu_hw.h:397:0: note: this is the location of the previous definition
 #define MT6328_VMC_CON1              ((MT6328_PMIC_REG_BASE+0x0A22))
 ^
In file included from drivers/misc/mediatek/mach/mt6735/mt_cpufreq.c:64:0:
/home/satory-ra/Android/kernel/android_kernel_oukitel_orange/drivers/misc/mediatek/pmic_wrap/mt6735/pwrap_hal.h:775:0: warning: "MT6328_VEMC_3V3_CON0" redefined
 #define MT6328_VEMC_3V3_CON0         ((UINT32)(MT6328_PMIC_REG_BASE+0x0A24))
 ^
In file included from /home/satory-ra/Android/kernel/android_kernel_oukitel_orange/drivers/misc/mediatek/mach/mt6735/include/mach/upmu_common.h:7:0,
                 from drivers/misc/mediatek/mach/mt6735/mt_cpufreq.c:61:
/home/satory-ra/Android/kernel/android_kernel_oukitel_orange/drivers/misc/mediatek/mach/mt6735/include/mach/upmu_hw.h:398:0: note: this is the location of the previous definition
 #define MT6328_VEMC_3V3_CON0         ((MT6328_PMIC_REG_BASE+0x0A24))
 ^
In file included from drivers/misc/mediatek/mach/mt6735/mt_cpufreq.c:64:0:
/home/satory-ra/Android/kernel/android_kernel_oukitel_orange/drivers/misc/mediatek/pmic_wrap/mt6735/pwrap_hal.h:776:0: warning: "MT6328_VEMC_3V3_CON1" redefined
 #define MT6328_VEMC_3V3_CON1         ((UINT32)(MT6328_PMIC_REG_BASE+0x0A26))
 ^
In file included from /home/satory-ra/Android/kernel/android_kernel_oukitel_orange/drivers/misc/mediatek/mach/mt6735/include/mach/upmu_common.h:7:0,
                 from drivers/misc/mediatek/mach/mt6735/mt_cpufreq.c:61:
/home/satory-ra/Android/kernel/android_kernel_oukitel_orange/drivers/misc/mediatek/mach/mt6735/include/mach/upmu_hw.h:399:0: note: this is the location of the previous definition
 #define MT6328_VEMC_3V3_CON1         ((MT6328_PMIC_REG_BASE+0x0A26))
 ^
In file included from drivers/misc/mediatek/mach/mt6735/mt_cpufreq.c:64:0:
/home/satory-ra/Android/kernel/android_kernel_oukitel_orange/drivers/misc/mediatek/pmic_wrap/mt6735/pwrap_hal.h:777:0: warning: "MT6328_VIO28_CON0" redefined
 #define MT6328_VIO28_CON0            ((UINT32)(MT6328_PMIC_REG_BASE+0x0A28))
 ^
In file included from /home/satory-ra/Android/kernel/android_kernel_oukitel_orange/drivers/misc/mediatek/mach/mt6735/include/mach/upmu_common.h:7:0,
                 from drivers/misc/mediatek/mach/mt6735/mt_cpufreq.c:61:
/home/satory-ra/Android/kernel/android_kernel_oukitel_orange/drivers/misc/mediatek/mach/mt6735/include/mach/upmu_hw.h:400:0: note: this is the location of the previous definition
 #define MT6328_VIO28_CON0            ((MT6328_PMIC_REG_BASE+0x0A28))
 ^
In file included from drivers/misc/mediatek/mach/mt6735/mt_cpufreq.c:64:0:
/home/satory-ra/Android/kernel/android_kernel_oukitel_orange/drivers/misc/mediatek/pmic_wrap/mt6735/pwrap_hal.h:778:0: warning: "MT6328_VCAMAF_CON0" redefined
 #define MT6328_VCAMAF_CON0           ((UINT32)(MT6328_PMIC_REG_BASE+0x0A2A))
 ^
In file included from /home/satory-ra/Android/kernel/android_kernel_oukitel_orange/drivers/misc/mediatek/mach/mt6735/include/mach/upmu_common.h:7:0,
                 from drivers/misc/mediatek/mach/mt6735/mt_cpufreq.c:61:
/home/satory-ra/Android/kernel/android_kernel_oukitel_orange/drivers/misc/mediatek/mach/mt6735/include/mach/upmu_hw.h:401:0: note: this is the location of the previous definition
 #define MT6328_VCAMAF_CON0           ((MT6328_PMIC_REG_BASE+0x0A2A))
 ^
In file included from drivers/misc/mediatek/mach/mt6735/mt_cpufreq.c:64:0:
/home/satory-ra/Android/kernel/android_kernel_oukitel_orange/drivers/misc/mediatek/pmic_wrap/mt6735/pwrap_hal.h:779:0: warning: "MT6328_VGP1_CON0" redefined
 #define MT6328_VGP1_CON0             ((UINT32)(MT6328_PMIC_REG_BASE+0x0A2C))
 ^
In file included from /home/satory-ra/Android/kernel/android_kernel_oukitel_orange/drivers/misc/mediatek/mach/mt6735/include/mach/upmu_common.h:7:0,
                 from drivers/misc/mediatek/mach/mt6735/mt_cpufreq.c:61:
/home/satory-ra/Android/kernel/android_kernel_oukitel_orange/drivers/misc/mediatek/mach/mt6735/include/mach/upmu_hw.h:402:0: note: this is the location of the previous definition
 #define MT6328_VGP1_CON0             ((MT6328_PMIC_REG_BASE+0x0A2C))
 ^
In file included from drivers/misc/mediatek/mach/mt6735/mt_cpufreq.c:64:0:
/home/satory-ra/Android/kernel/android_kernel_oukitel_orange/drivers/misc/mediatek/pmic_wrap/mt6735/pwrap_hal.h:780:0: warning: "MT6328_VGP1_CON1" redefined
 #define MT6328_VGP1_CON1             ((UINT32)(MT6328_PMIC_REG_BASE+0x0A2E))
 ^
In file included from /home/satory-ra/Android/kernel/android_kernel_oukitel_orange/drivers/misc/mediatek/mach/mt6735/include/mach/upmu_common.h:7:0,
                 from drivers/misc/mediatek/mach/mt6735/mt_cpufreq.c:61:
/home/satory-ra/Android/kernel/android_kernel_oukitel_orange/drivers/misc/mediatek/mach/mt6735/include/mach/upmu_hw.h:403:0: note: this is the location of the previous definition
 #define MT6328_VGP1_CON1             ((MT6328_PMIC_REG_BASE+0x0A2E))
 ^
In file included from drivers/misc/mediatek/mach/mt6735/mt_cpufreq.c:64:0:
/home/satory-ra/Android/kernel/android_kernel_oukitel_orange/drivers/misc/mediatek/pmic_wrap/mt6735/pwrap_hal.h:781:0: warning: "MT6328_VEFUSE_CON0" redefined
 #define MT6328_VEFUSE_CON0           ((UINT32)(MT6328_PMIC_REG_BASE+0x0A30))
 ^
In file included from /home/satory-ra/Android/kernel/android_kernel_oukitel_orange/drivers/misc/mediatek/mach/mt6735/include/mach/upmu_common.h:7:0,
                 from drivers/misc/mediatek/mach/mt6735/mt_cpufreq.c:61:
/home/satory-ra/Android/kernel/android_kernel_oukitel_orange/drivers/misc/mediatek/mach/mt6735/include/mach/upmu_hw.h:404:0: note: this is the location of the previous definition
 #define MT6328_VEFUSE_CON0           ((MT6328_PMIC_REG_BASE+0x0A30))
 ^
In file included from drivers/misc/mediatek/mach/mt6735/mt_cpufreq.c:64:0:
/home/satory-ra/Android/kernel/android_kernel_oukitel_orange/drivers/misc/mediatek/pmic_wrap/mt6735/pwrap_hal.h:782:0: warning: "MT6328_VSIM1_CON0" redefined
 #define MT6328_VSIM1_CON0            ((UINT32)(MT6328_PMIC_REG_BASE+0x0A32))
 ^
In file included from /home/satory-ra/Android/kernel/android_kernel_oukitel_orange/drivers/misc/mediatek/mach/mt6735/include/mach/upmu_common.h:7:0,
                 from drivers/misc/mediatek/mach/mt6735/mt_cpufreq.c:61:
/home/satory-ra/Android/kernel/android_kernel_oukitel_orange/drivers/misc/mediatek/mach/mt6735/include/mach/upmu_hw.h:405:0: note: this is the location of the previous definition
 #define MT6328_VSIM1_CON0            ((MT6328_PMIC_REG_BASE+0x0A32))
 ^
In file included from drivers/misc/mediatek/mach/mt6735/mt_cpufreq.c:64:0:
/home/satory-ra/Android/kernel/android_kernel_oukitel_orange/drivers/misc/mediatek/pmic_wrap/mt6735/pwrap_hal.h:783:0: warning: "MT6328_VSIM2_CON0" redefined
 #define MT6328_VSIM2_CON0            ((UINT32)(MT6328_PMIC_REG_BASE+0x0A34))
 ^
In file included from /home/satory-ra/Android/kernel/android_kernel_oukitel_orange/drivers/misc/mediatek/mach/mt6735/include/mach/upmu_common.h:7:0,
                 from drivers/misc/mediatek/mach/mt6735/mt_cpufreq.c:61:
/home/satory-ra/Android/kernel/android_kernel_oukitel_orange/drivers/misc/mediatek/mach/mt6735/include/mach/upmu_hw.h:406:0: note: this is the location of the previous definition
 #define MT6328_VSIM2_CON0            ((MT6328_PMIC_REG_BASE+0x0A34))
 ^
In file included from drivers/misc/mediatek/mach/mt6735/mt_cpufreq.c:64:0:
/home/satory-ra/Android/kernel/android_kernel_oukitel_orange/drivers/misc/mediatek/pmic_wrap/mt6735/pwrap_hal.h:784:0: warning: "MT6328_VIO18_CON0" redefined
 #define MT6328_VIO18_CON0            ((UINT32)(MT6328_PMIC_REG_BASE+0x0A36))
 ^
In file included from /home/satory-ra/Android/kernel/android_kernel_oukitel_orange/drivers/misc/mediatek/mach/mt6735/include/mach/upmu_common.h:7:0,
                 from drivers/misc/mediatek/mach/mt6735/mt_cpufreq.c:61:
/home/satory-ra/Android/kernel/android_kernel_oukitel_orange/drivers/misc/mediatek/mach/mt6735/include/mach/upmu_hw.h:407:0: note: this is the location of the previous definition
 #define MT6328_VIO18_CON0            ((MT6328_PMIC_REG_BASE+0x0A36))
 ^
In file included from drivers/misc/mediatek/mach/mt6735/mt_cpufreq.c:64:0:
/home/satory-ra/Android/kernel/android_kernel_oukitel_orange/drivers/misc/mediatek/pmic_wrap/mt6735/pwrap_hal.h:785:0: warning: "MT6328_VIBR_CON0" redefined
 #define MT6328_VIBR_CON0             ((UINT32)(MT6328_PMIC_REG_BASE+0x0A38))
 ^
In file included from /home/satory-ra/Android/kernel/android_kernel_oukitel_orange/drivers/misc/mediatek/mach/mt6735/include/mach/upmu_common.h:7:0,
                 from drivers/misc/mediatek/mach/mt6735/mt_cpufreq.c:61:
/home/satory-ra/Android/kernel/android_kernel_oukitel_orange/drivers/misc/mediatek/mach/mt6735/include/mach/upmu_hw.h:408:0: note: this is the location of the previous definition
 #define MT6328_VIBR_CON0             ((MT6328_PMIC_REG_BASE+0x0A38))
 ^
In file included from drivers/misc/mediatek/mach/mt6735/mt_cpufreq.c:64:0:
/home/satory-ra/Android/kernel/android_kernel_oukitel_orange/drivers/misc/mediatek/pmic_wrap/mt6735/pwrap_hal.h:786:0: warning: "MT6328_VCN18_CON0" redefined
 #define MT6328_VCN18_CON0            ((UINT32)(MT6328_PMIC_REG_BASE+0x0A3A))
 ^
In file included from /home/satory-ra/Android/kernel/android_kernel_oukitel_orange/drivers/misc/mediatek/mach/mt6735/include/mach/upmu_common.h:7:0,
                 from drivers/misc/mediatek/mach/mt6735/mt_cpufreq.c:61:
/home/satory-ra/Android/kernel/android_kernel_oukitel_orange/drivers/misc/mediatek/mach/mt6735/include/mach/upmu_hw.h:409:0: note: this is the location of the previous definition
 #define MT6328_VCN18_CON0            ((MT6328_PMIC_REG_BASE+0x0A3A))
 ^
In file included from drivers/misc/mediatek/mach/mt6735/mt_cpufreq.c:64:0:
/home/satory-ra/Android/kernel/android_kernel_oukitel_orange/drivers/misc/mediatek/pmic_wrap/mt6735/pwrap_hal.h:787:0: warning: "MT6328_VCAM_CON0" redefined
 #define MT6328_VCAM_CON0             ((UINT32)(MT6328_PMIC_REG_BASE+0x0A3C))
 ^
In file included from /home/satory-ra/Android/kernel/android_kernel_oukitel_orange/drivers/misc/mediatek/mach/mt6735/include/mach/upmu_common.h:7:0,
                 from drivers/misc/mediatek/mach/mt6735/mt_cpufreq.c:61:
/home/satory-ra/Android/kernel/android_kernel_oukitel_orange/drivers/misc/mediatek/mach/mt6735/include/mach/upmu_hw.h:410:0: note: this is the location of the previous definition
 #define MT6328_VCAM_CON0             ((MT6328_PMIC_REG_BASE+0x0A3C))
 ^
In file included from drivers/misc/mediatek/mach/mt6735/mt_cpufreq.c:64:0:
/home/satory-ra/Android/kernel/android_kernel_oukitel_orange/drivers/misc/mediatek/pmic_wrap/mt6735/pwrap_hal.h:788:0: warning: "MT6328_VCAMIO_CON0" redefined
 #define MT6328_VCAMIO_CON0           ((UINT32)(MT6328_PMIC_REG_BASE+0x0A3E))
 ^
In file included from /home/satory-ra/Android/kernel/android_kernel_oukitel_orange/drivers/misc/mediatek/mach/mt6735/include/mach/upmu_common.h:7:0,
                 from drivers/misc/mediatek/mach/mt6735/mt_cpufreq.c:61:
/home/satory-ra/Android/kernel/android_kernel_oukitel_orange/drivers/misc/mediatek/mach/mt6735/include/mach/upmu_hw.h:411:0: note: this is the location of the previous definition
 #define MT6328_VCAMIO_CON0           ((MT6328_PMIC_REG_BASE+0x0A3E))
 ^
In file included from drivers/misc/mediatek/mach/mt6735/mt_cpufreq.c:64:0:
/home/satory-ra/Android/kernel/android_kernel_oukitel_orange/drivers/misc/mediatek/pmic_wrap/mt6735/pwrap_hal.h:789:0: warning: "MT6328_LDO_VSRAM_CON0" redefined
 #define MT6328_LDO_VSRAM_CON0        ((UINT32)(MT6328_PMIC_REG_BASE+0x0A40))
 ^
In file included from /home/satory-ra/Android/kernel/android_kernel_oukitel_orange/drivers/misc/mediatek/mach/mt6735/include/mach/upmu_common.h:7:0,
                 from drivers/misc/mediatek/mach/mt6735/mt_cpufreq.c:61:
/home/satory-ra/Android/kernel/android_kernel_oukitel_orange/drivers/misc/mediatek/mach/mt6735/include/mach/upmu_hw.h:412:0: note: this is the location of the previous definition
 #define MT6328_LDO_VSRAM_CON0        ((MT6328_PMIC_REG_BASE+0x0A40))
 ^
In file included from drivers/misc/mediatek/mach/mt6735/mt_cpufreq.c:64:0:
/home/satory-ra/Android/kernel/android_kernel_oukitel_orange/drivers/misc/mediatek/pmic_wrap/mt6735/pwrap_hal.h:790:0: warning: "MT6328_LDO_VSRAM_CON1" redefined
 #define MT6328_LDO_VSRAM_CON1        ((UINT32)(MT6328_PMIC_REG_BASE+0x0A42))
 ^
In file included from /home/satory-ra/Android/kernel/android_kernel_oukitel_orange/drivers/misc/mediatek/mach/mt6735/include/mach/upmu_common.h:7:0,
                 from drivers/misc/mediatek/mach/mt6735/mt_cpufreq.c:61:
/home/satory-ra/Android/kernel/android_kernel_oukitel_orange/drivers/misc/mediatek/mach/mt6735/include/mach/upmu_hw.h:413:0: note: this is the location of the previous definition
 #define MT6328_LDO_VSRAM_CON1        ((MT6328_PMIC_REG_BASE+0x0A42))
 ^
In file included from drivers/misc/mediatek/mach/mt6735/mt_cpufreq.c:64:0:
/home/satory-ra/Android/kernel/android_kernel_oukitel_orange/drivers/misc/mediatek/pmic_wrap/mt6735/pwrap_hal.h:791:0: warning: "MT6328_VTREF_CON0" redefined
 #define MT6328_VTREF_CON0            ((UINT32)(MT6328_PMIC_REG_BASE+0x0A44))
 ^
In file included from /home/satory-ra/Android/kernel/android_kernel_oukitel_orange/drivers/misc/mediatek/mach/mt6735/include/mach/upmu_common.h:7:0,
                 from drivers/misc/mediatek/mach/mt6735/mt_cpufreq.c:61:
/home/satory-ra/Android/kernel/android_kernel_oukitel_orange/drivers/misc/mediatek/mach/mt6735/include/mach/upmu_hw.h:414:0: note: this is the location of the previous definition
 #define MT6328_VTREF_CON0            ((MT6328_PMIC_REG_BASE+0x0A44))
 ^
In file included from drivers/misc/mediatek/mach/mt6735/mt_cpufreq.c:64:0:
/home/satory-ra/Android/kernel/android_kernel_oukitel_orange/drivers/misc/mediatek/pmic_wrap/mt6735/pwrap_hal.h:792:0: warning: "MT6328_VM_CON0" redefined
 #define MT6328_VM_CON0               ((UINT32)(MT6328_PMIC_REG_BASE+0x0A46))
 ^
In file included from /home/satory-ra/Android/kernel/android_kernel_oukitel_orange/drivers/misc/mediatek/mach/mt6735/include/mach/upmu_common.h:7:0,
                 from drivers/misc/mediatek/mach/mt6735/mt_cpufreq.c:61:
/home/satory-ra/Android/kernel/android_kernel_oukitel_orange/drivers/misc/mediatek/mach/mt6735/include/mach/upmu_hw.h:415:0: note: this is the location of the previous definition
 #define MT6328_VM_CON0               ((MT6328_PMIC_REG_BASE+0x0A46))
 ^
In file included from drivers/misc/mediatek/mach/mt6735/mt_cpufreq.c:64:0:
/home/satory-ra/Android/kernel/android_kernel_oukitel_orange/drivers/misc/mediatek/pmic_wrap/mt6735/pwrap_hal.h:793:0: warning: "MT6328_VM_CON1" redefined
 #define MT6328_VM_CON1               ((UINT32)(MT6328_PMIC_REG_BASE+0x0A48))
 ^
In file included from /home/satory-ra/Android/kernel/android_kernel_oukitel_orange/drivers/misc/mediatek/mach/mt6735/include/mach/upmu_common.h:7:0,
                 from drivers/misc/mediatek/mach/mt6735/mt_cpufreq.c:61:
/home/satory-ra/Android/kernel/android_kernel_oukitel_orange/drivers/misc/mediatek/mach/mt6735/include/mach/upmu_hw.h:416:0: note: this is the location of the previous definition
 #define MT6328_VM_CON1               ((MT6328_PMIC_REG_BASE+0x0A48))
 ^
In file included from drivers/misc/mediatek/mach/mt6735/mt_cpufreq.c:64:0:
/home/satory-ra/Android/kernel/android_kernel_oukitel_orange/drivers/misc/mediatek/pmic_wrap/mt6735/pwrap_hal.h:794:0: warning: "MT6328_VRTC_CON0" redefined
 #define MT6328_VRTC_CON0             ((UINT32)(MT6328_PMIC_REG_BASE+0x0A4A))
 ^
In file included from /home/satory-ra/Android/kernel/android_kernel_oukitel_orange/drivers/misc/mediatek/mach/mt6735/include/mach/upmu_common.h:7:0,
                 from drivers/misc/mediatek/mach/mt6735/mt_cpufreq.c:61:
/home/satory-ra/Android/kernel/android_kernel_oukitel_orange/drivers/misc/mediatek/mach/mt6735/include/mach/upmu_hw.h:417:0: note: this is the location of the previous definition
 #define MT6328_VRTC_CON0             ((MT6328_PMIC_REG_BASE+0x0A4A))
 ^
In file included from drivers/misc/mediatek/mach/mt6735/mt_cpufreq.c:64:0:
/home/satory-ra/Android/kernel/android_kernel_oukitel_orange/drivers/misc/mediatek/pmic_wrap/mt6735/pwrap_hal.h:795:0: warning: "MT6328_LDO_OCFB0" redefined
 #define MT6328_LDO_OCFB0             ((UINT32)(MT6328_PMIC_REG_BASE+0x0A4C))
 ^
In file included from /home/satory-ra/Android/kernel/android_kernel_oukitel_orange/drivers/misc/mediatek/mach/mt6735/include/mach/upmu_common.h:7:0,
                 from drivers/misc/mediatek/mach/mt6735/mt_cpufreq.c:61:
/home/satory-ra/Android/kernel/android_kernel_oukitel_orange/drivers/misc/mediatek/mach/mt6735/include/mach/upmu_hw.h:418:0: note: this is the location of the previous definition
 #define MT6328_LDO_OCFB0             ((MT6328_PMIC_REG_BASE+0x0A4C))
 ^
In file included from drivers/misc/mediatek/mach/mt6735/mt_cpufreq.c:64:0:
/home/satory-ra/Android/kernel/android_kernel_oukitel_orange/drivers/misc/mediatek/pmic_wrap/mt6735/pwrap_hal.h:796:0: warning: "MT6328_ALDO_ANA_CON0" redefined
 #define MT6328_ALDO_ANA_CON0         ((UINT32)(MT6328_PMIC_REG_BASE+0x0A4E))
 ^
In file included from /home/satory-ra/Android/kernel/android_kernel_oukitel_orange/drivers/misc/mediatek/mach/mt6735/include/mach/upmu_common.h:7:0,
                 from drivers/misc/mediatek/mach/mt6735/mt_cpufreq.c:61:
/home/satory-ra/Android/kernel/android_kernel_oukitel_orange/drivers/misc/mediatek/mach/mt6735/include/mach/upmu_hw.h:419:0: note: this is the location of the previous definition
 #define MT6328_ALDO_ANA_CON0         ((MT6328_PMIC_REG_BASE+0x0A4E))
 ^
In file included from drivers/misc/mediatek/mach/mt6735/mt_cpufreq.c:64:0:
/home/satory-ra/Android/kernel/android_kernel_oukitel_orange/drivers/misc/mediatek/pmic_wrap/mt6735/pwrap_hal.h:797:0: warning: "MT6328_ADLDO_ANA_CON1" redefined
 #define MT6328_ADLDO_ANA_CON1        ((UINT32)(MT6328_PMIC_REG_BASE+0x0A50))
 ^
In file included from /home/satory-ra/Android/kernel/android_kernel_oukitel_orange/drivers/misc/mediatek/mach/mt6735/include/mach/upmu_common.h:7:0,
                 from drivers/misc/mediatek/mach/mt6735/mt_cpufreq.c:61:
/home/satory-ra/Android/kernel/android_kernel_oukitel_orange/drivers/misc/mediatek/mach/mt6735/include/mach/upmu_hw.h:420:0: note: this is the location of the previous definition
 #define MT6328_ADLDO_ANA_CON1        ((MT6328_PMIC_REG_BASE+0x0A50))
 ^
In file included from drivers/misc/mediatek/mach/mt6735/mt_cpufreq.c:64:0:
/home/satory-ra/Android/kernel/android_kernel_oukitel_orange/drivers/misc/mediatek/pmic_wrap/mt6735/pwrap_hal.h:798:0: warning: "MT6328_ADLDO_ANA_CON2" redefined
 #define MT6328_ADLDO_ANA_CON2        ((UINT32)(MT6328_PMIC_REG_BASE+0x0A52))
 ^
In file included from /home/satory-ra/Android/kernel/android_kernel_oukitel_orange/drivers/misc/mediatek/mach/mt6735/include/mach/upmu_common.h:7:0,
                 from drivers/misc/mediatek/mach/mt6735/mt_cpufreq.c:61:
/home/satory-ra/Android/kernel/android_kernel_oukitel_orange/drivers/misc/mediatek/mach/mt6735/include/mach/upmu_hw.h:421:0: note: this is the location of the previous definition
 #define MT6328_ADLDO_ANA_CON2        ((MT6328_PMIC_REG_BASE+0x0A52))
 ^
In file included from drivers/misc/mediatek/mach/mt6735/mt_cpufreq.c:64:0:
/home/satory-ra/Android/kernel/android_kernel_oukitel_orange/drivers/misc/mediatek/pmic_wrap/mt6735/pwrap_hal.h:799:0: warning: "MT6328_ADLDO_ANA_CON3" redefined
 #define MT6328_ADLDO_ANA_CON3        ((UINT32)(MT6328_PMIC_REG_BASE+0x0A54))
 ^
In file included from /home/satory-ra/Android/kernel/android_kernel_oukitel_orange/drivers/misc/mediatek/mach/mt6735/include/mach/upmu_common.h:7:0,
                 from drivers/misc/mediatek/mach/mt6735/mt_cpufreq.c:61:
/home/satory-ra/Android/kernel/android_kernel_oukitel_orange/drivers/misc/mediatek/mach/mt6735/include/mach/upmu_hw.h:422:0: note: this is the location of the previous definition
 #define MT6328_ADLDO_ANA_CON3        ((MT6328_PMIC_REG_BASE+0x0A54))
 ^
In file included from drivers/misc/mediatek/mach/mt6735/mt_cpufreq.c:64:0:
/home/satory-ra/Android/kernel/android_kernel_oukitel_orange/drivers/misc/mediatek/pmic_wrap/mt6735/pwrap_hal.h:800:0: warning: "MT6328_ADLDO_ANA_CON4" redefined
 #define MT6328_ADLDO_ANA_CON4        ((UINT32)(MT6328_PMIC_REG_BASE+0x0A56))
 ^
In file included from /home/satory-ra/Android/kernel/android_kernel_oukitel_orange/drivers/misc/mediatek/mach/mt6735/include/mach/upmu_common.h:7:0,
                 from drivers/misc/mediatek/mach/mt6735/mt_cpufreq.c:61:
/home/satory-ra/Android/kernel/android_kernel_oukitel_orange/drivers/misc/mediatek/mach/mt6735/include/mach/upmu_hw.h:423:0: note: this is the location of the previous definition
 #define MT6328_ADLDO_ANA_CON4        ((MT6328_PMIC_REG_BASE+0x0A56))
 ^
In file included from drivers/misc/mediatek/mach/mt6735/mt_cpufreq.c:64:0:
/home/satory-ra/Android/kernel/android_kernel_oukitel_orange/drivers/misc/mediatek/pmic_wrap/mt6735/pwrap_hal.h:801:0: warning: "MT6328_ADLDO_ANA_CON5" redefined
 #define MT6328_ADLDO_ANA_CON5        ((UINT32)(MT6328_PMIC_REG_BASE+0x0A58))
 ^
In file included from /home/satory-ra/Android/kernel/android_kernel_oukitel_orange/drivers/misc/mediatek/mach/mt6735/include/mach/upmu_common.h:7:0,
                 from drivers/misc/mediatek/mach/mt6735/mt_cpufreq.c:61:
/home/satory-ra/Android/kernel/android_kernel_oukitel_orange/drivers/misc/mediatek/mach/mt6735/include/mach/upmu_hw.h:424:0: note: this is the location of the previous definition
 #define MT6328_ADLDO_ANA_CON5        ((MT6328_PMIC_REG_BASE+0x0A58))
 ^
In file included from drivers/misc/mediatek/mach/mt6735/mt_cpufreq.c:64:0:
/home/satory-ra/Android/kernel/android_kernel_oukitel_orange/drivers/misc/mediatek/pmic_wrap/mt6735/pwrap_hal.h:802:0: warning: "MT6328_ADLDO_ANA_CON6" redefined
 #define MT6328_ADLDO_ANA_CON6        ((UINT32)(MT6328_PMIC_REG_BASE+0x0A5A))
 ^
In file included from /home/satory-ra/Android/kernel/android_kernel_oukitel_orange/drivers/misc/mediatek/mach/mt6735/include/mach/upmu_common.h:7:0,
                 from drivers/misc/mediatek/mach/mt6735/mt_cpufreq.c:61:
/home/satory-ra/Android/kernel/android_kernel_oukitel_orange/drivers/misc/mediatek/mach/mt6735/include/mach/upmu_hw.h:425:0: note: this is the location of the previous definition
 #define MT6328_ADLDO_ANA_CON6        ((MT6328_PMIC_REG_BASE+0x0A5A))
 ^
In file included from drivers/misc/mediatek/mach/mt6735/mt_cpufreq.c:64:0:
/home/satory-ra/Android/kernel/android_kernel_oukitel_orange/drivers/misc/mediatek/pmic_wrap/mt6735/pwrap_hal.h:803:0: warning: "MT6328_ADLDO_ANA_CON7" redefined
 #define MT6328_ADLDO_ANA_CON7        ((UINT32)(MT6328_PMIC_REG_BASE+0x0A5C))
 ^
In file included from /home/satory-ra/Android/kernel/android_kernel_oukitel_orange/drivers/misc/mediatek/mach/mt6735/include/mach/upmu_common.h:7:0,
                 from drivers/misc/mediatek/mach/mt6735/mt_cpufreq.c:61:
/home/satory-ra/Android/kernel/android_kernel_oukitel_orange/drivers/misc/mediatek/mach/mt6735/include/mach/upmu_hw.h:426:0: note: this is the location of the previous definition
 #define MT6328_ADLDO_ANA_CON7        ((MT6328_PMIC_REG_BASE+0x0A5C))
 ^
In file included from drivers/misc/mediatek/mach/mt6735/mt_cpufreq.c:64:0:
/home/satory-ra/Android/kernel/android_kernel_oukitel_orange/drivers/misc/mediatek/pmic_wrap/mt6735/pwrap_hal.h:804:0: warning: "MT6328_ADLDO_ANA_CON8" redefined
 #define MT6328_ADLDO_ANA_CON8        ((UINT32)(MT6328_PMIC_REG_BASE+0x0A5E))
 ^
In file included from /home/satory-ra/Android/kernel/android_kernel_oukitel_orange/drivers/misc/mediatek/mach/mt6735/include/mach/upmu_common.h:7:0,
                 from drivers/misc/mediatek/mach/mt6735/mt_cpufreq.c:61:
/home/satory-ra/Android/kernel/android_kernel_oukitel_orange/drivers/misc/mediatek/mach/mt6735/include/mach/upmu_hw.h:427:0: note: this is the location of the previous definition
 #define MT6328_ADLDO_ANA_CON8        ((MT6328_PMIC_REG_BASE+0x0A5E))
 ^
In file included from drivers/misc/mediatek/mach/mt6735/mt_cpufreq.c:64:0:
/home/satory-ra/Android/kernel/android_kernel_oukitel_orange/drivers/misc/mediatek/pmic_wrap/mt6735/pwrap_hal.h:805:0: warning: "MT6328_ADLDO_ANA_CON9" redefined
 #define MT6328_ADLDO_ANA_CON9        ((UINT32)(MT6328_PMIC_REG_BASE+0x0A60))
 ^
In file included from /home/satory-ra/Android/kernel/android_kernel_oukitel_orange/drivers/misc/mediatek/mach/mt6735/include/mach/upmu_common.h:7:0,
                 from drivers/misc/mediatek/mach/mt6735/mt_cpufreq.c:61:
/home/satory-ra/Android/kernel/android_kernel_oukitel_orange/drivers/misc/mediatek/mach/mt6735/include/mach/upmu_hw.h:428:0: note: this is the location of the previous definition
 #define MT6328_ADLDO_ANA_CON9        ((MT6328_PMIC_REG_BASE+0x0A60))
 ^
In file included from drivers/misc/mediatek/mach/mt6735/mt_cpufreq.c:64:0:
/home/satory-ra/Android/kernel/android_kernel_oukitel_orange/drivers/misc/mediatek/pmic_wrap/mt6735/pwrap_hal.h:806:0: warning: "MT6328_ADLDO_ANA_CON10" redefined
 #define MT6328_ADLDO_ANA_CON10       ((UINT32)(MT6328_PMIC_REG_BASE+0x0A62))
 ^
In file included from /home/satory-ra/Android/kernel/android_kernel_oukitel_orange/drivers/misc/mediatek/mach/mt6735/include/mach/upmu_common.h:7:0,
                 from drivers/misc/mediatek/mach/mt6735/mt_cpufreq.c:61:
/home/satory-ra/Android/kernel/android_kernel_oukitel_orange/drivers/misc/mediatek/mach/mt6735/include/mach/upmu_hw.h:429:0: note: this is the location of the previous definition
 #define MT6328_ADLDO_ANA_CON10       ((MT6328_PMIC_REG_BASE+0x0A62))
 ^
In file included from drivers/misc/mediatek/mach/mt6735/mt_cpufreq.c:64:0:
/home/satory-ra/Android/kernel/android_kernel_oukitel_orange/drivers/misc/mediatek/pmic_wrap/mt6735/pwrap_hal.h:807:0: warning: "MT6328_ADLDO_ANA_CON11" redefined
 #define MT6328_ADLDO_ANA_CON11       ((UINT32)(MT6328_PMIC_REG_BASE+0x0A64))
 ^
In file included from /home/satory-ra/Android/kernel/android_kernel_oukitel_orange/drivers/misc/mediatek/mach/mt6735/include/mach/upmu_common.h:7:0,
                 from drivers/misc/mediatek/mach/mt6735/mt_cpufreq.c:61:
/home/satory-ra/Android/kernel/android_kernel_oukitel_orange/drivers/misc/mediatek/mach/mt6735/include/mach/upmu_hw.h:430:0: note: this is the location of the previous definition
 #define MT6328_ADLDO_ANA_CON11       ((MT6328_PMIC_REG_BASE+0x0A64))
 ^
In file included from drivers/misc/mediatek/mach/mt6735/mt_cpufreq.c:64:0:
/home/satory-ra/Android/kernel/android_kernel_oukitel_orange/drivers/misc/mediatek/pmic_wrap/mt6735/pwrap_hal.h:808:0: warning: "MT6328_ADLDO_ANA_CON12" redefined
 #define MT6328_ADLDO_ANA_CON12       ((UINT32)(MT6328_PMIC_REG_BASE+0x0A66))
 ^
In file included from /home/satory-ra/Android/kernel/android_kernel_oukitel_orange/drivers/misc/mediatek/mach/mt6735/include/mach/upmu_common.h:7:0,
                 from drivers/misc/mediatek/mach/mt6735/mt_cpufreq.c:61:
/home/satory-ra/Android/kernel/android_kernel_oukitel_orange/drivers/misc/mediatek/mach/mt6735/include/mach/upmu_hw.h:431:0: note: this is the location of the previous definition
 #define MT6328_ADLDO_ANA_CON12       ((MT6328_PMIC_REG_BASE+0x0A66))
 ^
In file included from drivers/misc/mediatek/mach/mt6735/mt_cpufreq.c:64:0:
/home/satory-ra/Android/kernel/android_kernel_oukitel_orange/drivers/misc/mediatek/pmic_wrap/mt6735/pwrap_hal.h:809:0: warning: "MT6328_ADLDO_ANA_CON13" redefined
 #define MT6328_ADLDO_ANA_CON13       ((UINT32)(MT6328_PMIC_REG_BASE+0x0A68))
 ^
In file included from /home/satory-ra/Android/kernel/android_kernel_oukitel_orange/drivers/misc/mediatek/mach/mt6735/include/mach/upmu_common.h:7:0,
                 from drivers/misc/mediatek/mach/mt6735/mt_cpufreq.c:61:
/home/satory-ra/Android/kernel/android_kernel_oukitel_orange/drivers/misc/mediatek/mach/mt6735/include/mach/upmu_hw.h:432:0: note: this is the location of the previous definition
 #define MT6328_ADLDO_ANA_CON13       ((MT6328_PMIC_REG_BASE+0x0A68))
 ^
In file included from drivers/misc/mediatek/mach/mt6735/mt_cpufreq.c:64:0:
/home/satory-ra/Android/kernel/android_kernel_oukitel_orange/drivers/misc/mediatek/pmic_wrap/mt6735/pwrap_hal.h:810:0: warning: "MT6328_DLDO_ANA_CON0" redefined
 #define MT6328_DLDO_ANA_CON0         ((UINT32)(MT6328_PMIC_REG_BASE+0x0A6A))
 ^
In file included from /home/satory-ra/Android/kernel/android_kernel_oukitel_orange/drivers/misc/mediatek/mach/mt6735/include/mach/upmu_common.h:7:0,
                 from drivers/misc/mediatek/mach/mt6735/mt_cpufreq.c:61:
/home/satory-ra/Android/kernel/android_kernel_oukitel_orange/drivers/misc/mediatek/mach/mt6735/include/mach/upmu_hw.h:433:0: note: this is the location of the previous definition
 #define MT6328_DLDO_ANA_CON0         ((MT6328_PMIC_REG_BASE+0x0A6A))
 ^
In file included from drivers/misc/mediatek/mach/mt6735/mt_cpufreq.c:64:0:
/home/satory-ra/Android/kernel/android_kernel_oukitel_orange/drivers/misc/mediatek/pmic_wrap/mt6735/pwrap_hal.h:811:0: warning: "MT6328_DLDO_ANA_CON1" redefined
 #define MT6328_DLDO_ANA_CON1         ((UINT32)(MT6328_PMIC_REG_BASE+0x0A6C))
 ^
In file included from /home/satory-ra/Android/kernel/android_kernel_oukitel_orange/drivers/misc/mediatek/mach/mt6735/include/mach/upmu_common.h:7:0,
                 from drivers/misc/mediatek/mach/mt6735/mt_cpufreq.c:61:
/home/satory-ra/Android/kernel/android_kernel_oukitel_orange/drivers/misc/mediatek/mach/mt6735/include/mach/upmu_hw.h:434:0: note: this is the location of the previous definition
 #define MT6328_DLDO_ANA_CON1         ((MT6328_PMIC_REG_BASE+0x0A6C))
 ^
In file included from drivers/misc/mediatek/mach/mt6735/mt_cpufreq.c:64:0:
/home/satory-ra/Android/kernel/android_kernel_oukitel_orange/drivers/misc/mediatek/pmic_wrap/mt6735/pwrap_hal.h:812:0: warning: "MT6328_DLDO_ANA_CON2" redefined
 #define MT6328_DLDO_ANA_CON2         ((UINT32)(MT6328_PMIC_REG_BASE+0x0A6E))
 ^
In file included from /home/satory-ra/Android/kernel/android_kernel_oukitel_orange/drivers/misc/mediatek/mach/mt6735/include/mach/upmu_common.h:7:0,
                 from drivers/misc/mediatek/mach/mt6735/mt_cpufreq.c:61:
/home/satory-ra/Android/kernel/android_kernel_oukitel_orange/drivers/misc/mediatek/mach/mt6735/include/mach/upmu_hw.h:435:0: note: this is the location of the previous definition
 #define MT6328_DLDO_ANA_CON2         ((MT6328_PMIC_REG_BASE+0x0A6E))
 ^
In file included from drivers/misc/mediatek/mach/mt6735/mt_cpufreq.c:64:0:
/home/satory-ra/Android/kernel/android_kernel_oukitel_orange/drivers/misc/mediatek/pmic_wrap/mt6735/pwrap_hal.h:813:0: warning: "MT6328_DLDO_ANA_CON3" redefined
 #define MT6328_DLDO_ANA_CON3         ((UINT32)(MT6328_PMIC_REG_BASE+0x0A70))
 ^
In file included from /home/satory-ra/Android/kernel/android_kernel_oukitel_orange/drivers/misc/mediatek/mach/mt6735/include/mach/upmu_common.h:7:0,
                 from drivers/misc/mediatek/mach/mt6735/mt_cpufreq.c:61:
/home/satory-ra/Android/kernel/android_kernel_oukitel_orange/drivers/misc/mediatek/mach/mt6735/include/mach/upmu_hw.h:436:0: note: this is the location of the previous definition
 #define MT6328_DLDO_ANA_CON3         ((MT6328_PMIC_REG_BASE+0x0A70))
 ^
In file included from drivers/misc/mediatek/mach/mt6735/mt_cpufreq.c:64:0:
/home/satory-ra/Android/kernel/android_kernel_oukitel_orange/drivers/misc/mediatek/pmic_wrap/mt6735/pwrap_hal.h:814:0: warning: "MT6328_DLDO_ANA_CON4" redefined
 #define MT6328_DLDO_ANA_CON4         ((UINT32)(MT6328_PMIC_REG_BASE+0x0A72))
 ^
In file included from /home/satory-ra/Android/kernel/android_kernel_oukitel_orange/drivers/misc/mediatek/mach/mt6735/include/mach/upmu_common.h:7:0,
                 from drivers/misc/mediatek/mach/mt6735/mt_cpufreq.c:61:
/home/satory-ra/Android/kernel/android_kernel_oukitel_orange/drivers/misc/mediatek/mach/mt6735/include/mach/upmu_hw.h:437:0: note: this is the location of the previous definition
 #define MT6328_DLDO_ANA_CON4         ((MT6328_PMIC_REG_BASE+0x0A72))
 ^
In file included from drivers/misc/mediatek/mach/mt6735/mt_cpufreq.c:64:0:
/home/satory-ra/Android/kernel/android_kernel_oukitel_orange/drivers/misc/mediatek/pmic_wrap/mt6735/pwrap_hal.h:815:0: warning: "MT6328_DLDO_ANA_CON5" redefined
 #define MT6328_DLDO_ANA_CON5         ((UINT32)(MT6328_PMIC_REG_BASE+0x0A74))
 ^
In file included from /home/satory-ra/Android/kernel/android_kernel_oukitel_orange/drivers/misc/mediatek/mach/mt6735/include/mach/upmu_common.h:7:0,
                 from drivers/misc/mediatek/mach/mt6735/mt_cpufreq.c:61:
/home/satory-ra/Android/kernel/android_kernel_oukitel_orange/drivers/misc/mediatek/mach/mt6735/include/mach/upmu_hw.h:438:0: note: this is the location of the previous definition
 #define MT6328_DLDO_ANA_CON5         ((MT6328_PMIC_REG_BASE+0x0A74))
 ^
In file included from drivers/misc/mediatek/mach/mt6735/mt_cpufreq.c:64:0:
/home/satory-ra/Android/kernel/android_kernel_oukitel_orange/drivers/misc/mediatek/pmic_wrap/mt6735/pwrap_hal.h:816:0: warning: "MT6328_SLDO_ANA_CON0" redefined
 #define MT6328_SLDO_ANA_CON0         ((UINT32)(MT6328_PMIC_REG_BASE+0x0A76))
 ^
In file included from /home/satory-ra/Android/kernel/android_kernel_oukitel_orange/drivers/misc/mediatek/mach/mt6735/include/mach/upmu_common.h:7:0,
                 from drivers/misc/mediatek/mach/mt6735/mt_cpufreq.c:61:
/home/satory-ra/Android/kernel/android_kernel_oukitel_orange/drivers/misc/mediatek/mach/mt6735/include/mach/upmu_hw.h:439:0: note: this is the location of the previous definition
 #define MT6328_SLDO_ANA_CON0         ((MT6328_PMIC_REG_BASE+0x0A76))
 ^
In file included from drivers/misc/mediatek/mach/mt6735/mt_cpufreq.c:64:0:
/home/satory-ra/Android/kernel/android_kernel_oukitel_orange/drivers/misc/mediatek/pmic_wrap/mt6735/pwrap_hal.h:817:0: warning: "MT6328_SLDO_ANA_CON1" redefined
 #define MT6328_SLDO_ANA_CON1         ((UINT32)(MT6328_PMIC_REG_BASE+0x0A78))
 ^
In file included from /home/satory-ra/Android/kernel/android_kernel_oukitel_orange/drivers/misc/mediatek/mach/mt6735/include/mach/upmu_common.h:7:0,
                 from drivers/misc/mediatek/mach/mt6735/mt_cpufreq.c:61:
/home/satory-ra/Android/kernel/android_kernel_oukitel_orange/drivers/misc/mediatek/mach/mt6735/include/mach/upmu_hw.h:440:0: note: this is the location of the previous definition
 #define MT6328_SLDO_ANA_CON1         ((MT6328_PMIC_REG_BASE+0x0A78))
 ^
In file included from drivers/misc/mediatek/mach/mt6735/mt_cpufreq.c:64:0:
/home/satory-ra/Android/kernel/android_kernel_oukitel_orange/drivers/misc/mediatek/pmic_wrap/mt6735/pwrap_hal.h:818:0: warning: "MT6328_SLDO_ANA_CON2" redefined
 #define MT6328_SLDO_ANA_CON2         ((UINT32)(MT6328_PMIC_REG_BASE+0x0A7A))
 ^
In file included from /home/satory-ra/Android/kernel/android_kernel_oukitel_orange/drivers/misc/mediatek/mach/mt6735/include/mach/upmu_common.h:7:0,
                 from drivers/misc/mediatek/mach/mt6735/mt_cpufreq.c:61:
/home/satory-ra/Android/kernel/android_kernel_oukitel_orange/drivers/misc/mediatek/mach/mt6735/include/mach/upmu_hw.h:441:0: note: this is the location of the previous definition
 #define MT6328_SLDO_ANA_CON2         ((MT6328_PMIC_REG_BASE+0x0A7A))
 ^
In file included from drivers/misc/mediatek/mach/mt6735/mt_cpufreq.c:64:0:
/home/satory-ra/Android/kernel/android_kernel_oukitel_orange/drivers/misc/mediatek/pmic_wrap/mt6735/pwrap_hal.h:819:0: warning: "MT6328_SLDO_ANA_CON3" redefined
 #define MT6328_SLDO_ANA_CON3         ((UINT32)(MT6328_PMIC_REG_BASE+0x0A7C))
 ^
In file included from /home/satory-ra/Android/kernel/android_kernel_oukitel_orange/drivers/misc/mediatek/mach/mt6735/include/mach/upmu_common.h:7:0,
                 from drivers/misc/mediatek/mach/mt6735/mt_cpufreq.c:61:
/home/satory-ra/Android/kernel/android_kernel_oukitel_orange/drivers/misc/mediatek/mach/mt6735/include/mach/upmu_hw.h:442:0: note: this is the location of the previous definition
 #define MT6328_SLDO_ANA_CON3         ((MT6328_PMIC_REG_BASE+0x0A7C))
 ^
In file included from drivers/misc/mediatek/mach/mt6735/mt_cpufreq.c:64:0:
/home/satory-ra/Android/kernel/android_kernel_oukitel_orange/drivers/misc/mediatek/pmic_wrap/mt6735/pwrap_hal.h:820:0: warning: "MT6328_SLDO_ANA_CON4" redefined
 #define MT6328_SLDO_ANA_CON4         ((UINT32)(MT6328_PMIC_REG_BASE+0x0A7E))
 ^
In file included from /home/satory-ra/Android/kernel/android_kernel_oukitel_orange/drivers/misc/mediatek/mach/mt6735/include/mach/upmu_common.h:7:0,
                 from drivers/misc/mediatek/mach/mt6735/mt_cpufreq.c:61:
/home/satory-ra/Android/kernel/android_kernel_oukitel_orange/drivers/misc/mediatek/mach/mt6735/include/mach/upmu_hw.h:443:0: note: this is the location of the previous definition
 #define MT6328_SLDO_ANA_CON4         ((MT6328_PMIC_REG_BASE+0x0A7E))
 ^
In file included from drivers/misc/mediatek/mach/mt6735/mt_cpufreq.c:64:0:
/home/satory-ra/Android/kernel/android_kernel_oukitel_orange/drivers/misc/mediatek/pmic_wrap/mt6735/pwrap_hal.h:821:0: warning: "MT6328_SLDO_ANA_CON5" redefined
 #define MT6328_SLDO_ANA_CON5         ((UINT32)(MT6328_PMIC_REG_BASE+0x0A80))
 ^
In file included from /home/satory-ra/Android/kernel/android_kernel_oukitel_orange/drivers/misc/mediatek/mach/mt6735/include/mach/upmu_common.h:7:0,
                 from drivers/misc/mediatek/mach/mt6735/mt_cpufreq.c:61:
/home/satory-ra/Android/kernel/android_kernel_oukitel_orange/drivers/misc/mediatek/mach/mt6735/include/mach/upmu_hw.h:444:0: note: this is the location of the previous definition
 #define MT6328_SLDO_ANA_CON5         ((MT6328_PMIC_REG_BASE+0x0A80))
 ^
In file included from drivers/misc/mediatek/mach/mt6735/mt_cpufreq.c:64:0:
/home/satory-ra/Android/kernel/android_kernel_oukitel_orange/drivers/misc/mediatek/pmic_wrap/mt6735/pwrap_hal.h:822:0: warning: "MT6328_SLDO_ANA_CON6" redefined
 #define MT6328_SLDO_ANA_CON6         ((UINT32)(MT6328_PMIC_REG_BASE+0x0A82))
 ^
In file included from /home/satory-ra/Android/kernel/android_kernel_oukitel_orange/drivers/misc/mediatek/mach/mt6735/include/mach/upmu_common.h:7:0,
                 from drivers/misc/mediatek/mach/mt6735/mt_cpufreq.c:61:
/home/satory-ra/Android/kernel/android_kernel_oukitel_orange/drivers/misc/mediatek/mach/mt6735/include/mach/upmu_hw.h:445:0: note: this is the location of the previous definition
 #define MT6328_SLDO_ANA_CON6         ((MT6328_PMIC_REG_BASE+0x0A82))
 ^
In file included from drivers/misc/mediatek/mach/mt6735/mt_cpufreq.c:64:0:
/home/satory-ra/Android/kernel/android_kernel_oukitel_orange/drivers/misc/mediatek/pmic_wrap/mt6735/pwrap_hal.h:823:0: warning: "MT6328_SLDO_ANA_CON7" redefined
 #define MT6328_SLDO_ANA_CON7         ((UINT32)(MT6328_PMIC_REG_BASE+0x0A84))
 ^
In file included from /home/satory-ra/Android/kernel/android_kernel_oukitel_orange/drivers/misc/mediatek/mach/mt6735/include/mach/upmu_common.h:7:0,
                 from drivers/misc/mediatek/mach/mt6735/mt_cpufreq.c:61:
/home/satory-ra/Android/kernel/android_kernel_oukitel_orange/drivers/misc/mediatek/mach/mt6735/include/mach/upmu_hw.h:446:0: note: this is the location of the previous definition
 #define MT6328_SLDO_ANA_CON7         ((MT6328_PMIC_REG_BASE+0x0A84))
 ^
In file included from drivers/misc/mediatek/mach/mt6735/mt_cpufreq.c:64:0:
/home/satory-ra/Android/kernel/android_kernel_oukitel_orange/drivers/misc/mediatek/pmic_wrap/mt6735/pwrap_hal.h:824:0: warning: "MT6328_SLDO_ANA_CON8" redefined
 #define MT6328_SLDO_ANA_CON8         ((UINT32)(MT6328_PMIC_REG_BASE+0x0A86))
 ^
In file included from /home/satory-ra/Android/kernel/android_kernel_oukitel_orange/drivers/misc/mediatek/mach/mt6735/include/mach/upmu_common.h:7:0,
                 from drivers/misc/mediatek/mach/mt6735/mt_cpufreq.c:61:
/home/satory-ra/Android/kernel/android_kernel_oukitel_orange/drivers/misc/mediatek/mach/mt6735/include/mach/upmu_hw.h:447:0: note: this is the location of the previous definition
 #define MT6328_SLDO_ANA_CON8         ((MT6328_PMIC_REG_BASE+0x0A86))
 ^
In file included from drivers/misc/mediatek/mach/mt6735/mt_cpufreq.c:64:0:
/home/satory-ra/Android/kernel/android_kernel_oukitel_orange/drivers/misc/mediatek/pmic_wrap/mt6735/pwrap_hal.h:825:0: warning: "MT6328_SLDO_ANA_CON9" redefined
 #define MT6328_SLDO_ANA_CON9         ((UINT32)(MT6328_PMIC_REG_BASE+0x0A88))
 ^
In file included from /home/satory-ra/Android/kernel/android_kernel_oukitel_orange/drivers/misc/mediatek/mach/mt6735/include/mach/upmu_common.h:7:0,
                 from drivers/misc/mediatek/mach/mt6735/mt_cpufreq.c:61:
/home/satory-ra/Android/kernel/android_kernel_oukitel_orange/drivers/misc/mediatek/mach/mt6735/include/mach/upmu_hw.h:448:0: note: this is the location of the previous definition
 #define MT6328_SLDO_ANA_CON9         ((MT6328_PMIC_REG_BASE+0x0A88))
 ^
In file included from drivers/misc/mediatek/mach/mt6735/mt_cpufreq.c:64:0:
/home/satory-ra/Android/kernel/android_kernel_oukitel_orange/drivers/misc/mediatek/pmic_wrap/mt6735/pwrap_hal.h:826:0: warning: "MT6328_SLDO_ANA_CON10" redefined
 #define MT6328_SLDO_ANA_CON10        ((UINT32)(MT6328_PMIC_REG_BASE+0x0A8A))
 ^
In file included from /home/satory-ra/Android/kernel/android_kernel_oukitel_orange/drivers/misc/mediatek/mach/mt6735/include/mach/upmu_common.h:7:0,
                 from drivers/misc/mediatek/mach/mt6735/mt_cpufreq.c:61:
/home/satory-ra/Android/kernel/android_kernel_oukitel_orange/drivers/misc/mediatek/mach/mt6735/include/mach/upmu_hw.h:449:0: note: this is the location of the previous definition
 #define MT6328_SLDO_ANA_CON10        ((MT6328_PMIC_REG_BASE+0x0A8A))
 ^
In file included from drivers/misc/mediatek/mach/mt6735/mt_cpufreq.c:64:0:
/home/satory-ra/Android/kernel/android_kernel_oukitel_orange/drivers/misc/mediatek/pmic_wrap/mt6735/pwrap_hal.h:827:0: warning: "MT6328_LDO_RSV_CON0" redefined
 #define MT6328_LDO_RSV_CON0          ((UINT32)(MT6328_PMIC_REG_BASE+0x0A8C))
 ^
  CC      drivers/usb/gadget/android.o
In file included from /home/satory-ra/Android/kernel/android_kernel_oukitel_orange/drivers/misc/mediatek/mach/mt6735/include/mach/upmu_common.h:7:0,
                 from drivers/misc/mediatek/mach/mt6735/mt_cpufreq.c:61:
/home/satory-ra/Android/kernel/android_kernel_oukitel_orange/drivers/misc/mediatek/mach/mt6735/include/mach/upmu_hw.h:450:0: note: this is the location of the previous definition
 #define MT6328_LDO_RSV_CON0          ((MT6328_PMIC_REG_BASE+0x0A8C))
 ^
In file included from drivers/video/fbcmap.c:16:0:
include/linux/fb.h:26:0: warning: "CONFIG_DMA_SHARED_BUFFER" redefined
 #define CONFIG_DMA_SHARED_BUFFER
 ^
In file included from drivers/misc/mediatek/mach/mt6735/mt_cpufreq.c:64:0:
/home/satory-ra/Android/kernel/android_kernel_oukitel_orange/drivers/misc/mediatek/pmic_wrap/mt6735/pwrap_hal.h:828:0: warning: "MT6328_LDO_RSV_CON1" redefined
 #define MT6328_LDO_RSV_CON1          ((UINT32)(MT6328_PMIC_REG_BASE+0x0A8E))
 ^
In file included from /home/satory-ra/Android/kernel/android_kernel_oukitel_orange/drivers/misc/mediatek/mach/mt6735/include/mach/upmu_common.h:7:0,
                 from drivers/misc/mediatek/mach/mt6735/mt_cpufreq.c:61:
/home/satory-ra/Android/kernel/android_kernel_oukitel_orange/drivers/misc/mediatek/mach/mt6735/include/mach/upmu_hw.h:451:0: note: this is the location of the previous definition
 #define MT6328_LDO_RSV_CON1          ((MT6328_PMIC_REG_BASE+0x0A8E))
 ^
In file included from drivers/misc/mediatek/mach/mt6735/mt_cpufreq.c:64:0:
/home/satory-ra/Android/kernel/android_kernel_oukitel_orange/drivers/misc/mediatek/pmic_wrap/mt6735/pwrap_hal.h:829:0: warning: "MT6328_SPK_CON0" redefined
 #define MT6328_SPK_CON0              ((UINT32)(MT6328_PMIC_REG_BASE+0x0A90))
 ^
In file included from /home/satory-ra/Android/kernel/android_kernel_oukitel_orange/drivers/misc/mediatek/mach/mt6735/include/mach/upmu_common.h:7:0,
                 from drivers/misc/mediatek/mach/mt6735/mt_cpufreq.c:61:
/home/satory-ra/Android/kernel/android_kernel_oukitel_orange/drivers/misc/mediatek/mach/mt6735/include/mach/upmu_hw.h:452:0: note: this is the location of the previous definition
 #define MT6328_SPK_CON0              ((MT6328_PMIC_REG_BASE+0x0A90))
 ^
In file included from drivers/misc/mediatek/mach/mt6735/mt_cpufreq.c:64:0:
/home/satory-ra/Android/kernel/android_kernel_oukitel_orange/drivers/misc/mediatek/pmic_wrap/mt6735/pwrap_hal.h:830:0: warning: "MT6328_SPK_CON1" redefined
 #define MT6328_SPK_CON1              ((UINT32)(MT6328_PMIC_REG_BASE+0x0A92))
 ^
In file included from /home/satory-ra/Android/kernel/android_kernel_oukitel_orange/drivers/misc/mediatek/mach/mt6735/include/mach/upmu_common.h:7:0,
                 from drivers/misc/mediatek/mach/mt6735/mt_cpufreq.c:61:
/home/satory-ra/Android/kernel/android_kernel_oukitel_orange/drivers/misc/mediatek/mach/mt6735/include/mach/upmu_hw.h:453:0: note: this is the location of the previous definition
 #define MT6328_SPK_CON1              ((MT6328_PMIC_REG_BASE+0x0A92))
 ^
In file included from drivers/misc/mediatek/mach/mt6735/mt_cpufreq.c:64:0:
/home/satory-ra/Android/kernel/android_kernel_oukitel_orange/drivers/misc/mediatek/pmic_wrap/mt6735/pwrap_hal.h:831:0: warning: "MT6328_SPK_CON2" redefined
 #define MT6328_SPK_CON2              ((UINT32)(MT6328_PMIC_REG_BASE+0x0A94))
 ^
In file included from /home/satory-ra/Android/kernel/android_kernel_oukitel_orange/drivers/misc/mediatek/mach/mt6735/include/mach/upmu_common.h:7:0,
                 from drivers/misc/mediatek/mach/mt6735/mt_cpufreq.c:61:
/home/satory-ra/Android/kernel/android_kernel_oukitel_orange/drivers/misc/mediatek/mach/mt6735/include/mach/upmu_hw.h:454:0: note: this is the location of the previous definition
 #define MT6328_SPK_CON2              ((MT6328_PMIC_REG_BASE+0x0A94))
 ^
In file included from drivers/misc/mediatek/mach/mt6735/mt_cpufreq.c:64:0:
/home/satory-ra/Android/kernel/android_kernel_oukitel_orange/drivers/misc/mediatek/pmic_wrap/mt6735/pwrap_hal.h:832:0: warning: "MT6328_SPK_CON3" redefined
 #define MT6328_SPK_CON3              ((UINT32)(MT6328_PMIC_REG_BASE+0x0A96))
 ^
In file included from /home/satory-ra/Android/kernel/android_kernel_oukitel_orange/drivers/misc/mediatek/mach/mt6735/include/mach/upmu_common.h:7:0,
                 from drivers/misc/mediatek/mach/mt6735/mt_cpufreq.c:61:
/home/satory-ra/Android/kernel/android_kernel_oukitel_orange/drivers/misc/mediatek/mach/mt6735/include/mach/upmu_hw.h:455:0: note: this is the location of the previous definition
 #define MT6328_SPK_CON3              ((MT6328_PMIC_REG_BASE+0x0A96))
 ^
In file included from drivers/misc/mediatek/mach/mt6735/mt_cpufreq.c:64:0:
/home/satory-ra/Android/kernel/android_kernel_oukitel_orange/drivers/misc/mediatek/pmic_wrap/mt6735/pwrap_hal.h:833:0: warning: "MT6328_SPK_CON4" redefined
 #define MT6328_SPK_CON4              ((UINT32)(MT6328_PMIC_REG_BASE+0x0A98))
 ^
In file included from /home/satory-ra/Android/kernel/android_kernel_oukitel_orange/drivers/misc/mediatek/mach/mt6735/include/mach/upmu_common.h:7:0,
                 from drivers/misc/mediatek/mach/mt6735/mt_cpufreq.c:61:
/home/satory-ra/Android/kernel/android_kernel_oukitel_orange/drivers/misc/mediatek/mach/mt6735/include/mach/upmu_hw.h:456:0: note: this is the location of the previous definition
 #define MT6328_SPK_CON4              ((MT6328_PMIC_REG_BASE+0x0A98))
 ^
In file included from drivers/misc/mediatek/mach/mt6735/mt_cpufreq.c:64:0:
/home/satory-ra/Android/kernel/android_kernel_oukitel_orange/drivers/misc/mediatek/pmic_wrap/mt6735/pwrap_hal.h:834:0: warning: "MT6328_SPK_CON5" redefined
 #define MT6328_SPK_CON5              ((UINT32)(MT6328_PMIC_REG_BASE+0x0A9A))
 ^
In file included from /home/satory-ra/Android/kernel/android_kernel_oukitel_orange/drivers/misc/mediatek/mach/mt6735/include/mach/upmu_common.h:7:0,
                 from drivers/misc/mediatek/mach/mt6735/mt_cpufreq.c:61:
/home/satory-ra/Android/kernel/android_kernel_oukitel_orange/drivers/misc/mediatek/mach/mt6735/include/mach/upmu_hw.h:457:0: note: this is the location of the previous definition
 #define MT6328_SPK_CON5              ((MT6328_PMIC_REG_BASE+0x0A9A))
 ^
In file included from drivers/misc/mediatek/mach/mt6735/mt_cpufreq.c:64:0:
/home/satory-ra/Android/kernel/android_kernel_oukitel_orange/drivers/misc/mediatek/pmic_wrap/mt6735/pwrap_hal.h:835:0: warning: "MT6328_SPK_CON6" redefined
 #define MT6328_SPK_CON6              ((UINT32)(MT6328_PMIC_REG_BASE+0x0A9C))
 ^
In file included from /home/satory-ra/Android/kernel/android_kernel_oukitel_orange/drivers/misc/mediatek/mach/mt6735/include/mach/upmu_common.h:7:0,
                 from drivers/misc/mediatek/mach/mt6735/mt_cpufreq.c:61:
/home/satory-ra/Android/kernel/android_kernel_oukitel_orange/drivers/misc/mediatek/mach/mt6735/include/mach/upmu_hw.h:458:0: note: this is the location of the previous definition
 #define MT6328_SPK_CON6              ((MT6328_PMIC_REG_BASE+0x0A9C))
 ^
In file included from drivers/misc/mediatek/mach/mt6735/mt_cpufreq.c:64:0:
/home/satory-ra/Android/kernel/android_kernel_oukitel_orange/drivers/misc/mediatek/pmic_wrap/mt6735/pwrap_hal.h:836:0: warning: "MT6328_SPK_CON7" redefined
 #define MT6328_SPK_CON7              ((UINT32)(MT6328_PMIC_REG_BASE+0x0A9E))
 ^
In file included from /home/satory-ra/Android/kernel/android_kernel_oukitel_orange/drivers/misc/mediatek/mach/mt6735/include/mach/upmu_common.h:7:0,
                 from drivers/misc/mediatek/mach/mt6735/mt_cpufreq.c:61:
/home/satory-ra/Android/kernel/android_kernel_oukitel_orange/drivers/misc/mediatek/mach/mt6735/include/mach/upmu_hw.h:459:0: note: this is the location of the previous definition
 #define MT6328_SPK_CON7              ((MT6328_PMIC_REG_BASE+0x0A9E))
 ^
In file included from /home/satory-ra/Android/kernel/android_kernel_oukitel_orange/include/linux/kconfig.h:4:0,
                 from <command-line>:0:
include/generated/autoconf.h:920:0: note: this is the location of the previous definition
 #define CONFIG_DMA_SHARED_BUFFER 1
 ^
In file included from drivers/misc/mediatek/mach/mt6735/mt_cpufreq.c:64:0:
/home/satory-ra/Android/kernel/android_kernel_oukitel_orange/drivers/misc/mediatek/pmic_wrap/mt6735/pwrap_hal.h:837:0: warning: "MT6328_SPK_CON8" redefined
 #define MT6328_SPK_CON8              ((UINT32)(MT6328_PMIC_REG_BASE+0x0AA0))
 ^
In file included from /home/satory-ra/Android/kernel/android_kernel_oukitel_orange/drivers/misc/mediatek/mach/mt6735/include/mach/upmu_common.h:7:0,
                 from drivers/misc/mediatek/mach/mt6735/mt_cpufreq.c:61:
/home/satory-ra/Android/kernel/android_kernel_oukitel_orange/drivers/misc/mediatek/mach/mt6735/include/mach/upmu_hw.h:460:0: note: this is the location of the previous definition
 #define MT6328_SPK_CON8              ((MT6328_PMIC_REG_BASE+0x0AA0))
 ^
In file included from drivers/misc/mediatek/mach/mt6735/mt_cpufreq.c:64:0:
/home/satory-ra/Android/kernel/android_kernel_oukitel_orange/drivers/misc/mediatek/pmic_wrap/mt6735/pwrap_hal.h:838:0: warning: "MT6328_SPK_CON9" redefined
 #define MT6328_SPK_CON9              ((UINT32)(MT6328_PMIC_REG_BASE+0x0AA2))
 ^
In file included from /home/satory-ra/Android/kernel/android_kernel_oukitel_orange/drivers/misc/mediatek/mach/mt6735/include/mach/upmu_common.h:7:0,
                 from drivers/misc/mediatek/mach/mt6735/mt_cpufreq.c:61:
/home/satory-ra/Android/kernel/android_kernel_oukitel_orange/drivers/misc/mediatek/mach/mt6735/include/mach/upmu_hw.h:461:0: note: this is the location of the previous definition
 #define MT6328_SPK_CON9              ((MT6328_PMIC_REG_BASE+0x0AA2))
 ^
In file included from drivers/misc/mediatek/mach/mt6735/mt_cpufreq.c:64:0:
/home/satory-ra/Android/kernel/android_kernel_oukitel_orange/drivers/misc/mediatek/pmic_wrap/mt6735/pwrap_hal.h:839:0: warning: "MT6328_SPK_CON10" redefined
 #define MT6328_SPK_CON10             ((UINT32)(MT6328_PMIC_REG_BASE+0x0AA4))
 ^
In file included from /home/satory-ra/Android/kernel/android_kernel_oukitel_orange/drivers/misc/mediatek/mach/mt6735/include/mach/upmu_common.h:7:0,
                 from drivers/misc/mediatek/mach/mt6735/mt_cpufreq.c:61:
/home/satory-ra/Android/kernel/android_kernel_oukitel_orange/drivers/misc/mediatek/mach/mt6735/include/mach/upmu_hw.h:462:0: note: this is the location of the previous definition
 #define MT6328_SPK_CON10             ((MT6328_PMIC_REG_BASE+0x0AA4))
 ^
In file included from drivers/misc/mediatek/mach/mt6735/mt_cpufreq.c:64:0:
/home/satory-ra/Android/kernel/android_kernel_oukitel_orange/drivers/misc/mediatek/pmic_wrap/mt6735/pwrap_hal.h:840:0: warning: "MT6328_SPK_CON11" redefined
 #define MT6328_SPK_CON11             ((UINT32)(MT6328_PMIC_REG_BASE+0x0AA6))
 ^
In file included from /home/satory-ra/Android/kernel/android_kernel_oukitel_orange/drivers/misc/mediatek/mach/mt6735/include/mach/upmu_common.h:7:0,
                 from drivers/misc/mediatek/mach/mt6735/mt_cpufreq.c:61:
/home/satory-ra/Android/kernel/android_kernel_oukitel_orange/drivers/misc/mediatek/mach/mt6735/include/mach/upmu_hw.h:463:0: note: this is the location of the previous definition
 #define MT6328_SPK_CON11             ((MT6328_PMIC_REG_BASE+0x0AA6))
 ^
In file included from drivers/misc/mediatek/mach/mt6735/mt_cpufreq.c:64:0:
/home/satory-ra/Android/kernel/android_kernel_oukitel_orange/drivers/misc/mediatek/pmic_wrap/mt6735/pwrap_hal.h:841:0: warning: "MT6328_SPK_CON12" redefined
 #define MT6328_SPK_CON12             ((UINT32)(MT6328_PMIC_REG_BASE+0x0AA8))
 ^
In file included from /home/satory-ra/Android/kernel/android_kernel_oukitel_orange/drivers/misc/mediatek/mach/mt6735/include/mach/upmu_common.h:7:0,
                 from drivers/misc/mediatek/mach/mt6735/mt_cpufreq.c:61:
/home/satory-ra/Android/kernel/android_kernel_oukitel_orange/drivers/misc/mediatek/mach/mt6735/include/mach/upmu_hw.h:464:0: note: this is the location of the previous definition
 #define MT6328_SPK_CON12             ((MT6328_PMIC_REG_BASE+0x0AA8))
 ^
In file included from drivers/misc/mediatek/mach/mt6735/mt_cpufreq.c:64:0:
/home/satory-ra/Android/kernel/android_kernel_oukitel_orange/drivers/misc/mediatek/pmic_wrap/mt6735/pwrap_hal.h:842:0: warning: "MT6328_SPK_CON13" redefined
 #define MT6328_SPK_CON13             ((UINT32)(MT6328_PMIC_REG_BASE+0x0AAA))
 ^
In file included from /home/satory-ra/Android/kernel/android_kernel_oukitel_orange/drivers/misc/mediatek/mach/mt6735/include/mach/upmu_common.h:7:0,
                 from drivers/misc/mediatek/mach/mt6735/mt_cpufreq.c:61:
/home/satory-ra/Android/kernel/android_kernel_oukitel_orange/drivers/misc/mediatek/mach/mt6735/include/mach/upmu_hw.h:465:0: note: this is the location of the previous definition
 #define MT6328_SPK_CON13             ((MT6328_PMIC_REG_BASE+0x0AAA))
 ^
In file included from drivers/misc/mediatek/mach/mt6735/mt_cpufreq.c:64:0:
/home/satory-ra/Android/kernel/android_kernel_oukitel_orange/drivers/misc/mediatek/pmic_wrap/mt6735/pwrap_hal.h:843:0: warning: "MT6328_SPK_CON14" redefined
 #define MT6328_SPK_CON14             ((UINT32)(MT6328_PMIC_REG_BASE+0x0AAC))
 ^
In file included from /home/satory-ra/Android/kernel/android_kernel_oukitel_orange/drivers/misc/mediatek/mach/mt6735/include/mach/upmu_common.h:7:0,
                 from drivers/misc/mediatek/mach/mt6735/mt_cpufreq.c:61:
/home/satory-ra/Android/kernel/android_kernel_oukitel_orange/drivers/misc/mediatek/mach/mt6735/include/mach/upmu_hw.h:466:0: note: this is the location of the previous definition
 #define MT6328_SPK_CON14             ((MT6328_PMIC_REG_BASE+0x0AAC))
 ^
In file included from drivers/misc/mediatek/mach/mt6735/mt_cpufreq.c:64:0:
/home/satory-ra/Android/kernel/android_kernel_oukitel_orange/drivers/misc/mediatek/pmic_wrap/mt6735/pwrap_hal.h:844:0: warning: "MT6328_SPK_CON15" redefined
 #define MT6328_SPK_CON15             ((UINT32)(MT6328_PMIC_REG_BASE+0x0AAE))
 ^
In file included from /home/satory-ra/Android/kernel/android_kernel_oukitel_orange/drivers/misc/mediatek/mach/mt6735/include/mach/upmu_common.h:7:0,
                 from drivers/misc/mediatek/mach/mt6735/mt_cpufreq.c:61:
/home/satory-ra/Android/kernel/android_kernel_oukitel_orange/drivers/misc/mediatek/mach/mt6735/include/mach/upmu_hw.h:467:0: note: this is the location of the previous definition
 #define MT6328_SPK_CON15             ((MT6328_PMIC_REG_BASE+0x0AAE))
 ^
In file included from drivers/misc/mediatek/mach/mt6735/mt_cpufreq.c:64:0:
/home/satory-ra/Android/kernel/android_kernel_oukitel_orange/drivers/misc/mediatek/pmic_wrap/mt6735/pwrap_hal.h:845:0: warning: "MT6328_SPK_CON16" redefined
 #define MT6328_SPK_CON16             ((UINT32)(MT6328_PMIC_REG_BASE+0x0AB0))
 ^
In file included from /home/satory-ra/Android/kernel/android_kernel_oukitel_orange/drivers/misc/mediatek/mach/mt6735/include/mach/upmu_common.h:7:0,
                 from drivers/misc/mediatek/mach/mt6735/mt_cpufreq.c:61:
/home/satory-ra/Android/kernel/android_kernel_oukitel_orange/drivers/misc/mediatek/mach/mt6735/include/mach/upmu_hw.h:468:0: note: this is the location of the previous definition
 #define MT6328_SPK_CON16             ((MT6328_PMIC_REG_BASE+0x0AB0))
 ^
In file included from drivers/misc/mediatek/mach/mt6735/mt_cpufreq.c:64:0:
/home/satory-ra/Android/kernel/android_kernel_oukitel_orange/drivers/misc/mediatek/pmic_wrap/mt6735/pwrap_hal.h:846:0: warning: "MT6328_SPK_ANA_CON0" redefined
 #define MT6328_SPK_ANA_CON0          ((UINT32)(MT6328_PMIC_REG_BASE+0x0AB2))
 ^
In file included from /home/satory-ra/Android/kernel/android_kernel_oukitel_orange/drivers/misc/mediatek/mach/mt6735/include/mach/upmu_common.h:7:0,
                 from drivers/misc/mediatek/mach/mt6735/mt_cpufreq.c:61:
/home/satory-ra/Android/kernel/android_kernel_oukitel_orange/drivers/misc/mediatek/mach/mt6735/include/mach/upmu_hw.h:469:0: note: this is the location of the previous definition
 #define MT6328_SPK_ANA_CON0          ((MT6328_PMIC_REG_BASE+0x0AB2))
 ^
In file included from drivers/misc/mediatek/mach/mt6735/mt_cpufreq.c:64:0:
/home/satory-ra/Android/kernel/android_kernel_oukitel_orange/drivers/misc/mediatek/pmic_wrap/mt6735/pwrap_hal.h:847:0: warning: "MT6328_SPK_ANA_CON1" redefined
 #define MT6328_SPK_ANA_CON1          ((UINT32)(MT6328_PMIC_REG_BASE+0x0AB4))
 ^
In file included from /home/satory-ra/Android/kernel/android_kernel_oukitel_orange/drivers/misc/mediatek/mach/mt6735/include/mach/upmu_common.h:7:0,
                 from drivers/misc/mediatek/mach/mt6735/mt_cpufreq.c:61:
/home/satory-ra/Android/kernel/android_kernel_oukitel_orange/drivers/misc/mediatek/mach/mt6735/include/mach/upmu_hw.h:470:0: note: this is the location of the previous definition
 #define MT6328_SPK_ANA_CON1          ((MT6328_PMIC_REG_BASE+0x0AB4))
 ^
In file included from drivers/misc/mediatek/mach/mt6735/mt_cpufreq.c:64:0:
/home/satory-ra/Android/kernel/android_kernel_oukitel_orange/drivers/misc/mediatek/pmic_wrap/mt6735/pwrap_hal.h:848:0: warning: "MT6328_SPK_ANA_CON3" redefined
 #define MT6328_SPK_ANA_CON3          ((UINT32)(MT6328_PMIC_REG_BASE+0x0AB6))
 ^
In file included from /home/satory-ra/Android/kernel/android_kernel_oukitel_orange/drivers/misc/mediatek/mach/mt6735/include/mach/upmu_common.h:7:0,
                 from drivers/misc/mediatek/mach/mt6735/mt_cpufreq.c:61:
/home/satory-ra/Android/kernel/android_kernel_oukitel_orange/drivers/misc/mediatek/mach/mt6735/include/mach/upmu_hw.h:471:0: note: this is the location of the previous definition
 #define MT6328_SPK_ANA_CON3          ((MT6328_PMIC_REG_BASE+0x0AB6))
 ^
In file included from drivers/misc/mediatek/mach/mt6735/mt_cpufreq.c:64:0:
/home/satory-ra/Android/kernel/android_kernel_oukitel_orange/drivers/misc/mediatek/pmic_wrap/mt6735/pwrap_hal.h:849:0: warning: "MT6328_OTP_CON0" redefined
 #define MT6328_OTP_CON0              ((UINT32)(MT6328_PMIC_REG_BASE+0x0C00))
 ^
In file included from /home/satory-ra/Android/kernel/android_kernel_oukitel_orange/drivers/misc/mediatek/mach/mt6735/include/mach/upmu_common.h:7:0,
                 from drivers/misc/mediatek/mach/mt6735/mt_cpufreq.c:61:
/home/satory-ra/Android/kernel/android_kernel_oukitel_orange/drivers/misc/mediatek/mach/mt6735/include/mach/upmu_hw.h:472:0: note: this is the location of the previous definition
 #define MT6328_OTP_CON0              ((MT6328_PMIC_REG_BASE+0x0C00))
 ^
In file included from drivers/misc/mediatek/mach/mt6735/mt_cpufreq.c:64:0:
/home/satory-ra/Android/kernel/android_kernel_oukitel_orange/drivers/misc/mediatek/pmic_wrap/mt6735/pwrap_hal.h:850:0: warning: "MT6328_OTP_CON1" redefined
 #define MT6328_OTP_CON1              ((UINT32)(MT6328_PMIC_REG_BASE+0x0C02))
 ^
In file included from /home/satory-ra/Android/kernel/android_kernel_oukitel_orange/drivers/misc/mediatek/mach/mt6735/include/mach/upmu_common.h:7:0,
                 from drivers/misc/mediatek/mach/mt6735/mt_cpufreq.c:61:
/home/satory-ra/Android/kernel/android_kernel_oukitel_orange/drivers/misc/mediatek/mach/mt6735/include/mach/upmu_hw.h:473:0: note: this is the location of the previous definition
 #define MT6328_OTP_CON1              ((MT6328_PMIC_REG_BASE+0x0C02))
 ^
In file included from drivers/misc/mediatek/mach/mt6735/mt_cpufreq.c:64:0:
/home/satory-ra/Android/kernel/android_kernel_oukitel_orange/drivers/misc/mediatek/pmic_wrap/mt6735/pwrap_hal.h:851:0: warning: "MT6328_OTP_CON2" redefined
 #define MT6328_OTP_CON2              ((UINT32)(MT6328_PMIC_REG_BASE+0x0C04))
 ^
In file included from /home/satory-ra/Android/kernel/android_kernel_oukitel_orange/drivers/misc/mediatek/mach/mt6735/include/mach/upmu_common.h:7:0,
                 from drivers/misc/mediatek/mach/mt6735/mt_cpufreq.c:61:
/home/satory-ra/Android/kernel/android_kernel_oukitel_orange/drivers/misc/mediatek/mach/mt6735/include/mach/upmu_hw.h:474:0: note: this is the location of the previous definition
 #define MT6328_OTP_CON2              ((MT6328_PMIC_REG_BASE+0x0C04))
 ^
In file included from drivers/misc/mediatek/mach/mt6735/mt_cpufreq.c:64:0:
/home/satory-ra/Android/kernel/android_kernel_oukitel_orange/drivers/misc/mediatek/pmic_wrap/mt6735/pwrap_hal.h:852:0: warning: "MT6328_OTP_CON3" redefined
 #define MT6328_OTP_CON3              ((UINT32)(MT6328_PMIC_REG_BASE+0x0C06))
 ^
In file included from /home/satory-ra/Android/kernel/android_kernel_oukitel_orange/drivers/misc/mediatek/mach/mt6735/include/mach/upmu_common.h:7:0,
                 from drivers/misc/mediatek/mach/mt6735/mt_cpufreq.c:61:
/home/satory-ra/Android/kernel/android_kernel_oukitel_orange/drivers/misc/mediatek/mach/mt6735/include/mach/upmu_hw.h:475:0: note: this is the location of the previous definition
 #define MT6328_OTP_CON3              ((MT6328_PMIC_REG_BASE+0x0C06))
 ^
In file included from drivers/misc/mediatek/mach/mt6735/mt_cpufreq.c:64:0:
/home/satory-ra/Android/kernel/android_kernel_oukitel_orange/drivers/misc/mediatek/pmic_wrap/mt6735/pwrap_hal.h:853:0: warning: "MT6328_OTP_CON4" redefined
 #define MT6328_OTP_CON4              ((UINT32)(MT6328_PMIC_REG_BASE+0x0C08))
 ^
In file included from /home/satory-ra/Android/kernel/android_kernel_oukitel_orange/drivers/misc/mediatek/mach/mt6735/include/mach/upmu_common.h:7:0,
                 from drivers/misc/mediatek/mach/mt6735/mt_cpufreq.c:61:
/home/satory-ra/Android/kernel/android_kernel_oukitel_orange/drivers/misc/mediatek/mach/mt6735/include/mach/upmu_hw.h:476:0: note: this is the location of the previous definition
 #define MT6328_OTP_CON4              ((MT6328_PMIC_REG_BASE+0x0C08))
 ^
In file included from drivers/misc/mediatek/mach/mt6735/mt_cpufreq.c:64:0:
/home/satory-ra/Android/kernel/android_kernel_oukitel_orange/drivers/misc/mediatek/pmic_wrap/mt6735/pwrap_hal.h:854:0: warning: "MT6328_OTP_CON5" redefined
 #define MT6328_OTP_CON5              ((UINT32)(MT6328_PMIC_REG_BASE+0x0C0A))
 ^
In file included from /home/satory-ra/Android/kernel/android_kernel_oukitel_orange/drivers/misc/mediatek/mach/mt6735/include/mach/upmu_common.h:7:0,
                 from drivers/misc/mediatek/mach/mt6735/mt_cpufreq.c:61:
/home/satory-ra/Android/kernel/android_kernel_oukitel_orange/drivers/misc/mediatek/mach/mt6735/include/mach/upmu_hw.h:477:0: note: this is the location of the previous definition
 #define MT6328_OTP_CON5              ((MT6328_PMIC_REG_BASE+0x0C0A))
 ^
In file included from drivers/misc/mediatek/mach/mt6735/mt_cpufreq.c:64:0:
/home/satory-ra/Android/kernel/android_kernel_oukitel_orange/drivers/misc/mediatek/pmic_wrap/mt6735/pwrap_hal.h:855:0: warning: "MT6328_OTP_CON6" redefined
 #define MT6328_OTP_CON6              ((UINT32)(MT6328_PMIC_REG_BASE+0x0C0C))
 ^
In file included from /home/satory-ra/Android/kernel/android_kernel_oukitel_orange/drivers/misc/mediatek/mach/mt6735/include/mach/upmu_common.h:7:0,
                 from drivers/misc/mediatek/mach/mt6735/mt_cpufreq.c:61:
/home/satory-ra/Android/kernel/android_kernel_oukitel_orange/drivers/misc/mediatek/mach/mt6735/include/mach/upmu_hw.h:478:0: note: this is the location of the previous definition
 #define MT6328_OTP_CON6              ((MT6328_PMIC_REG_BASE+0x0C0C))
 ^
In file included from drivers/misc/mediatek/mach/mt6735/mt_cpufreq.c:64:0:
/home/satory-ra/Android/kernel/android_kernel_oukitel_orange/drivers/misc/mediatek/pmic_wrap/mt6735/pwrap_hal.h:856:0: warning: "MT6328_OTP_CON7" redefined
 #define MT6328_OTP_CON7              ((UINT32)(MT6328_PMIC_REG_BASE+0x0C0E))
 ^
In file included from /home/satory-ra/Android/kernel/android_kernel_oukitel_orange/drivers/misc/mediatek/mach/mt6735/include/mach/upmu_common.h:7:0,
                 from drivers/misc/mediatek/mach/mt6735/mt_cpufreq.c:61:
/home/satory-ra/Android/kernel/android_kernel_oukitel_orange/drivers/misc/mediatek/mach/mt6735/include/mach/upmu_hw.h:479:0: note: this is the location of the previous definition
 #define MT6328_OTP_CON7              ((MT6328_PMIC_REG_BASE+0x0C0E))
 ^
In file included from drivers/misc/mediatek/mach/mt6735/mt_cpufreq.c:64:0:
/home/satory-ra/Android/kernel/android_kernel_oukitel_orange/drivers/misc/mediatek/pmic_wrap/mt6735/pwrap_hal.h:857:0: warning: "MT6328_OTP_CON8" redefined
 #define MT6328_OTP_CON8              ((UINT32)(MT6328_PMIC_REG_BASE+0x0C10))
 ^
In file included from /home/satory-ra/Android/kernel/android_kernel_oukitel_orange/drivers/misc/mediatek/mach/mt6735/include/mach/upmu_common.h:7:0,
                 from drivers/misc/mediatek/mach/mt6735/mt_cpufreq.c:61:
/home/satory-ra/Android/kernel/android_kernel_oukitel_orange/drivers/misc/mediatek/mach/mt6735/include/mach/upmu_hw.h:480:0: note: this is the location of the previous definition
 #define MT6328_OTP_CON8              ((MT6328_PMIC_REG_BASE+0x0C10))
 ^
In file included from drivers/misc/mediatek/mach/mt6735/mt_cpufreq.c:64:0:
/home/satory-ra/Android/kernel/android_kernel_oukitel_orange/drivers/misc/mediatek/pmic_wrap/mt6735/pwrap_hal.h:858:0: warning: "MT6328_OTP_CON9" redefined
 #define MT6328_OTP_CON9              ((UINT32)(MT6328_PMIC_REG_BASE+0x0C12))
 ^
In file included from /home/satory-ra/Android/kernel/android_kernel_oukitel_orange/drivers/misc/mediatek/mach/mt6735/include/mach/upmu_common.h:7:0,
                 from drivers/misc/mediatek/mach/mt6735/mt_cpufreq.c:61:
/home/satory-ra/Android/kernel/android_kernel_oukitel_orange/drivers/misc/mediatek/mach/mt6735/include/mach/upmu_hw.h:481:0: note: this is the location of the previous definition
 #define MT6328_OTP_CON9              ((MT6328_PMIC_REG_BASE+0x0C12))
 ^
In file included from drivers/misc/mediatek/mach/mt6735/mt_cpufreq.c:64:0:
/home/satory-ra/Android/kernel/android_kernel_oukitel_orange/drivers/misc/mediatek/pmic_wrap/mt6735/pwrap_hal.h:859:0: warning: "MT6328_OTP_CON10" redefined
 #define MT6328_OTP_CON10             ((UINT32)(MT6328_PMIC_REG_BASE+0x0C14))
 ^
In file included from /home/satory-ra/Android/kernel/android_kernel_oukitel_orange/drivers/misc/mediatek/mach/mt6735/include/mach/upmu_common.h:7:0,
                 from drivers/misc/mediatek/mach/mt6735/mt_cpufreq.c:61:
/home/satory-ra/Android/kernel/android_kernel_oukitel_orange/drivers/misc/mediatek/mach/mt6735/include/mach/upmu_hw.h:482:0: note: this is the location of the previous definition
 #define MT6328_OTP_CON10             ((MT6328_PMIC_REG_BASE+0x0C14))
 ^
In file included from drivers/misc/mediatek/mach/mt6735/mt_cpufreq.c:64:0:
/home/satory-ra/Android/kernel/android_kernel_oukitel_orange/drivers/misc/mediatek/pmic_wrap/mt6735/pwrap_hal.h:860:0: warning: "MT6328_OTP_CON11" redefined
 #define MT6328_OTP_CON11             ((UINT32)(MT6328_PMIC_REG_BASE+0x0C16))
 ^
In file included from /home/satory-ra/Android/kernel/android_kernel_oukitel_orange/drivers/misc/mediatek/mach/mt6735/include/mach/upmu_common.h:7:0,
                 from drivers/misc/mediatek/mach/mt6735/mt_cpufreq.c:61:
/home/satory-ra/Android/kernel/android_kernel_oukitel_orange/drivers/misc/mediatek/mach/mt6735/include/mach/upmu_hw.h:483:0: note: this is the location of the previous definition
 #define MT6328_OTP_CON11             ((MT6328_PMIC_REG_BASE+0x0C16))
 ^
In file included from drivers/misc/mediatek/mach/mt6735/mt_cpufreq.c:64:0:
/home/satory-ra/Android/kernel/android_kernel_oukitel_orange/drivers/misc/mediatek/pmic_wrap/mt6735/pwrap_hal.h:861:0: warning: "MT6328_OTP_CON12" redefined
 #define MT6328_OTP_CON12             ((UINT32)(MT6328_PMIC_REG_BASE+0x0C18))
 ^
In file included from /home/satory-ra/Android/kernel/android_kernel_oukitel_orange/drivers/misc/mediatek/mach/mt6735/include/mach/upmu_common.h:7:0,
                 from drivers/misc/mediatek/mach/mt6735/mt_cpufreq.c:61:
/home/satory-ra/Android/kernel/android_kernel_oukitel_orange/drivers/misc/mediatek/mach/mt6735/include/mach/upmu_hw.h:484:0: note: this is the location of the previous definition
 #define MT6328_OTP_CON12             ((MT6328_PMIC_REG_BASE+0x0C18))
 ^
In file included from drivers/misc/mediatek/mach/mt6735/mt_cpufreq.c:64:0:
/home/satory-ra/Android/kernel/android_kernel_oukitel_orange/drivers/misc/mediatek/pmic_wrap/mt6735/pwrap_hal.h:862:0: warning: "MT6328_OTP_CON13" redefined
 #define MT6328_OTP_CON13             ((UINT32)(MT6328_PMIC_REG_BASE+0x0C1A))
 ^
In file included from /home/satory-ra/Android/kernel/android_kernel_oukitel_orange/drivers/misc/mediatek/mach/mt6735/include/mach/upmu_common.h:7:0,
                 from drivers/misc/mediatek/mach/mt6735/mt_cpufreq.c:61:
/home/satory-ra/Android/kernel/android_kernel_oukitel_orange/drivers/misc/mediatek/mach/mt6735/include/mach/upmu_hw.h:485:0: note: this is the location of the previous definition
 #define MT6328_OTP_CON13             ((MT6328_PMIC_REG_BASE+0x0C1A))
 ^
In file included from drivers/misc/mediatek/mach/mt6735/mt_cpufreq.c:64:0:
/home/satory-ra/Android/kernel/android_kernel_oukitel_orange/drivers/misc/mediatek/pmic_wrap/mt6735/pwrap_hal.h:863:0: warning: "MT6328_OTP_CON14" redefined
 #define MT6328_OTP_CON14             ((UINT32)(MT6328_PMIC_REG_BASE+0x0C1C))
 ^
In file included from /home/satory-ra/Android/kernel/android_kernel_oukitel_orange/drivers/misc/mediatek/mach/mt6735/include/mach/upmu_common.h:7:0,
                 from drivers/misc/mediatek/mach/mt6735/mt_cpufreq.c:61:
/home/satory-ra/Android/kernel/android_kernel_oukitel_orange/drivers/misc/mediatek/mach/mt6735/include/mach/upmu_hw.h:486:0: note: this is the location of the previous definition
 #define MT6328_OTP_CON14             ((MT6328_PMIC_REG_BASE+0x0C1C))
 ^
In file included from drivers/misc/mediatek/mach/mt6735/mt_cpufreq.c:64:0:
/home/satory-ra/Android/kernel/android_kernel_oukitel_orange/drivers/misc/mediatek/pmic_wrap/mt6735/pwrap_hal.h:864:0: warning: "MT6328_OTP_DOUT_0_15" redefined
 #define MT6328_OTP_DOUT_0_15         ((UINT32)(MT6328_PMIC_REG_BASE+0x0C1E))
 ^
In file included from /home/satory-ra/Android/kernel/android_kernel_oukitel_orange/drivers/misc/mediatek/mach/mt6735/include/mach/upmu_common.h:7:0,
                 from drivers/misc/mediatek/mach/mt6735/mt_cpufreq.c:61:
/home/satory-ra/Android/kernel/android_kernel_oukitel_orange/drivers/misc/mediatek/mach/mt6735/include/mach/upmu_hw.h:487:0: note: this is the location of the previous definition
 #define MT6328_OTP_DOUT_0_15         ((MT6328_PMIC_REG_BASE+0x0C1E))
 ^
In file included from drivers/misc/mediatek/mach/mt6735/mt_cpufreq.c:64:0:
/home/satory-ra/Android/kernel/android_kernel_oukitel_orange/drivers/misc/mediatek/pmic_wrap/mt6735/pwrap_hal.h:865:0: warning: "MT6328_OTP_DOUT_16_31" redefined
 #define MT6328_OTP_DOUT_16_31        ((UINT32)(MT6328_PMIC_REG_BASE+0x0C20))
 ^
In file included from /home/satory-ra/Android/kernel/android_kernel_oukitel_orange/drivers/misc/mediatek/mach/mt6735/include/mach/upmu_common.h:7:0,
                 from drivers/misc/mediatek/mach/mt6735/mt_cpufreq.c:61:
/home/satory-ra/Android/kernel/android_kernel_oukitel_orange/drivers/misc/mediatek/mach/mt6735/include/mach/upmu_hw.h:488:0: note: this is the location of the previous definition
 #define MT6328_OTP_DOUT_16_31        ((MT6328_PMIC_REG_BASE+0x0C20))
 ^
In file included from drivers/misc/mediatek/mach/mt6735/mt_cpufreq.c:64:0:
/home/satory-ra/Android/kernel/android_kernel_oukitel_orange/drivers/misc/mediatek/pmic_wrap/mt6735/pwrap_hal.h:866:0: warning: "MT6328_OTP_DOUT_32_47" redefined
 #define MT6328_OTP_DOUT_32_47        ((UINT32)(MT6328_PMIC_REG_BASE+0x0C22))
 ^
In file included from /home/satory-ra/Android/kernel/android_kernel_oukitel_orange/drivers/misc/mediatek/mach/mt6735/include/mach/upmu_common.h:7:0,
                 from drivers/misc/mediatek/mach/mt6735/mt_cpufreq.c:61:
/home/satory-ra/Android/kernel/android_kernel_oukitel_orange/drivers/misc/mediatek/mach/mt6735/include/mach/upmu_hw.h:489:0: note: this is the location of the previous definition
 #define MT6328_OTP_DOUT_32_47        ((MT6328_PMIC_REG_BASE+0x0C22))
 ^
In file included from drivers/misc/mediatek/mach/mt6735/mt_cpufreq.c:64:0:
/home/satory-ra/Android/kernel/android_kernel_oukitel_orange/drivers/misc/mediatek/pmic_wrap/mt6735/pwrap_hal.h:867:0: warning: "MT6328_OTP_DOUT_48_63" redefined
 #define MT6328_OTP_DOUT_48_63        ((UINT32)(MT6328_PMIC_REG_BASE+0x0C24))
 ^
  CC      drivers/video/fbsysfs.o
In file included from /home/satory-ra/Android/kernel/android_kernel_oukitel_orange/drivers/misc/mediatek/mach/mt6735/include/mach/upmu_common.h:7:0,
                 from drivers/misc/mediatek/mach/mt6735/mt_cpufreq.c:61:
/home/satory-ra/Android/kernel/android_kernel_oukitel_orange/drivers/misc/mediatek/mach/mt6735/include/mach/upmu_hw.h:490:0: note: this is the location of the previous definition
 #define MT6328_OTP_DOUT_48_63        ((MT6328_PMIC_REG_BASE+0x0C24))
 ^
In file included from drivers/misc/mediatek/mach/mt6735/mt_cpufreq.c:64:0:
/home/satory-ra/Android/kernel/android_kernel_oukitel_orange/drivers/misc/mediatek/pmic_wrap/mt6735/pwrap_hal.h:868:0: warning: "MT6328_OTP_DOUT_64_79" redefined
 #define MT6328_OTP_DOUT_64_79        ((UINT32)(MT6328_PMIC_REG_BASE+0x0C26))
 ^
In file included from /home/satory-ra/Android/kernel/android_kernel_oukitel_orange/drivers/misc/mediatek/mach/mt6735/include/mach/upmu_common.h:7:0,
                 from drivers/misc/mediatek/mach/mt6735/mt_cpufreq.c:61:
/home/satory-ra/Android/kernel/android_kernel_oukitel_orange/drivers/misc/mediatek/mach/mt6735/include/mach/upmu_hw.h:491:0: note: this is the location of the previous definition
 #define MT6328_OTP_DOUT_64_79        ((MT6328_PMIC_REG_BASE+0x0C26))
 ^
In file included from drivers/misc/mediatek/mach/mt6735/mt_cpufreq.c:64:0:
/home/satory-ra/Android/kernel/android_kernel_oukitel_orange/drivers/misc/mediatek/pmic_wrap/mt6735/pwrap_hal.h:869:0: warning: "MT6328_OTP_DOUT_80_95" redefined
 #define MT6328_OTP_DOUT_80_95        ((UINT32)(MT6328_PMIC_REG_BASE+0x0C28))
 ^
In file included from /home/satory-ra/Android/kernel/android_kernel_oukitel_orange/drivers/misc/mediatek/mach/mt6735/include/mach/upmu_common.h:7:0,
                 from drivers/misc/mediatek/mach/mt6735/mt_cpufreq.c:61:
/home/satory-ra/Android/kernel/android_kernel_oukitel_orange/drivers/misc/mediatek/mach/mt6735/include/mach/upmu_hw.h:492:0: note: this is the location of the previous definition
 #define MT6328_OTP_DOUT_80_95        ((MT6328_PMIC_REG_BASE+0x0C28))
 ^
In file included from drivers/misc/mediatek/mach/mt6735/mt_cpufreq.c:64:0:
/home/satory-ra/Android/kernel/android_kernel_oukitel_orange/drivers/misc/mediatek/pmic_wrap/mt6735/pwrap_hal.h:870:0: warning: "MT6328_OTP_DOUT_96_111" redefined
 #define MT6328_OTP_DOUT_96_111       ((UINT32)(MT6328_PMIC_REG_BASE+0x0C2A))
 ^
In file included from /home/satory-ra/Android/kernel/android_kernel_oukitel_orange/drivers/misc/mediatek/mach/mt6735/include/mach/upmu_common.h:7:0,
                 from drivers/misc/mediatek/mach/mt6735/mt_cpufreq.c:61:
/home/satory-ra/Android/kernel/android_kernel_oukitel_orange/drivers/misc/mediatek/mach/mt6735/include/mach/upmu_hw.h:493:0: note: this is the location of the previous definition
 #define MT6328_OTP_DOUT_96_111       ((MT6328_PMIC_REG_BASE+0x0C2A))
 ^
In file included from drivers/misc/mediatek/mach/mt6735/mt_cpufreq.c:64:0:
/home/satory-ra/Android/kernel/android_kernel_oukitel_orange/drivers/misc/mediatek/pmic_wrap/mt6735/pwrap_hal.h:871:0: warning: "MT6328_OTP_DOUT_112_127" redefined
 #define MT6328_OTP_DOUT_112_127      ((UINT32)(MT6328_PMIC_REG_BASE+0x0C2C))
 ^
In file included from /home/satory-ra/Android/kernel/android_kernel_oukitel_orange/drivers/misc/mediatek/mach/mt6735/include/mach/upmu_common.h:7:0,
                 from drivers/misc/mediatek/mach/mt6735/mt_cpufreq.c:61:
/home/satory-ra/Android/kernel/android_kernel_oukitel_orange/drivers/misc/mediatek/mach/mt6735/include/mach/upmu_hw.h:494:0: note: this is the location of the previous definition
 #define MT6328_OTP_DOUT_112_127      ((MT6328_PMIC_REG_BASE+0x0C2C))
 ^
In file included from drivers/misc/mediatek/mach/mt6735/mt_cpufreq.c:64:0:
/home/satory-ra/Android/kernel/android_kernel_oukitel_orange/drivers/misc/mediatek/pmic_wrap/mt6735/pwrap_hal.h:872:0: warning: "MT6328_OTP_DOUT_128_143" redefined
 #define MT6328_OTP_DOUT_128_143      ((UINT32)(MT6328_PMIC_REG_BASE+0x0C2E))
 ^
In file included from /home/satory-ra/Android/kernel/android_kernel_oukitel_orange/drivers/misc/mediatek/mach/mt6735/include/mach/upmu_common.h:7:0,
                 from drivers/misc/mediatek/mach/mt6735/mt_cpufreq.c:61:
/home/satory-ra/Android/kernel/android_kernel_oukitel_orange/drivers/misc/mediatek/mach/mt6735/include/mach/upmu_hw.h:495:0: note: this is the location of the previous definition
 #define MT6328_OTP_DOUT_128_143      ((MT6328_PMIC_REG_BASE+0x0C2E))
 ^
In file included from drivers/misc/mediatek/mach/mt6735/mt_cpufreq.c:64:0:
/home/satory-ra/Android/kernel/android_kernel_oukitel_orange/drivers/misc/mediatek/pmic_wrap/mt6735/pwrap_hal.h:873:0: warning: "MT6328_OTP_DOUT_144_159" redefined
 #define MT6328_OTP_DOUT_144_159      ((UINT32)(MT6328_PMIC_REG_BASE+0x0C30))
 ^
In file included from /home/satory-ra/Android/kernel/android_kernel_oukitel_orange/drivers/misc/mediatek/mach/mt6735/include/mach/upmu_common.h:7:0,
                 from drivers/misc/mediatek/mach/mt6735/mt_cpufreq.c:61:
/home/satory-ra/Android/kernel/android_kernel_oukitel_orange/drivers/misc/mediatek/mach/mt6735/include/mach/upmu_hw.h:496:0: note: this is the location of the previous definition
 #define MT6328_OTP_DOUT_144_159      ((MT6328_PMIC_REG_BASE+0x0C30))
 ^
In file included from drivers/misc/mediatek/mach/mt6735/mt_cpufreq.c:64:0:
/home/satory-ra/Android/kernel/android_kernel_oukitel_orange/drivers/misc/mediatek/pmic_wrap/mt6735/pwrap_hal.h:874:0: warning: "MT6328_OTP_DOUT_160_175" redefined
 #define MT6328_OTP_DOUT_160_175      ((UINT32)(MT6328_PMIC_REG_BASE+0x0C32))
 ^
In file included from /home/satory-ra/Android/kernel/android_kernel_oukitel_orange/drivers/misc/mediatek/mach/mt6735/include/mach/upmu_common.h:7:0,
                 from drivers/misc/mediatek/mach/mt6735/mt_cpufreq.c:61:
/home/satory-ra/Android/kernel/android_kernel_oukitel_orange/drivers/misc/mediatek/mach/mt6735/include/mach/upmu_hw.h:497:0: note: this is the location of the previous definition
 #define MT6328_OTP_DOUT_160_175      ((MT6328_PMIC_REG_BASE+0x0C32))
 ^
In file included from drivers/misc/mediatek/mach/mt6735/mt_cpufreq.c:64:0:
/home/satory-ra/Android/kernel/android_kernel_oukitel_orange/drivers/misc/mediatek/pmic_wrap/mt6735/pwrap_hal.h:875:0: warning: "MT6328_OTP_DOUT_176_191" redefined
 #define MT6328_OTP_DOUT_176_191      ((UINT32)(MT6328_PMIC_REG_BASE+0x0C34))
 ^
In file included from /home/satory-ra/Android/kernel/android_kernel_oukitel_orange/drivers/misc/mediatek/mach/mt6735/include/mach/upmu_common.h:7:0,
                 from drivers/misc/mediatek/mach/mt6735/mt_cpufreq.c:61:
/home/satory-ra/Android/kernel/android_kernel_oukitel_orange/drivers/misc/mediatek/mach/mt6735/include/mach/upmu_hw.h:498:0: note: this is the location of the previous definition
 #define MT6328_OTP_DOUT_176_191      ((MT6328_PMIC_REG_BASE+0x0C34))
 ^
In file included from drivers/misc/mediatek/mach/mt6735/mt_cpufreq.c:64:0:
/home/satory-ra/Android/kernel/android_kernel_oukitel_orange/drivers/misc/mediatek/pmic_wrap/mt6735/pwrap_hal.h:876:0: warning: "MT6328_OTP_DOUT_192_207" redefined
 #define MT6328_OTP_DOUT_192_207      ((UINT32)(MT6328_PMIC_REG_BASE+0x0C36))
 ^
In file included from /home/satory-ra/Android/kernel/android_kernel_oukitel_orange/drivers/misc/mediatek/mach/mt6735/include/mach/upmu_common.h:7:0,
                 from drivers/misc/mediatek/mach/mt6735/mt_cpufreq.c:61:
/home/satory-ra/Android/kernel/android_kernel_oukitel_orange/drivers/misc/mediatek/mach/mt6735/include/mach/upmu_hw.h:499:0: note: this is the location of the previous definition
 #define MT6328_OTP_DOUT_192_207      ((MT6328_PMIC_REG_BASE+0x0C36))
 ^
In file included from drivers/misc/mediatek/mach/mt6735/mt_cpufreq.c:64:0:
/home/satory-ra/Android/kernel/android_kernel_oukitel_orange/drivers/misc/mediatek/pmic_wrap/mt6735/pwrap_hal.h:877:0: warning: "MT6328_OTP_DOUT_208_223" redefined
 #define MT6328_OTP_DOUT_208_223      ((UINT32)(MT6328_PMIC_REG_BASE+0x0C38))
 ^
In file included from /home/satory-ra/Android/kernel/android_kernel_oukitel_orange/drivers/misc/mediatek/mach/mt6735/include/mach/upmu_common.h:7:0,
                 from drivers/misc/mediatek/mach/mt6735/mt_cpufreq.c:61:
/home/satory-ra/Android/kernel/android_kernel_oukitel_orange/drivers/misc/mediatek/mach/mt6735/include/mach/upmu_hw.h:500:0: note: this is the location of the previous definition
 #define MT6328_OTP_DOUT_208_223      ((MT6328_PMIC_REG_BASE+0x0C38))
 ^
In file included from drivers/misc/mediatek/mach/mt6735/mt_cpufreq.c:64:0:
/home/satory-ra/Android/kernel/android_kernel_oukitel_orange/drivers/misc/mediatek/pmic_wrap/mt6735/pwrap_hal.h:878:0: warning: "MT6328_OTP_DOUT_224_239" redefined
 #define MT6328_OTP_DOUT_224_239      ((UINT32)(MT6328_PMIC_REG_BASE+0x0C3A))
 ^
In file included from /home/satory-ra/Android/kernel/android_kernel_oukitel_orange/drivers/misc/mediatek/mach/mt6735/include/mach/upmu_common.h:7:0,
                 from drivers/misc/mediatek/mach/mt6735/mt_cpufreq.c:61:
/home/satory-ra/Android/kernel/android_kernel_oukitel_orange/drivers/misc/mediatek/mach/mt6735/include/mach/upmu_hw.h:501:0: note: this is the location of the previous definition
 #define MT6328_OTP_DOUT_224_239      ((MT6328_PMIC_REG_BASE+0x0C3A))
 ^
In file included from drivers/misc/mediatek/mach/mt6735/mt_cpufreq.c:64:0:
/home/satory-ra/Android/kernel/android_kernel_oukitel_orange/drivers/misc/mediatek/pmic_wrap/mt6735/pwrap_hal.h:879:0: warning: "MT6328_OTP_DOUT_240_255" redefined
 #define MT6328_OTP_DOUT_240_255      ((UINT32)(MT6328_PMIC_REG_BASE+0x0C3C))
 ^
In file included from /home/satory-ra/Android/kernel/android_kernel_oukitel_orange/drivers/misc/mediatek/mach/mt6735/include/mach/upmu_common.h:7:0,
                 from drivers/misc/mediatek/mach/mt6735/mt_cpufreq.c:61:
/home/satory-ra/Android/kernel/android_kernel_oukitel_orange/drivers/misc/mediatek/mach/mt6735/include/mach/upmu_hw.h:502:0: note: this is the location of the previous definition
 #define MT6328_OTP_DOUT_240_255      ((MT6328_PMIC_REG_BASE+0x0C3C))
 ^
In file included from drivers/misc/mediatek/mach/mt6735/mt_cpufreq.c:64:0:
/home/satory-ra/Android/kernel/android_kernel_oukitel_orange/drivers/misc/mediatek/pmic_wrap/mt6735/pwrap_hal.h:880:0: warning: "MT6328_OTP_DOUT_256_271" redefined
 #define MT6328_OTP_DOUT_256_271      ((UINT32)(MT6328_PMIC_REG_BASE+0x0C3E))
 ^
In file included from /home/satory-ra/Android/kernel/android_kernel_oukitel_orange/drivers/misc/mediatek/mach/mt6735/include/mach/upmu_common.h:7:0,
                 from drivers/misc/mediatek/mach/mt6735/mt_cpufreq.c:61:
/home/satory-ra/Android/kernel/android_kernel_oukitel_orange/drivers/misc/mediatek/mach/mt6735/include/mach/upmu_hw.h:503:0: note: this is the location of the previous definition
 #define MT6328_OTP_DOUT_256_271      ((MT6328_PMIC_REG_BASE+0x0C3E))
 ^
In file included from drivers/misc/mediatek/mach/mt6735/mt_cpufreq.c:64:0:
/home/satory-ra/Android/kernel/android_kernel_oukitel_orange/drivers/misc/mediatek/pmic_wrap/mt6735/pwrap_hal.h:881:0: warning: "MT6328_OTP_DOUT_272_287" redefined
 #define MT6328_OTP_DOUT_272_287      ((UINT32)(MT6328_PMIC_REG_BASE+0x0C40))
 ^
In file included from /home/satory-ra/Android/kernel/android_kernel_oukitel_orange/drivers/misc/mediatek/mach/mt6735/include/mach/upmu_common.h:7:0,
                 from drivers/misc/mediatek/mach/mt6735/mt_cpufreq.c:61:
/home/satory-ra/Android/kernel/android_kernel_oukitel_orange/drivers/misc/mediatek/mach/mt6735/include/mach/upmu_hw.h:504:0: note: this is the location of the previous definition
 #define MT6328_OTP_DOUT_272_287      ((MT6328_PMIC_REG_BASE+0x0C40))
 ^
In file included from drivers/misc/mediatek/mach/mt6735/mt_cpufreq.c:64:0:
/home/satory-ra/Android/kernel/android_kernel_oukitel_orange/drivers/misc/mediatek/pmic_wrap/mt6735/pwrap_hal.h:882:0: warning: "MT6328_OTP_DOUT_288_303" redefined
 #define MT6328_OTP_DOUT_288_303      ((UINT32)(MT6328_PMIC_REG_BASE+0x0C42))
 ^
In file included from /home/satory-ra/Android/kernel/android_kernel_oukitel_orange/drivers/misc/mediatek/mach/mt6735/include/mach/upmu_common.h:7:0,
                 from drivers/misc/mediatek/mach/mt6735/mt_cpufreq.c:61:
/home/satory-ra/Android/kernel/android_kernel_oukitel_orange/drivers/misc/mediatek/mach/mt6735/include/mach/upmu_hw.h:505:0: note: this is the location of the previous definition
 #define MT6328_OTP_DOUT_288_303      ((MT6328_PMIC_REG_BASE+0x0C42))
 ^
In file included from drivers/misc/mediatek/mach/mt6735/mt_cpufreq.c:64:0:
/home/satory-ra/Android/kernel/android_kernel_oukitel_orange/drivers/misc/mediatek/pmic_wrap/mt6735/pwrap_hal.h:883:0: warning: "MT6328_OTP_DOUT_304_319" redefined
 #define MT6328_OTP_DOUT_304_319      ((UINT32)(MT6328_PMIC_REG_BASE+0x0C44))
 ^
In file included from /home/satory-ra/Android/kernel/android_kernel_oukitel_orange/drivers/misc/mediatek/mach/mt6735/include/mach/upmu_common.h:7:0,
                 from drivers/misc/mediatek/mach/mt6735/mt_cpufreq.c:61:
/home/satory-ra/Android/kernel/android_kernel_oukitel_orange/drivers/misc/mediatek/mach/mt6735/include/mach/upmu_hw.h:506:0: note: this is the location of the previous definition
 #define MT6328_OTP_DOUT_304_319      ((MT6328_PMIC_REG_BASE+0x0C44))
 ^
In file included from drivers/misc/mediatek/mach/mt6735/mt_cpufreq.c:64:0:
/home/satory-ra/Android/kernel/android_kernel_oukitel_orange/drivers/misc/mediatek/pmic_wrap/mt6735/pwrap_hal.h:884:0: warning: "MT6328_OTP_DOUT_320_335" redefined
 #define MT6328_OTP_DOUT_320_335      ((UINT32)(MT6328_PMIC_REG_BASE+0x0C46))
 ^
In file included from /home/satory-ra/Android/kernel/android_kernel_oukitel_orange/drivers/misc/mediatek/mach/mt6735/include/mach/upmu_common.h:7:0,
                 from drivers/misc/mediatek/mach/mt6735/mt_cpufreq.c:61:
/home/satory-ra/Android/kernel/android_kernel_oukitel_orange/drivers/misc/mediatek/mach/mt6735/include/mach/upmu_hw.h:507:0: note: this is the location of the previous definition
 #define MT6328_OTP_DOUT_320_335      ((MT6328_PMIC_REG_BASE+0x0C46))
 ^
In file included from drivers/misc/mediatek/mach/mt6735/mt_cpufreq.c:64:0:
/home/satory-ra/Android/kernel/android_kernel_oukitel_orange/drivers/misc/mediatek/pmic_wrap/mt6735/pwrap_hal.h:885:0: warning: "MT6328_OTP_DOUT_336_351" redefined
 #define MT6328_OTP_DOUT_336_351      ((UINT32)(MT6328_PMIC_REG_BASE+0x0C48))
 ^
In file included from /home/satory-ra/Android/kernel/android_kernel_oukitel_orange/drivers/misc/mediatek/mach/mt6735/include/mach/upmu_common.h:7:0,
                 from drivers/misc/mediatek/mach/mt6735/mt_cpufreq.c:61:
/home/satory-ra/Android/kernel/android_kernel_oukitel_orange/drivers/misc/mediatek/mach/mt6735/include/mach/upmu_hw.h:508:0: note: this is the location of the previous definition
 #define MT6328_OTP_DOUT_336_351      ((MT6328_PMIC_REG_BASE+0x0C48))
 ^
In file included from drivers/misc/mediatek/mach/mt6735/mt_cpufreq.c:64:0:
/home/satory-ra/Android/kernel/android_kernel_oukitel_orange/drivers/misc/mediatek/pmic_wrap/mt6735/pwrap_hal.h:886:0: warning: "MT6328_OTP_DOUT_352_367" redefined
 #define MT6328_OTP_DOUT_352_367      ((UINT32)(MT6328_PMIC_REG_BASE+0x0C4A))
 ^
In file included from /home/satory-ra/Android/kernel/android_kernel_oukitel_orange/drivers/misc/mediatek/mach/mt6735/include/mach/upmu_common.h:7:0,
                 from drivers/misc/mediatek/mach/mt6735/mt_cpufreq.c:61:
/home/satory-ra/Android/kernel/android_kernel_oukitel_orange/drivers/misc/mediatek/mach/mt6735/include/mach/upmu_hw.h:509:0: note: this is the location of the previous definition
 #define MT6328_OTP_DOUT_352_367      ((MT6328_PMIC_REG_BASE+0x0C4A))
 ^
In file included from drivers/misc/mediatek/mach/mt6735/mt_cpufreq.c:64:0:
/home/satory-ra/Android/kernel/android_kernel_oukitel_orange/drivers/misc/mediatek/pmic_wrap/mt6735/pwrap_hal.h:887:0: warning: "MT6328_OTP_DOUT_368_383" redefined
 #define MT6328_OTP_DOUT_368_383      ((UINT32)(MT6328_PMIC_REG_BASE+0x0C4C))
 ^
In file included from /home/satory-ra/Android/kernel/android_kernel_oukitel_orange/drivers/misc/mediatek/mach/mt6735/include/mach/upmu_common.h:7:0,
                 from drivers/misc/mediatek/mach/mt6735/mt_cpufreq.c:61:
/home/satory-ra/Android/kernel/android_kernel_oukitel_orange/drivers/misc/mediatek/mach/mt6735/include/mach/upmu_hw.h:510:0: note: this is the location of the previous definition
 #define MT6328_OTP_DOUT_368_383      ((MT6328_PMIC_REG_BASE+0x0C4C))
 ^
In file included from drivers/misc/mediatek/mach/mt6735/mt_cpufreq.c:64:0:
/home/satory-ra/Android/kernel/android_kernel_oukitel_orange/drivers/misc/mediatek/pmic_wrap/mt6735/pwrap_hal.h:888:0: warning: "MT6328_OTP_DOUT_384_399" redefined
 #define MT6328_OTP_DOUT_384_399      ((UINT32)(MT6328_PMIC_REG_BASE+0x0C4E))
 ^
In file included from /home/satory-ra/Android/kernel/android_kernel_oukitel_orange/drivers/misc/mediatek/mach/mt6735/include/mach/upmu_common.h:7:0,
                 from drivers/misc/mediatek/mach/mt6735/mt_cpufreq.c:61:
/home/satory-ra/Android/kernel/android_kernel_oukitel_orange/drivers/misc/mediatek/mach/mt6735/include/mach/upmu_hw.h:511:0: note: this is the location of the previous definition
 #define MT6328_OTP_DOUT_384_399      ((MT6328_PMIC_REG_BASE+0x0C4E))
 ^
In file included from drivers/misc/mediatek/mach/mt6735/mt_cpufreq.c:64:0:
/home/satory-ra/Android/kernel/android_kernel_oukitel_orange/drivers/misc/mediatek/pmic_wrap/mt6735/pwrap_hal.h:889:0: warning: "MT6328_OTP_DOUT_400_415" redefined
 #define MT6328_OTP_DOUT_400_415      ((UINT32)(MT6328_PMIC_REG_BASE+0x0C50))
 ^
In file included from /home/satory-ra/Android/kernel/android_kernel_oukitel_orange/drivers/misc/mediatek/mach/mt6735/include/mach/upmu_common.h:7:0,
                 from drivers/misc/mediatek/mach/mt6735/mt_cpufreq.c:61:
/home/satory-ra/Android/kernel/android_kernel_oukitel_orange/drivers/misc/mediatek/mach/mt6735/include/mach/upmu_hw.h:512:0: note: this is the location of the previous definition
 #define MT6328_OTP_DOUT_400_415      ((MT6328_PMIC_REG_BASE+0x0C50))
 ^
In file included from drivers/misc/mediatek/mach/mt6735/mt_cpufreq.c:64:0:
/home/satory-ra/Android/kernel/android_kernel_oukitel_orange/drivers/misc/mediatek/pmic_wrap/mt6735/pwrap_hal.h:890:0: warning: "MT6328_OTP_DOUT_416_431" redefined
 #define MT6328_OTP_DOUT_416_431      ((UINT32)(MT6328_PMIC_REG_BASE+0x0C52))
 ^
In file included from /home/satory-ra/Android/kernel/android_kernel_oukitel_orange/drivers/misc/mediatek/mach/mt6735/include/mach/upmu_common.h:7:0,
                 from drivers/misc/mediatek/mach/mt6735/mt_cpufreq.c:61:
/home/satory-ra/Android/kernel/android_kernel_oukitel_orange/drivers/misc/mediatek/mach/mt6735/include/mach/upmu_hw.h:513:0: note: this is the location of the previous definition
 #define MT6328_OTP_DOUT_416_431      ((MT6328_PMIC_REG_BASE+0x0C52))
 ^
In file included from drivers/misc/mediatek/mach/mt6735/mt_cpufreq.c:64:0:
/home/satory-ra/Android/kernel/android_kernel_oukitel_orange/drivers/misc/mediatek/pmic_wrap/mt6735/pwrap_hal.h:891:0: warning: "MT6328_OTP_DOUT_432_447" redefined
 #define MT6328_OTP_DOUT_432_447      ((UINT32)(MT6328_PMIC_REG_BASE+0x0C54))
 ^
In file included from /home/satory-ra/Android/kernel/android_kernel_oukitel_orange/drivers/misc/mediatek/mach/mt6735/include/mach/upmu_common.h:7:0,
                 from drivers/misc/mediatek/mach/mt6735/mt_cpufreq.c:61:
/home/satory-ra/Android/kernel/android_kernel_oukitel_orange/drivers/misc/mediatek/mach/mt6735/include/mach/upmu_hw.h:514:0: note: this is the location of the previous definition
 #define MT6328_OTP_DOUT_432_447      ((MT6328_PMIC_REG_BASE+0x0C54))
 ^
In file included from drivers/misc/mediatek/mach/mt6735/mt_cpufreq.c:64:0:
/home/satory-ra/Android/kernel/android_kernel_oukitel_orange/drivers/misc/mediatek/pmic_wrap/mt6735/pwrap_hal.h:892:0: warning: "MT6328_OTP_DOUT_448_463" redefined
 #define MT6328_OTP_DOUT_448_463      ((UINT32)(MT6328_PMIC_REG_BASE+0x0C56))
 ^
In file included from /home/satory-ra/Android/kernel/android_kernel_oukitel_orange/drivers/misc/mediatek/mach/mt6735/include/mach/upmu_common.h:7:0,
                 from drivers/misc/mediatek/mach/mt6735/mt_cpufreq.c:61:
/home/satory-ra/Android/kernel/android_kernel_oukitel_orange/drivers/misc/mediatek/mach/mt6735/include/mach/upmu_hw.h:515:0: note: this is the location of the previous definition
 #define MT6328_OTP_DOUT_448_463      ((MT6328_PMIC_REG_BASE+0x0C56))
 ^
In file included from drivers/misc/mediatek/mach/mt6735/mt_cpufreq.c:64:0:
/home/satory-ra/Android/kernel/android_kernel_oukitel_orange/drivers/misc/mediatek/pmic_wrap/mt6735/pwrap_hal.h:893:0: warning: "MT6328_OTP_DOUT_464_479" redefined
 #define MT6328_OTP_DOUT_464_479      ((UINT32)(MT6328_PMIC_REG_BASE+0x0C58))
 ^
In file included from /home/satory-ra/Android/kernel/android_kernel_oukitel_orange/drivers/misc/mediatek/mach/mt6735/include/mach/upmu_common.h:7:0,
                 from drivers/misc/mediatek/mach/mt6735/mt_cpufreq.c:61:
/home/satory-ra/Android/kernel/android_kernel_oukitel_orange/drivers/misc/mediatek/mach/mt6735/include/mach/upmu_hw.h:516:0: note: this is the location of the previous definition
 #define MT6328_OTP_DOUT_464_479      ((MT6328_PMIC_REG_BASE+0x0C58))
 ^
In file included from drivers/misc/mediatek/mach/mt6735/mt_cpufreq.c:64:0:
/home/satory-ra/Android/kernel/android_kernel_oukitel_orange/drivers/misc/mediatek/pmic_wrap/mt6735/pwrap_hal.h:894:0: warning: "MT6328_OTP_DOUT_480_495" redefined
 #define MT6328_OTP_DOUT_480_495      ((UINT32)(MT6328_PMIC_REG_BASE+0x0C5A))
 ^
In file included from /home/satory-ra/Android/kernel/android_kernel_oukitel_orange/drivers/misc/mediatek/mach/mt6735/include/mach/upmu_common.h:7:0,
                 from drivers/misc/mediatek/mach/mt6735/mt_cpufreq.c:61:
/home/satory-ra/Android/kernel/android_kernel_oukitel_orange/drivers/misc/mediatek/mach/mt6735/include/mach/upmu_hw.h:517:0: note: this is the location of the previous definition
 #define MT6328_OTP_DOUT_480_495      ((MT6328_PMIC_REG_BASE+0x0C5A))
 ^
In file included from drivers/misc/mediatek/mach/mt6735/mt_cpufreq.c:64:0:
/home/satory-ra/Android/kernel/android_kernel_oukitel_orange/drivers/misc/mediatek/pmic_wrap/mt6735/pwrap_hal.h:895:0: warning: "MT6328_OTP_DOUT_496_511" redefined
 #define MT6328_OTP_DOUT_496_511      ((UINT32)(MT6328_PMIC_REG_BASE+0x0C5C))
 ^
In file included from /home/satory-ra/Android/kernel/android_kernel_oukitel_orange/drivers/misc/mediatek/mach/mt6735/include/mach/upmu_common.h:7:0,
                 from drivers/misc/mediatek/mach/mt6735/mt_cpufreq.c:61:
/home/satory-ra/Android/kernel/android_kernel_oukitel_orange/drivers/misc/mediatek/mach/mt6735/include/mach/upmu_hw.h:518:0: note: this is the location of the previous definition
 #define MT6328_OTP_DOUT_496_511      ((MT6328_PMIC_REG_BASE+0x0C5C))
 ^
In file included from drivers/misc/mediatek/mach/mt6735/mt_cpufreq.c:64:0:
/home/satory-ra/Android/kernel/android_kernel_oukitel_orange/drivers/misc/mediatek/pmic_wrap/mt6735/pwrap_hal.h:896:0: warning: "MT6328_OTP_VAL_0_15" redefined
 #define MT6328_OTP_VAL_0_15          ((UINT32)(MT6328_PMIC_REG_BASE+0x0C5E))
 ^
In file included from /home/satory-ra/Android/kernel/android_kernel_oukitel_orange/drivers/misc/mediatek/mach/mt6735/include/mach/upmu_common.h:7:0,
                 from drivers/misc/mediatek/mach/mt6735/mt_cpufreq.c:61:
/home/satory-ra/Android/kernel/android_kernel_oukitel_orange/drivers/misc/mediatek/mach/mt6735/include/mach/upmu_hw.h:519:0: note: this is the location of the previous definition
 #define MT6328_OTP_VAL_0_15          ((MT6328_PMIC_REG_BASE+0x0C5E))
 ^
In file included from drivers/misc/mediatek/mach/mt6735/mt_cpufreq.c:64:0:
/home/satory-ra/Android/kernel/android_kernel_oukitel_orange/drivers/misc/mediatek/pmic_wrap/mt6735/pwrap_hal.h:897:0: warning: "MT6328_OTP_VAL_16_31" redefined
 #define MT6328_OTP_VAL_16_31         ((UINT32)(MT6328_PMIC_REG_BASE+0x0C60))
 ^
In file included from /home/satory-ra/Android/kernel/android_kernel_oukitel_orange/drivers/misc/mediatek/mach/mt6735/include/mach/upmu_common.h:7:0,
                 from drivers/misc/mediatek/mach/mt6735/mt_cpufreq.c:61:
/home/satory-ra/Android/kernel/android_kernel_oukitel_orange/drivers/misc/mediatek/mach/mt6735/include/mach/upmu_hw.h:520:0: note: this is the location of the previous definition
 #define MT6328_OTP_VAL_16_31         ((MT6328_PMIC_REG_BASE+0x0C60))
 ^
In file included from drivers/misc/mediatek/mach/mt6735/mt_cpufreq.c:64:0:
/home/satory-ra/Android/kernel/android_kernel_oukitel_orange/drivers/misc/mediatek/pmic_wrap/mt6735/pwrap_hal.h:898:0: warning: "MT6328_OTP_VAL_32_47" redefined
 #define MT6328_OTP_VAL_32_47         ((UINT32)(MT6328_PMIC_REG_BASE+0x0C62))
 ^
In file included from /home/satory-ra/Android/kernel/android_kernel_oukitel_orange/drivers/misc/mediatek/mach/mt6735/include/mach/upmu_common.h:7:0,
                 from drivers/misc/mediatek/mach/mt6735/mt_cpufreq.c:61:
/home/satory-ra/Android/kernel/android_kernel_oukitel_orange/drivers/misc/mediatek/mach/mt6735/include/mach/upmu_hw.h:521:0: note: this is the location of the previous definition
 #define MT6328_OTP_VAL_32_47         ((MT6328_PMIC_REG_BASE+0x0C62))
 ^
In file included from drivers/misc/mediatek/mach/mt6735/mt_cpufreq.c:64:0:
/home/satory-ra/Android/kernel/android_kernel_oukitel_orange/drivers/misc/mediatek/pmic_wrap/mt6735/pwrap_hal.h:899:0: warning: "MT6328_OTP_VAL_48_63" redefined
 #define MT6328_OTP_VAL_48_63         ((UINT32)(MT6328_PMIC_REG_BASE+0x0C64))
 ^
In file included from /home/satory-ra/Android/kernel/android_kernel_oukitel_orange/drivers/misc/mediatek/mach/mt6735/include/mach/upmu_common.h:7:0,
                 from drivers/misc/mediatek/mach/mt6735/mt_cpufreq.c:61:
/home/satory-ra/Android/kernel/android_kernel_oukitel_orange/drivers/misc/mediatek/mach/mt6735/include/mach/upmu_hw.h:522:0: note: this is the location of the previous definition
 #define MT6328_OTP_VAL_48_63         ((MT6328_PMIC_REG_BASE+0x0C64))
 ^
In file included from drivers/misc/mediatek/mach/mt6735/mt_cpufreq.c:64:0:
/home/satory-ra/Android/kernel/android_kernel_oukitel_orange/drivers/misc/mediatek/pmic_wrap/mt6735/pwrap_hal.h:900:0: warning: "MT6328_OTP_VAL_64_79" redefined
 #define MT6328_OTP_VAL_64_79         ((UINT32)(MT6328_PMIC_REG_BASE+0x0C66))
 ^
In file included from /home/satory-ra/Android/kernel/android_kernel_oukitel_orange/drivers/misc/mediatek/mach/mt6735/include/mach/upmu_common.h:7:0,
                 from drivers/misc/mediatek/mach/mt6735/mt_cpufreq.c:61:
/home/satory-ra/Android/kernel/android_kernel_oukitel_orange/drivers/misc/mediatek/mach/mt6735/include/mach/upmu_hw.h:523:0: note: this is the location of the previous definition
 #define MT6328_OTP_VAL_64_79         ((MT6328_PMIC_REG_BASE+0x0C66))
 ^
In file included from drivers/misc/mediatek/mach/mt6735/mt_cpufreq.c:64:0:
/home/satory-ra/Android/kernel/android_kernel_oukitel_orange/drivers/misc/mediatek/pmic_wrap/mt6735/pwrap_hal.h:901:0: warning: "MT6328_OTP_VAL_80_95" redefined
 #define MT6328_OTP_VAL_80_95         ((UINT32)(MT6328_PMIC_REG_BASE+0x0C68))
 ^
In file included from /home/satory-ra/Android/kernel/android_kernel_oukitel_orange/drivers/misc/mediatek/mach/mt6735/include/mach/upmu_common.h:7:0,
                 from drivers/misc/mediatek/mach/mt6735/mt_cpufreq.c:61:
/home/satory-ra/Android/kernel/android_kernel_oukitel_orange/drivers/misc/mediatek/mach/mt6735/include/mach/upmu_hw.h:524:0: note: this is the location of the previous definition
 #define MT6328_OTP_VAL_80_95         ((MT6328_PMIC_REG_BASE+0x0C68))
 ^
In file included from drivers/misc/mediatek/mach/mt6735/mt_cpufreq.c:64:0:
/home/satory-ra/Android/kernel/android_kernel_oukitel_orange/drivers/misc/mediatek/pmic_wrap/mt6735/pwrap_hal.h:902:0: warning: "MT6328_OTP_VAL_96_111" redefined
 #define MT6328_OTP_VAL_96_111        ((UINT32)(MT6328_PMIC_REG_BASE+0x0C6A))
 ^
In file included from /home/satory-ra/Android/kernel/android_kernel_oukitel_orange/drivers/misc/mediatek/mach/mt6735/include/mach/upmu_common.h:7:0,
                 from drivers/misc/mediatek/mach/mt6735/mt_cpufreq.c:61:
/home/satory-ra/Android/kernel/android_kernel_oukitel_orange/drivers/misc/mediatek/mach/mt6735/include/mach/upmu_hw.h:525:0: note: this is the location of the previous definition
 #define MT6328_OTP_VAL_96_111        ((MT6328_PMIC_REG_BASE+0x0C6A))
 ^
In file included from drivers/misc/mediatek/mach/mt6735/mt_cpufreq.c:64:0:
/home/satory-ra/Android/kernel/android_kernel_oukitel_orange/drivers/misc/mediatek/pmic_wrap/mt6735/pwrap_hal.h:903:0: warning: "MT6328_OTP_VAL_112_127" redefined
 #define MT6328_OTP_VAL_112_127       ((UINT32)(MT6328_PMIC_REG_BASE+0x0C6C))
 ^
In file included from /home/satory-ra/Android/kernel/android_kernel_oukitel_orange/drivers/misc/mediatek/mach/mt6735/include/mach/upmu_common.h:7:0,
                 from drivers/misc/mediatek/mach/mt6735/mt_cpufreq.c:61:
/home/satory-ra/Android/kernel/android_kernel_oukitel_orange/drivers/misc/mediatek/mach/mt6735/include/mach/upmu_hw.h:526:0: note: this is the location of the previous definition
 #define MT6328_OTP_VAL_112_127       ((MT6328_PMIC_REG_BASE+0x0C6C))
 ^
In file included from drivers/misc/mediatek/mach/mt6735/mt_cpufreq.c:64:0:
/home/satory-ra/Android/kernel/android_kernel_oukitel_orange/drivers/misc/mediatek/pmic_wrap/mt6735/pwrap_hal.h:904:0: warning: "MT6328_OTP_VAL_128_143" redefined
 #define MT6328_OTP_VAL_128_143       ((UINT32)(MT6328_PMIC_REG_BASE+0x0C6E))
 ^
In file included from /home/satory-ra/Android/kernel/android_kernel_oukitel_orange/drivers/misc/mediatek/mach/mt6735/include/mach/upmu_common.h:7:0,
                 from drivers/misc/mediatek/mach/mt6735/mt_cpufreq.c:61:
/home/satory-ra/Android/kernel/android_kernel_oukitel_orange/drivers/misc/mediatek/mach/mt6735/include/mach/upmu_hw.h:527:0: note: this is the location of the previous definition
 #define MT6328_OTP_VAL_128_143       ((MT6328_PMIC_REG_BASE+0x0C6E))
 ^
In file included from drivers/misc/mediatek/mach/mt6735/mt_cpufreq.c:64:0:
/home/satory-ra/Android/kernel/android_kernel_oukitel_orange/drivers/misc/mediatek/pmic_wrap/mt6735/pwrap_hal.h:905:0: warning: "MT6328_OTP_VAL_144_159" redefined
 #define MT6328_OTP_VAL_144_159       ((UINT32)(MT6328_PMIC_REG_BASE+0x0C70))
 ^
In file included from /home/satory-ra/Android/kernel/android_kernel_oukitel_orange/drivers/misc/mediatek/mach/mt6735/include/mach/upmu_common.h:7:0,
                 from drivers/misc/mediatek/mach/mt6735/mt_cpufreq.c:61:
/home/satory-ra/Android/kernel/android_kernel_oukitel_orange/drivers/misc/mediatek/mach/mt6735/include/mach/upmu_hw.h:528:0: note: this is the location of the previous definition
 #define MT6328_OTP_VAL_144_159       ((MT6328_PMIC_REG_BASE+0x0C70))
 ^
In file included from drivers/misc/mediatek/mach/mt6735/mt_cpufreq.c:64:0:
/home/satory-ra/Android/kernel/android_kernel_oukitel_orange/drivers/misc/mediatek/pmic_wrap/mt6735/pwrap_hal.h:906:0: warning: "MT6328_OTP_VAL_160_175" redefined
 #define MT6328_OTP_VAL_160_175       ((UINT32)(MT6328_PMIC_REG_BASE+0x0C72))
 ^
In file included from /home/satory-ra/Android/kernel/android_kernel_oukitel_orange/drivers/misc/mediatek/mach/mt6735/include/mach/upmu_common.h:7:0,
                 from drivers/misc/mediatek/mach/mt6735/mt_cpufreq.c:61:
/home/satory-ra/Android/kernel/android_kernel_oukitel_orange/drivers/misc/mediatek/mach/mt6735/include/mach/upmu_hw.h:529:0: note: this is the location of the previous definition
 #define MT6328_OTP_VAL_160_175       ((MT6328_PMIC_REG_BASE+0x0C72))
 ^
In file included from drivers/misc/mediatek/mach/mt6735/mt_cpufreq.c:64:0:
/home/satory-ra/Android/kernel/android_kernel_oukitel_orange/drivers/misc/mediatek/pmic_wrap/mt6735/pwrap_hal.h:907:0: warning: "MT6328_OTP_VAL_176_191" redefined
 #define MT6328_OTP_VAL_176_191       ((UINT32)(MT6328_PMIC_REG_BASE+0x0C74))
 ^
In file included from /home/satory-ra/Android/kernel/android_kernel_oukitel_orange/drivers/misc/mediatek/mach/mt6735/include/mach/upmu_common.h:7:0,
                 from drivers/misc/mediatek/mach/mt6735/mt_cpufreq.c:61:
/home/satory-ra/Android/kernel/android_kernel_oukitel_orange/drivers/misc/mediatek/mach/mt6735/include/mach/upmu_hw.h:530:0: note: this is the location of the previous definition
 #define MT6328_OTP_VAL_176_191       ((MT6328_PMIC_REG_BASE+0x0C74))
 ^
In file included from drivers/misc/mediatek/mach/mt6735/mt_cpufreq.c:64:0:
/home/satory-ra/Android/kernel/android_kernel_oukitel_orange/drivers/misc/mediatek/pmic_wrap/mt6735/pwrap_hal.h:908:0: warning: "MT6328_OTP_VAL_192_207" redefined
 #define MT6328_OTP_VAL_192_207       ((UINT32)(MT6328_PMIC_REG_BASE+0x0C76))
 ^
In file included from /home/satory-ra/Android/kernel/android_kernel_oukitel_orange/drivers/misc/mediatek/mach/mt6735/include/mach/upmu_common.h:7:0,
                 from drivers/misc/mediatek/mach/mt6735/mt_cpufreq.c:61:
/home/satory-ra/Android/kernel/android_kernel_oukitel_orange/drivers/misc/mediatek/mach/mt6735/include/mach/upmu_hw.h:531:0: note: this is the location of the previous definition
 #define MT6328_OTP_VAL_192_207       ((MT6328_PMIC_REG_BASE+0x0C76))
 ^
In file included from drivers/misc/mediatek/mach/mt6735/mt_cpufreq.c:64:0:
/home/satory-ra/Android/kernel/android_kernel_oukitel_orange/drivers/misc/mediatek/pmic_wrap/mt6735/pwrap_hal.h:909:0: warning: "MT6328_OTP_VAL_208_223" redefined
 #define MT6328_OTP_VAL_208_223       ((UINT32)(MT6328_PMIC_REG_BASE+0x0C78))
 ^
In file included from /home/satory-ra/Android/kernel/android_kernel_oukitel_orange/drivers/misc/mediatek/mach/mt6735/include/mach/upmu_common.h:7:0,
                 from drivers/misc/mediatek/mach/mt6735/mt_cpufreq.c:61:
/home/satory-ra/Android/kernel/android_kernel_oukitel_orange/drivers/misc/mediatek/mach/mt6735/include/mach/upmu_hw.h:532:0: note: this is the location of the previous definition
 #define MT6328_OTP_VAL_208_223       ((MT6328_PMIC_REG_BASE+0x0C78))
 ^
In file included from drivers/misc/mediatek/mach/mt6735/mt_cpufreq.c:64:0:
/home/satory-ra/Android/kernel/android_kernel_oukitel_orange/drivers/misc/mediatek/pmic_wrap/mt6735/pwrap_hal.h:910:0: warning: "MT6328_OTP_VAL_224_239" redefined
 #define MT6328_OTP_VAL_224_239       ((UINT32)(MT6328_PMIC_REG_BASE+0x0C7A))
 ^
In file included from /home/satory-ra/Android/kernel/android_kernel_oukitel_orange/drivers/misc/mediatek/mach/mt6735/include/mach/upmu_common.h:7:0,
                 from drivers/misc/mediatek/mach/mt6735/mt_cpufreq.c:61:
/home/satory-ra/Android/kernel/android_kernel_oukitel_orange/drivers/misc/mediatek/mach/mt6735/include/mach/upmu_hw.h:533:0: note: this is the location of the previous definition
 #define MT6328_OTP_VAL_224_239       ((MT6328_PMIC_REG_BASE+0x0C7A))
 ^
In file included from drivers/misc/mediatek/mach/mt6735/mt_cpufreq.c:64:0:
/home/satory-ra/Android/kernel/android_kernel_oukitel_orange/drivers/misc/mediatek/pmic_wrap/mt6735/pwrap_hal.h:911:0: warning: "MT6328_OTP_VAL_240_255" redefined
 #define MT6328_OTP_VAL_240_255       ((UINT32)(MT6328_PMIC_REG_BASE+0x0C7C))
 ^
In file included from /home/satory-ra/Android/kernel/android_kernel_oukitel_orange/drivers/misc/mediatek/mach/mt6735/include/mach/upmu_common.h:7:0,
                 from drivers/misc/mediatek/mach/mt6735/mt_cpufreq.c:61:
/home/satory-ra/Android/kernel/android_kernel_oukitel_orange/drivers/misc/mediatek/mach/mt6735/include/mach/upmu_hw.h:534:0: note: this is the location of the previous definition
 #define MT6328_OTP_VAL_240_255       ((MT6328_PMIC_REG_BASE+0x0C7C))
 ^
In file included from drivers/misc/mediatek/mach/mt6735/mt_cpufreq.c:64:0:
/home/satory-ra/Android/kernel/android_kernel_oukitel_orange/drivers/misc/mediatek/pmic_wrap/mt6735/pwrap_hal.h:912:0: warning: "MT6328_OTP_VAL_256_271" redefined
 #define MT6328_OTP_VAL_256_271       ((UINT32)(MT6328_PMIC_REG_BASE+0x0C7E))
 ^
In file included from /home/satory-ra/Android/kernel/android_kernel_oukitel_orange/drivers/misc/mediatek/mach/mt6735/include/mach/upmu_common.h:7:0,
                 from drivers/misc/mediatek/mach/mt6735/mt_cpufreq.c:61:
/home/satory-ra/Android/kernel/android_kernel_oukitel_orange/drivers/misc/mediatek/mach/mt6735/include/mach/upmu_hw.h:535:0: note: this is the location of the previous definition
 #define MT6328_OTP_VAL_256_271       ((MT6328_PMIC_REG_BASE+0x0C7E))
 ^
In file included from drivers/misc/mediatek/mach/mt6735/mt_cpufreq.c:64:0:
/home/satory-ra/Android/kernel/android_kernel_oukitel_orange/drivers/misc/mediatek/pmic_wrap/mt6735/pwrap_hal.h:913:0: warning: "MT6328_OTP_VAL_272_287" redefined
 #define MT6328_OTP_VAL_272_287       ((UINT32)(MT6328_PMIC_REG_BASE+0x0C80))
 ^
In file included from drivers/video/fbsysfs.c:20:0:
include/linux/fb.h:26:0: warning: "CONFIG_DMA_SHARED_BUFFER" redefined
 #define CONFIG_DMA_SHARED_BUFFER
 ^
In file included from /home/satory-ra/Android/kernel/android_kernel_oukitel_orange/drivers/misc/mediatek/mach/mt6735/include/mach/upmu_common.h:7:0,
                 from drivers/misc/mediatek/mach/mt6735/mt_cpufreq.c:61:
/home/satory-ra/Android/kernel/android_kernel_oukitel_orange/drivers/misc/mediatek/mach/mt6735/include/mach/upmu_hw.h:536:0: note: this is the location of the previous definition
 #define MT6328_OTP_VAL_272_287       ((MT6328_PMIC_REG_BASE+0x0C80))
 ^
In file included from drivers/misc/mediatek/mach/mt6735/mt_cpufreq.c:64:0:
/home/satory-ra/Android/kernel/android_kernel_oukitel_orange/drivers/misc/mediatek/pmic_wrap/mt6735/pwrap_hal.h:914:0: warning: "MT6328_OTP_VAL_288_303" redefined
 #define MT6328_OTP_VAL_288_303       ((UINT32)(MT6328_PMIC_REG_BASE+0x0C82))
 ^
In file included from /home/satory-ra/Android/kernel/android_kernel_oukitel_orange/drivers/misc/mediatek/mach/mt6735/include/mach/upmu_common.h:7:0,
                 from drivers/misc/mediatek/mach/mt6735/mt_cpufreq.c:61:
/home/satory-ra/Android/kernel/android_kernel_oukitel_orange/drivers/misc/mediatek/mach/mt6735/include/mach/upmu_hw.h:537:0: note: this is the location of the previous definition
 #define MT6328_OTP_VAL_288_303       ((MT6328_PMIC_REG_BASE+0x0C82))
 ^
In file included from drivers/misc/mediatek/mach/mt6735/mt_cpufreq.c:64:0:
/home/satory-ra/Android/kernel/android_kernel_oukitel_orange/drivers/misc/mediatek/pmic_wrap/mt6735/pwrap_hal.h:915:0: warning: "MT6328_OTP_VAL_304_319" redefined
 #define MT6328_OTP_VAL_304_319       ((UINT32)(MT6328_PMIC_REG_BASE+0x0C84))
 ^
In file included from /home/satory-ra/Android/kernel/android_kernel_oukitel_orange/drivers/misc/mediatek/mach/mt6735/include/mach/upmu_common.h:7:0,
                 from drivers/misc/mediatek/mach/mt6735/mt_cpufreq.c:61:
/home/satory-ra/Android/kernel/android_kernel_oukitel_orange/drivers/misc/mediatek/mach/mt6735/include/mach/upmu_hw.h:538:0: note: this is the location of the previous definition
 #define MT6328_OTP_VAL_304_319       ((MT6328_PMIC_REG_BASE+0x0C84))
 ^
In file included from drivers/misc/mediatek/mach/mt6735/mt_cpufreq.c:64:0:
/home/satory-ra/Android/kernel/android_kernel_oukitel_orange/drivers/misc/mediatek/pmic_wrap/mt6735/pwrap_hal.h:916:0: warning: "MT6328_OTP_VAL_320_335" redefined
 #define MT6328_OTP_VAL_320_335       ((UINT32)(MT6328_PMIC_REG_BASE+0x0C86))
 ^
In file included from /home/satory-ra/Android/kernel/android_kernel_oukitel_orange/drivers/misc/mediatek/mach/mt6735/include/mach/upmu_common.h:7:0,
                 from drivers/misc/mediatek/mach/mt6735/mt_cpufreq.c:61:
/home/satory-ra/Android/kernel/android_kernel_oukitel_orange/drivers/misc/mediatek/mach/mt6735/include/mach/upmu_hw.h:539:0: note: this is the location of the previous definition
 #define MT6328_OTP_VAL_320_335       ((MT6328_PMIC_REG_BASE+0x0C86))
 ^
In file included from drivers/misc/mediatek/mach/mt6735/mt_cpufreq.c:64:0:
/home/satory-ra/Android/kernel/android_kernel_oukitel_orange/drivers/misc/mediatek/pmic_wrap/mt6735/pwrap_hal.h:917:0: warning: "MT6328_OTP_VAL_336_351" redefined
 #define MT6328_OTP_VAL_336_351       ((UINT32)(MT6328_PMIC_REG_BASE+0x0C88))
 ^
In file included from /home/satory-ra/Android/kernel/android_kernel_oukitel_orange/drivers/misc/mediatek/mach/mt6735/include/mach/upmu_common.h:7:0,
                 from drivers/misc/mediatek/mach/mt6735/mt_cpufreq.c:61:
/home/satory-ra/Android/kernel/android_kernel_oukitel_orange/drivers/misc/mediatek/mach/mt6735/include/mach/upmu_hw.h:540:0: note: this is the location of the previous definition
 #define MT6328_OTP_VAL_336_351       ((MT6328_PMIC_REG_BASE+0x0C88))
 ^
In file included from drivers/misc/mediatek/mach/mt6735/mt_cpufreq.c:64:0:
/home/satory-ra/Android/kernel/android_kernel_oukitel_orange/drivers/misc/mediatek/pmic_wrap/mt6735/pwrap_hal.h:918:0: warning: "MT6328_OTP_VAL_352_367" redefined
 #define MT6328_OTP_VAL_352_367       ((UINT32)(MT6328_PMIC_REG_BASE+0x0C8A))
 ^
In file included from /home/satory-ra/Android/kernel/android_kernel_oukitel_orange/drivers/misc/mediatek/mach/mt6735/include/mach/upmu_common.h:7:0,
                 from drivers/misc/mediatek/mach/mt6735/mt_cpufreq.c:61:
/home/satory-ra/Android/kernel/android_kernel_oukitel_orange/drivers/misc/mediatek/mach/mt6735/include/mach/upmu_hw.h:541:0: note: this is the location of the previous definition
 #define MT6328_OTP_VAL_352_367       ((MT6328_PMIC_REG_BASE+0x0C8A))
 ^
In file included from drivers/misc/mediatek/mach/mt6735/mt_cpufreq.c:64:0:
/home/satory-ra/Android/kernel/android_kernel_oukitel_orange/drivers/misc/mediatek/pmic_wrap/mt6735/pwrap_hal.h:919:0: warning: "MT6328_OTP_VAL_368_383" redefined
 #define MT6328_OTP_VAL_368_383       ((UINT32)(MT6328_PMIC_REG_BASE+0x0C8C))
 ^
In file included from /home/satory-ra/Android/kernel/android_kernel_oukitel_orange/drivers/misc/mediatek/mach/mt6735/include/mach/upmu_common.h:7:0,
                 from drivers/misc/mediatek/mach/mt6735/mt_cpufreq.c:61:
/home/satory-ra/Android/kernel/android_kernel_oukitel_orange/drivers/misc/mediatek/mach/mt6735/include/mach/upmu_hw.h:542:0: note: this is the location of the previous definition
 #define MT6328_OTP_VAL_368_383       ((MT6328_PMIC_REG_BASE+0x0C8C))
 ^
In file included from drivers/misc/mediatek/mach/mt6735/mt_cpufreq.c:64:0:
/home/satory-ra/Android/kernel/android_kernel_oukitel_orange/drivers/misc/mediatek/pmic_wrap/mt6735/pwrap_hal.h:920:0: warning: "MT6328_OTP_VAL_384_399" redefined
 #define MT6328_OTP_VAL_384_399       ((UINT32)(MT6328_PMIC_REG_BASE+0x0C8E))
 ^
In file included from /home/satory-ra/Android/kernel/android_kernel_oukitel_orange/drivers/misc/mediatek/mach/mt6735/include/mach/upmu_common.h:7:0,
                 from drivers/misc/mediatek/mach/mt6735/mt_cpufreq.c:61:
/home/satory-ra/Android/kernel/android_kernel_oukitel_orange/drivers/misc/mediatek/mach/mt6735/include/mach/upmu_hw.h:543:0: note: this is the location of the previous definition
 #define MT6328_OTP_VAL_384_399       ((MT6328_PMIC_REG_BASE+0x0C8E))
 ^
In file included from drivers/misc/mediatek/mach/mt6735/mt_cpufreq.c:64:0:
/home/satory-ra/Android/kernel/android_kernel_oukitel_orange/drivers/misc/mediatek/pmic_wrap/mt6735/pwrap_hal.h:921:0: warning: "MT6328_OTP_VAL_400_415" redefined
 #define MT6328_OTP_VAL_400_415       ((UINT32)(MT6328_PMIC_REG_BASE+0x0C90))
 ^
In file included from /home/satory-ra/Android/kernel/android_kernel_oukitel_orange/drivers/misc/mediatek/mach/mt6735/include/mach/upmu_common.h:7:0,
                 from drivers/misc/mediatek/mach/mt6735/mt_cpufreq.c:61:
/home/satory-ra/Android/kernel/android_kernel_oukitel_orange/drivers/misc/mediatek/mach/mt6735/include/mach/upmu_hw.h:544:0: note: this is the location of the previous definition
 #define MT6328_OTP_VAL_400_415       ((MT6328_PMIC_REG_BASE+0x0C90))
 ^
In file included from drivers/misc/mediatek/mach/mt6735/mt_cpufreq.c:64:0:
/home/satory-ra/Android/kernel/android_kernel_oukitel_orange/drivers/misc/mediatek/pmic_wrap/mt6735/pwrap_hal.h:922:0: warning: "MT6328_OTP_VAL_416_431" redefined
 #define MT6328_OTP_VAL_416_431       ((UINT32)(MT6328_PMIC_REG_BASE+0x0C92))
 ^
In file included from /home/satory-ra/Android/kernel/android_kernel_oukitel_orange/drivers/misc/mediatek/mach/mt6735/include/mach/upmu_common.h:7:0,
                 from drivers/misc/mediatek/mach/mt6735/mt_cpufreq.c:61:
/home/satory-ra/Android/kernel/android_kernel_oukitel_orange/drivers/misc/mediatek/mach/mt6735/include/mach/upmu_hw.h:545:0: note: this is the location of the previous definition
 #define MT6328_OTP_VAL_416_431       ((MT6328_PMIC_REG_BASE+0x0C92))
 ^
In file included from drivers/misc/mediatek/mach/mt6735/mt_cpufreq.c:64:0:
/home/satory-ra/Android/kernel/android_kernel_oukitel_orange/drivers/misc/mediatek/pmic_wrap/mt6735/pwrap_hal.h:923:0: warning: "MT6328_OTP_VAL_432_447" redefined
 #define MT6328_OTP_VAL_432_447       ((UINT32)(MT6328_PMIC_REG_BASE+0x0C94))
 ^
In file included from /home/satory-ra/Android/kernel/android_kernel_oukitel_orange/drivers/misc/mediatek/mach/mt6735/include/mach/upmu_common.h:7:0,
                 from drivers/misc/mediatek/mach/mt6735/mt_cpufreq.c:61:
/home/satory-ra/Android/kernel/android_kernel_oukitel_orange/drivers/misc/mediatek/mach/mt6735/include/mach/upmu_hw.h:546:0: note: this is the location of the previous definition
 #define MT6328_OTP_VAL_432_447       ((MT6328_PMIC_REG_BASE+0x0C94))
 ^
In file included from drivers/misc/mediatek/mach/mt6735/mt_cpufreq.c:64:0:
/home/satory-ra/Android/kernel/android_kernel_oukitel_orange/drivers/misc/mediatek/pmic_wrap/mt6735/pwrap_hal.h:924:0: warning: "MT6328_OTP_VAL_448_463" redefined
 #define MT6328_OTP_VAL_448_463       ((UINT32)(MT6328_PMIC_REG_BASE+0x0C96))
 ^
In file included from /home/satory-ra/Android/kernel/android_kernel_oukitel_orange/drivers/misc/mediatek/mach/mt6735/include/mach/upmu_common.h:7:0,
                 from drivers/misc/mediatek/mach/mt6735/mt_cpufreq.c:61:
/home/satory-ra/Android/kernel/android_kernel_oukitel_orange/drivers/misc/mediatek/mach/mt6735/include/mach/upmu_hw.h:547:0: note: this is the location of the previous definition
 #define MT6328_OTP_VAL_448_463       ((MT6328_PMIC_REG_BASE+0x0C96))
 ^
In file included from drivers/misc/mediatek/mach/mt6735/mt_cpufreq.c:64:0:
/home/satory-ra/Android/kernel/android_kernel_oukitel_orange/drivers/misc/mediatek/pmic_wrap/mt6735/pwrap_hal.h:925:0: warning: "MT6328_OTP_VAL_464_479" redefined
 #define MT6328_OTP_VAL_464_479       ((UINT32)(MT6328_PMIC_REG_BASE+0x0C98))
 ^
In file included from /home/satory-ra/Android/kernel/android_kernel_oukitel_orange/drivers/misc/mediatek/mach/mt6735/include/mach/upmu_common.h:7:0,
                 from drivers/misc/mediatek/mach/mt6735/mt_cpufreq.c:61:
/home/satory-ra/Android/kernel/android_kernel_oukitel_orange/drivers/misc/mediatek/mach/mt6735/include/mach/upmu_hw.h:548:0: note: this is the location of the previous definition
 #define MT6328_OTP_VAL_464_479       ((MT6328_PMIC_REG_BASE+0x0C98))
 ^
In file included from /home/satory-ra/Android/kernel/android_kernel_oukitel_orange/include/linux/kconfig.h:4:0,
                 from <command-line>:0:
include/generated/autoconf.h:920:0: note: this is the location of the previous definition
 #define CONFIG_DMA_SHARED_BUFFER 1
 ^
In file included from drivers/misc/mediatek/mach/mt6735/mt_cpufreq.c:64:0:
/home/satory-ra/Android/kernel/android_kernel_oukitel_orange/drivers/misc/mediatek/pmic_wrap/mt6735/pwrap_hal.h:926:0: warning: "MT6328_OTP_VAL_480_495" redefined
 #define MT6328_OTP_VAL_480_495       ((UINT32)(MT6328_PMIC_REG_BASE+0x0C9A))
 ^
In file included from /home/satory-ra/Android/kernel/android_kernel_oukitel_orange/drivers/misc/mediatek/mach/mt6735/include/mach/upmu_common.h:7:0,
                 from drivers/misc/mediatek/mach/mt6735/mt_cpufreq.c:61:
/home/satory-ra/Android/kernel/android_kernel_oukitel_orange/drivers/misc/mediatek/mach/mt6735/include/mach/upmu_hw.h:549:0: note: this is the location of the previous definition
 #define MT6328_OTP_VAL_480_495       ((MT6328_PMIC_REG_BASE+0x0C9A))
 ^
In file included from drivers/misc/mediatek/mach/mt6735/mt_cpufreq.c:64:0:
/home/satory-ra/Android/kernel/android_kernel_oukitel_orange/drivers/misc/mediatek/pmic_wrap/mt6735/pwrap_hal.h:927:0: warning: "MT6328_OTP_VAL_496_511" redefined
 #define MT6328_OTP_VAL_496_511       ((UINT32)(MT6328_PMIC_REG_BASE+0x0C9C))
 ^
In file included from /home/satory-ra/Android/kernel/android_kernel_oukitel_orange/drivers/misc/mediatek/mach/mt6735/include/mach/upmu_common.h:7:0,
                 from drivers/misc/mediatek/mach/mt6735/mt_cpufreq.c:61:
/home/satory-ra/Android/kernel/android_kernel_oukitel_orange/drivers/misc/mediatek/mach/mt6735/include/mach/upmu_hw.h:550:0: note: this is the location of the previous definition
 #define MT6328_OTP_VAL_496_511       ((MT6328_PMIC_REG_BASE+0x0C9C))
 ^
In file included from drivers/misc/mediatek/mach/mt6735/mt_cpufreq.c:64:0:
/home/satory-ra/Android/kernel/android_kernel_oukitel_orange/drivers/misc/mediatek/pmic_wrap/mt6735/pwrap_hal.h:928:0: warning: "MT6328_RTC_MIX_CON0" redefined
 #define MT6328_RTC_MIX_CON0          ((UINT32)(MT6328_PMIC_REG_BASE+0x0C9E))
 ^
In file included from /home/satory-ra/Android/kernel/android_kernel_oukitel_orange/drivers/misc/mediatek/mach/mt6735/include/mach/upmu_common.h:7:0,
                 from drivers/misc/mediatek/mach/mt6735/mt_cpufreq.c:61:
/home/satory-ra/Android/kernel/android_kernel_oukitel_orange/drivers/misc/mediatek/mach/mt6735/include/mach/upmu_hw.h:551:0: note: this is the location of the previous definition
 #define MT6328_RTC_MIX_CON0          ((MT6328_PMIC_REG_BASE+0x0C9E))
 ^
In file included from drivers/misc/mediatek/mach/mt6735/mt_cpufreq.c:64:0:
/home/satory-ra/Android/kernel/android_kernel_oukitel_orange/drivers/misc/mediatek/pmic_wrap/mt6735/pwrap_hal.h:929:0: warning: "MT6328_RTC_MIX_CON1" redefined
 #define MT6328_RTC_MIX_CON1          ((UINT32)(MT6328_PMIC_REG_BASE+0x0CA0))
 ^
In file included from /home/satory-ra/Android/kernel/android_kernel_oukitel_orange/drivers/misc/mediatek/mach/mt6735/include/mach/upmu_common.h:7:0,
                 from drivers/misc/mediatek/mach/mt6735/mt_cpufreq.c:61:
/home/satory-ra/Android/kernel/android_kernel_oukitel_orange/drivers/misc/mediatek/mach/mt6735/include/mach/upmu_hw.h:552:0: note: this is the location of the previous definition
 #define MT6328_RTC_MIX_CON1          ((MT6328_PMIC_REG_BASE+0x0CA0))
 ^
In file included from drivers/misc/mediatek/mach/mt6735/mt_cpufreq.c:64:0:
/home/satory-ra/Android/kernel/android_kernel_oukitel_orange/drivers/misc/mediatek/pmic_wrap/mt6735/pwrap_hal.h:930:0: warning: "MT6328_RTC_MIX_CON2" redefined
 #define MT6328_RTC_MIX_CON2          ((UINT32)(MT6328_PMIC_REG_BASE+0x0CA2))
 ^
In file included from /home/satory-ra/Android/kernel/android_kernel_oukitel_orange/drivers/misc/mediatek/mach/mt6735/include/mach/upmu_common.h:7:0,
                 from drivers/misc/mediatek/mach/mt6735/mt_cpufreq.c:61:
/home/satory-ra/Android/kernel/android_kernel_oukitel_orange/drivers/misc/mediatek/mach/mt6735/include/mach/upmu_hw.h:553:0: note: this is the location of the previous definition
 #define MT6328_RTC_MIX_CON2          ((MT6328_PMIC_REG_BASE+0x0CA2))
 ^
In file included from drivers/misc/mediatek/mach/mt6735/mt_cpufreq.c:64:0:
/home/satory-ra/Android/kernel/android_kernel_oukitel_orange/drivers/misc/mediatek/pmic_wrap/mt6735/pwrap_hal.h:931:0: warning: "MT6328_FGADC_CON0" redefined
 #define MT6328_FGADC_CON0            ((UINT32)(MT6328_PMIC_REG_BASE+0x0CA4))
 ^
In file included from /home/satory-ra/Android/kernel/android_kernel_oukitel_orange/drivers/misc/mediatek/mach/mt6735/include/mach/upmu_common.h:7:0,
                 from drivers/misc/mediatek/mach/mt6735/mt_cpufreq.c:61:
/home/satory-ra/Android/kernel/android_kernel_oukitel_orange/drivers/misc/mediatek/mach/mt6735/include/mach/upmu_hw.h:554:0: note: this is the location of the previous definition
 #define MT6328_FGADC_CON0            ((MT6328_PMIC_REG_BASE+0x0CA4))
 ^
In file included from drivers/misc/mediatek/mach/mt6735/mt_cpufreq.c:64:0:
/home/satory-ra/Android/kernel/android_kernel_oukitel_orange/drivers/misc/mediatek/pmic_wrap/mt6735/pwrap_hal.h:932:0: warning: "MT6328_FGADC_CON1" redefined
 #define MT6328_FGADC_CON1            ((UINT32)(MT6328_PMIC_REG_BASE+0x0CA6))
 ^
In file included from /home/satory-ra/Android/kernel/android_kernel_oukitel_orange/drivers/misc/mediatek/mach/mt6735/include/mach/upmu_common.h:7:0,
                 from drivers/misc/mediatek/mach/mt6735/mt_cpufreq.c:61:
/home/satory-ra/Android/kernel/android_kernel_oukitel_orange/drivers/misc/mediatek/mach/mt6735/include/mach/upmu_hw.h:555:0: note: this is the location of the previous definition
 #define MT6328_FGADC_CON1            ((MT6328_PMIC_REG_BASE+0x0CA6))
 ^
In file included from drivers/misc/mediatek/mach/mt6735/mt_cpufreq.c:64:0:
/home/satory-ra/Android/kernel/android_kernel_oukitel_orange/drivers/misc/mediatek/pmic_wrap/mt6735/pwrap_hal.h:933:0: warning: "MT6328_FGADC_CON2" redefined
 #define MT6328_FGADC_CON2            ((UINT32)(MT6328_PMIC_REG_BASE+0x0CA8))
 ^
In file included from /home/satory-ra/Android/kernel/android_kernel_oukitel_orange/drivers/misc/mediatek/mach/mt6735/include/mach/upmu_common.h:7:0,
                 from drivers/misc/mediatek/mach/mt6735/mt_cpufreq.c:61:
/home/satory-ra/Android/kernel/android_kernel_oukitel_orange/drivers/misc/mediatek/mach/mt6735/include/mach/upmu_hw.h:556:0: note: this is the location of the previous definition
 #define MT6328_FGADC_CON2            ((MT6328_PMIC_REG_BASE+0x0CA8))
 ^
In file included from drivers/misc/mediatek/mach/mt6735/mt_cpufreq.c:64:0:
/home/satory-ra/Android/kernel/android_kernel_oukitel_orange/drivers/misc/mediatek/pmic_wrap/mt6735/pwrap_hal.h:934:0: warning: "MT6328_FGADC_CON3" redefined
 #define MT6328_FGADC_CON3            ((UINT32)(MT6328_PMIC_REG_BASE+0x0CAA))
 ^
In file included from /home/satory-ra/Android/kernel/android_kernel_oukitel_orange/drivers/misc/mediatek/mach/mt6735/include/mach/upmu_common.h:7:0,
                 from drivers/misc/mediatek/mach/mt6735/mt_cpufreq.c:61:
/home/satory-ra/Android/kernel/android_kernel_oukitel_orange/drivers/misc/mediatek/mach/mt6735/include/mach/upmu_hw.h:557:0: note: this is the location of the previous definition
 #define MT6328_FGADC_CON3            ((MT6328_PMIC_REG_BASE+0x0CAA))
 ^
In file included from drivers/misc/mediatek/mach/mt6735/mt_cpufreq.c:64:0:
/home/satory-ra/Android/kernel/android_kernel_oukitel_orange/drivers/misc/mediatek/pmic_wrap/mt6735/pwrap_hal.h:935:0: warning: "MT6328_FGADC_CON4" redefined
 #define MT6328_FGADC_CON4            ((UINT32)(MT6328_PMIC_REG_BASE+0x0CAC))
 ^
In file included from /home/satory-ra/Android/kernel/android_kernel_oukitel_orange/drivers/misc/mediatek/mach/mt6735/include/mach/upmu_common.h:7:0,
                 from drivers/misc/mediatek/mach/mt6735/mt_cpufreq.c:61:
/home/satory-ra/Android/kernel/android_kernel_oukitel_orange/drivers/misc/mediatek/mach/mt6735/include/mach/upmu_hw.h:558:0: note: this is the location of the previous definition
 #define MT6328_FGADC_CON4            ((MT6328_PMIC_REG_BASE+0x0CAC))
 ^
In file included from drivers/misc/mediatek/mach/mt6735/mt_cpufreq.c:64:0:
/home/satory-ra/Android/kernel/android_kernel_oukitel_orange/drivers/misc/mediatek/pmic_wrap/mt6735/pwrap_hal.h:936:0: warning: "MT6328_FGADC_CON5" redefined
 #define MT6328_FGADC_CON5            ((UINT32)(MT6328_PMIC_REG_BASE+0x0CAE))
 ^
In file included from /home/satory-ra/Android/kernel/android_kernel_oukitel_orange/drivers/misc/mediatek/mach/mt6735/include/mach/upmu_common.h:7:0,
                 from drivers/misc/mediatek/mach/mt6735/mt_cpufreq.c:61:
/home/satory-ra/Android/kernel/android_kernel_oukitel_orange/drivers/misc/mediatek/mach/mt6735/include/mach/upmu_hw.h:559:0: note: this is the location of the previous definition
 #define MT6328_FGADC_CON5            ((MT6328_PMIC_REG_BASE+0x0CAE))
 ^
In file included from drivers/misc/mediatek/mach/mt6735/mt_cpufreq.c:64:0:
/home/satory-ra/Android/kernel/android_kernel_oukitel_orange/drivers/misc/mediatek/pmic_wrap/mt6735/pwrap_hal.h:937:0: warning: "MT6328_FGADC_CON6" redefined
 #define MT6328_FGADC_CON6            ((UINT32)(MT6328_PMIC_REG_BASE+0x0CB0))
 ^
In file included from /home/satory-ra/Android/kernel/android_kernel_oukitel_orange/drivers/misc/mediatek/mach/mt6735/include/mach/upmu_common.h:7:0,
                 from drivers/misc/mediatek/mach/mt6735/mt_cpufreq.c:61:
/home/satory-ra/Android/kernel/android_kernel_oukitel_orange/drivers/misc/mediatek/mach/mt6735/include/mach/upmu_hw.h:560:0: note: this is the location of the previous definition
 #define MT6328_FGADC_CON6            ((MT6328_PMIC_REG_BASE+0x0CB0))
 ^
In file included from drivers/misc/mediatek/mach/mt6735/mt_cpufreq.c:64:0:
/home/satory-ra/Android/kernel/android_kernel_oukitel_orange/drivers/misc/mediatek/pmic_wrap/mt6735/pwrap_hal.h:938:0: warning: "MT6328_FGADC_CON7" redefined
 #define MT6328_FGADC_CON7            ((UINT32)(MT6328_PMIC_REG_BASE+0x0CB2))
 ^
In file included from /home/satory-ra/Android/kernel/android_kernel_oukitel_orange/drivers/misc/mediatek/mach/mt6735/include/mach/upmu_common.h:7:0,
                 from drivers/misc/mediatek/mach/mt6735/mt_cpufreq.c:61:
/home/satory-ra/Android/kernel/android_kernel_oukitel_orange/drivers/misc/mediatek/mach/mt6735/include/mach/upmu_hw.h:561:0: note: this is the location of the previous definition
 #define MT6328_FGADC_CON7            ((MT6328_PMIC_REG_BASE+0x0CB2))
 ^
In file included from drivers/misc/mediatek/mach/mt6735/mt_cpufreq.c:64:0:
/home/satory-ra/Android/kernel/android_kernel_oukitel_orange/drivers/misc/mediatek/pmic_wrap/mt6735/pwrap_hal.h:939:0: warning: "MT6328_FGADC_CON8" redefined
 #define MT6328_FGADC_CON8            ((UINT32)(MT6328_PMIC_REG_BASE+0x0CB4))
 ^
In file included from /home/satory-ra/Android/kernel/android_kernel_oukitel_orange/drivers/misc/mediatek/mach/mt6735/include/mach/upmu_common.h:7:0,
                 from drivers/misc/mediatek/mach/mt6735/mt_cpufreq.c:61:
/home/satory-ra/Android/kernel/android_kernel_oukitel_orange/drivers/misc/mediatek/mach/mt6735/include/mach/upmu_hw.h:562:0: note: this is the location of the previous definition
 #define MT6328_FGADC_CON8            ((MT6328_PMIC_REG_BASE+0x0CB4))
 ^
In file included from drivers/misc/mediatek/mach/mt6735/mt_cpufreq.c:64:0:
/home/satory-ra/Android/kernel/android_kernel_oukitel_orange/drivers/misc/mediatek/pmic_wrap/mt6735/pwrap_hal.h:940:0: warning: "MT6328_FGADC_CON9" redefined
 #define MT6328_FGADC_CON9            ((UINT32)(MT6328_PMIC_REG_BASE+0x0CB6))
 ^
In file included from /home/satory-ra/Android/kernel/android_kernel_oukitel_orange/drivers/misc/mediatek/mach/mt6735/include/mach/upmu_common.h:7:0,
                 from drivers/misc/mediatek/mach/mt6735/mt_cpufreq.c:61:
/home/satory-ra/Android/kernel/android_kernel_oukitel_orange/drivers/misc/mediatek/mach/mt6735/include/mach/upmu_hw.h:563:0: note: this is the location of the previous definition
 #define MT6328_FGADC_CON9            ((MT6328_PMIC_REG_BASE+0x0CB6))
 ^
In file included from drivers/misc/mediatek/mach/mt6735/mt_cpufreq.c:64:0:
/home/satory-ra/Android/kernel/android_kernel_oukitel_orange/drivers/misc/mediatek/pmic_wrap/mt6735/pwrap_hal.h:941:0: warning: "MT6328_FGADC_CON10" redefined
 #define MT6328_FGADC_CON10           ((UINT32)(MT6328_PMIC_REG_BASE+0x0CB8))
 ^
In file included from /home/satory-ra/Android/kernel/android_kernel_oukitel_orange/drivers/misc/mediatek/mach/mt6735/include/mach/upmu_common.h:7:0,
                 from drivers/misc/mediatek/mach/mt6735/mt_cpufreq.c:61:
/home/satory-ra/Android/kernel/android_kernel_oukitel_orange/drivers/misc/mediatek/mach/mt6735/include/mach/upmu_hw.h:564:0: note: this is the location of the previous definition
 #define MT6328_FGADC_CON10           ((MT6328_PMIC_REG_BASE+0x0CB8))
 ^
In file included from drivers/misc/mediatek/mach/mt6735/mt_cpufreq.c:64:0:
/home/satory-ra/Android/kernel/android_kernel_oukitel_orange/drivers/misc/mediatek/pmic_wrap/mt6735/pwrap_hal.h:942:0: warning: "MT6328_FGADC_CON11" redefined
 #define MT6328_FGADC_CON11           ((UINT32)(MT6328_PMIC_REG_BASE+0x0CBA))
 ^
In file included from /home/satory-ra/Android/kernel/android_kernel_oukitel_orange/drivers/misc/mediatek/mach/mt6735/include/mach/upmu_common.h:7:0,
                 from drivers/misc/mediatek/mach/mt6735/mt_cpufreq.c:61:
/home/satory-ra/Android/kernel/android_kernel_oukitel_orange/drivers/misc/mediatek/mach/mt6735/include/mach/upmu_hw.h:565:0: note: this is the location of the previous definition
 #define MT6328_FGADC_CON11           ((MT6328_PMIC_REG_BASE+0x0CBA))
 ^
In file included from drivers/misc/mediatek/mach/mt6735/mt_cpufreq.c:64:0:
/home/satory-ra/Android/kernel/android_kernel_oukitel_orange/drivers/misc/mediatek/pmic_wrap/mt6735/pwrap_hal.h:943:0: warning: "MT6328_FGADC_CON12" redefined
 #define MT6328_FGADC_CON12           ((UINT32)(MT6328_PMIC_REG_BASE+0x0CBC))
 ^
In file included from /home/satory-ra/Android/kernel/android_kernel_oukitel_orange/drivers/misc/mediatek/mach/mt6735/include/mach/upmu_common.h:7:0,
                 from drivers/misc/mediatek/mach/mt6735/mt_cpufreq.c:61:
/home/satory-ra/Android/kernel/android_kernel_oukitel_orange/drivers/misc/mediatek/mach/mt6735/include/mach/upmu_hw.h:566:0: note: this is the location of the previous definition
 #define MT6328_FGADC_CON12           ((MT6328_PMIC_REG_BASE+0x0CBC))
 ^
In file included from drivers/misc/mediatek/mach/mt6735/mt_cpufreq.c:64:0:
/home/satory-ra/Android/kernel/android_kernel_oukitel_orange/drivers/misc/mediatek/pmic_wrap/mt6735/pwrap_hal.h:944:0: warning: "MT6328_FGADC_CON13" redefined
 #define MT6328_FGADC_CON13           ((UINT32)(MT6328_PMIC_REG_BASE+0x0CBE))
 ^
In file included from /home/satory-ra/Android/kernel/android_kernel_oukitel_orange/drivers/misc/mediatek/mach/mt6735/include/mach/upmu_common.h:7:0,
                 from drivers/misc/mediatek/mach/mt6735/mt_cpufreq.c:61:
/home/satory-ra/Android/kernel/android_kernel_oukitel_orange/drivers/misc/mediatek/mach/mt6735/include/mach/upmu_hw.h:567:0: note: this is the location of the previous definition
 #define MT6328_FGADC_CON13           ((MT6328_PMIC_REG_BASE+0x0CBE))
 ^
In file included from drivers/misc/mediatek/mach/mt6735/mt_cpufreq.c:64:0:
/home/satory-ra/Android/kernel/android_kernel_oukitel_orange/drivers/misc/mediatek/pmic_wrap/mt6735/pwrap_hal.h:945:0: warning: "MT6328_FGADC_CON14" redefined
 #define MT6328_FGADC_CON14           ((UINT32)(MT6328_PMIC_REG_BASE+0x0CC0))
 ^
In file included from /home/satory-ra/Android/kernel/android_kernel_oukitel_orange/drivers/misc/mediatek/mach/mt6735/include/mach/upmu_common.h:7:0,
                 from drivers/misc/mediatek/mach/mt6735/mt_cpufreq.c:61:
/home/satory-ra/Android/kernel/android_kernel_oukitel_orange/drivers/misc/mediatek/mach/mt6735/include/mach/upmu_hw.h:568:0: note: this is the location of the previous definition
 #define MT6328_FGADC_CON14           ((MT6328_PMIC_REG_BASE+0x0CC0))
 ^
In file included from drivers/misc/mediatek/mach/mt6735/mt_cpufreq.c:64:0:
/home/satory-ra/Android/kernel/android_kernel_oukitel_orange/drivers/misc/mediatek/pmic_wrap/mt6735/pwrap_hal.h:946:0: warning: "MT6328_FGADC_CON15" redefined
 #define MT6328_FGADC_CON15           ((UINT32)(MT6328_PMIC_REG_BASE+0x0CC2))
 ^
In file included from /home/satory-ra/Android/kernel/android_kernel_oukitel_orange/drivers/misc/mediatek/mach/mt6735/include/mach/upmu_common.h:7:0,
                 from drivers/misc/mediatek/mach/mt6735/mt_cpufreq.c:61:
/home/satory-ra/Android/kernel/android_kernel_oukitel_orange/drivers/misc/mediatek/mach/mt6735/include/mach/upmu_hw.h:569:0: note: this is the location of the previous definition
 #define MT6328_FGADC_CON15           ((MT6328_PMIC_REG_BASE+0x0CC2))
 ^
In file included from drivers/misc/mediatek/mach/mt6735/mt_cpufreq.c:64:0:
/home/satory-ra/Android/kernel/android_kernel_oukitel_orange/drivers/misc/mediatek/pmic_wrap/mt6735/pwrap_hal.h:947:0: warning: "MT6328_FGADC_CON16" redefined
 #define MT6328_FGADC_CON16           ((UINT32)(MT6328_PMIC_REG_BASE+0x0CC4))
 ^
In file included from /home/satory-ra/Android/kernel/android_kernel_oukitel_orange/drivers/misc/mediatek/mach/mt6735/include/mach/upmu_common.h:7:0,
                 from drivers/misc/mediatek/mach/mt6735/mt_cpufreq.c:61:
/home/satory-ra/Android/kernel/android_kernel_oukitel_orange/drivers/misc/mediatek/mach/mt6735/include/mach/upmu_hw.h:570:0: note: this is the location of the previous definition
 #define MT6328_FGADC_CON16           ((MT6328_PMIC_REG_BASE+0x0CC4))
 ^
In file included from drivers/misc/mediatek/mach/mt6735/mt_cpufreq.c:64:0:
/home/satory-ra/Android/kernel/android_kernel_oukitel_orange/drivers/misc/mediatek/pmic_wrap/mt6735/pwrap_hal.h:948:0: warning: "MT6328_FGADC_CON17" redefined
 #define MT6328_FGADC_CON17           ((UINT32)(MT6328_PMIC_REG_BASE+0x0CC6))
 ^
In file included from /home/satory-ra/Android/kernel/android_kernel_oukitel_orange/drivers/misc/mediatek/mach/mt6735/include/mach/upmu_common.h:7:0,
                 from drivers/misc/mediatek/mach/mt6735/mt_cpufreq.c:61:
/home/satory-ra/Android/kernel/android_kernel_oukitel_orange/drivers/misc/mediatek/mach/mt6735/include/mach/upmu_hw.h:571:0: note: this is the location of the previous definition
 #define MT6328_FGADC_CON17           ((MT6328_PMIC_REG_BASE+0x0CC6))
 ^
In file included from drivers/misc/mediatek/mach/mt6735/mt_cpufreq.c:64:0:
/home/satory-ra/Android/kernel/android_kernel_oukitel_orange/drivers/misc/mediatek/pmic_wrap/mt6735/pwrap_hal.h:949:0: warning: "MT6328_FGADC_CON18" redefined
 #define MT6328_FGADC_CON18           ((UINT32)(MT6328_PMIC_REG_BASE+0x0CC8))
 ^
In file included from /home/satory-ra/Android/kernel/android_kernel_oukitel_orange/drivers/misc/mediatek/mach/mt6735/include/mach/upmu_common.h:7:0,
                 from drivers/misc/mediatek/mach/mt6735/mt_cpufreq.c:61:
/home/satory-ra/Android/kernel/android_kernel_oukitel_orange/drivers/misc/mediatek/mach/mt6735/include/mach/upmu_hw.h:572:0: note: this is the location of the previous definition
 #define MT6328_FGADC_CON18           ((MT6328_PMIC_REG_BASE+0x0CC8))
 ^
In file included from drivers/misc/mediatek/mach/mt6735/mt_cpufreq.c:64:0:
/home/satory-ra/Android/kernel/android_kernel_oukitel_orange/drivers/misc/mediatek/pmic_wrap/mt6735/pwrap_hal.h:950:0: warning: "MT6328_FGADC_CON19" redefined
 #define MT6328_FGADC_CON19           ((UINT32)(MT6328_PMIC_REG_BASE+0x0CCA))
 ^
In file included from /home/satory-ra/Android/kernel/android_kernel_oukitel_orange/drivers/misc/mediatek/mach/mt6735/include/mach/upmu_common.h:7:0,
                 from drivers/misc/mediatek/mach/mt6735/mt_cpufreq.c:61:
/home/satory-ra/Android/kernel/android_kernel_oukitel_orange/drivers/misc/mediatek/mach/mt6735/include/mach/upmu_hw.h:573:0: note: this is the location of the previous definition
 #define MT6328_FGADC_CON19           ((MT6328_PMIC_REG_BASE+0x0CCA))
 ^
In file included from drivers/misc/mediatek/mach/mt6735/mt_cpufreq.c:64:0:
/home/satory-ra/Android/kernel/android_kernel_oukitel_orange/drivers/misc/mediatek/pmic_wrap/mt6735/pwrap_hal.h:951:0: warning: "MT6328_FGADC_CON20" redefined
 #define MT6328_FGADC_CON20           ((UINT32)(MT6328_PMIC_REG_BASE+0x0CCC))
 ^
In file included from /home/satory-ra/Android/kernel/android_kernel_oukitel_orange/drivers/misc/mediatek/mach/mt6735/include/mach/upmu_common.h:7:0,
                 from drivers/misc/mediatek/mach/mt6735/mt_cpufreq.c:61:
/home/satory-ra/Android/kernel/android_kernel_oukitel_orange/drivers/misc/mediatek/mach/mt6735/include/mach/upmu_hw.h:574:0: note: this is the location of the previous definition
 #define MT6328_FGADC_CON20           ((MT6328_PMIC_REG_BASE+0x0CCC))
 ^
In file included from drivers/misc/mediatek/mach/mt6735/mt_cpufreq.c:64:0:
/home/satory-ra/Android/kernel/android_kernel_oukitel_orange/drivers/misc/mediatek/pmic_wrap/mt6735/pwrap_hal.h:952:0: warning: "MT6328_FGADC_CON21" redefined
 #define MT6328_FGADC_CON21           ((UINT32)(MT6328_PMIC_REG_BASE+0x0CCE))
 ^
In file included from /home/satory-ra/Android/kernel/android_kernel_oukitel_orange/drivers/misc/mediatek/mach/mt6735/include/mach/upmu_common.h:7:0,
                 from drivers/misc/mediatek/mach/mt6735/mt_cpufreq.c:61:
/home/satory-ra/Android/kernel/android_kernel_oukitel_orange/drivers/misc/mediatek/mach/mt6735/include/mach/upmu_hw.h:575:0: note: this is the location of the previous definition
 #define MT6328_FGADC_CON21           ((MT6328_PMIC_REG_BASE+0x0CCE))
 ^
In file included from drivers/misc/mediatek/mach/mt6735/mt_cpufreq.c:64:0:
/home/satory-ra/Android/kernel/android_kernel_oukitel_orange/drivers/misc/mediatek/pmic_wrap/mt6735/pwrap_hal.h:953:0: warning: "MT6328_FGADC_CON22" redefined
 #define MT6328_FGADC_CON22           ((UINT32)(MT6328_PMIC_REG_BASE+0x0CD0))
 ^
In file included from /home/satory-ra/Android/kernel/android_kernel_oukitel_orange/drivers/misc/mediatek/mach/mt6735/include/mach/upmu_common.h:7:0,
                 from drivers/misc/mediatek/mach/mt6735/mt_cpufreq.c:61:
/home/satory-ra/Android/kernel/android_kernel_oukitel_orange/drivers/misc/mediatek/mach/mt6735/include/mach/upmu_hw.h:576:0: note: this is the location of the previous definition
 #define MT6328_FGADC_CON22           ((MT6328_PMIC_REG_BASE+0x0CD0))
 ^
In file included from drivers/misc/mediatek/mach/mt6735/mt_cpufreq.c:64:0:
/home/satory-ra/Android/kernel/android_kernel_oukitel_orange/drivers/misc/mediatek/pmic_wrap/mt6735/pwrap_hal.h:954:0: warning: "MT6328_FGADC_CON23" redefined
 #define MT6328_FGADC_CON23           ((UINT32)(MT6328_PMIC_REG_BASE+0x0CD2))
 ^
In file included from /home/satory-ra/Android/kernel/android_kernel_oukitel_orange/drivers/misc/mediatek/mach/mt6735/include/mach/upmu_common.h:7:0,
                 from drivers/misc/mediatek/mach/mt6735/mt_cpufreq.c:61:
/home/satory-ra/Android/kernel/android_kernel_oukitel_orange/drivers/misc/mediatek/mach/mt6735/include/mach/upmu_hw.h:577:0: note: this is the location of the previous definition
 #define MT6328_FGADC_CON23           ((MT6328_PMIC_REG_BASE+0x0CD2))
 ^
In file included from drivers/misc/mediatek/mach/mt6735/mt_cpufreq.c:64:0:
/home/satory-ra/Android/kernel/android_kernel_oukitel_orange/drivers/misc/mediatek/pmic_wrap/mt6735/pwrap_hal.h:955:0: warning: "MT6328_FGADC_CON24" redefined
 #define MT6328_FGADC_CON24           ((UINT32)(MT6328_PMIC_REG_BASE+0x0CD4))
 ^
In file included from /home/satory-ra/Android/kernel/android_kernel_oukitel_orange/drivers/misc/mediatek/mach/mt6735/include/mach/upmu_common.h:7:0,
                 from drivers/misc/mediatek/mach/mt6735/mt_cpufreq.c:61:
/home/satory-ra/Android/kernel/android_kernel_oukitel_orange/drivers/misc/mediatek/mach/mt6735/include/mach/upmu_hw.h:578:0: note: this is the location of the previous definition
 #define MT6328_FGADC_CON24           ((MT6328_PMIC_REG_BASE+0x0CD4))
 ^
In file included from drivers/misc/mediatek/mach/mt6735/mt_cpufreq.c:64:0:
/home/satory-ra/Android/kernel/android_kernel_oukitel_orange/drivers/misc/mediatek/pmic_wrap/mt6735/pwrap_hal.h:956:0: warning: "MT6328_FGADC_CON25" redefined
 #define MT6328_FGADC_CON25           ((UINT32)(MT6328_PMIC_REG_BASE+0x0CD6))
 ^
In file included from /home/satory-ra/Android/kernel/android_kernel_oukitel_orange/drivers/misc/mediatek/mach/mt6735/include/mach/upmu_common.h:7:0,
                 from drivers/misc/mediatek/mach/mt6735/mt_cpufreq.c:61:
/home/satory-ra/Android/kernel/android_kernel_oukitel_orange/drivers/misc/mediatek/mach/mt6735/include/mach/upmu_hw.h:579:0: note: this is the location of the previous definition
 #define MT6328_FGADC_CON25           ((MT6328_PMIC_REG_BASE+0x0CD6))
 ^
In file included from drivers/misc/mediatek/mach/mt6735/mt_cpufreq.c:64:0:
/home/satory-ra/Android/kernel/android_kernel_oukitel_orange/drivers/misc/mediatek/pmic_wrap/mt6735/pwrap_hal.h:957:0: warning: "MT6328_FGADC_CON26" redefined
 #define MT6328_FGADC_CON26           ((UINT32)(MT6328_PMIC_REG_BASE+0x0CD8))
 ^
In file included from /home/satory-ra/Android/kernel/android_kernel_oukitel_orange/drivers/misc/mediatek/mach/mt6735/include/mach/upmu_common.h:7:0,
                 from drivers/misc/mediatek/mach/mt6735/mt_cpufreq.c:61:
/home/satory-ra/Android/kernel/android_kernel_oukitel_orange/drivers/misc/mediatek/mach/mt6735/include/mach/upmu_hw.h:580:0: note: this is the location of the previous definition
 #define MT6328_FGADC_CON26           ((MT6328_PMIC_REG_BASE+0x0CD8))
 ^
In file included from drivers/misc/mediatek/mach/mt6735/mt_cpufreq.c:64:0:
/home/satory-ra/Android/kernel/android_kernel_oukitel_orange/drivers/misc/mediatek/pmic_wrap/mt6735/pwrap_hal.h:958:0: warning: "MT6328_FGADC_CON27" redefined
 #define MT6328_FGADC_CON27           ((UINT32)(MT6328_PMIC_REG_BASE+0x0CDA))
 ^
In file included from /home/satory-ra/Android/kernel/android_kernel_oukitel_orange/drivers/misc/mediatek/mach/mt6735/include/mach/upmu_common.h:7:0,
                 from drivers/misc/mediatek/mach/mt6735/mt_cpufreq.c:61:
/home/satory-ra/Android/kernel/android_kernel_oukitel_orange/drivers/misc/mediatek/mach/mt6735/include/mach/upmu_hw.h:581:0: note: this is the location of the previous definition
 #define MT6328_FGADC_CON27           ((MT6328_PMIC_REG_BASE+0x0CDA))
 ^
In file included from drivers/misc/mediatek/mach/mt6735/mt_cpufreq.c:64:0:
/home/satory-ra/Android/kernel/android_kernel_oukitel_orange/drivers/misc/mediatek/pmic_wrap/mt6735/pwrap_hal.h:959:0: warning: "MT6328_AUDDEC_ANA_CON0" redefined
 #define MT6328_AUDDEC_ANA_CON0       ((UINT32)(MT6328_PMIC_REG_BASE+0x0CDC))
 ^
In file included from /home/satory-ra/Android/kernel/android_kernel_oukitel_orange/drivers/misc/mediatek/mach/mt6735/include/mach/upmu_common.h:7:0,
                 from drivers/misc/mediatek/mach/mt6735/mt_cpufreq.c:61:
/home/satory-ra/Android/kernel/android_kernel_oukitel_orange/drivers/misc/mediatek/mach/mt6735/include/mach/upmu_hw.h:582:0: note: this is the location of the previous definition
 #define MT6328_AUDDEC_ANA_CON0       ((MT6328_PMIC_REG_BASE+0x0CDC))
 ^
In file included from drivers/misc/mediatek/mach/mt6735/mt_cpufreq.c:64:0:
/home/satory-ra/Android/kernel/android_kernel_oukitel_orange/drivers/misc/mediatek/pmic_wrap/mt6735/pwrap_hal.h:960:0: warning: "MT6328_AUDDEC_ANA_CON1" redefined
 #define MT6328_AUDDEC_ANA_CON1       ((UINT32)(MT6328_PMIC_REG_BASE+0x0CDE))
 ^
In file included from /home/satory-ra/Android/kernel/android_kernel_oukitel_orange/drivers/misc/mediatek/mach/mt6735/include/mach/upmu_common.h:7:0,
                 from drivers/misc/mediatek/mach/mt6735/mt_cpufreq.c:61:
/home/satory-ra/Android/kernel/android_kernel_oukitel_orange/drivers/misc/mediatek/mach/mt6735/include/mach/upmu_hw.h:583:0: note: this is the location of the previous definition
 #define MT6328_AUDDEC_ANA_CON1       ((MT6328_PMIC_REG_BASE+0x0CDE))
 ^
In file included from drivers/misc/mediatek/mach/mt6735/mt_cpufreq.c:64:0:
/home/satory-ra/Android/kernel/android_kernel_oukitel_orange/drivers/misc/mediatek/pmic_wrap/mt6735/pwrap_hal.h:961:0: warning: "MT6328_AUDDEC_ANA_CON2" redefined
 #define MT6328_AUDDEC_ANA_CON2       ((UINT32)(MT6328_PMIC_REG_BASE+0x0CE0))
 ^
In file included from /home/satory-ra/Android/kernel/android_kernel_oukitel_orange/drivers/misc/mediatek/mach/mt6735/include/mach/upmu_common.h:7:0,
                 from drivers/misc/mediatek/mach/mt6735/mt_cpufreq.c:61:
/home/satory-ra/Android/kernel/android_kernel_oukitel_orange/drivers/misc/mediatek/mach/mt6735/include/mach/upmu_hw.h:584:0: note: this is the location of the previous definition
 #define MT6328_AUDDEC_ANA_CON2       ((MT6328_PMIC_REG_BASE+0x0CE0))
 ^
In file included from drivers/misc/mediatek/mach/mt6735/mt_cpufreq.c:64:0:
/home/satory-ra/Android/kernel/android_kernel_oukitel_orange/drivers/misc/mediatek/pmic_wrap/mt6735/pwrap_hal.h:962:0: warning: "MT6328_AUDDEC_ANA_CON3" redefined
 #define MT6328_AUDDEC_ANA_CON3       ((UINT32)(MT6328_PMIC_REG_BASE+0x0CE2))
 ^
In file included from /home/satory-ra/Android/kernel/android_kernel_oukitel_orange/drivers/misc/mediatek/mach/mt6735/include/mach/upmu_common.h:7:0,
                 from drivers/misc/mediatek/mach/mt6735/mt_cpufreq.c:61:
/home/satory-ra/Android/kernel/android_kernel_oukitel_orange/drivers/misc/mediatek/mach/mt6735/include/mach/upmu_hw.h:585:0: note: this is the location of the previous definition
 #define MT6328_AUDDEC_ANA_CON3       ((MT6328_PMIC_REG_BASE+0x0CE2))
 ^
In file included from drivers/misc/mediatek/mach/mt6735/mt_cpufreq.c:64:0:
/home/satory-ra/Android/kernel/android_kernel_oukitel_orange/drivers/misc/mediatek/pmic_wrap/mt6735/pwrap_hal.h:963:0: warning: "MT6328_AUDDEC_ANA_CON4" redefined
 #define MT6328_AUDDEC_ANA_CON4       ((UINT32)(MT6328_PMIC_REG_BASE+0x0CE4))
 ^
In file included from /home/satory-ra/Android/kernel/android_kernel_oukitel_orange/drivers/misc/mediatek/mach/mt6735/include/mach/upmu_common.h:7:0,
                 from drivers/misc/mediatek/mach/mt6735/mt_cpufreq.c:61:
/home/satory-ra/Android/kernel/android_kernel_oukitel_orange/drivers/misc/mediatek/mach/mt6735/include/mach/upmu_hw.h:586:0: note: this is the location of the previous definition
 #define MT6328_AUDDEC_ANA_CON4       ((MT6328_PMIC_REG_BASE+0x0CE4))
 ^
In file included from drivers/misc/mediatek/mach/mt6735/mt_cpufreq.c:64:0:
/home/satory-ra/Android/kernel/android_kernel_oukitel_orange/drivers/misc/mediatek/pmic_wrap/mt6735/pwrap_hal.h:964:0: warning: "MT6328_AUDDEC_ANA_CON5" redefined
 #define MT6328_AUDDEC_ANA_CON5       ((UINT32)(MT6328_PMIC_REG_BASE+0x0CE6))
 ^
In file included from /home/satory-ra/Android/kernel/android_kernel_oukitel_orange/drivers/misc/mediatek/mach/mt6735/include/mach/upmu_common.h:7:0,
                 from drivers/misc/mediatek/mach/mt6735/mt_cpufreq.c:61:
/home/satory-ra/Android/kernel/android_kernel_oukitel_orange/drivers/misc/mediatek/mach/mt6735/include/mach/upmu_hw.h:587:0: note: this is the location of the previous definition
 #define MT6328_AUDDEC_ANA_CON5       ((MT6328_PMIC_REG_BASE+0x0CE6))
 ^
In file included from drivers/misc/mediatek/mach/mt6735/mt_cpufreq.c:64:0:
/home/satory-ra/Android/kernel/android_kernel_oukitel_orange/drivers/misc/mediatek/pmic_wrap/mt6735/pwrap_hal.h:965:0: warning: "MT6328_AUDDEC_ANA_CON6" redefined
 #define MT6328_AUDDEC_ANA_CON6       ((UINT32)(MT6328_PMIC_REG_BASE+0x0CE8))
 ^
In file included from /home/satory-ra/Android/kernel/android_kernel_oukitel_orange/drivers/misc/mediatek/mach/mt6735/include/mach/upmu_common.h:7:0,
                 from drivers/misc/mediatek/mach/mt6735/mt_cpufreq.c:61:
/home/satory-ra/Android/kernel/android_kernel_oukitel_orange/drivers/misc/mediatek/mach/mt6735/include/mach/upmu_hw.h:588:0: note: this is the location of the previous definition
 #define MT6328_AUDDEC_ANA_CON6       ((MT6328_PMIC_REG_BASE+0x0CE8))
 ^
In file included from drivers/misc/mediatek/mach/mt6735/mt_cpufreq.c:64:0:
/home/satory-ra/Android/kernel/android_kernel_oukitel_orange/drivers/misc/mediatek/pmic_wrap/mt6735/pwrap_hal.h:966:0: warning: "MT6328_AUDDEC_ANA_CON7" redefined
 #define MT6328_AUDDEC_ANA_CON7       ((UINT32)(MT6328_PMIC_REG_BASE+0x0CEA))
 ^
In file included from /home/satory-ra/Android/kernel/android_kernel_oukitel_orange/drivers/misc/mediatek/mach/mt6735/include/mach/upmu_common.h:7:0,
                 from drivers/misc/mediatek/mach/mt6735/mt_cpufreq.c:61:
/home/satory-ra/Android/kernel/android_kernel_oukitel_orange/drivers/misc/mediatek/mach/mt6735/include/mach/upmu_hw.h:589:0: note: this is the location of the previous definition
 #define MT6328_AUDDEC_ANA_CON7       ((MT6328_PMIC_REG_BASE+0x0CEA))
 ^
In file included from drivers/misc/mediatek/mach/mt6735/mt_cpufreq.c:64:0:
/home/satory-ra/Android/kernel/android_kernel_oukitel_orange/drivers/misc/mediatek/pmic_wrap/mt6735/pwrap_hal.h:967:0: warning: "MT6328_AUDDEC_ANA_CON8" redefined
 #define MT6328_AUDDEC_ANA_CON8       ((UINT32)(MT6328_PMIC_REG_BASE+0x0CEC))
 ^
  CC      drivers/video/modedb.o
In file included from /home/satory-ra/Android/kernel/android_kernel_oukitel_orange/drivers/misc/mediatek/mach/mt6735/include/mach/upmu_common.h:7:0,
                 from drivers/misc/mediatek/mach/mt6735/mt_cpufreq.c:61:
/home/satory-ra/Android/kernel/android_kernel_oukitel_orange/drivers/misc/mediatek/mach/mt6735/include/mach/upmu_hw.h:590:0: note: this is the location of the previous definition
 #define MT6328_AUDDEC_ANA_CON8       ((MT6328_PMIC_REG_BASE+0x0CEC))
 ^
In file included from drivers/misc/mediatek/mach/mt6735/mt_cpufreq.c:64:0:
/home/satory-ra/Android/kernel/android_kernel_oukitel_orange/drivers/misc/mediatek/pmic_wrap/mt6735/pwrap_hal.h:968:0: warning: "MT6328_AUDENC_ANA_CON0" redefined
 #define MT6328_AUDENC_ANA_CON0       ((UINT32)(MT6328_PMIC_REG_BASE+0x0CEE))
 ^
In file included from /home/satory-ra/Android/kernel/android_kernel_oukitel_orange/drivers/misc/mediatek/mach/mt6735/include/mach/upmu_common.h:7:0,
                 from drivers/misc/mediatek/mach/mt6735/mt_cpufreq.c:61:
/home/satory-ra/Android/kernel/android_kernel_oukitel_orange/drivers/misc/mediatek/mach/mt6735/include/mach/upmu_hw.h:591:0: note: this is the location of the previous definition
 #define MT6328_AUDENC_ANA_CON0       ((MT6328_PMIC_REG_BASE+0x0CEE))
 ^
In file included from drivers/misc/mediatek/mach/mt6735/mt_cpufreq.c:64:0:
/home/satory-ra/Android/kernel/android_kernel_oukitel_orange/drivers/misc/mediatek/pmic_wrap/mt6735/pwrap_hal.h:969:0: warning: "MT6328_AUDENC_ANA_CON1" redefined
 #define MT6328_AUDENC_ANA_CON1       ((UINT32)(MT6328_PMIC_REG_BASE+0x0CF0))
 ^
In file included from /home/satory-ra/Android/kernel/android_kernel_oukitel_orange/drivers/misc/mediatek/mach/mt6735/include/mach/upmu_common.h:7:0,
                 from drivers/misc/mediatek/mach/mt6735/mt_cpufreq.c:61:
/home/satory-ra/Android/kernel/android_kernel_oukitel_orange/drivers/misc/mediatek/mach/mt6735/include/mach/upmu_hw.h:592:0: note: this is the location of the previous definition
 #define MT6328_AUDENC_ANA_CON1       ((MT6328_PMIC_REG_BASE+0x0CF0))
 ^
In file included from drivers/misc/mediatek/mach/mt6735/mt_cpufreq.c:64:0:
/home/satory-ra/Android/kernel/android_kernel_oukitel_orange/drivers/misc/mediatek/pmic_wrap/mt6735/pwrap_hal.h:970:0: warning: "MT6328_AUDENC_ANA_CON2" redefined
 #define MT6328_AUDENC_ANA_CON2       ((UINT32)(MT6328_PMIC_REG_BASE+0x0CF2))
 ^
In file included from /home/satory-ra/Android/kernel/android_kernel_oukitel_orange/drivers/misc/mediatek/mach/mt6735/include/mach/upmu_common.h:7:0,
                 from drivers/misc/mediatek/mach/mt6735/mt_cpufreq.c:61:
/home/satory-ra/Android/kernel/android_kernel_oukitel_orange/drivers/misc/mediatek/mach/mt6735/include/mach/upmu_hw.h:593:0: note: this is the location of the previous definition
 #define MT6328_AUDENC_ANA_CON2       ((MT6328_PMIC_REG_BASE+0x0CF2))
 ^
In file included from drivers/misc/mediatek/mach/mt6735/mt_cpufreq.c:64:0:
/home/satory-ra/Android/kernel/android_kernel_oukitel_orange/drivers/misc/mediatek/pmic_wrap/mt6735/pwrap_hal.h:971:0: warning: "MT6328_AUDENC_ANA_CON3" redefined
 #define MT6328_AUDENC_ANA_CON3       ((UINT32)(MT6328_PMIC_REG_BASE+0x0CF4))
 ^
In file included from /home/satory-ra/Android/kernel/android_kernel_oukitel_orange/drivers/misc/mediatek/mach/mt6735/include/mach/upmu_common.h:7:0,
                 from drivers/misc/mediatek/mach/mt6735/mt_cpufreq.c:61:
/home/satory-ra/Android/kernel/android_kernel_oukitel_orange/drivers/misc/mediatek/mach/mt6735/include/mach/upmu_hw.h:594:0: note: this is the location of the previous definition
 #define MT6328_AUDENC_ANA_CON3       ((MT6328_PMIC_REG_BASE+0x0CF4))
 ^
In file included from drivers/misc/mediatek/mach/mt6735/mt_cpufreq.c:64:0:
/home/satory-ra/Android/kernel/android_kernel_oukitel_orange/drivers/misc/mediatek/pmic_wrap/mt6735/pwrap_hal.h:972:0: warning: "MT6328_AUDENC_ANA_CON4" redefined
 #define MT6328_AUDENC_ANA_CON4       ((UINT32)(MT6328_PMIC_REG_BASE+0x0CF6))
 ^
In file included from /home/satory-ra/Android/kernel/android_kernel_oukitel_orange/drivers/misc/mediatek/mach/mt6735/include/mach/upmu_common.h:7:0,
                 from drivers/misc/mediatek/mach/mt6735/mt_cpufreq.c:61:
/home/satory-ra/Android/kernel/android_kernel_oukitel_orange/drivers/misc/mediatek/mach/mt6735/include/mach/upmu_hw.h:595:0: note: this is the location of the previous definition
 #define MT6328_AUDENC_ANA_CON4       ((MT6328_PMIC_REG_BASE+0x0CF6))
 ^
In file included from drivers/misc/mediatek/mach/mt6735/mt_cpufreq.c:64:0:
/home/satory-ra/Android/kernel/android_kernel_oukitel_orange/drivers/misc/mediatek/pmic_wrap/mt6735/pwrap_hal.h:973:0: warning: "MT6328_AUDENC_ANA_CON5" redefined
 #define MT6328_AUDENC_ANA_CON5       ((UINT32)(MT6328_PMIC_REG_BASE+0x0CF8))
 ^
In file included from /home/satory-ra/Android/kernel/android_kernel_oukitel_orange/drivers/misc/mediatek/mach/mt6735/include/mach/upmu_common.h:7:0,
                 from drivers/misc/mediatek/mach/mt6735/mt_cpufreq.c:61:
/home/satory-ra/Android/kernel/android_kernel_oukitel_orange/drivers/misc/mediatek/mach/mt6735/include/mach/upmu_hw.h:596:0: note: this is the location of the previous definition
 #define MT6328_AUDENC_ANA_CON5       ((MT6328_PMIC_REG_BASE+0x0CF8))
 ^
In file included from drivers/misc/mediatek/mach/mt6735/mt_cpufreq.c:64:0:
/home/satory-ra/Android/kernel/android_kernel_oukitel_orange/drivers/misc/mediatek/pmic_wrap/mt6735/pwrap_hal.h:974:0: warning: "MT6328_AUDENC_ANA_CON6" redefined
 #define MT6328_AUDENC_ANA_CON6       ((UINT32)(MT6328_PMIC_REG_BASE+0x0CFA))
 ^
In file included from /home/satory-ra/Android/kernel/android_kernel_oukitel_orange/drivers/misc/mediatek/mach/mt6735/include/mach/upmu_common.h:7:0,
                 from drivers/misc/mediatek/mach/mt6735/mt_cpufreq.c:61:
/home/satory-ra/Android/kernel/android_kernel_oukitel_orange/drivers/misc/mediatek/mach/mt6735/include/mach/upmu_hw.h:597:0: note: this is the location of the previous definition
 #define MT6328_AUDENC_ANA_CON6       ((MT6328_PMIC_REG_BASE+0x0CFA))
 ^
In file included from drivers/misc/mediatek/mach/mt6735/mt_cpufreq.c:64:0:
/home/satory-ra/Android/kernel/android_kernel_oukitel_orange/drivers/misc/mediatek/pmic_wrap/mt6735/pwrap_hal.h:975:0: warning: "MT6328_AUDENC_ANA_CON7" redefined
 #define MT6328_AUDENC_ANA_CON7       ((UINT32)(MT6328_PMIC_REG_BASE+0x0CFC))
 ^
In file included from /home/satory-ra/Android/kernel/android_kernel_oukitel_orange/drivers/misc/mediatek/mach/mt6735/include/mach/upmu_common.h:7:0,
                 from drivers/misc/mediatek/mach/mt6735/mt_cpufreq.c:61:
/home/satory-ra/Android/kernel/android_kernel_oukitel_orange/drivers/misc/mediatek/mach/mt6735/include/mach/upmu_hw.h:598:0: note: this is the location of the previous definition
 #define MT6328_AUDENC_ANA_CON7       ((MT6328_PMIC_REG_BASE+0x0CFC))
 ^
In file included from drivers/misc/mediatek/mach/mt6735/mt_cpufreq.c:64:0:
/home/satory-ra/Android/kernel/android_kernel_oukitel_orange/drivers/misc/mediatek/pmic_wrap/mt6735/pwrap_hal.h:976:0: warning: "MT6328_AUDENC_ANA_CON8" redefined
 #define MT6328_AUDENC_ANA_CON8       ((UINT32)(MT6328_PMIC_REG_BASE+0x0CFE))
 ^
In file included from /home/satory-ra/Android/kernel/android_kernel_oukitel_orange/drivers/misc/mediatek/mach/mt6735/include/mach/upmu_common.h:7:0,
                 from drivers/misc/mediatek/mach/mt6735/mt_cpufreq.c:61:
/home/satory-ra/Android/kernel/android_kernel_oukitel_orange/drivers/misc/mediatek/mach/mt6735/include/mach/upmu_hw.h:599:0: note: this is the location of the previous definition
 #define MT6328_AUDENC_ANA_CON8       ((MT6328_PMIC_REG_BASE+0x0CFE))
 ^
In file included from drivers/misc/mediatek/mach/mt6735/mt_cpufreq.c:64:0:
/home/satory-ra/Android/kernel/android_kernel_oukitel_orange/drivers/misc/mediatek/pmic_wrap/mt6735/pwrap_hal.h:977:0: warning: "MT6328_AUDENC_ANA_CON9" redefined
 #define MT6328_AUDENC_ANA_CON9       ((UINT32)(MT6328_PMIC_REG_BASE+0x0D00))
 ^
In file included from /home/satory-ra/Android/kernel/android_kernel_oukitel_orange/drivers/misc/mediatek/mach/mt6735/include/mach/upmu_common.h:7:0,
                 from drivers/misc/mediatek/mach/mt6735/mt_cpufreq.c:61:
/home/satory-ra/Android/kernel/android_kernel_oukitel_orange/drivers/misc/mediatek/mach/mt6735/include/mach/upmu_hw.h:600:0: note: this is the location of the previous definition
 #define MT6328_AUDENC_ANA_CON9       ((MT6328_PMIC_REG_BASE+0x0D00))
 ^
In file included from drivers/misc/mediatek/mach/mt6735/mt_cpufreq.c:64:0:
/home/satory-ra/Android/kernel/android_kernel_oukitel_orange/drivers/misc/mediatek/pmic_wrap/mt6735/pwrap_hal.h:978:0: warning: "MT6328_AUDENC_ANA_CON10" redefined
 #define MT6328_AUDENC_ANA_CON10      ((UINT32)(MT6328_PMIC_REG_BASE+0x0D02))
 ^
In file included from /home/satory-ra/Android/kernel/android_kernel_oukitel_orange/drivers/misc/mediatek/mach/mt6735/include/mach/upmu_common.h:7:0,
                 from drivers/misc/mediatek/mach/mt6735/mt_cpufreq.c:61:
/home/satory-ra/Android/kernel/android_kernel_oukitel_orange/drivers/misc/mediatek/mach/mt6735/include/mach/upmu_hw.h:601:0: note: this is the location of the previous definition
 #define MT6328_AUDENC_ANA_CON10      ((MT6328_PMIC_REG_BASE+0x0D02))
 ^
In file included from drivers/misc/mediatek/mach/mt6735/mt_cpufreq.c:64:0:
/home/satory-ra/Android/kernel/android_kernel_oukitel_orange/drivers/misc/mediatek/pmic_wrap/mt6735/pwrap_hal.h:979:0: warning: "MT6328_AUDNCP_CLKDIV_CON0" redefined
 #define MT6328_AUDNCP_CLKDIV_CON0    ((UINT32)(MT6328_PMIC_REG_BASE+0x0D04))
 ^
In file included from /home/satory-ra/Android/kernel/android_kernel_oukitel_orange/drivers/misc/mediatek/mach/mt6735/include/mach/upmu_common.h:7:0,
                 from drivers/misc/mediatek/mach/mt6735/mt_cpufreq.c:61:
/home/satory-ra/Android/kernel/android_kernel_oukitel_orange/drivers/misc/mediatek/mach/mt6735/include/mach/upmu_hw.h:602:0: note: this is the location of the previous definition
 #define MT6328_AUDNCP_CLKDIV_CON0    ((MT6328_PMIC_REG_BASE+0x0D04))
 ^
In file included from drivers/misc/mediatek/mach/mt6735/mt_cpufreq.c:64:0:
/home/satory-ra/Android/kernel/android_kernel_oukitel_orange/drivers/misc/mediatek/pmic_wrap/mt6735/pwrap_hal.h:980:0: warning: "MT6328_AUDNCP_CLKDIV_CON1" redefined
 #define MT6328_AUDNCP_CLKDIV_CON1    ((UINT32)(MT6328_PMIC_REG_BASE+0x0D06))
 ^
In file included from /home/satory-ra/Android/kernel/android_kernel_oukitel_orange/drivers/misc/mediatek/mach/mt6735/include/mach/upmu_common.h:7:0,
                 from drivers/misc/mediatek/mach/mt6735/mt_cpufreq.c:61:
/home/satory-ra/Android/kernel/android_kernel_oukitel_orange/drivers/misc/mediatek/mach/mt6735/include/mach/upmu_hw.h:603:0: note: this is the location of the previous definition
 #define MT6328_AUDNCP_CLKDIV_CON1    ((MT6328_PMIC_REG_BASE+0x0D06))
 ^
In file included from drivers/misc/mediatek/mach/mt6735/mt_cpufreq.c:64:0:
/home/satory-ra/Android/kernel/android_kernel_oukitel_orange/drivers/misc/mediatek/pmic_wrap/mt6735/pwrap_hal.h:981:0: warning: "MT6328_AUDNCP_CLKDIV_CON2" redefined
 #define MT6328_AUDNCP_CLKDIV_CON2    ((UINT32)(MT6328_PMIC_REG_BASE+0x0D08))
 ^
In file included from /home/satory-ra/Android/kernel/android_kernel_oukitel_orange/drivers/misc/mediatek/mach/mt6735/include/mach/upmu_common.h:7:0,
                 from drivers/misc/mediatek/mach/mt6735/mt_cpufreq.c:61:
/home/satory-ra/Android/kernel/android_kernel_oukitel_orange/drivers/misc/mediatek/mach/mt6735/include/mach/upmu_hw.h:604:0: note: this is the location of the previous definition
 #define MT6328_AUDNCP_CLKDIV_CON2    ((MT6328_PMIC_REG_BASE+0x0D08))
 ^
In file included from drivers/misc/mediatek/mach/mt6735/mt_cpufreq.c:64:0:
/home/satory-ra/Android/kernel/android_kernel_oukitel_orange/drivers/misc/mediatek/pmic_wrap/mt6735/pwrap_hal.h:982:0: warning: "MT6328_AUDNCP_CLKDIV_CON3" redefined
 #define MT6328_AUDNCP_CLKDIV_CON3    ((UINT32)(MT6328_PMIC_REG_BASE+0x0D0A))
 ^
In file included from /home/satory-ra/Android/kernel/android_kernel_oukitel_orange/drivers/misc/mediatek/mach/mt6735/include/mach/upmu_common.h:7:0,
                 from drivers/misc/mediatek/mach/mt6735/mt_cpufreq.c:61:
/home/satory-ra/Android/kernel/android_kernel_oukitel_orange/drivers/misc/mediatek/mach/mt6735/include/mach/upmu_hw.h:605:0: note: this is the location of the previous definition
 #define MT6328_AUDNCP_CLKDIV_CON3    ((MT6328_PMIC_REG_BASE+0x0D0A))
 ^
In file included from drivers/misc/mediatek/mach/mt6735/mt_cpufreq.c:64:0:
/home/satory-ra/Android/kernel/android_kernel_oukitel_orange/drivers/misc/mediatek/pmic_wrap/mt6735/pwrap_hal.h:983:0: warning: "MT6328_AUDNCP_CLKDIV_CON4" redefined
 #define MT6328_AUDNCP_CLKDIV_CON4    ((UINT32)(MT6328_PMIC_REG_BASE+0x0D0C))
 ^
In file included from /home/satory-ra/Android/kernel/android_kernel_oukitel_orange/drivers/misc/mediatek/mach/mt6735/include/mach/upmu_common.h:7:0,
                 from drivers/misc/mediatek/mach/mt6735/mt_cpufreq.c:61:
/home/satory-ra/Android/kernel/android_kernel_oukitel_orange/drivers/misc/mediatek/mach/mt6735/include/mach/upmu_hw.h:606:0: note: this is the location of the previous definition
 #define MT6328_AUDNCP_CLKDIV_CON4    ((MT6328_PMIC_REG_BASE+0x0D0C))
 ^
In file included from drivers/misc/mediatek/mach/mt6735/mt_cpufreq.c:64:0:
/home/satory-ra/Android/kernel/android_kernel_oukitel_orange/drivers/misc/mediatek/pmic_wrap/mt6735/pwrap_hal.h:984:0: warning: "MT6328_AUXADC_ADC0" redefined
 #define MT6328_AUXADC_ADC0           ((UINT32)(MT6328_PMIC_REG_BASE+0x0E00))
 ^
In file included from /home/satory-ra/Android/kernel/android_kernel_oukitel_orange/drivers/misc/mediatek/mach/mt6735/include/mach/upmu_common.h:7:0,
                 from drivers/misc/mediatek/mach/mt6735/mt_cpufreq.c:61:
/home/satory-ra/Android/kernel/android_kernel_oukitel_orange/drivers/misc/mediatek/mach/mt6735/include/mach/upmu_hw.h:607:0: note: this is the location of the previous definition
 #define MT6328_AUXADC_ADC0           ((MT6328_PMIC_REG_BASE+0x0E00))
 ^
In file included from drivers/misc/mediatek/mach/mt6735/mt_cpufreq.c:64:0:
/home/satory-ra/Android/kernel/android_kernel_oukitel_orange/drivers/misc/mediatek/pmic_wrap/mt6735/pwrap_hal.h:985:0: warning: "MT6328_AUXADC_ADC1" redefined
 #define MT6328_AUXADC_ADC1           ((UINT32)(MT6328_PMIC_REG_BASE+0x0E02))
 ^
In file included from /home/satory-ra/Android/kernel/android_kernel_oukitel_orange/drivers/misc/mediatek/mach/mt6735/include/mach/upmu_common.h:7:0,
                 from drivers/misc/mediatek/mach/mt6735/mt_cpufreq.c:61:
/home/satory-ra/Android/kernel/android_kernel_oukitel_orange/drivers/misc/mediatek/mach/mt6735/include/mach/upmu_hw.h:608:0: note: this is the location of the previous definition
 #define MT6328_AUXADC_ADC1           ((MT6328_PMIC_REG_BASE+0x0E02))
 ^
In file included from drivers/misc/mediatek/mach/mt6735/mt_cpufreq.c:64:0:
/home/satory-ra/Android/kernel/android_kernel_oukitel_orange/drivers/misc/mediatek/pmic_wrap/mt6735/pwrap_hal.h:986:0: warning: "MT6328_AUXADC_ADC2" redefined
 #define MT6328_AUXADC_ADC2           ((UINT32)(MT6328_PMIC_REG_BASE+0x0E04))
 ^
In file included from /home/satory-ra/Android/kernel/android_kernel_oukitel_orange/drivers/misc/mediatek/mach/mt6735/include/mach/upmu_common.h:7:0,
                 from drivers/misc/mediatek/mach/mt6735/mt_cpufreq.c:61:
/home/satory-ra/Android/kernel/android_kernel_oukitel_orange/drivers/misc/mediatek/mach/mt6735/include/mach/upmu_hw.h:609:0: note: this is the location of the previous definition
 #define MT6328_AUXADC_ADC2           ((MT6328_PMIC_REG_BASE+0x0E04))
 ^
In file included from drivers/misc/mediatek/mach/mt6735/mt_cpufreq.c:64:0:
/home/satory-ra/Android/kernel/android_kernel_oukitel_orange/drivers/misc/mediatek/pmic_wrap/mt6735/pwrap_hal.h:987:0: warning: "MT6328_AUXADC_ADC3" redefined
 #define MT6328_AUXADC_ADC3           ((UINT32)(MT6328_PMIC_REG_BASE+0x0E06))
 ^
In file included from /home/satory-ra/Android/kernel/android_kernel_oukitel_orange/drivers/misc/mediatek/mach/mt6735/include/mach/upmu_common.h:7:0,
                 from drivers/misc/mediatek/mach/mt6735/mt_cpufreq.c:61:
/home/satory-ra/Android/kernel/android_kernel_oukitel_orange/drivers/misc/mediatek/mach/mt6735/include/mach/upmu_hw.h:610:0: note: this is the location of the previous definition
 #define MT6328_AUXADC_ADC3           ((MT6328_PMIC_REG_BASE+0x0E06))
 ^
In file included from drivers/misc/mediatek/mach/mt6735/mt_cpufreq.c:64:0:
/home/satory-ra/Android/kernel/android_kernel_oukitel_orange/drivers/misc/mediatek/pmic_wrap/mt6735/pwrap_hal.h:988:0: warning: "MT6328_AUXADC_ADC4" redefined
 #define MT6328_AUXADC_ADC4           ((UINT32)(MT6328_PMIC_REG_BASE+0x0E08))
 ^
In file included from /home/satory-ra/Android/kernel/android_kernel_oukitel_orange/drivers/misc/mediatek/mach/mt6735/include/mach/upmu_common.h:7:0,
                 from drivers/misc/mediatek/mach/mt6735/mt_cpufreq.c:61:
/home/satory-ra/Android/kernel/android_kernel_oukitel_orange/drivers/misc/mediatek/mach/mt6735/include/mach/upmu_hw.h:611:0: note: this is the location of the previous definition
 #define MT6328_AUXADC_ADC4           ((MT6328_PMIC_REG_BASE+0x0E08))
 ^
In file included from drivers/misc/mediatek/mach/mt6735/mt_cpufreq.c:64:0:
/home/satory-ra/Android/kernel/android_kernel_oukitel_orange/drivers/misc/mediatek/pmic_wrap/mt6735/pwrap_hal.h:989:0: warning: "MT6328_AUXADC_ADC5" redefined
 #define MT6328_AUXADC_ADC5           ((UINT32)(MT6328_PMIC_REG_BASE+0x0E0A))
 ^
In file included from /home/satory-ra/Android/kernel/android_kernel_oukitel_orange/drivers/misc/mediatek/mach/mt6735/include/mach/upmu_common.h:7:0,
                 from drivers/misc/mediatek/mach/mt6735/mt_cpufreq.c:61:
/home/satory-ra/Android/kernel/android_kernel_oukitel_orange/drivers/misc/mediatek/mach/mt6735/include/mach/upmu_hw.h:612:0: note: this is the location of the previous definition
 #define MT6328_AUXADC_ADC5           ((MT6328_PMIC_REG_BASE+0x0E0A))
 ^
In file included from drivers/misc/mediatek/mach/mt6735/mt_cpufreq.c:64:0:
/home/satory-ra/Android/kernel/android_kernel_oukitel_orange/drivers/misc/mediatek/pmic_wrap/mt6735/pwrap_hal.h:990:0: warning: "MT6328_AUXADC_ADC6" redefined
 #define MT6328_AUXADC_ADC6           ((UINT32)(MT6328_PMIC_REG_BASE+0x0E0C))
 ^
In file included from /home/satory-ra/Android/kernel/android_kernel_oukitel_orange/drivers/misc/mediatek/mach/mt6735/include/mach/upmu_common.h:7:0,
                 from drivers/misc/mediatek/mach/mt6735/mt_cpufreq.c:61:
/home/satory-ra/Android/kernel/android_kernel_oukitel_orange/drivers/misc/mediatek/mach/mt6735/include/mach/upmu_hw.h:613:0: note: this is the location of the previous definition
 #define MT6328_AUXADC_ADC6           ((MT6328_PMIC_REG_BASE+0x0E0C))
 ^
In file included from drivers/misc/mediatek/mach/mt6735/mt_cpufreq.c:64:0:
/home/satory-ra/Android/kernel/android_kernel_oukitel_orange/drivers/misc/mediatek/pmic_wrap/mt6735/pwrap_hal.h:991:0: warning: "MT6328_AUXADC_ADC7" redefined
 #define MT6328_AUXADC_ADC7           ((UINT32)(MT6328_PMIC_REG_BASE+0x0E0E))
 ^
In file included from /home/satory-ra/Android/kernel/android_kernel_oukitel_orange/drivers/misc/mediatek/mach/mt6735/include/mach/upmu_common.h:7:0,
                 from drivers/misc/mediatek/mach/mt6735/mt_cpufreq.c:61:
/home/satory-ra/Android/kernel/android_kernel_oukitel_orange/drivers/misc/mediatek/mach/mt6735/include/mach/upmu_hw.h:614:0: note: this is the location of the previous definition
 #define MT6328_AUXADC_ADC7           ((MT6328_PMIC_REG_BASE+0x0E0E))
 ^
In file included from drivers/misc/mediatek/mach/mt6735/mt_cpufreq.c:64:0:
/home/satory-ra/Android/kernel/android_kernel_oukitel_orange/drivers/misc/mediatek/pmic_wrap/mt6735/pwrap_hal.h:992:0: warning: "MT6328_AUXADC_ADC8" redefined
 #define MT6328_AUXADC_ADC8           ((UINT32)(MT6328_PMIC_REG_BASE+0x0E10))
 ^
In file included from /home/satory-ra/Android/kernel/android_kernel_oukitel_orange/drivers/misc/mediatek/mach/mt6735/include/mach/upmu_common.h:7:0,
                 from drivers/misc/mediatek/mach/mt6735/mt_cpufreq.c:61:
/home/satory-ra/Android/kernel/android_kernel_oukitel_orange/drivers/misc/mediatek/mach/mt6735/include/mach/upmu_hw.h:615:0: note: this is the location of the previous definition
 #define MT6328_AUXADC_ADC8           ((MT6328_PMIC_REG_BASE+0x0E10))
 ^
In file included from drivers/misc/mediatek/mach/mt6735/mt_cpufreq.c:64:0:
/home/satory-ra/Android/kernel/android_kernel_oukitel_orange/drivers/misc/mediatek/pmic_wrap/mt6735/pwrap_hal.h:993:0: warning: "MT6328_AUXADC_ADC9" redefined
 #define MT6328_AUXADC_ADC9           ((UINT32)(MT6328_PMIC_REG_BASE+0x0E12))
 ^
In file included from /home/satory-ra/Android/kernel/android_kernel_oukitel_orange/drivers/misc/mediatek/mach/mt6735/include/mach/upmu_common.h:7:0,
                 from drivers/misc/mediatek/mach/mt6735/mt_cpufreq.c:61:
/home/satory-ra/Android/kernel/android_kernel_oukitel_orange/drivers/misc/mediatek/mach/mt6735/include/mach/upmu_hw.h:616:0: note: this is the location of the previous definition
 #define MT6328_AUXADC_ADC9           ((MT6328_PMIC_REG_BASE+0x0E12))
 ^
In file included from drivers/misc/mediatek/mach/mt6735/mt_cpufreq.c:64:0:
/home/satory-ra/Android/kernel/android_kernel_oukitel_orange/drivers/misc/mediatek/pmic_wrap/mt6735/pwrap_hal.h:994:0: warning: "MT6328_AUXADC_ADC10" redefined
 #define MT6328_AUXADC_ADC10          ((UINT32)(MT6328_PMIC_REG_BASE+0x0E14))
 ^
In file included from /home/satory-ra/Android/kernel/android_kernel_oukitel_orange/drivers/misc/mediatek/mach/mt6735/include/mach/upmu_common.h:7:0,
                 from drivers/misc/mediatek/mach/mt6735/mt_cpufreq.c:61:
/home/satory-ra/Android/kernel/android_kernel_oukitel_orange/drivers/misc/mediatek/mach/mt6735/include/mach/upmu_hw.h:617:0: note: this is the location of the previous definition
 #define MT6328_AUXADC_ADC10          ((MT6328_PMIC_REG_BASE+0x0E14))
 ^
In file included from drivers/misc/mediatek/mach/mt6735/mt_cpufreq.c:64:0:
/home/satory-ra/Android/kernel/android_kernel_oukitel_orange/drivers/misc/mediatek/pmic_wrap/mt6735/pwrap_hal.h:995:0: warning: "MT6328_AUXADC_ADC11" redefined
 #define MT6328_AUXADC_ADC11          ((UINT32)(MT6328_PMIC_REG_BASE+0x0E16))
 ^
In file included from /home/satory-ra/Android/kernel/android_kernel_oukitel_orange/drivers/misc/mediatek/mach/mt6735/include/mach/upmu_common.h:7:0,
                 from drivers/misc/mediatek/mach/mt6735/mt_cpufreq.c:61:
/home/satory-ra/Android/kernel/android_kernel_oukitel_orange/drivers/misc/mediatek/mach/mt6735/include/mach/upmu_hw.h:618:0: note: this is the location of the previous definition
 #define MT6328_AUXADC_ADC11          ((MT6328_PMIC_REG_BASE+0x0E16))
 ^
In file included from drivers/misc/mediatek/mach/mt6735/mt_cpufreq.c:64:0:
/home/satory-ra/Android/kernel/android_kernel_oukitel_orange/drivers/misc/mediatek/pmic_wrap/mt6735/pwrap_hal.h:996:0: warning: "MT6328_AUXADC_ADC12" redefined
 #define MT6328_AUXADC_ADC12          ((UINT32)(MT6328_PMIC_REG_BASE+0x0E18))
 ^
In file included from /home/satory-ra/Android/kernel/android_kernel_oukitel_orange/drivers/misc/mediatek/mach/mt6735/include/mach/upmu_common.h:7:0,
                 from drivers/misc/mediatek/mach/mt6735/mt_cpufreq.c:61:
/home/satory-ra/Android/kernel/android_kernel_oukitel_orange/drivers/misc/mediatek/mach/mt6735/include/mach/upmu_hw.h:619:0: note: this is the location of the previous definition
 #define MT6328_AUXADC_ADC12          ((MT6328_PMIC_REG_BASE+0x0E18))
 ^
In file included from drivers/misc/mediatek/mach/mt6735/mt_cpufreq.c:64:0:
/home/satory-ra/Android/kernel/android_kernel_oukitel_orange/drivers/misc/mediatek/pmic_wrap/mt6735/pwrap_hal.h:997:0: warning: "MT6328_AUXADC_ADC13" redefined
 #define MT6328_AUXADC_ADC13          ((UINT32)(MT6328_PMIC_REG_BASE+0x0E1A))
 ^
In file included from /home/satory-ra/Android/kernel/android_kernel_oukitel_orange/drivers/misc/mediatek/mach/mt6735/include/mach/upmu_common.h:7:0,
                 from drivers/misc/mediatek/mach/mt6735/mt_cpufreq.c:61:
/home/satory-ra/Android/kernel/android_kernel_oukitel_orange/drivers/misc/mediatek/mach/mt6735/include/mach/upmu_hw.h:620:0: note: this is the location of the previous definition
 #define MT6328_AUXADC_ADC13          ((MT6328_PMIC_REG_BASE+0x0E1A))
 ^
In file included from drivers/misc/mediatek/mach/mt6735/mt_cpufreq.c:64:0:
/home/satory-ra/Android/kernel/android_kernel_oukitel_orange/drivers/misc/mediatek/pmic_wrap/mt6735/pwrap_hal.h:998:0: warning: "MT6328_AUXADC_ADC14" redefined
 #define MT6328_AUXADC_ADC14          ((UINT32)(MT6328_PMIC_REG_BASE+0x0E1C))
 ^
In file included from /home/satory-ra/Android/kernel/android_kernel_oukitel_orange/drivers/misc/mediatek/mach/mt6735/include/mach/upmu_common.h:7:0,
                 from drivers/misc/mediatek/mach/mt6735/mt_cpufreq.c:61:
/home/satory-ra/Android/kernel/android_kernel_oukitel_orange/drivers/misc/mediatek/mach/mt6735/include/mach/upmu_hw.h:621:0: note: this is the location of the previous definition
 #define MT6328_AUXADC_ADC14          ((MT6328_PMIC_REG_BASE+0x0E1C))
 ^
In file included from drivers/misc/mediatek/mach/mt6735/mt_cpufreq.c:64:0:
/home/satory-ra/Android/kernel/android_kernel_oukitel_orange/drivers/misc/mediatek/pmic_wrap/mt6735/pwrap_hal.h:999:0: warning: "MT6328_AUXADC_ADC15" redefined
 #define MT6328_AUXADC_ADC15          ((UINT32)(MT6328_PMIC_REG_BASE+0x0E1E))
 ^
In file included from /home/satory-ra/Android/kernel/android_kernel_oukitel_orange/drivers/misc/mediatek/mach/mt6735/include/mach/upmu_common.h:7:0,
                 from drivers/misc/mediatek/mach/mt6735/mt_cpufreq.c:61:
/home/satory-ra/Android/kernel/android_kernel_oukitel_orange/drivers/misc/mediatek/mach/mt6735/include/mach/upmu_hw.h:622:0: note: this is the location of the previous definition
 #define MT6328_AUXADC_ADC15          ((MT6328_PMIC_REG_BASE+0x0E1E))
 ^
In file included from drivers/misc/mediatek/mach/mt6735/mt_cpufreq.c:64:0:
/home/satory-ra/Android/kernel/android_kernel_oukitel_orange/drivers/misc/mediatek/pmic_wrap/mt6735/pwrap_hal.h:1000:0: warning: "MT6328_AUXADC_ADC16" redefined
 #define MT6328_AUXADC_ADC16          ((UINT32)(MT6328_PMIC_REG_BASE+0x0E20))
 ^
In file included from /home/satory-ra/Android/kernel/android_kernel_oukitel_orange/drivers/misc/mediatek/mach/mt6735/include/mach/upmu_common.h:7:0,
                 from drivers/misc/mediatek/mach/mt6735/mt_cpufreq.c:61:
/home/satory-ra/Android/kernel/android_kernel_oukitel_orange/drivers/misc/mediatek/mach/mt6735/include/mach/upmu_hw.h:623:0: note: this is the location of the previous definition
 #define MT6328_AUXADC_ADC16          ((MT6328_PMIC_REG_BASE+0x0E20))
 ^
In file included from drivers/misc/mediatek/mach/mt6735/mt_cpufreq.c:64:0:
/home/satory-ra/Android/kernel/android_kernel_oukitel_orange/drivers/misc/mediatek/pmic_wrap/mt6735/pwrap_hal.h:1001:0: warning: "MT6328_AUXADC_ADC17" redefined
 #define MT6328_AUXADC_ADC17          ((UINT32)(MT6328_PMIC_REG_BASE+0x0E22))
 ^
In file included from /home/satory-ra/Android/kernel/android_kernel_oukitel_orange/drivers/misc/mediatek/mach/mt6735/include/mach/upmu_common.h:7:0,
                 from drivers/misc/mediatek/mach/mt6735/mt_cpufreq.c:61:
/home/satory-ra/Android/kernel/android_kernel_oukitel_orange/drivers/misc/mediatek/mach/mt6735/include/mach/upmu_hw.h:624:0: note: this is the location of the previous definition
 #define MT6328_AUXADC_ADC17          ((MT6328_PMIC_REG_BASE+0x0E22))
 ^
In file included from drivers/misc/mediatek/mach/mt6735/mt_cpufreq.c:64:0:
/home/satory-ra/Android/kernel/android_kernel_oukitel_orange/drivers/misc/mediatek/pmic_wrap/mt6735/pwrap_hal.h:1002:0: warning: "MT6328_AUXADC_ADC18" redefined
 #define MT6328_AUXADC_ADC18          ((UINT32)(MT6328_PMIC_REG_BASE+0x0E24))
 ^
In file included from /home/satory-ra/Android/kernel/android_kernel_oukitel_orange/drivers/misc/mediatek/mach/mt6735/include/mach/upmu_common.h:7:0,
                 from drivers/misc/mediatek/mach/mt6735/mt_cpufreq.c:61:
/home/satory-ra/Android/kernel/android_kernel_oukitel_orange/drivers/misc/mediatek/mach/mt6735/include/mach/upmu_hw.h:625:0: note: this is the location of the previous definition
 #define MT6328_AUXADC_ADC18          ((MT6328_PMIC_REG_BASE+0x0E24))
 ^
In file included from drivers/misc/mediatek/mach/mt6735/mt_cpufreq.c:64:0:
/home/satory-ra/Android/kernel/android_kernel_oukitel_orange/drivers/misc/mediatek/pmic_wrap/mt6735/pwrap_hal.h:1003:0: warning: "MT6328_AUXADC_ADC19" redefined
 #define MT6328_AUXADC_ADC19          ((UINT32)(MT6328_PMIC_REG_BASE+0x0E26))
 ^
In file included from /home/satory-ra/Android/kernel/android_kernel_oukitel_orange/drivers/misc/mediatek/mach/mt6735/include/mach/upmu_common.h:7:0,
                 from drivers/misc/mediatek/mach/mt6735/mt_cpufreq.c:61:
/home/satory-ra/Android/kernel/android_kernel_oukitel_orange/drivers/misc/mediatek/mach/mt6735/include/mach/upmu_hw.h:626:0: note: this is the location of the previous definition
 #define MT6328_AUXADC_ADC19          ((MT6328_PMIC_REG_BASE+0x0E26))
 ^
In file included from drivers/misc/mediatek/mach/mt6735/mt_cpufreq.c:64:0:
/home/satory-ra/Android/kernel/android_kernel_oukitel_orange/drivers/misc/mediatek/pmic_wrap/mt6735/pwrap_hal.h:1004:0: warning: "MT6328_AUXADC_ADC20" redefined
 #define MT6328_AUXADC_ADC20          ((UINT32)(MT6328_PMIC_REG_BASE+0x0E28))
 ^
In file included from /home/satory-ra/Android/kernel/android_kernel_oukitel_orange/drivers/misc/mediatek/mach/mt6735/include/mach/upmu_common.h:7:0,
                 from drivers/misc/mediatek/mach/mt6735/mt_cpufreq.c:61:
/home/satory-ra/Android/kernel/android_kernel_oukitel_orange/drivers/misc/mediatek/mach/mt6735/include/mach/upmu_hw.h:627:0: note: this is the location of the previous definition
 #define MT6328_AUXADC_ADC20          ((MT6328_PMIC_REG_BASE+0x0E28))
 ^
In file included from drivers/misc/mediatek/mach/mt6735/mt_cpufreq.c:64:0:
/home/satory-ra/Android/kernel/android_kernel_oukitel_orange/drivers/misc/mediatek/pmic_wrap/mt6735/pwrap_hal.h:1005:0: warning: "MT6328_AUXADC_ADC21" redefined
 #define MT6328_AUXADC_ADC21          ((UINT32)(MT6328_PMIC_REG_BASE+0x0E2A))
 ^
In file included from /home/satory-ra/Android/kernel/android_kernel_oukitel_orange/drivers/misc/mediatek/mach/mt6735/include/mach/upmu_common.h:7:0,
                 from drivers/misc/mediatek/mach/mt6735/mt_cpufreq.c:61:
/home/satory-ra/Android/kernel/android_kernel_oukitel_orange/drivers/misc/mediatek/mach/mt6735/include/mach/upmu_hw.h:628:0: note: this is the location of the previous definition
 #define MT6328_AUXADC_ADC21          ((MT6328_PMIC_REG_BASE+0x0E2A))
 ^
In file included from drivers/misc/mediatek/mach/mt6735/mt_cpufreq.c:64:0:
/home/satory-ra/Android/kernel/android_kernel_oukitel_orange/drivers/misc/mediatek/pmic_wrap/mt6735/pwrap_hal.h:1006:0: warning: "MT6328_AUXADC_ADC22" redefined
 #define MT6328_AUXADC_ADC22          ((UINT32)(MT6328_PMIC_REG_BASE+0x0E2C))
 ^
In file included from /home/satory-ra/Android/kernel/android_kernel_oukitel_orange/drivers/misc/mediatek/mach/mt6735/include/mach/upmu_common.h:7:0,
                 from drivers/misc/mediatek/mach/mt6735/mt_cpufreq.c:61:
/home/satory-ra/Android/kernel/android_kernel_oukitel_orange/drivers/misc/mediatek/mach/mt6735/include/mach/upmu_hw.h:629:0: note: this is the location of the previous definition
 #define MT6328_AUXADC_ADC22          ((MT6328_PMIC_REG_BASE+0x0E2C))
 ^
In file included from drivers/misc/mediatek/mach/mt6735/mt_cpufreq.c:64:0:
/home/satory-ra/Android/kernel/android_kernel_oukitel_orange/drivers/misc/mediatek/pmic_wrap/mt6735/pwrap_hal.h:1007:0: warning: "MT6328_AUXADC_ADC23" redefined
 #define MT6328_AUXADC_ADC23          ((UINT32)(MT6328_PMIC_REG_BASE+0x0E2E))
 ^
In file included from /home/satory-ra/Android/kernel/android_kernel_oukitel_orange/drivers/misc/mediatek/mach/mt6735/include/mach/upmu_common.h:7:0,
                 from drivers/misc/mediatek/mach/mt6735/mt_cpufreq.c:61:
/home/satory-ra/Android/kernel/android_kernel_oukitel_orange/drivers/misc/mediatek/mach/mt6735/include/mach/upmu_hw.h:630:0: note: this is the location of the previous definition
 #define MT6328_AUXADC_ADC23          ((MT6328_PMIC_REG_BASE+0x0E2E))
 ^
In file included from drivers/misc/mediatek/mach/mt6735/mt_cpufreq.c:64:0:
/home/satory-ra/Android/kernel/android_kernel_oukitel_orange/drivers/misc/mediatek/pmic_wrap/mt6735/pwrap_hal.h:1008:0: warning: "MT6328_AUXADC_ADC24" redefined
 #define MT6328_AUXADC_ADC24          ((UINT32)(MT6328_PMIC_REG_BASE+0x0E30))
 ^
In file included from /home/satory-ra/Android/kernel/android_kernel_oukitel_orange/drivers/misc/mediatek/mach/mt6735/include/mach/upmu_common.h:7:0,
                 from drivers/misc/mediatek/mach/mt6735/mt_cpufreq.c:61:
/home/satory-ra/Android/kernel/android_kernel_oukitel_orange/drivers/misc/mediatek/mach/mt6735/include/mach/upmu_hw.h:631:0: note: this is the location of the previous definition
 #define MT6328_AUXADC_ADC24          ((MT6328_PMIC_REG_BASE+0x0E30))
 ^
In file included from drivers/misc/mediatek/mach/mt6735/mt_cpufreq.c:64:0:
/home/satory-ra/Android/kernel/android_kernel_oukitel_orange/drivers/misc/mediatek/pmic_wrap/mt6735/pwrap_hal.h:1009:0: warning: "MT6328_AUXADC_ADC25" redefined
 #define MT6328_AUXADC_ADC25          ((UINT32)(MT6328_PMIC_REG_BASE+0x0E32))
 ^
In file included from /home/satory-ra/Android/kernel/android_kernel_oukitel_orange/drivers/misc/mediatek/mach/mt6735/include/mach/upmu_common.h:7:0,
                 from drivers/misc/mediatek/mach/mt6735/mt_cpufreq.c:61:
/home/satory-ra/Android/kernel/android_kernel_oukitel_orange/drivers/misc/mediatek/mach/mt6735/include/mach/upmu_hw.h:632:0: note: this is the location of the previous definition
 #define MT6328_AUXADC_ADC25          ((MT6328_PMIC_REG_BASE+0x0E32))
 ^
In file included from drivers/misc/mediatek/mach/mt6735/mt_cpufreq.c:64:0:
/home/satory-ra/Android/kernel/android_kernel_oukitel_orange/drivers/misc/mediatek/pmic_wrap/mt6735/pwrap_hal.h:1010:0: warning: "MT6328_AUXADC_ADC26" redefined
 #define MT6328_AUXADC_ADC26          ((UINT32)(MT6328_PMIC_REG_BASE+0x0E34))
 ^
In file included from /home/satory-ra/Android/kernel/android_kernel_oukitel_orange/drivers/misc/mediatek/mach/mt6735/include/mach/upmu_common.h:7:0,
                 from drivers/misc/mediatek/mach/mt6735/mt_cpufreq.c:61:
/home/satory-ra/Android/kernel/android_kernel_oukitel_orange/drivers/misc/mediatek/mach/mt6735/include/mach/upmu_hw.h:633:0: note: this is the location of the previous definition
 #define MT6328_AUXADC_ADC26          ((MT6328_PMIC_REG_BASE+0x0E34))
 ^
In file included from drivers/misc/mediatek/mach/mt6735/mt_cpufreq.c:64:0:
/home/satory-ra/Android/kernel/android_kernel_oukitel_orange/drivers/misc/mediatek/pmic_wrap/mt6735/pwrap_hal.h:1011:0: warning: "MT6328_AUXADC_ADC27" redefined
 #define MT6328_AUXADC_ADC27          ((UINT32)(MT6328_PMIC_REG_BASE+0x0E36))
 ^
In file included from /home/satory-ra/Android/kernel/android_kernel_oukitel_orange/drivers/misc/mediatek/mach/mt6735/include/mach/upmu_common.h:7:0,
                 from drivers/misc/mediatek/mach/mt6735/mt_cpufreq.c:61:
/home/satory-ra/Android/kernel/android_kernel_oukitel_orange/drivers/misc/mediatek/mach/mt6735/include/mach/upmu_hw.h:634:0: note: this is the location of the previous definition
 #define MT6328_AUXADC_ADC27          ((MT6328_PMIC_REG_BASE+0x0E36))
 ^
In file included from drivers/misc/mediatek/mach/mt6735/mt_cpufreq.c:64:0:
/home/satory-ra/Android/kernel/android_kernel_oukitel_orange/drivers/misc/mediatek/pmic_wrap/mt6735/pwrap_hal.h:1012:0: warning: "MT6328_AUXADC_ADC28" redefined
 #define MT6328_AUXADC_ADC28          ((UINT32)(MT6328_PMIC_REG_BASE+0x0E38))
 ^
In file included from /home/satory-ra/Android/kernel/android_kernel_oukitel_orange/drivers/misc/mediatek/mach/mt6735/include/mach/upmu_common.h:7:0,
                 from drivers/misc/mediatek/mach/mt6735/mt_cpufreq.c:61:
/home/satory-ra/Android/kernel/android_kernel_oukitel_orange/drivers/misc/mediatek/mach/mt6735/include/mach/upmu_hw.h:635:0: note: this is the location of the previous definition
 #define MT6328_AUXADC_ADC28          ((MT6328_PMIC_REG_BASE+0x0E38))
 ^
In file included from drivers/misc/mediatek/mach/mt6735/mt_cpufreq.c:64:0:
/home/satory-ra/Android/kernel/android_kernel_oukitel_orange/drivers/misc/mediatek/pmic_wrap/mt6735/pwrap_hal.h:1013:0: warning: "MT6328_AUXADC_ADC29" redefined
 #define MT6328_AUXADC_ADC29          ((UINT32)(MT6328_PMIC_REG_BASE+0x0E3A))
 ^
In file included from /home/satory-ra/Android/kernel/android_kernel_oukitel_orange/drivers/misc/mediatek/mach/mt6735/include/mach/upmu_common.h:7:0,
                 from drivers/misc/mediatek/mach/mt6735/mt_cpufreq.c:61:
/home/satory-ra/Android/kernel/android_kernel_oukitel_orange/drivers/misc/mediatek/mach/mt6735/include/mach/upmu_hw.h:636:0: note: this is the location of the previous definition
 #define MT6328_AUXADC_ADC29          ((MT6328_PMIC_REG_BASE+0x0E3A))
 ^
In file included from drivers/misc/mediatek/mach/mt6735/mt_cpufreq.c:64:0:
/home/satory-ra/Android/kernel/android_kernel_oukitel_orange/drivers/misc/mediatek/pmic_wrap/mt6735/pwrap_hal.h:1014:0: warning: "MT6328_AUXADC_ADC30" redefined
 #define MT6328_AUXADC_ADC30          ((UINT32)(MT6328_PMIC_REG_BASE+0x0E3C))
 ^
In file included from /home/satory-ra/Android/kernel/android_kernel_oukitel_orange/drivers/misc/mediatek/mach/mt6735/include/mach/upmu_common.h:7:0,
                 from drivers/misc/mediatek/mach/mt6735/mt_cpufreq.c:61:
/home/satory-ra/Android/kernel/android_kernel_oukitel_orange/drivers/misc/mediatek/mach/mt6735/include/mach/upmu_hw.h:637:0: note: this is the location of the previous definition
 #define MT6328_AUXADC_ADC30          ((MT6328_PMIC_REG_BASE+0x0E3C))
 ^
In file included from drivers/misc/mediatek/mach/mt6735/mt_cpufreq.c:64:0:
/home/satory-ra/Android/kernel/android_kernel_oukitel_orange/drivers/misc/mediatek/pmic_wrap/mt6735/pwrap_hal.h:1015:0: warning: "MT6328_AUXADC_ADC31" redefined
 #define MT6328_AUXADC_ADC31          ((UINT32)(MT6328_PMIC_REG_BASE+0x0E3E))
 ^
In file included from /home/satory-ra/Android/kernel/android_kernel_oukitel_orange/drivers/misc/mediatek/mach/mt6735/include/mach/upmu_common.h:7:0,
                 from drivers/misc/mediatek/mach/mt6735/mt_cpufreq.c:61:
/home/satory-ra/Android/kernel/android_kernel_oukitel_orange/drivers/misc/mediatek/mach/mt6735/include/mach/upmu_hw.h:638:0: note: this is the location of the previous definition
 #define MT6328_AUXADC_ADC31          ((MT6328_PMIC_REG_BASE+0x0E3E))
 ^
In file included from drivers/misc/mediatek/mach/mt6735/mt_cpufreq.c:64:0:
/home/satory-ra/Android/kernel/android_kernel_oukitel_orange/drivers/misc/mediatek/pmic_wrap/mt6735/pwrap_hal.h:1016:0: warning: "MT6328_AUXADC_ADC32" redefined
 #define MT6328_AUXADC_ADC32          ((UINT32)(MT6328_PMIC_REG_BASE+0x0E40))
 ^
In file included from /home/satory-ra/Android/kernel/android_kernel_oukitel_orange/drivers/misc/mediatek/mach/mt6735/include/mach/upmu_common.h:7:0,
                 from drivers/misc/mediatek/mach/mt6735/mt_cpufreq.c:61:
/home/satory-ra/Android/kernel/android_kernel_oukitel_orange/drivers/misc/mediatek/mach/mt6735/include/mach/upmu_hw.h:639:0: note: this is the location of the previous definition
 #define MT6328_AUXADC_ADC32          ((MT6328_PMIC_REG_BASE+0x0E40))
 ^
In file included from drivers/misc/mediatek/mach/mt6735/mt_cpufreq.c:64:0:
/home/satory-ra/Android/kernel/android_kernel_oukitel_orange/drivers/misc/mediatek/pmic_wrap/mt6735/pwrap_hal.h:1017:0: warning: "MT6328_AUXADC_ADC33" redefined
 #define MT6328_AUXADC_ADC33          ((UINT32)(MT6328_PMIC_REG_BASE+0x0E42))
 ^
In file included from /home/satory-ra/Android/kernel/android_kernel_oukitel_orange/drivers/misc/mediatek/mach/mt6735/include/mach/upmu_common.h:7:0,
                 from drivers/misc/mediatek/mach/mt6735/mt_cpufreq.c:61:
/home/satory-ra/Android/kernel/android_kernel_oukitel_orange/drivers/misc/mediatek/mach/mt6735/include/mach/upmu_hw.h:640:0: note: this is the location of the previous definition
 #define MT6328_AUXADC_ADC33          ((MT6328_PMIC_REG_BASE+0x0E42))
 ^
In file included from drivers/misc/mediatek/mach/mt6735/mt_cpufreq.c:64:0:
/home/satory-ra/Android/kernel/android_kernel_oukitel_orange/drivers/misc/mediatek/pmic_wrap/mt6735/pwrap_hal.h:1018:0: warning: "MT6328_AUXADC_BUF0" redefined
 #define MT6328_AUXADC_BUF0           ((UINT32)(MT6328_PMIC_REG_BASE+0x0E44))
 ^
In file included from /home/satory-ra/Android/kernel/android_kernel_oukitel_orange/drivers/misc/mediatek/mach/mt6735/include/mach/upmu_common.h:7:0,
                 from drivers/misc/mediatek/mach/mt6735/mt_cpufreq.c:61:
/home/satory-ra/Android/kernel/android_kernel_oukitel_orange/drivers/misc/mediatek/mach/mt6735/include/mach/upmu_hw.h:641:0: note: this is the location of the previous definition
 #define MT6328_AUXADC_BUF0           ((MT6328_PMIC_REG_BASE+0x0E44))
 ^
In file included from drivers/misc/mediatek/mach/mt6735/mt_cpufreq.c:64:0:
/home/satory-ra/Android/kernel/android_kernel_oukitel_orange/drivers/misc/mediatek/pmic_wrap/mt6735/pwrap_hal.h:1019:0: warning: "MT6328_AUXADC_BUF1" redefined
 #define MT6328_AUXADC_BUF1           ((UINT32)(MT6328_PMIC_REG_BASE+0x0E46))
 ^
In file included from /home/satory-ra/Android/kernel/android_kernel_oukitel_orange/drivers/misc/mediatek/mach/mt6735/include/mach/upmu_common.h:7:0,
                 from drivers/misc/mediatek/mach/mt6735/mt_cpufreq.c:61:
/home/satory-ra/Android/kernel/android_kernel_oukitel_orange/drivers/misc/mediatek/mach/mt6735/include/mach/upmu_hw.h:642:0: note: this is the location of the previous definition
 #define MT6328_AUXADC_BUF1           ((MT6328_PMIC_REG_BASE+0x0E46))
 ^
In file included from drivers/misc/mediatek/mach/mt6735/mt_cpufreq.c:64:0:
/home/satory-ra/Android/kernel/android_kernel_oukitel_orange/drivers/misc/mediatek/pmic_wrap/mt6735/pwrap_hal.h:1020:0: warning: "MT6328_AUXADC_BUF2" redefined
 #define MT6328_AUXADC_BUF2           ((UINT32)(MT6328_PMIC_REG_BASE+0x0E48))
 ^
In file included from /home/satory-ra/Android/kernel/android_kernel_oukitel_orange/drivers/misc/mediatek/mach/mt6735/include/mach/upmu_common.h:7:0,
                 from drivers/misc/mediatek/mach/mt6735/mt_cpufreq.c:61:
/home/satory-ra/Android/kernel/android_kernel_oukitel_orange/drivers/misc/mediatek/mach/mt6735/include/mach/upmu_hw.h:643:0: note: this is the location of the previous definition
 #define MT6328_AUXADC_BUF2           ((MT6328_PMIC_REG_BASE+0x0E48))
 ^
In file included from drivers/misc/mediatek/mach/mt6735/mt_cpufreq.c:64:0:
/home/satory-ra/Android/kernel/android_kernel_oukitel_orange/drivers/misc/mediatek/pmic_wrap/mt6735/pwrap_hal.h:1021:0: warning: "MT6328_AUXADC_BUF3" redefined
 #define MT6328_AUXADC_BUF3           ((UINT32)(MT6328_PMIC_REG_BASE+0x0E4A))
 ^
In file included from /home/satory-ra/Android/kernel/android_kernel_oukitel_orange/drivers/misc/mediatek/mach/mt6735/include/mach/upmu_common.h:7:0,
                 from drivers/misc/mediatek/mach/mt6735/mt_cpufreq.c:61:
/home/satory-ra/Android/kernel/android_kernel_oukitel_orange/drivers/misc/mediatek/mach/mt6735/include/mach/upmu_hw.h:644:0: note: this is the location of the previous definition
 #define MT6328_AUXADC_BUF3           ((MT6328_PMIC_REG_BASE+0x0E4A))
 ^
In file included from drivers/misc/mediatek/mach/mt6735/mt_cpufreq.c:64:0:
/home/satory-ra/Android/kernel/android_kernel_oukitel_orange/drivers/misc/mediatek/pmic_wrap/mt6735/pwrap_hal.h:1022:0: warning: "MT6328_AUXADC_BUF4" redefined
 #define MT6328_AUXADC_BUF4           ((UINT32)(MT6328_PMIC_REG_BASE+0x0E4C))
 ^
In file included from /home/satory-ra/Android/kernel/android_kernel_oukitel_orange/drivers/misc/mediatek/mach/mt6735/include/mach/upmu_common.h:7:0,
                 from drivers/misc/mediatek/mach/mt6735/mt_cpufreq.c:61:
/home/satory-ra/Android/kernel/android_kernel_oukitel_orange/drivers/misc/mediatek/mach/mt6735/include/mach/upmu_hw.h:645:0: note: this is the location of the previous definition
 #define MT6328_AUXADC_BUF4           ((MT6328_PMIC_REG_BASE+0x0E4C))
 ^
In file included from drivers/misc/mediatek/mach/mt6735/mt_cpufreq.c:64:0:
/home/satory-ra/Android/kernel/android_kernel_oukitel_orange/drivers/misc/mediatek/pmic_wrap/mt6735/pwrap_hal.h:1023:0: warning: "MT6328_AUXADC_BUF5" redefined
 #define MT6328_AUXADC_BUF5           ((UINT32)(MT6328_PMIC_REG_BASE+0x0E4E))
 ^
In file included from /home/satory-ra/Android/kernel/android_kernel_oukitel_orange/drivers/misc/mediatek/mach/mt6735/include/mach/upmu_common.h:7:0,
                 from drivers/misc/mediatek/mach/mt6735/mt_cpufreq.c:61:
/home/satory-ra/Android/kernel/android_kernel_oukitel_orange/drivers/misc/mediatek/mach/mt6735/include/mach/upmu_hw.h:646:0: note: this is the location of the previous definition
 #define MT6328_AUXADC_BUF5           ((MT6328_PMIC_REG_BASE+0x0E4E))
 ^
In file included from drivers/misc/mediatek/mach/mt6735/mt_cpufreq.c:64:0:
/home/satory-ra/Android/kernel/android_kernel_oukitel_orange/drivers/misc/mediatek/pmic_wrap/mt6735/pwrap_hal.h:1024:0: warning: "MT6328_AUXADC_BUF6" redefined
 #define MT6328_AUXADC_BUF6           ((UINT32)(MT6328_PMIC_REG_BASE+0x0E50))
 ^
In file included from /home/satory-ra/Android/kernel/android_kernel_oukitel_orange/drivers/misc/mediatek/mach/mt6735/include/mach/upmu_common.h:7:0,
                 from drivers/misc/mediatek/mach/mt6735/mt_cpufreq.c:61:
/home/satory-ra/Android/kernel/android_kernel_oukitel_orange/drivers/misc/mediatek/mach/mt6735/include/mach/upmu_hw.h:647:0: note: this is the location of the previous definition
 #define MT6328_AUXADC_BUF6           ((MT6328_PMIC_REG_BASE+0x0E50))
 ^
In file included from drivers/misc/mediatek/mach/mt6735/mt_cpufreq.c:64:0:
/home/satory-ra/Android/kernel/android_kernel_oukitel_orange/drivers/misc/mediatek/pmic_wrap/mt6735/pwrap_hal.h:1025:0: warning: "MT6328_AUXADC_BUF7" redefined
 #define MT6328_AUXADC_BUF7           ((UINT32)(MT6328_PMIC_REG_BASE+0x0E52))
 ^
In file included from /home/satory-ra/Android/kernel/android_kernel_oukitel_orange/drivers/misc/mediatek/mach/mt6735/include/mach/upmu_common.h:7:0,
                 from drivers/misc/mediatek/mach/mt6735/mt_cpufreq.c:61:
/home/satory-ra/Android/kernel/android_kernel_oukitel_orange/drivers/misc/mediatek/mach/mt6735/include/mach/upmu_hw.h:648:0: note: this is the location of the previous definition
 #define MT6328_AUXADC_BUF7           ((MT6328_PMIC_REG_BASE+0x0E52))
 ^
In file included from drivers/misc/mediatek/mach/mt6735/mt_cpufreq.c:64:0:
/home/satory-ra/Android/kernel/android_kernel_oukitel_orange/drivers/misc/mediatek/pmic_wrap/mt6735/pwrap_hal.h:1026:0: warning: "MT6328_AUXADC_BUF8" redefined
 #define MT6328_AUXADC_BUF8           ((UINT32)(MT6328_PMIC_REG_BASE+0x0E54))
 ^
In file included from /home/satory-ra/Android/kernel/android_kernel_oukitel_orange/drivers/misc/mediatek/mach/mt6735/include/mach/upmu_common.h:7:0,
                 from drivers/misc/mediatek/mach/mt6735/mt_cpufreq.c:61:
/home/satory-ra/Android/kernel/android_kernel_oukitel_orange/drivers/misc/mediatek/mach/mt6735/include/mach/upmu_hw.h:649:0: note: this is the location of the previous definition
 #define MT6328_AUXADC_BUF8           ((MT6328_PMIC_REG_BASE+0x0E54))
 ^
In file included from drivers/misc/mediatek/mach/mt6735/mt_cpufreq.c:64:0:
/home/satory-ra/Android/kernel/android_kernel_oukitel_orange/drivers/misc/mediatek/pmic_wrap/mt6735/pwrap_hal.h:1027:0: warning: "MT6328_AUXADC_BUF9" redefined
 #define MT6328_AUXADC_BUF9           ((UINT32)(MT6328_PMIC_REG_BASE+0x0E56))
 ^
In file included from /home/satory-ra/Android/kernel/android_kernel_oukitel_orange/drivers/misc/mediatek/mach/mt6735/include/mach/upmu_common.h:7:0,
                 from drivers/misc/mediatek/mach/mt6735/mt_cpufreq.c:61:
/home/satory-ra/Android/kernel/android_kernel_oukitel_orange/drivers/misc/mediatek/mach/mt6735/include/mach/upmu_hw.h:650:0: note: this is the location of the previous definition
 #define MT6328_AUXADC_BUF9           ((MT6328_PMIC_REG_BASE+0x0E56))
 ^
In file included from drivers/misc/mediatek/mach/mt6735/mt_cpufreq.c:64:0:
/home/satory-ra/Android/kernel/android_kernel_oukitel_orange/drivers/misc/mediatek/pmic_wrap/mt6735/pwrap_hal.h:1028:0: warning: "MT6328_AUXADC_BUF10" redefined
 #define MT6328_AUXADC_BUF10          ((UINT32)(MT6328_PMIC_REG_BASE+0x0E58))
 ^
In file included from /home/satory-ra/Android/kernel/android_kernel_oukitel_orange/drivers/misc/mediatek/mach/mt6735/include/mach/upmu_common.h:7:0,
                 from drivers/misc/mediatek/mach/mt6735/mt_cpufreq.c:61:
/home/satory-ra/Android/kernel/android_kernel_oukitel_orange/drivers/misc/mediatek/mach/mt6735/include/mach/upmu_hw.h:651:0: note: this is the location of the previous definition
 #define MT6328_AUXADC_BUF10          ((MT6328_PMIC_REG_BASE+0x0E58))
 ^
In file included from drivers/misc/mediatek/mach/mt6735/mt_cpufreq.c:64:0:
/home/satory-ra/Android/kernel/android_kernel_oukitel_orange/drivers/misc/mediatek/pmic_wrap/mt6735/pwrap_hal.h:1029:0: warning: "MT6328_AUXADC_BUF11" redefined
 #define MT6328_AUXADC_BUF11          ((UINT32)(MT6328_PMIC_REG_BASE+0x0E5A))
 ^
In file included from /home/satory-ra/Android/kernel/android_kernel_oukitel_orange/drivers/misc/mediatek/mach/mt6735/include/mach/upmu_common.h:7:0,
                 from drivers/misc/mediatek/mach/mt6735/mt_cpufreq.c:61:
/home/satory-ra/Android/kernel/android_kernel_oukitel_orange/drivers/misc/mediatek/mach/mt6735/include/mach/upmu_hw.h:652:0: note: this is the location of the previous definition
 #define MT6328_AUXADC_BUF11          ((MT6328_PMIC_REG_BASE+0x0E5A))
 ^
In file included from drivers/misc/mediatek/mach/mt6735/mt_cpufreq.c:64:0:
/home/satory-ra/Android/kernel/android_kernel_oukitel_orange/drivers/misc/mediatek/pmic_wrap/mt6735/pwrap_hal.h:1030:0: warning: "MT6328_AUXADC_BUF12" redefined
 #define MT6328_AUXADC_BUF12          ((UINT32)(MT6328_PMIC_REG_BASE+0x0E5C))
 ^
In file included from /home/satory-ra/Android/kernel/android_kernel_oukitel_orange/drivers/misc/mediatek/mach/mt6735/include/mach/upmu_common.h:7:0,
                 from drivers/misc/mediatek/mach/mt6735/mt_cpufreq.c:61:
/home/satory-ra/Android/kernel/android_kernel_oukitel_orange/drivers/misc/mediatek/mach/mt6735/include/mach/upmu_hw.h:653:0: note: this is the location of the previous definition
 #define MT6328_AUXADC_BUF12          ((MT6328_PMIC_REG_BASE+0x0E5C))
 ^
In file included from drivers/misc/mediatek/mach/mt6735/mt_cpufreq.c:64:0:
/home/satory-ra/Android/kernel/android_kernel_oukitel_orange/drivers/misc/mediatek/pmic_wrap/mt6735/pwrap_hal.h:1031:0: warning: "MT6328_AUXADC_BUF13" redefined
 #define MT6328_AUXADC_BUF13          ((UINT32)(MT6328_PMIC_REG_BASE+0x0E5E))
 ^
In file included from /home/satory-ra/Android/kernel/android_kernel_oukitel_orange/drivers/misc/mediatek/mach/mt6735/include/mach/upmu_common.h:7:0,
                 from drivers/misc/mediatek/mach/mt6735/mt_cpufreq.c:61:
/home/satory-ra/Android/kernel/android_kernel_oukitel_orange/drivers/misc/mediatek/mach/mt6735/include/mach/upmu_hw.h:654:0: note: this is the location of the previous definition
 #define MT6328_AUXADC_BUF13          ((MT6328_PMIC_REG_BASE+0x0E5E))
 ^
In file included from drivers/misc/mediatek/mach/mt6735/mt_cpufreq.c:64:0:
/home/satory-ra/Android/kernel/android_kernel_oukitel_orange/drivers/misc/mediatek/pmic_wrap/mt6735/pwrap_hal.h:1032:0: warning: "MT6328_AUXADC_BUF14" redefined
 #define MT6328_AUXADC_BUF14          ((UINT32)(MT6328_PMIC_REG_BASE+0x0E60))
 ^
In file included from /home/satory-ra/Android/kernel/android_kernel_oukitel_orange/drivers/misc/mediatek/mach/mt6735/include/mach/upmu_common.h:7:0,
                 from drivers/misc/mediatek/mach/mt6735/mt_cpufreq.c:61:
/home/satory-ra/Android/kernel/android_kernel_oukitel_orange/drivers/misc/mediatek/mach/mt6735/include/mach/upmu_hw.h:655:0: note: this is the location of the previous definition
 #define MT6328_AUXADC_BUF14          ((MT6328_PMIC_REG_BASE+0x0E60))
 ^
In file included from drivers/misc/mediatek/mach/mt6735/mt_cpufreq.c:64:0:
/home/satory-ra/Android/kernel/android_kernel_oukitel_orange/drivers/misc/mediatek/pmic_wrap/mt6735/pwrap_hal.h:1033:0: warning: "MT6328_AUXADC_BUF15" redefined
 #define MT6328_AUXADC_BUF15          ((UINT32)(MT6328_PMIC_REG_BASE+0x0E62))
 ^
In file included from /home/satory-ra/Android/kernel/android_kernel_oukitel_orange/drivers/misc/mediatek/mach/mt6735/include/mach/upmu_common.h:7:0,
                 from drivers/misc/mediatek/mach/mt6735/mt_cpufreq.c:61:
/home/satory-ra/Android/kernel/android_kernel_oukitel_orange/drivers/misc/mediatek/mach/mt6735/include/mach/upmu_hw.h:656:0: note: this is the location of the previous definition
 #define MT6328_AUXADC_BUF15          ((MT6328_PMIC_REG_BASE+0x0E62))
 ^
In file included from drivers/misc/mediatek/mach/mt6735/mt_cpufreq.c:64:0:
/home/satory-ra/Android/kernel/android_kernel_oukitel_orange/drivers/misc/mediatek/pmic_wrap/mt6735/pwrap_hal.h:1034:0: warning: "MT6328_AUXADC_BUF16" redefined
 #define MT6328_AUXADC_BUF16          ((UINT32)(MT6328_PMIC_REG_BASE+0x0E64))
 ^
In file included from /home/satory-ra/Android/kernel/android_kernel_oukitel_orange/drivers/misc/mediatek/mach/mt6735/include/mach/upmu_common.h:7:0,
                 from drivers/misc/mediatek/mach/mt6735/mt_cpufreq.c:61:
/home/satory-ra/Android/kernel/android_kernel_oukitel_orange/drivers/misc/mediatek/mach/mt6735/include/mach/upmu_hw.h:657:0: note: this is the location of the previous definition
 #define MT6328_AUXADC_BUF16          ((MT6328_PMIC_REG_BASE+0x0E64))
 ^
In file included from drivers/misc/mediatek/mach/mt6735/mt_cpufreq.c:64:0:
/home/satory-ra/Android/kernel/android_kernel_oukitel_orange/drivers/misc/mediatek/pmic_wrap/mt6735/pwrap_hal.h:1035:0: warning: "MT6328_AUXADC_BUF17" redefined
 #define MT6328_AUXADC_BUF17          ((UINT32)(MT6328_PMIC_REG_BASE+0x0E66))
 ^
In file included from /home/satory-ra/Android/kernel/android_kernel_oukitel_orange/drivers/misc/mediatek/mach/mt6735/include/mach/upmu_common.h:7:0,
                 from drivers/misc/mediatek/mach/mt6735/mt_cpufreq.c:61:
/home/satory-ra/Android/kernel/android_kernel_oukitel_orange/drivers/misc/mediatek/mach/mt6735/include/mach/upmu_hw.h:658:0: note: this is the location of the previous definition
 #define MT6328_AUXADC_BUF17          ((MT6328_PMIC_REG_BASE+0x0E66))
 ^
In file included from drivers/misc/mediatek/mach/mt6735/mt_cpufreq.c:64:0:
/home/satory-ra/Android/kernel/android_kernel_oukitel_orange/drivers/misc/mediatek/pmic_wrap/mt6735/pwrap_hal.h:1036:0: warning: "MT6328_AUXADC_BUF18" redefined
 #define MT6328_AUXADC_BUF18          ((UINT32)(MT6328_PMIC_REG_BASE+0x0E68))
 ^
In file included from /home/satory-ra/Android/kernel/android_kernel_oukitel_orange/drivers/misc/mediatek/mach/mt6735/include/mach/upmu_common.h:7:0,
                 from drivers/misc/mediatek/mach/mt6735/mt_cpufreq.c:61:
/home/satory-ra/Android/kernel/android_kernel_oukitel_orange/drivers/misc/mediatek/mach/mt6735/include/mach/upmu_hw.h:659:0: note: this is the location of the previous definition
 #define MT6328_AUXADC_BUF18          ((MT6328_PMIC_REG_BASE+0x0E68))
 ^
In file included from drivers/misc/mediatek/mach/mt6735/mt_cpufreq.c:64:0:
/home/satory-ra/Android/kernel/android_kernel_oukitel_orange/drivers/misc/mediatek/pmic_wrap/mt6735/pwrap_hal.h:1037:0: warning: "MT6328_AUXADC_BUF19" redefined
 #define MT6328_AUXADC_BUF19          ((UINT32)(MT6328_PMIC_REG_BASE+0x0E6A))
 ^
In file included from /home/satory-ra/Android/kernel/android_kernel_oukitel_orange/drivers/misc/mediatek/mach/mt6735/include/mach/upmu_common.h:7:0,
                 from drivers/misc/mediatek/mach/mt6735/mt_cpufreq.c:61:
/home/satory-ra/Android/kernel/android_kernel_oukitel_orange/drivers/misc/mediatek/mach/mt6735/include/mach/upmu_hw.h:660:0: note: this is the location of the previous definition
 #define MT6328_AUXADC_BUF19          ((MT6328_PMIC_REG_BASE+0x0E6A))
 ^
In file included from drivers/misc/mediatek/mach/mt6735/mt_cpufreq.c:64:0:
/home/satory-ra/Android/kernel/android_kernel_oukitel_orange/drivers/misc/mediatek/pmic_wrap/mt6735/pwrap_hal.h:1038:0: warning: "MT6328_AUXADC_BUF20" redefined
 #define MT6328_AUXADC_BUF20          ((UINT32)(MT6328_PMIC_REG_BASE+0x0E6C))
 ^
In file included from /home/satory-ra/Android/kernel/android_kernel_oukitel_orange/drivers/misc/mediatek/mach/mt6735/include/mach/upmu_common.h:7:0,
                 from drivers/misc/mediatek/mach/mt6735/mt_cpufreq.c:61:
/home/satory-ra/Android/kernel/android_kernel_oukitel_orange/drivers/misc/mediatek/mach/mt6735/include/mach/upmu_hw.h:661:0: note: this is the location of the previous definition
 #define MT6328_AUXADC_BUF20          ((MT6328_PMIC_REG_BASE+0x0E6C))
 ^
In file included from drivers/misc/mediatek/mach/mt6735/mt_cpufreq.c:64:0:
/home/satory-ra/Android/kernel/android_kernel_oukitel_orange/drivers/misc/mediatek/pmic_wrap/mt6735/pwrap_hal.h:1039:0: warning: "MT6328_AUXADC_BUF21" redefined
 #define MT6328_AUXADC_BUF21          ((UINT32)(MT6328_PMIC_REG_BASE+0x0E6E))
 ^
In file included from /home/satory-ra/Android/kernel/android_kernel_oukitel_orange/drivers/misc/mediatek/mach/mt6735/include/mach/upmu_common.h:7:0,
                 from drivers/misc/mediatek/mach/mt6735/mt_cpufreq.c:61:
/home/satory-ra/Android/kernel/android_kernel_oukitel_orange/drivers/misc/mediatek/mach/mt6735/include/mach/upmu_hw.h:662:0: note: this is the location of the previous definition
 #define MT6328_AUXADC_BUF21          ((MT6328_PMIC_REG_BASE+0x0E6E))
 ^
In file included from drivers/misc/mediatek/mach/mt6735/mt_cpufreq.c:64:0:
/home/satory-ra/Android/kernel/android_kernel_oukitel_orange/drivers/misc/mediatek/pmic_wrap/mt6735/pwrap_hal.h:1040:0: warning: "MT6328_AUXADC_BUF22" redefined
 #define MT6328_AUXADC_BUF22          ((UINT32)(MT6328_PMIC_REG_BASE+0x0E70))
 ^
In file included from /home/satory-ra/Android/kernel/android_kernel_oukitel_orange/drivers/misc/mediatek/mach/mt6735/include/mach/upmu_common.h:7:0,
                 from drivers/misc/mediatek/mach/mt6735/mt_cpufreq.c:61:
/home/satory-ra/Android/kernel/android_kernel_oukitel_orange/drivers/misc/mediatek/mach/mt6735/include/mach/upmu_hw.h:663:0: note: this is the location of the previous definition
 #define MT6328_AUXADC_BUF22          ((MT6328_PMIC_REG_BASE+0x0E70))
 ^
In file included from drivers/misc/mediatek/mach/mt6735/mt_cpufreq.c:64:0:
/home/satory-ra/Android/kernel/android_kernel_oukitel_orange/drivers/misc/mediatek/pmic_wrap/mt6735/pwrap_hal.h:1041:0: warning: "MT6328_AUXADC_BUF23" redefined
 #define MT6328_AUXADC_BUF23          ((UINT32)(MT6328_PMIC_REG_BASE+0x0E72))
 ^
In file included from /home/satory-ra/Android/kernel/android_kernel_oukitel_orange/drivers/misc/mediatek/mach/mt6735/include/mach/upmu_common.h:7:0,
                 from drivers/misc/mediatek/mach/mt6735/mt_cpufreq.c:61:
/home/satory-ra/Android/kernel/android_kernel_oukitel_orange/drivers/misc/mediatek/mach/mt6735/include/mach/upmu_hw.h:664:0: note: this is the location of the previous definition
 #define MT6328_AUXADC_BUF23          ((MT6328_PMIC_REG_BASE+0x0E72))
 ^
In file included from drivers/misc/mediatek/mach/mt6735/mt_cpufreq.c:64:0:
/home/satory-ra/Android/kernel/android_kernel_oukitel_orange/drivers/misc/mediatek/pmic_wrap/mt6735/pwrap_hal.h:1042:0: warning: "MT6328_AUXADC_BUF24" redefined
 #define MT6328_AUXADC_BUF24          ((UINT32)(MT6328_PMIC_REG_BASE+0x0E74))
 ^
In file included from /home/satory-ra/Android/kernel/android_kernel_oukitel_orange/drivers/misc/mediatek/mach/mt6735/include/mach/upmu_common.h:7:0,
                 from drivers/misc/mediatek/mach/mt6735/mt_cpufreq.c:61:
/home/satory-ra/Android/kernel/android_kernel_oukitel_orange/drivers/misc/mediatek/mach/mt6735/include/mach/upmu_hw.h:665:0: note: this is the location of the previous definition
 #define MT6328_AUXADC_BUF24          ((MT6328_PMIC_REG_BASE+0x0E74))
 ^
In file included from drivers/misc/mediatek/mach/mt6735/mt_cpufreq.c:64:0:
/home/satory-ra/Android/kernel/android_kernel_oukitel_orange/drivers/misc/mediatek/pmic_wrap/mt6735/pwrap_hal.h:1043:0: warning: "MT6328_AUXADC_BUF25" redefined
 #define MT6328_AUXADC_BUF25          ((UINT32)(MT6328_PMIC_REG_BASE+0x0E76))
 ^
In file included from /home/satory-ra/Android/kernel/android_kernel_oukitel_orange/drivers/misc/mediatek/mach/mt6735/include/mach/upmu_common.h:7:0,
                 from drivers/misc/mediatek/mach/mt6735/mt_cpufreq.c:61:
/home/satory-ra/Android/kernel/android_kernel_oukitel_orange/drivers/misc/mediatek/mach/mt6735/include/mach/upmu_hw.h:666:0: note: this is the location of the previous definition
 #define MT6328_AUXADC_BUF25          ((MT6328_PMIC_REG_BASE+0x0E76))
 ^
In file included from drivers/misc/mediatek/mach/mt6735/mt_cpufreq.c:64:0:
/home/satory-ra/Android/kernel/android_kernel_oukitel_orange/drivers/misc/mediatek/pmic_wrap/mt6735/pwrap_hal.h:1044:0: warning: "MT6328_AUXADC_BUF26" redefined
 #define MT6328_AUXADC_BUF26          ((UINT32)(MT6328_PMIC_REG_BASE+0x0E78))
 ^
In file included from /home/satory-ra/Android/kernel/android_kernel_oukitel_orange/drivers/misc/mediatek/mach/mt6735/include/mach/upmu_common.h:7:0,
                 from drivers/misc/mediatek/mach/mt6735/mt_cpufreq.c:61:
/home/satory-ra/Android/kernel/android_kernel_oukitel_orange/drivers/misc/mediatek/mach/mt6735/include/mach/upmu_hw.h:667:0: note: this is the location of the previous definition
 #define MT6328_AUXADC_BUF26          ((MT6328_PMIC_REG_BASE+0x0E78))
 ^
In file included from drivers/misc/mediatek/mach/mt6735/mt_cpufreq.c:64:0:
/home/satory-ra/Android/kernel/android_kernel_oukitel_orange/drivers/misc/mediatek/pmic_wrap/mt6735/pwrap_hal.h:1045:0: warning: "MT6328_AUXADC_BUF27" redefined
 #define MT6328_AUXADC_BUF27          ((UINT32)(MT6328_PMIC_REG_BASE+0x0E7A))
 ^
In file included from /home/satory-ra/Android/kernel/android_kernel_oukitel_orange/drivers/misc/mediatek/mach/mt6735/include/mach/upmu_common.h:7:0,
                 from drivers/misc/mediatek/mach/mt6735/mt_cpufreq.c:61:
/home/satory-ra/Android/kernel/android_kernel_oukitel_orange/drivers/misc/mediatek/mach/mt6735/include/mach/upmu_hw.h:668:0: note: this is the location of the previous definition
 #define MT6328_AUXADC_BUF27          ((MT6328_PMIC_REG_BASE+0x0E7A))
 ^
In file included from drivers/misc/mediatek/mach/mt6735/mt_cpufreq.c:64:0:
/home/satory-ra/Android/kernel/android_kernel_oukitel_orange/drivers/misc/mediatek/pmic_wrap/mt6735/pwrap_hal.h:1046:0: warning: "MT6328_AUXADC_BUF28" redefined
 #define MT6328_AUXADC_BUF28          ((UINT32)(MT6328_PMIC_REG_BASE+0x0E7C))
 ^
In file included from /home/satory-ra/Android/kernel/android_kernel_oukitel_orange/drivers/misc/mediatek/mach/mt6735/include/mach/upmu_common.h:7:0,
                 from drivers/misc/mediatek/mach/mt6735/mt_cpufreq.c:61:
/home/satory-ra/Android/kernel/android_kernel_oukitel_orange/drivers/misc/mediatek/mach/mt6735/include/mach/upmu_hw.h:669:0: note: this is the location of the previous definition
 #define MT6328_AUXADC_BUF28          ((MT6328_PMIC_REG_BASE+0x0E7C))
 ^
In file included from drivers/misc/mediatek/mach/mt6735/mt_cpufreq.c:64:0:
/home/satory-ra/Android/kernel/android_kernel_oukitel_orange/drivers/misc/mediatek/pmic_wrap/mt6735/pwrap_hal.h:1047:0: warning: "MT6328_AUXADC_BUF29" redefined
 #define MT6328_AUXADC_BUF29          ((UINT32)(MT6328_PMIC_REG_BASE+0x0E7E))
 ^
In file included from /home/satory-ra/Android/kernel/android_kernel_oukitel_orange/drivers/misc/mediatek/mach/mt6735/include/mach/upmu_common.h:7:0,
                 from drivers/misc/mediatek/mach/mt6735/mt_cpufreq.c:61:
/home/satory-ra/Android/kernel/android_kernel_oukitel_orange/drivers/misc/mediatek/mach/mt6735/include/mach/upmu_hw.h:670:0: note: this is the location of the previous definition
 #define MT6328_AUXADC_BUF29          ((MT6328_PMIC_REG_BASE+0x0E7E))
 ^
In file included from drivers/misc/mediatek/mach/mt6735/mt_cpufreq.c:64:0:
/home/satory-ra/Android/kernel/android_kernel_oukitel_orange/drivers/misc/mediatek/pmic_wrap/mt6735/pwrap_hal.h:1048:0: warning: "MT6328_AUXADC_BUF30" redefined
 #define MT6328_AUXADC_BUF30          ((UINT32)(MT6328_PMIC_REG_BASE+0x0E80))
 ^
In file included from /home/satory-ra/Android/kernel/android_kernel_oukitel_orange/drivers/misc/mediatek/mach/mt6735/include/mach/upmu_common.h:7:0,
                 from drivers/misc/mediatek/mach/mt6735/mt_cpufreq.c:61:
/home/satory-ra/Android/kernel/android_kernel_oukitel_orange/drivers/misc/mediatek/mach/mt6735/include/mach/upmu_hw.h:671:0: note: this is the location of the previous definition
 #define MT6328_AUXADC_BUF30          ((MT6328_PMIC_REG_BASE+0x0E80))
 ^
In file included from drivers/misc/mediatek/mach/mt6735/mt_cpufreq.c:64:0:
/home/satory-ra/Android/kernel/android_kernel_oukitel_orange/drivers/misc/mediatek/pmic_wrap/mt6735/pwrap_hal.h:1049:0: warning: "MT6328_AUXADC_BUF31" redefined
 #define MT6328_AUXADC_BUF31          ((UINT32)(MT6328_PMIC_REG_BASE+0x0E82))
 ^
In file included from /home/satory-ra/Android/kernel/android_kernel_oukitel_orange/drivers/misc/mediatek/mach/mt6735/include/mach/upmu_common.h:7:0,
                 from drivers/misc/mediatek/mach/mt6735/mt_cpufreq.c:61:
/home/satory-ra/Android/kernel/android_kernel_oukitel_orange/drivers/misc/mediatek/mach/mt6735/include/mach/upmu_hw.h:672:0: note: this is the location of the previous definition
 #define MT6328_AUXADC_BUF31          ((MT6328_PMIC_REG_BASE+0x0E82))
 ^
In file included from drivers/misc/mediatek/mach/mt6735/mt_cpufreq.c:64:0:
/home/satory-ra/Android/kernel/android_kernel_oukitel_orange/drivers/misc/mediatek/pmic_wrap/mt6735/pwrap_hal.h:1050:0: warning: "MT6328_AUXADC_STA0" redefined
 #define MT6328_AUXADC_STA0           ((UINT32)(MT6328_PMIC_REG_BASE+0x0E84))
 ^
In file included from /home/satory-ra/Android/kernel/android_kernel_oukitel_orange/drivers/misc/mediatek/mach/mt6735/include/mach/upmu_common.h:7:0,
                 from drivers/misc/mediatek/mach/mt6735/mt_cpufreq.c:61:
/home/satory-ra/Android/kernel/android_kernel_oukitel_orange/drivers/misc/mediatek/mach/mt6735/include/mach/upmu_hw.h:673:0: note: this is the location of the previous definition
 #define MT6328_AUXADC_STA0           ((MT6328_PMIC_REG_BASE+0x0E84))
 ^
In file included from drivers/misc/mediatek/mach/mt6735/mt_cpufreq.c:64:0:
/home/satory-ra/Android/kernel/android_kernel_oukitel_orange/drivers/misc/mediatek/pmic_wrap/mt6735/pwrap_hal.h:1051:0: warning: "MT6328_AUXADC_STA1" redefined
 #define MT6328_AUXADC_STA1           ((UINT32)(MT6328_PMIC_REG_BASE+0x0E86))
 ^
In file included from /home/satory-ra/Android/kernel/android_kernel_oukitel_orange/drivers/misc/mediatek/mach/mt6735/include/mach/upmu_common.h:7:0,
                 from drivers/misc/mediatek/mach/mt6735/mt_cpufreq.c:61:
/home/satory-ra/Android/kernel/android_kernel_oukitel_orange/drivers/misc/mediatek/mach/mt6735/include/mach/upmu_hw.h:674:0: note: this is the location of the previous definition
 #define MT6328_AUXADC_STA1           ((MT6328_PMIC_REG_BASE+0x0E86))
 ^
In file included from drivers/misc/mediatek/mach/mt6735/mt_cpufreq.c:64:0:
/home/satory-ra/Android/kernel/android_kernel_oukitel_orange/drivers/misc/mediatek/pmic_wrap/mt6735/pwrap_hal.h:1052:0: warning: "MT6328_AUXADC_RQST0" redefined
 #define MT6328_AUXADC_RQST0          ((UINT32)(MT6328_PMIC_REG_BASE+0x0E88))
 ^
In file included from /home/satory-ra/Android/kernel/android_kernel_oukitel_orange/drivers/misc/mediatek/mach/mt6735/include/mach/upmu_common.h:7:0,
                 from drivers/misc/mediatek/mach/mt6735/mt_cpufreq.c:61:
/home/satory-ra/Android/kernel/android_kernel_oukitel_orange/drivers/misc/mediatek/mach/mt6735/include/mach/upmu_hw.h:675:0: note: this is the location of the previous definition
 #define MT6328_AUXADC_RQST0          ((MT6328_PMIC_REG_BASE+0x0E88))
 ^
In file included from drivers/misc/mediatek/mach/mt6735/mt_cpufreq.c:64:0:
/home/satory-ra/Android/kernel/android_kernel_oukitel_orange/drivers/misc/mediatek/pmic_wrap/mt6735/pwrap_hal.h:1053:0: warning: "MT6328_AUXADC_RQST0_SET" redefined
 #define MT6328_AUXADC_RQST0_SET      ((UINT32)(MT6328_PMIC_REG_BASE+0x0E8A))
 ^
In file included from /home/satory-ra/Android/kernel/android_kernel_oukitel_orange/drivers/misc/mediatek/mach/mt6735/include/mach/upmu_common.h:7:0,
                 from drivers/misc/mediatek/mach/mt6735/mt_cpufreq.c:61:
/home/satory-ra/Android/kernel/android_kernel_oukitel_orange/drivers/misc/mediatek/mach/mt6735/include/mach/upmu_hw.h:676:0: note: this is the location of the previous definition
 #define MT6328_AUXADC_RQST0_SET      ((MT6328_PMIC_REG_BASE+0x0E8A))
 ^
In file included from drivers/misc/mediatek/mach/mt6735/mt_cpufreq.c:64:0:
/home/satory-ra/Android/kernel/android_kernel_oukitel_orange/drivers/misc/mediatek/pmic_wrap/mt6735/pwrap_hal.h:1054:0: warning: "MT6328_AUXADC_RQST0_CLR" redefined
 #define MT6328_AUXADC_RQST0_CLR      ((UINT32)(MT6328_PMIC_REG_BASE+0x0E8C))
 ^
In file included from /home/satory-ra/Android/kernel/android_kernel_oukitel_orange/drivers/misc/mediatek/mach/mt6735/include/mach/upmu_common.h:7:0,
                 from drivers/misc/mediatek/mach/mt6735/mt_cpufreq.c:61:
/home/satory-ra/Android/kernel/android_kernel_oukitel_orange/drivers/misc/mediatek/mach/mt6735/include/mach/upmu_hw.h:677:0: note: this is the location of the previous definition
 #define MT6328_AUXADC_RQST0_CLR      ((MT6328_PMIC_REG_BASE+0x0E8C))
 ^
In file included from drivers/misc/mediatek/mach/mt6735/mt_cpufreq.c:64:0:
/home/satory-ra/Android/kernel/android_kernel_oukitel_orange/drivers/misc/mediatek/pmic_wrap/mt6735/pwrap_hal.h:1055:0: warning: "MT6328_AUXADC_RQST1" redefined
 #define MT6328_AUXADC_RQST1          ((UINT32)(MT6328_PMIC_REG_BASE+0x0E8E))
 ^
In file included from /home/satory-ra/Android/kernel/android_kernel_oukitel_orange/drivers/misc/mediatek/mach/mt6735/include/mach/upmu_common.h:7:0,
                 from drivers/misc/mediatek/mach/mt6735/mt_cpufreq.c:61:
/home/satory-ra/Android/kernel/android_kernel_oukitel_orange/drivers/misc/mediatek/mach/mt6735/include/mach/upmu_hw.h:678:0: note: this is the location of the previous definition
 #define MT6328_AUXADC_RQST1          ((MT6328_PMIC_REG_BASE+0x0E8E))
 ^
In file included from drivers/misc/mediatek/mach/mt6735/mt_cpufreq.c:64:0:
/home/satory-ra/Android/kernel/android_kernel_oukitel_orange/drivers/misc/mediatek/pmic_wrap/mt6735/pwrap_hal.h:1056:0: warning: "MT6328_AUXADC_RQST1_SET" redefined
 #define MT6328_AUXADC_RQST1_SET      ((UINT32)(MT6328_PMIC_REG_BASE+0x0E90))
 ^
In file included from /home/satory-ra/Android/kernel/android_kernel_oukitel_orange/drivers/misc/mediatek/mach/mt6735/include/mach/upmu_common.h:7:0,
                 from drivers/misc/mediatek/mach/mt6735/mt_cpufreq.c:61:
/home/satory-ra/Android/kernel/android_kernel_oukitel_orange/drivers/misc/mediatek/mach/mt6735/include/mach/upmu_hw.h:679:0: note: this is the location of the previous definition
 #define MT6328_AUXADC_RQST1_SET      ((MT6328_PMIC_REG_BASE+0x0E90))
 ^
In file included from drivers/misc/mediatek/mach/mt6735/mt_cpufreq.c:64:0:
/home/satory-ra/Android/kernel/android_kernel_oukitel_orange/drivers/misc/mediatek/pmic_wrap/mt6735/pwrap_hal.h:1057:0: warning: "MT6328_AUXADC_RQST1_CLR" redefined
 #define MT6328_AUXADC_RQST1_CLR      ((UINT32)(MT6328_PMIC_REG_BASE+0x0E92))
 ^
In file included from /home/satory-ra/Android/kernel/android_kernel_oukitel_orange/drivers/misc/mediatek/mach/mt6735/include/mach/upmu_common.h:7:0,
                 from drivers/misc/mediatek/mach/mt6735/mt_cpufreq.c:61:
/home/satory-ra/Android/kernel/android_kernel_oukitel_orange/drivers/misc/mediatek/mach/mt6735/include/mach/upmu_hw.h:680:0: note: this is the location of the previous definition
 #define MT6328_AUXADC_RQST1_CLR      ((MT6328_PMIC_REG_BASE+0x0E92))
 ^
In file included from drivers/misc/mediatek/mach/mt6735/mt_cpufreq.c:64:0:
/home/satory-ra/Android/kernel/android_kernel_oukitel_orange/drivers/misc/mediatek/pmic_wrap/mt6735/pwrap_hal.h:1058:0: warning: "MT6328_AUXADC_CON0" redefined
 #define MT6328_AUXADC_CON0           ((UINT32)(MT6328_PMIC_REG_BASE+0x0E94))
 ^
In file included from /home/satory-ra/Android/kernel/android_kernel_oukitel_orange/drivers/misc/mediatek/mach/mt6735/include/mach/upmu_common.h:7:0,
                 from drivers/misc/mediatek/mach/mt6735/mt_cpufreq.c:61:
/home/satory-ra/Android/kernel/android_kernel_oukitel_orange/drivers/misc/mediatek/mach/mt6735/include/mach/upmu_hw.h:681:0: note: this is the location of the previous definition
 #define MT6328_AUXADC_CON0           ((MT6328_PMIC_REG_BASE+0x0E94))
 ^
In file included from drivers/misc/mediatek/mach/mt6735/mt_cpufreq.c:64:0:
/home/satory-ra/Android/kernel/android_kernel_oukitel_orange/drivers/misc/mediatek/pmic_wrap/mt6735/pwrap_hal.h:1059:0: warning: "MT6328_AUXADC_CON0_SET" redefined
 #define MT6328_AUXADC_CON0_SET       ((UINT32)(MT6328_PMIC_REG_BASE+0x0E96))
 ^
In file included from /home/satory-ra/Android/kernel/android_kernel_oukitel_orange/drivers/misc/mediatek/mach/mt6735/include/mach/upmu_common.h:7:0,
                 from drivers/misc/mediatek/mach/mt6735/mt_cpufreq.c:61:
/home/satory-ra/Android/kernel/android_kernel_oukitel_orange/drivers/misc/mediatek/mach/mt6735/include/mach/upmu_hw.h:682:0: note: this is the location of the previous definition
 #define MT6328_AUXADC_CON0_SET       ((MT6328_PMIC_REG_BASE+0x0E96))
 ^
In file included from drivers/misc/mediatek/mach/mt6735/mt_cpufreq.c:64:0:
/home/satory-ra/Android/kernel/android_kernel_oukitel_orange/drivers/misc/mediatek/pmic_wrap/mt6735/pwrap_hal.h:1060:0: warning: "MT6328_AUXADC_CON0_CLR" redefined
 #define MT6328_AUXADC_CON0_CLR       ((UINT32)(MT6328_PMIC_REG_BASE+0x0E98))
 ^
In file included from /home/satory-ra/Android/kernel/android_kernel_oukitel_orange/drivers/misc/mediatek/mach/mt6735/include/mach/upmu_common.h:7:0,
                 from drivers/misc/mediatek/mach/mt6735/mt_cpufreq.c:61:
/home/satory-ra/Android/kernel/android_kernel_oukitel_orange/drivers/misc/mediatek/mach/mt6735/include/mach/upmu_hw.h:683:0: note: this is the location of the previous definition
 #define MT6328_AUXADC_CON0_CLR       ((MT6328_PMIC_REG_BASE+0x0E98))
 ^
In file included from drivers/misc/mediatek/mach/mt6735/mt_cpufreq.c:64:0:
/home/satory-ra/Android/kernel/android_kernel_oukitel_orange/drivers/misc/mediatek/pmic_wrap/mt6735/pwrap_hal.h:1061:0: warning: "MT6328_AUXADC_CON1" redefined
 #define MT6328_AUXADC_CON1           ((UINT32)(MT6328_PMIC_REG_BASE+0x0E9A))
 ^
In file included from /home/satory-ra/Android/kernel/android_kernel_oukitel_orange/drivers/misc/mediatek/mach/mt6735/include/mach/upmu_common.h:7:0,
                 from drivers/misc/mediatek/mach/mt6735/mt_cpufreq.c:61:
/home/satory-ra/Android/kernel/android_kernel_oukitel_orange/drivers/misc/mediatek/mach/mt6735/include/mach/upmu_hw.h:684:0: note: this is the location of the previous definition
 #define MT6328_AUXADC_CON1           ((MT6328_PMIC_REG_BASE+0x0E9A))
 ^
In file included from drivers/misc/mediatek/mach/mt6735/mt_cpufreq.c:64:0:
/home/satory-ra/Android/kernel/android_kernel_oukitel_orange/drivers/misc/mediatek/pmic_wrap/mt6735/pwrap_hal.h:1062:0: warning: "MT6328_AUXADC_CON2" redefined
 #define MT6328_AUXADC_CON2           ((UINT32)(MT6328_PMIC_REG_BASE+0x0E9C))
 ^
In file included from /home/satory-ra/Android/kernel/android_kernel_oukitel_orange/drivers/misc/mediatek/mach/mt6735/include/mach/upmu_common.h:7:0,
                 from drivers/misc/mediatek/mach/mt6735/mt_cpufreq.c:61:
/home/satory-ra/Android/kernel/android_kernel_oukitel_orange/drivers/misc/mediatek/mach/mt6735/include/mach/upmu_hw.h:685:0: note: this is the location of the previous definition
 #define MT6328_AUXADC_CON2           ((MT6328_PMIC_REG_BASE+0x0E9C))
 ^
In file included from drivers/misc/mediatek/mach/mt6735/mt_cpufreq.c:64:0:
/home/satory-ra/Android/kernel/android_kernel_oukitel_orange/drivers/misc/mediatek/pmic_wrap/mt6735/pwrap_hal.h:1063:0: warning: "MT6328_AUXADC_CON3" redefined
 #define MT6328_AUXADC_CON3           ((UINT32)(MT6328_PMIC_REG_BASE+0x0E9E))
 ^
In file included from /home/satory-ra/Android/kernel/android_kernel_oukitel_orange/drivers/misc/mediatek/mach/mt6735/include/mach/upmu_common.h:7:0,
                 from drivers/misc/mediatek/mach/mt6735/mt_cpufreq.c:61:
/home/satory-ra/Android/kernel/android_kernel_oukitel_orange/drivers/misc/mediatek/mach/mt6735/include/mach/upmu_hw.h:686:0: note: this is the location of the previous definition
 #define MT6328_AUXADC_CON3           ((MT6328_PMIC_REG_BASE+0x0E9E))
 ^
In file included from drivers/misc/mediatek/mach/mt6735/mt_cpufreq.c:64:0:
/home/satory-ra/Android/kernel/android_kernel_oukitel_orange/drivers/misc/mediatek/pmic_wrap/mt6735/pwrap_hal.h:1064:0: warning: "MT6328_AUXADC_CON4" redefined
 #define MT6328_AUXADC_CON4           ((UINT32)(MT6328_PMIC_REG_BASE+0x0EA0))
 ^
In file included from /home/satory-ra/Android/kernel/android_kernel_oukitel_orange/drivers/misc/mediatek/mach/mt6735/include/mach/upmu_common.h:7:0,
                 from drivers/misc/mediatek/mach/mt6735/mt_cpufreq.c:61:
/home/satory-ra/Android/kernel/android_kernel_oukitel_orange/drivers/misc/mediatek/mach/mt6735/include/mach/upmu_hw.h:687:0: note: this is the location of the previous definition
 #define MT6328_AUXADC_CON4           ((MT6328_PMIC_REG_BASE+0x0EA0))
 ^
In file included from drivers/misc/mediatek/mach/mt6735/mt_cpufreq.c:64:0:
/home/satory-ra/Android/kernel/android_kernel_oukitel_orange/drivers/misc/mediatek/pmic_wrap/mt6735/pwrap_hal.h:1065:0: warning: "MT6328_AUXADC_CON5" redefined
 #define MT6328_AUXADC_CON5           ((UINT32)(MT6328_PMIC_REG_BASE+0x0EA2))
 ^
In file included from /home/satory-ra/Android/kernel/android_kernel_oukitel_orange/drivers/misc/mediatek/mach/mt6735/include/mach/upmu_common.h:7:0,
                 from drivers/misc/mediatek/mach/mt6735/mt_cpufreq.c:61:
/home/satory-ra/Android/kernel/android_kernel_oukitel_orange/drivers/misc/mediatek/mach/mt6735/include/mach/upmu_hw.h:688:0: note: this is the location of the previous definition
 #define MT6328_AUXADC_CON5           ((MT6328_PMIC_REG_BASE+0x0EA2))
 ^
In file included from drivers/misc/mediatek/mach/mt6735/mt_cpufreq.c:64:0:
/home/satory-ra/Android/kernel/android_kernel_oukitel_orange/drivers/misc/mediatek/pmic_wrap/mt6735/pwrap_hal.h:1066:0: warning: "MT6328_AUXADC_CON6" redefined
 #define MT6328_AUXADC_CON6           ((UINT32)(MT6328_PMIC_REG_BASE+0x0EA4))
 ^
In file included from /home/satory-ra/Android/kernel/android_kernel_oukitel_orange/drivers/misc/mediatek/mach/mt6735/include/mach/upmu_common.h:7:0,
                 from drivers/misc/mediatek/mach/mt6735/mt_cpufreq.c:61:
/home/satory-ra/Android/kernel/android_kernel_oukitel_orange/drivers/misc/mediatek/mach/mt6735/include/mach/upmu_hw.h:689:0: note: this is the location of the previous definition
 #define MT6328_AUXADC_CON6           ((MT6328_PMIC_REG_BASE+0x0EA4))
 ^
In file included from drivers/misc/mediatek/mach/mt6735/mt_cpufreq.c:64:0:
/home/satory-ra/Android/kernel/android_kernel_oukitel_orange/drivers/misc/mediatek/pmic_wrap/mt6735/pwrap_hal.h:1067:0: warning: "MT6328_AUXADC_CON7" redefined
 #define MT6328_AUXADC_CON7           ((UINT32)(MT6328_PMIC_REG_BASE+0x0EA6))
 ^
In file included from drivers/video/modedb.c:16:0:
include/linux/fb.h:26:0: warning: "CONFIG_DMA_SHARED_BUFFER" redefined
 #define CONFIG_DMA_SHARED_BUFFER
 ^
In file included from /home/satory-ra/Android/kernel/android_kernel_oukitel_orange/drivers/misc/mediatek/mach/mt6735/include/mach/upmu_common.h:7:0,
                 from drivers/misc/mediatek/mach/mt6735/mt_cpufreq.c:61:
/home/satory-ra/Android/kernel/android_kernel_oukitel_orange/drivers/misc/mediatek/mach/mt6735/include/mach/upmu_hw.h:690:0: note: this is the location of the previous definition
 #define MT6328_AUXADC_CON7           ((MT6328_PMIC_REG_BASE+0x0EA6))
 ^
In file included from drivers/misc/mediatek/mach/mt6735/mt_cpufreq.c:64:0:
/home/satory-ra/Android/kernel/android_kernel_oukitel_orange/drivers/misc/mediatek/pmic_wrap/mt6735/pwrap_hal.h:1068:0: warning: "MT6328_AUXADC_CON8" redefined
 #define MT6328_AUXADC_CON8           ((UINT32)(MT6328_PMIC_REG_BASE+0x0EA8))
 ^
In file included from /home/satory-ra/Android/kernel/android_kernel_oukitel_orange/drivers/misc/mediatek/mach/mt6735/include/mach/upmu_common.h:7:0,
                 from drivers/misc/mediatek/mach/mt6735/mt_cpufreq.c:61:
/home/satory-ra/Android/kernel/android_kernel_oukitel_orange/drivers/misc/mediatek/mach/mt6735/include/mach/upmu_hw.h:691:0: note: this is the location of the previous definition
 #define MT6328_AUXADC_CON8           ((MT6328_PMIC_REG_BASE+0x0EA8))
 ^
In file included from drivers/misc/mediatek/mach/mt6735/mt_cpufreq.c:64:0:
/home/satory-ra/Android/kernel/android_kernel_oukitel_orange/drivers/misc/mediatek/pmic_wrap/mt6735/pwrap_hal.h:1069:0: warning: "MT6328_AUXADC_CON9" redefined
 #define MT6328_AUXADC_CON9           ((UINT32)(MT6328_PMIC_REG_BASE+0x0EAA))
 ^
In file included from /home/satory-ra/Android/kernel/android_kernel_oukitel_orange/drivers/misc/mediatek/mach/mt6735/include/mach/upmu_common.h:7:0,
                 from drivers/misc/mediatek/mach/mt6735/mt_cpufreq.c:61:
/home/satory-ra/Android/kernel/android_kernel_oukitel_orange/drivers/misc/mediatek/mach/mt6735/include/mach/upmu_hw.h:692:0: note: this is the location of the previous definition
 #define MT6328_AUXADC_CON9           ((MT6328_PMIC_REG_BASE+0x0EAA))
 ^
In file included from drivers/misc/mediatek/mach/mt6735/mt_cpufreq.c:64:0:
/home/satory-ra/Android/kernel/android_kernel_oukitel_orange/drivers/misc/mediatek/pmic_wrap/mt6735/pwrap_hal.h:1070:0: warning: "MT6328_AUXADC_CON10" redefined
 #define MT6328_AUXADC_CON10          ((UINT32)(MT6328_PMIC_REG_BASE+0x0EAC))
 ^
In file included from /home/satory-ra/Android/kernel/android_kernel_oukitel_orange/drivers/misc/mediatek/mach/mt6735/include/mach/upmu_common.h:7:0,
                 from drivers/misc/mediatek/mach/mt6735/mt_cpufreq.c:61:
/home/satory-ra/Android/kernel/android_kernel_oukitel_orange/drivers/misc/mediatek/mach/mt6735/include/mach/upmu_hw.h:693:0: note: this is the location of the previous definition
 #define MT6328_AUXADC_CON10          ((MT6328_PMIC_REG_BASE+0x0EAC))
 ^
In file included from drivers/misc/mediatek/mach/mt6735/mt_cpufreq.c:64:0:
/home/satory-ra/Android/kernel/android_kernel_oukitel_orange/drivers/misc/mediatek/pmic_wrap/mt6735/pwrap_hal.h:1071:0: warning: "MT6328_AUXADC_CON11" redefined
 #define MT6328_AUXADC_CON11          ((UINT32)(MT6328_PMIC_REG_BASE+0x0EAE))
 ^
In file included from /home/satory-ra/Android/kernel/android_kernel_oukitel_orange/drivers/misc/mediatek/mach/mt6735/include/mach/upmu_common.h:7:0,
                 from drivers/misc/mediatek/mach/mt6735/mt_cpufreq.c:61:
/home/satory-ra/Android/kernel/android_kernel_oukitel_orange/drivers/misc/mediatek/mach/mt6735/include/mach/upmu_hw.h:694:0: note: this is the location of the previous definition
 #define MT6328_AUXADC_CON11          ((MT6328_PMIC_REG_BASE+0x0EAE))
 ^
In file included from drivers/misc/mediatek/mach/mt6735/mt_cpufreq.c:64:0:
/home/satory-ra/Android/kernel/android_kernel_oukitel_orange/drivers/misc/mediatek/pmic_wrap/mt6735/pwrap_hal.h:1072:0: warning: "MT6328_AUXADC_CON12" redefined
 #define MT6328_AUXADC_CON12          ((UINT32)(MT6328_PMIC_REG_BASE+0x0EB0))
 ^
In file included from /home/satory-ra/Android/kernel/android_kernel_oukitel_orange/include/linux/kconfig.h:4:0,
                 from <command-line>:0:
include/generated/autoconf.h:920:0: note: this is the location of the previous definition
 #define CONFIG_DMA_SHARED_BUFFER 1
 ^
In file included from /home/satory-ra/Android/kernel/android_kernel_oukitel_orange/drivers/misc/mediatek/mach/mt6735/include/mach/upmu_common.h:7:0,
                 from drivers/misc/mediatek/mach/mt6735/mt_cpufreq.c:61:
/home/satory-ra/Android/kernel/android_kernel_oukitel_orange/drivers/misc/mediatek/mach/mt6735/include/mach/upmu_hw.h:695:0: note: this is the location of the previous definition
 #define MT6328_AUXADC_CON12          ((MT6328_PMIC_REG_BASE+0x0EB0))
 ^
In file included from drivers/misc/mediatek/mach/mt6735/mt_cpufreq.c:64:0:
/home/satory-ra/Android/kernel/android_kernel_oukitel_orange/drivers/misc/mediatek/pmic_wrap/mt6735/pwrap_hal.h:1073:0: warning: "MT6328_AUXADC_CON13" redefined
 #define MT6328_AUXADC_CON13          ((UINT32)(MT6328_PMIC_REG_BASE+0x0EB2))
 ^
In file included from /home/satory-ra/Android/kernel/android_kernel_oukitel_orange/drivers/misc/mediatek/mach/mt6735/include/mach/upmu_common.h:7:0,
                 from drivers/misc/mediatek/mach/mt6735/mt_cpufreq.c:61:
/home/satory-ra/Android/kernel/android_kernel_oukitel_orange/drivers/misc/mediatek/mach/mt6735/include/mach/upmu_hw.h:696:0: note: this is the location of the previous definition
 #define MT6328_AUXADC_CON13          ((MT6328_PMIC_REG_BASE+0x0EB2))
 ^
In file included from drivers/misc/mediatek/mach/mt6735/mt_cpufreq.c:64:0:
/home/satory-ra/Android/kernel/android_kernel_oukitel_orange/drivers/misc/mediatek/pmic_wrap/mt6735/pwrap_hal.h:1074:0: warning: "MT6328_AUXADC_CON14" redefined
 #define MT6328_AUXADC_CON14          ((UINT32)(MT6328_PMIC_REG_BASE+0x0EB4))
 ^
In file included from /home/satory-ra/Android/kernel/android_kernel_oukitel_orange/drivers/misc/mediatek/mach/mt6735/include/mach/upmu_common.h:7:0,
                 from drivers/misc/mediatek/mach/mt6735/mt_cpufreq.c:61:
/home/satory-ra/Android/kernel/android_kernel_oukitel_orange/drivers/misc/mediatek/mach/mt6735/include/mach/upmu_hw.h:697:0: note: this is the location of the previous definition
 #define MT6328_AUXADC_CON14          ((MT6328_PMIC_REG_BASE+0x0EB4))
 ^
In file included from drivers/misc/mediatek/mach/mt6735/mt_cpufreq.c:64:0:
/home/satory-ra/Android/kernel/android_kernel_oukitel_orange/drivers/misc/mediatek/pmic_wrap/mt6735/pwrap_hal.h:1075:0: warning: "MT6328_AUXADC_CON15" redefined
 #define MT6328_AUXADC_CON15          ((UINT32)(MT6328_PMIC_REG_BASE+0x0EB6))
 ^
In file included from /home/satory-ra/Android/kernel/android_kernel_oukitel_orange/drivers/misc/mediatek/mach/mt6735/include/mach/upmu_common.h:7:0,
                 from drivers/misc/mediatek/mach/mt6735/mt_cpufreq.c:61:
/home/satory-ra/Android/kernel/android_kernel_oukitel_orange/drivers/misc/mediatek/mach/mt6735/include/mach/upmu_hw.h:698:0: note: this is the location of the previous definition
 #define MT6328_AUXADC_CON15          ((MT6328_PMIC_REG_BASE+0x0EB6))
 ^
In file included from drivers/misc/mediatek/mach/mt6735/mt_cpufreq.c:64:0:
/home/satory-ra/Android/kernel/android_kernel_oukitel_orange/drivers/misc/mediatek/pmic_wrap/mt6735/pwrap_hal.h:1076:0: warning: "MT6328_AUXADC_CON16" redefined
 #define MT6328_AUXADC_CON16          ((UINT32)(MT6328_PMIC_REG_BASE+0x0EB8))
 ^
In file included from /home/satory-ra/Android/kernel/android_kernel_oukitel_orange/drivers/misc/mediatek/mach/mt6735/include/mach/upmu_common.h:7:0,
                 from drivers/misc/mediatek/mach/mt6735/mt_cpufreq.c:61:
/home/satory-ra/Android/kernel/android_kernel_oukitel_orange/drivers/misc/mediatek/mach/mt6735/include/mach/upmu_hw.h:699:0: note: this is the location of the previous definition
 #define MT6328_AUXADC_CON16          ((MT6328_PMIC_REG_BASE+0x0EB8))
 ^
In file included from drivers/misc/mediatek/mach/mt6735/mt_cpufreq.c:64:0:
/home/satory-ra/Android/kernel/android_kernel_oukitel_orange/drivers/misc/mediatek/pmic_wrap/mt6735/pwrap_hal.h:1077:0: warning: "MT6328_AUXADC_AUTORPT0" redefined
 #define MT6328_AUXADC_AUTORPT0       ((UINT32)(MT6328_PMIC_REG_BASE+0x0EBA))
 ^
In file included from /home/satory-ra/Android/kernel/android_kernel_oukitel_orange/drivers/misc/mediatek/mach/mt6735/include/mach/upmu_common.h:7:0,
                 from drivers/misc/mediatek/mach/mt6735/mt_cpufreq.c:61:
/home/satory-ra/Android/kernel/android_kernel_oukitel_orange/drivers/misc/mediatek/mach/mt6735/include/mach/upmu_hw.h:700:0: note: this is the location of the previous definition
 #define MT6328_AUXADC_AUTORPT0       ((MT6328_PMIC_REG_BASE+0x0EBA))
 ^
In file included from drivers/misc/mediatek/mach/mt6735/mt_cpufreq.c:64:0:
/home/satory-ra/Android/kernel/android_kernel_oukitel_orange/drivers/misc/mediatek/pmic_wrap/mt6735/pwrap_hal.h:1078:0: warning: "MT6328_AUXADC_LBAT0" redefined
 #define MT6328_AUXADC_LBAT0          ((UINT32)(MT6328_PMIC_REG_BASE+0x0EBC))
 ^
In file included from /home/satory-ra/Android/kernel/android_kernel_oukitel_orange/drivers/misc/mediatek/mach/mt6735/include/mach/upmu_common.h:7:0,
                 from drivers/misc/mediatek/mach/mt6735/mt_cpufreq.c:61:
/home/satory-ra/Android/kernel/android_kernel_oukitel_orange/drivers/misc/mediatek/mach/mt6735/include/mach/upmu_hw.h:701:0: note: this is the location of the previous definition
 #define MT6328_AUXADC_LBAT0          ((MT6328_PMIC_REG_BASE+0x0EBC))
 ^
In file included from drivers/misc/mediatek/mach/mt6735/mt_cpufreq.c:64:0:
/home/satory-ra/Android/kernel/android_kernel_oukitel_orange/drivers/misc/mediatek/pmic_wrap/mt6735/pwrap_hal.h:1079:0: warning: "MT6328_AUXADC_LBAT1" redefined
 #define MT6328_AUXADC_LBAT1          ((UINT32)(MT6328_PMIC_REG_BASE+0x0EBE))
 ^
In file included from /home/satory-ra/Android/kernel/android_kernel_oukitel_orange/drivers/misc/mediatek/mach/mt6735/include/mach/upmu_common.h:7:0,
                 from drivers/misc/mediatek/mach/mt6735/mt_cpufreq.c:61:
/home/satory-ra/Android/kernel/android_kernel_oukitel_orange/drivers/misc/mediatek/mach/mt6735/include/mach/upmu_hw.h:702:0: note: this is the location of the previous definition
 #define MT6328_AUXADC_LBAT1          ((MT6328_PMIC_REG_BASE+0x0EBE))
 ^
In file included from drivers/misc/mediatek/mach/mt6735/mt_cpufreq.c:64:0:
/home/satory-ra/Android/kernel/android_kernel_oukitel_orange/drivers/misc/mediatek/pmic_wrap/mt6735/pwrap_hal.h:1080:0: warning: "MT6328_AUXADC_LBAT2" redefined
 #define MT6328_AUXADC_LBAT2          ((UINT32)(MT6328_PMIC_REG_BASE+0x0EC0))
 ^
In file included from /home/satory-ra/Android/kernel/android_kernel_oukitel_orange/drivers/misc/mediatek/mach/mt6735/include/mach/upmu_common.h:7:0,
                 from drivers/misc/mediatek/mach/mt6735/mt_cpufreq.c:61:
/home/satory-ra/Android/kernel/android_kernel_oukitel_orange/drivers/misc/mediatek/mach/mt6735/include/mach/upmu_hw.h:703:0: note: this is the location of the previous definition
 #define MT6328_AUXADC_LBAT2          ((MT6328_PMIC_REG_BASE+0x0EC0))
 ^
In file included from drivers/misc/mediatek/mach/mt6735/mt_cpufreq.c:64:0:
/home/satory-ra/Android/kernel/android_kernel_oukitel_orange/drivers/misc/mediatek/pmic_wrap/mt6735/pwrap_hal.h:1081:0: warning: "MT6328_AUXADC_LBAT3" redefined
 #define MT6328_AUXADC_LBAT3          ((UINT32)(MT6328_PMIC_REG_BASE+0x0EC2))
 ^
In file included from /home/satory-ra/Android/kernel/android_kernel_oukitel_orange/drivers/misc/mediatek/mach/mt6735/include/mach/upmu_common.h:7:0,
                 from drivers/misc/mediatek/mach/mt6735/mt_cpufreq.c:61:
/home/satory-ra/Android/kernel/android_kernel_oukitel_orange/drivers/misc/mediatek/mach/mt6735/include/mach/upmu_hw.h:704:0: note: this is the location of the previous definition
 #define MT6328_AUXADC_LBAT3          ((MT6328_PMIC_REG_BASE+0x0EC2))
 ^
In file included from drivers/misc/mediatek/mach/mt6735/mt_cpufreq.c:64:0:
/home/satory-ra/Android/kernel/android_kernel_oukitel_orange/drivers/misc/mediatek/pmic_wrap/mt6735/pwrap_hal.h:1082:0: warning: "MT6328_AUXADC_LBAT4" redefined
 #define MT6328_AUXADC_LBAT4          ((UINT32)(MT6328_PMIC_REG_BASE+0x0EC4))
 ^
In file included from /home/satory-ra/Android/kernel/android_kernel_oukitel_orange/drivers/misc/mediatek/mach/mt6735/include/mach/upmu_common.h:7:0,
                 from drivers/misc/mediatek/mach/mt6735/mt_cpufreq.c:61:
/home/satory-ra/Android/kernel/android_kernel_oukitel_orange/drivers/misc/mediatek/mach/mt6735/include/mach/upmu_hw.h:705:0: note: this is the location of the previous definition
 #define MT6328_AUXADC_LBAT4          ((MT6328_PMIC_REG_BASE+0x0EC4))
 ^
In file included from drivers/misc/mediatek/mach/mt6735/mt_cpufreq.c:64:0:
/home/satory-ra/Android/kernel/android_kernel_oukitel_orange/drivers/misc/mediatek/pmic_wrap/mt6735/pwrap_hal.h:1083:0: warning: "MT6328_AUXADC_LBAT5" redefined
 #define MT6328_AUXADC_LBAT5          ((UINT32)(MT6328_PMIC_REG_BASE+0x0EC6))
 ^
In file included from /home/satory-ra/Android/kernel/android_kernel_oukitel_orange/drivers/misc/mediatek/mach/mt6735/include/mach/upmu_common.h:7:0,
                 from drivers/misc/mediatek/mach/mt6735/mt_cpufreq.c:61:
/home/satory-ra/Android/kernel/android_kernel_oukitel_orange/drivers/misc/mediatek/mach/mt6735/include/mach/upmu_hw.h:706:0: note: this is the location of the previous definition
 #define MT6328_AUXADC_LBAT5          ((MT6328_PMIC_REG_BASE+0x0EC6))
 ^
In file included from drivers/misc/mediatek/mach/mt6735/mt_cpufreq.c:64:0:
/home/satory-ra/Android/kernel/android_kernel_oukitel_orange/drivers/misc/mediatek/pmic_wrap/mt6735/pwrap_hal.h:1084:0: warning: "MT6328_AUXADC_LBAT6" redefined
 #define MT6328_AUXADC_LBAT6          ((UINT32)(MT6328_PMIC_REG_BASE+0x0EC8))
 ^
In file included from /home/satory-ra/Android/kernel/android_kernel_oukitel_orange/drivers/misc/mediatek/mach/mt6735/include/mach/upmu_common.h:7:0,
                 from drivers/misc/mediatek/mach/mt6735/mt_cpufreq.c:61:
/home/satory-ra/Android/kernel/android_kernel_oukitel_orange/drivers/misc/mediatek/mach/mt6735/include/mach/upmu_hw.h:707:0: note: this is the location of the previous definition
 #define MT6328_AUXADC_LBAT6          ((MT6328_PMIC_REG_BASE+0x0EC8))
 ^
In file included from drivers/misc/mediatek/mach/mt6735/mt_cpufreq.c:64:0:
/home/satory-ra/Android/kernel/android_kernel_oukitel_orange/drivers/misc/mediatek/pmic_wrap/mt6735/pwrap_hal.h:1085:0: warning: "MT6328_AUXADC_ACCDET" redefined
 #define MT6328_AUXADC_ACCDET         ((UINT32)(MT6328_PMIC_REG_BASE+0x0ECA))
 ^
In file included from /home/satory-ra/Android/kernel/android_kernel_oukitel_orange/drivers/misc/mediatek/mach/mt6735/include/mach/upmu_common.h:7:0,
                 from drivers/misc/mediatek/mach/mt6735/mt_cpufreq.c:61:
/home/satory-ra/Android/kernel/android_kernel_oukitel_orange/drivers/misc/mediatek/mach/mt6735/include/mach/upmu_hw.h:708:0: note: this is the location of the previous definition
 #define MT6328_AUXADC_ACCDET         ((MT6328_PMIC_REG_BASE+0x0ECA))
 ^
In file included from drivers/misc/mediatek/mach/mt6735/mt_cpufreq.c:64:0:
/home/satory-ra/Android/kernel/android_kernel_oukitel_orange/drivers/misc/mediatek/pmic_wrap/mt6735/pwrap_hal.h:1086:0: warning: "MT6328_AUXADC_THR0" redefined
 #define MT6328_AUXADC_THR0           ((UINT32)(MT6328_PMIC_REG_BASE+0x0ECC))
 ^
In file included from /home/satory-ra/Android/kernel/android_kernel_oukitel_orange/drivers/misc/mediatek/mach/mt6735/include/mach/upmu_common.h:7:0,
                 from drivers/misc/mediatek/mach/mt6735/mt_cpufreq.c:61:
/home/satory-ra/Android/kernel/android_kernel_oukitel_orange/drivers/misc/mediatek/mach/mt6735/include/mach/upmu_hw.h:709:0: note: this is the location of the previous definition
 #define MT6328_AUXADC_THR0           ((MT6328_PMIC_REG_BASE+0x0ECC))
 ^
In file included from drivers/misc/mediatek/mach/mt6735/mt_cpufreq.c:64:0:
/home/satory-ra/Android/kernel/android_kernel_oukitel_orange/drivers/misc/mediatek/pmic_wrap/mt6735/pwrap_hal.h:1087:0: warning: "MT6328_AUXADC_THR1" redefined
 #define MT6328_AUXADC_THR1           ((UINT32)(MT6328_PMIC_REG_BASE+0x0ECE))
 ^
In file included from /home/satory-ra/Android/kernel/android_kernel_oukitel_orange/drivers/misc/mediatek/mach/mt6735/include/mach/upmu_common.h:7:0,
                 from drivers/misc/mediatek/mach/mt6735/mt_cpufreq.c:61:
/home/satory-ra/Android/kernel/android_kernel_oukitel_orange/drivers/misc/mediatek/mach/mt6735/include/mach/upmu_hw.h:710:0: note: this is the location of the previous definition
 #define MT6328_AUXADC_THR1           ((MT6328_PMIC_REG_BASE+0x0ECE))
 ^
In file included from drivers/misc/mediatek/mach/mt6735/mt_cpufreq.c:64:0:
/home/satory-ra/Android/kernel/android_kernel_oukitel_orange/drivers/misc/mediatek/pmic_wrap/mt6735/pwrap_hal.h:1088:0: warning: "MT6328_AUXADC_THR2" redefined
 #define MT6328_AUXADC_THR2           ((UINT32)(MT6328_PMIC_REG_BASE+0x0ED0))
 ^
In file included from /home/satory-ra/Android/kernel/android_kernel_oukitel_orange/drivers/misc/mediatek/mach/mt6735/include/mach/upmu_common.h:7:0,
                 from drivers/misc/mediatek/mach/mt6735/mt_cpufreq.c:61:
/home/satory-ra/Android/kernel/android_kernel_oukitel_orange/drivers/misc/mediatek/mach/mt6735/include/mach/upmu_hw.h:711:0: note: this is the location of the previous definition
 #define MT6328_AUXADC_THR2           ((MT6328_PMIC_REG_BASE+0x0ED0))
 ^
In file included from drivers/misc/mediatek/mach/mt6735/mt_cpufreq.c:64:0:
/home/satory-ra/Android/kernel/android_kernel_oukitel_orange/drivers/misc/mediatek/pmic_wrap/mt6735/pwrap_hal.h:1089:0: warning: "MT6328_AUXADC_THR3" redefined
 #define MT6328_AUXADC_THR3           ((UINT32)(MT6328_PMIC_REG_BASE+0x0ED2))
 ^
In file included from /home/satory-ra/Android/kernel/android_kernel_oukitel_orange/drivers/misc/mediatek/mach/mt6735/include/mach/upmu_common.h:7:0,
                 from drivers/misc/mediatek/mach/mt6735/mt_cpufreq.c:61:
/home/satory-ra/Android/kernel/android_kernel_oukitel_orange/drivers/misc/mediatek/mach/mt6735/include/mach/upmu_hw.h:712:0: note: this is the location of the previous definition
 #define MT6328_AUXADC_THR3           ((MT6328_PMIC_REG_BASE+0x0ED2))
 ^
In file included from drivers/misc/mediatek/mach/mt6735/mt_cpufreq.c:64:0:
/home/satory-ra/Android/kernel/android_kernel_oukitel_orange/drivers/misc/mediatek/pmic_wrap/mt6735/pwrap_hal.h:1090:0: warning: "MT6328_AUXADC_THR4" redefined
 #define MT6328_AUXADC_THR4           ((UINT32)(MT6328_PMIC_REG_BASE+0x0ED4))
 ^
In file included from /home/satory-ra/Android/kernel/android_kernel_oukitel_orange/drivers/misc/mediatek/mach/mt6735/include/mach/upmu_common.h:7:0,
                 from drivers/misc/mediatek/mach/mt6735/mt_cpufreq.c:61:
/home/satory-ra/Android/kernel/android_kernel_oukitel_orange/drivers/misc/mediatek/mach/mt6735/include/mach/upmu_hw.h:713:0: note: this is the location of the previous definition
 #define MT6328_AUXADC_THR4           ((MT6328_PMIC_REG_BASE+0x0ED4))
 ^
In file included from drivers/misc/mediatek/mach/mt6735/mt_cpufreq.c:64:0:
/home/satory-ra/Android/kernel/android_kernel_oukitel_orange/drivers/misc/mediatek/pmic_wrap/mt6735/pwrap_hal.h:1091:0: warning: "MT6328_AUXADC_THR5" redefined
 #define MT6328_AUXADC_THR5           ((UINT32)(MT6328_PMIC_REG_BASE+0x0ED6))
 ^
In file included from /home/satory-ra/Android/kernel/android_kernel_oukitel_orange/drivers/misc/mediatek/mach/mt6735/include/mach/upmu_common.h:7:0,
                 from drivers/misc/mediatek/mach/mt6735/mt_cpufreq.c:61:
/home/satory-ra/Android/kernel/android_kernel_oukitel_orange/drivers/misc/mediatek/mach/mt6735/include/mach/upmu_hw.h:714:0: note: this is the location of the previous definition
 #define MT6328_AUXADC_THR5           ((MT6328_PMIC_REG_BASE+0x0ED6))
 ^
In file included from drivers/misc/mediatek/mach/mt6735/mt_cpufreq.c:64:0:
/home/satory-ra/Android/kernel/android_kernel_oukitel_orange/drivers/misc/mediatek/pmic_wrap/mt6735/pwrap_hal.h:1092:0: warning: "MT6328_AUXADC_THR6" redefined
 #define MT6328_AUXADC_THR6           ((UINT32)(MT6328_PMIC_REG_BASE+0x0ED8))
 ^
In file included from /home/satory-ra/Android/kernel/android_kernel_oukitel_orange/drivers/misc/mediatek/mach/mt6735/include/mach/upmu_common.h:7:0,
                 from drivers/misc/mediatek/mach/mt6735/mt_cpufreq.c:61:
/home/satory-ra/Android/kernel/android_kernel_oukitel_orange/drivers/misc/mediatek/mach/mt6735/include/mach/upmu_hw.h:715:0: note: this is the location of the previous definition
 #define MT6328_AUXADC_THR6           ((MT6328_PMIC_REG_BASE+0x0ED8))
 ^
In file included from drivers/misc/mediatek/mach/mt6735/mt_cpufreq.c:64:0:
/home/satory-ra/Android/kernel/android_kernel_oukitel_orange/drivers/misc/mediatek/pmic_wrap/mt6735/pwrap_hal.h:1093:0: warning: "MT6328_AUXADC_EFUSE0" redefined
 #define MT6328_AUXADC_EFUSE0         ((UINT32)(MT6328_PMIC_REG_BASE+0x0EDA))
 ^
In file included from /home/satory-ra/Android/kernel/android_kernel_oukitel_orange/drivers/misc/mediatek/mach/mt6735/include/mach/upmu_common.h:7:0,
                 from drivers/misc/mediatek/mach/mt6735/mt_cpufreq.c:61:
/home/satory-ra/Android/kernel/android_kernel_oukitel_orange/drivers/misc/mediatek/mach/mt6735/include/mach/upmu_hw.h:716:0: note: this is the location of the previous definition
 #define MT6328_AUXADC_EFUSE0         ((MT6328_PMIC_REG_BASE+0x0EDA))
 ^
In file included from drivers/misc/mediatek/mach/mt6735/mt_cpufreq.c:64:0:
/home/satory-ra/Android/kernel/android_kernel_oukitel_orange/drivers/misc/mediatek/pmic_wrap/mt6735/pwrap_hal.h:1094:0: warning: "MT6328_AUXADC_EFUSE1" redefined
 #define MT6328_AUXADC_EFUSE1         ((UINT32)(MT6328_PMIC_REG_BASE+0x0EDC))
 ^
In file included from /home/satory-ra/Android/kernel/android_kernel_oukitel_orange/drivers/misc/mediatek/mach/mt6735/include/mach/upmu_common.h:7:0,
                 from drivers/misc/mediatek/mach/mt6735/mt_cpufreq.c:61:
/home/satory-ra/Android/kernel/android_kernel_oukitel_orange/drivers/misc/mediatek/mach/mt6735/include/mach/upmu_hw.h:717:0: note: this is the location of the previous definition
 #define MT6328_AUXADC_EFUSE1         ((MT6328_PMIC_REG_BASE+0x0EDC))
 ^
In file included from drivers/misc/mediatek/mach/mt6735/mt_cpufreq.c:64:0:
/home/satory-ra/Android/kernel/android_kernel_oukitel_orange/drivers/misc/mediatek/pmic_wrap/mt6735/pwrap_hal.h:1095:0: warning: "MT6328_AUXADC_EFUSE2" redefined
 #define MT6328_AUXADC_EFUSE2         ((UINT32)(MT6328_PMIC_REG_BASE+0x0EDE))
 ^
In file included from /home/satory-ra/Android/kernel/android_kernel_oukitel_orange/drivers/misc/mediatek/mach/mt6735/include/mach/upmu_common.h:7:0,
                 from drivers/misc/mediatek/mach/mt6735/mt_cpufreq.c:61:
/home/satory-ra/Android/kernel/android_kernel_oukitel_orange/drivers/misc/mediatek/mach/mt6735/include/mach/upmu_hw.h:718:0: note: this is the location of the previous definition
 #define MT6328_AUXADC_EFUSE2         ((MT6328_PMIC_REG_BASE+0x0EDE))
 ^
In file included from drivers/misc/mediatek/mach/mt6735/mt_cpufreq.c:64:0:
/home/satory-ra/Android/kernel/android_kernel_oukitel_orange/drivers/misc/mediatek/pmic_wrap/mt6735/pwrap_hal.h:1096:0: warning: "MT6328_AUXADC_EFUSE3" redefined
 #define MT6328_AUXADC_EFUSE3         ((UINT32)(MT6328_PMIC_REG_BASE+0x0EE0))
 ^
In file included from /home/satory-ra/Android/kernel/android_kernel_oukitel_orange/drivers/misc/mediatek/mach/mt6735/include/mach/upmu_common.h:7:0,
                 from drivers/misc/mediatek/mach/mt6735/mt_cpufreq.c:61:
/home/satory-ra/Android/kernel/android_kernel_oukitel_orange/drivers/misc/mediatek/mach/mt6735/include/mach/upmu_hw.h:719:0: note: this is the location of the previous definition
 #define MT6328_AUXADC_EFUSE3         ((MT6328_PMIC_REG_BASE+0x0EE0))
 ^
In file included from drivers/misc/mediatek/mach/mt6735/mt_cpufreq.c:64:0:
/home/satory-ra/Android/kernel/android_kernel_oukitel_orange/drivers/misc/mediatek/pmic_wrap/mt6735/pwrap_hal.h:1097:0: warning: "MT6328_AUXADC_EFUSE4" redefined
 #define MT6328_AUXADC_EFUSE4         ((UINT32)(MT6328_PMIC_REG_BASE+0x0EE2))
 ^
In file included from /home/satory-ra/Android/kernel/android_kernel_oukitel_orange/drivers/misc/mediatek/mach/mt6735/include/mach/upmu_common.h:7:0,
                 from drivers/misc/mediatek/mach/mt6735/mt_cpufreq.c:61:
/home/satory-ra/Android/kernel/android_kernel_oukitel_orange/drivers/misc/mediatek/mach/mt6735/include/mach/upmu_hw.h:720:0: note: this is the location of the previous definition
 #define MT6328_AUXADC_EFUSE4         ((MT6328_PMIC_REG_BASE+0x0EE2))
 ^
In file included from drivers/misc/mediatek/mach/mt6735/mt_cpufreq.c:64:0:
/home/satory-ra/Android/kernel/android_kernel_oukitel_orange/drivers/misc/mediatek/pmic_wrap/mt6735/pwrap_hal.h:1098:0: warning: "MT6328_AUXADC_EFUSE5" redefined
 #define MT6328_AUXADC_EFUSE5         ((UINT32)(MT6328_PMIC_REG_BASE+0x0EE4))
 ^
In file included from /home/satory-ra/Android/kernel/android_kernel_oukitel_orange/drivers/misc/mediatek/mach/mt6735/include/mach/upmu_common.h:7:0,
                 from drivers/misc/mediatek/mach/mt6735/mt_cpufreq.c:61:
/home/satory-ra/Android/kernel/android_kernel_oukitel_orange/drivers/misc/mediatek/mach/mt6735/include/mach/upmu_hw.h:721:0: note: this is the location of the previous definition
 #define MT6328_AUXADC_EFUSE5         ((MT6328_PMIC_REG_BASE+0x0EE4))
 ^
In file included from drivers/misc/mediatek/mach/mt6735/mt_cpufreq.c:64:0:
/home/satory-ra/Android/kernel/android_kernel_oukitel_orange/drivers/misc/mediatek/pmic_wrap/mt6735/pwrap_hal.h:1099:0: warning: "MT6328_AUXADC_DBG0" redefined
 #define MT6328_AUXADC_DBG0           ((UINT32)(MT6328_PMIC_REG_BASE+0x0EE6))
 ^
In file included from /home/satory-ra/Android/kernel/android_kernel_oukitel_orange/drivers/misc/mediatek/mach/mt6735/include/mach/upmu_common.h:7:0,
                 from drivers/misc/mediatek/mach/mt6735/mt_cpufreq.c:61:
/home/satory-ra/Android/kernel/android_kernel_oukitel_orange/drivers/misc/mediatek/mach/mt6735/include/mach/upmu_hw.h:722:0: note: this is the location of the previous definition
 #define MT6328_AUXADC_DBG0           ((MT6328_PMIC_REG_BASE+0x0EE6))
 ^
In file included from drivers/misc/mediatek/mach/mt6735/mt_cpufreq.c:64:0:
/home/satory-ra/Android/kernel/android_kernel_oukitel_orange/drivers/misc/mediatek/pmic_wrap/mt6735/pwrap_hal.h:1100:0: warning: "MT6328_AUXADC_IMP0" redefined
 #define MT6328_AUXADC_IMP0           ((UINT32)(MT6328_PMIC_REG_BASE+0x0EE8))
 ^
In file included from /home/satory-ra/Android/kernel/android_kernel_oukitel_orange/drivers/misc/mediatek/mach/mt6735/include/mach/upmu_common.h:7:0,
                 from drivers/misc/mediatek/mach/mt6735/mt_cpufreq.c:61:
/home/satory-ra/Android/kernel/android_kernel_oukitel_orange/drivers/misc/mediatek/mach/mt6735/include/mach/upmu_hw.h:723:0: note: this is the location of the previous definition
 #define MT6328_AUXADC_IMP0           ((MT6328_PMIC_REG_BASE+0x0EE8))
 ^
In file included from drivers/misc/mediatek/mach/mt6735/mt_cpufreq.c:64:0:
/home/satory-ra/Android/kernel/android_kernel_oukitel_orange/drivers/misc/mediatek/pmic_wrap/mt6735/pwrap_hal.h:1101:0: warning: "MT6328_AUXADC_IMP1" redefined
 #define MT6328_AUXADC_IMP1           ((UINT32)(MT6328_PMIC_REG_BASE+0x0EEA))
 ^
In file included from /home/satory-ra/Android/kernel/android_kernel_oukitel_orange/drivers/misc/mediatek/mach/mt6735/include/mach/upmu_common.h:7:0,
                 from drivers/misc/mediatek/mach/mt6735/mt_cpufreq.c:61:
/home/satory-ra/Android/kernel/android_kernel_oukitel_orange/drivers/misc/mediatek/mach/mt6735/include/mach/upmu_hw.h:724:0: note: this is the location of the previous definition
 #define MT6328_AUXADC_IMP1           ((MT6328_PMIC_REG_BASE+0x0EEA))
 ^
In file included from drivers/misc/mediatek/mach/mt6735/mt_cpufreq.c:64:0:
/home/satory-ra/Android/kernel/android_kernel_oukitel_orange/drivers/misc/mediatek/pmic_wrap/mt6735/pwrap_hal.h:1102:0: warning: "MT6328_AUXADC_VISMPS0_1" redefined
 #define MT6328_AUXADC_VISMPS0_1      ((UINT32)(MT6328_PMIC_REG_BASE+0x0EEC))
 ^
In file included from /home/satory-ra/Android/kernel/android_kernel_oukitel_orange/drivers/misc/mediatek/mach/mt6735/include/mach/upmu_common.h:7:0,
                 from drivers/misc/mediatek/mach/mt6735/mt_cpufreq.c:61:
/home/satory-ra/Android/kernel/android_kernel_oukitel_orange/drivers/misc/mediatek/mach/mt6735/include/mach/upmu_hw.h:725:0: note: this is the location of the previous definition
 #define MT6328_AUXADC_VISMPS0_1      ((MT6328_PMIC_REG_BASE+0x0EEC))
 ^
In file included from drivers/misc/mediatek/mach/mt6735/mt_cpufreq.c:64:0:
/home/satory-ra/Android/kernel/android_kernel_oukitel_orange/drivers/misc/mediatek/pmic_wrap/mt6735/pwrap_hal.h:1103:0: warning: "MT6328_AUXADC_VISMPS0_2" redefined
 #define MT6328_AUXADC_VISMPS0_2      ((UINT32)(MT6328_PMIC_REG_BASE+0x0EEE))
 ^
In file included from /home/satory-ra/Android/kernel/android_kernel_oukitel_orange/drivers/misc/mediatek/mach/mt6735/include/mach/upmu_common.h:7:0,
                 from drivers/misc/mediatek/mach/mt6735/mt_cpufreq.c:61:
/home/satory-ra/Android/kernel/android_kernel_oukitel_orange/drivers/misc/mediatek/mach/mt6735/include/mach/upmu_hw.h:726:0: note: this is the location of the previous definition
 #define MT6328_AUXADC_VISMPS0_2      ((MT6328_PMIC_REG_BASE+0x0EEE))
 ^
In file included from drivers/misc/mediatek/mach/mt6735/mt_cpufreq.c:64:0:
/home/satory-ra/Android/kernel/android_kernel_oukitel_orange/drivers/misc/mediatek/pmic_wrap/mt6735/pwrap_hal.h:1104:0: warning: "MT6328_AUXADC_VISMPS0_3" redefined
 #define MT6328_AUXADC_VISMPS0_3      ((UINT32)(MT6328_PMIC_REG_BASE+0x0EF0))
 ^
In file included from /home/satory-ra/Android/kernel/android_kernel_oukitel_orange/drivers/misc/mediatek/mach/mt6735/include/mach/upmu_common.h:7:0,
                 from drivers/misc/mediatek/mach/mt6735/mt_cpufreq.c:61:
/home/satory-ra/Android/kernel/android_kernel_oukitel_orange/drivers/misc/mediatek/mach/mt6735/include/mach/upmu_hw.h:727:0: note: this is the location of the previous definition
 #define MT6328_AUXADC_VISMPS0_3      ((MT6328_PMIC_REG_BASE+0x0EF0))
 ^
In file included from drivers/misc/mediatek/mach/mt6735/mt_cpufreq.c:64:0:
/home/satory-ra/Android/kernel/android_kernel_oukitel_orange/drivers/misc/mediatek/pmic_wrap/mt6735/pwrap_hal.h:1105:0: warning: "MT6328_AUXADC_VISMPS0_4" redefined
 #define MT6328_AUXADC_VISMPS0_4      ((UINT32)(MT6328_PMIC_REG_BASE+0x0EF2))
 ^
In file included from /home/satory-ra/Android/kernel/android_kernel_oukitel_orange/drivers/misc/mediatek/mach/mt6735/include/mach/upmu_common.h:7:0,
                 from drivers/misc/mediatek/mach/mt6735/mt_cpufreq.c:61:
/home/satory-ra/Android/kernel/android_kernel_oukitel_orange/drivers/misc/mediatek/mach/mt6735/include/mach/upmu_hw.h:728:0: note: this is the location of the previous definition
 #define MT6328_AUXADC_VISMPS0_4      ((MT6328_PMIC_REG_BASE+0x0EF2))
 ^
In file included from drivers/misc/mediatek/mach/mt6735/mt_cpufreq.c:64:0:
/home/satory-ra/Android/kernel/android_kernel_oukitel_orange/drivers/misc/mediatek/pmic_wrap/mt6735/pwrap_hal.h:1106:0: warning: "MT6328_AUXADC_VISMPS0_5" redefined
 #define MT6328_AUXADC_VISMPS0_5      ((UINT32)(MT6328_PMIC_REG_BASE+0x0EF4))
 ^
In file included from /home/satory-ra/Android/kernel/android_kernel_oukitel_orange/drivers/misc/mediatek/mach/mt6735/include/mach/upmu_common.h:7:0,
                 from drivers/misc/mediatek/mach/mt6735/mt_cpufreq.c:61:
/home/satory-ra/Android/kernel/android_kernel_oukitel_orange/drivers/misc/mediatek/mach/mt6735/include/mach/upmu_hw.h:729:0: note: this is the location of the previous definition
 #define MT6328_AUXADC_VISMPS0_5      ((MT6328_PMIC_REG_BASE+0x0EF4))
 ^
In file included from drivers/misc/mediatek/mach/mt6735/mt_cpufreq.c:64:0:
/home/satory-ra/Android/kernel/android_kernel_oukitel_orange/drivers/misc/mediatek/pmic_wrap/mt6735/pwrap_hal.h:1107:0: warning: "MT6328_AUXADC_VISMPS0_6" redefined
 #define MT6328_AUXADC_VISMPS0_6      ((UINT32)(MT6328_PMIC_REG_BASE+0x0EF6))
 ^
In file included from /home/satory-ra/Android/kernel/android_kernel_oukitel_orange/drivers/misc/mediatek/mach/mt6735/include/mach/upmu_common.h:7:0,
                 from drivers/misc/mediatek/mach/mt6735/mt_cpufreq.c:61:
/home/satory-ra/Android/kernel/android_kernel_oukitel_orange/drivers/misc/mediatek/mach/mt6735/include/mach/upmu_hw.h:730:0: note: this is the location of the previous definition
 #define MT6328_AUXADC_VISMPS0_6      ((MT6328_PMIC_REG_BASE+0x0EF6))
 ^
In file included from drivers/misc/mediatek/mach/mt6735/mt_cpufreq.c:64:0:
/home/satory-ra/Android/kernel/android_kernel_oukitel_orange/drivers/misc/mediatek/pmic_wrap/mt6735/pwrap_hal.h:1108:0: warning: "MT6328_AUXADC_VISMPS0_7" redefined
 #define MT6328_AUXADC_VISMPS0_7      ((UINT32)(MT6328_PMIC_REG_BASE+0x0EF8))
 ^
In file included from /home/satory-ra/Android/kernel/android_kernel_oukitel_orange/drivers/misc/mediatek/mach/mt6735/include/mach/upmu_common.h:7:0,
                 from drivers/misc/mediatek/mach/mt6735/mt_cpufreq.c:61:
/home/satory-ra/Android/kernel/android_kernel_oukitel_orange/drivers/misc/mediatek/mach/mt6735/include/mach/upmu_hw.h:731:0: note: this is the location of the previous definition
 #define MT6328_AUXADC_VISMPS0_7      ((MT6328_PMIC_REG_BASE+0x0EF8))
 ^
In file included from drivers/misc/mediatek/mach/mt6735/mt_cpufreq.c:64:0:
/home/satory-ra/Android/kernel/android_kernel_oukitel_orange/drivers/misc/mediatek/pmic_wrap/mt6735/pwrap_hal.h:1109:0: warning: "MT6328_AUXADC_LBAT2_1" redefined
 #define MT6328_AUXADC_LBAT2_1        ((UINT32)(MT6328_PMIC_REG_BASE+0x0EFA))
 ^
In file included from /home/satory-ra/Android/kernel/android_kernel_oukitel_orange/drivers/misc/mediatek/mach/mt6735/include/mach/upmu_common.h:7:0,
                 from drivers/misc/mediatek/mach/mt6735/mt_cpufreq.c:61:
/home/satory-ra/Android/kernel/android_kernel_oukitel_orange/drivers/misc/mediatek/mach/mt6735/include/mach/upmu_hw.h:732:0: note: this is the location of the previous definition
 #define MT6328_AUXADC_LBAT2_1        ((MT6328_PMIC_REG_BASE+0x0EFA))
 ^
In file included from drivers/misc/mediatek/mach/mt6735/mt_cpufreq.c:64:0:
/home/satory-ra/Android/kernel/android_kernel_oukitel_orange/drivers/misc/mediatek/pmic_wrap/mt6735/pwrap_hal.h:1110:0: warning: "MT6328_AUXADC_LBAT2_2" redefined
 #define MT6328_AUXADC_LBAT2_2        ((UINT32)(MT6328_PMIC_REG_BASE+0x0EFC))
 ^
In file included from /home/satory-ra/Android/kernel/android_kernel_oukitel_orange/drivers/misc/mediatek/mach/mt6735/include/mach/upmu_common.h:7:0,
                 from drivers/misc/mediatek/mach/mt6735/mt_cpufreq.c:61:
/home/satory-ra/Android/kernel/android_kernel_oukitel_orange/drivers/misc/mediatek/mach/mt6735/include/mach/upmu_hw.h:733:0: note: this is the location of the previous definition
 #define MT6328_AUXADC_LBAT2_2        ((MT6328_PMIC_REG_BASE+0x0EFC))
 ^
In file included from drivers/misc/mediatek/mach/mt6735/mt_cpufreq.c:64:0:
/home/satory-ra/Android/kernel/android_kernel_oukitel_orange/drivers/misc/mediatek/pmic_wrap/mt6735/pwrap_hal.h:1111:0: warning: "MT6328_AUXADC_LBAT2_3" redefined
 #define MT6328_AUXADC_LBAT2_3        ((UINT32)(MT6328_PMIC_REG_BASE+0x0EFE))
 ^
In file included from /home/satory-ra/Android/kernel/android_kernel_oukitel_orange/drivers/misc/mediatek/mach/mt6735/include/mach/upmu_common.h:7:0,
                 from drivers/misc/mediatek/mach/mt6735/mt_cpufreq.c:61:
/home/satory-ra/Android/kernel/android_kernel_oukitel_orange/drivers/misc/mediatek/mach/mt6735/include/mach/upmu_hw.h:734:0: note: this is the location of the previous definition
 #define MT6328_AUXADC_LBAT2_3        ((MT6328_PMIC_REG_BASE+0x0EFE))
 ^
In file included from drivers/misc/mediatek/mach/mt6735/mt_cpufreq.c:64:0:
/home/satory-ra/Android/kernel/android_kernel_oukitel_orange/drivers/misc/mediatek/pmic_wrap/mt6735/pwrap_hal.h:1112:0: warning: "MT6328_AUXADC_LBAT2_4" redefined
 #define MT6328_AUXADC_LBAT2_4        ((UINT32)(MT6328_PMIC_REG_BASE+0x0F00))
 ^
In file included from /home/satory-ra/Android/kernel/android_kernel_oukitel_orange/drivers/misc/mediatek/mach/mt6735/include/mach/upmu_common.h:7:0,
                 from drivers/misc/mediatek/mach/mt6735/mt_cpufreq.c:61:
/home/satory-ra/Android/kernel/android_kernel_oukitel_orange/drivers/misc/mediatek/mach/mt6735/include/mach/upmu_hw.h:735:0: note: this is the location of the previous definition
 #define MT6328_AUXADC_LBAT2_4        ((MT6328_PMIC_REG_BASE+0x0F00))
 ^
In file included from drivers/misc/mediatek/mach/mt6735/mt_cpufreq.c:64:0:
/home/satory-ra/Android/kernel/android_kernel_oukitel_orange/drivers/misc/mediatek/pmic_wrap/mt6735/pwrap_hal.h:1113:0: warning: "MT6328_AUXADC_LBAT2_5" redefined
 #define MT6328_AUXADC_LBAT2_5        ((UINT32)(MT6328_PMIC_REG_BASE+0x0F02))
 ^
In file included from /home/satory-ra/Android/kernel/android_kernel_oukitel_orange/drivers/misc/mediatek/mach/mt6735/include/mach/upmu_common.h:7:0,
                 from drivers/misc/mediatek/mach/mt6735/mt_cpufreq.c:61:
/home/satory-ra/Android/kernel/android_kernel_oukitel_orange/drivers/misc/mediatek/mach/mt6735/include/mach/upmu_hw.h:736:0: note: this is the location of the previous definition
 #define MT6328_AUXADC_LBAT2_5        ((MT6328_PMIC_REG_BASE+0x0F02))
 ^
In file included from drivers/misc/mediatek/mach/mt6735/mt_cpufreq.c:64:0:
/home/satory-ra/Android/kernel/android_kernel_oukitel_orange/drivers/misc/mediatek/pmic_wrap/mt6735/pwrap_hal.h:1114:0: warning: "MT6328_AUXADC_LBAT2_6" redefined
 #define MT6328_AUXADC_LBAT2_6        ((UINT32)(MT6328_PMIC_REG_BASE+0x0F04))
 ^
In file included from /home/satory-ra/Android/kernel/android_kernel_oukitel_orange/drivers/misc/mediatek/mach/mt6735/include/mach/upmu_common.h:7:0,
                 from drivers/misc/mediatek/mach/mt6735/mt_cpufreq.c:61:
/home/satory-ra/Android/kernel/android_kernel_oukitel_orange/drivers/misc/mediatek/mach/mt6735/include/mach/upmu_hw.h:737:0: note: this is the location of the previous definition
 #define MT6328_AUXADC_LBAT2_6        ((MT6328_PMIC_REG_BASE+0x0F04))
 ^
In file included from drivers/misc/mediatek/mach/mt6735/mt_cpufreq.c:64:0:
/home/satory-ra/Android/kernel/android_kernel_oukitel_orange/drivers/misc/mediatek/pmic_wrap/mt6735/pwrap_hal.h:1115:0: warning: "MT6328_AUXADC_LBAT2_7" redefined
 #define MT6328_AUXADC_LBAT2_7        ((UINT32)(MT6328_PMIC_REG_BASE+0x0F06))
 ^
In file included from /home/satory-ra/Android/kernel/android_kernel_oukitel_orange/drivers/misc/mediatek/mach/mt6735/include/mach/upmu_common.h:7:0,
                 from drivers/misc/mediatek/mach/mt6735/mt_cpufreq.c:61:
/home/satory-ra/Android/kernel/android_kernel_oukitel_orange/drivers/misc/mediatek/mach/mt6735/include/mach/upmu_hw.h:738:0: note: this is the location of the previous definition
 #define MT6328_AUXADC_LBAT2_7        ((MT6328_PMIC_REG_BASE+0x0F06))
 ^
In file included from drivers/misc/mediatek/mach/mt6735/mt_cpufreq.c:64:0:
/home/satory-ra/Android/kernel/android_kernel_oukitel_orange/drivers/misc/mediatek/pmic_wrap/mt6735/pwrap_hal.h:1116:0: warning: "MT6328_AUXADC_MDBG_0" redefined
 #define MT6328_AUXADC_MDBG_0         ((UINT32)(MT6328_PMIC_REG_BASE+0x0F08))
 ^
In file included from /home/satory-ra/Android/kernel/android_kernel_oukitel_orange/drivers/misc/mediatek/mach/mt6735/include/mach/upmu_common.h:7:0,
                 from drivers/misc/mediatek/mach/mt6735/mt_cpufreq.c:61:
/home/satory-ra/Android/kernel/android_kernel_oukitel_orange/drivers/misc/mediatek/mach/mt6735/include/mach/upmu_hw.h:739:0: note: this is the location of the previous definition
 #define MT6328_AUXADC_MDBG_0         ((MT6328_PMIC_REG_BASE+0x0F08))
 ^
In file included from drivers/misc/mediatek/mach/mt6735/mt_cpufreq.c:64:0:
/home/satory-ra/Android/kernel/android_kernel_oukitel_orange/drivers/misc/mediatek/pmic_wrap/mt6735/pwrap_hal.h:1117:0: warning: "MT6328_AUXADC_MDBG_1" redefined
 #define MT6328_AUXADC_MDBG_1         ((UINT32)(MT6328_PMIC_REG_BASE+0x0F0A))
 ^
In file included from /home/satory-ra/Android/kernel/android_kernel_oukitel_orange/drivers/misc/mediatek/mach/mt6735/include/mach/upmu_common.h:7:0,
                 from drivers/misc/mediatek/mach/mt6735/mt_cpufreq.c:61:
/home/satory-ra/Android/kernel/android_kernel_oukitel_orange/drivers/misc/mediatek/mach/mt6735/include/mach/upmu_hw.h:740:0: note: this is the location of the previous definition
 #define MT6328_AUXADC_MDBG_1         ((MT6328_PMIC_REG_BASE+0x0F0A))
 ^
In file included from drivers/misc/mediatek/mach/mt6735/mt_cpufreq.c:64:0:
/home/satory-ra/Android/kernel/android_kernel_oukitel_orange/drivers/misc/mediatek/pmic_wrap/mt6735/pwrap_hal.h:1118:0: warning: "MT6328_AUXADC_MDBG_2" redefined
 #define MT6328_AUXADC_MDBG_2         ((UINT32)(MT6328_PMIC_REG_BASE+0x0F0C))
 ^
In file included from /home/satory-ra/Android/kernel/android_kernel_oukitel_orange/drivers/misc/mediatek/mach/mt6735/include/mach/upmu_common.h:7:0,
                 from drivers/misc/mediatek/mach/mt6735/mt_cpufreq.c:61:
/home/satory-ra/Android/kernel/android_kernel_oukitel_orange/drivers/misc/mediatek/mach/mt6735/include/mach/upmu_hw.h:741:0: note: this is the location of the previous definition
 #define MT6328_AUXADC_MDBG_2         ((MT6328_PMIC_REG_BASE+0x0F0C))
 ^
In file included from drivers/misc/mediatek/mach/mt6735/mt_cpufreq.c:64:0:
/home/satory-ra/Android/kernel/android_kernel_oukitel_orange/drivers/misc/mediatek/pmic_wrap/mt6735/pwrap_hal.h:1119:0: warning: "MT6328_AUXADC_MDRT_0" redefined
 #define MT6328_AUXADC_MDRT_0         ((UINT32)(MT6328_PMIC_REG_BASE+0x0F0E))
 ^
In file included from /home/satory-ra/Android/kernel/android_kernel_oukitel_orange/drivers/misc/mediatek/mach/mt6735/include/mach/upmu_common.h:7:0,
                 from drivers/misc/mediatek/mach/mt6735/mt_cpufreq.c:61:
/home/satory-ra/Android/kernel/android_kernel_oukitel_orange/drivers/misc/mediatek/mach/mt6735/include/mach/upmu_hw.h:742:0: note: this is the location of the previous definition
 #define MT6328_AUXADC_MDRT_0         ((MT6328_PMIC_REG_BASE+0x0F0E))
 ^
In file included from drivers/misc/mediatek/mach/mt6735/mt_cpufreq.c:64:0:
/home/satory-ra/Android/kernel/android_kernel_oukitel_orange/drivers/misc/mediatek/pmic_wrap/mt6735/pwrap_hal.h:1120:0: warning: "MT6328_AUXADC_MDRT_1" redefined
 #define MT6328_AUXADC_MDRT_1         ((UINT32)(MT6328_PMIC_REG_BASE+0x0F10))
 ^
In file included from /home/satory-ra/Android/kernel/android_kernel_oukitel_orange/drivers/misc/mediatek/mach/mt6735/include/mach/upmu_common.h:7:0,
                 from drivers/misc/mediatek/mach/mt6735/mt_cpufreq.c:61:
/home/satory-ra/Android/kernel/android_kernel_oukitel_orange/drivers/misc/mediatek/mach/mt6735/include/mach/upmu_hw.h:743:0: note: this is the location of the previous definition
 #define MT6328_AUXADC_MDRT_1         ((MT6328_PMIC_REG_BASE+0x0F10))
 ^
In file included from drivers/misc/mediatek/mach/mt6735/mt_cpufreq.c:64:0:
/home/satory-ra/Android/kernel/android_kernel_oukitel_orange/drivers/misc/mediatek/pmic_wrap/mt6735/pwrap_hal.h:1121:0: warning: "MT6328_AUXADC_MDRT_2" redefined
 #define MT6328_AUXADC_MDRT_2         ((UINT32)(MT6328_PMIC_REG_BASE+0x0F12))
 ^
In file included from /home/satory-ra/Android/kernel/android_kernel_oukitel_orange/drivers/misc/mediatek/mach/mt6735/include/mach/upmu_common.h:7:0,
                 from drivers/misc/mediatek/mach/mt6735/mt_cpufreq.c:61:
/home/satory-ra/Android/kernel/android_kernel_oukitel_orange/drivers/misc/mediatek/mach/mt6735/include/mach/upmu_hw.h:744:0: note: this is the location of the previous definition
 #define MT6328_AUXADC_MDRT_2         ((MT6328_PMIC_REG_BASE+0x0F12))
 ^
In file included from drivers/misc/mediatek/mach/mt6735/mt_cpufreq.c:64:0:
/home/satory-ra/Android/kernel/android_kernel_oukitel_orange/drivers/misc/mediatek/pmic_wrap/mt6735/pwrap_hal.h:1122:0: warning: "MT6328_ACCDET_CON0" redefined
 #define MT6328_ACCDET_CON0           ((UINT32)(MT6328_PMIC_REG_BASE+0x0F14))
 ^
In file included from /home/satory-ra/Android/kernel/android_kernel_oukitel_orange/drivers/misc/mediatek/mach/mt6735/include/mach/upmu_common.h:7:0,
                 from drivers/misc/mediatek/mach/mt6735/mt_cpufreq.c:61:
/home/satory-ra/Android/kernel/android_kernel_oukitel_orange/drivers/misc/mediatek/mach/mt6735/include/mach/upmu_hw.h:745:0: note: this is the location of the previous definition
 #define MT6328_ACCDET_CON0           ((MT6328_PMIC_REG_BASE+0x0F14))
 ^
In file included from drivers/misc/mediatek/mach/mt6735/mt_cpufreq.c:64:0:
/home/satory-ra/Android/kernel/android_kernel_oukitel_orange/drivers/misc/mediatek/pmic_wrap/mt6735/pwrap_hal.h:1123:0: warning: "MT6328_ACCDET_CON1" redefined
 #define MT6328_ACCDET_CON1           ((UINT32)(MT6328_PMIC_REG_BASE+0x0F16))
 ^
In file included from /home/satory-ra/Android/kernel/android_kernel_oukitel_orange/drivers/misc/mediatek/mach/mt6735/include/mach/upmu_common.h:7:0,
                 from drivers/misc/mediatek/mach/mt6735/mt_cpufreq.c:61:
/home/satory-ra/Android/kernel/android_kernel_oukitel_orange/drivers/misc/mediatek/mach/mt6735/include/mach/upmu_hw.h:746:0: note: this is the location of the previous definition
 #define MT6328_ACCDET_CON1           ((MT6328_PMIC_REG_BASE+0x0F16))
 ^
In file included from drivers/misc/mediatek/mach/mt6735/mt_cpufreq.c:64:0:
/home/satory-ra/Android/kernel/android_kernel_oukitel_orange/drivers/misc/mediatek/pmic_wrap/mt6735/pwrap_hal.h:1124:0: warning: "MT6328_ACCDET_CON2" redefined
 #define MT6328_ACCDET_CON2           ((UINT32)(MT6328_PMIC_REG_BASE+0x0F18))
 ^
In file included from /home/satory-ra/Android/kernel/android_kernel_oukitel_orange/drivers/misc/mediatek/mach/mt6735/include/mach/upmu_common.h:7:0,
                 from drivers/misc/mediatek/mach/mt6735/mt_cpufreq.c:61:
/home/satory-ra/Android/kernel/android_kernel_oukitel_orange/drivers/misc/mediatek/mach/mt6735/include/mach/upmu_hw.h:747:0: note: this is the location of the previous definition
 #define MT6328_ACCDET_CON2           ((MT6328_PMIC_REG_BASE+0x0F18))
 ^
In file included from drivers/misc/mediatek/mach/mt6735/mt_cpufreq.c:64:0:
/home/satory-ra/Android/kernel/android_kernel_oukitel_orange/drivers/misc/mediatek/pmic_wrap/mt6735/pwrap_hal.h:1125:0: warning: "MT6328_ACCDET_CON3" redefined
 #define MT6328_ACCDET_CON3           ((UINT32)(MT6328_PMIC_REG_BASE+0x0F1A))
 ^
In file included from /home/satory-ra/Android/kernel/android_kernel_oukitel_orange/drivers/misc/mediatek/mach/mt6735/include/mach/upmu_common.h:7:0,
                 from drivers/misc/mediatek/mach/mt6735/mt_cpufreq.c:61:
/home/satory-ra/Android/kernel/android_kernel_oukitel_orange/drivers/misc/mediatek/mach/mt6735/include/mach/upmu_hw.h:748:0: note: this is the location of the previous definition
 #define MT6328_ACCDET_CON3           ((MT6328_PMIC_REG_BASE+0x0F1A))
 ^
In file included from drivers/misc/mediatek/mach/mt6735/mt_cpufreq.c:64:0:
/home/satory-ra/Android/kernel/android_kernel_oukitel_orange/drivers/misc/mediatek/pmic_wrap/mt6735/pwrap_hal.h:1126:0: warning: "MT6328_ACCDET_CON4" redefined
 #define MT6328_ACCDET_CON4           ((UINT32)(MT6328_PMIC_REG_BASE+0x0F1C))
 ^
In file included from /home/satory-ra/Android/kernel/android_kernel_oukitel_orange/drivers/misc/mediatek/mach/mt6735/include/mach/upmu_common.h:7:0,
                 from drivers/misc/mediatek/mach/mt6735/mt_cpufreq.c:61:
/home/satory-ra/Android/kernel/android_kernel_oukitel_orange/drivers/misc/mediatek/mach/mt6735/include/mach/upmu_hw.h:749:0: note: this is the location of the previous definition
 #define MT6328_ACCDET_CON4           ((MT6328_PMIC_REG_BASE+0x0F1C))
 ^
In file included from drivers/misc/mediatek/mach/mt6735/mt_cpufreq.c:64:0:
/home/satory-ra/Android/kernel/android_kernel_oukitel_orange/drivers/misc/mediatek/pmic_wrap/mt6735/pwrap_hal.h:1127:0: warning: "MT6328_ACCDET_CON5" redefined
 #define MT6328_ACCDET_CON5           ((UINT32)(MT6328_PMIC_REG_BASE+0x0F1E))
 ^
In file included from /home/satory-ra/Android/kernel/android_kernel_oukitel_orange/drivers/misc/mediatek/mach/mt6735/include/mach/upmu_common.h:7:0,
                 from drivers/misc/mediatek/mach/mt6735/mt_cpufreq.c:61:
/home/satory-ra/Android/kernel/android_kernel_oukitel_orange/drivers/misc/mediatek/mach/mt6735/include/mach/upmu_hw.h:750:0: note: this is the location of the previous definition
 #define MT6328_ACCDET_CON5           ((MT6328_PMIC_REG_BASE+0x0F1E))
 ^
In file included from drivers/misc/mediatek/mach/mt6735/mt_cpufreq.c:64:0:
/home/satory-ra/Android/kernel/android_kernel_oukitel_orange/drivers/misc/mediatek/pmic_wrap/mt6735/pwrap_hal.h:1128:0: warning: "MT6328_ACCDET_CON6" redefined
 #define MT6328_ACCDET_CON6           ((UINT32)(MT6328_PMIC_REG_BASE+0x0F20))
 ^
In file included from /home/satory-ra/Android/kernel/android_kernel_oukitel_orange/drivers/misc/mediatek/mach/mt6735/include/mach/upmu_common.h:7:0,
                 from drivers/misc/mediatek/mach/mt6735/mt_cpufreq.c:61:
/home/satory-ra/Android/kernel/android_kernel_oukitel_orange/drivers/misc/mediatek/mach/mt6735/include/mach/upmu_hw.h:751:0: note: this is the location of the previous definition
 #define MT6328_ACCDET_CON6           ((MT6328_PMIC_REG_BASE+0x0F20))
 ^
In file included from drivers/misc/mediatek/mach/mt6735/mt_cpufreq.c:64:0:
/home/satory-ra/Android/kernel/android_kernel_oukitel_orange/drivers/misc/mediatek/pmic_wrap/mt6735/pwrap_hal.h:1129:0: warning: "MT6328_ACCDET_CON7" redefined
 #define MT6328_ACCDET_CON7           ((UINT32)(MT6328_PMIC_REG_BASE+0x0F22))
 ^
In file included from /home/satory-ra/Android/kernel/android_kernel_oukitel_orange/drivers/misc/mediatek/mach/mt6735/include/mach/upmu_common.h:7:0,
                 from drivers/misc/mediatek/mach/mt6735/mt_cpufreq.c:61:
/home/satory-ra/Android/kernel/android_kernel_oukitel_orange/drivers/misc/mediatek/mach/mt6735/include/mach/upmu_hw.h:752:0: note: this is the location of the previous definition
 #define MT6328_ACCDET_CON7           ((MT6328_PMIC_REG_BASE+0x0F22))
 ^
In file included from drivers/misc/mediatek/mach/mt6735/mt_cpufreq.c:64:0:
/home/satory-ra/Android/kernel/android_kernel_oukitel_orange/drivers/misc/mediatek/pmic_wrap/mt6735/pwrap_hal.h:1130:0: warning: "MT6328_ACCDET_CON8" redefined
 #define MT6328_ACCDET_CON8           ((UINT32)(MT6328_PMIC_REG_BASE+0x0F24))
 ^
In file included from /home/satory-ra/Android/kernel/android_kernel_oukitel_orange/drivers/misc/mediatek/mach/mt6735/include/mach/upmu_common.h:7:0,
                 from drivers/misc/mediatek/mach/mt6735/mt_cpufreq.c:61:
/home/satory-ra/Android/kernel/android_kernel_oukitel_orange/drivers/misc/mediatek/mach/mt6735/include/mach/upmu_hw.h:753:0: note: this is the location of the previous definition
 #define MT6328_ACCDET_CON8           ((MT6328_PMIC_REG_BASE+0x0F24))
 ^
In file included from drivers/misc/mediatek/mach/mt6735/mt_cpufreq.c:64:0:
/home/satory-ra/Android/kernel/android_kernel_oukitel_orange/drivers/misc/mediatek/pmic_wrap/mt6735/pwrap_hal.h:1131:0: warning: "MT6328_ACCDET_CON9" redefined
 #define MT6328_ACCDET_CON9           ((UINT32)(MT6328_PMIC_REG_BASE+0x0F26))
 ^
In file included from /home/satory-ra/Android/kernel/android_kernel_oukitel_orange/drivers/misc/mediatek/mach/mt6735/include/mach/upmu_common.h:7:0,
                 from drivers/misc/mediatek/mach/mt6735/mt_cpufreq.c:61:
/home/satory-ra/Android/kernel/android_kernel_oukitel_orange/drivers/misc/mediatek/mach/mt6735/include/mach/upmu_hw.h:754:0: note: this is the location of the previous definition
 #define MT6328_ACCDET_CON9           ((MT6328_PMIC_REG_BASE+0x0F26))
 ^
In file included from drivers/misc/mediatek/mach/mt6735/mt_cpufreq.c:64:0:
/home/satory-ra/Android/kernel/android_kernel_oukitel_orange/drivers/misc/mediatek/pmic_wrap/mt6735/pwrap_hal.h:1132:0: warning: "MT6328_ACCDET_CON10" redefined
 #define MT6328_ACCDET_CON10          ((UINT32)(MT6328_PMIC_REG_BASE+0x0F28))
 ^
In file included from /home/satory-ra/Android/kernel/android_kernel_oukitel_orange/drivers/misc/mediatek/mach/mt6735/include/mach/upmu_common.h:7:0,
                 from drivers/misc/mediatek/mach/mt6735/mt_cpufreq.c:61:
/home/satory-ra/Android/kernel/android_kernel_oukitel_orange/drivers/misc/mediatek/mach/mt6735/include/mach/upmu_hw.h:755:0: note: this is the location of the previous definition
 #define MT6328_ACCDET_CON10          ((MT6328_PMIC_REG_BASE+0x0F28))
 ^
In file included from drivers/misc/mediatek/mach/mt6735/mt_cpufreq.c:64:0:
/home/satory-ra/Android/kernel/android_kernel_oukitel_orange/drivers/misc/mediatek/pmic_wrap/mt6735/pwrap_hal.h:1133:0: warning: "MT6328_ACCDET_CON11" redefined
 #define MT6328_ACCDET_CON11          ((UINT32)(MT6328_PMIC_REG_BASE+0x0F2A))
 ^
In file included from /home/satory-ra/Android/kernel/android_kernel_oukitel_orange/drivers/misc/mediatek/mach/mt6735/include/mach/upmu_common.h:7:0,
                 from drivers/misc/mediatek/mach/mt6735/mt_cpufreq.c:61:
/home/satory-ra/Android/kernel/android_kernel_oukitel_orange/drivers/misc/mediatek/mach/mt6735/include/mach/upmu_hw.h:756:0: note: this is the location of the previous definition
 #define MT6328_ACCDET_CON11          ((MT6328_PMIC_REG_BASE+0x0F2A))
 ^
In file included from drivers/misc/mediatek/mach/mt6735/mt_cpufreq.c:64:0:
/home/satory-ra/Android/kernel/android_kernel_oukitel_orange/drivers/misc/mediatek/pmic_wrap/mt6735/pwrap_hal.h:1134:0: warning: "MT6328_ACCDET_CON12" redefined
 #define MT6328_ACCDET_CON12          ((UINT32)(MT6328_PMIC_REG_BASE+0x0F2C))
 ^
In file included from /home/satory-ra/Android/kernel/android_kernel_oukitel_orange/drivers/misc/mediatek/mach/mt6735/include/mach/upmu_common.h:7:0,
                 from drivers/misc/mediatek/mach/mt6735/mt_cpufreq.c:61:
/home/satory-ra/Android/kernel/android_kernel_oukitel_orange/drivers/misc/mediatek/mach/mt6735/include/mach/upmu_hw.h:757:0: note: this is the location of the previous definition
 #define MT6328_ACCDET_CON12          ((MT6328_PMIC_REG_BASE+0x0F2C))
 ^
In file included from drivers/misc/mediatek/mach/mt6735/mt_cpufreq.c:64:0:
/home/satory-ra/Android/kernel/android_kernel_oukitel_orange/drivers/misc/mediatek/pmic_wrap/mt6735/pwrap_hal.h:1135:0: warning: "MT6328_ACCDET_CON13" redefined
 #define MT6328_ACCDET_CON13          ((UINT32)(MT6328_PMIC_REG_BASE+0x0F2E))
 ^
In file included from /home/satory-ra/Android/kernel/android_kernel_oukitel_orange/drivers/misc/mediatek/mach/mt6735/include/mach/upmu_common.h:7:0,
                 from drivers/misc/mediatek/mach/mt6735/mt_cpufreq.c:61:
/home/satory-ra/Android/kernel/android_kernel_oukitel_orange/drivers/misc/mediatek/mach/mt6735/include/mach/upmu_hw.h:758:0: note: this is the location of the previous definition
 #define MT6328_ACCDET_CON13          ((MT6328_PMIC_REG_BASE+0x0F2E))
 ^
In file included from drivers/misc/mediatek/mach/mt6735/mt_cpufreq.c:64:0:
/home/satory-ra/Android/kernel/android_kernel_oukitel_orange/drivers/misc/mediatek/pmic_wrap/mt6735/pwrap_hal.h:1136:0: warning: "MT6328_ACCDET_CON14" redefined
 #define MT6328_ACCDET_CON14          ((UINT32)(MT6328_PMIC_REG_BASE+0x0F30))
 ^
In file included from /home/satory-ra/Android/kernel/android_kernel_oukitel_orange/drivers/misc/mediatek/mach/mt6735/include/mach/upmu_common.h:7:0,
                 from drivers/misc/mediatek/mach/mt6735/mt_cpufreq.c:61:
/home/satory-ra/Android/kernel/android_kernel_oukitel_orange/drivers/misc/mediatek/mach/mt6735/include/mach/upmu_hw.h:759:0: note: this is the location of the previous definition
 #define MT6328_ACCDET_CON14          ((MT6328_PMIC_REG_BASE+0x0F30))
 ^
In file included from drivers/misc/mediatek/mach/mt6735/mt_cpufreq.c:64:0:
/home/satory-ra/Android/kernel/android_kernel_oukitel_orange/drivers/misc/mediatek/pmic_wrap/mt6735/pwrap_hal.h:1137:0: warning: "MT6328_ACCDET_CON15" redefined
 #define MT6328_ACCDET_CON15          ((UINT32)(MT6328_PMIC_REG_BASE+0x0F32))
 ^
In file included from /home/satory-ra/Android/kernel/android_kernel_oukitel_orange/drivers/misc/mediatek/mach/mt6735/include/mach/upmu_common.h:7:0,
                 from drivers/misc/mediatek/mach/mt6735/mt_cpufreq.c:61:
/home/satory-ra/Android/kernel/android_kernel_oukitel_orange/drivers/misc/mediatek/mach/mt6735/include/mach/upmu_hw.h:760:0: note: this is the location of the previous definition
 #define MT6328_ACCDET_CON15          ((MT6328_PMIC_REG_BASE+0x0F32))
 ^
In file included from drivers/misc/mediatek/mach/mt6735/mt_cpufreq.c:64:0:
/home/satory-ra/Android/kernel/android_kernel_oukitel_orange/drivers/misc/mediatek/pmic_wrap/mt6735/pwrap_hal.h:1138:0: warning: "MT6328_ACCDET_CON16" redefined
 #define MT6328_ACCDET_CON16          ((UINT32)(MT6328_PMIC_REG_BASE+0x0F34))
 ^
In file included from /home/satory-ra/Android/kernel/android_kernel_oukitel_orange/drivers/misc/mediatek/mach/mt6735/include/mach/upmu_common.h:7:0,
                 from drivers/misc/mediatek/mach/mt6735/mt_cpufreq.c:61:
/home/satory-ra/Android/kernel/android_kernel_oukitel_orange/drivers/misc/mediatek/mach/mt6735/include/mach/upmu_hw.h:761:0: note: this is the location of the previous definition
 #define MT6328_ACCDET_CON16          ((MT6328_PMIC_REG_BASE+0x0F34))
 ^
In file included from drivers/misc/mediatek/mach/mt6735/mt_cpufreq.c:64:0:
/home/satory-ra/Android/kernel/android_kernel_oukitel_orange/drivers/misc/mediatek/pmic_wrap/mt6735/pwrap_hal.h:1139:0: warning: "MT6328_ACCDET_CON17" redefined
 #define MT6328_ACCDET_CON17          ((UINT32)(MT6328_PMIC_REG_BASE+0x0F36))
 ^
In file included from /home/satory-ra/Android/kernel/android_kernel_oukitel_orange/drivers/misc/mediatek/mach/mt6735/include/mach/upmu_common.h:7:0,
                 from drivers/misc/mediatek/mach/mt6735/mt_cpufreq.c:61:
/home/satory-ra/Android/kernel/android_kernel_oukitel_orange/drivers/misc/mediatek/mach/mt6735/include/mach/upmu_hw.h:762:0: note: this is the location of the previous definition
 #define MT6328_ACCDET_CON17          ((MT6328_PMIC_REG_BASE+0x0F36))
 ^
In file included from drivers/misc/mediatek/mach/mt6735/mt_cpufreq.c:64:0:
/home/satory-ra/Android/kernel/android_kernel_oukitel_orange/drivers/misc/mediatek/pmic_wrap/mt6735/pwrap_hal.h:1140:0: warning: "MT6328_ACCDET_CON18" redefined
 #define MT6328_ACCDET_CON18          ((UINT32)(MT6328_PMIC_REG_BASE+0x0F38))
 ^
In file included from /home/satory-ra/Android/kernel/android_kernel_oukitel_orange/drivers/misc/mediatek/mach/mt6735/include/mach/upmu_common.h:7:0,
                 from drivers/misc/mediatek/mach/mt6735/mt_cpufreq.c:61:
/home/satory-ra/Android/kernel/android_kernel_oukitel_orange/drivers/misc/mediatek/mach/mt6735/include/mach/upmu_hw.h:763:0: note: this is the location of the previous definition
 #define MT6328_ACCDET_CON18          ((MT6328_PMIC_REG_BASE+0x0F38))
 ^
In file included from drivers/misc/mediatek/mach/mt6735/mt_cpufreq.c:64:0:
/home/satory-ra/Android/kernel/android_kernel_oukitel_orange/drivers/misc/mediatek/pmic_wrap/mt6735/pwrap_hal.h:1141:0: warning: "MT6328_ACCDET_CON19" redefined
 #define MT6328_ACCDET_CON19          ((UINT32)(MT6328_PMIC_REG_BASE+0x0F3A))
 ^
In file included from /home/satory-ra/Android/kernel/android_kernel_oukitel_orange/drivers/misc/mediatek/mach/mt6735/include/mach/upmu_common.h:7:0,
                 from drivers/misc/mediatek/mach/mt6735/mt_cpufreq.c:61:
/home/satory-ra/Android/kernel/android_kernel_oukitel_orange/drivers/misc/mediatek/mach/mt6735/include/mach/upmu_hw.h:764:0: note: this is the location of the previous definition
 #define MT6328_ACCDET_CON19          ((MT6328_PMIC_REG_BASE+0x0F3A))
 ^
In file included from drivers/misc/mediatek/mach/mt6735/mt_cpufreq.c:64:0:
/home/satory-ra/Android/kernel/android_kernel_oukitel_orange/drivers/misc/mediatek/pmic_wrap/mt6735/pwrap_hal.h:1142:0: warning: "MT6328_ACCDET_CON20" redefined
 #define MT6328_ACCDET_CON20          ((UINT32)(MT6328_PMIC_REG_BASE+0x0F3C))
 ^
In file included from /home/satory-ra/Android/kernel/android_kernel_oukitel_orange/drivers/misc/mediatek/mach/mt6735/include/mach/upmu_common.h:7:0,
                 from drivers/misc/mediatek/mach/mt6735/mt_cpufreq.c:61:
/home/satory-ra/Android/kernel/android_kernel_oukitel_orange/drivers/misc/mediatek/mach/mt6735/include/mach/upmu_hw.h:765:0: note: this is the location of the previous definition
 #define MT6328_ACCDET_CON20          ((MT6328_PMIC_REG_BASE+0x0F3C))
 ^
In file included from drivers/misc/mediatek/mach/mt6735/mt_cpufreq.c:64:0:
/home/satory-ra/Android/kernel/android_kernel_oukitel_orange/drivers/misc/mediatek/pmic_wrap/mt6735/pwrap_hal.h:1143:0: warning: "MT6328_ACCDET_CON21" redefined
 #define MT6328_ACCDET_CON21          ((UINT32)(MT6328_PMIC_REG_BASE+0x0F3E))
 ^
In file included from /home/satory-ra/Android/kernel/android_kernel_oukitel_orange/drivers/misc/mediatek/mach/mt6735/include/mach/upmu_common.h:7:0,
                 from drivers/misc/mediatek/mach/mt6735/mt_cpufreq.c:61:
/home/satory-ra/Android/kernel/android_kernel_oukitel_orange/drivers/misc/mediatek/mach/mt6735/include/mach/upmu_hw.h:766:0: note: this is the location of the previous definition
 #define MT6328_ACCDET_CON21          ((MT6328_PMIC_REG_BASE+0x0F3E))
 ^
In file included from drivers/misc/mediatek/mach/mt6735/mt_cpufreq.c:64:0:
/home/satory-ra/Android/kernel/android_kernel_oukitel_orange/drivers/misc/mediatek/pmic_wrap/mt6735/pwrap_hal.h:1144:0: warning: "MT6328_ACCDET_CON22" redefined
 #define MT6328_ACCDET_CON22          ((UINT32)(MT6328_PMIC_REG_BASE+0x0F40))
 ^
In file included from /home/satory-ra/Android/kernel/android_kernel_oukitel_orange/drivers/misc/mediatek/mach/mt6735/include/mach/upmu_common.h:7:0,
                 from drivers/misc/mediatek/mach/mt6735/mt_cpufreq.c:61:
/home/satory-ra/Android/kernel/android_kernel_oukitel_orange/drivers/misc/mediatek/mach/mt6735/include/mach/upmu_hw.h:767:0: note: this is the location of the previous definition
 #define MT6328_ACCDET_CON22          ((MT6328_PMIC_REG_BASE+0x0F40))
 ^
In file included from drivers/misc/mediatek/mach/mt6735/mt_cpufreq.c:64:0:
/home/satory-ra/Android/kernel/android_kernel_oukitel_orange/drivers/misc/mediatek/pmic_wrap/mt6735/pwrap_hal.h:1145:0: warning: "MT6328_ACCDET_CON23" redefined
 #define MT6328_ACCDET_CON23          ((UINT32)(MT6328_PMIC_REG_BASE+0x0F42))
 ^
In file included from /home/satory-ra/Android/kernel/android_kernel_oukitel_orange/drivers/misc/mediatek/mach/mt6735/include/mach/upmu_common.h:7:0,
                 from drivers/misc/mediatek/mach/mt6735/mt_cpufreq.c:61:
/home/satory-ra/Android/kernel/android_kernel_oukitel_orange/drivers/misc/mediatek/mach/mt6735/include/mach/upmu_hw.h:768:0: note: this is the location of the previous definition
 #define MT6328_ACCDET_CON23          ((MT6328_PMIC_REG_BASE+0x0F42))
 ^
In file included from drivers/misc/mediatek/mach/mt6735/mt_cpufreq.c:64:0:
/home/satory-ra/Android/kernel/android_kernel_oukitel_orange/drivers/misc/mediatek/pmic_wrap/mt6735/pwrap_hal.h:1146:0: warning: "MT6328_ACCDET_CON24" redefined
 #define MT6328_ACCDET_CON24          ((UINT32)(MT6328_PMIC_REG_BASE+0x0F44))
 ^
In file included from /home/satory-ra/Android/kernel/android_kernel_oukitel_orange/drivers/misc/mediatek/mach/mt6735/include/mach/upmu_common.h:7:0,
                 from drivers/misc/mediatek/mach/mt6735/mt_cpufreq.c:61:
/home/satory-ra/Android/kernel/android_kernel_oukitel_orange/drivers/misc/mediatek/mach/mt6735/include/mach/upmu_hw.h:769:0: note: this is the location of the previous definition
 #define MT6328_ACCDET_CON24          ((MT6328_PMIC_REG_BASE+0x0F44))
 ^
In file included from drivers/misc/mediatek/mach/mt6735/mt_cpufreq.c:64:0:
/home/satory-ra/Android/kernel/android_kernel_oukitel_orange/drivers/misc/mediatek/pmic_wrap/mt6735/pwrap_hal.h:1147:0: warning: "MT6328_ACCDET_CON25" redefined
 #define MT6328_ACCDET_CON25          ((UINT32)(MT6328_PMIC_REG_BASE+0x0F46))
 ^
In file included from /home/satory-ra/Android/kernel/android_kernel_oukitel_orange/drivers/misc/mediatek/mach/mt6735/include/mach/upmu_common.h:7:0,
                 from drivers/misc/mediatek/mach/mt6735/mt_cpufreq.c:61:
/home/satory-ra/Android/kernel/android_kernel_oukitel_orange/drivers/misc/mediatek/mach/mt6735/include/mach/upmu_hw.h:770:0: note: this is the location of the previous definition
 #define MT6328_ACCDET_CON25          ((MT6328_PMIC_REG_BASE+0x0F46))
 ^
In file included from drivers/misc/mediatek/mach/mt6735/mt_cpufreq.c:64:0:
/home/satory-ra/Android/kernel/android_kernel_oukitel_orange/drivers/misc/mediatek/pmic_wrap/mt6735/pwrap_hal.h:1148:0: warning: "MT6328_CHR_CON0" redefined
 #define MT6328_CHR_CON0              ((UINT32)(MT6328_PMIC_REG_BASE+0x0F48))
 ^
In file included from /home/satory-ra/Android/kernel/android_kernel_oukitel_orange/drivers/misc/mediatek/mach/mt6735/include/mach/upmu_common.h:7:0,
                 from drivers/misc/mediatek/mach/mt6735/mt_cpufreq.c:61:
/home/satory-ra/Android/kernel/android_kernel_oukitel_orange/drivers/misc/mediatek/mach/mt6735/include/mach/upmu_hw.h:771:0: note: this is the location of the previous definition
 #define MT6328_CHR_CON0              ((MT6328_PMIC_REG_BASE+0x0F48))
 ^
In file included from drivers/misc/mediatek/mach/mt6735/mt_cpufreq.c:64:0:
/home/satory-ra/Android/kernel/android_kernel_oukitel_orange/drivers/misc/mediatek/pmic_wrap/mt6735/pwrap_hal.h:1149:0: warning: "MT6328_CHR_CON1" redefined
 #define MT6328_CHR_CON1              ((UINT32)(MT6328_PMIC_REG_BASE+0x0F4A))
 ^
In file included from /home/satory-ra/Android/kernel/android_kernel_oukitel_orange/drivers/misc/mediatek/mach/mt6735/include/mach/upmu_common.h:7:0,
                 from drivers/misc/mediatek/mach/mt6735/mt_cpufreq.c:61:
/home/satory-ra/Android/kernel/android_kernel_oukitel_orange/drivers/misc/mediatek/mach/mt6735/include/mach/upmu_hw.h:772:0: note: this is the location of the previous definition
 #define MT6328_CHR_CON1              ((MT6328_PMIC_REG_BASE+0x0F4A))
 ^
In file included from drivers/misc/mediatek/mach/mt6735/mt_cpufreq.c:64:0:
/home/satory-ra/Android/kernel/android_kernel_oukitel_orange/drivers/misc/mediatek/pmic_wrap/mt6735/pwrap_hal.h:1150:0: warning: "MT6328_CHR_CON2" redefined
 #define MT6328_CHR_CON2              ((UINT32)(MT6328_PMIC_REG_BASE+0x0F4C))
 ^
In file included from /home/satory-ra/Android/kernel/android_kernel_oukitel_orange/drivers/misc/mediatek/mach/mt6735/include/mach/upmu_common.h:7:0,
                 from drivers/misc/mediatek/mach/mt6735/mt_cpufreq.c:61:
/home/satory-ra/Android/kernel/android_kernel_oukitel_orange/drivers/misc/mediatek/mach/mt6735/include/mach/upmu_hw.h:773:0: note: this is the location of the previous definition
 #define MT6328_CHR_CON2              ((MT6328_PMIC_REG_BASE+0x0F4C))
 ^
In file included from drivers/misc/mediatek/mach/mt6735/mt_cpufreq.c:64:0:
/home/satory-ra/Android/kernel/android_kernel_oukitel_orange/drivers/misc/mediatek/pmic_wrap/mt6735/pwrap_hal.h:1151:0: warning: "MT6328_CHR_CON3" redefined
 #define MT6328_CHR_CON3              ((UINT32)(MT6328_PMIC_REG_BASE+0x0F4E))
 ^
In file included from /home/satory-ra/Android/kernel/android_kernel_oukitel_orange/drivers/misc/mediatek/mach/mt6735/include/mach/upmu_common.h:7:0,
                 from drivers/misc/mediatek/mach/mt6735/mt_cpufreq.c:61:
/home/satory-ra/Android/kernel/android_kernel_oukitel_orange/drivers/misc/mediatek/mach/mt6735/include/mach/upmu_hw.h:774:0: note: this is the location of the previous definition
 #define MT6328_CHR_CON3              ((MT6328_PMIC_REG_BASE+0x0F4E))
 ^
In file included from drivers/misc/mediatek/mach/mt6735/mt_cpufreq.c:64:0:
/home/satory-ra/Android/kernel/android_kernel_oukitel_orange/drivers/misc/mediatek/pmic_wrap/mt6735/pwrap_hal.h:1152:0: warning: "MT6328_CHR_CON4" redefined
 #define MT6328_CHR_CON4              ((UINT32)(MT6328_PMIC_REG_BASE+0x0F50))
 ^
In file included from /home/satory-ra/Android/kernel/android_kernel_oukitel_orange/drivers/misc/mediatek/mach/mt6735/include/mach/upmu_common.h:7:0,
                 from drivers/misc/mediatek/mach/mt6735/mt_cpufreq.c:61:
/home/satory-ra/Android/kernel/android_kernel_oukitel_orange/drivers/misc/mediatek/mach/mt6735/include/mach/upmu_hw.h:775:0: note: this is the location of the previous definition
 #define MT6328_CHR_CON4              ((MT6328_PMIC_REG_BASE+0x0F50))
 ^
In file included from drivers/misc/mediatek/mach/mt6735/mt_cpufreq.c:64:0:
/home/satory-ra/Android/kernel/android_kernel_oukitel_orange/drivers/misc/mediatek/pmic_wrap/mt6735/pwrap_hal.h:1153:0: warning: "MT6328_CHR_CON5" redefined
 #define MT6328_CHR_CON5              ((UINT32)(MT6328_PMIC_REG_BASE+0x0F52))
 ^
In file included from /home/satory-ra/Android/kernel/android_kernel_oukitel_orange/drivers/misc/mediatek/mach/mt6735/include/mach/upmu_common.h:7:0,
                 from drivers/misc/mediatek/mach/mt6735/mt_cpufreq.c:61:
/home/satory-ra/Android/kernel/android_kernel_oukitel_orange/drivers/misc/mediatek/mach/mt6735/include/mach/upmu_hw.h:776:0: note: this is the location of the previous definition
 #define MT6328_CHR_CON5              ((MT6328_PMIC_REG_BASE+0x0F52))
 ^
In file included from drivers/misc/mediatek/mach/mt6735/mt_cpufreq.c:64:0:
/home/satory-ra/Android/kernel/android_kernel_oukitel_orange/drivers/misc/mediatek/pmic_wrap/mt6735/pwrap_hal.h:1154:0: warning: "MT6328_CHR_CON6" redefined
 #define MT6328_CHR_CON6              ((UINT32)(MT6328_PMIC_REG_BASE+0x0F54))
 ^
In file included from /home/satory-ra/Android/kernel/android_kernel_oukitel_orange/drivers/misc/mediatek/mach/mt6735/include/mach/upmu_common.h:7:0,
                 from drivers/misc/mediatek/mach/mt6735/mt_cpufreq.c:61:
/home/satory-ra/Android/kernel/android_kernel_oukitel_orange/drivers/misc/mediatek/mach/mt6735/include/mach/upmu_hw.h:777:0: note: this is the location of the previous definition
 #define MT6328_CHR_CON6              ((MT6328_PMIC_REG_BASE+0x0F54))
 ^
In file included from drivers/misc/mediatek/mach/mt6735/mt_cpufreq.c:64:0:
/home/satory-ra/Android/kernel/android_kernel_oukitel_orange/drivers/misc/mediatek/pmic_wrap/mt6735/pwrap_hal.h:1155:0: warning: "MT6328_CHR_CON7" redefined
 #define MT6328_CHR_CON7              ((UINT32)(MT6328_PMIC_REG_BASE+0x0F56))
 ^
In file included from /home/satory-ra/Android/kernel/android_kernel_oukitel_orange/drivers/misc/mediatek/mach/mt6735/include/mach/upmu_common.h:7:0,
                 from drivers/misc/mediatek/mach/mt6735/mt_cpufreq.c:61:
/home/satory-ra/Android/kernel/android_kernel_oukitel_orange/drivers/misc/mediatek/mach/mt6735/include/mach/upmu_hw.h:778:0: note: this is the location of the previous definition
 #define MT6328_CHR_CON7              ((MT6328_PMIC_REG_BASE+0x0F56))
 ^
In file included from drivers/misc/mediatek/mach/mt6735/mt_cpufreq.c:64:0:
/home/satory-ra/Android/kernel/android_kernel_oukitel_orange/drivers/misc/mediatek/pmic_wrap/mt6735/pwrap_hal.h:1156:0: warning: "MT6328_CHR_CON8" redefined
 #define MT6328_CHR_CON8              ((UINT32)(MT6328_PMIC_REG_BASE+0x0F58))
 ^
In file included from /home/satory-ra/Android/kernel/android_kernel_oukitel_orange/drivers/misc/mediatek/mach/mt6735/include/mach/upmu_common.h:7:0,
                 from drivers/misc/mediatek/mach/mt6735/mt_cpufreq.c:61:
/home/satory-ra/Android/kernel/android_kernel_oukitel_orange/drivers/misc/mediatek/mach/mt6735/include/mach/upmu_hw.h:779:0: note: this is the location of the previous definition
 #define MT6328_CHR_CON8              ((MT6328_PMIC_REG_BASE+0x0F58))
 ^
In file included from drivers/misc/mediatek/mach/mt6735/mt_cpufreq.c:64:0:
/home/satory-ra/Android/kernel/android_kernel_oukitel_orange/drivers/misc/mediatek/pmic_wrap/mt6735/pwrap_hal.h:1157:0: warning: "MT6328_CHR_CON9" redefined
 #define MT6328_CHR_CON9              ((UINT32)(MT6328_PMIC_REG_BASE+0x0F5A))
 ^
  CC      drivers/video/fbcvt.o
In file included from /home/satory-ra/Android/kernel/android_kernel_oukitel_orange/drivers/misc/mediatek/mach/mt6735/include/mach/upmu_common.h:7:0,
                 from drivers/misc/mediatek/mach/mt6735/mt_cpufreq.c:61:
/home/satory-ra/Android/kernel/android_kernel_oukitel_orange/drivers/misc/mediatek/mach/mt6735/include/mach/upmu_hw.h:780:0: note: this is the location of the previous definition
 #define MT6328_CHR_CON9              ((MT6328_PMIC_REG_BASE+0x0F5A))
 ^
In file included from drivers/misc/mediatek/mach/mt6735/mt_cpufreq.c:64:0:
/home/satory-ra/Android/kernel/android_kernel_oukitel_orange/drivers/misc/mediatek/pmic_wrap/mt6735/pwrap_hal.h:1158:0: warning: "MT6328_CHR_CON10" redefined
 #define MT6328_CHR_CON10             ((UINT32)(MT6328_PMIC_REG_BASE+0x0F5C))
 ^
In file included from /home/satory-ra/Android/kernel/android_kernel_oukitel_orange/drivers/misc/mediatek/mach/mt6735/include/mach/upmu_common.h:7:0,
                 from drivers/misc/mediatek/mach/mt6735/mt_cpufreq.c:61:
/home/satory-ra/Android/kernel/android_kernel_oukitel_orange/drivers/misc/mediatek/mach/mt6735/include/mach/upmu_hw.h:781:0: note: this is the location of the previous definition
 #define MT6328_CHR_CON10             ((MT6328_PMIC_REG_BASE+0x0F5C))
 ^
In file included from drivers/misc/mediatek/mach/mt6735/mt_cpufreq.c:64:0:
/home/satory-ra/Android/kernel/android_kernel_oukitel_orange/drivers/misc/mediatek/pmic_wrap/mt6735/pwrap_hal.h:1159:0: warning: "MT6328_CHR_CON11" redefined
 #define MT6328_CHR_CON11             ((UINT32)(MT6328_PMIC_REG_BASE+0x0F5E))
 ^
In file included from /home/satory-ra/Android/kernel/android_kernel_oukitel_orange/drivers/misc/mediatek/mach/mt6735/include/mach/upmu_common.h:7:0,
                 from drivers/misc/mediatek/mach/mt6735/mt_cpufreq.c:61:
/home/satory-ra/Android/kernel/android_kernel_oukitel_orange/drivers/misc/mediatek/mach/mt6735/include/mach/upmu_hw.h:782:0: note: this is the location of the previous definition
 #define MT6328_CHR_CON11             ((MT6328_PMIC_REG_BASE+0x0F5E))
 ^
In file included from drivers/misc/mediatek/mach/mt6735/mt_cpufreq.c:64:0:
/home/satory-ra/Android/kernel/android_kernel_oukitel_orange/drivers/misc/mediatek/pmic_wrap/mt6735/pwrap_hal.h:1160:0: warning: "MT6328_CHR_CON12" redefined
 #define MT6328_CHR_CON12             ((UINT32)(MT6328_PMIC_REG_BASE+0x0F60))
 ^
In file included from /home/satory-ra/Android/kernel/android_kernel_oukitel_orange/drivers/misc/mediatek/mach/mt6735/include/mach/upmu_common.h:7:0,
                 from drivers/misc/mediatek/mach/mt6735/mt_cpufreq.c:61:
/home/satory-ra/Android/kernel/android_kernel_oukitel_orange/drivers/misc/mediatek/mach/mt6735/include/mach/upmu_hw.h:783:0: note: this is the location of the previous definition
 #define MT6328_CHR_CON12             ((MT6328_PMIC_REG_BASE+0x0F60))
 ^
In file included from drivers/misc/mediatek/mach/mt6735/mt_cpufreq.c:64:0:
/home/satory-ra/Android/kernel/android_kernel_oukitel_orange/drivers/misc/mediatek/pmic_wrap/mt6735/pwrap_hal.h:1161:0: warning: "MT6328_CHR_CON13" redefined
 #define MT6328_CHR_CON13             ((UINT32)(MT6328_PMIC_REG_BASE+0x0F62))
 ^
In file included from /home/satory-ra/Android/kernel/android_kernel_oukitel_orange/drivers/misc/mediatek/mach/mt6735/include/mach/upmu_common.h:7:0,
                 from drivers/misc/mediatek/mach/mt6735/mt_cpufreq.c:61:
/home/satory-ra/Android/kernel/android_kernel_oukitel_orange/drivers/misc/mediatek/mach/mt6735/include/mach/upmu_hw.h:784:0: note: this is the location of the previous definition
 #define MT6328_CHR_CON13             ((MT6328_PMIC_REG_BASE+0x0F62))
 ^
In file included from drivers/misc/mediatek/mach/mt6735/mt_cpufreq.c:64:0:
/home/satory-ra/Android/kernel/android_kernel_oukitel_orange/drivers/misc/mediatek/pmic_wrap/mt6735/pwrap_hal.h:1162:0: warning: "MT6328_CHR_CON14" redefined
 #define MT6328_CHR_CON14             ((UINT32)(MT6328_PMIC_REG_BASE+0x0F64))
 ^
In file included from /home/satory-ra/Android/kernel/android_kernel_oukitel_orange/drivers/misc/mediatek/mach/mt6735/include/mach/upmu_common.h:7:0,
                 from drivers/misc/mediatek/mach/mt6735/mt_cpufreq.c:61:
/home/satory-ra/Android/kernel/android_kernel_oukitel_orange/drivers/misc/mediatek/mach/mt6735/include/mach/upmu_hw.h:785:0: note: this is the location of the previous definition
 #define MT6328_CHR_CON14             ((MT6328_PMIC_REG_BASE+0x0F64))
 ^
In file included from drivers/misc/mediatek/mach/mt6735/mt_cpufreq.c:64:0:
/home/satory-ra/Android/kernel/android_kernel_oukitel_orange/drivers/misc/mediatek/pmic_wrap/mt6735/pwrap_hal.h:1163:0: warning: "MT6328_CHR_CON15" redefined
 #define MT6328_CHR_CON15             ((UINT32)(MT6328_PMIC_REG_BASE+0x0F66))
 ^
In file included from /home/satory-ra/Android/kernel/android_kernel_oukitel_orange/drivers/misc/mediatek/mach/mt6735/include/mach/upmu_common.h:7:0,
                 from drivers/misc/mediatek/mach/mt6735/mt_cpufreq.c:61:
/home/satory-ra/Android/kernel/android_kernel_oukitel_orange/drivers/misc/mediatek/mach/mt6735/include/mach/upmu_hw.h:786:0: note: this is the location of the previous definition
 #define MT6328_CHR_CON15             ((MT6328_PMIC_REG_BASE+0x0F66))
 ^
In file included from drivers/misc/mediatek/mach/mt6735/mt_cpufreq.c:64:0:
/home/satory-ra/Android/kernel/android_kernel_oukitel_orange/drivers/misc/mediatek/pmic_wrap/mt6735/pwrap_hal.h:1164:0: warning: "MT6328_CHR_CON16" redefined
 #define MT6328_CHR_CON16             ((UINT32)(MT6328_PMIC_REG_BASE+0x0F68))
 ^
In file included from /home/satory-ra/Android/kernel/android_kernel_oukitel_orange/drivers/misc/mediatek/mach/mt6735/include/mach/upmu_common.h:7:0,
                 from drivers/misc/mediatek/mach/mt6735/mt_cpufreq.c:61:
/home/satory-ra/Android/kernel/android_kernel_oukitel_orange/drivers/misc/mediatek/mach/mt6735/include/mach/upmu_hw.h:787:0: note: this is the location of the previous definition
 #define MT6328_CHR_CON16             ((MT6328_PMIC_REG_BASE+0x0F68))
 ^
In file included from drivers/misc/mediatek/mach/mt6735/mt_cpufreq.c:64:0:
/home/satory-ra/Android/kernel/android_kernel_oukitel_orange/drivers/misc/mediatek/pmic_wrap/mt6735/pwrap_hal.h:1165:0: warning: "MT6328_CHR_CON17" redefined
 #define MT6328_CHR_CON17             ((UINT32)(MT6328_PMIC_REG_BASE+0x0F6A))
 ^
In file included from /home/satory-ra/Android/kernel/android_kernel_oukitel_orange/drivers/misc/mediatek/mach/mt6735/include/mach/upmu_common.h:7:0,
                 from drivers/misc/mediatek/mach/mt6735/mt_cpufreq.c:61:
/home/satory-ra/Android/kernel/android_kernel_oukitel_orange/drivers/misc/mediatek/mach/mt6735/include/mach/upmu_hw.h:788:0: note: this is the location of the previous definition
 #define MT6328_CHR_CON17             ((MT6328_PMIC_REG_BASE+0x0F6A))
 ^
In file included from drivers/misc/mediatek/mach/mt6735/mt_cpufreq.c:64:0:
/home/satory-ra/Android/kernel/android_kernel_oukitel_orange/drivers/misc/mediatek/pmic_wrap/mt6735/pwrap_hal.h:1166:0: warning: "MT6328_CHR_CON18" redefined
 #define MT6328_CHR_CON18             ((UINT32)(MT6328_PMIC_REG_BASE+0x0F6C))
 ^
In file included from /home/satory-ra/Android/kernel/android_kernel_oukitel_orange/drivers/misc/mediatek/mach/mt6735/include/mach/upmu_common.h:7:0,
                 from drivers/misc/mediatek/mach/mt6735/mt_cpufreq.c:61:
/home/satory-ra/Android/kernel/android_kernel_oukitel_orange/drivers/misc/mediatek/mach/mt6735/include/mach/upmu_hw.h:789:0: note: this is the location of the previous definition
 #define MT6328_CHR_CON18             ((MT6328_PMIC_REG_BASE+0x0F6C))
 ^
In file included from drivers/misc/mediatek/mach/mt6735/mt_cpufreq.c:64:0:
/home/satory-ra/Android/kernel/android_kernel_oukitel_orange/drivers/misc/mediatek/pmic_wrap/mt6735/pwrap_hal.h:1167:0: warning: "MT6328_CHR_CON19" redefined
 #define MT6328_CHR_CON19             ((UINT32)(MT6328_PMIC_REG_BASE+0x0F6E))
 ^
In file included from /home/satory-ra/Android/kernel/android_kernel_oukitel_orange/drivers/misc/mediatek/mach/mt6735/include/mach/upmu_common.h:7:0,
                 from drivers/misc/mediatek/mach/mt6735/mt_cpufreq.c:61:
/home/satory-ra/Android/kernel/android_kernel_oukitel_orange/drivers/misc/mediatek/mach/mt6735/include/mach/upmu_hw.h:790:0: note: this is the location of the previous definition
 #define MT6328_CHR_CON19             ((MT6328_PMIC_REG_BASE+0x0F6E))
 ^
In file included from drivers/misc/mediatek/mach/mt6735/mt_cpufreq.c:64:0:
/home/satory-ra/Android/kernel/android_kernel_oukitel_orange/drivers/misc/mediatek/pmic_wrap/mt6735/pwrap_hal.h:1168:0: warning: "MT6328_CHR_CON20" redefined
 #define MT6328_CHR_CON20             ((UINT32)(MT6328_PMIC_REG_BASE+0x0F70))
 ^
In file included from /home/satory-ra/Android/kernel/android_kernel_oukitel_orange/drivers/misc/mediatek/mach/mt6735/include/mach/upmu_common.h:7:0,
                 from drivers/misc/mediatek/mach/mt6735/mt_cpufreq.c:61:
/home/satory-ra/Android/kernel/android_kernel_oukitel_orange/drivers/misc/mediatek/mach/mt6735/include/mach/upmu_hw.h:791:0: note: this is the location of the previous definition
 #define MT6328_CHR_CON20             ((MT6328_PMIC_REG_BASE+0x0F70))
 ^
In file included from drivers/misc/mediatek/mach/mt6735/mt_cpufreq.c:64:0:
/home/satory-ra/Android/kernel/android_kernel_oukitel_orange/drivers/misc/mediatek/pmic_wrap/mt6735/pwrap_hal.h:1169:0: warning: "MT6328_CHR_CON21" redefined
 #define MT6328_CHR_CON21             ((UINT32)(MT6328_PMIC_REG_BASE+0x0F72))
 ^
In file included from /home/satory-ra/Android/kernel/android_kernel_oukitel_orange/drivers/misc/mediatek/mach/mt6735/include/mach/upmu_common.h:7:0,
                 from drivers/misc/mediatek/mach/mt6735/mt_cpufreq.c:61:
/home/satory-ra/Android/kernel/android_kernel_oukitel_orange/drivers/misc/mediatek/mach/mt6735/include/mach/upmu_hw.h:792:0: note: this is the location of the previous definition
 #define MT6328_CHR_CON21             ((MT6328_PMIC_REG_BASE+0x0F72))
 ^
In file included from drivers/misc/mediatek/mach/mt6735/mt_cpufreq.c:64:0:
/home/satory-ra/Android/kernel/android_kernel_oukitel_orange/drivers/misc/mediatek/pmic_wrap/mt6735/pwrap_hal.h:1170:0: warning: "MT6328_CHR_CON22" redefined
 #define MT6328_CHR_CON22             ((UINT32)(MT6328_PMIC_REG_BASE+0x0F74))
 ^
In file included from /home/satory-ra/Android/kernel/android_kernel_oukitel_orange/drivers/misc/mediatek/mach/mt6735/include/mach/upmu_common.h:7:0,
                 from drivers/misc/mediatek/mach/mt6735/mt_cpufreq.c:61:
/home/satory-ra/Android/kernel/android_kernel_oukitel_orange/drivers/misc/mediatek/mach/mt6735/include/mach/upmu_hw.h:793:0: note: this is the location of the previous definition
 #define MT6328_CHR_CON22             ((MT6328_PMIC_REG_BASE+0x0F74))
 ^
In file included from drivers/misc/mediatek/mach/mt6735/mt_cpufreq.c:64:0:
/home/satory-ra/Android/kernel/android_kernel_oukitel_orange/drivers/misc/mediatek/pmic_wrap/mt6735/pwrap_hal.h:1171:0: warning: "MT6328_CHR_CON23" redefined
 #define MT6328_CHR_CON23             ((UINT32)(MT6328_PMIC_REG_BASE+0x0F76))
 ^
In file included from /home/satory-ra/Android/kernel/android_kernel_oukitel_orange/drivers/misc/mediatek/mach/mt6735/include/mach/upmu_common.h:7:0,
                 from drivers/misc/mediatek/mach/mt6735/mt_cpufreq.c:61:
/home/satory-ra/Android/kernel/android_kernel_oukitel_orange/drivers/misc/mediatek/mach/mt6735/include/mach/upmu_hw.h:794:0: note: this is the location of the previous definition
 #define MT6328_CHR_CON23             ((MT6328_PMIC_REG_BASE+0x0F76))
 ^
In file included from drivers/misc/mediatek/mach/mt6735/mt_cpufreq.c:64:0:
/home/satory-ra/Android/kernel/android_kernel_oukitel_orange/drivers/misc/mediatek/pmic_wrap/mt6735/pwrap_hal.h:1172:0: warning: "MT6328_CHR_CON24" redefined
 #define MT6328_CHR_CON24             ((UINT32)(MT6328_PMIC_REG_BASE+0x0F78))
 ^
In file included from /home/satory-ra/Android/kernel/android_kernel_oukitel_orange/drivers/misc/mediatek/mach/mt6735/include/mach/upmu_common.h:7:0,
                 from drivers/misc/mediatek/mach/mt6735/mt_cpufreq.c:61:
/home/satory-ra/Android/kernel/android_kernel_oukitel_orange/drivers/misc/mediatek/mach/mt6735/include/mach/upmu_hw.h:795:0: note: this is the location of the previous definition
 #define MT6328_CHR_CON24             ((MT6328_PMIC_REG_BASE+0x0F78))
 ^
In file included from drivers/misc/mediatek/mach/mt6735/mt_cpufreq.c:64:0:
/home/satory-ra/Android/kernel/android_kernel_oukitel_orange/drivers/misc/mediatek/pmic_wrap/mt6735/pwrap_hal.h:1173:0: warning: "MT6328_CHR_CON25" redefined
 #define MT6328_CHR_CON25             ((UINT32)(MT6328_PMIC_REG_BASE+0x0F7A))
 ^
In file included from /home/satory-ra/Android/kernel/android_kernel_oukitel_orange/drivers/misc/mediatek/mach/mt6735/include/mach/upmu_common.h:7:0,
                 from drivers/misc/mediatek/mach/mt6735/mt_cpufreq.c:61:
/home/satory-ra/Android/kernel/android_kernel_oukitel_orange/drivers/misc/mediatek/mach/mt6735/include/mach/upmu_hw.h:796:0: note: this is the location of the previous definition
 #define MT6328_CHR_CON25             ((MT6328_PMIC_REG_BASE+0x0F7A))
 ^
In file included from drivers/misc/mediatek/mach/mt6735/mt_cpufreq.c:64:0:
/home/satory-ra/Android/kernel/android_kernel_oukitel_orange/drivers/misc/mediatek/pmic_wrap/mt6735/pwrap_hal.h:1174:0: warning: "MT6328_CHR_CON26" redefined
 #define MT6328_CHR_CON26             ((UINT32)(MT6328_PMIC_REG_BASE+0x0F7C))
 ^
In file included from /home/satory-ra/Android/kernel/android_kernel_oukitel_orange/drivers/misc/mediatek/mach/mt6735/include/mach/upmu_common.h:7:0,
                 from drivers/misc/mediatek/mach/mt6735/mt_cpufreq.c:61:
/home/satory-ra/Android/kernel/android_kernel_oukitel_orange/drivers/misc/mediatek/mach/mt6735/include/mach/upmu_hw.h:797:0: note: this is the location of the previous definition
 #define MT6328_CHR_CON26             ((MT6328_PMIC_REG_BASE+0x0F7C))
 ^
In file included from drivers/misc/mediatek/mach/mt6735/mt_cpufreq.c:64:0:
/home/satory-ra/Android/kernel/android_kernel_oukitel_orange/drivers/misc/mediatek/pmic_wrap/mt6735/pwrap_hal.h:1175:0: warning: "MT6328_CHR_CON27" redefined
 #define MT6328_CHR_CON27             ((UINT32)(MT6328_PMIC_REG_BASE+0x0F7E))
 ^
In file included from /home/satory-ra/Android/kernel/android_kernel_oukitel_orange/drivers/misc/mediatek/mach/mt6735/include/mach/upmu_common.h:7:0,
                 from drivers/misc/mediatek/mach/mt6735/mt_cpufreq.c:61:
/home/satory-ra/Android/kernel/android_kernel_oukitel_orange/drivers/misc/mediatek/mach/mt6735/include/mach/upmu_hw.h:798:0: note: this is the location of the previous definition
 #define MT6328_CHR_CON27             ((MT6328_PMIC_REG_BASE+0x0F7E))
 ^
In file included from drivers/misc/mediatek/mach/mt6735/mt_cpufreq.c:64:0:
/home/satory-ra/Android/kernel/android_kernel_oukitel_orange/drivers/misc/mediatek/pmic_wrap/mt6735/pwrap_hal.h:1176:0: warning: "MT6328_CHR_CON28" redefined
 #define MT6328_CHR_CON28             ((UINT32)(MT6328_PMIC_REG_BASE+0x0F80))
 ^
In file included from /home/satory-ra/Android/kernel/android_kernel_oukitel_orange/drivers/misc/mediatek/mach/mt6735/include/mach/upmu_common.h:7:0,
                 from drivers/misc/mediatek/mach/mt6735/mt_cpufreq.c:61:
/home/satory-ra/Android/kernel/android_kernel_oukitel_orange/drivers/misc/mediatek/mach/mt6735/include/mach/upmu_hw.h:799:0: note: this is the location of the previous definition
 #define MT6328_CHR_CON28             ((MT6328_PMIC_REG_BASE+0x0F80))
 ^
In file included from drivers/misc/mediatek/mach/mt6735/mt_cpufreq.c:64:0:
/home/satory-ra/Android/kernel/android_kernel_oukitel_orange/drivers/misc/mediatek/pmic_wrap/mt6735/pwrap_hal.h:1177:0: warning: "MT6328_CHR_CON29" redefined
 #define MT6328_CHR_CON29             ((UINT32)(MT6328_PMIC_REG_BASE+0x0F82))
 ^
In file included from /home/satory-ra/Android/kernel/android_kernel_oukitel_orange/drivers/misc/mediatek/mach/mt6735/include/mach/upmu_common.h:7:0,
                 from drivers/misc/mediatek/mach/mt6735/mt_cpufreq.c:61:
/home/satory-ra/Android/kernel/android_kernel_oukitel_orange/drivers/misc/mediatek/mach/mt6735/include/mach/upmu_hw.h:800:0: note: this is the location of the previous definition
 #define MT6328_CHR_CON29             ((MT6328_PMIC_REG_BASE+0x0F82))
 ^
In file included from drivers/misc/mediatek/mach/mt6735/mt_cpufreq.c:64:0:
/home/satory-ra/Android/kernel/android_kernel_oukitel_orange/drivers/misc/mediatek/pmic_wrap/mt6735/pwrap_hal.h:1178:0: warning: "MT6328_CHR_CON30" redefined
 #define MT6328_CHR_CON30             ((UINT32)(MT6328_PMIC_REG_BASE+0x0F84))
 ^
In file included from /home/satory-ra/Android/kernel/android_kernel_oukitel_orange/drivers/misc/mediatek/mach/mt6735/include/mach/upmu_common.h:7:0,
                 from drivers/misc/mediatek/mach/mt6735/mt_cpufreq.c:61:
/home/satory-ra/Android/kernel/android_kernel_oukitel_orange/drivers/misc/mediatek/mach/mt6735/include/mach/upmu_hw.h:801:0: note: this is the location of the previous definition
 #define MT6328_CHR_CON30             ((MT6328_PMIC_REG_BASE+0x0F84))
 ^
In file included from drivers/misc/mediatek/mach/mt6735/mt_cpufreq.c:64:0:
/home/satory-ra/Android/kernel/android_kernel_oukitel_orange/drivers/misc/mediatek/pmic_wrap/mt6735/pwrap_hal.h:1179:0: warning: "MT6328_CHR_CON31" redefined
 #define MT6328_CHR_CON31             ((UINT32)(MT6328_PMIC_REG_BASE+0x0F86))
 ^
In file included from /home/satory-ra/Android/kernel/android_kernel_oukitel_orange/drivers/misc/mediatek/mach/mt6735/include/mach/upmu_common.h:7:0,
                 from drivers/misc/mediatek/mach/mt6735/mt_cpufreq.c:61:
/home/satory-ra/Android/kernel/android_kernel_oukitel_orange/drivers/misc/mediatek/mach/mt6735/include/mach/upmu_hw.h:802:0: note: this is the location of the previous definition
 #define MT6328_CHR_CON31             ((MT6328_PMIC_REG_BASE+0x0F86))
 ^
In file included from drivers/misc/mediatek/mach/mt6735/mt_cpufreq.c:64:0:
/home/satory-ra/Android/kernel/android_kernel_oukitel_orange/drivers/misc/mediatek/pmic_wrap/mt6735/pwrap_hal.h:1180:0: warning: "MT6328_CHR_CON32" redefined
 #define MT6328_CHR_CON32             ((UINT32)(MT6328_PMIC_REG_BASE+0x0F88))
 ^
In file included from /home/satory-ra/Android/kernel/android_kernel_oukitel_orange/drivers/misc/mediatek/mach/mt6735/include/mach/upmu_common.h:7:0,
                 from drivers/misc/mediatek/mach/mt6735/mt_cpufreq.c:61:
/home/satory-ra/Android/kernel/android_kernel_oukitel_orange/drivers/misc/mediatek/mach/mt6735/include/mach/upmu_hw.h:803:0: note: this is the location of the previous definition
 #define MT6328_CHR_CON32             ((MT6328_PMIC_REG_BASE+0x0F88))
 ^
In file included from drivers/misc/mediatek/mach/mt6735/mt_cpufreq.c:64:0:
/home/satory-ra/Android/kernel/android_kernel_oukitel_orange/drivers/misc/mediatek/pmic_wrap/mt6735/pwrap_hal.h:1181:0: warning: "MT6328_CHR_CON33" redefined
 #define MT6328_CHR_CON33             ((UINT32)(MT6328_PMIC_REG_BASE+0x0F8A))
 ^
In file included from /home/satory-ra/Android/kernel/android_kernel_oukitel_orange/drivers/misc/mediatek/mach/mt6735/include/mach/upmu_common.h:7:0,
                 from drivers/misc/mediatek/mach/mt6735/mt_cpufreq.c:61:
/home/satory-ra/Android/kernel/android_kernel_oukitel_orange/drivers/misc/mediatek/mach/mt6735/include/mach/upmu_hw.h:804:0: note: this is the location of the previous definition
 #define MT6328_CHR_CON33             ((MT6328_PMIC_REG_BASE+0x0F8A))
 ^
In file included from drivers/misc/mediatek/mach/mt6735/mt_cpufreq.c:64:0:
/home/satory-ra/Android/kernel/android_kernel_oukitel_orange/drivers/misc/mediatek/pmic_wrap/mt6735/pwrap_hal.h:1182:0: warning: "MT6328_CHR_CON34" redefined
 #define MT6328_CHR_CON34             ((UINT32)(MT6328_PMIC_REG_BASE+0x0F8C))
 ^
In file included from /home/satory-ra/Android/kernel/android_kernel_oukitel_orange/drivers/misc/mediatek/mach/mt6735/include/mach/upmu_common.h:7:0,
                 from drivers/misc/mediatek/mach/mt6735/mt_cpufreq.c:61:
/home/satory-ra/Android/kernel/android_kernel_oukitel_orange/drivers/misc/mediatek/mach/mt6735/include/mach/upmu_hw.h:805:0: note: this is the location of the previous definition
 #define MT6328_CHR_CON34             ((MT6328_PMIC_REG_BASE+0x0F8C))
 ^
In file included from drivers/misc/mediatek/mach/mt6735/mt_cpufreq.c:64:0:
/home/satory-ra/Android/kernel/android_kernel_oukitel_orange/drivers/misc/mediatek/pmic_wrap/mt6735/pwrap_hal.h:1183:0: warning: "MT6328_CHR_CON35" redefined
 #define MT6328_CHR_CON35             ((UINT32)(MT6328_PMIC_REG_BASE+0x0F8E))
 ^
In file included from /home/satory-ra/Android/kernel/android_kernel_oukitel_orange/drivers/misc/mediatek/mach/mt6735/include/mach/upmu_common.h:7:0,
                 from drivers/misc/mediatek/mach/mt6735/mt_cpufreq.c:61:
/home/satory-ra/Android/kernel/android_kernel_oukitel_orange/drivers/misc/mediatek/mach/mt6735/include/mach/upmu_hw.h:806:0: note: this is the location of the previous definition
 #define MT6328_CHR_CON35             ((MT6328_PMIC_REG_BASE+0x0F8E))
 ^
In file included from drivers/misc/mediatek/mach/mt6735/mt_cpufreq.c:64:0:
/home/satory-ra/Android/kernel/android_kernel_oukitel_orange/drivers/misc/mediatek/pmic_wrap/mt6735/pwrap_hal.h:1184:0: warning: "MT6328_CHR_CON36" redefined
 #define MT6328_CHR_CON36             ((UINT32)(MT6328_PMIC_REG_BASE+0x0F90))
 ^
In file included from /home/satory-ra/Android/kernel/android_kernel_oukitel_orange/drivers/misc/mediatek/mach/mt6735/include/mach/upmu_common.h:7:0,
                 from drivers/misc/mediatek/mach/mt6735/mt_cpufreq.c:61:
/home/satory-ra/Android/kernel/android_kernel_oukitel_orange/drivers/misc/mediatek/mach/mt6735/include/mach/upmu_hw.h:807:0: note: this is the location of the previous definition
 #define MT6328_CHR_CON36             ((MT6328_PMIC_REG_BASE+0x0F90))
 ^
In file included from drivers/misc/mediatek/mach/mt6735/mt_cpufreq.c:64:0:
/home/satory-ra/Android/kernel/android_kernel_oukitel_orange/drivers/misc/mediatek/pmic_wrap/mt6735/pwrap_hal.h:1185:0: warning: "MT6328_CHR_CON37" redefined
 #define MT6328_CHR_CON37             ((UINT32)(MT6328_PMIC_REG_BASE+0x0F92))
 ^
In file included from /home/satory-ra/Android/kernel/android_kernel_oukitel_orange/drivers/misc/mediatek/mach/mt6735/include/mach/upmu_common.h:7:0,
                 from drivers/misc/mediatek/mach/mt6735/mt_cpufreq.c:61:
/home/satory-ra/Android/kernel/android_kernel_oukitel_orange/drivers/misc/mediatek/mach/mt6735/include/mach/upmu_hw.h:808:0: note: this is the location of the previous definition
 #define MT6328_CHR_CON37             ((MT6328_PMIC_REG_BASE+0x0F92))
 ^
In file included from drivers/misc/mediatek/mach/mt6735/mt_cpufreq.c:64:0:
/home/satory-ra/Android/kernel/android_kernel_oukitel_orange/drivers/misc/mediatek/pmic_wrap/mt6735/pwrap_hal.h:1186:0: warning: "MT6328_CHR_CON38" redefined
 #define MT6328_CHR_CON38             ((UINT32)(MT6328_PMIC_REG_BASE+0x0F94))
 ^
In file included from /home/satory-ra/Android/kernel/android_kernel_oukitel_orange/drivers/misc/mediatek/mach/mt6735/include/mach/upmu_common.h:7:0,
                 from drivers/misc/mediatek/mach/mt6735/mt_cpufreq.c:61:
/home/satory-ra/Android/kernel/android_kernel_oukitel_orange/drivers/misc/mediatek/mach/mt6735/include/mach/upmu_hw.h:809:0: note: this is the location of the previous definition
 #define MT6328_CHR_CON38             ((MT6328_PMIC_REG_BASE+0x0F94))
 ^
In file included from drivers/misc/mediatek/mach/mt6735/mt_cpufreq.c:64:0:
/home/satory-ra/Android/kernel/android_kernel_oukitel_orange/drivers/misc/mediatek/pmic_wrap/mt6735/pwrap_hal.h:1187:0: warning: "MT6328_CHR_CON39" redefined
 #define MT6328_CHR_CON39             ((UINT32)(MT6328_PMIC_REG_BASE+0x0F96))
 ^
In file included from /home/satory-ra/Android/kernel/android_kernel_oukitel_orange/drivers/misc/mediatek/mach/mt6735/include/mach/upmu_common.h:7:0,
                 from drivers/misc/mediatek/mach/mt6735/mt_cpufreq.c:61:
/home/satory-ra/Android/kernel/android_kernel_oukitel_orange/drivers/misc/mediatek/mach/mt6735/include/mach/upmu_hw.h:810:0: note: this is the location of the previous definition
 #define MT6328_CHR_CON39             ((MT6328_PMIC_REG_BASE+0x0F96))
 ^
In file included from drivers/misc/mediatek/mach/mt6735/mt_cpufreq.c:64:0:
/home/satory-ra/Android/kernel/android_kernel_oukitel_orange/drivers/misc/mediatek/pmic_wrap/mt6735/pwrap_hal.h:1188:0: warning: "MT6328_CHR_CON40" redefined
 #define MT6328_CHR_CON40             ((UINT32)(MT6328_PMIC_REG_BASE+0x0F98))
 ^
In file included from /home/satory-ra/Android/kernel/android_kernel_oukitel_orange/drivers/misc/mediatek/mach/mt6735/include/mach/upmu_common.h:7:0,
                 from drivers/misc/mediatek/mach/mt6735/mt_cpufreq.c:61:
/home/satory-ra/Android/kernel/android_kernel_oukitel_orange/drivers/misc/mediatek/mach/mt6735/include/mach/upmu_hw.h:811:0: note: this is the location of the previous definition
 #define MT6328_CHR_CON40             ((MT6328_PMIC_REG_BASE+0x0F98))
 ^
In file included from drivers/misc/mediatek/mach/mt6735/mt_cpufreq.c:64:0:
/home/satory-ra/Android/kernel/android_kernel_oukitel_orange/drivers/misc/mediatek/pmic_wrap/mt6735/pwrap_hal.h:1189:0: warning: "MT6328_CHR_CON41" redefined
 #define MT6328_CHR_CON41             ((UINT32)(MT6328_PMIC_REG_BASE+0x0F9A))
 ^
In file included from /home/satory-ra/Android/kernel/android_kernel_oukitel_orange/drivers/misc/mediatek/mach/mt6735/include/mach/upmu_common.h:7:0,
                 from drivers/misc/mediatek/mach/mt6735/mt_cpufreq.c:61:
/home/satory-ra/Android/kernel/android_kernel_oukitel_orange/drivers/misc/mediatek/mach/mt6735/include/mach/upmu_hw.h:812:0: note: this is the location of the previous definition
 #define MT6328_CHR_CON41             ((MT6328_PMIC_REG_BASE+0x0F9A))
 ^
In file included from drivers/misc/mediatek/mach/mt6735/mt_cpufreq.c:64:0:
/home/satory-ra/Android/kernel/android_kernel_oukitel_orange/drivers/misc/mediatek/pmic_wrap/mt6735/pwrap_hal.h:1190:0: warning: "MT6328_CHR_CON42" redefined
 #define MT6328_CHR_CON42             ((UINT32)(MT6328_PMIC_REG_BASE+0x0F9C))
 ^
In file included from /home/satory-ra/Android/kernel/android_kernel_oukitel_orange/drivers/misc/mediatek/mach/mt6735/include/mach/upmu_common.h:7:0,
                 from drivers/misc/mediatek/mach/mt6735/mt_cpufreq.c:61:
/home/satory-ra/Android/kernel/android_kernel_oukitel_orange/drivers/misc/mediatek/mach/mt6735/include/mach/upmu_hw.h:813:0: note: this is the location of the previous definition
 #define MT6328_CHR_CON42             ((MT6328_PMIC_REG_BASE+0x0F9C))
 ^
In file included from drivers/misc/mediatek/mach/mt6735/mt_cpufreq.c:64:0:
/home/satory-ra/Android/kernel/android_kernel_oukitel_orange/drivers/misc/mediatek/pmic_wrap/mt6735/pwrap_hal.h:1191:0: warning: "MT6328_BATON_CON0" redefined
 #define MT6328_BATON_CON0            ((UINT32)(MT6328_PMIC_REG_BASE+0x0F9E))
 ^
In file included from /home/satory-ra/Android/kernel/android_kernel_oukitel_orange/drivers/misc/mediatek/mach/mt6735/include/mach/upmu_common.h:7:0,
                 from drivers/misc/mediatek/mach/mt6735/mt_cpufreq.c:61:
/home/satory-ra/Android/kernel/android_kernel_oukitel_orange/drivers/misc/mediatek/mach/mt6735/include/mach/upmu_hw.h:814:0: note: this is the location of the previous definition
 #define MT6328_BATON_CON0            ((MT6328_PMIC_REG_BASE+0x0F9E))
 ^
In file included from drivers/misc/mediatek/mach/mt6735/mt_cpufreq.c:64:0:
/home/satory-ra/Android/kernel/android_kernel_oukitel_orange/drivers/misc/mediatek/pmic_wrap/mt6735/pwrap_hal.h:1192:0: warning: "MT6328_CHR_CON43" redefined
 #define MT6328_CHR_CON43             ((UINT32)(MT6328_PMIC_REG_BASE+0x0FA0))
 ^
In file included from /home/satory-ra/Android/kernel/android_kernel_oukitel_orange/drivers/misc/mediatek/mach/mt6735/include/mach/upmu_common.h:7:0,
                 from drivers/misc/mediatek/mach/mt6735/mt_cpufreq.c:61:
/home/satory-ra/Android/kernel/android_kernel_oukitel_orange/drivers/misc/mediatek/mach/mt6735/include/mach/upmu_hw.h:815:0: note: this is the location of the previous definition
 #define MT6328_CHR_CON43             ((MT6328_PMIC_REG_BASE+0x0FA0))
 ^
In file included from drivers/misc/mediatek/mach/mt6735/mt_cpufreq.c:64:0:
/home/satory-ra/Android/kernel/android_kernel_oukitel_orange/drivers/misc/mediatek/pmic_wrap/mt6735/pwrap_hal.h:1193:0: warning: "MT6328_EOSC_CALI_CON0" redefined
 #define MT6328_EOSC_CALI_CON0        ((UINT32)(MT6328_PMIC_REG_BASE+0x0FAA))
 ^
In file included from /home/satory-ra/Android/kernel/android_kernel_oukitel_orange/drivers/misc/mediatek/mach/mt6735/include/mach/upmu_common.h:7:0,
                 from drivers/misc/mediatek/mach/mt6735/mt_cpufreq.c:61:
/home/satory-ra/Android/kernel/android_kernel_oukitel_orange/drivers/misc/mediatek/mach/mt6735/include/mach/upmu_hw.h:816:0: note: this is the location of the previous definition
 #define MT6328_EOSC_CALI_CON0        ((MT6328_PMIC_REG_BASE+0x0FAA))
 ^
In file included from drivers/misc/mediatek/mach/mt6735/mt_cpufreq.c:64:0:
/home/satory-ra/Android/kernel/android_kernel_oukitel_orange/drivers/misc/mediatek/pmic_wrap/mt6735/pwrap_hal.h:1194:0: warning: "MT6328_EOSC_CALI_CON1" redefined
 #define MT6328_EOSC_CALI_CON1        ((UINT32)(MT6328_PMIC_REG_BASE+0x0FAC))
 ^
In file included from /home/satory-ra/Android/kernel/android_kernel_oukitel_orange/drivers/misc/mediatek/mach/mt6735/include/mach/upmu_common.h:7:0,
                 from drivers/misc/mediatek/mach/mt6735/mt_cpufreq.c:61:
/home/satory-ra/Android/kernel/android_kernel_oukitel_orange/drivers/misc/mediatek/mach/mt6735/include/mach/upmu_hw.h:817:0: note: this is the location of the previous definition
 #define MT6328_EOSC_CALI_CON1        ((MT6328_PMIC_REG_BASE+0x0FAC))
 ^
In file included from drivers/misc/mediatek/mach/mt6735/mt_cpufreq.c:64:0:
/home/satory-ra/Android/kernel/android_kernel_oukitel_orange/drivers/misc/mediatek/pmic_wrap/mt6735/pwrap_hal.h:1195:0: warning: "MT6328_VRTC_PWM_CON0" redefined
 #define MT6328_VRTC_PWM_CON0         ((UINT32)(MT6328_PMIC_REG_BASE+0x0FAE))
 ^
In file included from /home/satory-ra/Android/kernel/android_kernel_oukitel_orange/drivers/misc/mediatek/mach/mt6735/include/mach/upmu_common.h:7:0,
                 from drivers/misc/mediatek/mach/mt6735/mt_cpufreq.c:61:
/home/satory-ra/Android/kernel/android_kernel_oukitel_orange/drivers/misc/mediatek/mach/mt6735/include/mach/upmu_hw.h:818:0: note: this is the location of the previous definition
 #define MT6328_VRTC_PWM_CON0         ((MT6328_PMIC_REG_BASE+0x0FAE))
 ^
In file included from drivers/video/fbcvt.c:15:0:
include/linux/fb.h:26:0: warning: "CONFIG_DMA_SHARED_BUFFER" redefined
 #define CONFIG_DMA_SHARED_BUFFER
 ^
In file included from /home/satory-ra/Android/kernel/android_kernel_oukitel_orange/include/linux/kconfig.h:4:0,
                 from <command-line>:0:
include/generated/autoconf.h:920:0: note: this is the location of the previous definition
 #define CONFIG_DMA_SHARED_BUFFER 1
 ^
  LD      drivers/video/backlight/built-in.o
  CC      drivers/video/console/fonts.o
  CC      drivers/video/console/font_8x16.o
  LD      drivers/video/console/font.o
  LD      drivers/video/console/built-in.o
  LD      drivers/video/omap2/displays/built-in.o
  LD      drivers/video/omap2/built-in.o
  CC      drivers/video/cfbfillrect.o
  CC      drivers/misc/mediatek/mach/mt6735/mt_cpu_ss.o
In file included from drivers/video/cfbfillrect.c:18:0:
include/linux/fb.h:26:0: warning: "CONFIG_DMA_SHARED_BUFFER" redefined
 #define CONFIG_DMA_SHARED_BUFFER
 ^
In file included from /home/satory-ra/Android/kernel/android_kernel_oukitel_orange/include/linux/kconfig.h:4:0,
                 from <command-line>:0:
include/generated/autoconf.h:920:0: note: this is the location of the previous definition
 #define CONFIG_DMA_SHARED_BUFFER 1
 ^
  CC      drivers/video/cfbcopyarea.o
  CC      drivers/misc/mediatek/mach/mt6735/mt_gpufreq.o
In file included from drivers/video/cfbcopyarea.c:28:0:
include/linux/fb.h:26:0: warning: "CONFIG_DMA_SHARED_BUFFER" redefined
 #define CONFIG_DMA_SHARED_BUFFER
 ^
In file included from /home/satory-ra/Android/kernel/android_kernel_oukitel_orange/include/linux/kconfig.h:4:0,
                 from <command-line>:0:
include/generated/autoconf.h:920:0: note: this is the location of the previous definition
 #define CONFIG_DMA_SHARED_BUFFER 1
 ^
  CC      drivers/video/cfbimgblt.o
In file included from drivers/video/cfbimgblt.c:34:0:
include/linux/fb.h:26:0: warning: "CONFIG_DMA_SHARED_BUFFER" redefined
 #define CONFIG_DMA_SHARED_BUFFER
 ^
In file included from /home/satory-ra/Android/kernel/android_kernel_oukitel_orange/include/linux/kconfig.h:4:0,
                 from <command-line>:0:
include/generated/autoconf.h:920:0: note: this is the location of the previous definition
 #define CONFIG_DMA_SHARED_BUFFER 1
 ^
  LD      drivers/video/fb.o
  LD      drivers/video/built-in.o
  CC      drivers/misc/mediatek/mach/mt6735/mt_pbm.o
  CC      drivers/misc/mediatek/mach/mt6735/mt_cpuidle.o
  CC      drivers/usb/misc/trancevibrator.o
  AS      drivers/misc/mediatek/mach/mt6735/cpu_dormant.o
  LD      drivers/usb/misc/built-in.o
  CC      drivers/misc/mediatek/mach/mt6735/mt_idle2.o
  CC      drivers/usb/phy/phy.o
  CC      drivers/usb/phy/phy-nop.o
  CC      drivers/usb/gadget/usbstring.o
  CC      drivers/misc/mediatek/mach/mt6735/mt_clkbuf_ctl2.o
  LD      drivers/usb/phy/built-in.o
  CC      drivers/usb/gadget/config.o
  CC      drivers/usb/storage/alauda.o
  CC      drivers/misc/mediatek/mach/mt6735/mt_dcm.o
  CC      drivers/usb/gadget/epautoconf.o
  CC      drivers/usb/gadget/composite.o
  CC      drivers/misc/mediatek/mach/mt6735/mt_clkmgr_common_legacy.o
  CC      drivers/misc/mediatek/mach/mt6735/mt_clkmgr2.o
  CC      drivers/usb/storage/cypress_atacb.o
  CC      drivers/usb/gadget/functions.o
  CC      drivers/usb/gadget/configfs.o
  CC      drivers/usb/storage/datafab.o
  CC      drivers/usb/gadget/f_acm.o
  CC      drivers/misc/mediatek/mach/mt6735/mt_static_power.o
  CC      drivers/usb/storage/freecom.o
  CC      drivers/misc/mediatek/mach/mt6735/mt_ptp.o
  CC      drivers/usb/gadget/f_serial.o
In file included from include/mach/mt_gpio.h:15:0,
                 from drivers/misc/mediatek/mach/mt6735/mt_ptp.c:170:
/home/satory-ra/Android/kernel/android_kernel_oukitel_orange/drivers/misc/mediatek/mach/mt6735/Sprint4g/dct/dct/inc/cust_gpio_usage.h:481:0: warning: "GPIO_KPD_KCOL1_PIN_M_UCTS" redefined
 #define GPIO_KPD_KCOL1_PIN_M_UCTS   GPIO_MODE_03
 ^
/home/satory-ra/Android/kernel/android_kernel_oukitel_orange/drivers/misc/mediatek/mach/mt6735/Sprint4g/dct/dct/inc/cust_gpio_usage.h:480:0: note: this is the location of the previous definition
 #define GPIO_KPD_KCOL1_PIN_M_UCTS   GPIO_MODE_02
 ^
  CC      drivers/usb/storage/isd200.o
drivers/misc/mediatek/mach/mt6735/mt_ptp.c: In function 'ptp_probe':
drivers/misc/mediatek/mach/mt6735/mt_ptp.c:2604:15: warning: unused variable 'code' [-Wunused-variable]
  unsigned int code = mt_get_chip_hw_code();
               ^
drivers/misc/mediatek/mach/mt6735/mt_ptp.c: In function 'set_volt_lte':
drivers/misc/mediatek/mach/mt6735/mt_ptp.c:1257:1: warning: control reaches end of non-void function [-Wreturn-type]
 }
 ^
  CC      drivers/usb/gadget/u_serial.o
  CC      drivers/usb/storage/jumpshot.o
drivers/misc/mediatek/mach/mt6735/mt_ptp.c: In function 'ptp_init01':
drivers/misc/mediatek/mach/mt6735/mt_ptp.c:322:37: warning: 'vboot' may be used uninitialized in this function [-Wmaybe-uninitialized]
 #define ptp_error(fmt, args...)     printk(KERN_ERR "[PTP] " fmt, ##args)
                                     ^
drivers/misc/mediatek/mach/mt6735/mt_ptp.c:2352:17: note: 'vboot' was declared here
    unsigned int vboot;
                 ^
drivers/misc/mediatek/mach/mt6735/mt_ptp.c: In function 'get_devinfo':
drivers/misc/mediatek/mach/mt6735/mt_ptp.c:2477:24: warning: 'i' may be used uninitialized in this function [-Wmaybe-uninitialized]
     val[0] = devinfo[i].M_HW_RES0;  /* M_HW_RES0 */
                        ^
  CC      drivers/misc/mediatek/mach/mt6735/cpu_hibernate.o
  LD      drivers/usb/gadget/usb_f_serial.o
  LD      drivers/usb/gadget/g_android.o
  CC      drivers/usb/storage/karma.o
  LD      drivers/usb/gadget/libcomposite.o
  LD      drivers/usb/gadget/usb_f_acm.o
  LD      drivers/usb/gadget/built-in.o
  CC      drivers/usb/usb-common.o
  CC      drivers/misc/mediatek/mach/mt6735/swsusp.o
  CC      drivers/usb/storage/onetouch.o
  CC      drivers/misc/mediatek/mach/mt6735/Sprint4g/accdet/accdet_custom.o
  LD      drivers/misc/mediatek/mach/mt6735/Sprint4g/accdet/built-in.o
  CC      drivers/misc/mediatek/mach/mt6735/Sprint4g/accelerometer/KXTJ2_1009-new/cust_acc.o
  CC      drivers/usb/storage/sddr09.o
  LD      drivers/misc/mediatek/mach/mt6735/Sprint4g/accelerometer/KXTJ2_1009-new/built-in.o
  CC      drivers/misc/mediatek/mach/mt6735/Sprint4g/alsps/ltr559/cust_acc.o
drivers/misc/mediatek/mach/mt6735/Sprint4g/alsps/ltr559/cust_acc.c:11:5: warning: excess elements in array initializer
     .als_level  = {0,  20, 40, 70, 100, 150,  200,  300, 600, 1000,  2000, 6000, 10000, 14000, 18000, 20000},
     ^
drivers/misc/mediatek/mach/mt6735/Sprint4g/alsps/ltr559/cust_acc.c:11:5: warning: (near initialization for 'cust_alsps_hw.als_level')
  LD      drivers/misc/mediatek/mach/mt6735/Sprint4g/alsps/ltr559/built-in.o
  CC      drivers/misc/mediatek/mach/mt6735/Sprint4g/camera/camera/kd_camera_hw.o
In file included from include/mach/mt_gpio.h:15:0,
                 from drivers/misc/mediatek/mach/mt6735/Sprint4g/camera/camera/kd_camera_hw.h:4,
                 from drivers/misc/mediatek/mach/mt6735/Sprint4g/camera/camera/kd_camera_hw.c:12:
/home/satory-ra/Android/kernel/android_kernel_oukitel_orange/drivers/misc/mediatek/mach/mt6735/Sprint4g/dct/dct/inc/cust_gpio_usage.h:481:0: warning: "GPIO_KPD_KCOL1_PIN_M_UCTS" redefined
 #define GPIO_KPD_KCOL1_PIN_M_UCTS   GPIO_MODE_03
 ^
/home/satory-ra/Android/kernel/android_kernel_oukitel_orange/drivers/misc/mediatek/mach/mt6735/Sprint4g/dct/dct/inc/cust_gpio_usage.h:480:0: note: this is the location of the previous definition
 #define GPIO_KPD_KCOL1_PIN_M_UCTS   GPIO_MODE_02
 ^
drivers/misc/mediatek/mach/mt6735/Sprint4g/camera/camera/kd_camera_hw.c: In function 'config_sensor_rst_pwd':
drivers/misc/mediatek/mach/mt6735/Sprint4g/camera/camera/kd_camera_hw.c:767:6: warning: the address of 'g_MainSensorName' will always evaluate as 'true' [-Waddress]
   if(g_MainSensorName && (PowerOnList.PowerSeq[pwListIdx].SensorName!=NULL) && (0 == strcmp(PowerOnList.PowerSeq[pwListIdx].SensorName,g_MainSensorName)))
      ^
drivers/misc/mediatek/mach/mt6735/Sprint4g/camera/camera/kd_camera_hw.c:787:6: warning: the address of 'g_SubSensorName' will always evaluate as 'true' [-Waddress]
   if(g_SubSensorName && (PowerOnList.PowerSeq[pwListIdx].SensorName!=NULL) && (0 == strcmp(PowerOnList.PowerSeq[pwListIdx].SensorName,g_SubSensorName)))
      ^
drivers/misc/mediatek/mach/mt6735/Sprint4g/camera/camera/kd_camera_hw.c: At top level:
drivers/misc/mediatek/mach/mt6735/Sprint4g/camera/camera/kd_camera_hw.c:825:13: warning: 'config_subsensor_rst_pwd_when_nosub' defined but not used [-Wunused-function]
 static void config_subsensor_rst_pwd_when_nosub(char *currSensorName)
             ^
  CC      drivers/misc/mediatek/mach/mt6735/Sprint4g/core/board.o
  LD      drivers/misc/mediatek/mach/mt6735/Sprint4g/camera/camera/built-in.o
  CC      drivers/misc/mediatek/mach/mt6735/Sprint4g/dct/dct/pmic_drv.o
In file included from include/mach/mt_gpio.h:15:0,
                 from drivers/misc/mediatek/mach/mt6735/Sprint4g/core/board.c:27:
/home/satory-ra/Android/kernel/android_kernel_oukitel_orange/drivers/misc/mediatek/mach/mt6735/Sprint4g/dct/dct/inc/cust_gpio_usage.h:481:0: warning: "GPIO_KPD_KCOL1_PIN_M_UCTS" redefined
 #define GPIO_KPD_KCOL1_PIN_M_UCTS   GPIO_MODE_03
 ^
/home/satory-ra/Android/kernel/android_kernel_oukitel_orange/drivers/misc/mediatek/mach/mt6735/Sprint4g/dct/dct/inc/cust_gpio_usage.h:480:0: note: this is the location of the previous definition
 #define GPIO_KPD_KCOL1_PIN_M_UCTS   GPIO_MODE_02
 ^
drivers/misc/mediatek/mach/mt6735/Sprint4g/core/board.c:111:24: warning: 'combo_port_pwr_map' defined but not used [-Wunused-variable]
   static unsigned char combo_port_pwr_map[4] = {0xFF, 0xFF, 0xFF, 0x0};
                        ^
  LD      drivers/misc/mediatek/mach/mt6735/Sprint4g/dct/dct/built-in.o
  LD      drivers/misc/mediatek/mach/mt6735/Sprint4g/core/built-in.o
  CC      drivers/usb/storage/sddr55.o
  CC      drivers/misc/mediatek/mach/mt6735/Sprint4g/keypad/mtk_kpd_bkl.o
  CC      drivers/misc/mediatek/mach/mt6735/Sprint4g/leds/mt65xx/cust_leds.o
In file included from /home/satory-ra/Android/kernel/android_kernel_oukitel_orange/drivers/misc/mediatek/mach/mt6735/Sprint4g/keypad/mtk_kpd.h:21:0,
                 from drivers/misc/mediatek/mach/mt6735/Sprint4g/keypad/mtk_kpd_bkl.c:18:
/home/satory-ra/Android/kernel/android_kernel_oukitel_orange/drivers/misc/mediatek/mach/mt6735/Sprint4g/dct/dct/inc/cust_kpd.h:82:0: warning: "KPD_DL_KEY1" redefined
 #define  KPD_DL_KEY1  17    /* KEY_VOLUMEUP */
 ^
/home/satory-ra/Android/kernel/android_kernel_oukitel_orange/drivers/misc/mediatek/mach/mt6735/Sprint4g/dct/dct/inc/cust_kpd.h:81:0: note: this is the location of the previous definition
 #define KPD_DL_KEY1  0    /* KEY_VOLUMEUP */
 ^
/home/satory-ra/Android/kernel/android_kernel_oukitel_orange/drivers/misc/mediatek/mach/mt6735/Sprint4g/dct/dct/inc/cust_kpd.h:89:0: warning: "MT65XX_RECOVERY_KEY" redefined
 #define MT65XX_RECOVERY_KEY  17    /* KEY_VOLUMEUP */
 ^
/home/satory-ra/Android/kernel/android_kernel_oukitel_orange/drivers/misc/mediatek/mach/mt6735/Sprint4g/dct/dct/inc/cust_kpd.h:88:0: note: this is the location of the previous definition
 #define MT65XX_RECOVERY_KEY  0    /* KEY_VOLUMEUP */
 ^
  LD      drivers/misc/mediatek/mach/mt6735/Sprint4g/keypad/built-in.o
  CC      drivers/misc/mediatek/mach/mt6735/Sprint4g/vibrator/cust_vibrator.o
In file included from include/mach/mt_gpio.h:15:0,
                 from /home/satory-ra/Android/kernel/android_kernel_oukitel_orange/drivers/misc/mediatek/mach/mt6735/include/mach/mt_pwm_hal.h:27,
                 from include/mach/mt_pwm.h:25,
                 from drivers/misc/mediatek/mach/mt6735/Sprint4g/leds/mt65xx/cust_leds.c:3:
/home/satory-ra/Android/kernel/android_kernel_oukitel_orange/drivers/misc/mediatek/mach/mt6735/Sprint4g/dct/dct/inc/cust_gpio_usage.h:481:0: warning: "GPIO_KPD_KCOL1_PIN_M_UCTS" redefined
 #define GPIO_KPD_KCOL1_PIN_M_UCTS   GPIO_MODE_03
 ^
/home/satory-ra/Android/kernel/android_kernel_oukitel_orange/drivers/misc/mediatek/mach/mt6735/Sprint4g/dct/dct/inc/cust_gpio_usage.h:480:0: note: this is the location of the previous definition
 #define GPIO_KPD_KCOL1_PIN_M_UCTS   GPIO_MODE_02
 ^
In file included from include/mach/mt_gpio.h:15:0,
                 from /home/satory-ra/Android/kernel/android_kernel_oukitel_orange/drivers/misc/mediatek/mach/mt6735/Sprint4g/vibrator/cust_vibrator.h:6,
                 from drivers/misc/mediatek/mach/mt6735/Sprint4g/vibrator/cust_vibrator.c:1:
/home/satory-ra/Android/kernel/android_kernel_oukitel_orange/drivers/misc/mediatek/mach/mt6735/Sprint4g/dct/dct/inc/cust_gpio_usage.h:481:0: warning: "GPIO_KPD_KCOL1_PIN_M_UCTS" redefined
 #define GPIO_KPD_KCOL1_PIN_M_UCTS   GPIO_MODE_03
 ^
/home/satory-ra/Android/kernel/android_kernel_oukitel_orange/drivers/misc/mediatek/mach/mt6735/Sprint4g/dct/dct/inc/cust_gpio_usage.h:480:0: note: this is the location of the previous definition
 #define GPIO_KPD_KCOL1_PIN_M_UCTS   GPIO_MODE_02
 ^
  LD      drivers/misc/mediatek/mach/mt6735/Sprint4g/vibrator/built-in.o
  CC      drivers/misc/mediatek/mach/mt6735/fliper/fliper.o
drivers/misc/mediatek/mach/mt6735/fliper/fliper.c:263:1: warning: 'fliper_pm_callback' defined but not used [-Wunused-function]
 fliper_pm_callback(struct notifier_block *nb,
 ^
  LD      drivers/misc/mediatek/mach/mt6735/Sprint4g/leds/mt65xx/built-in.o
  LD      drivers/misc/mediatek/mach/mt6735/Sprint4g/leds/built-in.o
  LD      drivers/misc/mediatek/mach/mt6735/fliper/built-in.o
  LD      drivers/misc/mediatek/mach/mt6735/Sprint4g/built-in.o
  CC      drivers/misc/mediatek/mach/mt6735/mt_emi_bm.o
  CC      drivers/misc/mediatek/mach/mt6735/mt_mem_bw.o
  CC      drivers/usb/storage/shuttle_usbat.o
drivers/misc/mediatek/mach/mt6735/mt_mem_bw.c: In function 'get_mem_bw':
drivers/misc/mediatek/mach/mt6735/mt_mem_bw.c:74:3: warning: this decimal constant is unsigned only in ISO C90
   if (time_period_ns >= 4294967295) //uint32_t overflow
   ^
drivers/misc/mediatek/mach/mt6735/mt_mem_bw.c:81:9: warning: this decimal constant is unsigned only in ISO C90
         if (time_period_ns >= 4294967295) //uint32_t still overflow
         ^
drivers/misc/mediatek/mach/mt6735/mt_emi_bm.c: In function 'BM_Init':
drivers/misc/mediatek/mach/mt6735/mt_emi_bm.c:27:5: warning: 'return' with a value, in function returning void
     return -1;
     ^
drivers/misc/mediatek/mach/mt6735/mt_emi_bm.c:37:5: warning: 'return' with a value, in function returning void
     return -1;
     ^
drivers/misc/mediatek/mach/mt6735/mt_emi_bm.c: In function 'BM_SetMonitorCounter':
drivers/misc/mediatek/mach/mt6735/mt_emi_bm.c:280:14: warning: assignment makes integer from pointer without a cast
         addr = EMI_BMEN;
              ^
drivers/misc/mediatek/mach/mt6735/mt_emi_bm.c:283:14: warning: assignment makes integer from pointer without a cast
         addr = (counter_num <= 3) ? EMI_MSEL : (EMI_MSEL2 + (counter_num / 2 - 2) * 8);
              ^
drivers/misc/mediatek/mach/mt6735/mt_emi_bm.c: In function 'BM_SetMaster':
drivers/misc/mediatek/mach/mt6735/mt_emi_bm.c:308:14: warning: assignment makes integer from pointer without a cast
         addr = EMI_BMEN;
              ^
drivers/misc/mediatek/mach/mt6735/mt_emi_bm.c:311:14: warning: assignment makes integer from pointer without a cast
         addr = (counter_num <= 3) ? EMI_MSEL : (EMI_MSEL2 + (counter_num / 2 - 2) * 8);
              ^
drivers/misc/mediatek/mach/mt6735/mt_emi_bm.c: In function 'BM_SetIDSelect':
drivers/misc/mediatek/mach/mt6735/mt_emi_bm.c:336:10: warning: assignment makes integer from pointer without a cast
     addr = EMI_BMID0 + ((counter_num - 1) / 2) * 4;
          ^
  CC      drivers/misc/mediatek/masp/mt6735/module/sec_mod.o
  LD      drivers/misc/mediatek/mach/mt6735/built-in.o
  LD      drivers/misc/mediatek/mach/built-in.o
drivers/misc/mediatek/masp/mt6735/module/sec_mod.c: In function 'es_probe':
drivers/misc/mediatek/masp/mt6735/module/sec_mod.c:99:13: warning: assignment makes integer from pointer without a cast
     es_base = of_iomap(dev->dev.of_node, 0);
             ^
drivers/misc/mediatek/masp/mt6735/module/sec_mod.c: In function 'sec_init':
drivers/misc/mediatek/masp/mt6735/module/sec_mod.c:219:15: warning: assignment makes integer from pointer without a cast
     hacc_base = of_iomap(dev->dev.of_node, 0);
               ^
  CC      drivers/misc/mediatek/mlog/mlog_dump.o
  CC      drivers/misc/mediatek/masp/asf/crypto/rsa_lib.o
  CC      drivers/misc/mediatek/mlog/mlog_logger.o
  CC      drivers/usb/storage/scsiglue.o
  CC      drivers/misc/mediatek/masp/asf/crypto/rsa_core.o
  CC      drivers/misc/mediatek/masp/asf/crypto/rsa_util.o
  CC      drivers/usb/storage/protocol.o
  CC      drivers/misc/mediatek/masp/asf/crypto/bgn_core.o
  LD      drivers/misc/mediatek/mlog/mlog.o
  LD      drivers/misc/mediatek/mlog/built-in.o
  CC      drivers/misc/mediatek/mmc-host/mt6735/dbg.o
  CC      drivers/misc/mediatek/masp/asf/crypto/bgn_io.o
  CC      drivers/usb/storage/transport.o
  CC      drivers/misc/mediatek/masp/asf/crypto/bgn_util.o
  CC      drivers/usb/storage/usb.o
  CC      drivers/misc/mediatek/masp/asf/auth/sec_wrapper.o
  CC      drivers/misc/mediatek/mmc-host/mt6735/sd.o
  CC      drivers/misc/mediatek/masp/asf/core/alg_aes_export.o
  CC      drivers/misc/mediatek/masp/asf/core/alg_aes_legacy.o
  CC      drivers/usb/storage/initializers.o
In file included from include/mach/mt_gpio.h:15:0,
                 from drivers/misc/mediatek/mmc-host/mt6735/sd.c:42:
/home/satory-ra/Android/kernel/android_kernel_oukitel_orange/drivers/misc/mediatek/mach/mt6735/Sprint4g/dct/dct/inc/cust_gpio_usage.h:481:0: warning: "GPIO_KPD_KCOL1_PIN_M_UCTS" redefined
 #define GPIO_KPD_KCOL1_PIN_M_UCTS   GPIO_MODE_03
 ^
/home/satory-ra/Android/kernel/android_kernel_oukitel_orange/drivers/misc/mediatek/mach/mt6735/Sprint4g/dct/dct/inc/cust_gpio_usage.h:480:0: note: this is the location of the previous definition
 #define GPIO_KPD_KCOL1_PIN_M_UCTS   GPIO_MODE_02
 ^
drivers/misc/mediatek/mmc-host/mt6735/sd.c: In function 'emmc_clear_timing':
drivers/misc/mediatek/mmc-host/mt6735/sd.c:6406:19: warning: unused variable 'base' [-Wunused-variable]
     void __iomem *base = 0;
                   ^
drivers/misc/mediatek/mmc-host/mt6735/sd.c:6405:16: warning: unused variable 'err' [-Wunused-variable]
     int i = 0, err = 0;
                ^
  CC      drivers/misc/mediatek/masp/asf/core/alg_aes_so.o
drivers/misc/mediatek/mmc-host/mt6735/sd.c: At top level:
drivers/misc/mediatek/mmc-host/mt6735/sd.c:6403:13: warning: 'emmc_clear_timing' defined but not used [-Wunused-function]
 static void emmc_clear_timing(void)
             ^
  CC      drivers/usb/storage/sierra_ms.o
  CC      drivers/misc/mediatek/masp/asf/core/alg_sha1.o
  CC      drivers/misc/mediatek/masp/asf/core/sec_aes.o
  CC      drivers/misc/mediatek/masp/asf/core/sec_hdr.o
  CC      drivers/usb/storage/option_ms.o
  CC      drivers/misc/mediatek/masp/asf/core/sec_dev_util.o
  CC      drivers/misc/mediatek/masp/asf/core/sec_mtd_util.o
  CC      drivers/misc/mediatek/masp/asf/core/sec_usif_util.o
  CC      drivers/misc/mediatek/masp/asf/core/sec_cfg_crypto.o
  CC      drivers/misc/mediatek/masp/asf/core/sec_cfg_ver.o
  CC      drivers/misc/mediatek/masp/asf/core/sec_signfmt_core.o
  CC      drivers/usb/storage/usual-tables.o
  CC      drivers/misc/mediatek/masp/asf/core/sec_signfmt_util.o
In file included from drivers/usb/storage/usual-tables.c:70:0:
drivers/usb/storage/unusual_devs.h:1929:1: warning: large integer implicitly truncated to unsigned type [-Woverflow]
 HW_UNUSUAL_DEV(  0x2001, 0xa708, 0x06, 0x50,
 ^
  CC      drivers/misc/mediatek/masp/asf/core/sec_signfmt_v2.o
  LD      drivers/usb/storage/usb-storage.o
  LD      drivers/usb/storage/ums-alauda.o
  LD      drivers/usb/storage/ums-cypress.o
  CC      drivers/misc/mediatek/masp/asf/core/sec_signfmt_v3.o
  LD      drivers/usb/storage/ums-datafab.o
  LD      drivers/usb/storage/ums-freecom.o
  LD      drivers/usb/storage/ums-isd200.o
  LD      drivers/usb/storage/ums-jumpshot.o
  LD      drivers/usb/storage/ums-karma.o
  LD      drivers/usb/storage/ums-onetouch.o
  LD      drivers/usb/storage/ums-sddr09.o
  LD      drivers/usb/storage/ums-sddr55.o
  CC      drivers/misc/mediatek/masp/asf/core/sec_signfmt_v4.o
  LD      drivers/usb/storage/ums-usbat.o
  LD      drivers/usb/storage/built-in.o
  LD      drivers/usb/built-in.o
  CC      drivers/misc/mediatek/mmc-host/mt6735/mt_sd_misc.o
  CC      drivers/misc/mediatek/masp/asf/core/sec_cipherfmt_core.o
drivers/misc/mediatek/mmc-host/mt6735/mt_sd_misc.c: In function 'sd_ioctl_cd_pin_en':
drivers/misc/mediatek/mmc-host/mt6735/mt_sd_misc.c:103:37: warning: suggest parentheses around comparison in operand of '&' [-Wparentheses]
             return (host->hw->flags & MSDC_CD_PIN_EN == MSDC_CD_PIN_EN);
                                     ^
  CC      drivers/misc/mediatek/masp/asf/core/sec_key_util.o
  CC      drivers/misc/mediatek/masp/asf/core/sec_ops.o
  CC      drivers/misc/mediatek/masp/asf/core/sec_boot_lib.o
  CC      drivers/misc/mediatek/mmc-host/mt6735/sdio_autok.o
  CC      drivers/misc/mediatek/masp/asf/core/sec_secro.o
  CC      drivers/misc/mediatek/masp/asf/core/sec_usbdl.o
  CC      drivers/misc/mediatek/masp/asf/core/sec_dev.o
  CC      drivers/misc/mediatek/masp/asf/core/sec_ccci.o
  CC      drivers/misc/mediatek/masp/asf/core/sec_mtd.o
  CC      drivers/misc/mediatek/masp/asf/core/sec_usif.o
  CC      drivers/misc/mediatek/masp/asf/core/sec_fsutil_inter.o
  CC      drivers/misc/mediatek/masp/asf/core/sec_boot_core.o
drivers/misc/mediatek/mmc-host/mt6735/sdio_autok.c: In function 'msdc_autok_get_vcore':
drivers/misc/mediatek/mmc-host/mt6735/sdio_autok.c:5613:39: warning: array subscript is above array bounds [-Warray-bounds]
                     (g_autok_vcore_sel[idx/2 + 1] - g_autok_vcore_sel[idx/2])/2;
                                       ^
drivers/misc/mediatek/mmc-host/mt6735/sdio_autok.c:5654:50: warning: array subscript is above array bounds [-Warray-bounds]
                     (vcore_uv < g_autok_vcore_sel[idx+1])) {
                                                  ^
  CC      drivers/misc/mediatek/masp/asf/core/sec_mod_core.o
  CC      drivers/misc/mediatek/mmc-host/mt6735/sdio_autok_proc.o
  AS      drivers/misc/mediatek/masp/mt6735/mach/arm/sec_lib.o
  CC      drivers/misc/mediatek/mmc-host/mt6735/ettagent.o
  AS      drivers/misc/mediatek/masp/mt6735/mach/arm/sec_uid.o
  AS      drivers/misc/mediatek/masp/mt6735/mach/arm/hacc_lib.o
  AS      drivers/misc/mediatek/masp/mt6735/mach/arm/hacc_export.o
  AS      drivers/misc/mediatek/masp/mt6735/mach/arm/hacc_hk.o
  AS      drivers/misc/mediatek/masp/mt6735/mach/arm/hacc_sk.o
  CC      drivers/misc/mediatek/mmc-host/mt6735/mt_dump.o
  LD      drivers/misc/mediatek/masp/sec.o
  LD      drivers/misc/mediatek/masp/built-in.o
  CC      drivers/misc/mediatek/mmp/dummy/mmprofile.o
  CC      drivers/misc/mediatek/mtprof/prof_ctl.o
In file included from drivers/misc/mediatek/mmc-host/mt6735/mt_dump.c:21:0:
drivers/misc/mediatek/mmc-host/mt6735/mt_dump.c: In function 'simp_mmc_power_up':
drivers/misc/mediatek/mmc-host/mt6735/mt_dump.h:232:3: warning: passing argument 2 of 'pwrap_read_nochk' discards 'volatile' qualifier from pointer target type
   pwrap_read_nochk(reg, &tv); \
   ^
drivers/misc/mediatek/mmc-host/mt6735/mt_dump.c:312:4: note: in expansion of macro 'msdc_power_set_field'
    msdc_power_set_field(REG_VEMC33_VOLSEL, MASK_VEMC33_VOLSEL, VEMC33_VOLSEL_3V3);
    ^
drivers/misc/mediatek/mmc-host/mt6735/mt_dump.h:227:12: note: expected 'U32 *' but argument is of type 'volatile unsigned int *'
 extern S32 pwrap_read_nochk(U32  adr, U32 *rdata);
            ^
drivers/misc/mediatek/mmc-host/mt6735/mt_dump.h:232:3: warning: passing argument 2 of 'pwrap_read_nochk' discards 'volatile' qualifier from pointer target type
   pwrap_read_nochk(reg, &tv); \
   ^
drivers/misc/mediatek/mmc-host/mt6735/mt_dump.c:313:4: note: in expansion of macro 'msdc_power_set_field'
    msdc_power_set_field(REG_VEMC33_EN, MASK_VEMC33_EN, 0x1);
    ^
drivers/misc/mediatek/mmc-host/mt6735/mt_dump.h:227:12: note: expected 'U32 *' but argument is of type 'volatile unsigned int *'
 extern S32 pwrap_read_nochk(U32  adr, U32 *rdata);
            ^
drivers/misc/mediatek/mmc-host/mt6735/mt_dump.h:232:3: warning: passing argument 2 of 'pwrap_read_nochk' discards 'volatile' qualifier from pointer target type
   pwrap_read_nochk(reg, &tv); \
   ^
drivers/misc/mediatek/mmc-host/mt6735/mt_dump.c:316:4: note: in expansion of macro 'msdc_power_set_field'
    msdc_power_set_field(REG_VEMC33_EN, MASK_VEMC33_EN, 0x0);
    ^
drivers/misc/mediatek/mmc-host/mt6735/mt_dump.h:227:12: note: expected 'U32 *' but argument is of type 'volatile unsigned int *'
 extern S32 pwrap_read_nochk(U32  adr, U32 *rdata);
            ^
drivers/misc/mediatek/mmc-host/mt6735/mt_dump.h:232:3: warning: passing argument 2 of 'pwrap_read_nochk' discards 'volatile' qualifier from pointer target type
   pwrap_read_nochk(reg, &tv); \
   ^
drivers/misc/mediatek/mmc-host/mt6735/mt_dump.c:325:4: note: in expansion of macro 'msdc_power_set_field'
    msdc_power_set_field(REG_VMC_VOLSEL, MASK_VMC_VOLSEL, VMC_VOLSEL_3V3);
    ^
drivers/misc/mediatek/mmc-host/mt6735/mt_dump.h:227:12: note: expected 'U32 *' but argument is of type 'volatile unsigned int *'
 extern S32 pwrap_read_nochk(U32  adr, U32 *rdata);
            ^
drivers/misc/mediatek/mmc-host/mt6735/mt_dump.h:232:3: warning: passing argument 2 of 'pwrap_read_nochk' discards 'volatile' qualifier from pointer target type
   pwrap_read_nochk(reg, &tv); \
   ^
drivers/misc/mediatek/mmc-host/mt6735/mt_dump.c:326:4: note: in expansion of macro 'msdc_power_set_field'
    msdc_power_set_field(REG_VMC_EN, MASK_VMC_EN, 0x1);
    ^
drivers/misc/mediatek/mmc-host/mt6735/mt_dump.h:227:12: note: expected 'U32 *' but argument is of type 'volatile unsigned int *'
 extern S32 pwrap_read_nochk(U32  adr, U32 *rdata);
            ^
drivers/misc/mediatek/mmc-host/mt6735/mt_dump.h:232:3: warning: passing argument 2 of 'pwrap_read_nochk' discards 'volatile' qualifier from pointer target type
   pwrap_read_nochk(reg, &tv); \
   ^
drivers/misc/mediatek/mmc-host/mt6735/mt_dump.c:327:4: note: in expansion of macro 'msdc_power_set_field'
    msdc_power_set_field(REG_VMCH_VOLSEL, MASK_VMCH_VOLSEL, VMCH_VOLSEL_3V3);
    ^
drivers/misc/mediatek/mmc-host/mt6735/mt_dump.h:227:12: note: expected 'U32 *' but argument is of type 'volatile unsigned int *'
 extern S32 pwrap_read_nochk(U32  adr, U32 *rdata);
            ^
drivers/misc/mediatek/mmc-host/mt6735/mt_dump.h:232:3: warning: passing argument 2 of 'pwrap_read_nochk' discards 'volatile' qualifier from pointer target type
   pwrap_read_nochk(reg, &tv); \
   ^
drivers/misc/mediatek/mmc-host/mt6735/mt_dump.c:328:4: note: in expansion of macro 'msdc_power_set_field'
    msdc_power_set_field(REG_VMCH_EN, MASK_VMCH_EN, 0x1);
    ^
drivers/misc/mediatek/mmc-host/mt6735/mt_dump.h:227:12: note: expected 'U32 *' but argument is of type 'volatile unsigned int *'
 extern S32 pwrap_read_nochk(U32  adr, U32 *rdata);
            ^
drivers/misc/mediatek/mmc-host/mt6735/mt_dump.h:232:3: warning: passing argument 2 of 'pwrap_read_nochk' discards 'volatile' qualifier from pointer target type
   pwrap_read_nochk(reg, &tv); \
   ^
drivers/misc/mediatek/mmc-host/mt6735/mt_dump.c:332:4: note: in expansion of macro 'msdc_power_set_field'
    msdc_power_set_field(REG_VMC_EN, MASK_VMC_EN, 0x0);
    ^
drivers/misc/mediatek/mmc-host/mt6735/mt_dump.h:227:12: note: expected 'U32 *' but argument is of type 'volatile unsigned int *'
 extern S32 pwrap_read_nochk(U32  adr, U32 *rdata);
            ^
drivers/misc/mediatek/mmc-host/mt6735/mt_dump.h:232:3: warning: passing argument 2 of 'pwrap_read_nochk' discards 'volatile' qualifier from pointer target type
   pwrap_read_nochk(reg, &tv); \
   ^
drivers/misc/mediatek/mmc-host/mt6735/mt_dump.c:333:4: note: in expansion of macro 'msdc_power_set_field'
    msdc_power_set_field(REG_VMCH_EN, MASK_VMCH_EN, 0x0);
    ^
drivers/misc/mediatek/mmc-host/mt6735/mt_dump.h:227:12: note: expected 'U32 *' but argument is of type 'volatile unsigned int *'
 extern S32 pwrap_read_nochk(U32  adr, U32 *rdata);
            ^
In file included from include/linux/mmprofile.h:3:0,
                 from include/linux/mmprofile_internal.h:4,
                 from drivers/misc/mediatek/mmp/dummy/mmprofile.c:17:
include/linux/mmprofile_static_event.h:21:26: warning: 'MMProfileStaticEvents' defined but not used [-Wunused-variable]
 static MMP_StaticEvent_t MMProfileStaticEvents[] = {
                          ^
  LD      drivers/misc/mediatek/mmp/dummy/built-in.o
  LD      drivers/misc/mediatek/mmp/built-in.o
  CC      drivers/misc/mediatek/partition/mt6735/partition.o
  CC      drivers/misc/mediatek/mtprof/prof_main.o
  LD      drivers/misc/mediatek/mmc-host/mt6735/built-in.o
  CC      drivers/misc/mediatek/mmc-host/emmc_rpmb.o
  CC      drivers/misc/mediatek/partition/mt6735/efi.o
drivers/misc/mediatek/mmc-host/emmc_rpmb.c: In function 'emmc_rpmb_req_write_data':
drivers/misc/mediatek/mmc-host/emmc_rpmb.c:527:5: warning: "RPMB_MULTI_BLOCK_ACCESS" is not defined [-Wundef]
 #if RPMB_MULTI_BLOCK_ACCESS
     ^
drivers/misc/mediatek/mmc-host/emmc_rpmb.c:520:19: warning: unused variable 'dataBuf_start' [-Wunused-variable]
     u8 *dataBuf, *dataBuf_start;
                   ^
drivers/misc/mediatek/mmc-host/emmc_rpmb.c:520:9: warning: unused variable 'dataBuf' [-Wunused-variable]
     u8 *dataBuf, *dataBuf_start;
         ^
drivers/misc/mediatek/mmc-host/emmc_rpmb.c:518:9: warning: unused variable 'blkcnt' [-Wunused-variable]
     u16 blkcnt, blkaddr;
         ^
drivers/misc/mediatek/mmc-host/emmc_rpmb.c:517:29: warning: unused variable 'tran_blkcnt' [-Wunused-variable]
     u16 iCnt, total_blkcnt, tran_blkcnt, left_blkcnt;
                             ^
drivers/misc/mediatek/mmc-host/emmc_rpmb.c: In function 'emmc_rpmb_req_read_data':
drivers/misc/mediatek/mmc-host/emmc_rpmb.c:759:5: warning: "RPMB_MULTI_BLOCK_ACCESS" is not defined [-Wundef]
 #if RPMB_MULTI_BLOCK_ACCESS
     ^
drivers/misc/mediatek/mmc-host/emmc_rpmb.c:752:19: warning: unused variable 'dataBuf_start' [-Wunused-variable]
     u8 *dataBuf, *dataBuf_start;
                   ^
drivers/misc/mediatek/mmc-host/emmc_rpmb.c:752:9: warning: unused variable 'dataBuf' [-Wunused-variable]
     u8 *dataBuf, *dataBuf_start;
         ^
drivers/misc/mediatek/mmc-host/emmc_rpmb.c:749:9: warning: unused variable 'blkcnt' [-Wunused-variable]
     u16 blkcnt, blkaddr;
         ^
drivers/misc/mediatek/mmc-host/emmc_rpmb.c:748:29: warning: unused variable 'tran_blkcnt' [-Wunused-variable]
     u16 iCnt, total_blkcnt, tran_blkcnt, left_blkcnt;
                             ^
drivers/misc/mediatek/mmc-host/emmc_rpmb.c:748:9: warning: unused variable 'iCnt' [-Wunused-variable]
     u16 iCnt, total_blkcnt, tran_blkcnt, left_blkcnt;
         ^
drivers/misc/mediatek/mmc-host/emmc_rpmb.c: In function 'emmc_rpmb_ioctl':
drivers/misc/mediatek/mmc-host/emmc_rpmb.c:1158:17: warning: unused variable 'type' [-Wunused-variable]
     u16 blkcnt, type;
                 ^
drivers/misc/mediatek/mmc-host/emmc_rpmb.c:1158:9: warning: unused variable 'blkcnt' [-Wunused-variable]
     u16 blkcnt, type;
         ^
drivers/misc/mediatek/mmc-host/emmc_rpmb.c:1156:22: warning: unused variable 'card' [-Wunused-variable]
     struct mmc_card *card = mtk_msdc_host[0]->mmc->card;//emmc_rpmb_host->card;
                      ^
drivers/misc/mediatek/mmc-host/emmc_rpmb.c: At top level:
drivers/misc/mediatek/mmc-host/emmc_rpmb.c:1222:5: warning: initialization from incompatible pointer type
     .unlocked_ioctl = emmc_rpmb_ioctl,
     ^
drivers/misc/mediatek/mmc-host/emmc_rpmb.c:1222:5: warning: (near initialization for 'emmc_rpmb_fops.unlocked_ioctl')
drivers/misc/mediatek/mmc-host/emmc_rpmb.c: In function 'emmc_rpmb_ioctl':
drivers/misc/mediatek/mmc-host/emmc_rpmb.c:1185:13: warning: ignoring return value of 'copy_to_user', declared with attribute warn_unused_result [-Wunused-result]
             copy_to_user((void*)arg, &param, sizeof(param));
             ^
drivers/misc/mediatek/mmc-host/emmc_rpmb.c: In function 'emmc_rpmb_req_write_data':
drivers/misc/mediatek/mmc-host/emmc_rpmb.c:697:53: warning: 'iCnt' may be used uninitialized in this function [-Wmaybe-uninitialized]
         memcpy(rpmb_frame->data, param->data + iCnt * RPMB_SZ_DATA, tran_size);
                                                     ^
  LD      drivers/misc/mediatek/mmc-host/built-in.o
  CC      drivers/misc/mediatek/pmic_wrap/mt_pmic_wrap.o
  LD      drivers/misc/mediatek/partition/mt6735/built-in.o
  LD      drivers/misc/mediatek/partition/built-in.o
  CC      drivers/misc/mediatek/mtprof/bootprof.o
  LD      drivers/misc/mediatek/pmt/built-in.o
  CC      drivers/misc/mediatek/pmic_wrap/mt6735/pwrap_hal.o
  CC      drivers/misc/mediatek/mtprof/sched_monitor.o
drivers/misc/mediatek/pmic_wrap/mt6735/pwrap_hal.c:1112:12: warning: '_pwrap_init_signature' defined but not used [-Wunused-function]
 static S32 _pwrap_init_signature( U8 path )
            ^
  CC      drivers/misc/mediatek/mtprof/monitor_debug_out.o
  CC      drivers/misc/mediatek/power/mt6735/pmic.o
In file included from include/mach/mt_gpio.h:15:0,
                 from drivers/misc/mediatek/power/mt6735/pmic.c:62:
/home/satory-ra/Android/kernel/android_kernel_oukitel_orange/drivers/misc/mediatek/mach/mt6735/Sprint4g/dct/dct/inc/cust_gpio_usage.h:481:0: warning: "GPIO_KPD_KCOL1_PIN_M_UCTS" redefined
 #define GPIO_KPD_KCOL1_PIN_M_UCTS   GPIO_MODE_03
 ^
/home/satory-ra/Android/kernel/android_kernel_oukitel_orange/drivers/misc/mediatek/mach/mt6735/Sprint4g/dct/dct/inc/cust_gpio_usage.h:480:0: note: this is the location of the previous definition
 #define GPIO_KPD_KCOL1_PIN_M_UCTS   GPIO_MODE_02
 ^
drivers/misc/mediatek/power/mt6735/pmic.c: In function 'do_ptim':
drivers/misc/mediatek/power/mt6735/pmic.c:1856:13: warning: unused variable 'i' [-Wunused-variable]
  kal_uint32 i;
             ^
drivers/misc/mediatek/power/mt6735/pmic.c: In function 'pwrkey_detect_sw_workaround':
drivers/misc/mediatek/power/mt6735/pmic.c:3793:13: warning: unused variable 'val' [-Wunused-variable]
  kal_uint32 val=0;
             ^
drivers/misc/mediatek/power/mt6735/pmic.c: In function 'pmic_mt_probe':
drivers/misc/mediatek/power/mt6735/pmic.c:4184:11: warning: passing argument 3 of 'of_get_flat_dt_prop' from incompatible pointer type
   pimix = of_get_flat_dt_prop(pmic_node, "atag,imix_r", &len);
           ^
In file included from drivers/misc/mediatek/power/mt6735/pmic.c:46:0:
include/linux/of_fdt.h:88:14: note: expected 'long unsigned int *' but argument is of type 'int *'
 extern void *of_get_flat_dt_prop(unsigned long node, const char *name,
              ^
drivers/misc/mediatek/power/mt6735/pmic.c: In function 'get_dlpt_imix_spm':
drivers/misc/mediatek/power/mt6735/pmic.c:2566:1: warning: control reaches end of non-void function [-Wreturn-type]
 {}
 ^
  CC      drivers/misc/mediatek/mtprof/mt_prv_lock.o
  LD      drivers/misc/mediatek/pmic_wrap/mt6735/built-in.o
  LD      drivers/misc/mediatek/pmic_wrap/built-in.o
  LD      drivers/misc/mediatek/mtprof/mtprof.o
  CC      drivers/misc/mediatek/power_gs/mt6735/mt_power_gs.o
  LD      drivers/misc/mediatek/mtprof/built-in.o
  CC      drivers/misc/mediatek/pwm/mt_pwm.o
In file included from include/mach/mt_gpio.h:15:0,
                 from /home/satory-ra/Android/kernel/android_kernel_oukitel_orange/drivers/misc/mediatek/mach/mt6735/include/mach/mt_pwm_hal.h:27,
                 from include/mach/mt_pwm.h:25,
                 from drivers/misc/mediatek/pwm/mt_pwm.c:46:
/home/satory-ra/Android/kernel/android_kernel_oukitel_orange/drivers/misc/mediatek/mach/mt6735/Sprint4g/dct/dct/inc/cust_gpio_usage.h:481:0: warning: "GPIO_KPD_KCOL1_PIN_M_UCTS" redefined
 #define GPIO_KPD_KCOL1_PIN_M_UCTS   GPIO_MODE_03
 ^
  CC      drivers/misc/mediatek/power_gs/mt6735/mt_power_gs_6328_array.o
/home/satory-ra/Android/kernel/android_kernel_oukitel_orange/drivers/misc/mediatek/mach/mt6735/Sprint4g/dct/dct/inc/cust_gpio_usage.h:480:0: note: this is the location of the previous definition
 #define GPIO_KPD_KCOL1_PIN_M_UCTS   GPIO_MODE_02
 ^
drivers/misc/mediatek/pwm/mt_pwm.c: In function 'pwm_set_spec_config':
drivers/misc/mediatek/pwm/mt_pwm.c:1286:4: warning: passing argument 2 of 'mt_set_pwm_buf0_addr' makes integer from pointer without a cast
    mt_set_pwm_buf0_addr(conf->pwm_no, conf->PWM_MODE_MEMORY_REGS.BUF0_BASE_ADDR);
    ^
drivers/misc/mediatek/pwm/mt_pwm.c:567:5: note: expected 'U32' but argument is of type 'U32 *'
 S32 mt_set_pwm_buf0_addr (U32 pwm_no, U32 addr )
     ^
  CC      drivers/misc/mediatek/power_gs/mt6735/mt_power_gs_suspend.o
  CC      drivers/misc/mediatek/pwm/mt6735/mt_pwm_hal.o
In file included from include/mach/mt_gpio.h:15:0,
                 from /home/satory-ra/Android/kernel/android_kernel_oukitel_orange/drivers/misc/mediatek/mach/mt6735/include/mach/mt_pwm_hal.h:27,
                 from drivers/misc/mediatek/pwm/mt6735/mt_pwm_hal.c:30:
/home/satory-ra/Android/kernel/android_kernel_oukitel_orange/drivers/misc/mediatek/mach/mt6735/Sprint4g/dct/dct/inc/cust_gpio_usage.h:481:0: warning: "GPIO_KPD_KCOL1_PIN_M_UCTS" redefined
 #define GPIO_KPD_KCOL1_PIN_M_UCTS   GPIO_MODE_03
 ^
/home/satory-ra/Android/kernel/android_kernel_oukitel_orange/drivers/misc/mediatek/mach/mt6735/Sprint4g/dct/dct/inc/cust_gpio_usage.h:480:0: note: this is the location of the previous definition
 #define GPIO_KPD_KCOL1_PIN_M_UCTS   GPIO_MODE_02
 ^
In file included from include/mach/mt_gpio.h:15:0,
                 from drivers/misc/mediatek/power_gs/mt6735/mt_power_gs_suspend.c:8:
/home/satory-ra/Android/kernel/android_kernel_oukitel_orange/drivers/misc/mediatek/mach/mt6735/Sprint4g/dct/dct/inc/cust_gpio_usage.h:481:0: warning: "GPIO_KPD_KCOL1_PIN_M_UCTS" redefined
 #define GPIO_KPD_KCOL1_PIN_M_UCTS   GPIO_MODE_03
 ^
/home/satory-ra/Android/kernel/android_kernel_oukitel_orange/drivers/misc/mediatek/mach/mt6735/Sprint4g/dct/dct/inc/cust_gpio_usage.h:480:0: note: this is the location of the previous definition
 #define GPIO_KPD_KCOL1_PIN_M_UCTS   GPIO_MODE_02
 ^
drivers/misc/mediatek/power/mt6735/pmic.c: In function 'pmic_mt_probe':
drivers/misc/mediatek/power/mt6735/pmic.c:4194:26: warning: 'pimix' may be used uninitialized in this function [-Wmaybe-uninitialized]
   PMICLOG(" pimix=%d \n",*pimix);
                          ^
  LD      drivers/misc/mediatek/power_gs/mt6735/built-in.o
  LD      drivers/misc/mediatek/power_gs/built-in.o
  LD      drivers/misc/mediatek/pwm/mt6735/built-in.o
  CC      drivers/misc/mediatek/power/mt6735/upmu_common.o
  LD      drivers/misc/mediatek/pwm/built-in.o
  CC      drivers/misc/mediatek/ram_console/mtk_ram_console.o
  CC      drivers/misc/mediatek/rtc/mtk_rtc_common.o
  CC      drivers/misc/mediatek/power/mt6735/pmic_auxadc.o
drivers/misc/mediatek/ram_console/mtk_ram_console.c: In function 'ram_console_early_init':
drivers/misc/mediatek/ram_console/mtk_ram_console.c:562:24: warning: assignment makes pointer from integer without a cast
  ram_console_buffer_pa = CONFIG_MTK_RAM_CONSOLE_DRAM_ADDR;
                        ^
In file included from include/mach/mt_gpio.h:15:0,
                 from drivers/misc/mediatek/power/mt6735/pmic_auxadc.c:36:
/home/satory-ra/Android/kernel/android_kernel_oukitel_orange/drivers/misc/mediatek/mach/mt6735/Sprint4g/dct/dct/inc/cust_gpio_usage.h:481:0: warning: "GPIO_KPD_KCOL1_PIN_M_UCTS" redefined
 #define GPIO_KPD_KCOL1_PIN_M_UCTS   GPIO_MODE_03
 ^
/home/satory-ra/Android/kernel/android_kernel_oukitel_orange/drivers/misc/mediatek/mach/mt6735/Sprint4g/dct/dct/inc/cust_gpio_usage.h:480:0: note: this is the location of the previous definition
 #define GPIO_KPD_KCOL1_PIN_M_UCTS   GPIO_MODE_02
 ^
drivers/misc/mediatek/power/mt6735/pmic_auxadc.c: In function 'pmic_auxadc_init':
drivers/misc/mediatek/power/mt6735/pmic_auxadc.c:79:12: warning: unused variable 'adc_busy' [-Wunused-variable]
  kal_int32 adc_busy;
            ^
drivers/misc/mediatek/power/mt6735/pmic_auxadc.c: In function 'PMIC_IMM_GetOneChannelValue':
drivers/misc/mediatek/power/mt6735/pmic_auxadc.c:435:2: warning: case value '16' not in enumerated type 'mt6328_adc_ch_list_enum' [-Wswitch]
  case 16:  
  ^
  CC      drivers/misc/mediatek/rtc/mt6735/mtk_rtc_hal.o
  CC      drivers/misc/mediatek/power/mt6735/pmic_chr_type_det.o
In file included from include/mach/mt_gpio.h:15:0,
                 from drivers/misc/mediatek/rtc/mt6735/mtk_rtc_hal.c:42:
/home/satory-ra/Android/kernel/android_kernel_oukitel_orange/drivers/misc/mediatek/mach/mt6735/Sprint4g/dct/dct/inc/cust_gpio_usage.h:481:0: warning: "GPIO_KPD_KCOL1_PIN_M_UCTS" redefined
 #define GPIO_KPD_KCOL1_PIN_M_UCTS   GPIO_MODE_03
 ^
/home/satory-ra/Android/kernel/android_kernel_oukitel_orange/drivers/misc/mediatek/mach/mt6735/Sprint4g/dct/dct/inc/cust_gpio_usage.h:480:0: note: this is the location of the previous definition
 #define GPIO_KPD_KCOL1_PIN_M_UCTS   GPIO_MODE_02
 ^
In file included from include/mach/mt_gpio.h:15:0,
                 from drivers/misc/mediatek/power/mt6735/pmic_chr_type_det.c:35:
/home/satory-ra/Android/kernel/android_kernel_oukitel_orange/drivers/misc/mediatek/mach/mt6735/Sprint4g/dct/dct/inc/cust_gpio_usage.h:481:0: warning: "GPIO_KPD_KCOL1_PIN_M_UCTS" redefined
 #define GPIO_KPD_KCOL1_PIN_M_UCTS   GPIO_MODE_03
 ^
/home/satory-ra/Android/kernel/android_kernel_oukitel_orange/drivers/misc/mediatek/mach/mt6735/Sprint4g/dct/dct/inc/cust_gpio_usage.h:480:0: note: this is the location of the previous definition
 #define GPIO_KPD_KCOL1_PIN_M_UCTS   GPIO_MODE_02
 ^
  LD      drivers/misc/mediatek/ram_console/built-in.o
  CC      drivers/misc/mediatek/power/mt6735/mt6311.o
  CC      drivers/misc/mediatek/power/mt6735/battery_meter_hal.o
drivers/misc/mediatek/power/mt6735/battery_meter_hal.c: In function 'fgauge_read_IM_current':
drivers/misc/mediatek/power/mt6735/battery_meter_hal.c:379:16: warning: unused variable 'ret' [-Wunused-variable]
     kal_uint32 ret = 0;
                ^
drivers/misc/mediatek/power/mt6735/battery_meter_hal.c:376:9: warning: unused variable 'm' [-Wunused-variable]
     int m = 0;
         ^
drivers/misc/mediatek/power/mt6735/battery_meter_hal.c: In function 'fgauge_set_columb_interrupt_internal':
drivers/misc/mediatek/power/mt6735/battery_meter_hal.c:478:14: warning: unused variable 'i' [-Wunused-variable]
  kal_int16 m,i;
              ^
  LD      drivers/misc/mediatek/rtc/mt6735/built-in.o
  LD      drivers/misc/mediatek/rtc/built-in.o
In file included from include/mach/mt_gpio.h:15:0,
                 from drivers/misc/mediatek/power/mt6735/mt6311.c:23:
/home/satory-ra/Android/kernel/android_kernel_oukitel_orange/drivers/misc/mediatek/mach/mt6735/Sprint4g/dct/dct/inc/cust_gpio_usage.h:481:0: warning: "GPIO_KPD_KCOL1_PIN_M_UCTS" redefined
 #define GPIO_KPD_KCOL1_PIN_M_UCTS   GPIO_MODE_03
 ^
/home/satory-ra/Android/kernel/android_kernel_oukitel_orange/drivers/misc/mediatek/mach/mt6735/Sprint4g/dct/dct/inc/cust_gpio_usage.h:480:0: note: this is the location of the previous definition
 #define GPIO_KPD_KCOL1_PIN_M_UCTS   GPIO_MODE_02
 ^
  CC      drivers/misc/mediatek/sched/mt_sched.o
drivers/misc/mediatek/power/mt6735/mt6311.c: In function 'mt6311_eint_setting':
drivers/misc/mediatek/power/mt6735/mt6311.c:7023:2: warning: ignoring return value of 'request_irq', declared with attribute warn_unused_result [-Wunused-result]
  request_irq(g_mt6311_irq, mt6311_eint_handler, g_cust_eint_mt_pmic_mt6311_type, "mt6311-eint", NULL);
  ^
drivers/misc/mediatek/power/mt6735/battery_meter_hal.c: In function 'bm_ctrl_cmd':
drivers/misc/mediatek/power/mt6735/battery_meter_hal.c:919:15: warning: 'status' may be used uninitialized in this function [-Wmaybe-uninitialized]
     kal_int32 status;
               ^
  CC      drivers/misc/mediatek/power/mt6735/ncp1854.o
  CC      drivers/misc/mediatek/sched/mt_compat_sched.o
In file included from include/mach/mt_gpio.h:15:0,
                 from drivers/misc/mediatek/power/mt6735/ncp1854.c:26:
/home/satory-ra/Android/kernel/android_kernel_oukitel_orange/drivers/misc/mediatek/mach/mt6735/Sprint4g/dct/dct/inc/cust_gpio_usage.h:481:0: warning: "GPIO_KPD_KCOL1_PIN_M_UCTS" redefined
 #define GPIO_KPD_KCOL1_PIN_M_UCTS   GPIO_MODE_03
 ^
/home/satory-ra/Android/kernel/android_kernel_oukitel_orange/drivers/misc/mediatek/mach/mt6735/Sprint4g/dct/dct/inc/cust_gpio_usage.h:480:0: note: this is the location of the previous definition
 #define GPIO_KPD_KCOL1_PIN_M_UCTS   GPIO_MODE_02
 ^
  LD      drivers/misc/mediatek/sched/built-in.o
  CC      drivers/misc/mediatek/selinux_warning/selinux_warning.o
  CC      drivers/misc/mediatek/power/mt6735/charging_hw_ncp1854.o
In file included from include/mach/mt_gpio.h:15:0,
                 from drivers/misc/mediatek/power/mt6735/charging_hw_ncp1854.c:37:
/home/satory-ra/Android/kernel/android_kernel_oukitel_orange/drivers/misc/mediatek/mach/mt6735/Sprint4g/dct/dct/inc/cust_gpio_usage.h:481:0: warning: "GPIO_KPD_KCOL1_PIN_M_UCTS" redefined
 #define GPIO_KPD_KCOL1_PIN_M_UCTS   GPIO_MODE_03
 ^
/home/satory-ra/Android/kernel/android_kernel_oukitel_orange/drivers/misc/mediatek/mach/mt6735/Sprint4g/dct/dct/inc/cust_gpio_usage.h:480:0: note: this is the location of the previous definition
 #define GPIO_KPD_KCOL1_PIN_M_UCTS   GPIO_MODE_02
 ^
drivers/misc/mediatek/power/mt6735/charging_hw_ncp1854.c:1226:19: warning: 'charging_get_error_state' defined but not used [-Wunused-function]
 static kal_uint32 charging_get_error_state(void *data)
                   ^
  LD      drivers/misc/mediatek/selinux_warning/built-in.o
  CC      drivers/misc/mediatek/smi/mt6735/smi_debug.o
  CC      drivers/misc/mediatek/spi/mt6735/spi.o
In file included from drivers/misc/mediatek/smi/mt6735/smi_debug.c:27:0:
include/linux/fb.h:26:0: warning: "CONFIG_DMA_SHARED_BUFFER" redefined
 #define CONFIG_DMA_SHARED_BUFFER
 ^
In file included from /home/satory-ra/Android/kernel/android_kernel_oukitel_orange/include/linux/kconfig.h:4:0,
                 from <command-line>:0:
include/generated/autoconf.h:920:0: note: this is the location of the previous definition
 #define CONFIG_DMA_SHARED_BUFFER 1
 ^
  CC      drivers/misc/mediatek/smi/mt6735/mmdvfs_mgr.o
In file included from include/mach/mt_gpio.h:15:0,
                 from drivers/misc/mediatek/spi/mt6735/spi.c:27:
/home/satory-ra/Android/kernel/android_kernel_oukitel_orange/drivers/misc/mediatek/mach/mt6735/Sprint4g/dct/dct/inc/cust_gpio_usage.h:481:0: warning: "GPIO_KPD_KCOL1_PIN_M_UCTS" redefined
 #define GPIO_KPD_KCOL1_PIN_M_UCTS   GPIO_MODE_03
 ^
/home/satory-ra/Android/kernel/android_kernel_oukitel_orange/drivers/misc/mediatek/mach/mt6735/Sprint4g/dct/dct/inc/cust_gpio_usage.h:480:0: note: this is the location of the previous definition
 #define GPIO_KPD_KCOL1_PIN_M_UCTS   GPIO_MODE_02
 ^
drivers/misc/mediatek/spi/mt6735/spi.c: In function 'mt_spi_next_xfer':
drivers/misc/mediatek/spi/mt6735/spi.c:788:6: warning: unused variable 'reg_val' [-Wunused-variable]
  u32 reg_val = 0;
      ^
  CC      drivers/misc/mediatek/smi/mt6735/smi_common_d2.o
  LD      drivers/misc/mediatek/power/mt6735/built-in.o
  LD      drivers/misc/mediatek/power/built-in.o
  CC      drivers/misc/mediatek/spi/mt6735/spi-dev.o
  CC      drivers/misc/mediatek/spm/mt6735/mt_spm.o
In file included from include/mach/mt_gpio.h:15:0,
                 from drivers/misc/mediatek/spm/mt6735/mt_spm_internal.h:12,
                 from drivers/misc/mediatek/spm/mt6735/mt_spm.c:16:
/home/satory-ra/Android/kernel/android_kernel_oukitel_orange/drivers/misc/mediatek/mach/mt6735/Sprint4g/dct/dct/inc/cust_gpio_usage.h:481:0: warning: "GPIO_KPD_KCOL1_PIN_M_UCTS" redefined
 #define GPIO_KPD_KCOL1_PIN_M_UCTS   GPIO_MODE_03
 ^
/home/satory-ra/Android/kernel/android_kernel_oukitel_orange/drivers/misc/mediatek/mach/mt6735/Sprint4g/dct/dct/inc/cust_gpio_usage.h:480:0: note: this is the location of the previous definition
 #define GPIO_KPD_KCOL1_PIN_M_UCTS   GPIO_MODE_02
 ^
  LD      drivers/misc/mediatek/spi/mt6735/built-in.o
  LD      drivers/misc/mediatek/spi/built-in.o
/home/satory-ra/Android/kernel/android_kernel_oukitel_orange/drivers/misc/mediatek/ssw/Makefile:5: "SSW_DIR=/home/satory-ra/Android/kernel/android_kernel_oukitel_orange/drivers/misc/mediatek/ssw/ssw_single_v2ssw_exist=y"
  CC      drivers/misc/mediatek/ssw/ssw_single_v2/sim_switch.o
In file included from include/mach/mt_gpio.h:15:0,
                 from /home/satory-ra/Android/kernel/android_kernel_oukitel_orange/drivers/misc/mediatek/ssw/inc/ssw.h:22,
                 from drivers/misc/mediatek/ssw/ssw_single_v2/sim_switch.c:2:
/home/satory-ra/Android/kernel/android_kernel_oukitel_orange/drivers/misc/mediatek/mach/mt6735/Sprint4g/dct/dct/inc/cust_gpio_usage.h:481:0: warning: "GPIO_KPD_KCOL1_PIN_M_UCTS" redefined
 #define GPIO_KPD_KCOL1_PIN_M_UCTS   GPIO_MODE_03
 ^
/home/satory-ra/Android/kernel/android_kernel_oukitel_orange/drivers/misc/mediatek/mach/mt6735/Sprint4g/dct/dct/inc/cust_gpio_usage.h:480:0: note: this is the location of the previous definition
 #define GPIO_KPD_KCOL1_PIN_M_UCTS   GPIO_MODE_02
 ^
drivers/misc/mediatek/ssw/ssw_single_v2/sim_switch.c: In function 'set_sim_gpio':
drivers/misc/mediatek/ssw/ssw_single_v2/sim_switch.c:181:113: warning: backslash and newline separated by space
     SSW_DBG("mode(%d),SIM1(eint=%d, sclk=%d, srst=%d , sio=%d) SIM2(eint=%d,sclk=%d, srst=%d , sio=%d)\n", mode,\        
 ^
drivers/misc/mediatek/ssw/ssw_single_v2/sim_switch.c:185:96: warning: backslash and newline separated by space
     SSW_DBG("mode(%d),SIM1(sclk=%d, srst=%d , sio=%d) SIM2(sclk=%d, srst=%d , sio=%d)\n", mode,\        
 ^
  LD      drivers/misc/mediatek/smi/mt6735/built-in.o
  LD      drivers/misc/mediatek/smi/built-in.o
  CC      drivers/misc/mediatek/spm/mt6735/mt_spm_internal.o
  CC      drivers/misc/mediatek/sync/mtk_sync.o
  LD      drivers/misc/mediatek/ssw/ssw_single_v2/built-in.o
  LD      drivers/misc/mediatek/ssw/built-in.o
  CC      drivers/misc/mediatek/sysenv/mt6735/sysenv.o
In file included from include/mach/mt_gpio.h:15:0,
                 from drivers/misc/mediatek/spm/mt6735/mt_spm_internal.h:12,
                 from drivers/misc/mediatek/spm/mt6735/mt_spm_internal.c:11:
/home/satory-ra/Android/kernel/android_kernel_oukitel_orange/drivers/misc/mediatek/mach/mt6735/Sprint4g/dct/dct/inc/cust_gpio_usage.h:481:0: warning: "GPIO_KPD_KCOL1_PIN_M_UCTS" redefined
 #define GPIO_KPD_KCOL1_PIN_M_UCTS   GPIO_MODE_03
 ^
/home/satory-ra/Android/kernel/android_kernel_oukitel_orange/drivers/misc/mediatek/mach/mt6735/Sprint4g/dct/dct/inc/cust_gpio_usage.h:480:0: note: this is the location of the previous definition
 #define GPIO_KPD_KCOL1_PIN_M_UCTS   GPIO_MODE_02
 ^
  LD      drivers/misc/mediatek/sync/built-in.o
  CC      drivers/misc/mediatek/systracker/systracker_interface.o
  CC      drivers/misc/mediatek/spm/mt6735/mt_spm_fs.o
  LD      drivers/misc/mediatek/sysenv/mt6735/built-in.o
  LD      drivers/misc/mediatek/sysenv/built-in.o
  CC      drivers/misc/mediatek/thermal/mtk_thermal_monitor.o
In file included from include/mach/mt_gpio.h:15:0,
                 from drivers/misc/mediatek/spm/mt6735/mt_spm_internal.h:12,
                 from drivers/misc/mediatek/spm/mt6735/mt_spm_fs.c:7:
/home/satory-ra/Android/kernel/android_kernel_oukitel_orange/drivers/misc/mediatek/mach/mt6735/Sprint4g/dct/dct/inc/cust_gpio_usage.h:481:0: warning: "GPIO_KPD_KCOL1_PIN_M_UCTS" redefined
 #define GPIO_KPD_KCOL1_PIN_M_UCTS   GPIO_MODE_03
 ^
/home/satory-ra/Android/kernel/android_kernel_oukitel_orange/drivers/misc/mediatek/mach/mt6735/Sprint4g/dct/dct/inc/cust_gpio_usage.h:480:0: note: this is the location of the previous definition
 #define GPIO_KPD_KCOL1_PIN_M_UCTS   GPIO_MODE_02
 ^
  CC      drivers/misc/mediatek/spm/mt6735/mt_spm_sleep.o
  CC      drivers/misc/mediatek/systracker/mt6735/systracker_platform.o
In file included from include/mach/mt_gpio.h:15:0,
                 from drivers/misc/mediatek/spm/mt6735/mt_spm_internal.h:12,
                 from drivers/misc/mediatek/spm/mt6735/mt_spm_sleep.c:39:
/home/satory-ra/Android/kernel/android_kernel_oukitel_orange/drivers/misc/mediatek/mach/mt6735/Sprint4g/dct/dct/inc/cust_gpio_usage.h:481:0: warning: "GPIO_KPD_KCOL1_PIN_M_UCTS" redefined
 #define GPIO_KPD_KCOL1_PIN_M_UCTS   GPIO_MODE_03
 ^
/home/satory-ra/Android/kernel/android_kernel_oukitel_orange/drivers/misc/mediatek/mach/mt6735/Sprint4g/dct/dct/inc/cust_gpio_usage.h:480:0: note: this is the location of the previous definition
 #define GPIO_KPD_KCOL1_PIN_M_UCTS   GPIO_MODE_02
 ^
In file included from drivers/misc/mediatek/spm/mt6735/mt_spm_sleep.c:40:0:
drivers/misc/mediatek/spm/mt6735/../../pmic_wrap/mt6735/pwrap_hal.h:424:0: warning: "MT6328_STRUP_CON0" redefined
 #define MT6328_STRUP_CON0            ((UINT32)(MT6328_PMIC_REG_BASE+0x0000))
 ^
In file included from /home/satory-ra/Android/kernel/android_kernel_oukitel_orange/drivers/misc/mediatek/mach/mt6735/include/mach/upmu_common.h:7:0,
                 from drivers/misc/mediatek/spm/mt6735/mt_spm_sleep.c:25:
/home/satory-ra/Android/kernel/android_kernel_oukitel_orange/drivers/misc/mediatek/mach/mt6735/include/mach/upmu_hw.h:8:0: note: this is the location of the previous definition
 #define MT6328_STRUP_CON0            ((MT6328_PMIC_REG_BASE+0x0000))
 ^
In file included from drivers/misc/mediatek/spm/mt6735/mt_spm_sleep.c:40:0:
drivers/misc/mediatek/spm/mt6735/../../pmic_wrap/mt6735/pwrap_hal.h:425:0: warning: "MT6328_STRUP_CON2" redefined
 #define MT6328_STRUP_CON2            ((UINT32)(MT6328_PMIC_REG_BASE+0x0002))
 ^
In file included from /home/satory-ra/Android/kernel/android_kernel_oukitel_orange/drivers/misc/mediatek/mach/mt6735/include/mach/upmu_common.h:7:0,
                 from drivers/misc/mediatek/spm/mt6735/mt_spm_sleep.c:25:
/home/satory-ra/Android/kernel/android_kernel_oukitel_orange/drivers/misc/mediatek/mach/mt6735/include/mach/upmu_hw.h:9:0: note: this is the location of the previous definition
 #define MT6328_STRUP_CON2            ((MT6328_PMIC_REG_BASE+0x0002))
 ^
In file included from drivers/misc/mediatek/spm/mt6735/mt_spm_sleep.c:40:0:
drivers/misc/mediatek/spm/mt6735/../../pmic_wrap/mt6735/pwrap_hal.h:426:0: warning: "MT6328_STRUP_CON3" redefined
 #define MT6328_STRUP_CON3            ((UINT32)(MT6328_PMIC_REG_BASE+0x0004))
 ^
In file included from /home/satory-ra/Android/kernel/android_kernel_oukitel_orange/drivers/misc/mediatek/mach/mt6735/include/mach/upmu_common.h:7:0,
                 from drivers/misc/mediatek/spm/mt6735/mt_spm_sleep.c:25:
/home/satory-ra/Android/kernel/android_kernel_oukitel_orange/drivers/misc/mediatek/mach/mt6735/include/mach/upmu_hw.h:10:0: note: this is the location of the previous definition
 #define MT6328_STRUP_CON3            ((MT6328_PMIC_REG_BASE+0x0004))
 ^
In file included from drivers/misc/mediatek/spm/mt6735/mt_spm_sleep.c:40:0:
drivers/misc/mediatek/spm/mt6735/../../pmic_wrap/mt6735/pwrap_hal.h:427:0: warning: "MT6328_STRUP_CON4" redefined
 #define MT6328_STRUP_CON4            ((UINT32)(MT6328_PMIC_REG_BASE+0x0006))
 ^
In file included from /home/satory-ra/Android/kernel/android_kernel_oukitel_orange/drivers/misc/mediatek/mach/mt6735/include/mach/upmu_common.h:7:0,
                 from drivers/misc/mediatek/spm/mt6735/mt_spm_sleep.c:25:
/home/satory-ra/Android/kernel/android_kernel_oukitel_orange/drivers/misc/mediatek/mach/mt6735/include/mach/upmu_hw.h:11:0: note: this is the location of the previous definition
 #define MT6328_STRUP_CON4            ((MT6328_PMIC_REG_BASE+0x0006))
 ^
In file included from drivers/misc/mediatek/spm/mt6735/mt_spm_sleep.c:40:0:
drivers/misc/mediatek/spm/mt6735/../../pmic_wrap/mt6735/pwrap_hal.h:428:0: warning: "MT6328_STRUP_CON5" redefined
 #define MT6328_STRUP_CON5            ((UINT32)(MT6328_PMIC_REG_BASE+0x0008))
 ^
In file included from /home/satory-ra/Android/kernel/android_kernel_oukitel_orange/drivers/misc/mediatek/mach/mt6735/include/mach/upmu_common.h:7:0,
                 from drivers/misc/mediatek/spm/mt6735/mt_spm_sleep.c:25:
/home/satory-ra/Android/kernel/android_kernel_oukitel_orange/drivers/misc/mediatek/mach/mt6735/include/mach/upmu_hw.h:12:0: note: this is the location of the previous definition
 #define MT6328_STRUP_CON5            ((MT6328_PMIC_REG_BASE+0x0008))
 ^
In file included from drivers/misc/mediatek/spm/mt6735/mt_spm_sleep.c:40:0:
drivers/misc/mediatek/spm/mt6735/../../pmic_wrap/mt6735/pwrap_hal.h:429:0: warning: "MT6328_STRUP_CON6" redefined
 #define MT6328_STRUP_CON6            ((UINT32)(MT6328_PMIC_REG_BASE+0x000A))
 ^
In file included from /home/satory-ra/Android/kernel/android_kernel_oukitel_orange/drivers/misc/mediatek/mach/mt6735/include/mach/upmu_common.h:7:0,
                 from drivers/misc/mediatek/spm/mt6735/mt_spm_sleep.c:25:
/home/satory-ra/Android/kernel/android_kernel_oukitel_orange/drivers/misc/mediatek/mach/mt6735/include/mach/upmu_hw.h:13:0: note: this is the location of the previous definition
 #define MT6328_STRUP_CON6            ((MT6328_PMIC_REG_BASE+0x000A))
 ^
In file included from drivers/misc/mediatek/spm/mt6735/mt_spm_sleep.c:40:0:
drivers/misc/mediatek/spm/mt6735/../../pmic_wrap/mt6735/pwrap_hal.h:430:0: warning: "MT6328_STRUP_CON7" redefined
 #define MT6328_STRUP_CON7            ((UINT32)(MT6328_PMIC_REG_BASE+0x000C))
 ^
In file included from /home/satory-ra/Android/kernel/android_kernel_oukitel_orange/drivers/misc/mediatek/mach/mt6735/include/mach/upmu_common.h:7:0,
                 from drivers/misc/mediatek/spm/mt6735/mt_spm_sleep.c:25:
/home/satory-ra/Android/kernel/android_kernel_oukitel_orange/drivers/misc/mediatek/mach/mt6735/include/mach/upmu_hw.h:14:0: note: this is the location of the previous definition
 #define MT6328_STRUP_CON7            ((MT6328_PMIC_REG_BASE+0x000C))
 ^
In file included from drivers/misc/mediatek/spm/mt6735/mt_spm_sleep.c:40:0:
drivers/misc/mediatek/spm/mt6735/../../pmic_wrap/mt6735/pwrap_hal.h:431:0: warning: "MT6328_STRUP_CON8" redefined
 #define MT6328_STRUP_CON8            ((UINT32)(MT6328_PMIC_REG_BASE+0x000E))
 ^
In file included from /home/satory-ra/Android/kernel/android_kernel_oukitel_orange/drivers/misc/mediatek/mach/mt6735/include/mach/upmu_common.h:7:0,
                 from drivers/misc/mediatek/spm/mt6735/mt_spm_sleep.c:25:
/home/satory-ra/Android/kernel/android_kernel_oukitel_orange/drivers/misc/mediatek/mach/mt6735/include/mach/upmu_hw.h:15:0: note: this is the location of the previous definition
 #define MT6328_STRUP_CON8            ((MT6328_PMIC_REG_BASE+0x000E))
 ^
In file included from drivers/misc/mediatek/spm/mt6735/mt_spm_sleep.c:40:0:
drivers/misc/mediatek/spm/mt6735/../../pmic_wrap/mt6735/pwrap_hal.h:432:0: warning: "MT6328_STRUP_CON9" redefined
 #define MT6328_STRUP_CON9            ((UINT32)(MT6328_PMIC_REG_BASE+0x0010))
 ^
In file included from /home/satory-ra/Android/kernel/android_kernel_oukitel_orange/drivers/misc/mediatek/mach/mt6735/include/mach/upmu_common.h:7:0,
                 from drivers/misc/mediatek/spm/mt6735/mt_spm_sleep.c:25:
/home/satory-ra/Android/kernel/android_kernel_oukitel_orange/drivers/misc/mediatek/mach/mt6735/include/mach/upmu_hw.h:16:0: note: this is the location of the previous definition
 #define MT6328_STRUP_CON9            ((MT6328_PMIC_REG_BASE+0x0010))
 ^
In file included from drivers/misc/mediatek/spm/mt6735/mt_spm_sleep.c:40:0:
drivers/misc/mediatek/spm/mt6735/../../pmic_wrap/mt6735/pwrap_hal.h:433:0: warning: "MT6328_STRUP_CON10" redefined
 #define MT6328_STRUP_CON10           ((UINT32)(MT6328_PMIC_REG_BASE+0x0012))
 ^
In file included from /home/satory-ra/Android/kernel/android_kernel_oukitel_orange/drivers/misc/mediatek/mach/mt6735/include/mach/upmu_common.h:7:0,
                 from drivers/misc/mediatek/spm/mt6735/mt_spm_sleep.c:25:
/home/satory-ra/Android/kernel/android_kernel_oukitel_orange/drivers/misc/mediatek/mach/mt6735/include/mach/upmu_hw.h:17:0: note: this is the location of the previous definition
 #define MT6328_STRUP_CON10           ((MT6328_PMIC_REG_BASE+0x0012))
 ^
In file included from drivers/misc/mediatek/spm/mt6735/mt_spm_sleep.c:40:0:
drivers/misc/mediatek/spm/mt6735/../../pmic_wrap/mt6735/pwrap_hal.h:434:0: warning: "MT6328_STRUP_CON11" redefined
 #define MT6328_STRUP_CON11           ((UINT32)(MT6328_PMIC_REG_BASE+0x0014))
 ^
In file included from /home/satory-ra/Android/kernel/android_kernel_oukitel_orange/drivers/misc/mediatek/mach/mt6735/include/mach/upmu_common.h:7:0,
                 from drivers/misc/mediatek/spm/mt6735/mt_spm_sleep.c:25:
/home/satory-ra/Android/kernel/android_kernel_oukitel_orange/drivers/misc/mediatek/mach/mt6735/include/mach/upmu_hw.h:18:0: note: this is the location of the previous definition
 #define MT6328_STRUP_CON11           ((MT6328_PMIC_REG_BASE+0x0014))
 ^
In file included from drivers/misc/mediatek/spm/mt6735/mt_spm_sleep.c:40:0:
drivers/misc/mediatek/spm/mt6735/../../pmic_wrap/mt6735/pwrap_hal.h:435:0: warning: "MT6328_STRUP_CON12" redefined
 #define MT6328_STRUP_CON12           ((UINT32)(MT6328_PMIC_REG_BASE+0x0016))
 ^
In file included from /home/satory-ra/Android/kernel/android_kernel_oukitel_orange/drivers/misc/mediatek/mach/mt6735/include/mach/upmu_common.h:7:0,
                 from drivers/misc/mediatek/spm/mt6735/mt_spm_sleep.c:25:
/home/satory-ra/Android/kernel/android_kernel_oukitel_orange/drivers/misc/mediatek/mach/mt6735/include/mach/upmu_hw.h:19:0: note: this is the location of the previous definition
 #define MT6328_STRUP_CON12           ((MT6328_PMIC_REG_BASE+0x0016))
 ^
In file included from drivers/misc/mediatek/spm/mt6735/mt_spm_sleep.c:40:0:
drivers/misc/mediatek/spm/mt6735/../../pmic_wrap/mt6735/pwrap_hal.h:436:0: warning: "MT6328_STRUP_CON13" redefined
 #define MT6328_STRUP_CON13           ((UINT32)(MT6328_PMIC_REG_BASE+0x0018))
 ^
In file included from /home/satory-ra/Android/kernel/android_kernel_oukitel_orange/drivers/misc/mediatek/mach/mt6735/include/mach/upmu_common.h:7:0,
                 from drivers/misc/mediatek/spm/mt6735/mt_spm_sleep.c:25:
/home/satory-ra/Android/kernel/android_kernel_oukitel_orange/drivers/misc/mediatek/mach/mt6735/include/mach/upmu_hw.h:20:0: note: this is the location of the previous definition
 #define MT6328_STRUP_CON13           ((MT6328_PMIC_REG_BASE+0x0018))
 ^
In file included from drivers/misc/mediatek/spm/mt6735/mt_spm_sleep.c:40:0:
drivers/misc/mediatek/spm/mt6735/../../pmic_wrap/mt6735/pwrap_hal.h:437:0: warning: "MT6328_STRUP_CON14" redefined
 #define MT6328_STRUP_CON14           ((UINT32)(MT6328_PMIC_REG_BASE+0x001A))
 ^
In file included from /home/satory-ra/Android/kernel/android_kernel_oukitel_orange/drivers/misc/mediatek/mach/mt6735/include/mach/upmu_common.h:7:0,
                 from drivers/misc/mediatek/spm/mt6735/mt_spm_sleep.c:25:
/home/satory-ra/Android/kernel/android_kernel_oukitel_orange/drivers/misc/mediatek/mach/mt6735/include/mach/upmu_hw.h:21:0: note: this is the location of the previous definition
 #define MT6328_STRUP_CON14           ((MT6328_PMIC_REG_BASE+0x001A))
 ^
In file included from drivers/misc/mediatek/spm/mt6735/mt_spm_sleep.c:40:0:
drivers/misc/mediatek/spm/mt6735/../../pmic_wrap/mt6735/pwrap_hal.h:438:0: warning: "MT6328_STRUP_CON15" redefined
 #define MT6328_STRUP_CON15           ((UINT32)(MT6328_PMIC_REG_BASE+0x001C))
 ^
In file included from /home/satory-ra/Android/kernel/android_kernel_oukitel_orange/drivers/misc/mediatek/mach/mt6735/include/mach/upmu_common.h:7:0,
                 from drivers/misc/mediatek/spm/mt6735/mt_spm_sleep.c:25:
/home/satory-ra/Android/kernel/android_kernel_oukitel_orange/drivers/misc/mediatek/mach/mt6735/include/mach/upmu_hw.h:22:0: note: this is the location of the previous definition
 #define MT6328_STRUP_CON15           ((MT6328_PMIC_REG_BASE+0x001C))
 ^
In file included from drivers/misc/mediatek/spm/mt6735/mt_spm_sleep.c:40:0:
drivers/misc/mediatek/spm/mt6735/../../pmic_wrap/mt6735/pwrap_hal.h:439:0: warning: "MT6328_STRUP_CON16" redefined
 #define MT6328_STRUP_CON16           ((UINT32)(MT6328_PMIC_REG_BASE+0x001E))
 ^
In file included from /home/satory-ra/Android/kernel/android_kernel_oukitel_orange/drivers/misc/mediatek/mach/mt6735/include/mach/upmu_common.h:7:0,
                 from drivers/misc/mediatek/spm/mt6735/mt_spm_sleep.c:25:
/home/satory-ra/Android/kernel/android_kernel_oukitel_orange/drivers/misc/mediatek/mach/mt6735/include/mach/upmu_hw.h:23:0: note: this is the location of the previous definition
 #define MT6328_STRUP_CON16           ((MT6328_PMIC_REG_BASE+0x001E))
 ^
In file included from drivers/misc/mediatek/spm/mt6735/mt_spm_sleep.c:40:0:
drivers/misc/mediatek/spm/mt6735/../../pmic_wrap/mt6735/pwrap_hal.h:440:0: warning: "MT6328_STRUP_CON17" redefined
 #define MT6328_STRUP_CON17           ((UINT32)(MT6328_PMIC_REG_BASE+0x0020))
 ^
In file included from /home/satory-ra/Android/kernel/android_kernel_oukitel_orange/drivers/misc/mediatek/mach/mt6735/include/mach/upmu_common.h:7:0,
                 from drivers/misc/mediatek/spm/mt6735/mt_spm_sleep.c:25:
/home/satory-ra/Android/kernel/android_kernel_oukitel_orange/drivers/misc/mediatek/mach/mt6735/include/mach/upmu_hw.h:24:0: note: this is the location of the previous definition
 #define MT6328_STRUP_CON17           ((MT6328_PMIC_REG_BASE+0x0020))
 ^
In file included from drivers/misc/mediatek/spm/mt6735/mt_spm_sleep.c:40:0:
drivers/misc/mediatek/spm/mt6735/../../pmic_wrap/mt6735/pwrap_hal.h:441:0: warning: "MT6328_STRUP_CON18" redefined
 #define MT6328_STRUP_CON18           ((UINT32)(MT6328_PMIC_REG_BASE+0x0022))
 ^
In file included from /home/satory-ra/Android/kernel/android_kernel_oukitel_orange/drivers/misc/mediatek/mach/mt6735/include/mach/upmu_common.h:7:0,
                 from drivers/misc/mediatek/spm/mt6735/mt_spm_sleep.c:25:
/home/satory-ra/Android/kernel/android_kernel_oukitel_orange/drivers/misc/mediatek/mach/mt6735/include/mach/upmu_hw.h:25:0: note: this is the location of the previous definition
 #define MT6328_STRUP_CON18           ((MT6328_PMIC_REG_BASE+0x0022))
 ^
In file included from drivers/misc/mediatek/spm/mt6735/mt_spm_sleep.c:40:0:
drivers/misc/mediatek/spm/mt6735/../../pmic_wrap/mt6735/pwrap_hal.h:442:0: warning: "MT6328_STRUP_CON19" redefined
 #define MT6328_STRUP_CON19           ((UINT32)(MT6328_PMIC_REG_BASE+0x0024))
 ^
In file included from /home/satory-ra/Android/kernel/android_kernel_oukitel_orange/drivers/misc/mediatek/mach/mt6735/include/mach/upmu_common.h:7:0,
                 from drivers/misc/mediatek/spm/mt6735/mt_spm_sleep.c:25:
/home/satory-ra/Android/kernel/android_kernel_oukitel_orange/drivers/misc/mediatek/mach/mt6735/include/mach/upmu_hw.h:26:0: note: this is the location of the previous definition
 #define MT6328_STRUP_CON19           ((MT6328_PMIC_REG_BASE+0x0024))
 ^
In file included from drivers/misc/mediatek/spm/mt6735/mt_spm_sleep.c:40:0:
drivers/misc/mediatek/spm/mt6735/../../pmic_wrap/mt6735/pwrap_hal.h:443:0: warning: "MT6328_STRUP_CON20" redefined
 #define MT6328_STRUP_CON20           ((UINT32)(MT6328_PMIC_REG_BASE+0x0026))
 ^
In file included from /home/satory-ra/Android/kernel/android_kernel_oukitel_orange/drivers/misc/mediatek/mach/mt6735/include/mach/upmu_common.h:7:0,
                 from drivers/misc/mediatek/spm/mt6735/mt_spm_sleep.c:25:
/home/satory-ra/Android/kernel/android_kernel_oukitel_orange/drivers/misc/mediatek/mach/mt6735/include/mach/upmu_hw.h:27:0: note: this is the location of the previous definition
 #define MT6328_STRUP_CON20           ((MT6328_PMIC_REG_BASE+0x0026))
 ^
In file included from drivers/misc/mediatek/spm/mt6735/mt_spm_sleep.c:40:0:
drivers/misc/mediatek/spm/mt6735/../../pmic_wrap/mt6735/pwrap_hal.h:444:0: warning: "MT6328_STRUP_CON21" redefined
 #define MT6328_STRUP_CON21           ((UINT32)(MT6328_PMIC_REG_BASE+0x0028))
 ^
In file included from /home/satory-ra/Android/kernel/android_kernel_oukitel_orange/drivers/misc/mediatek/mach/mt6735/include/mach/upmu_common.h:7:0,
                 from drivers/misc/mediatek/spm/mt6735/mt_spm_sleep.c:25:
/home/satory-ra/Android/kernel/android_kernel_oukitel_orange/drivers/misc/mediatek/mach/mt6735/include/mach/upmu_hw.h:28:0: note: this is the location of the previous definition
 #define MT6328_STRUP_CON21           ((MT6328_PMIC_REG_BASE+0x0028))
 ^
In file included from drivers/misc/mediatek/spm/mt6735/mt_spm_sleep.c:40:0:
drivers/misc/mediatek/spm/mt6735/../../pmic_wrap/mt6735/pwrap_hal.h:445:0: warning: "MT6328_STRUP_CON22" redefined
 #define MT6328_STRUP_CON22           ((UINT32)(MT6328_PMIC_REG_BASE+0x002A))
 ^
In file included from /home/satory-ra/Android/kernel/android_kernel_oukitel_orange/drivers/misc/mediatek/mach/mt6735/include/mach/upmu_common.h:7:0,
                 from drivers/misc/mediatek/spm/mt6735/mt_spm_sleep.c:25:
/home/satory-ra/Android/kernel/android_kernel_oukitel_orange/drivers/misc/mediatek/mach/mt6735/include/mach/upmu_hw.h:29:0: note: this is the location of the previous definition
 #define MT6328_STRUP_CON22           ((MT6328_PMIC_REG_BASE+0x002A))
 ^
In file included from drivers/misc/mediatek/spm/mt6735/mt_spm_sleep.c:40:0:
drivers/misc/mediatek/spm/mt6735/../../pmic_wrap/mt6735/pwrap_hal.h:446:0: warning: "MT6328_STRUP_CON23" redefined
 #define MT6328_STRUP_CON23           ((UINT32)(MT6328_PMIC_REG_BASE+0x002C))
 ^
In file included from /home/satory-ra/Android/kernel/android_kernel_oukitel_orange/drivers/misc/mediatek/mach/mt6735/include/mach/upmu_common.h:7:0,
                 from drivers/misc/mediatek/spm/mt6735/mt_spm_sleep.c:25:
/home/satory-ra/Android/kernel/android_kernel_oukitel_orange/drivers/misc/mediatek/mach/mt6735/include/mach/upmu_hw.h:30:0: note: this is the location of the previous definition
 #define MT6328_STRUP_CON23           ((MT6328_PMIC_REG_BASE+0x002C))
 ^
In file included from drivers/misc/mediatek/spm/mt6735/mt_spm_sleep.c:40:0:
drivers/misc/mediatek/spm/mt6735/../../pmic_wrap/mt6735/pwrap_hal.h:447:0: warning: "MT6328_STRUP_CON24" redefined
 #define MT6328_STRUP_CON24           ((UINT32)(MT6328_PMIC_REG_BASE+0x002E))
 ^
In file included from /home/satory-ra/Android/kernel/android_kernel_oukitel_orange/drivers/misc/mediatek/mach/mt6735/include/mach/upmu_common.h:7:0,
                 from drivers/misc/mediatek/spm/mt6735/mt_spm_sleep.c:25:
/home/satory-ra/Android/kernel/android_kernel_oukitel_orange/drivers/misc/mediatek/mach/mt6735/include/mach/upmu_hw.h:31:0: note: this is the location of the previous definition
 #define MT6328_STRUP_CON24           ((MT6328_PMIC_REG_BASE+0x002E))
 ^
In file included from drivers/misc/mediatek/spm/mt6735/mt_spm_sleep.c:40:0:
drivers/misc/mediatek/spm/mt6735/../../pmic_wrap/mt6735/pwrap_hal.h:448:0: warning: "MT6328_STRUP_CON25" redefined
 #define MT6328_STRUP_CON25           ((UINT32)(MT6328_PMIC_REG_BASE+0x0030))
 ^
In file included from /home/satory-ra/Android/kernel/android_kernel_oukitel_orange/drivers/misc/mediatek/mach/mt6735/include/mach/upmu_common.h:7:0,
                 from drivers/misc/mediatek/spm/mt6735/mt_spm_sleep.c:25:
/home/satory-ra/Android/kernel/android_kernel_oukitel_orange/drivers/misc/mediatek/mach/mt6735/include/mach/upmu_hw.h:32:0: note: this is the location of the previous definition
 #define MT6328_STRUP_CON25           ((MT6328_PMIC_REG_BASE+0x0030))
 ^
In file included from drivers/misc/mediatek/spm/mt6735/mt_spm_sleep.c:40:0:
drivers/misc/mediatek/spm/mt6735/../../pmic_wrap/mt6735/pwrap_hal.h:449:0: warning: "MT6328_STRUP_CON26" redefined
 #define MT6328_STRUP_CON26           ((UINT32)(MT6328_PMIC_REG_BASE+0x0032))
 ^
In file included from /home/satory-ra/Android/kernel/android_kernel_oukitel_orange/drivers/misc/mediatek/mach/mt6735/include/mach/upmu_common.h:7:0,
                 from drivers/misc/mediatek/spm/mt6735/mt_spm_sleep.c:25:
/home/satory-ra/Android/kernel/android_kernel_oukitel_orange/drivers/misc/mediatek/mach/mt6735/include/mach/upmu_hw.h:33:0: note: this is the location of the previous definition
 #define MT6328_STRUP_CON26           ((MT6328_PMIC_REG_BASE+0x0032))
 ^
In file included from drivers/misc/mediatek/spm/mt6735/mt_spm_sleep.c:40:0:
drivers/misc/mediatek/spm/mt6735/../../pmic_wrap/mt6735/pwrap_hal.h:450:0: warning: "MT6328_STRUP_CON27" redefined
 #define MT6328_STRUP_CON27           ((UINT32)(MT6328_PMIC_REG_BASE+0x0034))
 ^
In file included from /home/satory-ra/Android/kernel/android_kernel_oukitel_orange/drivers/misc/mediatek/mach/mt6735/include/mach/upmu_common.h:7:0,
                 from drivers/misc/mediatek/spm/mt6735/mt_spm_sleep.c:25:
/home/satory-ra/Android/kernel/android_kernel_oukitel_orange/drivers/misc/mediatek/mach/mt6735/include/mach/upmu_hw.h:34:0: note: this is the location of the previous definition
 #define MT6328_STRUP_CON27           ((MT6328_PMIC_REG_BASE+0x0034))
 ^
In file included from drivers/misc/mediatek/spm/mt6735/mt_spm_sleep.c:40:0:
drivers/misc/mediatek/spm/mt6735/../../pmic_wrap/mt6735/pwrap_hal.h:451:0: warning: "MT6328_STRUP_CON28" redefined
 #define MT6328_STRUP_CON28           ((UINT32)(MT6328_PMIC_REG_BASE+0x0036))
 ^
In file included from /home/satory-ra/Android/kernel/android_kernel_oukitel_orange/drivers/misc/mediatek/mach/mt6735/include/mach/upmu_common.h:7:0,
                 from drivers/misc/mediatek/spm/mt6735/mt_spm_sleep.c:25:
/home/satory-ra/Android/kernel/android_kernel_oukitel_orange/drivers/misc/mediatek/mach/mt6735/include/mach/upmu_hw.h:35:0: note: this is the location of the previous definition
 #define MT6328_STRUP_CON28           ((MT6328_PMIC_REG_BASE+0x0036))
 ^
In file included from drivers/misc/mediatek/spm/mt6735/mt_spm_sleep.c:40:0:
drivers/misc/mediatek/spm/mt6735/../../pmic_wrap/mt6735/pwrap_hal.h:452:0: warning: "MT6328_STRUP_CON29" redefined
 #define MT6328_STRUP_CON29           ((UINT32)(MT6328_PMIC_REG_BASE+0x0038))
 ^
In file included from /home/satory-ra/Android/kernel/android_kernel_oukitel_orange/drivers/misc/mediatek/mach/mt6735/include/mach/upmu_common.h:7:0,
                 from drivers/misc/mediatek/spm/mt6735/mt_spm_sleep.c:25:
/home/satory-ra/Android/kernel/android_kernel_oukitel_orange/drivers/misc/mediatek/mach/mt6735/include/mach/upmu_hw.h:36:0: note: this is the location of the previous definition
 #define MT6328_STRUP_CON29           ((MT6328_PMIC_REG_BASE+0x0038))
 ^
In file included from drivers/misc/mediatek/spm/mt6735/mt_spm_sleep.c:40:0:
drivers/misc/mediatek/spm/mt6735/../../pmic_wrap/mt6735/pwrap_hal.h:453:0: warning: "MT6328_STRUP_CON30" redefined
 #define MT6328_STRUP_CON30           ((UINT32)(MT6328_PMIC_REG_BASE+0x003A))
 ^
In file included from /home/satory-ra/Android/kernel/android_kernel_oukitel_orange/drivers/misc/mediatek/mach/mt6735/include/mach/upmu_common.h:7:0,
                 from drivers/misc/mediatek/spm/mt6735/mt_spm_sleep.c:25:
/home/satory-ra/Android/kernel/android_kernel_oukitel_orange/drivers/misc/mediatek/mach/mt6735/include/mach/upmu_hw.h:37:0: note: this is the location of the previous definition
 #define MT6328_STRUP_CON30           ((MT6328_PMIC_REG_BASE+0x003A))
 ^
In file included from drivers/misc/mediatek/spm/mt6735/mt_spm_sleep.c:40:0:
drivers/misc/mediatek/spm/mt6735/../../pmic_wrap/mt6735/pwrap_hal.h:454:0: warning: "MT6328_STRUP_CON31" redefined
 #define MT6328_STRUP_CON31           ((UINT32)(MT6328_PMIC_REG_BASE+0x003C))
 ^
In file included from /home/satory-ra/Android/kernel/android_kernel_oukitel_orange/drivers/misc/mediatek/mach/mt6735/include/mach/upmu_common.h:7:0,
                 from drivers/misc/mediatek/spm/mt6735/mt_spm_sleep.c:25:
/home/satory-ra/Android/kernel/android_kernel_oukitel_orange/drivers/misc/mediatek/mach/mt6735/include/mach/upmu_hw.h:38:0: note: this is the location of the previous definition
 #define MT6328_STRUP_CON31           ((MT6328_PMIC_REG_BASE+0x003C))
 ^
In file included from drivers/misc/mediatek/spm/mt6735/mt_spm_sleep.c:40:0:
drivers/misc/mediatek/spm/mt6735/../../pmic_wrap/mt6735/pwrap_hal.h:455:0: warning: "MT6328_STRUP_CON32" redefined
 #define MT6328_STRUP_CON32           ((UINT32)(MT6328_PMIC_REG_BASE+0x003E))
 ^
In file included from /home/satory-ra/Android/kernel/android_kernel_oukitel_orange/drivers/misc/mediatek/mach/mt6735/include/mach/upmu_common.h:7:0,
                 from drivers/misc/mediatek/spm/mt6735/mt_spm_sleep.c:25:
/home/satory-ra/Android/kernel/android_kernel_oukitel_orange/drivers/misc/mediatek/mach/mt6735/include/mach/upmu_hw.h:39:0: note: this is the location of the previous definition
 #define MT6328_STRUP_CON32           ((MT6328_PMIC_REG_BASE+0x003E))
 ^
In file included from drivers/misc/mediatek/spm/mt6735/mt_spm_sleep.c:40:0:
drivers/misc/mediatek/spm/mt6735/../../pmic_wrap/mt6735/pwrap_hal.h:456:0: warning: "MT6328_STRUP_ANA_CON0" redefined
 #define MT6328_STRUP_ANA_CON0        ((UINT32)(MT6328_PMIC_REG_BASE+0x0040))
 ^
In file included from /home/satory-ra/Android/kernel/android_kernel_oukitel_orange/drivers/misc/mediatek/mach/mt6735/include/mach/upmu_common.h:7:0,
                 from drivers/misc/mediatek/spm/mt6735/mt_spm_sleep.c:25:
/home/satory-ra/Android/kernel/android_kernel_oukitel_orange/drivers/misc/mediatek/mach/mt6735/include/mach/upmu_hw.h:40:0: note: this is the location of the previous definition
 #define MT6328_STRUP_ANA_CON0        ((MT6328_PMIC_REG_BASE+0x0040))
 ^
In file included from drivers/misc/mediatek/spm/mt6735/mt_spm_sleep.c:40:0:
drivers/misc/mediatek/spm/mt6735/../../pmic_wrap/mt6735/pwrap_hal.h:457:0: warning: "MT6328_HWCID" redefined
 #define MT6328_HWCID                 ((UINT32)(MT6328_PMIC_REG_BASE+0x0200))
 ^
In file included from /home/satory-ra/Android/kernel/android_kernel_oukitel_orange/drivers/misc/mediatek/mach/mt6735/include/mach/upmu_common.h:7:0,
                 from drivers/misc/mediatek/spm/mt6735/mt_spm_sleep.c:25:
/home/satory-ra/Android/kernel/android_kernel_oukitel_orange/drivers/misc/mediatek/mach/mt6735/include/mach/upmu_hw.h:41:0: note: this is the location of the previous definition
 #define MT6328_HWCID                 ((MT6328_PMIC_REG_BASE+0x0200))
 ^
In file included from drivers/misc/mediatek/spm/mt6735/mt_spm_sleep.c:40:0:
drivers/misc/mediatek/spm/mt6735/../../pmic_wrap/mt6735/pwrap_hal.h:458:0: warning: "MT6328_SWCID" redefined
 #define MT6328_SWCID                 ((UINT32)(MT6328_PMIC_REG_BASE+0x0202))
 ^
In file included from /home/satory-ra/Android/kernel/android_kernel_oukitel_orange/drivers/misc/mediatek/mach/mt6735/include/mach/upmu_common.h:7:0,
                 from drivers/misc/mediatek/spm/mt6735/mt_spm_sleep.c:25:
/home/satory-ra/Android/kernel/android_kernel_oukitel_orange/drivers/misc/mediatek/mach/mt6735/include/mach/upmu_hw.h:42:0: note: this is the location of the previous definition
 #define MT6328_SWCID                 ((MT6328_PMIC_REG_BASE+0x0202))
 ^
In file included from drivers/misc/mediatek/spm/mt6735/mt_spm_sleep.c:40:0:
drivers/misc/mediatek/spm/mt6735/../../pmic_wrap/mt6735/pwrap_hal.h:459:0: warning: "MT6328_TOP_CON" redefined
 #define MT6328_TOP_CON               ((UINT32)(MT6328_PMIC_REG_BASE+0x0204))
 ^
In file included from /home/satory-ra/Android/kernel/android_kernel_oukitel_orange/drivers/misc/mediatek/mach/mt6735/include/mach/upmu_common.h:7:0,
                 from drivers/misc/mediatek/spm/mt6735/mt_spm_sleep.c:25:
/home/satory-ra/Android/kernel/android_kernel_oukitel_orange/drivers/misc/mediatek/mach/mt6735/include/mach/upmu_hw.h:43:0: note: this is the location of the previous definition
 #define MT6328_TOP_CON               ((MT6328_PMIC_REG_BASE+0x0204))
 ^
In file included from drivers/misc/mediatek/spm/mt6735/mt_spm_sleep.c:40:0:
drivers/misc/mediatek/spm/mt6735/../../pmic_wrap/mt6735/pwrap_hal.h:460:0: warning: "MT6328_TEST_OUT" redefined
 #define MT6328_TEST_OUT              ((UINT32)(MT6328_PMIC_REG_BASE+0x0206))
 ^
In file included from /home/satory-ra/Android/kernel/android_kernel_oukitel_orange/drivers/misc/mediatek/mach/mt6735/include/mach/upmu_common.h:7:0,
                 from drivers/misc/mediatek/spm/mt6735/mt_spm_sleep.c:25:
/home/satory-ra/Android/kernel/android_kernel_oukitel_orange/drivers/misc/mediatek/mach/mt6735/include/mach/upmu_hw.h:44:0: note: this is the location of the previous definition
 #define MT6328_TEST_OUT              ((MT6328_PMIC_REG_BASE+0x0206))
 ^
In file included from drivers/misc/mediatek/spm/mt6735/mt_spm_sleep.c:40:0:
drivers/misc/mediatek/spm/mt6735/../../pmic_wrap/mt6735/pwrap_hal.h:461:0: warning: "MT6328_TEST_CON0" redefined
 #define MT6328_TEST_CON0             ((UINT32)(MT6328_PMIC_REG_BASE+0x0208))
 ^
In file included from /home/satory-ra/Android/kernel/android_kernel_oukitel_orange/drivers/misc/mediatek/mach/mt6735/include/mach/upmu_common.h:7:0,
                 from drivers/misc/mediatek/spm/mt6735/mt_spm_sleep.c:25:
/home/satory-ra/Android/kernel/android_kernel_oukitel_orange/drivers/misc/mediatek/mach/mt6735/include/mach/upmu_hw.h:45:0: note: this is the location of the previous definition
 #define MT6328_TEST_CON0             ((MT6328_PMIC_REG_BASE+0x0208))
 ^
In file included from drivers/misc/mediatek/spm/mt6735/mt_spm_sleep.c:40:0:
drivers/misc/mediatek/spm/mt6735/../../pmic_wrap/mt6735/pwrap_hal.h:462:0: warning: "MT6328_TEST_CON1" redefined
 #define MT6328_TEST_CON1             ((UINT32)(MT6328_PMIC_REG_BASE+0x020A))
 ^
In file included from /home/satory-ra/Android/kernel/android_kernel_oukitel_orange/drivers/misc/mediatek/mach/mt6735/include/mach/upmu_common.h:7:0,
                 from drivers/misc/mediatek/spm/mt6735/mt_spm_sleep.c:25:
/home/satory-ra/Android/kernel/android_kernel_oukitel_orange/drivers/misc/mediatek/mach/mt6735/include/mach/upmu_hw.h:46:0: note: this is the location of the previous definition
 #define MT6328_TEST_CON1             ((MT6328_PMIC_REG_BASE+0x020A))
 ^
In file included from drivers/misc/mediatek/spm/mt6735/mt_spm_sleep.c:40:0:
drivers/misc/mediatek/spm/mt6735/../../pmic_wrap/mt6735/pwrap_hal.h:463:0: warning: "MT6328_TESTMODE_SW" redefined
 #define MT6328_TESTMODE_SW           ((UINT32)(MT6328_PMIC_REG_BASE+0x020C))
 ^
In file included from /home/satory-ra/Android/kernel/android_kernel_oukitel_orange/drivers/misc/mediatek/mach/mt6735/include/mach/upmu_common.h:7:0,
                 from drivers/misc/mediatek/spm/mt6735/mt_spm_sleep.c:25:
/home/satory-ra/Android/kernel/android_kernel_oukitel_orange/drivers/misc/mediatek/mach/mt6735/include/mach/upmu_hw.h:47:0: note: this is the location of the previous definition
 #define MT6328_TESTMODE_SW           ((MT6328_PMIC_REG_BASE+0x020C))
 ^
In file included from drivers/misc/mediatek/spm/mt6735/mt_spm_sleep.c:40:0:
drivers/misc/mediatek/spm/mt6735/../../pmic_wrap/mt6735/pwrap_hal.h:464:0: warning: "MT6328_EN_STATUS0" redefined
 #define MT6328_EN_STATUS0            ((UINT32)(MT6328_PMIC_REG_BASE+0x020E))
 ^
In file included from /home/satory-ra/Android/kernel/android_kernel_oukitel_orange/drivers/misc/mediatek/mach/mt6735/include/mach/upmu_common.h:7:0,
                 from drivers/misc/mediatek/spm/mt6735/mt_spm_sleep.c:25:
/home/satory-ra/Android/kernel/android_kernel_oukitel_orange/drivers/misc/mediatek/mach/mt6735/include/mach/upmu_hw.h:48:0: note: this is the location of the previous definition
 #define MT6328_EN_STATUS0            ((MT6328_PMIC_REG_BASE+0x020E))
 ^
In file included from drivers/misc/mediatek/spm/mt6735/mt_spm_sleep.c:40:0:
drivers/misc/mediatek/spm/mt6735/../../pmic_wrap/mt6735/pwrap_hal.h:465:0: warning: "MT6328_EN_STATUS1" redefined
 #define MT6328_EN_STATUS1            ((UINT32)(MT6328_PMIC_REG_BASE+0x0210))
 ^
In file included from /home/satory-ra/Android/kernel/android_kernel_oukitel_orange/drivers/misc/mediatek/mach/mt6735/include/mach/upmu_common.h:7:0,
                 from drivers/misc/mediatek/spm/mt6735/mt_spm_sleep.c:25:
/home/satory-ra/Android/kernel/android_kernel_oukitel_orange/drivers/misc/mediatek/mach/mt6735/include/mach/upmu_hw.h:49:0: note: this is the location of the previous definition
 #define MT6328_EN_STATUS1            ((MT6328_PMIC_REG_BASE+0x0210))
 ^
In file included from drivers/misc/mediatek/spm/mt6735/mt_spm_sleep.c:40:0:
drivers/misc/mediatek/spm/mt6735/../../pmic_wrap/mt6735/pwrap_hal.h:466:0: warning: "MT6328_EN_STATUS2" redefined
 #define MT6328_EN_STATUS2            ((UINT32)(MT6328_PMIC_REG_BASE+0x0212))
 ^
In file included from /home/satory-ra/Android/kernel/android_kernel_oukitel_orange/drivers/misc/mediatek/mach/mt6735/include/mach/upmu_common.h:7:0,
                 from drivers/misc/mediatek/spm/mt6735/mt_spm_sleep.c:25:
/home/satory-ra/Android/kernel/android_kernel_oukitel_orange/drivers/misc/mediatek/mach/mt6735/include/mach/upmu_hw.h:50:0: note: this is the location of the previous definition
 #define MT6328_EN_STATUS2            ((MT6328_PMIC_REG_BASE+0x0212))
 ^
In file included from drivers/misc/mediatek/spm/mt6735/mt_spm_sleep.c:40:0:
drivers/misc/mediatek/spm/mt6735/../../pmic_wrap/mt6735/pwrap_hal.h:467:0: warning: "MT6328_OCSTATUS0" redefined
 #define MT6328_OCSTATUS0             ((UINT32)(MT6328_PMIC_REG_BASE+0x0214))
 ^
In file included from /home/satory-ra/Android/kernel/android_kernel_oukitel_orange/drivers/misc/mediatek/mach/mt6735/include/mach/upmu_common.h:7:0,
                 from drivers/misc/mediatek/spm/mt6735/mt_spm_sleep.c:25:
/home/satory-ra/Android/kernel/android_kernel_oukitel_orange/drivers/misc/mediatek/mach/mt6735/include/mach/upmu_hw.h:51:0: note: this is the location of the previous definition
 #define MT6328_OCSTATUS0             ((MT6328_PMIC_REG_BASE+0x0214))
 ^
In file included from drivers/misc/mediatek/spm/mt6735/mt_spm_sleep.c:40:0:
drivers/misc/mediatek/spm/mt6735/../../pmic_wrap/mt6735/pwrap_hal.h:468:0: warning: "MT6328_OCSTATUS1" redefined
 #define MT6328_OCSTATUS1             ((UINT32)(MT6328_PMIC_REG_BASE+0x0216))
 ^
In file included from /home/satory-ra/Android/kernel/android_kernel_oukitel_orange/drivers/misc/mediatek/mach/mt6735/include/mach/upmu_common.h:7:0,
                 from drivers/misc/mediatek/spm/mt6735/mt_spm_sleep.c:25:
/home/satory-ra/Android/kernel/android_kernel_oukitel_orange/drivers/misc/mediatek/mach/mt6735/include/mach/upmu_hw.h:52:0: note: this is the location of the previous definition
 #define MT6328_OCSTATUS1             ((MT6328_PMIC_REG_BASE+0x0216))
 ^
In file included from drivers/misc/mediatek/spm/mt6735/mt_spm_sleep.c:40:0:
drivers/misc/mediatek/spm/mt6735/../../pmic_wrap/mt6735/pwrap_hal.h:469:0: warning: "MT6328_OCSTATUS2" redefined
 #define MT6328_OCSTATUS2             ((UINT32)(MT6328_PMIC_REG_BASE+0x0218))
 ^
In file included from /home/satory-ra/Android/kernel/android_kernel_oukitel_orange/drivers/misc/mediatek/mach/mt6735/include/mach/upmu_common.h:7:0,
                 from drivers/misc/mediatek/spm/mt6735/mt_spm_sleep.c:25:
/home/satory-ra/Android/kernel/android_kernel_oukitel_orange/drivers/misc/mediatek/mach/mt6735/include/mach/upmu_hw.h:53:0: note: this is the location of the previous definition
 #define MT6328_OCSTATUS2             ((MT6328_PMIC_REG_BASE+0x0218))
 ^
In file included from drivers/misc/mediatek/spm/mt6735/mt_spm_sleep.c:40:0:
drivers/misc/mediatek/spm/mt6735/../../pmic_wrap/mt6735/pwrap_hal.h:470:0: warning: "MT6328_PGDEBSTATUS" redefined
 #define MT6328_PGDEBSTATUS           ((UINT32)(MT6328_PMIC_REG_BASE+0x021A))
 ^
In file included from /home/satory-ra/Android/kernel/android_kernel_oukitel_orange/drivers/misc/mediatek/mach/mt6735/include/mach/upmu_common.h:7:0,
                 from drivers/misc/mediatek/spm/mt6735/mt_spm_sleep.c:25:
/home/satory-ra/Android/kernel/android_kernel_oukitel_orange/drivers/misc/mediatek/mach/mt6735/include/mach/upmu_hw.h:54:0: note: this is the location of the previous definition
 #define MT6328_PGDEBSTATUS           ((MT6328_PMIC_REG_BASE+0x021A))
 ^
In file included from drivers/misc/mediatek/spm/mt6735/mt_spm_sleep.c:40:0:
drivers/misc/mediatek/spm/mt6735/../../pmic_wrap/mt6735/pwrap_hal.h:471:0: warning: "MT6328_PGSTATUS" redefined
 #define MT6328_PGSTATUS              ((UINT32)(MT6328_PMIC_REG_BASE+0x021C))
 ^
In file included from /home/satory-ra/Android/kernel/android_kernel_oukitel_orange/drivers/misc/mediatek/mach/mt6735/include/mach/upmu_common.h:7:0,
                 from drivers/misc/mediatek/spm/mt6735/mt_spm_sleep.c:25:
/home/satory-ra/Android/kernel/android_kernel_oukitel_orange/drivers/misc/mediatek/mach/mt6735/include/mach/upmu_hw.h:55:0: note: this is the location of the previous definition
 #define MT6328_PGSTATUS              ((MT6328_PMIC_REG_BASE+0x021C))
 ^
In file included from drivers/misc/mediatek/spm/mt6735/mt_spm_sleep.c:40:0:
drivers/misc/mediatek/spm/mt6735/../../pmic_wrap/mt6735/pwrap_hal.h:472:0: warning: "MT6328_THERMALSTATUS" redefined
 #define MT6328_THERMALSTATUS         ((UINT32)(MT6328_PMIC_REG_BASE+0x021E))
 ^
In file included from /home/satory-ra/Android/kernel/android_kernel_oukitel_orange/drivers/misc/mediatek/mach/mt6735/include/mach/upmu_common.h:7:0,
                 from drivers/misc/mediatek/spm/mt6735/mt_spm_sleep.c:25:
/home/satory-ra/Android/kernel/android_kernel_oukitel_orange/drivers/misc/mediatek/mach/mt6735/include/mach/upmu_hw.h:56:0: note: this is the location of the previous definition
 #define MT6328_THERMALSTATUS         ((MT6328_PMIC_REG_BASE+0x021E))
 ^
In file included from drivers/misc/mediatek/spm/mt6735/mt_spm_sleep.c:40:0:
drivers/misc/mediatek/spm/mt6735/../../pmic_wrap/mt6735/pwrap_hal.h:473:0: warning: "MT6328_TOPSTATUS" redefined
 #define MT6328_TOPSTATUS             ((UINT32)(MT6328_PMIC_REG_BASE+0x0220))
 ^
In file included from /home/satory-ra/Android/kernel/android_kernel_oukitel_orange/drivers/misc/mediatek/mach/mt6735/include/mach/upmu_common.h:7:0,
                 from drivers/misc/mediatek/spm/mt6735/mt_spm_sleep.c:25:
/home/satory-ra/Android/kernel/android_kernel_oukitel_orange/drivers/misc/mediatek/mach/mt6735/include/mach/upmu_hw.h:57:0: note: this is the location of the previous definition
 #define MT6328_TOPSTATUS             ((MT6328_PMIC_REG_BASE+0x0220))
 ^
In file included from drivers/misc/mediatek/spm/mt6735/mt_spm_sleep.c:40:0:
drivers/misc/mediatek/spm/mt6735/../../pmic_wrap/mt6735/pwrap_hal.h:474:0: warning: "MT6328_TDSEL_CON" redefined
 #define MT6328_TDSEL_CON             ((UINT32)(MT6328_PMIC_REG_BASE+0x0222))
 ^
In file included from /home/satory-ra/Android/kernel/android_kernel_oukitel_orange/drivers/misc/mediatek/mach/mt6735/include/mach/upmu_common.h:7:0,
                 from drivers/misc/mediatek/spm/mt6735/mt_spm_sleep.c:25:
/home/satory-ra/Android/kernel/android_kernel_oukitel_orange/drivers/misc/mediatek/mach/mt6735/include/mach/upmu_hw.h:58:0: note: this is the location of the previous definition
 #define MT6328_TDSEL_CON             ((MT6328_PMIC_REG_BASE+0x0222))
 ^
In file included from drivers/misc/mediatek/spm/mt6735/mt_spm_sleep.c:40:0:
drivers/misc/mediatek/spm/mt6735/../../pmic_wrap/mt6735/pwrap_hal.h:475:0: warning: "MT6328_RDSEL_CON" redefined
 #define MT6328_RDSEL_CON             ((UINT32)(MT6328_PMIC_REG_BASE+0x0224))
 ^
In file included from /home/satory-ra/Android/kernel/android_kernel_oukitel_orange/drivers/misc/mediatek/mach/mt6735/include/mach/upmu_common.h:7:0,
                 from drivers/misc/mediatek/spm/mt6735/mt_spm_sleep.c:25:
/home/satory-ra/Android/kernel/android_kernel_oukitel_orange/drivers/misc/mediatek/mach/mt6735/include/mach/upmu_hw.h:59:0: note: this is the location of the previous definition
 #define MT6328_RDSEL_CON             ((MT6328_PMIC_REG_BASE+0x0224))
 ^
In file included from drivers/misc/mediatek/spm/mt6735/mt_spm_sleep.c:40:0:
drivers/misc/mediatek/spm/mt6735/../../pmic_wrap/mt6735/pwrap_hal.h:476:0: warning: "MT6328_SMT_CON0" redefined
 #define MT6328_SMT_CON0              ((UINT32)(MT6328_PMIC_REG_BASE+0x0226))
 ^
In file included from /home/satory-ra/Android/kernel/android_kernel_oukitel_orange/drivers/misc/mediatek/mach/mt6735/include/mach/upmu_common.h:7:0,
                 from drivers/misc/mediatek/spm/mt6735/mt_spm_sleep.c:25:
/home/satory-ra/Android/kernel/android_kernel_oukitel_orange/drivers/misc/mediatek/mach/mt6735/include/mach/upmu_hw.h:60:0: note: this is the location of the previous definition
 #define MT6328_SMT_CON0              ((MT6328_PMIC_REG_BASE+0x0226))
 ^
In file included from drivers/misc/mediatek/spm/mt6735/mt_spm_sleep.c:40:0:
drivers/misc/mediatek/spm/mt6735/../../pmic_wrap/mt6735/pwrap_hal.h:477:0: warning: "MT6328_SMT_CON1" redefined
 #define MT6328_SMT_CON1              ((UINT32)(MT6328_PMIC_REG_BASE+0x0228))
 ^
In file included from /home/satory-ra/Android/kernel/android_kernel_oukitel_orange/drivers/misc/mediatek/mach/mt6735/include/mach/upmu_common.h:7:0,
                 from drivers/misc/mediatek/spm/mt6735/mt_spm_sleep.c:25:
/home/satory-ra/Android/kernel/android_kernel_oukitel_orange/drivers/misc/mediatek/mach/mt6735/include/mach/upmu_hw.h:61:0: note: this is the location of the previous definition
 #define MT6328_SMT_CON1              ((MT6328_PMIC_REG_BASE+0x0228))
 ^
In file included from drivers/misc/mediatek/spm/mt6735/mt_spm_sleep.c:40:0:
drivers/misc/mediatek/spm/mt6735/../../pmic_wrap/mt6735/pwrap_hal.h:478:0: warning: "MT6328_SMT_CON2" redefined
 #define MT6328_SMT_CON2              ((UINT32)(MT6328_PMIC_REG_BASE+0x022A))
 ^
In file included from /home/satory-ra/Android/kernel/android_kernel_oukitel_orange/drivers/misc/mediatek/mach/mt6735/include/mach/upmu_common.h:7:0,
                 from drivers/misc/mediatek/spm/mt6735/mt_spm_sleep.c:25:
/home/satory-ra/Android/kernel/android_kernel_oukitel_orange/drivers/misc/mediatek/mach/mt6735/include/mach/upmu_hw.h:62:0: note: this is the location of the previous definition
 #define MT6328_SMT_CON2              ((MT6328_PMIC_REG_BASE+0x022A))
 ^
In file included from drivers/misc/mediatek/spm/mt6735/mt_spm_sleep.c:40:0:
drivers/misc/mediatek/spm/mt6735/../../pmic_wrap/mt6735/pwrap_hal.h:479:0: warning: "MT6328_DRV_CON0" redefined
 #define MT6328_DRV_CON0              ((UINT32)(MT6328_PMIC_REG_BASE+0x022C))
 ^
In file included from /home/satory-ra/Android/kernel/android_kernel_oukitel_orange/drivers/misc/mediatek/mach/mt6735/include/mach/upmu_common.h:7:0,
                 from drivers/misc/mediatek/spm/mt6735/mt_spm_sleep.c:25:
/home/satory-ra/Android/kernel/android_kernel_oukitel_orange/drivers/misc/mediatek/mach/mt6735/include/mach/upmu_hw.h:63:0: note: this is the location of the previous definition
 #define MT6328_DRV_CON0              ((MT6328_PMIC_REG_BASE+0x022C))
 ^
In file included from drivers/misc/mediatek/spm/mt6735/mt_spm_sleep.c:40:0:
drivers/misc/mediatek/spm/mt6735/../../pmic_wrap/mt6735/pwrap_hal.h:480:0: warning: "MT6328_DRV_CON1" redefined
 #define MT6328_DRV_CON1              ((UINT32)(MT6328_PMIC_REG_BASE+0x022E))
 ^
In file included from /home/satory-ra/Android/kernel/android_kernel_oukitel_orange/drivers/misc/mediatek/mach/mt6735/include/mach/upmu_common.h:7:0,
                 from drivers/misc/mediatek/spm/mt6735/mt_spm_sleep.c:25:
/home/satory-ra/Android/kernel/android_kernel_oukitel_orange/drivers/misc/mediatek/mach/mt6735/include/mach/upmu_hw.h:64:0: note: this is the location of the previous definition
 #define MT6328_DRV_CON1              ((MT6328_PMIC_REG_BASE+0x022E))
 ^
In file included from drivers/misc/mediatek/spm/mt6735/mt_spm_sleep.c:40:0:
drivers/misc/mediatek/spm/mt6735/../../pmic_wrap/mt6735/pwrap_hal.h:481:0: warning: "MT6328_DRV_CON2" redefined
 #define MT6328_DRV_CON2              ((UINT32)(MT6328_PMIC_REG_BASE+0x0230))
 ^
In file included from /home/satory-ra/Android/kernel/android_kernel_oukitel_orange/drivers/misc/mediatek/mach/mt6735/include/mach/upmu_common.h:7:0,
                 from drivers/misc/mediatek/spm/mt6735/mt_spm_sleep.c:25:
/home/satory-ra/Android/kernel/android_kernel_oukitel_orange/drivers/misc/mediatek/mach/mt6735/include/mach/upmu_hw.h:65:0: note: this is the location of the previous definition
 #define MT6328_DRV_CON2              ((MT6328_PMIC_REG_BASE+0x0230))
 ^
In file included from drivers/misc/mediatek/spm/mt6735/mt_spm_sleep.c:40:0:
drivers/misc/mediatek/spm/mt6735/../../pmic_wrap/mt6735/pwrap_hal.h:482:0: warning: "MT6328_DRV_CON3" redefined
 #define MT6328_DRV_CON3              ((UINT32)(MT6328_PMIC_REG_BASE+0x0232))
 ^
In file included from /home/satory-ra/Android/kernel/android_kernel_oukitel_orange/drivers/misc/mediatek/mach/mt6735/include/mach/upmu_common.h:7:0,
                 from drivers/misc/mediatek/spm/mt6735/mt_spm_sleep.c:25:
/home/satory-ra/Android/kernel/android_kernel_oukitel_orange/drivers/misc/mediatek/mach/mt6735/include/mach/upmu_hw.h:66:0: note: this is the location of the previous definition
 #define MT6328_DRV_CON3              ((MT6328_PMIC_REG_BASE+0x0232))
 ^
In file included from drivers/misc/mediatek/spm/mt6735/mt_spm_sleep.c:40:0:
drivers/misc/mediatek/spm/mt6735/../../pmic_wrap/mt6735/pwrap_hal.h:483:0: warning: "MT6328_TOP_STATUS" redefined
 #define MT6328_TOP_STATUS            ((UINT32)(MT6328_PMIC_REG_BASE+0x0234))
 ^
In file included from /home/satory-ra/Android/kernel/android_kernel_oukitel_orange/drivers/misc/mediatek/mach/mt6735/include/mach/upmu_common.h:7:0,
                 from drivers/misc/mediatek/spm/mt6735/mt_spm_sleep.c:25:
/home/satory-ra/Android/kernel/android_kernel_oukitel_orange/drivers/misc/mediatek/mach/mt6735/include/mach/upmu_hw.h:67:0: note: this is the location of the previous definition
 #define MT6328_TOP_STATUS            ((MT6328_PMIC_REG_BASE+0x0234))
 ^
In file included from drivers/misc/mediatek/spm/mt6735/mt_spm_sleep.c:40:0:
drivers/misc/mediatek/spm/mt6735/../../pmic_wrap/mt6735/pwrap_hal.h:484:0: warning: "MT6328_TOP_STATUS_SET" redefined
 #define MT6328_TOP_STATUS_SET        ((UINT32)(MT6328_PMIC_REG_BASE+0x0236))
 ^
In file included from /home/satory-ra/Android/kernel/android_kernel_oukitel_orange/drivers/misc/mediatek/mach/mt6735/include/mach/upmu_common.h:7:0,
                 from drivers/misc/mediatek/spm/mt6735/mt_spm_sleep.c:25:
/home/satory-ra/Android/kernel/android_kernel_oukitel_orange/drivers/misc/mediatek/mach/mt6735/include/mach/upmu_hw.h:68:0: note: this is the location of the previous definition
 #define MT6328_TOP_STATUS_SET        ((MT6328_PMIC_REG_BASE+0x0236))
 ^
In file included from drivers/misc/mediatek/spm/mt6735/mt_spm_sleep.c:40:0:
drivers/misc/mediatek/spm/mt6735/../../pmic_wrap/mt6735/pwrap_hal.h:485:0: warning: "MT6328_TOP_STATUS_CLR" redefined
 #define MT6328_TOP_STATUS_CLR        ((UINT32)(MT6328_PMIC_REG_BASE+0x0238))
 ^
In file included from /home/satory-ra/Android/kernel/android_kernel_oukitel_orange/drivers/misc/mediatek/mach/mt6735/include/mach/upmu_common.h:7:0,
                 from drivers/misc/mediatek/spm/mt6735/mt_spm_sleep.c:25:
/home/satory-ra/Android/kernel/android_kernel_oukitel_orange/drivers/misc/mediatek/mach/mt6735/include/mach/upmu_hw.h:69:0: note: this is the location of the previous definition
 #define MT6328_TOP_STATUS_CLR        ((MT6328_PMIC_REG_BASE+0x0238))
 ^
In file included from drivers/misc/mediatek/spm/mt6735/mt_spm_sleep.c:40:0:
drivers/misc/mediatek/spm/mt6735/../../pmic_wrap/mt6735/pwrap_hal.h:486:0: warning: "MT6328_RGS_ANA_MON" redefined
 #define MT6328_RGS_ANA_MON           ((UINT32)(MT6328_PMIC_REG_BASE+0x023A))
 ^
In file included from /home/satory-ra/Android/kernel/android_kernel_oukitel_orange/drivers/misc/mediatek/mach/mt6735/include/mach/upmu_common.h:7:0,
                 from drivers/misc/mediatek/spm/mt6735/mt_spm_sleep.c:25:
/home/satory-ra/Android/kernel/android_kernel_oukitel_orange/drivers/misc/mediatek/mach/mt6735/include/mach/upmu_hw.h:70:0: note: this is the location of the previous definition
 #define MT6328_RGS_ANA_MON           ((MT6328_PMIC_REG_BASE+0x023A))
 ^
In file included from drivers/misc/mediatek/spm/mt6735/mt_spm_sleep.c:40:0:
drivers/misc/mediatek/spm/mt6735/../../pmic_wrap/mt6735/pwrap_hal.h:487:0: warning: "MT6328_TOP_CKPDN_CON0" redefined
 #define MT6328_TOP_CKPDN_CON0        ((UINT32)(MT6328_PMIC_REG_BASE+0x023C))
 ^
In file included from /home/satory-ra/Android/kernel/android_kernel_oukitel_orange/drivers/misc/mediatek/mach/mt6735/include/mach/upmu_common.h:7:0,
                 from drivers/misc/mediatek/spm/mt6735/mt_spm_sleep.c:25:
/home/satory-ra/Android/kernel/android_kernel_oukitel_orange/drivers/misc/mediatek/mach/mt6735/include/mach/upmu_hw.h:71:0: note: this is the location of the previous definition
 #define MT6328_TOP_CKPDN_CON0        ((MT6328_PMIC_REG_BASE+0x023C))
 ^
In file included from drivers/misc/mediatek/spm/mt6735/mt_spm_sleep.c:40:0:
drivers/misc/mediatek/spm/mt6735/../../pmic_wrap/mt6735/pwrap_hal.h:488:0: warning: "MT6328_TOP_CKPDN_CON0_SET" redefined
 #define MT6328_TOP_CKPDN_CON0_SET    ((UINT32)(MT6328_PMIC_REG_BASE+0x023E))
 ^
In file included from /home/satory-ra/Android/kernel/android_kernel_oukitel_orange/drivers/misc/mediatek/mach/mt6735/include/mach/upmu_common.h:7:0,
                 from drivers/misc/mediatek/spm/mt6735/mt_spm_sleep.c:25:
/home/satory-ra/Android/kernel/android_kernel_oukitel_orange/drivers/misc/mediatek/mach/mt6735/include/mach/upmu_hw.h:72:0: note: this is the location of the previous definition
 #define MT6328_TOP_CKPDN_CON0_SET    ((MT6328_PMIC_REG_BASE+0x023E))
 ^
In file included from drivers/misc/mediatek/spm/mt6735/mt_spm_sleep.c:40:0:
drivers/misc/mediatek/spm/mt6735/../../pmic_wrap/mt6735/pwrap_hal.h:489:0: warning: "MT6328_TOP_CKPDN_CON0_CLR" redefined
 #define MT6328_TOP_CKPDN_CON0_CLR    ((UINT32)(MT6328_PMIC_REG_BASE+0x0240))
 ^
In file included from /home/satory-ra/Android/kernel/android_kernel_oukitel_orange/drivers/misc/mediatek/mach/mt6735/include/mach/upmu_common.h:7:0,
                 from drivers/misc/mediatek/spm/mt6735/mt_spm_sleep.c:25:
/home/satory-ra/Android/kernel/android_kernel_oukitel_orange/drivers/misc/mediatek/mach/mt6735/include/mach/upmu_hw.h:73:0: note: this is the location of the previous definition
 #define MT6328_TOP_CKPDN_CON0_CLR    ((MT6328_PMIC_REG_BASE+0x0240))
 ^
In file included from drivers/misc/mediatek/spm/mt6735/mt_spm_sleep.c:40:0:
drivers/misc/mediatek/spm/mt6735/../../pmic_wrap/mt6735/pwrap_hal.h:490:0: warning: "MT6328_TOP_CKPDN_CON1" redefined
 #define MT6328_TOP_CKPDN_CON1        ((UINT32)(MT6328_PMIC_REG_BASE+0x0242))
 ^
In file included from /home/satory-ra/Android/kernel/android_kernel_oukitel_orange/drivers/misc/mediatek/mach/mt6735/include/mach/upmu_common.h:7:0,
                 from drivers/misc/mediatek/spm/mt6735/mt_spm_sleep.c:25:
/home/satory-ra/Android/kernel/android_kernel_oukitel_orange/drivers/misc/mediatek/mach/mt6735/include/mach/upmu_hw.h:74:0: note: this is the location of the previous definition
 #define MT6328_TOP_CKPDN_CON1        ((MT6328_PMIC_REG_BASE+0x0242))
 ^
In file included from drivers/misc/mediatek/spm/mt6735/mt_spm_sleep.c:40:0:
drivers/misc/mediatek/spm/mt6735/../../pmic_wrap/mt6735/pwrap_hal.h:491:0: warning: "MT6328_TOP_CKPDN_CON1_SET" redefined
 #define MT6328_TOP_CKPDN_CON1_SET    ((UINT32)(MT6328_PMIC_REG_BASE+0x0244))
 ^
In file included from /home/satory-ra/Android/kernel/android_kernel_oukitel_orange/drivers/misc/mediatek/mach/mt6735/include/mach/upmu_common.h:7:0,
                 from drivers/misc/mediatek/spm/mt6735/mt_spm_sleep.c:25:
/home/satory-ra/Android/kernel/android_kernel_oukitel_orange/drivers/misc/mediatek/mach/mt6735/include/mach/upmu_hw.h:75:0: note: this is the location of the previous definition
 #define MT6328_TOP_CKPDN_CON1_SET    ((MT6328_PMIC_REG_BASE+0x0244))
 ^
In file included from drivers/misc/mediatek/spm/mt6735/mt_spm_sleep.c:40:0:
drivers/misc/mediatek/spm/mt6735/../../pmic_wrap/mt6735/pwrap_hal.h:492:0: warning: "MT6328_TOP_CKPDN_CON1_CLR" redefined
 #define MT6328_TOP_CKPDN_CON1_CLR    ((UINT32)(MT6328_PMIC_REG_BASE+0x0246))
 ^
In file included from /home/satory-ra/Android/kernel/android_kernel_oukitel_orange/drivers/misc/mediatek/mach/mt6735/include/mach/upmu_common.h:7:0,
                 from drivers/misc/mediatek/spm/mt6735/mt_spm_sleep.c:25:
/home/satory-ra/Android/kernel/android_kernel_oukitel_orange/drivers/misc/mediatek/mach/mt6735/include/mach/upmu_hw.h:76:0: note: this is the location of the previous definition
 #define MT6328_TOP_CKPDN_CON1_CLR    ((MT6328_PMIC_REG_BASE+0x0246))
 ^
In file included from drivers/misc/mediatek/spm/mt6735/mt_spm_sleep.c:40:0:
drivers/misc/mediatek/spm/mt6735/../../pmic_wrap/mt6735/pwrap_hal.h:493:0: warning: "MT6328_TOP_CKPDN_CON2" redefined
 #define MT6328_TOP_CKPDN_CON2        ((UINT32)(MT6328_PMIC_REG_BASE+0x0248))
 ^
In file included from /home/satory-ra/Android/kernel/android_kernel_oukitel_orange/drivers/misc/mediatek/mach/mt6735/include/mach/upmu_common.h:7:0,
                 from drivers/misc/mediatek/spm/mt6735/mt_spm_sleep.c:25:
/home/satory-ra/Android/kernel/android_kernel_oukitel_orange/drivers/misc/mediatek/mach/mt6735/include/mach/upmu_hw.h:77:0: note: this is the location of the previous definition
 #define MT6328_TOP_CKPDN_CON2        ((MT6328_PMIC_REG_BASE+0x0248))
 ^
In file included from drivers/misc/mediatek/spm/mt6735/mt_spm_sleep.c:40:0:
drivers/misc/mediatek/spm/mt6735/../../pmic_wrap/mt6735/pwrap_hal.h:494:0: warning: "MT6328_TOP_CKPDN_CON2_SET" redefined
 #define MT6328_TOP_CKPDN_CON2_SET    ((UINT32)(MT6328_PMIC_REG_BASE+0x024A))
 ^
In file included from /home/satory-ra/Android/kernel/android_kernel_oukitel_orange/drivers/misc/mediatek/mach/mt6735/include/mach/upmu_common.h:7:0,
                 from drivers/misc/mediatek/spm/mt6735/mt_spm_sleep.c:25:
/home/satory-ra/Android/kernel/android_kernel_oukitel_orange/drivers/misc/mediatek/mach/mt6735/include/mach/upmu_hw.h:78:0: note: this is the location of the previous definition
 #define MT6328_TOP_CKPDN_CON2_SET    ((MT6328_PMIC_REG_BASE+0x024A))
 ^
In file included from drivers/misc/mediatek/spm/mt6735/mt_spm_sleep.c:40:0:
drivers/misc/mediatek/spm/mt6735/../../pmic_wrap/mt6735/pwrap_hal.h:495:0: warning: "MT6328_TOP_CKPDN_CON2_CLR" redefined
 #define MT6328_TOP_CKPDN_CON2_CLR    ((UINT32)(MT6328_PMIC_REG_BASE+0x024C))
 ^
In file included from /home/satory-ra/Android/kernel/android_kernel_oukitel_orange/drivers/misc/mediatek/mach/mt6735/include/mach/upmu_common.h:7:0,
                 from drivers/misc/mediatek/spm/mt6735/mt_spm_sleep.c:25:
/home/satory-ra/Android/kernel/android_kernel_oukitel_orange/drivers/misc/mediatek/mach/mt6735/include/mach/upmu_hw.h:79:0: note: this is the location of the previous definition
 #define MT6328_TOP_CKPDN_CON2_CLR    ((MT6328_PMIC_REG_BASE+0x024C))
 ^
In file included from drivers/misc/mediatek/spm/mt6735/mt_spm_sleep.c:40:0:
drivers/misc/mediatek/spm/mt6735/../../pmic_wrap/mt6735/pwrap_hal.h:496:0: warning: "MT6328_TOP_CKPDN_CON3" redefined
 #define MT6328_TOP_CKPDN_CON3        ((UINT32)(MT6328_PMIC_REG_BASE+0x024E))
 ^
In file included from /home/satory-ra/Android/kernel/android_kernel_oukitel_orange/drivers/misc/mediatek/mach/mt6735/include/mach/upmu_common.h:7:0,
                 from drivers/misc/mediatek/spm/mt6735/mt_spm_sleep.c:25:
/home/satory-ra/Android/kernel/android_kernel_oukitel_orange/drivers/misc/mediatek/mach/mt6735/include/mach/upmu_hw.h:80:0: note: this is the location of the previous definition
 #define MT6328_TOP_CKPDN_CON3        ((MT6328_PMIC_REG_BASE+0x024E))
 ^
In file included from drivers/misc/mediatek/spm/mt6735/mt_spm_sleep.c:40:0:
drivers/misc/mediatek/spm/mt6735/../../pmic_wrap/mt6735/pwrap_hal.h:497:0: warning: "MT6328_TOP_CKPDN_CON3_SET" redefined
 #define MT6328_TOP_CKPDN_CON3_SET    ((UINT32)(MT6328_PMIC_REG_BASE+0x0250))
 ^
In file included from /home/satory-ra/Android/kernel/android_kernel_oukitel_orange/drivers/misc/mediatek/mach/mt6735/include/mach/upmu_common.h:7:0,
                 from drivers/misc/mediatek/spm/mt6735/mt_spm_sleep.c:25:
/home/satory-ra/Android/kernel/android_kernel_oukitel_orange/drivers/misc/mediatek/mach/mt6735/include/mach/upmu_hw.h:81:0: note: this is the location of the previous definition
 #define MT6328_TOP_CKPDN_CON3_SET    ((MT6328_PMIC_REG_BASE+0x0250))
 ^
In file included from drivers/misc/mediatek/spm/mt6735/mt_spm_sleep.c:40:0:
drivers/misc/mediatek/spm/mt6735/../../pmic_wrap/mt6735/pwrap_hal.h:498:0: warning: "MT6328_TOP_CKPDN_CON3_CLR" redefined
 #define MT6328_TOP_CKPDN_CON3_CLR    ((UINT32)(MT6328_PMIC_REG_BASE+0x0252))
 ^
In file included from /home/satory-ra/Android/kernel/android_kernel_oukitel_orange/drivers/misc/mediatek/mach/mt6735/include/mach/upmu_common.h:7:0,
                 from drivers/misc/mediatek/spm/mt6735/mt_spm_sleep.c:25:
/home/satory-ra/Android/kernel/android_kernel_oukitel_orange/drivers/misc/mediatek/mach/mt6735/include/mach/upmu_hw.h:82:0: note: this is the location of the previous definition
 #define MT6328_TOP_CKPDN_CON3_CLR    ((MT6328_PMIC_REG_BASE+0x0252))
 ^
In file included from drivers/misc/mediatek/spm/mt6735/mt_spm_sleep.c:40:0:
drivers/misc/mediatek/spm/mt6735/../../pmic_wrap/mt6735/pwrap_hal.h:499:0: warning: "MT6328_TOP_CKPDN_CON4" redefined
 #define MT6328_TOP_CKPDN_CON4        ((UINT32)(MT6328_PMIC_REG_BASE+0x0254))
 ^
In file included from /home/satory-ra/Android/kernel/android_kernel_oukitel_orange/drivers/misc/mediatek/mach/mt6735/include/mach/upmu_common.h:7:0,
                 from drivers/misc/mediatek/spm/mt6735/mt_spm_sleep.c:25:
/home/satory-ra/Android/kernel/android_kernel_oukitel_orange/drivers/misc/mediatek/mach/mt6735/include/mach/upmu_hw.h:83:0: note: this is the location of the previous definition
 #define MT6328_TOP_CKPDN_CON4        ((MT6328_PMIC_REG_BASE+0x0254))
 ^
In file included from drivers/misc/mediatek/spm/mt6735/mt_spm_sleep.c:40:0:
drivers/misc/mediatek/spm/mt6735/../../pmic_wrap/mt6735/pwrap_hal.h:500:0: warning: "MT6328_TOP_CKPDN_CON4_SET" redefined
 #define MT6328_TOP_CKPDN_CON4_SET    ((UINT32)(MT6328_PMIC_REG_BASE+0x0256))
 ^
In file included from /home/satory-ra/Android/kernel/android_kernel_oukitel_orange/drivers/misc/mediatek/mach/mt6735/include/mach/upmu_common.h:7:0,
                 from drivers/misc/mediatek/spm/mt6735/mt_spm_sleep.c:25:
/home/satory-ra/Android/kernel/android_kernel_oukitel_orange/drivers/misc/mediatek/mach/mt6735/include/mach/upmu_hw.h:84:0: note: this is the location of the previous definition
 #define MT6328_TOP_CKPDN_CON4_SET    ((MT6328_PMIC_REG_BASE+0x0256))
 ^
In file included from drivers/misc/mediatek/spm/mt6735/mt_spm_sleep.c:40:0:
drivers/misc/mediatek/spm/mt6735/../../pmic_wrap/mt6735/pwrap_hal.h:501:0: warning: "MT6328_TOP_CKPDN_CON4_CLR" redefined
 #define MT6328_TOP_CKPDN_CON4_CLR    ((UINT32)(MT6328_PMIC_REG_BASE+0x0258))
 ^
In file included from /home/satory-ra/Android/kernel/android_kernel_oukitel_orange/drivers/misc/mediatek/mach/mt6735/include/mach/upmu_common.h:7:0,
                 from drivers/misc/mediatek/spm/mt6735/mt_spm_sleep.c:25:
/home/satory-ra/Android/kernel/android_kernel_oukitel_orange/drivers/misc/mediatek/mach/mt6735/include/mach/upmu_hw.h:85:0: note: this is the location of the previous definition
 #define MT6328_TOP_CKPDN_CON4_CLR    ((MT6328_PMIC_REG_BASE+0x0258))
 ^
In file included from drivers/misc/mediatek/spm/mt6735/mt_spm_sleep.c:40:0:
drivers/misc/mediatek/spm/mt6735/../../pmic_wrap/mt6735/pwrap_hal.h:502:0: warning: "MT6328_TOP_CKSEL_CON0" redefined
 #define MT6328_TOP_CKSEL_CON0        ((UINT32)(MT6328_PMIC_REG_BASE+0x025A))
 ^
In file included from /home/satory-ra/Android/kernel/android_kernel_oukitel_orange/drivers/misc/mediatek/mach/mt6735/include/mach/upmu_common.h:7:0,
                 from drivers/misc/mediatek/spm/mt6735/mt_spm_sleep.c:25:
/home/satory-ra/Android/kernel/android_kernel_oukitel_orange/drivers/misc/mediatek/mach/mt6735/include/mach/upmu_hw.h:86:0: note: this is the location of the previous definition
 #define MT6328_TOP_CKSEL_CON0        ((MT6328_PMIC_REG_BASE+0x025A))
 ^
In file included from drivers/misc/mediatek/spm/mt6735/mt_spm_sleep.c:40:0:
drivers/misc/mediatek/spm/mt6735/../../pmic_wrap/mt6735/pwrap_hal.h:503:0: warning: "MT6328_TOP_CKSEL_CON0_SET" redefined
 #define MT6328_TOP_CKSEL_CON0_SET    ((UINT32)(MT6328_PMIC_REG_BASE+0x025C))
 ^
In file included from /home/satory-ra/Android/kernel/android_kernel_oukitel_orange/drivers/misc/mediatek/mach/mt6735/include/mach/upmu_common.h:7:0,
                 from drivers/misc/mediatek/spm/mt6735/mt_spm_sleep.c:25:
/home/satory-ra/Android/kernel/android_kernel_oukitel_orange/drivers/misc/mediatek/mach/mt6735/include/mach/upmu_hw.h:87:0: note: this is the location of the previous definition
 #define MT6328_TOP_CKSEL_CON0_SET    ((MT6328_PMIC_REG_BASE+0x025C))
 ^
In file included from drivers/misc/mediatek/spm/mt6735/mt_spm_sleep.c:40:0:
drivers/misc/mediatek/spm/mt6735/../../pmic_wrap/mt6735/pwrap_hal.h:504:0: warning: "MT6328_TOP_CKSEL_CON0_CLR" redefined
 #define MT6328_TOP_CKSEL_CON0_CLR    ((UINT32)(MT6328_PMIC_REG_BASE+0x025E))
 ^
In file included from /home/satory-ra/Android/kernel/android_kernel_oukitel_orange/drivers/misc/mediatek/mach/mt6735/include/mach/upmu_common.h:7:0,
                 from drivers/misc/mediatek/spm/mt6735/mt_spm_sleep.c:25:
/home/satory-ra/Android/kernel/android_kernel_oukitel_orange/drivers/misc/mediatek/mach/mt6735/include/mach/upmu_hw.h:88:0: note: this is the location of the previous definition
 #define MT6328_TOP_CKSEL_CON0_CLR    ((MT6328_PMIC_REG_BASE+0x025E))
 ^
In file included from drivers/misc/mediatek/spm/mt6735/mt_spm_sleep.c:40:0:
drivers/misc/mediatek/spm/mt6735/../../pmic_wrap/mt6735/pwrap_hal.h:505:0: warning: "MT6328_TOP_CKSEL_CON1" redefined
 #define MT6328_TOP_CKSEL_CON1        ((UINT32)(MT6328_PMIC_REG_BASE+0x0260))
 ^
In file included from /home/satory-ra/Android/kernel/android_kernel_oukitel_orange/drivers/misc/mediatek/mach/mt6735/include/mach/upmu_common.h:7:0,
                 from drivers/misc/mediatek/spm/mt6735/mt_spm_sleep.c:25:
/home/satory-ra/Android/kernel/android_kernel_oukitel_orange/drivers/misc/mediatek/mach/mt6735/include/mach/upmu_hw.h:89:0: note: this is the location of the previous definition
 #define MT6328_TOP_CKSEL_CON1        ((MT6328_PMIC_REG_BASE+0x0260))
 ^
In file included from drivers/misc/mediatek/spm/mt6735/mt_spm_sleep.c:40:0:
drivers/misc/mediatek/spm/mt6735/../../pmic_wrap/mt6735/pwrap_hal.h:506:0: warning: "MT6328_TOP_CKSEL_CON1_SET" redefined
 #define MT6328_TOP_CKSEL_CON1_SET    ((UINT32)(MT6328_PMIC_REG_BASE+0x0262))
 ^
In file included from /home/satory-ra/Android/kernel/android_kernel_oukitel_orange/drivers/misc/mediatek/mach/mt6735/include/mach/upmu_common.h:7:0,
                 from drivers/misc/mediatek/spm/mt6735/mt_spm_sleep.c:25:
/home/satory-ra/Android/kernel/android_kernel_oukitel_orange/drivers/misc/mediatek/mach/mt6735/include/mach/upmu_hw.h:90:0: note: this is the location of the previous definition
 #define MT6328_TOP_CKSEL_CON1_SET    ((MT6328_PMIC_REG_BASE+0x0262))
 ^
In file included from drivers/misc/mediatek/spm/mt6735/mt_spm_sleep.c:40:0:
drivers/misc/mediatek/spm/mt6735/../../pmic_wrap/mt6735/pwrap_hal.h:507:0: warning: "MT6328_TOP_CKSEL_CON1_CLR" redefined
 #define MT6328_TOP_CKSEL_CON1_CLR    ((UINT32)(MT6328_PMIC_REG_BASE+0x0264))
 ^
In file included from /home/satory-ra/Android/kernel/android_kernel_oukitel_orange/drivers/misc/mediatek/mach/mt6735/include/mach/upmu_common.h:7:0,
                 from drivers/misc/mediatek/spm/mt6735/mt_spm_sleep.c:25:
/home/satory-ra/Android/kernel/android_kernel_oukitel_orange/drivers/misc/mediatek/mach/mt6735/include/mach/upmu_hw.h:91:0: note: this is the location of the previous definition
 #define MT6328_TOP_CKSEL_CON1_CLR    ((MT6328_PMIC_REG_BASE+0x0264))
 ^
In file included from drivers/misc/mediatek/spm/mt6735/mt_spm_sleep.c:40:0:
drivers/misc/mediatek/spm/mt6735/../../pmic_wrap/mt6735/pwrap_hal.h:508:0: warning: "MT6328_TOP_CKSEL_CON2" redefined
 #define MT6328_TOP_CKSEL_CON2        ((UINT32)(MT6328_PMIC_REG_BASE+0x0266))
 ^
In file included from /home/satory-ra/Android/kernel/android_kernel_oukitel_orange/drivers/misc/mediatek/mach/mt6735/include/mach/upmu_common.h:7:0,
                 from drivers/misc/mediatek/spm/mt6735/mt_spm_sleep.c:25:
/home/satory-ra/Android/kernel/android_kernel_oukitel_orange/drivers/misc/mediatek/mach/mt6735/include/mach/upmu_hw.h:92:0: note: this is the location of the previous definition
 #define MT6328_TOP_CKSEL_CON2        ((MT6328_PMIC_REG_BASE+0x0266))
 ^
In file included from drivers/misc/mediatek/spm/mt6735/mt_spm_sleep.c:40:0:
drivers/misc/mediatek/spm/mt6735/../../pmic_wrap/mt6735/pwrap_hal.h:509:0: warning: "MT6328_TOP_CKSEL_CON2_SET" redefined
 #define MT6328_TOP_CKSEL_CON2_SET    ((UINT32)(MT6328_PMIC_REG_BASE+0x0268))
 ^
In file included from /home/satory-ra/Android/kernel/android_kernel_oukitel_orange/drivers/misc/mediatek/mach/mt6735/include/mach/upmu_common.h:7:0,
                 from drivers/misc/mediatek/spm/mt6735/mt_spm_sleep.c:25:
/home/satory-ra/Android/kernel/android_kernel_oukitel_orange/drivers/misc/mediatek/mach/mt6735/include/mach/upmu_hw.h:93:0: note: this is the location of the previous definition
 #define MT6328_TOP_CKSEL_CON2_SET    ((MT6328_PMIC_REG_BASE+0x0268))
 ^
In file included from drivers/misc/mediatek/spm/mt6735/mt_spm_sleep.c:40:0:
drivers/misc/mediatek/spm/mt6735/../../pmic_wrap/mt6735/pwrap_hal.h:510:0: warning: "MT6328_TOP_CKSEL_CON2_CLR" redefined
 #define MT6328_TOP_CKSEL_CON2_CLR    ((UINT32)(MT6328_PMIC_REG_BASE+0x026A))
 ^
In file included from /home/satory-ra/Android/kernel/android_kernel_oukitel_orange/drivers/misc/mediatek/mach/mt6735/include/mach/upmu_common.h:7:0,
                 from drivers/misc/mediatek/spm/mt6735/mt_spm_sleep.c:25:
/home/satory-ra/Android/kernel/android_kernel_oukitel_orange/drivers/misc/mediatek/mach/mt6735/include/mach/upmu_hw.h:94:0: note: this is the location of the previous definition
 #define MT6328_TOP_CKSEL_CON2_CLR    ((MT6328_PMIC_REG_BASE+0x026A))
 ^
In file included from drivers/misc/mediatek/spm/mt6735/mt_spm_sleep.c:40:0:
drivers/misc/mediatek/spm/mt6735/../../pmic_wrap/mt6735/pwrap_hal.h:511:0: warning: "MT6328_TOP_CKDIVSEL_CON0" redefined
 #define MT6328_TOP_CKDIVSEL_CON0     ((UINT32)(MT6328_PMIC_REG_BASE+0x026C))
 ^
In file included from /home/satory-ra/Android/kernel/android_kernel_oukitel_orange/drivers/misc/mediatek/mach/mt6735/include/mach/upmu_common.h:7:0,
                 from drivers/misc/mediatek/spm/mt6735/mt_spm_sleep.c:25:
/home/satory-ra/Android/kernel/android_kernel_oukitel_orange/drivers/misc/mediatek/mach/mt6735/include/mach/upmu_hw.h:95:0: note: this is the location of the previous definition
 #define MT6328_TOP_CKDIVSEL_CON0     ((MT6328_PMIC_REG_BASE+0x026C))
 ^
In file included from drivers/misc/mediatek/spm/mt6735/mt_spm_sleep.c:40:0:
drivers/misc/mediatek/spm/mt6735/../../pmic_wrap/mt6735/pwrap_hal.h:512:0: warning: "MT6328_TOP_CKDIVSEL_CON0_SET" redefined
 #define MT6328_TOP_CKDIVSEL_CON0_SET ((UINT32)(MT6328_PMIC_REG_BASE+0x026E))
 ^
In file included from /home/satory-ra/Android/kernel/android_kernel_oukitel_orange/drivers/misc/mediatek/mach/mt6735/include/mach/upmu_common.h:7:0,
                 from drivers/misc/mediatek/spm/mt6735/mt_spm_sleep.c:25:
/home/satory-ra/Android/kernel/android_kernel_oukitel_orange/drivers/misc/mediatek/mach/mt6735/include/mach/upmu_hw.h:96:0: note: this is the location of the previous definition
 #define MT6328_TOP_CKDIVSEL_CON0_SET ((MT6328_PMIC_REG_BASE+0x026E))
 ^
In file included from drivers/misc/mediatek/spm/mt6735/mt_spm_sleep.c:40:0:
drivers/misc/mediatek/spm/mt6735/../../pmic_wrap/mt6735/pwrap_hal.h:513:0: warning: "MT6328_TOP_CKDIVSEL_CON0_CLR" redefined
 #define MT6328_TOP_CKDIVSEL_CON0_CLR ((UINT32)(MT6328_PMIC_REG_BASE+0x0270))
 ^
In file included from /home/satory-ra/Android/kernel/android_kernel_oukitel_orange/drivers/misc/mediatek/mach/mt6735/include/mach/upmu_common.h:7:0,
                 from drivers/misc/mediatek/spm/mt6735/mt_spm_sleep.c:25:
/home/satory-ra/Android/kernel/android_kernel_oukitel_orange/drivers/misc/mediatek/mach/mt6735/include/mach/upmu_hw.h:97:0: note: this is the location of the previous definition
 #define MT6328_TOP_CKDIVSEL_CON0_CLR ((MT6328_PMIC_REG_BASE+0x0270))
 ^
In file included from drivers/misc/mediatek/spm/mt6735/mt_spm_sleep.c:40:0:
drivers/misc/mediatek/spm/mt6735/../../pmic_wrap/mt6735/pwrap_hal.h:514:0: warning: "MT6328_TOP_CKDIVSEL_CON1" redefined
 #define MT6328_TOP_CKDIVSEL_CON1     ((UINT32)(MT6328_PMIC_REG_BASE+0x0272))
 ^
In file included from /home/satory-ra/Android/kernel/android_kernel_oukitel_orange/drivers/misc/mediatek/mach/mt6735/include/mach/upmu_common.h:7:0,
                 from drivers/misc/mediatek/spm/mt6735/mt_spm_sleep.c:25:
/home/satory-ra/Android/kernel/android_kernel_oukitel_orange/drivers/misc/mediatek/mach/mt6735/include/mach/upmu_hw.h:98:0: note: this is the location of the previous definition
 #define MT6328_TOP_CKDIVSEL_CON1     ((MT6328_PMIC_REG_BASE+0x0272))
 ^
In file included from drivers/misc/mediatek/spm/mt6735/mt_spm_sleep.c:40:0:
drivers/misc/mediatek/spm/mt6735/../../pmic_wrap/mt6735/pwrap_hal.h:515:0: warning: "MT6328_TOP_CKDIVSEL_CON1_SET" redefined
 #define MT6328_TOP_CKDIVSEL_CON1_SET ((UINT32)(MT6328_PMIC_REG_BASE+0x0274))
 ^
In file included from /home/satory-ra/Android/kernel/android_kernel_oukitel_orange/drivers/misc/mediatek/mach/mt6735/include/mach/upmu_common.h:7:0,
                 from drivers/misc/mediatek/spm/mt6735/mt_spm_sleep.c:25:
/home/satory-ra/Android/kernel/android_kernel_oukitel_orange/drivers/misc/mediatek/mach/mt6735/include/mach/upmu_hw.h:99:0: note: this is the location of the previous definition
 #define MT6328_TOP_CKDIVSEL_CON1_SET ((MT6328_PMIC_REG_BASE+0x0274))
 ^
In file included from drivers/misc/mediatek/spm/mt6735/mt_spm_sleep.c:40:0:
drivers/misc/mediatek/spm/mt6735/../../pmic_wrap/mt6735/pwrap_hal.h:516:0: warning: "MT6328_TOP_CKDIVSEL_CON1_CLR" redefined
 #define MT6328_TOP_CKDIVSEL_CON1_CLR ((UINT32)(MT6328_PMIC_REG_BASE+0x0276))
 ^
In file included from /home/satory-ra/Android/kernel/android_kernel_oukitel_orange/drivers/misc/mediatek/mach/mt6735/include/mach/upmu_common.h:7:0,
                 from drivers/misc/mediatek/spm/mt6735/mt_spm_sleep.c:25:
/home/satory-ra/Android/kernel/android_kernel_oukitel_orange/drivers/misc/mediatek/mach/mt6735/include/mach/upmu_hw.h:100:0: note: this is the location of the previous definition
 #define MT6328_TOP_CKDIVSEL_CON1_CLR ((MT6328_PMIC_REG_BASE+0x0276))
 ^
In file included from drivers/misc/mediatek/spm/mt6735/mt_spm_sleep.c:40:0:
drivers/misc/mediatek/spm/mt6735/../../pmic_wrap/mt6735/pwrap_hal.h:517:0: warning: "MT6328_TOP_CKHWEN_CON0" redefined
 #define MT6328_TOP_CKHWEN_CON0       ((UINT32)(MT6328_PMIC_REG_BASE+0x0278))
 ^
In file included from /home/satory-ra/Android/kernel/android_kernel_oukitel_orange/drivers/misc/mediatek/mach/mt6735/include/mach/upmu_common.h:7:0,
                 from drivers/misc/mediatek/spm/mt6735/mt_spm_sleep.c:25:
/home/satory-ra/Android/kernel/android_kernel_oukitel_orange/drivers/misc/mediatek/mach/mt6735/include/mach/upmu_hw.h:101:0: note: this is the location of the previous definition
 #define MT6328_TOP_CKHWEN_CON0       ((MT6328_PMIC_REG_BASE+0x0278))
 ^
In file included from drivers/misc/mediatek/spm/mt6735/mt_spm_sleep.c:40:0:
drivers/misc/mediatek/spm/mt6735/../../pmic_wrap/mt6735/pwrap_hal.h:518:0: warning: "MT6328_TOP_CKHWEN_CON0_SET" redefined
 #define MT6328_TOP_CKHWEN_CON0_SET   ((UINT32)(MT6328_PMIC_REG_BASE+0x027A))
 ^
In file included from /home/satory-ra/Android/kernel/android_kernel_oukitel_orange/drivers/misc/mediatek/mach/mt6735/include/mach/upmu_common.h:7:0,
                 from drivers/misc/mediatek/spm/mt6735/mt_spm_sleep.c:25:
/home/satory-ra/Android/kernel/android_kernel_oukitel_orange/drivers/misc/mediatek/mach/mt6735/include/mach/upmu_hw.h:102:0: note: this is the location of the previous definition
 #define MT6328_TOP_CKHWEN_CON0_SET   ((MT6328_PMIC_REG_BASE+0x027A))
 ^
In file included from drivers/misc/mediatek/spm/mt6735/mt_spm_sleep.c:40:0:
drivers/misc/mediatek/spm/mt6735/../../pmic_wrap/mt6735/pwrap_hal.h:519:0: warning: "MT6328_TOP_CKHWEN_CON0_CLR" redefined
 #define MT6328_TOP_CKHWEN_CON0_CLR   ((UINT32)(MT6328_PMIC_REG_BASE+0x027C))
 ^
In file included from /home/satory-ra/Android/kernel/android_kernel_oukitel_orange/drivers/misc/mediatek/mach/mt6735/include/mach/upmu_common.h:7:0,
                 from drivers/misc/mediatek/spm/mt6735/mt_spm_sleep.c:25:
/home/satory-ra/Android/kernel/android_kernel_oukitel_orange/drivers/misc/mediatek/mach/mt6735/include/mach/upmu_hw.h:103:0: note: this is the location of the previous definition
 #define MT6328_TOP_CKHWEN_CON0_CLR   ((MT6328_PMIC_REG_BASE+0x027C))
 ^
In file included from drivers/misc/mediatek/spm/mt6735/mt_spm_sleep.c:40:0:
drivers/misc/mediatek/spm/mt6735/../../pmic_wrap/mt6735/pwrap_hal.h:520:0: warning: "MT6328_TOP_CKHWEN_CON1" redefined
 #define MT6328_TOP_CKHWEN_CON1       ((UINT32)(MT6328_PMIC_REG_BASE+0x027E))
 ^
In file included from /home/satory-ra/Android/kernel/android_kernel_oukitel_orange/drivers/misc/mediatek/mach/mt6735/include/mach/upmu_common.h:7:0,
                 from drivers/misc/mediatek/spm/mt6735/mt_spm_sleep.c:25:
/home/satory-ra/Android/kernel/android_kernel_oukitel_orange/drivers/misc/mediatek/mach/mt6735/include/mach/upmu_hw.h:104:0: note: this is the location of the previous definition
 #define MT6328_TOP_CKHWEN_CON1       ((MT6328_PMIC_REG_BASE+0x027E))
 ^
In file included from drivers/misc/mediatek/spm/mt6735/mt_spm_sleep.c:40:0:
drivers/misc/mediatek/spm/mt6735/../../pmic_wrap/mt6735/pwrap_hal.h:521:0: warning: "MT6328_TOP_CKHWEN_CON1_SET" redefined
 #define MT6328_TOP_CKHWEN_CON1_SET   ((UINT32)(MT6328_PMIC_REG_BASE+0x0280))
 ^
In file included from /home/satory-ra/Android/kernel/android_kernel_oukitel_orange/drivers/misc/mediatek/mach/mt6735/include/mach/upmu_common.h:7:0,
                 from drivers/misc/mediatek/spm/mt6735/mt_spm_sleep.c:25:
/home/satory-ra/Android/kernel/android_kernel_oukitel_orange/drivers/misc/mediatek/mach/mt6735/include/mach/upmu_hw.h:105:0: note: this is the location of the previous definition
 #define MT6328_TOP_CKHWEN_CON1_SET   ((MT6328_PMIC_REG_BASE+0x0280))
 ^
In file included from drivers/misc/mediatek/spm/mt6735/mt_spm_sleep.c:40:0:
drivers/misc/mediatek/spm/mt6735/../../pmic_wrap/mt6735/pwrap_hal.h:522:0: warning: "MT6328_TOP_CKHWEN_CON1_CLR" redefined
 #define MT6328_TOP_CKHWEN_CON1_CLR   ((UINT32)(MT6328_PMIC_REG_BASE+0x0282))
 ^
In file included from /home/satory-ra/Android/kernel/android_kernel_oukitel_orange/drivers/misc/mediatek/mach/mt6735/include/mach/upmu_common.h:7:0,
                 from drivers/misc/mediatek/spm/mt6735/mt_spm_sleep.c:25:
/home/satory-ra/Android/kernel/android_kernel_oukitel_orange/drivers/misc/mediatek/mach/mt6735/include/mach/upmu_hw.h:106:0: note: this is the location of the previous definition
 #define MT6328_TOP_CKHWEN_CON1_CLR   ((MT6328_PMIC_REG_BASE+0x0282))
 ^
In file included from drivers/misc/mediatek/spm/mt6735/mt_spm_sleep.c:40:0:
drivers/misc/mediatek/spm/mt6735/../../pmic_wrap/mt6735/pwrap_hal.h:523:0: warning: "MT6328_TOP_CKTST_CON0" redefined
 #define MT6328_TOP_CKTST_CON0        ((UINT32)(MT6328_PMIC_REG_BASE+0x0284))
 ^
In file included from /home/satory-ra/Android/kernel/android_kernel_oukitel_orange/drivers/misc/mediatek/mach/mt6735/include/mach/upmu_common.h:7:0,
                 from drivers/misc/mediatek/spm/mt6735/mt_spm_sleep.c:25:
/home/satory-ra/Android/kernel/android_kernel_oukitel_orange/drivers/misc/mediatek/mach/mt6735/include/mach/upmu_hw.h:107:0: note: this is the location of the previous definition
 #define MT6328_TOP_CKTST_CON0        ((MT6328_PMIC_REG_BASE+0x0284))
 ^
In file included from drivers/misc/mediatek/spm/mt6735/mt_spm_sleep.c:40:0:
drivers/misc/mediatek/spm/mt6735/../../pmic_wrap/mt6735/pwrap_hal.h:524:0: warning: "MT6328_TOP_CKTST_CON1" redefined
 #define MT6328_TOP_CKTST_CON1        ((UINT32)(MT6328_PMIC_REG_BASE+0x0286))
 ^
In file included from /home/satory-ra/Android/kernel/android_kernel_oukitel_orange/drivers/misc/mediatek/mach/mt6735/include/mach/upmu_common.h:7:0,
                 from drivers/misc/mediatek/spm/mt6735/mt_spm_sleep.c:25:
/home/satory-ra/Android/kernel/android_kernel_oukitel_orange/drivers/misc/mediatek/mach/mt6735/include/mach/upmu_hw.h:108:0: note: this is the location of the previous definition
 #define MT6328_TOP_CKTST_CON1        ((MT6328_PMIC_REG_BASE+0x0286))
 ^
In file included from drivers/misc/mediatek/spm/mt6735/mt_spm_sleep.c:40:0:
drivers/misc/mediatek/spm/mt6735/../../pmic_wrap/mt6735/pwrap_hal.h:525:0: warning: "MT6328_TOP_CKTST_CON2" redefined
 #define MT6328_TOP_CKTST_CON2        ((UINT32)(MT6328_PMIC_REG_BASE+0x0288))
 ^
In file included from /home/satory-ra/Android/kernel/android_kernel_oukitel_orange/drivers/misc/mediatek/mach/mt6735/include/mach/upmu_common.h:7:0,
                 from drivers/misc/mediatek/spm/mt6735/mt_spm_sleep.c:25:
/home/satory-ra/Android/kernel/android_kernel_oukitel_orange/drivers/misc/mediatek/mach/mt6735/include/mach/upmu_hw.h:109:0: note: this is the location of the previous definition
 #define MT6328_TOP_CKTST_CON2        ((MT6328_PMIC_REG_BASE+0x0288))
 ^
In file included from drivers/misc/mediatek/spm/mt6735/mt_spm_sleep.c:40:0:
drivers/misc/mediatek/spm/mt6735/../../pmic_wrap/mt6735/pwrap_hal.h:526:0: warning: "MT6328_TOP_CLKSQ" redefined
 #define MT6328_TOP_CLKSQ             ((UINT32)(MT6328_PMIC_REG_BASE+0x028A))
 ^
In file included from /home/satory-ra/Android/kernel/android_kernel_oukitel_orange/drivers/misc/mediatek/mach/mt6735/include/mach/upmu_common.h:7:0,
                 from drivers/misc/mediatek/spm/mt6735/mt_spm_sleep.c:25:
/home/satory-ra/Android/kernel/android_kernel_oukitel_orange/drivers/misc/mediatek/mach/mt6735/include/mach/upmu_hw.h:110:0: note: this is the location of the previous definition
 #define MT6328_TOP_CLKSQ             ((MT6328_PMIC_REG_BASE+0x028A))
 ^
In file included from drivers/misc/mediatek/spm/mt6735/mt_spm_sleep.c:40:0:
drivers/misc/mediatek/spm/mt6735/../../pmic_wrap/mt6735/pwrap_hal.h:527:0: warning: "MT6328_TOP_CLKSQ_SET" redefined
 #define MT6328_TOP_CLKSQ_SET         ((UINT32)(MT6328_PMIC_REG_BASE+0x028C))
 ^
In file included from /home/satory-ra/Android/kernel/android_kernel_oukitel_orange/drivers/misc/mediatek/mach/mt6735/include/mach/upmu_common.h:7:0,
                 from drivers/misc/mediatek/spm/mt6735/mt_spm_sleep.c:25:
/home/satory-ra/Android/kernel/android_kernel_oukitel_orange/drivers/misc/mediatek/mach/mt6735/include/mach/upmu_hw.h:111:0: note: this is the location of the previous definition
 #define MT6328_TOP_CLKSQ_SET         ((MT6328_PMIC_REG_BASE+0x028C))
 ^
In file included from drivers/misc/mediatek/spm/mt6735/mt_spm_sleep.c:40:0:
drivers/misc/mediatek/spm/mt6735/../../pmic_wrap/mt6735/pwrap_hal.h:528:0: warning: "MT6328_TOP_CLKSQ_CLR" redefined
 #define MT6328_TOP_CLKSQ_CLR         ((UINT32)(MT6328_PMIC_REG_BASE+0x028E))
 ^
In file included from /home/satory-ra/Android/kernel/android_kernel_oukitel_orange/drivers/misc/mediatek/mach/mt6735/include/mach/upmu_common.h:7:0,
                 from drivers/misc/mediatek/spm/mt6735/mt_spm_sleep.c:25:
/home/satory-ra/Android/kernel/android_kernel_oukitel_orange/drivers/misc/mediatek/mach/mt6735/include/mach/upmu_hw.h:112:0: note: this is the location of the previous definition
 #define MT6328_TOP_CLKSQ_CLR         ((MT6328_PMIC_REG_BASE+0x028E))
 ^
In file included from drivers/misc/mediatek/spm/mt6735/mt_spm_sleep.c:40:0:
drivers/misc/mediatek/spm/mt6735/../../pmic_wrap/mt6735/pwrap_hal.h:529:0: warning: "MT6328_TOP_CLKSQ_RTC" redefined
 #define MT6328_TOP_CLKSQ_RTC         ((UINT32)(MT6328_PMIC_REG_BASE+0x0290))
 ^
In file included from /home/satory-ra/Android/kernel/android_kernel_oukitel_orange/drivers/misc/mediatek/mach/mt6735/include/mach/upmu_common.h:7:0,
                 from drivers/misc/mediatek/spm/mt6735/mt_spm_sleep.c:25:
/home/satory-ra/Android/kernel/android_kernel_oukitel_orange/drivers/misc/mediatek/mach/mt6735/include/mach/upmu_hw.h:113:0: note: this is the location of the previous definition
 #define MT6328_TOP_CLKSQ_RTC         ((MT6328_PMIC_REG_BASE+0x0290))
 ^
In file included from drivers/misc/mediatek/spm/mt6735/mt_spm_sleep.c:40:0:
drivers/misc/mediatek/spm/mt6735/../../pmic_wrap/mt6735/pwrap_hal.h:530:0: warning: "MT6328_TOP_CLKSQ_RTC_SET" redefined
 #define MT6328_TOP_CLKSQ_RTC_SET     ((UINT32)(MT6328_PMIC_REG_BASE+0x0292))
 ^
In file included from /home/satory-ra/Android/kernel/android_kernel_oukitel_orange/drivers/misc/mediatek/mach/mt6735/include/mach/upmu_common.h:7:0,
                 from drivers/misc/mediatek/spm/mt6735/mt_spm_sleep.c:25:
/home/satory-ra/Android/kernel/android_kernel_oukitel_orange/drivers/misc/mediatek/mach/mt6735/include/mach/upmu_hw.h:114:0: note: this is the location of the previous definition
 #define MT6328_TOP_CLKSQ_RTC_SET     ((MT6328_PMIC_REG_BASE+0x0292))
 ^
In file included from drivers/misc/mediatek/spm/mt6735/mt_spm_sleep.c:40:0:
drivers/misc/mediatek/spm/mt6735/../../pmic_wrap/mt6735/pwrap_hal.h:531:0: warning: "MT6328_TOP_CLKSQ_RTC_CLR" redefined
 #define MT6328_TOP_CLKSQ_RTC_CLR     ((UINT32)(MT6328_PMIC_REG_BASE+0x0294))
 ^
In file included from /home/satory-ra/Android/kernel/android_kernel_oukitel_orange/drivers/misc/mediatek/mach/mt6735/include/mach/upmu_common.h:7:0,
                 from drivers/misc/mediatek/spm/mt6735/mt_spm_sleep.c:25:
/home/satory-ra/Android/kernel/android_kernel_oukitel_orange/drivers/misc/mediatek/mach/mt6735/include/mach/upmu_hw.h:115:0: note: this is the location of the previous definition
 #define MT6328_TOP_CLKSQ_RTC_CLR     ((MT6328_PMIC_REG_BASE+0x0294))
 ^
In file included from drivers/misc/mediatek/spm/mt6735/mt_spm_sleep.c:40:0:
drivers/misc/mediatek/spm/mt6735/../../pmic_wrap/mt6735/pwrap_hal.h:532:0: warning: "MT6328_TOP_CLK_TRIM" redefined
 #define MT6328_TOP_CLK_TRIM          ((UINT32)(MT6328_PMIC_REG_BASE+0x0296))
 ^
In file included from /home/satory-ra/Android/kernel/android_kernel_oukitel_orange/drivers/misc/mediatek/mach/mt6735/include/mach/upmu_common.h:7:0,
                 from drivers/misc/mediatek/spm/mt6735/mt_spm_sleep.c:25:
/home/satory-ra/Android/kernel/android_kernel_oukitel_orange/drivers/misc/mediatek/mach/mt6735/include/mach/upmu_hw.h:116:0: note: this is the location of the previous definition
 #define MT6328_TOP_CLK_TRIM          ((MT6328_PMIC_REG_BASE+0x0296))
 ^
In file included from drivers/misc/mediatek/spm/mt6735/mt_spm_sleep.c:40:0:
drivers/misc/mediatek/spm/mt6735/../../pmic_wrap/mt6735/pwrap_hal.h:533:0: warning: "MT6328_TOP_RST_CON0" redefined
 #define MT6328_TOP_RST_CON0          ((UINT32)(MT6328_PMIC_REG_BASE+0x0298))
 ^
In file included from /home/satory-ra/Android/kernel/android_kernel_oukitel_orange/drivers/misc/mediatek/mach/mt6735/include/mach/upmu_common.h:7:0,
                 from drivers/misc/mediatek/spm/mt6735/mt_spm_sleep.c:25:
/home/satory-ra/Android/kernel/android_kernel_oukitel_orange/drivers/misc/mediatek/mach/mt6735/include/mach/upmu_hw.h:117:0: note: this is the location of the previous definition
 #define MT6328_TOP_RST_CON0          ((MT6328_PMIC_REG_BASE+0x0298))
 ^
In file included from drivers/misc/mediatek/spm/mt6735/mt_spm_sleep.c:40:0:
drivers/misc/mediatek/spm/mt6735/../../pmic_wrap/mt6735/pwrap_hal.h:534:0: warning: "MT6328_TOP_RST_CON0_SET" redefined
 #define MT6328_TOP_RST_CON0_SET      ((UINT32)(MT6328_PMIC_REG_BASE+0x029A))
 ^
In file included from /home/satory-ra/Android/kernel/android_kernel_oukitel_orange/drivers/misc/mediatek/mach/mt6735/include/mach/upmu_common.h:7:0,
                 from drivers/misc/mediatek/spm/mt6735/mt_spm_sleep.c:25:
/home/satory-ra/Android/kernel/android_kernel_oukitel_orange/drivers/misc/mediatek/mach/mt6735/include/mach/upmu_hw.h:118:0: note: this is the location of the previous definition
 #define MT6328_TOP_RST_CON0_SET      ((MT6328_PMIC_REG_BASE+0x029A))
 ^
In file included from drivers/misc/mediatek/spm/mt6735/mt_spm_sleep.c:40:0:
drivers/misc/mediatek/spm/mt6735/../../pmic_wrap/mt6735/pwrap_hal.h:535:0: warning: "MT6328_TOP_RST_CON0_CLR" redefined
 #define MT6328_TOP_RST_CON0_CLR      ((UINT32)(MT6328_PMIC_REG_BASE+0x029C))
 ^
In file included from /home/satory-ra/Android/kernel/android_kernel_oukitel_orange/drivers/misc/mediatek/mach/mt6735/include/mach/upmu_common.h:7:0,
                 from drivers/misc/mediatek/spm/mt6735/mt_spm_sleep.c:25:
/home/satory-ra/Android/kernel/android_kernel_oukitel_orange/drivers/misc/mediatek/mach/mt6735/include/mach/upmu_hw.h:119:0: note: this is the location of the previous definition
 #define MT6328_TOP_RST_CON0_CLR      ((MT6328_PMIC_REG_BASE+0x029C))
 ^
In file included from drivers/misc/mediatek/spm/mt6735/mt_spm_sleep.c:40:0:
drivers/misc/mediatek/spm/mt6735/../../pmic_wrap/mt6735/pwrap_hal.h:536:0: warning: "MT6328_TOP_RST_CON1" redefined
 #define MT6328_TOP_RST_CON1          ((UINT32)(MT6328_PMIC_REG_BASE+0x029E))
 ^
In file included from /home/satory-ra/Android/kernel/android_kernel_oukitel_orange/drivers/misc/mediatek/mach/mt6735/include/mach/upmu_common.h:7:0,
                 from drivers/misc/mediatek/spm/mt6735/mt_spm_sleep.c:25:
/home/satory-ra/Android/kernel/android_kernel_oukitel_orange/drivers/misc/mediatek/mach/mt6735/include/mach/upmu_hw.h:120:0: note: this is the location of the previous definition
 #define MT6328_TOP_RST_CON1          ((MT6328_PMIC_REG_BASE+0x029E))
 ^
In file included from drivers/misc/mediatek/spm/mt6735/mt_spm_sleep.c:40:0:
drivers/misc/mediatek/spm/mt6735/../../pmic_wrap/mt6735/pwrap_hal.h:537:0: warning: "MT6328_TOP_RST_MISC" redefined
 #define MT6328_TOP_RST_MISC          ((UINT32)(MT6328_PMIC_REG_BASE+0x02A0))
 ^
In file included from /home/satory-ra/Android/kernel/android_kernel_oukitel_orange/drivers/misc/mediatek/mach/mt6735/include/mach/upmu_common.h:7:0,
                 from drivers/misc/mediatek/spm/mt6735/mt_spm_sleep.c:25:
/home/satory-ra/Android/kernel/android_kernel_oukitel_orange/drivers/misc/mediatek/mach/mt6735/include/mach/upmu_hw.h:121:0: note: this is the location of the previous definition
 #define MT6328_TOP_RST_MISC          ((MT6328_PMIC_REG_BASE+0x02A0))
 ^
In file included from drivers/misc/mediatek/spm/mt6735/mt_spm_sleep.c:40:0:
drivers/misc/mediatek/spm/mt6735/../../pmic_wrap/mt6735/pwrap_hal.h:538:0: warning: "MT6328_TOP_RST_MISC_SET" redefined
 #define MT6328_TOP_RST_MISC_SET      ((UINT32)(MT6328_PMIC_REG_BASE+0x02A2))
 ^
In file included from /home/satory-ra/Android/kernel/android_kernel_oukitel_orange/drivers/misc/mediatek/mach/mt6735/include/mach/upmu_common.h:7:0,
                 from drivers/misc/mediatek/spm/mt6735/mt_spm_sleep.c:25:
/home/satory-ra/Android/kernel/android_kernel_oukitel_orange/drivers/misc/mediatek/mach/mt6735/include/mach/upmu_hw.h:122:0: note: this is the location of the previous definition
 #define MT6328_TOP_RST_MISC_SET      ((MT6328_PMIC_REG_BASE+0x02A2))
 ^
In file included from drivers/misc/mediatek/spm/mt6735/mt_spm_sleep.c:40:0:
drivers/misc/mediatek/spm/mt6735/../../pmic_wrap/mt6735/pwrap_hal.h:539:0: warning: "MT6328_TOP_RST_MISC_CLR" redefined
 #define MT6328_TOP_RST_MISC_CLR      ((UINT32)(MT6328_PMIC_REG_BASE+0x02A4))
 ^
In file included from /home/satory-ra/Android/kernel/android_kernel_oukitel_orange/drivers/misc/mediatek/mach/mt6735/include/mach/upmu_common.h:7:0,
                 from drivers/misc/mediatek/spm/mt6735/mt_spm_sleep.c:25:
/home/satory-ra/Android/kernel/android_kernel_oukitel_orange/drivers/misc/mediatek/mach/mt6735/include/mach/upmu_hw.h:123:0: note: this is the location of the previous definition
 #define MT6328_TOP_RST_MISC_CLR      ((MT6328_PMIC_REG_BASE+0x02A4))
 ^
In file included from drivers/misc/mediatek/spm/mt6735/mt_spm_sleep.c:40:0:
drivers/misc/mediatek/spm/mt6735/../../pmic_wrap/mt6735/pwrap_hal.h:540:0: warning: "MT6328_TOP_RST_STATUS" redefined
 #define MT6328_TOP_RST_STATUS        ((UINT32)(MT6328_PMIC_REG_BASE+0x02A6))
 ^
In file included from /home/satory-ra/Android/kernel/android_kernel_oukitel_orange/drivers/misc/mediatek/mach/mt6735/include/mach/upmu_common.h:7:0,
                 from drivers/misc/mediatek/spm/mt6735/mt_spm_sleep.c:25:
/home/satory-ra/Android/kernel/android_kernel_oukitel_orange/drivers/misc/mediatek/mach/mt6735/include/mach/upmu_hw.h:124:0: note: this is the location of the previous definition
 #define MT6328_TOP_RST_STATUS        ((MT6328_PMIC_REG_BASE+0x02A6))
 ^
In file included from drivers/misc/mediatek/spm/mt6735/mt_spm_sleep.c:40:0:
drivers/misc/mediatek/spm/mt6735/../../pmic_wrap/mt6735/pwrap_hal.h:541:0: warning: "MT6328_TOP_RST_STATUS_SET" redefined
 #define MT6328_TOP_RST_STATUS_SET    ((UINT32)(MT6328_PMIC_REG_BASE+0x02A8))
 ^
In file included from /home/satory-ra/Android/kernel/android_kernel_oukitel_orange/drivers/misc/mediatek/mach/mt6735/include/mach/upmu_common.h:7:0,
                 from drivers/misc/mediatek/spm/mt6735/mt_spm_sleep.c:25:
/home/satory-ra/Android/kernel/android_kernel_oukitel_orange/drivers/misc/mediatek/mach/mt6735/include/mach/upmu_hw.h:125:0: note: this is the location of the previous definition
 #define MT6328_TOP_RST_STATUS_SET    ((MT6328_PMIC_REG_BASE+0x02A8))
 ^
In file included from drivers/misc/mediatek/spm/mt6735/mt_spm_sleep.c:40:0:
drivers/misc/mediatek/spm/mt6735/../../pmic_wrap/mt6735/pwrap_hal.h:542:0: warning: "MT6328_TOP_RST_STATUS_CLR" redefined
 #define MT6328_TOP_RST_STATUS_CLR    ((UINT32)(MT6328_PMIC_REG_BASE+0x02AA))
 ^
In file included from /home/satory-ra/Android/kernel/android_kernel_oukitel_orange/drivers/misc/mediatek/mach/mt6735/include/mach/upmu_common.h:7:0,
                 from drivers/misc/mediatek/spm/mt6735/mt_spm_sleep.c:25:
/home/satory-ra/Android/kernel/android_kernel_oukitel_orange/drivers/misc/mediatek/mach/mt6735/include/mach/upmu_hw.h:126:0: note: this is the location of the previous definition
 #define MT6328_TOP_RST_STATUS_CLR    ((MT6328_PMIC_REG_BASE+0x02AA))
 ^
In file included from drivers/misc/mediatek/spm/mt6735/mt_spm_sleep.c:40:0:
drivers/misc/mediatek/spm/mt6735/../../pmic_wrap/mt6735/pwrap_hal.h:543:0: warning: "MT6328_INT_CON0" redefined
 #define MT6328_INT_CON0              ((UINT32)(MT6328_PMIC_REG_BASE+0x02AC))
 ^
In file included from /home/satory-ra/Android/kernel/android_kernel_oukitel_orange/drivers/misc/mediatek/mach/mt6735/include/mach/upmu_common.h:7:0,
                 from drivers/misc/mediatek/spm/mt6735/mt_spm_sleep.c:25:
/home/satory-ra/Android/kernel/android_kernel_oukitel_orange/drivers/misc/mediatek/mach/mt6735/include/mach/upmu_hw.h:127:0: note: this is the location of the previous definition
 #define MT6328_INT_CON0              ((MT6328_PMIC_REG_BASE+0x02AC))
 ^
In file included from drivers/misc/mediatek/spm/mt6735/mt_spm_sleep.c:40:0:
drivers/misc/mediatek/spm/mt6735/../../pmic_wrap/mt6735/pwrap_hal.h:544:0: warning: "MT6328_INT_CON0_SET" redefined
 #define MT6328_INT_CON0_SET          ((UINT32)(MT6328_PMIC_REG_BASE+0x02AE))
 ^
In file included from /home/satory-ra/Android/kernel/android_kernel_oukitel_orange/drivers/misc/mediatek/mach/mt6735/include/mach/upmu_common.h:7:0,
                 from drivers/misc/mediatek/spm/mt6735/mt_spm_sleep.c:25:
/home/satory-ra/Android/kernel/android_kernel_oukitel_orange/drivers/misc/mediatek/mach/mt6735/include/mach/upmu_hw.h:128:0: note: this is the location of the previous definition
 #define MT6328_INT_CON0_SET          ((MT6328_PMIC_REG_BASE+0x02AE))
 ^
In file included from drivers/misc/mediatek/spm/mt6735/mt_spm_sleep.c:40:0:
drivers/misc/mediatek/spm/mt6735/../../pmic_wrap/mt6735/pwrap_hal.h:545:0: warning: "MT6328_INT_CON0_CLR" redefined
 #define MT6328_INT_CON0_CLR          ((UINT32)(MT6328_PMIC_REG_BASE+0x02B0))
 ^
In file included from /home/satory-ra/Android/kernel/android_kernel_oukitel_orange/drivers/misc/mediatek/mach/mt6735/include/mach/upmu_common.h:7:0,
                 from drivers/misc/mediatek/spm/mt6735/mt_spm_sleep.c:25:
/home/satory-ra/Android/kernel/android_kernel_oukitel_orange/drivers/misc/mediatek/mach/mt6735/include/mach/upmu_hw.h:129:0: note: this is the location of the previous definition
 #define MT6328_INT_CON0_CLR          ((MT6328_PMIC_REG_BASE+0x02B0))
 ^
In file included from drivers/misc/mediatek/spm/mt6735/mt_spm_sleep.c:40:0:
drivers/misc/mediatek/spm/mt6735/../../pmic_wrap/mt6735/pwrap_hal.h:546:0: warning: "MT6328_INT_CON1" redefined
 #define MT6328_INT_CON1              ((UINT32)(MT6328_PMIC_REG_BASE+0x02B2))
 ^
In file included from /home/satory-ra/Android/kernel/android_kernel_oukitel_orange/drivers/misc/mediatek/mach/mt6735/include/mach/upmu_common.h:7:0,
                 from drivers/misc/mediatek/spm/mt6735/mt_spm_sleep.c:25:
/home/satory-ra/Android/kernel/android_kernel_oukitel_orange/drivers/misc/mediatek/mach/mt6735/include/mach/upmu_hw.h:130:0: note: this is the location of the previous definition
 #define MT6328_INT_CON1              ((MT6328_PMIC_REG_BASE+0x02B2))
 ^
In file included from drivers/misc/mediatek/spm/mt6735/mt_spm_sleep.c:40:0:
drivers/misc/mediatek/spm/mt6735/../../pmic_wrap/mt6735/pwrap_hal.h:547:0: warning: "MT6328_INT_CON1_SET" redefined
 #define MT6328_INT_CON1_SET          ((UINT32)(MT6328_PMIC_REG_BASE+0x02B4))
 ^
In file included from /home/satory-ra/Android/kernel/android_kernel_oukitel_orange/drivers/misc/mediatek/mach/mt6735/include/mach/upmu_common.h:7:0,
                 from drivers/misc/mediatek/spm/mt6735/mt_spm_sleep.c:25:
/home/satory-ra/Android/kernel/android_kernel_oukitel_orange/drivers/misc/mediatek/mach/mt6735/include/mach/upmu_hw.h:131:0: note: this is the location of the previous definition
 #define MT6328_INT_CON1_SET          ((MT6328_PMIC_REG_BASE+0x02B4))
 ^
In file included from drivers/misc/mediatek/spm/mt6735/mt_spm_sleep.c:40:0:
drivers/misc/mediatek/spm/mt6735/../../pmic_wrap/mt6735/pwrap_hal.h:548:0: warning: "MT6328_INT_CON1_CLR" redefined
 #define MT6328_INT_CON1_CLR          ((UINT32)(MT6328_PMIC_REG_BASE+0x02B6))
 ^
In file included from /home/satory-ra/Android/kernel/android_kernel_oukitel_orange/drivers/misc/mediatek/mach/mt6735/include/mach/upmu_common.h:7:0,
                 from drivers/misc/mediatek/spm/mt6735/mt_spm_sleep.c:25:
/home/satory-ra/Android/kernel/android_kernel_oukitel_orange/drivers/misc/mediatek/mach/mt6735/include/mach/upmu_hw.h:132:0: note: this is the location of the previous definition
 #define MT6328_INT_CON1_CLR          ((MT6328_PMIC_REG_BASE+0x02B6))
 ^
In file included from drivers/misc/mediatek/spm/mt6735/mt_spm_sleep.c:40:0:
drivers/misc/mediatek/spm/mt6735/../../pmic_wrap/mt6735/pwrap_hal.h:549:0: warning: "MT6328_INT_CON2" redefined
 #define MT6328_INT_CON2              ((UINT32)(MT6328_PMIC_REG_BASE+0x02B8))
 ^
In file included from /home/satory-ra/Android/kernel/android_kernel_oukitel_orange/drivers/misc/mediatek/mach/mt6735/include/mach/upmu_common.h:7:0,
                 from drivers/misc/mediatek/spm/mt6735/mt_spm_sleep.c:25:
/home/satory-ra/Android/kernel/android_kernel_oukitel_orange/drivers/misc/mediatek/mach/mt6735/include/mach/upmu_hw.h:133:0: note: this is the location of the previous definition
 #define MT6328_INT_CON2              ((MT6328_PMIC_REG_BASE+0x02B8))
 ^
In file included from drivers/misc/mediatek/spm/mt6735/mt_spm_sleep.c:40:0:
drivers/misc/mediatek/spm/mt6735/../../pmic_wrap/mt6735/pwrap_hal.h:550:0: warning: "MT6328_INT_CON2_SET" redefined
 #define MT6328_INT_CON2_SET          ((UINT32)(MT6328_PMIC_REG_BASE+0x02BA))
 ^
In file included from /home/satory-ra/Android/kernel/android_kernel_oukitel_orange/drivers/misc/mediatek/mach/mt6735/include/mach/upmu_common.h:7:0,
                 from drivers/misc/mediatek/spm/mt6735/mt_spm_sleep.c:25:
/home/satory-ra/Android/kernel/android_kernel_oukitel_orange/drivers/misc/mediatek/mach/mt6735/include/mach/upmu_hw.h:134:0: note: this is the location of the previous definition
 #define MT6328_INT_CON2_SET          ((MT6328_PMIC_REG_BASE+0x02BA))
 ^
In file included from drivers/misc/mediatek/spm/mt6735/mt_spm_sleep.c:40:0:
drivers/misc/mediatek/spm/mt6735/../../pmic_wrap/mt6735/pwrap_hal.h:551:0: warning: "MT6328_INT_CON2_CLR" redefined
 #define MT6328_INT_CON2_CLR          ((UINT32)(MT6328_PMIC_REG_BASE+0x02BC))
 ^
In file included from /home/satory-ra/Android/kernel/android_kernel_oukitel_orange/drivers/misc/mediatek/mach/mt6735/include/mach/upmu_common.h:7:0,
                 from drivers/misc/mediatek/spm/mt6735/mt_spm_sleep.c:25:
/home/satory-ra/Android/kernel/android_kernel_oukitel_orange/drivers/misc/mediatek/mach/mt6735/include/mach/upmu_hw.h:135:0: note: this is the location of the previous definition
 #define MT6328_INT_CON2_CLR          ((MT6328_PMIC_REG_BASE+0x02BC))
 ^
In file included from drivers/misc/mediatek/spm/mt6735/mt_spm_sleep.c:40:0:
drivers/misc/mediatek/spm/mt6735/../../pmic_wrap/mt6735/pwrap_hal.h:552:0: warning: "MT6328_INT_MISC_CON" redefined
 #define MT6328_INT_MISC_CON          ((UINT32)(MT6328_PMIC_REG_BASE+0x02BE))
 ^
In file included from /home/satory-ra/Android/kernel/android_kernel_oukitel_orange/drivers/misc/mediatek/mach/mt6735/include/mach/upmu_common.h:7:0,
                 from drivers/misc/mediatek/spm/mt6735/mt_spm_sleep.c:25:
/home/satory-ra/Android/kernel/android_kernel_oukitel_orange/drivers/misc/mediatek/mach/mt6735/include/mach/upmu_hw.h:136:0: note: this is the location of the previous definition
 #define MT6328_INT_MISC_CON          ((MT6328_PMIC_REG_BASE+0x02BE))
 ^
In file included from drivers/misc/mediatek/spm/mt6735/mt_spm_sleep.c:40:0:
drivers/misc/mediatek/spm/mt6735/../../pmic_wrap/mt6735/pwrap_hal.h:553:0: warning: "MT6328_INT_MISC_CON_SET" redefined
 #define MT6328_INT_MISC_CON_SET      ((UINT32)(MT6328_PMIC_REG_BASE+0x02C0))
 ^
In file included from /home/satory-ra/Android/kernel/android_kernel_oukitel_orange/drivers/misc/mediatek/mach/mt6735/include/mach/upmu_common.h:7:0,
                 from drivers/misc/mediatek/spm/mt6735/mt_spm_sleep.c:25:
/home/satory-ra/Android/kernel/android_kernel_oukitel_orange/drivers/misc/mediatek/mach/mt6735/include/mach/upmu_hw.h:137:0: note: this is the location of the previous definition
 #define MT6328_INT_MISC_CON_SET      ((MT6328_PMIC_REG_BASE+0x02C0))
 ^
In file included from drivers/misc/mediatek/spm/mt6735/mt_spm_sleep.c:40:0:
drivers/misc/mediatek/spm/mt6735/../../pmic_wrap/mt6735/pwrap_hal.h:554:0: warning: "MT6328_INT_MISC_CON_CLR" redefined
 #define MT6328_INT_MISC_CON_CLR      ((UINT32)(MT6328_PMIC_REG_BASE+0x02C2))
 ^
In file included from /home/satory-ra/Android/kernel/android_kernel_oukitel_orange/drivers/misc/mediatek/mach/mt6735/include/mach/upmu_common.h:7:0,
                 from drivers/misc/mediatek/spm/mt6735/mt_spm_sleep.c:25:
/home/satory-ra/Android/kernel/android_kernel_oukitel_orange/drivers/misc/mediatek/mach/mt6735/include/mach/upmu_hw.h:138:0: note: this is the location of the previous definition
 #define MT6328_INT_MISC_CON_CLR      ((MT6328_PMIC_REG_BASE+0x02C2))
 ^
In file included from drivers/misc/mediatek/spm/mt6735/mt_spm_sleep.c:40:0:
drivers/misc/mediatek/spm/mt6735/../../pmic_wrap/mt6735/pwrap_hal.h:555:0: warning: "MT6328_INT_STATUS0" redefined
 #define MT6328_INT_STATUS0           ((UINT32)(MT6328_PMIC_REG_BASE+0x02C4))
 ^
In file included from /home/satory-ra/Android/kernel/android_kernel_oukitel_orange/drivers/misc/mediatek/mach/mt6735/include/mach/upmu_common.h:7:0,
                 from drivers/misc/mediatek/spm/mt6735/mt_spm_sleep.c:25:
/home/satory-ra/Android/kernel/android_kernel_oukitel_orange/drivers/misc/mediatek/mach/mt6735/include/mach/upmu_hw.h:139:0: note: this is the location of the previous definition
 #define MT6328_INT_STATUS0           ((MT6328_PMIC_REG_BASE+0x02C4))
 ^
In file included from drivers/misc/mediatek/spm/mt6735/mt_spm_sleep.c:40:0:
drivers/misc/mediatek/spm/mt6735/../../pmic_wrap/mt6735/pwrap_hal.h:556:0: warning: "MT6328_INT_STATUS1" redefined
 #define MT6328_INT_STATUS1           ((UINT32)(MT6328_PMIC_REG_BASE+0x02C6))
 ^
In file included from /home/satory-ra/Android/kernel/android_kernel_oukitel_orange/drivers/misc/mediatek/mach/mt6735/include/mach/upmu_common.h:7:0,
                 from drivers/misc/mediatek/spm/mt6735/mt_spm_sleep.c:25:
/home/satory-ra/Android/kernel/android_kernel_oukitel_orange/drivers/misc/mediatek/mach/mt6735/include/mach/upmu_hw.h:140:0: note: this is the location of the previous definition
 #define MT6328_INT_STATUS1           ((MT6328_PMIC_REG_BASE+0x02C6))
 ^
In file included from drivers/misc/mediatek/spm/mt6735/mt_spm_sleep.c:40:0:
drivers/misc/mediatek/spm/mt6735/../../pmic_wrap/mt6735/pwrap_hal.h:557:0: warning: "MT6328_INT_STATUS2" redefined
 #define MT6328_INT_STATUS2           ((UINT32)(MT6328_PMIC_REG_BASE+0x02C8))
 ^
In file included from /home/satory-ra/Android/kernel/android_kernel_oukitel_orange/drivers/misc/mediatek/mach/mt6735/include/mach/upmu_common.h:7:0,
                 from drivers/misc/mediatek/spm/mt6735/mt_spm_sleep.c:25:
/home/satory-ra/Android/kernel/android_kernel_oukitel_orange/drivers/misc/mediatek/mach/mt6735/include/mach/upmu_hw.h:141:0: note: this is the location of the previous definition
 #define MT6328_INT_STATUS2           ((MT6328_PMIC_REG_BASE+0x02C8))
 ^
In file included from drivers/misc/mediatek/spm/mt6735/mt_spm_sleep.c:40:0:
drivers/misc/mediatek/spm/mt6735/../../pmic_wrap/mt6735/pwrap_hal.h:558:0: warning: "MT6328_OC_GEAR_0" redefined
 #define MT6328_OC_GEAR_0             ((UINT32)(MT6328_PMIC_REG_BASE+0x02CA))
 ^
In file included from /home/satory-ra/Android/kernel/android_kernel_oukitel_orange/drivers/misc/mediatek/mach/mt6735/include/mach/upmu_common.h:7:0,
                 from drivers/misc/mediatek/spm/mt6735/mt_spm_sleep.c:25:
/home/satory-ra/Android/kernel/android_kernel_oukitel_orange/drivers/misc/mediatek/mach/mt6735/include/mach/upmu_hw.h:142:0: note: this is the location of the previous definition
 #define MT6328_OC_GEAR_0             ((MT6328_PMIC_REG_BASE+0x02CA))
 ^
In file included from drivers/misc/mediatek/spm/mt6735/mt_spm_sleep.c:40:0:
drivers/misc/mediatek/spm/mt6735/../../pmic_wrap/mt6735/pwrap_hal.h:559:0: warning: "MT6328_FQMTR_CON0" redefined
 #define MT6328_FQMTR_CON0            ((UINT32)(MT6328_PMIC_REG_BASE+0x02CC))
 ^
In file included from /home/satory-ra/Android/kernel/android_kernel_oukitel_orange/drivers/misc/mediatek/mach/mt6735/include/mach/upmu_common.h:7:0,
                 from drivers/misc/mediatek/spm/mt6735/mt_spm_sleep.c:25:
/home/satory-ra/Android/kernel/android_kernel_oukitel_orange/drivers/misc/mediatek/mach/mt6735/include/mach/upmu_hw.h:143:0: note: this is the location of the previous definition
 #define MT6328_FQMTR_CON0            ((MT6328_PMIC_REG_BASE+0x02CC))
 ^
In file included from drivers/misc/mediatek/spm/mt6735/mt_spm_sleep.c:40:0:
drivers/misc/mediatek/spm/mt6735/../../pmic_wrap/mt6735/pwrap_hal.h:560:0: warning: "MT6328_FQMTR_CON1" redefined
 #define MT6328_FQMTR_CON1            ((UINT32)(MT6328_PMIC_REG_BASE+0x02CE))
 ^
In file included from /home/satory-ra/Android/kernel/android_kernel_oukitel_orange/drivers/misc/mediatek/mach/mt6735/include/mach/upmu_common.h:7:0,
                 from drivers/misc/mediatek/spm/mt6735/mt_spm_sleep.c:25:
/home/satory-ra/Android/kernel/android_kernel_oukitel_orange/drivers/misc/mediatek/mach/mt6735/include/mach/upmu_hw.h:144:0: note: this is the location of the previous definition
 #define MT6328_FQMTR_CON1            ((MT6328_PMIC_REG_BASE+0x02CE))
 ^
In file included from drivers/misc/mediatek/spm/mt6735/mt_spm_sleep.c:40:0:
drivers/misc/mediatek/spm/mt6735/../../pmic_wrap/mt6735/pwrap_hal.h:561:0: warning: "MT6328_FQMTR_CON2" redefined
 #define MT6328_FQMTR_CON2            ((UINT32)(MT6328_PMIC_REG_BASE+0x02D0))
 ^
In file included from /home/satory-ra/Android/kernel/android_kernel_oukitel_orange/drivers/misc/mediatek/mach/mt6735/include/mach/upmu_common.h:7:0,
                 from drivers/misc/mediatek/spm/mt6735/mt_spm_sleep.c:25:
/home/satory-ra/Android/kernel/android_kernel_oukitel_orange/drivers/misc/mediatek/mach/mt6735/include/mach/upmu_hw.h:145:0: note: this is the location of the previous definition
 #define MT6328_FQMTR_CON2            ((MT6328_PMIC_REG_BASE+0x02D0))
 ^
In file included from drivers/misc/mediatek/spm/mt6735/mt_spm_sleep.c:40:0:
drivers/misc/mediatek/spm/mt6735/../../pmic_wrap/mt6735/pwrap_hal.h:562:0: warning: "MT6328_RG_SPI_CON" redefined
 #define MT6328_RG_SPI_CON            ((UINT32)(MT6328_PMIC_REG_BASE+0x02D2))
 ^
In file included from /home/satory-ra/Android/kernel/android_kernel_oukitel_orange/drivers/misc/mediatek/mach/mt6735/include/mach/upmu_common.h:7:0,
                 from drivers/misc/mediatek/spm/mt6735/mt_spm_sleep.c:25:
/home/satory-ra/Android/kernel/android_kernel_oukitel_orange/drivers/misc/mediatek/mach/mt6735/include/mach/upmu_hw.h:146:0: note: this is the location of the previous definition
 #define MT6328_RG_SPI_CON            ((MT6328_PMIC_REG_BASE+0x02D2))
 ^
In file included from drivers/misc/mediatek/spm/mt6735/mt_spm_sleep.c:40:0:
drivers/misc/mediatek/spm/mt6735/../../pmic_wrap/mt6735/pwrap_hal.h:563:0: warning: "MT6328_DEW_DIO_EN" redefined
 #define MT6328_DEW_DIO_EN            ((UINT32)(MT6328_PMIC_REG_BASE+0x02D4))
 ^
In file included from /home/satory-ra/Android/kernel/android_kernel_oukitel_orange/drivers/misc/mediatek/mach/mt6735/include/mach/upmu_common.h:7:0,
                 from drivers/misc/mediatek/spm/mt6735/mt_spm_sleep.c:25:
/home/satory-ra/Android/kernel/android_kernel_oukitel_orange/drivers/misc/mediatek/mach/mt6735/include/mach/upmu_hw.h:147:0: note: this is the location of the previous definition
 #define MT6328_DEW_DIO_EN            ((MT6328_PMIC_REG_BASE+0x02D4))
 ^
In file included from drivers/misc/mediatek/spm/mt6735/mt_spm_sleep.c:40:0:
drivers/misc/mediatek/spm/mt6735/../../pmic_wrap/mt6735/pwrap_hal.h:564:0: warning: "MT6328_DEW_READ_TEST" redefined
 #define MT6328_DEW_READ_TEST         ((UINT32)(MT6328_PMIC_REG_BASE+0x02D6))
 ^
In file included from /home/satory-ra/Android/kernel/android_kernel_oukitel_orange/drivers/misc/mediatek/mach/mt6735/include/mach/upmu_common.h:7:0,
                 from drivers/misc/mediatek/spm/mt6735/mt_spm_sleep.c:25:
/home/satory-ra/Android/kernel/android_kernel_oukitel_orange/drivers/misc/mediatek/mach/mt6735/include/mach/upmu_hw.h:148:0: note: this is the location of the previous definition
 #define MT6328_DEW_READ_TEST         ((MT6328_PMIC_REG_BASE+0x02D6))
 ^
In file included from drivers/misc/mediatek/spm/mt6735/mt_spm_sleep.c:40:0:
drivers/misc/mediatek/spm/mt6735/../../pmic_wrap/mt6735/pwrap_hal.h:565:0: warning: "MT6328_DEW_WRITE_TEST" redefined
 #define MT6328_DEW_WRITE_TEST        ((UINT32)(MT6328_PMIC_REG_BASE+0x02D8))
 ^
In file included from /home/satory-ra/Android/kernel/android_kernel_oukitel_orange/drivers/misc/mediatek/mach/mt6735/include/mach/upmu_common.h:7:0,
                 from drivers/misc/mediatek/spm/mt6735/mt_spm_sleep.c:25:
/home/satory-ra/Android/kernel/android_kernel_oukitel_orange/drivers/misc/mediatek/mach/mt6735/include/mach/upmu_hw.h:149:0: note: this is the location of the previous definition
 #define MT6328_DEW_WRITE_TEST        ((MT6328_PMIC_REG_BASE+0x02D8))
 ^
In file included from drivers/misc/mediatek/spm/mt6735/mt_spm_sleep.c:40:0:
drivers/misc/mediatek/spm/mt6735/../../pmic_wrap/mt6735/pwrap_hal.h:566:0: warning: "MT6328_DEW_CRC_SWRST" redefined
 #define MT6328_DEW_CRC_SWRST         ((UINT32)(MT6328_PMIC_REG_BASE+0x02DA))
 ^
In file included from /home/satory-ra/Android/kernel/android_kernel_oukitel_orange/drivers/misc/mediatek/mach/mt6735/include/mach/upmu_common.h:7:0,
                 from drivers/misc/mediatek/spm/mt6735/mt_spm_sleep.c:25:
/home/satory-ra/Android/kernel/android_kernel_oukitel_orange/drivers/misc/mediatek/mach/mt6735/include/mach/upmu_hw.h:150:0: note: this is the location of the previous definition
 #define MT6328_DEW_CRC_SWRST         ((MT6328_PMIC_REG_BASE+0x02DA))
 ^
In file included from drivers/misc/mediatek/spm/mt6735/mt_spm_sleep.c:40:0:
drivers/misc/mediatek/spm/mt6735/../../pmic_wrap/mt6735/pwrap_hal.h:567:0: warning: "MT6328_DEW_CRC_EN" redefined
 #define MT6328_DEW_CRC_EN            ((UINT32)(MT6328_PMIC_REG_BASE+0x02DC))
 ^
In file included from /home/satory-ra/Android/kernel/android_kernel_oukitel_orange/drivers/misc/mediatek/mach/mt6735/include/mach/upmu_common.h:7:0,
                 from drivers/misc/mediatek/spm/mt6735/mt_spm_sleep.c:25:
/home/satory-ra/Android/kernel/android_kernel_oukitel_orange/drivers/misc/mediatek/mach/mt6735/include/mach/upmu_hw.h:151:0: note: this is the location of the previous definition
 #define MT6328_DEW_CRC_EN            ((MT6328_PMIC_REG_BASE+0x02DC))
 ^
In file included from drivers/misc/mediatek/spm/mt6735/mt_spm_sleep.c:40:0:
drivers/misc/mediatek/spm/mt6735/../../pmic_wrap/mt6735/pwrap_hal.h:568:0: warning: "MT6328_DEW_CRC_VAL" redefined
 #define MT6328_DEW_CRC_VAL           ((UINT32)(MT6328_PMIC_REG_BASE+0x02DE))
 ^
In file included from /home/satory-ra/Android/kernel/android_kernel_oukitel_orange/drivers/misc/mediatek/mach/mt6735/include/mach/upmu_common.h:7:0,
                 from drivers/misc/mediatek/spm/mt6735/mt_spm_sleep.c:25:
/home/satory-ra/Android/kernel/android_kernel_oukitel_orange/drivers/misc/mediatek/mach/mt6735/include/mach/upmu_hw.h:152:0: note: this is the location of the previous definition
 #define MT6328_DEW_CRC_VAL           ((MT6328_PMIC_REG_BASE+0x02DE))
 ^
In file included from drivers/misc/mediatek/spm/mt6735/mt_spm_sleep.c:40:0:
drivers/misc/mediatek/spm/mt6735/../../pmic_wrap/mt6735/pwrap_hal.h:569:0: warning: "MT6328_DEW_DBG_MON_SEL" redefined
 #define MT6328_DEW_DBG_MON_SEL       ((UINT32)(MT6328_PMIC_REG_BASE+0x02E0))
 ^
In file included from /home/satory-ra/Android/kernel/android_kernel_oukitel_orange/drivers/misc/mediatek/mach/mt6735/include/mach/upmu_common.h:7:0,
                 from drivers/misc/mediatek/spm/mt6735/mt_spm_sleep.c:25:
/home/satory-ra/Android/kernel/android_kernel_oukitel_orange/drivers/misc/mediatek/mach/mt6735/include/mach/upmu_hw.h:153:0: note: this is the location of the previous definition
 #define MT6328_DEW_DBG_MON_SEL       ((MT6328_PMIC_REG_BASE+0x02E0))
 ^
In file included from drivers/misc/mediatek/spm/mt6735/mt_spm_sleep.c:40:0:
drivers/misc/mediatek/spm/mt6735/../../pmic_wrap/mt6735/pwrap_hal.h:570:0: warning: "MT6328_DEW_CIPHER_KEY_SEL" redefined
 #define MT6328_DEW_CIPHER_KEY_SEL    ((UINT32)(MT6328_PMIC_REG_BASE+0x02E2))
 ^
In file included from /home/satory-ra/Android/kernel/android_kernel_oukitel_orange/drivers/misc/mediatek/mach/mt6735/include/mach/upmu_common.h:7:0,
                 from drivers/misc/mediatek/spm/mt6735/mt_spm_sleep.c:25:
/home/satory-ra/Android/kernel/android_kernel_oukitel_orange/drivers/misc/mediatek/mach/mt6735/include/mach/upmu_hw.h:154:0: note: this is the location of the previous definition
 #define MT6328_DEW_CIPHER_KEY_SEL    ((MT6328_PMIC_REG_BASE+0x02E2))
 ^
In file included from drivers/misc/mediatek/spm/mt6735/mt_spm_sleep.c:40:0:
drivers/misc/mediatek/spm/mt6735/../../pmic_wrap/mt6735/pwrap_hal.h:571:0: warning: "MT6328_DEW_CIPHER_IV_SEL" redefined
 #define MT6328_DEW_CIPHER_IV_SEL     ((UINT32)(MT6328_PMIC_REG_BASE+0x02E4))
 ^
  LD      drivers/misc/mediatek/systracker/mt6735/built-in.o
  CC      drivers/misc/mediatek/systracker/backtrace32.o
In file included from /home/satory-ra/Android/kernel/android_kernel_oukitel_orange/drivers/misc/mediatek/mach/mt6735/include/mach/upmu_common.h:7:0,
                 from drivers/misc/mediatek/spm/mt6735/mt_spm_sleep.c:25:
/home/satory-ra/Android/kernel/android_kernel_oukitel_orange/drivers/misc/mediatek/mach/mt6735/include/mach/upmu_hw.h:155:0: note: this is the location of the previous definition
 #define MT6328_DEW_CIPHER_IV_SEL     ((MT6328_PMIC_REG_BASE+0x02E4))
 ^
In file included from drivers/misc/mediatek/spm/mt6735/mt_spm_sleep.c:40:0:
drivers/misc/mediatek/spm/mt6735/../../pmic_wrap/mt6735/pwrap_hal.h:572:0: warning: "MT6328_DEW_CIPHER_EN" redefined
 #define MT6328_DEW_CIPHER_EN         ((UINT32)(MT6328_PMIC_REG_BASE+0x02E6))
 ^
In file included from /home/satory-ra/Android/kernel/android_kernel_oukitel_orange/drivers/misc/mediatek/mach/mt6735/include/mach/upmu_common.h:7:0,
                 from drivers/misc/mediatek/spm/mt6735/mt_spm_sleep.c:25:
/home/satory-ra/Android/kernel/android_kernel_oukitel_orange/drivers/misc/mediatek/mach/mt6735/include/mach/upmu_hw.h:156:0: note: this is the location of the previous definition
 #define MT6328_DEW_CIPHER_EN         ((MT6328_PMIC_REG_BASE+0x02E6))
 ^
In file included from drivers/misc/mediatek/spm/mt6735/mt_spm_sleep.c:40:0:
drivers/misc/mediatek/spm/mt6735/../../pmic_wrap/mt6735/pwrap_hal.h:573:0: warning: "MT6328_DEW_CIPHER_RDY" redefined
 #define MT6328_DEW_CIPHER_RDY        ((UINT32)(MT6328_PMIC_REG_BASE+0x02E8))
 ^
In file included from /home/satory-ra/Android/kernel/android_kernel_oukitel_orange/drivers/misc/mediatek/mach/mt6735/include/mach/upmu_common.h:7:0,
                 from drivers/misc/mediatek/spm/mt6735/mt_spm_sleep.c:25:
/home/satory-ra/Android/kernel/android_kernel_oukitel_orange/drivers/misc/mediatek/mach/mt6735/include/mach/upmu_hw.h:157:0: note: this is the location of the previous definition
 #define MT6328_DEW_CIPHER_RDY        ((MT6328_PMIC_REG_BASE+0x02E8))
 ^
In file included from drivers/misc/mediatek/spm/mt6735/mt_spm_sleep.c:40:0:
drivers/misc/mediatek/spm/mt6735/../../pmic_wrap/mt6735/pwrap_hal.h:574:0: warning: "MT6328_DEW_CIPHER_MODE" redefined
 #define MT6328_DEW_CIPHER_MODE       ((UINT32)(MT6328_PMIC_REG_BASE+0x02EA))
 ^
In file included from /home/satory-ra/Android/kernel/android_kernel_oukitel_orange/drivers/misc/mediatek/mach/mt6735/include/mach/upmu_common.h:7:0,
                 from drivers/misc/mediatek/spm/mt6735/mt_spm_sleep.c:25:
/home/satory-ra/Android/kernel/android_kernel_oukitel_orange/drivers/misc/mediatek/mach/mt6735/include/mach/upmu_hw.h:158:0: note: this is the location of the previous definition
 #define MT6328_DEW_CIPHER_MODE       ((MT6328_PMIC_REG_BASE+0x02EA))
 ^
In file included from drivers/misc/mediatek/spm/mt6735/mt_spm_sleep.c:40:0:
drivers/misc/mediatek/spm/mt6735/../../pmic_wrap/mt6735/pwrap_hal.h:575:0: warning: "MT6328_DEW_CIPHER_SWRST" redefined
 #define MT6328_DEW_CIPHER_SWRST      ((UINT32)(MT6328_PMIC_REG_BASE+0x02EC))
 ^
In file included from /home/satory-ra/Android/kernel/android_kernel_oukitel_orange/drivers/misc/mediatek/mach/mt6735/include/mach/upmu_common.h:7:0,
                 from drivers/misc/mediatek/spm/mt6735/mt_spm_sleep.c:25:
/home/satory-ra/Android/kernel/android_kernel_oukitel_orange/drivers/misc/mediatek/mach/mt6735/include/mach/upmu_hw.h:159:0: note: this is the location of the previous definition
 #define MT6328_DEW_CIPHER_SWRST      ((MT6328_PMIC_REG_BASE+0x02EC))
 ^
In file included from drivers/misc/mediatek/spm/mt6735/mt_spm_sleep.c:40:0:
drivers/misc/mediatek/spm/mt6735/../../pmic_wrap/mt6735/pwrap_hal.h:576:0: warning: "MT6328_DEW_RDDMY_NO" redefined
 #define MT6328_DEW_RDDMY_NO          ((UINT32)(MT6328_PMIC_REG_BASE+0x02EE))
 ^
In file included from /home/satory-ra/Android/kernel/android_kernel_oukitel_orange/drivers/misc/mediatek/mach/mt6735/include/mach/upmu_common.h:7:0,
                 from drivers/misc/mediatek/spm/mt6735/mt_spm_sleep.c:25:
/home/satory-ra/Android/kernel/android_kernel_oukitel_orange/drivers/misc/mediatek/mach/mt6735/include/mach/upmu_hw.h:160:0: note: this is the location of the previous definition
 #define MT6328_DEW_RDDMY_NO          ((MT6328_PMIC_REG_BASE+0x02EE))
 ^
In file included from drivers/misc/mediatek/spm/mt6735/mt_spm_sleep.c:40:0:
drivers/misc/mediatek/spm/mt6735/../../pmic_wrap/mt6735/pwrap_hal.h:577:0: warning: "MT6328_INT_TYPE_CON0" redefined
 #define MT6328_INT_TYPE_CON0         ((UINT32)(MT6328_PMIC_REG_BASE+0x02F0))
 ^
In file included from /home/satory-ra/Android/kernel/android_kernel_oukitel_orange/drivers/misc/mediatek/mach/mt6735/include/mach/upmu_common.h:7:0,
                 from drivers/misc/mediatek/spm/mt6735/mt_spm_sleep.c:25:
/home/satory-ra/Android/kernel/android_kernel_oukitel_orange/drivers/misc/mediatek/mach/mt6735/include/mach/upmu_hw.h:161:0: note: this is the location of the previous definition
 #define MT6328_INT_TYPE_CON0         ((MT6328_PMIC_REG_BASE+0x02F0))
 ^
In file included from drivers/misc/mediatek/spm/mt6735/mt_spm_sleep.c:40:0:
drivers/misc/mediatek/spm/mt6735/../../pmic_wrap/mt6735/pwrap_hal.h:578:0: warning: "MT6328_INT_TYPE_CON0_SET" redefined
 #define MT6328_INT_TYPE_CON0_SET     ((UINT32)(MT6328_PMIC_REG_BASE+0x02F2))
 ^
In file included from /home/satory-ra/Android/kernel/android_kernel_oukitel_orange/drivers/misc/mediatek/mach/mt6735/include/mach/upmu_common.h:7:0,
                 from drivers/misc/mediatek/spm/mt6735/mt_spm_sleep.c:25:
/home/satory-ra/Android/kernel/android_kernel_oukitel_orange/drivers/misc/mediatek/mach/mt6735/include/mach/upmu_hw.h:162:0: note: this is the location of the previous definition
 #define MT6328_INT_TYPE_CON0_SET     ((MT6328_PMIC_REG_BASE+0x02F2))
 ^
In file included from drivers/misc/mediatek/spm/mt6735/mt_spm_sleep.c:40:0:
drivers/misc/mediatek/spm/mt6735/../../pmic_wrap/mt6735/pwrap_hal.h:579:0: warning: "MT6328_INT_TYPE_CON0_CLR" redefined
 #define MT6328_INT_TYPE_CON0_CLR     ((UINT32)(MT6328_PMIC_REG_BASE+0x02F4))
 ^
In file included from /home/satory-ra/Android/kernel/android_kernel_oukitel_orange/drivers/misc/mediatek/mach/mt6735/include/mach/upmu_common.h:7:0,
                 from drivers/misc/mediatek/spm/mt6735/mt_spm_sleep.c:25:
/home/satory-ra/Android/kernel/android_kernel_oukitel_orange/drivers/misc/mediatek/mach/mt6735/include/mach/upmu_hw.h:163:0: note: this is the location of the previous definition
 #define MT6328_INT_TYPE_CON0_CLR     ((MT6328_PMIC_REG_BASE+0x02F4))
 ^
In file included from drivers/misc/mediatek/spm/mt6735/mt_spm_sleep.c:40:0:
drivers/misc/mediatek/spm/mt6735/../../pmic_wrap/mt6735/pwrap_hal.h:580:0: warning: "MT6328_INT_TYPE_CON1" redefined
 #define MT6328_INT_TYPE_CON1         ((UINT32)(MT6328_PMIC_REG_BASE+0x02F6))
 ^
In file included from /home/satory-ra/Android/kernel/android_kernel_oukitel_orange/drivers/misc/mediatek/mach/mt6735/include/mach/upmu_common.h:7:0,
                 from drivers/misc/mediatek/spm/mt6735/mt_spm_sleep.c:25:
/home/satory-ra/Android/kernel/android_kernel_oukitel_orange/drivers/misc/mediatek/mach/mt6735/include/mach/upmu_hw.h:164:0: note: this is the location of the previous definition
 #define MT6328_INT_TYPE_CON1         ((MT6328_PMIC_REG_BASE+0x02F6))
 ^
In file included from drivers/misc/mediatek/spm/mt6735/mt_spm_sleep.c:40:0:
drivers/misc/mediatek/spm/mt6735/../../pmic_wrap/mt6735/pwrap_hal.h:581:0: warning: "MT6328_INT_TYPE_CON1_SET" redefined
 #define MT6328_INT_TYPE_CON1_SET     ((UINT32)(MT6328_PMIC_REG_BASE+0x02F8))
 ^
In file included from /home/satory-ra/Android/kernel/android_kernel_oukitel_orange/drivers/misc/mediatek/mach/mt6735/include/mach/upmu_common.h:7:0,
                 from drivers/misc/mediatek/spm/mt6735/mt_spm_sleep.c:25:
/home/satory-ra/Android/kernel/android_kernel_oukitel_orange/drivers/misc/mediatek/mach/mt6735/include/mach/upmu_hw.h:165:0: note: this is the location of the previous definition
 #define MT6328_INT_TYPE_CON1_SET     ((MT6328_PMIC_REG_BASE+0x02F8))
 ^
In file included from drivers/misc/mediatek/spm/mt6735/mt_spm_sleep.c:40:0:
drivers/misc/mediatek/spm/mt6735/../../pmic_wrap/mt6735/pwrap_hal.h:582:0: warning: "MT6328_INT_TYPE_CON1_CLR" redefined
 #define MT6328_INT_TYPE_CON1_CLR     ((UINT32)(MT6328_PMIC_REG_BASE+0x02FA))
 ^
In file included from /home/satory-ra/Android/kernel/android_kernel_oukitel_orange/drivers/misc/mediatek/mach/mt6735/include/mach/upmu_common.h:7:0,
                 from drivers/misc/mediatek/spm/mt6735/mt_spm_sleep.c:25:
/home/satory-ra/Android/kernel/android_kernel_oukitel_orange/drivers/misc/mediatek/mach/mt6735/include/mach/upmu_hw.h:166:0: note: this is the location of the previous definition
 #define MT6328_INT_TYPE_CON1_CLR     ((MT6328_PMIC_REG_BASE+0x02FA))
 ^
In file included from drivers/misc/mediatek/spm/mt6735/mt_spm_sleep.c:40:0:
drivers/misc/mediatek/spm/mt6735/../../pmic_wrap/mt6735/pwrap_hal.h:583:0: warning: "MT6328_INT_TYPE_CON2" redefined
 #define MT6328_INT_TYPE_CON2         ((UINT32)(MT6328_PMIC_REG_BASE+0x02FC))
 ^
In file included from /home/satory-ra/Android/kernel/android_kernel_oukitel_orange/drivers/misc/mediatek/mach/mt6735/include/mach/upmu_common.h:7:0,
                 from drivers/misc/mediatek/spm/mt6735/mt_spm_sleep.c:25:
/home/satory-ra/Android/kernel/android_kernel_oukitel_orange/drivers/misc/mediatek/mach/mt6735/include/mach/upmu_hw.h:167:0: note: this is the location of the previous definition
 #define MT6328_INT_TYPE_CON2         ((MT6328_PMIC_REG_BASE+0x02FC))
 ^
In file included from drivers/misc/mediatek/spm/mt6735/mt_spm_sleep.c:40:0:
drivers/misc/mediatek/spm/mt6735/../../pmic_wrap/mt6735/pwrap_hal.h:584:0: warning: "MT6328_INT_TYPE_CON2_SET" redefined
 #define MT6328_INT_TYPE_CON2_SET     ((UINT32)(MT6328_PMIC_REG_BASE+0x02FE))
 ^
In file included from /home/satory-ra/Android/kernel/android_kernel_oukitel_orange/drivers/misc/mediatek/mach/mt6735/include/mach/upmu_common.h:7:0,
                 from drivers/misc/mediatek/spm/mt6735/mt_spm_sleep.c:25:
/home/satory-ra/Android/kernel/android_kernel_oukitel_orange/drivers/misc/mediatek/mach/mt6735/include/mach/upmu_hw.h:168:0: note: this is the location of the previous definition
 #define MT6328_INT_TYPE_CON2_SET     ((MT6328_PMIC_REG_BASE+0x02FE))
 ^
In file included from drivers/misc/mediatek/spm/mt6735/mt_spm_sleep.c:40:0:
drivers/misc/mediatek/spm/mt6735/../../pmic_wrap/mt6735/pwrap_hal.h:585:0: warning: "MT6328_INT_TYPE_CON2_CLR" redefined
 #define MT6328_INT_TYPE_CON2_CLR     ((UINT32)(MT6328_PMIC_REG_BASE+0x0300))
 ^
In file included from /home/satory-ra/Android/kernel/android_kernel_oukitel_orange/drivers/misc/mediatek/mach/mt6735/include/mach/upmu_common.h:7:0,
                 from drivers/misc/mediatek/spm/mt6735/mt_spm_sleep.c:25:
/home/satory-ra/Android/kernel/android_kernel_oukitel_orange/drivers/misc/mediatek/mach/mt6735/include/mach/upmu_hw.h:169:0: note: this is the location of the previous definition
 #define MT6328_INT_TYPE_CON2_CLR     ((MT6328_PMIC_REG_BASE+0x0300))
 ^
In file included from drivers/misc/mediatek/spm/mt6735/mt_spm_sleep.c:40:0:
drivers/misc/mediatek/spm/mt6735/../../pmic_wrap/mt6735/pwrap_hal.h:586:0: warning: "MT6328_INT_STA" redefined
 #define MT6328_INT_STA               ((UINT32)(MT6328_PMIC_REG_BASE+0x0302))
 ^
In file included from /home/satory-ra/Android/kernel/android_kernel_oukitel_orange/drivers/misc/mediatek/mach/mt6735/include/mach/upmu_common.h:7:0,
                 from drivers/misc/mediatek/spm/mt6735/mt_spm_sleep.c:25:
/home/satory-ra/Android/kernel/android_kernel_oukitel_orange/drivers/misc/mediatek/mach/mt6735/include/mach/upmu_hw.h:170:0: note: this is the location of the previous definition
 #define MT6328_INT_STA               ((MT6328_PMIC_REG_BASE+0x0302))
 ^
In file included from drivers/misc/mediatek/spm/mt6735/mt_spm_sleep.c:40:0:
drivers/misc/mediatek/spm/mt6735/../../pmic_wrap/mt6735/pwrap_hal.h:587:0: warning: "MT6328_BUCK_ALL_CON0" redefined
 #define MT6328_BUCK_ALL_CON0         ((UINT32)(MT6328_PMIC_REG_BASE+0x0400))
 ^
In file included from /home/satory-ra/Android/kernel/android_kernel_oukitel_orange/drivers/misc/mediatek/mach/mt6735/include/mach/upmu_common.h:7:0,
                 from drivers/misc/mediatek/spm/mt6735/mt_spm_sleep.c:25:
/home/satory-ra/Android/kernel/android_kernel_oukitel_orange/drivers/misc/mediatek/mach/mt6735/include/mach/upmu_hw.h:171:0: note: this is the location of the previous definition
 #define MT6328_BUCK_ALL_CON0         ((MT6328_PMIC_REG_BASE+0x0400))
 ^
In file included from drivers/misc/mediatek/spm/mt6735/mt_spm_sleep.c:40:0:
drivers/misc/mediatek/spm/mt6735/../../pmic_wrap/mt6735/pwrap_hal.h:588:0: warning: "MT6328_BUCK_ALL_CON1" redefined
 #define MT6328_BUCK_ALL_CON1         ((UINT32)(MT6328_PMIC_REG_BASE+0x0402))
 ^
In file included from /home/satory-ra/Android/kernel/android_kernel_oukitel_orange/drivers/misc/mediatek/mach/mt6735/include/mach/upmu_common.h:7:0,
                 from drivers/misc/mediatek/spm/mt6735/mt_spm_sleep.c:25:
/home/satory-ra/Android/kernel/android_kernel_oukitel_orange/drivers/misc/mediatek/mach/mt6735/include/mach/upmu_hw.h:172:0: note: this is the location of the previous definition
 #define MT6328_BUCK_ALL_CON1         ((MT6328_PMIC_REG_BASE+0x0402))
 ^
In file included from drivers/misc/mediatek/spm/mt6735/mt_spm_sleep.c:40:0:
drivers/misc/mediatek/spm/mt6735/../../pmic_wrap/mt6735/pwrap_hal.h:589:0: warning: "MT6328_BUCK_ALL_CON2" redefined
 #define MT6328_BUCK_ALL_CON2         ((UINT32)(MT6328_PMIC_REG_BASE+0x0404))
 ^
In file included from /home/satory-ra/Android/kernel/android_kernel_oukitel_orange/drivers/misc/mediatek/mach/mt6735/include/mach/upmu_common.h:7:0,
                 from drivers/misc/mediatek/spm/mt6735/mt_spm_sleep.c:25:
/home/satory-ra/Android/kernel/android_kernel_oukitel_orange/drivers/misc/mediatek/mach/mt6735/include/mach/upmu_hw.h:173:0: note: this is the location of the previous definition
 #define MT6328_BUCK_ALL_CON2         ((MT6328_PMIC_REG_BASE+0x0404))
 ^
In file included from drivers/misc/mediatek/spm/mt6735/mt_spm_sleep.c:40:0:
drivers/misc/mediatek/spm/mt6735/../../pmic_wrap/mt6735/pwrap_hal.h:590:0: warning: "MT6328_BUCK_ALL_CON3" redefined
 #define MT6328_BUCK_ALL_CON3         ((UINT32)(MT6328_PMIC_REG_BASE+0x0406))
 ^
In file included from /home/satory-ra/Android/kernel/android_kernel_oukitel_orange/drivers/misc/mediatek/mach/mt6735/include/mach/upmu_common.h:7:0,
                 from drivers/misc/mediatek/spm/mt6735/mt_spm_sleep.c:25:
/home/satory-ra/Android/kernel/android_kernel_oukitel_orange/drivers/misc/mediatek/mach/mt6735/include/mach/upmu_hw.h:174:0: note: this is the location of the previous definition
 #define MT6328_BUCK_ALL_CON3         ((MT6328_PMIC_REG_BASE+0x0406))
 ^
In file included from drivers/misc/mediatek/spm/mt6735/mt_spm_sleep.c:40:0:
drivers/misc/mediatek/spm/mt6735/../../pmic_wrap/mt6735/pwrap_hal.h:591:0: warning: "MT6328_BUCK_ALL_CON4" redefined
 #define MT6328_BUCK_ALL_CON4         ((UINT32)(MT6328_PMIC_REG_BASE+0x0408))
 ^
In file included from /home/satory-ra/Android/kernel/android_kernel_oukitel_orange/drivers/misc/mediatek/mach/mt6735/include/mach/upmu_common.h:7:0,
                 from drivers/misc/mediatek/spm/mt6735/mt_spm_sleep.c:25:
/home/satory-ra/Android/kernel/android_kernel_oukitel_orange/drivers/misc/mediatek/mach/mt6735/include/mach/upmu_hw.h:175:0: note: this is the location of the previous definition
 #define MT6328_BUCK_ALL_CON4         ((MT6328_PMIC_REG_BASE+0x0408))
 ^
In file included from drivers/misc/mediatek/spm/mt6735/mt_spm_sleep.c:40:0:
drivers/misc/mediatek/spm/mt6735/../../pmic_wrap/mt6735/pwrap_hal.h:592:0: warning: "MT6328_BUCK_ALL_CON5" redefined
 #define MT6328_BUCK_ALL_CON5         ((UINT32)(MT6328_PMIC_REG_BASE+0x040A))
 ^
In file included from /home/satory-ra/Android/kernel/android_kernel_oukitel_orange/drivers/misc/mediatek/mach/mt6735/include/mach/upmu_common.h:7:0,
                 from drivers/misc/mediatek/spm/mt6735/mt_spm_sleep.c:25:
/home/satory-ra/Android/kernel/android_kernel_oukitel_orange/drivers/misc/mediatek/mach/mt6735/include/mach/upmu_hw.h:176:0: note: this is the location of the previous definition
 #define MT6328_BUCK_ALL_CON5         ((MT6328_PMIC_REG_BASE+0x040A))
 ^
In file included from drivers/misc/mediatek/spm/mt6735/mt_spm_sleep.c:40:0:
drivers/misc/mediatek/spm/mt6735/../../pmic_wrap/mt6735/pwrap_hal.h:593:0: warning: "MT6328_BUCK_ALL_CON6" redefined
 #define MT6328_BUCK_ALL_CON6         ((UINT32)(MT6328_PMIC_REG_BASE+0x040C))
 ^
In file included from /home/satory-ra/Android/kernel/android_kernel_oukitel_orange/drivers/misc/mediatek/mach/mt6735/include/mach/upmu_common.h:7:0,
                 from drivers/misc/mediatek/spm/mt6735/mt_spm_sleep.c:25:
/home/satory-ra/Android/kernel/android_kernel_oukitel_orange/drivers/misc/mediatek/mach/mt6735/include/mach/upmu_hw.h:177:0: note: this is the location of the previous definition
 #define MT6328_BUCK_ALL_CON6         ((MT6328_PMIC_REG_BASE+0x040C))
 ^
In file included from drivers/misc/mediatek/spm/mt6735/mt_spm_sleep.c:40:0:
drivers/misc/mediatek/spm/mt6735/../../pmic_wrap/mt6735/pwrap_hal.h:594:0: warning: "MT6328_BUCK_ALL_CON9" redefined
 #define MT6328_BUCK_ALL_CON9         ((UINT32)(MT6328_PMIC_REG_BASE+0x040E))
 ^
In file included from /home/satory-ra/Android/kernel/android_kernel_oukitel_orange/drivers/misc/mediatek/mach/mt6735/include/mach/upmu_common.h:7:0,
                 from drivers/misc/mediatek/spm/mt6735/mt_spm_sleep.c:25:
/home/satory-ra/Android/kernel/android_kernel_oukitel_orange/drivers/misc/mediatek/mach/mt6735/include/mach/upmu_hw.h:178:0: note: this is the location of the previous definition
 #define MT6328_BUCK_ALL_CON9         ((MT6328_PMIC_REG_BASE+0x040E))
 ^
In file included from drivers/misc/mediatek/spm/mt6735/mt_spm_sleep.c:40:0:
drivers/misc/mediatek/spm/mt6735/../../pmic_wrap/mt6735/pwrap_hal.h:595:0: warning: "MT6328_BUCK_ALL_CON12" redefined
 #define MT6328_BUCK_ALL_CON12        ((UINT32)(MT6328_PMIC_REG_BASE+0x0410))
 ^
In file included from /home/satory-ra/Android/kernel/android_kernel_oukitel_orange/drivers/misc/mediatek/mach/mt6735/include/mach/upmu_common.h:7:0,
                 from drivers/misc/mediatek/spm/mt6735/mt_spm_sleep.c:25:
/home/satory-ra/Android/kernel/android_kernel_oukitel_orange/drivers/misc/mediatek/mach/mt6735/include/mach/upmu_hw.h:179:0: note: this is the location of the previous definition
 #define MT6328_BUCK_ALL_CON12        ((MT6328_PMIC_REG_BASE+0x0410))
 ^
In file included from drivers/misc/mediatek/spm/mt6735/mt_spm_sleep.c:40:0:
drivers/misc/mediatek/spm/mt6735/../../pmic_wrap/mt6735/pwrap_hal.h:596:0: warning: "MT6328_BUCK_ALL_CON13" redefined
 #define MT6328_BUCK_ALL_CON13        ((UINT32)(MT6328_PMIC_REG_BASE+0x0412))
 ^
In file included from /home/satory-ra/Android/kernel/android_kernel_oukitel_orange/drivers/misc/mediatek/mach/mt6735/include/mach/upmu_common.h:7:0,
                 from drivers/misc/mediatek/spm/mt6735/mt_spm_sleep.c:25:
/home/satory-ra/Android/kernel/android_kernel_oukitel_orange/drivers/misc/mediatek/mach/mt6735/include/mach/upmu_hw.h:180:0: note: this is the location of the previous definition
 #define MT6328_BUCK_ALL_CON13        ((MT6328_PMIC_REG_BASE+0x0412))
 ^
In file included from drivers/misc/mediatek/spm/mt6735/mt_spm_sleep.c:40:0:
drivers/misc/mediatek/spm/mt6735/../../pmic_wrap/mt6735/pwrap_hal.h:597:0: warning: "MT6328_BUCK_ALL_CON14" redefined
 #define MT6328_BUCK_ALL_CON14        ((UINT32)(MT6328_PMIC_REG_BASE+0x0414))
 ^
In file included from /home/satory-ra/Android/kernel/android_kernel_oukitel_orange/drivers/misc/mediatek/mach/mt6735/include/mach/upmu_common.h:7:0,
                 from drivers/misc/mediatek/spm/mt6735/mt_spm_sleep.c:25:
/home/satory-ra/Android/kernel/android_kernel_oukitel_orange/drivers/misc/mediatek/mach/mt6735/include/mach/upmu_hw.h:181:0: note: this is the location of the previous definition
 #define MT6328_BUCK_ALL_CON14        ((MT6328_PMIC_REG_BASE+0x0414))
 ^
In file included from drivers/misc/mediatek/spm/mt6735/mt_spm_sleep.c:40:0:
drivers/misc/mediatek/spm/mt6735/../../pmic_wrap/mt6735/pwrap_hal.h:598:0: warning: "MT6328_BUCK_ALL_CON16" redefined
 #define MT6328_BUCK_ALL_CON16        ((UINT32)(MT6328_PMIC_REG_BASE+0x0416))
 ^
In file included from /home/satory-ra/Android/kernel/android_kernel_oukitel_orange/drivers/misc/mediatek/mach/mt6735/include/mach/upmu_common.h:7:0,
                 from drivers/misc/mediatek/spm/mt6735/mt_spm_sleep.c:25:
/home/satory-ra/Android/kernel/android_kernel_oukitel_orange/drivers/misc/mediatek/mach/mt6735/include/mach/upmu_hw.h:182:0: note: this is the location of the previous definition
 #define MT6328_BUCK_ALL_CON16        ((MT6328_PMIC_REG_BASE+0x0416))
 ^
In file included from drivers/misc/mediatek/spm/mt6735/mt_spm_sleep.c:40:0:
drivers/misc/mediatek/spm/mt6735/../../pmic_wrap/mt6735/pwrap_hal.h:599:0: warning: "MT6328_BUCK_ALL_CON18" redefined
 #define MT6328_BUCK_ALL_CON18        ((UINT32)(MT6328_PMIC_REG_BASE+0x0418))
 ^
In file included from /home/satory-ra/Android/kernel/android_kernel_oukitel_orange/drivers/misc/mediatek/mach/mt6735/include/mach/upmu_common.h:7:0,
                 from drivers/misc/mediatek/spm/mt6735/mt_spm_sleep.c:25:
/home/satory-ra/Android/kernel/android_kernel_oukitel_orange/drivers/misc/mediatek/mach/mt6735/include/mach/upmu_hw.h:183:0: note: this is the location of the previous definition
 #define MT6328_BUCK_ALL_CON18        ((MT6328_PMIC_REG_BASE+0x0418))
 ^
In file included from drivers/misc/mediatek/spm/mt6735/mt_spm_sleep.c:40:0:
drivers/misc/mediatek/spm/mt6735/../../pmic_wrap/mt6735/pwrap_hal.h:600:0: warning: "MT6328_BUCK_ALL_CON19" redefined
 #define MT6328_BUCK_ALL_CON19        ((UINT32)(MT6328_PMIC_REG_BASE+0x041A))
 ^
In file included from /home/satory-ra/Android/kernel/android_kernel_oukitel_orange/drivers/misc/mediatek/mach/mt6735/include/mach/upmu_common.h:7:0,
                 from drivers/misc/mediatek/spm/mt6735/mt_spm_sleep.c:25:
/home/satory-ra/Android/kernel/android_kernel_oukitel_orange/drivers/misc/mediatek/mach/mt6735/include/mach/upmu_hw.h:184:0: note: this is the location of the previous definition
 #define MT6328_BUCK_ALL_CON19        ((MT6328_PMIC_REG_BASE+0x041A))
 ^
In file included from drivers/misc/mediatek/spm/mt6735/mt_spm_sleep.c:40:0:
drivers/misc/mediatek/spm/mt6735/../../pmic_wrap/mt6735/pwrap_hal.h:601:0: warning: "MT6328_BUCK_ALL_CON20" redefined
 #define MT6328_BUCK_ALL_CON20        ((UINT32)(MT6328_PMIC_REG_BASE+0x041C))
 ^
In file included from /home/satory-ra/Android/kernel/android_kernel_oukitel_orange/drivers/misc/mediatek/mach/mt6735/include/mach/upmu_common.h:7:0,
                 from drivers/misc/mediatek/spm/mt6735/mt_spm_sleep.c:25:
/home/satory-ra/Android/kernel/android_kernel_oukitel_orange/drivers/misc/mediatek/mach/mt6735/include/mach/upmu_hw.h:185:0: note: this is the location of the previous definition
 #define MT6328_BUCK_ALL_CON20        ((MT6328_PMIC_REG_BASE+0x041C))
 ^
In file included from drivers/misc/mediatek/spm/mt6735/mt_spm_sleep.c:40:0:
drivers/misc/mediatek/spm/mt6735/../../pmic_wrap/mt6735/pwrap_hal.h:602:0: warning: "MT6328_BUCK_ALL_CON21" redefined
 #define MT6328_BUCK_ALL_CON21        ((UINT32)(MT6328_PMIC_REG_BASE+0x041E))
 ^
In file included from /home/satory-ra/Android/kernel/android_kernel_oukitel_orange/drivers/misc/mediatek/mach/mt6735/include/mach/upmu_common.h:7:0,
                 from drivers/misc/mediatek/spm/mt6735/mt_spm_sleep.c:25:
/home/satory-ra/Android/kernel/android_kernel_oukitel_orange/drivers/misc/mediatek/mach/mt6735/include/mach/upmu_hw.h:186:0: note: this is the location of the previous definition
 #define MT6328_BUCK_ALL_CON21        ((MT6328_PMIC_REG_BASE+0x041E))
 ^
In file included from drivers/misc/mediatek/spm/mt6735/mt_spm_sleep.c:40:0:
drivers/misc/mediatek/spm/mt6735/../../pmic_wrap/mt6735/pwrap_hal.h:603:0: warning: "MT6328_BUCK_ALL_CON22" redefined
 #define MT6328_BUCK_ALL_CON22        ((UINT32)(MT6328_PMIC_REG_BASE+0x0420))
 ^
In file included from /home/satory-ra/Android/kernel/android_kernel_oukitel_orange/drivers/misc/mediatek/mach/mt6735/include/mach/upmu_common.h:7:0,
                 from drivers/misc/mediatek/spm/mt6735/mt_spm_sleep.c:25:
/home/satory-ra/Android/kernel/android_kernel_oukitel_orange/drivers/misc/mediatek/mach/mt6735/include/mach/upmu_hw.h:187:0: note: this is the location of the previous definition
 #define MT6328_BUCK_ALL_CON22        ((MT6328_PMIC_REG_BASE+0x0420))
 ^
In file included from drivers/misc/mediatek/spm/mt6735/mt_spm_sleep.c:40:0:
drivers/misc/mediatek/spm/mt6735/../../pmic_wrap/mt6735/pwrap_hal.h:604:0: warning: "MT6328_BUCK_ALL_CON23" redefined
 #define MT6328_BUCK_ALL_CON23        ((UINT32)(MT6328_PMIC_REG_BASE+0x0422))
 ^
In file included from /home/satory-ra/Android/kernel/android_kernel_oukitel_orange/drivers/misc/mediatek/mach/mt6735/include/mach/upmu_common.h:7:0,
                 from drivers/misc/mediatek/spm/mt6735/mt_spm_sleep.c:25:
/home/satory-ra/Android/kernel/android_kernel_oukitel_orange/drivers/misc/mediatek/mach/mt6735/include/mach/upmu_hw.h:188:0: note: this is the location of the previous definition
 #define MT6328_BUCK_ALL_CON23        ((MT6328_PMIC_REG_BASE+0x0422))
 ^
In file included from drivers/misc/mediatek/spm/mt6735/mt_spm_sleep.c:40:0:
drivers/misc/mediatek/spm/mt6735/../../pmic_wrap/mt6735/pwrap_hal.h:605:0: warning: "MT6328_BUCK_ALL_CON24" redefined
 #define MT6328_BUCK_ALL_CON24        ((UINT32)(MT6328_PMIC_REG_BASE+0x0424))
 ^
In file included from /home/satory-ra/Android/kernel/android_kernel_oukitel_orange/drivers/misc/mediatek/mach/mt6735/include/mach/upmu_common.h:7:0,
                 from drivers/misc/mediatek/spm/mt6735/mt_spm_sleep.c:25:
/home/satory-ra/Android/kernel/android_kernel_oukitel_orange/drivers/misc/mediatek/mach/mt6735/include/mach/upmu_hw.h:189:0: note: this is the location of the previous definition
 #define MT6328_BUCK_ALL_CON24        ((MT6328_PMIC_REG_BASE+0x0424))
 ^
In file included from drivers/misc/mediatek/spm/mt6735/mt_spm_sleep.c:40:0:
drivers/misc/mediatek/spm/mt6735/../../pmic_wrap/mt6735/pwrap_hal.h:606:0: warning: "MT6328_BUCK_ALL_CON25" redefined
 #define MT6328_BUCK_ALL_CON25        ((UINT32)(MT6328_PMIC_REG_BASE+0x0426))
 ^
In file included from /home/satory-ra/Android/kernel/android_kernel_oukitel_orange/drivers/misc/mediatek/mach/mt6735/include/mach/upmu_common.h:7:0,
                 from drivers/misc/mediatek/spm/mt6735/mt_spm_sleep.c:25:
/home/satory-ra/Android/kernel/android_kernel_oukitel_orange/drivers/misc/mediatek/mach/mt6735/include/mach/upmu_hw.h:190:0: note: this is the location of the previous definition
 #define MT6328_BUCK_ALL_CON25        ((MT6328_PMIC_REG_BASE+0x0426))
 ^
In file included from drivers/misc/mediatek/spm/mt6735/mt_spm_sleep.c:40:0:
drivers/misc/mediatek/spm/mt6735/../../pmic_wrap/mt6735/pwrap_hal.h:607:0: warning: "MT6328_BUCK_ALL_CON26" redefined
 #define MT6328_BUCK_ALL_CON26        ((UINT32)(MT6328_PMIC_REG_BASE+0x0428))
 ^
In file included from /home/satory-ra/Android/kernel/android_kernel_oukitel_orange/drivers/misc/mediatek/mach/mt6735/include/mach/upmu_common.h:7:0,
                 from drivers/misc/mediatek/spm/mt6735/mt_spm_sleep.c:25:
/home/satory-ra/Android/kernel/android_kernel_oukitel_orange/drivers/misc/mediatek/mach/mt6735/include/mach/upmu_hw.h:191:0: note: this is the location of the previous definition
 #define MT6328_BUCK_ALL_CON26        ((MT6328_PMIC_REG_BASE+0x0428))
 ^
In file included from drivers/misc/mediatek/spm/mt6735/mt_spm_sleep.c:40:0:
drivers/misc/mediatek/spm/mt6735/../../pmic_wrap/mt6735/pwrap_hal.h:608:0: warning: "MT6328_BUCK_ALL_CON27" redefined
 #define MT6328_BUCK_ALL_CON27        ((UINT32)(MT6328_PMIC_REG_BASE+0x042A))
 ^
In file included from /home/satory-ra/Android/kernel/android_kernel_oukitel_orange/drivers/misc/mediatek/mach/mt6735/include/mach/upmu_common.h:7:0,
                 from drivers/misc/mediatek/spm/mt6735/mt_spm_sleep.c:25:
/home/satory-ra/Android/kernel/android_kernel_oukitel_orange/drivers/misc/mediatek/mach/mt6735/include/mach/upmu_hw.h:192:0: note: this is the location of the previous definition
 #define MT6328_BUCK_ALL_CON27        ((MT6328_PMIC_REG_BASE+0x042A))
 ^
In file included from drivers/misc/mediatek/spm/mt6735/mt_spm_sleep.c:40:0:
drivers/misc/mediatek/spm/mt6735/../../pmic_wrap/mt6735/pwrap_hal.h:609:0: warning: "MT6328_BUCK_ALL_CON28" redefined
 #define MT6328_BUCK_ALL_CON28        ((UINT32)(MT6328_PMIC_REG_BASE+0x042C))
 ^
In file included from /home/satory-ra/Android/kernel/android_kernel_oukitel_orange/drivers/misc/mediatek/mach/mt6735/include/mach/upmu_common.h:7:0,
                 from drivers/misc/mediatek/spm/mt6735/mt_spm_sleep.c:25:
/home/satory-ra/Android/kernel/android_kernel_oukitel_orange/drivers/misc/mediatek/mach/mt6735/include/mach/upmu_hw.h:193:0: note: this is the location of the previous definition
 #define MT6328_BUCK_ALL_CON28        ((MT6328_PMIC_REG_BASE+0x042C))
 ^
In file included from drivers/misc/mediatek/spm/mt6735/mt_spm_sleep.c:40:0:
drivers/misc/mediatek/spm/mt6735/../../pmic_wrap/mt6735/pwrap_hal.h:610:0: warning: "MT6328_SMPS_TOP_ANA_CON0" redefined
 #define MT6328_SMPS_TOP_ANA_CON0     ((UINT32)(MT6328_PMIC_REG_BASE+0x042E))
 ^
In file included from /home/satory-ra/Android/kernel/android_kernel_oukitel_orange/drivers/misc/mediatek/mach/mt6735/include/mach/upmu_common.h:7:0,
                 from drivers/misc/mediatek/spm/mt6735/mt_spm_sleep.c:25:
/home/satory-ra/Android/kernel/android_kernel_oukitel_orange/drivers/misc/mediatek/mach/mt6735/include/mach/upmu_hw.h:194:0: note: this is the location of the previous definition
 #define MT6328_SMPS_TOP_ANA_CON0     ((MT6328_PMIC_REG_BASE+0x042E))
 ^
In file included from drivers/misc/mediatek/spm/mt6735/mt_spm_sleep.c:40:0:
drivers/misc/mediatek/spm/mt6735/../../pmic_wrap/mt6735/pwrap_hal.h:611:0: warning: "MT6328_SMPS_TOP_ANA_CON1" redefined
 #define MT6328_SMPS_TOP_ANA_CON1     ((UINT32)(MT6328_PMIC_REG_BASE+0x0430))
 ^
In file included from /home/satory-ra/Android/kernel/android_kernel_oukitel_orange/drivers/misc/mediatek/mach/mt6735/include/mach/upmu_common.h:7:0,
                 from drivers/misc/mediatek/spm/mt6735/mt_spm_sleep.c:25:
/home/satory-ra/Android/kernel/android_kernel_oukitel_orange/drivers/misc/mediatek/mach/mt6735/include/mach/upmu_hw.h:195:0: note: this is the location of the previous definition
 #define MT6328_SMPS_TOP_ANA_CON1     ((MT6328_PMIC_REG_BASE+0x0430))
 ^
In file included from drivers/misc/mediatek/spm/mt6735/mt_spm_sleep.c:40:0:
drivers/misc/mediatek/spm/mt6735/../../pmic_wrap/mt6735/pwrap_hal.h:612:0: warning: "MT6328_SMPS_TOP_ANA_CON2" redefined
 #define MT6328_SMPS_TOP_ANA_CON2     ((UINT32)(MT6328_PMIC_REG_BASE+0x0432))
 ^
In file included from /home/satory-ra/Android/kernel/android_kernel_oukitel_orange/drivers/misc/mediatek/mach/mt6735/include/mach/upmu_common.h:7:0,
                 from drivers/misc/mediatek/spm/mt6735/mt_spm_sleep.c:25:
/home/satory-ra/Android/kernel/android_kernel_oukitel_orange/drivers/misc/mediatek/mach/mt6735/include/mach/upmu_hw.h:196:0: note: this is the location of the previous definition
 #define MT6328_SMPS_TOP_ANA_CON2     ((MT6328_PMIC_REG_BASE+0x0432))
 ^
In file included from drivers/misc/mediatek/spm/mt6735/mt_spm_sleep.c:40:0:
drivers/misc/mediatek/spm/mt6735/../../pmic_wrap/mt6735/pwrap_hal.h:613:0: warning: "MT6328_SMPS_TOP_ANA_CON3" redefined
 #define MT6328_SMPS_TOP_ANA_CON3     ((UINT32)(MT6328_PMIC_REG_BASE+0x0434))
 ^
In file included from /home/satory-ra/Android/kernel/android_kernel_oukitel_orange/drivers/misc/mediatek/mach/mt6735/include/mach/upmu_common.h:7:0,
                 from drivers/misc/mediatek/spm/mt6735/mt_spm_sleep.c:25:
/home/satory-ra/Android/kernel/android_kernel_oukitel_orange/drivers/misc/mediatek/mach/mt6735/include/mach/upmu_hw.h:197:0: note: this is the location of the previous definition
 #define MT6328_SMPS_TOP_ANA_CON3     ((MT6328_PMIC_REG_BASE+0x0434))
 ^
In file included from drivers/misc/mediatek/spm/mt6735/mt_spm_sleep.c:40:0:
drivers/misc/mediatek/spm/mt6735/../../pmic_wrap/mt6735/pwrap_hal.h:614:0: warning: "MT6328_SMPS_TOP_ANA_CON4" redefined
 #define MT6328_SMPS_TOP_ANA_CON4     ((UINT32)(MT6328_PMIC_REG_BASE+0x0436))
 ^
In file included from /home/satory-ra/Android/kernel/android_kernel_oukitel_orange/drivers/misc/mediatek/mach/mt6735/include/mach/upmu_common.h:7:0,
                 from drivers/misc/mediatek/spm/mt6735/mt_spm_sleep.c:25:
/home/satory-ra/Android/kernel/android_kernel_oukitel_orange/drivers/misc/mediatek/mach/mt6735/include/mach/upmu_hw.h:198:0: note: this is the location of the previous definition
 #define MT6328_SMPS_TOP_ANA_CON4     ((MT6328_PMIC_REG_BASE+0x0436))
 ^
In file included from drivers/misc/mediatek/spm/mt6735/mt_spm_sleep.c:40:0:
drivers/misc/mediatek/spm/mt6735/../../pmic_wrap/mt6735/pwrap_hal.h:615:0: warning: "MT6328_SMPS_TOP_ANA_CON5" redefined
 #define MT6328_SMPS_TOP_ANA_CON5     ((UINT32)(MT6328_PMIC_REG_BASE+0x0438))
 ^
In file included from /home/satory-ra/Android/kernel/android_kernel_oukitel_orange/drivers/misc/mediatek/mach/mt6735/include/mach/upmu_common.h:7:0,
                 from drivers/misc/mediatek/spm/mt6735/mt_spm_sleep.c:25:
/home/satory-ra/Android/kernel/android_kernel_oukitel_orange/drivers/misc/mediatek/mach/mt6735/include/mach/upmu_hw.h:199:0: note: this is the location of the previous definition
 #define MT6328_SMPS_TOP_ANA_CON5     ((MT6328_PMIC_REG_BASE+0x0438))
 ^
In file included from drivers/misc/mediatek/spm/mt6735/mt_spm_sleep.c:40:0:
drivers/misc/mediatek/spm/mt6735/../../pmic_wrap/mt6735/pwrap_hal.h:616:0: warning: "MT6328_SMPS_TOP_ANA_CON6" redefined
 #define MT6328_SMPS_TOP_ANA_CON6     ((UINT32)(MT6328_PMIC_REG_BASE+0x043A))
 ^
In file included from /home/satory-ra/Android/kernel/android_kernel_oukitel_orange/drivers/misc/mediatek/mach/mt6735/include/mach/upmu_common.h:7:0,
                 from drivers/misc/mediatek/spm/mt6735/mt_spm_sleep.c:25:
/home/satory-ra/Android/kernel/android_kernel_oukitel_orange/drivers/misc/mediatek/mach/mt6735/include/mach/upmu_hw.h:200:0: note: this is the location of the previous definition
 #define MT6328_SMPS_TOP_ANA_CON6     ((MT6328_PMIC_REG_BASE+0x043A))
 ^
In file included from drivers/misc/mediatek/spm/mt6735/mt_spm_sleep.c:40:0:
drivers/misc/mediatek/spm/mt6735/../../pmic_wrap/mt6735/pwrap_hal.h:617:0: warning: "MT6328_SMPS_TOP_ANA_CON7" redefined
 #define MT6328_SMPS_TOP_ANA_CON7     ((UINT32)(MT6328_PMIC_REG_BASE+0x043C))
 ^
In file included from /home/satory-ra/Android/kernel/android_kernel_oukitel_orange/drivers/misc/mediatek/mach/mt6735/include/mach/upmu_common.h:7:0,
                 from drivers/misc/mediatek/spm/mt6735/mt_spm_sleep.c:25:
/home/satory-ra/Android/kernel/android_kernel_oukitel_orange/drivers/misc/mediatek/mach/mt6735/include/mach/upmu_hw.h:201:0: note: this is the location of the previous definition
 #define MT6328_SMPS_TOP_ANA_CON7     ((MT6328_PMIC_REG_BASE+0x043C))
 ^
In file included from drivers/misc/mediatek/spm/mt6735/mt_spm_sleep.c:40:0:
drivers/misc/mediatek/spm/mt6735/../../pmic_wrap/mt6735/pwrap_hal.h:618:0: warning: "MT6328_SMPS_TOP_ANA_CON8" redefined
 #define MT6328_SMPS_TOP_ANA_CON8     ((UINT32)(MT6328_PMIC_REG_BASE+0x043E))
 ^
In file included from /home/satory-ra/Android/kernel/android_kernel_oukitel_orange/drivers/misc/mediatek/mach/mt6735/include/mach/upmu_common.h:7:0,
                 from drivers/misc/mediatek/spm/mt6735/mt_spm_sleep.c:25:
/home/satory-ra/Android/kernel/android_kernel_oukitel_orange/drivers/misc/mediatek/mach/mt6735/include/mach/upmu_hw.h:202:0: note: this is the location of the previous definition
 #define MT6328_SMPS_TOP_ANA_CON8     ((MT6328_PMIC_REG_BASE+0x043E))
 ^
In file included from drivers/misc/mediatek/spm/mt6735/mt_spm_sleep.c:40:0:
drivers/misc/mediatek/spm/mt6735/../../pmic_wrap/mt6735/pwrap_hal.h:619:0: warning: "MT6328_VCORE_ANA_CON0" redefined
 #define MT6328_VCORE_ANA_CON0        ((UINT32)(MT6328_PMIC_REG_BASE+0x0440))
 ^
In file included from /home/satory-ra/Android/kernel/android_kernel_oukitel_orange/drivers/misc/mediatek/mach/mt6735/include/mach/upmu_common.h:7:0,
                 from drivers/misc/mediatek/spm/mt6735/mt_spm_sleep.c:25:
/home/satory-ra/Android/kernel/android_kernel_oukitel_orange/drivers/misc/mediatek/mach/mt6735/include/mach/upmu_hw.h:203:0: note: this is the location of the previous definition
 #define MT6328_VCORE_ANA_CON0        ((MT6328_PMIC_REG_BASE+0x0440))
 ^
In file included from drivers/misc/mediatek/spm/mt6735/mt_spm_sleep.c:40:0:
drivers/misc/mediatek/spm/mt6735/../../pmic_wrap/mt6735/pwrap_hal.h:620:0: warning: "MT6328_VCORE_ANA_CON1" redefined
 #define MT6328_VCORE_ANA_CON1        ((UINT32)(MT6328_PMIC_REG_BASE+0x0442))
 ^
In file included from /home/satory-ra/Android/kernel/android_kernel_oukitel_orange/drivers/misc/mediatek/mach/mt6735/include/mach/upmu_common.h:7:0,
                 from drivers/misc/mediatek/spm/mt6735/mt_spm_sleep.c:25:
/home/satory-ra/Android/kernel/android_kernel_oukitel_orange/drivers/misc/mediatek/mach/mt6735/include/mach/upmu_hw.h:204:0: note: this is the location of the previous definition
 #define MT6328_VCORE_ANA_CON1        ((MT6328_PMIC_REG_BASE+0x0442))
 ^
In file included from drivers/misc/mediatek/spm/mt6735/mt_spm_sleep.c:40:0:
drivers/misc/mediatek/spm/mt6735/../../pmic_wrap/mt6735/pwrap_hal.h:621:0: warning: "MT6328_VCORE_ANA_CON2" redefined
 #define MT6328_VCORE_ANA_CON2        ((UINT32)(MT6328_PMIC_REG_BASE+0x0444))
 ^
In file included from /home/satory-ra/Android/kernel/android_kernel_oukitel_orange/drivers/misc/mediatek/mach/mt6735/include/mach/upmu_common.h:7:0,
                 from drivers/misc/mediatek/spm/mt6735/mt_spm_sleep.c:25:
/home/satory-ra/Android/kernel/android_kernel_oukitel_orange/drivers/misc/mediatek/mach/mt6735/include/mach/upmu_hw.h:205:0: note: this is the location of the previous definition
 #define MT6328_VCORE_ANA_CON2        ((MT6328_PMIC_REG_BASE+0x0444))
 ^
In file included from drivers/misc/mediatek/spm/mt6735/mt_spm_sleep.c:40:0:
drivers/misc/mediatek/spm/mt6735/../../pmic_wrap/mt6735/pwrap_hal.h:622:0: warning: "MT6328_VCORE_ANA_CON3" redefined
 #define MT6328_VCORE_ANA_CON3        ((UINT32)(MT6328_PMIC_REG_BASE+0x0446))
 ^
In file included from /home/satory-ra/Android/kernel/android_kernel_oukitel_orange/drivers/misc/mediatek/mach/mt6735/include/mach/upmu_common.h:7:0,
                 from drivers/misc/mediatek/spm/mt6735/mt_spm_sleep.c:25:
/home/satory-ra/Android/kernel/android_kernel_oukitel_orange/drivers/misc/mediatek/mach/mt6735/include/mach/upmu_hw.h:206:0: note: this is the location of the previous definition
 #define MT6328_VCORE_ANA_CON3        ((MT6328_PMIC_REG_BASE+0x0446))
 ^
In file included from drivers/misc/mediatek/spm/mt6735/mt_spm_sleep.c:40:0:
drivers/misc/mediatek/spm/mt6735/../../pmic_wrap/mt6735/pwrap_hal.h:623:0: warning: "MT6328_VCORE_ANA_CON4" redefined
 #define MT6328_VCORE_ANA_CON4        ((UINT32)(MT6328_PMIC_REG_BASE+0x0448))
 ^
In file included from /home/satory-ra/Android/kernel/android_kernel_oukitel_orange/drivers/misc/mediatek/mach/mt6735/include/mach/upmu_common.h:7:0,
                 from drivers/misc/mediatek/spm/mt6735/mt_spm_sleep.c:25:
/home/satory-ra/Android/kernel/android_kernel_oukitel_orange/drivers/misc/mediatek/mach/mt6735/include/mach/upmu_hw.h:207:0: note: this is the location of the previous definition
 #define MT6328_VCORE_ANA_CON4        ((MT6328_PMIC_REG_BASE+0x0448))
 ^
In file included from drivers/misc/mediatek/spm/mt6735/mt_spm_sleep.c:40:0:
drivers/misc/mediatek/spm/mt6735/../../pmic_wrap/mt6735/pwrap_hal.h:624:0: warning: "MT6328_VSYS22_ANA_CON0" redefined
 #define MT6328_VSYS22_ANA_CON0       ((UINT32)(MT6328_PMIC_REG_BASE+0x044A))
 ^
In file included from /home/satory-ra/Android/kernel/android_kernel_oukitel_orange/drivers/misc/mediatek/mach/mt6735/include/mach/upmu_common.h:7:0,
                 from drivers/misc/mediatek/spm/mt6735/mt_spm_sleep.c:25:
/home/satory-ra/Android/kernel/android_kernel_oukitel_orange/drivers/misc/mediatek/mach/mt6735/include/mach/upmu_hw.h:208:0: note: this is the location of the previous definition
 #define MT6328_VSYS22_ANA_CON0       ((MT6328_PMIC_REG_BASE+0x044A))
 ^
In file included from drivers/misc/mediatek/spm/mt6735/mt_spm_sleep.c:40:0:
drivers/misc/mediatek/spm/mt6735/../../pmic_wrap/mt6735/pwrap_hal.h:625:0: warning: "MT6328_VSYS22_ANA_CON1" redefined
 #define MT6328_VSYS22_ANA_CON1       ((UINT32)(MT6328_PMIC_REG_BASE+0x044C))
 ^
In file included from /home/satory-ra/Android/kernel/android_kernel_oukitel_orange/drivers/misc/mediatek/mach/mt6735/include/mach/upmu_common.h:7:0,
                 from drivers/misc/mediatek/spm/mt6735/mt_spm_sleep.c:25:
/home/satory-ra/Android/kernel/android_kernel_oukitel_orange/drivers/misc/mediatek/mach/mt6735/include/mach/upmu_hw.h:209:0: note: this is the location of the previous definition
 #define MT6328_VSYS22_ANA_CON1       ((MT6328_PMIC_REG_BASE+0x044C))
 ^
In file included from drivers/misc/mediatek/spm/mt6735/mt_spm_sleep.c:40:0:
drivers/misc/mediatek/spm/mt6735/../../pmic_wrap/mt6735/pwrap_hal.h:626:0: warning: "MT6328_VSYS22_ANA_CON2" redefined
 #define MT6328_VSYS22_ANA_CON2       ((UINT32)(MT6328_PMIC_REG_BASE+0x044E))
 ^
In file included from /home/satory-ra/Android/kernel/android_kernel_oukitel_orange/drivers/misc/mediatek/mach/mt6735/include/mach/upmu_common.h:7:0,
                 from drivers/misc/mediatek/spm/mt6735/mt_spm_sleep.c:25:
/home/satory-ra/Android/kernel/android_kernel_oukitel_orange/drivers/misc/mediatek/mach/mt6735/include/mach/upmu_hw.h:210:0: note: this is the location of the previous definition
 #define MT6328_VSYS22_ANA_CON2       ((MT6328_PMIC_REG_BASE+0x044E))
 ^
In file included from drivers/misc/mediatek/spm/mt6735/mt_spm_sleep.c:40:0:
drivers/misc/mediatek/spm/mt6735/../../pmic_wrap/mt6735/pwrap_hal.h:627:0: warning: "MT6328_VSYS22_ANA_CON3" redefined
 #define MT6328_VSYS22_ANA_CON3       ((UINT32)(MT6328_PMIC_REG_BASE+0x0450))
 ^
In file included from /home/satory-ra/Android/kernel/android_kernel_oukitel_orange/drivers/misc/mediatek/mach/mt6735/include/mach/upmu_common.h:7:0,
                 from drivers/misc/mediatek/spm/mt6735/mt_spm_sleep.c:25:
/home/satory-ra/Android/kernel/android_kernel_oukitel_orange/drivers/misc/mediatek/mach/mt6735/include/mach/upmu_hw.h:211:0: note: this is the location of the previous definition
 #define MT6328_VSYS22_ANA_CON3       ((MT6328_PMIC_REG_BASE+0x0450))
 ^
In file included from drivers/misc/mediatek/spm/mt6735/mt_spm_sleep.c:40:0:
drivers/misc/mediatek/spm/mt6735/../../pmic_wrap/mt6735/pwrap_hal.h:628:0: warning: "MT6328_VSYS22_ANA_CON4" redefined
 #define MT6328_VSYS22_ANA_CON4       ((UINT32)(MT6328_PMIC_REG_BASE+0x0452))
 ^
In file included from /home/satory-ra/Android/kernel/android_kernel_oukitel_orange/drivers/misc/mediatek/mach/mt6735/include/mach/upmu_common.h:7:0,
                 from drivers/misc/mediatek/spm/mt6735/mt_spm_sleep.c:25:
/home/satory-ra/Android/kernel/android_kernel_oukitel_orange/drivers/misc/mediatek/mach/mt6735/include/mach/upmu_hw.h:212:0: note: this is the location of the previous definition
 #define MT6328_VSYS22_ANA_CON4       ((MT6328_PMIC_REG_BASE+0x0452))
 ^
In file included from drivers/misc/mediatek/spm/mt6735/mt_spm_sleep.c:40:0:
drivers/misc/mediatek/spm/mt6735/../../pmic_wrap/mt6735/pwrap_hal.h:629:0: warning: "MT6328_VPROC_ANA_CON0" redefined
 #define MT6328_VPROC_ANA_CON0        ((UINT32)(MT6328_PMIC_REG_BASE+0x0454))
 ^
In file included from /home/satory-ra/Android/kernel/android_kernel_oukitel_orange/drivers/misc/mediatek/mach/mt6735/include/mach/upmu_common.h:7:0,
                 from drivers/misc/mediatek/spm/mt6735/mt_spm_sleep.c:25:
/home/satory-ra/Android/kernel/android_kernel_oukitel_orange/drivers/misc/mediatek/mach/mt6735/include/mach/upmu_hw.h:213:0: note: this is the location of the previous definition
 #define MT6328_VPROC_ANA_CON0        ((MT6328_PMIC_REG_BASE+0x0454))
 ^
In file included from drivers/misc/mediatek/spm/mt6735/mt_spm_sleep.c:40:0:
drivers/misc/mediatek/spm/mt6735/../../pmic_wrap/mt6735/pwrap_hal.h:630:0: warning: "MT6328_VPROC_ANA_CON1" redefined
 #define MT6328_VPROC_ANA_CON1        ((UINT32)(MT6328_PMIC_REG_BASE+0x0456))
 ^
In file included from /home/satory-ra/Android/kernel/android_kernel_oukitel_orange/drivers/misc/mediatek/mach/mt6735/include/mach/upmu_common.h:7:0,
                 from drivers/misc/mediatek/spm/mt6735/mt_spm_sleep.c:25:
/home/satory-ra/Android/kernel/android_kernel_oukitel_orange/drivers/misc/mediatek/mach/mt6735/include/mach/upmu_hw.h:214:0: note: this is the location of the previous definition
 #define MT6328_VPROC_ANA_CON1        ((MT6328_PMIC_REG_BASE+0x0456))
 ^
In file included from drivers/misc/mediatek/spm/mt6735/mt_spm_sleep.c:40:0:
drivers/misc/mediatek/spm/mt6735/../../pmic_wrap/mt6735/pwrap_hal.h:631:0: warning: "MT6328_VPROC_ANA_CON2" redefined
 #define MT6328_VPROC_ANA_CON2        ((UINT32)(MT6328_PMIC_REG_BASE+0x0458))
 ^
In file included from /home/satory-ra/Android/kernel/android_kernel_oukitel_orange/drivers/misc/mediatek/mach/mt6735/include/mach/upmu_common.h:7:0,
                 from drivers/misc/mediatek/spm/mt6735/mt_spm_sleep.c:25:
/home/satory-ra/Android/kernel/android_kernel_oukitel_orange/drivers/misc/mediatek/mach/mt6735/include/mach/upmu_hw.h:215:0: note: this is the location of the previous definition
 #define MT6328_VPROC_ANA_CON2        ((MT6328_PMIC_REG_BASE+0x0458))
 ^
In file included from drivers/misc/mediatek/spm/mt6735/mt_spm_sleep.c:40:0:
drivers/misc/mediatek/spm/mt6735/../../pmic_wrap/mt6735/pwrap_hal.h:632:0: warning: "MT6328_VPROC_ANA_CON3" redefined
 #define MT6328_VPROC_ANA_CON3        ((UINT32)(MT6328_PMIC_REG_BASE+0x045A))
 ^
In file included from /home/satory-ra/Android/kernel/android_kernel_oukitel_orange/drivers/misc/mediatek/mach/mt6735/include/mach/upmu_common.h:7:0,
                 from drivers/misc/mediatek/spm/mt6735/mt_spm_sleep.c:25:
/home/satory-ra/Android/kernel/android_kernel_oukitel_orange/drivers/misc/mediatek/mach/mt6735/include/mach/upmu_hw.h:216:0: note: this is the location of the previous definition
 #define MT6328_VPROC_ANA_CON3        ((MT6328_PMIC_REG_BASE+0x045A))
 ^
In file included from drivers/misc/mediatek/spm/mt6735/mt_spm_sleep.c:40:0:
drivers/misc/mediatek/spm/mt6735/../../pmic_wrap/mt6735/pwrap_hal.h:633:0: warning: "MT6328_VPROC_ANA_CON4" redefined
 #define MT6328_VPROC_ANA_CON4        ((UINT32)(MT6328_PMIC_REG_BASE+0x045C))
 ^
In file included from /home/satory-ra/Android/kernel/android_kernel_oukitel_orange/drivers/misc/mediatek/mach/mt6735/include/mach/upmu_common.h:7:0,
                 from drivers/misc/mediatek/spm/mt6735/mt_spm_sleep.c:25:
/home/satory-ra/Android/kernel/android_kernel_oukitel_orange/drivers/misc/mediatek/mach/mt6735/include/mach/upmu_hw.h:217:0: note: this is the location of the previous definition
 #define MT6328_VPROC_ANA_CON4        ((MT6328_PMIC_REG_BASE+0x045C))
 ^
In file included from drivers/misc/mediatek/spm/mt6735/mt_spm_sleep.c:40:0:
drivers/misc/mediatek/spm/mt6735/../../pmic_wrap/mt6735/pwrap_hal.h:634:0: warning: "MT6328_OSC32_ANA_CON0" redefined
 #define MT6328_OSC32_ANA_CON0        ((UINT32)(MT6328_PMIC_REG_BASE+0x045E))
 ^
In file included from /home/satory-ra/Android/kernel/android_kernel_oukitel_orange/drivers/misc/mediatek/mach/mt6735/include/mach/upmu_common.h:7:0,
                 from drivers/misc/mediatek/spm/mt6735/mt_spm_sleep.c:25:
/home/satory-ra/Android/kernel/android_kernel_oukitel_orange/drivers/misc/mediatek/mach/mt6735/include/mach/upmu_hw.h:218:0: note: this is the location of the previous definition
 #define MT6328_OSC32_ANA_CON0        ((MT6328_PMIC_REG_BASE+0x045E))
 ^
In file included from drivers/misc/mediatek/spm/mt6735/mt_spm_sleep.c:40:0:
drivers/misc/mediatek/spm/mt6735/../../pmic_wrap/mt6735/pwrap_hal.h:635:0: warning: "MT6328_OSC32_ANA_CON1" redefined
 #define MT6328_OSC32_ANA_CON1        ((UINT32)(MT6328_PMIC_REG_BASE+0x0460))
 ^
In file included from /home/satory-ra/Android/kernel/android_kernel_oukitel_orange/drivers/misc/mediatek/mach/mt6735/include/mach/upmu_common.h:7:0,
                 from drivers/misc/mediatek/spm/mt6735/mt_spm_sleep.c:25:
/home/satory-ra/Android/kernel/android_kernel_oukitel_orange/drivers/misc/mediatek/mach/mt6735/include/mach/upmu_hw.h:219:0: note: this is the location of the previous definition
 #define MT6328_OSC32_ANA_CON1        ((MT6328_PMIC_REG_BASE+0x0460))
 ^
In file included from drivers/misc/mediatek/spm/mt6735/mt_spm_sleep.c:40:0:
drivers/misc/mediatek/spm/mt6735/../../pmic_wrap/mt6735/pwrap_hal.h:636:0: warning: "MT6328_VPA_ANA_CON0" redefined
 #define MT6328_VPA_ANA_CON0          ((UINT32)(MT6328_PMIC_REG_BASE+0x0462))
 ^
In file included from /home/satory-ra/Android/kernel/android_kernel_oukitel_orange/drivers/misc/mediatek/mach/mt6735/include/mach/upmu_common.h:7:0,
                 from drivers/misc/mediatek/spm/mt6735/mt_spm_sleep.c:25:
/home/satory-ra/Android/kernel/android_kernel_oukitel_orange/drivers/misc/mediatek/mach/mt6735/include/mach/upmu_hw.h:220:0: note: this is the location of the previous definition
 #define MT6328_VPA_ANA_CON0          ((MT6328_PMIC_REG_BASE+0x0462))
 ^
In file included from drivers/misc/mediatek/spm/mt6735/mt_spm_sleep.c:40:0:
drivers/misc/mediatek/spm/mt6735/../../pmic_wrap/mt6735/pwrap_hal.h:637:0: warning: "MT6328_VPA_ANA_CON1" redefined
 #define MT6328_VPA_ANA_CON1          ((UINT32)(MT6328_PMIC_REG_BASE+0x0464))
 ^
In file included from /home/satory-ra/Android/kernel/android_kernel_oukitel_orange/drivers/misc/mediatek/mach/mt6735/include/mach/upmu_common.h:7:0,
                 from drivers/misc/mediatek/spm/mt6735/mt_spm_sleep.c:25:
/home/satory-ra/Android/kernel/android_kernel_oukitel_orange/drivers/misc/mediatek/mach/mt6735/include/mach/upmu_hw.h:221:0: note: this is the location of the previous definition
 #define MT6328_VPA_ANA_CON1          ((MT6328_PMIC_REG_BASE+0x0464))
 ^
In file included from drivers/misc/mediatek/spm/mt6735/mt_spm_sleep.c:40:0:
drivers/misc/mediatek/spm/mt6735/../../pmic_wrap/mt6735/pwrap_hal.h:638:0: warning: "MT6328_VPA_ANA_CON2" redefined
 #define MT6328_VPA_ANA_CON2          ((UINT32)(MT6328_PMIC_REG_BASE+0x0466))
 ^
In file included from /home/satory-ra/Android/kernel/android_kernel_oukitel_orange/drivers/misc/mediatek/mach/mt6735/include/mach/upmu_common.h:7:0,
                 from drivers/misc/mediatek/spm/mt6735/mt_spm_sleep.c:25:
/home/satory-ra/Android/kernel/android_kernel_oukitel_orange/drivers/misc/mediatek/mach/mt6735/include/mach/upmu_hw.h:222:0: note: this is the location of the previous definition
 #define MT6328_VPA_ANA_CON2          ((MT6328_PMIC_REG_BASE+0x0466))
 ^
In file included from drivers/misc/mediatek/spm/mt6735/mt_spm_sleep.c:40:0:
drivers/misc/mediatek/spm/mt6735/../../pmic_wrap/mt6735/pwrap_hal.h:639:0: warning: "MT6328_VPA_ANA_CON3" redefined
 #define MT6328_VPA_ANA_CON3          ((UINT32)(MT6328_PMIC_REG_BASE+0x0468))
 ^
In file included from /home/satory-ra/Android/kernel/android_kernel_oukitel_orange/drivers/misc/mediatek/mach/mt6735/include/mach/upmu_common.h:7:0,
                 from drivers/misc/mediatek/spm/mt6735/mt_spm_sleep.c:25:
/home/satory-ra/Android/kernel/android_kernel_oukitel_orange/drivers/misc/mediatek/mach/mt6735/include/mach/upmu_hw.h:223:0: note: this is the location of the previous definition
 #define MT6328_VPA_ANA_CON3          ((MT6328_PMIC_REG_BASE+0x0468))
 ^
In file included from drivers/misc/mediatek/spm/mt6735/mt_spm_sleep.c:40:0:
drivers/misc/mediatek/spm/mt6735/../../pmic_wrap/mt6735/pwrap_hal.h:640:0: warning: "MT6328_VLTE_ANA_CON0" redefined
 #define MT6328_VLTE_ANA_CON0         ((UINT32)(MT6328_PMIC_REG_BASE+0x046A))
 ^
In file included from /home/satory-ra/Android/kernel/android_kernel_oukitel_orange/drivers/misc/mediatek/mach/mt6735/include/mach/upmu_common.h:7:0,
                 from drivers/misc/mediatek/spm/mt6735/mt_spm_sleep.c:25:
/home/satory-ra/Android/kernel/android_kernel_oukitel_orange/drivers/misc/mediatek/mach/mt6735/include/mach/upmu_hw.h:224:0: note: this is the location of the previous definition
 #define MT6328_VLTE_ANA_CON0         ((MT6328_PMIC_REG_BASE+0x046A))
 ^
In file included from drivers/misc/mediatek/spm/mt6735/mt_spm_sleep.c:40:0:
drivers/misc/mediatek/spm/mt6735/../../pmic_wrap/mt6735/pwrap_hal.h:641:0: warning: "MT6328_VLTE_ANA_CON1" redefined
 #define MT6328_VLTE_ANA_CON1         ((UINT32)(MT6328_PMIC_REG_BASE+0x046C))
 ^
In file included from /home/satory-ra/Android/kernel/android_kernel_oukitel_orange/drivers/misc/mediatek/mach/mt6735/include/mach/upmu_common.h:7:0,
                 from drivers/misc/mediatek/spm/mt6735/mt_spm_sleep.c:25:
/home/satory-ra/Android/kernel/android_kernel_oukitel_orange/drivers/misc/mediatek/mach/mt6735/include/mach/upmu_hw.h:225:0: note: this is the location of the previous definition
 #define MT6328_VLTE_ANA_CON1         ((MT6328_PMIC_REG_BASE+0x046C))
 ^
In file included from drivers/misc/mediatek/spm/mt6735/mt_spm_sleep.c:40:0:
drivers/misc/mediatek/spm/mt6735/../../pmic_wrap/mt6735/pwrap_hal.h:642:0: warning: "MT6328_VLTE_ANA_CON2" redefined
 #define MT6328_VLTE_ANA_CON2         ((UINT32)(MT6328_PMIC_REG_BASE+0x046E))
 ^
In file included from /home/satory-ra/Android/kernel/android_kernel_oukitel_orange/drivers/misc/mediatek/mach/mt6735/include/mach/upmu_common.h:7:0,
                 from drivers/misc/mediatek/spm/mt6735/mt_spm_sleep.c:25:
/home/satory-ra/Android/kernel/android_kernel_oukitel_orange/drivers/misc/mediatek/mach/mt6735/include/mach/upmu_hw.h:226:0: note: this is the location of the previous definition
 #define MT6328_VLTE_ANA_CON2         ((MT6328_PMIC_REG_BASE+0x046E))
 ^
In file included from drivers/misc/mediatek/spm/mt6735/mt_spm_sleep.c:40:0:
drivers/misc/mediatek/spm/mt6735/../../pmic_wrap/mt6735/pwrap_hal.h:643:0: warning: "MT6328_VLTE_ANA_CON3" redefined
 #define MT6328_VLTE_ANA_CON3         ((UINT32)(MT6328_PMIC_REG_BASE+0x0470))
 ^
In file included from /home/satory-ra/Android/kernel/android_kernel_oukitel_orange/drivers/misc/mediatek/mach/mt6735/include/mach/upmu_common.h:7:0,
                 from drivers/misc/mediatek/spm/mt6735/mt_spm_sleep.c:25:
/home/satory-ra/Android/kernel/android_kernel_oukitel_orange/drivers/misc/mediatek/mach/mt6735/include/mach/upmu_hw.h:227:0: note: this is the location of the previous definition
 #define MT6328_VLTE_ANA_CON3         ((MT6328_PMIC_REG_BASE+0x0470))
 ^
In file included from drivers/misc/mediatek/spm/mt6735/mt_spm_sleep.c:40:0:
drivers/misc/mediatek/spm/mt6735/../../pmic_wrap/mt6735/pwrap_hal.h:644:0: warning: "MT6328_VLTE_ANA_CON4" redefined
 #define MT6328_VLTE_ANA_CON4         ((UINT32)(MT6328_PMIC_REG_BASE+0x0472))
 ^
In file included from /home/satory-ra/Android/kernel/android_kernel_oukitel_orange/drivers/misc/mediatek/mach/mt6735/include/mach/upmu_common.h:7:0,
                 from drivers/misc/mediatek/spm/mt6735/mt_spm_sleep.c:25:
/home/satory-ra/Android/kernel/android_kernel_oukitel_orange/drivers/misc/mediatek/mach/mt6735/include/mach/upmu_hw.h:228:0: note: this is the location of the previous definition
 #define MT6328_VLTE_ANA_CON4         ((MT6328_PMIC_REG_BASE+0x0472))
 ^
In file included from drivers/misc/mediatek/spm/mt6735/mt_spm_sleep.c:40:0:
drivers/misc/mediatek/spm/mt6735/../../pmic_wrap/mt6735/pwrap_hal.h:645:0: warning: "MT6328_VPROC_CON0" redefined
 #define MT6328_VPROC_CON0            ((UINT32)(MT6328_PMIC_REG_BASE+0x0474))
 ^
In file included from /home/satory-ra/Android/kernel/android_kernel_oukitel_orange/drivers/misc/mediatek/mach/mt6735/include/mach/upmu_common.h:7:0,
                 from drivers/misc/mediatek/spm/mt6735/mt_spm_sleep.c:25:
/home/satory-ra/Android/kernel/android_kernel_oukitel_orange/drivers/misc/mediatek/mach/mt6735/include/mach/upmu_hw.h:229:0: note: this is the location of the previous definition
 #define MT6328_VPROC_CON0            ((MT6328_PMIC_REG_BASE+0x0474))
 ^
In file included from drivers/misc/mediatek/spm/mt6735/mt_spm_sleep.c:40:0:
drivers/misc/mediatek/spm/mt6735/../../pmic_wrap/mt6735/pwrap_hal.h:646:0: warning: "MT6328_VPROC_CON7" redefined
 #define MT6328_VPROC_CON7            ((UINT32)(MT6328_PMIC_REG_BASE+0x0482))
 ^
  AS      drivers/misc/mediatek/systracker/backtrace32_asm.o
  LD      drivers/misc/mediatek/systracker/built-in.o
  CC      drivers/misc/mediatek/uart/uart.o
In file included from /home/satory-ra/Android/kernel/android_kernel_oukitel_orange/drivers/misc/mediatek/mach/mt6735/include/mach/upmu_common.h:7:0,
                 from drivers/misc/mediatek/spm/mt6735/mt_spm_sleep.c:25:
/home/satory-ra/Android/kernel/android_kernel_oukitel_orange/drivers/misc/mediatek/mach/mt6735/include/mach/upmu_hw.h:236:0: note: this is the location of the previous definition
 #define MT6328_VPROC_CON7            ((MT6328_PMIC_REG_BASE+0x0482))
 ^
In file included from drivers/misc/mediatek/spm/mt6735/mt_spm_sleep.c:40:0:
drivers/misc/mediatek/spm/mt6735/../../pmic_wrap/mt6735/pwrap_hal.h:647:0: warning: "MT6328_VPROC_CON8" redefined
 #define MT6328_VPROC_CON8            ((UINT32)(MT6328_PMIC_REG_BASE+0x0484))
 ^
In file included from /home/satory-ra/Android/kernel/android_kernel_oukitel_orange/drivers/misc/mediatek/mach/mt6735/include/mach/upmu_common.h:7:0,
                 from drivers/misc/mediatek/spm/mt6735/mt_spm_sleep.c:25:
/home/satory-ra/Android/kernel/android_kernel_oukitel_orange/drivers/misc/mediatek/mach/mt6735/include/mach/upmu_hw.h:237:0: note: this is the location of the previous definition
 #define MT6328_VPROC_CON8            ((MT6328_PMIC_REG_BASE+0x0484))
 ^
In file included from drivers/misc/mediatek/spm/mt6735/mt_spm_sleep.c:40:0:
drivers/misc/mediatek/spm/mt6735/../../pmic_wrap/mt6735/pwrap_hal.h:648:0: warning: "MT6328_VPROC_CON9" redefined
 #define MT6328_VPROC_CON9            ((UINT32)(MT6328_PMIC_REG_BASE+0x0486))
 ^
In file included from /home/satory-ra/Android/kernel/android_kernel_oukitel_orange/drivers/misc/mediatek/mach/mt6735/include/mach/upmu_common.h:7:0,
                 from drivers/misc/mediatek/spm/mt6735/mt_spm_sleep.c:25:
/home/satory-ra/Android/kernel/android_kernel_oukitel_orange/drivers/misc/mediatek/mach/mt6735/include/mach/upmu_hw.h:238:0: note: this is the location of the previous definition
 #define MT6328_VPROC_CON9            ((MT6328_PMIC_REG_BASE+0x0486))
 ^
In file included from drivers/misc/mediatek/spm/mt6735/mt_spm_sleep.c:40:0:
drivers/misc/mediatek/spm/mt6735/../../pmic_wrap/mt6735/pwrap_hal.h:649:0: warning: "MT6328_VPROC_CON10" redefined
 #define MT6328_VPROC_CON10           ((UINT32)(MT6328_PMIC_REG_BASE+0x0488))
 ^
In file included from /home/satory-ra/Android/kernel/android_kernel_oukitel_orange/drivers/misc/mediatek/mach/mt6735/include/mach/upmu_common.h:7:0,
                 from drivers/misc/mediatek/spm/mt6735/mt_spm_sleep.c:25:
/home/satory-ra/Android/kernel/android_kernel_oukitel_orange/drivers/misc/mediatek/mach/mt6735/include/mach/upmu_hw.h:239:0: note: this is the location of the previous definition
 #define MT6328_VPROC_CON10           ((MT6328_PMIC_REG_BASE+0x0488))
 ^
In file included from drivers/misc/mediatek/spm/mt6735/mt_spm_sleep.c:40:0:
drivers/misc/mediatek/spm/mt6735/../../pmic_wrap/mt6735/pwrap_hal.h:650:0: warning: "MT6328_VPROC_CON11" redefined
 #define MT6328_VPROC_CON11           ((UINT32)(MT6328_PMIC_REG_BASE+0x048A))
 ^
In file included from /home/satory-ra/Android/kernel/android_kernel_oukitel_orange/drivers/misc/mediatek/mach/mt6735/include/mach/upmu_common.h:7:0,
                 from drivers/misc/mediatek/spm/mt6735/mt_spm_sleep.c:25:
/home/satory-ra/Android/kernel/android_kernel_oukitel_orange/drivers/misc/mediatek/mach/mt6735/include/mach/upmu_hw.h:240:0: note: this is the location of the previous definition
 #define MT6328_VPROC_CON11           ((MT6328_PMIC_REG_BASE+0x048A))
 ^
In file included from drivers/misc/mediatek/spm/mt6735/mt_spm_sleep.c:40:0:
drivers/misc/mediatek/spm/mt6735/../../pmic_wrap/mt6735/pwrap_hal.h:651:0: warning: "MT6328_VPROC_CON12" redefined
 #define MT6328_VPROC_CON12           ((UINT32)(MT6328_PMIC_REG_BASE+0x048C))
 ^
In file included from /home/satory-ra/Android/kernel/android_kernel_oukitel_orange/drivers/misc/mediatek/mach/mt6735/include/mach/upmu_common.h:7:0,
                 from drivers/misc/mediatek/spm/mt6735/mt_spm_sleep.c:25:
/home/satory-ra/Android/kernel/android_kernel_oukitel_orange/drivers/misc/mediatek/mach/mt6735/include/mach/upmu_hw.h:241:0: note: this is the location of the previous definition
 #define MT6328_VPROC_CON12           ((MT6328_PMIC_REG_BASE+0x048C))
 ^
In file included from drivers/misc/mediatek/spm/mt6735/mt_spm_sleep.c:40:0:
drivers/misc/mediatek/spm/mt6735/../../pmic_wrap/mt6735/pwrap_hal.h:652:0: warning: "MT6328_VPROC_CON13" redefined
 #define MT6328_VPROC_CON13           ((UINT32)(MT6328_PMIC_REG_BASE+0x048E))
 ^
In file included from /home/satory-ra/Android/kernel/android_kernel_oukitel_orange/drivers/misc/mediatek/mach/mt6735/include/mach/upmu_common.h:7:0,
                 from drivers/misc/mediatek/spm/mt6735/mt_spm_sleep.c:25:
/home/satory-ra/Android/kernel/android_kernel_oukitel_orange/drivers/misc/mediatek/mach/mt6735/include/mach/upmu_hw.h:242:0: note: this is the location of the previous definition
 #define MT6328_VPROC_CON13           ((MT6328_PMIC_REG_BASE+0x048E))
 ^
In file included from drivers/misc/mediatek/spm/mt6735/mt_spm_sleep.c:40:0:
drivers/misc/mediatek/spm/mt6735/../../pmic_wrap/mt6735/pwrap_hal.h:653:0: warning: "MT6328_VPROC_CON14" redefined
 #define MT6328_VPROC_CON14           ((UINT32)(MT6328_PMIC_REG_BASE+0x0490))
 ^
In file included from /home/satory-ra/Android/kernel/android_kernel_oukitel_orange/drivers/misc/mediatek/mach/mt6735/include/mach/upmu_common.h:7:0,
                 from drivers/misc/mediatek/spm/mt6735/mt_spm_sleep.c:25:
/home/satory-ra/Android/kernel/android_kernel_oukitel_orange/drivers/misc/mediatek/mach/mt6735/include/mach/upmu_hw.h:243:0: note: this is the location of the previous definition
 #define MT6328_VPROC_CON14           ((MT6328_PMIC_REG_BASE+0x0490))
 ^
In file included from drivers/misc/mediatek/spm/mt6735/mt_spm_sleep.c:40:0:
drivers/misc/mediatek/spm/mt6735/../../pmic_wrap/mt6735/pwrap_hal.h:654:0: warning: "MT6328_VPROC_CON15" redefined
 #define MT6328_VPROC_CON15           ((UINT32)(MT6328_PMIC_REG_BASE+0x0492))
 ^
In file included from /home/satory-ra/Android/kernel/android_kernel_oukitel_orange/drivers/misc/mediatek/mach/mt6735/include/mach/upmu_common.h:7:0,
                 from drivers/misc/mediatek/spm/mt6735/mt_spm_sleep.c:25:
/home/satory-ra/Android/kernel/android_kernel_oukitel_orange/drivers/misc/mediatek/mach/mt6735/include/mach/upmu_hw.h:244:0: note: this is the location of the previous definition
 #define MT6328_VPROC_CON15           ((MT6328_PMIC_REG_BASE+0x0492))
 ^
In file included from drivers/misc/mediatek/spm/mt6735/mt_spm_sleep.c:40:0:
drivers/misc/mediatek/spm/mt6735/../../pmic_wrap/mt6735/pwrap_hal.h:655:0: warning: "MT6328_VPROC_CON16" redefined
 #define MT6328_VPROC_CON16           ((UINT32)(MT6328_PMIC_REG_BASE+0x0494))
 ^
In file included from /home/satory-ra/Android/kernel/android_kernel_oukitel_orange/drivers/misc/mediatek/mach/mt6735/include/mach/upmu_common.h:7:0,
                 from drivers/misc/mediatek/spm/mt6735/mt_spm_sleep.c:25:
/home/satory-ra/Android/kernel/android_kernel_oukitel_orange/drivers/misc/mediatek/mach/mt6735/include/mach/upmu_hw.h:245:0: note: this is the location of the previous definition
 #define MT6328_VPROC_CON16           ((MT6328_PMIC_REG_BASE+0x0494))
 ^
In file included from drivers/misc/mediatek/spm/mt6735/mt_spm_sleep.c:40:0:
drivers/misc/mediatek/spm/mt6735/../../pmic_wrap/mt6735/pwrap_hal.h:656:0: warning: "MT6328_VPROC_CON17" redefined
 #define MT6328_VPROC_CON17           ((UINT32)(MT6328_PMIC_REG_BASE+0x0496))
 ^
  CC      drivers/misc/mediatek/thermal/mtk_cooler_shutdown.o
In file included from /home/satory-ra/Android/kernel/android_kernel_oukitel_orange/drivers/misc/mediatek/mach/mt6735/include/mach/upmu_common.h:7:0,
                 from drivers/misc/mediatek/spm/mt6735/mt_spm_sleep.c:25:
/home/satory-ra/Android/kernel/android_kernel_oukitel_orange/drivers/misc/mediatek/mach/mt6735/include/mach/upmu_hw.h:246:0: note: this is the location of the previous definition
 #define MT6328_VPROC_CON17           ((MT6328_PMIC_REG_BASE+0x0496))
 ^
In file included from drivers/misc/mediatek/spm/mt6735/mt_spm_sleep.c:40:0:
drivers/misc/mediatek/spm/mt6735/../../pmic_wrap/mt6735/pwrap_hal.h:657:0: warning: "MT6328_VPROC_CON18" redefined
 #define MT6328_VPROC_CON18           ((UINT32)(MT6328_PMIC_REG_BASE+0x0498))
 ^
In file included from /home/satory-ra/Android/kernel/android_kernel_oukitel_orange/drivers/misc/mediatek/mach/mt6735/include/mach/upmu_common.h:7:0,
                 from drivers/misc/mediatek/spm/mt6735/mt_spm_sleep.c:25:
/home/satory-ra/Android/kernel/android_kernel_oukitel_orange/drivers/misc/mediatek/mach/mt6735/include/mach/upmu_hw.h:247:0: note: this is the location of the previous definition
 #define MT6328_VPROC_CON18           ((MT6328_PMIC_REG_BASE+0x0498))
 ^
In file included from drivers/misc/mediatek/spm/mt6735/mt_spm_sleep.c:40:0:
drivers/misc/mediatek/spm/mt6735/../../pmic_wrap/mt6735/pwrap_hal.h:658:0: warning: "MT6328_VPROC_CON19" redefined
 #define MT6328_VPROC_CON19           ((UINT32)(MT6328_PMIC_REG_BASE+0x049A))
 ^
In file included from /home/satory-ra/Android/kernel/android_kernel_oukitel_orange/drivers/misc/mediatek/mach/mt6735/include/mach/upmu_common.h:7:0,
                 from drivers/misc/mediatek/spm/mt6735/mt_spm_sleep.c:25:
/home/satory-ra/Android/kernel/android_kernel_oukitel_orange/drivers/misc/mediatek/mach/mt6735/include/mach/upmu_hw.h:248:0: note: this is the location of the previous definition
 #define MT6328_VPROC_CON19           ((MT6328_PMIC_REG_BASE+0x049A))
 ^
In file included from drivers/misc/mediatek/spm/mt6735/mt_spm_sleep.c:40:0:
drivers/misc/mediatek/spm/mt6735/../../pmic_wrap/mt6735/pwrap_hal.h:659:0: warning: "MT6328_VSRAM_CON0" redefined
 #define MT6328_VSRAM_CON0            ((UINT32)(MT6328_PMIC_REG_BASE+0x049C))
 ^
In file included from /home/satory-ra/Android/kernel/android_kernel_oukitel_orange/drivers/misc/mediatek/mach/mt6735/include/mach/upmu_common.h:7:0,
                 from drivers/misc/mediatek/spm/mt6735/mt_spm_sleep.c:25:
/home/satory-ra/Android/kernel/android_kernel_oukitel_orange/drivers/misc/mediatek/mach/mt6735/include/mach/upmu_hw.h:249:0: note: this is the location of the previous definition
 #define MT6328_VSRAM_CON0            ((MT6328_PMIC_REG_BASE+0x049C))
 ^
In file included from drivers/misc/mediatek/spm/mt6735/mt_spm_sleep.c:40:0:
drivers/misc/mediatek/spm/mt6735/../../pmic_wrap/mt6735/pwrap_hal.h:660:0: warning: "MT6328_VSRAM_CON7" redefined
 #define MT6328_VSRAM_CON7            ((UINT32)(MT6328_PMIC_REG_BASE+0x04AA))
 ^
In file included from /home/satory-ra/Android/kernel/android_kernel_oukitel_orange/drivers/misc/mediatek/mach/mt6735/include/mach/upmu_common.h:7:0,
                 from drivers/misc/mediatek/spm/mt6735/mt_spm_sleep.c:25:
/home/satory-ra/Android/kernel/android_kernel_oukitel_orange/drivers/misc/mediatek/mach/mt6735/include/mach/upmu_hw.h:256:0: note: this is the location of the previous definition
 #define MT6328_VSRAM_CON7            ((MT6328_PMIC_REG_BASE+0x04AA))
 ^
In file included from drivers/misc/mediatek/spm/mt6735/mt_spm_sleep.c:40:0:
drivers/misc/mediatek/spm/mt6735/../../pmic_wrap/mt6735/pwrap_hal.h:661:0: warning: "MT6328_VSRAM_CON8" redefined
 #define MT6328_VSRAM_CON8            ((UINT32)(MT6328_PMIC_REG_BASE+0x04AC))
 ^
In file included from /home/satory-ra/Android/kernel/android_kernel_oukitel_orange/drivers/misc/mediatek/mach/mt6735/include/mach/upmu_common.h:7:0,
                 from drivers/misc/mediatek/spm/mt6735/mt_spm_sleep.c:25:
/home/satory-ra/Android/kernel/android_kernel_oukitel_orange/drivers/misc/mediatek/mach/mt6735/include/mach/upmu_hw.h:257:0: note: this is the location of the previous definition
 #define MT6328_VSRAM_CON8            ((MT6328_PMIC_REG_BASE+0x04AC))
 ^
In file included from drivers/misc/mediatek/spm/mt6735/mt_spm_sleep.c:40:0:
drivers/misc/mediatek/spm/mt6735/../../pmic_wrap/mt6735/pwrap_hal.h:662:0: warning: "MT6328_VSRAM_CON9" redefined
 #define MT6328_VSRAM_CON9            ((UINT32)(MT6328_PMIC_REG_BASE+0x04AE))
 ^
In file included from /home/satory-ra/Android/kernel/android_kernel_oukitel_orange/drivers/misc/mediatek/mach/mt6735/include/mach/upmu_common.h:7:0,
                 from drivers/misc/mediatek/spm/mt6735/mt_spm_sleep.c:25:
/home/satory-ra/Android/kernel/android_kernel_oukitel_orange/drivers/misc/mediatek/mach/mt6735/include/mach/upmu_hw.h:258:0: note: this is the location of the previous definition
 #define MT6328_VSRAM_CON9            ((MT6328_PMIC_REG_BASE+0x04AE))
 ^
In file included from drivers/misc/mediatek/spm/mt6735/mt_spm_sleep.c:40:0:
drivers/misc/mediatek/spm/mt6735/../../pmic_wrap/mt6735/pwrap_hal.h:663:0: warning: "MT6328_VSRAM_CON10" redefined
 #define MT6328_VSRAM_CON10           ((UINT32)(MT6328_PMIC_REG_BASE+0x04B0))
 ^
In file included from /home/satory-ra/Android/kernel/android_kernel_oukitel_orange/drivers/misc/mediatek/mach/mt6735/include/mach/upmu_common.h:7:0,
                 from drivers/misc/mediatek/spm/mt6735/mt_spm_sleep.c:25:
/home/satory-ra/Android/kernel/android_kernel_oukitel_orange/drivers/misc/mediatek/mach/mt6735/include/mach/upmu_hw.h:259:0: note: this is the location of the previous definition
 #define MT6328_VSRAM_CON10           ((MT6328_PMIC_REG_BASE+0x04B0))
 ^
In file included from drivers/misc/mediatek/spm/mt6735/mt_spm_sleep.c:40:0:
drivers/misc/mediatek/spm/mt6735/../../pmic_wrap/mt6735/pwrap_hal.h:664:0: warning: "MT6328_VSRAM_CON11" redefined
 #define MT6328_VSRAM_CON11           ((UINT32)(MT6328_PMIC_REG_BASE+0x04B2))
 ^
In file included from /home/satory-ra/Android/kernel/android_kernel_oukitel_orange/drivers/misc/mediatek/mach/mt6735/include/mach/upmu_common.h:7:0,
                 from drivers/misc/mediatek/spm/mt6735/mt_spm_sleep.c:25:
/home/satory-ra/Android/kernel/android_kernel_oukitel_orange/drivers/misc/mediatek/mach/mt6735/include/mach/upmu_hw.h:260:0: note: this is the location of the previous definition
 #define MT6328_VSRAM_CON11           ((MT6328_PMIC_REG_BASE+0x04B2))
 ^
In file included from drivers/misc/mediatek/spm/mt6735/mt_spm_sleep.c:40:0:
drivers/misc/mediatek/spm/mt6735/../../pmic_wrap/mt6735/pwrap_hal.h:665:0: warning: "MT6328_VSRAM_CON12" redefined
 #define MT6328_VSRAM_CON12           ((UINT32)(MT6328_PMIC_REG_BASE+0x04B4))
 ^
In file included from /home/satory-ra/Android/kernel/android_kernel_oukitel_orange/drivers/misc/mediatek/mach/mt6735/include/mach/upmu_common.h:7:0,
                 from drivers/misc/mediatek/spm/mt6735/mt_spm_sleep.c:25:
/home/satory-ra/Android/kernel/android_kernel_oukitel_orange/drivers/misc/mediatek/mach/mt6735/include/mach/upmu_hw.h:261:0: note: this is the location of the previous definition
 #define MT6328_VSRAM_CON12           ((MT6328_PMIC_REG_BASE+0x04B4))
 ^
In file included from drivers/misc/mediatek/spm/mt6735/mt_spm_sleep.c:40:0:
drivers/misc/mediatek/spm/mt6735/../../pmic_wrap/mt6735/pwrap_hal.h:666:0: warning: "MT6328_VSRAM_CON13" redefined
 #define MT6328_VSRAM_CON13           ((UINT32)(MT6328_PMIC_REG_BASE+0x04B6))
 ^
In file included from /home/satory-ra/Android/kernel/android_kernel_oukitel_orange/drivers/misc/mediatek/mach/mt6735/include/mach/upmu_common.h:7:0,
                 from drivers/misc/mediatek/spm/mt6735/mt_spm_sleep.c:25:
/home/satory-ra/Android/kernel/android_kernel_oukitel_orange/drivers/misc/mediatek/mach/mt6735/include/mach/upmu_hw.h:262:0: note: this is the location of the previous definition
 #define MT6328_VSRAM_CON13           ((MT6328_PMIC_REG_BASE+0x04B6))
 ^
In file included from drivers/misc/mediatek/spm/mt6735/mt_spm_sleep.c:40:0:
drivers/misc/mediatek/spm/mt6735/../../pmic_wrap/mt6735/pwrap_hal.h:667:0: warning: "MT6328_VSRAM_CON14" redefined
 #define MT6328_VSRAM_CON14           ((UINT32)(MT6328_PMIC_REG_BASE+0x04B8))
 ^
In file included from /home/satory-ra/Android/kernel/android_kernel_oukitel_orange/drivers/misc/mediatek/mach/mt6735/include/mach/upmu_common.h:7:0,
                 from drivers/misc/mediatek/spm/mt6735/mt_spm_sleep.c:25:
/home/satory-ra/Android/kernel/android_kernel_oukitel_orange/drivers/misc/mediatek/mach/mt6735/include/mach/upmu_hw.h:263:0: note: this is the location of the previous definition
 #define MT6328_VSRAM_CON14           ((MT6328_PMIC_REG_BASE+0x04B8))
 ^
In file included from drivers/misc/mediatek/spm/mt6735/mt_spm_sleep.c:40:0:
drivers/misc/mediatek/spm/mt6735/../../pmic_wrap/mt6735/pwrap_hal.h:668:0: warning: "MT6328_VSRAM_CON18" redefined
 #define MT6328_VSRAM_CON18           ((UINT32)(MT6328_PMIC_REG_BASE+0x04C0))
 ^
In file included from /home/satory-ra/Android/kernel/android_kernel_oukitel_orange/drivers/misc/mediatek/mach/mt6735/include/mach/upmu_common.h:7:0,
                 from drivers/misc/mediatek/spm/mt6735/mt_spm_sleep.c:25:
/home/satory-ra/Android/kernel/android_kernel_oukitel_orange/drivers/misc/mediatek/mach/mt6735/include/mach/upmu_hw.h:267:0: note: this is the location of the previous definition
 #define MT6328_VSRAM_CON18           ((MT6328_PMIC_REG_BASE+0x04C0))
 ^
In file included from drivers/misc/mediatek/spm/mt6735/mt_spm_sleep.c:40:0:
drivers/misc/mediatek/spm/mt6735/../../pmic_wrap/mt6735/pwrap_hal.h:669:0: warning: "MT6328_VSRAM_CON19" redefined
 #define MT6328_VSRAM_CON19           ((UINT32)(MT6328_PMIC_REG_BASE+0x04C2))
 ^
In file included from /home/satory-ra/Android/kernel/android_kernel_oukitel_orange/drivers/misc/mediatek/mach/mt6735/include/mach/upmu_common.h:7:0,
                 from drivers/misc/mediatek/spm/mt6735/mt_spm_sleep.c:25:
/home/satory-ra/Android/kernel/android_kernel_oukitel_orange/drivers/misc/mediatek/mach/mt6735/include/mach/upmu_hw.h:268:0: note: this is the location of the previous definition
 #define MT6328_VSRAM_CON19           ((MT6328_PMIC_REG_BASE+0x04C2))
 ^
In file included from drivers/misc/mediatek/spm/mt6735/mt_spm_sleep.c:40:0:
drivers/misc/mediatek/spm/mt6735/../../pmic_wrap/mt6735/pwrap_hal.h:670:0: warning: "MT6328_VLTE_CON0" redefined
 #define MT6328_VLTE_CON0             ((UINT32)(MT6328_PMIC_REG_BASE+0x04C4))
 ^
In file included from /home/satory-ra/Android/kernel/android_kernel_oukitel_orange/drivers/misc/mediatek/mach/mt6735/include/mach/upmu_common.h:7:0,
                 from drivers/misc/mediatek/spm/mt6735/mt_spm_sleep.c:25:
/home/satory-ra/Android/kernel/android_kernel_oukitel_orange/drivers/misc/mediatek/mach/mt6735/include/mach/upmu_hw.h:269:0: note: this is the location of the previous definition
 #define MT6328_VLTE_CON0             ((MT6328_PMIC_REG_BASE+0x04C4))
 ^
In file included from drivers/misc/mediatek/spm/mt6735/mt_spm_sleep.c:40:0:
drivers/misc/mediatek/spm/mt6735/../../pmic_wrap/mt6735/pwrap_hal.h:671:0: warning: "MT6328_VLTE_CON7" redefined
 #define MT6328_VLTE_CON7             ((UINT32)(MT6328_PMIC_REG_BASE+0x04D2))
 ^
In file included from /home/satory-ra/Android/kernel/android_kernel_oukitel_orange/drivers/misc/mediatek/mach/mt6735/include/mach/upmu_common.h:7:0,
                 from drivers/misc/mediatek/spm/mt6735/mt_spm_sleep.c:25:
/home/satory-ra/Android/kernel/android_kernel_oukitel_orange/drivers/misc/mediatek/mach/mt6735/include/mach/upmu_hw.h:276:0: note: this is the location of the previous definition
 #define MT6328_VLTE_CON7             ((MT6328_PMIC_REG_BASE+0x04D2))
 ^
In file included from drivers/misc/mediatek/spm/mt6735/mt_spm_sleep.c:40:0:
drivers/misc/mediatek/spm/mt6735/../../pmic_wrap/mt6735/pwrap_hal.h:672:0: warning: "MT6328_VLTE_CON8" redefined
 #define MT6328_VLTE_CON8             ((UINT32)(MT6328_PMIC_REG_BASE+0x04D4))
 ^
In file included from /home/satory-ra/Android/kernel/android_kernel_oukitel_orange/drivers/misc/mediatek/mach/mt6735/include/mach/upmu_common.h:7:0,
                 from drivers/misc/mediatek/spm/mt6735/mt_spm_sleep.c:25:
/home/satory-ra/Android/kernel/android_kernel_oukitel_orange/drivers/misc/mediatek/mach/mt6735/include/mach/upmu_hw.h:277:0: note: this is the location of the previous definition
 #define MT6328_VLTE_CON8             ((MT6328_PMIC_REG_BASE+0x04D4))
 ^
In file included from drivers/misc/mediatek/spm/mt6735/mt_spm_sleep.c:40:0:
drivers/misc/mediatek/spm/mt6735/../../pmic_wrap/mt6735/pwrap_hal.h:673:0: warning: "MT6328_VLTE_CON9" redefined
 #define MT6328_VLTE_CON9             ((UINT32)(MT6328_PMIC_REG_BASE+0x04D6))
 ^
In file included from /home/satory-ra/Android/kernel/android_kernel_oukitel_orange/drivers/misc/mediatek/mach/mt6735/include/mach/upmu_common.h:7:0,
                 from drivers/misc/mediatek/spm/mt6735/mt_spm_sleep.c:25:
/home/satory-ra/Android/kernel/android_kernel_oukitel_orange/drivers/misc/mediatek/mach/mt6735/include/mach/upmu_hw.h:278:0: note: this is the location of the previous definition
 #define MT6328_VLTE_CON9             ((MT6328_PMIC_REG_BASE+0x04D6))
 ^
In file included from drivers/misc/mediatek/spm/mt6735/mt_spm_sleep.c:40:0:
drivers/misc/mediatek/spm/mt6735/../../pmic_wrap/mt6735/pwrap_hal.h:674:0: warning: "MT6328_VLTE_CON10" redefined
 #define MT6328_VLTE_CON10            ((UINT32)(MT6328_PMIC_REG_BASE+0x04D8))
 ^
In file included from /home/satory-ra/Android/kernel/android_kernel_oukitel_orange/drivers/misc/mediatek/mach/mt6735/include/mach/upmu_common.h:7:0,
                 from drivers/misc/mediatek/spm/mt6735/mt_spm_sleep.c:25:
/home/satory-ra/Android/kernel/android_kernel_oukitel_orange/drivers/misc/mediatek/mach/mt6735/include/mach/upmu_hw.h:279:0: note: this is the location of the previous definition
 #define MT6328_VLTE_CON10            ((MT6328_PMIC_REG_BASE+0x04D8))
 ^
In file included from drivers/misc/mediatek/spm/mt6735/mt_spm_sleep.c:40:0:
drivers/misc/mediatek/spm/mt6735/../../pmic_wrap/mt6735/pwrap_hal.h:675:0: warning: "MT6328_VLTE_CON11" redefined
 #define MT6328_VLTE_CON11            ((UINT32)(MT6328_PMIC_REG_BASE+0x04DA))
 ^
In file included from /home/satory-ra/Android/kernel/android_kernel_oukitel_orange/drivers/misc/mediatek/mach/mt6735/include/mach/upmu_common.h:7:0,
                 from drivers/misc/mediatek/spm/mt6735/mt_spm_sleep.c:25:
/home/satory-ra/Android/kernel/android_kernel_oukitel_orange/drivers/misc/mediatek/mach/mt6735/include/mach/upmu_hw.h:280:0: note: this is the location of the previous definition
 #define MT6328_VLTE_CON11            ((MT6328_PMIC_REG_BASE+0x04DA))
 ^
In file included from drivers/misc/mediatek/spm/mt6735/mt_spm_sleep.c:40:0:
drivers/misc/mediatek/spm/mt6735/../../pmic_wrap/mt6735/pwrap_hal.h:676:0: warning: "MT6328_VLTE_CON12" redefined
 #define MT6328_VLTE_CON12            ((UINT32)(MT6328_PMIC_REG_BASE+0x04DC))
 ^
In file included from /home/satory-ra/Android/kernel/android_kernel_oukitel_orange/drivers/misc/mediatek/mach/mt6735/include/mach/upmu_common.h:7:0,
                 from drivers/misc/mediatek/spm/mt6735/mt_spm_sleep.c:25:
/home/satory-ra/Android/kernel/android_kernel_oukitel_orange/drivers/misc/mediatek/mach/mt6735/include/mach/upmu_hw.h:281:0: note: this is the location of the previous definition
 #define MT6328_VLTE_CON12            ((MT6328_PMIC_REG_BASE+0x04DC))
 ^
In file included from drivers/misc/mediatek/spm/mt6735/mt_spm_sleep.c:40:0:
drivers/misc/mediatek/spm/mt6735/../../pmic_wrap/mt6735/pwrap_hal.h:677:0: warning: "MT6328_VLTE_CON13" redefined
 #define MT6328_VLTE_CON13            ((UINT32)(MT6328_PMIC_REG_BASE+0x04DE))
 ^
In file included from /home/satory-ra/Android/kernel/android_kernel_oukitel_orange/drivers/misc/mediatek/mach/mt6735/include/mach/upmu_common.h:7:0,
                 from drivers/misc/mediatek/spm/mt6735/mt_spm_sleep.c:25:
/home/satory-ra/Android/kernel/android_kernel_oukitel_orange/drivers/misc/mediatek/mach/mt6735/include/mach/upmu_hw.h:282:0: note: this is the location of the previous definition
 #define MT6328_VLTE_CON13            ((MT6328_PMIC_REG_BASE+0x04DE))
 ^
In file included from drivers/misc/mediatek/spm/mt6735/mt_spm_sleep.c:40:0:
drivers/misc/mediatek/spm/mt6735/../../pmic_wrap/mt6735/pwrap_hal.h:678:0: warning: "MT6328_VLTE_CON14" redefined
 #define MT6328_VLTE_CON14            ((UINT32)(MT6328_PMIC_REG_BASE+0x04E0))
 ^
In file included from /home/satory-ra/Android/kernel/android_kernel_oukitel_orange/drivers/misc/mediatek/mach/mt6735/include/mach/upmu_common.h:7:0,
                 from drivers/misc/mediatek/spm/mt6735/mt_spm_sleep.c:25:
/home/satory-ra/Android/kernel/android_kernel_oukitel_orange/drivers/misc/mediatek/mach/mt6735/include/mach/upmu_hw.h:283:0: note: this is the location of the previous definition
 #define MT6328_VLTE_CON14            ((MT6328_PMIC_REG_BASE+0x04E0))
 ^
In file included from drivers/misc/mediatek/spm/mt6735/mt_spm_sleep.c:40:0:
drivers/misc/mediatek/spm/mt6735/../../pmic_wrap/mt6735/pwrap_hal.h:679:0: warning: "MT6328_VLTE_CON15" redefined
 #define MT6328_VLTE_CON15            ((UINT32)(MT6328_PMIC_REG_BASE+0x04E2))
 ^
In file included from /home/satory-ra/Android/kernel/android_kernel_oukitel_orange/drivers/misc/mediatek/mach/mt6735/include/mach/upmu_common.h:7:0,
                 from drivers/misc/mediatek/spm/mt6735/mt_spm_sleep.c:25:
/home/satory-ra/Android/kernel/android_kernel_oukitel_orange/drivers/misc/mediatek/mach/mt6735/include/mach/upmu_hw.h:284:0: note: this is the location of the previous definition
 #define MT6328_VLTE_CON15            ((MT6328_PMIC_REG_BASE+0x04E2))
 ^
In file included from drivers/misc/mediatek/spm/mt6735/mt_spm_sleep.c:40:0:
drivers/misc/mediatek/spm/mt6735/../../pmic_wrap/mt6735/pwrap_hal.h:680:0: warning: "MT6328_VLTE_CON16" redefined
 #define MT6328_VLTE_CON16            ((UINT32)(MT6328_PMIC_REG_BASE+0x04E4))
 ^
In file included from /home/satory-ra/Android/kernel/android_kernel_oukitel_orange/drivers/misc/mediatek/mach/mt6735/include/mach/upmu_common.h:7:0,
                 from drivers/misc/mediatek/spm/mt6735/mt_spm_sleep.c:25:
/home/satory-ra/Android/kernel/android_kernel_oukitel_orange/drivers/misc/mediatek/mach/mt6735/include/mach/upmu_hw.h:285:0: note: this is the location of the previous definition
 #define MT6328_VLTE_CON16            ((MT6328_PMIC_REG_BASE+0x04E4))
 ^
In file included from drivers/misc/mediatek/spm/mt6735/mt_spm_sleep.c:40:0:
drivers/misc/mediatek/spm/mt6735/../../pmic_wrap/mt6735/pwrap_hal.h:681:0: warning: "MT6328_VLTE_CON17" redefined
 #define MT6328_VLTE_CON17            ((UINT32)(MT6328_PMIC_REG_BASE+0x04E6))
 ^
In file included from /home/satory-ra/Android/kernel/android_kernel_oukitel_orange/drivers/misc/mediatek/mach/mt6735/include/mach/upmu_common.h:7:0,
                 from drivers/misc/mediatek/spm/mt6735/mt_spm_sleep.c:25:
/home/satory-ra/Android/kernel/android_kernel_oukitel_orange/drivers/misc/mediatek/mach/mt6735/include/mach/upmu_hw.h:286:0: note: this is the location of the previous definition
 #define MT6328_VLTE_CON17            ((MT6328_PMIC_REG_BASE+0x04E6))
 ^
In file included from drivers/misc/mediatek/spm/mt6735/mt_spm_sleep.c:40:0:
drivers/misc/mediatek/spm/mt6735/../../pmic_wrap/mt6735/pwrap_hal.h:682:0: warning: "MT6328_VLTE_CON18" redefined
 #define MT6328_VLTE_CON18            ((UINT32)(MT6328_PMIC_REG_BASE+0x04E8))
 ^
In file included from /home/satory-ra/Android/kernel/android_kernel_oukitel_orange/drivers/misc/mediatek/mach/mt6735/include/mach/upmu_common.h:7:0,
                 from drivers/misc/mediatek/spm/mt6735/mt_spm_sleep.c:25:
/home/satory-ra/Android/kernel/android_kernel_oukitel_orange/drivers/misc/mediatek/mach/mt6735/include/mach/upmu_hw.h:287:0: note: this is the location of the previous definition
 #define MT6328_VLTE_CON18            ((MT6328_PMIC_REG_BASE+0x04E8))
 ^
In file included from drivers/misc/mediatek/spm/mt6735/mt_spm_sleep.c:40:0:
drivers/misc/mediatek/spm/mt6735/../../pmic_wrap/mt6735/pwrap_hal.h:683:0: warning: "MT6328_VLTE_CON19" redefined
 #define MT6328_VLTE_CON19            ((UINT32)(MT6328_PMIC_REG_BASE+0x04EA))
 ^
In file included from /home/satory-ra/Android/kernel/android_kernel_oukitel_orange/drivers/misc/mediatek/mach/mt6735/include/mach/upmu_common.h:7:0,
                 from drivers/misc/mediatek/spm/mt6735/mt_spm_sleep.c:25:
/home/satory-ra/Android/kernel/android_kernel_oukitel_orange/drivers/misc/mediatek/mach/mt6735/include/mach/upmu_hw.h:288:0: note: this is the location of the previous definition
 #define MT6328_VLTE_CON19            ((MT6328_PMIC_REG_BASE+0x04EA))
 ^
In file included from drivers/misc/mediatek/spm/mt6735/mt_spm_sleep.c:40:0:
drivers/misc/mediatek/spm/mt6735/../../pmic_wrap/mt6735/pwrap_hal.h:684:0: warning: "MT6328_VCORE1_CON0" redefined
 #define MT6328_VCORE1_CON0           ((UINT32)(MT6328_PMIC_REG_BASE+0x0600))
 ^
In file included from /home/satory-ra/Android/kernel/android_kernel_oukitel_orange/drivers/misc/mediatek/mach/mt6735/include/mach/upmu_common.h:7:0,
                 from drivers/misc/mediatek/spm/mt6735/mt_spm_sleep.c:25:
/home/satory-ra/Android/kernel/android_kernel_oukitel_orange/drivers/misc/mediatek/mach/mt6735/include/mach/upmu_hw.h:289:0: note: this is the location of the previous definition
 #define MT6328_VCORE1_CON0           ((MT6328_PMIC_REG_BASE+0x0600))
 ^
In file included from drivers/misc/mediatek/spm/mt6735/mt_spm_sleep.c:40:0:
drivers/misc/mediatek/spm/mt6735/../../pmic_wrap/mt6735/pwrap_hal.h:685:0: warning: "MT6328_VCORE1_CON7" redefined
 #define MT6328_VCORE1_CON7           ((UINT32)(MT6328_PMIC_REG_BASE+0x060E))
 ^
In file included from /home/satory-ra/Android/kernel/android_kernel_oukitel_orange/drivers/misc/mediatek/mach/mt6735/include/mach/upmu_common.h:7:0,
                 from drivers/misc/mediatek/spm/mt6735/mt_spm_sleep.c:25:
/home/satory-ra/Android/kernel/android_kernel_oukitel_orange/drivers/misc/mediatek/mach/mt6735/include/mach/upmu_hw.h:296:0: note: this is the location of the previous definition
 #define MT6328_VCORE1_CON7           ((MT6328_PMIC_REG_BASE+0x060E))
 ^
In file included from drivers/misc/mediatek/spm/mt6735/mt_spm_sleep.c:40:0:
drivers/misc/mediatek/spm/mt6735/../../pmic_wrap/mt6735/pwrap_hal.h:686:0: warning: "MT6328_VCORE1_CON8" redefined
 #define MT6328_VCORE1_CON8           ((UINT32)(MT6328_PMIC_REG_BASE+0x0610))
 ^
In file included from /home/satory-ra/Android/kernel/android_kernel_oukitel_orange/drivers/misc/mediatek/mach/mt6735/include/mach/upmu_common.h:7:0,
                 from drivers/misc/mediatek/spm/mt6735/mt_spm_sleep.c:25:
/home/satory-ra/Android/kernel/android_kernel_oukitel_orange/drivers/misc/mediatek/mach/mt6735/include/mach/upmu_hw.h:297:0: note: this is the location of the previous definition
 #define MT6328_VCORE1_CON8           ((MT6328_PMIC_REG_BASE+0x0610))
 ^
In file included from drivers/misc/mediatek/spm/mt6735/mt_spm_sleep.c:40:0:
drivers/misc/mediatek/spm/mt6735/../../pmic_wrap/mt6735/pwrap_hal.h:687:0: warning: "MT6328_VCORE1_CON9" redefined
 #define MT6328_VCORE1_CON9           ((UINT32)(MT6328_PMIC_REG_BASE+0x0612))
 ^
In file included from /home/satory-ra/Android/kernel/android_kernel_oukitel_orange/drivers/misc/mediatek/mach/mt6735/include/mach/upmu_common.h:7:0,
                 from drivers/misc/mediatek/spm/mt6735/mt_spm_sleep.c:25:
/home/satory-ra/Android/kernel/android_kernel_oukitel_orange/drivers/misc/mediatek/mach/mt6735/include/mach/upmu_hw.h:298:0: note: this is the location of the previous definition
 #define MT6328_VCORE1_CON9           ((MT6328_PMIC_REG_BASE+0x0612))
 ^
In file included from drivers/misc/mediatek/spm/mt6735/mt_spm_sleep.c:40:0:
drivers/misc/mediatek/spm/mt6735/../../pmic_wrap/mt6735/pwrap_hal.h:688:0: warning: "MT6328_VCORE1_CON10" redefined
 #define MT6328_VCORE1_CON10          ((UINT32)(MT6328_PMIC_REG_BASE+0x0614))
 ^
In file included from /home/satory-ra/Android/kernel/android_kernel_oukitel_orange/drivers/misc/mediatek/mach/mt6735/include/mach/upmu_common.h:7:0,
                 from drivers/misc/mediatek/spm/mt6735/mt_spm_sleep.c:25:
/home/satory-ra/Android/kernel/android_kernel_oukitel_orange/drivers/misc/mediatek/mach/mt6735/include/mach/upmu_hw.h:299:0: note: this is the location of the previous definition
 #define MT6328_VCORE1_CON10          ((MT6328_PMIC_REG_BASE+0x0614))
 ^
In file included from drivers/misc/mediatek/spm/mt6735/mt_spm_sleep.c:40:0:
drivers/misc/mediatek/spm/mt6735/../../pmic_wrap/mt6735/pwrap_hal.h:689:0: warning: "MT6328_VCORE1_CON11" redefined
 #define MT6328_VCORE1_CON11          ((UINT32)(MT6328_PMIC_REG_BASE+0x0616))
 ^
In file included from /home/satory-ra/Android/kernel/android_kernel_oukitel_orange/drivers/misc/mediatek/mach/mt6735/include/mach/upmu_common.h:7:0,
                 from drivers/misc/mediatek/spm/mt6735/mt_spm_sleep.c:25:
/home/satory-ra/Android/kernel/android_kernel_oukitel_orange/drivers/misc/mediatek/mach/mt6735/include/mach/upmu_hw.h:300:0: note: this is the location of the previous definition
 #define MT6328_VCORE1_CON11          ((MT6328_PMIC_REG_BASE+0x0616))
 ^
In file included from drivers/misc/mediatek/spm/mt6735/mt_spm_sleep.c:40:0:
drivers/misc/mediatek/spm/mt6735/../../pmic_wrap/mt6735/pwrap_hal.h:690:0: warning: "MT6328_VCORE1_CON12" redefined
 #define MT6328_VCORE1_CON12          ((UINT32)(MT6328_PMIC_REG_BASE+0x0618))
 ^
In file included from /home/satory-ra/Android/kernel/android_kernel_oukitel_orange/drivers/misc/mediatek/mach/mt6735/include/mach/upmu_common.h:7:0,
                 from drivers/misc/mediatek/spm/mt6735/mt_spm_sleep.c:25:
/home/satory-ra/Android/kernel/android_kernel_oukitel_orange/drivers/misc/mediatek/mach/mt6735/include/mach/upmu_hw.h:301:0: note: this is the location of the previous definition
 #define MT6328_VCORE1_CON12          ((MT6328_PMIC_REG_BASE+0x0618))
 ^
In file included from drivers/misc/mediatek/spm/mt6735/mt_spm_sleep.c:40:0:
drivers/misc/mediatek/spm/mt6735/../../pmic_wrap/mt6735/pwrap_hal.h:691:0: warning: "MT6328_VCORE1_CON13" redefined
 #define MT6328_VCORE1_CON13          ((UINT32)(MT6328_PMIC_REG_BASE+0x061A))
 ^
In file included from /home/satory-ra/Android/kernel/android_kernel_oukitel_orange/drivers/misc/mediatek/mach/mt6735/include/mach/upmu_common.h:7:0,
                 from drivers/misc/mediatek/spm/mt6735/mt_spm_sleep.c:25:
/home/satory-ra/Android/kernel/android_kernel_oukitel_orange/drivers/misc/mediatek/mach/mt6735/include/mach/upmu_hw.h:302:0: note: this is the location of the previous definition
 #define MT6328_VCORE1_CON13          ((MT6328_PMIC_REG_BASE+0x061A))
 ^
In file included from drivers/misc/mediatek/spm/mt6735/mt_spm_sleep.c:40:0:
drivers/misc/mediatek/spm/mt6735/../../pmic_wrap/mt6735/pwrap_hal.h:692:0: warning: "MT6328_VCORE1_CON14" redefined
 #define MT6328_VCORE1_CON14          ((UINT32)(MT6328_PMIC_REG_BASE+0x061C))
 ^
In file included from /home/satory-ra/Android/kernel/android_kernel_oukitel_orange/drivers/misc/mediatek/mach/mt6735/include/mach/upmu_common.h:7:0,
                 from drivers/misc/mediatek/spm/mt6735/mt_spm_sleep.c:25:
/home/satory-ra/Android/kernel/android_kernel_oukitel_orange/drivers/misc/mediatek/mach/mt6735/include/mach/upmu_hw.h:303:0: note: this is the location of the previous definition
 #define MT6328_VCORE1_CON14          ((MT6328_PMIC_REG_BASE+0x061C))
 ^
In file included from drivers/misc/mediatek/spm/mt6735/mt_spm_sleep.c:40:0:
drivers/misc/mediatek/spm/mt6735/../../pmic_wrap/mt6735/pwrap_hal.h:693:0: warning: "MT6328_VCORE1_CON15" redefined
 #define MT6328_VCORE1_CON15          ((UINT32)(MT6328_PMIC_REG_BASE+0x061E))
 ^
In file included from /home/satory-ra/Android/kernel/android_kernel_oukitel_orange/drivers/misc/mediatek/mach/mt6735/include/mach/upmu_common.h:7:0,
                 from drivers/misc/mediatek/spm/mt6735/mt_spm_sleep.c:25:
/home/satory-ra/Android/kernel/android_kernel_oukitel_orange/drivers/misc/mediatek/mach/mt6735/include/mach/upmu_hw.h:304:0: note: this is the location of the previous definition
 #define MT6328_VCORE1_CON15          ((MT6328_PMIC_REG_BASE+0x061E))
 ^
In file included from drivers/misc/mediatek/spm/mt6735/mt_spm_sleep.c:40:0:
drivers/misc/mediatek/spm/mt6735/../../pmic_wrap/mt6735/pwrap_hal.h:694:0: warning: "MT6328_VCORE1_CON16" redefined
 #define MT6328_VCORE1_CON16          ((UINT32)(MT6328_PMIC_REG_BASE+0x0620))
 ^
In file included from /home/satory-ra/Android/kernel/android_kernel_oukitel_orange/drivers/misc/mediatek/mach/mt6735/include/mach/upmu_common.h:7:0,
                 from drivers/misc/mediatek/spm/mt6735/mt_spm_sleep.c:25:
/home/satory-ra/Android/kernel/android_kernel_oukitel_orange/drivers/misc/mediatek/mach/mt6735/include/mach/upmu_hw.h:305:0: note: this is the location of the previous definition
 #define MT6328_VCORE1_CON16          ((MT6328_PMIC_REG_BASE+0x0620))
 ^
In file included from drivers/misc/mediatek/spm/mt6735/mt_spm_sleep.c:40:0:
drivers/misc/mediatek/spm/mt6735/../../pmic_wrap/mt6735/pwrap_hal.h:695:0: warning: "MT6328_VCORE1_CON17" redefined
 #define MT6328_VCORE1_CON17          ((UINT32)(MT6328_PMIC_REG_BASE+0x0622))
 ^
In file included from /home/satory-ra/Android/kernel/android_kernel_oukitel_orange/drivers/misc/mediatek/mach/mt6735/include/mach/upmu_common.h:7:0,
                 from drivers/misc/mediatek/spm/mt6735/mt_spm_sleep.c:25:
/home/satory-ra/Android/kernel/android_kernel_oukitel_orange/drivers/misc/mediatek/mach/mt6735/include/mach/upmu_hw.h:306:0: note: this is the location of the previous definition
 #define MT6328_VCORE1_CON17          ((MT6328_PMIC_REG_BASE+0x0622))
 ^
In file included from drivers/misc/mediatek/spm/mt6735/mt_spm_sleep.c:40:0:
drivers/misc/mediatek/spm/mt6735/../../pmic_wrap/mt6735/pwrap_hal.h:696:0: warning: "MT6328_VCORE1_CON18" redefined
 #define MT6328_VCORE1_CON18          ((UINT32)(MT6328_PMIC_REG_BASE+0x0624))
 ^
In file included from /home/satory-ra/Android/kernel/android_kernel_oukitel_orange/drivers/misc/mediatek/mach/mt6735/include/mach/upmu_common.h:7:0,
                 from drivers/misc/mediatek/spm/mt6735/mt_spm_sleep.c:25:
/home/satory-ra/Android/kernel/android_kernel_oukitel_orange/drivers/misc/mediatek/mach/mt6735/include/mach/upmu_hw.h:307:0: note: this is the location of the previous definition
 #define MT6328_VCORE1_CON18          ((MT6328_PMIC_REG_BASE+0x0624))
 ^
In file included from drivers/misc/mediatek/spm/mt6735/mt_spm_sleep.c:40:0:
drivers/misc/mediatek/spm/mt6735/../../pmic_wrap/mt6735/pwrap_hal.h:697:0: warning: "MT6328_VCORE1_CON19" redefined
 #define MT6328_VCORE1_CON19          ((UINT32)(MT6328_PMIC_REG_BASE+0x0626))
 ^
In file included from /home/satory-ra/Android/kernel/android_kernel_oukitel_orange/drivers/misc/mediatek/mach/mt6735/include/mach/upmu_common.h:7:0,
                 from drivers/misc/mediatek/spm/mt6735/mt_spm_sleep.c:25:
/home/satory-ra/Android/kernel/android_kernel_oukitel_orange/drivers/misc/mediatek/mach/mt6735/include/mach/upmu_hw.h:308:0: note: this is the location of the previous definition
 #define MT6328_VCORE1_CON19          ((MT6328_PMIC_REG_BASE+0x0626))
 ^
In file included from drivers/misc/mediatek/spm/mt6735/mt_spm_sleep.c:40:0:
drivers/misc/mediatek/spm/mt6735/../../pmic_wrap/mt6735/pwrap_hal.h:698:0: warning: "MT6328_VSYS22_CON0" redefined
 #define MT6328_VSYS22_CON0           ((UINT32)(MT6328_PMIC_REG_BASE+0x0628))
 ^
In file included from /home/satory-ra/Android/kernel/android_kernel_oukitel_orange/drivers/misc/mediatek/mach/mt6735/include/mach/upmu_common.h:7:0,
                 from drivers/misc/mediatek/spm/mt6735/mt_spm_sleep.c:25:
/home/satory-ra/Android/kernel/android_kernel_oukitel_orange/drivers/misc/mediatek/mach/mt6735/include/mach/upmu_hw.h:309:0: note: this is the location of the previous definition
 #define MT6328_VSYS22_CON0           ((MT6328_PMIC_REG_BASE+0x0628))
 ^
In file included from drivers/misc/mediatek/spm/mt6735/mt_spm_sleep.c:40:0:
drivers/misc/mediatek/spm/mt6735/../../pmic_wrap/mt6735/pwrap_hal.h:699:0: warning: "MT6328_VSYS22_CON7" redefined
 #define MT6328_VSYS22_CON7           ((UINT32)(MT6328_PMIC_REG_BASE+0x0636))
 ^
In file included from /home/satory-ra/Android/kernel/android_kernel_oukitel_orange/drivers/misc/mediatek/mach/mt6735/include/mach/upmu_common.h:7:0,
                 from drivers/misc/mediatek/spm/mt6735/mt_spm_sleep.c:25:
/home/satory-ra/Android/kernel/android_kernel_oukitel_orange/drivers/misc/mediatek/mach/mt6735/include/mach/upmu_hw.h:316:0: note: this is the location of the previous definition
 #define MT6328_VSYS22_CON7           ((MT6328_PMIC_REG_BASE+0x0636))
 ^
In file included from drivers/misc/mediatek/spm/mt6735/mt_spm_sleep.c:40:0:
drivers/misc/mediatek/spm/mt6735/../../pmic_wrap/mt6735/pwrap_hal.h:700:0: warning: "MT6328_VSYS22_CON8" redefined
 #define MT6328_VSYS22_CON8           ((UINT32)(MT6328_PMIC_REG_BASE+0x0638))
 ^
In file included from /home/satory-ra/Android/kernel/android_kernel_oukitel_orange/drivers/misc/mediatek/mach/mt6735/include/mach/upmu_common.h:7:0,
                 from drivers/misc/mediatek/spm/mt6735/mt_spm_sleep.c:25:
/home/satory-ra/Android/kernel/android_kernel_oukitel_orange/drivers/misc/mediatek/mach/mt6735/include/mach/upmu_hw.h:317:0: note: this is the location of the previous definition
 #define MT6328_VSYS22_CON8           ((MT6328_PMIC_REG_BASE+0x0638))
 ^
In file included from drivers/misc/mediatek/spm/mt6735/mt_spm_sleep.c:40:0:
drivers/misc/mediatek/spm/mt6735/../../pmic_wrap/mt6735/pwrap_hal.h:701:0: warning: "MT6328_VSYS22_CON9" redefined
 #define MT6328_VSYS22_CON9           ((UINT32)(MT6328_PMIC_REG_BASE+0x063A))
 ^
In file included from /home/satory-ra/Android/kernel/android_kernel_oukitel_orange/drivers/misc/mediatek/mach/mt6735/include/mach/upmu_common.h:7:0,
                 from drivers/misc/mediatek/spm/mt6735/mt_spm_sleep.c:25:
/home/satory-ra/Android/kernel/android_kernel_oukitel_orange/drivers/misc/mediatek/mach/mt6735/include/mach/upmu_hw.h:318:0: note: this is the location of the previous definition
 #define MT6328_VSYS22_CON9           ((MT6328_PMIC_REG_BASE+0x063A))
 ^
In file included from drivers/misc/mediatek/spm/mt6735/mt_spm_sleep.c:40:0:
drivers/misc/mediatek/spm/mt6735/../../pmic_wrap/mt6735/pwrap_hal.h:702:0: warning: "MT6328_VSYS22_CON10" redefined
 #define MT6328_VSYS22_CON10          ((UINT32)(MT6328_PMIC_REG_BASE+0x063C))
 ^
In file included from /home/satory-ra/Android/kernel/android_kernel_oukitel_orange/drivers/misc/mediatek/mach/mt6735/include/mach/upmu_common.h:7:0,
                 from drivers/misc/mediatek/spm/mt6735/mt_spm_sleep.c:25:
/home/satory-ra/Android/kernel/android_kernel_oukitel_orange/drivers/misc/mediatek/mach/mt6735/include/mach/upmu_hw.h:319:0: note: this is the location of the previous definition
 #define MT6328_VSYS22_CON10          ((MT6328_PMIC_REG_BASE+0x063C))
 ^
In file included from drivers/misc/mediatek/spm/mt6735/mt_spm_sleep.c:40:0:
drivers/misc/mediatek/spm/mt6735/../../pmic_wrap/mt6735/pwrap_hal.h:703:0: warning: "MT6328_VSYS22_CON11" redefined
 #define MT6328_VSYS22_CON11          ((UINT32)(MT6328_PMIC_REG_BASE+0x063E))
 ^
In file included from /home/satory-ra/Android/kernel/android_kernel_oukitel_orange/drivers/misc/mediatek/mach/mt6735/include/mach/upmu_common.h:7:0,
                 from drivers/misc/mediatek/spm/mt6735/mt_spm_sleep.c:25:
/home/satory-ra/Android/kernel/android_kernel_oukitel_orange/drivers/misc/mediatek/mach/mt6735/include/mach/upmu_hw.h:320:0: note: this is the location of the previous definition
 #define MT6328_VSYS22_CON11          ((MT6328_PMIC_REG_BASE+0x063E))
 ^
In file included from drivers/misc/mediatek/spm/mt6735/mt_spm_sleep.c:40:0:
drivers/misc/mediatek/spm/mt6735/../../pmic_wrap/mt6735/pwrap_hal.h:704:0: warning: "MT6328_VSYS22_CON12" redefined
 #define MT6328_VSYS22_CON12          ((UINT32)(MT6328_PMIC_REG_BASE+0x0640))
 ^
In file included from /home/satory-ra/Android/kernel/android_kernel_oukitel_orange/drivers/misc/mediatek/mach/mt6735/include/mach/upmu_common.h:7:0,
                 from drivers/misc/mediatek/spm/mt6735/mt_spm_sleep.c:25:
/home/satory-ra/Android/kernel/android_kernel_oukitel_orange/drivers/misc/mediatek/mach/mt6735/include/mach/upmu_hw.h:321:0: note: this is the location of the previous definition
 #define MT6328_VSYS22_CON12          ((MT6328_PMIC_REG_BASE+0x0640))
 ^
In file included from drivers/misc/mediatek/spm/mt6735/mt_spm_sleep.c:40:0:
drivers/misc/mediatek/spm/mt6735/../../pmic_wrap/mt6735/pwrap_hal.h:705:0: warning: "MT6328_VSYS22_CON13" redefined
 #define MT6328_VSYS22_CON13          ((UINT32)(MT6328_PMIC_REG_BASE+0x0642))
 ^
In file included from /home/satory-ra/Android/kernel/android_kernel_oukitel_orange/drivers/misc/mediatek/mach/mt6735/include/mach/upmu_common.h:7:0,
                 from drivers/misc/mediatek/spm/mt6735/mt_spm_sleep.c:25:
/home/satory-ra/Android/kernel/android_kernel_oukitel_orange/drivers/misc/mediatek/mach/mt6735/include/mach/upmu_hw.h:322:0: note: this is the location of the previous definition
 #define MT6328_VSYS22_CON13          ((MT6328_PMIC_REG_BASE+0x0642))
 ^
In file included from drivers/misc/mediatek/spm/mt6735/mt_spm_sleep.c:40:0:
drivers/misc/mediatek/spm/mt6735/../../pmic_wrap/mt6735/pwrap_hal.h:706:0: warning: "MT6328_VSYS22_CON14" redefined
 #define MT6328_VSYS22_CON14          ((UINT32)(MT6328_PMIC_REG_BASE+0x0644))
 ^
In file included from /home/satory-ra/Android/kernel/android_kernel_oukitel_orange/drivers/misc/mediatek/mach/mt6735/include/mach/upmu_common.h:7:0,
                 from drivers/misc/mediatek/spm/mt6735/mt_spm_sleep.c:25:
/home/satory-ra/Android/kernel/android_kernel_oukitel_orange/drivers/misc/mediatek/mach/mt6735/include/mach/upmu_hw.h:323:0: note: this is the location of the previous definition
 #define MT6328_VSYS22_CON14          ((MT6328_PMIC_REG_BASE+0x0644))
 ^
In file included from drivers/misc/mediatek/spm/mt6735/mt_spm_sleep.c:40:0:
drivers/misc/mediatek/spm/mt6735/../../pmic_wrap/mt6735/pwrap_hal.h:707:0: warning: "MT6328_VSYS22_CON15" redefined
 #define MT6328_VSYS22_CON15          ((UINT32)(MT6328_PMIC_REG_BASE+0x0646))
 ^
In file included from /home/satory-ra/Android/kernel/android_kernel_oukitel_orange/drivers/misc/mediatek/mach/mt6735/include/mach/upmu_common.h:7:0,
                 from drivers/misc/mediatek/spm/mt6735/mt_spm_sleep.c:25:
/home/satory-ra/Android/kernel/android_kernel_oukitel_orange/drivers/misc/mediatek/mach/mt6735/include/mach/upmu_hw.h:324:0: note: this is the location of the previous definition
 #define MT6328_VSYS22_CON15          ((MT6328_PMIC_REG_BASE+0x0646))
 ^
In file included from drivers/misc/mediatek/spm/mt6735/mt_spm_sleep.c:40:0:
drivers/misc/mediatek/spm/mt6735/../../pmic_wrap/mt6735/pwrap_hal.h:708:0: warning: "MT6328_VSYS22_CON16" redefined
 #define MT6328_VSYS22_CON16          ((UINT32)(MT6328_PMIC_REG_BASE+0x0648))
 ^
In file included from /home/satory-ra/Android/kernel/android_kernel_oukitel_orange/drivers/misc/mediatek/mach/mt6735/include/mach/upmu_common.h:7:0,
                 from drivers/misc/mediatek/spm/mt6735/mt_spm_sleep.c:25:
/home/satory-ra/Android/kernel/android_kernel_oukitel_orange/drivers/misc/mediatek/mach/mt6735/include/mach/upmu_hw.h:325:0: note: this is the location of the previous definition
 #define MT6328_VSYS22_CON16          ((MT6328_PMIC_REG_BASE+0x0648))
 ^
In file included from drivers/misc/mediatek/spm/mt6735/mt_spm_sleep.c:40:0:
drivers/misc/mediatek/spm/mt6735/../../pmic_wrap/mt6735/pwrap_hal.h:709:0: warning: "MT6328_VSYS22_CON17" redefined
 #define MT6328_VSYS22_CON17          ((UINT32)(MT6328_PMIC_REG_BASE+0x064A))
 ^
In file included from /home/satory-ra/Android/kernel/android_kernel_oukitel_orange/drivers/misc/mediatek/mach/mt6735/include/mach/upmu_common.h:7:0,
                 from drivers/misc/mediatek/spm/mt6735/mt_spm_sleep.c:25:
/home/satory-ra/Android/kernel/android_kernel_oukitel_orange/drivers/misc/mediatek/mach/mt6735/include/mach/upmu_hw.h:326:0: note: this is the location of the previous definition
 #define MT6328_VSYS22_CON17          ((MT6328_PMIC_REG_BASE+0x064A))
 ^
In file included from drivers/misc/mediatek/spm/mt6735/mt_spm_sleep.c:40:0:
drivers/misc/mediatek/spm/mt6735/../../pmic_wrap/mt6735/pwrap_hal.h:710:0: warning: "MT6328_VSYS22_CON18" redefined
 #define MT6328_VSYS22_CON18          ((UINT32)(MT6328_PMIC_REG_BASE+0x064C))
 ^
In file included from /home/satory-ra/Android/kernel/android_kernel_oukitel_orange/drivers/misc/mediatek/mach/mt6735/include/mach/upmu_common.h:7:0,
                 from drivers/misc/mediatek/spm/mt6735/mt_spm_sleep.c:25:
/home/satory-ra/Android/kernel/android_kernel_oukitel_orange/drivers/misc/mediatek/mach/mt6735/include/mach/upmu_hw.h:327:0: note: this is the location of the previous definition
 #define MT6328_VSYS22_CON18          ((MT6328_PMIC_REG_BASE+0x064C))
 ^
In file included from drivers/misc/mediatek/spm/mt6735/mt_spm_sleep.c:40:0:
drivers/misc/mediatek/spm/mt6735/../../pmic_wrap/mt6735/pwrap_hal.h:711:0: warning: "MT6328_VSYS22_CON19" redefined
 #define MT6328_VSYS22_CON19          ((UINT32)(MT6328_PMIC_REG_BASE+0x064E))
 ^
In file included from drivers/misc/mediatek/thermal/mtk_cooler_shutdown.c:7:0:
drivers/misc/mediatek/thermal/mtk_cooler_shutdown.c: In function '_mtk_cl_sd_rst_write':
drivers/misc/mediatek/uart/uart.c: In function 'mtk_uart_history_store':
In file included from /home/satory-ra/Android/kernel/android_kernel_oukitel_orange/drivers/misc/mediatek/mach/mt6735/include/mach/upmu_common.h:7:0,
                 from drivers/misc/mediatek/spm/mt6735/mt_spm_sleep.c:25:
/home/satory-ra/Android/kernel/android_kernel_oukitel_orange/drivers/misc/mediatek/mach/mt6735/include/mach/upmu_hw.h:328:0: note: this is the location of the previous definition
 #define MT6328_VSYS22_CON19          ((MT6328_PMIC_REG_BASE+0x064E))
 ^
In file included from drivers/misc/mediatek/spm/mt6735/mt_spm_sleep.c:40:0:
drivers/misc/mediatek/spm/mt6735/../../pmic_wrap/mt6735/pwrap_hal.h:712:0: warning: "MT6328_VPA_CON0" redefined
 #define MT6328_VPA_CON0              ((UINT32)(MT6328_PMIC_REG_BASE+0x0650))
 ^
In file included from /home/satory-ra/Android/kernel/android_kernel_oukitel_orange/drivers/misc/mediatek/mach/mt6735/include/mach/upmu_common.h:7:0,
                 from drivers/misc/mediatek/spm/mt6735/mt_spm_sleep.c:25:
/home/satory-ra/Android/kernel/android_kernel_oukitel_orange/drivers/misc/mediatek/mach/mt6735/include/mach/upmu_hw.h:329:0: note: this is the location of the previous definition
 #define MT6328_VPA_CON0              ((MT6328_PMIC_REG_BASE+0x0650))
 ^
In file included from drivers/misc/mediatek/spm/mt6735/mt_spm_sleep.c:40:0:
drivers/misc/mediatek/spm/mt6735/../../pmic_wrap/mt6735/pwrap_hal.h:713:0: warning: "MT6328_VPA_CON7" redefined
 #define MT6328_VPA_CON7              ((UINT32)(MT6328_PMIC_REG_BASE+0x065E))
 ^
In file included from /home/satory-ra/Android/kernel/android_kernel_oukitel_orange/drivers/misc/mediatek/mach/mt6735/include/mach/upmu_common.h:7:0,
                 from drivers/misc/mediatek/spm/mt6735/mt_spm_sleep.c:25:
/home/satory-ra/Android/kernel/android_kernel_oukitel_orange/drivers/misc/mediatek/mach/mt6735/include/mach/upmu_hw.h:336:0: note: this is the location of the previous definition
 #define MT6328_VPA_CON7              ((MT6328_PMIC_REG_BASE+0x065E))
 ^
In file included from drivers/misc/mediatek/spm/mt6735/mt_spm_sleep.c:40:0:
drivers/misc/mediatek/spm/mt6735/../../pmic_wrap/mt6735/pwrap_hal.h:714:0: warning: "MT6328_VPA_CON8" redefined
 #define MT6328_VPA_CON8              ((UINT32)(MT6328_PMIC_REG_BASE+0x0660))
 ^
In file included from /home/satory-ra/Android/kernel/android_kernel_oukitel_orange/drivers/misc/mediatek/mach/mt6735/include/mach/upmu_common.h:7:0,
                 from drivers/misc/mediatek/spm/mt6735/mt_spm_sleep.c:25:
/home/satory-ra/Android/kernel/android_kernel_oukitel_orange/drivers/misc/mediatek/mach/mt6735/include/mach/upmu_hw.h:337:0: note: this is the location of the previous definition
 #define MT6328_VPA_CON8              ((MT6328_PMIC_REG_BASE+0x0660))
 ^
In file included from drivers/misc/mediatek/spm/mt6735/mt_spm_sleep.c:40:0:
drivers/misc/mediatek/spm/mt6735/../../pmic_wrap/mt6735/pwrap_hal.h:715:0: warning: "MT6328_VPA_CON9" redefined
 #define MT6328_VPA_CON9              ((UINT32)(MT6328_PMIC_REG_BASE+0x0662))
 ^
In file included from /home/satory-ra/Android/kernel/android_kernel_oukitel_orange/drivers/misc/mediatek/mach/mt6735/include/mach/upmu_common.h:7:0,
                 from drivers/misc/mediatek/spm/mt6735/mt_spm_sleep.c:25:
/home/satory-ra/Android/kernel/android_kernel_oukitel_orange/drivers/misc/mediatek/mach/mt6735/include/mach/upmu_hw.h:338:0: note: this is the location of the previous definition
 #define MT6328_VPA_CON9              ((MT6328_PMIC_REG_BASE+0x0662))
 ^
In file included from drivers/misc/mediatek/spm/mt6735/mt_spm_sleep.c:40:0:
drivers/misc/mediatek/spm/mt6735/../../pmic_wrap/mt6735/pwrap_hal.h:716:0: warning: "MT6328_VPA_CON10" redefined
 #define MT6328_VPA_CON10             ((UINT32)(MT6328_PMIC_REG_BASE+0x0664))
 ^
In file included from /home/satory-ra/Android/kernel/android_kernel_oukitel_orange/drivers/misc/mediatek/mach/mt6735/include/mach/upmu_common.h:7:0,
                 from drivers/misc/mediatek/spm/mt6735/mt_spm_sleep.c:25:
/home/satory-ra/Android/kernel/android_kernel_oukitel_orange/drivers/misc/mediatek/mach/mt6735/include/mach/upmu_hw.h:339:0: note: this is the location of the previous definition
 #define MT6328_VPA_CON10             ((MT6328_PMIC_REG_BASE+0x0664))
 ^
In file included from drivers/misc/mediatek/spm/mt6735/mt_spm_sleep.c:40:0:
drivers/misc/mediatek/spm/mt6735/../../pmic_wrap/mt6735/pwrap_hal.h:717:0: warning: "MT6328_VPA_CON11" redefined
 #define MT6328_VPA_CON11             ((UINT32)(MT6328_PMIC_REG_BASE+0x0666))
 ^
In file included from /home/satory-ra/Android/kernel/android_kernel_oukitel_orange/drivers/misc/mediatek/mach/mt6735/include/mach/upmu_common.h:7:0,
                 from drivers/misc/mediatek/spm/mt6735/mt_spm_sleep.c:25:
/home/satory-ra/Android/kernel/android_kernel_oukitel_orange/drivers/misc/mediatek/mach/mt6735/include/mach/upmu_hw.h:340:0: note: this is the location of the previous definition
 #define MT6328_VPA_CON11             ((MT6328_PMIC_REG_BASE+0x0666))
 ^
In file included from drivers/misc/mediatek/spm/mt6735/mt_spm_sleep.c:40:0:
drivers/misc/mediatek/spm/mt6735/../../pmic_wrap/mt6735/pwrap_hal.h:718:0: warning: "MT6328_VPA_CON12" redefined
 #define MT6328_VPA_CON12             ((UINT32)(MT6328_PMIC_REG_BASE+0x0668))
 ^
In file included from /home/satory-ra/Android/kernel/android_kernel_oukitel_orange/drivers/misc/mediatek/mach/mt6735/include/mach/upmu_common.h:7:0,
                 from drivers/misc/mediatek/spm/mt6735/mt_spm_sleep.c:25:
/home/satory-ra/Android/kernel/android_kernel_oukitel_orange/drivers/misc/mediatek/mach/mt6735/include/mach/upmu_hw.h:341:0: note: this is the location of the previous definition
 #define MT6328_VPA_CON12             ((MT6328_PMIC_REG_BASE+0x0668))
 ^
In file included from drivers/misc/mediatek/spm/mt6735/mt_spm_sleep.c:40:0:
drivers/misc/mediatek/spm/mt6735/../../pmic_wrap/mt6735/pwrap_hal.h:719:0: warning: "MT6328_VPA_CON13" redefined
 #define MT6328_VPA_CON13             ((UINT32)(MT6328_PMIC_REG_BASE+0x066A))
 ^
In file included from /home/satory-ra/Android/kernel/android_kernel_oukitel_orange/drivers/misc/mediatek/mach/mt6735/include/mach/upmu_common.h:7:0,
                 from drivers/misc/mediatek/spm/mt6735/mt_spm_sleep.c:25:
/home/satory-ra/Android/kernel/android_kernel_oukitel_orange/drivers/misc/mediatek/mach/mt6735/include/mach/upmu_hw.h:342:0: note: this is the location of the previous definition
 #define MT6328_VPA_CON13             ((MT6328_PMIC_REG_BASE+0x066A))
 ^
In file included from drivers/misc/mediatek/spm/mt6735/mt_spm_sleep.c:40:0:
drivers/misc/mediatek/spm/mt6735/../../pmic_wrap/mt6735/pwrap_hal.h:720:0: warning: "MT6328_VPA_CON14" redefined
 #define MT6328_VPA_CON14             ((UINT32)(MT6328_PMIC_REG_BASE+0x066C))
 ^
In file included from /home/satory-ra/Android/kernel/android_kernel_oukitel_orange/drivers/misc/mediatek/mach/mt6735/include/mach/upmu_common.h:7:0,
                 from drivers/misc/mediatek/spm/mt6735/mt_spm_sleep.c:25:
/home/satory-ra/Android/kernel/android_kernel_oukitel_orange/drivers/misc/mediatek/mach/mt6735/include/mach/upmu_hw.h:343:0: note: this is the location of the previous definition
 #define MT6328_VPA_CON14             ((MT6328_PMIC_REG_BASE+0x066C))
 ^
In file included from drivers/misc/mediatek/spm/mt6735/mt_spm_sleep.c:40:0:
drivers/misc/mediatek/spm/mt6735/../../pmic_wrap/mt6735/pwrap_hal.h:721:0: warning: "MT6328_VPA_CON15" redefined
 #define MT6328_VPA_CON15             ((UINT32)(MT6328_PMIC_REG_BASE+0x066E))
 ^
In file included from /home/satory-ra/Android/kernel/android_kernel_oukitel_orange/drivers/misc/mediatek/mach/mt6735/include/mach/upmu_common.h:7:0,
                 from drivers/misc/mediatek/spm/mt6735/mt_spm_sleep.c:25:
/home/satory-ra/Android/kernel/android_kernel_oukitel_orange/drivers/misc/mediatek/mach/mt6735/include/mach/upmu_hw.h:344:0: note: this is the location of the previous definition
 #define MT6328_VPA_CON15             ((MT6328_PMIC_REG_BASE+0x066E))
 ^
In file included from drivers/misc/mediatek/spm/mt6735/mt_spm_sleep.c:40:0:
drivers/misc/mediatek/spm/mt6735/../../pmic_wrap/mt6735/pwrap_hal.h:722:0: warning: "MT6328_VPA_CON16" redefined
 #define MT6328_VPA_CON16             ((UINT32)(MT6328_PMIC_REG_BASE+0x0670))
 ^
In file included from /home/satory-ra/Android/kernel/android_kernel_oukitel_orange/drivers/misc/mediatek/mach/mt6735/include/mach/upmu_common.h:7:0,
                 from drivers/misc/mediatek/spm/mt6735/mt_spm_sleep.c:25:
/home/satory-ra/Android/kernel/android_kernel_oukitel_orange/drivers/misc/mediatek/mach/mt6735/include/mach/upmu_hw.h:345:0: note: this is the location of the previous definition
 #define MT6328_VPA_CON16             ((MT6328_PMIC_REG_BASE+0x0670))
 ^
In file included from drivers/misc/mediatek/spm/mt6735/mt_spm_sleep.c:40:0:
drivers/misc/mediatek/spm/mt6735/../../pmic_wrap/mt6735/pwrap_hal.h:723:0: warning: "MT6328_VPA_CON17" redefined
 #define MT6328_VPA_CON17             ((UINT32)(MT6328_PMIC_REG_BASE+0x0672))
 ^
In file included from /home/satory-ra/Android/kernel/android_kernel_oukitel_orange/drivers/misc/mediatek/mach/mt6735/include/mach/upmu_common.h:7:0,
                 from drivers/misc/mediatek/spm/mt6735/mt_spm_sleep.c:25:
/home/satory-ra/Android/kernel/android_kernel_oukitel_orange/drivers/misc/mediatek/mach/mt6735/include/mach/upmu_hw.h:346:0: note: this is the location of the previous definition
 #define MT6328_VPA_CON17             ((MT6328_PMIC_REG_BASE+0x0672))
 ^
In file included from drivers/misc/mediatek/spm/mt6735/mt_spm_sleep.c:40:0:
drivers/misc/mediatek/spm/mt6735/../../pmic_wrap/mt6735/pwrap_hal.h:724:0: warning: "MT6328_VPA_CON18" redefined
 #define MT6328_VPA_CON18             ((UINT32)(MT6328_PMIC_REG_BASE+0x0674))
 ^
In file included from /home/satory-ra/Android/kernel/android_kernel_oukitel_orange/drivers/misc/mediatek/mach/mt6735/include/mach/upmu_common.h:7:0,
                 from drivers/misc/mediatek/spm/mt6735/mt_spm_sleep.c:25:
/home/satory-ra/Android/kernel/android_kernel_oukitel_orange/drivers/misc/mediatek/mach/mt6735/include/mach/upmu_hw.h:347:0: note: this is the location of the previous definition
 #define MT6328_VPA_CON18             ((MT6328_PMIC_REG_BASE+0x0674))
 ^
In file included from drivers/misc/mediatek/spm/mt6735/mt_spm_sleep.c:40:0:
drivers/misc/mediatek/spm/mt6735/../../pmic_wrap/mt6735/pwrap_hal.h:725:0: warning: "MT6328_VPA_CON19" redefined
 #define MT6328_VPA_CON19             ((UINT32)(MT6328_PMIC_REG_BASE+0x0676))
 ^
In file included from /home/satory-ra/Android/kernel/android_kernel_oukitel_orange/drivers/misc/mediatek/mach/mt6735/include/mach/upmu_common.h:7:0,
                 from drivers/misc/mediatek/spm/mt6735/mt_spm_sleep.c:25:
/home/satory-ra/Android/kernel/android_kernel_oukitel_orange/drivers/misc/mediatek/mach/mt6735/include/mach/upmu_hw.h:348:0: note: this is the location of the previous definition
 #define MT6328_VPA_CON19             ((MT6328_PMIC_REG_BASE+0x0676))
 ^
In file included from drivers/misc/mediatek/spm/mt6735/mt_spm_sleep.c:40:0:
drivers/misc/mediatek/spm/mt6735/../../pmic_wrap/mt6735/pwrap_hal.h:726:0: warning: "MT6328_VPA_CON20" redefined
 #define MT6328_VPA_CON20             ((UINT32)(MT6328_PMIC_REG_BASE+0x0678))
 ^
In file included from /home/satory-ra/Android/kernel/android_kernel_oukitel_orange/drivers/misc/mediatek/mach/mt6735/include/mach/upmu_common.h:7:0,
                 from drivers/misc/mediatek/spm/mt6735/mt_spm_sleep.c:25:
/home/satory-ra/Android/kernel/android_kernel_oukitel_orange/drivers/misc/mediatek/mach/mt6735/include/mach/upmu_hw.h:349:0: note: this is the location of the previous definition
 #define MT6328_VPA_CON20             ((MT6328_PMIC_REG_BASE+0x0678))
 ^
In file included from drivers/misc/mediatek/spm/mt6735/mt_spm_sleep.c:40:0:
drivers/misc/mediatek/spm/mt6735/../../pmic_wrap/mt6735/pwrap_hal.h:727:0: warning: "MT6328_VPA_CON21" redefined
 #define MT6328_VPA_CON21             ((UINT32)(MT6328_PMIC_REG_BASE+0x067A))
 ^
In file included from /home/satory-ra/Android/kernel/android_kernel_oukitel_orange/drivers/misc/mediatek/mach/mt6735/include/mach/upmu_common.h:7:0,
                 from drivers/misc/mediatek/spm/mt6735/mt_spm_sleep.c:25:
/home/satory-ra/Android/kernel/android_kernel_oukitel_orange/drivers/misc/mediatek/mach/mt6735/include/mach/upmu_hw.h:350:0: note: this is the location of the previous definition
 #define MT6328_VPA_CON21             ((MT6328_PMIC_REG_BASE+0x067A))
 ^
In file included from drivers/misc/mediatek/spm/mt6735/mt_spm_sleep.c:40:0:
drivers/misc/mediatek/spm/mt6735/../../pmic_wrap/mt6735/pwrap_hal.h:728:0: warning: "MT6328_VPA_CON22" redefined
 #define MT6328_VPA_CON22             ((UINT32)(MT6328_PMIC_REG_BASE+0x067C))
 ^
In file included from /home/satory-ra/Android/kernel/android_kernel_oukitel_orange/drivers/misc/mediatek/mach/mt6735/include/mach/upmu_common.h:7:0,
                 from drivers/misc/mediatek/spm/mt6735/mt_spm_sleep.c:25:
/home/satory-ra/Android/kernel/android_kernel_oukitel_orange/drivers/misc/mediatek/mach/mt6735/include/mach/upmu_hw.h:351:0: note: this is the location of the previous definition
 #define MT6328_VPA_CON22             ((MT6328_PMIC_REG_BASE+0x067C))
 ^
In file included from drivers/misc/mediatek/spm/mt6735/mt_spm_sleep.c:40:0:
drivers/misc/mediatek/spm/mt6735/../../pmic_wrap/mt6735/pwrap_hal.h:729:0: warning: "MT6328_VPA_CON23" redefined
 #define MT6328_VPA_CON23             ((UINT32)(MT6328_PMIC_REG_BASE+0x067E))
 ^
In file included from /home/satory-ra/Android/kernel/android_kernel_oukitel_orange/drivers/misc/mediatek/mach/mt6735/include/mach/upmu_common.h:7:0,
                 from drivers/misc/mediatek/spm/mt6735/mt_spm_sleep.c:25:
/home/satory-ra/Android/kernel/android_kernel_oukitel_orange/drivers/misc/mediatek/mach/mt6735/include/mach/upmu_hw.h:352:0: note: this is the location of the previous definition
 #define MT6328_VPA_CON23             ((MT6328_PMIC_REG_BASE+0x067E))
 ^
In file included from drivers/misc/mediatek/spm/mt6735/mt_spm_sleep.c:40:0:
drivers/misc/mediatek/spm/mt6735/../../pmic_wrap/mt6735/pwrap_hal.h:730:0: warning: "MT6328_VPA_CON24" redefined
 #define MT6328_VPA_CON24             ((UINT32)(MT6328_PMIC_REG_BASE+0x0680))
 ^
In file included from /home/satory-ra/Android/kernel/android_kernel_oukitel_orange/drivers/misc/mediatek/mach/mt6735/include/mach/upmu_common.h:7:0,
                 from drivers/misc/mediatek/spm/mt6735/mt_spm_sleep.c:25:
/home/satory-ra/Android/kernel/android_kernel_oukitel_orange/drivers/misc/mediatek/mach/mt6735/include/mach/upmu_hw.h:353:0: note: this is the location of the previous definition
 #define MT6328_VPA_CON24             ((MT6328_PMIC_REG_BASE+0x0680))
 ^
In file included from drivers/misc/mediatek/spm/mt6735/mt_spm_sleep.c:40:0:
drivers/misc/mediatek/spm/mt6735/../../pmic_wrap/mt6735/pwrap_hal.h:731:0: warning: "MT6328_BUCK_K_CON0" redefined
 #define MT6328_BUCK_K_CON0           ((UINT32)(MT6328_PMIC_REG_BASE+0x0682))
 ^
In file included from /home/satory-ra/Android/kernel/android_kernel_oukitel_orange/drivers/misc/mediatek/mach/mt6735/include/mach/upmu_common.h:7:0,
                 from drivers/misc/mediatek/spm/mt6735/mt_spm_sleep.c:25:
/home/satory-ra/Android/kernel/android_kernel_oukitel_orange/drivers/misc/mediatek/mach/mt6735/include/mach/upmu_hw.h:354:0: note: this is the location of the previous definition
 #define MT6328_BUCK_K_CON0           ((MT6328_PMIC_REG_BASE+0x0682))
 ^
In file included from drivers/misc/mediatek/spm/mt6735/mt_spm_sleep.c:40:0:
drivers/misc/mediatek/spm/mt6735/../../pmic_wrap/mt6735/pwrap_hal.h:732:0: warning: "MT6328_BUCK_K_CON1" redefined
 #define MT6328_BUCK_K_CON1           ((UINT32)(MT6328_PMIC_REG_BASE+0x0684))
 ^
In file included from /home/satory-ra/Android/kernel/android_kernel_oukitel_orange/drivers/misc/mediatek/mach/mt6735/include/mach/upmu_common.h:7:0,
                 from drivers/misc/mediatek/spm/mt6735/mt_spm_sleep.c:25:
/home/satory-ra/Android/kernel/android_kernel_oukitel_orange/drivers/misc/mediatek/mach/mt6735/include/mach/upmu_hw.h:355:0: note: this is the location of the previous definition
 #define MT6328_BUCK_K_CON1           ((MT6328_PMIC_REG_BASE+0x0684))
 ^
In file included from drivers/misc/mediatek/spm/mt6735/mt_spm_sleep.c:40:0:
drivers/misc/mediatek/spm/mt6735/../../pmic_wrap/mt6735/pwrap_hal.h:733:0: warning: "MT6328_BUCK_K_CON2" redefined
 #define MT6328_BUCK_K_CON2           ((UINT32)(MT6328_PMIC_REG_BASE+0x0686))
 ^
In file included from /home/satory-ra/Android/kernel/android_kernel_oukitel_orange/drivers/misc/mediatek/mach/mt6735/include/mach/upmu_common.h:7:0,
                 from drivers/misc/mediatek/spm/mt6735/mt_spm_sleep.c:25:
/home/satory-ra/Android/kernel/android_kernel_oukitel_orange/drivers/misc/mediatek/mach/mt6735/include/mach/upmu_hw.h:356:0: note: this is the location of the previous definition
 #define MT6328_BUCK_K_CON2           ((MT6328_PMIC_REG_BASE+0x0686))
 ^
In file included from drivers/misc/mediatek/spm/mt6735/mt_spm_sleep.c:40:0:
drivers/misc/mediatek/spm/mt6735/../../pmic_wrap/mt6735/pwrap_hal.h:734:0: warning: "MT6328_BUCK_K_CON3" redefined
 #define MT6328_BUCK_K_CON3           ((UINT32)(MT6328_PMIC_REG_BASE+0x0688))
 ^
In file included from /home/satory-ra/Android/kernel/android_kernel_oukitel_orange/drivers/misc/mediatek/mach/mt6735/include/mach/upmu_common.h:7:0,
                 from drivers/misc/mediatek/spm/mt6735/mt_spm_sleep.c:25:
/home/satory-ra/Android/kernel/android_kernel_oukitel_orange/drivers/misc/mediatek/mach/mt6735/include/mach/upmu_hw.h:357:0: note: this is the location of the previous definition
 #define MT6328_BUCK_K_CON3           ((MT6328_PMIC_REG_BASE+0x0688))
 ^
In file included from drivers/misc/mediatek/spm/mt6735/mt_spm_sleep.c:40:0:
drivers/misc/mediatek/spm/mt6735/../../pmic_wrap/mt6735/pwrap_hal.h:735:0: warning: "MT6328_ZCD_CON0" redefined
 #define MT6328_ZCD_CON0              ((UINT32)(MT6328_PMIC_REG_BASE+0x0800))
 ^
In file included from /home/satory-ra/Android/kernel/android_kernel_oukitel_orange/drivers/misc/mediatek/mach/mt6735/include/mach/upmu_common.h:7:0,
                 from drivers/misc/mediatek/spm/mt6735/mt_spm_sleep.c:25:
/home/satory-ra/Android/kernel/android_kernel_oukitel_orange/drivers/misc/mediatek/mach/mt6735/include/mach/upmu_hw.h:358:0: note: this is the location of the previous definition
 #define MT6328_ZCD_CON0              ((MT6328_PMIC_REG_BASE+0x0800))
 ^
In file included from drivers/misc/mediatek/spm/mt6735/mt_spm_sleep.c:40:0:
drivers/misc/mediatek/spm/mt6735/../../pmic_wrap/mt6735/pwrap_hal.h:736:0: warning: "MT6328_ZCD_CON1" redefined
 #define MT6328_ZCD_CON1              ((UINT32)(MT6328_PMIC_REG_BASE+0x0802))
 ^
In file included from /home/satory-ra/Android/kernel/android_kernel_oukitel_orange/drivers/misc/mediatek/mach/mt6735/include/mach/upmu_common.h:7:0,
                 from drivers/misc/mediatek/spm/mt6735/mt_spm_sleep.c:25:
/home/satory-ra/Android/kernel/android_kernel_oukitel_orange/drivers/misc/mediatek/mach/mt6735/include/mach/upmu_hw.h:359:0: note: this is the location of the previous definition
 #define MT6328_ZCD_CON1              ((MT6328_PMIC_REG_BASE+0x0802))
 ^
In file included from drivers/misc/mediatek/spm/mt6735/mt_spm_sleep.c:40:0:
drivers/misc/mediatek/spm/mt6735/../../pmic_wrap/mt6735/pwrap_hal.h:737:0: warning: "MT6328_ZCD_CON2" redefined
 #define MT6328_ZCD_CON2              ((UINT32)(MT6328_PMIC_REG_BASE+0x0804))
 ^
In file included from /home/satory-ra/Android/kernel/android_kernel_oukitel_orange/drivers/misc/mediatek/mach/mt6735/include/mach/upmu_common.h:7:0,
                 from drivers/misc/mediatek/spm/mt6735/mt_spm_sleep.c:25:
/home/satory-ra/Android/kernel/android_kernel_oukitel_orange/drivers/misc/mediatek/mach/mt6735/include/mach/upmu_hw.h:360:0: note: this is the location of the previous definition
 #define MT6328_ZCD_CON2              ((MT6328_PMIC_REG_BASE+0x0804))
 ^
In file included from drivers/misc/mediatek/spm/mt6735/mt_spm_sleep.c:40:0:
drivers/misc/mediatek/spm/mt6735/../../pmic_wrap/mt6735/pwrap_hal.h:738:0: warning: "MT6328_ZCD_CON3" redefined
 #define MT6328_ZCD_CON3              ((UINT32)(MT6328_PMIC_REG_BASE+0x0806))
 ^
In file included from /home/satory-ra/Android/kernel/android_kernel_oukitel_orange/drivers/misc/mediatek/mach/mt6735/include/mach/upmu_common.h:7:0,
                 from drivers/misc/mediatek/spm/mt6735/mt_spm_sleep.c:25:
/home/satory-ra/Android/kernel/android_kernel_oukitel_orange/drivers/misc/mediatek/mach/mt6735/include/mach/upmu_hw.h:361:0: note: this is the location of the previous definition
 #define MT6328_ZCD_CON3              ((MT6328_PMIC_REG_BASE+0x0806))
 ^
In file included from drivers/misc/mediatek/spm/mt6735/mt_spm_sleep.c:40:0:
drivers/misc/mediatek/spm/mt6735/../../pmic_wrap/mt6735/pwrap_hal.h:739:0: warning: "MT6328_ZCD_CON4" redefined
 #define MT6328_ZCD_CON4              ((UINT32)(MT6328_PMIC_REG_BASE+0x0808))
 ^
In file included from /home/satory-ra/Android/kernel/android_kernel_oukitel_orange/drivers/misc/mediatek/mach/mt6735/include/mach/upmu_common.h:7:0,
                 from drivers/misc/mediatek/spm/mt6735/mt_spm_sleep.c:25:
/home/satory-ra/Android/kernel/android_kernel_oukitel_orange/drivers/misc/mediatek/mach/mt6735/include/mach/upmu_hw.h:362:0: note: this is the location of the previous definition
 #define MT6328_ZCD_CON4              ((MT6328_PMIC_REG_BASE+0x0808))
 ^
In file included from drivers/misc/mediatek/spm/mt6735/mt_spm_sleep.c:40:0:
drivers/misc/mediatek/spm/mt6735/../../pmic_wrap/mt6735/pwrap_hal.h:740:0: warning: "MT6328_ZCD_CON5" redefined
 #define MT6328_ZCD_CON5              ((UINT32)(MT6328_PMIC_REG_BASE+0x080A))
 ^
In file included from /home/satory-ra/Android/kernel/android_kernel_oukitel_orange/drivers/misc/mediatek/mach/mt6735/include/mach/upmu_common.h:7:0,
                 from drivers/misc/mediatek/spm/mt6735/mt_spm_sleep.c:25:
/home/satory-ra/Android/kernel/android_kernel_oukitel_orange/drivers/misc/mediatek/mach/mt6735/include/mach/upmu_hw.h:363:0: note: this is the location of the previous definition
 #define MT6328_ZCD_CON5              ((MT6328_PMIC_REG_BASE+0x080A))
 ^
In file included from drivers/misc/mediatek/spm/mt6735/mt_spm_sleep.c:40:0:
drivers/misc/mediatek/spm/mt6735/../../pmic_wrap/mt6735/pwrap_hal.h:741:0: warning: "MT6328_ISINK0_CON0" redefined
 #define MT6328_ISINK0_CON0           ((UINT32)(MT6328_PMIC_REG_BASE+0x080C))
 ^
In file included from /home/satory-ra/Android/kernel/android_kernel_oukitel_orange/drivers/misc/mediatek/mach/mt6735/include/mach/upmu_common.h:7:0,
                 from drivers/misc/mediatek/spm/mt6735/mt_spm_sleep.c:25:
/home/satory-ra/Android/kernel/android_kernel_oukitel_orange/drivers/misc/mediatek/mach/mt6735/include/mach/upmu_hw.h:364:0: note: this is the location of the previous definition
 #define MT6328_ISINK0_CON0           ((MT6328_PMIC_REG_BASE+0x080C))
 ^
In file included from drivers/misc/mediatek/spm/mt6735/mt_spm_sleep.c:40:0:
drivers/misc/mediatek/spm/mt6735/../../pmic_wrap/mt6735/pwrap_hal.h:742:0: warning: "MT6328_ISINK0_CON1" redefined
 #define MT6328_ISINK0_CON1           ((UINT32)(MT6328_PMIC_REG_BASE+0x080E))
 ^
In file included from /home/satory-ra/Android/kernel/android_kernel_oukitel_orange/drivers/misc/mediatek/mach/mt6735/include/mach/upmu_common.h:7:0,
                 from drivers/misc/mediatek/spm/mt6735/mt_spm_sleep.c:25:
/home/satory-ra/Android/kernel/android_kernel_oukitel_orange/drivers/misc/mediatek/mach/mt6735/include/mach/upmu_hw.h:365:0: note: this is the location of the previous definition
 #define MT6328_ISINK0_CON1           ((MT6328_PMIC_REG_BASE+0x080E))
 ^
In file included from drivers/misc/mediatek/spm/mt6735/mt_spm_sleep.c:40:0:
drivers/misc/mediatek/spm/mt6735/../../pmic_wrap/mt6735/pwrap_hal.h:743:0: warning: "MT6328_ISINK0_CON2" redefined
 #define MT6328_ISINK0_CON2           ((UINT32)(MT6328_PMIC_REG_BASE+0x0810))
 ^
In file included from /home/satory-ra/Android/kernel/android_kernel_oukitel_orange/drivers/misc/mediatek/mach/mt6735/include/mach/upmu_common.h:7:0,
                 from drivers/misc/mediatek/spm/mt6735/mt_spm_sleep.c:25:
/home/satory-ra/Android/kernel/android_kernel_oukitel_orange/drivers/misc/mediatek/mach/mt6735/include/mach/upmu_hw.h:366:0: note: this is the location of the previous definition
 #define MT6328_ISINK0_CON2           ((MT6328_PMIC_REG_BASE+0x0810))
 ^
In file included from drivers/misc/mediatek/spm/mt6735/mt_spm_sleep.c:40:0:
drivers/misc/mediatek/spm/mt6735/../../pmic_wrap/mt6735/pwrap_hal.h:744:0: warning: "MT6328_ISINK0_CON3" redefined
 #define MT6328_ISINK0_CON3           ((UINT32)(MT6328_PMIC_REG_BASE+0x0812))
 ^
In file included from /home/satory-ra/Android/kernel/android_kernel_oukitel_orange/drivers/misc/mediatek/mach/mt6735/include/mach/upmu_common.h:7:0,
                 from drivers/misc/mediatek/spm/mt6735/mt_spm_sleep.c:25:
/home/satory-ra/Android/kernel/android_kernel_oukitel_orange/drivers/misc/mediatek/mach/mt6735/include/mach/upmu_hw.h:367:0: note: this is the location of the previous definition
 #define MT6328_ISINK0_CON3           ((MT6328_PMIC_REG_BASE+0x0812))
 ^
In file included from drivers/misc/mediatek/spm/mt6735/mt_spm_sleep.c:40:0:
drivers/misc/mediatek/spm/mt6735/../../pmic_wrap/mt6735/pwrap_hal.h:745:0: warning: "MT6328_ISINK1_CON0" redefined
 #define MT6328_ISINK1_CON0           ((UINT32)(MT6328_PMIC_REG_BASE+0x0814))
 ^
In file included from /home/satory-ra/Android/kernel/android_kernel_oukitel_orange/drivers/misc/mediatek/mach/mt6735/include/mach/upmu_common.h:7:0,
                 from drivers/misc/mediatek/spm/mt6735/mt_spm_sleep.c:25:
/home/satory-ra/Android/kernel/android_kernel_oukitel_orange/drivers/misc/mediatek/mach/mt6735/include/mach/upmu_hw.h:368:0: note: this is the location of the previous definition
 #define MT6328_ISINK1_CON0           ((MT6328_PMIC_REG_BASE+0x0814))
 ^
In file included from drivers/misc/mediatek/spm/mt6735/mt_spm_sleep.c:40:0:
drivers/misc/mediatek/spm/mt6735/../../pmic_wrap/mt6735/pwrap_hal.h:746:0: warning: "MT6328_ISINK1_CON1" redefined
 #define MT6328_ISINK1_CON1           ((UINT32)(MT6328_PMIC_REG_BASE+0x0816))
 ^
In file included from /home/satory-ra/Android/kernel/android_kernel_oukitel_orange/drivers/misc/mediatek/mach/mt6735/include/mach/upmu_common.h:7:0,
                 from drivers/misc/mediatek/spm/mt6735/mt_spm_sleep.c:25:
/home/satory-ra/Android/kernel/android_kernel_oukitel_orange/drivers/misc/mediatek/mach/mt6735/include/mach/upmu_hw.h:369:0: note: this is the location of the previous definition
 #define MT6328_ISINK1_CON1           ((MT6328_PMIC_REG_BASE+0x0816))
 ^
In file included from drivers/misc/mediatek/spm/mt6735/mt_spm_sleep.c:40:0:
drivers/misc/mediatek/spm/mt6735/../../pmic_wrap/mt6735/pwrap_hal.h:747:0: warning: "MT6328_ISINK1_CON2" redefined
 #define MT6328_ISINK1_CON2           ((UINT32)(MT6328_PMIC_REG_BASE+0x0818))
 ^
In file included from /home/satory-ra/Android/kernel/android_kernel_oukitel_orange/drivers/misc/mediatek/mach/mt6735/include/mach/upmu_common.h:7:0,
                 from drivers/misc/mediatek/spm/mt6735/mt_spm_sleep.c:25:
/home/satory-ra/Android/kernel/android_kernel_oukitel_orange/drivers/misc/mediatek/mach/mt6735/include/mach/upmu_hw.h:370:0: note: this is the location of the previous definition
 #define MT6328_ISINK1_CON2           ((MT6328_PMIC_REG_BASE+0x0818))
 ^
In file included from drivers/misc/mediatek/spm/mt6735/mt_spm_sleep.c:40:0:
drivers/misc/mediatek/spm/mt6735/../../pmic_wrap/mt6735/pwrap_hal.h:748:0: warning: "MT6328_ISINK1_CON3" redefined
 #define MT6328_ISINK1_CON3           ((UINT32)(MT6328_PMIC_REG_BASE+0x081A))
 ^
In file included from /home/satory-ra/Android/kernel/android_kernel_oukitel_orange/drivers/misc/mediatek/mach/mt6735/include/mach/upmu_common.h:7:0,
                 from drivers/misc/mediatek/spm/mt6735/mt_spm_sleep.c:25:
/home/satory-ra/Android/kernel/android_kernel_oukitel_orange/drivers/misc/mediatek/mach/mt6735/include/mach/upmu_hw.h:371:0: note: this is the location of the previous definition
 #define MT6328_ISINK1_CON3           ((MT6328_PMIC_REG_BASE+0x081A))
 ^
In file included from drivers/misc/mediatek/spm/mt6735/mt_spm_sleep.c:40:0:
drivers/misc/mediatek/spm/mt6735/../../pmic_wrap/mt6735/pwrap_hal.h:749:0: warning: "MT6328_ISINK2_CON1" redefined
 #define MT6328_ISINK2_CON1           ((UINT32)(MT6328_PMIC_REG_BASE+0x081C))
 ^
In file included from /home/satory-ra/Android/kernel/android_kernel_oukitel_orange/drivers/misc/mediatek/mach/mt6735/include/mach/upmu_common.h:7:0,
                 from drivers/misc/mediatek/spm/mt6735/mt_spm_sleep.c:25:
/home/satory-ra/Android/kernel/android_kernel_oukitel_orange/drivers/misc/mediatek/mach/mt6735/include/mach/upmu_hw.h:372:0: note: this is the location of the previous definition
 #define MT6328_ISINK2_CON1           ((MT6328_PMIC_REG_BASE+0x081C))
 ^
In file included from drivers/misc/mediatek/spm/mt6735/mt_spm_sleep.c:40:0:
drivers/misc/mediatek/spm/mt6735/../../pmic_wrap/mt6735/pwrap_hal.h:750:0: warning: "MT6328_ISINK3_CON1" redefined
 #define MT6328_ISINK3_CON1           ((UINT32)(MT6328_PMIC_REG_BASE+0x081E))
 ^
In file included from /home/satory-ra/Android/kernel/android_kernel_oukitel_orange/drivers/misc/mediatek/mach/mt6735/include/mach/upmu_common.h:7:0,
                 from drivers/misc/mediatek/spm/mt6735/mt_spm_sleep.c:25:
/home/satory-ra/Android/kernel/android_kernel_oukitel_orange/drivers/misc/mediatek/mach/mt6735/include/mach/upmu_hw.h:373:0: note: this is the location of the previous definition
 #define MT6328_ISINK3_CON1           ((MT6328_PMIC_REG_BASE+0x081E))
 ^
In file included from drivers/misc/mediatek/spm/mt6735/mt_spm_sleep.c:40:0:
drivers/misc/mediatek/spm/mt6735/../../pmic_wrap/mt6735/pwrap_hal.h:751:0: warning: "MT6328_ISINK_ANA0" redefined
 #define MT6328_ISINK_ANA0            ((UINT32)(MT6328_PMIC_REG_BASE+0x0820))
 ^
In file included from /home/satory-ra/Android/kernel/android_kernel_oukitel_orange/drivers/misc/mediatek/mach/mt6735/include/mach/upmu_common.h:7:0,
                 from drivers/misc/mediatek/spm/mt6735/mt_spm_sleep.c:25:
/home/satory-ra/Android/kernel/android_kernel_oukitel_orange/drivers/misc/mediatek/mach/mt6735/include/mach/upmu_hw.h:374:0: note: this is the location of the previous definition
 #define MT6328_ISINK_ANA0            ((MT6328_PMIC_REG_BASE+0x0820))
 ^
In file included from drivers/misc/mediatek/spm/mt6735/mt_spm_sleep.c:40:0:
drivers/misc/mediatek/spm/mt6735/../../pmic_wrap/mt6735/pwrap_hal.h:752:0: warning: "MT6328_ISINK_ANA1" redefined
 #define MT6328_ISINK_ANA1            ((UINT32)(MT6328_PMIC_REG_BASE+0x0822))
 ^
In file included from /home/satory-ra/Android/kernel/android_kernel_oukitel_orange/drivers/misc/mediatek/mach/mt6735/include/mach/upmu_common.h:7:0,
                 from drivers/misc/mediatek/spm/mt6735/mt_spm_sleep.c:25:
/home/satory-ra/Android/kernel/android_kernel_oukitel_orange/drivers/misc/mediatek/mach/mt6735/include/mach/upmu_hw.h:375:0: note: this is the location of the previous definition
 #define MT6328_ISINK_ANA1            ((MT6328_PMIC_REG_BASE+0x0822))
 ^
In file included from drivers/misc/mediatek/spm/mt6735/mt_spm_sleep.c:40:0:
drivers/misc/mediatek/spm/mt6735/../../pmic_wrap/mt6735/pwrap_hal.h:753:0: warning: "MT6328_ISINK_PHASE_DLY" redefined
 #define MT6328_ISINK_PHASE_DLY       ((UINT32)(MT6328_PMIC_REG_BASE+0x0824))
 ^
In file included from /home/satory-ra/Android/kernel/android_kernel_oukitel_orange/drivers/misc/mediatek/mach/mt6735/include/mach/upmu_common.h:7:0,
                 from drivers/misc/mediatek/spm/mt6735/mt_spm_sleep.c:25:
/home/satory-ra/Android/kernel/android_kernel_oukitel_orange/drivers/misc/mediatek/mach/mt6735/include/mach/upmu_hw.h:376:0: note: this is the location of the previous definition
 #define MT6328_ISINK_PHASE_DLY       ((MT6328_PMIC_REG_BASE+0x0824))
 ^
In file included from drivers/misc/mediatek/spm/mt6735/mt_spm_sleep.c:40:0:
drivers/misc/mediatek/spm/mt6735/../../pmic_wrap/mt6735/pwrap_hal.h:754:0: warning: "MT6328_ISINK_SFSTR" redefined
 #define MT6328_ISINK_SFSTR           ((UINT32)(MT6328_PMIC_REG_BASE+0x0826))
 ^
In file included from /home/satory-ra/Android/kernel/android_kernel_oukitel_orange/drivers/misc/mediatek/mach/mt6735/include/mach/upmu_common.h:7:0,
                 from drivers/misc/mediatek/spm/mt6735/mt_spm_sleep.c:25:
/home/satory-ra/Android/kernel/android_kernel_oukitel_orange/drivers/misc/mediatek/mach/mt6735/include/mach/upmu_hw.h:377:0: note: this is the location of the previous definition
 #define MT6328_ISINK_SFSTR           ((MT6328_PMIC_REG_BASE+0x0826))
 ^
In file included from drivers/misc/mediatek/spm/mt6735/mt_spm_sleep.c:40:0:
drivers/misc/mediatek/spm/mt6735/../../pmic_wrap/mt6735/pwrap_hal.h:755:0: warning: "MT6328_ISINK_EN_CTRL" redefined
 #define MT6328_ISINK_EN_CTRL         ((UINT32)(MT6328_PMIC_REG_BASE+0x0828))
 ^
In file included from /home/satory-ra/Android/kernel/android_kernel_oukitel_orange/drivers/misc/mediatek/mach/mt6735/include/mach/upmu_common.h:7:0,
                 from drivers/misc/mediatek/spm/mt6735/mt_spm_sleep.c:25:
/home/satory-ra/Android/kernel/android_kernel_oukitel_orange/drivers/misc/mediatek/mach/mt6735/include/mach/upmu_hw.h:378:0: note: this is the location of the previous definition
 #define MT6328_ISINK_EN_CTRL         ((MT6328_PMIC_REG_BASE+0x0828))
 ^
In file included from drivers/misc/mediatek/spm/mt6735/mt_spm_sleep.c:40:0:
drivers/misc/mediatek/spm/mt6735/../../pmic_wrap/mt6735/pwrap_hal.h:756:0: warning: "MT6328_ISINK_MODE_CTRL" redefined
 #define MT6328_ISINK_MODE_CTRL       ((UINT32)(MT6328_PMIC_REG_BASE+0x082A))
 ^
In file included from /home/satory-ra/Android/kernel/android_kernel_oukitel_orange/drivers/misc/mediatek/mach/mt6735/include/mach/upmu_common.h:7:0,
                 from drivers/misc/mediatek/spm/mt6735/mt_spm_sleep.c:25:
/home/satory-ra/Android/kernel/android_kernel_oukitel_orange/drivers/misc/mediatek/mach/mt6735/include/mach/upmu_hw.h:379:0: note: this is the location of the previous definition
 #define MT6328_ISINK_MODE_CTRL       ((MT6328_PMIC_REG_BASE+0x082A))
 ^
In file included from drivers/misc/mediatek/spm/mt6735/mt_spm_sleep.c:40:0:
drivers/misc/mediatek/spm/mt6735/../../pmic_wrap/mt6735/pwrap_hal.h:757:0: warning: "MT6328_VTCXO_0_CON0" redefined
 #define MT6328_VTCXO_0_CON0          ((UINT32)(MT6328_PMIC_REG_BASE+0x0A00))
 ^
In file included from /home/satory-ra/Android/kernel/android_kernel_oukitel_orange/drivers/misc/mediatek/mach/mt6735/include/mach/upmu_common.h:7:0,
                 from drivers/misc/mediatek/spm/mt6735/mt_spm_sleep.c:25:
/home/satory-ra/Android/kernel/android_kernel_oukitel_orange/drivers/misc/mediatek/mach/mt6735/include/mach/upmu_hw.h:380:0: note: this is the location of the previous definition
 #define MT6328_VTCXO_0_CON0          ((MT6328_PMIC_REG_BASE+0x0A00))
 ^
In file included from drivers/misc/mediatek/spm/mt6735/mt_spm_sleep.c:40:0:
drivers/misc/mediatek/spm/mt6735/../../pmic_wrap/mt6735/pwrap_hal.h:758:0: warning: "MT6328_VTCXO_1_CON0" redefined
 #define MT6328_VTCXO_1_CON0          ((UINT32)(MT6328_PMIC_REG_BASE+0x0A02))
 ^
In file included from /home/satory-ra/Android/kernel/android_kernel_oukitel_orange/drivers/misc/mediatek/mach/mt6735/include/mach/upmu_common.h:7:0,
                 from drivers/misc/mediatek/spm/mt6735/mt_spm_sleep.c:25:
/home/satory-ra/Android/kernel/android_kernel_oukitel_orange/drivers/misc/mediatek/mach/mt6735/include/mach/upmu_hw.h:381:0: note: this is the location of the previous definition
 #define MT6328_VTCXO_1_CON0          ((MT6328_PMIC_REG_BASE+0x0A02))
 ^
In file included from drivers/misc/mediatek/spm/mt6735/mt_spm_sleep.c:40:0:
drivers/misc/mediatek/spm/mt6735/../../pmic_wrap/mt6735/pwrap_hal.h:759:0: warning: "MT6328_VAUD28_CON0" redefined
 #define MT6328_VAUD28_CON0           ((UINT32)(MT6328_PMIC_REG_BASE+0x0A04))
 ^
In file included from /home/satory-ra/Android/kernel/android_kernel_oukitel_orange/drivers/misc/mediatek/mach/mt6735/include/mach/upmu_common.h:7:0,
                 from drivers/misc/mediatek/spm/mt6735/mt_spm_sleep.c:25:
/home/satory-ra/Android/kernel/android_kernel_oukitel_orange/drivers/misc/mediatek/mach/mt6735/include/mach/upmu_hw.h:382:0: note: this is the location of the previous definition
 #define MT6328_VAUD28_CON0           ((MT6328_PMIC_REG_BASE+0x0A04))
 ^
In file included from drivers/misc/mediatek/spm/mt6735/mt_spm_sleep.c:40:0:
drivers/misc/mediatek/spm/mt6735/../../pmic_wrap/mt6735/pwrap_hal.h:760:0: warning: "MT6328_VAUX18_CON0" redefined
 #define MT6328_VAUX18_CON0           ((UINT32)(MT6328_PMIC_REG_BASE+0x0A06))
 ^
In file included from /home/satory-ra/Android/kernel/android_kernel_oukitel_orange/drivers/misc/mediatek/mach/mt6735/include/mach/upmu_common.h:7:0,
                 from drivers/misc/mediatek/spm/mt6735/mt_spm_sleep.c:25:
/home/satory-ra/Android/kernel/android_kernel_oukitel_orange/drivers/misc/mediatek/mach/mt6735/include/mach/upmu_hw.h:383:0: note: this is the location of the previous definition
 #define MT6328_VAUX18_CON0           ((MT6328_PMIC_REG_BASE+0x0A06))
 ^
In file included from drivers/misc/mediatek/spm/mt6735/mt_spm_sleep.c:40:0:
drivers/misc/mediatek/spm/mt6735/../../pmic_wrap/mt6735/pwrap_hal.h:761:0: warning: "MT6328_VRF18_0_CON0" redefined
 #define MT6328_VRF18_0_CON0          ((UINT32)(MT6328_PMIC_REG_BASE+0x0A08))
 ^
In file included from /home/satory-ra/Android/kernel/android_kernel_oukitel_orange/drivers/misc/mediatek/mach/mt6735/include/mach/upmu_common.h:7:0,
                 from drivers/misc/mediatek/spm/mt6735/mt_spm_sleep.c:25:
/home/satory-ra/Android/kernel/android_kernel_oukitel_orange/drivers/misc/mediatek/mach/mt6735/include/mach/upmu_hw.h:384:0: note: this is the location of the previous definition
 #define MT6328_VRF18_0_CON0          ((MT6328_PMIC_REG_BASE+0x0A08))
 ^
In file included from drivers/misc/mediatek/spm/mt6735/mt_spm_sleep.c:40:0:
drivers/misc/mediatek/spm/mt6735/../../pmic_wrap/mt6735/pwrap_hal.h:762:0: warning: "MT6328_VRF18_0_CON1" redefined
 #define MT6328_VRF18_0_CON1          ((UINT32)(MT6328_PMIC_REG_BASE+0x0A0A))
 ^
In file included from /home/satory-ra/Android/kernel/android_kernel_oukitel_orange/drivers/misc/mediatek/mach/mt6735/include/mach/upmu_common.h:7:0,
                 from drivers/misc/mediatek/spm/mt6735/mt_spm_sleep.c:25:
/home/satory-ra/Android/kernel/android_kernel_oukitel_orange/drivers/misc/mediatek/mach/mt6735/include/mach/upmu_hw.h:385:0: note: this is the location of the previous definition
 #define MT6328_VRF18_0_CON1          ((MT6328_PMIC_REG_BASE+0x0A0A))
 ^
In file included from drivers/misc/mediatek/spm/mt6735/mt_spm_sleep.c:40:0:
drivers/misc/mediatek/spm/mt6735/../../pmic_wrap/mt6735/pwrap_hal.h:763:0: warning: "MT6328_VCAMA_CON0" redefined
 #define MT6328_VCAMA_CON0            ((UINT32)(MT6328_PMIC_REG_BASE+0x0A0C))
 ^
In file included from /home/satory-ra/Android/kernel/android_kernel_oukitel_orange/drivers/misc/mediatek/mach/mt6735/include/mach/upmu_common.h:7:0,
                 from drivers/misc/mediatek/spm/mt6735/mt_spm_sleep.c:25:
/home/satory-ra/Android/kernel/android_kernel_oukitel_orange/drivers/misc/mediatek/mach/mt6735/include/mach/upmu_hw.h:386:0: note: this is the location of the previous definition
 #define MT6328_VCAMA_CON0            ((MT6328_PMIC_REG_BASE+0x0A0C))
 ^
In file included from drivers/misc/mediatek/spm/mt6735/mt_spm_sleep.c:40:0:
drivers/misc/mediatek/spm/mt6735/../../pmic_wrap/mt6735/pwrap_hal.h:764:0: warning: "MT6328_VCN28_CON0" redefined
 #define MT6328_VCN28_CON0            ((UINT32)(MT6328_PMIC_REG_BASE+0x0A0E))
 ^
In file included from /home/satory-ra/Android/kernel/android_kernel_oukitel_orange/drivers/misc/mediatek/mach/mt6735/include/mach/upmu_common.h:7:0,
                 from drivers/misc/mediatek/spm/mt6735/mt_spm_sleep.c:25:
/home/satory-ra/Android/kernel/android_kernel_oukitel_orange/drivers/misc/mediatek/mach/mt6735/include/mach/upmu_hw.h:387:0: note: this is the location of the previous definition
 #define MT6328_VCN28_CON0            ((MT6328_PMIC_REG_BASE+0x0A0E))
 ^
In file included from drivers/misc/mediatek/spm/mt6735/mt_spm_sleep.c:40:0:
drivers/misc/mediatek/spm/mt6735/../../pmic_wrap/mt6735/pwrap_hal.h:765:0: warning: "MT6328_VCN33_CON0" redefined
 #define MT6328_VCN33_CON0            ((UINT32)(MT6328_PMIC_REG_BASE+0x0A10))
 ^
In file included from /home/satory-ra/Android/kernel/android_kernel_oukitel_orange/drivers/misc/mediatek/mach/mt6735/include/mach/upmu_common.h:7:0,
                 from drivers/misc/mediatek/spm/mt6735/mt_spm_sleep.c:25:
/home/satory-ra/Android/kernel/android_kernel_oukitel_orange/drivers/misc/mediatek/mach/mt6735/include/mach/upmu_hw.h:388:0: note: this is the location of the previous definition
 #define MT6328_VCN33_CON0            ((MT6328_PMIC_REG_BASE+0x0A10))
 ^
In file included from drivers/misc/mediatek/spm/mt6735/mt_spm_sleep.c:40:0:
drivers/misc/mediatek/spm/mt6735/../../pmic_wrap/mt6735/pwrap_hal.h:766:0: warning: "MT6328_VCN33_CON1" redefined
 #define MT6328_VCN33_CON1            ((UINT32)(MT6328_PMIC_REG_BASE+0x0A12))
 ^
In file included from /home/satory-ra/Android/kernel/android_kernel_oukitel_orange/drivers/misc/mediatek/mach/mt6735/include/mach/upmu_common.h:7:0,
                 from drivers/misc/mediatek/spm/mt6735/mt_spm_sleep.c:25:
/home/satory-ra/Android/kernel/android_kernel_oukitel_orange/drivers/misc/mediatek/mach/mt6735/include/mach/upmu_hw.h:389:0: note: this is the location of the previous definition
 #define MT6328_VCN33_CON1            ((MT6328_PMIC_REG_BASE+0x0A12))
 ^
In file included from drivers/misc/mediatek/spm/mt6735/mt_spm_sleep.c:40:0:
drivers/misc/mediatek/spm/mt6735/../../pmic_wrap/mt6735/pwrap_hal.h:767:0: warning: "MT6328_VCN33_CON2" redefined
 #define MT6328_VCN33_CON2            ((UINT32)(MT6328_PMIC_REG_BASE+0x0A14))
 ^
In file included from /home/satory-ra/Android/kernel/android_kernel_oukitel_orange/drivers/misc/mediatek/mach/mt6735/include/mach/upmu_common.h:7:0,
                 from drivers/misc/mediatek/spm/mt6735/mt_spm_sleep.c:25:
/home/satory-ra/Android/kernel/android_kernel_oukitel_orange/drivers/misc/mediatek/mach/mt6735/include/mach/upmu_hw.h:390:0: note: this is the location of the previous definition
 #define MT6328_VCN33_CON2            ((MT6328_PMIC_REG_BASE+0x0A14))
 ^
In file included from drivers/misc/mediatek/spm/mt6735/mt_spm_sleep.c:40:0:
drivers/misc/mediatek/spm/mt6735/../../pmic_wrap/mt6735/pwrap_hal.h:768:0: warning: "MT6328_VRF18_1_CON0" redefined
 #define MT6328_VRF18_1_CON0          ((UINT32)(MT6328_PMIC_REG_BASE+0x0A16))
 ^
In file included from /home/satory-ra/Android/kernel/android_kernel_oukitel_orange/drivers/misc/mediatek/mach/mt6735/include/mach/upmu_common.h:7:0,
                 from drivers/misc/mediatek/spm/mt6735/mt_spm_sleep.c:25:
/home/satory-ra/Android/kernel/android_kernel_oukitel_orange/drivers/misc/mediatek/mach/mt6735/include/mach/upmu_hw.h:391:0: note: this is the location of the previous definition
 #define MT6328_VRF18_1_CON0          ((MT6328_PMIC_REG_BASE+0x0A16))
 ^
In file included from drivers/misc/mediatek/spm/mt6735/mt_spm_sleep.c:40:0:
drivers/misc/mediatek/spm/mt6735/../../pmic_wrap/mt6735/pwrap_hal.h:769:0: warning: "MT6328_VRF18_1_CON1" redefined
 #define MT6328_VRF18_1_CON1          ((UINT32)(MT6328_PMIC_REG_BASE+0x0A18))
 ^
In file included from /home/satory-ra/Android/kernel/android_kernel_oukitel_orange/drivers/misc/mediatek/mach/mt6735/include/mach/upmu_common.h:7:0,
                 from drivers/misc/mediatek/spm/mt6735/mt_spm_sleep.c:25:
/home/satory-ra/Android/kernel/android_kernel_oukitel_orange/drivers/misc/mediatek/mach/mt6735/include/mach/upmu_hw.h:392:0: note: this is the location of the previous definition
 #define MT6328_VRF18_1_CON1          ((MT6328_PMIC_REG_BASE+0x0A18))
 ^
In file included from drivers/misc/mediatek/spm/mt6735/mt_spm_sleep.c:40:0:
drivers/misc/mediatek/spm/mt6735/../../pmic_wrap/mt6735/pwrap_hal.h:770:0: warning: "MT6328_VUSB33_CON0" redefined
 #define MT6328_VUSB33_CON0           ((UINT32)(MT6328_PMIC_REG_BASE+0x0A1A))
 ^
In file included from /home/satory-ra/Android/kernel/android_kernel_oukitel_orange/drivers/misc/mediatek/mach/mt6735/include/mach/upmu_common.h:7:0,
                 from drivers/misc/mediatek/spm/mt6735/mt_spm_sleep.c:25:
/home/satory-ra/Android/kernel/android_kernel_oukitel_orange/drivers/misc/mediatek/mach/mt6735/include/mach/upmu_hw.h:393:0: note: this is the location of the previous definition
 #define MT6328_VUSB33_CON0           ((MT6328_PMIC_REG_BASE+0x0A1A))
 ^
In file included from drivers/misc/mediatek/spm/mt6735/mt_spm_sleep.c:40:0:
drivers/misc/mediatek/spm/mt6735/../../pmic_wrap/mt6735/pwrap_hal.h:771:0: warning: "MT6328_VMCH_CON0" redefined
 #define MT6328_VMCH_CON0             ((UINT32)(MT6328_PMIC_REG_BASE+0x0A1C))
 ^
In file included from /home/satory-ra/Android/kernel/android_kernel_oukitel_orange/drivers/misc/mediatek/mach/mt6735/include/mach/upmu_common.h:7:0,
                 from drivers/misc/mediatek/spm/mt6735/mt_spm_sleep.c:25:
/home/satory-ra/Android/kernel/android_kernel_oukitel_orange/drivers/misc/mediatek/mach/mt6735/include/mach/upmu_hw.h:394:0: note: this is the location of the previous definition
 #define MT6328_VMCH_CON0             ((MT6328_PMIC_REG_BASE+0x0A1C))
 ^
In file included from drivers/misc/mediatek/spm/mt6735/mt_spm_sleep.c:40:0:
drivers/misc/mediatek/spm/mt6735/../../pmic_wrap/mt6735/pwrap_hal.h:772:0: warning: "MT6328_VMCH_CON1" redefined
 #define MT6328_VMCH_CON1             ((UINT32)(MT6328_PMIC_REG_BASE+0x0A1E))
 ^
In file included from /home/satory-ra/Android/kernel/android_kernel_oukitel_orange/drivers/misc/mediatek/mach/mt6735/include/mach/upmu_common.h:7:0,
                 from drivers/misc/mediatek/spm/mt6735/mt_spm_sleep.c:25:
/home/satory-ra/Android/kernel/android_kernel_oukitel_orange/drivers/misc/mediatek/mach/mt6735/include/mach/upmu_hw.h:395:0: note: this is the location of the previous definition
 #define MT6328_VMCH_CON1             ((MT6328_PMIC_REG_BASE+0x0A1E))
 ^
In file included from drivers/misc/mediatek/spm/mt6735/mt_spm_sleep.c:40:0:
drivers/misc/mediatek/spm/mt6735/../../pmic_wrap/mt6735/pwrap_hal.h:773:0: warning: "MT6328_VMC_CON0" redefined
 #define MT6328_VMC_CON0              ((UINT32)(MT6328_PMIC_REG_BASE+0x0A20))
 ^
In file included from /home/satory-ra/Android/kernel/android_kernel_oukitel_orange/drivers/misc/mediatek/mach/mt6735/include/mach/upmu_common.h:7:0,
                 from drivers/misc/mediatek/spm/mt6735/mt_spm_sleep.c:25:
/home/satory-ra/Android/kernel/android_kernel_oukitel_orange/drivers/misc/mediatek/mach/mt6735/include/mach/upmu_hw.h:396:0: note: this is the location of the previous definition
 #define MT6328_VMC_CON0              ((MT6328_PMIC_REG_BASE+0x0A20))
 ^
In file included from drivers/misc/mediatek/spm/mt6735/mt_spm_sleep.c:40:0:
drivers/misc/mediatek/spm/mt6735/../../pmic_wrap/mt6735/pwrap_hal.h:774:0: warning: "MT6328_VMC_CON1" redefined
 #define MT6328_VMC_CON1              ((UINT32)(MT6328_PMIC_REG_BASE+0x0A22))
 ^
In file included from /home/satory-ra/Android/kernel/android_kernel_oukitel_orange/drivers/misc/mediatek/mach/mt6735/include/mach/upmu_common.h:7:0,
                 from drivers/misc/mediatek/spm/mt6735/mt_spm_sleep.c:25:
/home/satory-ra/Android/kernel/android_kernel_oukitel_orange/drivers/misc/mediatek/mach/mt6735/include/mach/upmu_hw.h:397:0: note: this is the location of the previous definition
 #define MT6328_VMC_CON1              ((MT6328_PMIC_REG_BASE+0x0A22))
 ^
In file included from drivers/misc/mediatek/spm/mt6735/mt_spm_sleep.c:40:0:
drivers/misc/mediatek/spm/mt6735/../../pmic_wrap/mt6735/pwrap_hal.h:775:0: warning: "MT6328_VEMC_3V3_CON0" redefined
 #define MT6328_VEMC_3V3_CON0         ((UINT32)(MT6328_PMIC_REG_BASE+0x0A24))
 ^
In file included from /home/satory-ra/Android/kernel/android_kernel_oukitel_orange/drivers/misc/mediatek/mach/mt6735/include/mach/upmu_common.h:7:0,
                 from drivers/misc/mediatek/spm/mt6735/mt_spm_sleep.c:25:
/home/satory-ra/Android/kernel/android_kernel_oukitel_orange/drivers/misc/mediatek/mach/mt6735/include/mach/upmu_hw.h:398:0: note: this is the location of the previous definition
 #define MT6328_VEMC_3V3_CON0         ((MT6328_PMIC_REG_BASE+0x0A24))
 ^
In file included from drivers/misc/mediatek/spm/mt6735/mt_spm_sleep.c:40:0:
drivers/misc/mediatek/spm/mt6735/../../pmic_wrap/mt6735/pwrap_hal.h:776:0: warning: "MT6328_VEMC_3V3_CON1" redefined
 #define MT6328_VEMC_3V3_CON1         ((UINT32)(MT6328_PMIC_REG_BASE+0x0A26))
 ^
In file included from /home/satory-ra/Android/kernel/android_kernel_oukitel_orange/drivers/misc/mediatek/mach/mt6735/include/mach/upmu_common.h:7:0,
                 from drivers/misc/mediatek/spm/mt6735/mt_spm_sleep.c:25:
/home/satory-ra/Android/kernel/android_kernel_oukitel_orange/drivers/misc/mediatek/mach/mt6735/include/mach/upmu_hw.h:399:0: note: this is the location of the previous definition
 #define MT6328_VEMC_3V3_CON1         ((MT6328_PMIC_REG_BASE+0x0A26))
 ^
In file included from drivers/misc/mediatek/spm/mt6735/mt_spm_sleep.c:40:0:
drivers/misc/mediatek/spm/mt6735/../../pmic_wrap/mt6735/pwrap_hal.h:777:0: warning: "MT6328_VIO28_CON0" redefined
 #define MT6328_VIO28_CON0            ((UINT32)(MT6328_PMIC_REG_BASE+0x0A28))
 ^
In file included from /home/satory-ra/Android/kernel/android_kernel_oukitel_orange/drivers/misc/mediatek/mach/mt6735/include/mach/upmu_common.h:7:0,
                 from drivers/misc/mediatek/spm/mt6735/mt_spm_sleep.c:25:
/home/satory-ra/Android/kernel/android_kernel_oukitel_orange/drivers/misc/mediatek/mach/mt6735/include/mach/upmu_hw.h:400:0: note: this is the location of the previous definition
 #define MT6328_VIO28_CON0            ((MT6328_PMIC_REG_BASE+0x0A28))
 ^
In file included from drivers/misc/mediatek/spm/mt6735/mt_spm_sleep.c:40:0:
drivers/misc/mediatek/spm/mt6735/../../pmic_wrap/mt6735/pwrap_hal.h:778:0: warning: "MT6328_VCAMAF_CON0" redefined
 #define MT6328_VCAMAF_CON0           ((UINT32)(MT6328_PMIC_REG_BASE+0x0A2A))
 ^
In file included from /home/satory-ra/Android/kernel/android_kernel_oukitel_orange/drivers/misc/mediatek/mach/mt6735/include/mach/upmu_common.h:7:0,
                 from drivers/misc/mediatek/spm/mt6735/mt_spm_sleep.c:25:
/home/satory-ra/Android/kernel/android_kernel_oukitel_orange/drivers/misc/mediatek/mach/mt6735/include/mach/upmu_hw.h:401:0: note: this is the location of the previous definition
 #define MT6328_VCAMAF_CON0           ((MT6328_PMIC_REG_BASE+0x0A2A))
 ^
In file included from drivers/misc/mediatek/spm/mt6735/mt_spm_sleep.c:40:0:
drivers/misc/mediatek/spm/mt6735/../../pmic_wrap/mt6735/pwrap_hal.h:779:0: warning: "MT6328_VGP1_CON0" redefined
 #define MT6328_VGP1_CON0             ((UINT32)(MT6328_PMIC_REG_BASE+0x0A2C))
 ^
In file included from /home/satory-ra/Android/kernel/android_kernel_oukitel_orange/drivers/misc/mediatek/mach/mt6735/include/mach/upmu_common.h:7:0,
                 from drivers/misc/mediatek/spm/mt6735/mt_spm_sleep.c:25:
/home/satory-ra/Android/kernel/android_kernel_oukitel_orange/drivers/misc/mediatek/mach/mt6735/include/mach/upmu_hw.h:402:0: note: this is the location of the previous definition
 #define MT6328_VGP1_CON0             ((MT6328_PMIC_REG_BASE+0x0A2C))
 ^
In file included from drivers/misc/mediatek/spm/mt6735/mt_spm_sleep.c:40:0:
drivers/misc/mediatek/spm/mt6735/../../pmic_wrap/mt6735/pwrap_hal.h:780:0: warning: "MT6328_VGP1_CON1" redefined
 #define MT6328_VGP1_CON1             ((UINT32)(MT6328_PMIC_REG_BASE+0x0A2E))
 ^
In file included from /home/satory-ra/Android/kernel/android_kernel_oukitel_orange/drivers/misc/mediatek/mach/mt6735/include/mach/upmu_common.h:7:0,
                 from drivers/misc/mediatek/spm/mt6735/mt_spm_sleep.c:25:
/home/satory-ra/Android/kernel/android_kernel_oukitel_orange/drivers/misc/mediatek/mach/mt6735/include/mach/upmu_hw.h:403:0: note: this is the location of the previous definition
 #define MT6328_VGP1_CON1             ((MT6328_PMIC_REG_BASE+0x0A2E))
 ^
In file included from drivers/misc/mediatek/spm/mt6735/mt_spm_sleep.c:40:0:
drivers/misc/mediatek/spm/mt6735/../../pmic_wrap/mt6735/pwrap_hal.h:781:0: warning: "MT6328_VEFUSE_CON0" redefined
 #define MT6328_VEFUSE_CON0           ((UINT32)(MT6328_PMIC_REG_BASE+0x0A30))
 ^
In file included from /home/satory-ra/Android/kernel/android_kernel_oukitel_orange/drivers/misc/mediatek/mach/mt6735/include/mach/upmu_common.h:7:0,
                 from drivers/misc/mediatek/spm/mt6735/mt_spm_sleep.c:25:
/home/satory-ra/Android/kernel/android_kernel_oukitel_orange/drivers/misc/mediatek/mach/mt6735/include/mach/upmu_hw.h:404:0: note: this is the location of the previous definition
 #define MT6328_VEFUSE_CON0           ((MT6328_PMIC_REG_BASE+0x0A30))
 ^
In file included from drivers/misc/mediatek/spm/mt6735/mt_spm_sleep.c:40:0:
drivers/misc/mediatek/spm/mt6735/../../pmic_wrap/mt6735/pwrap_hal.h:782:0: warning: "MT6328_VSIM1_CON0" redefined
 #define MT6328_VSIM1_CON0            ((UINT32)(MT6328_PMIC_REG_BASE+0x0A32))
 ^
In file included from /home/satory-ra/Android/kernel/android_kernel_oukitel_orange/drivers/misc/mediatek/mach/mt6735/include/mach/upmu_common.h:7:0,
                 from drivers/misc/mediatek/spm/mt6735/mt_spm_sleep.c:25:
/home/satory-ra/Android/kernel/android_kernel_oukitel_orange/drivers/misc/mediatek/mach/mt6735/include/mach/upmu_hw.h:405:0: note: this is the location of the previous definition
 #define MT6328_VSIM1_CON0            ((MT6328_PMIC_REG_BASE+0x0A32))
 ^
In file included from drivers/misc/mediatek/spm/mt6735/mt_spm_sleep.c:40:0:
drivers/misc/mediatek/spm/mt6735/../../pmic_wrap/mt6735/pwrap_hal.h:783:0: warning: "MT6328_VSIM2_CON0" redefined
 #define MT6328_VSIM2_CON0            ((UINT32)(MT6328_PMIC_REG_BASE+0x0A34))
 ^
In file included from /home/satory-ra/Android/kernel/android_kernel_oukitel_orange/drivers/misc/mediatek/mach/mt6735/include/mach/upmu_common.h:7:0,
                 from drivers/misc/mediatek/spm/mt6735/mt_spm_sleep.c:25:
/home/satory-ra/Android/kernel/android_kernel_oukitel_orange/drivers/misc/mediatek/mach/mt6735/include/mach/upmu_hw.h:406:0: note: this is the location of the previous definition
 #define MT6328_VSIM2_CON0            ((MT6328_PMIC_REG_BASE+0x0A34))
 ^
In file included from drivers/misc/mediatek/spm/mt6735/mt_spm_sleep.c:40:0:
drivers/misc/mediatek/spm/mt6735/../../pmic_wrap/mt6735/pwrap_hal.h:784:0: warning: "MT6328_VIO18_CON0" redefined
 #define MT6328_VIO18_CON0            ((UINT32)(MT6328_PMIC_REG_BASE+0x0A36))
 ^
In file included from /home/satory-ra/Android/kernel/android_kernel_oukitel_orange/drivers/misc/mediatek/mach/mt6735/include/mach/upmu_common.h:7:0,
                 from drivers/misc/mediatek/spm/mt6735/mt_spm_sleep.c:25:
/home/satory-ra/Android/kernel/android_kernel_oukitel_orange/drivers/misc/mediatek/mach/mt6735/include/mach/upmu_hw.h:407:0: note: this is the location of the previous definition
 #define MT6328_VIO18_CON0            ((MT6328_PMIC_REG_BASE+0x0A36))
 ^
In file included from drivers/misc/mediatek/spm/mt6735/mt_spm_sleep.c:40:0:
drivers/misc/mediatek/spm/mt6735/../../pmic_wrap/mt6735/pwrap_hal.h:785:0: warning: "MT6328_VIBR_CON0" redefined
 #define MT6328_VIBR_CON0             ((UINT32)(MT6328_PMIC_REG_BASE+0x0A38))
 ^
In file included from /home/satory-ra/Android/kernel/android_kernel_oukitel_orange/drivers/misc/mediatek/mach/mt6735/include/mach/upmu_common.h:7:0,
                 from drivers/misc/mediatek/spm/mt6735/mt_spm_sleep.c:25:
/home/satory-ra/Android/kernel/android_kernel_oukitel_orange/drivers/misc/mediatek/mach/mt6735/include/mach/upmu_hw.h:408:0: note: this is the location of the previous definition
 #define MT6328_VIBR_CON0             ((MT6328_PMIC_REG_BASE+0x0A38))
 ^
In file included from drivers/misc/mediatek/spm/mt6735/mt_spm_sleep.c:40:0:
drivers/misc/mediatek/spm/mt6735/../../pmic_wrap/mt6735/pwrap_hal.h:786:0: warning: "MT6328_VCN18_CON0" redefined
 #define MT6328_VCN18_CON0            ((UINT32)(MT6328_PMIC_REG_BASE+0x0A3A))
 ^
In file included from /home/satory-ra/Android/kernel/android_kernel_oukitel_orange/drivers/misc/mediatek/mach/mt6735/include/mach/upmu_common.h:7:0,
                 from drivers/misc/mediatek/spm/mt6735/mt_spm_sleep.c:25:
/home/satory-ra/Android/kernel/android_kernel_oukitel_orange/drivers/misc/mediatek/mach/mt6735/include/mach/upmu_hw.h:409:0: note: this is the location of the previous definition
 #define MT6328_VCN18_CON0            ((MT6328_PMIC_REG_BASE+0x0A3A))
 ^
drivers/misc/mediatek/uart/uart.c:695:9: warning: unused variable 'res' [-Wunused-variable]
     int res = sscanf(buffer, "%d %d", &tx_index, &rx_index);
         ^
In file included from drivers/misc/mediatek/spm/mt6735/mt_spm_sleep.c:40:0:
drivers/misc/mediatek/spm/mt6735/../../pmic_wrap/mt6735/pwrap_hal.h:787:0: warning: "MT6328_VCAM_CON0" redefined
 #define MT6328_VCAM_CON0             ((UINT32)(MT6328_PMIC_REG_BASE+0x0A3C))
 ^
In file included from /home/satory-ra/Android/kernel/android_kernel_oukitel_orange/drivers/misc/mediatek/mach/mt6735/include/mach/upmu_common.h:7:0,
                 from drivers/misc/mediatek/spm/mt6735/mt_spm_sleep.c:25:
/home/satory-ra/Android/kernel/android_kernel_oukitel_orange/drivers/misc/mediatek/mach/mt6735/include/mach/upmu_hw.h:410:0: note: this is the location of the previous definition
 #define MT6328_VCAM_CON0             ((MT6328_PMIC_REG_BASE+0x0A3C))
 ^
In file included from drivers/misc/mediatek/spm/mt6735/mt_spm_sleep.c:40:0:
drivers/misc/mediatek/spm/mt6735/../../pmic_wrap/mt6735/pwrap_hal.h:788:0: warning: "MT6328_VCAMIO_CON0" redefined
 #define MT6328_VCAMIO_CON0           ((UINT32)(MT6328_PMIC_REG_BASE+0x0A3E))
 ^
In file included from /home/satory-ra/Android/kernel/android_kernel_oukitel_orange/drivers/misc/mediatek/mach/mt6735/include/mach/upmu_common.h:7:0,
                 from drivers/misc/mediatek/spm/mt6735/mt_spm_sleep.c:25:
/home/satory-ra/Android/kernel/android_kernel_oukitel_orange/drivers/misc/mediatek/mach/mt6735/include/mach/upmu_hw.h:411:0: note: this is the location of the previous definition
 #define MT6328_VCAMIO_CON0           ((MT6328_PMIC_REG_BASE+0x0A3E))
 ^
In file included from drivers/misc/mediatek/spm/mt6735/mt_spm_sleep.c:40:0:
drivers/misc/mediatek/spm/mt6735/../../pmic_wrap/mt6735/pwrap_hal.h:789:0: warning: "MT6328_LDO_VSRAM_CON0" redefined
 #define MT6328_LDO_VSRAM_CON0        ((UINT32)(MT6328_PMIC_REG_BASE+0x0A40))
 ^
In file included from /home/satory-ra/Android/kernel/android_kernel_oukitel_orange/drivers/misc/mediatek/mach/mt6735/include/mach/upmu_common.h:7:0,
                 from drivers/misc/mediatek/spm/mt6735/mt_spm_sleep.c:25:
/home/satory-ra/Android/kernel/android_kernel_oukitel_orange/drivers/misc/mediatek/mach/mt6735/include/mach/upmu_hw.h:412:0: note: this is the location of the previous definition
 #define MT6328_LDO_VSRAM_CON0        ((MT6328_PMIC_REG_BASE+0x0A40))
 ^
In file included from drivers/misc/mediatek/spm/mt6735/mt_spm_sleep.c:40:0:
drivers/misc/mediatek/spm/mt6735/../../pmic_wrap/mt6735/pwrap_hal.h:790:0: warning: "MT6328_LDO_VSRAM_CON1" redefined
 #define MT6328_LDO_VSRAM_CON1        ((UINT32)(MT6328_PMIC_REG_BASE+0x0A42))
 ^
In file included from /home/satory-ra/Android/kernel/android_kernel_oukitel_orange/drivers/misc/mediatek/mach/mt6735/include/mach/upmu_common.h:7:0,
                 from drivers/misc/mediatek/spm/mt6735/mt_spm_sleep.c:25:
/home/satory-ra/Android/kernel/android_kernel_oukitel_orange/drivers/misc/mediatek/mach/mt6735/include/mach/upmu_hw.h:413:0: note: this is the location of the previous definition
 #define MT6328_LDO_VSRAM_CON1        ((MT6328_PMIC_REG_BASE+0x0A42))
 ^
In file included from drivers/misc/mediatek/spm/mt6735/mt_spm_sleep.c:40:0:
drivers/misc/mediatek/spm/mt6735/../../pmic_wrap/mt6735/pwrap_hal.h:791:0: warning: "MT6328_VTREF_CON0" redefined
 #define MT6328_VTREF_CON0            ((UINT32)(MT6328_PMIC_REG_BASE+0x0A44))
 ^
In file included from /home/satory-ra/Android/kernel/android_kernel_oukitel_orange/drivers/misc/mediatek/mach/mt6735/include/mach/upmu_common.h:7:0,
                 from drivers/misc/mediatek/spm/mt6735/mt_spm_sleep.c:25:
/home/satory-ra/Android/kernel/android_kernel_oukitel_orange/drivers/misc/mediatek/mach/mt6735/include/mach/upmu_hw.h:414:0: note: this is the location of the previous definition
 #define MT6328_VTREF_CON0            ((MT6328_PMIC_REG_BASE+0x0A44))
 ^
In file included from drivers/misc/mediatek/spm/mt6735/mt_spm_sleep.c:40:0:
drivers/misc/mediatek/spm/mt6735/../../pmic_wrap/mt6735/pwrap_hal.h:792:0: warning: "MT6328_VM_CON0" redefined
 #define MT6328_VM_CON0               ((UINT32)(MT6328_PMIC_REG_BASE+0x0A46))
 ^
In file included from /home/satory-ra/Android/kernel/android_kernel_oukitel_orange/drivers/misc/mediatek/mach/mt6735/include/mach/upmu_common.h:7:0,
                 from drivers/misc/mediatek/spm/mt6735/mt_spm_sleep.c:25:
/home/satory-ra/Android/kernel/android_kernel_oukitel_orange/drivers/misc/mediatek/mach/mt6735/include/mach/upmu_hw.h:415:0: note: this is the location of the previous definition
 #define MT6328_VM_CON0               ((MT6328_PMIC_REG_BASE+0x0A46))
 ^
In file included from drivers/misc/mediatek/spm/mt6735/mt_spm_sleep.c:40:0:
drivers/misc/mediatek/spm/mt6735/../../pmic_wrap/mt6735/pwrap_hal.h:793:0: warning: "MT6328_VM_CON1" redefined
 #define MT6328_VM_CON1               ((UINT32)(MT6328_PMIC_REG_BASE+0x0A48))
 ^
In file included from /home/satory-ra/Android/kernel/android_kernel_oukitel_orange/drivers/misc/mediatek/mach/mt6735/include/mach/upmu_common.h:7:0,
                 from drivers/misc/mediatek/spm/mt6735/mt_spm_sleep.c:25:
/home/satory-ra/Android/kernel/android_kernel_oukitel_orange/drivers/misc/mediatek/mach/mt6735/include/mach/upmu_hw.h:416:0: note: this is the location of the previous definition
 #define MT6328_VM_CON1               ((MT6328_PMIC_REG_BASE+0x0A48))
 ^
In file included from drivers/misc/mediatek/spm/mt6735/mt_spm_sleep.c:40:0:
drivers/misc/mediatek/spm/mt6735/../../pmic_wrap/mt6735/pwrap_hal.h:794:0: warning: "MT6328_VRTC_CON0" redefined
 #define MT6328_VRTC_CON0             ((UINT32)(MT6328_PMIC_REG_BASE+0x0A4A))
 ^
In file included from /home/satory-ra/Android/kernel/android_kernel_oukitel_orange/drivers/misc/mediatek/mach/mt6735/include/mach/upmu_common.h:7:0,
                 from drivers/misc/mediatek/spm/mt6735/mt_spm_sleep.c:25:
/home/satory-ra/Android/kernel/android_kernel_oukitel_orange/drivers/misc/mediatek/mach/mt6735/include/mach/upmu_hw.h:417:0: note: this is the location of the previous definition
 #define MT6328_VRTC_CON0             ((MT6328_PMIC_REG_BASE+0x0A4A))
 ^
In file included from drivers/misc/mediatek/spm/mt6735/mt_spm_sleep.c:40:0:
drivers/misc/mediatek/spm/mt6735/../../pmic_wrap/mt6735/pwrap_hal.h:795:0: warning: "MT6328_LDO_OCFB0" redefined
 #define MT6328_LDO_OCFB0             ((UINT32)(MT6328_PMIC_REG_BASE+0x0A4C))
 ^
In file included from /home/satory-ra/Android/kernel/android_kernel_oukitel_orange/drivers/misc/mediatek/mach/mt6735/include/mach/upmu_common.h:7:0,
                 from drivers/misc/mediatek/spm/mt6735/mt_spm_sleep.c:25:
/home/satory-ra/Android/kernel/android_kernel_oukitel_orange/drivers/misc/mediatek/mach/mt6735/include/mach/upmu_hw.h:418:0: note: this is the location of the previous definition
 #define MT6328_LDO_OCFB0             ((MT6328_PMIC_REG_BASE+0x0A4C))
 ^
In file included from drivers/misc/mediatek/spm/mt6735/mt_spm_sleep.c:40:0:
drivers/misc/mediatek/spm/mt6735/../../pmic_wrap/mt6735/pwrap_hal.h:796:0: warning: "MT6328_ALDO_ANA_CON0" redefined
 #define MT6328_ALDO_ANA_CON0         ((UINT32)(MT6328_PMIC_REG_BASE+0x0A4E))
 ^
In file included from /home/satory-ra/Android/kernel/android_kernel_oukitel_orange/drivers/misc/mediatek/mach/mt6735/include/mach/upmu_common.h:7:0,
                 from drivers/misc/mediatek/spm/mt6735/mt_spm_sleep.c:25:
/home/satory-ra/Android/kernel/android_kernel_oukitel_orange/drivers/misc/mediatek/mach/mt6735/include/mach/upmu_hw.h:419:0: note: this is the location of the previous definition
 #define MT6328_ALDO_ANA_CON0         ((MT6328_PMIC_REG_BASE+0x0A4E))
 ^
In file included from drivers/misc/mediatek/spm/mt6735/mt_spm_sleep.c:40:0:
drivers/misc/mediatek/spm/mt6735/../../pmic_wrap/mt6735/pwrap_hal.h:797:0: warning: "MT6328_ADLDO_ANA_CON1" redefined
 #define MT6328_ADLDO_ANA_CON1        ((UINT32)(MT6328_PMIC_REG_BASE+0x0A50))
 ^
In file included from /home/satory-ra/Android/kernel/android_kernel_oukitel_orange/drivers/misc/mediatek/mach/mt6735/include/mach/upmu_common.h:7:0,
                 from drivers/misc/mediatek/spm/mt6735/mt_spm_sleep.c:25:
/home/satory-ra/Android/kernel/android_kernel_oukitel_orange/drivers/misc/mediatek/mach/mt6735/include/mach/upmu_hw.h:420:0: note: this is the location of the previous definition
 #define MT6328_ADLDO_ANA_CON1        ((MT6328_PMIC_REG_BASE+0x0A50))
 ^
In file included from drivers/misc/mediatek/spm/mt6735/mt_spm_sleep.c:40:0:
drivers/misc/mediatek/spm/mt6735/../../pmic_wrap/mt6735/pwrap_hal.h:798:0: warning: "MT6328_ADLDO_ANA_CON2" redefined
 #define MT6328_ADLDO_ANA_CON2        ((UINT32)(MT6328_PMIC_REG_BASE+0x0A52))
 ^
In file included from /home/satory-ra/Android/kernel/android_kernel_oukitel_orange/drivers/misc/mediatek/mach/mt6735/include/mach/upmu_common.h:7:0,
                 from drivers/misc/mediatek/spm/mt6735/mt_spm_sleep.c:25:
/home/satory-ra/Android/kernel/android_kernel_oukitel_orange/drivers/misc/mediatek/mach/mt6735/include/mach/upmu_hw.h:421:0: note: this is the location of the previous definition
 #define MT6328_ADLDO_ANA_CON2        ((MT6328_PMIC_REG_BASE+0x0A52))
 ^
In file included from drivers/misc/mediatek/spm/mt6735/mt_spm_sleep.c:40:0:
drivers/misc/mediatek/spm/mt6735/../../pmic_wrap/mt6735/pwrap_hal.h:799:0: warning: "MT6328_ADLDO_ANA_CON3" redefined
 #define MT6328_ADLDO_ANA_CON3        ((UINT32)(MT6328_PMIC_REG_BASE+0x0A54))
 ^
In file included from /home/satory-ra/Android/kernel/android_kernel_oukitel_orange/drivers/misc/mediatek/mach/mt6735/include/mach/upmu_common.h:7:0,
                 from drivers/misc/mediatek/spm/mt6735/mt_spm_sleep.c:25:
/home/satory-ra/Android/kernel/android_kernel_oukitel_orange/drivers/misc/mediatek/mach/mt6735/include/mach/upmu_hw.h:422:0: note: this is the location of the previous definition
 #define MT6328_ADLDO_ANA_CON3        ((MT6328_PMIC_REG_BASE+0x0A54))
 ^
In file included from drivers/misc/mediatek/spm/mt6735/mt_spm_sleep.c:40:0:
drivers/misc/mediatek/spm/mt6735/../../pmic_wrap/mt6735/pwrap_hal.h:800:0: warning: "MT6328_ADLDO_ANA_CON4" redefined
 #define MT6328_ADLDO_ANA_CON4        ((UINT32)(MT6328_PMIC_REG_BASE+0x0A56))
 ^
In file included from /home/satory-ra/Android/kernel/android_kernel_oukitel_orange/drivers/misc/mediatek/mach/mt6735/include/mach/upmu_common.h:7:0,
                 from drivers/misc/mediatek/spm/mt6735/mt_spm_sleep.c:25:
/home/satory-ra/Android/kernel/android_kernel_oukitel_orange/drivers/misc/mediatek/mach/mt6735/include/mach/upmu_hw.h:423:0: note: this is the location of the previous definition
 #define MT6328_ADLDO_ANA_CON4        ((MT6328_PMIC_REG_BASE+0x0A56))
 ^
In file included from drivers/misc/mediatek/spm/mt6735/mt_spm_sleep.c:40:0:
drivers/misc/mediatek/spm/mt6735/../../pmic_wrap/mt6735/pwrap_hal.h:801:0: warning: "MT6328_ADLDO_ANA_CON5" redefined
 #define MT6328_ADLDO_ANA_CON5        ((UINT32)(MT6328_PMIC_REG_BASE+0x0A58))
 ^
In file included from /home/satory-ra/Android/kernel/android_kernel_oukitel_orange/drivers/misc/mediatek/mach/mt6735/include/mach/upmu_common.h:7:0,
                 from drivers/misc/mediatek/spm/mt6735/mt_spm_sleep.c:25:
/home/satory-ra/Android/kernel/android_kernel_oukitel_orange/drivers/misc/mediatek/mach/mt6735/include/mach/upmu_hw.h:424:0: note: this is the location of the previous definition
 #define MT6328_ADLDO_ANA_CON5        ((MT6328_PMIC_REG_BASE+0x0A58))
 ^
In file included from drivers/misc/mediatek/spm/mt6735/mt_spm_sleep.c:40:0:
drivers/misc/mediatek/spm/mt6735/../../pmic_wrap/mt6735/pwrap_hal.h:802:0: warning: "MT6328_ADLDO_ANA_CON6" redefined
 #define MT6328_ADLDO_ANA_CON6        ((UINT32)(MT6328_PMIC_REG_BASE+0x0A5A))
 ^
In file included from /home/satory-ra/Android/kernel/android_kernel_oukitel_orange/drivers/misc/mediatek/mach/mt6735/include/mach/upmu_common.h:7:0,
                 from drivers/misc/mediatek/spm/mt6735/mt_spm_sleep.c:25:
/home/satory-ra/Android/kernel/android_kernel_oukitel_orange/drivers/misc/mediatek/mach/mt6735/include/mach/upmu_hw.h:425:0: note: this is the location of the previous definition
 #define MT6328_ADLDO_ANA_CON6        ((MT6328_PMIC_REG_BASE+0x0A5A))
 ^
In file included from drivers/misc/mediatek/spm/mt6735/mt_spm_sleep.c:40:0:
drivers/misc/mediatek/spm/mt6735/../../pmic_wrap/mt6735/pwrap_hal.h:803:0: warning: "MT6328_ADLDO_ANA_CON7" redefined
 #define MT6328_ADLDO_ANA_CON7        ((UINT32)(MT6328_PMIC_REG_BASE+0x0A5C))
 ^
In file included from /home/satory-ra/Android/kernel/android_kernel_oukitel_orange/drivers/misc/mediatek/mach/mt6735/include/mach/upmu_common.h:7:0,
                 from drivers/misc/mediatek/spm/mt6735/mt_spm_sleep.c:25:
/home/satory-ra/Android/kernel/android_kernel_oukitel_orange/drivers/misc/mediatek/mach/mt6735/include/mach/upmu_hw.h:426:0: note: this is the location of the previous definition
 #define MT6328_ADLDO_ANA_CON7        ((MT6328_PMIC_REG_BASE+0x0A5C))
 ^
In file included from drivers/misc/mediatek/spm/mt6735/mt_spm_sleep.c:40:0:
drivers/misc/mediatek/spm/mt6735/../../pmic_wrap/mt6735/pwrap_hal.h:804:0: warning: "MT6328_ADLDO_ANA_CON8" redefined
 #define MT6328_ADLDO_ANA_CON8        ((UINT32)(MT6328_PMIC_REG_BASE+0x0A5E))
 ^
In file included from /home/satory-ra/Android/kernel/android_kernel_oukitel_orange/drivers/misc/mediatek/mach/mt6735/include/mach/upmu_common.h:7:0,
                 from drivers/misc/mediatek/spm/mt6735/mt_spm_sleep.c:25:
/home/satory-ra/Android/kernel/android_kernel_oukitel_orange/drivers/misc/mediatek/mach/mt6735/include/mach/upmu_hw.h:427:0: note: this is the location of the previous definition
 #define MT6328_ADLDO_ANA_CON8        ((MT6328_PMIC_REG_BASE+0x0A5E))
 ^
In file included from drivers/misc/mediatek/spm/mt6735/mt_spm_sleep.c:40:0:
drivers/misc/mediatek/spm/mt6735/../../pmic_wrap/mt6735/pwrap_hal.h:805:0: warning: "MT6328_ADLDO_ANA_CON9" redefined
 #define MT6328_ADLDO_ANA_CON9        ((UINT32)(MT6328_PMIC_REG_BASE+0x0A60))
 ^
In file included from /home/satory-ra/Android/kernel/android_kernel_oukitel_orange/drivers/misc/mediatek/mach/mt6735/include/mach/upmu_common.h:7:0,
                 from drivers/misc/mediatek/spm/mt6735/mt_spm_sleep.c:25:
/home/satory-ra/Android/kernel/android_kernel_oukitel_orange/drivers/misc/mediatek/mach/mt6735/include/mach/upmu_hw.h:428:0: note: this is the location of the previous definition
 #define MT6328_ADLDO_ANA_CON9        ((MT6328_PMIC_REG_BASE+0x0A60))
 ^
In file included from drivers/misc/mediatek/spm/mt6735/mt_spm_sleep.c:40:0:
drivers/misc/mediatek/spm/mt6735/../../pmic_wrap/mt6735/pwrap_hal.h:806:0: warning: "MT6328_ADLDO_ANA_CON10" redefined
 #define MT6328_ADLDO_ANA_CON10       ((UINT32)(MT6328_PMIC_REG_BASE+0x0A62))
 ^
In file included from /home/satory-ra/Android/kernel/android_kernel_oukitel_orange/drivers/misc/mediatek/mach/mt6735/include/mach/upmu_common.h:7:0,
                 from drivers/misc/mediatek/spm/mt6735/mt_spm_sleep.c:25:
/home/satory-ra/Android/kernel/android_kernel_oukitel_orange/drivers/misc/mediatek/mach/mt6735/include/mach/upmu_hw.h:429:0: note: this is the location of the previous definition
 #define MT6328_ADLDO_ANA_CON10       ((MT6328_PMIC_REG_BASE+0x0A62))
 ^
In file included from drivers/misc/mediatek/spm/mt6735/mt_spm_sleep.c:40:0:
drivers/misc/mediatek/spm/mt6735/../../pmic_wrap/mt6735/pwrap_hal.h:807:0: warning: "MT6328_ADLDO_ANA_CON11" redefined
 #define MT6328_ADLDO_ANA_CON11       ((UINT32)(MT6328_PMIC_REG_BASE+0x0A64))
 ^
In file included from /home/satory-ra/Android/kernel/android_kernel_oukitel_orange/drivers/misc/mediatek/mach/mt6735/include/mach/upmu_common.h:7:0,
                 from drivers/misc/mediatek/spm/mt6735/mt_spm_sleep.c:25:
/home/satory-ra/Android/kernel/android_kernel_oukitel_orange/drivers/misc/mediatek/mach/mt6735/include/mach/upmu_hw.h:430:0: note: this is the location of the previous definition
 #define MT6328_ADLDO_ANA_CON11       ((MT6328_PMIC_REG_BASE+0x0A64))
 ^
In file included from drivers/misc/mediatek/spm/mt6735/mt_spm_sleep.c:40:0:
drivers/misc/mediatek/spm/mt6735/../../pmic_wrap/mt6735/pwrap_hal.h:808:0: warning: "MT6328_ADLDO_ANA_CON12" redefined
 #define MT6328_ADLDO_ANA_CON12       ((UINT32)(MT6328_PMIC_REG_BASE+0x0A66))
 ^
In file included from /home/satory-ra/Android/kernel/android_kernel_oukitel_orange/drivers/misc/mediatek/mach/mt6735/include/mach/upmu_common.h:7:0,
                 from drivers/misc/mediatek/spm/mt6735/mt_spm_sleep.c:25:
/home/satory-ra/Android/kernel/android_kernel_oukitel_orange/drivers/misc/mediatek/mach/mt6735/include/mach/upmu_hw.h:431:0: note: this is the location of the previous definition
 #define MT6328_ADLDO_ANA_CON12       ((MT6328_PMIC_REG_BASE+0x0A66))
 ^
In file included from drivers/misc/mediatek/spm/mt6735/mt_spm_sleep.c:40:0:
drivers/misc/mediatek/spm/mt6735/../../pmic_wrap/mt6735/pwrap_hal.h:809:0: warning: "MT6328_ADLDO_ANA_CON13" redefined
 #define MT6328_ADLDO_ANA_CON13       ((UINT32)(MT6328_PMIC_REG_BASE+0x0A68))
 ^
In file included from /home/satory-ra/Android/kernel/android_kernel_oukitel_orange/drivers/misc/mediatek/mach/mt6735/include/mach/upmu_common.h:7:0,
                 from drivers/misc/mediatek/spm/mt6735/mt_spm_sleep.c:25:
/home/satory-ra/Android/kernel/android_kernel_oukitel_orange/drivers/misc/mediatek/mach/mt6735/include/mach/upmu_hw.h:432:0: note: this is the location of the previous definition
 #define MT6328_ADLDO_ANA_CON13       ((MT6328_PMIC_REG_BASE+0x0A68))
 ^
In file included from drivers/misc/mediatek/spm/mt6735/mt_spm_sleep.c:40:0:
drivers/misc/mediatek/spm/mt6735/../../pmic_wrap/mt6735/pwrap_hal.h:810:0: warning: "MT6328_DLDO_ANA_CON0" redefined
 #define MT6328_DLDO_ANA_CON0         ((UINT32)(MT6328_PMIC_REG_BASE+0x0A6A))
 ^
In file included from /home/satory-ra/Android/kernel/android_kernel_oukitel_orange/drivers/misc/mediatek/mach/mt6735/include/mach/upmu_common.h:7:0,
                 from drivers/misc/mediatek/spm/mt6735/mt_spm_sleep.c:25:
/home/satory-ra/Android/kernel/android_kernel_oukitel_orange/drivers/misc/mediatek/mach/mt6735/include/mach/upmu_hw.h:433:0: note: this is the location of the previous definition
 #define MT6328_DLDO_ANA_CON0         ((MT6328_PMIC_REG_BASE+0x0A6A))
 ^
In file included from drivers/misc/mediatek/spm/mt6735/mt_spm_sleep.c:40:0:
drivers/misc/mediatek/spm/mt6735/../../pmic_wrap/mt6735/pwrap_hal.h:811:0: warning: "MT6328_DLDO_ANA_CON1" redefined
 #define MT6328_DLDO_ANA_CON1         ((UINT32)(MT6328_PMIC_REG_BASE+0x0A6C))
 ^
In file included from /home/satory-ra/Android/kernel/android_kernel_oukitel_orange/drivers/misc/mediatek/mach/mt6735/include/mach/upmu_common.h:7:0,
                 from drivers/misc/mediatek/spm/mt6735/mt_spm_sleep.c:25:
/home/satory-ra/Android/kernel/android_kernel_oukitel_orange/drivers/misc/mediatek/mach/mt6735/include/mach/upmu_hw.h:434:0: note: this is the location of the previous definition
 #define MT6328_DLDO_ANA_CON1         ((MT6328_PMIC_REG_BASE+0x0A6C))
 ^
In file included from drivers/misc/mediatek/spm/mt6735/mt_spm_sleep.c:40:0:
drivers/misc/mediatek/spm/mt6735/../../pmic_wrap/mt6735/pwrap_hal.h:812:0: warning: "MT6328_DLDO_ANA_CON2" redefined
 #define MT6328_DLDO_ANA_CON2         ((UINT32)(MT6328_PMIC_REG_BASE+0x0A6E))
 ^
In file included from /home/satory-ra/Android/kernel/android_kernel_oukitel_orange/drivers/misc/mediatek/mach/mt6735/include/mach/upmu_common.h:7:0,
                 from drivers/misc/mediatek/spm/mt6735/mt_spm_sleep.c:25:
/home/satory-ra/Android/kernel/android_kernel_oukitel_orange/drivers/misc/mediatek/mach/mt6735/include/mach/upmu_hw.h:435:0: note: this is the location of the previous definition
 #define MT6328_DLDO_ANA_CON2         ((MT6328_PMIC_REG_BASE+0x0A6E))
 ^
In file included from drivers/misc/mediatek/spm/mt6735/mt_spm_sleep.c:40:0:
drivers/misc/mediatek/spm/mt6735/../../pmic_wrap/mt6735/pwrap_hal.h:813:0: warning: "MT6328_DLDO_ANA_CON3" redefined
 #define MT6328_DLDO_ANA_CON3         ((UINT32)(MT6328_PMIC_REG_BASE+0x0A70))
 ^
In file included from /home/satory-ra/Android/kernel/android_kernel_oukitel_orange/drivers/misc/mediatek/mach/mt6735/include/mach/upmu_common.h:7:0,
                 from drivers/misc/mediatek/spm/mt6735/mt_spm_sleep.c:25:
/home/satory-ra/Android/kernel/android_kernel_oukitel_orange/drivers/misc/mediatek/mach/mt6735/include/mach/upmu_hw.h:436:0: note: this is the location of the previous definition
 #define MT6328_DLDO_ANA_CON3         ((MT6328_PMIC_REG_BASE+0x0A70))
 ^
In file included from drivers/misc/mediatek/spm/mt6735/mt_spm_sleep.c:40:0:
drivers/misc/mediatek/spm/mt6735/../../pmic_wrap/mt6735/pwrap_hal.h:814:0: warning: "MT6328_DLDO_ANA_CON4" redefined
 #define MT6328_DLDO_ANA_CON4         ((UINT32)(MT6328_PMIC_REG_BASE+0x0A72))
 ^
In file included from /home/satory-ra/Android/kernel/android_kernel_oukitel_orange/drivers/misc/mediatek/mach/mt6735/include/mach/upmu_common.h:7:0,
                 from drivers/misc/mediatek/spm/mt6735/mt_spm_sleep.c:25:
/home/satory-ra/Android/kernel/android_kernel_oukitel_orange/drivers/misc/mediatek/mach/mt6735/include/mach/upmu_hw.h:437:0: note: this is the location of the previous definition
 #define MT6328_DLDO_ANA_CON4         ((MT6328_PMIC_REG_BASE+0x0A72))
 ^
In file included from drivers/misc/mediatek/spm/mt6735/mt_spm_sleep.c:40:0:
drivers/misc/mediatek/spm/mt6735/../../pmic_wrap/mt6735/pwrap_hal.h:815:0: warning: "MT6328_DLDO_ANA_CON5" redefined
 #define MT6328_DLDO_ANA_CON5         ((UINT32)(MT6328_PMIC_REG_BASE+0x0A74))
 ^
In file included from /home/satory-ra/Android/kernel/android_kernel_oukitel_orange/drivers/misc/mediatek/mach/mt6735/include/mach/upmu_common.h:7:0,
                 from drivers/misc/mediatek/spm/mt6735/mt_spm_sleep.c:25:
/home/satory-ra/Android/kernel/android_kernel_oukitel_orange/drivers/misc/mediatek/mach/mt6735/include/mach/upmu_hw.h:438:0: note: this is the location of the previous definition
 #define MT6328_DLDO_ANA_CON5         ((MT6328_PMIC_REG_BASE+0x0A74))
 ^
In file included from drivers/misc/mediatek/spm/mt6735/mt_spm_sleep.c:40:0:
drivers/misc/mediatek/spm/mt6735/../../pmic_wrap/mt6735/pwrap_hal.h:816:0: warning: "MT6328_SLDO_ANA_CON0" redefined
 #define MT6328_SLDO_ANA_CON0         ((UINT32)(MT6328_PMIC_REG_BASE+0x0A76))
 ^
In file included from /home/satory-ra/Android/kernel/android_kernel_oukitel_orange/drivers/misc/mediatek/mach/mt6735/include/mach/upmu_common.h:7:0,
                 from drivers/misc/mediatek/spm/mt6735/mt_spm_sleep.c:25:
/home/satory-ra/Android/kernel/android_kernel_oukitel_orange/drivers/misc/mediatek/mach/mt6735/include/mach/upmu_hw.h:439:0: note: this is the location of the previous definition
 #define MT6328_SLDO_ANA_CON0         ((MT6328_PMIC_REG_BASE+0x0A76))
 ^
In file included from drivers/misc/mediatek/spm/mt6735/mt_spm_sleep.c:40:0:
drivers/misc/mediatek/spm/mt6735/../../pmic_wrap/mt6735/pwrap_hal.h:817:0: warning: "MT6328_SLDO_ANA_CON1" redefined
 #define MT6328_SLDO_ANA_CON1         ((UINT32)(MT6328_PMIC_REG_BASE+0x0A78))
 ^
In file included from /home/satory-ra/Android/kernel/android_kernel_oukitel_orange/drivers/misc/mediatek/mach/mt6735/include/mach/upmu_common.h:7:0,
                 from drivers/misc/mediatek/spm/mt6735/mt_spm_sleep.c:25:
/home/satory-ra/Android/kernel/android_kernel_oukitel_orange/drivers/misc/mediatek/mach/mt6735/include/mach/upmu_hw.h:440:0: note: this is the location of the previous definition
 #define MT6328_SLDO_ANA_CON1         ((MT6328_PMIC_REG_BASE+0x0A78))
 ^
In file included from drivers/misc/mediatek/spm/mt6735/mt_spm_sleep.c:40:0:
drivers/misc/mediatek/spm/mt6735/../../pmic_wrap/mt6735/pwrap_hal.h:818:0: warning: "MT6328_SLDO_ANA_CON2" redefined
 #define MT6328_SLDO_ANA_CON2         ((UINT32)(MT6328_PMIC_REG_BASE+0x0A7A))
 ^
In file included from /home/satory-ra/Android/kernel/android_kernel_oukitel_orange/drivers/misc/mediatek/mach/mt6735/include/mach/upmu_common.h:7:0,
                 from drivers/misc/mediatek/spm/mt6735/mt_spm_sleep.c:25:
/home/satory-ra/Android/kernel/android_kernel_oukitel_orange/drivers/misc/mediatek/mach/mt6735/include/mach/upmu_hw.h:441:0: note: this is the location of the previous definition
 #define MT6328_SLDO_ANA_CON2         ((MT6328_PMIC_REG_BASE+0x0A7A))
 ^
In file included from drivers/misc/mediatek/spm/mt6735/mt_spm_sleep.c:40:0:
drivers/misc/mediatek/spm/mt6735/../../pmic_wrap/mt6735/pwrap_hal.h:819:0: warning: "MT6328_SLDO_ANA_CON3" redefined
 #define MT6328_SLDO_ANA_CON3         ((UINT32)(MT6328_PMIC_REG_BASE+0x0A7C))
 ^
In file included from /home/satory-ra/Android/kernel/android_kernel_oukitel_orange/drivers/misc/mediatek/mach/mt6735/include/mach/upmu_common.h:7:0,
                 from drivers/misc/mediatek/spm/mt6735/mt_spm_sleep.c:25:
/home/satory-ra/Android/kernel/android_kernel_oukitel_orange/drivers/misc/mediatek/mach/mt6735/include/mach/upmu_hw.h:442:0: note: this is the location of the previous definition
 #define MT6328_SLDO_ANA_CON3         ((MT6328_PMIC_REG_BASE+0x0A7C))
 ^
In file included from drivers/misc/mediatek/spm/mt6735/mt_spm_sleep.c:40:0:
drivers/misc/mediatek/spm/mt6735/../../pmic_wrap/mt6735/pwrap_hal.h:820:0: warning: "MT6328_SLDO_ANA_CON4" redefined
 #define MT6328_SLDO_ANA_CON4         ((UINT32)(MT6328_PMIC_REG_BASE+0x0A7E))
 ^
In file included from /home/satory-ra/Android/kernel/android_kernel_oukitel_orange/drivers/misc/mediatek/mach/mt6735/include/mach/upmu_common.h:7:0,
                 from drivers/misc/mediatek/spm/mt6735/mt_spm_sleep.c:25:
/home/satory-ra/Android/kernel/android_kernel_oukitel_orange/drivers/misc/mediatek/mach/mt6735/include/mach/upmu_hw.h:443:0: note: this is the location of the previous definition
 #define MT6328_SLDO_ANA_CON4         ((MT6328_PMIC_REG_BASE+0x0A7E))
 ^
In file included from drivers/misc/mediatek/spm/mt6735/mt_spm_sleep.c:40:0:
drivers/misc/mediatek/spm/mt6735/../../pmic_wrap/mt6735/pwrap_hal.h:821:0: warning: "MT6328_SLDO_ANA_CON5" redefined
 #define MT6328_SLDO_ANA_CON5         ((UINT32)(MT6328_PMIC_REG_BASE+0x0A80))
 ^
In file included from /home/satory-ra/Android/kernel/android_kernel_oukitel_orange/drivers/misc/mediatek/mach/mt6735/include/mach/upmu_common.h:7:0,
                 from drivers/misc/mediatek/spm/mt6735/mt_spm_sleep.c:25:
/home/satory-ra/Android/kernel/android_kernel_oukitel_orange/drivers/misc/mediatek/mach/mt6735/include/mach/upmu_hw.h:444:0: note: this is the location of the previous definition
 #define MT6328_SLDO_ANA_CON5         ((MT6328_PMIC_REG_BASE+0x0A80))
 ^
In file included from drivers/misc/mediatek/spm/mt6735/mt_spm_sleep.c:40:0:
drivers/misc/mediatek/spm/mt6735/../../pmic_wrap/mt6735/pwrap_hal.h:822:0: warning: "MT6328_SLDO_ANA_CON6" redefined
 #define MT6328_SLDO_ANA_CON6         ((UINT32)(MT6328_PMIC_REG_BASE+0x0A82))
 ^
In file included from /home/satory-ra/Android/kernel/android_kernel_oukitel_orange/drivers/misc/mediatek/mach/mt6735/include/mach/upmu_common.h:7:0,
                 from drivers/misc/mediatek/spm/mt6735/mt_spm_sleep.c:25:
/home/satory-ra/Android/kernel/android_kernel_oukitel_orange/drivers/misc/mediatek/mach/mt6735/include/mach/upmu_hw.h:445:0: note: this is the location of the previous definition
 #define MT6328_SLDO_ANA_CON6         ((MT6328_PMIC_REG_BASE+0x0A82))
 ^
In file included from drivers/misc/mediatek/spm/mt6735/mt_spm_sleep.c:40:0:
drivers/misc/mediatek/spm/mt6735/../../pmic_wrap/mt6735/pwrap_hal.h:823:0: warning: "MT6328_SLDO_ANA_CON7" redefined
 #define MT6328_SLDO_ANA_CON7         ((UINT32)(MT6328_PMIC_REG_BASE+0x0A84))
 ^
In file included from /home/satory-ra/Android/kernel/android_kernel_oukitel_orange/drivers/misc/mediatek/mach/mt6735/include/mach/upmu_common.h:7:0,
                 from drivers/misc/mediatek/spm/mt6735/mt_spm_sleep.c:25:
/home/satory-ra/Android/kernel/android_kernel_oukitel_orange/drivers/misc/mediatek/mach/mt6735/include/mach/upmu_hw.h:446:0: note: this is the location of the previous definition
 #define MT6328_SLDO_ANA_CON7         ((MT6328_PMIC_REG_BASE+0x0A84))
 ^
In file included from drivers/misc/mediatek/spm/mt6735/mt_spm_sleep.c:40:0:
drivers/misc/mediatek/spm/mt6735/../../pmic_wrap/mt6735/pwrap_hal.h:824:0: warning: "MT6328_SLDO_ANA_CON8" redefined
 #define MT6328_SLDO_ANA_CON8         ((UINT32)(MT6328_PMIC_REG_BASE+0x0A86))
 ^
In file included from /home/satory-ra/Android/kernel/android_kernel_oukitel_orange/drivers/misc/mediatek/mach/mt6735/include/mach/upmu_common.h:7:0,
                 from drivers/misc/mediatek/spm/mt6735/mt_spm_sleep.c:25:
/home/satory-ra/Android/kernel/android_kernel_oukitel_orange/drivers/misc/mediatek/mach/mt6735/include/mach/upmu_hw.h:447:0: note: this is the location of the previous definition
 #define MT6328_SLDO_ANA_CON8         ((MT6328_PMIC_REG_BASE+0x0A86))
 ^
In file included from drivers/misc/mediatek/spm/mt6735/mt_spm_sleep.c:40:0:
drivers/misc/mediatek/spm/mt6735/../../pmic_wrap/mt6735/pwrap_hal.h:825:0: warning: "MT6328_SLDO_ANA_CON9" redefined
 #define MT6328_SLDO_ANA_CON9         ((UINT32)(MT6328_PMIC_REG_BASE+0x0A88))
 ^
In file included from /home/satory-ra/Android/kernel/android_kernel_oukitel_orange/drivers/misc/mediatek/mach/mt6735/include/mach/upmu_common.h:7:0,
                 from drivers/misc/mediatek/spm/mt6735/mt_spm_sleep.c:25:
/home/satory-ra/Android/kernel/android_kernel_oukitel_orange/drivers/misc/mediatek/mach/mt6735/include/mach/upmu_hw.h:448:0: note: this is the location of the previous definition
 #define MT6328_SLDO_ANA_CON9         ((MT6328_PMIC_REG_BASE+0x0A88))
 ^
In file included from drivers/misc/mediatek/spm/mt6735/mt_spm_sleep.c:40:0:
drivers/misc/mediatek/spm/mt6735/../../pmic_wrap/mt6735/pwrap_hal.h:826:0: warning: "MT6328_SLDO_ANA_CON10" redefined
 #define MT6328_SLDO_ANA_CON10        ((UINT32)(MT6328_PMIC_REG_BASE+0x0A8A))
 ^
In file included from /home/satory-ra/Android/kernel/android_kernel_oukitel_orange/drivers/misc/mediatek/mach/mt6735/include/mach/upmu_common.h:7:0,
                 from drivers/misc/mediatek/spm/mt6735/mt_spm_sleep.c:25:
/home/satory-ra/Android/kernel/android_kernel_oukitel_orange/drivers/misc/mediatek/mach/mt6735/include/mach/upmu_hw.h:449:0: note: this is the location of the previous definition
 #define MT6328_SLDO_ANA_CON10        ((MT6328_PMIC_REG_BASE+0x0A8A))
 ^
In file included from drivers/misc/mediatek/spm/mt6735/mt_spm_sleep.c:40:0:
drivers/misc/mediatek/spm/mt6735/../../pmic_wrap/mt6735/pwrap_hal.h:827:0: warning: "MT6328_LDO_RSV_CON0" redefined
 #define MT6328_LDO_RSV_CON0          ((UINT32)(MT6328_PMIC_REG_BASE+0x0A8C))
 ^
In file included from /home/satory-ra/Android/kernel/android_kernel_oukitel_orange/drivers/misc/mediatek/mach/mt6735/include/mach/upmu_common.h:7:0,
                 from drivers/misc/mediatek/spm/mt6735/mt_spm_sleep.c:25:
/home/satory-ra/Android/kernel/android_kernel_oukitel_orange/drivers/misc/mediatek/mach/mt6735/include/mach/upmu_hw.h:450:0: note: this is the location of the previous definition
 #define MT6328_LDO_RSV_CON0          ((MT6328_PMIC_REG_BASE+0x0A8C))
 ^
In file included from drivers/misc/mediatek/spm/mt6735/mt_spm_sleep.c:40:0:
drivers/misc/mediatek/spm/mt6735/../../pmic_wrap/mt6735/pwrap_hal.h:828:0: warning: "MT6328_LDO_RSV_CON1" redefined
 #define MT6328_LDO_RSV_CON1          ((UINT32)(MT6328_PMIC_REG_BASE+0x0A8E))
 ^
In file included from /home/satory-ra/Android/kernel/android_kernel_oukitel_orange/drivers/misc/mediatek/mach/mt6735/include/mach/upmu_common.h:7:0,
                 from drivers/misc/mediatek/spm/mt6735/mt_spm_sleep.c:25:
/home/satory-ra/Android/kernel/android_kernel_oukitel_orange/drivers/misc/mediatek/mach/mt6735/include/mach/upmu_hw.h:451:0: note: this is the location of the previous definition
 #define MT6328_LDO_RSV_CON1          ((MT6328_PMIC_REG_BASE+0x0A8E))
 ^
In file included from drivers/misc/mediatek/spm/mt6735/mt_spm_sleep.c:40:0:
drivers/misc/mediatek/spm/mt6735/../../pmic_wrap/mt6735/pwrap_hal.h:829:0: warning: "MT6328_SPK_CON0" redefined
 #define MT6328_SPK_CON0              ((UINT32)(MT6328_PMIC_REG_BASE+0x0A90))
 ^
In file included from /home/satory-ra/Android/kernel/android_kernel_oukitel_orange/drivers/misc/mediatek/mach/mt6735/include/mach/upmu_common.h:7:0,
                 from drivers/misc/mediatek/spm/mt6735/mt_spm_sleep.c:25:
/home/satory-ra/Android/kernel/android_kernel_oukitel_orange/drivers/misc/mediatek/mach/mt6735/include/mach/upmu_hw.h:452:0: note: this is the location of the previous definition
 #define MT6328_SPK_CON0              ((MT6328_PMIC_REG_BASE+0x0A90))
 ^
In file included from drivers/misc/mediatek/spm/mt6735/mt_spm_sleep.c:40:0:
drivers/misc/mediatek/spm/mt6735/../../pmic_wrap/mt6735/pwrap_hal.h:830:0: warning: "MT6328_SPK_CON1" redefined
 #define MT6328_SPK_CON1              ((UINT32)(MT6328_PMIC_REG_BASE+0x0A92))
 ^
In file included from /home/satory-ra/Android/kernel/android_kernel_oukitel_orange/drivers/misc/mediatek/mach/mt6735/include/mach/upmu_common.h:7:0,
                 from drivers/misc/mediatek/spm/mt6735/mt_spm_sleep.c:25:
/home/satory-ra/Android/kernel/android_kernel_oukitel_orange/drivers/misc/mediatek/mach/mt6735/include/mach/upmu_hw.h:453:0: note: this is the location of the previous definition
 #define MT6328_SPK_CON1              ((MT6328_PMIC_REG_BASE+0x0A92))
 ^
In file included from drivers/misc/mediatek/spm/mt6735/mt_spm_sleep.c:40:0:
drivers/misc/mediatek/spm/mt6735/../../pmic_wrap/mt6735/pwrap_hal.h:831:0: warning: "MT6328_SPK_CON2" redefined
 #define MT6328_SPK_CON2              ((UINT32)(MT6328_PMIC_REG_BASE+0x0A94))
 ^
In file included from /home/satory-ra/Android/kernel/android_kernel_oukitel_orange/drivers/misc/mediatek/mach/mt6735/include/mach/upmu_common.h:7:0,
                 from drivers/misc/mediatek/spm/mt6735/mt_spm_sleep.c:25:
/home/satory-ra/Android/kernel/android_kernel_oukitel_orange/drivers/misc/mediatek/mach/mt6735/include/mach/upmu_hw.h:454:0: note: this is the location of the previous definition
 #define MT6328_SPK_CON2              ((MT6328_PMIC_REG_BASE+0x0A94))
 ^
In file included from drivers/misc/mediatek/spm/mt6735/mt_spm_sleep.c:40:0:
drivers/misc/mediatek/spm/mt6735/../../pmic_wrap/mt6735/pwrap_hal.h:832:0: warning: "MT6328_SPK_CON3" redefined
 #define MT6328_SPK_CON3              ((UINT32)(MT6328_PMIC_REG_BASE+0x0A96))
 ^
In file included from /home/satory-ra/Android/kernel/android_kernel_oukitel_orange/drivers/misc/mediatek/mach/mt6735/include/mach/upmu_common.h:7:0,
                 from drivers/misc/mediatek/spm/mt6735/mt_spm_sleep.c:25:
/home/satory-ra/Android/kernel/android_kernel_oukitel_orange/drivers/misc/mediatek/mach/mt6735/include/mach/upmu_hw.h:455:0: note: this is the location of the previous definition
 #define MT6328_SPK_CON3              ((MT6328_PMIC_REG_BASE+0x0A96))
 ^
In file included from drivers/misc/mediatek/spm/mt6735/mt_spm_sleep.c:40:0:
drivers/misc/mediatek/spm/mt6735/../../pmic_wrap/mt6735/pwrap_hal.h:833:0: warning: "MT6328_SPK_CON4" redefined
 #define MT6328_SPK_CON4              ((UINT32)(MT6328_PMIC_REG_BASE+0x0A98))
 ^
In file included from /home/satory-ra/Android/kernel/android_kernel_oukitel_orange/drivers/misc/mediatek/mach/mt6735/include/mach/upmu_common.h:7:0,
                 from drivers/misc/mediatek/spm/mt6735/mt_spm_sleep.c:25:
/home/satory-ra/Android/kernel/android_kernel_oukitel_orange/drivers/misc/mediatek/mach/mt6735/include/mach/upmu_hw.h:456:0: note: this is the location of the previous definition
 #define MT6328_SPK_CON4              ((MT6328_PMIC_REG_BASE+0x0A98))
 ^
In file included from drivers/misc/mediatek/spm/mt6735/mt_spm_sleep.c:40:0:
drivers/misc/mediatek/spm/mt6735/../../pmic_wrap/mt6735/pwrap_hal.h:834:0: warning: "MT6328_SPK_CON5" redefined
 #define MT6328_SPK_CON5              ((UINT32)(MT6328_PMIC_REG_BASE+0x0A9A))
 ^
In file included from /home/satory-ra/Android/kernel/android_kernel_oukitel_orange/drivers/misc/mediatek/mach/mt6735/include/mach/upmu_common.h:7:0,
                 from drivers/misc/mediatek/spm/mt6735/mt_spm_sleep.c:25:
/home/satory-ra/Android/kernel/android_kernel_oukitel_orange/drivers/misc/mediatek/mach/mt6735/include/mach/upmu_hw.h:457:0: note: this is the location of the previous definition
 #define MT6328_SPK_CON5              ((MT6328_PMIC_REG_BASE+0x0A9A))
 ^
In file included from drivers/misc/mediatek/spm/mt6735/mt_spm_sleep.c:40:0:
drivers/misc/mediatek/spm/mt6735/../../pmic_wrap/mt6735/pwrap_hal.h:835:0: warning: "MT6328_SPK_CON6" redefined
 #define MT6328_SPK_CON6              ((UINT32)(MT6328_PMIC_REG_BASE+0x0A9C))
 ^
In file included from /home/satory-ra/Android/kernel/android_kernel_oukitel_orange/drivers/misc/mediatek/mach/mt6735/include/mach/upmu_common.h:7:0,
                 from drivers/misc/mediatek/spm/mt6735/mt_spm_sleep.c:25:
/home/satory-ra/Android/kernel/android_kernel_oukitel_orange/drivers/misc/mediatek/mach/mt6735/include/mach/upmu_hw.h:458:0: note: this is the location of the previous definition
 #define MT6328_SPK_CON6              ((MT6328_PMIC_REG_BASE+0x0A9C))
 ^
In file included from drivers/misc/mediatek/spm/mt6735/mt_spm_sleep.c:40:0:
drivers/misc/mediatek/spm/mt6735/../../pmic_wrap/mt6735/pwrap_hal.h:836:0: warning: "MT6328_SPK_CON7" redefined
 #define MT6328_SPK_CON7              ((UINT32)(MT6328_PMIC_REG_BASE+0x0A9E))
 ^
In file included from /home/satory-ra/Android/kernel/android_kernel_oukitel_orange/drivers/misc/mediatek/mach/mt6735/include/mach/upmu_common.h:7:0,
                 from drivers/misc/mediatek/spm/mt6735/mt_spm_sleep.c:25:
/home/satory-ra/Android/kernel/android_kernel_oukitel_orange/drivers/misc/mediatek/mach/mt6735/include/mach/upmu_hw.h:459:0: note: this is the location of the previous definition
 #define MT6328_SPK_CON7              ((MT6328_PMIC_REG_BASE+0x0A9E))
 ^
In file included from drivers/misc/mediatek/spm/mt6735/mt_spm_sleep.c:40:0:
drivers/misc/mediatek/spm/mt6735/../../pmic_wrap/mt6735/pwrap_hal.h:837:0: warning: "MT6328_SPK_CON8" redefined
 #define MT6328_SPK_CON8              ((UINT32)(MT6328_PMIC_REG_BASE+0x0AA0))
 ^
In file included from /home/satory-ra/Android/kernel/android_kernel_oukitel_orange/drivers/misc/mediatek/mach/mt6735/include/mach/upmu_common.h:7:0,
                 from drivers/misc/mediatek/spm/mt6735/mt_spm_sleep.c:25:
/home/satory-ra/Android/kernel/android_kernel_oukitel_orange/drivers/misc/mediatek/mach/mt6735/include/mach/upmu_hw.h:460:0: note: this is the location of the previous definition
 #define MT6328_SPK_CON8              ((MT6328_PMIC_REG_BASE+0x0AA0))
 ^
In file included from drivers/misc/mediatek/spm/mt6735/mt_spm_sleep.c:40:0:
drivers/misc/mediatek/spm/mt6735/../../pmic_wrap/mt6735/pwrap_hal.h:838:0: warning: "MT6328_SPK_CON9" redefined
 #define MT6328_SPK_CON9              ((UINT32)(MT6328_PMIC_REG_BASE+0x0AA2))
 ^
In file included from /home/satory-ra/Android/kernel/android_kernel_oukitel_orange/drivers/misc/mediatek/mach/mt6735/include/mach/upmu_common.h:7:0,
                 from drivers/misc/mediatek/spm/mt6735/mt_spm_sleep.c:25:
/home/satory-ra/Android/kernel/android_kernel_oukitel_orange/drivers/misc/mediatek/mach/mt6735/include/mach/upmu_hw.h:461:0: note: this is the location of the previous definition
 #define MT6328_SPK_CON9              ((MT6328_PMIC_REG_BASE+0x0AA2))
 ^
In file included from drivers/misc/mediatek/spm/mt6735/mt_spm_sleep.c:40:0:
drivers/misc/mediatek/spm/mt6735/../../pmic_wrap/mt6735/pwrap_hal.h:839:0: warning: "MT6328_SPK_CON10" redefined
 #define MT6328_SPK_CON10             ((UINT32)(MT6328_PMIC_REG_BASE+0x0AA4))
 ^
In file included from /home/satory-ra/Android/kernel/android_kernel_oukitel_orange/drivers/misc/mediatek/mach/mt6735/include/mach/upmu_common.h:7:0,
                 from drivers/misc/mediatek/spm/mt6735/mt_spm_sleep.c:25:
/home/satory-ra/Android/kernel/android_kernel_oukitel_orange/drivers/misc/mediatek/mach/mt6735/include/mach/upmu_hw.h:462:0: note: this is the location of the previous definition
 #define MT6328_SPK_CON10             ((MT6328_PMIC_REG_BASE+0x0AA4))
 ^
In file included from drivers/misc/mediatek/spm/mt6735/mt_spm_sleep.c:40:0:
drivers/misc/mediatek/spm/mt6735/../../pmic_wrap/mt6735/pwrap_hal.h:840:0: warning: "MT6328_SPK_CON11" redefined
 #define MT6328_SPK_CON11             ((UINT32)(MT6328_PMIC_REG_BASE+0x0AA6))
 ^
In file included from /home/satory-ra/Android/kernel/android_kernel_oukitel_orange/drivers/misc/mediatek/mach/mt6735/include/mach/upmu_common.h:7:0,
                 from drivers/misc/mediatek/spm/mt6735/mt_spm_sleep.c:25:
/home/satory-ra/Android/kernel/android_kernel_oukitel_orange/drivers/misc/mediatek/mach/mt6735/include/mach/upmu_hw.h:463:0: note: this is the location of the previous definition
 #define MT6328_SPK_CON11             ((MT6328_PMIC_REG_BASE+0x0AA6))
 ^
In file included from drivers/misc/mediatek/spm/mt6735/mt_spm_sleep.c:40:0:
drivers/misc/mediatek/spm/mt6735/../../pmic_wrap/mt6735/pwrap_hal.h:841:0: warning: "MT6328_SPK_CON12" redefined
 #define MT6328_SPK_CON12             ((UINT32)(MT6328_PMIC_REG_BASE+0x0AA8))
 ^
In file included from /home/satory-ra/Android/kernel/android_kernel_oukitel_orange/drivers/misc/mediatek/mach/mt6735/include/mach/upmu_common.h:7:0,
                 from drivers/misc/mediatek/spm/mt6735/mt_spm_sleep.c:25:
/home/satory-ra/Android/kernel/android_kernel_oukitel_orange/drivers/misc/mediatek/mach/mt6735/include/mach/upmu_hw.h:464:0: note: this is the location of the previous definition
 #define MT6328_SPK_CON12             ((MT6328_PMIC_REG_BASE+0x0AA8))
 ^
In file included from drivers/misc/mediatek/spm/mt6735/mt_spm_sleep.c:40:0:
drivers/misc/mediatek/spm/mt6735/../../pmic_wrap/mt6735/pwrap_hal.h:842:0: warning: "MT6328_SPK_CON13" redefined
 #define MT6328_SPK_CON13             ((UINT32)(MT6328_PMIC_REG_BASE+0x0AAA))
 ^
In file included from /home/satory-ra/Android/kernel/android_kernel_oukitel_orange/drivers/misc/mediatek/mach/mt6735/include/mach/upmu_common.h:7:0,
                 from drivers/misc/mediatek/spm/mt6735/mt_spm_sleep.c:25:
/home/satory-ra/Android/kernel/android_kernel_oukitel_orange/drivers/misc/mediatek/mach/mt6735/include/mach/upmu_hw.h:465:0: note: this is the location of the previous definition
 #define MT6328_SPK_CON13             ((MT6328_PMIC_REG_BASE+0x0AAA))
 ^
In file included from drivers/misc/mediatek/spm/mt6735/mt_spm_sleep.c:40:0:
drivers/misc/mediatek/spm/mt6735/../../pmic_wrap/mt6735/pwrap_hal.h:843:0: warning: "MT6328_SPK_CON14" redefined
 #define MT6328_SPK_CON14             ((UINT32)(MT6328_PMIC_REG_BASE+0x0AAC))
 ^
In file included from /home/satory-ra/Android/kernel/android_kernel_oukitel_orange/drivers/misc/mediatek/mach/mt6735/include/mach/upmu_common.h:7:0,
                 from drivers/misc/mediatek/spm/mt6735/mt_spm_sleep.c:25:
/home/satory-ra/Android/kernel/android_kernel_oukitel_orange/drivers/misc/mediatek/mach/mt6735/include/mach/upmu_hw.h:466:0: note: this is the location of the previous definition
 #define MT6328_SPK_CON14             ((MT6328_PMIC_REG_BASE+0x0AAC))
 ^
In file included from drivers/misc/mediatek/spm/mt6735/mt_spm_sleep.c:40:0:
drivers/misc/mediatek/spm/mt6735/../../pmic_wrap/mt6735/pwrap_hal.h:844:0: warning: "MT6328_SPK_CON15" redefined
 #define MT6328_SPK_CON15             ((UINT32)(MT6328_PMIC_REG_BASE+0x0AAE))
 ^
In file included from /home/satory-ra/Android/kernel/android_kernel_oukitel_orange/drivers/misc/mediatek/mach/mt6735/include/mach/upmu_common.h:7:0,
                 from drivers/misc/mediatek/spm/mt6735/mt_spm_sleep.c:25:
/home/satory-ra/Android/kernel/android_kernel_oukitel_orange/drivers/misc/mediatek/mach/mt6735/include/mach/upmu_hw.h:467:0: note: this is the location of the previous definition
 #define MT6328_SPK_CON15             ((MT6328_PMIC_REG_BASE+0x0AAE))
 ^
In file included from drivers/misc/mediatek/spm/mt6735/mt_spm_sleep.c:40:0:
drivers/misc/mediatek/spm/mt6735/../../pmic_wrap/mt6735/pwrap_hal.h:845:0: warning: "MT6328_SPK_CON16" redefined
 #define MT6328_SPK_CON16             ((UINT32)(MT6328_PMIC_REG_BASE+0x0AB0))
 ^
In file included from /home/satory-ra/Android/kernel/android_kernel_oukitel_orange/drivers/misc/mediatek/mach/mt6735/include/mach/upmu_common.h:7:0,
                 from drivers/misc/mediatek/spm/mt6735/mt_spm_sleep.c:25:
/home/satory-ra/Android/kernel/android_kernel_oukitel_orange/drivers/misc/mediatek/mach/mt6735/include/mach/upmu_hw.h:468:0: note: this is the location of the previous definition
 #define MT6328_SPK_CON16             ((MT6328_PMIC_REG_BASE+0x0AB0))
 ^
In file included from drivers/misc/mediatek/spm/mt6735/mt_spm_sleep.c:40:0:
drivers/misc/mediatek/spm/mt6735/../../pmic_wrap/mt6735/pwrap_hal.h:846:0: warning: "MT6328_SPK_ANA_CON0" redefined
 #define MT6328_SPK_ANA_CON0          ((UINT32)(MT6328_PMIC_REG_BASE+0x0AB2))
 ^
In file included from /home/satory-ra/Android/kernel/android_kernel_oukitel_orange/drivers/misc/mediatek/mach/mt6735/include/mach/upmu_common.h:7:0,
                 from drivers/misc/mediatek/spm/mt6735/mt_spm_sleep.c:25:
/home/satory-ra/Android/kernel/android_kernel_oukitel_orange/drivers/misc/mediatek/mach/mt6735/include/mach/upmu_hw.h:469:0: note: this is the location of the previous definition
 #define MT6328_SPK_ANA_CON0          ((MT6328_PMIC_REG_BASE+0x0AB2))
 ^
In file included from drivers/misc/mediatek/spm/mt6735/mt_spm_sleep.c:40:0:
drivers/misc/mediatek/spm/mt6735/../../pmic_wrap/mt6735/pwrap_hal.h:847:0: warning: "MT6328_SPK_ANA_CON1" redefined
 #define MT6328_SPK_ANA_CON1          ((UINT32)(MT6328_PMIC_REG_BASE+0x0AB4))
 ^
In file included from /home/satory-ra/Android/kernel/android_kernel_oukitel_orange/drivers/misc/mediatek/mach/mt6735/include/mach/upmu_common.h:7:0,
                 from drivers/misc/mediatek/spm/mt6735/mt_spm_sleep.c:25:
/home/satory-ra/Android/kernel/android_kernel_oukitel_orange/drivers/misc/mediatek/mach/mt6735/include/mach/upmu_hw.h:470:0: note: this is the location of the previous definition
 #define MT6328_SPK_ANA_CON1          ((MT6328_PMIC_REG_BASE+0x0AB4))
 ^
In file included from drivers/misc/mediatek/spm/mt6735/mt_spm_sleep.c:40:0:
drivers/misc/mediatek/spm/mt6735/../../pmic_wrap/mt6735/pwrap_hal.h:848:0: warning: "MT6328_SPK_ANA_CON3" redefined
 #define MT6328_SPK_ANA_CON3          ((UINT32)(MT6328_PMIC_REG_BASE+0x0AB6))
 ^
In file included from /home/satory-ra/Android/kernel/android_kernel_oukitel_orange/drivers/misc/mediatek/mach/mt6735/include/mach/upmu_common.h:7:0,
                 from drivers/misc/mediatek/spm/mt6735/mt_spm_sleep.c:25:
/home/satory-ra/Android/kernel/android_kernel_oukitel_orange/drivers/misc/mediatek/mach/mt6735/include/mach/upmu_hw.h:471:0: note: this is the location of the previous definition
 #define MT6328_SPK_ANA_CON3          ((MT6328_PMIC_REG_BASE+0x0AB6))
 ^
In file included from drivers/misc/mediatek/spm/mt6735/mt_spm_sleep.c:40:0:
drivers/misc/mediatek/spm/mt6735/../../pmic_wrap/mt6735/pwrap_hal.h:849:0: warning: "MT6328_OTP_CON0" redefined
 #define MT6328_OTP_CON0              ((UINT32)(MT6328_PMIC_REG_BASE+0x0C00))
 ^
In file included from /home/satory-ra/Android/kernel/android_kernel_oukitel_orange/drivers/misc/mediatek/mach/mt6735/include/mach/upmu_common.h:7:0,
                 from drivers/misc/mediatek/spm/mt6735/mt_spm_sleep.c:25:
/home/satory-ra/Android/kernel/android_kernel_oukitel_orange/drivers/misc/mediatek/mach/mt6735/include/mach/upmu_hw.h:472:0: note: this is the location of the previous definition
 #define MT6328_OTP_CON0              ((MT6328_PMIC_REG_BASE+0x0C00))
 ^
In file included from drivers/misc/mediatek/spm/mt6735/mt_spm_sleep.c:40:0:
drivers/misc/mediatek/spm/mt6735/../../pmic_wrap/mt6735/pwrap_hal.h:850:0: warning: "MT6328_OTP_CON1" redefined
 #define MT6328_OTP_CON1              ((UINT32)(MT6328_PMIC_REG_BASE+0x0C02))
 ^
In file included from /home/satory-ra/Android/kernel/android_kernel_oukitel_orange/drivers/misc/mediatek/mach/mt6735/include/mach/upmu_common.h:7:0,
                 from drivers/misc/mediatek/spm/mt6735/mt_spm_sleep.c:25:
/home/satory-ra/Android/kernel/android_kernel_oukitel_orange/drivers/misc/mediatek/mach/mt6735/include/mach/upmu_hw.h:473:0: note: this is the location of the previous definition
 #define MT6328_OTP_CON1              ((MT6328_PMIC_REG_BASE+0x0C02))
 ^
In file included from drivers/misc/mediatek/spm/mt6735/mt_spm_sleep.c:40:0:
drivers/misc/mediatek/spm/mt6735/../../pmic_wrap/mt6735/pwrap_hal.h:851:0: warning: "MT6328_OTP_CON2" redefined
 #define MT6328_OTP_CON2              ((UINT32)(MT6328_PMIC_REG_BASE+0x0C04))
 ^
In file included from /home/satory-ra/Android/kernel/android_kernel_oukitel_orange/drivers/misc/mediatek/mach/mt6735/include/mach/upmu_common.h:7:0,
                 from drivers/misc/mediatek/spm/mt6735/mt_spm_sleep.c:25:
/home/satory-ra/Android/kernel/android_kernel_oukitel_orange/drivers/misc/mediatek/mach/mt6735/include/mach/upmu_hw.h:474:0: note: this is the location of the previous definition
 #define MT6328_OTP_CON2              ((MT6328_PMIC_REG_BASE+0x0C04))
 ^
In file included from drivers/misc/mediatek/spm/mt6735/mt_spm_sleep.c:40:0:
drivers/misc/mediatek/spm/mt6735/../../pmic_wrap/mt6735/pwrap_hal.h:852:0: warning: "MT6328_OTP_CON3" redefined
 #define MT6328_OTP_CON3              ((UINT32)(MT6328_PMIC_REG_BASE+0x0C06))
 ^
In file included from /home/satory-ra/Android/kernel/android_kernel_oukitel_orange/drivers/misc/mediatek/mach/mt6735/include/mach/upmu_common.h:7:0,
                 from drivers/misc/mediatek/spm/mt6735/mt_spm_sleep.c:25:
/home/satory-ra/Android/kernel/android_kernel_oukitel_orange/drivers/misc/mediatek/mach/mt6735/include/mach/upmu_hw.h:475:0: note: this is the location of the previous definition
 #define MT6328_OTP_CON3              ((MT6328_PMIC_REG_BASE+0x0C06))
 ^
In file included from drivers/misc/mediatek/spm/mt6735/mt_spm_sleep.c:40:0:
drivers/misc/mediatek/spm/mt6735/../../pmic_wrap/mt6735/pwrap_hal.h:853:0: warning: "MT6328_OTP_CON4" redefined
 #define MT6328_OTP_CON4              ((UINT32)(MT6328_PMIC_REG_BASE+0x0C08))
 ^
In file included from /home/satory-ra/Android/kernel/android_kernel_oukitel_orange/drivers/misc/mediatek/mach/mt6735/include/mach/upmu_common.h:7:0,
                 from drivers/misc/mediatek/spm/mt6735/mt_spm_sleep.c:25:
/home/satory-ra/Android/kernel/android_kernel_oukitel_orange/drivers/misc/mediatek/mach/mt6735/include/mach/upmu_hw.h:476:0: note: this is the location of the previous definition
 #define MT6328_OTP_CON4              ((MT6328_PMIC_REG_BASE+0x0C08))
 ^
In file included from drivers/misc/mediatek/spm/mt6735/mt_spm_sleep.c:40:0:
drivers/misc/mediatek/spm/mt6735/../../pmic_wrap/mt6735/pwrap_hal.h:854:0: warning: "MT6328_OTP_CON5" redefined
 #define MT6328_OTP_CON5              ((UINT32)(MT6328_PMIC_REG_BASE+0x0C0A))
 ^
In file included from /home/satory-ra/Android/kernel/android_kernel_oukitel_orange/drivers/misc/mediatek/mach/mt6735/include/mach/upmu_common.h:7:0,
                 from drivers/misc/mediatek/spm/mt6735/mt_spm_sleep.c:25:
/home/satory-ra/Android/kernel/android_kernel_oukitel_orange/drivers/misc/mediatek/mach/mt6735/include/mach/upmu_hw.h:477:0: note: this is the location of the previous definition
 #define MT6328_OTP_CON5              ((MT6328_PMIC_REG_BASE+0x0C0A))
 ^
In file included from drivers/misc/mediatek/spm/mt6735/mt_spm_sleep.c:40:0:
drivers/misc/mediatek/spm/mt6735/../../pmic_wrap/mt6735/pwrap_hal.h:855:0: warning: "MT6328_OTP_CON6" redefined
 #define MT6328_OTP_CON6              ((UINT32)(MT6328_PMIC_REG_BASE+0x0C0C))
 ^
In file included from /home/satory-ra/Android/kernel/android_kernel_oukitel_orange/drivers/misc/mediatek/mach/mt6735/include/mach/upmu_common.h:7:0,
                 from drivers/misc/mediatek/spm/mt6735/mt_spm_sleep.c:25:
/home/satory-ra/Android/kernel/android_kernel_oukitel_orange/drivers/misc/mediatek/mach/mt6735/include/mach/upmu_hw.h:478:0: note: this is the location of the previous definition
 #define MT6328_OTP_CON6              ((MT6328_PMIC_REG_BASE+0x0C0C))
 ^
In file included from drivers/misc/mediatek/spm/mt6735/mt_spm_sleep.c:40:0:
drivers/misc/mediatek/spm/mt6735/../../pmic_wrap/mt6735/pwrap_hal.h:856:0: warning: "MT6328_OTP_CON7" redefined
 #define MT6328_OTP_CON7              ((UINT32)(MT6328_PMIC_REG_BASE+0x0C0E))
 ^
In file included from /home/satory-ra/Android/kernel/android_kernel_oukitel_orange/drivers/misc/mediatek/mach/mt6735/include/mach/upmu_common.h:7:0,
                 from drivers/misc/mediatek/spm/mt6735/mt_spm_sleep.c:25:
/home/satory-ra/Android/kernel/android_kernel_oukitel_orange/drivers/misc/mediatek/mach/mt6735/include/mach/upmu_hw.h:479:0: note: this is the location of the previous definition
 #define MT6328_OTP_CON7              ((MT6328_PMIC_REG_BASE+0x0C0E))
 ^
In file included from drivers/misc/mediatek/spm/mt6735/mt_spm_sleep.c:40:0:
drivers/misc/mediatek/spm/mt6735/../../pmic_wrap/mt6735/pwrap_hal.h:857:0: warning: "MT6328_OTP_CON8" redefined
 #define MT6328_OTP_CON8              ((UINT32)(MT6328_PMIC_REG_BASE+0x0C10))
 ^
In file included from /home/satory-ra/Android/kernel/android_kernel_oukitel_orange/drivers/misc/mediatek/mach/mt6735/include/mach/upmu_common.h:7:0,
                 from drivers/misc/mediatek/spm/mt6735/mt_spm_sleep.c:25:
/home/satory-ra/Android/kernel/android_kernel_oukitel_orange/drivers/misc/mediatek/mach/mt6735/include/mach/upmu_hw.h:480:0: note: this is the location of the previous definition
 #define MT6328_OTP_CON8              ((MT6328_PMIC_REG_BASE+0x0C10))
 ^
In file included from drivers/misc/mediatek/spm/mt6735/mt_spm_sleep.c:40:0:
drivers/misc/mediatek/spm/mt6735/../../pmic_wrap/mt6735/pwrap_hal.h:858:0: warning: "MT6328_OTP_CON9" redefined
 #define MT6328_OTP_CON9              ((UINT32)(MT6328_PMIC_REG_BASE+0x0C12))
 ^
In file included from /home/satory-ra/Android/kernel/android_kernel_oukitel_orange/drivers/misc/mediatek/mach/mt6735/include/mach/upmu_common.h:7:0,
                 from drivers/misc/mediatek/spm/mt6735/mt_spm_sleep.c:25:
/home/satory-ra/Android/kernel/android_kernel_oukitel_orange/drivers/misc/mediatek/mach/mt6735/include/mach/upmu_hw.h:481:0: note: this is the location of the previous definition
 #define MT6328_OTP_CON9              ((MT6328_PMIC_REG_BASE+0x0C12))
 ^
In file included from drivers/misc/mediatek/spm/mt6735/mt_spm_sleep.c:40:0:
drivers/misc/mediatek/spm/mt6735/../../pmic_wrap/mt6735/pwrap_hal.h:859:0: warning: "MT6328_OTP_CON10" redefined
 #define MT6328_OTP_CON10             ((UINT32)(MT6328_PMIC_REG_BASE+0x0C14))
 ^
In file included from /home/satory-ra/Android/kernel/android_kernel_oukitel_orange/drivers/misc/mediatek/mach/mt6735/include/mach/upmu_common.h:7:0,
                 from drivers/misc/mediatek/spm/mt6735/mt_spm_sleep.c:25:
/home/satory-ra/Android/kernel/android_kernel_oukitel_orange/drivers/misc/mediatek/mach/mt6735/include/mach/upmu_hw.h:482:0: note: this is the location of the previous definition
 #define MT6328_OTP_CON10             ((MT6328_PMIC_REG_BASE+0x0C14))
 ^
In file included from drivers/misc/mediatek/spm/mt6735/mt_spm_sleep.c:40:0:
drivers/misc/mediatek/spm/mt6735/../../pmic_wrap/mt6735/pwrap_hal.h:860:0: warning: "MT6328_OTP_CON11" redefined
 #define MT6328_OTP_CON11             ((UINT32)(MT6328_PMIC_REG_BASE+0x0C16))
 ^
In file included from /home/satory-ra/Android/kernel/android_kernel_oukitel_orange/drivers/misc/mediatek/mach/mt6735/include/mach/upmu_common.h:7:0,
                 from drivers/misc/mediatek/spm/mt6735/mt_spm_sleep.c:25:
/home/satory-ra/Android/kernel/android_kernel_oukitel_orange/drivers/misc/mediatek/mach/mt6735/include/mach/upmu_hw.h:483:0: note: this is the location of the previous definition
 #define MT6328_OTP_CON11             ((MT6328_PMIC_REG_BASE+0x0C16))
 ^
In file included from drivers/misc/mediatek/spm/mt6735/mt_spm_sleep.c:40:0:
drivers/misc/mediatek/spm/mt6735/../../pmic_wrap/mt6735/pwrap_hal.h:861:0: warning: "MT6328_OTP_CON12" redefined
 #define MT6328_OTP_CON12             ((UINT32)(MT6328_PMIC_REG_BASE+0x0C18))
 ^
In file included from /home/satory-ra/Android/kernel/android_kernel_oukitel_orange/drivers/misc/mediatek/mach/mt6735/include/mach/upmu_common.h:7:0,
                 from drivers/misc/mediatek/spm/mt6735/mt_spm_sleep.c:25:
/home/satory-ra/Android/kernel/android_kernel_oukitel_orange/drivers/misc/mediatek/mach/mt6735/include/mach/upmu_hw.h:484:0: note: this is the location of the previous definition
 #define MT6328_OTP_CON12             ((MT6328_PMIC_REG_BASE+0x0C18))
 ^
In file included from drivers/misc/mediatek/spm/mt6735/mt_spm_sleep.c:40:0:
drivers/misc/mediatek/spm/mt6735/../../pmic_wrap/mt6735/pwrap_hal.h:862:0: warning: "MT6328_OTP_CON13" redefined
 #define MT6328_OTP_CON13             ((UINT32)(MT6328_PMIC_REG_BASE+0x0C1A))
 ^
In file included from /home/satory-ra/Android/kernel/android_kernel_oukitel_orange/drivers/misc/mediatek/mach/mt6735/include/mach/upmu_common.h:7:0,
                 from drivers/misc/mediatek/spm/mt6735/mt_spm_sleep.c:25:
/home/satory-ra/Android/kernel/android_kernel_oukitel_orange/drivers/misc/mediatek/mach/mt6735/include/mach/upmu_hw.h:485:0: note: this is the location of the previous definition
 #define MT6328_OTP_CON13             ((MT6328_PMIC_REG_BASE+0x0C1A))
 ^
In file included from drivers/misc/mediatek/spm/mt6735/mt_spm_sleep.c:40:0:
drivers/misc/mediatek/spm/mt6735/../../pmic_wrap/mt6735/pwrap_hal.h:863:0: warning: "MT6328_OTP_CON14" redefined
 #define MT6328_OTP_CON14             ((UINT32)(MT6328_PMIC_REG_BASE+0x0C1C))
 ^
In file included from /home/satory-ra/Android/kernel/android_kernel_oukitel_orange/drivers/misc/mediatek/mach/mt6735/include/mach/upmu_common.h:7:0,
                 from drivers/misc/mediatek/spm/mt6735/mt_spm_sleep.c:25:
/home/satory-ra/Android/kernel/android_kernel_oukitel_orange/drivers/misc/mediatek/mach/mt6735/include/mach/upmu_hw.h:486:0: note: this is the location of the previous definition
 #define MT6328_OTP_CON14             ((MT6328_PMIC_REG_BASE+0x0C1C))
 ^
In file included from drivers/misc/mediatek/spm/mt6735/mt_spm_sleep.c:40:0:
drivers/misc/mediatek/spm/mt6735/../../pmic_wrap/mt6735/pwrap_hal.h:864:0: warning: "MT6328_OTP_DOUT_0_15" redefined
 #define MT6328_OTP_DOUT_0_15         ((UINT32)(MT6328_PMIC_REG_BASE+0x0C1E))
 ^
In file included from /home/satory-ra/Android/kernel/android_kernel_oukitel_orange/drivers/misc/mediatek/mach/mt6735/include/mach/upmu_common.h:7:0,
                 from drivers/misc/mediatek/spm/mt6735/mt_spm_sleep.c:25:
/home/satory-ra/Android/kernel/android_kernel_oukitel_orange/drivers/misc/mediatek/mach/mt6735/include/mach/upmu_hw.h:487:0: note: this is the location of the previous definition
 #define MT6328_OTP_DOUT_0_15         ((MT6328_PMIC_REG_BASE+0x0C1E))
 ^
In file included from drivers/misc/mediatek/spm/mt6735/mt_spm_sleep.c:40:0:
drivers/misc/mediatek/spm/mt6735/../../pmic_wrap/mt6735/pwrap_hal.h:865:0: warning: "MT6328_OTP_DOUT_16_31" redefined
 #define MT6328_OTP_DOUT_16_31        ((UINT32)(MT6328_PMIC_REG_BASE+0x0C20))
 ^
In file included from /home/satory-ra/Android/kernel/android_kernel_oukitel_orange/drivers/misc/mediatek/mach/mt6735/include/mach/upmu_common.h:7:0,
                 from drivers/misc/mediatek/spm/mt6735/mt_spm_sleep.c:25:
/home/satory-ra/Android/kernel/android_kernel_oukitel_orange/drivers/misc/mediatek/mach/mt6735/include/mach/upmu_hw.h:488:0: note: this is the location of the previous definition
 #define MT6328_OTP_DOUT_16_31        ((MT6328_PMIC_REG_BASE+0x0C20))
 ^
In file included from drivers/misc/mediatek/spm/mt6735/mt_spm_sleep.c:40:0:
drivers/misc/mediatek/spm/mt6735/../../pmic_wrap/mt6735/pwrap_hal.h:866:0: warning: "MT6328_OTP_DOUT_32_47" redefined
 #define MT6328_OTP_DOUT_32_47        ((UINT32)(MT6328_PMIC_REG_BASE+0x0C22))
 ^
In file included from /home/satory-ra/Android/kernel/android_kernel_oukitel_orange/drivers/misc/mediatek/mach/mt6735/include/mach/upmu_common.h:7:0,
                 from drivers/misc/mediatek/spm/mt6735/mt_spm_sleep.c:25:
/home/satory-ra/Android/kernel/android_kernel_oukitel_orange/drivers/misc/mediatek/mach/mt6735/include/mach/upmu_hw.h:489:0: note: this is the location of the previous definition
 #define MT6328_OTP_DOUT_32_47        ((MT6328_PMIC_REG_BASE+0x0C22))
 ^
In file included from drivers/misc/mediatek/spm/mt6735/mt_spm_sleep.c:40:0:
drivers/misc/mediatek/spm/mt6735/../../pmic_wrap/mt6735/pwrap_hal.h:867:0: warning: "MT6328_OTP_DOUT_48_63" redefined
 #define MT6328_OTP_DOUT_48_63        ((UINT32)(MT6328_PMIC_REG_BASE+0x0C24))
 ^
In file included from /home/satory-ra/Android/kernel/android_kernel_oukitel_orange/drivers/misc/mediatek/mach/mt6735/include/mach/upmu_common.h:7:0,
                 from drivers/misc/mediatek/spm/mt6735/mt_spm_sleep.c:25:
/home/satory-ra/Android/kernel/android_kernel_oukitel_orange/drivers/misc/mediatek/mach/mt6735/include/mach/upmu_hw.h:490:0: note: this is the location of the previous definition
 #define MT6328_OTP_DOUT_48_63        ((MT6328_PMIC_REG_BASE+0x0C24))
 ^
In file included from drivers/misc/mediatek/spm/mt6735/mt_spm_sleep.c:40:0:
drivers/misc/mediatek/spm/mt6735/../../pmic_wrap/mt6735/pwrap_hal.h:868:0: warning: "MT6328_OTP_DOUT_64_79" redefined
 #define MT6328_OTP_DOUT_64_79        ((UINT32)(MT6328_PMIC_REG_BASE+0x0C26))
 ^
In file included from /home/satory-ra/Android/kernel/android_kernel_oukitel_orange/drivers/misc/mediatek/mach/mt6735/include/mach/upmu_common.h:7:0,
                 from drivers/misc/mediatek/spm/mt6735/mt_spm_sleep.c:25:
/home/satory-ra/Android/kernel/android_kernel_oukitel_orange/drivers/misc/mediatek/mach/mt6735/include/mach/upmu_hw.h:491:0: note: this is the location of the previous definition
 #define MT6328_OTP_DOUT_64_79        ((MT6328_PMIC_REG_BASE+0x0C26))
 ^
In file included from drivers/misc/mediatek/spm/mt6735/mt_spm_sleep.c:40:0:
drivers/misc/mediatek/spm/mt6735/../../pmic_wrap/mt6735/pwrap_hal.h:869:0: warning: "MT6328_OTP_DOUT_80_95" redefined
 #define MT6328_OTP_DOUT_80_95        ((UINT32)(MT6328_PMIC_REG_BASE+0x0C28))
 ^
In file included from /home/satory-ra/Android/kernel/android_kernel_oukitel_orange/drivers/misc/mediatek/mach/mt6735/include/mach/upmu_common.h:7:0,
                 from drivers/misc/mediatek/spm/mt6735/mt_spm_sleep.c:25:
/home/satory-ra/Android/kernel/android_kernel_oukitel_orange/drivers/misc/mediatek/mach/mt6735/include/mach/upmu_hw.h:492:0: note: this is the location of the previous definition
 #define MT6328_OTP_DOUT_80_95        ((MT6328_PMIC_REG_BASE+0x0C28))
 ^
In file included from drivers/misc/mediatek/spm/mt6735/mt_spm_sleep.c:40:0:
drivers/misc/mediatek/spm/mt6735/../../pmic_wrap/mt6735/pwrap_hal.h:870:0: warning: "MT6328_OTP_DOUT_96_111" redefined
 #define MT6328_OTP_DOUT_96_111       ((UINT32)(MT6328_PMIC_REG_BASE+0x0C2A))
 ^
In file included from /home/satory-ra/Android/kernel/android_kernel_oukitel_orange/drivers/misc/mediatek/mach/mt6735/include/mach/upmu_common.h:7:0,
                 from drivers/misc/mediatek/spm/mt6735/mt_spm_sleep.c:25:
/home/satory-ra/Android/kernel/android_kernel_oukitel_orange/drivers/misc/mediatek/mach/mt6735/include/mach/upmu_hw.h:493:0: note: this is the location of the previous definition
 #define MT6328_OTP_DOUT_96_111       ((MT6328_PMIC_REG_BASE+0x0C2A))
 ^
In file included from drivers/misc/mediatek/spm/mt6735/mt_spm_sleep.c:40:0:
drivers/misc/mediatek/spm/mt6735/../../pmic_wrap/mt6735/pwrap_hal.h:871:0: warning: "MT6328_OTP_DOUT_112_127" redefined
 #define MT6328_OTP_DOUT_112_127      ((UINT32)(MT6328_PMIC_REG_BASE+0x0C2C))
 ^
In file included from /home/satory-ra/Android/kernel/android_kernel_oukitel_orange/drivers/misc/mediatek/mach/mt6735/include/mach/upmu_common.h:7:0,
                 from drivers/misc/mediatek/spm/mt6735/mt_spm_sleep.c:25:
/home/satory-ra/Android/kernel/android_kernel_oukitel_orange/drivers/misc/mediatek/mach/mt6735/include/mach/upmu_hw.h:494:0: note: this is the location of the previous definition
 #define MT6328_OTP_DOUT_112_127      ((MT6328_PMIC_REG_BASE+0x0C2C))
 ^
In file included from drivers/misc/mediatek/spm/mt6735/mt_spm_sleep.c:40:0:
drivers/misc/mediatek/spm/mt6735/../../pmic_wrap/mt6735/pwrap_hal.h:872:0: warning: "MT6328_OTP_DOUT_128_143" redefined
 #define MT6328_OTP_DOUT_128_143      ((UINT32)(MT6328_PMIC_REG_BASE+0x0C2E))
 ^
In file included from /home/satory-ra/Android/kernel/android_kernel_oukitel_orange/drivers/misc/mediatek/mach/mt6735/include/mach/upmu_common.h:7:0,
                 from drivers/misc/mediatek/spm/mt6735/mt_spm_sleep.c:25:
/home/satory-ra/Android/kernel/android_kernel_oukitel_orange/drivers/misc/mediatek/mach/mt6735/include/mach/upmu_hw.h:495:0: note: this is the location of the previous definition
 #define MT6328_OTP_DOUT_128_143      ((MT6328_PMIC_REG_BASE+0x0C2E))
 ^
In file included from drivers/misc/mediatek/spm/mt6735/mt_spm_sleep.c:40:0:
drivers/misc/mediatek/spm/mt6735/../../pmic_wrap/mt6735/pwrap_hal.h:873:0: warning: "MT6328_OTP_DOUT_144_159" redefined
 #define MT6328_OTP_DOUT_144_159      ((UINT32)(MT6328_PMIC_REG_BASE+0x0C30))
 ^
In file included from /home/satory-ra/Android/kernel/android_kernel_oukitel_orange/drivers/misc/mediatek/mach/mt6735/include/mach/upmu_common.h:7:0,
                 from drivers/misc/mediatek/spm/mt6735/mt_spm_sleep.c:25:
/home/satory-ra/Android/kernel/android_kernel_oukitel_orange/drivers/misc/mediatek/mach/mt6735/include/mach/upmu_hw.h:496:0: note: this is the location of the previous definition
 #define MT6328_OTP_DOUT_144_159      ((MT6328_PMIC_REG_BASE+0x0C30))
 ^
In file included from drivers/misc/mediatek/spm/mt6735/mt_spm_sleep.c:40:0:
drivers/misc/mediatek/spm/mt6735/../../pmic_wrap/mt6735/pwrap_hal.h:874:0: warning: "MT6328_OTP_DOUT_160_175" redefined
 #define MT6328_OTP_DOUT_160_175      ((UINT32)(MT6328_PMIC_REG_BASE+0x0C32))
 ^
In file included from /home/satory-ra/Android/kernel/android_kernel_oukitel_orange/drivers/misc/mediatek/mach/mt6735/include/mach/upmu_common.h:7:0,
                 from drivers/misc/mediatek/spm/mt6735/mt_spm_sleep.c:25:
/home/satory-ra/Android/kernel/android_kernel_oukitel_orange/drivers/misc/mediatek/mach/mt6735/include/mach/upmu_hw.h:497:0: note: this is the location of the previous definition
 #define MT6328_OTP_DOUT_160_175      ((MT6328_PMIC_REG_BASE+0x0C32))
 ^
In file included from drivers/misc/mediatek/spm/mt6735/mt_spm_sleep.c:40:0:
drivers/misc/mediatek/spm/mt6735/../../pmic_wrap/mt6735/pwrap_hal.h:875:0: warning: "MT6328_OTP_DOUT_176_191" redefined
 #define MT6328_OTP_DOUT_176_191      ((UINT32)(MT6328_PMIC_REG_BASE+0x0C34))
 ^
In file included from /home/satory-ra/Android/kernel/android_kernel_oukitel_orange/drivers/misc/mediatek/mach/mt6735/include/mach/upmu_common.h:7:0,
                 from drivers/misc/mediatek/spm/mt6735/mt_spm_sleep.c:25:
/home/satory-ra/Android/kernel/android_kernel_oukitel_orange/drivers/misc/mediatek/mach/mt6735/include/mach/upmu_hw.h:498:0: note: this is the location of the previous definition
 #define MT6328_OTP_DOUT_176_191      ((MT6328_PMIC_REG_BASE+0x0C34))
 ^
In file included from drivers/misc/mediatek/spm/mt6735/mt_spm_sleep.c:40:0:
drivers/misc/mediatek/spm/mt6735/../../pmic_wrap/mt6735/pwrap_hal.h:876:0: warning: "MT6328_OTP_DOUT_192_207" redefined
 #define MT6328_OTP_DOUT_192_207      ((UINT32)(MT6328_PMIC_REG_BASE+0x0C36))
 ^
In file included from /home/satory-ra/Android/kernel/android_kernel_oukitel_orange/drivers/misc/mediatek/mach/mt6735/include/mach/upmu_common.h:7:0,
                 from drivers/misc/mediatek/spm/mt6735/mt_spm_sleep.c:25:
/home/satory-ra/Android/kernel/android_kernel_oukitel_orange/drivers/misc/mediatek/mach/mt6735/include/mach/upmu_hw.h:499:0: note: this is the location of the previous definition
 #define MT6328_OTP_DOUT_192_207      ((MT6328_PMIC_REG_BASE+0x0C36))
 ^
In file included from drivers/misc/mediatek/spm/mt6735/mt_spm_sleep.c:40:0:
drivers/misc/mediatek/spm/mt6735/../../pmic_wrap/mt6735/pwrap_hal.h:877:0: warning: "MT6328_OTP_DOUT_208_223" redefined
 #define MT6328_OTP_DOUT_208_223      ((UINT32)(MT6328_PMIC_REG_BASE+0x0C38))
 ^
In file included from /home/satory-ra/Android/kernel/android_kernel_oukitel_orange/drivers/misc/mediatek/mach/mt6735/include/mach/upmu_common.h:7:0,
                 from drivers/misc/mediatek/spm/mt6735/mt_spm_sleep.c:25:
/home/satory-ra/Android/kernel/android_kernel_oukitel_orange/drivers/misc/mediatek/mach/mt6735/include/mach/upmu_hw.h:500:0: note: this is the location of the previous definition
 #define MT6328_OTP_DOUT_208_223      ((MT6328_PMIC_REG_BASE+0x0C38))
 ^
In file included from drivers/misc/mediatek/spm/mt6735/mt_spm_sleep.c:40:0:
drivers/misc/mediatek/spm/mt6735/../../pmic_wrap/mt6735/pwrap_hal.h:878:0: warning: "MT6328_OTP_DOUT_224_239" redefined
 #define MT6328_OTP_DOUT_224_239      ((UINT32)(MT6328_PMIC_REG_BASE+0x0C3A))
 ^
In file included from /home/satory-ra/Android/kernel/android_kernel_oukitel_orange/drivers/misc/mediatek/mach/mt6735/include/mach/upmu_common.h:7:0,
                 from drivers/misc/mediatek/spm/mt6735/mt_spm_sleep.c:25:
/home/satory-ra/Android/kernel/android_kernel_oukitel_orange/drivers/misc/mediatek/mach/mt6735/include/mach/upmu_hw.h:501:0: note: this is the location of the previous definition
 #define MT6328_OTP_DOUT_224_239      ((MT6328_PMIC_REG_BASE+0x0C3A))
 ^
In file included from drivers/misc/mediatek/spm/mt6735/mt_spm_sleep.c:40:0:
drivers/misc/mediatek/spm/mt6735/../../pmic_wrap/mt6735/pwrap_hal.h:879:0: warning: "MT6328_OTP_DOUT_240_255" redefined
 #define MT6328_OTP_DOUT_240_255      ((UINT32)(MT6328_PMIC_REG_BASE+0x0C3C))
 ^
In file included from /home/satory-ra/Android/kernel/android_kernel_oukitel_orange/drivers/misc/mediatek/mach/mt6735/include/mach/upmu_common.h:7:0,
                 from drivers/misc/mediatek/spm/mt6735/mt_spm_sleep.c:25:
/home/satory-ra/Android/kernel/android_kernel_oukitel_orange/drivers/misc/mediatek/mach/mt6735/include/mach/upmu_hw.h:502:0: note: this is the location of the previous definition
 #define MT6328_OTP_DOUT_240_255      ((MT6328_PMIC_REG_BASE+0x0C3C))
 ^
In file included from drivers/misc/mediatek/spm/mt6735/mt_spm_sleep.c:40:0:
drivers/misc/mediatek/spm/mt6735/../../pmic_wrap/mt6735/pwrap_hal.h:880:0: warning: "MT6328_OTP_DOUT_256_271" redefined
 #define MT6328_OTP_DOUT_256_271      ((UINT32)(MT6328_PMIC_REG_BASE+0x0C3E))
 ^
In file included from /home/satory-ra/Android/kernel/android_kernel_oukitel_orange/drivers/misc/mediatek/mach/mt6735/include/mach/upmu_common.h:7:0,
                 from drivers/misc/mediatek/spm/mt6735/mt_spm_sleep.c:25:
/home/satory-ra/Android/kernel/android_kernel_oukitel_orange/drivers/misc/mediatek/mach/mt6735/include/mach/upmu_hw.h:503:0: note: this is the location of the previous definition
 #define MT6328_OTP_DOUT_256_271      ((MT6328_PMIC_REG_BASE+0x0C3E))
 ^
In file included from drivers/misc/mediatek/spm/mt6735/mt_spm_sleep.c:40:0:
drivers/misc/mediatek/spm/mt6735/../../pmic_wrap/mt6735/pwrap_hal.h:881:0: warning: "MT6328_OTP_DOUT_272_287" redefined
 #define MT6328_OTP_DOUT_272_287      ((UINT32)(MT6328_PMIC_REG_BASE+0x0C40))
 ^
In file included from /home/satory-ra/Android/kernel/android_kernel_oukitel_orange/drivers/misc/mediatek/mach/mt6735/include/mach/upmu_common.h:7:0,
                 from drivers/misc/mediatek/spm/mt6735/mt_spm_sleep.c:25:
/home/satory-ra/Android/kernel/android_kernel_oukitel_orange/drivers/misc/mediatek/mach/mt6735/include/mach/upmu_hw.h:504:0: note: this is the location of the previous definition
 #define MT6328_OTP_DOUT_272_287      ((MT6328_PMIC_REG_BASE+0x0C40))
 ^
In file included from drivers/misc/mediatek/spm/mt6735/mt_spm_sleep.c:40:0:
drivers/misc/mediatek/spm/mt6735/../../pmic_wrap/mt6735/pwrap_hal.h:882:0: warning: "MT6328_OTP_DOUT_288_303" redefined
 #define MT6328_OTP_DOUT_288_303      ((UINT32)(MT6328_PMIC_REG_BASE+0x0C42))
 ^
In file included from /home/satory-ra/Android/kernel/android_kernel_oukitel_orange/drivers/misc/mediatek/mach/mt6735/include/mach/upmu_common.h:7:0,
                 from drivers/misc/mediatek/spm/mt6735/mt_spm_sleep.c:25:
/home/satory-ra/Android/kernel/android_kernel_oukitel_orange/drivers/misc/mediatek/mach/mt6735/include/mach/upmu_hw.h:505:0: note: this is the location of the previous definition
 #define MT6328_OTP_DOUT_288_303      ((MT6328_PMIC_REG_BASE+0x0C42))
 ^
In file included from drivers/misc/mediatek/spm/mt6735/mt_spm_sleep.c:40:0:
drivers/misc/mediatek/spm/mt6735/../../pmic_wrap/mt6735/pwrap_hal.h:883:0: warning: "MT6328_OTP_DOUT_304_319" redefined
 #define MT6328_OTP_DOUT_304_319      ((UINT32)(MT6328_PMIC_REG_BASE+0x0C44))
 ^
In file included from /home/satory-ra/Android/kernel/android_kernel_oukitel_orange/drivers/misc/mediatek/mach/mt6735/include/mach/upmu_common.h:7:0,
                 from drivers/misc/mediatek/spm/mt6735/mt_spm_sleep.c:25:
/home/satory-ra/Android/kernel/android_kernel_oukitel_orange/drivers/misc/mediatek/mach/mt6735/include/mach/upmu_hw.h:506:0: note: this is the location of the previous definition
 #define MT6328_OTP_DOUT_304_319      ((MT6328_PMIC_REG_BASE+0x0C44))
 ^
In file included from drivers/misc/mediatek/spm/mt6735/mt_spm_sleep.c:40:0:
drivers/misc/mediatek/spm/mt6735/../../pmic_wrap/mt6735/pwrap_hal.h:884:0: warning: "MT6328_OTP_DOUT_320_335" redefined
 #define MT6328_OTP_DOUT_320_335      ((UINT32)(MT6328_PMIC_REG_BASE+0x0C46))
 ^
In file included from /home/satory-ra/Android/kernel/android_kernel_oukitel_orange/drivers/misc/mediatek/mach/mt6735/include/mach/upmu_common.h:7:0,
                 from drivers/misc/mediatek/spm/mt6735/mt_spm_sleep.c:25:
/home/satory-ra/Android/kernel/android_kernel_oukitel_orange/drivers/misc/mediatek/mach/mt6735/include/mach/upmu_hw.h:507:0: note: this is the location of the previous definition
 #define MT6328_OTP_DOUT_320_335      ((MT6328_PMIC_REG_BASE+0x0C46))
 ^
In file included from drivers/misc/mediatek/spm/mt6735/mt_spm_sleep.c:40:0:
drivers/misc/mediatek/spm/mt6735/../../pmic_wrap/mt6735/pwrap_hal.h:885:0: warning: "MT6328_OTP_DOUT_336_351" redefined
 #define MT6328_OTP_DOUT_336_351      ((UINT32)(MT6328_PMIC_REG_BASE+0x0C48))
 ^
In file included from /home/satory-ra/Android/kernel/android_kernel_oukitel_orange/drivers/misc/mediatek/mach/mt6735/include/mach/upmu_common.h:7:0,
                 from drivers/misc/mediatek/spm/mt6735/mt_spm_sleep.c:25:
/home/satory-ra/Android/kernel/android_kernel_oukitel_orange/drivers/misc/mediatek/mach/mt6735/include/mach/upmu_hw.h:508:0: note: this is the location of the previous definition
 #define MT6328_OTP_DOUT_336_351      ((MT6328_PMIC_REG_BASE+0x0C48))
 ^
In file included from drivers/misc/mediatek/spm/mt6735/mt_spm_sleep.c:40:0:
drivers/misc/mediatek/spm/mt6735/../../pmic_wrap/mt6735/pwrap_hal.h:886:0: warning: "MT6328_OTP_DOUT_352_367" redefined
 #define MT6328_OTP_DOUT_352_367      ((UINT32)(MT6328_PMIC_REG_BASE+0x0C4A))
 ^
In file included from /home/satory-ra/Android/kernel/android_kernel_oukitel_orange/drivers/misc/mediatek/mach/mt6735/include/mach/upmu_common.h:7:0,
                 from drivers/misc/mediatek/spm/mt6735/mt_spm_sleep.c:25:
/home/satory-ra/Android/kernel/android_kernel_oukitel_orange/drivers/misc/mediatek/mach/mt6735/include/mach/upmu_hw.h:509:0: note: this is the location of the previous definition
 #define MT6328_OTP_DOUT_352_367      ((MT6328_PMIC_REG_BASE+0x0C4A))
 ^
In file included from drivers/misc/mediatek/spm/mt6735/mt_spm_sleep.c:40:0:
drivers/misc/mediatek/spm/mt6735/../../pmic_wrap/mt6735/pwrap_hal.h:887:0: warning: "MT6328_OTP_DOUT_368_383" redefined
 #define MT6328_OTP_DOUT_368_383      ((UINT32)(MT6328_PMIC_REG_BASE+0x0C4C))
 ^
In file included from /home/satory-ra/Android/kernel/android_kernel_oukitel_orange/drivers/misc/mediatek/mach/mt6735/include/mach/upmu_common.h:7:0,
                 from drivers/misc/mediatek/spm/mt6735/mt_spm_sleep.c:25:
/home/satory-ra/Android/kernel/android_kernel_oukitel_orange/drivers/misc/mediatek/mach/mt6735/include/mach/upmu_hw.h:510:0: note: this is the location of the previous definition
 #define MT6328_OTP_DOUT_368_383      ((MT6328_PMIC_REG_BASE+0x0C4C))
 ^
In file included from drivers/misc/mediatek/spm/mt6735/mt_spm_sleep.c:40:0:
drivers/misc/mediatek/spm/mt6735/../../pmic_wrap/mt6735/pwrap_hal.h:888:0: warning: "MT6328_OTP_DOUT_384_399" redefined
 #define MT6328_OTP_DOUT_384_399      ((UINT32)(MT6328_PMIC_REG_BASE+0x0C4E))
 ^
In file included from /home/satory-ra/Android/kernel/android_kernel_oukitel_orange/drivers/misc/mediatek/mach/mt6735/include/mach/upmu_common.h:7:0,
                 from drivers/misc/mediatek/spm/mt6735/mt_spm_sleep.c:25:
/home/satory-ra/Android/kernel/android_kernel_oukitel_orange/drivers/misc/mediatek/mach/mt6735/include/mach/upmu_hw.h:511:0: note: this is the location of the previous definition
 #define MT6328_OTP_DOUT_384_399      ((MT6328_PMIC_REG_BASE+0x0C4E))
 ^
In file included from drivers/misc/mediatek/spm/mt6735/mt_spm_sleep.c:40:0:
drivers/misc/mediatek/spm/mt6735/../../pmic_wrap/mt6735/pwrap_hal.h:889:0: warning: "MT6328_OTP_DOUT_400_415" redefined
 #define MT6328_OTP_DOUT_400_415      ((UINT32)(MT6328_PMIC_REG_BASE+0x0C50))
 ^
In file included from /home/satory-ra/Android/kernel/android_kernel_oukitel_orange/drivers/misc/mediatek/mach/mt6735/include/mach/upmu_common.h:7:0,
                 from drivers/misc/mediatek/spm/mt6735/mt_spm_sleep.c:25:
/home/satory-ra/Android/kernel/android_kernel_oukitel_orange/drivers/misc/mediatek/mach/mt6735/include/mach/upmu_hw.h:512:0: note: this is the location of the previous definition
 #define MT6328_OTP_DOUT_400_415      ((MT6328_PMIC_REG_BASE+0x0C50))
 ^
In file included from drivers/misc/mediatek/spm/mt6735/mt_spm_sleep.c:40:0:
drivers/misc/mediatek/spm/mt6735/../../pmic_wrap/mt6735/pwrap_hal.h:890:0: warning: "MT6328_OTP_DOUT_416_431" redefined
 #define MT6328_OTP_DOUT_416_431      ((UINT32)(MT6328_PMIC_REG_BASE+0x0C52))
 ^
In file included from /home/satory-ra/Android/kernel/android_kernel_oukitel_orange/drivers/misc/mediatek/mach/mt6735/include/mach/upmu_common.h:7:0,
                 from drivers/misc/mediatek/spm/mt6735/mt_spm_sleep.c:25:
/home/satory-ra/Android/kernel/android_kernel_oukitel_orange/drivers/misc/mediatek/mach/mt6735/include/mach/upmu_hw.h:513:0: note: this is the location of the previous definition
 #define MT6328_OTP_DOUT_416_431      ((MT6328_PMIC_REG_BASE+0x0C52))
 ^
In file included from drivers/misc/mediatek/spm/mt6735/mt_spm_sleep.c:40:0:
drivers/misc/mediatek/spm/mt6735/../../pmic_wrap/mt6735/pwrap_hal.h:891:0: warning: "MT6328_OTP_DOUT_432_447" redefined
 #define MT6328_OTP_DOUT_432_447      ((UINT32)(MT6328_PMIC_REG_BASE+0x0C54))
 ^
In file included from /home/satory-ra/Android/kernel/android_kernel_oukitel_orange/drivers/misc/mediatek/mach/mt6735/include/mach/upmu_common.h:7:0,
                 from drivers/misc/mediatek/spm/mt6735/mt_spm_sleep.c:25:
/home/satory-ra/Android/kernel/android_kernel_oukitel_orange/drivers/misc/mediatek/mach/mt6735/include/mach/upmu_hw.h:514:0: note: this is the location of the previous definition
 #define MT6328_OTP_DOUT_432_447      ((MT6328_PMIC_REG_BASE+0x0C54))
 ^
In file included from drivers/misc/mediatek/spm/mt6735/mt_spm_sleep.c:40:0:
drivers/misc/mediatek/spm/mt6735/../../pmic_wrap/mt6735/pwrap_hal.h:892:0: warning: "MT6328_OTP_DOUT_448_463" redefined
 #define MT6328_OTP_DOUT_448_463      ((UINT32)(MT6328_PMIC_REG_BASE+0x0C56))
 ^
In file included from /home/satory-ra/Android/kernel/android_kernel_oukitel_orange/drivers/misc/mediatek/mach/mt6735/include/mach/upmu_common.h:7:0,
                 from drivers/misc/mediatek/spm/mt6735/mt_spm_sleep.c:25:
/home/satory-ra/Android/kernel/android_kernel_oukitel_orange/drivers/misc/mediatek/mach/mt6735/include/mach/upmu_hw.h:515:0: note: this is the location of the previous definition
 #define MT6328_OTP_DOUT_448_463      ((MT6328_PMIC_REG_BASE+0x0C56))
 ^
In file included from drivers/misc/mediatek/spm/mt6735/mt_spm_sleep.c:40:0:
drivers/misc/mediatek/spm/mt6735/../../pmic_wrap/mt6735/pwrap_hal.h:893:0: warning: "MT6328_OTP_DOUT_464_479" redefined
 #define MT6328_OTP_DOUT_464_479      ((UINT32)(MT6328_PMIC_REG_BASE+0x0C58))
 ^
In file included from /home/satory-ra/Android/kernel/android_kernel_oukitel_orange/drivers/misc/mediatek/mach/mt6735/include/mach/upmu_common.h:7:0,
                 from drivers/misc/mediatek/spm/mt6735/mt_spm_sleep.c:25:
/home/satory-ra/Android/kernel/android_kernel_oukitel_orange/drivers/misc/mediatek/mach/mt6735/include/mach/upmu_hw.h:516:0: note: this is the location of the previous definition
 #define MT6328_OTP_DOUT_464_479      ((MT6328_PMIC_REG_BASE+0x0C58))
 ^
In file included from drivers/misc/mediatek/spm/mt6735/mt_spm_sleep.c:40:0:
drivers/misc/mediatek/spm/mt6735/../../pmic_wrap/mt6735/pwrap_hal.h:894:0: warning: "MT6328_OTP_DOUT_480_495" redefined
 #define MT6328_OTP_DOUT_480_495      ((UINT32)(MT6328_PMIC_REG_BASE+0x0C5A))
 ^
In file included from /home/satory-ra/Android/kernel/android_kernel_oukitel_orange/drivers/misc/mediatek/mach/mt6735/include/mach/upmu_common.h:7:0,
                 from drivers/misc/mediatek/spm/mt6735/mt_spm_sleep.c:25:
/home/satory-ra/Android/kernel/android_kernel_oukitel_orange/drivers/misc/mediatek/mach/mt6735/include/mach/upmu_hw.h:517:0: note: this is the location of the previous definition
 #define MT6328_OTP_DOUT_480_495      ((MT6328_PMIC_REG_BASE+0x0C5A))
 ^
In file included from drivers/misc/mediatek/spm/mt6735/mt_spm_sleep.c:40:0:
drivers/misc/mediatek/spm/mt6735/../../pmic_wrap/mt6735/pwrap_hal.h:895:0: warning: "MT6328_OTP_DOUT_496_511" redefined
 #define MT6328_OTP_DOUT_496_511      ((UINT32)(MT6328_PMIC_REG_BASE+0x0C5C))
 ^
In file included from /home/satory-ra/Android/kernel/android_kernel_oukitel_orange/drivers/misc/mediatek/mach/mt6735/include/mach/upmu_common.h:7:0,
                 from drivers/misc/mediatek/spm/mt6735/mt_spm_sleep.c:25:
/home/satory-ra/Android/kernel/android_kernel_oukitel_orange/drivers/misc/mediatek/mach/mt6735/include/mach/upmu_hw.h:518:0: note: this is the location of the previous definition
 #define MT6328_OTP_DOUT_496_511      ((MT6328_PMIC_REG_BASE+0x0C5C))
 ^
In file included from drivers/misc/mediatek/spm/mt6735/mt_spm_sleep.c:40:0:
drivers/misc/mediatek/spm/mt6735/../../pmic_wrap/mt6735/pwrap_hal.h:896:0: warning: "MT6328_OTP_VAL_0_15" redefined
 #define MT6328_OTP_VAL_0_15          ((UINT32)(MT6328_PMIC_REG_BASE+0x0C5E))
 ^
In file included from /home/satory-ra/Android/kernel/android_kernel_oukitel_orange/drivers/misc/mediatek/mach/mt6735/include/mach/upmu_common.h:7:0,
                 from drivers/misc/mediatek/spm/mt6735/mt_spm_sleep.c:25:
/home/satory-ra/Android/kernel/android_kernel_oukitel_orange/drivers/misc/mediatek/mach/mt6735/include/mach/upmu_hw.h:519:0: note: this is the location of the previous definition
 #define MT6328_OTP_VAL_0_15          ((MT6328_PMIC_REG_BASE+0x0C5E))
 ^
In file included from drivers/misc/mediatek/spm/mt6735/mt_spm_sleep.c:40:0:
drivers/misc/mediatek/spm/mt6735/../../pmic_wrap/mt6735/pwrap_hal.h:897:0: warning: "MT6328_OTP_VAL_16_31" redefined
 #define MT6328_OTP_VAL_16_31         ((UINT32)(MT6328_PMIC_REG_BASE+0x0C60))
 ^
In file included from /home/satory-ra/Android/kernel/android_kernel_oukitel_orange/drivers/misc/mediatek/mach/mt6735/include/mach/upmu_common.h:7:0,
                 from drivers/misc/mediatek/spm/mt6735/mt_spm_sleep.c:25:
/home/satory-ra/Android/kernel/android_kernel_oukitel_orange/drivers/misc/mediatek/mach/mt6735/include/mach/upmu_hw.h:520:0: note: this is the location of the previous definition
 #define MT6328_OTP_VAL_16_31         ((MT6328_PMIC_REG_BASE+0x0C60))
 ^
In file included from drivers/misc/mediatek/spm/mt6735/mt_spm_sleep.c:40:0:
drivers/misc/mediatek/spm/mt6735/../../pmic_wrap/mt6735/pwrap_hal.h:898:0: warning: "MT6328_OTP_VAL_32_47" redefined
 #define MT6328_OTP_VAL_32_47         ((UINT32)(MT6328_PMIC_REG_BASE+0x0C62))
 ^
In file included from /home/satory-ra/Android/kernel/android_kernel_oukitel_orange/drivers/misc/mediatek/mach/mt6735/include/mach/upmu_common.h:7:0,
                 from drivers/misc/mediatek/spm/mt6735/mt_spm_sleep.c:25:
/home/satory-ra/Android/kernel/android_kernel_oukitel_orange/drivers/misc/mediatek/mach/mt6735/include/mach/upmu_hw.h:521:0: note: this is the location of the previous definition
 #define MT6328_OTP_VAL_32_47         ((MT6328_PMIC_REG_BASE+0x0C62))
 ^
In file included from drivers/misc/mediatek/spm/mt6735/mt_spm_sleep.c:40:0:
drivers/misc/mediatek/spm/mt6735/../../pmic_wrap/mt6735/pwrap_hal.h:899:0: warning: "MT6328_OTP_VAL_48_63" redefined
 #define MT6328_OTP_VAL_48_63         ((UINT32)(MT6328_PMIC_REG_BASE+0x0C64))
 ^
In file included from /home/satory-ra/Android/kernel/android_kernel_oukitel_orange/drivers/misc/mediatek/mach/mt6735/include/mach/upmu_common.h:7:0,
                 from drivers/misc/mediatek/spm/mt6735/mt_spm_sleep.c:25:
/home/satory-ra/Android/kernel/android_kernel_oukitel_orange/drivers/misc/mediatek/mach/mt6735/include/mach/upmu_hw.h:522:0: note: this is the location of the previous definition
 #define MT6328_OTP_VAL_48_63         ((MT6328_PMIC_REG_BASE+0x0C64))
 ^
In file included from drivers/misc/mediatek/spm/mt6735/mt_spm_sleep.c:40:0:
drivers/misc/mediatek/spm/mt6735/../../pmic_wrap/mt6735/pwrap_hal.h:900:0: warning: "MT6328_OTP_VAL_64_79" redefined
 #define MT6328_OTP_VAL_64_79         ((UINT32)(MT6328_PMIC_REG_BASE+0x0C66))
 ^
In file included from /home/satory-ra/Android/kernel/android_kernel_oukitel_orange/drivers/misc/mediatek/mach/mt6735/include/mach/upmu_common.h:7:0,
                 from drivers/misc/mediatek/spm/mt6735/mt_spm_sleep.c:25:
/home/satory-ra/Android/kernel/android_kernel_oukitel_orange/drivers/misc/mediatek/mach/mt6735/include/mach/upmu_hw.h:523:0: note: this is the location of the previous definition
 #define MT6328_OTP_VAL_64_79         ((MT6328_PMIC_REG_BASE+0x0C66))
 ^
In file included from drivers/misc/mediatek/spm/mt6735/mt_spm_sleep.c:40:0:
drivers/misc/mediatek/spm/mt6735/../../pmic_wrap/mt6735/pwrap_hal.h:901:0: warning: "MT6328_OTP_VAL_80_95" redefined
 #define MT6328_OTP_VAL_80_95         ((UINT32)(MT6328_PMIC_REG_BASE+0x0C68))
 ^
In file included from /home/satory-ra/Android/kernel/android_kernel_oukitel_orange/drivers/misc/mediatek/mach/mt6735/include/mach/upmu_common.h:7:0,
                 from drivers/misc/mediatek/spm/mt6735/mt_spm_sleep.c:25:
/home/satory-ra/Android/kernel/android_kernel_oukitel_orange/drivers/misc/mediatek/mach/mt6735/include/mach/upmu_hw.h:524:0: note: this is the location of the previous definition
 #define MT6328_OTP_VAL_80_95         ((MT6328_PMIC_REG_BASE+0x0C68))
 ^
In file included from drivers/misc/mediatek/spm/mt6735/mt_spm_sleep.c:40:0:
drivers/misc/mediatek/spm/mt6735/../../pmic_wrap/mt6735/pwrap_hal.h:902:0: warning: "MT6328_OTP_VAL_96_111" redefined
 #define MT6328_OTP_VAL_96_111        ((UINT32)(MT6328_PMIC_REG_BASE+0x0C6A))
 ^
In file included from /home/satory-ra/Android/kernel/android_kernel_oukitel_orange/drivers/misc/mediatek/mach/mt6735/include/mach/upmu_common.h:7:0,
                 from drivers/misc/mediatek/spm/mt6735/mt_spm_sleep.c:25:
/home/satory-ra/Android/kernel/android_kernel_oukitel_orange/drivers/misc/mediatek/mach/mt6735/include/mach/upmu_hw.h:525:0: note: this is the location of the previous definition
 #define MT6328_OTP_VAL_96_111        ((MT6328_PMIC_REG_BASE+0x0C6A))
 ^
In file included from drivers/misc/mediatek/spm/mt6735/mt_spm_sleep.c:40:0:
drivers/misc/mediatek/spm/mt6735/../../pmic_wrap/mt6735/pwrap_hal.h:903:0: warning: "MT6328_OTP_VAL_112_127" redefined
 #define MT6328_OTP_VAL_112_127       ((UINT32)(MT6328_PMIC_REG_BASE+0x0C6C))
 ^
In file included from /home/satory-ra/Android/kernel/android_kernel_oukitel_orange/drivers/misc/mediatek/mach/mt6735/include/mach/upmu_common.h:7:0,
                 from drivers/misc/mediatek/spm/mt6735/mt_spm_sleep.c:25:
/home/satory-ra/Android/kernel/android_kernel_oukitel_orange/drivers/misc/mediatek/mach/mt6735/include/mach/upmu_hw.h:526:0: note: this is the location of the previous definition
 #define MT6328_OTP_VAL_112_127       ((MT6328_PMIC_REG_BASE+0x0C6C))
 ^
In file included from drivers/misc/mediatek/spm/mt6735/mt_spm_sleep.c:40:0:
drivers/misc/mediatek/spm/mt6735/../../pmic_wrap/mt6735/pwrap_hal.h:904:0: warning: "MT6328_OTP_VAL_128_143" redefined
 #define MT6328_OTP_VAL_128_143       ((UINT32)(MT6328_PMIC_REG_BASE+0x0C6E))
 ^
In file included from /home/satory-ra/Android/kernel/android_kernel_oukitel_orange/drivers/misc/mediatek/mach/mt6735/include/mach/upmu_common.h:7:0,
                 from drivers/misc/mediatek/spm/mt6735/mt_spm_sleep.c:25:
/home/satory-ra/Android/kernel/android_kernel_oukitel_orange/drivers/misc/mediatek/mach/mt6735/include/mach/upmu_hw.h:527:0: note: this is the location of the previous definition
 #define MT6328_OTP_VAL_128_143       ((MT6328_PMIC_REG_BASE+0x0C6E))
 ^
In file included from drivers/misc/mediatek/spm/mt6735/mt_spm_sleep.c:40:0:
drivers/misc/mediatek/spm/mt6735/../../pmic_wrap/mt6735/pwrap_hal.h:905:0: warning: "MT6328_OTP_VAL_144_159" redefined
 #define MT6328_OTP_VAL_144_159       ((UINT32)(MT6328_PMIC_REG_BASE+0x0C70))
 ^
In file included from /home/satory-ra/Android/kernel/android_kernel_oukitel_orange/drivers/misc/mediatek/mach/mt6735/include/mach/upmu_common.h:7:0,
                 from drivers/misc/mediatek/spm/mt6735/mt_spm_sleep.c:25:
/home/satory-ra/Android/kernel/android_kernel_oukitel_orange/drivers/misc/mediatek/mach/mt6735/include/mach/upmu_hw.h:528:0: note: this is the location of the previous definition
 #define MT6328_OTP_VAL_144_159       ((MT6328_PMIC_REG_BASE+0x0C70))
 ^
In file included from drivers/misc/mediatek/spm/mt6735/mt_spm_sleep.c:40:0:
drivers/misc/mediatek/spm/mt6735/../../pmic_wrap/mt6735/pwrap_hal.h:906:0: warning: "MT6328_OTP_VAL_160_175" redefined
 #define MT6328_OTP_VAL_160_175       ((UINT32)(MT6328_PMIC_REG_BASE+0x0C72))
 ^
In file included from /home/satory-ra/Android/kernel/android_kernel_oukitel_orange/drivers/misc/mediatek/mach/mt6735/include/mach/upmu_common.h:7:0,
                 from drivers/misc/mediatek/spm/mt6735/mt_spm_sleep.c:25:
/home/satory-ra/Android/kernel/android_kernel_oukitel_orange/drivers/misc/mediatek/mach/mt6735/include/mach/upmu_hw.h:529:0: note: this is the location of the previous definition
 #define MT6328_OTP_VAL_160_175       ((MT6328_PMIC_REG_BASE+0x0C72))
 ^
In file included from drivers/misc/mediatek/spm/mt6735/mt_spm_sleep.c:40:0:
drivers/misc/mediatek/spm/mt6735/../../pmic_wrap/mt6735/pwrap_hal.h:907:0: warning: "MT6328_OTP_VAL_176_191" redefined
 #define MT6328_OTP_VAL_176_191       ((UINT32)(MT6328_PMIC_REG_BASE+0x0C74))
 ^
In file included from /home/satory-ra/Android/kernel/android_kernel_oukitel_orange/drivers/misc/mediatek/mach/mt6735/include/mach/upmu_common.h:7:0,
                 from drivers/misc/mediatek/spm/mt6735/mt_spm_sleep.c:25:
/home/satory-ra/Android/kernel/android_kernel_oukitel_orange/drivers/misc/mediatek/mach/mt6735/include/mach/upmu_hw.h:530:0: note: this is the location of the previous definition
 #define MT6328_OTP_VAL_176_191       ((MT6328_PMIC_REG_BASE+0x0C74))
 ^
In file included from drivers/misc/mediatek/spm/mt6735/mt_spm_sleep.c:40:0:
drivers/misc/mediatek/spm/mt6735/../../pmic_wrap/mt6735/pwrap_hal.h:908:0: warning: "MT6328_OTP_VAL_192_207" redefined
 #define MT6328_OTP_VAL_192_207       ((UINT32)(MT6328_PMIC_REG_BASE+0x0C76))
 ^
In file included from /home/satory-ra/Android/kernel/android_kernel_oukitel_orange/drivers/misc/mediatek/mach/mt6735/include/mach/upmu_common.h:7:0,
                 from drivers/misc/mediatek/spm/mt6735/mt_spm_sleep.c:25:
/home/satory-ra/Android/kernel/android_kernel_oukitel_orange/drivers/misc/mediatek/mach/mt6735/include/mach/upmu_hw.h:531:0: note: this is the location of the previous definition
 #define MT6328_OTP_VAL_192_207       ((MT6328_PMIC_REG_BASE+0x0C76))
 ^
In file included from drivers/misc/mediatek/spm/mt6735/mt_spm_sleep.c:40:0:
drivers/misc/mediatek/spm/mt6735/../../pmic_wrap/mt6735/pwrap_hal.h:909:0: warning: "MT6328_OTP_VAL_208_223" redefined
 #define MT6328_OTP_VAL_208_223       ((UINT32)(MT6328_PMIC_REG_BASE+0x0C78))
 ^
In file included from /home/satory-ra/Android/kernel/android_kernel_oukitel_orange/drivers/misc/mediatek/mach/mt6735/include/mach/upmu_common.h:7:0,
                 from drivers/misc/mediatek/spm/mt6735/mt_spm_sleep.c:25:
/home/satory-ra/Android/kernel/android_kernel_oukitel_orange/drivers/misc/mediatek/mach/mt6735/include/mach/upmu_hw.h:532:0: note: this is the location of the previous definition
 #define MT6328_OTP_VAL_208_223       ((MT6328_PMIC_REG_BASE+0x0C78))
 ^
In file included from drivers/misc/mediatek/spm/mt6735/mt_spm_sleep.c:40:0:
drivers/misc/mediatek/spm/mt6735/../../pmic_wrap/mt6735/pwrap_hal.h:910:0: warning: "MT6328_OTP_VAL_224_239" redefined
 #define MT6328_OTP_VAL_224_239       ((UINT32)(MT6328_PMIC_REG_BASE+0x0C7A))
 ^
In file included from /home/satory-ra/Android/kernel/android_kernel_oukitel_orange/drivers/misc/mediatek/mach/mt6735/include/mach/upmu_common.h:7:0,
                 from drivers/misc/mediatek/spm/mt6735/mt_spm_sleep.c:25:
/home/satory-ra/Android/kernel/android_kernel_oukitel_orange/drivers/misc/mediatek/mach/mt6735/include/mach/upmu_hw.h:533:0: note: this is the location of the previous definition
 #define MT6328_OTP_VAL_224_239       ((MT6328_PMIC_REG_BASE+0x0C7A))
 ^
In file included from drivers/misc/mediatek/spm/mt6735/mt_spm_sleep.c:40:0:
drivers/misc/mediatek/spm/mt6735/../../pmic_wrap/mt6735/pwrap_hal.h:911:0: warning: "MT6328_OTP_VAL_240_255" redefined
 #define MT6328_OTP_VAL_240_255       ((UINT32)(MT6328_PMIC_REG_BASE+0x0C7C))
 ^
In file included from /home/satory-ra/Android/kernel/android_kernel_oukitel_orange/drivers/misc/mediatek/mach/mt6735/include/mach/upmu_common.h:7:0,
                 from drivers/misc/mediatek/spm/mt6735/mt_spm_sleep.c:25:
/home/satory-ra/Android/kernel/android_kernel_oukitel_orange/drivers/misc/mediatek/mach/mt6735/include/mach/upmu_hw.h:534:0: note: this is the location of the previous definition
 #define MT6328_OTP_VAL_240_255       ((MT6328_PMIC_REG_BASE+0x0C7C))
 ^
In file included from drivers/misc/mediatek/spm/mt6735/mt_spm_sleep.c:40:0:
drivers/misc/mediatek/spm/mt6735/../../pmic_wrap/mt6735/pwrap_hal.h:912:0: warning: "MT6328_OTP_VAL_256_271" redefined
 #define MT6328_OTP_VAL_256_271       ((UINT32)(MT6328_PMIC_REG_BASE+0x0C7E))
 ^
In file included from /home/satory-ra/Android/kernel/android_kernel_oukitel_orange/drivers/misc/mediatek/mach/mt6735/include/mach/upmu_common.h:7:0,
                 from drivers/misc/mediatek/spm/mt6735/mt_spm_sleep.c:25:
/home/satory-ra/Android/kernel/android_kernel_oukitel_orange/drivers/misc/mediatek/mach/mt6735/include/mach/upmu_hw.h:535:0: note: this is the location of the previous definition
 #define MT6328_OTP_VAL_256_271       ((MT6328_PMIC_REG_BASE+0x0C7E))
 ^
In file included from drivers/misc/mediatek/spm/mt6735/mt_spm_sleep.c:40:0:
drivers/misc/mediatek/spm/mt6735/../../pmic_wrap/mt6735/pwrap_hal.h:913:0: warning: "MT6328_OTP_VAL_272_287" redefined
 #define MT6328_OTP_VAL_272_287       ((UINT32)(MT6328_PMIC_REG_BASE+0x0C80))
 ^
In file included from /home/satory-ra/Android/kernel/android_kernel_oukitel_orange/drivers/misc/mediatek/mach/mt6735/include/mach/upmu_common.h:7:0,
                 from drivers/misc/mediatek/spm/mt6735/mt_spm_sleep.c:25:
/home/satory-ra/Android/kernel/android_kernel_oukitel_orange/drivers/misc/mediatek/mach/mt6735/include/mach/upmu_hw.h:536:0: note: this is the location of the previous definition
 #define MT6328_OTP_VAL_272_287       ((MT6328_PMIC_REG_BASE+0x0C80))
 ^
In file included from drivers/misc/mediatek/spm/mt6735/mt_spm_sleep.c:40:0:
drivers/misc/mediatek/spm/mt6735/../../pmic_wrap/mt6735/pwrap_hal.h:914:0: warning: "MT6328_OTP_VAL_288_303" redefined
 #define MT6328_OTP_VAL_288_303       ((UINT32)(MT6328_PMIC_REG_BASE+0x0C82))
 ^
In file included from /home/satory-ra/Android/kernel/android_kernel_oukitel_orange/drivers/misc/mediatek/mach/mt6735/include/mach/upmu_common.h:7:0,
                 from drivers/misc/mediatek/spm/mt6735/mt_spm_sleep.c:25:
/home/satory-ra/Android/kernel/android_kernel_oukitel_orange/drivers/misc/mediatek/mach/mt6735/include/mach/upmu_hw.h:537:0: note: this is the location of the previous definition
 #define MT6328_OTP_VAL_288_303       ((MT6328_PMIC_REG_BASE+0x0C82))
 ^
In file included from drivers/misc/mediatek/spm/mt6735/mt_spm_sleep.c:40:0:
drivers/misc/mediatek/spm/mt6735/../../pmic_wrap/mt6735/pwrap_hal.h:915:0: warning: "MT6328_OTP_VAL_304_319" redefined
 #define MT6328_OTP_VAL_304_319       ((UINT32)(MT6328_PMIC_REG_BASE+0x0C84))
 ^
In file included from /home/satory-ra/Android/kernel/android_kernel_oukitel_orange/drivers/misc/mediatek/mach/mt6735/include/mach/upmu_common.h:7:0,
                 from drivers/misc/mediatek/spm/mt6735/mt_spm_sleep.c:25:
/home/satory-ra/Android/kernel/android_kernel_oukitel_orange/drivers/misc/mediatek/mach/mt6735/include/mach/upmu_hw.h:538:0: note: this is the location of the previous definition
 #define MT6328_OTP_VAL_304_319       ((MT6328_PMIC_REG_BASE+0x0C84))
 ^
In file included from drivers/misc/mediatek/spm/mt6735/mt_spm_sleep.c:40:0:
drivers/misc/mediatek/spm/mt6735/../../pmic_wrap/mt6735/pwrap_hal.h:916:0: warning: "MT6328_OTP_VAL_320_335" redefined
 #define MT6328_OTP_VAL_320_335       ((UINT32)(MT6328_PMIC_REG_BASE+0x0C86))
 ^
In file included from /home/satory-ra/Android/kernel/android_kernel_oukitel_orange/drivers/misc/mediatek/mach/mt6735/include/mach/upmu_common.h:7:0,
                 from drivers/misc/mediatek/spm/mt6735/mt_spm_sleep.c:25:
/home/satory-ra/Android/kernel/android_kernel_oukitel_orange/drivers/misc/mediatek/mach/mt6735/include/mach/upmu_hw.h:539:0: note: this is the location of the previous definition
 #define MT6328_OTP_VAL_320_335       ((MT6328_PMIC_REG_BASE+0x0C86))
 ^
In file included from drivers/misc/mediatek/spm/mt6735/mt_spm_sleep.c:40:0:
drivers/misc/mediatek/spm/mt6735/../../pmic_wrap/mt6735/pwrap_hal.h:917:0: warning: "MT6328_OTP_VAL_336_351" redefined
 #define MT6328_OTP_VAL_336_351       ((UINT32)(MT6328_PMIC_REG_BASE+0x0C88))
 ^
In file included from /home/satory-ra/Android/kernel/android_kernel_oukitel_orange/drivers/misc/mediatek/mach/mt6735/include/mach/upmu_common.h:7:0,
                 from drivers/misc/mediatek/spm/mt6735/mt_spm_sleep.c:25:
/home/satory-ra/Android/kernel/android_kernel_oukitel_orange/drivers/misc/mediatek/mach/mt6735/include/mach/upmu_hw.h:540:0: note: this is the location of the previous definition
 #define MT6328_OTP_VAL_336_351       ((MT6328_PMIC_REG_BASE+0x0C88))
 ^
In file included from drivers/misc/mediatek/spm/mt6735/mt_spm_sleep.c:40:0:
drivers/misc/mediatek/spm/mt6735/../../pmic_wrap/mt6735/pwrap_hal.h:918:0: warning: "MT6328_OTP_VAL_352_367" redefined
 #define MT6328_OTP_VAL_352_367       ((UINT32)(MT6328_PMIC_REG_BASE+0x0C8A))
 ^
In file included from /home/satory-ra/Android/kernel/android_kernel_oukitel_orange/drivers/misc/mediatek/mach/mt6735/include/mach/upmu_common.h:7:0,
                 from drivers/misc/mediatek/spm/mt6735/mt_spm_sleep.c:25:
/home/satory-ra/Android/kernel/android_kernel_oukitel_orange/drivers/misc/mediatek/mach/mt6735/include/mach/upmu_hw.h:541:0: note: this is the location of the previous definition
 #define MT6328_OTP_VAL_352_367       ((MT6328_PMIC_REG_BASE+0x0C8A))
 ^
In file included from drivers/misc/mediatek/spm/mt6735/mt_spm_sleep.c:40:0:
drivers/misc/mediatek/spm/mt6735/../../pmic_wrap/mt6735/pwrap_hal.h:919:0: warning: "MT6328_OTP_VAL_368_383" redefined
 #define MT6328_OTP_VAL_368_383       ((UINT32)(MT6328_PMIC_REG_BASE+0x0C8C))
 ^
In file included from /home/satory-ra/Android/kernel/android_kernel_oukitel_orange/drivers/misc/mediatek/mach/mt6735/include/mach/upmu_common.h:7:0,
                 from drivers/misc/mediatek/spm/mt6735/mt_spm_sleep.c:25:
/home/satory-ra/Android/kernel/android_kernel_oukitel_orange/drivers/misc/mediatek/mach/mt6735/include/mach/upmu_hw.h:542:0: note: this is the location of the previous definition
 #define MT6328_OTP_VAL_368_383       ((MT6328_PMIC_REG_BASE+0x0C8C))
 ^
In file included from drivers/misc/mediatek/spm/mt6735/mt_spm_sleep.c:40:0:
drivers/misc/mediatek/spm/mt6735/../../pmic_wrap/mt6735/pwrap_hal.h:920:0: warning: "MT6328_OTP_VAL_384_399" redefined
 #define MT6328_OTP_VAL_384_399       ((UINT32)(MT6328_PMIC_REG_BASE+0x0C8E))
 ^
In file included from /home/satory-ra/Android/kernel/android_kernel_oukitel_orange/drivers/misc/mediatek/mach/mt6735/include/mach/upmu_common.h:7:0,
                 from drivers/misc/mediatek/spm/mt6735/mt_spm_sleep.c:25:
/home/satory-ra/Android/kernel/android_kernel_oukitel_orange/drivers/misc/mediatek/mach/mt6735/include/mach/upmu_hw.h:543:0: note: this is the location of the previous definition
 #define MT6328_OTP_VAL_384_399       ((MT6328_PMIC_REG_BASE+0x0C8E))
 ^
In file included from drivers/misc/mediatek/spm/mt6735/mt_spm_sleep.c:40:0:
drivers/misc/mediatek/spm/mt6735/../../pmic_wrap/mt6735/pwrap_hal.h:921:0: warning: "MT6328_OTP_VAL_400_415" redefined
 #define MT6328_OTP_VAL_400_415       ((UINT32)(MT6328_PMIC_REG_BASE+0x0C90))
 ^
In file included from /home/satory-ra/Android/kernel/android_kernel_oukitel_orange/drivers/misc/mediatek/mach/mt6735/include/mach/upmu_common.h:7:0,
                 from drivers/misc/mediatek/spm/mt6735/mt_spm_sleep.c:25:
/home/satory-ra/Android/kernel/android_kernel_oukitel_orange/drivers/misc/mediatek/mach/mt6735/include/mach/upmu_hw.h:544:0: note: this is the location of the previous definition
 #define MT6328_OTP_VAL_400_415       ((MT6328_PMIC_REG_BASE+0x0C90))
 ^
In file included from drivers/misc/mediatek/spm/mt6735/mt_spm_sleep.c:40:0:
drivers/misc/mediatek/spm/mt6735/../../pmic_wrap/mt6735/pwrap_hal.h:922:0: warning: "MT6328_OTP_VAL_416_431" redefined
 #define MT6328_OTP_VAL_416_431       ((UINT32)(MT6328_PMIC_REG_BASE+0x0C92))
 ^
In file included from /home/satory-ra/Android/kernel/android_kernel_oukitel_orange/drivers/misc/mediatek/mach/mt6735/include/mach/upmu_common.h:7:0,
                 from drivers/misc/mediatek/spm/mt6735/mt_spm_sleep.c:25:
/home/satory-ra/Android/kernel/android_kernel_oukitel_orange/drivers/misc/mediatek/mach/mt6735/include/mach/upmu_hw.h:545:0: note: this is the location of the previous definition
 #define MT6328_OTP_VAL_416_431       ((MT6328_PMIC_REG_BASE+0x0C92))
 ^
In file included from drivers/misc/mediatek/spm/mt6735/mt_spm_sleep.c:40:0:
drivers/misc/mediatek/spm/mt6735/../../pmic_wrap/mt6735/pwrap_hal.h:923:0: warning: "MT6328_OTP_VAL_432_447" redefined
 #define MT6328_OTP_VAL_432_447       ((UINT32)(MT6328_PMIC_REG_BASE+0x0C94))
 ^
In file included from /home/satory-ra/Android/kernel/android_kernel_oukitel_orange/drivers/misc/mediatek/mach/mt6735/include/mach/upmu_common.h:7:0,
                 from drivers/misc/mediatek/spm/mt6735/mt_spm_sleep.c:25:
/home/satory-ra/Android/kernel/android_kernel_oukitel_orange/drivers/misc/mediatek/mach/mt6735/include/mach/upmu_hw.h:546:0: note: this is the location of the previous definition
 #define MT6328_OTP_VAL_432_447       ((MT6328_PMIC_REG_BASE+0x0C94))
 ^
In file included from drivers/misc/mediatek/spm/mt6735/mt_spm_sleep.c:40:0:
drivers/misc/mediatek/spm/mt6735/../../pmic_wrap/mt6735/pwrap_hal.h:924:0: warning: "MT6328_OTP_VAL_448_463" redefined
 #define MT6328_OTP_VAL_448_463       ((UINT32)(MT6328_PMIC_REG_BASE+0x0C96))
 ^
In file included from /home/satory-ra/Android/kernel/android_kernel_oukitel_orange/drivers/misc/mediatek/mach/mt6735/include/mach/upmu_common.h:7:0,
                 from drivers/misc/mediatek/spm/mt6735/mt_spm_sleep.c:25:
/home/satory-ra/Android/kernel/android_kernel_oukitel_orange/drivers/misc/mediatek/mach/mt6735/include/mach/upmu_hw.h:547:0: note: this is the location of the previous definition
 #define MT6328_OTP_VAL_448_463       ((MT6328_PMIC_REG_BASE+0x0C96))
 ^
In file included from drivers/misc/mediatek/spm/mt6735/mt_spm_sleep.c:40:0:
drivers/misc/mediatek/spm/mt6735/../../pmic_wrap/mt6735/pwrap_hal.h:925:0: warning: "MT6328_OTP_VAL_464_479" redefined
 #define MT6328_OTP_VAL_464_479       ((UINT32)(MT6328_PMIC_REG_BASE+0x0C98))
 ^
In file included from /home/satory-ra/Android/kernel/android_kernel_oukitel_orange/drivers/misc/mediatek/mach/mt6735/include/mach/upmu_common.h:7:0,
                 from drivers/misc/mediatek/spm/mt6735/mt_spm_sleep.c:25:
/home/satory-ra/Android/kernel/android_kernel_oukitel_orange/drivers/misc/mediatek/mach/mt6735/include/mach/upmu_hw.h:548:0: note: this is the location of the previous definition
 #define MT6328_OTP_VAL_464_479       ((MT6328_PMIC_REG_BASE+0x0C98))
 ^
In file included from drivers/misc/mediatek/spm/mt6735/mt_spm_sleep.c:40:0:
drivers/misc/mediatek/spm/mt6735/../../pmic_wrap/mt6735/pwrap_hal.h:926:0: warning: "MT6328_OTP_VAL_480_495" redefined
 #define MT6328_OTP_VAL_480_495       ((UINT32)(MT6328_PMIC_REG_BASE+0x0C9A))
 ^
In file included from /home/satory-ra/Android/kernel/android_kernel_oukitel_orange/drivers/misc/mediatek/mach/mt6735/include/mach/upmu_common.h:7:0,
                 from drivers/misc/mediatek/spm/mt6735/mt_spm_sleep.c:25:
/home/satory-ra/Android/kernel/android_kernel_oukitel_orange/drivers/misc/mediatek/mach/mt6735/include/mach/upmu_hw.h:549:0: note: this is the location of the previous definition
 #define MT6328_OTP_VAL_480_495       ((MT6328_PMIC_REG_BASE+0x0C9A))
 ^
In file included from drivers/misc/mediatek/spm/mt6735/mt_spm_sleep.c:40:0:
drivers/misc/mediatek/spm/mt6735/../../pmic_wrap/mt6735/pwrap_hal.h:927:0: warning: "MT6328_OTP_VAL_496_511" redefined
 #define MT6328_OTP_VAL_496_511       ((UINT32)(MT6328_PMIC_REG_BASE+0x0C9C))
 ^
In file included from /home/satory-ra/Android/kernel/android_kernel_oukitel_orange/drivers/misc/mediatek/mach/mt6735/include/mach/upmu_common.h:7:0,
                 from drivers/misc/mediatek/spm/mt6735/mt_spm_sleep.c:25:
/home/satory-ra/Android/kernel/android_kernel_oukitel_orange/drivers/misc/mediatek/mach/mt6735/include/mach/upmu_hw.h:550:0: note: this is the location of the previous definition
 #define MT6328_OTP_VAL_496_511       ((MT6328_PMIC_REG_BASE+0x0C9C))
 ^
In file included from drivers/misc/mediatek/spm/mt6735/mt_spm_sleep.c:40:0:
drivers/misc/mediatek/spm/mt6735/../../pmic_wrap/mt6735/pwrap_hal.h:928:0: warning: "MT6328_RTC_MIX_CON0" redefined
 #define MT6328_RTC_MIX_CON0          ((UINT32)(MT6328_PMIC_REG_BASE+0x0C9E))
 ^
In file included from /home/satory-ra/Android/kernel/android_kernel_oukitel_orange/drivers/misc/mediatek/mach/mt6735/include/mach/upmu_common.h:7:0,
                 from drivers/misc/mediatek/spm/mt6735/mt_spm_sleep.c:25:
/home/satory-ra/Android/kernel/android_kernel_oukitel_orange/drivers/misc/mediatek/mach/mt6735/include/mach/upmu_hw.h:551:0: note: this is the location of the previous definition
 #define MT6328_RTC_MIX_CON0          ((MT6328_PMIC_REG_BASE+0x0C9E))
 ^
In file included from drivers/misc/mediatek/spm/mt6735/mt_spm_sleep.c:40:0:
drivers/misc/mediatek/spm/mt6735/../../pmic_wrap/mt6735/pwrap_hal.h:929:0: warning: "MT6328_RTC_MIX_CON1" redefined
 #define MT6328_RTC_MIX_CON1          ((UINT32)(MT6328_PMIC_REG_BASE+0x0CA0))
 ^
In file included from /home/satory-ra/Android/kernel/android_kernel_oukitel_orange/drivers/misc/mediatek/mach/mt6735/include/mach/upmu_common.h:7:0,
                 from drivers/misc/mediatek/spm/mt6735/mt_spm_sleep.c:25:
/home/satory-ra/Android/kernel/android_kernel_oukitel_orange/drivers/misc/mediatek/mach/mt6735/include/mach/upmu_hw.h:552:0: note: this is the location of the previous definition
 #define MT6328_RTC_MIX_CON1          ((MT6328_PMIC_REG_BASE+0x0CA0))
 ^
In file included from drivers/misc/mediatek/spm/mt6735/mt_spm_sleep.c:40:0:
drivers/misc/mediatek/spm/mt6735/../../pmic_wrap/mt6735/pwrap_hal.h:930:0: warning: "MT6328_RTC_MIX_CON2" redefined
 #define MT6328_RTC_MIX_CON2          ((UINT32)(MT6328_PMIC_REG_BASE+0x0CA2))
 ^
In file included from /home/satory-ra/Android/kernel/android_kernel_oukitel_orange/drivers/misc/mediatek/mach/mt6735/include/mach/upmu_common.h:7:0,
                 from drivers/misc/mediatek/spm/mt6735/mt_spm_sleep.c:25:
/home/satory-ra/Android/kernel/android_kernel_oukitel_orange/drivers/misc/mediatek/mach/mt6735/include/mach/upmu_hw.h:553:0: note: this is the location of the previous definition
 #define MT6328_RTC_MIX_CON2          ((MT6328_PMIC_REG_BASE+0x0CA2))
 ^
In file included from drivers/misc/mediatek/spm/mt6735/mt_spm_sleep.c:40:0:
drivers/misc/mediatek/spm/mt6735/../../pmic_wrap/mt6735/pwrap_hal.h:931:0: warning: "MT6328_FGADC_CON0" redefined
 #define MT6328_FGADC_CON0            ((UINT32)(MT6328_PMIC_REG_BASE+0x0CA4))
 ^
In file included from /home/satory-ra/Android/kernel/android_kernel_oukitel_orange/drivers/misc/mediatek/mach/mt6735/include/mach/upmu_common.h:7:0,
                 from drivers/misc/mediatek/spm/mt6735/mt_spm_sleep.c:25:
/home/satory-ra/Android/kernel/android_kernel_oukitel_orange/drivers/misc/mediatek/mach/mt6735/include/mach/upmu_hw.h:554:0: note: this is the location of the previous definition
 #define MT6328_FGADC_CON0            ((MT6328_PMIC_REG_BASE+0x0CA4))
 ^
In file included from drivers/misc/mediatek/spm/mt6735/mt_spm_sleep.c:40:0:
drivers/misc/mediatek/spm/mt6735/../../pmic_wrap/mt6735/pwrap_hal.h:932:0: warning: "MT6328_FGADC_CON1" redefined
 #define MT6328_FGADC_CON1            ((UINT32)(MT6328_PMIC_REG_BASE+0x0CA6))
 ^
In file included from /home/satory-ra/Android/kernel/android_kernel_oukitel_orange/drivers/misc/mediatek/mach/mt6735/include/mach/upmu_common.h:7:0,
                 from drivers/misc/mediatek/spm/mt6735/mt_spm_sleep.c:25:
/home/satory-ra/Android/kernel/android_kernel_oukitel_orange/drivers/misc/mediatek/mach/mt6735/include/mach/upmu_hw.h:555:0: note: this is the location of the previous definition
 #define MT6328_FGADC_CON1            ((MT6328_PMIC_REG_BASE+0x0CA6))
 ^
In file included from drivers/misc/mediatek/spm/mt6735/mt_spm_sleep.c:40:0:
drivers/misc/mediatek/spm/mt6735/../../pmic_wrap/mt6735/pwrap_hal.h:933:0: warning: "MT6328_FGADC_CON2" redefined
 #define MT6328_FGADC_CON2            ((UINT32)(MT6328_PMIC_REG_BASE+0x0CA8))
 ^
In file included from /home/satory-ra/Android/kernel/android_kernel_oukitel_orange/drivers/misc/mediatek/mach/mt6735/include/mach/upmu_common.h:7:0,
                 from drivers/misc/mediatek/spm/mt6735/mt_spm_sleep.c:25:
/home/satory-ra/Android/kernel/android_kernel_oukitel_orange/drivers/misc/mediatek/mach/mt6735/include/mach/upmu_hw.h:556:0: note: this is the location of the previous definition
 #define MT6328_FGADC_CON2            ((MT6328_PMIC_REG_BASE+0x0CA8))
 ^
In file included from drivers/misc/mediatek/spm/mt6735/mt_spm_sleep.c:40:0:
drivers/misc/mediatek/spm/mt6735/../../pmic_wrap/mt6735/pwrap_hal.h:934:0: warning: "MT6328_FGADC_CON3" redefined
 #define MT6328_FGADC_CON3            ((UINT32)(MT6328_PMIC_REG_BASE+0x0CAA))
 ^
In file included from /home/satory-ra/Android/kernel/android_kernel_oukitel_orange/drivers/misc/mediatek/mach/mt6735/include/mach/upmu_common.h:7:0,
                 from drivers/misc/mediatek/spm/mt6735/mt_spm_sleep.c:25:
/home/satory-ra/Android/kernel/android_kernel_oukitel_orange/drivers/misc/mediatek/mach/mt6735/include/mach/upmu_hw.h:557:0: note: this is the location of the previous definition
 #define MT6328_FGADC_CON3            ((MT6328_PMIC_REG_BASE+0x0CAA))
 ^
In file included from drivers/misc/mediatek/spm/mt6735/mt_spm_sleep.c:40:0:
drivers/misc/mediatek/spm/mt6735/../../pmic_wrap/mt6735/pwrap_hal.h:935:0: warning: "MT6328_FGADC_CON4" redefined
 #define MT6328_FGADC_CON4            ((UINT32)(MT6328_PMIC_REG_BASE+0x0CAC))
 ^
In file included from /home/satory-ra/Android/kernel/android_kernel_oukitel_orange/drivers/misc/mediatek/mach/mt6735/include/mach/upmu_common.h:7:0,
                 from drivers/misc/mediatek/spm/mt6735/mt_spm_sleep.c:25:
/home/satory-ra/Android/kernel/android_kernel_oukitel_orange/drivers/misc/mediatek/mach/mt6735/include/mach/upmu_hw.h:558:0: note: this is the location of the previous definition
 #define MT6328_FGADC_CON4            ((MT6328_PMIC_REG_BASE+0x0CAC))
 ^
In file included from drivers/misc/mediatek/spm/mt6735/mt_spm_sleep.c:40:0:
drivers/misc/mediatek/spm/mt6735/../../pmic_wrap/mt6735/pwrap_hal.h:936:0: warning: "MT6328_FGADC_CON5" redefined
 #define MT6328_FGADC_CON5            ((UINT32)(MT6328_PMIC_REG_BASE+0x0CAE))
 ^
In file included from /home/satory-ra/Android/kernel/android_kernel_oukitel_orange/drivers/misc/mediatek/mach/mt6735/include/mach/upmu_common.h:7:0,
                 from drivers/misc/mediatek/spm/mt6735/mt_spm_sleep.c:25:
/home/satory-ra/Android/kernel/android_kernel_oukitel_orange/drivers/misc/mediatek/mach/mt6735/include/mach/upmu_hw.h:559:0: note: this is the location of the previous definition
 #define MT6328_FGADC_CON5            ((MT6328_PMIC_REG_BASE+0x0CAE))
 ^
In file included from drivers/misc/mediatek/spm/mt6735/mt_spm_sleep.c:40:0:
drivers/misc/mediatek/spm/mt6735/../../pmic_wrap/mt6735/pwrap_hal.h:937:0: warning: "MT6328_FGADC_CON6" redefined
 #define MT6328_FGADC_CON6            ((UINT32)(MT6328_PMIC_REG_BASE+0x0CB0))
 ^
In file included from /home/satory-ra/Android/kernel/android_kernel_oukitel_orange/drivers/misc/mediatek/mach/mt6735/include/mach/upmu_common.h:7:0,
                 from drivers/misc/mediatek/spm/mt6735/mt_spm_sleep.c:25:
/home/satory-ra/Android/kernel/android_kernel_oukitel_orange/drivers/misc/mediatek/mach/mt6735/include/mach/upmu_hw.h:560:0: note: this is the location of the previous definition
 #define MT6328_FGADC_CON6            ((MT6328_PMIC_REG_BASE+0x0CB0))
 ^
In file included from drivers/misc/mediatek/spm/mt6735/mt_spm_sleep.c:40:0:
drivers/misc/mediatek/spm/mt6735/../../pmic_wrap/mt6735/pwrap_hal.h:938:0: warning: "MT6328_FGADC_CON7" redefined
 #define MT6328_FGADC_CON7            ((UINT32)(MT6328_PMIC_REG_BASE+0x0CB2))
 ^
In file included from /home/satory-ra/Android/kernel/android_kernel_oukitel_orange/drivers/misc/mediatek/mach/mt6735/include/mach/upmu_common.h:7:0,
                 from drivers/misc/mediatek/spm/mt6735/mt_spm_sleep.c:25:
/home/satory-ra/Android/kernel/android_kernel_oukitel_orange/drivers/misc/mediatek/mach/mt6735/include/mach/upmu_hw.h:561:0: note: this is the location of the previous definition
 #define MT6328_FGADC_CON7            ((MT6328_PMIC_REG_BASE+0x0CB2))
 ^
In file included from drivers/misc/mediatek/spm/mt6735/mt_spm_sleep.c:40:0:
drivers/misc/mediatek/spm/mt6735/../../pmic_wrap/mt6735/pwrap_hal.h:939:0: warning: "MT6328_FGADC_CON8" redefined
 #define MT6328_FGADC_CON8            ((UINT32)(MT6328_PMIC_REG_BASE+0x0CB4))
 ^
In file included from /home/satory-ra/Android/kernel/android_kernel_oukitel_orange/drivers/misc/mediatek/mach/mt6735/include/mach/upmu_common.h:7:0,
                 from drivers/misc/mediatek/spm/mt6735/mt_spm_sleep.c:25:
/home/satory-ra/Android/kernel/android_kernel_oukitel_orange/drivers/misc/mediatek/mach/mt6735/include/mach/upmu_hw.h:562:0: note: this is the location of the previous definition
 #define MT6328_FGADC_CON8            ((MT6328_PMIC_REG_BASE+0x0CB4))
 ^
In file included from drivers/misc/mediatek/spm/mt6735/mt_spm_sleep.c:40:0:
drivers/misc/mediatek/spm/mt6735/../../pmic_wrap/mt6735/pwrap_hal.h:940:0: warning: "MT6328_FGADC_CON9" redefined
 #define MT6328_FGADC_CON9            ((UINT32)(MT6328_PMIC_REG_BASE+0x0CB6))
 ^
In file included from /home/satory-ra/Android/kernel/android_kernel_oukitel_orange/drivers/misc/mediatek/mach/mt6735/include/mach/upmu_common.h:7:0,
                 from drivers/misc/mediatek/spm/mt6735/mt_spm_sleep.c:25:
/home/satory-ra/Android/kernel/android_kernel_oukitel_orange/drivers/misc/mediatek/mach/mt6735/include/mach/upmu_hw.h:563:0: note: this is the location of the previous definition
 #define MT6328_FGADC_CON9            ((MT6328_PMIC_REG_BASE+0x0CB6))
 ^
In file included from drivers/misc/mediatek/spm/mt6735/mt_spm_sleep.c:40:0:
drivers/misc/mediatek/spm/mt6735/../../pmic_wrap/mt6735/pwrap_hal.h:941:0: warning: "MT6328_FGADC_CON10" redefined
 #define MT6328_FGADC_CON10           ((UINT32)(MT6328_PMIC_REG_BASE+0x0CB8))
 ^
In file included from /home/satory-ra/Android/kernel/android_kernel_oukitel_orange/drivers/misc/mediatek/mach/mt6735/include/mach/upmu_common.h:7:0,
                 from drivers/misc/mediatek/spm/mt6735/mt_spm_sleep.c:25:
/home/satory-ra/Android/kernel/android_kernel_oukitel_orange/drivers/misc/mediatek/mach/mt6735/include/mach/upmu_hw.h:564:0: note: this is the location of the previous definition
 #define MT6328_FGADC_CON10           ((MT6328_PMIC_REG_BASE+0x0CB8))
 ^
In file included from drivers/misc/mediatek/spm/mt6735/mt_spm_sleep.c:40:0:
drivers/misc/mediatek/spm/mt6735/../../pmic_wrap/mt6735/pwrap_hal.h:942:0: warning: "MT6328_FGADC_CON11" redefined
 #define MT6328_FGADC_CON11           ((UINT32)(MT6328_PMIC_REG_BASE+0x0CBA))
 ^
In file included from /home/satory-ra/Android/kernel/android_kernel_oukitel_orange/drivers/misc/mediatek/mach/mt6735/include/mach/upmu_common.h:7:0,
                 from drivers/misc/mediatek/spm/mt6735/mt_spm_sleep.c:25:
/home/satory-ra/Android/kernel/android_kernel_oukitel_orange/drivers/misc/mediatek/mach/mt6735/include/mach/upmu_hw.h:565:0: note: this is the location of the previous definition
 #define MT6328_FGADC_CON11           ((MT6328_PMIC_REG_BASE+0x0CBA))
 ^
In file included from drivers/misc/mediatek/spm/mt6735/mt_spm_sleep.c:40:0:
drivers/misc/mediatek/spm/mt6735/../../pmic_wrap/mt6735/pwrap_hal.h:943:0: warning: "MT6328_FGADC_CON12" redefined
 #define MT6328_FGADC_CON12           ((UINT32)(MT6328_PMIC_REG_BASE+0x0CBC))
 ^
In file included from /home/satory-ra/Android/kernel/android_kernel_oukitel_orange/drivers/misc/mediatek/mach/mt6735/include/mach/upmu_common.h:7:0,
                 from drivers/misc/mediatek/spm/mt6735/mt_spm_sleep.c:25:
/home/satory-ra/Android/kernel/android_kernel_oukitel_orange/drivers/misc/mediatek/mach/mt6735/include/mach/upmu_hw.h:566:0: note: this is the location of the previous definition
 #define MT6328_FGADC_CON12           ((MT6328_PMIC_REG_BASE+0x0CBC))
 ^
In file included from drivers/misc/mediatek/spm/mt6735/mt_spm_sleep.c:40:0:
drivers/misc/mediatek/spm/mt6735/../../pmic_wrap/mt6735/pwrap_hal.h:944:0: warning: "MT6328_FGADC_CON13" redefined
 #define MT6328_FGADC_CON13           ((UINT32)(MT6328_PMIC_REG_BASE+0x0CBE))
 ^
In file included from /home/satory-ra/Android/kernel/android_kernel_oukitel_orange/drivers/misc/mediatek/mach/mt6735/include/mach/upmu_common.h:7:0,
                 from drivers/misc/mediatek/spm/mt6735/mt_spm_sleep.c:25:
/home/satory-ra/Android/kernel/android_kernel_oukitel_orange/drivers/misc/mediatek/mach/mt6735/include/mach/upmu_hw.h:567:0: note: this is the location of the previous definition
 #define MT6328_FGADC_CON13           ((MT6328_PMIC_REG_BASE+0x0CBE))
 ^
In file included from drivers/misc/mediatek/spm/mt6735/mt_spm_sleep.c:40:0:
drivers/misc/mediatek/spm/mt6735/../../pmic_wrap/mt6735/pwrap_hal.h:945:0: warning: "MT6328_FGADC_CON14" redefined
 #define MT6328_FGADC_CON14           ((UINT32)(MT6328_PMIC_REG_BASE+0x0CC0))
 ^
In file included from /home/satory-ra/Android/kernel/android_kernel_oukitel_orange/drivers/misc/mediatek/mach/mt6735/include/mach/upmu_common.h:7:0,
                 from drivers/misc/mediatek/spm/mt6735/mt_spm_sleep.c:25:
/home/satory-ra/Android/kernel/android_kernel_oukitel_orange/drivers/misc/mediatek/mach/mt6735/include/mach/upmu_hw.h:568:0: note: this is the location of the previous definition
 #define MT6328_FGADC_CON14           ((MT6328_PMIC_REG_BASE+0x0CC0))
 ^
In file included from drivers/misc/mediatek/spm/mt6735/mt_spm_sleep.c:40:0:
drivers/misc/mediatek/spm/mt6735/../../pmic_wrap/mt6735/pwrap_hal.h:946:0: warning: "MT6328_FGADC_CON15" redefined
 #define MT6328_FGADC_CON15           ((UINT32)(MT6328_PMIC_REG_BASE+0x0CC2))
 ^
In file included from /home/satory-ra/Android/kernel/android_kernel_oukitel_orange/drivers/misc/mediatek/mach/mt6735/include/mach/upmu_common.h:7:0,
                 from drivers/misc/mediatek/spm/mt6735/mt_spm_sleep.c:25:
/home/satory-ra/Android/kernel/android_kernel_oukitel_orange/drivers/misc/mediatek/mach/mt6735/include/mach/upmu_hw.h:569:0: note: this is the location of the previous definition
 #define MT6328_FGADC_CON15           ((MT6328_PMIC_REG_BASE+0x0CC2))
 ^
In file included from drivers/misc/mediatek/spm/mt6735/mt_spm_sleep.c:40:0:
drivers/misc/mediatek/spm/mt6735/../../pmic_wrap/mt6735/pwrap_hal.h:947:0: warning: "MT6328_FGADC_CON16" redefined
 #define MT6328_FGADC_CON16           ((UINT32)(MT6328_PMIC_REG_BASE+0x0CC4))
 ^
In file included from /home/satory-ra/Android/kernel/android_kernel_oukitel_orange/drivers/misc/mediatek/mach/mt6735/include/mach/upmu_common.h:7:0,
                 from drivers/misc/mediatek/spm/mt6735/mt_spm_sleep.c:25:
/home/satory-ra/Android/kernel/android_kernel_oukitel_orange/drivers/misc/mediatek/mach/mt6735/include/mach/upmu_hw.h:570:0: note: this is the location of the previous definition
 #define MT6328_FGADC_CON16           ((MT6328_PMIC_REG_BASE+0x0CC4))
 ^
In file included from drivers/misc/mediatek/spm/mt6735/mt_spm_sleep.c:40:0:
drivers/misc/mediatek/spm/mt6735/../../pmic_wrap/mt6735/pwrap_hal.h:948:0: warning: "MT6328_FGADC_CON17" redefined
 #define MT6328_FGADC_CON17           ((UINT32)(MT6328_PMIC_REG_BASE+0x0CC6))
 ^
In file included from /home/satory-ra/Android/kernel/android_kernel_oukitel_orange/drivers/misc/mediatek/mach/mt6735/include/mach/upmu_common.h:7:0,
                 from drivers/misc/mediatek/spm/mt6735/mt_spm_sleep.c:25:
/home/satory-ra/Android/kernel/android_kernel_oukitel_orange/drivers/misc/mediatek/mach/mt6735/include/mach/upmu_hw.h:571:0: note: this is the location of the previous definition
 #define MT6328_FGADC_CON17           ((MT6328_PMIC_REG_BASE+0x0CC6))
 ^
In file included from drivers/misc/mediatek/spm/mt6735/mt_spm_sleep.c:40:0:
drivers/misc/mediatek/spm/mt6735/../../pmic_wrap/mt6735/pwrap_hal.h:949:0: warning: "MT6328_FGADC_CON18" redefined
 #define MT6328_FGADC_CON18           ((UINT32)(MT6328_PMIC_REG_BASE+0x0CC8))
 ^
In file included from /home/satory-ra/Android/kernel/android_kernel_oukitel_orange/drivers/misc/mediatek/mach/mt6735/include/mach/upmu_common.h:7:0,
                 from drivers/misc/mediatek/spm/mt6735/mt_spm_sleep.c:25:
/home/satory-ra/Android/kernel/android_kernel_oukitel_orange/drivers/misc/mediatek/mach/mt6735/include/mach/upmu_hw.h:572:0: note: this is the location of the previous definition
 #define MT6328_FGADC_CON18           ((MT6328_PMIC_REG_BASE+0x0CC8))
 ^
In file included from drivers/misc/mediatek/spm/mt6735/mt_spm_sleep.c:40:0:
drivers/misc/mediatek/spm/mt6735/../../pmic_wrap/mt6735/pwrap_hal.h:950:0: warning: "MT6328_FGADC_CON19" redefined
 #define MT6328_FGADC_CON19           ((UINT32)(MT6328_PMIC_REG_BASE+0x0CCA))
 ^
In file included from /home/satory-ra/Android/kernel/android_kernel_oukitel_orange/drivers/misc/mediatek/mach/mt6735/include/mach/upmu_common.h:7:0,
                 from drivers/misc/mediatek/spm/mt6735/mt_spm_sleep.c:25:
/home/satory-ra/Android/kernel/android_kernel_oukitel_orange/drivers/misc/mediatek/mach/mt6735/include/mach/upmu_hw.h:573:0: note: this is the location of the previous definition
 #define MT6328_FGADC_CON19           ((MT6328_PMIC_REG_BASE+0x0CCA))
 ^
In file included from drivers/misc/mediatek/spm/mt6735/mt_spm_sleep.c:40:0:
drivers/misc/mediatek/spm/mt6735/../../pmic_wrap/mt6735/pwrap_hal.h:951:0: warning: "MT6328_FGADC_CON20" redefined
 #define MT6328_FGADC_CON20           ((UINT32)(MT6328_PMIC_REG_BASE+0x0CCC))
 ^
In file included from /home/satory-ra/Android/kernel/android_kernel_oukitel_orange/drivers/misc/mediatek/mach/mt6735/include/mach/upmu_common.h:7:0,
                 from drivers/misc/mediatek/spm/mt6735/mt_spm_sleep.c:25:
/home/satory-ra/Android/kernel/android_kernel_oukitel_orange/drivers/misc/mediatek/mach/mt6735/include/mach/upmu_hw.h:574:0: note: this is the location of the previous definition
 #define MT6328_FGADC_CON20           ((MT6328_PMIC_REG_BASE+0x0CCC))
 ^
In file included from drivers/misc/mediatek/spm/mt6735/mt_spm_sleep.c:40:0:
drivers/misc/mediatek/spm/mt6735/../../pmic_wrap/mt6735/pwrap_hal.h:952:0: warning: "MT6328_FGADC_CON21" redefined
 #define MT6328_FGADC_CON21           ((UINT32)(MT6328_PMIC_REG_BASE+0x0CCE))
 ^
In file included from /home/satory-ra/Android/kernel/android_kernel_oukitel_orange/drivers/misc/mediatek/mach/mt6735/include/mach/upmu_common.h:7:0,
                 from drivers/misc/mediatek/spm/mt6735/mt_spm_sleep.c:25:
/home/satory-ra/Android/kernel/android_kernel_oukitel_orange/drivers/misc/mediatek/mach/mt6735/include/mach/upmu_hw.h:575:0: note: this is the location of the previous definition
 #define MT6328_FGADC_CON21           ((MT6328_PMIC_REG_BASE+0x0CCE))
 ^
In file included from drivers/misc/mediatek/spm/mt6735/mt_spm_sleep.c:40:0:
drivers/misc/mediatek/spm/mt6735/../../pmic_wrap/mt6735/pwrap_hal.h:953:0: warning: "MT6328_FGADC_CON22" redefined
 #define MT6328_FGADC_CON22           ((UINT32)(MT6328_PMIC_REG_BASE+0x0CD0))
 ^
In file included from /home/satory-ra/Android/kernel/android_kernel_oukitel_orange/drivers/misc/mediatek/mach/mt6735/include/mach/upmu_common.h:7:0,
                 from drivers/misc/mediatek/spm/mt6735/mt_spm_sleep.c:25:
/home/satory-ra/Android/kernel/android_kernel_oukitel_orange/drivers/misc/mediatek/mach/mt6735/include/mach/upmu_hw.h:576:0: note: this is the location of the previous definition
 #define MT6328_FGADC_CON22           ((MT6328_PMIC_REG_BASE+0x0CD0))
 ^
In file included from drivers/misc/mediatek/spm/mt6735/mt_spm_sleep.c:40:0:
drivers/misc/mediatek/spm/mt6735/../../pmic_wrap/mt6735/pwrap_hal.h:954:0: warning: "MT6328_FGADC_CON23" redefined
 #define MT6328_FGADC_CON23           ((UINT32)(MT6328_PMIC_REG_BASE+0x0CD2))
 ^
In file included from /home/satory-ra/Android/kernel/android_kernel_oukitel_orange/drivers/misc/mediatek/mach/mt6735/include/mach/upmu_common.h:7:0,
                 from drivers/misc/mediatek/spm/mt6735/mt_spm_sleep.c:25:
/home/satory-ra/Android/kernel/android_kernel_oukitel_orange/drivers/misc/mediatek/mach/mt6735/include/mach/upmu_hw.h:577:0: note: this is the location of the previous definition
 #define MT6328_FGADC_CON23           ((MT6328_PMIC_REG_BASE+0x0CD2))
 ^
In file included from drivers/misc/mediatek/spm/mt6735/mt_spm_sleep.c:40:0:
drivers/misc/mediatek/spm/mt6735/../../pmic_wrap/mt6735/pwrap_hal.h:955:0: warning: "MT6328_FGADC_CON24" redefined
 #define MT6328_FGADC_CON24           ((UINT32)(MT6328_PMIC_REG_BASE+0x0CD4))
 ^
In file included from /home/satory-ra/Android/kernel/android_kernel_oukitel_orange/drivers/misc/mediatek/mach/mt6735/include/mach/upmu_common.h:7:0,
                 from drivers/misc/mediatek/spm/mt6735/mt_spm_sleep.c:25:
/home/satory-ra/Android/kernel/android_kernel_oukitel_orange/drivers/misc/mediatek/mach/mt6735/include/mach/upmu_hw.h:578:0: note: this is the location of the previous definition
 #define MT6328_FGADC_CON24           ((MT6328_PMIC_REG_BASE+0x0CD4))
 ^
In file included from drivers/misc/mediatek/spm/mt6735/mt_spm_sleep.c:40:0:
drivers/misc/mediatek/spm/mt6735/../../pmic_wrap/mt6735/pwrap_hal.h:956:0: warning: "MT6328_FGADC_CON25" redefined
 #define MT6328_FGADC_CON25           ((UINT32)(MT6328_PMIC_REG_BASE+0x0CD6))
 ^
In file included from /home/satory-ra/Android/kernel/android_kernel_oukitel_orange/drivers/misc/mediatek/mach/mt6735/include/mach/upmu_common.h:7:0,
                 from drivers/misc/mediatek/spm/mt6735/mt_spm_sleep.c:25:
/home/satory-ra/Android/kernel/android_kernel_oukitel_orange/drivers/misc/mediatek/mach/mt6735/include/mach/upmu_hw.h:579:0: note: this is the location of the previous definition
 #define MT6328_FGADC_CON25           ((MT6328_PMIC_REG_BASE+0x0CD6))
 ^
In file included from drivers/misc/mediatek/spm/mt6735/mt_spm_sleep.c:40:0:
drivers/misc/mediatek/spm/mt6735/../../pmic_wrap/mt6735/pwrap_hal.h:957:0: warning: "MT6328_FGADC_CON26" redefined
 #define MT6328_FGADC_CON26           ((UINT32)(MT6328_PMIC_REG_BASE+0x0CD8))
 ^
In file included from /home/satory-ra/Android/kernel/android_kernel_oukitel_orange/drivers/misc/mediatek/mach/mt6735/include/mach/upmu_common.h:7:0,
                 from drivers/misc/mediatek/spm/mt6735/mt_spm_sleep.c:25:
/home/satory-ra/Android/kernel/android_kernel_oukitel_orange/drivers/misc/mediatek/mach/mt6735/include/mach/upmu_hw.h:580:0: note: this is the location of the previous definition
 #define MT6328_FGADC_CON26           ((MT6328_PMIC_REG_BASE+0x0CD8))
 ^
In file included from drivers/misc/mediatek/spm/mt6735/mt_spm_sleep.c:40:0:
drivers/misc/mediatek/spm/mt6735/../../pmic_wrap/mt6735/pwrap_hal.h:958:0: warning: "MT6328_FGADC_CON27" redefined
 #define MT6328_FGADC_CON27           ((UINT32)(MT6328_PMIC_REG_BASE+0x0CDA))
 ^
In file included from /home/satory-ra/Android/kernel/android_kernel_oukitel_orange/drivers/misc/mediatek/mach/mt6735/include/mach/upmu_common.h:7:0,
                 from drivers/misc/mediatek/spm/mt6735/mt_spm_sleep.c:25:
/home/satory-ra/Android/kernel/android_kernel_oukitel_orange/drivers/misc/mediatek/mach/mt6735/include/mach/upmu_hw.h:581:0: note: this is the location of the previous definition
 #define MT6328_FGADC_CON27           ((MT6328_PMIC_REG_BASE+0x0CDA))
 ^
In file included from drivers/misc/mediatek/spm/mt6735/mt_spm_sleep.c:40:0:
drivers/misc/mediatek/spm/mt6735/../../pmic_wrap/mt6735/pwrap_hal.h:959:0: warning: "MT6328_AUDDEC_ANA_CON0" redefined
 #define MT6328_AUDDEC_ANA_CON0       ((UINT32)(MT6328_PMIC_REG_BASE+0x0CDC))
 ^
In file included from /home/satory-ra/Android/kernel/android_kernel_oukitel_orange/drivers/misc/mediatek/mach/mt6735/include/mach/upmu_common.h:7:0,
                 from drivers/misc/mediatek/spm/mt6735/mt_spm_sleep.c:25:
/home/satory-ra/Android/kernel/android_kernel_oukitel_orange/drivers/misc/mediatek/mach/mt6735/include/mach/upmu_hw.h:582:0: note: this is the location of the previous definition
 #define MT6328_AUDDEC_ANA_CON0       ((MT6328_PMIC_REG_BASE+0x0CDC))
 ^
In file included from drivers/misc/mediatek/spm/mt6735/mt_spm_sleep.c:40:0:
drivers/misc/mediatek/spm/mt6735/../../pmic_wrap/mt6735/pwrap_hal.h:960:0: warning: "MT6328_AUDDEC_ANA_CON1" redefined
 #define MT6328_AUDDEC_ANA_CON1       ((UINT32)(MT6328_PMIC_REG_BASE+0x0CDE))
 ^
In file included from /home/satory-ra/Android/kernel/android_kernel_oukitel_orange/drivers/misc/mediatek/mach/mt6735/include/mach/upmu_common.h:7:0,
                 from drivers/misc/mediatek/spm/mt6735/mt_spm_sleep.c:25:
/home/satory-ra/Android/kernel/android_kernel_oukitel_orange/drivers/misc/mediatek/mach/mt6735/include/mach/upmu_hw.h:583:0: note: this is the location of the previous definition
 #define MT6328_AUDDEC_ANA_CON1       ((MT6328_PMIC_REG_BASE+0x0CDE))
 ^
In file included from drivers/misc/mediatek/spm/mt6735/mt_spm_sleep.c:40:0:
drivers/misc/mediatek/spm/mt6735/../../pmic_wrap/mt6735/pwrap_hal.h:961:0: warning: "MT6328_AUDDEC_ANA_CON2" redefined
 #define MT6328_AUDDEC_ANA_CON2       ((UINT32)(MT6328_PMIC_REG_BASE+0x0CE0))
 ^
In file included from /home/satory-ra/Android/kernel/android_kernel_oukitel_orange/drivers/misc/mediatek/mach/mt6735/include/mach/upmu_common.h:7:0,
                 from drivers/misc/mediatek/spm/mt6735/mt_spm_sleep.c:25:
/home/satory-ra/Android/kernel/android_kernel_oukitel_orange/drivers/misc/mediatek/mach/mt6735/include/mach/upmu_hw.h:584:0: note: this is the location of the previous definition
 #define MT6328_AUDDEC_ANA_CON2       ((MT6328_PMIC_REG_BASE+0x0CE0))
 ^
In file included from drivers/misc/mediatek/spm/mt6735/mt_spm_sleep.c:40:0:
drivers/misc/mediatek/spm/mt6735/../../pmic_wrap/mt6735/pwrap_hal.h:962:0: warning: "MT6328_AUDDEC_ANA_CON3" redefined
 #define MT6328_AUDDEC_ANA_CON3       ((UINT32)(MT6328_PMIC_REG_BASE+0x0CE2))
 ^
In file included from /home/satory-ra/Android/kernel/android_kernel_oukitel_orange/drivers/misc/mediatek/mach/mt6735/include/mach/upmu_common.h:7:0,
                 from drivers/misc/mediatek/spm/mt6735/mt_spm_sleep.c:25:
/home/satory-ra/Android/kernel/android_kernel_oukitel_orange/drivers/misc/mediatek/mach/mt6735/include/mach/upmu_hw.h:585:0: note: this is the location of the previous definition
 #define MT6328_AUDDEC_ANA_CON3       ((MT6328_PMIC_REG_BASE+0x0CE2))
 ^
In file included from drivers/misc/mediatek/spm/mt6735/mt_spm_sleep.c:40:0:
drivers/misc/mediatek/spm/mt6735/../../pmic_wrap/mt6735/pwrap_hal.h:963:0: warning: "MT6328_AUDDEC_ANA_CON4" redefined
 #define MT6328_AUDDEC_ANA_CON4       ((UINT32)(MT6328_PMIC_REG_BASE+0x0CE4))
 ^
In file included from /home/satory-ra/Android/kernel/android_kernel_oukitel_orange/drivers/misc/mediatek/mach/mt6735/include/mach/upmu_common.h:7:0,
                 from drivers/misc/mediatek/spm/mt6735/mt_spm_sleep.c:25:
/home/satory-ra/Android/kernel/android_kernel_oukitel_orange/drivers/misc/mediatek/mach/mt6735/include/mach/upmu_hw.h:586:0: note: this is the location of the previous definition
 #define MT6328_AUDDEC_ANA_CON4       ((MT6328_PMIC_REG_BASE+0x0CE4))
 ^
In file included from drivers/misc/mediatek/spm/mt6735/mt_spm_sleep.c:40:0:
drivers/misc/mediatek/spm/mt6735/../../pmic_wrap/mt6735/pwrap_hal.h:964:0: warning: "MT6328_AUDDEC_ANA_CON5" redefined
 #define MT6328_AUDDEC_ANA_CON5       ((UINT32)(MT6328_PMIC_REG_BASE+0x0CE6))
 ^
In file included from /home/satory-ra/Android/kernel/android_kernel_oukitel_orange/drivers/misc/mediatek/mach/mt6735/include/mach/upmu_common.h:7:0,
                 from drivers/misc/mediatek/spm/mt6735/mt_spm_sleep.c:25:
/home/satory-ra/Android/kernel/android_kernel_oukitel_orange/drivers/misc/mediatek/mach/mt6735/include/mach/upmu_hw.h:587:0: note: this is the location of the previous definition
 #define MT6328_AUDDEC_ANA_CON5       ((MT6328_PMIC_REG_BASE+0x0CE6))
 ^
In file included from drivers/misc/mediatek/spm/mt6735/mt_spm_sleep.c:40:0:
drivers/misc/mediatek/spm/mt6735/../../pmic_wrap/mt6735/pwrap_hal.h:965:0: warning: "MT6328_AUDDEC_ANA_CON6" redefined
 #define MT6328_AUDDEC_ANA_CON6       ((UINT32)(MT6328_PMIC_REG_BASE+0x0CE8))
 ^
In file included from /home/satory-ra/Android/kernel/android_kernel_oukitel_orange/drivers/misc/mediatek/mach/mt6735/include/mach/upmu_common.h:7:0,
                 from drivers/misc/mediatek/spm/mt6735/mt_spm_sleep.c:25:
/home/satory-ra/Android/kernel/android_kernel_oukitel_orange/drivers/misc/mediatek/mach/mt6735/include/mach/upmu_hw.h:588:0: note: this is the location of the previous definition
 #define MT6328_AUDDEC_ANA_CON6       ((MT6328_PMIC_REG_BASE+0x0CE8))
 ^
In file included from drivers/misc/mediatek/spm/mt6735/mt_spm_sleep.c:40:0:
drivers/misc/mediatek/spm/mt6735/../../pmic_wrap/mt6735/pwrap_hal.h:966:0: warning: "MT6328_AUDDEC_ANA_CON7" redefined
 #define MT6328_AUDDEC_ANA_CON7       ((UINT32)(MT6328_PMIC_REG_BASE+0x0CEA))
 ^
In file included from /home/satory-ra/Android/kernel/android_kernel_oukitel_orange/drivers/misc/mediatek/mach/mt6735/include/mach/upmu_common.h:7:0,
                 from drivers/misc/mediatek/spm/mt6735/mt_spm_sleep.c:25:
/home/satory-ra/Android/kernel/android_kernel_oukitel_orange/drivers/misc/mediatek/mach/mt6735/include/mach/upmu_hw.h:589:0: note: this is the location of the previous definition
 #define MT6328_AUDDEC_ANA_CON7       ((MT6328_PMIC_REG_BASE+0x0CEA))
 ^
In file included from drivers/misc/mediatek/spm/mt6735/mt_spm_sleep.c:40:0:
drivers/misc/mediatek/spm/mt6735/../../pmic_wrap/mt6735/pwrap_hal.h:967:0: warning: "MT6328_AUDDEC_ANA_CON8" redefined
 #define MT6328_AUDDEC_ANA_CON8       ((UINT32)(MT6328_PMIC_REG_BASE+0x0CEC))
 ^
In file included from /home/satory-ra/Android/kernel/android_kernel_oukitel_orange/drivers/misc/mediatek/mach/mt6735/include/mach/upmu_common.h:7:0,
                 from drivers/misc/mediatek/spm/mt6735/mt_spm_sleep.c:25:
/home/satory-ra/Android/kernel/android_kernel_oukitel_orange/drivers/misc/mediatek/mach/mt6735/include/mach/upmu_hw.h:590:0: note: this is the location of the previous definition
 #define MT6328_AUDDEC_ANA_CON8       ((MT6328_PMIC_REG_BASE+0x0CEC))
 ^
In file included from drivers/misc/mediatek/spm/mt6735/mt_spm_sleep.c:40:0:
drivers/misc/mediatek/spm/mt6735/../../pmic_wrap/mt6735/pwrap_hal.h:968:0: warning: "MT6328_AUDENC_ANA_CON0" redefined
 #define MT6328_AUDENC_ANA_CON0       ((UINT32)(MT6328_PMIC_REG_BASE+0x0CEE))
 ^
In file included from /home/satory-ra/Android/kernel/android_kernel_oukitel_orange/drivers/misc/mediatek/mach/mt6735/include/mach/upmu_common.h:7:0,
                 from drivers/misc/mediatek/spm/mt6735/mt_spm_sleep.c:25:
/home/satory-ra/Android/kernel/android_kernel_oukitel_orange/drivers/misc/mediatek/mach/mt6735/include/mach/upmu_hw.h:591:0: note: this is the location of the previous definition
 #define MT6328_AUDENC_ANA_CON0       ((MT6328_PMIC_REG_BASE+0x0CEE))
 ^
In file included from drivers/misc/mediatek/spm/mt6735/mt_spm_sleep.c:40:0:
drivers/misc/mediatek/spm/mt6735/../../pmic_wrap/mt6735/pwrap_hal.h:969:0: warning: "MT6328_AUDENC_ANA_CON1" redefined
 #define MT6328_AUDENC_ANA_CON1       ((UINT32)(MT6328_PMIC_REG_BASE+0x0CF0))
 ^
In file included from /home/satory-ra/Android/kernel/android_kernel_oukitel_orange/drivers/misc/mediatek/mach/mt6735/include/mach/upmu_common.h:7:0,
                 from drivers/misc/mediatek/spm/mt6735/mt_spm_sleep.c:25:
/home/satory-ra/Android/kernel/android_kernel_oukitel_orange/drivers/misc/mediatek/mach/mt6735/include/mach/upmu_hw.h:592:0: note: this is the location of the previous definition
 #define MT6328_AUDENC_ANA_CON1       ((MT6328_PMIC_REG_BASE+0x0CF0))
 ^
In file included from drivers/misc/mediatek/spm/mt6735/mt_spm_sleep.c:40:0:
drivers/misc/mediatek/spm/mt6735/../../pmic_wrap/mt6735/pwrap_hal.h:970:0: warning: "MT6328_AUDENC_ANA_CON2" redefined
 #define MT6328_AUDENC_ANA_CON2       ((UINT32)(MT6328_PMIC_REG_BASE+0x0CF2))
 ^
In file included from /home/satory-ra/Android/kernel/android_kernel_oukitel_orange/drivers/misc/mediatek/mach/mt6735/include/mach/upmu_common.h:7:0,
                 from drivers/misc/mediatek/spm/mt6735/mt_spm_sleep.c:25:
/home/satory-ra/Android/kernel/android_kernel_oukitel_orange/drivers/misc/mediatek/mach/mt6735/include/mach/upmu_hw.h:593:0: note: this is the location of the previous definition
 #define MT6328_AUDENC_ANA_CON2       ((MT6328_PMIC_REG_BASE+0x0CF2))
 ^
In file included from drivers/misc/mediatek/spm/mt6735/mt_spm_sleep.c:40:0:
drivers/misc/mediatek/spm/mt6735/../../pmic_wrap/mt6735/pwrap_hal.h:971:0: warning: "MT6328_AUDENC_ANA_CON3" redefined
 #define MT6328_AUDENC_ANA_CON3       ((UINT32)(MT6328_PMIC_REG_BASE+0x0CF4))
 ^
In file included from /home/satory-ra/Android/kernel/android_kernel_oukitel_orange/drivers/misc/mediatek/mach/mt6735/include/mach/upmu_common.h:7:0,
                 from drivers/misc/mediatek/spm/mt6735/mt_spm_sleep.c:25:
/home/satory-ra/Android/kernel/android_kernel_oukitel_orange/drivers/misc/mediatek/mach/mt6735/include/mach/upmu_hw.h:594:0: note: this is the location of the previous definition
 #define MT6328_AUDENC_ANA_CON3       ((MT6328_PMIC_REG_BASE+0x0CF4))
 ^
In file included from drivers/misc/mediatek/spm/mt6735/mt_spm_sleep.c:40:0:
drivers/misc/mediatek/spm/mt6735/../../pmic_wrap/mt6735/pwrap_hal.h:972:0: warning: "MT6328_AUDENC_ANA_CON4" redefined
 #define MT6328_AUDENC_ANA_CON4       ((UINT32)(MT6328_PMIC_REG_BASE+0x0CF6))
 ^
In file included from /home/satory-ra/Android/kernel/android_kernel_oukitel_orange/drivers/misc/mediatek/mach/mt6735/include/mach/upmu_common.h:7:0,
                 from drivers/misc/mediatek/spm/mt6735/mt_spm_sleep.c:25:
/home/satory-ra/Android/kernel/android_kernel_oukitel_orange/drivers/misc/mediatek/mach/mt6735/include/mach/upmu_hw.h:595:0: note: this is the location of the previous definition
 #define MT6328_AUDENC_ANA_CON4       ((MT6328_PMIC_REG_BASE+0x0CF6))
 ^
In file included from drivers/misc/mediatek/spm/mt6735/mt_spm_sleep.c:40:0:
drivers/misc/mediatek/spm/mt6735/../../pmic_wrap/mt6735/pwrap_hal.h:973:0: warning: "MT6328_AUDENC_ANA_CON5" redefined
 #define MT6328_AUDENC_ANA_CON5       ((UINT32)(MT6328_PMIC_REG_BASE+0x0CF8))
 ^
In file included from /home/satory-ra/Android/kernel/android_kernel_oukitel_orange/drivers/misc/mediatek/mach/mt6735/include/mach/upmu_common.h:7:0,
                 from drivers/misc/mediatek/spm/mt6735/mt_spm_sleep.c:25:
/home/satory-ra/Android/kernel/android_kernel_oukitel_orange/drivers/misc/mediatek/mach/mt6735/include/mach/upmu_hw.h:596:0: note: this is the location of the previous definition
 #define MT6328_AUDENC_ANA_CON5       ((MT6328_PMIC_REG_BASE+0x0CF8))
 ^
In file included from drivers/misc/mediatek/spm/mt6735/mt_spm_sleep.c:40:0:
drivers/misc/mediatek/spm/mt6735/../../pmic_wrap/mt6735/pwrap_hal.h:974:0: warning: "MT6328_AUDENC_ANA_CON6" redefined
 #define MT6328_AUDENC_ANA_CON6       ((UINT32)(MT6328_PMIC_REG_BASE+0x0CFA))
 ^
In file included from /home/satory-ra/Android/kernel/android_kernel_oukitel_orange/drivers/misc/mediatek/mach/mt6735/include/mach/upmu_common.h:7:0,
                 from drivers/misc/mediatek/spm/mt6735/mt_spm_sleep.c:25:
/home/satory-ra/Android/kernel/android_kernel_oukitel_orange/drivers/misc/mediatek/mach/mt6735/include/mach/upmu_hw.h:597:0: note: this is the location of the previous definition
 #define MT6328_AUDENC_ANA_CON6       ((MT6328_PMIC_REG_BASE+0x0CFA))
 ^
In file included from drivers/misc/mediatek/spm/mt6735/mt_spm_sleep.c:40:0:
drivers/misc/mediatek/spm/mt6735/../../pmic_wrap/mt6735/pwrap_hal.h:975:0: warning: "MT6328_AUDENC_ANA_CON7" redefined
 #define MT6328_AUDENC_ANA_CON7       ((UINT32)(MT6328_PMIC_REG_BASE+0x0CFC))
 ^
In file included from /home/satory-ra/Android/kernel/android_kernel_oukitel_orange/drivers/misc/mediatek/mach/mt6735/include/mach/upmu_common.h:7:0,
                 from drivers/misc/mediatek/spm/mt6735/mt_spm_sleep.c:25:
/home/satory-ra/Android/kernel/android_kernel_oukitel_orange/drivers/misc/mediatek/mach/mt6735/include/mach/upmu_hw.h:598:0: note: this is the location of the previous definition
 #define MT6328_AUDENC_ANA_CON7       ((MT6328_PMIC_REG_BASE+0x0CFC))
 ^
In file included from drivers/misc/mediatek/spm/mt6735/mt_spm_sleep.c:40:0:
drivers/misc/mediatek/spm/mt6735/../../pmic_wrap/mt6735/pwrap_hal.h:976:0: warning: "MT6328_AUDENC_ANA_CON8" redefined
 #define MT6328_AUDENC_ANA_CON8       ((UINT32)(MT6328_PMIC_REG_BASE+0x0CFE))
 ^
In file included from /home/satory-ra/Android/kernel/android_kernel_oukitel_orange/drivers/misc/mediatek/mach/mt6735/include/mach/upmu_common.h:7:0,
                 from drivers/misc/mediatek/spm/mt6735/mt_spm_sleep.c:25:
/home/satory-ra/Android/kernel/android_kernel_oukitel_orange/drivers/misc/mediatek/mach/mt6735/include/mach/upmu_hw.h:599:0: note: this is the location of the previous definition
 #define MT6328_AUDENC_ANA_CON8       ((MT6328_PMIC_REG_BASE+0x0CFE))
 ^
In file included from drivers/misc/mediatek/spm/mt6735/mt_spm_sleep.c:40:0:
drivers/misc/mediatek/spm/mt6735/../../pmic_wrap/mt6735/pwrap_hal.h:977:0: warning: "MT6328_AUDENC_ANA_CON9" redefined
 #define MT6328_AUDENC_ANA_CON9       ((UINT32)(MT6328_PMIC_REG_BASE+0x0D00))
 ^
In file included from /home/satory-ra/Android/kernel/android_kernel_oukitel_orange/drivers/misc/mediatek/mach/mt6735/include/mach/upmu_common.h:7:0,
                 from drivers/misc/mediatek/spm/mt6735/mt_spm_sleep.c:25:
/home/satory-ra/Android/kernel/android_kernel_oukitel_orange/drivers/misc/mediatek/mach/mt6735/include/mach/upmu_hw.h:600:0: note: this is the location of the previous definition
 #define MT6328_AUDENC_ANA_CON9       ((MT6328_PMIC_REG_BASE+0x0D00))
 ^
In file included from drivers/misc/mediatek/spm/mt6735/mt_spm_sleep.c:40:0:
drivers/misc/mediatek/spm/mt6735/../../pmic_wrap/mt6735/pwrap_hal.h:978:0: warning: "MT6328_AUDENC_ANA_CON10" redefined
 #define MT6328_AUDENC_ANA_CON10      ((UINT32)(MT6328_PMIC_REG_BASE+0x0D02))
 ^
In file included from /home/satory-ra/Android/kernel/android_kernel_oukitel_orange/drivers/misc/mediatek/mach/mt6735/include/mach/upmu_common.h:7:0,
                 from drivers/misc/mediatek/spm/mt6735/mt_spm_sleep.c:25:
/home/satory-ra/Android/kernel/android_kernel_oukitel_orange/drivers/misc/mediatek/mach/mt6735/include/mach/upmu_hw.h:601:0: note: this is the location of the previous definition
 #define MT6328_AUDENC_ANA_CON10      ((MT6328_PMIC_REG_BASE+0x0D02))
 ^
In file included from drivers/misc/mediatek/spm/mt6735/mt_spm_sleep.c:40:0:
drivers/misc/mediatek/spm/mt6735/../../pmic_wrap/mt6735/pwrap_hal.h:979:0: warning: "MT6328_AUDNCP_CLKDIV_CON0" redefined
 #define MT6328_AUDNCP_CLKDIV_CON0    ((UINT32)(MT6328_PMIC_REG_BASE+0x0D04))
 ^
In file included from /home/satory-ra/Android/kernel/android_kernel_oukitel_orange/drivers/misc/mediatek/mach/mt6735/include/mach/upmu_common.h:7:0,
                 from drivers/misc/mediatek/spm/mt6735/mt_spm_sleep.c:25:
/home/satory-ra/Android/kernel/android_kernel_oukitel_orange/drivers/misc/mediatek/mach/mt6735/include/mach/upmu_hw.h:602:0: note: this is the location of the previous definition
 #define MT6328_AUDNCP_CLKDIV_CON0    ((MT6328_PMIC_REG_BASE+0x0D04))
 ^
In file included from drivers/misc/mediatek/spm/mt6735/mt_spm_sleep.c:40:0:
drivers/misc/mediatek/spm/mt6735/../../pmic_wrap/mt6735/pwrap_hal.h:980:0: warning: "MT6328_AUDNCP_CLKDIV_CON1" redefined
 #define MT6328_AUDNCP_CLKDIV_CON1    ((UINT32)(MT6328_PMIC_REG_BASE+0x0D06))
 ^
In file included from /home/satory-ra/Android/kernel/android_kernel_oukitel_orange/drivers/misc/mediatek/mach/mt6735/include/mach/upmu_common.h:7:0,
                 from drivers/misc/mediatek/spm/mt6735/mt_spm_sleep.c:25:
/home/satory-ra/Android/kernel/android_kernel_oukitel_orange/drivers/misc/mediatek/mach/mt6735/include/mach/upmu_hw.h:603:0: note: this is the location of the previous definition
 #define MT6328_AUDNCP_CLKDIV_CON1    ((MT6328_PMIC_REG_BASE+0x0D06))
 ^
In file included from drivers/misc/mediatek/spm/mt6735/mt_spm_sleep.c:40:0:
drivers/misc/mediatek/spm/mt6735/../../pmic_wrap/mt6735/pwrap_hal.h:981:0: warning: "MT6328_AUDNCP_CLKDIV_CON2" redefined
 #define MT6328_AUDNCP_CLKDIV_CON2    ((UINT32)(MT6328_PMIC_REG_BASE+0x0D08))
 ^
In file included from /home/satory-ra/Android/kernel/android_kernel_oukitel_orange/drivers/misc/mediatek/mach/mt6735/include/mach/upmu_common.h:7:0,
                 from drivers/misc/mediatek/spm/mt6735/mt_spm_sleep.c:25:
/home/satory-ra/Android/kernel/android_kernel_oukitel_orange/drivers/misc/mediatek/mach/mt6735/include/mach/upmu_hw.h:604:0: note: this is the location of the previous definition
 #define MT6328_AUDNCP_CLKDIV_CON2    ((MT6328_PMIC_REG_BASE+0x0D08))
 ^
In file included from drivers/misc/mediatek/spm/mt6735/mt_spm_sleep.c:40:0:
drivers/misc/mediatek/spm/mt6735/../../pmic_wrap/mt6735/pwrap_hal.h:982:0: warning: "MT6328_AUDNCP_CLKDIV_CON3" redefined
 #define MT6328_AUDNCP_CLKDIV_CON3    ((UINT32)(MT6328_PMIC_REG_BASE+0x0D0A))
 ^
In file included from /home/satory-ra/Android/kernel/android_kernel_oukitel_orange/drivers/misc/mediatek/mach/mt6735/include/mach/upmu_common.h:7:0,
                 from drivers/misc/mediatek/spm/mt6735/mt_spm_sleep.c:25:
/home/satory-ra/Android/kernel/android_kernel_oukitel_orange/drivers/misc/mediatek/mach/mt6735/include/mach/upmu_hw.h:605:0: note: this is the location of the previous definition
 #define MT6328_AUDNCP_CLKDIV_CON3    ((MT6328_PMIC_REG_BASE+0x0D0A))
 ^
In file included from drivers/misc/mediatek/spm/mt6735/mt_spm_sleep.c:40:0:
drivers/misc/mediatek/spm/mt6735/../../pmic_wrap/mt6735/pwrap_hal.h:983:0: warning: "MT6328_AUDNCP_CLKDIV_CON4" redefined
 #define MT6328_AUDNCP_CLKDIV_CON4    ((UINT32)(MT6328_PMIC_REG_BASE+0x0D0C))
 ^
In file included from /home/satory-ra/Android/kernel/android_kernel_oukitel_orange/drivers/misc/mediatek/mach/mt6735/include/mach/upmu_common.h:7:0,
                 from drivers/misc/mediatek/spm/mt6735/mt_spm_sleep.c:25:
/home/satory-ra/Android/kernel/android_kernel_oukitel_orange/drivers/misc/mediatek/mach/mt6735/include/mach/upmu_hw.h:606:0: note: this is the location of the previous definition
 #define MT6328_AUDNCP_CLKDIV_CON4    ((MT6328_PMIC_REG_BASE+0x0D0C))
 ^
In file included from drivers/misc/mediatek/spm/mt6735/mt_spm_sleep.c:40:0:
drivers/misc/mediatek/spm/mt6735/../../pmic_wrap/mt6735/pwrap_hal.h:984:0: warning: "MT6328_AUXADC_ADC0" redefined
 #define MT6328_AUXADC_ADC0           ((UINT32)(MT6328_PMIC_REG_BASE+0x0E00))
 ^
In file included from /home/satory-ra/Android/kernel/android_kernel_oukitel_orange/drivers/misc/mediatek/mach/mt6735/include/mach/upmu_common.h:7:0,
                 from drivers/misc/mediatek/spm/mt6735/mt_spm_sleep.c:25:
/home/satory-ra/Android/kernel/android_kernel_oukitel_orange/drivers/misc/mediatek/mach/mt6735/include/mach/upmu_hw.h:607:0: note: this is the location of the previous definition
 #define MT6328_AUXADC_ADC0           ((MT6328_PMIC_REG_BASE+0x0E00))
 ^
In file included from drivers/misc/mediatek/spm/mt6735/mt_spm_sleep.c:40:0:
drivers/misc/mediatek/spm/mt6735/../../pmic_wrap/mt6735/pwrap_hal.h:985:0: warning: "MT6328_AUXADC_ADC1" redefined
 #define MT6328_AUXADC_ADC1           ((UINT32)(MT6328_PMIC_REG_BASE+0x0E02))
 ^
In file included from /home/satory-ra/Android/kernel/android_kernel_oukitel_orange/drivers/misc/mediatek/mach/mt6735/include/mach/upmu_common.h:7:0,
                 from drivers/misc/mediatek/spm/mt6735/mt_spm_sleep.c:25:
/home/satory-ra/Android/kernel/android_kernel_oukitel_orange/drivers/misc/mediatek/mach/mt6735/include/mach/upmu_hw.h:608:0: note: this is the location of the previous definition
 #define MT6328_AUXADC_ADC1           ((MT6328_PMIC_REG_BASE+0x0E02))
 ^
In file included from drivers/misc/mediatek/spm/mt6735/mt_spm_sleep.c:40:0:
drivers/misc/mediatek/spm/mt6735/../../pmic_wrap/mt6735/pwrap_hal.h:986:0: warning: "MT6328_AUXADC_ADC2" redefined
 #define MT6328_AUXADC_ADC2           ((UINT32)(MT6328_PMIC_REG_BASE+0x0E04))
 ^
In file included from /home/satory-ra/Android/kernel/android_kernel_oukitel_orange/drivers/misc/mediatek/mach/mt6735/include/mach/upmu_common.h:7:0,
                 from drivers/misc/mediatek/spm/mt6735/mt_spm_sleep.c:25:
/home/satory-ra/Android/kernel/android_kernel_oukitel_orange/drivers/misc/mediatek/mach/mt6735/include/mach/upmu_hw.h:609:0: note: this is the location of the previous definition
 #define MT6328_AUXADC_ADC2           ((MT6328_PMIC_REG_BASE+0x0E04))
 ^
In file included from drivers/misc/mediatek/spm/mt6735/mt_spm_sleep.c:40:0:
drivers/misc/mediatek/spm/mt6735/../../pmic_wrap/mt6735/pwrap_hal.h:987:0: warning: "MT6328_AUXADC_ADC3" redefined
 #define MT6328_AUXADC_ADC3           ((UINT32)(MT6328_PMIC_REG_BASE+0x0E06))
 ^
In file included from /home/satory-ra/Android/kernel/android_kernel_oukitel_orange/drivers/misc/mediatek/mach/mt6735/include/mach/upmu_common.h:7:0,
                 from drivers/misc/mediatek/spm/mt6735/mt_spm_sleep.c:25:
/home/satory-ra/Android/kernel/android_kernel_oukitel_orange/drivers/misc/mediatek/mach/mt6735/include/mach/upmu_hw.h:610:0: note: this is the location of the previous definition
 #define MT6328_AUXADC_ADC3           ((MT6328_PMIC_REG_BASE+0x0E06))
 ^
In file included from drivers/misc/mediatek/spm/mt6735/mt_spm_sleep.c:40:0:
drivers/misc/mediatek/spm/mt6735/../../pmic_wrap/mt6735/pwrap_hal.h:988:0: warning: "MT6328_AUXADC_ADC4" redefined
 #define MT6328_AUXADC_ADC4           ((UINT32)(MT6328_PMIC_REG_BASE+0x0E08))
 ^
In file included from /home/satory-ra/Android/kernel/android_kernel_oukitel_orange/drivers/misc/mediatek/mach/mt6735/include/mach/upmu_common.h:7:0,
                 from drivers/misc/mediatek/spm/mt6735/mt_spm_sleep.c:25:
/home/satory-ra/Android/kernel/android_kernel_oukitel_orange/drivers/misc/mediatek/mach/mt6735/include/mach/upmu_hw.h:611:0: note: this is the location of the previous definition
 #define MT6328_AUXADC_ADC4           ((MT6328_PMIC_REG_BASE+0x0E08))
 ^
In file included from drivers/misc/mediatek/spm/mt6735/mt_spm_sleep.c:40:0:
drivers/misc/mediatek/spm/mt6735/../../pmic_wrap/mt6735/pwrap_hal.h:989:0: warning: "MT6328_AUXADC_ADC5" redefined
 #define MT6328_AUXADC_ADC5           ((UINT32)(MT6328_PMIC_REG_BASE+0x0E0A))
 ^
In file included from /home/satory-ra/Android/kernel/android_kernel_oukitel_orange/drivers/misc/mediatek/mach/mt6735/include/mach/upmu_common.h:7:0,
                 from drivers/misc/mediatek/spm/mt6735/mt_spm_sleep.c:25:
/home/satory-ra/Android/kernel/android_kernel_oukitel_orange/drivers/misc/mediatek/mach/mt6735/include/mach/upmu_hw.h:612:0: note: this is the location of the previous definition
 #define MT6328_AUXADC_ADC5           ((MT6328_PMIC_REG_BASE+0x0E0A))
 ^
In file included from drivers/misc/mediatek/spm/mt6735/mt_spm_sleep.c:40:0:
drivers/misc/mediatek/spm/mt6735/../../pmic_wrap/mt6735/pwrap_hal.h:990:0: warning: "MT6328_AUXADC_ADC6" redefined
 #define MT6328_AUXADC_ADC6           ((UINT32)(MT6328_PMIC_REG_BASE+0x0E0C))
 ^
In file included from /home/satory-ra/Android/kernel/android_kernel_oukitel_orange/drivers/misc/mediatek/mach/mt6735/include/mach/upmu_common.h:7:0,
                 from drivers/misc/mediatek/spm/mt6735/mt_spm_sleep.c:25:
/home/satory-ra/Android/kernel/android_kernel_oukitel_orange/drivers/misc/mediatek/mach/mt6735/include/mach/upmu_hw.h:613:0: note: this is the location of the previous definition
 #define MT6328_AUXADC_ADC6           ((MT6328_PMIC_REG_BASE+0x0E0C))
 ^
In file included from drivers/misc/mediatek/spm/mt6735/mt_spm_sleep.c:40:0:
drivers/misc/mediatek/spm/mt6735/../../pmic_wrap/mt6735/pwrap_hal.h:991:0: warning: "MT6328_AUXADC_ADC7" redefined
 #define MT6328_AUXADC_ADC7           ((UINT32)(MT6328_PMIC_REG_BASE+0x0E0E))
 ^
In file included from /home/satory-ra/Android/kernel/android_kernel_oukitel_orange/drivers/misc/mediatek/mach/mt6735/include/mach/upmu_common.h:7:0,
                 from drivers/misc/mediatek/spm/mt6735/mt_spm_sleep.c:25:
/home/satory-ra/Android/kernel/android_kernel_oukitel_orange/drivers/misc/mediatek/mach/mt6735/include/mach/upmu_hw.h:614:0: note: this is the location of the previous definition
 #define MT6328_AUXADC_ADC7           ((MT6328_PMIC_REG_BASE+0x0E0E))
 ^
In file included from drivers/misc/mediatek/spm/mt6735/mt_spm_sleep.c:40:0:
drivers/misc/mediatek/spm/mt6735/../../pmic_wrap/mt6735/pwrap_hal.h:992:0: warning: "MT6328_AUXADC_ADC8" redefined
 #define MT6328_AUXADC_ADC8           ((UINT32)(MT6328_PMIC_REG_BASE+0x0E10))
 ^
In file included from /home/satory-ra/Android/kernel/android_kernel_oukitel_orange/drivers/misc/mediatek/mach/mt6735/include/mach/upmu_common.h:7:0,
                 from drivers/misc/mediatek/spm/mt6735/mt_spm_sleep.c:25:
/home/satory-ra/Android/kernel/android_kernel_oukitel_orange/drivers/misc/mediatek/mach/mt6735/include/mach/upmu_hw.h:615:0: note: this is the location of the previous definition
 #define MT6328_AUXADC_ADC8           ((MT6328_PMIC_REG_BASE+0x0E10))
 ^
In file included from drivers/misc/mediatek/spm/mt6735/mt_spm_sleep.c:40:0:
drivers/misc/mediatek/spm/mt6735/../../pmic_wrap/mt6735/pwrap_hal.h:993:0: warning: "MT6328_AUXADC_ADC9" redefined
 #define MT6328_AUXADC_ADC9           ((UINT32)(MT6328_PMIC_REG_BASE+0x0E12))
 ^
In file included from /home/satory-ra/Android/kernel/android_kernel_oukitel_orange/drivers/misc/mediatek/mach/mt6735/include/mach/upmu_common.h:7:0,
                 from drivers/misc/mediatek/spm/mt6735/mt_spm_sleep.c:25:
/home/satory-ra/Android/kernel/android_kernel_oukitel_orange/drivers/misc/mediatek/mach/mt6735/include/mach/upmu_hw.h:616:0: note: this is the location of the previous definition
 #define MT6328_AUXADC_ADC9           ((MT6328_PMIC_REG_BASE+0x0E12))
 ^
In file included from drivers/misc/mediatek/spm/mt6735/mt_spm_sleep.c:40:0:
drivers/misc/mediatek/spm/mt6735/../../pmic_wrap/mt6735/pwrap_hal.h:994:0: warning: "MT6328_AUXADC_ADC10" redefined
 #define MT6328_AUXADC_ADC10          ((UINT32)(MT6328_PMIC_REG_BASE+0x0E14))
 ^
In file included from /home/satory-ra/Android/kernel/android_kernel_oukitel_orange/drivers/misc/mediatek/mach/mt6735/include/mach/upmu_common.h:7:0,
                 from drivers/misc/mediatek/spm/mt6735/mt_spm_sleep.c:25:
/home/satory-ra/Android/kernel/android_kernel_oukitel_orange/drivers/misc/mediatek/mach/mt6735/include/mach/upmu_hw.h:617:0: note: this is the location of the previous definition
 #define MT6328_AUXADC_ADC10          ((MT6328_PMIC_REG_BASE+0x0E14))
 ^
In file included from drivers/misc/mediatek/spm/mt6735/mt_spm_sleep.c:40:0:
drivers/misc/mediatek/spm/mt6735/../../pmic_wrap/mt6735/pwrap_hal.h:995:0: warning: "MT6328_AUXADC_ADC11" redefined
 #define MT6328_AUXADC_ADC11          ((UINT32)(MT6328_PMIC_REG_BASE+0x0E16))
 ^
In file included from /home/satory-ra/Android/kernel/android_kernel_oukitel_orange/drivers/misc/mediatek/mach/mt6735/include/mach/upmu_common.h:7:0,
                 from drivers/misc/mediatek/spm/mt6735/mt_spm_sleep.c:25:
/home/satory-ra/Android/kernel/android_kernel_oukitel_orange/drivers/misc/mediatek/mach/mt6735/include/mach/upmu_hw.h:618:0: note: this is the location of the previous definition
 #define MT6328_AUXADC_ADC11          ((MT6328_PMIC_REG_BASE+0x0E16))
 ^
In file included from drivers/misc/mediatek/spm/mt6735/mt_spm_sleep.c:40:0:
drivers/misc/mediatek/spm/mt6735/../../pmic_wrap/mt6735/pwrap_hal.h:996:0: warning: "MT6328_AUXADC_ADC12" redefined
 #define MT6328_AUXADC_ADC12          ((UINT32)(MT6328_PMIC_REG_BASE+0x0E18))
 ^
In file included from /home/satory-ra/Android/kernel/android_kernel_oukitel_orange/drivers/misc/mediatek/mach/mt6735/include/mach/upmu_common.h:7:0,
                 from drivers/misc/mediatek/spm/mt6735/mt_spm_sleep.c:25:
/home/satory-ra/Android/kernel/android_kernel_oukitel_orange/drivers/misc/mediatek/mach/mt6735/include/mach/upmu_hw.h:619:0: note: this is the location of the previous definition
 #define MT6328_AUXADC_ADC12          ((MT6328_PMIC_REG_BASE+0x0E18))
 ^
In file included from drivers/misc/mediatek/spm/mt6735/mt_spm_sleep.c:40:0:
drivers/misc/mediatek/spm/mt6735/../../pmic_wrap/mt6735/pwrap_hal.h:997:0: warning: "MT6328_AUXADC_ADC13" redefined
 #define MT6328_AUXADC_ADC13          ((UINT32)(MT6328_PMIC_REG_BASE+0x0E1A))
 ^
In file included from /home/satory-ra/Android/kernel/android_kernel_oukitel_orange/drivers/misc/mediatek/mach/mt6735/include/mach/upmu_common.h:7:0,
                 from drivers/misc/mediatek/spm/mt6735/mt_spm_sleep.c:25:
/home/satory-ra/Android/kernel/android_kernel_oukitel_orange/drivers/misc/mediatek/mach/mt6735/include/mach/upmu_hw.h:620:0: note: this is the location of the previous definition
 #define MT6328_AUXADC_ADC13          ((MT6328_PMIC_REG_BASE+0x0E1A))
 ^
In file included from drivers/misc/mediatek/spm/mt6735/mt_spm_sleep.c:40:0:
drivers/misc/mediatek/spm/mt6735/../../pmic_wrap/mt6735/pwrap_hal.h:998:0: warning: "MT6328_AUXADC_ADC14" redefined
 #define MT6328_AUXADC_ADC14          ((UINT32)(MT6328_PMIC_REG_BASE+0x0E1C))
 ^
In file included from /home/satory-ra/Android/kernel/android_kernel_oukitel_orange/drivers/misc/mediatek/mach/mt6735/include/mach/upmu_common.h:7:0,
                 from drivers/misc/mediatek/spm/mt6735/mt_spm_sleep.c:25:
/home/satory-ra/Android/kernel/android_kernel_oukitel_orange/drivers/misc/mediatek/mach/mt6735/include/mach/upmu_hw.h:621:0: note: this is the location of the previous definition
 #define MT6328_AUXADC_ADC14          ((MT6328_PMIC_REG_BASE+0x0E1C))
 ^
In file included from drivers/misc/mediatek/spm/mt6735/mt_spm_sleep.c:40:0:
drivers/misc/mediatek/spm/mt6735/../../pmic_wrap/mt6735/pwrap_hal.h:999:0: warning: "MT6328_AUXADC_ADC15" redefined
 #define MT6328_AUXADC_ADC15          ((UINT32)(MT6328_PMIC_REG_BASE+0x0E1E))
 ^
In file included from /home/satory-ra/Android/kernel/android_kernel_oukitel_orange/drivers/misc/mediatek/mach/mt6735/include/mach/upmu_common.h:7:0,
                 from drivers/misc/mediatek/spm/mt6735/mt_spm_sleep.c:25:
/home/satory-ra/Android/kernel/android_kernel_oukitel_orange/drivers/misc/mediatek/mach/mt6735/include/mach/upmu_hw.h:622:0: note: this is the location of the previous definition
 #define MT6328_AUXADC_ADC15          ((MT6328_PMIC_REG_BASE+0x0E1E))
 ^
In file included from drivers/misc/mediatek/spm/mt6735/mt_spm_sleep.c:40:0:
drivers/misc/mediatek/spm/mt6735/../../pmic_wrap/mt6735/pwrap_hal.h:1000:0: warning: "MT6328_AUXADC_ADC16" redefined
 #define MT6328_AUXADC_ADC16          ((UINT32)(MT6328_PMIC_REG_BASE+0x0E20))
 ^
In file included from /home/satory-ra/Android/kernel/android_kernel_oukitel_orange/drivers/misc/mediatek/mach/mt6735/include/mach/upmu_common.h:7:0,
                 from drivers/misc/mediatek/spm/mt6735/mt_spm_sleep.c:25:
/home/satory-ra/Android/kernel/android_kernel_oukitel_orange/drivers/misc/mediatek/mach/mt6735/include/mach/upmu_hw.h:623:0: note: this is the location of the previous definition
 #define MT6328_AUXADC_ADC16          ((MT6328_PMIC_REG_BASE+0x0E20))
 ^
In file included from drivers/misc/mediatek/spm/mt6735/mt_spm_sleep.c:40:0:
drivers/misc/mediatek/spm/mt6735/../../pmic_wrap/mt6735/pwrap_hal.h:1001:0: warning: "MT6328_AUXADC_ADC17" redefined
 #define MT6328_AUXADC_ADC17          ((UINT32)(MT6328_PMIC_REG_BASE+0x0E22))
 ^
In file included from /home/satory-ra/Android/kernel/android_kernel_oukitel_orange/drivers/misc/mediatek/mach/mt6735/include/mach/upmu_common.h:7:0,
                 from drivers/misc/mediatek/spm/mt6735/mt_spm_sleep.c:25:
/home/satory-ra/Android/kernel/android_kernel_oukitel_orange/drivers/misc/mediatek/mach/mt6735/include/mach/upmu_hw.h:624:0: note: this is the location of the previous definition
 #define MT6328_AUXADC_ADC17          ((MT6328_PMIC_REG_BASE+0x0E22))
 ^
In file included from drivers/misc/mediatek/spm/mt6735/mt_spm_sleep.c:40:0:
drivers/misc/mediatek/spm/mt6735/../../pmic_wrap/mt6735/pwrap_hal.h:1002:0: warning: "MT6328_AUXADC_ADC18" redefined
 #define MT6328_AUXADC_ADC18          ((UINT32)(MT6328_PMIC_REG_BASE+0x0E24))
 ^
In file included from /home/satory-ra/Android/kernel/android_kernel_oukitel_orange/drivers/misc/mediatek/mach/mt6735/include/mach/upmu_common.h:7:0,
                 from drivers/misc/mediatek/spm/mt6735/mt_spm_sleep.c:25:
/home/satory-ra/Android/kernel/android_kernel_oukitel_orange/drivers/misc/mediatek/mach/mt6735/include/mach/upmu_hw.h:625:0: note: this is the location of the previous definition
 #define MT6328_AUXADC_ADC18          ((MT6328_PMIC_REG_BASE+0x0E24))
 ^
In file included from drivers/misc/mediatek/spm/mt6735/mt_spm_sleep.c:40:0:
drivers/misc/mediatek/spm/mt6735/../../pmic_wrap/mt6735/pwrap_hal.h:1003:0: warning: "MT6328_AUXADC_ADC19" redefined
 #define MT6328_AUXADC_ADC19          ((UINT32)(MT6328_PMIC_REG_BASE+0x0E26))
 ^
In file included from /home/satory-ra/Android/kernel/android_kernel_oukitel_orange/drivers/misc/mediatek/mach/mt6735/include/mach/upmu_common.h:7:0,
                 from drivers/misc/mediatek/spm/mt6735/mt_spm_sleep.c:25:
/home/satory-ra/Android/kernel/android_kernel_oukitel_orange/drivers/misc/mediatek/mach/mt6735/include/mach/upmu_hw.h:626:0: note: this is the location of the previous definition
 #define MT6328_AUXADC_ADC19          ((MT6328_PMIC_REG_BASE+0x0E26))
 ^
In file included from drivers/misc/mediatek/spm/mt6735/mt_spm_sleep.c:40:0:
drivers/misc/mediatek/spm/mt6735/../../pmic_wrap/mt6735/pwrap_hal.h:1004:0: warning: "MT6328_AUXADC_ADC20" redefined
 #define MT6328_AUXADC_ADC20          ((UINT32)(MT6328_PMIC_REG_BASE+0x0E28))
 ^
In file included from /home/satory-ra/Android/kernel/android_kernel_oukitel_orange/drivers/misc/mediatek/mach/mt6735/include/mach/upmu_common.h:7:0,
                 from drivers/misc/mediatek/spm/mt6735/mt_spm_sleep.c:25:
/home/satory-ra/Android/kernel/android_kernel_oukitel_orange/drivers/misc/mediatek/mach/mt6735/include/mach/upmu_hw.h:627:0: note: this is the location of the previous definition
 #define MT6328_AUXADC_ADC20          ((MT6328_PMIC_REG_BASE+0x0E28))
 ^
In file included from drivers/misc/mediatek/spm/mt6735/mt_spm_sleep.c:40:0:
drivers/misc/mediatek/spm/mt6735/../../pmic_wrap/mt6735/pwrap_hal.h:1005:0: warning: "MT6328_AUXADC_ADC21" redefined
 #define MT6328_AUXADC_ADC21          ((UINT32)(MT6328_PMIC_REG_BASE+0x0E2A))
 ^
In file included from /home/satory-ra/Android/kernel/android_kernel_oukitel_orange/drivers/misc/mediatek/mach/mt6735/include/mach/upmu_common.h:7:0,
                 from drivers/misc/mediatek/spm/mt6735/mt_spm_sleep.c:25:
/home/satory-ra/Android/kernel/android_kernel_oukitel_orange/drivers/misc/mediatek/mach/mt6735/include/mach/upmu_hw.h:628:0: note: this is the location of the previous definition
 #define MT6328_AUXADC_ADC21          ((MT6328_PMIC_REG_BASE+0x0E2A))
 ^
In file included from drivers/misc/mediatek/spm/mt6735/mt_spm_sleep.c:40:0:
drivers/misc/mediatek/spm/mt6735/../../pmic_wrap/mt6735/pwrap_hal.h:1006:0: warning: "MT6328_AUXADC_ADC22" redefined
 #define MT6328_AUXADC_ADC22          ((UINT32)(MT6328_PMIC_REG_BASE+0x0E2C))
 ^
In file included from /home/satory-ra/Android/kernel/android_kernel_oukitel_orange/drivers/misc/mediatek/mach/mt6735/include/mach/upmu_common.h:7:0,
                 from drivers/misc/mediatek/spm/mt6735/mt_spm_sleep.c:25:
/home/satory-ra/Android/kernel/android_kernel_oukitel_orange/drivers/misc/mediatek/mach/mt6735/include/mach/upmu_hw.h:629:0: note: this is the location of the previous definition
 #define MT6328_AUXADC_ADC22          ((MT6328_PMIC_REG_BASE+0x0E2C))
 ^
In file included from drivers/misc/mediatek/spm/mt6735/mt_spm_sleep.c:40:0:
drivers/misc/mediatek/spm/mt6735/../../pmic_wrap/mt6735/pwrap_hal.h:1007:0: warning: "MT6328_AUXADC_ADC23" redefined
 #define MT6328_AUXADC_ADC23          ((UINT32)(MT6328_PMIC_REG_BASE+0x0E2E))
 ^
In file included from /home/satory-ra/Android/kernel/android_kernel_oukitel_orange/drivers/misc/mediatek/mach/mt6735/include/mach/upmu_common.h:7:0,
                 from drivers/misc/mediatek/spm/mt6735/mt_spm_sleep.c:25:
/home/satory-ra/Android/kernel/android_kernel_oukitel_orange/drivers/misc/mediatek/mach/mt6735/include/mach/upmu_hw.h:630:0: note: this is the location of the previous definition
 #define MT6328_AUXADC_ADC23          ((MT6328_PMIC_REG_BASE+0x0E2E))
 ^
In file included from drivers/misc/mediatek/spm/mt6735/mt_spm_sleep.c:40:0:
drivers/misc/mediatek/spm/mt6735/../../pmic_wrap/mt6735/pwrap_hal.h:1008:0: warning: "MT6328_AUXADC_ADC24" redefined
 #define MT6328_AUXADC_ADC24          ((UINT32)(MT6328_PMIC_REG_BASE+0x0E30))
 ^
In file included from /home/satory-ra/Android/kernel/android_kernel_oukitel_orange/drivers/misc/mediatek/mach/mt6735/include/mach/upmu_common.h:7:0,
                 from drivers/misc/mediatek/spm/mt6735/mt_spm_sleep.c:25:
/home/satory-ra/Android/kernel/android_kernel_oukitel_orange/drivers/misc/mediatek/mach/mt6735/include/mach/upmu_hw.h:631:0: note: this is the location of the previous definition
 #define MT6328_AUXADC_ADC24          ((MT6328_PMIC_REG_BASE+0x0E30))
 ^
In file included from drivers/misc/mediatek/spm/mt6735/mt_spm_sleep.c:40:0:
drivers/misc/mediatek/spm/mt6735/../../pmic_wrap/mt6735/pwrap_hal.h:1009:0: warning: "MT6328_AUXADC_ADC25" redefined
 #define MT6328_AUXADC_ADC25          ((UINT32)(MT6328_PMIC_REG_BASE+0x0E32))
 ^
In file included from /home/satory-ra/Android/kernel/android_kernel_oukitel_orange/drivers/misc/mediatek/mach/mt6735/include/mach/upmu_common.h:7:0,
                 from drivers/misc/mediatek/spm/mt6735/mt_spm_sleep.c:25:
/home/satory-ra/Android/kernel/android_kernel_oukitel_orange/drivers/misc/mediatek/mach/mt6735/include/mach/upmu_hw.h:632:0: note: this is the location of the previous definition
 #define MT6328_AUXADC_ADC25          ((MT6328_PMIC_REG_BASE+0x0E32))
 ^
In file included from drivers/misc/mediatek/spm/mt6735/mt_spm_sleep.c:40:0:
drivers/misc/mediatek/spm/mt6735/../../pmic_wrap/mt6735/pwrap_hal.h:1010:0: warning: "MT6328_AUXADC_ADC26" redefined
 #define MT6328_AUXADC_ADC26          ((UINT32)(MT6328_PMIC_REG_BASE+0x0E34))
 ^
In file included from /home/satory-ra/Android/kernel/android_kernel_oukitel_orange/drivers/misc/mediatek/mach/mt6735/include/mach/upmu_common.h:7:0,
                 from drivers/misc/mediatek/spm/mt6735/mt_spm_sleep.c:25:
/home/satory-ra/Android/kernel/android_kernel_oukitel_orange/drivers/misc/mediatek/mach/mt6735/include/mach/upmu_hw.h:633:0: note: this is the location of the previous definition
 #define MT6328_AUXADC_ADC26          ((MT6328_PMIC_REG_BASE+0x0E34))
 ^
In file included from drivers/misc/mediatek/spm/mt6735/mt_spm_sleep.c:40:0:
drivers/misc/mediatek/spm/mt6735/../../pmic_wrap/mt6735/pwrap_hal.h:1011:0: warning: "MT6328_AUXADC_ADC27" redefined
 #define MT6328_AUXADC_ADC27          ((UINT32)(MT6328_PMIC_REG_BASE+0x0E36))
 ^
In file included from /home/satory-ra/Android/kernel/android_kernel_oukitel_orange/drivers/misc/mediatek/mach/mt6735/include/mach/upmu_common.h:7:0,
                 from drivers/misc/mediatek/spm/mt6735/mt_spm_sleep.c:25:
/home/satory-ra/Android/kernel/android_kernel_oukitel_orange/drivers/misc/mediatek/mach/mt6735/include/mach/upmu_hw.h:634:0: note: this is the location of the previous definition
 #define MT6328_AUXADC_ADC27          ((MT6328_PMIC_REG_BASE+0x0E36))
 ^
In file included from drivers/misc/mediatek/spm/mt6735/mt_spm_sleep.c:40:0:
drivers/misc/mediatek/spm/mt6735/../../pmic_wrap/mt6735/pwrap_hal.h:1012:0: warning: "MT6328_AUXADC_ADC28" redefined
 #define MT6328_AUXADC_ADC28          ((UINT32)(MT6328_PMIC_REG_BASE+0x0E38))
 ^
In file included from /home/satory-ra/Android/kernel/android_kernel_oukitel_orange/drivers/misc/mediatek/mach/mt6735/include/mach/upmu_common.h:7:0,
                 from drivers/misc/mediatek/spm/mt6735/mt_spm_sleep.c:25:
/home/satory-ra/Android/kernel/android_kernel_oukitel_orange/drivers/misc/mediatek/mach/mt6735/include/mach/upmu_hw.h:635:0: note: this is the location of the previous definition
 #define MT6328_AUXADC_ADC28          ((MT6328_PMIC_REG_BASE+0x0E38))
 ^
In file included from drivers/misc/mediatek/spm/mt6735/mt_spm_sleep.c:40:0:
drivers/misc/mediatek/spm/mt6735/../../pmic_wrap/mt6735/pwrap_hal.h:1013:0: warning: "MT6328_AUXADC_ADC29" redefined
 #define MT6328_AUXADC_ADC29          ((UINT32)(MT6328_PMIC_REG_BASE+0x0E3A))
 ^
In file included from /home/satory-ra/Android/kernel/android_kernel_oukitel_orange/drivers/misc/mediatek/mach/mt6735/include/mach/upmu_common.h:7:0,
                 from drivers/misc/mediatek/spm/mt6735/mt_spm_sleep.c:25:
/home/satory-ra/Android/kernel/android_kernel_oukitel_orange/drivers/misc/mediatek/mach/mt6735/include/mach/upmu_hw.h:636:0: note: this is the location of the previous definition
 #define MT6328_AUXADC_ADC29          ((MT6328_PMIC_REG_BASE+0x0E3A))
 ^
In file included from drivers/misc/mediatek/spm/mt6735/mt_spm_sleep.c:40:0:
drivers/misc/mediatek/spm/mt6735/../../pmic_wrap/mt6735/pwrap_hal.h:1014:0: warning: "MT6328_AUXADC_ADC30" redefined
 #define MT6328_AUXADC_ADC30          ((UINT32)(MT6328_PMIC_REG_BASE+0x0E3C))
 ^
In file included from /home/satory-ra/Android/kernel/android_kernel_oukitel_orange/drivers/misc/mediatek/mach/mt6735/include/mach/upmu_common.h:7:0,
                 from drivers/misc/mediatek/spm/mt6735/mt_spm_sleep.c:25:
/home/satory-ra/Android/kernel/android_kernel_oukitel_orange/drivers/misc/mediatek/mach/mt6735/include/mach/upmu_hw.h:637:0: note: this is the location of the previous definition
 #define MT6328_AUXADC_ADC30          ((MT6328_PMIC_REG_BASE+0x0E3C))
 ^
In file included from drivers/misc/mediatek/spm/mt6735/mt_spm_sleep.c:40:0:
drivers/misc/mediatek/spm/mt6735/../../pmic_wrap/mt6735/pwrap_hal.h:1015:0: warning: "MT6328_AUXADC_ADC31" redefined
 #define MT6328_AUXADC_ADC31          ((UINT32)(MT6328_PMIC_REG_BASE+0x0E3E))
 ^
In file included from /home/satory-ra/Android/kernel/android_kernel_oukitel_orange/drivers/misc/mediatek/mach/mt6735/include/mach/upmu_common.h:7:0,
                 from drivers/misc/mediatek/spm/mt6735/mt_spm_sleep.c:25:
/home/satory-ra/Android/kernel/android_kernel_oukitel_orange/drivers/misc/mediatek/mach/mt6735/include/mach/upmu_hw.h:638:0: note: this is the location of the previous definition
 #define MT6328_AUXADC_ADC31          ((MT6328_PMIC_REG_BASE+0x0E3E))
 ^
In file included from drivers/misc/mediatek/spm/mt6735/mt_spm_sleep.c:40:0:
drivers/misc/mediatek/spm/mt6735/../../pmic_wrap/mt6735/pwrap_hal.h:1016:0: warning: "MT6328_AUXADC_ADC32" redefined
 #define MT6328_AUXADC_ADC32          ((UINT32)(MT6328_PMIC_REG_BASE+0x0E40))
 ^
In file included from /home/satory-ra/Android/kernel/android_kernel_oukitel_orange/drivers/misc/mediatek/mach/mt6735/include/mach/upmu_common.h:7:0,
                 from drivers/misc/mediatek/spm/mt6735/mt_spm_sleep.c:25:
/home/satory-ra/Android/kernel/android_kernel_oukitel_orange/drivers/misc/mediatek/mach/mt6735/include/mach/upmu_hw.h:639:0: note: this is the location of the previous definition
 #define MT6328_AUXADC_ADC32          ((MT6328_PMIC_REG_BASE+0x0E40))
 ^
In file included from drivers/misc/mediatek/spm/mt6735/mt_spm_sleep.c:40:0:
drivers/misc/mediatek/spm/mt6735/../../pmic_wrap/mt6735/pwrap_hal.h:1017:0: warning: "MT6328_AUXADC_ADC33" redefined
 #define MT6328_AUXADC_ADC33          ((UINT32)(MT6328_PMIC_REG_BASE+0x0E42))
 ^
In file included from /home/satory-ra/Android/kernel/android_kernel_oukitel_orange/drivers/misc/mediatek/mach/mt6735/include/mach/upmu_common.h:7:0,
                 from drivers/misc/mediatek/spm/mt6735/mt_spm_sleep.c:25:
/home/satory-ra/Android/kernel/android_kernel_oukitel_orange/drivers/misc/mediatek/mach/mt6735/include/mach/upmu_hw.h:640:0: note: this is the location of the previous definition
 #define MT6328_AUXADC_ADC33          ((MT6328_PMIC_REG_BASE+0x0E42))
 ^
In file included from drivers/misc/mediatek/spm/mt6735/mt_spm_sleep.c:40:0:
drivers/misc/mediatek/spm/mt6735/../../pmic_wrap/mt6735/pwrap_hal.h:1018:0: warning: "MT6328_AUXADC_BUF0" redefined
 #define MT6328_AUXADC_BUF0           ((UINT32)(MT6328_PMIC_REG_BASE+0x0E44))
 ^
In file included from /home/satory-ra/Android/kernel/android_kernel_oukitel_orange/drivers/misc/mediatek/mach/mt6735/include/mach/upmu_common.h:7:0,
                 from drivers/misc/mediatek/spm/mt6735/mt_spm_sleep.c:25:
/home/satory-ra/Android/kernel/android_kernel_oukitel_orange/drivers/misc/mediatek/mach/mt6735/include/mach/upmu_hw.h:641:0: note: this is the location of the previous definition
 #define MT6328_AUXADC_BUF0           ((MT6328_PMIC_REG_BASE+0x0E44))
 ^
In file included from drivers/misc/mediatek/spm/mt6735/mt_spm_sleep.c:40:0:
drivers/misc/mediatek/spm/mt6735/../../pmic_wrap/mt6735/pwrap_hal.h:1019:0: warning: "MT6328_AUXADC_BUF1" redefined
 #define MT6328_AUXADC_BUF1           ((UINT32)(MT6328_PMIC_REG_BASE+0x0E46))
 ^
In file included from /home/satory-ra/Android/kernel/android_kernel_oukitel_orange/drivers/misc/mediatek/mach/mt6735/include/mach/upmu_common.h:7:0,
                 from drivers/misc/mediatek/spm/mt6735/mt_spm_sleep.c:25:
/home/satory-ra/Android/kernel/android_kernel_oukitel_orange/drivers/misc/mediatek/mach/mt6735/include/mach/upmu_hw.h:642:0: note: this is the location of the previous definition
 #define MT6328_AUXADC_BUF1           ((MT6328_PMIC_REG_BASE+0x0E46))
 ^
In file included from drivers/misc/mediatek/spm/mt6735/mt_spm_sleep.c:40:0:
drivers/misc/mediatek/spm/mt6735/../../pmic_wrap/mt6735/pwrap_hal.h:1020:0: warning: "MT6328_AUXADC_BUF2" redefined
 #define MT6328_AUXADC_BUF2           ((UINT32)(MT6328_PMIC_REG_BASE+0x0E48))
 ^
In file included from /home/satory-ra/Android/kernel/android_kernel_oukitel_orange/drivers/misc/mediatek/mach/mt6735/include/mach/upmu_common.h:7:0,
                 from drivers/misc/mediatek/spm/mt6735/mt_spm_sleep.c:25:
/home/satory-ra/Android/kernel/android_kernel_oukitel_orange/drivers/misc/mediatek/mach/mt6735/include/mach/upmu_hw.h:643:0: note: this is the location of the previous definition
 #define MT6328_AUXADC_BUF2           ((MT6328_PMIC_REG_BASE+0x0E48))
 ^
In file included from drivers/misc/mediatek/spm/mt6735/mt_spm_sleep.c:40:0:
drivers/misc/mediatek/spm/mt6735/../../pmic_wrap/mt6735/pwrap_hal.h:1021:0: warning: "MT6328_AUXADC_BUF3" redefined
 #define MT6328_AUXADC_BUF3           ((UINT32)(MT6328_PMIC_REG_BASE+0x0E4A))
 ^
In file included from /home/satory-ra/Android/kernel/android_kernel_oukitel_orange/drivers/misc/mediatek/mach/mt6735/include/mach/upmu_common.h:7:0,
                 from drivers/misc/mediatek/spm/mt6735/mt_spm_sleep.c:25:
/home/satory-ra/Android/kernel/android_kernel_oukitel_orange/drivers/misc/mediatek/mach/mt6735/include/mach/upmu_hw.h:644:0: note: this is the location of the previous definition
 #define MT6328_AUXADC_BUF3           ((MT6328_PMIC_REG_BASE+0x0E4A))
 ^
In file included from drivers/misc/mediatek/spm/mt6735/mt_spm_sleep.c:40:0:
drivers/misc/mediatek/spm/mt6735/../../pmic_wrap/mt6735/pwrap_hal.h:1022:0: warning: "MT6328_AUXADC_BUF4" redefined
 #define MT6328_AUXADC_BUF4           ((UINT32)(MT6328_PMIC_REG_BASE+0x0E4C))
 ^
In file included from /home/satory-ra/Android/kernel/android_kernel_oukitel_orange/drivers/misc/mediatek/mach/mt6735/include/mach/upmu_common.h:7:0,
                 from drivers/misc/mediatek/spm/mt6735/mt_spm_sleep.c:25:
/home/satory-ra/Android/kernel/android_kernel_oukitel_orange/drivers/misc/mediatek/mach/mt6735/include/mach/upmu_hw.h:645:0: note: this is the location of the previous definition
 #define MT6328_AUXADC_BUF4           ((MT6328_PMIC_REG_BASE+0x0E4C))
 ^
In file included from drivers/misc/mediatek/spm/mt6735/mt_spm_sleep.c:40:0:
drivers/misc/mediatek/spm/mt6735/../../pmic_wrap/mt6735/pwrap_hal.h:1023:0: warning: "MT6328_AUXADC_BUF5" redefined
 #define MT6328_AUXADC_BUF5           ((UINT32)(MT6328_PMIC_REG_BASE+0x0E4E))
 ^
In file included from /home/satory-ra/Android/kernel/android_kernel_oukitel_orange/drivers/misc/mediatek/mach/mt6735/include/mach/upmu_common.h:7:0,
                 from drivers/misc/mediatek/spm/mt6735/mt_spm_sleep.c:25:
/home/satory-ra/Android/kernel/android_kernel_oukitel_orange/drivers/misc/mediatek/mach/mt6735/include/mach/upmu_hw.h:646:0: note: this is the location of the previous definition
 #define MT6328_AUXADC_BUF5           ((MT6328_PMIC_REG_BASE+0x0E4E))
 ^
In file included from drivers/misc/mediatek/spm/mt6735/mt_spm_sleep.c:40:0:
drivers/misc/mediatek/spm/mt6735/../../pmic_wrap/mt6735/pwrap_hal.h:1024:0: warning: "MT6328_AUXADC_BUF6" redefined
 #define MT6328_AUXADC_BUF6           ((UINT32)(MT6328_PMIC_REG_BASE+0x0E50))
 ^
In file included from /home/satory-ra/Android/kernel/android_kernel_oukitel_orange/drivers/misc/mediatek/mach/mt6735/include/mach/upmu_common.h:7:0,
                 from drivers/misc/mediatek/spm/mt6735/mt_spm_sleep.c:25:
/home/satory-ra/Android/kernel/android_kernel_oukitel_orange/drivers/misc/mediatek/mach/mt6735/include/mach/upmu_hw.h:647:0: note: this is the location of the previous definition
 #define MT6328_AUXADC_BUF6           ((MT6328_PMIC_REG_BASE+0x0E50))
 ^
In file included from drivers/misc/mediatek/spm/mt6735/mt_spm_sleep.c:40:0:
drivers/misc/mediatek/spm/mt6735/../../pmic_wrap/mt6735/pwrap_hal.h:1025:0: warning: "MT6328_AUXADC_BUF7" redefined
 #define MT6328_AUXADC_BUF7           ((UINT32)(MT6328_PMIC_REG_BASE+0x0E52))
 ^
In file included from /home/satory-ra/Android/kernel/android_kernel_oukitel_orange/drivers/misc/mediatek/mach/mt6735/include/mach/upmu_common.h:7:0,
                 from drivers/misc/mediatek/spm/mt6735/mt_spm_sleep.c:25:
/home/satory-ra/Android/kernel/android_kernel_oukitel_orange/drivers/misc/mediatek/mach/mt6735/include/mach/upmu_hw.h:648:0: note: this is the location of the previous definition
 #define MT6328_AUXADC_BUF7           ((MT6328_PMIC_REG_BASE+0x0E52))
 ^
In file included from drivers/misc/mediatek/spm/mt6735/mt_spm_sleep.c:40:0:
drivers/misc/mediatek/spm/mt6735/../../pmic_wrap/mt6735/pwrap_hal.h:1026:0: warning: "MT6328_AUXADC_BUF8" redefined
 #define MT6328_AUXADC_BUF8           ((UINT32)(MT6328_PMIC_REG_BASE+0x0E54))
 ^
In file included from /home/satory-ra/Android/kernel/android_kernel_oukitel_orange/drivers/misc/mediatek/mach/mt6735/include/mach/upmu_common.h:7:0,
                 from drivers/misc/mediatek/spm/mt6735/mt_spm_sleep.c:25:
/home/satory-ra/Android/kernel/android_kernel_oukitel_orange/drivers/misc/mediatek/mach/mt6735/include/mach/upmu_hw.h:649:0: note: this is the location of the previous definition
 #define MT6328_AUXADC_BUF8           ((MT6328_PMIC_REG_BASE+0x0E54))
 ^
In file included from drivers/misc/mediatek/spm/mt6735/mt_spm_sleep.c:40:0:
drivers/misc/mediatek/spm/mt6735/../../pmic_wrap/mt6735/pwrap_hal.h:1027:0: warning: "MT6328_AUXADC_BUF9" redefined
 #define MT6328_AUXADC_BUF9           ((UINT32)(MT6328_PMIC_REG_BASE+0x0E56))
 ^
In file included from /home/satory-ra/Android/kernel/android_kernel_oukitel_orange/drivers/misc/mediatek/mach/mt6735/include/mach/upmu_common.h:7:0,
                 from drivers/misc/mediatek/spm/mt6735/mt_spm_sleep.c:25:
/home/satory-ra/Android/kernel/android_kernel_oukitel_orange/drivers/misc/mediatek/mach/mt6735/include/mach/upmu_hw.h:650:0: note: this is the location of the previous definition
 #define MT6328_AUXADC_BUF9           ((MT6328_PMIC_REG_BASE+0x0E56))
 ^
In file included from drivers/misc/mediatek/spm/mt6735/mt_spm_sleep.c:40:0:
drivers/misc/mediatek/spm/mt6735/../../pmic_wrap/mt6735/pwrap_hal.h:1028:0: warning: "MT6328_AUXADC_BUF10" redefined
 #define MT6328_AUXADC_BUF10          ((UINT32)(MT6328_PMIC_REG_BASE+0x0E58))
 ^
In file included from /home/satory-ra/Android/kernel/android_kernel_oukitel_orange/drivers/misc/mediatek/mach/mt6735/include/mach/upmu_common.h:7:0,
                 from drivers/misc/mediatek/spm/mt6735/mt_spm_sleep.c:25:
/home/satory-ra/Android/kernel/android_kernel_oukitel_orange/drivers/misc/mediatek/mach/mt6735/include/mach/upmu_hw.h:651:0: note: this is the location of the previous definition
 #define MT6328_AUXADC_BUF10          ((MT6328_PMIC_REG_BASE+0x0E58))
 ^
In file included from drivers/misc/mediatek/spm/mt6735/mt_spm_sleep.c:40:0:
drivers/misc/mediatek/spm/mt6735/../../pmic_wrap/mt6735/pwrap_hal.h:1029:0: warning: "MT6328_AUXADC_BUF11" redefined
 #define MT6328_AUXADC_BUF11          ((UINT32)(MT6328_PMIC_REG_BASE+0x0E5A))
 ^
In file included from /home/satory-ra/Android/kernel/android_kernel_oukitel_orange/drivers/misc/mediatek/mach/mt6735/include/mach/upmu_common.h:7:0,
                 from drivers/misc/mediatek/spm/mt6735/mt_spm_sleep.c:25:
/home/satory-ra/Android/kernel/android_kernel_oukitel_orange/drivers/misc/mediatek/mach/mt6735/include/mach/upmu_hw.h:652:0: note: this is the location of the previous definition
 #define MT6328_AUXADC_BUF11          ((MT6328_PMIC_REG_BASE+0x0E5A))
 ^
In file included from drivers/misc/mediatek/spm/mt6735/mt_spm_sleep.c:40:0:
drivers/misc/mediatek/spm/mt6735/../../pmic_wrap/mt6735/pwrap_hal.h:1030:0: warning: "MT6328_AUXADC_BUF12" redefined
 #define MT6328_AUXADC_BUF12          ((UINT32)(MT6328_PMIC_REG_BASE+0x0E5C))
 ^
In file included from /home/satory-ra/Android/kernel/android_kernel_oukitel_orange/drivers/misc/mediatek/mach/mt6735/include/mach/upmu_common.h:7:0,
                 from drivers/misc/mediatek/spm/mt6735/mt_spm_sleep.c:25:
/home/satory-ra/Android/kernel/android_kernel_oukitel_orange/drivers/misc/mediatek/mach/mt6735/include/mach/upmu_hw.h:653:0: note: this is the location of the previous definition
 #define MT6328_AUXADC_BUF12          ((MT6328_PMIC_REG_BASE+0x0E5C))
 ^
In file included from drivers/misc/mediatek/spm/mt6735/mt_spm_sleep.c:40:0:
drivers/misc/mediatek/spm/mt6735/../../pmic_wrap/mt6735/pwrap_hal.h:1031:0: warning: "MT6328_AUXADC_BUF13" redefined
 #define MT6328_AUXADC_BUF13          ((UINT32)(MT6328_PMIC_REG_BASE+0x0E5E))
 ^
In file included from /home/satory-ra/Android/kernel/android_kernel_oukitel_orange/drivers/misc/mediatek/mach/mt6735/include/mach/upmu_common.h:7:0,
                 from drivers/misc/mediatek/spm/mt6735/mt_spm_sleep.c:25:
/home/satory-ra/Android/kernel/android_kernel_oukitel_orange/drivers/misc/mediatek/mach/mt6735/include/mach/upmu_hw.h:654:0: note: this is the location of the previous definition
 #define MT6328_AUXADC_BUF13          ((MT6328_PMIC_REG_BASE+0x0E5E))
 ^
In file included from drivers/misc/mediatek/spm/mt6735/mt_spm_sleep.c:40:0:
drivers/misc/mediatek/spm/mt6735/../../pmic_wrap/mt6735/pwrap_hal.h:1032:0: warning: "MT6328_AUXADC_BUF14" redefined
 #define MT6328_AUXADC_BUF14          ((UINT32)(MT6328_PMIC_REG_BASE+0x0E60))
 ^
In file included from /home/satory-ra/Android/kernel/android_kernel_oukitel_orange/drivers/misc/mediatek/mach/mt6735/include/mach/upmu_common.h:7:0,
                 from drivers/misc/mediatek/spm/mt6735/mt_spm_sleep.c:25:
/home/satory-ra/Android/kernel/android_kernel_oukitel_orange/drivers/misc/mediatek/mach/mt6735/include/mach/upmu_hw.h:655:0: note: this is the location of the previous definition
 #define MT6328_AUXADC_BUF14          ((MT6328_PMIC_REG_BASE+0x0E60))
 ^
In file included from drivers/misc/mediatek/spm/mt6735/mt_spm_sleep.c:40:0:
drivers/misc/mediatek/spm/mt6735/../../pmic_wrap/mt6735/pwrap_hal.h:1033:0: warning: "MT6328_AUXADC_BUF15" redefined
 #define MT6328_AUXADC_BUF15          ((UINT32)(MT6328_PMIC_REG_BASE+0x0E62))
 ^
In file included from /home/satory-ra/Android/kernel/android_kernel_oukitel_orange/drivers/misc/mediatek/mach/mt6735/include/mach/upmu_common.h:7:0,
                 from drivers/misc/mediatek/spm/mt6735/mt_spm_sleep.c:25:
/home/satory-ra/Android/kernel/android_kernel_oukitel_orange/drivers/misc/mediatek/mach/mt6735/include/mach/upmu_hw.h:656:0: note: this is the location of the previous definition
 #define MT6328_AUXADC_BUF15          ((MT6328_PMIC_REG_BASE+0x0E62))
 ^
In file included from drivers/misc/mediatek/spm/mt6735/mt_spm_sleep.c:40:0:
drivers/misc/mediatek/spm/mt6735/../../pmic_wrap/mt6735/pwrap_hal.h:1034:0: warning: "MT6328_AUXADC_BUF16" redefined
 #define MT6328_AUXADC_BUF16          ((UINT32)(MT6328_PMIC_REG_BASE+0x0E64))
 ^
In file included from /home/satory-ra/Android/kernel/android_kernel_oukitel_orange/drivers/misc/mediatek/mach/mt6735/include/mach/upmu_common.h:7:0,
                 from drivers/misc/mediatek/spm/mt6735/mt_spm_sleep.c:25:
/home/satory-ra/Android/kernel/android_kernel_oukitel_orange/drivers/misc/mediatek/mach/mt6735/include/mach/upmu_hw.h:657:0: note: this is the location of the previous definition
 #define MT6328_AUXADC_BUF16          ((MT6328_PMIC_REG_BASE+0x0E64))
 ^
In file included from drivers/misc/mediatek/spm/mt6735/mt_spm_sleep.c:40:0:
drivers/misc/mediatek/spm/mt6735/../../pmic_wrap/mt6735/pwrap_hal.h:1035:0: warning: "MT6328_AUXADC_BUF17" redefined
 #define MT6328_AUXADC_BUF17          ((UINT32)(MT6328_PMIC_REG_BASE+0x0E66))
 ^
In file included from /home/satory-ra/Android/kernel/android_kernel_oukitel_orange/drivers/misc/mediatek/mach/mt6735/include/mach/upmu_common.h:7:0,
                 from drivers/misc/mediatek/spm/mt6735/mt_spm_sleep.c:25:
/home/satory-ra/Android/kernel/android_kernel_oukitel_orange/drivers/misc/mediatek/mach/mt6735/include/mach/upmu_hw.h:658:0: note: this is the location of the previous definition
 #define MT6328_AUXADC_BUF17          ((MT6328_PMIC_REG_BASE+0x0E66))
 ^
In file included from drivers/misc/mediatek/spm/mt6735/mt_spm_sleep.c:40:0:
drivers/misc/mediatek/spm/mt6735/../../pmic_wrap/mt6735/pwrap_hal.h:1036:0: warning: "MT6328_AUXADC_BUF18" redefined
 #define MT6328_AUXADC_BUF18          ((UINT32)(MT6328_PMIC_REG_BASE+0x0E68))
 ^
In file included from /home/satory-ra/Android/kernel/android_kernel_oukitel_orange/drivers/misc/mediatek/mach/mt6735/include/mach/upmu_common.h:7:0,
                 from drivers/misc/mediatek/spm/mt6735/mt_spm_sleep.c:25:
/home/satory-ra/Android/kernel/android_kernel_oukitel_orange/drivers/misc/mediatek/mach/mt6735/include/mach/upmu_hw.h:659:0: note: this is the location of the previous definition
 #define MT6328_AUXADC_BUF18          ((MT6328_PMIC_REG_BASE+0x0E68))
 ^
In file included from drivers/misc/mediatek/spm/mt6735/mt_spm_sleep.c:40:0:
drivers/misc/mediatek/spm/mt6735/../../pmic_wrap/mt6735/pwrap_hal.h:1037:0: warning: "MT6328_AUXADC_BUF19" redefined
 #define MT6328_AUXADC_BUF19          ((UINT32)(MT6328_PMIC_REG_BASE+0x0E6A))
 ^
In file included from /home/satory-ra/Android/kernel/android_kernel_oukitel_orange/drivers/misc/mediatek/mach/mt6735/include/mach/upmu_common.h:7:0,
                 from drivers/misc/mediatek/spm/mt6735/mt_spm_sleep.c:25:
/home/satory-ra/Android/kernel/android_kernel_oukitel_orange/drivers/misc/mediatek/mach/mt6735/include/mach/upmu_hw.h:660:0: note: this is the location of the previous definition
 #define MT6328_AUXADC_BUF19          ((MT6328_PMIC_REG_BASE+0x0E6A))
 ^
In file included from drivers/misc/mediatek/spm/mt6735/mt_spm_sleep.c:40:0:
drivers/misc/mediatek/spm/mt6735/../../pmic_wrap/mt6735/pwrap_hal.h:1038:0: warning: "MT6328_AUXADC_BUF20" redefined
 #define MT6328_AUXADC_BUF20          ((UINT32)(MT6328_PMIC_REG_BASE+0x0E6C))
 ^
In file included from /home/satory-ra/Android/kernel/android_kernel_oukitel_orange/drivers/misc/mediatek/mach/mt6735/include/mach/upmu_common.h:7:0,
                 from drivers/misc/mediatek/spm/mt6735/mt_spm_sleep.c:25:
/home/satory-ra/Android/kernel/android_kernel_oukitel_orange/drivers/misc/mediatek/mach/mt6735/include/mach/upmu_hw.h:661:0: note: this is the location of the previous definition
 #define MT6328_AUXADC_BUF20          ((MT6328_PMIC_REG_BASE+0x0E6C))
 ^
In file included from drivers/misc/mediatek/spm/mt6735/mt_spm_sleep.c:40:0:
drivers/misc/mediatek/spm/mt6735/../../pmic_wrap/mt6735/pwrap_hal.h:1039:0: warning: "MT6328_AUXADC_BUF21" redefined
 #define MT6328_AUXADC_BUF21          ((UINT32)(MT6328_PMIC_REG_BASE+0x0E6E))
 ^
In file included from /home/satory-ra/Android/kernel/android_kernel_oukitel_orange/drivers/misc/mediatek/mach/mt6735/include/mach/upmu_common.h:7:0,
                 from drivers/misc/mediatek/spm/mt6735/mt_spm_sleep.c:25:
/home/satory-ra/Android/kernel/android_kernel_oukitel_orange/drivers/misc/mediatek/mach/mt6735/include/mach/upmu_hw.h:662:0: note: this is the location of the previous definition
 #define MT6328_AUXADC_BUF21          ((MT6328_PMIC_REG_BASE+0x0E6E))
 ^
In file included from drivers/misc/mediatek/spm/mt6735/mt_spm_sleep.c:40:0:
drivers/misc/mediatek/spm/mt6735/../../pmic_wrap/mt6735/pwrap_hal.h:1040:0: warning: "MT6328_AUXADC_BUF22" redefined
 #define MT6328_AUXADC_BUF22          ((UINT32)(MT6328_PMIC_REG_BASE+0x0E70))
 ^
In file included from /home/satory-ra/Android/kernel/android_kernel_oukitel_orange/drivers/misc/mediatek/mach/mt6735/include/mach/upmu_common.h:7:0,
                 from drivers/misc/mediatek/spm/mt6735/mt_spm_sleep.c:25:
/home/satory-ra/Android/kernel/android_kernel_oukitel_orange/drivers/misc/mediatek/mach/mt6735/include/mach/upmu_hw.h:663:0: note: this is the location of the previous definition
 #define MT6328_AUXADC_BUF22          ((MT6328_PMIC_REG_BASE+0x0E70))
 ^
In file included from drivers/misc/mediatek/spm/mt6735/mt_spm_sleep.c:40:0:
drivers/misc/mediatek/spm/mt6735/../../pmic_wrap/mt6735/pwrap_hal.h:1041:0: warning: "MT6328_AUXADC_BUF23" redefined
 #define MT6328_AUXADC_BUF23          ((UINT32)(MT6328_PMIC_REG_BASE+0x0E72))
 ^
In file included from /home/satory-ra/Android/kernel/android_kernel_oukitel_orange/drivers/misc/mediatek/mach/mt6735/include/mach/upmu_common.h:7:0,
                 from drivers/misc/mediatek/spm/mt6735/mt_spm_sleep.c:25:
/home/satory-ra/Android/kernel/android_kernel_oukitel_orange/drivers/misc/mediatek/mach/mt6735/include/mach/upmu_hw.h:664:0: note: this is the location of the previous definition
 #define MT6328_AUXADC_BUF23          ((MT6328_PMIC_REG_BASE+0x0E72))
 ^
In file included from drivers/misc/mediatek/spm/mt6735/mt_spm_sleep.c:40:0:
drivers/misc/mediatek/spm/mt6735/../../pmic_wrap/mt6735/pwrap_hal.h:1042:0: warning: "MT6328_AUXADC_BUF24" redefined
 #define MT6328_AUXADC_BUF24          ((UINT32)(MT6328_PMIC_REG_BASE+0x0E74))
 ^
In file included from /home/satory-ra/Android/kernel/android_kernel_oukitel_orange/drivers/misc/mediatek/mach/mt6735/include/mach/upmu_common.h:7:0,
                 from drivers/misc/mediatek/spm/mt6735/mt_spm_sleep.c:25:
/home/satory-ra/Android/kernel/android_kernel_oukitel_orange/drivers/misc/mediatek/mach/mt6735/include/mach/upmu_hw.h:665:0: note: this is the location of the previous definition
 #define MT6328_AUXADC_BUF24          ((MT6328_PMIC_REG_BASE+0x0E74))
 ^
In file included from drivers/misc/mediatek/spm/mt6735/mt_spm_sleep.c:40:0:
drivers/misc/mediatek/spm/mt6735/../../pmic_wrap/mt6735/pwrap_hal.h:1043:0: warning: "MT6328_AUXADC_BUF25" redefined
 #define MT6328_AUXADC_BUF25          ((UINT32)(MT6328_PMIC_REG_BASE+0x0E76))
 ^
In file included from /home/satory-ra/Android/kernel/android_kernel_oukitel_orange/drivers/misc/mediatek/mach/mt6735/include/mach/upmu_common.h:7:0,
                 from drivers/misc/mediatek/spm/mt6735/mt_spm_sleep.c:25:
/home/satory-ra/Android/kernel/android_kernel_oukitel_orange/drivers/misc/mediatek/mach/mt6735/include/mach/upmu_hw.h:666:0: note: this is the location of the previous definition
 #define MT6328_AUXADC_BUF25          ((MT6328_PMIC_REG_BASE+0x0E76))
 ^
In file included from drivers/misc/mediatek/spm/mt6735/mt_spm_sleep.c:40:0:
drivers/misc/mediatek/spm/mt6735/../../pmic_wrap/mt6735/pwrap_hal.h:1044:0: warning: "MT6328_AUXADC_BUF26" redefined
 #define MT6328_AUXADC_BUF26          ((UINT32)(MT6328_PMIC_REG_BASE+0x0E78))
 ^
In file included from /home/satory-ra/Android/kernel/android_kernel_oukitel_orange/drivers/misc/mediatek/mach/mt6735/include/mach/upmu_common.h:7:0,
                 from drivers/misc/mediatek/spm/mt6735/mt_spm_sleep.c:25:
/home/satory-ra/Android/kernel/android_kernel_oukitel_orange/drivers/misc/mediatek/mach/mt6735/include/mach/upmu_hw.h:667:0: note: this is the location of the previous definition
 #define MT6328_AUXADC_BUF26          ((MT6328_PMIC_REG_BASE+0x0E78))
 ^
In file included from drivers/misc/mediatek/spm/mt6735/mt_spm_sleep.c:40:0:
drivers/misc/mediatek/spm/mt6735/../../pmic_wrap/mt6735/pwrap_hal.h:1045:0: warning: "MT6328_AUXADC_BUF27" redefined
 #define MT6328_AUXADC_BUF27          ((UINT32)(MT6328_PMIC_REG_BASE+0x0E7A))
 ^
In file included from /home/satory-ra/Android/kernel/android_kernel_oukitel_orange/drivers/misc/mediatek/mach/mt6735/include/mach/upmu_common.h:7:0,
                 from drivers/misc/mediatek/spm/mt6735/mt_spm_sleep.c:25:
/home/satory-ra/Android/kernel/android_kernel_oukitel_orange/drivers/misc/mediatek/mach/mt6735/include/mach/upmu_hw.h:668:0: note: this is the location of the previous definition
 #define MT6328_AUXADC_BUF27          ((MT6328_PMIC_REG_BASE+0x0E7A))
 ^
In file included from drivers/misc/mediatek/spm/mt6735/mt_spm_sleep.c:40:0:
drivers/misc/mediatek/spm/mt6735/../../pmic_wrap/mt6735/pwrap_hal.h:1046:0: warning: "MT6328_AUXADC_BUF28" redefined
 #define MT6328_AUXADC_BUF28          ((UINT32)(MT6328_PMIC_REG_BASE+0x0E7C))
 ^
In file included from /home/satory-ra/Android/kernel/android_kernel_oukitel_orange/drivers/misc/mediatek/mach/mt6735/include/mach/upmu_common.h:7:0,
                 from drivers/misc/mediatek/spm/mt6735/mt_spm_sleep.c:25:
/home/satory-ra/Android/kernel/android_kernel_oukitel_orange/drivers/misc/mediatek/mach/mt6735/include/mach/upmu_hw.h:669:0: note: this is the location of the previous definition
 #define MT6328_AUXADC_BUF28          ((MT6328_PMIC_REG_BASE+0x0E7C))
 ^
In file included from drivers/misc/mediatek/spm/mt6735/mt_spm_sleep.c:40:0:
drivers/misc/mediatek/spm/mt6735/../../pmic_wrap/mt6735/pwrap_hal.h:1047:0: warning: "MT6328_AUXADC_BUF29" redefined
 #define MT6328_AUXADC_BUF29          ((UINT32)(MT6328_PMIC_REG_BASE+0x0E7E))
 ^
In file included from /home/satory-ra/Android/kernel/android_kernel_oukitel_orange/drivers/misc/mediatek/mach/mt6735/include/mach/upmu_common.h:7:0,
                 from drivers/misc/mediatek/spm/mt6735/mt_spm_sleep.c:25:
/home/satory-ra/Android/kernel/android_kernel_oukitel_orange/drivers/misc/mediatek/mach/mt6735/include/mach/upmu_hw.h:670:0: note: this is the location of the previous definition
 #define MT6328_AUXADC_BUF29          ((MT6328_PMIC_REG_BASE+0x0E7E))
 ^
In file included from drivers/misc/mediatek/spm/mt6735/mt_spm_sleep.c:40:0:
drivers/misc/mediatek/spm/mt6735/../../pmic_wrap/mt6735/pwrap_hal.h:1048:0: warning: "MT6328_AUXADC_BUF30" redefined
 #define MT6328_AUXADC_BUF30          ((UINT32)(MT6328_PMIC_REG_BASE+0x0E80))
 ^
In file included from /home/satory-ra/Android/kernel/android_kernel_oukitel_orange/drivers/misc/mediatek/mach/mt6735/include/mach/upmu_common.h:7:0,
                 from drivers/misc/mediatek/spm/mt6735/mt_spm_sleep.c:25:
/home/satory-ra/Android/kernel/android_kernel_oukitel_orange/drivers/misc/mediatek/mach/mt6735/include/mach/upmu_hw.h:671:0: note: this is the location of the previous definition
 #define MT6328_AUXADC_BUF30          ((MT6328_PMIC_REG_BASE+0x0E80))
 ^
In file included from drivers/misc/mediatek/spm/mt6735/mt_spm_sleep.c:40:0:
drivers/misc/mediatek/spm/mt6735/../../pmic_wrap/mt6735/pwrap_hal.h:1049:0: warning: "MT6328_AUXADC_BUF31" redefined
 #define MT6328_AUXADC_BUF31          ((UINT32)(MT6328_PMIC_REG_BASE+0x0E82))
 ^
In file included from /home/satory-ra/Android/kernel/android_kernel_oukitel_orange/drivers/misc/mediatek/mach/mt6735/include/mach/upmu_common.h:7:0,
                 from drivers/misc/mediatek/spm/mt6735/mt_spm_sleep.c:25:
/home/satory-ra/Android/kernel/android_kernel_oukitel_orange/drivers/misc/mediatek/mach/mt6735/include/mach/upmu_hw.h:672:0: note: this is the location of the previous definition
 #define MT6328_AUXADC_BUF31          ((MT6328_PMIC_REG_BASE+0x0E82))
 ^
In file included from drivers/misc/mediatek/spm/mt6735/mt_spm_sleep.c:40:0:
drivers/misc/mediatek/spm/mt6735/../../pmic_wrap/mt6735/pwrap_hal.h:1050:0: warning: "MT6328_AUXADC_STA0" redefined
 #define MT6328_AUXADC_STA0           ((UINT32)(MT6328_PMIC_REG_BASE+0x0E84))
 ^
In file included from /home/satory-ra/Android/kernel/android_kernel_oukitel_orange/drivers/misc/mediatek/mach/mt6735/include/mach/upmu_common.h:7:0,
                 from drivers/misc/mediatek/spm/mt6735/mt_spm_sleep.c:25:
/home/satory-ra/Android/kernel/android_kernel_oukitel_orange/drivers/misc/mediatek/mach/mt6735/include/mach/upmu_hw.h:673:0: note: this is the location of the previous definition
 #define MT6328_AUXADC_STA0           ((MT6328_PMIC_REG_BASE+0x0E84))
 ^
In file included from drivers/misc/mediatek/spm/mt6735/mt_spm_sleep.c:40:0:
drivers/misc/mediatek/spm/mt6735/../../pmic_wrap/mt6735/pwrap_hal.h:1051:0: warning: "MT6328_AUXADC_STA1" redefined
 #define MT6328_AUXADC_STA1           ((UINT32)(MT6328_PMIC_REG_BASE+0x0E86))
 ^
In file included from /home/satory-ra/Android/kernel/android_kernel_oukitel_orange/drivers/misc/mediatek/mach/mt6735/include/mach/upmu_common.h:7:0,
                 from drivers/misc/mediatek/spm/mt6735/mt_spm_sleep.c:25:
/home/satory-ra/Android/kernel/android_kernel_oukitel_orange/drivers/misc/mediatek/mach/mt6735/include/mach/upmu_hw.h:674:0: note: this is the location of the previous definition
 #define MT6328_AUXADC_STA1           ((MT6328_PMIC_REG_BASE+0x0E86))
 ^
In file included from drivers/misc/mediatek/spm/mt6735/mt_spm_sleep.c:40:0:
drivers/misc/mediatek/spm/mt6735/../../pmic_wrap/mt6735/pwrap_hal.h:1052:0: warning: "MT6328_AUXADC_RQST0" redefined
 #define MT6328_AUXADC_RQST0          ((UINT32)(MT6328_PMIC_REG_BASE+0x0E88))
 ^
In file included from /home/satory-ra/Android/kernel/android_kernel_oukitel_orange/drivers/misc/mediatek/mach/mt6735/include/mach/upmu_common.h:7:0,
                 from drivers/misc/mediatek/spm/mt6735/mt_spm_sleep.c:25:
/home/satory-ra/Android/kernel/android_kernel_oukitel_orange/drivers/misc/mediatek/mach/mt6735/include/mach/upmu_hw.h:675:0: note: this is the location of the previous definition
 #define MT6328_AUXADC_RQST0          ((MT6328_PMIC_REG_BASE+0x0E88))
 ^
In file included from drivers/misc/mediatek/spm/mt6735/mt_spm_sleep.c:40:0:
drivers/misc/mediatek/spm/mt6735/../../pmic_wrap/mt6735/pwrap_hal.h:1053:0: warning: "MT6328_AUXADC_RQST0_SET" redefined
 #define MT6328_AUXADC_RQST0_SET      ((UINT32)(MT6328_PMIC_REG_BASE+0x0E8A))
 ^
In file included from /home/satory-ra/Android/kernel/android_kernel_oukitel_orange/drivers/misc/mediatek/mach/mt6735/include/mach/upmu_common.h:7:0,
                 from drivers/misc/mediatek/spm/mt6735/mt_spm_sleep.c:25:
/home/satory-ra/Android/kernel/android_kernel_oukitel_orange/drivers/misc/mediatek/mach/mt6735/include/mach/upmu_hw.h:676:0: note: this is the location of the previous definition
 #define MT6328_AUXADC_RQST0_SET      ((MT6328_PMIC_REG_BASE+0x0E8A))
 ^
In file included from drivers/misc/mediatek/spm/mt6735/mt_spm_sleep.c:40:0:
drivers/misc/mediatek/spm/mt6735/../../pmic_wrap/mt6735/pwrap_hal.h:1054:0: warning: "MT6328_AUXADC_RQST0_CLR" redefined
 #define MT6328_AUXADC_RQST0_CLR      ((UINT32)(MT6328_PMIC_REG_BASE+0x0E8C))
 ^
In file included from /home/satory-ra/Android/kernel/android_kernel_oukitel_orange/drivers/misc/mediatek/mach/mt6735/include/mach/upmu_common.h:7:0,
                 from drivers/misc/mediatek/spm/mt6735/mt_spm_sleep.c:25:
/home/satory-ra/Android/kernel/android_kernel_oukitel_orange/drivers/misc/mediatek/mach/mt6735/include/mach/upmu_hw.h:677:0: note: this is the location of the previous definition
 #define MT6328_AUXADC_RQST0_CLR      ((MT6328_PMIC_REG_BASE+0x0E8C))
 ^
In file included from drivers/misc/mediatek/spm/mt6735/mt_spm_sleep.c:40:0:
drivers/misc/mediatek/spm/mt6735/../../pmic_wrap/mt6735/pwrap_hal.h:1055:0: warning: "MT6328_AUXADC_RQST1" redefined
 #define MT6328_AUXADC_RQST1          ((UINT32)(MT6328_PMIC_REG_BASE+0x0E8E))
 ^
In file included from /home/satory-ra/Android/kernel/android_kernel_oukitel_orange/drivers/misc/mediatek/mach/mt6735/include/mach/upmu_common.h:7:0,
                 from drivers/misc/mediatek/spm/mt6735/mt_spm_sleep.c:25:
/home/satory-ra/Android/kernel/android_kernel_oukitel_orange/drivers/misc/mediatek/mach/mt6735/include/mach/upmu_hw.h:678:0: note: this is the location of the previous definition
 #define MT6328_AUXADC_RQST1          ((MT6328_PMIC_REG_BASE+0x0E8E))
 ^
In file included from drivers/misc/mediatek/spm/mt6735/mt_spm_sleep.c:40:0:
drivers/misc/mediatek/spm/mt6735/../../pmic_wrap/mt6735/pwrap_hal.h:1056:0: warning: "MT6328_AUXADC_RQST1_SET" redefined
 #define MT6328_AUXADC_RQST1_SET      ((UINT32)(MT6328_PMIC_REG_BASE+0x0E90))
 ^
In file included from /home/satory-ra/Android/kernel/android_kernel_oukitel_orange/drivers/misc/mediatek/mach/mt6735/include/mach/upmu_common.h:7:0,
                 from drivers/misc/mediatek/spm/mt6735/mt_spm_sleep.c:25:
/home/satory-ra/Android/kernel/android_kernel_oukitel_orange/drivers/misc/mediatek/mach/mt6735/include/mach/upmu_hw.h:679:0: note: this is the location of the previous definition
 #define MT6328_AUXADC_RQST1_SET      ((MT6328_PMIC_REG_BASE+0x0E90))
 ^
In file included from drivers/misc/mediatek/spm/mt6735/mt_spm_sleep.c:40:0:
drivers/misc/mediatek/spm/mt6735/../../pmic_wrap/mt6735/pwrap_hal.h:1057:0: warning: "MT6328_AUXADC_RQST1_CLR" redefined
 #define MT6328_AUXADC_RQST1_CLR      ((UINT32)(MT6328_PMIC_REG_BASE+0x0E92))
 ^
In file included from /home/satory-ra/Android/kernel/android_kernel_oukitel_orange/drivers/misc/mediatek/mach/mt6735/include/mach/upmu_common.h:7:0,
                 from drivers/misc/mediatek/spm/mt6735/mt_spm_sleep.c:25:
/home/satory-ra/Android/kernel/android_kernel_oukitel_orange/drivers/misc/mediatek/mach/mt6735/include/mach/upmu_hw.h:680:0: note: this is the location of the previous definition
 #define MT6328_AUXADC_RQST1_CLR      ((MT6328_PMIC_REG_BASE+0x0E92))
 ^
In file included from drivers/misc/mediatek/spm/mt6735/mt_spm_sleep.c:40:0:
drivers/misc/mediatek/spm/mt6735/../../pmic_wrap/mt6735/pwrap_hal.h:1058:0: warning: "MT6328_AUXADC_CON0" redefined
 #define MT6328_AUXADC_CON0           ((UINT32)(MT6328_PMIC_REG_BASE+0x0E94))
 ^
In file included from /home/satory-ra/Android/kernel/android_kernel_oukitel_orange/drivers/misc/mediatek/mach/mt6735/include/mach/upmu_common.h:7:0,
                 from drivers/misc/mediatek/spm/mt6735/mt_spm_sleep.c:25:
/home/satory-ra/Android/kernel/android_kernel_oukitel_orange/drivers/misc/mediatek/mach/mt6735/include/mach/upmu_hw.h:681:0: note: this is the location of the previous definition
 #define MT6328_AUXADC_CON0           ((MT6328_PMIC_REG_BASE+0x0E94))
 ^
In file included from drivers/misc/mediatek/spm/mt6735/mt_spm_sleep.c:40:0:
drivers/misc/mediatek/spm/mt6735/../../pmic_wrap/mt6735/pwrap_hal.h:1059:0: warning: "MT6328_AUXADC_CON0_SET" redefined
 #define MT6328_AUXADC_CON0_SET       ((UINT32)(MT6328_PMIC_REG_BASE+0x0E96))
 ^
In file included from /home/satory-ra/Android/kernel/android_kernel_oukitel_orange/drivers/misc/mediatek/mach/mt6735/include/mach/upmu_common.h:7:0,
                 from drivers/misc/mediatek/spm/mt6735/mt_spm_sleep.c:25:
/home/satory-ra/Android/kernel/android_kernel_oukitel_orange/drivers/misc/mediatek/mach/mt6735/include/mach/upmu_hw.h:682:0: note: this is the location of the previous definition
 #define MT6328_AUXADC_CON0_SET       ((MT6328_PMIC_REG_BASE+0x0E96))
 ^
In file included from drivers/misc/mediatek/spm/mt6735/mt_spm_sleep.c:40:0:
drivers/misc/mediatek/spm/mt6735/../../pmic_wrap/mt6735/pwrap_hal.h:1060:0: warning: "MT6328_AUXADC_CON0_CLR" redefined
 #define MT6328_AUXADC_CON0_CLR       ((UINT32)(MT6328_PMIC_REG_BASE+0x0E98))
 ^
In file included from /home/satory-ra/Android/kernel/android_kernel_oukitel_orange/drivers/misc/mediatek/mach/mt6735/include/mach/upmu_common.h:7:0,
                 from drivers/misc/mediatek/spm/mt6735/mt_spm_sleep.c:25:
/home/satory-ra/Android/kernel/android_kernel_oukitel_orange/drivers/misc/mediatek/mach/mt6735/include/mach/upmu_hw.h:683:0: note: this is the location of the previous definition
 #define MT6328_AUXADC_CON0_CLR       ((MT6328_PMIC_REG_BASE+0x0E98))
 ^
In file included from drivers/misc/mediatek/spm/mt6735/mt_spm_sleep.c:40:0:
drivers/misc/mediatek/spm/mt6735/../../pmic_wrap/mt6735/pwrap_hal.h:1061:0: warning: "MT6328_AUXADC_CON1" redefined
 #define MT6328_AUXADC_CON1           ((UINT32)(MT6328_PMIC_REG_BASE+0x0E9A))
 ^
In file included from /home/satory-ra/Android/kernel/android_kernel_oukitel_orange/drivers/misc/mediatek/mach/mt6735/include/mach/upmu_common.h:7:0,
                 from drivers/misc/mediatek/spm/mt6735/mt_spm_sleep.c:25:
/home/satory-ra/Android/kernel/android_kernel_oukitel_orange/drivers/misc/mediatek/mach/mt6735/include/mach/upmu_hw.h:684:0: note: this is the location of the previous definition
 #define MT6328_AUXADC_CON1           ((MT6328_PMIC_REG_BASE+0x0E9A))
 ^
In file included from drivers/misc/mediatek/spm/mt6735/mt_spm_sleep.c:40:0:
drivers/misc/mediatek/spm/mt6735/../../pmic_wrap/mt6735/pwrap_hal.h:1062:0: warning: "MT6328_AUXADC_CON2" redefined
 #define MT6328_AUXADC_CON2           ((UINT32)(MT6328_PMIC_REG_BASE+0x0E9C))
 ^
In file included from /home/satory-ra/Android/kernel/android_kernel_oukitel_orange/drivers/misc/mediatek/mach/mt6735/include/mach/upmu_common.h:7:0,
                 from drivers/misc/mediatek/spm/mt6735/mt_spm_sleep.c:25:
/home/satory-ra/Android/kernel/android_kernel_oukitel_orange/drivers/misc/mediatek/mach/mt6735/include/mach/upmu_hw.h:685:0: note: this is the location of the previous definition
 #define MT6328_AUXADC_CON2           ((MT6328_PMIC_REG_BASE+0x0E9C))
 ^
In file included from drivers/misc/mediatek/spm/mt6735/mt_spm_sleep.c:40:0:
drivers/misc/mediatek/spm/mt6735/../../pmic_wrap/mt6735/pwrap_hal.h:1063:0: warning: "MT6328_AUXADC_CON3" redefined
 #define MT6328_AUXADC_CON3           ((UINT32)(MT6328_PMIC_REG_BASE+0x0E9E))
 ^
In file included from /home/satory-ra/Android/kernel/android_kernel_oukitel_orange/drivers/misc/mediatek/mach/mt6735/include/mach/upmu_common.h:7:0,
                 from drivers/misc/mediatek/spm/mt6735/mt_spm_sleep.c:25:
/home/satory-ra/Android/kernel/android_kernel_oukitel_orange/drivers/misc/mediatek/mach/mt6735/include/mach/upmu_hw.h:686:0: note: this is the location of the previous definition
 #define MT6328_AUXADC_CON3           ((MT6328_PMIC_REG_BASE+0x0E9E))
 ^
In file included from drivers/misc/mediatek/spm/mt6735/mt_spm_sleep.c:40:0:
drivers/misc/mediatek/spm/mt6735/../../pmic_wrap/mt6735/pwrap_hal.h:1064:0: warning: "MT6328_AUXADC_CON4" redefined
 #define MT6328_AUXADC_CON4           ((UINT32)(MT6328_PMIC_REG_BASE+0x0EA0))
 ^
In file included from /home/satory-ra/Android/kernel/android_kernel_oukitel_orange/drivers/misc/mediatek/mach/mt6735/include/mach/upmu_common.h:7:0,
                 from drivers/misc/mediatek/spm/mt6735/mt_spm_sleep.c:25:
/home/satory-ra/Android/kernel/android_kernel_oukitel_orange/drivers/misc/mediatek/mach/mt6735/include/mach/upmu_hw.h:687:0: note: this is the location of the previous definition
 #define MT6328_AUXADC_CON4           ((MT6328_PMIC_REG_BASE+0x0EA0))
 ^
In file included from drivers/misc/mediatek/spm/mt6735/mt_spm_sleep.c:40:0:
drivers/misc/mediatek/spm/mt6735/../../pmic_wrap/mt6735/pwrap_hal.h:1065:0: warning: "MT6328_AUXADC_CON5" redefined
 #define MT6328_AUXADC_CON5           ((UINT32)(MT6328_PMIC_REG_BASE+0x0EA2))
 ^
In file included from /home/satory-ra/Android/kernel/android_kernel_oukitel_orange/drivers/misc/mediatek/mach/mt6735/include/mach/upmu_common.h:7:0,
                 from drivers/misc/mediatek/spm/mt6735/mt_spm_sleep.c:25:
/home/satory-ra/Android/kernel/android_kernel_oukitel_orange/drivers/misc/mediatek/mach/mt6735/include/mach/upmu_hw.h:688:0: note: this is the location of the previous definition
 #define MT6328_AUXADC_CON5           ((MT6328_PMIC_REG_BASE+0x0EA2))
 ^
In file included from drivers/misc/mediatek/spm/mt6735/mt_spm_sleep.c:40:0:
drivers/misc/mediatek/spm/mt6735/../../pmic_wrap/mt6735/pwrap_hal.h:1066:0: warning: "MT6328_AUXADC_CON6" redefined
 #define MT6328_AUXADC_CON6           ((UINT32)(MT6328_PMIC_REG_BASE+0x0EA4))
 ^
In file included from /home/satory-ra/Android/kernel/android_kernel_oukitel_orange/drivers/misc/mediatek/mach/mt6735/include/mach/upmu_common.h:7:0,
                 from drivers/misc/mediatek/spm/mt6735/mt_spm_sleep.c:25:
/home/satory-ra/Android/kernel/android_kernel_oukitel_orange/drivers/misc/mediatek/mach/mt6735/include/mach/upmu_hw.h:689:0: note: this is the location of the previous definition
 #define MT6328_AUXADC_CON6           ((MT6328_PMIC_REG_BASE+0x0EA4))
 ^
In file included from drivers/misc/mediatek/spm/mt6735/mt_spm_sleep.c:40:0:
drivers/misc/mediatek/spm/mt6735/../../pmic_wrap/mt6735/pwrap_hal.h:1067:0: warning: "MT6328_AUXADC_CON7" redefined
 #define MT6328_AUXADC_CON7           ((UINT32)(MT6328_PMIC_REG_BASE+0x0EA6))
 ^
In file included from /home/satory-ra/Android/kernel/android_kernel_oukitel_orange/drivers/misc/mediatek/mach/mt6735/include/mach/upmu_common.h:7:0,
                 from drivers/misc/mediatek/spm/mt6735/mt_spm_sleep.c:25:
/home/satory-ra/Android/kernel/android_kernel_oukitel_orange/drivers/misc/mediatek/mach/mt6735/include/mach/upmu_hw.h:690:0: note: this is the location of the previous definition
 #define MT6328_AUXADC_CON7           ((MT6328_PMIC_REG_BASE+0x0EA6))
 ^
In file included from drivers/misc/mediatek/spm/mt6735/mt_spm_sleep.c:40:0:
drivers/misc/mediatek/spm/mt6735/../../pmic_wrap/mt6735/pwrap_hal.h:1068:0: warning: "MT6328_AUXADC_CON8" redefined
 #define MT6328_AUXADC_CON8           ((UINT32)(MT6328_PMIC_REG_BASE+0x0EA8))
 ^
In file included from /home/satory-ra/Android/kernel/android_kernel_oukitel_orange/drivers/misc/mediatek/mach/mt6735/include/mach/upmu_common.h:7:0,
                 from drivers/misc/mediatek/spm/mt6735/mt_spm_sleep.c:25:
/home/satory-ra/Android/kernel/android_kernel_oukitel_orange/drivers/misc/mediatek/mach/mt6735/include/mach/upmu_hw.h:691:0: note: this is the location of the previous definition
 #define MT6328_AUXADC_CON8           ((MT6328_PMIC_REG_BASE+0x0EA8))
 ^
In file included from drivers/misc/mediatek/spm/mt6735/mt_spm_sleep.c:40:0:
drivers/misc/mediatek/spm/mt6735/../../pmic_wrap/mt6735/pwrap_hal.h:1069:0: warning: "MT6328_AUXADC_CON9" redefined
 #define MT6328_AUXADC_CON9           ((UINT32)(MT6328_PMIC_REG_BASE+0x0EAA))
 ^
In file included from /home/satory-ra/Android/kernel/android_kernel_oukitel_orange/drivers/misc/mediatek/mach/mt6735/include/mach/upmu_common.h:7:0,
                 from drivers/misc/mediatek/spm/mt6735/mt_spm_sleep.c:25:
/home/satory-ra/Android/kernel/android_kernel_oukitel_orange/drivers/misc/mediatek/mach/mt6735/include/mach/upmu_hw.h:692:0: note: this is the location of the previous definition
 #define MT6328_AUXADC_CON9           ((MT6328_PMIC_REG_BASE+0x0EAA))
 ^
In file included from drivers/misc/mediatek/spm/mt6735/mt_spm_sleep.c:40:0:
drivers/misc/mediatek/spm/mt6735/../../pmic_wrap/mt6735/pwrap_hal.h:1070:0: warning: "MT6328_AUXADC_CON10" redefined
 #define MT6328_AUXADC_CON10          ((UINT32)(MT6328_PMIC_REG_BASE+0x0EAC))
 ^
In file included from /home/satory-ra/Android/kernel/android_kernel_oukitel_orange/drivers/misc/mediatek/mach/mt6735/include/mach/upmu_common.h:7:0,
                 from drivers/misc/mediatek/spm/mt6735/mt_spm_sleep.c:25:
/home/satory-ra/Android/kernel/android_kernel_oukitel_orange/drivers/misc/mediatek/mach/mt6735/include/mach/upmu_hw.h:693:0: note: this is the location of the previous definition
 #define MT6328_AUXADC_CON10          ((MT6328_PMIC_REG_BASE+0x0EAC))
 ^
In file included from drivers/misc/mediatek/spm/mt6735/mt_spm_sleep.c:40:0:
drivers/misc/mediatek/spm/mt6735/../../pmic_wrap/mt6735/pwrap_hal.h:1071:0: warning: "MT6328_AUXADC_CON11" redefined
 #define MT6328_AUXADC_CON11          ((UINT32)(MT6328_PMIC_REG_BASE+0x0EAE))
 ^
In file included from /home/satory-ra/Android/kernel/android_kernel_oukitel_orange/drivers/misc/mediatek/mach/mt6735/include/mach/upmu_common.h:7:0,
                 from drivers/misc/mediatek/spm/mt6735/mt_spm_sleep.c:25:
/home/satory-ra/Android/kernel/android_kernel_oukitel_orange/drivers/misc/mediatek/mach/mt6735/include/mach/upmu_hw.h:694:0: note: this is the location of the previous definition
 #define MT6328_AUXADC_CON11          ((MT6328_PMIC_REG_BASE+0x0EAE))
 ^
In file included from drivers/misc/mediatek/spm/mt6735/mt_spm_sleep.c:40:0:
drivers/misc/mediatek/spm/mt6735/../../pmic_wrap/mt6735/pwrap_hal.h:1072:0: warning: "MT6328_AUXADC_CON12" redefined
 #define MT6328_AUXADC_CON12          ((UINT32)(MT6328_PMIC_REG_BASE+0x0EB0))
 ^
In file included from /home/satory-ra/Android/kernel/android_kernel_oukitel_orange/drivers/misc/mediatek/mach/mt6735/include/mach/upmu_common.h:7:0,
                 from drivers/misc/mediatek/spm/mt6735/mt_spm_sleep.c:25:
/home/satory-ra/Android/kernel/android_kernel_oukitel_orange/drivers/misc/mediatek/mach/mt6735/include/mach/upmu_hw.h:695:0: note: this is the location of the previous definition
 #define MT6328_AUXADC_CON12          ((MT6328_PMIC_REG_BASE+0x0EB0))
 ^
In file included from drivers/misc/mediatek/spm/mt6735/mt_spm_sleep.c:40:0:
drivers/misc/mediatek/spm/mt6735/../../pmic_wrap/mt6735/pwrap_hal.h:1073:0: warning: "MT6328_AUXADC_CON13" redefined
 #define MT6328_AUXADC_CON13          ((UINT32)(MT6328_PMIC_REG_BASE+0x0EB2))
 ^
In file included from /home/satory-ra/Android/kernel/android_kernel_oukitel_orange/drivers/misc/mediatek/mach/mt6735/include/mach/upmu_common.h:7:0,
                 from drivers/misc/mediatek/spm/mt6735/mt_spm_sleep.c:25:
/home/satory-ra/Android/kernel/android_kernel_oukitel_orange/drivers/misc/mediatek/mach/mt6735/include/mach/upmu_hw.h:696:0: note: this is the location of the previous definition
 #define MT6328_AUXADC_CON13          ((MT6328_PMIC_REG_BASE+0x0EB2))
 ^
In file included from drivers/misc/mediatek/spm/mt6735/mt_spm_sleep.c:40:0:
drivers/misc/mediatek/spm/mt6735/../../pmic_wrap/mt6735/pwrap_hal.h:1074:0: warning: "MT6328_AUXADC_CON14" redefined
 #define MT6328_AUXADC_CON14          ((UINT32)(MT6328_PMIC_REG_BASE+0x0EB4))
 ^
In file included from /home/satory-ra/Android/kernel/android_kernel_oukitel_orange/drivers/misc/mediatek/mach/mt6735/include/mach/upmu_common.h:7:0,
                 from drivers/misc/mediatek/spm/mt6735/mt_spm_sleep.c:25:
/home/satory-ra/Android/kernel/android_kernel_oukitel_orange/drivers/misc/mediatek/mach/mt6735/include/mach/upmu_hw.h:697:0: note: this is the location of the previous definition
 #define MT6328_AUXADC_CON14          ((MT6328_PMIC_REG_BASE+0x0EB4))
 ^
In file included from drivers/misc/mediatek/spm/mt6735/mt_spm_sleep.c:40:0:
drivers/misc/mediatek/spm/mt6735/../../pmic_wrap/mt6735/pwrap_hal.h:1075:0: warning: "MT6328_AUXADC_CON15" redefined
 #define MT6328_AUXADC_CON15          ((UINT32)(MT6328_PMIC_REG_BASE+0x0EB6))
 ^
In file included from /home/satory-ra/Android/kernel/android_kernel_oukitel_orange/drivers/misc/mediatek/mach/mt6735/include/mach/upmu_common.h:7:0,
                 from drivers/misc/mediatek/spm/mt6735/mt_spm_sleep.c:25:
/home/satory-ra/Android/kernel/android_kernel_oukitel_orange/drivers/misc/mediatek/mach/mt6735/include/mach/upmu_hw.h:698:0: note: this is the location of the previous definition
 #define MT6328_AUXADC_CON15          ((MT6328_PMIC_REG_BASE+0x0EB6))
 ^
In file included from drivers/misc/mediatek/spm/mt6735/mt_spm_sleep.c:40:0:
drivers/misc/mediatek/spm/mt6735/../../pmic_wrap/mt6735/pwrap_hal.h:1076:0: warning: "MT6328_AUXADC_CON16" redefined
 #define MT6328_AUXADC_CON16          ((UINT32)(MT6328_PMIC_REG_BASE+0x0EB8))
 ^
In file included from /home/satory-ra/Android/kernel/android_kernel_oukitel_orange/drivers/misc/mediatek/mach/mt6735/include/mach/upmu_common.h:7:0,
                 from drivers/misc/mediatek/spm/mt6735/mt_spm_sleep.c:25:
/home/satory-ra/Android/kernel/android_kernel_oukitel_orange/drivers/misc/mediatek/mach/mt6735/include/mach/upmu_hw.h:699:0: note: this is the location of the previous definition
 #define MT6328_AUXADC_CON16          ((MT6328_PMIC_REG_BASE+0x0EB8))
 ^
In file included from drivers/misc/mediatek/spm/mt6735/mt_spm_sleep.c:40:0:
drivers/misc/mediatek/spm/mt6735/../../pmic_wrap/mt6735/pwrap_hal.h:1077:0: warning: "MT6328_AUXADC_AUTORPT0" redefined
 #define MT6328_AUXADC_AUTORPT0       ((UINT32)(MT6328_PMIC_REG_BASE+0x0EBA))
 ^
In file included from /home/satory-ra/Android/kernel/android_kernel_oukitel_orange/drivers/misc/mediatek/mach/mt6735/include/mach/upmu_common.h:7:0,
                 from drivers/misc/mediatek/spm/mt6735/mt_spm_sleep.c:25:
/home/satory-ra/Android/kernel/android_kernel_oukitel_orange/drivers/misc/mediatek/mach/mt6735/include/mach/upmu_hw.h:700:0: note: this is the location of the previous definition
 #define MT6328_AUXADC_AUTORPT0       ((MT6328_PMIC_REG_BASE+0x0EBA))
 ^
In file included from drivers/misc/mediatek/spm/mt6735/mt_spm_sleep.c:40:0:
drivers/misc/mediatek/spm/mt6735/../../pmic_wrap/mt6735/pwrap_hal.h:1078:0: warning: "MT6328_AUXADC_LBAT0" redefined
 #define MT6328_AUXADC_LBAT0          ((UINT32)(MT6328_PMIC_REG_BASE+0x0EBC))
 ^
In file included from /home/satory-ra/Android/kernel/android_kernel_oukitel_orange/drivers/misc/mediatek/mach/mt6735/include/mach/upmu_common.h:7:0,
                 from drivers/misc/mediatek/spm/mt6735/mt_spm_sleep.c:25:
/home/satory-ra/Android/kernel/android_kernel_oukitel_orange/drivers/misc/mediatek/mach/mt6735/include/mach/upmu_hw.h:701:0: note: this is the location of the previous definition
 #define MT6328_AUXADC_LBAT0          ((MT6328_PMIC_REG_BASE+0x0EBC))
 ^
In file included from drivers/misc/mediatek/spm/mt6735/mt_spm_sleep.c:40:0:
drivers/misc/mediatek/spm/mt6735/../../pmic_wrap/mt6735/pwrap_hal.h:1079:0: warning: "MT6328_AUXADC_LBAT1" redefined
 #define MT6328_AUXADC_LBAT1          ((UINT32)(MT6328_PMIC_REG_BASE+0x0EBE))
 ^
In file included from /home/satory-ra/Android/kernel/android_kernel_oukitel_orange/drivers/misc/mediatek/mach/mt6735/include/mach/upmu_common.h:7:0,
                 from drivers/misc/mediatek/spm/mt6735/mt_spm_sleep.c:25:
/home/satory-ra/Android/kernel/android_kernel_oukitel_orange/drivers/misc/mediatek/mach/mt6735/include/mach/upmu_hw.h:702:0: note: this is the location of the previous definition
 #define MT6328_AUXADC_LBAT1          ((MT6328_PMIC_REG_BASE+0x0EBE))
 ^
In file included from drivers/misc/mediatek/spm/mt6735/mt_spm_sleep.c:40:0:
drivers/misc/mediatek/spm/mt6735/../../pmic_wrap/mt6735/pwrap_hal.h:1080:0: warning: "MT6328_AUXADC_LBAT2" redefined
 #define MT6328_AUXADC_LBAT2          ((UINT32)(MT6328_PMIC_REG_BASE+0x0EC0))
 ^
In file included from /home/satory-ra/Android/kernel/android_kernel_oukitel_orange/drivers/misc/mediatek/mach/mt6735/include/mach/upmu_common.h:7:0,
                 from drivers/misc/mediatek/spm/mt6735/mt_spm_sleep.c:25:
/home/satory-ra/Android/kernel/android_kernel_oukitel_orange/drivers/misc/mediatek/mach/mt6735/include/mach/upmu_hw.h:703:0: note: this is the location of the previous definition
 #define MT6328_AUXADC_LBAT2          ((MT6328_PMIC_REG_BASE+0x0EC0))
 ^
In file included from drivers/misc/mediatek/spm/mt6735/mt_spm_sleep.c:40:0:
drivers/misc/mediatek/spm/mt6735/../../pmic_wrap/mt6735/pwrap_hal.h:1081:0: warning: "MT6328_AUXADC_LBAT3" redefined
 #define MT6328_AUXADC_LBAT3          ((UINT32)(MT6328_PMIC_REG_BASE+0x0EC2))
 ^
In file included from /home/satory-ra/Android/kernel/android_kernel_oukitel_orange/drivers/misc/mediatek/mach/mt6735/include/mach/upmu_common.h:7:0,
                 from drivers/misc/mediatek/spm/mt6735/mt_spm_sleep.c:25:
/home/satory-ra/Android/kernel/android_kernel_oukitel_orange/drivers/misc/mediatek/mach/mt6735/include/mach/upmu_hw.h:704:0: note: this is the location of the previous definition
 #define MT6328_AUXADC_LBAT3          ((MT6328_PMIC_REG_BASE+0x0EC2))
 ^
In file included from drivers/misc/mediatek/spm/mt6735/mt_spm_sleep.c:40:0:
drivers/misc/mediatek/spm/mt6735/../../pmic_wrap/mt6735/pwrap_hal.h:1082:0: warning: "MT6328_AUXADC_LBAT4" redefined
 #define MT6328_AUXADC_LBAT4          ((UINT32)(MT6328_PMIC_REG_BASE+0x0EC4))
 ^
In file included from /home/satory-ra/Android/kernel/android_kernel_oukitel_orange/drivers/misc/mediatek/mach/mt6735/include/mach/upmu_common.h:7:0,
                 from drivers/misc/mediatek/spm/mt6735/mt_spm_sleep.c:25:
/home/satory-ra/Android/kernel/android_kernel_oukitel_orange/drivers/misc/mediatek/mach/mt6735/include/mach/upmu_hw.h:705:0: note: this is the location of the previous definition
 #define MT6328_AUXADC_LBAT4          ((MT6328_PMIC_REG_BASE+0x0EC4))
 ^
In file included from drivers/misc/mediatek/spm/mt6735/mt_spm_sleep.c:40:0:
drivers/misc/mediatek/spm/mt6735/../../pmic_wrap/mt6735/pwrap_hal.h:1083:0: warning: "MT6328_AUXADC_LBAT5" redefined
 #define MT6328_AUXADC_LBAT5          ((UINT32)(MT6328_PMIC_REG_BASE+0x0EC6))
 ^
In file included from /home/satory-ra/Android/kernel/android_kernel_oukitel_orange/drivers/misc/mediatek/mach/mt6735/include/mach/upmu_common.h:7:0,
                 from drivers/misc/mediatek/spm/mt6735/mt_spm_sleep.c:25:
/home/satory-ra/Android/kernel/android_kernel_oukitel_orange/drivers/misc/mediatek/mach/mt6735/include/mach/upmu_hw.h:706:0: note: this is the location of the previous definition
 #define MT6328_AUXADC_LBAT5          ((MT6328_PMIC_REG_BASE+0x0EC6))
 ^
In file included from drivers/misc/mediatek/spm/mt6735/mt_spm_sleep.c:40:0:
drivers/misc/mediatek/spm/mt6735/../../pmic_wrap/mt6735/pwrap_hal.h:1084:0: warning: "MT6328_AUXADC_LBAT6" redefined
 #define MT6328_AUXADC_LBAT6          ((UINT32)(MT6328_PMIC_REG_BASE+0x0EC8))
 ^
In file included from /home/satory-ra/Android/kernel/android_kernel_oukitel_orange/drivers/misc/mediatek/mach/mt6735/include/mach/upmu_common.h:7:0,
                 from drivers/misc/mediatek/spm/mt6735/mt_spm_sleep.c:25:
/home/satory-ra/Android/kernel/android_kernel_oukitel_orange/drivers/misc/mediatek/mach/mt6735/include/mach/upmu_hw.h:707:0: note: this is the location of the previous definition
 #define MT6328_AUXADC_LBAT6          ((MT6328_PMIC_REG_BASE+0x0EC8))
 ^
In file included from drivers/misc/mediatek/spm/mt6735/mt_spm_sleep.c:40:0:
drivers/misc/mediatek/spm/mt6735/../../pmic_wrap/mt6735/pwrap_hal.h:1085:0: warning: "MT6328_AUXADC_ACCDET" redefined
 #define MT6328_AUXADC_ACCDET         ((UINT32)(MT6328_PMIC_REG_BASE+0x0ECA))
 ^
In file included from /home/satory-ra/Android/kernel/android_kernel_oukitel_orange/drivers/misc/mediatek/mach/mt6735/include/mach/upmu_common.h:7:0,
                 from drivers/misc/mediatek/spm/mt6735/mt_spm_sleep.c:25:
/home/satory-ra/Android/kernel/android_kernel_oukitel_orange/drivers/misc/mediatek/mach/mt6735/include/mach/upmu_hw.h:708:0: note: this is the location of the previous definition
 #define MT6328_AUXADC_ACCDET         ((MT6328_PMIC_REG_BASE+0x0ECA))
 ^
In file included from drivers/misc/mediatek/spm/mt6735/mt_spm_sleep.c:40:0:
drivers/misc/mediatek/spm/mt6735/../../pmic_wrap/mt6735/pwrap_hal.h:1086:0: warning: "MT6328_AUXADC_THR0" redefined
 #define MT6328_AUXADC_THR0           ((UINT32)(MT6328_PMIC_REG_BASE+0x0ECC))
 ^
In file included from /home/satory-ra/Android/kernel/android_kernel_oukitel_orange/drivers/misc/mediatek/mach/mt6735/include/mach/upmu_common.h:7:0,
                 from drivers/misc/mediatek/spm/mt6735/mt_spm_sleep.c:25:
/home/satory-ra/Android/kernel/android_kernel_oukitel_orange/drivers/misc/mediatek/mach/mt6735/include/mach/upmu_hw.h:709:0: note: this is the location of the previous definition
 #define MT6328_AUXADC_THR0           ((MT6328_PMIC_REG_BASE+0x0ECC))
 ^
In file included from drivers/misc/mediatek/spm/mt6735/mt_spm_sleep.c:40:0:
drivers/misc/mediatek/spm/mt6735/../../pmic_wrap/mt6735/pwrap_hal.h:1087:0: warning: "MT6328_AUXADC_THR1" redefined
 #define MT6328_AUXADC_THR1           ((UINT32)(MT6328_PMIC_REG_BASE+0x0ECE))
 ^
In file included from /home/satory-ra/Android/kernel/android_kernel_oukitel_orange/drivers/misc/mediatek/mach/mt6735/include/mach/upmu_common.h:7:0,
                 from drivers/misc/mediatek/spm/mt6735/mt_spm_sleep.c:25:
/home/satory-ra/Android/kernel/android_kernel_oukitel_orange/drivers/misc/mediatek/mach/mt6735/include/mach/upmu_hw.h:710:0: note: this is the location of the previous definition
 #define MT6328_AUXADC_THR1           ((MT6328_PMIC_REG_BASE+0x0ECE))
 ^
In file included from drivers/misc/mediatek/spm/mt6735/mt_spm_sleep.c:40:0:
drivers/misc/mediatek/spm/mt6735/../../pmic_wrap/mt6735/pwrap_hal.h:1088:0: warning: "MT6328_AUXADC_THR2" redefined
 #define MT6328_AUXADC_THR2           ((UINT32)(MT6328_PMIC_REG_BASE+0x0ED0))
 ^
In file included from /home/satory-ra/Android/kernel/android_kernel_oukitel_orange/drivers/misc/mediatek/mach/mt6735/include/mach/upmu_common.h:7:0,
                 from drivers/misc/mediatek/spm/mt6735/mt_spm_sleep.c:25:
/home/satory-ra/Android/kernel/android_kernel_oukitel_orange/drivers/misc/mediatek/mach/mt6735/include/mach/upmu_hw.h:711:0: note: this is the location of the previous definition
 #define MT6328_AUXADC_THR2           ((MT6328_PMIC_REG_BASE+0x0ED0))
 ^
In file included from drivers/misc/mediatek/spm/mt6735/mt_spm_sleep.c:40:0:
drivers/misc/mediatek/spm/mt6735/../../pmic_wrap/mt6735/pwrap_hal.h:1089:0: warning: "MT6328_AUXADC_THR3" redefined
 #define MT6328_AUXADC_THR3           ((UINT32)(MT6328_PMIC_REG_BASE+0x0ED2))
 ^
In file included from /home/satory-ra/Android/kernel/android_kernel_oukitel_orange/drivers/misc/mediatek/mach/mt6735/include/mach/upmu_common.h:7:0,
                 from drivers/misc/mediatek/spm/mt6735/mt_spm_sleep.c:25:
/home/satory-ra/Android/kernel/android_kernel_oukitel_orange/drivers/misc/mediatek/mach/mt6735/include/mach/upmu_hw.h:712:0: note: this is the location of the previous definition
 #define MT6328_AUXADC_THR3           ((MT6328_PMIC_REG_BASE+0x0ED2))
 ^
In file included from drivers/misc/mediatek/spm/mt6735/mt_spm_sleep.c:40:0:
drivers/misc/mediatek/spm/mt6735/../../pmic_wrap/mt6735/pwrap_hal.h:1090:0: warning: "MT6328_AUXADC_THR4" redefined
 #define MT6328_AUXADC_THR4           ((UINT32)(MT6328_PMIC_REG_BASE+0x0ED4))
 ^
In file included from /home/satory-ra/Android/kernel/android_kernel_oukitel_orange/drivers/misc/mediatek/mach/mt6735/include/mach/upmu_common.h:7:0,
                 from drivers/misc/mediatek/spm/mt6735/mt_spm_sleep.c:25:
/home/satory-ra/Android/kernel/android_kernel_oukitel_orange/drivers/misc/mediatek/mach/mt6735/include/mach/upmu_hw.h:713:0: note: this is the location of the previous definition
 #define MT6328_AUXADC_THR4           ((MT6328_PMIC_REG_BASE+0x0ED4))
 ^
In file included from drivers/misc/mediatek/spm/mt6735/mt_spm_sleep.c:40:0:
drivers/misc/mediatek/spm/mt6735/../../pmic_wrap/mt6735/pwrap_hal.h:1091:0: warning: "MT6328_AUXADC_THR5" redefined
 #define MT6328_AUXADC_THR5           ((UINT32)(MT6328_PMIC_REG_BASE+0x0ED6))
 ^
In file included from /home/satory-ra/Android/kernel/android_kernel_oukitel_orange/drivers/misc/mediatek/mach/mt6735/include/mach/upmu_common.h:7:0,
                 from drivers/misc/mediatek/spm/mt6735/mt_spm_sleep.c:25:
/home/satory-ra/Android/kernel/android_kernel_oukitel_orange/drivers/misc/mediatek/mach/mt6735/include/mach/upmu_hw.h:714:0: note: this is the location of the previous definition
 #define MT6328_AUXADC_THR5           ((MT6328_PMIC_REG_BASE+0x0ED6))
 ^
In file included from drivers/misc/mediatek/spm/mt6735/mt_spm_sleep.c:40:0:
drivers/misc/mediatek/spm/mt6735/../../pmic_wrap/mt6735/pwrap_hal.h:1092:0: warning: "MT6328_AUXADC_THR6" redefined
 #define MT6328_AUXADC_THR6           ((UINT32)(MT6328_PMIC_REG_BASE+0x0ED8))
 ^
  CC      drivers/misc/mediatek/uart/mt6735/platform_uart.o
In file included from /home/satory-ra/Android/kernel/android_kernel_oukitel_orange/drivers/misc/mediatek/mach/mt6735/include/mach/upmu_common.h:7:0,
                 from drivers/misc/mediatek/spm/mt6735/mt_spm_sleep.c:25:
/home/satory-ra/Android/kernel/android_kernel_oukitel_orange/drivers/misc/mediatek/mach/mt6735/include/mach/upmu_hw.h:715:0: note: this is the location of the previous definition
 #define MT6328_AUXADC_THR6           ((MT6328_PMIC_REG_BASE+0x0ED8))
 ^
In file included from drivers/misc/mediatek/spm/mt6735/mt_spm_sleep.c:40:0:
drivers/misc/mediatek/spm/mt6735/../../pmic_wrap/mt6735/pwrap_hal.h:1093:0: warning: "MT6328_AUXADC_EFUSE0" redefined
 #define MT6328_AUXADC_EFUSE0         ((UINT32)(MT6328_PMIC_REG_BASE+0x0EDA))
 ^
In file included from /home/satory-ra/Android/kernel/android_kernel_oukitel_orange/drivers/misc/mediatek/mach/mt6735/include/mach/upmu_common.h:7:0,
                 from drivers/misc/mediatek/spm/mt6735/mt_spm_sleep.c:25:
/home/satory-ra/Android/kernel/android_kernel_oukitel_orange/drivers/misc/mediatek/mach/mt6735/include/mach/upmu_hw.h:716:0: note: this is the location of the previous definition
 #define MT6328_AUXADC_EFUSE0         ((MT6328_PMIC_REG_BASE+0x0EDA))
 ^
In file included from drivers/misc/mediatek/spm/mt6735/mt_spm_sleep.c:40:0:
drivers/misc/mediatek/spm/mt6735/../../pmic_wrap/mt6735/pwrap_hal.h:1094:0: warning: "MT6328_AUXADC_EFUSE1" redefined
 #define MT6328_AUXADC_EFUSE1         ((UINT32)(MT6328_PMIC_REG_BASE+0x0EDC))
 ^
In file included from /home/satory-ra/Android/kernel/android_kernel_oukitel_orange/drivers/misc/mediatek/mach/mt6735/include/mach/upmu_common.h:7:0,
                 from drivers/misc/mediatek/spm/mt6735/mt_spm_sleep.c:25:
/home/satory-ra/Android/kernel/android_kernel_oukitel_orange/drivers/misc/mediatek/mach/mt6735/include/mach/upmu_hw.h:717:0: note: this is the location of the previous definition
 #define MT6328_AUXADC_EFUSE1         ((MT6328_PMIC_REG_BASE+0x0EDC))
 ^
In file included from drivers/misc/mediatek/spm/mt6735/mt_spm_sleep.c:40:0:
drivers/misc/mediatek/spm/mt6735/../../pmic_wrap/mt6735/pwrap_hal.h:1095:0: warning: "MT6328_AUXADC_EFUSE2" redefined
 #define MT6328_AUXADC_EFUSE2         ((UINT32)(MT6328_PMIC_REG_BASE+0x0EDE))
 ^
In file included from /home/satory-ra/Android/kernel/android_kernel_oukitel_orange/drivers/misc/mediatek/mach/mt6735/include/mach/upmu_common.h:7:0,
                 from drivers/misc/mediatek/spm/mt6735/mt_spm_sleep.c:25:
/home/satory-ra/Android/kernel/android_kernel_oukitel_orange/drivers/misc/mediatek/mach/mt6735/include/mach/upmu_hw.h:718:0: note: this is the location of the previous definition
 #define MT6328_AUXADC_EFUSE2         ((MT6328_PMIC_REG_BASE+0x0EDE))
 ^
In file included from drivers/misc/mediatek/spm/mt6735/mt_spm_sleep.c:40:0:
drivers/misc/mediatek/spm/mt6735/../../pmic_wrap/mt6735/pwrap_hal.h:1096:0: warning: "MT6328_AUXADC_EFUSE3" redefined
 #define MT6328_AUXADC_EFUSE3         ((UINT32)(MT6328_PMIC_REG_BASE+0x0EE0))
 ^
In file included from /home/satory-ra/Android/kernel/android_kernel_oukitel_orange/drivers/misc/mediatek/mach/mt6735/include/mach/upmu_common.h:7:0,
                 from drivers/misc/mediatek/spm/mt6735/mt_spm_sleep.c:25:
/home/satory-ra/Android/kernel/android_kernel_oukitel_orange/drivers/misc/mediatek/mach/mt6735/include/mach/upmu_hw.h:719:0: note: this is the location of the previous definition
 #define MT6328_AUXADC_EFUSE3         ((MT6328_PMIC_REG_BASE+0x0EE0))
 ^
In file included from drivers/misc/mediatek/spm/mt6735/mt_spm_sleep.c:40:0:
drivers/misc/mediatek/spm/mt6735/../../pmic_wrap/mt6735/pwrap_hal.h:1097:0: warning: "MT6328_AUXADC_EFUSE4" redefined
 #define MT6328_AUXADC_EFUSE4         ((UINT32)(MT6328_PMIC_REG_BASE+0x0EE2))
 ^
In file included from /home/satory-ra/Android/kernel/android_kernel_oukitel_orange/drivers/misc/mediatek/mach/mt6735/include/mach/upmu_common.h:7:0,
                 from drivers/misc/mediatek/spm/mt6735/mt_spm_sleep.c:25:
/home/satory-ra/Android/kernel/android_kernel_oukitel_orange/drivers/misc/mediatek/mach/mt6735/include/mach/upmu_hw.h:720:0: note: this is the location of the previous definition
 #define MT6328_AUXADC_EFUSE4         ((MT6328_PMIC_REG_BASE+0x0EE2))
 ^
In file included from drivers/misc/mediatek/spm/mt6735/mt_spm_sleep.c:40:0:
drivers/misc/mediatek/spm/mt6735/../../pmic_wrap/mt6735/pwrap_hal.h:1098:0: warning: "MT6328_AUXADC_EFUSE5" redefined
 #define MT6328_AUXADC_EFUSE5         ((UINT32)(MT6328_PMIC_REG_BASE+0x0EE4))
 ^
In file included from /home/satory-ra/Android/kernel/android_kernel_oukitel_orange/drivers/misc/mediatek/mach/mt6735/include/mach/upmu_common.h:7:0,
                 from drivers/misc/mediatek/spm/mt6735/mt_spm_sleep.c:25:
/home/satory-ra/Android/kernel/android_kernel_oukitel_orange/drivers/misc/mediatek/mach/mt6735/include/mach/upmu_hw.h:721:0: note: this is the location of the previous definition
 #define MT6328_AUXADC_EFUSE5         ((MT6328_PMIC_REG_BASE+0x0EE4))
 ^
In file included from drivers/misc/mediatek/spm/mt6735/mt_spm_sleep.c:40:0:
drivers/misc/mediatek/spm/mt6735/../../pmic_wrap/mt6735/pwrap_hal.h:1099:0: warning: "MT6328_AUXADC_DBG0" redefined
 #define MT6328_AUXADC_DBG0           ((UINT32)(MT6328_PMIC_REG_BASE+0x0EE6))
 ^
In file included from /home/satory-ra/Android/kernel/android_kernel_oukitel_orange/drivers/misc/mediatek/mach/mt6735/include/mach/upmu_common.h:7:0,
                 from drivers/misc/mediatek/spm/mt6735/mt_spm_sleep.c:25:
/home/satory-ra/Android/kernel/android_kernel_oukitel_orange/drivers/misc/mediatek/mach/mt6735/include/mach/upmu_hw.h:722:0: note: this is the location of the previous definition
 #define MT6328_AUXADC_DBG0           ((MT6328_PMIC_REG_BASE+0x0EE6))
 ^
In file included from drivers/misc/mediatek/spm/mt6735/mt_spm_sleep.c:40:0:
drivers/misc/mediatek/spm/mt6735/../../pmic_wrap/mt6735/pwrap_hal.h:1100:0: warning: "MT6328_AUXADC_IMP0" redefined
 #define MT6328_AUXADC_IMP0           ((UINT32)(MT6328_PMIC_REG_BASE+0x0EE8))
 ^
In file included from /home/satory-ra/Android/kernel/android_kernel_oukitel_orange/drivers/misc/mediatek/mach/mt6735/include/mach/upmu_common.h:7:0,
                 from drivers/misc/mediatek/spm/mt6735/mt_spm_sleep.c:25:
/home/satory-ra/Android/kernel/android_kernel_oukitel_orange/drivers/misc/mediatek/mach/mt6735/include/mach/upmu_hw.h:723:0: note: this is the location of the previous definition
 #define MT6328_AUXADC_IMP0           ((MT6328_PMIC_REG_BASE+0x0EE8))
 ^
In file included from drivers/misc/mediatek/spm/mt6735/mt_spm_sleep.c:40:0:
drivers/misc/mediatek/spm/mt6735/../../pmic_wrap/mt6735/pwrap_hal.h:1101:0: warning: "MT6328_AUXADC_IMP1" redefined
 #define MT6328_AUXADC_IMP1           ((UINT32)(MT6328_PMIC_REG_BASE+0x0EEA))
 ^
In file included from /home/satory-ra/Android/kernel/android_kernel_oukitel_orange/drivers/misc/mediatek/mach/mt6735/include/mach/upmu_common.h:7:0,
                 from drivers/misc/mediatek/spm/mt6735/mt_spm_sleep.c:25:
/home/satory-ra/Android/kernel/android_kernel_oukitel_orange/drivers/misc/mediatek/mach/mt6735/include/mach/upmu_hw.h:724:0: note: this is the location of the previous definition
 #define MT6328_AUXADC_IMP1           ((MT6328_PMIC_REG_BASE+0x0EEA))
 ^
In file included from drivers/misc/mediatek/spm/mt6735/mt_spm_sleep.c:40:0:
drivers/misc/mediatek/spm/mt6735/../../pmic_wrap/mt6735/pwrap_hal.h:1102:0: warning: "MT6328_AUXADC_VISMPS0_1" redefined
 #define MT6328_AUXADC_VISMPS0_1      ((UINT32)(MT6328_PMIC_REG_BASE+0x0EEC))
 ^
include/linux/kernel.h:676:17: warning: comparison of distinct pointer types lacks a cast
  (void) (&_min1 == &_min2);  \
                 ^
drivers/misc/mediatek/thermal/mtk_cooler_shutdown.c:67:8: note: in expansion of macro 'min'
  len = min(len,MAX_LEN-1);
        ^
In file included from /home/satory-ra/Android/kernel/android_kernel_oukitel_orange/drivers/misc/mediatek/mach/mt6735/include/mach/upmu_common.h:7:0,
                 from drivers/misc/mediatek/spm/mt6735/mt_spm_sleep.c:25:
/home/satory-ra/Android/kernel/android_kernel_oukitel_orange/drivers/misc/mediatek/mach/mt6735/include/mach/upmu_hw.h:725:0: note: this is the location of the previous definition
 #define MT6328_AUXADC_VISMPS0_1      ((MT6328_PMIC_REG_BASE+0x0EEC))
 ^
In file included from drivers/misc/mediatek/spm/mt6735/mt_spm_sleep.c:40:0:
drivers/misc/mediatek/spm/mt6735/../../pmic_wrap/mt6735/pwrap_hal.h:1103:0: warning: "MT6328_AUXADC_VISMPS0_2" redefined
 #define MT6328_AUXADC_VISMPS0_2      ((UINT32)(MT6328_PMIC_REG_BASE+0x0EEE))
 ^
In file included from /home/satory-ra/Android/kernel/android_kernel_oukitel_orange/drivers/misc/mediatek/mach/mt6735/include/mach/upmu_common.h:7:0,
                 from drivers/misc/mediatek/spm/mt6735/mt_spm_sleep.c:25:
/home/satory-ra/Android/kernel/android_kernel_oukitel_orange/drivers/misc/mediatek/mach/mt6735/include/mach/upmu_hw.h:726:0: note: this is the location of the previous definition
 #define MT6328_AUXADC_VISMPS0_2      ((MT6328_PMIC_REG_BASE+0x0EEE))
 ^
In file included from drivers/misc/mediatek/spm/mt6735/mt_spm_sleep.c:40:0:
drivers/misc/mediatek/spm/mt6735/../../pmic_wrap/mt6735/pwrap_hal.h:1104:0: warning: "MT6328_AUXADC_VISMPS0_3" redefined
 #define MT6328_AUXADC_VISMPS0_3      ((UINT32)(MT6328_PMIC_REG_BASE+0x0EF0))
 ^
In file included from /home/satory-ra/Android/kernel/android_kernel_oukitel_orange/drivers/misc/mediatek/mach/mt6735/include/mach/upmu_common.h:7:0,
                 from drivers/misc/mediatek/spm/mt6735/mt_spm_sleep.c:25:
/home/satory-ra/Android/kernel/android_kernel_oukitel_orange/drivers/misc/mediatek/mach/mt6735/include/mach/upmu_hw.h:727:0: note: this is the location of the previous definition
 #define MT6328_AUXADC_VISMPS0_3      ((MT6328_PMIC_REG_BASE+0x0EF0))
 ^
In file included from drivers/misc/mediatek/spm/mt6735/mt_spm_sleep.c:40:0:
drivers/misc/mediatek/spm/mt6735/../../pmic_wrap/mt6735/pwrap_hal.h:1105:0: warning: "MT6328_AUXADC_VISMPS0_4" redefined
 #define MT6328_AUXADC_VISMPS0_4      ((UINT32)(MT6328_PMIC_REG_BASE+0x0EF2))
 ^
In file included from /home/satory-ra/Android/kernel/android_kernel_oukitel_orange/drivers/misc/mediatek/mach/mt6735/include/mach/upmu_common.h:7:0,
                 from drivers/misc/mediatek/spm/mt6735/mt_spm_sleep.c:25:
/home/satory-ra/Android/kernel/android_kernel_oukitel_orange/drivers/misc/mediatek/mach/mt6735/include/mach/upmu_hw.h:728:0: note: this is the location of the previous definition
 #define MT6328_AUXADC_VISMPS0_4      ((MT6328_PMIC_REG_BASE+0x0EF2))
 ^
In file included from drivers/misc/mediatek/spm/mt6735/mt_spm_sleep.c:40:0:
drivers/misc/mediatek/spm/mt6735/../../pmic_wrap/mt6735/pwrap_hal.h:1106:0: warning: "MT6328_AUXADC_VISMPS0_5" redefined
 #define MT6328_AUXADC_VISMPS0_5      ((UINT32)(MT6328_PMIC_REG_BASE+0x0EF4))
 ^
In file included from /home/satory-ra/Android/kernel/android_kernel_oukitel_orange/drivers/misc/mediatek/mach/mt6735/include/mach/upmu_common.h:7:0,
                 from drivers/misc/mediatek/spm/mt6735/mt_spm_sleep.c:25:
/home/satory-ra/Android/kernel/android_kernel_oukitel_orange/drivers/misc/mediatek/mach/mt6735/include/mach/upmu_hw.h:729:0: note: this is the location of the previous definition
 #define MT6328_AUXADC_VISMPS0_5      ((MT6328_PMIC_REG_BASE+0x0EF4))
 ^
In file included from drivers/misc/mediatek/spm/mt6735/mt_spm_sleep.c:40:0:
drivers/misc/mediatek/spm/mt6735/../../pmic_wrap/mt6735/pwrap_hal.h:1107:0: warning: "MT6328_AUXADC_VISMPS0_6" redefined
 #define MT6328_AUXADC_VISMPS0_6      ((UINT32)(MT6328_PMIC_REG_BASE+0x0EF6))
 ^
In file included from /home/satory-ra/Android/kernel/android_kernel_oukitel_orange/drivers/misc/mediatek/mach/mt6735/include/mach/upmu_common.h:7:0,
                 from drivers/misc/mediatek/spm/mt6735/mt_spm_sleep.c:25:
/home/satory-ra/Android/kernel/android_kernel_oukitel_orange/drivers/misc/mediatek/mach/mt6735/include/mach/upmu_hw.h:730:0: note: this is the location of the previous definition
 #define MT6328_AUXADC_VISMPS0_6      ((MT6328_PMIC_REG_BASE+0x0EF6))
 ^
In file included from drivers/misc/mediatek/spm/mt6735/mt_spm_sleep.c:40:0:
drivers/misc/mediatek/spm/mt6735/../../pmic_wrap/mt6735/pwrap_hal.h:1108:0: warning: "MT6328_AUXADC_VISMPS0_7" redefined
 #define MT6328_AUXADC_VISMPS0_7      ((UINT32)(MT6328_PMIC_REG_BASE+0x0EF8))
 ^
In file included from /home/satory-ra/Android/kernel/android_kernel_oukitel_orange/drivers/misc/mediatek/mach/mt6735/include/mach/upmu_common.h:7:0,
                 from drivers/misc/mediatek/spm/mt6735/mt_spm_sleep.c:25:
/home/satory-ra/Android/kernel/android_kernel_oukitel_orange/drivers/misc/mediatek/mach/mt6735/include/mach/upmu_hw.h:731:0: note: this is the location of the previous definition
 #define MT6328_AUXADC_VISMPS0_7      ((MT6328_PMIC_REG_BASE+0x0EF8))
 ^
In file included from drivers/misc/mediatek/spm/mt6735/mt_spm_sleep.c:40:0:
drivers/misc/mediatek/spm/mt6735/../../pmic_wrap/mt6735/pwrap_hal.h:1109:0: warning: "MT6328_AUXADC_LBAT2_1" redefined
 #define MT6328_AUXADC_LBAT2_1        ((UINT32)(MT6328_PMIC_REG_BASE+0x0EFA))
 ^
In file included from /home/satory-ra/Android/kernel/android_kernel_oukitel_orange/drivers/misc/mediatek/mach/mt6735/include/mach/upmu_common.h:7:0,
                 from drivers/misc/mediatek/spm/mt6735/mt_spm_sleep.c:25:
/home/satory-ra/Android/kernel/android_kernel_oukitel_orange/drivers/misc/mediatek/mach/mt6735/include/mach/upmu_hw.h:732:0: note: this is the location of the previous definition
 #define MT6328_AUXADC_LBAT2_1        ((MT6328_PMIC_REG_BASE+0x0EFA))
 ^
In file included from drivers/misc/mediatek/spm/mt6735/mt_spm_sleep.c:40:0:
drivers/misc/mediatek/spm/mt6735/../../pmic_wrap/mt6735/pwrap_hal.h:1110:0: warning: "MT6328_AUXADC_LBAT2_2" redefined
 #define MT6328_AUXADC_LBAT2_2        ((UINT32)(MT6328_PMIC_REG_BASE+0x0EFC))
 ^
In file included from /home/satory-ra/Android/kernel/android_kernel_oukitel_orange/drivers/misc/mediatek/mach/mt6735/include/mach/upmu_common.h:7:0,
                 from drivers/misc/mediatek/spm/mt6735/mt_spm_sleep.c:25:
/home/satory-ra/Android/kernel/android_kernel_oukitel_orange/drivers/misc/mediatek/mach/mt6735/include/mach/upmu_hw.h:733:0: note: this is the location of the previous definition
 #define MT6328_AUXADC_LBAT2_2        ((MT6328_PMIC_REG_BASE+0x0EFC))
 ^
In file included from drivers/misc/mediatek/spm/mt6735/mt_spm_sleep.c:40:0:
drivers/misc/mediatek/spm/mt6735/../../pmic_wrap/mt6735/pwrap_hal.h:1111:0: warning: "MT6328_AUXADC_LBAT2_3" redefined
 #define MT6328_AUXADC_LBAT2_3        ((UINT32)(MT6328_PMIC_REG_BASE+0x0EFE))
 ^
In file included from /home/satory-ra/Android/kernel/android_kernel_oukitel_orange/drivers/misc/mediatek/mach/mt6735/include/mach/upmu_common.h:7:0,
                 from drivers/misc/mediatek/spm/mt6735/mt_spm_sleep.c:25:
/home/satory-ra/Android/kernel/android_kernel_oukitel_orange/drivers/misc/mediatek/mach/mt6735/include/mach/upmu_hw.h:734:0: note: this is the location of the previous definition
 #define MT6328_AUXADC_LBAT2_3        ((MT6328_PMIC_REG_BASE+0x0EFE))
 ^
In file included from drivers/misc/mediatek/spm/mt6735/mt_spm_sleep.c:40:0:
drivers/misc/mediatek/spm/mt6735/../../pmic_wrap/mt6735/pwrap_hal.h:1112:0: warning: "MT6328_AUXADC_LBAT2_4" redefined
 #define MT6328_AUXADC_LBAT2_4        ((UINT32)(MT6328_PMIC_REG_BASE+0x0F00))
 ^
In file included from /home/satory-ra/Android/kernel/android_kernel_oukitel_orange/drivers/misc/mediatek/mach/mt6735/include/mach/upmu_common.h:7:0,
                 from drivers/misc/mediatek/spm/mt6735/mt_spm_sleep.c:25:
/home/satory-ra/Android/kernel/android_kernel_oukitel_orange/drivers/misc/mediatek/mach/mt6735/include/mach/upmu_hw.h:735:0: note: this is the location of the previous definition
 #define MT6328_AUXADC_LBAT2_4        ((MT6328_PMIC_REG_BASE+0x0F00))
 ^
In file included from drivers/misc/mediatek/spm/mt6735/mt_spm_sleep.c:40:0:
drivers/misc/mediatek/spm/mt6735/../../pmic_wrap/mt6735/pwrap_hal.h:1113:0: warning: "MT6328_AUXADC_LBAT2_5" redefined
 #define MT6328_AUXADC_LBAT2_5        ((UINT32)(MT6328_PMIC_REG_BASE+0x0F02))
 ^
In file included from /home/satory-ra/Android/kernel/android_kernel_oukitel_orange/drivers/misc/mediatek/mach/mt6735/include/mach/upmu_common.h:7:0,
                 from drivers/misc/mediatek/spm/mt6735/mt_spm_sleep.c:25:
/home/satory-ra/Android/kernel/android_kernel_oukitel_orange/drivers/misc/mediatek/mach/mt6735/include/mach/upmu_hw.h:736:0: note: this is the location of the previous definition
 #define MT6328_AUXADC_LBAT2_5        ((MT6328_PMIC_REG_BASE+0x0F02))
 ^
In file included from drivers/misc/mediatek/spm/mt6735/mt_spm_sleep.c:40:0:
drivers/misc/mediatek/spm/mt6735/../../pmic_wrap/mt6735/pwrap_hal.h:1114:0: warning: "MT6328_AUXADC_LBAT2_6" redefined
 #define MT6328_AUXADC_LBAT2_6        ((UINT32)(MT6328_PMIC_REG_BASE+0x0F04))
 ^
In file included from /home/satory-ra/Android/kernel/android_kernel_oukitel_orange/drivers/misc/mediatek/mach/mt6735/include/mach/upmu_common.h:7:0,
                 from drivers/misc/mediatek/spm/mt6735/mt_spm_sleep.c:25:
/home/satory-ra/Android/kernel/android_kernel_oukitel_orange/drivers/misc/mediatek/mach/mt6735/include/mach/upmu_hw.h:737:0: note: this is the location of the previous definition
 #define MT6328_AUXADC_LBAT2_6        ((MT6328_PMIC_REG_BASE+0x0F04))
 ^
In file included from drivers/misc/mediatek/spm/mt6735/mt_spm_sleep.c:40:0:
drivers/misc/mediatek/spm/mt6735/../../pmic_wrap/mt6735/pwrap_hal.h:1115:0: warning: "MT6328_AUXADC_LBAT2_7" redefined
 #define MT6328_AUXADC_LBAT2_7        ((UINT32)(MT6328_PMIC_REG_BASE+0x0F06))
 ^
In file included from /home/satory-ra/Android/kernel/android_kernel_oukitel_orange/drivers/misc/mediatek/mach/mt6735/include/mach/upmu_common.h:7:0,
                 from drivers/misc/mediatek/spm/mt6735/mt_spm_sleep.c:25:
/home/satory-ra/Android/kernel/android_kernel_oukitel_orange/drivers/misc/mediatek/mach/mt6735/include/mach/upmu_hw.h:738:0: note: this is the location of the previous definition
 #define MT6328_AUXADC_LBAT2_7        ((MT6328_PMIC_REG_BASE+0x0F06))
 ^
In file included from drivers/misc/mediatek/spm/mt6735/mt_spm_sleep.c:40:0:
drivers/misc/mediatek/spm/mt6735/../../pmic_wrap/mt6735/pwrap_hal.h:1116:0: warning: "MT6328_AUXADC_MDBG_0" redefined
 #define MT6328_AUXADC_MDBG_0         ((UINT32)(MT6328_PMIC_REG_BASE+0x0F08))
 ^
In file included from /home/satory-ra/Android/kernel/android_kernel_oukitel_orange/drivers/misc/mediatek/mach/mt6735/include/mach/upmu_common.h:7:0,
                 from drivers/misc/mediatek/spm/mt6735/mt_spm_sleep.c:25:
/home/satory-ra/Android/kernel/android_kernel_oukitel_orange/drivers/misc/mediatek/mach/mt6735/include/mach/upmu_hw.h:739:0: note: this is the location of the previous definition
 #define MT6328_AUXADC_MDBG_0         ((MT6328_PMIC_REG_BASE+0x0F08))
 ^
In file included from drivers/misc/mediatek/spm/mt6735/mt_spm_sleep.c:40:0:
drivers/misc/mediatek/spm/mt6735/../../pmic_wrap/mt6735/pwrap_hal.h:1117:0: warning: "MT6328_AUXADC_MDBG_1" redefined
 #define MT6328_AUXADC_MDBG_1         ((UINT32)(MT6328_PMIC_REG_BASE+0x0F0A))
 ^
In file included from /home/satory-ra/Android/kernel/android_kernel_oukitel_orange/drivers/misc/mediatek/mach/mt6735/include/mach/upmu_common.h:7:0,
                 from drivers/misc/mediatek/spm/mt6735/mt_spm_sleep.c:25:
/home/satory-ra/Android/kernel/android_kernel_oukitel_orange/drivers/misc/mediatek/mach/mt6735/include/mach/upmu_hw.h:740:0: note: this is the location of the previous definition
 #define MT6328_AUXADC_MDBG_1         ((MT6328_PMIC_REG_BASE+0x0F0A))
 ^
In file included from drivers/misc/mediatek/spm/mt6735/mt_spm_sleep.c:40:0:
drivers/misc/mediatek/spm/mt6735/../../pmic_wrap/mt6735/pwrap_hal.h:1118:0: warning: "MT6328_AUXADC_MDBG_2" redefined
 #define MT6328_AUXADC_MDBG_2         ((UINT32)(MT6328_PMIC_REG_BASE+0x0F0C))
 ^
In file included from /home/satory-ra/Android/kernel/android_kernel_oukitel_orange/drivers/misc/mediatek/mach/mt6735/include/mach/upmu_common.h:7:0,
                 from drivers/misc/mediatek/spm/mt6735/mt_spm_sleep.c:25:
/home/satory-ra/Android/kernel/android_kernel_oukitel_orange/drivers/misc/mediatek/mach/mt6735/include/mach/upmu_hw.h:741:0: note: this is the location of the previous definition
 #define MT6328_AUXADC_MDBG_2         ((MT6328_PMIC_REG_BASE+0x0F0C))
 ^
In file included from drivers/misc/mediatek/spm/mt6735/mt_spm_sleep.c:40:0:
drivers/misc/mediatek/spm/mt6735/../../pmic_wrap/mt6735/pwrap_hal.h:1119:0: warning: "MT6328_AUXADC_MDRT_0" redefined
 #define MT6328_AUXADC_MDRT_0         ((UINT32)(MT6328_PMIC_REG_BASE+0x0F0E))
 ^
In file included from /home/satory-ra/Android/kernel/android_kernel_oukitel_orange/drivers/misc/mediatek/mach/mt6735/include/mach/upmu_common.h:7:0,
                 from drivers/misc/mediatek/spm/mt6735/mt_spm_sleep.c:25:
/home/satory-ra/Android/kernel/android_kernel_oukitel_orange/drivers/misc/mediatek/mach/mt6735/include/mach/upmu_hw.h:742:0: note: this is the location of the previous definition
 #define MT6328_AUXADC_MDRT_0         ((MT6328_PMIC_REG_BASE+0x0F0E))
 ^
In file included from drivers/misc/mediatek/spm/mt6735/mt_spm_sleep.c:40:0:
drivers/misc/mediatek/spm/mt6735/../../pmic_wrap/mt6735/pwrap_hal.h:1120:0: warning: "MT6328_AUXADC_MDRT_1" redefined
 #define MT6328_AUXADC_MDRT_1         ((UINT32)(MT6328_PMIC_REG_BASE+0x0F10))
 ^
In file included from /home/satory-ra/Android/kernel/android_kernel_oukitel_orange/drivers/misc/mediatek/mach/mt6735/include/mach/upmu_common.h:7:0,
                 from drivers/misc/mediatek/spm/mt6735/mt_spm_sleep.c:25:
/home/satory-ra/Android/kernel/android_kernel_oukitel_orange/drivers/misc/mediatek/mach/mt6735/include/mach/upmu_hw.h:743:0: note: this is the location of the previous definition
 #define MT6328_AUXADC_MDRT_1         ((MT6328_PMIC_REG_BASE+0x0F10))
 ^
In file included from drivers/misc/mediatek/spm/mt6735/mt_spm_sleep.c:40:0:
drivers/misc/mediatek/spm/mt6735/../../pmic_wrap/mt6735/pwrap_hal.h:1121:0: warning: "MT6328_AUXADC_MDRT_2" redefined
 #define MT6328_AUXADC_MDRT_2         ((UINT32)(MT6328_PMIC_REG_BASE+0x0F12))
 ^
In file included from /home/satory-ra/Android/kernel/android_kernel_oukitel_orange/drivers/misc/mediatek/mach/mt6735/include/mach/upmu_common.h:7:0,
                 from drivers/misc/mediatek/spm/mt6735/mt_spm_sleep.c:25:
/home/satory-ra/Android/kernel/android_kernel_oukitel_orange/drivers/misc/mediatek/mach/mt6735/include/mach/upmu_hw.h:744:0: note: this is the location of the previous definition
 #define MT6328_AUXADC_MDRT_2         ((MT6328_PMIC_REG_BASE+0x0F12))
 ^
In file included from drivers/misc/mediatek/spm/mt6735/mt_spm_sleep.c:40:0:
drivers/misc/mediatek/spm/mt6735/../../pmic_wrap/mt6735/pwrap_hal.h:1122:0: warning: "MT6328_ACCDET_CON0" redefined
 #define MT6328_ACCDET_CON0           ((UINT32)(MT6328_PMIC_REG_BASE+0x0F14))
 ^
In file included from /home/satory-ra/Android/kernel/android_kernel_oukitel_orange/drivers/misc/mediatek/mach/mt6735/include/mach/upmu_common.h:7:0,
                 from drivers/misc/mediatek/spm/mt6735/mt_spm_sleep.c:25:
/home/satory-ra/Android/kernel/android_kernel_oukitel_orange/drivers/misc/mediatek/mach/mt6735/include/mach/upmu_hw.h:745:0: note: this is the location of the previous definition
 #define MT6328_ACCDET_CON0           ((MT6328_PMIC_REG_BASE+0x0F14))
 ^
In file included from drivers/misc/mediatek/spm/mt6735/mt_spm_sleep.c:40:0:
drivers/misc/mediatek/spm/mt6735/../../pmic_wrap/mt6735/pwrap_hal.h:1123:0: warning: "MT6328_ACCDET_CON1" redefined
 #define MT6328_ACCDET_CON1           ((UINT32)(MT6328_PMIC_REG_BASE+0x0F16))
 ^
In file included from /home/satory-ra/Android/kernel/android_kernel_oukitel_orange/drivers/misc/mediatek/mach/mt6735/include/mach/upmu_common.h:7:0,
                 from drivers/misc/mediatek/spm/mt6735/mt_spm_sleep.c:25:
/home/satory-ra/Android/kernel/android_kernel_oukitel_orange/drivers/misc/mediatek/mach/mt6735/include/mach/upmu_hw.h:746:0: note: this is the location of the previous definition
 #define MT6328_ACCDET_CON1           ((MT6328_PMIC_REG_BASE+0x0F16))
 ^
In file included from drivers/misc/mediatek/spm/mt6735/mt_spm_sleep.c:40:0:
drivers/misc/mediatek/spm/mt6735/../../pmic_wrap/mt6735/pwrap_hal.h:1124:0: warning: "MT6328_ACCDET_CON2" redefined
 #define MT6328_ACCDET_CON2           ((UINT32)(MT6328_PMIC_REG_BASE+0x0F18))
 ^
In file included from /home/satory-ra/Android/kernel/android_kernel_oukitel_orange/drivers/misc/mediatek/mach/mt6735/include/mach/upmu_common.h:7:0,
                 from drivers/misc/mediatek/spm/mt6735/mt_spm_sleep.c:25:
/home/satory-ra/Android/kernel/android_kernel_oukitel_orange/drivers/misc/mediatek/mach/mt6735/include/mach/upmu_hw.h:747:0: note: this is the location of the previous definition
 #define MT6328_ACCDET_CON2           ((MT6328_PMIC_REG_BASE+0x0F18))
 ^
In file included from drivers/misc/mediatek/spm/mt6735/mt_spm_sleep.c:40:0:
drivers/misc/mediatek/spm/mt6735/../../pmic_wrap/mt6735/pwrap_hal.h:1125:0: warning: "MT6328_ACCDET_CON3" redefined
 #define MT6328_ACCDET_CON3           ((UINT32)(MT6328_PMIC_REG_BASE+0x0F1A))
 ^
In file included from /home/satory-ra/Android/kernel/android_kernel_oukitel_orange/drivers/misc/mediatek/mach/mt6735/include/mach/upmu_common.h:7:0,
                 from drivers/misc/mediatek/spm/mt6735/mt_spm_sleep.c:25:
/home/satory-ra/Android/kernel/android_kernel_oukitel_orange/drivers/misc/mediatek/mach/mt6735/include/mach/upmu_hw.h:748:0: note: this is the location of the previous definition
 #define MT6328_ACCDET_CON3           ((MT6328_PMIC_REG_BASE+0x0F1A))
 ^
In file included from drivers/misc/mediatek/spm/mt6735/mt_spm_sleep.c:40:0:
drivers/misc/mediatek/spm/mt6735/../../pmic_wrap/mt6735/pwrap_hal.h:1126:0: warning: "MT6328_ACCDET_CON4" redefined
 #define MT6328_ACCDET_CON4           ((UINT32)(MT6328_PMIC_REG_BASE+0x0F1C))
 ^
In file included from /home/satory-ra/Android/kernel/android_kernel_oukitel_orange/drivers/misc/mediatek/mach/mt6735/include/mach/upmu_common.h:7:0,
                 from drivers/misc/mediatek/spm/mt6735/mt_spm_sleep.c:25:
/home/satory-ra/Android/kernel/android_kernel_oukitel_orange/drivers/misc/mediatek/mach/mt6735/include/mach/upmu_hw.h:749:0: note: this is the location of the previous definition
 #define MT6328_ACCDET_CON4           ((MT6328_PMIC_REG_BASE+0x0F1C))
 ^
In file included from drivers/misc/mediatek/spm/mt6735/mt_spm_sleep.c:40:0:
drivers/misc/mediatek/spm/mt6735/../../pmic_wrap/mt6735/pwrap_hal.h:1127:0: warning: "MT6328_ACCDET_CON5" redefined
 #define MT6328_ACCDET_CON5           ((UINT32)(MT6328_PMIC_REG_BASE+0x0F1E))
 ^
In file included from /home/satory-ra/Android/kernel/android_kernel_oukitel_orange/drivers/misc/mediatek/mach/mt6735/include/mach/upmu_common.h:7:0,
                 from drivers/misc/mediatek/spm/mt6735/mt_spm_sleep.c:25:
/home/satory-ra/Android/kernel/android_kernel_oukitel_orange/drivers/misc/mediatek/mach/mt6735/include/mach/upmu_hw.h:750:0: note: this is the location of the previous definition
 #define MT6328_ACCDET_CON5           ((MT6328_PMIC_REG_BASE+0x0F1E))
 ^
In file included from drivers/misc/mediatek/spm/mt6735/mt_spm_sleep.c:40:0:
drivers/misc/mediatek/spm/mt6735/../../pmic_wrap/mt6735/pwrap_hal.h:1128:0: warning: "MT6328_ACCDET_CON6" redefined
 #define MT6328_ACCDET_CON6           ((UINT32)(MT6328_PMIC_REG_BASE+0x0F20))
 ^
In file included from /home/satory-ra/Android/kernel/android_kernel_oukitel_orange/drivers/misc/mediatek/mach/mt6735/include/mach/upmu_common.h:7:0,
                 from drivers/misc/mediatek/spm/mt6735/mt_spm_sleep.c:25:
/home/satory-ra/Android/kernel/android_kernel_oukitel_orange/drivers/misc/mediatek/mach/mt6735/include/mach/upmu_hw.h:751:0: note: this is the location of the previous definition
 #define MT6328_ACCDET_CON6           ((MT6328_PMIC_REG_BASE+0x0F20))
 ^
In file included from drivers/misc/mediatek/spm/mt6735/mt_spm_sleep.c:40:0:
drivers/misc/mediatek/spm/mt6735/../../pmic_wrap/mt6735/pwrap_hal.h:1129:0: warning: "MT6328_ACCDET_CON7" redefined
 #define MT6328_ACCDET_CON7           ((UINT32)(MT6328_PMIC_REG_BASE+0x0F22))
 ^
In file included from /home/satory-ra/Android/kernel/android_kernel_oukitel_orange/drivers/misc/mediatek/mach/mt6735/include/mach/upmu_common.h:7:0,
                 from drivers/misc/mediatek/spm/mt6735/mt_spm_sleep.c:25:
/home/satory-ra/Android/kernel/android_kernel_oukitel_orange/drivers/misc/mediatek/mach/mt6735/include/mach/upmu_hw.h:752:0: note: this is the location of the previous definition
 #define MT6328_ACCDET_CON7           ((MT6328_PMIC_REG_BASE+0x0F22))
 ^
In file included from drivers/misc/mediatek/spm/mt6735/mt_spm_sleep.c:40:0:
drivers/misc/mediatek/spm/mt6735/../../pmic_wrap/mt6735/pwrap_hal.h:1130:0: warning: "MT6328_ACCDET_CON8" redefined
 #define MT6328_ACCDET_CON8           ((UINT32)(MT6328_PMIC_REG_BASE+0x0F24))
 ^
In file included from /home/satory-ra/Android/kernel/android_kernel_oukitel_orange/drivers/misc/mediatek/mach/mt6735/include/mach/upmu_common.h:7:0,
                 from drivers/misc/mediatek/spm/mt6735/mt_spm_sleep.c:25:
/home/satory-ra/Android/kernel/android_kernel_oukitel_orange/drivers/misc/mediatek/mach/mt6735/include/mach/upmu_hw.h:753:0: note: this is the location of the previous definition
 #define MT6328_ACCDET_CON8           ((MT6328_PMIC_REG_BASE+0x0F24))
 ^
In file included from drivers/misc/mediatek/spm/mt6735/mt_spm_sleep.c:40:0:
drivers/misc/mediatek/spm/mt6735/../../pmic_wrap/mt6735/pwrap_hal.h:1131:0: warning: "MT6328_ACCDET_CON9" redefined
 #define MT6328_ACCDET_CON9           ((UINT32)(MT6328_PMIC_REG_BASE+0x0F26))
 ^
In file included from /home/satory-ra/Android/kernel/android_kernel_oukitel_orange/drivers/misc/mediatek/mach/mt6735/include/mach/upmu_common.h:7:0,
                 from drivers/misc/mediatek/spm/mt6735/mt_spm_sleep.c:25:
/home/satory-ra/Android/kernel/android_kernel_oukitel_orange/drivers/misc/mediatek/mach/mt6735/include/mach/upmu_hw.h:754:0: note: this is the location of the previous definition
 #define MT6328_ACCDET_CON9           ((MT6328_PMIC_REG_BASE+0x0F26))
 ^
In file included from drivers/misc/mediatek/spm/mt6735/mt_spm_sleep.c:40:0:
drivers/misc/mediatek/spm/mt6735/../../pmic_wrap/mt6735/pwrap_hal.h:1132:0: warning: "MT6328_ACCDET_CON10" redefined
 #define MT6328_ACCDET_CON10          ((UINT32)(MT6328_PMIC_REG_BASE+0x0F28))
 ^
In file included from /home/satory-ra/Android/kernel/android_kernel_oukitel_orange/drivers/misc/mediatek/mach/mt6735/include/mach/upmu_common.h:7:0,
                 from drivers/misc/mediatek/spm/mt6735/mt_spm_sleep.c:25:
/home/satory-ra/Android/kernel/android_kernel_oukitel_orange/drivers/misc/mediatek/mach/mt6735/include/mach/upmu_hw.h:755:0: note: this is the location of the previous definition
 #define MT6328_ACCDET_CON10          ((MT6328_PMIC_REG_BASE+0x0F28))
 ^
In file included from drivers/misc/mediatek/spm/mt6735/mt_spm_sleep.c:40:0:
drivers/misc/mediatek/spm/mt6735/../../pmic_wrap/mt6735/pwrap_hal.h:1133:0: warning: "MT6328_ACCDET_CON11" redefined
 #define MT6328_ACCDET_CON11          ((UINT32)(MT6328_PMIC_REG_BASE+0x0F2A))
 ^
In file included from /home/satory-ra/Android/kernel/android_kernel_oukitel_orange/drivers/misc/mediatek/mach/mt6735/include/mach/upmu_common.h:7:0,
                 from drivers/misc/mediatek/spm/mt6735/mt_spm_sleep.c:25:
/home/satory-ra/Android/kernel/android_kernel_oukitel_orange/drivers/misc/mediatek/mach/mt6735/include/mach/upmu_hw.h:756:0: note: this is the location of the previous definition
 #define MT6328_ACCDET_CON11          ((MT6328_PMIC_REG_BASE+0x0F2A))
 ^
In file included from drivers/misc/mediatek/spm/mt6735/mt_spm_sleep.c:40:0:
drivers/misc/mediatek/spm/mt6735/../../pmic_wrap/mt6735/pwrap_hal.h:1134:0: warning: "MT6328_ACCDET_CON12" redefined
 #define MT6328_ACCDET_CON12          ((UINT32)(MT6328_PMIC_REG_BASE+0x0F2C))
 ^
In file included from /home/satory-ra/Android/kernel/android_kernel_oukitel_orange/drivers/misc/mediatek/mach/mt6735/include/mach/upmu_common.h:7:0,
                 from drivers/misc/mediatek/spm/mt6735/mt_spm_sleep.c:25:
/home/satory-ra/Android/kernel/android_kernel_oukitel_orange/drivers/misc/mediatek/mach/mt6735/include/mach/upmu_hw.h:757:0: note: this is the location of the previous definition
 #define MT6328_ACCDET_CON12          ((MT6328_PMIC_REG_BASE+0x0F2C))
 ^
In file included from drivers/misc/mediatek/spm/mt6735/mt_spm_sleep.c:40:0:
drivers/misc/mediatek/spm/mt6735/../../pmic_wrap/mt6735/pwrap_hal.h:1135:0: warning: "MT6328_ACCDET_CON13" redefined
 #define MT6328_ACCDET_CON13          ((UINT32)(MT6328_PMIC_REG_BASE+0x0F2E))
 ^
In file included from /home/satory-ra/Android/kernel/android_kernel_oukitel_orange/drivers/misc/mediatek/mach/mt6735/include/mach/upmu_common.h:7:0,
                 from drivers/misc/mediatek/spm/mt6735/mt_spm_sleep.c:25:
/home/satory-ra/Android/kernel/android_kernel_oukitel_orange/drivers/misc/mediatek/mach/mt6735/include/mach/upmu_hw.h:758:0: note: this is the location of the previous definition
 #define MT6328_ACCDET_CON13          ((MT6328_PMIC_REG_BASE+0x0F2E))
 ^
In file included from drivers/misc/mediatek/spm/mt6735/mt_spm_sleep.c:40:0:
drivers/misc/mediatek/spm/mt6735/../../pmic_wrap/mt6735/pwrap_hal.h:1136:0: warning: "MT6328_ACCDET_CON14" redefined
 #define MT6328_ACCDET_CON14          ((UINT32)(MT6328_PMIC_REG_BASE+0x0F30))
 ^
In file included from /home/satory-ra/Android/kernel/android_kernel_oukitel_orange/drivers/misc/mediatek/mach/mt6735/include/mach/upmu_common.h:7:0,
                 from drivers/misc/mediatek/spm/mt6735/mt_spm_sleep.c:25:
/home/satory-ra/Android/kernel/android_kernel_oukitel_orange/drivers/misc/mediatek/mach/mt6735/include/mach/upmu_hw.h:759:0: note: this is the location of the previous definition
 #define MT6328_ACCDET_CON14          ((MT6328_PMIC_REG_BASE+0x0F30))
 ^
In file included from drivers/misc/mediatek/spm/mt6735/mt_spm_sleep.c:40:0:
drivers/misc/mediatek/spm/mt6735/../../pmic_wrap/mt6735/pwrap_hal.h:1137:0: warning: "MT6328_ACCDET_CON15" redefined
 #define MT6328_ACCDET_CON15          ((UINT32)(MT6328_PMIC_REG_BASE+0x0F32))
 ^
In file included from /home/satory-ra/Android/kernel/android_kernel_oukitel_orange/drivers/misc/mediatek/mach/mt6735/include/mach/upmu_common.h:7:0,
                 from drivers/misc/mediatek/spm/mt6735/mt_spm_sleep.c:25:
/home/satory-ra/Android/kernel/android_kernel_oukitel_orange/drivers/misc/mediatek/mach/mt6735/include/mach/upmu_hw.h:760:0: note: this is the location of the previous definition
 #define MT6328_ACCDET_CON15          ((MT6328_PMIC_REG_BASE+0x0F32))
 ^
In file included from drivers/misc/mediatek/spm/mt6735/mt_spm_sleep.c:40:0:
drivers/misc/mediatek/spm/mt6735/../../pmic_wrap/mt6735/pwrap_hal.h:1138:0: warning: "MT6328_ACCDET_CON16" redefined
 #define MT6328_ACCDET_CON16          ((UINT32)(MT6328_PMIC_REG_BASE+0x0F34))
 ^
In file included from /home/satory-ra/Android/kernel/android_kernel_oukitel_orange/drivers/misc/mediatek/mach/mt6735/include/mach/upmu_common.h:7:0,
                 from drivers/misc/mediatek/spm/mt6735/mt_spm_sleep.c:25:
/home/satory-ra/Android/kernel/android_kernel_oukitel_orange/drivers/misc/mediatek/mach/mt6735/include/mach/upmu_hw.h:761:0: note: this is the location of the previous definition
 #define MT6328_ACCDET_CON16          ((MT6328_PMIC_REG_BASE+0x0F34))
 ^
In file included from drivers/misc/mediatek/spm/mt6735/mt_spm_sleep.c:40:0:
drivers/misc/mediatek/spm/mt6735/../../pmic_wrap/mt6735/pwrap_hal.h:1139:0: warning: "MT6328_ACCDET_CON17" redefined
 #define MT6328_ACCDET_CON17          ((UINT32)(MT6328_PMIC_REG_BASE+0x0F36))
 ^
In file included from /home/satory-ra/Android/kernel/android_kernel_oukitel_orange/drivers/misc/mediatek/mach/mt6735/include/mach/upmu_common.h:7:0,
                 from drivers/misc/mediatek/spm/mt6735/mt_spm_sleep.c:25:
/home/satory-ra/Android/kernel/android_kernel_oukitel_orange/drivers/misc/mediatek/mach/mt6735/include/mach/upmu_hw.h:762:0: note: this is the location of the previous definition
 #define MT6328_ACCDET_CON17          ((MT6328_PMIC_REG_BASE+0x0F36))
 ^
In file included from drivers/misc/mediatek/spm/mt6735/mt_spm_sleep.c:40:0:
drivers/misc/mediatek/spm/mt6735/../../pmic_wrap/mt6735/pwrap_hal.h:1140:0: warning: "MT6328_ACCDET_CON18" redefined
 #define MT6328_ACCDET_CON18          ((UINT32)(MT6328_PMIC_REG_BASE+0x0F38))
 ^
In file included from /home/satory-ra/Android/kernel/android_kernel_oukitel_orange/drivers/misc/mediatek/mach/mt6735/include/mach/upmu_common.h:7:0,
                 from drivers/misc/mediatek/spm/mt6735/mt_spm_sleep.c:25:
/home/satory-ra/Android/kernel/android_kernel_oukitel_orange/drivers/misc/mediatek/mach/mt6735/include/mach/upmu_hw.h:763:0: note: this is the location of the previous definition
 #define MT6328_ACCDET_CON18          ((MT6328_PMIC_REG_BASE+0x0F38))
 ^
In file included from drivers/misc/mediatek/spm/mt6735/mt_spm_sleep.c:40:0:
drivers/misc/mediatek/spm/mt6735/../../pmic_wrap/mt6735/pwrap_hal.h:1141:0: warning: "MT6328_ACCDET_CON19" redefined
 #define MT6328_ACCDET_CON19          ((UINT32)(MT6328_PMIC_REG_BASE+0x0F3A))
 ^
In file included from /home/satory-ra/Android/kernel/android_kernel_oukitel_orange/drivers/misc/mediatek/mach/mt6735/include/mach/upmu_common.h:7:0,
                 from drivers/misc/mediatek/spm/mt6735/mt_spm_sleep.c:25:
/home/satory-ra/Android/kernel/android_kernel_oukitel_orange/drivers/misc/mediatek/mach/mt6735/include/mach/upmu_hw.h:764:0: note: this is the location of the previous definition
 #define MT6328_ACCDET_CON19          ((MT6328_PMIC_REG_BASE+0x0F3A))
 ^
In file included from drivers/misc/mediatek/spm/mt6735/mt_spm_sleep.c:40:0:
drivers/misc/mediatek/spm/mt6735/../../pmic_wrap/mt6735/pwrap_hal.h:1142:0: warning: "MT6328_ACCDET_CON20" redefined
 #define MT6328_ACCDET_CON20          ((UINT32)(MT6328_PMIC_REG_BASE+0x0F3C))
 ^
In file included from include/mach/mt_gpio.h:15:0,
                 from drivers/misc/mediatek/uart/mt6735/platform_uart.c:29:
/home/satory-ra/Android/kernel/android_kernel_oukitel_orange/drivers/misc/mediatek/mach/mt6735/Sprint4g/dct/dct/inc/cust_gpio_usage.h:481:0: warning: "GPIO_KPD_KCOL1_PIN_M_UCTS" redefined
 #define GPIO_KPD_KCOL1_PIN_M_UCTS   GPIO_MODE_03
 ^
/home/satory-ra/Android/kernel/android_kernel_oukitel_orange/drivers/misc/mediatek/mach/mt6735/Sprint4g/dct/dct/inc/cust_gpio_usage.h:480:0: note: this is the location of the previous definition
 #define GPIO_KPD_KCOL1_PIN_M_UCTS   GPIO_MODE_02
 ^
In file included from /home/satory-ra/Android/kernel/android_kernel_oukitel_orange/drivers/misc/mediatek/mach/mt6735/include/mach/upmu_common.h:7:0,
                 from drivers/misc/mediatek/spm/mt6735/mt_spm_sleep.c:25:
/home/satory-ra/Android/kernel/android_kernel_oukitel_orange/drivers/misc/mediatek/mach/mt6735/include/mach/upmu_hw.h:765:0: note: this is the location of the previous definition
 #define MT6328_ACCDET_CON20          ((MT6328_PMIC_REG_BASE+0x0F3C))
 ^
In file included from drivers/misc/mediatek/spm/mt6735/mt_spm_sleep.c:40:0:
drivers/misc/mediatek/spm/mt6735/../../pmic_wrap/mt6735/pwrap_hal.h:1143:0: warning: "MT6328_ACCDET_CON21" redefined
 #define MT6328_ACCDET_CON21          ((UINT32)(MT6328_PMIC_REG_BASE+0x0F3E))
 ^
In file included from /home/satory-ra/Android/kernel/android_kernel_oukitel_orange/drivers/misc/mediatek/mach/mt6735/include/mach/upmu_common.h:7:0,
                 from drivers/misc/mediatek/spm/mt6735/mt_spm_sleep.c:25:
/home/satory-ra/Android/kernel/android_kernel_oukitel_orange/drivers/misc/mediatek/mach/mt6735/include/mach/upmu_hw.h:766:0: note: this is the location of the previous definition
 #define MT6328_ACCDET_CON21          ((MT6328_PMIC_REG_BASE+0x0F3E))
 ^
In file included from drivers/misc/mediatek/spm/mt6735/mt_spm_sleep.c:40:0:
drivers/misc/mediatek/spm/mt6735/../../pmic_wrap/mt6735/pwrap_hal.h:1144:0: warning: "MT6328_ACCDET_CON22" redefined
 #define MT6328_ACCDET_CON22          ((UINT32)(MT6328_PMIC_REG_BASE+0x0F40))
 ^
In file included from /home/satory-ra/Android/kernel/android_kernel_oukitel_orange/drivers/misc/mediatek/mach/mt6735/include/mach/upmu_common.h:7:0,
                 from drivers/misc/mediatek/spm/mt6735/mt_spm_sleep.c:25:
/home/satory-ra/Android/kernel/android_kernel_oukitel_orange/drivers/misc/mediatek/mach/mt6735/include/mach/upmu_hw.h:767:0: note: this is the location of the previous definition
 #define MT6328_ACCDET_CON22          ((MT6328_PMIC_REG_BASE+0x0F40))
 ^
In file included from drivers/misc/mediatek/spm/mt6735/mt_spm_sleep.c:40:0:
drivers/misc/mediatek/spm/mt6735/../../pmic_wrap/mt6735/pwrap_hal.h:1145:0: warning: "MT6328_ACCDET_CON23" redefined
 #define MT6328_ACCDET_CON23          ((UINT32)(MT6328_PMIC_REG_BASE+0x0F42))
 ^
In file included from /home/satory-ra/Android/kernel/android_kernel_oukitel_orange/drivers/misc/mediatek/mach/mt6735/include/mach/upmu_common.h:7:0,
                 from drivers/misc/mediatek/spm/mt6735/mt_spm_sleep.c:25:
/home/satory-ra/Android/kernel/android_kernel_oukitel_orange/drivers/misc/mediatek/mach/mt6735/include/mach/upmu_hw.h:768:0: note: this is the location of the previous definition
 #define MT6328_ACCDET_CON23          ((MT6328_PMIC_REG_BASE+0x0F42))
 ^
In file included from drivers/misc/mediatek/spm/mt6735/mt_spm_sleep.c:40:0:
drivers/misc/mediatek/spm/mt6735/../../pmic_wrap/mt6735/pwrap_hal.h:1146:0: warning: "MT6328_ACCDET_CON24" redefined
 #define MT6328_ACCDET_CON24          ((UINT32)(MT6328_PMIC_REG_BASE+0x0F44))
 ^
In file included from /home/satory-ra/Android/kernel/android_kernel_oukitel_orange/drivers/misc/mediatek/mach/mt6735/include/mach/upmu_common.h:7:0,
                 from drivers/misc/mediatek/spm/mt6735/mt_spm_sleep.c:25:
/home/satory-ra/Android/kernel/android_kernel_oukitel_orange/drivers/misc/mediatek/mach/mt6735/include/mach/upmu_hw.h:769:0: note: this is the location of the previous definition
 #define MT6328_ACCDET_CON24          ((MT6328_PMIC_REG_BASE+0x0F44))
 ^
In file included from drivers/misc/mediatek/spm/mt6735/mt_spm_sleep.c:40:0:
drivers/misc/mediatek/spm/mt6735/../../pmic_wrap/mt6735/pwrap_hal.h:1147:0: warning: "MT6328_ACCDET_CON25" redefined
 #define MT6328_ACCDET_CON25          ((UINT32)(MT6328_PMIC_REG_BASE+0x0F46))
 ^
  CC      drivers/misc/mediatek/thermal/mtk_cooler_backlight.o
In file included from /home/satory-ra/Android/kernel/android_kernel_oukitel_orange/drivers/misc/mediatek/mach/mt6735/include/mach/upmu_common.h:7:0,
                 from drivers/misc/mediatek/spm/mt6735/mt_spm_sleep.c:25:
/home/satory-ra/Android/kernel/android_kernel_oukitel_orange/drivers/misc/mediatek/mach/mt6735/include/mach/upmu_hw.h:770:0: note: this is the location of the previous definition
 #define MT6328_ACCDET_CON25          ((MT6328_PMIC_REG_BASE+0x0F46))
 ^
In file included from drivers/misc/mediatek/spm/mt6735/mt_spm_sleep.c:40:0:
drivers/misc/mediatek/spm/mt6735/../../pmic_wrap/mt6735/pwrap_hal.h:1148:0: warning: "MT6328_CHR_CON0" redefined
 #define MT6328_CHR_CON0              ((UINT32)(MT6328_PMIC_REG_BASE+0x0F48))
 ^
In file included from /home/satory-ra/Android/kernel/android_kernel_oukitel_orange/drivers/misc/mediatek/mach/mt6735/include/mach/upmu_common.h:7:0,
                 from drivers/misc/mediatek/spm/mt6735/mt_spm_sleep.c:25:
/home/satory-ra/Android/kernel/android_kernel_oukitel_orange/drivers/misc/mediatek/mach/mt6735/include/mach/upmu_hw.h:771:0: note: this is the location of the previous definition
 #define MT6328_CHR_CON0              ((MT6328_PMIC_REG_BASE+0x0F48))
 ^
In file included from drivers/misc/mediatek/spm/mt6735/mt_spm_sleep.c:40:0:
drivers/misc/mediatek/spm/mt6735/../../pmic_wrap/mt6735/pwrap_hal.h:1149:0: warning: "MT6328_CHR_CON1" redefined
 #define MT6328_CHR_CON1              ((UINT32)(MT6328_PMIC_REG_BASE+0x0F4A))
 ^
In file included from /home/satory-ra/Android/kernel/android_kernel_oukitel_orange/drivers/misc/mediatek/mach/mt6735/include/mach/upmu_common.h:7:0,
                 from drivers/misc/mediatek/spm/mt6735/mt_spm_sleep.c:25:
/home/satory-ra/Android/kernel/android_kernel_oukitel_orange/drivers/misc/mediatek/mach/mt6735/include/mach/upmu_hw.h:772:0: note: this is the location of the previous definition
 #define MT6328_CHR_CON1              ((MT6328_PMIC_REG_BASE+0x0F4A))
 ^
In file included from drivers/misc/mediatek/spm/mt6735/mt_spm_sleep.c:40:0:
drivers/misc/mediatek/spm/mt6735/../../pmic_wrap/mt6735/pwrap_hal.h:1150:0: warning: "MT6328_CHR_CON2" redefined
 #define MT6328_CHR_CON2              ((UINT32)(MT6328_PMIC_REG_BASE+0x0F4C))
 ^
In file included from /home/satory-ra/Android/kernel/android_kernel_oukitel_orange/drivers/misc/mediatek/mach/mt6735/include/mach/upmu_common.h:7:0,
                 from drivers/misc/mediatek/spm/mt6735/mt_spm_sleep.c:25:
/home/satory-ra/Android/kernel/android_kernel_oukitel_orange/drivers/misc/mediatek/mach/mt6735/include/mach/upmu_hw.h:773:0: note: this is the location of the previous definition
 #define MT6328_CHR_CON2              ((MT6328_PMIC_REG_BASE+0x0F4C))
 ^
In file included from drivers/misc/mediatek/spm/mt6735/mt_spm_sleep.c:40:0:
drivers/misc/mediatek/spm/mt6735/../../pmic_wrap/mt6735/pwrap_hal.h:1151:0: warning: "MT6328_CHR_CON3" redefined
 #define MT6328_CHR_CON3              ((UINT32)(MT6328_PMIC_REG_BASE+0x0F4E))
 ^
In file included from /home/satory-ra/Android/kernel/android_kernel_oukitel_orange/drivers/misc/mediatek/mach/mt6735/include/mach/upmu_common.h:7:0,
                 from drivers/misc/mediatek/spm/mt6735/mt_spm_sleep.c:25:
/home/satory-ra/Android/kernel/android_kernel_oukitel_orange/drivers/misc/mediatek/mach/mt6735/include/mach/upmu_hw.h:774:0: note: this is the location of the previous definition
 #define MT6328_CHR_CON3              ((MT6328_PMIC_REG_BASE+0x0F4E))
 ^
In file included from drivers/misc/mediatek/spm/mt6735/mt_spm_sleep.c:40:0:
drivers/misc/mediatek/spm/mt6735/../../pmic_wrap/mt6735/pwrap_hal.h:1152:0: warning: "MT6328_CHR_CON4" redefined
 #define MT6328_CHR_CON4              ((UINT32)(MT6328_PMIC_REG_BASE+0x0F50))
 ^
In file included from /home/satory-ra/Android/kernel/android_kernel_oukitel_orange/drivers/misc/mediatek/mach/mt6735/include/mach/upmu_common.h:7:0,
                 from drivers/misc/mediatek/spm/mt6735/mt_spm_sleep.c:25:
/home/satory-ra/Android/kernel/android_kernel_oukitel_orange/drivers/misc/mediatek/mach/mt6735/include/mach/upmu_hw.h:775:0: note: this is the location of the previous definition
 #define MT6328_CHR_CON4              ((MT6328_PMIC_REG_BASE+0x0F50))
 ^
In file included from drivers/misc/mediatek/spm/mt6735/mt_spm_sleep.c:40:0:
drivers/misc/mediatek/spm/mt6735/../../pmic_wrap/mt6735/pwrap_hal.h:1153:0: warning: "MT6328_CHR_CON5" redefined
 #define MT6328_CHR_CON5              ((UINT32)(MT6328_PMIC_REG_BASE+0x0F52))
 ^
In file included from /home/satory-ra/Android/kernel/android_kernel_oukitel_orange/drivers/misc/mediatek/mach/mt6735/include/mach/upmu_common.h:7:0,
                 from drivers/misc/mediatek/spm/mt6735/mt_spm_sleep.c:25:
/home/satory-ra/Android/kernel/android_kernel_oukitel_orange/drivers/misc/mediatek/mach/mt6735/include/mach/upmu_hw.h:776:0: note: this is the location of the previous definition
 #define MT6328_CHR_CON5              ((MT6328_PMIC_REG_BASE+0x0F52))
 ^
In file included from drivers/misc/mediatek/spm/mt6735/mt_spm_sleep.c:40:0:
drivers/misc/mediatek/spm/mt6735/../../pmic_wrap/mt6735/pwrap_hal.h:1154:0: warning: "MT6328_CHR_CON6" redefined
 #define MT6328_CHR_CON6              ((UINT32)(MT6328_PMIC_REG_BASE+0x0F54))
 ^
In file included from /home/satory-ra/Android/kernel/android_kernel_oukitel_orange/drivers/misc/mediatek/mach/mt6735/include/mach/upmu_common.h:7:0,
                 from drivers/misc/mediatek/spm/mt6735/mt_spm_sleep.c:25:
/home/satory-ra/Android/kernel/android_kernel_oukitel_orange/drivers/misc/mediatek/mach/mt6735/include/mach/upmu_hw.h:777:0: note: this is the location of the previous definition
 #define MT6328_CHR_CON6              ((MT6328_PMIC_REG_BASE+0x0F54))
 ^
In file included from drivers/misc/mediatek/spm/mt6735/mt_spm_sleep.c:40:0:
drivers/misc/mediatek/spm/mt6735/../../pmic_wrap/mt6735/pwrap_hal.h:1155:0: warning: "MT6328_CHR_CON7" redefined
 #define MT6328_CHR_CON7              ((UINT32)(MT6328_PMIC_REG_BASE+0x0F56))
 ^
In file included from /home/satory-ra/Android/kernel/android_kernel_oukitel_orange/drivers/misc/mediatek/mach/mt6735/include/mach/upmu_common.h:7:0,
                 from drivers/misc/mediatek/spm/mt6735/mt_spm_sleep.c:25:
/home/satory-ra/Android/kernel/android_kernel_oukitel_orange/drivers/misc/mediatek/mach/mt6735/include/mach/upmu_hw.h:778:0: note: this is the location of the previous definition
 #define MT6328_CHR_CON7              ((MT6328_PMIC_REG_BASE+0x0F56))
 ^
In file included from drivers/misc/mediatek/spm/mt6735/mt_spm_sleep.c:40:0:
drivers/misc/mediatek/spm/mt6735/../../pmic_wrap/mt6735/pwrap_hal.h:1156:0: warning: "MT6328_CHR_CON8" redefined
 #define MT6328_CHR_CON8              ((UINT32)(MT6328_PMIC_REG_BASE+0x0F58))
 ^
In file included from /home/satory-ra/Android/kernel/android_kernel_oukitel_orange/drivers/misc/mediatek/mach/mt6735/include/mach/upmu_common.h:7:0,
                 from drivers/misc/mediatek/spm/mt6735/mt_spm_sleep.c:25:
/home/satory-ra/Android/kernel/android_kernel_oukitel_orange/drivers/misc/mediatek/mach/mt6735/include/mach/upmu_hw.h:779:0: note: this is the location of the previous definition
 #define MT6328_CHR_CON8              ((MT6328_PMIC_REG_BASE+0x0F58))
 ^
In file included from drivers/misc/mediatek/spm/mt6735/mt_spm_sleep.c:40:0:
drivers/misc/mediatek/spm/mt6735/../../pmic_wrap/mt6735/pwrap_hal.h:1157:0: warning: "MT6328_CHR_CON9" redefined
 #define MT6328_CHR_CON9              ((UINT32)(MT6328_PMIC_REG_BASE+0x0F5A))
 ^
In file included from /home/satory-ra/Android/kernel/android_kernel_oukitel_orange/drivers/misc/mediatek/mach/mt6735/include/mach/upmu_common.h:7:0,
                 from drivers/misc/mediatek/spm/mt6735/mt_spm_sleep.c:25:
/home/satory-ra/Android/kernel/android_kernel_oukitel_orange/drivers/misc/mediatek/mach/mt6735/include/mach/upmu_hw.h:780:0: note: this is the location of the previous definition
 #define MT6328_CHR_CON9              ((MT6328_PMIC_REG_BASE+0x0F5A))
 ^
In file included from drivers/misc/mediatek/spm/mt6735/mt_spm_sleep.c:40:0:
drivers/misc/mediatek/spm/mt6735/../../pmic_wrap/mt6735/pwrap_hal.h:1158:0: warning: "MT6328_CHR_CON10" redefined
 #define MT6328_CHR_CON10             ((UINT32)(MT6328_PMIC_REG_BASE+0x0F5C))
 ^
In file included from /home/satory-ra/Android/kernel/android_kernel_oukitel_orange/drivers/misc/mediatek/mach/mt6735/include/mach/upmu_common.h:7:0,
                 from drivers/misc/mediatek/spm/mt6735/mt_spm_sleep.c:25:
/home/satory-ra/Android/kernel/android_kernel_oukitel_orange/drivers/misc/mediatek/mach/mt6735/include/mach/upmu_hw.h:781:0: note: this is the location of the previous definition
 #define MT6328_CHR_CON10             ((MT6328_PMIC_REG_BASE+0x0F5C))
 ^
In file included from drivers/misc/mediatek/spm/mt6735/mt_spm_sleep.c:40:0:
drivers/misc/mediatek/spm/mt6735/../../pmic_wrap/mt6735/pwrap_hal.h:1159:0: warning: "MT6328_CHR_CON11" redefined
 #define MT6328_CHR_CON11             ((UINT32)(MT6328_PMIC_REG_BASE+0x0F5E))
 ^
In file included from /home/satory-ra/Android/kernel/android_kernel_oukitel_orange/drivers/misc/mediatek/mach/mt6735/include/mach/upmu_common.h:7:0,
                 from drivers/misc/mediatek/spm/mt6735/mt_spm_sleep.c:25:
/home/satory-ra/Android/kernel/android_kernel_oukitel_orange/drivers/misc/mediatek/mach/mt6735/include/mach/upmu_hw.h:782:0: note: this is the location of the previous definition
 #define MT6328_CHR_CON11             ((MT6328_PMIC_REG_BASE+0x0F5E))
 ^
In file included from drivers/misc/mediatek/spm/mt6735/mt_spm_sleep.c:40:0:
drivers/misc/mediatek/spm/mt6735/../../pmic_wrap/mt6735/pwrap_hal.h:1160:0: warning: "MT6328_CHR_CON12" redefined
 #define MT6328_CHR_CON12             ((UINT32)(MT6328_PMIC_REG_BASE+0x0F60))
 ^
In file included from /home/satory-ra/Android/kernel/android_kernel_oukitel_orange/drivers/misc/mediatek/mach/mt6735/include/mach/upmu_common.h:7:0,
                 from drivers/misc/mediatek/spm/mt6735/mt_spm_sleep.c:25:
/home/satory-ra/Android/kernel/android_kernel_oukitel_orange/drivers/misc/mediatek/mach/mt6735/include/mach/upmu_hw.h:783:0: note: this is the location of the previous definition
 #define MT6328_CHR_CON12             ((MT6328_PMIC_REG_BASE+0x0F60))
 ^
In file included from drivers/misc/mediatek/spm/mt6735/mt_spm_sleep.c:40:0:
drivers/misc/mediatek/spm/mt6735/../../pmic_wrap/mt6735/pwrap_hal.h:1161:0: warning: "MT6328_CHR_CON13" redefined
 #define MT6328_CHR_CON13             ((UINT32)(MT6328_PMIC_REG_BASE+0x0F62))
 ^
In file included from /home/satory-ra/Android/kernel/android_kernel_oukitel_orange/drivers/misc/mediatek/mach/mt6735/include/mach/upmu_common.h:7:0,
                 from drivers/misc/mediatek/spm/mt6735/mt_spm_sleep.c:25:
/home/satory-ra/Android/kernel/android_kernel_oukitel_orange/drivers/misc/mediatek/mach/mt6735/include/mach/upmu_hw.h:784:0: note: this is the location of the previous definition
 #define MT6328_CHR_CON13             ((MT6328_PMIC_REG_BASE+0x0F62))
 ^
In file included from drivers/misc/mediatek/spm/mt6735/mt_spm_sleep.c:40:0:
drivers/misc/mediatek/spm/mt6735/../../pmic_wrap/mt6735/pwrap_hal.h:1162:0: warning: "MT6328_CHR_CON14" redefined
 #define MT6328_CHR_CON14             ((UINT32)(MT6328_PMIC_REG_BASE+0x0F64))
 ^
drivers/misc/mediatek/uart/mt6735/platform_uart.c:1943:13: warning: 'save_tx_raw_data' defined but not used [-Wunused-function]
 static void save_tx_raw_data(struct mtk_uart *uart,void *addr)
             ^
In file included from /home/satory-ra/Android/kernel/android_kernel_oukitel_orange/drivers/misc/mediatek/mach/mt6735/include/mach/upmu_common.h:7:0,
                 from drivers/misc/mediatek/spm/mt6735/mt_spm_sleep.c:25:
/home/satory-ra/Android/kernel/android_kernel_oukitel_orange/drivers/misc/mediatek/mach/mt6735/include/mach/upmu_hw.h:785:0: note: this is the location of the previous definition
 #define MT6328_CHR_CON14             ((MT6328_PMIC_REG_BASE+0x0F64))
 ^
In file included from drivers/misc/mediatek/spm/mt6735/mt_spm_sleep.c:40:0:
drivers/misc/mediatek/spm/mt6735/../../pmic_wrap/mt6735/pwrap_hal.h:1163:0: warning: "MT6328_CHR_CON15" redefined
 #define MT6328_CHR_CON15             ((UINT32)(MT6328_PMIC_REG_BASE+0x0F66))
 ^
In file included from /home/satory-ra/Android/kernel/android_kernel_oukitel_orange/drivers/misc/mediatek/mach/mt6735/include/mach/upmu_common.h:7:0,
                 from drivers/misc/mediatek/spm/mt6735/mt_spm_sleep.c:25:
/home/satory-ra/Android/kernel/android_kernel_oukitel_orange/drivers/misc/mediatek/mach/mt6735/include/mach/upmu_hw.h:786:0: note: this is the location of the previous definition
 #define MT6328_CHR_CON15             ((MT6328_PMIC_REG_BASE+0x0F66))
 ^
In file included from drivers/misc/mediatek/spm/mt6735/mt_spm_sleep.c:40:0:
drivers/misc/mediatek/spm/mt6735/../../pmic_wrap/mt6735/pwrap_hal.h:1164:0: warning: "MT6328_CHR_CON16" redefined
 #define MT6328_CHR_CON16             ((UINT32)(MT6328_PMIC_REG_BASE+0x0F68))
 ^
In file included from /home/satory-ra/Android/kernel/android_kernel_oukitel_orange/drivers/misc/mediatek/mach/mt6735/include/mach/upmu_common.h:7:0,
                 from drivers/misc/mediatek/spm/mt6735/mt_spm_sleep.c:25:
/home/satory-ra/Android/kernel/android_kernel_oukitel_orange/drivers/misc/mediatek/mach/mt6735/include/mach/upmu_hw.h:787:0: note: this is the location of the previous definition
 #define MT6328_CHR_CON16             ((MT6328_PMIC_REG_BASE+0x0F68))
 ^
In file included from drivers/misc/mediatek/spm/mt6735/mt_spm_sleep.c:40:0:
drivers/misc/mediatek/spm/mt6735/../../pmic_wrap/mt6735/pwrap_hal.h:1165:0: warning: "MT6328_CHR_CON17" redefined
 #define MT6328_CHR_CON17             ((UINT32)(MT6328_PMIC_REG_BASE+0x0F6A))
 ^
In file included from /home/satory-ra/Android/kernel/android_kernel_oukitel_orange/drivers/misc/mediatek/mach/mt6735/include/mach/upmu_common.h:7:0,
                 from drivers/misc/mediatek/spm/mt6735/mt_spm_sleep.c:25:
/home/satory-ra/Android/kernel/android_kernel_oukitel_orange/drivers/misc/mediatek/mach/mt6735/include/mach/upmu_hw.h:788:0: note: this is the location of the previous definition
 #define MT6328_CHR_CON17             ((MT6328_PMIC_REG_BASE+0x0F6A))
 ^
In file included from drivers/misc/mediatek/spm/mt6735/mt_spm_sleep.c:40:0:
drivers/misc/mediatek/spm/mt6735/../../pmic_wrap/mt6735/pwrap_hal.h:1166:0: warning: "MT6328_CHR_CON18" redefined
 #define MT6328_CHR_CON18             ((UINT32)(MT6328_PMIC_REG_BASE+0x0F6C))
 ^
In file included from /home/satory-ra/Android/kernel/android_kernel_oukitel_orange/drivers/misc/mediatek/mach/mt6735/include/mach/upmu_common.h:7:0,
                 from drivers/misc/mediatek/spm/mt6735/mt_spm_sleep.c:25:
/home/satory-ra/Android/kernel/android_kernel_oukitel_orange/drivers/misc/mediatek/mach/mt6735/include/mach/upmu_hw.h:789:0: note: this is the location of the previous definition
 #define MT6328_CHR_CON18             ((MT6328_PMIC_REG_BASE+0x0F6C))
 ^
In file included from drivers/misc/mediatek/spm/mt6735/mt_spm_sleep.c:40:0:
drivers/misc/mediatek/spm/mt6735/../../pmic_wrap/mt6735/pwrap_hal.h:1167:0: warning: "MT6328_CHR_CON19" redefined
 #define MT6328_CHR_CON19             ((UINT32)(MT6328_PMIC_REG_BASE+0x0F6E))
 ^
In file included from /home/satory-ra/Android/kernel/android_kernel_oukitel_orange/drivers/misc/mediatek/mach/mt6735/include/mach/upmu_common.h:7:0,
                 from drivers/misc/mediatek/spm/mt6735/mt_spm_sleep.c:25:
/home/satory-ra/Android/kernel/android_kernel_oukitel_orange/drivers/misc/mediatek/mach/mt6735/include/mach/upmu_hw.h:790:0: note: this is the location of the previous definition
 #define MT6328_CHR_CON19             ((MT6328_PMIC_REG_BASE+0x0F6E))
 ^
In file included from drivers/misc/mediatek/spm/mt6735/mt_spm_sleep.c:40:0:
drivers/misc/mediatek/spm/mt6735/../../pmic_wrap/mt6735/pwrap_hal.h:1168:0: warning: "MT6328_CHR_CON20" redefined
 #define MT6328_CHR_CON20             ((UINT32)(MT6328_PMIC_REG_BASE+0x0F70))
 ^
In file included from /home/satory-ra/Android/kernel/android_kernel_oukitel_orange/drivers/misc/mediatek/mach/mt6735/include/mach/upmu_common.h:7:0,
                 from drivers/misc/mediatek/spm/mt6735/mt_spm_sleep.c:25:
/home/satory-ra/Android/kernel/android_kernel_oukitel_orange/drivers/misc/mediatek/mach/mt6735/include/mach/upmu_hw.h:791:0: note: this is the location of the previous definition
 #define MT6328_CHR_CON20             ((MT6328_PMIC_REG_BASE+0x0F70))
 ^
In file included from drivers/misc/mediatek/spm/mt6735/mt_spm_sleep.c:40:0:
drivers/misc/mediatek/spm/mt6735/../../pmic_wrap/mt6735/pwrap_hal.h:1169:0: warning: "MT6328_CHR_CON21" redefined
 #define MT6328_CHR_CON21             ((UINT32)(MT6328_PMIC_REG_BASE+0x0F72))
 ^
In file included from /home/satory-ra/Android/kernel/android_kernel_oukitel_orange/drivers/misc/mediatek/mach/mt6735/include/mach/upmu_common.h:7:0,
                 from drivers/misc/mediatek/spm/mt6735/mt_spm_sleep.c:25:
/home/satory-ra/Android/kernel/android_kernel_oukitel_orange/drivers/misc/mediatek/mach/mt6735/include/mach/upmu_hw.h:792:0: note: this is the location of the previous definition
 #define MT6328_CHR_CON21             ((MT6328_PMIC_REG_BASE+0x0F72))
 ^
In file included from drivers/misc/mediatek/spm/mt6735/mt_spm_sleep.c:40:0:
drivers/misc/mediatek/spm/mt6735/../../pmic_wrap/mt6735/pwrap_hal.h:1170:0: warning: "MT6328_CHR_CON22" redefined
 #define MT6328_CHR_CON22             ((UINT32)(MT6328_PMIC_REG_BASE+0x0F74))
 ^
In file included from /home/satory-ra/Android/kernel/android_kernel_oukitel_orange/drivers/misc/mediatek/mach/mt6735/include/mach/upmu_common.h:7:0,
                 from drivers/misc/mediatek/spm/mt6735/mt_spm_sleep.c:25:
/home/satory-ra/Android/kernel/android_kernel_oukitel_orange/drivers/misc/mediatek/mach/mt6735/include/mach/upmu_hw.h:793:0: note: this is the location of the previous definition
 #define MT6328_CHR_CON22             ((MT6328_PMIC_REG_BASE+0x0F74))
 ^
In file included from drivers/misc/mediatek/spm/mt6735/mt_spm_sleep.c:40:0:
drivers/misc/mediatek/spm/mt6735/../../pmic_wrap/mt6735/pwrap_hal.h:1171:0: warning: "MT6328_CHR_CON23" redefined
 #define MT6328_CHR_CON23             ((UINT32)(MT6328_PMIC_REG_BASE+0x0F76))
 ^
In file included from /home/satory-ra/Android/kernel/android_kernel_oukitel_orange/drivers/misc/mediatek/mach/mt6735/include/mach/upmu_common.h:7:0,
                 from drivers/misc/mediatek/spm/mt6735/mt_spm_sleep.c:25:
/home/satory-ra/Android/kernel/android_kernel_oukitel_orange/drivers/misc/mediatek/mach/mt6735/include/mach/upmu_hw.h:794:0: note: this is the location of the previous definition
 #define MT6328_CHR_CON23             ((MT6328_PMIC_REG_BASE+0x0F76))
 ^
In file included from drivers/misc/mediatek/spm/mt6735/mt_spm_sleep.c:40:0:
drivers/misc/mediatek/spm/mt6735/../../pmic_wrap/mt6735/pwrap_hal.h:1172:0: warning: "MT6328_CHR_CON24" redefined
 #define MT6328_CHR_CON24             ((UINT32)(MT6328_PMIC_REG_BASE+0x0F78))
 ^
In file included from /home/satory-ra/Android/kernel/android_kernel_oukitel_orange/drivers/misc/mediatek/mach/mt6735/include/mach/upmu_common.h:7:0,
                 from drivers/misc/mediatek/spm/mt6735/mt_spm_sleep.c:25:
/home/satory-ra/Android/kernel/android_kernel_oukitel_orange/drivers/misc/mediatek/mach/mt6735/include/mach/upmu_hw.h:795:0: note: this is the location of the previous definition
 #define MT6328_CHR_CON24             ((MT6328_PMIC_REG_BASE+0x0F78))
 ^
In file included from drivers/misc/mediatek/spm/mt6735/mt_spm_sleep.c:40:0:
drivers/misc/mediatek/spm/mt6735/../../pmic_wrap/mt6735/pwrap_hal.h:1173:0: warning: "MT6328_CHR_CON25" redefined
 #define MT6328_CHR_CON25             ((UINT32)(MT6328_PMIC_REG_BASE+0x0F7A))
 ^
In file included from /home/satory-ra/Android/kernel/android_kernel_oukitel_orange/drivers/misc/mediatek/mach/mt6735/include/mach/upmu_common.h:7:0,
                 from drivers/misc/mediatek/spm/mt6735/mt_spm_sleep.c:25:
/home/satory-ra/Android/kernel/android_kernel_oukitel_orange/drivers/misc/mediatek/mach/mt6735/include/mach/upmu_hw.h:796:0: note: this is the location of the previous definition
 #define MT6328_CHR_CON25             ((MT6328_PMIC_REG_BASE+0x0F7A))
 ^
In file included from drivers/misc/mediatek/spm/mt6735/mt_spm_sleep.c:40:0:
drivers/misc/mediatek/spm/mt6735/../../pmic_wrap/mt6735/pwrap_hal.h:1174:0: warning: "MT6328_CHR_CON26" redefined
 #define MT6328_CHR_CON26             ((UINT32)(MT6328_PMIC_REG_BASE+0x0F7C))
 ^
In file included from /home/satory-ra/Android/kernel/android_kernel_oukitel_orange/drivers/misc/mediatek/mach/mt6735/include/mach/upmu_common.h:7:0,
                 from drivers/misc/mediatek/spm/mt6735/mt_spm_sleep.c:25:
/home/satory-ra/Android/kernel/android_kernel_oukitel_orange/drivers/misc/mediatek/mach/mt6735/include/mach/upmu_hw.h:797:0: note: this is the location of the previous definition
 #define MT6328_CHR_CON26             ((MT6328_PMIC_REG_BASE+0x0F7C))
 ^
In file included from drivers/misc/mediatek/spm/mt6735/mt_spm_sleep.c:40:0:
drivers/misc/mediatek/spm/mt6735/../../pmic_wrap/mt6735/pwrap_hal.h:1175:0: warning: "MT6328_CHR_CON27" redefined
 #define MT6328_CHR_CON27             ((UINT32)(MT6328_PMIC_REG_BASE+0x0F7E))
 ^
In file included from /home/satory-ra/Android/kernel/android_kernel_oukitel_orange/drivers/misc/mediatek/mach/mt6735/include/mach/upmu_common.h:7:0,
                 from drivers/misc/mediatek/spm/mt6735/mt_spm_sleep.c:25:
/home/satory-ra/Android/kernel/android_kernel_oukitel_orange/drivers/misc/mediatek/mach/mt6735/include/mach/upmu_hw.h:798:0: note: this is the location of the previous definition
 #define MT6328_CHR_CON27             ((MT6328_PMIC_REG_BASE+0x0F7E))
 ^
In file included from drivers/misc/mediatek/spm/mt6735/mt_spm_sleep.c:40:0:
drivers/misc/mediatek/spm/mt6735/../../pmic_wrap/mt6735/pwrap_hal.h:1176:0: warning: "MT6328_CHR_CON28" redefined
 #define MT6328_CHR_CON28             ((UINT32)(MT6328_PMIC_REG_BASE+0x0F80))
 ^
In file included from /home/satory-ra/Android/kernel/android_kernel_oukitel_orange/drivers/misc/mediatek/mach/mt6735/include/mach/upmu_common.h:7:0,
                 from drivers/misc/mediatek/spm/mt6735/mt_spm_sleep.c:25:
/home/satory-ra/Android/kernel/android_kernel_oukitel_orange/drivers/misc/mediatek/mach/mt6735/include/mach/upmu_hw.h:799:0: note: this is the location of the previous definition
 #define MT6328_CHR_CON28             ((MT6328_PMIC_REG_BASE+0x0F80))
 ^
In file included from drivers/misc/mediatek/spm/mt6735/mt_spm_sleep.c:40:0:
drivers/misc/mediatek/spm/mt6735/../../pmic_wrap/mt6735/pwrap_hal.h:1177:0: warning: "MT6328_CHR_CON29" redefined
 #define MT6328_CHR_CON29             ((UINT32)(MT6328_PMIC_REG_BASE+0x0F82))
 ^
In file included from /home/satory-ra/Android/kernel/android_kernel_oukitel_orange/drivers/misc/mediatek/mach/mt6735/include/mach/upmu_common.h:7:0,
                 from drivers/misc/mediatek/spm/mt6735/mt_spm_sleep.c:25:
/home/satory-ra/Android/kernel/android_kernel_oukitel_orange/drivers/misc/mediatek/mach/mt6735/include/mach/upmu_hw.h:800:0: note: this is the location of the previous definition
 #define MT6328_CHR_CON29             ((MT6328_PMIC_REG_BASE+0x0F82))
 ^
In file included from drivers/misc/mediatek/spm/mt6735/mt_spm_sleep.c:40:0:
drivers/misc/mediatek/spm/mt6735/../../pmic_wrap/mt6735/pwrap_hal.h:1178:0: warning: "MT6328_CHR_CON30" redefined
 #define MT6328_CHR_CON30             ((UINT32)(MT6328_PMIC_REG_BASE+0x0F84))
 ^
In file included from /home/satory-ra/Android/kernel/android_kernel_oukitel_orange/drivers/misc/mediatek/mach/mt6735/include/mach/upmu_common.h:7:0,
                 from drivers/misc/mediatek/spm/mt6735/mt_spm_sleep.c:25:
/home/satory-ra/Android/kernel/android_kernel_oukitel_orange/drivers/misc/mediatek/mach/mt6735/include/mach/upmu_hw.h:801:0: note: this is the location of the previous definition
 #define MT6328_CHR_CON30             ((MT6328_PMIC_REG_BASE+0x0F84))
 ^
In file included from drivers/misc/mediatek/spm/mt6735/mt_spm_sleep.c:40:0:
drivers/misc/mediatek/spm/mt6735/../../pmic_wrap/mt6735/pwrap_hal.h:1179:0: warning: "MT6328_CHR_CON31" redefined
 #define MT6328_CHR_CON31             ((UINT32)(MT6328_PMIC_REG_BASE+0x0F86))
 ^
In file included from /home/satory-ra/Android/kernel/android_kernel_oukitel_orange/drivers/misc/mediatek/mach/mt6735/include/mach/upmu_common.h:7:0,
                 from drivers/misc/mediatek/spm/mt6735/mt_spm_sleep.c:25:
/home/satory-ra/Android/kernel/android_kernel_oukitel_orange/drivers/misc/mediatek/mach/mt6735/include/mach/upmu_hw.h:802:0: note: this is the location of the previous definition
 #define MT6328_CHR_CON31             ((MT6328_PMIC_REG_BASE+0x0F86))
 ^
In file included from drivers/misc/mediatek/spm/mt6735/mt_spm_sleep.c:40:0:
drivers/misc/mediatek/spm/mt6735/../../pmic_wrap/mt6735/pwrap_hal.h:1180:0: warning: "MT6328_CHR_CON32" redefined
 #define MT6328_CHR_CON32             ((UINT32)(MT6328_PMIC_REG_BASE+0x0F88))
 ^
In file included from /home/satory-ra/Android/kernel/android_kernel_oukitel_orange/drivers/misc/mediatek/mach/mt6735/include/mach/upmu_common.h:7:0,
                 from drivers/misc/mediatek/spm/mt6735/mt_spm_sleep.c:25:
/home/satory-ra/Android/kernel/android_kernel_oukitel_orange/drivers/misc/mediatek/mach/mt6735/include/mach/upmu_hw.h:803:0: note: this is the location of the previous definition
 #define MT6328_CHR_CON32             ((MT6328_PMIC_REG_BASE+0x0F88))
 ^
In file included from drivers/misc/mediatek/spm/mt6735/mt_spm_sleep.c:40:0:
drivers/misc/mediatek/spm/mt6735/../../pmic_wrap/mt6735/pwrap_hal.h:1181:0: warning: "MT6328_CHR_CON33" redefined
 #define MT6328_CHR_CON33             ((UINT32)(MT6328_PMIC_REG_BASE+0x0F8A))
 ^
In file included from /home/satory-ra/Android/kernel/android_kernel_oukitel_orange/drivers/misc/mediatek/mach/mt6735/include/mach/upmu_common.h:7:0,
                 from drivers/misc/mediatek/spm/mt6735/mt_spm_sleep.c:25:
/home/satory-ra/Android/kernel/android_kernel_oukitel_orange/drivers/misc/mediatek/mach/mt6735/include/mach/upmu_hw.h:804:0: note: this is the location of the previous definition
 #define MT6328_CHR_CON33             ((MT6328_PMIC_REG_BASE+0x0F8A))
 ^
In file included from drivers/misc/mediatek/spm/mt6735/mt_spm_sleep.c:40:0:
drivers/misc/mediatek/spm/mt6735/../../pmic_wrap/mt6735/pwrap_hal.h:1182:0: warning: "MT6328_CHR_CON34" redefined
 #define MT6328_CHR_CON34             ((UINT32)(MT6328_PMIC_REG_BASE+0x0F8C))
 ^
In file included from /home/satory-ra/Android/kernel/android_kernel_oukitel_orange/drivers/misc/mediatek/mach/mt6735/include/mach/upmu_common.h:7:0,
                 from drivers/misc/mediatek/spm/mt6735/mt_spm_sleep.c:25:
/home/satory-ra/Android/kernel/android_kernel_oukitel_orange/drivers/misc/mediatek/mach/mt6735/include/mach/upmu_hw.h:805:0: note: this is the location of the previous definition
 #define MT6328_CHR_CON34             ((MT6328_PMIC_REG_BASE+0x0F8C))
 ^
In file included from drivers/misc/mediatek/spm/mt6735/mt_spm_sleep.c:40:0:
drivers/misc/mediatek/spm/mt6735/../../pmic_wrap/mt6735/pwrap_hal.h:1183:0: warning: "MT6328_CHR_CON35" redefined
 #define MT6328_CHR_CON35             ((UINT32)(MT6328_PMIC_REG_BASE+0x0F8E))
 ^
In file included from /home/satory-ra/Android/kernel/android_kernel_oukitel_orange/drivers/misc/mediatek/mach/mt6735/include/mach/upmu_common.h:7:0,
                 from drivers/misc/mediatek/spm/mt6735/mt_spm_sleep.c:25:
/home/satory-ra/Android/kernel/android_kernel_oukitel_orange/drivers/misc/mediatek/mach/mt6735/include/mach/upmu_hw.h:806:0: note: this is the location of the previous definition
 #define MT6328_CHR_CON35             ((MT6328_PMIC_REG_BASE+0x0F8E))
 ^
In file included from drivers/misc/mediatek/spm/mt6735/mt_spm_sleep.c:40:0:
drivers/misc/mediatek/spm/mt6735/../../pmic_wrap/mt6735/pwrap_hal.h:1184:0: warning: "MT6328_CHR_CON36" redefined
 #define MT6328_CHR_CON36             ((UINT32)(MT6328_PMIC_REG_BASE+0x0F90))
 ^
In file included from /home/satory-ra/Android/kernel/android_kernel_oukitel_orange/drivers/misc/mediatek/mach/mt6735/include/mach/upmu_common.h:7:0,
                 from drivers/misc/mediatek/spm/mt6735/mt_spm_sleep.c:25:
/home/satory-ra/Android/kernel/android_kernel_oukitel_orange/drivers/misc/mediatek/mach/mt6735/include/mach/upmu_hw.h:807:0: note: this is the location of the previous definition
 #define MT6328_CHR_CON36             ((MT6328_PMIC_REG_BASE+0x0F90))
 ^
In file included from drivers/misc/mediatek/spm/mt6735/mt_spm_sleep.c:40:0:
drivers/misc/mediatek/spm/mt6735/../../pmic_wrap/mt6735/pwrap_hal.h:1185:0: warning: "MT6328_CHR_CON37" redefined
 #define MT6328_CHR_CON37             ((UINT32)(MT6328_PMIC_REG_BASE+0x0F92))
 ^
In file included from /home/satory-ra/Android/kernel/android_kernel_oukitel_orange/drivers/misc/mediatek/mach/mt6735/include/mach/upmu_common.h:7:0,
                 from drivers/misc/mediatek/spm/mt6735/mt_spm_sleep.c:25:
/home/satory-ra/Android/kernel/android_kernel_oukitel_orange/drivers/misc/mediatek/mach/mt6735/include/mach/upmu_hw.h:808:0: note: this is the location of the previous definition
 #define MT6328_CHR_CON37             ((MT6328_PMIC_REG_BASE+0x0F92))
 ^
In file included from drivers/misc/mediatek/spm/mt6735/mt_spm_sleep.c:40:0:
drivers/misc/mediatek/spm/mt6735/../../pmic_wrap/mt6735/pwrap_hal.h:1186:0: warning: "MT6328_CHR_CON38" redefined
 #define MT6328_CHR_CON38             ((UINT32)(MT6328_PMIC_REG_BASE+0x0F94))
 ^
In file included from /home/satory-ra/Android/kernel/android_kernel_oukitel_orange/drivers/misc/mediatek/mach/mt6735/include/mach/upmu_common.h:7:0,
                 from drivers/misc/mediatek/spm/mt6735/mt_spm_sleep.c:25:
/home/satory-ra/Android/kernel/android_kernel_oukitel_orange/drivers/misc/mediatek/mach/mt6735/include/mach/upmu_hw.h:809:0: note: this is the location of the previous definition
 #define MT6328_CHR_CON38             ((MT6328_PMIC_REG_BASE+0x0F94))
 ^
In file included from drivers/misc/mediatek/spm/mt6735/mt_spm_sleep.c:40:0:
drivers/misc/mediatek/spm/mt6735/../../pmic_wrap/mt6735/pwrap_hal.h:1187:0: warning: "MT6328_CHR_CON39" redefined
 #define MT6328_CHR_CON39             ((UINT32)(MT6328_PMIC_REG_BASE+0x0F96))
 ^
  CC      drivers/misc/mediatek/thermal/mtk_cooler_kshutdown.o
In file included from /home/satory-ra/Android/kernel/android_kernel_oukitel_orange/drivers/misc/mediatek/mach/mt6735/include/mach/upmu_common.h:7:0,
                 from drivers/misc/mediatek/spm/mt6735/mt_spm_sleep.c:25:
/home/satory-ra/Android/kernel/android_kernel_oukitel_orange/drivers/misc/mediatek/mach/mt6735/include/mach/upmu_hw.h:810:0: note: this is the location of the previous definition
 #define MT6328_CHR_CON39             ((MT6328_PMIC_REG_BASE+0x0F96))
 ^
In file included from drivers/misc/mediatek/spm/mt6735/mt_spm_sleep.c:40:0:
drivers/misc/mediatek/spm/mt6735/../../pmic_wrap/mt6735/pwrap_hal.h:1188:0: warning: "MT6328_CHR_CON40" redefined
 #define MT6328_CHR_CON40             ((UINT32)(MT6328_PMIC_REG_BASE+0x0F98))
 ^
In file included from /home/satory-ra/Android/kernel/android_kernel_oukitel_orange/drivers/misc/mediatek/mach/mt6735/include/mach/upmu_common.h:7:0,
                 from drivers/misc/mediatek/spm/mt6735/mt_spm_sleep.c:25:
/home/satory-ra/Android/kernel/android_kernel_oukitel_orange/drivers/misc/mediatek/mach/mt6735/include/mach/upmu_hw.h:811:0: note: this is the location of the previous definition
 #define MT6328_CHR_CON40             ((MT6328_PMIC_REG_BASE+0x0F98))
 ^
In file included from drivers/misc/mediatek/spm/mt6735/mt_spm_sleep.c:40:0:
drivers/misc/mediatek/spm/mt6735/../../pmic_wrap/mt6735/pwrap_hal.h:1189:0: warning: "MT6328_CHR_CON41" redefined
 #define MT6328_CHR_CON41             ((UINT32)(MT6328_PMIC_REG_BASE+0x0F9A))
 ^
In file included from /home/satory-ra/Android/kernel/android_kernel_oukitel_orange/drivers/misc/mediatek/mach/mt6735/include/mach/upmu_common.h:7:0,
                 from drivers/misc/mediatek/spm/mt6735/mt_spm_sleep.c:25:
/home/satory-ra/Android/kernel/android_kernel_oukitel_orange/drivers/misc/mediatek/mach/mt6735/include/mach/upmu_hw.h:812:0: note: this is the location of the previous definition
 #define MT6328_CHR_CON41             ((MT6328_PMIC_REG_BASE+0x0F9A))
 ^
In file included from drivers/misc/mediatek/spm/mt6735/mt_spm_sleep.c:40:0:
drivers/misc/mediatek/spm/mt6735/../../pmic_wrap/mt6735/pwrap_hal.h:1190:0: warning: "MT6328_CHR_CON42" redefined
 #define MT6328_CHR_CON42             ((UINT32)(MT6328_PMIC_REG_BASE+0x0F9C))
 ^
In file included from /home/satory-ra/Android/kernel/android_kernel_oukitel_orange/drivers/misc/mediatek/mach/mt6735/include/mach/upmu_common.h:7:0,
                 from drivers/misc/mediatek/spm/mt6735/mt_spm_sleep.c:25:
/home/satory-ra/Android/kernel/android_kernel_oukitel_orange/drivers/misc/mediatek/mach/mt6735/include/mach/upmu_hw.h:813:0: note: this is the location of the previous definition
 #define MT6328_CHR_CON42             ((MT6328_PMIC_REG_BASE+0x0F9C))
 ^
In file included from drivers/misc/mediatek/spm/mt6735/mt_spm_sleep.c:40:0:
drivers/misc/mediatek/spm/mt6735/../../pmic_wrap/mt6735/pwrap_hal.h:1191:0: warning: "MT6328_BATON_CON0" redefined
 #define MT6328_BATON_CON0            ((UINT32)(MT6328_PMIC_REG_BASE+0x0F9E))
 ^
In file included from /home/satory-ra/Android/kernel/android_kernel_oukitel_orange/drivers/misc/mediatek/mach/mt6735/include/mach/upmu_common.h:7:0,
                 from drivers/misc/mediatek/spm/mt6735/mt_spm_sleep.c:25:
/home/satory-ra/Android/kernel/android_kernel_oukitel_orange/drivers/misc/mediatek/mach/mt6735/include/mach/upmu_hw.h:814:0: note: this is the location of the previous definition
 #define MT6328_BATON_CON0            ((MT6328_PMIC_REG_BASE+0x0F9E))
 ^
In file included from drivers/misc/mediatek/spm/mt6735/mt_spm_sleep.c:40:0:
drivers/misc/mediatek/spm/mt6735/../../pmic_wrap/mt6735/pwrap_hal.h:1192:0: warning: "MT6328_CHR_CON43" redefined
 #define MT6328_CHR_CON43             ((UINT32)(MT6328_PMIC_REG_BASE+0x0FA0))
 ^
In file included from /home/satory-ra/Android/kernel/android_kernel_oukitel_orange/drivers/misc/mediatek/mach/mt6735/include/mach/upmu_common.h:7:0,
                 from drivers/misc/mediatek/spm/mt6735/mt_spm_sleep.c:25:
/home/satory-ra/Android/kernel/android_kernel_oukitel_orange/drivers/misc/mediatek/mach/mt6735/include/mach/upmu_hw.h:815:0: note: this is the location of the previous definition
 #define MT6328_CHR_CON43             ((MT6328_PMIC_REG_BASE+0x0FA0))
 ^
In file included from drivers/misc/mediatek/spm/mt6735/mt_spm_sleep.c:40:0:
drivers/misc/mediatek/spm/mt6735/../../pmic_wrap/mt6735/pwrap_hal.h:1193:0: warning: "MT6328_EOSC_CALI_CON0" redefined
 #define MT6328_EOSC_CALI_CON0        ((UINT32)(MT6328_PMIC_REG_BASE+0x0FAA))
 ^
In file included from /home/satory-ra/Android/kernel/android_kernel_oukitel_orange/drivers/misc/mediatek/mach/mt6735/include/mach/upmu_common.h:7:0,
                 from drivers/misc/mediatek/spm/mt6735/mt_spm_sleep.c:25:
/home/satory-ra/Android/kernel/android_kernel_oukitel_orange/drivers/misc/mediatek/mach/mt6735/include/mach/upmu_hw.h:816:0: note: this is the location of the previous definition
 #define MT6328_EOSC_CALI_CON0        ((MT6328_PMIC_REG_BASE+0x0FAA))
 ^
In file included from drivers/misc/mediatek/spm/mt6735/mt_spm_sleep.c:40:0:
drivers/misc/mediatek/spm/mt6735/../../pmic_wrap/mt6735/pwrap_hal.h:1194:0: warning: "MT6328_EOSC_CALI_CON1" redefined
 #define MT6328_EOSC_CALI_CON1        ((UINT32)(MT6328_PMIC_REG_BASE+0x0FAC))
 ^
In file included from /home/satory-ra/Android/kernel/android_kernel_oukitel_orange/drivers/misc/mediatek/mach/mt6735/include/mach/upmu_common.h:7:0,
                 from drivers/misc/mediatek/spm/mt6735/mt_spm_sleep.c:25:
/home/satory-ra/Android/kernel/android_kernel_oukitel_orange/drivers/misc/mediatek/mach/mt6735/include/mach/upmu_hw.h:817:0: note: this is the location of the previous definition
 #define MT6328_EOSC_CALI_CON1        ((MT6328_PMIC_REG_BASE+0x0FAC))
 ^
In file included from drivers/misc/mediatek/spm/mt6735/mt_spm_sleep.c:40:0:
drivers/misc/mediatek/spm/mt6735/../../pmic_wrap/mt6735/pwrap_hal.h:1195:0: warning: "MT6328_VRTC_PWM_CON0" redefined
 #define MT6328_VRTC_PWM_CON0         ((UINT32)(MT6328_PMIC_REG_BASE+0x0FAE))
 ^
In file included from /home/satory-ra/Android/kernel/android_kernel_oukitel_orange/drivers/misc/mediatek/mach/mt6735/include/mach/upmu_common.h:7:0,
                 from drivers/misc/mediatek/spm/mt6735/mt_spm_sleep.c:25:
/home/satory-ra/Android/kernel/android_kernel_oukitel_orange/drivers/misc/mediatek/mach/mt6735/include/mach/upmu_hw.h:818:0: note: this is the location of the previous definition
 #define MT6328_VRTC_PWM_CON0         ((MT6328_PMIC_REG_BASE+0x0FAE))
 ^
drivers/misc/mediatek/spm/mt6735/mt_spm_sleep.c:696:0: warning: "MP0_AXI_CONFIG" redefined
 #define MP0_AXI_CONFIG       (MCUCFG_BASE + 0x2C)
 ^
drivers/misc/mediatek/spm/mt6735/mt_spm_sleep.c:75:0: note: this is the location of the previous definition
 #define MP0_AXI_CONFIG          (K2_MCUCFG_BASE + 0x2C) 
 ^
drivers/misc/mediatek/spm/mt6735/mt_spm_sleep.c:698:0: warning: "MP1_AXI_CONFIG" redefined
 #define MP1_AXI_CONFIG       (MCUCFG_BASE + 0x22C)
 ^
drivers/misc/mediatek/spm/mt6735/mt_spm_sleep.c:76:0: note: this is the location of the previous definition
 #define MP1_AXI_CONFIG          (K2_MCUCFG_BASE + 0x22C) 
 ^
drivers/misc/mediatek/spm/mt6735/mt_spm_sleep.c: In function 'spm_go_to_sleep':
drivers/misc/mediatek/spm/mt6735/mt_spm_sleep.c:1279:27: warning: unused variable 'temp_b' [-Wunused-variable]
     unsigned long temp_a, temp_b;
                           ^
drivers/misc/mediatek/spm/mt6735/mt_spm_sleep.c:1279:19: warning: unused variable 'temp_a' [-Wunused-variable]
     unsigned long temp_a, temp_b;
                   ^
In file included from drivers/misc/mediatek/spm/mt6735/mt_spm_sleep.c:53:0:
drivers/misc/mediatek/spm/mt6735/mt_spm_sleep.c: At top level:
drivers/misc/mediatek/uart/mt6735/platform_uart.c:1960:13: warning: 'reset_rx_raw_data' defined but not used [-Wunused-function]
 static void reset_rx_raw_data(struct mtk_uart *uart)
             ^
drivers/misc/mediatek/uart/mt6735/platform_uart.c:1980:13: warning: 'save_rx_raw_data' defined but not used [-Wunused-function]
 static void save_rx_raw_data(struct mtk_uart *uart, const unsigned char *chars, size_t size)
             ^
/home/satory-ra/Android/kernel/android_kernel_oukitel_orange/drivers/misc/mediatek/mach/mt6735/include/mach/mt_secure_api.h:49:21: warning: 'mt_secure_call' defined but not used [-Wunused-function]
 static noinline int mt_secure_call(u32 function_id, u32 arg0, u32 arg1, u32 arg2)
                     ^
  CC      drivers/misc/mediatek/thermal/mtk_cooler_cam.o
In file included from drivers/misc/mediatek/thermal/mtk_cooler_cam.c:9:0:
drivers/misc/mediatek/thermal/mtk_cooler_cam.c: In function '_cl_cam_write':
include/linux/kernel.h:676:17: warning: comparison of distinct pointer types lacks a cast
  (void) (&_min1 == &_min2);  \
                 ^
drivers/misc/mediatek/thermal/mtk_cooler_cam.c:41:8: note: in expansion of macro 'min'
  len = min(len,MAX_LEN-1);
        ^
  CC      drivers/misc/mediatek/spm/mt6735/mt_spm_vcore_dvfs_2.o
  CC      drivers/misc/mediatek/thermal/mtk_cooler_vrt.o
In file included from drivers/misc/mediatek/thermal/mtk_cooler_vrt.c:7:0:
drivers/misc/mediatek/thermal/mtk_cooler_vrt.c: In function '_cl_vrt_write':
include/linux/kernel.h:676:17: warning: comparison of distinct pointer types lacks a cast
  (void) (&_min1 == &_min2);  \
                 ^
drivers/misc/mediatek/thermal/mtk_cooler_vrt.c:38:8: note: in expansion of macro 'min'
  len = min(len,MAX_LEN-1);
        ^
In file included from include/mach/mt_gpio.h:15:0,
                 from drivers/misc/mediatek/spm/mt6735/mt_spm_internal.h:12,
                 from drivers/misc/mediatek/spm/mt6735/mt_spm_vcore_dvfs_2.c:9:
/home/satory-ra/Android/kernel/android_kernel_oukitel_orange/drivers/misc/mediatek/mach/mt6735/Sprint4g/dct/dct/inc/cust_gpio_usage.h:481:0: warning: "GPIO_KPD_KCOL1_PIN_M_UCTS" redefined
 #define GPIO_KPD_KCOL1_PIN_M_UCTS   GPIO_MODE_03
 ^
/home/satory-ra/Android/kernel/android_kernel_oukitel_orange/drivers/misc/mediatek/mach/mt6735/Sprint4g/dct/dct/inc/cust_gpio_usage.h:480:0: note: this is the location of the previous definition
 #define GPIO_KPD_KCOL1_PIN_M_UCTS   GPIO_MODE_02
 ^
  CC      drivers/misc/mediatek/thermal/mt6735/mtk_thermal_platform.o
  CC      drivers/misc/mediatek/spm/mt6735/mt_spm_sodi2.o
In file included from include/mach/mt_gpio.h:15:0,
                 from drivers/misc/mediatek/spm/mt6735/mt_spm_internal.h:12,
                 from drivers/misc/mediatek/spm/mt6735/mt_spm_sodi2.c:24:
/home/satory-ra/Android/kernel/android_kernel_oukitel_orange/drivers/misc/mediatek/mach/mt6735/Sprint4g/dct/dct/inc/cust_gpio_usage.h:481:0: warning: "GPIO_KPD_KCOL1_PIN_M_UCTS" redefined
 #define GPIO_KPD_KCOL1_PIN_M_UCTS   GPIO_MODE_03
 ^
/home/satory-ra/Android/kernel/android_kernel_oukitel_orange/drivers/misc/mediatek/mach/mt6735/Sprint4g/dct/dct/inc/cust_gpio_usage.h:480:0: note: this is the location of the previous definition
 #define GPIO_KPD_KCOL1_PIN_M_UCTS   GPIO_MODE_02
 ^
  LD      drivers/misc/mediatek/uart/mt6735/built-in.o
  LD      drivers/misc/mediatek/uart/built-in.o
  CC      drivers/misc/mediatek/spm/mt6735/mt_spm_dpidle2.o
  CC      drivers/misc/mediatek/usb20/mt6735/usb20.o
  CC      drivers/misc/mediatek/thermal/mt6735/mtk_ts_pa_thput.o
In file included from include/mach/mt_gpio.h:15:0,
                 from drivers/misc/mediatek/spm/mt6735/mt_spm_internal.h:12,
                 from drivers/misc/mediatek/spm/mt6735/mt_spm_dpidle2.c:18:
/home/satory-ra/Android/kernel/android_kernel_oukitel_orange/drivers/misc/mediatek/mach/mt6735/Sprint4g/dct/dct/inc/cust_gpio_usage.h:481:0: warning: "GPIO_KPD_KCOL1_PIN_M_UCTS" redefined
 #define GPIO_KPD_KCOL1_PIN_M_UCTS   GPIO_MODE_03
 ^
/home/satory-ra/Android/kernel/android_kernel_oukitel_orange/drivers/misc/mediatek/mach/mt6735/Sprint4g/dct/dct/inc/cust_gpio_usage.h:480:0: note: this is the location of the previous definition
 #define GPIO_KPD_KCOL1_PIN_M_UCTS   GPIO_MODE_02
 ^
In file included from drivers/misc/mediatek/usb20/mt6735/usb20.c:29:0:
/home/satory-ra/Android/kernel/android_kernel_oukitel_orange/drivers/misc/mediatek/mach/mt6735/Sprint4g/dct/dct/inc/cust_gpio_usage.h:481:0: warning: "GPIO_KPD_KCOL1_PIN_M_UCTS" redefined
 #define GPIO_KPD_KCOL1_PIN_M_UCTS   GPIO_MODE_03
 ^
/home/satory-ra/Android/kernel/android_kernel_oukitel_orange/drivers/misc/mediatek/mach/mt6735/Sprint4g/dct/dct/inc/cust_gpio_usage.h:480:0: note: this is the location of the previous definition
 #define GPIO_KPD_KCOL1_PIN_M_UCTS   GPIO_MODE_02
 ^
  LD      drivers/misc/mediatek/spm/mt6735/built-in.o
  LD      drivers/misc/mediatek/spm/built-in.o
  CC      drivers/misc/mediatek/thermal/mt6735/mtk_cooler_bcct.o
  CC      drivers/misc/mediatek/thermal/mt6735/mtk_ts_wmt.o
  CC      drivers/misc/mediatek/thermal/mt6735/mtk_cooler_mutt.o
  CC      drivers/misc/mediatek/usb20/mt6735/usb20_phy.o
In file included from include/linux/cache.h:4:0,
                 from include/linux/rcupdate.h:37,
                 from include/linux/idr.h:18,
                 from include/linux/thermal.h:28,
                 from drivers/misc/mediatek/thermal/mt6735/mtk_ts_wmt.c:2:
drivers/misc/mediatek/thermal/mt6735/mtk_ts_wmt.c: In function 'wmt_tm_wfd_write':
include/linux/kernel.h:676:17: warning: comparison of distinct pointer types lacks a cast
  (void) (&_min1 == &_min2);  \
                 ^
drivers/misc/mediatek/thermal/mt6735/mtk_ts_wmt.c:965:8: note: in expansion of macro 'min'
  len = min(len,MAX_LEN-1);
        ^
  CC      drivers/misc/mediatek/usb20/musb_core.o
  CC      drivers/misc/mediatek/usb20/mt6735/usb20_host.o
In file included from include/mach/mt_gpio.h:15:0,
                 from drivers/misc/mediatek/usb20/mt6735/usb20_host.c:23:
/home/satory-ra/Android/kernel/android_kernel_oukitel_orange/drivers/misc/mediatek/mach/mt6735/Sprint4g/dct/dct/inc/cust_gpio_usage.h:481:0: warning: "GPIO_KPD_KCOL1_PIN_M_UCTS" redefined
 #define GPIO_KPD_KCOL1_PIN_M_UCTS   GPIO_MODE_03
 ^
/home/satory-ra/Android/kernel/android_kernel_oukitel_orange/drivers/misc/mediatek/mach/mt6735/Sprint4g/dct/dct/inc/cust_gpio_usage.h:480:0: note: this is the location of the previous definition
 #define GPIO_KPD_KCOL1_PIN_M_UCTS   GPIO_MODE_02
 ^
  CC      drivers/misc/mediatek/usb20/mt6735/usb20_phy_debugfs.o
  CC      drivers/misc/mediatek/thermal/mt6735/mtk_cooler_amutt.o
  LD      drivers/misc/mediatek/usb20/mt6735/built-in.o
  CC      drivers/misc/mediatek/thermal/mt6735/mtk_ts_pmic.o
drivers/misc/mediatek/thermal/mt6735/mtk_ts_pmic.c: In function 'mtktspmic_read_efuse':
drivers/misc/mediatek/thermal/mt6735/mtk_ts_pmic.c:98:10: warning: unused variable 'j' [-Wunused-variable]
  int i=0,j=0;
          ^
drivers/misc/mediatek/thermal/mt6735/mtk_ts_pmic.c:98:6: warning: unused variable 'i' [-Wunused-variable]
  int i=0,j=0;
      ^
drivers/misc/mediatek/thermal/mt6735/mtk_ts_pmic.c:97:6: warning: unused variable 'reg_val' [-Wunused-variable]
  U32 reg_val=0;
      ^
drivers/misc/mediatek/thermal/mt6735/mtk_ts_pmic.c:96:6: warning: unused variable 'ret' [-Wunused-variable]
  U32 ret=0;
      ^
  CC      drivers/misc/mediatek/usb20/musb_gadget_ep0.o
  CC      drivers/misc/mediatek/thermal/mt6735/mtk_ts_bts.o
  CC      drivers/misc/mediatek/usb20/musb_gadget.o
  CC      drivers/misc/mediatek/thermal/mt6735/mtk_ts_btsmdpa.o
  CC      drivers/misc/mediatek/usb20/musb_virthub.o
  CC      drivers/misc/mediatek/vcorefs/mt6735/mt_vcore_dvfs_2.o
  CC      drivers/misc/mediatek/thermal/mt6735/mtk_ts_all_ts.o
  CC      drivers/misc/mediatek/usb20/musb_host.o
  LD      drivers/misc/mediatek/vcorefs/mt6735/built-in.o
  LD      drivers/misc/mediatek/vcorefs/built-in.o
  CC      drivers/misc/mediatek/vibrator/vibrator_drv.o
In file included from include/mach/mt_gpio.h:15:0,
                 from /home/satory-ra/Android/kernel/android_kernel_oukitel_orange/drivers/misc/mediatek/mach/mt6735/Sprint4g/vibrator/cust_vibrator.h:6,
                 from drivers/misc/mediatek/vibrator/vibrator_drv.c:31:
/home/satory-ra/Android/kernel/android_kernel_oukitel_orange/drivers/misc/mediatek/mach/mt6735/Sprint4g/dct/dct/inc/cust_gpio_usage.h:481:0: warning: "GPIO_KPD_KCOL1_PIN_M_UCTS" redefined
 #define GPIO_KPD_KCOL1_PIN_M_UCTS   GPIO_MODE_03
 ^
/home/satory-ra/Android/kernel/android_kernel_oukitel_orange/drivers/misc/mediatek/mach/mt6735/Sprint4g/dct/dct/inc/cust_gpio_usage.h:480:0: note: this is the location of the previous definition
 #define GPIO_KPD_KCOL1_PIN_M_UCTS   GPIO_MODE_02
 ^
  CC      drivers/misc/mediatek/vibrator/mt6735/vibrator.o
In file included from include/mach/mt_gpio.h:15:0,
                 from /home/satory-ra/Android/kernel/android_kernel_oukitel_orange/drivers/misc/mediatek/mach/mt6735/Sprint4g/vibrator/cust_vibrator.h:6,
                 from drivers/misc/mediatek/vibrator/mt6735/vibrator.c:17:
/home/satory-ra/Android/kernel/android_kernel_oukitel_orange/drivers/misc/mediatek/mach/mt6735/Sprint4g/dct/dct/inc/cust_gpio_usage.h:481:0: warning: "GPIO_KPD_KCOL1_PIN_M_UCTS" redefined
 #define GPIO_KPD_KCOL1_PIN_M_UCTS   GPIO_MODE_03
 ^
/home/satory-ra/Android/kernel/android_kernel_oukitel_orange/drivers/misc/mediatek/mach/mt6735/Sprint4g/dct/dct/inc/cust_gpio_usage.h:480:0: note: this is the location of the previous definition
 #define GPIO_KPD_KCOL1_PIN_M_UCTS   GPIO_MODE_02
 ^
  LD      drivers/misc/mediatek/vibrator/mt6735/built-in.o
  LD      drivers/misc/mediatek/vibrator/built-in.o
  CC      drivers/misc/mediatek/videocodec/videocodec_kernel.o
  CC      drivers/misc/mediatek/thermal/mt6735/mtk_ts_pa.o
  CC      drivers/misc/mediatek/videocodec/mt6735/videocodec_kernel_driver_D2.o
  CC      drivers/misc/mediatek/thermal/mt6735/mtk_ts_battery.o
  CC      drivers/misc/mediatek/thermal/mt6735/mtk_ts_cpu_6735m.o
  CC      drivers/misc/mediatek/videocodec/mt6735/common/val/src/val.o
  CC      drivers/misc/mediatek/videocodec/mt6735/common/drv/src/drv_base.o
  LD      drivers/misc/mediatek/videocodec/mt6735/vcodec_kernel_driver.o
  LD      drivers/misc/mediatek/videocodec/mt6735/built-in.o
  LD      drivers/misc/mediatek/videocodec/built-in.o
  CC      drivers/misc/mediatek/videox/mt6735/mtkfb_console.o
  CC      drivers/misc/mediatek/usb20/musbhsdma.o
  LD      drivers/misc/mediatek/thermal/mt6735/built-in.o
  LD      drivers/misc/mediatek/thermal/built-in.o
  CC      drivers/misc/mediatek/watchpoint/mt6735/aarch32/hw_watchpoint_aarch32.o
drivers/misc/mediatek/watchpoint/mt6735/aarch32/hw_watchpoint_aarch32.c: In function 'hw_watchpoint_init':
drivers/misc/mediatek/watchpoint/mt6735/aarch32/hw_watchpoint_aarch32.c:576:9: warning: unused variable 'ret' [-Wunused-variable]
     int ret;
         ^
  CC      drivers/misc/mediatek/videox/mt6735/disp_assert_layer.o
In file included from drivers/misc/mediatek/videox/mt6735/disp_assert_layer.c:3:0:
drivers/misc/mediatek/videox/mt6735/primary_display.h:195:1: warning: no semicolon at end of struct or union
 }disp_internal_buffer_info ;
 ^
drivers/misc/mediatek/videox/mt6735/primary_display.h:356:1: warning: function declaration isn't a prototype [-Wstrict-prototypes]
 int primary_display_check_test();
 ^
In file included from drivers/misc/mediatek/videox/mt6735/disp_drv_log.h:3:0,
                 from drivers/misc/mediatek/videox/mt6735/disp_assert_layer.c:5:
/home/satory-ra/Android/kernel/android_kernel_oukitel_orange/drivers/misc/mediatek/dispsys/mt6735/display_recorder.h:152:1: warning: function declaration isn't a prototype [-Wstrict-prototypes]
 void dprec_logger_dump_reset();
 ^
/home/satory-ra/Android/kernel/android_kernel_oukitel_orange/drivers/misc/mediatek/dispsys/mt6735/display_recorder.h:153:1: warning: function declaration isn't a prototype [-Wstrict-prototypes]
 char *dprec_logger_get_dump_addr();
 ^
/home/satory-ra/Android/kernel/android_kernel_oukitel_orange/drivers/misc/mediatek/dispsys/mt6735/display_recorder.h:154:1: warning: function declaration isn't a prototype [-Wstrict-prototypes]
 unsigned int dprec_logger_get_dump_len();
 ^
  CC      drivers/misc/mediatek/watchpoint/mt6735/aarch32/mt_dbg_aarch32.o
In file included from include/mach/mt_gpio.h:15:0,
                 from /home/satory-ra/Android/kernel/android_kernel_oukitel_orange/drivers/misc/mediatek/videox/mt6735/mt6735m/disp_drv_platform.h:6,
                 from drivers/misc/mediatek/videox/mt6735/disp_assert_layer.c:24:
/home/satory-ra/Android/kernel/android_kernel_oukitel_orange/drivers/misc/mediatek/mach/mt6735/Sprint4g/dct/dct/inc/cust_gpio_usage.h:481:0: warning: "GPIO_KPD_KCOL1_PIN_M_UCTS" redefined
 #define GPIO_KPD_KCOL1_PIN_M_UCTS   GPIO_MODE_03
 ^
/home/satory-ra/Android/kernel/android_kernel_oukitel_orange/drivers/misc/mediatek/mach/mt6735/Sprint4g/dct/dct/inc/cust_gpio_usage.h:480:0: note: this is the location of the previous definition
 #define GPIO_KPD_KCOL1_PIN_M_UCTS   GPIO_MODE_02
 ^
drivers/misc/mediatek/videox/mt6735/disp_assert_layer.c: In function 'DAL_Clean':
drivers/misc/mediatek/videox/mt6735/disp_assert_layer.c:224:22: warning: assignment makes pointer from integer without a cast
   input.src_phy_addr = (unsigned int)dal_fb_pa;
                      ^
drivers/misc/mediatek/videox/mt6735/disp_assert_layer.c:251:2: warning: label 'End' defined but not used [-Wunused-label]
  End:
  ^
drivers/misc/mediatek/videox/mt6735/disp_assert_layer.c:194:15: warning: unused variable 'BG_COLOR' [-Wunused-variable]
  const UINT32 BG_COLOR = MAKE_TWO_RGB565_COLOR(DAL_BG_COLOR, DAL_BG_COLOR);
               ^
drivers/misc/mediatek/videox/mt6735/disp_assert_layer.c: In function 'DAL_Printf':
drivers/misc/mediatek/videox/mt6735/disp_assert_layer.c:308:22: warning: assignment makes pointer from integer without a cast
   input.src_phy_addr = (unsigned int)dal_fb_pa;
                      ^
drivers/misc/mediatek/videox/mt6735/disp_assert_layer.c:346:1: warning: label 'End' defined but not used [-Wunused-label]
 End:
 ^
drivers/misc/mediatek/videox/mt6735/disp_assert_layer.c: At top level:
drivers/misc/mediatek/videox/mt6735/disp_assert_layer.c:92:14: warning: 'dal_enable_when_resume' defined but not used [-Wunused-variable]
 static BOOL  dal_enable_when_resume = FALSE;
              ^
drivers/misc/mediatek/videox/mt6735/disp_assert_layer.c:93:14: warning: 'dal_disable_when_resume' defined but not used [-Wunused-variable]
 static BOOL  dal_disable_when_resume = FALSE;
              ^
drivers/misc/mediatek/videox/mt6735/disp_assert_layer.c:117:19: warning: 'DAL_SetRedScreen' defined but not used [-Wunused-function]
 static DAL_STATUS DAL_SetRedScreen(UINT32 *addr)
                   ^
  CC      drivers/misc/mediatek/usb20/mtk_qmu.o
  CC      drivers/misc/mediatek/videox/mt6735/mtkfb.o
  LD      drivers/misc/mediatek/watchpoint/mt6735/aarch32/built-in.o
  LD      drivers/misc/mediatek/watchpoint/mt6735/built-in.o
  LD      drivers/misc/mediatek/watchpoint/built-in.o
In file included from drivers/misc/mediatek/videox/mt6735/mtkfb.c:5:0:
include/linux/fb.h:26:0: warning: "CONFIG_DMA_SHARED_BUFFER" redefined
 #define CONFIG_DMA_SHARED_BUFFER
 ^
In file included from drivers/misc/mediatek/videox/mt6735/mtkfb.c:1:0:
include/generated/autoconf.h:920:0: note: this is the location of the previous definition
 #define CONFIG_DMA_SHARED_BUFFER 1
 ^
In file included from drivers/misc/mediatek/videox/mt6735/mtkfb.c:36:0:
drivers/misc/mediatek/videox/mt6735/debug.h:189:1: warning: function declaration isn't a prototype [-Wstrict-prototypes]
 bool get_ovl1_to_mem_on();
 ^
In file included from /home/satory-ra/Android/kernel/android_kernel_oukitel_orange/drivers/misc/mediatek/dispsys/mt6735/ddp_log.h:6:0,
                 from drivers/misc/mediatek/videox/mt6735/mtkfb.c:39:
/home/satory-ra/Android/kernel/android_kernel_oukitel_orange/drivers/misc/mediatek/dispsys/mt6735/display_recorder.h:152:1: warning: function declaration isn't a prototype [-Wstrict-prototypes]
 void dprec_logger_dump_reset();
 ^
/home/satory-ra/Android/kernel/android_kernel_oukitel_orange/drivers/misc/mediatek/dispsys/mt6735/display_recorder.h:153:1: warning: function declaration isn't a prototype [-Wstrict-prototypes]
 char *dprec_logger_get_dump_addr();
 ^
/home/satory-ra/Android/kernel/android_kernel_oukitel_orange/drivers/misc/mediatek/dispsys/mt6735/display_recorder.h:154:1: warning: function declaration isn't a prototype [-Wstrict-prototypes]
 unsigned int dprec_logger_get_dump_len();
 ^
  CC      drivers/misc/mediatek/wdk/wd_common_drv.o
In file included from include/mach/mt_gpio.h:15:0,
                 from /home/satory-ra/Android/kernel/android_kernel_oukitel_orange/drivers/misc/mediatek/videox/mt6735/mt6735m/disp_drv_platform.h:6,
                 from drivers/misc/mediatek/videox/mt6735/mtkfb_fence.h:7,
                 from drivers/misc/mediatek/videox/mt6735/mtkfb.c:45:
/home/satory-ra/Android/kernel/android_kernel_oukitel_orange/drivers/misc/mediatek/mach/mt6735/Sprint4g/dct/dct/inc/cust_gpio_usage.h:481:0: warning: "GPIO_KPD_KCOL1_PIN_M_UCTS" redefined
 #define GPIO_KPD_KCOL1_PIN_M_UCTS   GPIO_MODE_03
 ^
/home/satory-ra/Android/kernel/android_kernel_oukitel_orange/drivers/misc/mediatek/mach/mt6735/Sprint4g/dct/dct/inc/cust_gpio_usage.h:480:0: note: this is the location of the previous definition
 #define GPIO_KPD_KCOL1_PIN_M_UCTS   GPIO_MODE_02
 ^
In file included from /home/satory-ra/Android/kernel/android_kernel_oukitel_orange/drivers/misc/mediatek/mach/mt6735/Sprint4g/core/board-custom.h:4:0,
                 from /home/satory-ra/Android/kernel/android_kernel_oukitel_orange/drivers/misc/mediatek/videox/mt6735/mt6735m/disp_drv_platform.h:11,
                 from drivers/misc/mediatek/videox/mt6735/mtkfb_fence.h:7,
                 from drivers/misc/mediatek/videox/mt6735/mtkfb.c:45:
include/generated/autoconf.h:920:0: warning: "CONFIG_DMA_SHARED_BUFFER" redefined
 #define CONFIG_DMA_SHARED_BUFFER 1
 ^
In file included from drivers/misc/mediatek/videox/mt6735/mtkfb.c:5:0:
include/linux/fb.h:26:0: note: this is the location of the previous definition
 #define CONFIG_DMA_SHARED_BUFFER
 ^
In file included from drivers/misc/mediatek/videox/mt6735/mtkfb.c:45:0:
drivers/misc/mediatek/videox/mt6735/mtkfb_fence.h:153:1: warning: function declaration isn't a prototype [-Wstrict-prototypes]
 int mtkfb_fence_timeline_index();
 ^
In file included from drivers/misc/mediatek/videox/mt6735/mtkfb.c:49:0:
drivers/misc/mediatek/videox/mt6735/primary_display.h:195:1: warning: no semicolon at end of struct or union
 }disp_internal_buffer_info ;
 ^
drivers/misc/mediatek/videox/mt6735/primary_display.h:356:1: warning: function declaration isn't a prototype [-Wstrict-prototypes]
 int primary_display_check_test();
 ^
In file included from drivers/misc/mediatek/videox/mt6735/mtkfb.c:54:0:
drivers/misc/mediatek/videox/mt6735/mtk_ovl.h:65:1: warning: function declaration isn't a prototype [-Wstrict-prototypes]
 int get_ovl2mem_ticket();
 ^
drivers/misc/mediatek/videox/mt6735/mtk_ovl.h:70:1: warning: function declaration isn't a prototype [-Wstrict-prototypes]
 void ovl2mem_wait_done();
 ^
drivers/misc/mediatek/videox/mt6735/mtk_ovl.h:71:1: warning: function declaration isn't a prototype [-Wstrict-prototypes]
 int ovl2mem_deinit();
 ^
drivers/misc/mediatek/videox/mt6735/mtkfb.c: In function '_convert_fb_layer_to_disp_input':
drivers/misc/mediatek/videox/mt6735/mtkfb.c:485:21: warning: assignment makes pointer from integer without a cast
  dst->src_base_addr = (unsigned long)src->src_base_addr;
                     ^
drivers/misc/mediatek/videox/mt6735/mtkfb.c:487:20: warning: assignment makes pointer from integer without a cast
  dst->src_phy_addr = (unsigned long)src->src_phy_addr;
                    ^
drivers/misc/mediatek/videox/mt6735/mtkfb.c: In function 'mtkfb_pan_display_impl':
drivers/misc/mediatek/videox/mt6735/mtkfb.c:744:2: warning: ISO C90 forbids mixed declarations and code [-Wdeclaration-after-statement]
  disp_session_input_config session_input;
  ^
drivers/misc/mediatek/videox/mt6735/mtkfb.c:752:22: warning: assignment makes pointer from integer without a cast
  input->src_phy_addr = (unsigned long)paStart;
                      ^
drivers/misc/mediatek/videox/mt6735/mtkfb.c:753:23: warning: assignment makes pointer from integer without a cast
  input->src_base_addr = (unsigned long)vaStart;
                       ^
drivers/misc/mediatek/videox/mt6735/mtkfb.c:722:15: warning: unused variable 'layerpitch' [-Wunused-variable]
  unsigned int layerpitch = 0;
               ^
drivers/misc/mediatek/videox/mt6735/mtkfb.c:721:6: warning: unused variable 'wait_ret' [-Wunused-variable]
  int wait_ret = 0;
      ^
drivers/misc/mediatek/videox/mt6735/mtkfb.c:720:15: warning: unused variable 'i' [-Wunused-variable]
  int ret = 0, i;
               ^
drivers/misc/mediatek/videox/mt6735/mtkfb.c: In function 'mtkfb_set_par':
drivers/misc/mediatek/videox/mt6735/mtkfb.c:1078:2: warning: ISO C90 forbids mixed declarations and code [-Wdeclaration-after-statement]
  disp_session_input_config session_input;
  ^
drivers/misc/mediatek/videox/mt6735/mtkfb.c:1102:1: warning: label 'Done' defined but not used [-Wunused-label]
 Done:
 ^
drivers/misc/mediatek/videox/mt6735/mtkfb.c: In function 'mtkfb_ioctl':
drivers/misc/mediatek/videox/mt6735/mtkfb.c:1446:4: warning: ISO C90 forbids mixed declarations and code [-Wdeclaration-after-statement]
    disp_input_config *input;
    ^
drivers/misc/mediatek/videox/mt6735/mtkfb.c:1438:17: warning: unused variable 'i' [-Wunused-variable]
    unsigned int i=0;
                 ^
drivers/misc/mediatek/videox/mt6735/mtkfb.c: In function 'mtkfb_dma_buf_map':
drivers/misc/mediatek/videox/mt6735/mtkfb.c:1864:14: warning: unused variable 'pages' [-Wunused-variable]
       size_t pages = PFN_UP(sg_dma_len(s));
              ^
drivers/misc/mediatek/videox/mt6735/mtkfb.c:1840:22: warning: unused variable 'page' [-Wunused-variable]
         struct page *page;
                      ^
drivers/misc/mediatek/videox/mt6735/mtkfb.c: In function 'mtkfb_find_lcm_driver':
drivers/misc/mediatek/videox/mt6735/mtkfb.c:2168:12: warning: unused variable 'q' [-Wunused-variable]
  char *p, *q;
            ^
drivers/misc/mediatek/videox/mt6735/mtkfb.c:2168:8: warning: unused variable 'p' [-Wunused-variable]
  char *p, *q;
        ^
drivers/misc/mediatek/videox/mt6735/mtkfb.c:2167:7: warning: unused variable 'ret' [-Wunused-variable]
  BOOL ret = FALSE;
       ^
drivers/misc/mediatek/videox/mt6735/mtkfb.c: In function '_parse_tag_videolfb':
drivers/misc/mediatek/videox/mt6735/mtkfb.c:2394:28: warning: 'return' with no value, in function returning non-void [-Wreturn-type]
  if(is_videofb_parse_done) return;
                            ^
drivers/misc/mediatek/videox/mt6735/mtkfb.c: In function 'mtkfb_probe':
drivers/misc/mediatek/videox/mt6735/mtkfb.c:2543:10: warning: passing argument 3 of 'disp_hal_allocate_framebuffer' from incompatible pointer type
          disp_hal_allocate_framebuffer(fb_base, (fb_base + vramsize - 1), (unsigned int*)&fbdev->fb_va_base, &fb_pa);
          ^
In file included from drivers/misc/mediatek/videox/mt6735/mtkfb.c:49:0:
drivers/misc/mediatek/videox/mt6735/primary_display.h:310:5: note: expected 'long unsigned int *' but argument is of type 'unsigned int *'
 int disp_hal_allocate_framebuffer(phys_addr_t pa_start, phys_addr_t pa_end, unsigned long* va, unsigned long* mva);
     ^
drivers/misc/mediatek/videox/mt6735/mtkfb.c:2580:3: warning: passing argument 1 of 'primary_display_set_frame_buffer_address' makes integer from pointer without a cast
   primary_display_set_frame_buffer_address(fbdev->fb_va_base,fb_pa);
   ^
In file included from drivers/misc/mediatek/videox/mt6735/mtkfb.c:49:0:
drivers/misc/mediatek/videox/mt6735/primary_display.h:267:5: note: expected 'long unsigned int' but argument is of type 'void *'
 int primary_display_set_frame_buffer_address(unsigned long va,unsigned long mva);
     ^
drivers/misc/mediatek/videox/mt6735/mtkfb.c:2626:24: warning: initialization makes integer from pointer without a cast
   unsigned long fbVA = fbdev->fb_va_base;
                        ^
drivers/misc/mediatek/videox/mt6735/mtkfb.c:2496:8: warning: unused variable 'p' [-Wunused-variable]
  char *p = NULL;
        ^
drivers/misc/mediatek/videox/mt6735/mtkfb.c: In function 'mtkfb_late_resume':
drivers/misc/mediatek/videox/mt6735/mtkfb.c:2878:2: warning: ISO C90 forbids mixed declarations and code [-Wdeclaration-after-statement]
  int ret=0;
  ^
drivers/misc/mediatek/videox/mt6735/mtkfb.c: At top level:
drivers/misc/mediatek/videox/mt6735/mtkfb.c:128:15: warning: 'mtkfb_using_layer_type' defined but not used [-Wunused-variable]
 static UINT32 mtkfb_using_layer_type = LAYER_2D;
               ^
drivers/misc/mediatek/videox/mt6735/mtkfb.c:129:13: warning: 'hwc_force_fb_enabled' defined but not used [-Wunused-variable]
 static bool hwc_force_fb_enabled = true;
             ^
drivers/misc/mediatek/videox/mt6735/mtkfb.c:309:12: warning: 'mtkfb_update_screen' defined but not used [-Wunused-function]
 static int mtkfb_update_screen(struct fb_info *info)
            ^
drivers/misc/mediatek/videox/mt6735/mtkfb.c:186:28: warning: 'screen_update_task' defined but not used [-Wunused-variable]
 static struct task_struct *screen_update_task = NULL;
                            ^
drivers/misc/mediatek/videox/mt6735/mtkfb.c:187:28: warning: 'esd_recovery_task' defined but not used [-Wunused-variable]
 static struct task_struct *esd_recovery_task = NULL;
                            ^
drivers/misc/mediatek/videox/mt6735/mtkfb.c:325:21: warning: 'BL_level' defined but not used [-Wunused-variable]
 static unsigned int BL_level = 0;
                     ^
drivers/misc/mediatek/videox/mt6735/mtkfb.c:326:13: warning: 'BL_set_level_resume' defined but not used [-Wunused-variable]
 static BOOL BL_set_level_resume = FALSE;
             ^
drivers/misc/mediatek/videox/mt6735/mtkfb.c:422:36: warning: 'fbi_var_backup' defined but not used [-Wunused-variable]
 static struct fb_var_screeninfo    fbi_var_backup;
                                    ^
drivers/misc/mediatek/videox/mt6735/mtkfb.c:423:36: warning: 'fbi_fix_backup' defined but not used [-Wunused-variable]
 static struct fb_fix_screeninfo    fbi_fix_backup;
                                    ^
drivers/misc/mediatek/videox/mt6735/mtkfb.c:424:37: warning: 'need_restore' defined but not used [-Wunused-variable]
 static BOOL                         need_restore = FALSE;
                                     ^
drivers/misc/mediatek/videox/mt6735/mtkfb.c:429:13: warning: 'first_enable_esd' defined but not used [-Wunused-variable]
 static bool first_enable_esd = true;
             ^
drivers/misc/mediatek/videox/mt6735/mtkfb.c:551:12: warning: '_overlay_info_convert' defined but not used [-Wunused-function]
 static int _overlay_info_convert(struct fb_overlay_layer* src, OVL_CONFIG_STRUCT *dst)
            ^
drivers/misc/mediatek/videox/mt6735/mtkfb.c:2116:12: warning: 'mtkfb_fbinfo_modify' defined but not used [-Wunused-function]
 static int mtkfb_fbinfo_modify(struct fb_info *info)
            ^
drivers/misc/mediatek/videox/mt6735/mtkfb.c:2145:13: warning: '_mtkfb_draw_point' defined but not used [-Wunused-function]
 static void _mtkfb_draw_point(unsigned int addr, unsigned int x, unsigned int y, unsigned int color)
             ^
drivers/misc/mediatek/videox/mt6735/mtkfb.c:2204:17: warning: 'get_current_time_us' defined but not used [-Wunused-function]
 static long int get_current_time_us(void)
                 ^
drivers/misc/mediatek/videox/mt6735/mtkfb.c:2270:12: warning: '_mtkfb_internal_test' defined but not used [-Wunused-function]
 static int _mtkfb_internal_test(unsigned long va, unsigned int w, unsigned int h)
            ^
drivers/misc/mediatek/videox/mt6735/mtkfb.c: In function 'mtkfb_ipo_init':
drivers/misc/mediatek/videox/mt6735/mtkfb.c:2756:1: warning: control reaches end of non-void function [-Wreturn-type]
 }
 ^
drivers/misc/mediatek/videox/mt6735/mtkfb.c: In function '_convert_fb_layer_to_disp_input':
drivers/misc/mediatek/videox/mt6735/mtkfb.c:549:1: warning: control reaches end of non-void function [-Wreturn-type]
 }
 ^
  CC      drivers/misc/mediatek/wdk/wd_api.o
  LD      drivers/misc/mediatek/wdk/built-in.o
  CC      drivers/misc/mediatek/wdt/mt6735/mtk_wdt.o
In file included from drivers/misc/mediatek/wdt/mt6735/mtk_wdt.c:1:0:
drivers/misc/mediatek/wdt/mt6735/mtk_wdt.c:899:15: warning: initialization from incompatible pointer type
 core_initcall(mtk_wdt_get_base_addr);
               ^
include/linux/init.h:180:58: note: in definition of macro '__define_initcall'
  __attribute__((__section__(".initcall" #id ".init"))) = fn
                                                          ^
drivers/misc/mediatek/wdt/mt6735/mtk_wdt.c:899:1: note: in expansion of macro 'core_initcall'
 core_initcall(mtk_wdt_get_base_addr);
 ^
  CC      drivers/misc/mediatek/videox/mt6735/mtkfb_vsync.o
  LD      drivers/misc/mediatek/wdt/mt6735/built-in.o
  LD      drivers/misc/mediatek/wdt/built-in.o
In file included from drivers/misc/mediatek/videox/mt6735/mtkfb_vsync.c:28:0:
drivers/misc/mediatek/videox/mt6735/primary_display.h:195:1: warning: no semicolon at end of struct or union
 }disp_internal_buffer_info ;
 ^
drivers/misc/mediatek/videox/mt6735/primary_display.h:356:1: warning: function declaration isn't a prototype [-Wstrict-prototypes]
 int primary_display_check_test();
 ^
drivers/misc/mediatek/videox/mt6735/mtkfb_vsync.c:219:19: warning: 'mtkfb_vsync_init' defined but not used [-Wunused-function]
 static int __init mtkfb_vsync_init(void)
                   ^
  CC      drivers/misc/mediatek/xlog/xlog_filter.o
  CC      drivers/misc/mediatek/videox/mt6735/debug.o
  CC      drivers/misc/mediatek/usb20/musb_qmu.o
In file included from drivers/misc/mediatek/videox/mt6735/debug.c:4:0:
include/linux/fb.h:26:0: warning: "CONFIG_DMA_SHARED_BUFFER" redefined
 #define CONFIG_DMA_SHARED_BUFFER
 ^
In file included from /home/satory-ra/Android/kernel/android_kernel_oukitel_orange/include/linux/kconfig.h:4:0,
                 from <command-line>:0:
include/generated/autoconf.h:920:0: note: this is the location of the previous definition
 #define CONFIG_DMA_SHARED_BUFFER 1
 ^
In file included from drivers/misc/mediatek/videox/mt6735/disp_drv_log.h:3:0,
                 from drivers/misc/mediatek/videox/mt6735/debug.c:14:
/home/satory-ra/Android/kernel/android_kernel_oukitel_orange/drivers/misc/mediatek/dispsys/mt6735/display_recorder.h:152:1: warning: function declaration isn't a prototype [-Wstrict-prototypes]
 void dprec_logger_dump_reset();
 ^
/home/satory-ra/Android/kernel/android_kernel_oukitel_orange/drivers/misc/mediatek/dispsys/mt6735/display_recorder.h:153:1: warning: function declaration isn't a prototype [-Wstrict-prototypes]
 char *dprec_logger_get_dump_addr();
 ^
/home/satory-ra/Android/kernel/android_kernel_oukitel_orange/drivers/misc/mediatek/dispsys/mt6735/display_recorder.h:154:1: warning: function declaration isn't a prototype [-Wstrict-prototypes]
 unsigned int dprec_logger_get_dump_len();
 ^
In file included from drivers/misc/mediatek/videox/mt6735/debug.c:16:0:
drivers/misc/mediatek/videox/mt6735/debug.h:189:1: warning: function declaration isn't a prototype [-Wstrict-prototypes]
 bool get_ovl1_to_mem_on();
 ^
In file included from drivers/misc/mediatek/videox/mt6735/debug.c:20:0:
/home/satory-ra/Android/kernel/android_kernel_oukitel_orange/drivers/misc/mediatek/dispsys/mt6735/mt6735m/ddp_reg.h:1963:0: warning: "DISP_REG_DPI_ESAV_VTIM_R" redefined
 #define DISP_REG_DPI_ESAV_VTIM_R      (DISPSYS_DPI_BASE + 0x088)
 ^
/home/satory-ra/Android/kernel/android_kernel_oukitel_orange/drivers/misc/mediatek/dispsys/mt6735/mt6735m/ddp_reg.h:1962:0: note: this is the location of the previous definition
 #define DISP_REG_DPI_ESAV_VTIM_R      (DISPSYS_DPI_BASE + 0x084)
 ^
In file included from drivers/misc/mediatek/videox/mt6735/debug.c:21:0:
drivers/misc/mediatek/videox/mt6735/primary_display.h:195:1: warning: no semicolon at end of struct or union
 }disp_internal_buffer_info ;
 ^
drivers/misc/mediatek/videox/mt6735/primary_display.h:356:1: warning: function declaration isn't a prototype [-Wstrict-prototypes]
 int primary_display_check_test();
 ^
In file included from include/mach/mt_gpio.h:15:0,
                 from drivers/misc/mediatek/videox/mt6735/debug.c:23:
/home/satory-ra/Android/kernel/android_kernel_oukitel_orange/drivers/misc/mediatek/mach/mt6735/Sprint4g/dct/dct/inc/cust_gpio_usage.h:481:0: warning: "GPIO_KPD_KCOL1_PIN_M_UCTS" redefined
 #define GPIO_KPD_KCOL1_PIN_M_UCTS   GPIO_MODE_03
 ^
/home/satory-ra/Android/kernel/android_kernel_oukitel_orange/drivers/misc/mediatek/mach/mt6735/Sprint4g/dct/dct/inc/cust_gpio_usage.h:480:0: note: this is the location of the previous definition
 #define GPIO_KPD_KCOL1_PIN_M_UCTS   GPIO_MODE_02
 ^
  CC      drivers/misc/mediatek/xlog/xlog_printk.o
In file included from /home/satory-ra/Android/kernel/android_kernel_oukitel_orange/drivers/misc/mediatek/mach/mt6735/Sprint4g/core/board-custom.h:4:0,
                 from /home/satory-ra/Android/kernel/android_kernel_oukitel_orange/drivers/misc/mediatek/videox/mt6735/mt6735m/disp_drv_platform.h:11,
                 from drivers/misc/mediatek/videox/mt6735/mtkfb_fence.h:7,
                 from drivers/misc/mediatek/videox/mt6735/debug.c:26:
include/generated/autoconf.h:920:0: warning: "CONFIG_DMA_SHARED_BUFFER" redefined
 #define CONFIG_DMA_SHARED_BUFFER 1
 ^
In file included from drivers/misc/mediatek/videox/mt6735/debug.c:4:0:
include/linux/fb.h:26:0: note: this is the location of the previous definition
 #define CONFIG_DMA_SHARED_BUFFER
 ^
In file included from drivers/misc/mediatek/videox/mt6735/debug.c:26:0:
drivers/misc/mediatek/videox/mt6735/mtkfb_fence.h:153:1: warning: function declaration isn't a prototype [-Wstrict-prototypes]
 int mtkfb_fence_timeline_index();
 ^
drivers/misc/mediatek/videox/mt6735/debug.c:656:6: warning: function declaration isn't a prototype [-Wstrict-prototypes]
 bool get_ovl1_to_mem_on()
      ^
drivers/misc/mediatek/videox/mt6735/debug.c: In function '_debug_pattern':
drivers/misc/mediatek/videox/mt6735/debug.c:726:2: warning: ISO C90 forbids mixed declarations and code [-Wdeclaration-after-statement]
  unsigned int addr = 0;
  ^
drivers/misc/mediatek/videox/mt6735/debug.c:743:3: warning: passing argument 3 of 'm4u_mva_map_kernel' from incompatible pointer type
   m4u_mva_map_kernel(mva, layer_size,&addr, &mapped_size);  
   ^
In file included from drivers/misc/mediatek/videox/mt6735/debug.c:13:0:
/home/satory-ra/Android/kernel/android_kernel_oukitel_orange/drivers/misc/mediatek/mach/mt6735/include/mach/m4u.h:111:5: note: expected 'long unsigned int *' but argument is of type 'unsigned int *'
 int m4u_mva_map_kernel(unsigned int mva, unsigned int size, 
     ^
drivers/misc/mediatek/videox/mt6735/debug.c:766:8: warning: unused variable 'y' [-Wunused-variable]
    int y = 0;
        ^
drivers/misc/mediatek/videox/mt6735/debug.c:765:8: warning: unused variable 'x' [-Wunused-variable]
    int x = 0;
        ^
drivers/misc/mediatek/videox/mt6735/debug.c:775:8: warning: unused variable 'y' [-Wunused-variable]
    int y = 0;
        ^
drivers/misc/mediatek/videox/mt6735/debug.c:774:8: warning: unused variable 'x' [-Wunused-variable]
    int x = 0;
        ^
drivers/misc/mediatek/videox/mt6735/debug.c: In function 'debug_get_info':
drivers/misc/mediatek/videox/mt6735/debug.c:1460:6: warning: unused variable 'i' [-Wunused-variable]
  int i = 0;
      ^
drivers/misc/mediatek/videox/mt6735/debug.c: In function 'debug_read':
drivers/misc/mediatek/videox/mt6735/debug.c:1497:6: warning: unused variable 'i' [-Wunused-variable]
  int i = 0;
      ^
In file included from drivers/misc/mediatek/videox/mt6735/debug.c:20:0:
drivers/misc/mediatek/videox/mt6735/debug.c: At top level:
/home/satory-ra/Android/kernel/android_kernel_oukitel_orange/drivers/misc/mediatek/dispsys/mt6735/mt6735m/ddp_reg.h:23:21: warning: 'module_list_scenario' defined but not used [-Wunused-variable]
 static unsigned int module_list_scenario[DDP_SCENARIO_MAX][DDP_ENING_NUM] = {
                     ^
In file included from drivers/misc/mediatek/videox/mt6735/debug.c:20:0:
/home/satory-ra/Android/kernel/android_kernel_oukitel_orange/drivers/misc/mediatek/dispsys/mt6735/mt6735m/ddp_reg.h:48:15: warning: 'mout_map' defined but not used [-Wunused-variable]
 static mout_t mout_map[DDP_MOUT_NUM] = 
               ^
/home/satory-ra/Android/kernel/android_kernel_oukitel_orange/drivers/misc/mediatek/dispsys/mt6735/mt6735m/ddp_reg.h:59:14: warning: 'sel_out_map' defined but not used [-Wunused-variable]
 static sel_t sel_out_map[DDP_SEL_OUT_NUM] = 
              ^
/home/satory-ra/Android/kernel/android_kernel_oukitel_orange/drivers/misc/mediatek/dispsys/mt6735/mt6735m/ddp_reg.h:67:14: warning: 'sel_in_map' defined but not used [-Wunused-variable]
 static sel_t sel_in_map[DDP_SEL_IN_NUM] = 
              ^
/home/satory-ra/Android/kernel/android_kernel_oukitel_orange/drivers/misc/mediatek/dispsys/mt6735/mt6735m/ddp_reg.h:106:21: warning: 'module_mutex_map' defined but not used [-Wunused-variable]
 static module_map_t module_mutex_map[DISP_MODULE_NUM] =
                     ^
/home/satory-ra/Android/kernel/android_kernel_oukitel_orange/drivers/misc/mediatek/dispsys/mt6735/mt6735m/ddp_reg.h:134:21: warning: 'module_can_connect' defined but not used [-Wunused-variable]
 static module_map_t module_can_connect[DISP_MODULE_NUM] =
                     ^
drivers/misc/mediatek/videox/mt6735/debug.c:110:13: warning: 'STR_HELP' defined but not used [-Wunused-variable]
 static char STR_HELP[] =
             ^
drivers/misc/mediatek/videox/mt6735/debug.c:318:14: warning: 'get_frame_seq_state_string' defined but not used [-Wunused-function]
 static char* get_frame_seq_state_string(DISP_FRM_SEQ_STATE state)
              ^
drivers/misc/mediatek/videox/mt6735/debug.c:460:13: warning: 'dump_layer_info' defined but not used [-Wunused-function]
 static void dump_layer_info(void)
             ^
  LD      drivers/misc/mediatek/xlog/xlog.o
  LD      drivers/misc/mediatek/xlog/built-in.o
  CC      drivers/misc/mediatek/videox/mt6735/primary_display.o
In file included from include/mach/mt_gpio.h:15:0,
                 from drivers/misc/mediatek/videox/mt6735/primary_display.c:20:
/home/satory-ra/Android/kernel/android_kernel_oukitel_orange/drivers/misc/mediatek/mach/mt6735/Sprint4g/dct/dct/inc/cust_gpio_usage.h:481:0: warning: "GPIO_KPD_KCOL1_PIN_M_UCTS" redefined
 #define GPIO_KPD_KCOL1_PIN_M_UCTS   GPIO_MODE_03
 ^
/home/satory-ra/Android/kernel/android_kernel_oukitel_orange/drivers/misc/mediatek/mach/mt6735/Sprint4g/dct/dct/inc/cust_gpio_usage.h:480:0: note: this is the location of the previous definition
 #define GPIO_KPD_KCOL1_PIN_M_UCTS   GPIO_MODE_02
 ^
  LD      drivers/misc/mediatek/usb20/musb_hdrc.o
  LD      drivers/misc/mediatek/usb20/built-in.o
In file included from drivers/misc/mediatek/videox/mt6735/mtkfb_fence.h:8:0,
                 from drivers/misc/mediatek/videox/mt6735/primary_display.c:28:
/home/satory-ra/Android/kernel/android_kernel_oukitel_orange/drivers/misc/mediatek/dispsys/mt6735/display_recorder.h:152:1: warning: function declaration isn't a prototype [-Wstrict-prototypes]
 void dprec_logger_dump_reset();
 ^
/home/satory-ra/Android/kernel/android_kernel_oukitel_orange/drivers/misc/mediatek/dispsys/mt6735/display_recorder.h:153:1: warning: function declaration isn't a prototype [-Wstrict-prototypes]
 char *dprec_logger_get_dump_addr();
 ^
/home/satory-ra/Android/kernel/android_kernel_oukitel_orange/drivers/misc/mediatek/dispsys/mt6735/display_recorder.h:154:1: warning: function declaration isn't a prototype [-Wstrict-prototypes]
 unsigned int dprec_logger_get_dump_len();
 ^
In file included from drivers/misc/mediatek/videox/mt6735/primary_display.c:28:0:
drivers/misc/mediatek/videox/mt6735/mtkfb_fence.h:153:1: warning: function declaration isn't a prototype [-Wstrict-prototypes]
 int mtkfb_fence_timeline_index();
 ^
In file included from drivers/misc/mediatek/videox/mt6735/primary_display.c:30:0:
drivers/misc/mediatek/videox/mt6735/debug.h:189:1: warning: function declaration isn't a prototype [-Wstrict-prototypes]
 bool get_ovl1_to_mem_on();
 ^
In file included from drivers/misc/mediatek/videox/mt6735/primary_display.c:37:0:
drivers/misc/mediatek/videox/mt6735/primary_display.h:195:1: warning: no semicolon at end of struct or union
 }disp_internal_buffer_info ;
 ^
drivers/misc/mediatek/videox/mt6735/primary_display.h:356:1: warning: function declaration isn't a prototype [-Wstrict-prototypes]
 int primary_display_check_test();
 ^
In file included from drivers/misc/mediatek/videox/mt6735/primary_display.c:46:0:
/home/satory-ra/Android/kernel/android_kernel_oukitel_orange/drivers/misc/mediatek/dispsys/mt6735/mt6735m/ddp_reg.h:1963:0: warning: "DISP_REG_DPI_ESAV_VTIM_R" redefined
 #define DISP_REG_DPI_ESAV_VTIM_R      (DISPSYS_DPI_BASE + 0x088)
 ^
/home/satory-ra/Android/kernel/android_kernel_oukitel_orange/drivers/misc/mediatek/dispsys/mt6735/mt6735m/ddp_reg.h:1962:0: note: this is the location of the previous definition
 #define DISP_REG_DPI_ESAV_VTIM_R      (DISPSYS_DPI_BASE + 0x084)
 ^
  CC      drivers/misc/mediatek/videox/mt6735/disp_lcm.o
drivers/misc/mediatek/videox/mt6735/primary_display.c:57:8: warning: type defaults to 'int' in declaration of 'DSI_manual_enter_HS' [-Wimplicit-int]
 extern DSI_manual_enter_HS(cmdqRecHandle cmdq);
        ^
drivers/misc/mediatek/videox/mt6735/primary_display.c:58:8: warning: type defaults to 'int' in declaration of 'DSI_sw_clk_trail_cmdq' [-Wimplicit-int]
 extern DSI_sw_clk_trail_cmdq(int module_idx,cmdqRecHandle cmdq);
        ^
drivers/misc/mediatek/videox/mt6735/primary_display.c:313:13: warning: function declaration isn't a prototype [-Wstrict-prototypes]
 static void _primary_path_esd_check_lock()
             ^
drivers/misc/mediatek/videox/mt6735/primary_display.c:318:13: warning: function declaration isn't a prototype [-Wstrict-prototypes]
 static void _primary_path_esd_check_unlock()
             ^
  CC      drivers/misc/mediatek/videox/mt6735/disp_utils.o
drivers/misc/mediatek/videox/mt6735/primary_display.c:3310:20: warning: function declaration isn't a prototype [-Wstrict-prototypes]
 static inline bool _is_enable_esd_check(){ return IS_ESD_ENABLE; }
                    ^
drivers/misc/mediatek/videox/mt6735/primary_display.c: In function 'primary_display_frame_update_irq_callback':
drivers/misc/mediatek/videox/mt6735/primary_display.c:4319:4: warning: ISO C90 forbids mixed declarations and code [-Wdeclaration-after-statement]
    unsigned long rdma_address;
    ^
drivers/misc/mediatek/videox/mt6735/primary_display.c: In function '_ovl_ext_fence_release_callback':
drivers/misc/mediatek/videox/mt6735/primary_display.c:4484:15: warning: unused variable 'addr' [-Wunused-variable]
  unsigned int addr = 0;
               ^
drivers/misc/mediatek/videox/mt6735/primary_display.c: In function 'primary_display_memory_trigger':
drivers/misc/mediatek/videox/mt6735/primary_display.c:6346:1: warning: label 'done' defined but not used [-Wunused-label]
 done:
 ^
drivers/misc/mediatek/videox/mt6735/primary_display.c: In function 'primary_display_config_input_multiple':
drivers/misc/mediatek/videox/mt6735/primary_display.c:6838:18: warning: unused variable 'wdma_mva' [-Wunused-variable]
     unsigned int wdma_mva = 0;
                  ^
drivers/misc/mediatek/videox/mt6735/primary_display.c: In function 'primary_display_is_ovl1to2_handle':
drivers/misc/mediatek/videox/mt6735/primary_display.c:7452:23: warning: comparison of distinct pointer types lacks a cast
  if(handle && (handle == pgc->cmdq_handle_ovl1to2_config))
                       ^
In file included from /home/satory-ra/Android/kernel/android_kernel_oukitel_orange/drivers/misc/mediatek/mach/mt6735/include/mach/mt_spm.h:28:0,
                 from /home/satory-ra/Android/kernel/android_kernel_oukitel_orange/drivers/misc/mediatek/mach/mt6735/include/mach/mt_spm_idle.h:6,
                 from drivers/misc/mediatek/videox/mt6735/primary_display.c:18:
drivers/misc/mediatek/videox/mt6735/primary_display.c: In function 'primary_display_reset_ovl_by_cmdq':
/home/satory-ra/Android/kernel/android_kernel_oukitel_orange/drivers/misc/mediatek/dispsys/mt6735/mt6735m/ddp_reg.h:1495:38: warning: passing argument 1 of '__raw_readl' makes pointer from integer without a cast
                 mt_reg_sync_writel( (__raw_readl(reg32) & ~REG_FLD_MASK(field))|REG_FLD_VAL((field), (val)), (reg32));  \
                                      ^
/home/satory-ra/Android/kernel/android_kernel_oukitel_orange/drivers/misc/mediatek/mach/mt6735/include/mach/sync_write.h:15:27: note: in definition of macro 'mt_reg_sync_writel'
             __raw_writel((v), IOMEM((a)));   \
                           ^
drivers/misc/mediatek/videox/mt6735/primary_display.c:8736:9: note: in expansion of macro 'DISP_REG_SET_FIELD'
         DISP_REG_SET_FIELD(pgc->cmdq_handle_config, RST_FLD_FORCE_RST, DISP_REG_OVL_RST, 0x1);     
         ^
In file included from include/linux/scatterlist.h:10:0,
                 from /home/satory-ra/Android/kernel/android_kernel_oukitel_orange/drivers/misc/mediatek/mach/mt6735/include/mach/m4u.h:6,
                 from drivers/misc/mediatek/videox/mt6735/primary_display.c:17:
/home/satory-ra/Android/kernel/android_kernel_oukitel_orange/arch/arm/include/asm/io.h:104:19: note: expected 'const volatile void *' but argument is of type 'long unsigned int'
 static inline u32 __raw_readl(const volatile void __iomem *addr)
                   ^
In file included from /home/satory-ra/Android/kernel/android_kernel_oukitel_orange/drivers/misc/mediatek/mach/mt6735/include/mach/mt_spm.h:28:0,
                 from /home/satory-ra/Android/kernel/android_kernel_oukitel_orange/drivers/misc/mediatek/mach/mt6735/include/mach/mt_spm_idle.h:6,
                 from drivers/misc/mediatek/videox/mt6735/primary_display.c:18:
/home/satory-ra/Android/kernel/android_kernel_oukitel_orange/drivers/misc/mediatek/dispsys/mt6735/mt6735m/ddp_reg.h:1495:38: warning: passing argument 1 of '__raw_readl' makes pointer from integer without a cast
                 mt_reg_sync_writel( (__raw_readl(reg32) & ~REG_FLD_MASK(field))|REG_FLD_VAL((field), (val)), (reg32));  \
                                      ^
/home/satory-ra/Android/kernel/android_kernel_oukitel_orange/drivers/misc/mediatek/mach/mt6735/include/mach/sync_write.h:15:27: note: in definition of macro 'mt_reg_sync_writel'
             __raw_writel((v), IOMEM((a)));   \
                           ^
drivers/misc/mediatek/videox/mt6735/primary_display.c:8737:9: note: in expansion of macro 'DISP_REG_SET_FIELD'
         DISP_REG_SET_FIELD(pgc->cmdq_handle_config, RST_FLD_FORCE_RST, DISP_REG_OVL_RST, 0x0);
         ^
In file included from include/linux/scatterlist.h:10:0,
                 from /home/satory-ra/Android/kernel/android_kernel_oukitel_orange/drivers/misc/mediatek/mach/mt6735/include/mach/m4u.h:6,
                 from drivers/misc/mediatek/videox/mt6735/primary_display.c:17:
/home/satory-ra/Android/kernel/android_kernel_oukitel_orange/arch/arm/include/asm/io.h:104:19: note: expected 'const volatile void *' but argument is of type 'long unsigned int'
 static inline u32 __raw_readl(const volatile void __iomem *addr)
                   ^
In file included from /home/satory-ra/Android/kernel/android_kernel_oukitel_orange/drivers/misc/mediatek/mach/mt6735/include/mach/mt_spm.h:28:0,
                 from /home/satory-ra/Android/kernel/android_kernel_oukitel_orange/drivers/misc/mediatek/mach/mt6735/include/mach/mt_spm_idle.h:6,
                 from drivers/misc/mediatek/videox/mt6735/primary_display.c:18:
/home/satory-ra/Android/kernel/android_kernel_oukitel_orange/drivers/misc/mediatek/dispsys/mt6735/mt6735m/ddp_reg.h:1495:38: warning: passing argument 1 of '__raw_readl' makes pointer from integer without a cast
                 mt_reg_sync_writel( (__raw_readl(reg32) & ~REG_FLD_MASK(field))|REG_FLD_VAL((field), (val)), (reg32));  \
                                      ^
/home/satory-ra/Android/kernel/android_kernel_oukitel_orange/drivers/misc/mediatek/mach/mt6735/include/mach/sync_write.h:15:27: note: in definition of macro 'mt_reg_sync_writel'
             __raw_writel((v), IOMEM((a)));   \
                           ^
drivers/misc/mediatek/videox/mt6735/primary_display.c:8743:13: note: in expansion of macro 'DISP_REG_SET_FIELD'
             DISP_REG_SET_FIELD(pgc->cmdq_handle_config, RST_FLD_FORCE_RST, DISP_REG_OVL_RST+DISP_OVL_INDEX_OFFSET, 0x1);     
             ^
In file included from include/linux/scatterlist.h:10:0,
                 from /home/satory-ra/Android/kernel/android_kernel_oukitel_orange/drivers/misc/mediatek/mach/mt6735/include/mach/m4u.h:6,
                 from drivers/misc/mediatek/videox/mt6735/primary_display.c:17:
/home/satory-ra/Android/kernel/android_kernel_oukitel_orange/arch/arm/include/asm/io.h:104:19: note: expected 'const volatile void *' but argument is of type 'long unsigned int'
 static inline u32 __raw_readl(const volatile void __iomem *addr)
                   ^
In file included from /home/satory-ra/Android/kernel/android_kernel_oukitel_orange/drivers/misc/mediatek/mach/mt6735/include/mach/mt_spm.h:28:0,
                 from /home/satory-ra/Android/kernel/android_kernel_oukitel_orange/drivers/misc/mediatek/mach/mt6735/include/mach/mt_spm_idle.h:6,
                 from drivers/misc/mediatek/videox/mt6735/primary_display.c:18:
/home/satory-ra/Android/kernel/android_kernel_oukitel_orange/drivers/misc/mediatek/dispsys/mt6735/mt6735m/ddp_reg.h:1495:38: warning: passing argument 1 of '__raw_readl' makes pointer from integer without a cast
                 mt_reg_sync_writel( (__raw_readl(reg32) & ~REG_FLD_MASK(field))|REG_FLD_VAL((field), (val)), (reg32));  \
                                      ^
/home/satory-ra/Android/kernel/android_kernel_oukitel_orange/drivers/misc/mediatek/mach/mt6735/include/mach/sync_write.h:15:27: note: in definition of macro 'mt_reg_sync_writel'
             __raw_writel((v), IOMEM((a)));   \
                           ^
drivers/misc/mediatek/videox/mt6735/primary_display.c:8744:13: note: in expansion of macro 'DISP_REG_SET_FIELD'
             DISP_REG_SET_FIELD(pgc->cmdq_handle_config, RST_FLD_FORCE_RST, DISP_REG_OVL_RST+DISP_OVL_INDEX_OFFSET, 0x0);
             ^
In file included from include/linux/scatterlist.h:10:0,
                 from /home/satory-ra/Android/kernel/android_kernel_oukitel_orange/drivers/misc/mediatek/mach/mt6735/include/mach/m4u.h:6,
                 from drivers/misc/mediatek/videox/mt6735/primary_display.c:17:
/home/satory-ra/Android/kernel/android_kernel_oukitel_orange/arch/arm/include/asm/io.h:104:19: note: expected 'const volatile void *' but argument is of type 'long unsigned int'
 static inline u32 __raw_readl(const volatile void __iomem *addr)
                   ^
In file included from drivers/misc/mediatek/videox/mt6735/disp_drv_log.h:3:0,
                 from drivers/misc/mediatek/videox/mt6735/disp_lcm.c:3:
/home/satory-ra/Android/kernel/android_kernel_oukitel_orange/drivers/misc/mediatek/dispsys/mt6735/display_recorder.h:152:1: warning: function declaration isn't a prototype [-Wstrict-prototypes]
 void dprec_logger_dump_reset();
 ^
/home/satory-ra/Android/kernel/android_kernel_oukitel_orange/drivers/misc/mediatek/dispsys/mt6735/display_recorder.h:153:1: warning: function declaration isn't a prototype [-Wstrict-prototypes]
 char *dprec_logger_get_dump_addr();
 ^
/home/satory-ra/Android/kernel/android_kernel_oukitel_orange/drivers/misc/mediatek/dispsys/mt6735/display_recorder.h:154:1: warning: function declaration isn't a prototype [-Wstrict-prototypes]
 unsigned int dprec_logger_get_dump_len();
 ^
In file included from drivers/misc/mediatek/videox/mt6735/primary_display.c:46:0:
drivers/misc/mediatek/videox/mt6735/primary_display.c: At top level:
/home/satory-ra/Android/kernel/android_kernel_oukitel_orange/drivers/misc/mediatek/dispsys/mt6735/mt6735m/ddp_reg.h:23:21: warning: 'module_list_scenario' defined but not used [-Wunused-variable]
 static unsigned int module_list_scenario[DDP_SCENARIO_MAX][DDP_ENING_NUM] = {
                     ^
In file included from drivers/misc/mediatek/videox/mt6735/primary_display.c:46:0:
/home/satory-ra/Android/kernel/android_kernel_oukitel_orange/drivers/misc/mediatek/dispsys/mt6735/mt6735m/ddp_reg.h:48:15: warning: 'mout_map' defined but not used [-Wunused-variable]
 static mout_t mout_map[DDP_MOUT_NUM] = 
               ^
/home/satory-ra/Android/kernel/android_kernel_oukitel_orange/drivers/misc/mediatek/dispsys/mt6735/mt6735m/ddp_reg.h:59:14: warning: 'sel_out_map' defined but not used [-Wunused-variable]
 static sel_t sel_out_map[DDP_SEL_OUT_NUM] = 
              ^
/home/satory-ra/Android/kernel/android_kernel_oukitel_orange/drivers/misc/mediatek/dispsys/mt6735/mt6735m/ddp_reg.h:67:14: warning: 'sel_in_map' defined but not used [-Wunused-variable]
 static sel_t sel_in_map[DDP_SEL_IN_NUM] = 
              ^
/home/satory-ra/Android/kernel/android_kernel_oukitel_orange/drivers/misc/mediatek/dispsys/mt6735/mt6735m/ddp_reg.h:106:21: warning: 'module_mutex_map' defined but not used [-Wunused-variable]
 static module_map_t module_mutex_map[DISP_MODULE_NUM] =
                     ^
/home/satory-ra/Android/kernel/android_kernel_oukitel_orange/drivers/misc/mediatek/dispsys/mt6735/mt6735m/ddp_reg.h:134:21: warning: 'module_can_connect' defined but not used [-Wunused-variable]
 static module_map_t module_can_connect[DISP_MODULE_NUM] =
                     ^
drivers/misc/mediatek/videox/mt6735/primary_display.c:104:26: warning: 'frm_update_sequence' defined but not used [-Wunused-variable]
 static disp_frm_seq_info frm_update_sequence[FRM_UPDATE_SEQ_CACHE_NUM];
                          ^
drivers/misc/mediatek/videox/mt6735/primary_display.c:105:21: warning: 'frm_update_cnt' defined but not used [-Wunused-variable]
 static unsigned int frm_update_cnt;
                     ^
In file included from include/mach/mt_gpio.h:15:0,
                 from /home/satory-ra/Android/kernel/android_kernel_oukitel_orange/drivers/misc/mediatek/videox/mt6735/mt6735m/disp_drv_platform.h:6,
                 from drivers/misc/mediatek/videox/mt6735/disp_lcm.c:5:
/home/satory-ra/Android/kernel/android_kernel_oukitel_orange/drivers/misc/mediatek/mach/mt6735/Sprint4g/dct/dct/inc/cust_gpio_usage.h:481:0: warning: "GPIO_KPD_KCOL1_PIN_M_UCTS" redefined
 #define GPIO_KPD_KCOL1_PIN_M_UCTS   GPIO_MODE_03
 ^
/home/satory-ra/Android/kernel/android_kernel_oukitel_orange/drivers/misc/mediatek/mach/mt6735/Sprint4g/dct/dct/inc/cust_gpio_usage.h:480:0: note: this is the location of the previous definition
 #define GPIO_KPD_KCOL1_PIN_M_UCTS   GPIO_MODE_02
 ^
drivers/misc/mediatek/videox/mt6735/disp_lcm.c:11:1: warning: missing braces around initializer [-Wmissing-braces]
 static disp_lcm_handle _disp_lcm_driver[MAX_LCM_NUMBER] = {0};
 ^
drivers/misc/mediatek/videox/mt6735/disp_lcm.c:11:1: warning: (near initialization for '_disp_lcm_driver[0]') [-Wmissing-braces]
drivers/misc/mediatek/videox/mt6735/disp_lcm.c: In function '_get_lcm_driver_by_handle':
drivers/misc/mediatek/videox/mt6735/disp_lcm.c:53:3: warning: return from incompatible pointer type
   return plcm->drv;
   ^
drivers/misc/mediatek/videox/mt6735/disp_lcm.c: In function '_dump_lcm_info':
drivers/misc/mediatek/videox/mt6735/disp_lcm.c:64:6: warning: unused variable 'i' [-Wunused-variable]
  int i = 0;
      ^
drivers/misc/mediatek/videox/mt6735/disp_lcm.c: In function 'disp_lcm_probe':
drivers/misc/mediatek/videox/mt6735/disp_lcm.c:170:2: warning: ISO C90 forbids mixed declarations and code [-Wdeclaration-after-statement]
  int ret = 0;
  ^
drivers/misc/mediatek/videox/mt6735/disp_lcm.c:170:6: warning: unused variable 'ret' [-Wunused-variable]
  int ret = 0;
      ^
drivers/misc/mediatek/videox/mt6735/disp_lcm.c: In function 'disp_lcm_init':
drivers/misc/mediatek/videox/mt6735/disp_lcm.c:288:2: warning: ISO C90 forbids mixed declarations and code [-Wdeclaration-after-statement]
  LCM_DRIVER *lcm_drv = NULL;
  ^
drivers/misc/mediatek/videox/mt6735/disp_lcm.c: In function 'disp_lcm_update':
drivers/misc/mediatek/videox/mt6735/disp_lcm.c:348:2: warning: ISO C90 forbids mixed declarations and code [-Wdeclaration-after-statement]
  LCM_DRIVER *lcm_drv = NULL;
  ^
drivers/misc/mediatek/videox/mt6735/disp_lcm.c:350:14: warning: unused variable 'plcm_param' [-Wunused-variable]
  LCM_PARAMS *plcm_param = NULL;
              ^
drivers/misc/mediatek/videox/mt6735/disp_lcm.c:349:19: warning: unused variable 'lcm_id' [-Wunused-variable]
  LCM_INTERFACE_ID lcm_id = LCM_INTERFACE_NOTDEFINED;
                   ^
drivers/misc/mediatek/videox/mt6735/disp_lcm.c: In function 'disp_lcm_esd_check':
drivers/misc/mediatek/videox/mt6735/disp_lcm.c:386:2: warning: ISO C90 forbids mixed declarations and code [-Wdeclaration-after-statement]
  LCM_DRIVER *lcm_drv = NULL;
  ^
drivers/misc/mediatek/videox/mt6735/disp_lcm.c: In function 'disp_lcm_esd_recover':
drivers/misc/mediatek/videox/mt6735/disp_lcm.c:413:2: warning: ISO C90 forbids mixed declarations and code [-Wdeclaration-after-statement]
  LCM_DRIVER *lcm_drv = NULL;
  ^
drivers/misc/mediatek/videox/mt6735/disp_lcm.c: In function 'disp_lcm_suspend':
drivers/misc/mediatek/videox/mt6735/disp_lcm.c:443:2: warning: ISO C90 forbids mixed declarations and code [-Wdeclaration-after-statement]
  LCM_DRIVER *lcm_drv = NULL;
  ^
drivers/misc/mediatek/videox/mt6735/disp_lcm.c: In function 'disp_lcm_resume':
drivers/misc/mediatek/videox/mt6735/disp_lcm.c:478:2: warning: ISO C90 forbids mixed declarations and code [-Wdeclaration-after-statement]
  LCM_DRIVER *lcm_drv = NULL;
  ^
drivers/misc/mediatek/videox/mt6735/disp_lcm.c: In function 'disp_lcm_set_backlight':
drivers/misc/mediatek/videox/mt6735/disp_lcm.c:516:2: warning: ISO C90 forbids mixed declarations and code [-Wdeclaration-after-statement]
  LCM_DRIVER *lcm_drv = NULL;
  ^
drivers/misc/mediatek/videox/mt6735/disp_lcm.c: In function 'disp_lcm_ATA':
drivers/misc/mediatek/videox/mt6735/disp_lcm.c:560:2: warning: ISO C90 forbids mixed declarations and code [-Wdeclaration-after-statement]
  LCM_DRIVER *lcm_drv = NULL;
  ^
drivers/misc/mediatek/videox/mt6735/disp_lcm.c: In function 'disp_lcm_switch_mode':
drivers/misc/mediatek/videox/mt6735/disp_lcm.c:588:15: warning: unused variable 'ret' [-Wunused-variable]
  unsigned int ret = 0;
               ^
drivers/misc/mediatek/videox/mt6735/disp_lcm.c: In function 'disp_lcm_is_video_mode':
drivers/misc/mediatek/videox/mt6735/disp_lcm.c:625:19: warning: unused variable 'lcm_id' [-Wunused-variable]
  LCM_INTERFACE_ID lcm_id = LCM_INTERFACE_NOTDEFINED;
                   ^
drivers/misc/mediatek/videox/mt6735/disp_lcm.c: In function 'disp_lcm_set_cmd':
drivers/misc/mediatek/videox/mt6735/disp_lcm.c:671:2: warning: ISO C90 forbids mixed declarations and code [-Wdeclaration-after-statement]
  LCM_DRIVER *lcm_drv = NULL;
  ^
drivers/misc/mediatek/videox/mt6735/disp_lcm.c: At top level:
drivers/misc/mediatek/videox/mt6735/disp_lcm.c:11:24: warning: '_disp_lcm_driver' defined but not used [-Wunused-variable]
 static disp_lcm_handle _disp_lcm_driver[MAX_LCM_NUMBER] = {0};
                        ^
drivers/misc/mediatek/videox/mt6735/disp_lcm.c: In function '_is_lcm_inited':
drivers/misc/mediatek/videox/mt6735/disp_lcm.c:34:1: warning: control reaches end of non-void function [-Wreturn-type]
 }
 ^
drivers/misc/mediatek/videox/mt6735/disp_lcm.c: In function 'disp_lcm_ioctl':
drivers/misc/mediatek/videox/mt6735/disp_lcm.c:546:1: warning: control reaches end of non-void function [-Wreturn-type]
 }
 ^
In file included from drivers/misc/mediatek/videox/mt6735/disp_drv_log.h:3:0,
                 from drivers/misc/mediatek/videox/mt6735/disp_utils.c:9:
/home/satory-ra/Android/kernel/android_kernel_oukitel_orange/drivers/misc/mediatek/dispsys/mt6735/display_recorder.h:152:1: warning: function declaration isn't a prototype [-Wstrict-prototypes]
 void dprec_logger_dump_reset();
 ^
/home/satory-ra/Android/kernel/android_kernel_oukitel_orange/drivers/misc/mediatek/dispsys/mt6735/display_recorder.h:153:1: warning: function declaration isn't a prototype [-Wstrict-prototypes]
 char *dprec_logger_get_dump_addr();
 ^
/home/satory-ra/Android/kernel/android_kernel_oukitel_orange/drivers/misc/mediatek/dispsys/mt6735/display_recorder.h:154:1: warning: function declaration isn't a prototype [-Wstrict-prototypes]
 unsigned int dprec_logger_get_dump_len();
 ^
  CC      drivers/misc/mediatek/videox/mt6735/mtkfb_fence.o
In file included from drivers/misc/mediatek/videox/mt6735/disp_drv_log.h:3:0,
                 from drivers/misc/mediatek/videox/mt6735/mtkfb_fence.c:1:
/home/satory-ra/Android/kernel/android_kernel_oukitel_orange/drivers/misc/mediatek/dispsys/mt6735/display_recorder.h:152:1: warning: function declaration isn't a prototype [-Wstrict-prototypes]
 void dprec_logger_dump_reset();
 ^
/home/satory-ra/Android/kernel/android_kernel_oukitel_orange/drivers/misc/mediatek/dispsys/mt6735/display_recorder.h:153:1: warning: function declaration isn't a prototype [-Wstrict-prototypes]
 char *dprec_logger_get_dump_addr();
 ^
/home/satory-ra/Android/kernel/android_kernel_oukitel_orange/drivers/misc/mediatek/dispsys/mt6735/display_recorder.h:154:1: warning: function declaration isn't a prototype [-Wstrict-prototypes]
 unsigned int dprec_logger_get_dump_len();
 ^
In file included from drivers/misc/mediatek/videox/mt6735/mtkfb_fence.c:13:0:
drivers/misc/mediatek/videox/mt6735/debug.h:189:1: warning: function declaration isn't a prototype [-Wstrict-prototypes]
 bool get_ovl1_to_mem_on();
 ^
In file included from include/mach/mt_gpio.h:15:0,
                 from /home/satory-ra/Android/kernel/android_kernel_oukitel_orange/drivers/misc/mediatek/videox/mt6735/mt6735m/disp_drv_platform.h:6,
                 from drivers/misc/mediatek/videox/mt6735/mtkfb_fence.h:7,
                 from drivers/misc/mediatek/videox/mt6735/mtkfb_fence.c:15:
/home/satory-ra/Android/kernel/android_kernel_oukitel_orange/drivers/misc/mediatek/mach/mt6735/Sprint4g/dct/dct/inc/cust_gpio_usage.h:481:0: warning: "GPIO_KPD_KCOL1_PIN_M_UCTS" redefined
 #define GPIO_KPD_KCOL1_PIN_M_UCTS   GPIO_MODE_03
 ^
/home/satory-ra/Android/kernel/android_kernel_oukitel_orange/drivers/misc/mediatek/mach/mt6735/Sprint4g/dct/dct/inc/cust_gpio_usage.h:480:0: note: this is the location of the previous definition
 #define GPIO_KPD_KCOL1_PIN_M_UCTS   GPIO_MODE_02
 ^
In file included from drivers/misc/mediatek/videox/mt6735/mtkfb_fence.c:15:0:
drivers/misc/mediatek/videox/mt6735/mtkfb_fence.h:153:1: warning: function declaration isn't a prototype [-Wstrict-prototypes]
 int mtkfb_fence_timeline_index();
 ^
In file included from drivers/misc/mediatek/videox/mt6735/mtkfb_fence.c:20:0:
drivers/misc/mediatek/videox/mt6735/primary_display.h:195:1: warning: no semicolon at end of struct or union
 }disp_internal_buffer_info ;
 ^
drivers/misc/mediatek/videox/mt6735/primary_display.h:356:1: warning: function declaration isn't a prototype [-Wstrict-prototypes]
 int primary_display_check_test();
 ^
drivers/misc/mediatek/videox/mt6735/mtkfb_fence.c:65:0: warning: "HW_OVERLAY_COUNT" redefined
 #define HW_OVERLAY_COUNT           (OVL_LAYER_NUM+1)
 ^
In file included from drivers/misc/mediatek/videox/mt6735/mtkfb_fence.h:7:0,
                 from drivers/misc/mediatek/videox/mt6735/mtkfb_fence.c:15:
/home/satory-ra/Android/kernel/android_kernel_oukitel_orange/drivers/misc/mediatek/videox/mt6735/mt6735m/disp_drv_platform.h:121:0: note: this is the location of the previous definition
 #define HW_OVERLAY_COUNT                 (OVL_LAYER_NUM)
 ^
drivers/misc/mediatek/videox/mt6735/mtkfb_fence.c:66:0: warning: "DISP_DEFAULT_UI_LAYER_ID" redefined
 #define DISP_DEFAULT_UI_LAYER_ID   (HW_OVERLAY_COUNT-1)
 ^
In file included from drivers/misc/mediatek/videox/mt6735/mtkfb_fence.c:20:0:
drivers/misc/mediatek/videox/mt6735/primary_display.h:64:0: note: this is the location of the previous definition
 #define DISP_DEFAULT_UI_LAYER_ID (DDP_OVL_LAYER_MUN-1)
 ^
drivers/misc/mediatek/videox/mt6735/mtkfb_fence.c: In function '_get_session_sync_info':
drivers/misc/mediatek/videox/mt6735/mtkfb_fence.c:116:4: warning: passing argument 4 of 'dprec_logger_event_init' makes pointer from integer without a cast
    dprec_logger_event_init(&session_info->event_prepare, name, DPREC_LOGGER_LEVEL_DEFAULT|DPREC_LOGGER_LEVEL_SYSTRACE, ddp_mmp_get_events()->session_Parent);
    ^
In file included from drivers/misc/mediatek/videox/mt6735/disp_drv_log.h:3:0,
                 from drivers/misc/mediatek/videox/mt6735/mtkfb_fence.c:1:
/home/satory-ra/Android/kernel/android_kernel_oukitel_orange/drivers/misc/mediatek/dispsys/mt6735/display_recorder.h:158:6: note: expected 'MMP_Event *' but argument is of type 'MMP_Event'
 void dprec_logger_event_init(dprec_logger_event *p, char *name, uint32_t level, MMP_Event *mmp_root);
      ^
drivers/misc/mediatek/videox/mt6735/mtkfb_fence.c:119:4: warning: passing argument 4 of 'dprec_logger_event_init' makes pointer from integer without a cast
    dprec_logger_event_init(&session_info->event_setinput, name, DPREC_LOGGER_LEVEL_DEFAULT|DPREC_LOGGER_LEVEL_SYSTRACE, ddp_mmp_get_events()->session_Parent);
    ^
In file included from drivers/misc/mediatek/videox/mt6735/disp_drv_log.h:3:0,
                 from drivers/misc/mediatek/videox/mt6735/mtkfb_fence.c:1:
/home/satory-ra/Android/kernel/android_kernel_oukitel_orange/drivers/misc/mediatek/dispsys/mt6735/display_recorder.h:158:6: note: expected 'MMP_Event *' but argument is of type 'MMP_Event'
 void dprec_logger_event_init(dprec_logger_event *p, char *name, uint32_t level, MMP_Event *mmp_root);
      ^
drivers/misc/mediatek/videox/mt6735/mtkfb_fence.c:122:4: warning: passing argument 4 of 'dprec_logger_event_init' makes pointer from integer without a cast
    dprec_logger_event_init(&session_info->event_setoutput, name, DPREC_LOGGER_LEVEL_DEFAULT|DPREC_LOGGER_LEVEL_SYSTRACE, ddp_mmp_get_events()->session_Parent);
    ^
In file included from drivers/misc/mediatek/videox/mt6735/disp_drv_log.h:3:0,
                 from drivers/misc/mediatek/videox/mt6735/mtkfb_fence.c:1:
/home/satory-ra/Android/kernel/android_kernel_oukitel_orange/drivers/misc/mediatek/dispsys/mt6735/display_recorder.h:158:6: note: expected 'MMP_Event *' but argument is of type 'MMP_Event'
 void dprec_logger_event_init(dprec_logger_event *p, char *name, uint32_t level, MMP_Event *mmp_root);
      ^
drivers/misc/mediatek/videox/mt6735/mtkfb_fence.c:125:4: warning: passing argument 4 of 'dprec_logger_event_init' makes pointer from integer without a cast
    dprec_logger_event_init(&session_info->event_trigger, name, DPREC_LOGGER_LEVEL_DEFAULT|DPREC_LOGGER_LEVEL_SYSTRACE, ddp_mmp_get_events()->session_Parent);
    ^
In file included from drivers/misc/mediatek/videox/mt6735/disp_drv_log.h:3:0,
                 from drivers/misc/mediatek/videox/mt6735/mtkfb_fence.c:1:
/home/satory-ra/Android/kernel/android_kernel_oukitel_orange/drivers/misc/mediatek/dispsys/mt6735/display_recorder.h:158:6: note: expected 'MMP_Event *' but argument is of type 'MMP_Event'
 void dprec_logger_event_init(dprec_logger_event *p, char *name, uint32_t level, MMP_Event *mmp_root);
      ^
drivers/misc/mediatek/videox/mt6735/mtkfb_fence.c:128:4: warning: passing argument 4 of 'dprec_logger_event_init' makes pointer from integer without a cast
    dprec_logger_event_init(&session_info->event_findidx, name, DPREC_LOGGER_LEVEL_DEFAULT, ddp_mmp_get_events()->session_Parent);
    ^
In file included from drivers/misc/mediatek/videox/mt6735/disp_drv_log.h:3:0,
                 from drivers/misc/mediatek/videox/mt6735/mtkfb_fence.c:1:
/home/satory-ra/Android/kernel/android_kernel_oukitel_orange/drivers/misc/mediatek/dispsys/mt6735/display_recorder.h:158:6: note: expected 'MMP_Event *' but argument is of type 'MMP_Event'
 void dprec_logger_event_init(dprec_logger_event *p, char *name, uint32_t level, MMP_Event *mmp_root);
      ^
drivers/misc/mediatek/videox/mt6735/mtkfb_fence.c:131:4: warning: passing argument 4 of 'dprec_logger_event_init' makes pointer from integer without a cast
    dprec_logger_event_init(&session_info->event_release, name, DPREC_LOGGER_LEVEL_DEFAULT|DPREC_LOGGER_LEVEL_SYSTRACE, ddp_mmp_get_events()->session_Parent);
    ^
In file included from drivers/misc/mediatek/videox/mt6735/disp_drv_log.h:3:0,
                 from drivers/misc/mediatek/videox/mt6735/mtkfb_fence.c:1:
/home/satory-ra/Android/kernel/android_kernel_oukitel_orange/drivers/misc/mediatek/dispsys/mt6735/display_recorder.h:158:6: note: expected 'MMP_Event *' but argument is of type 'MMP_Event'
 void dprec_logger_event_init(dprec_logger_event *p, char *name, uint32_t level, MMP_Event *mmp_root);
      ^
drivers/misc/mediatek/videox/mt6735/mtkfb_fence.c:134:4: warning: passing argument 4 of 'dprec_logger_event_init' makes pointer from integer without a cast
    dprec_logger_event_init(&session_info->event_waitvsync, name, DPREC_LOGGER_LEVEL_DEFAULT|DPREC_LOGGER_LEVEL_SYSTRACE, ddp_mmp_get_events()->session_Parent);
    ^
In file included from drivers/misc/mediatek/videox/mt6735/disp_drv_log.h:3:0,
                 from drivers/misc/mediatek/videox/mt6735/mtkfb_fence.c:1:
/home/satory-ra/Android/kernel/android_kernel_oukitel_orange/drivers/misc/mediatek/dispsys/mt6735/display_recorder.h:158:6: note: expected 'MMP_Event *' but argument is of type 'MMP_Event'
 void dprec_logger_event_init(dprec_logger_event *p, char *name, uint32_t level, MMP_Event *mmp_root);
      ^
drivers/misc/mediatek/videox/mt6735/mtkfb_fence.c:137:4: warning: passing argument 4 of 'dprec_logger_event_init' makes pointer from integer without a cast
    dprec_logger_event_init(&session_info->event_err, name, DPREC_LOGGER_LEVEL_DEFAULT|DPREC_LOGGER_LEVEL_SYSTRACE, ddp_mmp_get_events()->session_Parent);
    ^
In file included from drivers/misc/mediatek/videox/mt6735/disp_drv_log.h:3:0,
                 from drivers/misc/mediatek/videox/mt6735/mtkfb_fence.c:1:
/home/satory-ra/Android/kernel/android_kernel_oukitel_orange/drivers/misc/mediatek/dispsys/mt6735/display_recorder.h:158:6: note: expected 'MMP_Event *' but argument is of type 'MMP_Event'
 void dprec_logger_event_init(dprec_logger_event *p, char *name, uint32_t level, MMP_Event *mmp_root);
      ^
drivers/misc/mediatek/videox/mt6735/mtkfb_fence.c: At top level:
drivers/misc/mediatek/videox/mt6735/mtkfb_fence.c:241:13: warning: function declaration isn't a prototype [-Wstrict-prototypes]
 static void mtkfb_ion_init() 
             ^
drivers/misc/mediatek/videox/mt6735/mtkfb_fence.c:257:13: warning: function declaration isn't a prototype [-Wstrict-prototypes]
 static void mtkfb_ion_deinit() 
             ^
drivers/misc/mediatek/videox/mt6735/mtkfb_fence.c: In function 'mtkfb_ion_import_handle':
drivers/misc/mediatek/videox/mt6735/mtkfb_fence.c:312:5: warning: passing argument 3 of 'ion_kernel_ioctl' makes integer from pointer without a cast
  if(ion_kernel_ioctl(ion_client, ION_CMD_MULTIMEDIA, &mm_data))
     ^
In file included from drivers/misc/mediatek/videox/mt6735/mtkfb_fence.c:2:0:
include/linux/ion_drv.h:170:6: note: expected 'long unsigned int' but argument is of type 'struct ion_mm_data *'
 long ion_kernel_ioctl(struct ion_client *client, unsigned int cmd, unsigned long arg);
      ^
drivers/misc/mediatek/videox/mt6735/mtkfb_fence.c: In function 'mtkfb_ion_cache_flush':
drivers/misc/mediatek/videox/mt6735/mtkfb_fence.c:362:6: warning: passing argument 3 of 'ion_kernel_ioctl' makes integer from pointer without a cast
  if (ion_kernel_ioctl(client, ION_CMD_SYSTEM, &sys_data)) 
      ^
In file included from drivers/misc/mediatek/videox/mt6735/mtkfb_fence.c:2:0:
include/linux/ion_drv.h:170:6: note: expected 'long unsigned int' but argument is of type 'struct ion_sys_data *'
 long ion_kernel_ioctl(struct ion_client *client, unsigned int cmd, unsigned long arg);
      ^
drivers/misc/mediatek/videox/mt6735/mtkfb_fence.c: In function 'mtkfb_query_buf_mva':
drivers/misc/mediatek/videox/mt6735/mtkfb_fence.c:380:3: warning: 'return' with no value, in function returning non-void [-Wreturn-type]
   return;
   ^
drivers/misc/mediatek/videox/mt6735/mtkfb_fence.c:402:4: warning: passing argument 2 of 'dprec_logger_start' makes integer from pointer without a cast
    dprec_logger_start(DPREC_LOGGER_DISPMGR_CACHE_SYNC, buf->hnd, buf->mva);
    ^
In file included from drivers/misc/mediatek/videox/mt6735/disp_drv_log.h:3:0,
                 from drivers/misc/mediatek/videox/mt6735/mtkfb_fence.c:1:
/home/satory-ra/Android/kernel/android_kernel_oukitel_orange/drivers/misc/mediatek/dispsys/mt6735/display_recorder.h:140:6: note: expected 'unsigned int' but argument is of type 'struct ion_handle *'
 void dprec_logger_start(DPREC_LOGGER_ENUM source, unsigned int val1, unsigned int val2);
      ^
drivers/misc/mediatek/videox/mt6735/mtkfb_fence.c:404:4: warning: passing argument 2 of 'dprec_logger_done' makes integer from pointer without a cast
    dprec_logger_done(DPREC_LOGGER_DISPMGR_CACHE_SYNC, buf->hnd, buf->mva);   
    ^
In file included from drivers/misc/mediatek/videox/mt6735/disp_drv_log.h:3:0,
                 from drivers/misc/mediatek/videox/mt6735/mtkfb_fence.c:1:
/home/satory-ra/Android/kernel/android_kernel_oukitel_orange/drivers/misc/mediatek/dispsys/mt6735/display_recorder.h:141:6: note: expected 'unsigned int' but argument is of type 'struct ion_handle *'
 void dprec_logger_done(DPREC_LOGGER_ENUM source, unsigned int val1, unsigned int val2);
      ^
drivers/misc/mediatek/videox/mt6735/mtkfb_fence.c: In function 'mtkfb_query_buf_va':
drivers/misc/mediatek/videox/mt6735/mtkfb_fence.c:425:2: warning: ISO C90 forbids mixed declarations and code [-Wdeclaration-after-statement]
  disp_session_sync_info *session_info = _get_session_sync_info(session_id);
  ^
drivers/misc/mediatek/videox/mt6735/mtkfb_fence.c: In function 'mtkfb_update_buf_ticket':
drivers/misc/mediatek/videox/mt6735/mtkfb_fence.c:518:2: warning: ISO C90 forbids mixed declarations and code [-Wdeclaration-after-statement]
  disp_session_sync_info *session_info = _get_session_sync_info(session_id);
  ^
drivers/misc/mediatek/videox/mt6735/mtkfb_fence.c: In function 'mtkfb_query_idx_by_ticket':
drivers/misc/mediatek/videox/mt6735/mtkfb_fence.c:546:31: warning: unused variable 'pre_buf' [-Wunused-variable]
  struct mtkfb_fence_buf_info *pre_buf = NULL;
                               ^
drivers/misc/mediatek/videox/mt6735/mtkfb_fence.c: In function 'mtkfb_update_buf_info':
drivers/misc/mediatek/videox/mt6735/mtkfb_fence.c:587:3: warning: 'return' with no value, in function returning non-void [-Wreturn-type]
   return;
   ^
drivers/misc/mediatek/videox/mt6735/mtkfb_fence.c: In function 'mtkfb_query_frm_seq_by_addr':
drivers/misc/mediatek/videox/mt6735/mtkfb_fence.c:618:2: warning: ISO C90 forbids mixed declarations and code [-Wdeclaration-after-statement]
  disp_session_sync_info *session_info = _get_session_sync_info(session_id);
  ^
drivers/misc/mediatek/videox/mt6735/mtkfb_fence.c: In function 'disp_sync_init':
drivers/misc/mediatek/videox/mt6735/mtkfb_fence.c:672:7: warning: unused variable 'name' [-Wunused-variable]
  char name[32];
       ^
drivers/misc/mediatek/videox/mt6735/mtkfb_fence.c:671:18: warning: unused variable 'layer_info' [-Wunused-variable]
  disp_sync_info *layer_info = NULL;
                  ^
drivers/misc/mediatek/videox/mt6735/mtkfb_fence.c:669:6: warning: unused variable 'j' [-Wunused-variable]
  int j = 0;
      ^
drivers/misc/mediatek/videox/mt6735/mtkfb_fence.c: In function 'mtkfb_release_fence':
drivers/misc/mediatek/videox/mt6735/mtkfb_fence.c:745:15: warning: unused variable 'current_ticket' [-Wunused-variable]
  unsigned int current_ticket = dprec_get_vsync_count();
               ^
drivers/misc/mediatek/videox/mt6735/mtkfb_fence.c: In function 'mtkfb_release_layer_fence':
drivers/misc/mediatek/videox/mt6735/mtkfb_fence.c:834:2: warning: ISO C90 forbids mixed declarations and code [-Wdeclaration-after-statement]
  int fence = 0;
  ^
drivers/misc/mediatek/videox/mt6735/mtkfb_fence.c: In function 'disp_sync_prepare_buf':
drivers/misc/mediatek/videox/mt6735/mtkfb_fence.c:1010:2: warning: ISO C90 forbids mixed declarations and code [-Wdeclaration-after-statement]
  disp_sync_info *layer_info = NULL;
  ^
drivers/misc/mediatek/videox/mt6735/mtkfb_fence.c: In function 'disp_sync_query_buf_info':
drivers/misc/mediatek/videox/mt6735/mtkfb_fence.c:1150:3: warning: 'return' with no value, in function returning non-void [-Wreturn-type]
   return;
   ^
drivers/misc/mediatek/videox/mt6735/mtkfb_fence.c:1173:4: warning: passing argument 2 of 'dprec_logger_start' makes integer from pointer without a cast
    dprec_logger_start(DPREC_LOGGER_DISPMGR_CACHE_SYNC, buf->hnd, buf->mva);
    ^
In file included from drivers/misc/mediatek/videox/mt6735/disp_drv_log.h:3:0,
                 from drivers/misc/mediatek/videox/mt6735/mtkfb_fence.c:1:
/home/satory-ra/Android/kernel/android_kernel_oukitel_orange/drivers/misc/mediatek/dispsys/mt6735/display_recorder.h:140:6: note: expected 'unsigned int' but argument is of type 'struct ion_handle *'
 void dprec_logger_start(DPREC_LOGGER_ENUM source, unsigned int val1, unsigned int val2);
      ^
drivers/misc/mediatek/videox/mt6735/mtkfb_fence.c:1175:4: warning: passing argument 2 of 'dprec_logger_done' makes integer from pointer without a cast
    dprec_logger_done(DPREC_LOGGER_DISPMGR_CACHE_SYNC, buf->hnd, buf->mva);   
    ^
In file included from drivers/misc/mediatek/videox/mt6735/disp_drv_log.h:3:0,
                 from drivers/misc/mediatek/videox/mt6735/mtkfb_fence.c:1:
/home/satory-ra/Android/kernel/android_kernel_oukitel_orange/drivers/misc/mediatek/dispsys/mt6735/display_recorder.h:141:6: note: expected 'unsigned int' but argument is of type 'struct ion_handle *'
 void dprec_logger_done(DPREC_LOGGER_ENUM source, unsigned int val1, unsigned int val2);
      ^
drivers/misc/mediatek/videox/mt6735/mtkfb_fence.c: At top level:
drivers/misc/mediatek/videox/mt6735/mtkfb_fence.c:257:13: warning: 'mtkfb_ion_deinit' defined but not used [-Wunused-function]
 static void mtkfb_ion_deinit() 
             ^
drivers/misc/mediatek/videox/mt6735/mtkfb_fence.c:651:12: warning: '_sync_inited' defined but not used [-Wunused-function]
 static int _sync_inited(disp_session_sync_info *info, unsigned int layer_id)
            ^
  CC      drivers/misc/mediatek/videox/mt6735/mtk_disp_mgr.o
In file included from drivers/misc/mediatek/videox/mt6735/mtk_disp_mgr.c:40:0:
drivers/misc/mediatek/videox/mt6735/debug.h:189:1: warning: function declaration isn't a prototype [-Wstrict-prototypes]
 bool get_ovl1_to_mem_on();
 ^
In file included from drivers/misc/mediatek/videox/mt6735/disp_drv_log.h:3:0,
                 from drivers/misc/mediatek/videox/mt6735/mtk_disp_mgr.c:41:
/home/satory-ra/Android/kernel/android_kernel_oukitel_orange/drivers/misc/mediatek/dispsys/mt6735/display_recorder.h:152:1: warning: function declaration isn't a prototype [-Wstrict-prototypes]
 void dprec_logger_dump_reset();
 ^
/home/satory-ra/Android/kernel/android_kernel_oukitel_orange/drivers/misc/mediatek/dispsys/mt6735/display_recorder.h:153:1: warning: function declaration isn't a prototype [-Wstrict-prototypes]
 char *dprec_logger_get_dump_addr();
 ^
/home/satory-ra/Android/kernel/android_kernel_oukitel_orange/drivers/misc/mediatek/dispsys/mt6735/display_recorder.h:154:1: warning: function declaration isn't a prototype [-Wstrict-prototypes]
 unsigned int dprec_logger_get_dump_len();
 ^
In file included from drivers/misc/mediatek/videox/mt6735/mtk_disp_mgr.c:53:0:
drivers/misc/mediatek/videox/mt6735/primary_display.h:195:1: warning: no semicolon at end of struct or union
 }disp_internal_buffer_info ;
 ^
drivers/misc/mediatek/videox/mt6735/primary_display.h:356:1: warning: function declaration isn't a prototype [-Wstrict-prototypes]
 int primary_display_check_test();
 ^
In file included from include/mach/mt_gpio.h:15:0,
                 from /home/satory-ra/Android/kernel/android_kernel_oukitel_orange/drivers/misc/mediatek/videox/mt6735/mt6735m/disp_drv_platform.h:6,
                 from drivers/misc/mediatek/videox/mt6735/mtk_disp_mgr.c:60:
/home/satory-ra/Android/kernel/android_kernel_oukitel_orange/drivers/misc/mediatek/mach/mt6735/Sprint4g/dct/dct/inc/cust_gpio_usage.h:481:0: warning: "GPIO_KPD_KCOL1_PIN_M_UCTS" redefined
 #define GPIO_KPD_KCOL1_PIN_M_UCTS   GPIO_MODE_03
 ^
/home/satory-ra/Android/kernel/android_kernel_oukitel_orange/drivers/misc/mediatek/mach/mt6735/Sprint4g/dct/dct/inc/cust_gpio_usage.h:480:0: note: this is the location of the previous definition
 #define GPIO_KPD_KCOL1_PIN_M_UCTS   GPIO_MODE_02
 ^
In file included from drivers/misc/mediatek/videox/mt6735/mtk_disp_mgr.c:66:0:
drivers/misc/mediatek/videox/mt6735/mtk_ovl.h:65:1: warning: function declaration isn't a prototype [-Wstrict-prototypes]
 int get_ovl2mem_ticket();
 ^
drivers/misc/mediatek/videox/mt6735/mtk_ovl.h:70:1: warning: function declaration isn't a prototype [-Wstrict-prototypes]
 void ovl2mem_wait_done();
 ^
drivers/misc/mediatek/videox/mt6735/mtk_ovl.h:71:1: warning: function declaration isn't a prototype [-Wstrict-prototypes]
 int ovl2mem_deinit();
 ^
In file included from drivers/misc/mediatek/videox/mt6735/mtk_disp_mgr.c:86:0:
drivers/misc/mediatek/videox/mt6735/mtkfb_fence.h:153:1: warning: function declaration isn't a prototype [-Wstrict-prototypes]
 int mtkfb_fence_timeline_index();
 ^
drivers/misc/mediatek/videox/mt6735/mtk_disp_mgr.c:184:5: warning: function declaration isn't a prototype [-Wstrict-prototypes]
 int disp_get_session_number()
     ^
drivers/misc/mediatek/videox/mt6735/mtk_disp_mgr.c: In function 'disp_destroy_session':
drivers/misc/mediatek/videox/mt6735/mtk_disp_mgr.c:382:2: warning: passing argument 3 of 'release_session_buffer' makes integer from pointer without a cast
  release_session_buffer(DISP_SESSION_TYPE(config->session_id), 0xFF, NULL);
  ^
drivers/misc/mediatek/videox/mt6735/mtk_disp_mgr.c:343:6: note: expected 'long unsigned int' but argument is of type 'void *'
 bool release_session_buffer (DISP_SESSION_TYPE type, unsigned int layerid, unsigned long layer_phy_addr);
      ^
drivers/misc/mediatek/videox/mt6735/mtk_disp_mgr.c:348:9: warning: unused variable 'idx' [-Wunused-variable]
  int i, idx;
         ^
drivers/misc/mediatek/videox/mt6735/mtk_disp_mgr.c: In function 'release_session_buffer':
drivers/misc/mediatek/videox/mt6735/mtk_disp_mgr.c:448:1: warning: label 'releae_exit' defined but not used [-Wunused-label]
 releae_exit:
 ^
drivers/misc/mediatek/videox/mt6735/mtk_disp_mgr.c: In function '_ioctl_trigger_session':
drivers/misc/mediatek/videox/mt6735/mtk_disp_mgr.c:573:2: warning: ISO C90 forbids mixed declarations and code [-Wdeclaration-after-statement]
  disp_session_sync_info *session_info = disp_get_session_sync_info_for_debug(session_id);
  ^
drivers/misc/mediatek/videox/mt6735/mtk_disp_mgr.c:559:6: warning: unused variable 'present_fence_idx' [-Wunused-variable]
  int present_fence_idx = -1;
      ^
drivers/misc/mediatek/videox/mt6735/mtk_disp_mgr.c:555:6: warning: unused variable 'i' [-Wunused-variable]
  int i = 0;
      ^
drivers/misc/mediatek/videox/mt6735/mtk_disp_mgr.c: In function 'set_memory_buffer':
drivers/misc/mediatek/videox/mt6735/mtk_disp_mgr.c:1251:37: warning: assignment makes pointer from integer without a cast
       input->config[i].src_phy_addr = get_dim_layer_mva_addr();
                                     ^
drivers/misc/mediatek/videox/mt6735/mtk_disp_mgr.c:1259:13: warning: assignment makes integer from pointer without a cast
     dst_mva = input->config[i].src_phy_addr;
             ^
drivers/misc/mediatek/videox/mt6735/mtk_disp_mgr.c:1263:5: warning: passing argument 4 of 'disp_sync_query_buf_info' from incompatible pointer type
     disp_sync_query_buf_info(session_id, layer_id, (unsigned int)input->config[i].next_buff_idx, &dst_mva, &dst_size);
     ^
In file included from drivers/misc/mediatek/videox/mt6735/mtk_disp_mgr.c:86:0:
drivers/misc/mediatek/videox/mt6735/mtkfb_fence.h:162:14: note: expected 'long unsigned int *' but argument is of type 'unsigned int *'
 unsigned int disp_sync_query_buf_info(unsigned int session_id, unsigned int timeline_id, unsigned int idx, unsigned long *mva, unsigned int *size);
              ^
drivers/misc/mediatek/videox/mt6735/mtk_disp_mgr.c:1272:35: warning: assignment makes pointer from integer without a cast
     input->config[i].src_phy_addr = dst_mva;
                                   ^
drivers/misc/mediatek/videox/mt6735/mtk_disp_mgr.c:1299:3: warning: passing argument 3 of '_sync_convert_fb_layer_to_disp_input' from incompatible pointer type
   _sync_convert_fb_layer_to_disp_input(input->session_id, &(input->config[i]),&input_params[layer_id], dst_mva);
   ^
drivers/misc/mediatek/videox/mt6735/mtk_disp_mgr.c:1043:12: note: expected 'struct primary_disp_input_config *' but argument is of type 'struct ovl2mem_in_config *'
 static int _sync_convert_fb_layer_to_disp_input(unsigned int session_id, disp_input_config* src, primary_disp_input_config *dst, unsigned int dst_mva)
            ^
drivers/misc/mediatek/videox/mt6735/mtk_disp_mgr.c:1319:2: warning: passing argument 1 of 'ovl2mem_input_config' from incompatible pointer type
  ovl2mem_input_config(&input_params) ;
  ^
In file included from drivers/misc/mediatek/videox/mt6735/mtk_disp_mgr.c:66:0:
drivers/misc/mediatek/videox/mt6735/mtk_ovl.h:67:5: note: expected 'struct ovl2mem_in_config *' but argument is of type 'struct ovl2mem_in_config (*)[4]'
 int ovl2mem_input_config(ovl2mem_in_config* input);
     ^
drivers/misc/mediatek/videox/mt6735/mtk_disp_mgr.c: In function 'set_primary_buffer':
drivers/misc/mediatek/videox/mt6735/mtk_disp_mgr.c:1506:2: warning: ISO C90 forbids mixed declarations and code [-Wdeclaration-after-statement]
  disp_session_sync_info *session_info = disp_get_session_sync_info_for_debug(session_id);
  ^
drivers/misc/mediatek/videox/mt6735/mtk_disp_mgr.c:1539:35: warning: assignment makes pointer from integer without a cast
     input->config[i].src_phy_addr = get_dim_layer_mva_addr();
                                   ^
drivers/misc/mediatek/videox/mt6735/mtk_disp_mgr.c:1545:13: warning: assignment makes integer from pointer without a cast
     dst_mva = input->config[i].src_phy_addr;
             ^
drivers/misc/mediatek/videox/mt6735/mtk_disp_mgr.c:1547:5: warning: passing argument 4 of 'disp_sync_query_buf_info' from incompatible pointer type
     disp_sync_query_buf_info(session_id, layer_id,
     ^
In file included from drivers/misc/mediatek/videox/mt6735/mtk_disp_mgr.c:86:0:
drivers/misc/mediatek/videox/mt6735/mtkfb_fence.h:162:14: note: expected 'long unsigned int *' but argument is of type 'unsigned int *'
 unsigned int disp_sync_query_buf_info(unsigned int session_id, unsigned int timeline_id, unsigned int idx, unsigned long *mva, unsigned int *size);
              ^
drivers/misc/mediatek/videox/mt6735/mtk_disp_mgr.c:1550:34: warning: assignment makes pointer from integer without a cast
    input->config[i].src_phy_addr = dst_mva;
                                  ^
drivers/misc/mediatek/videox/mt6735/mtk_disp_mgr.c:1622:4: warning: passing argument 2 of 'update_frm_seq_info' makes integer from pointer without a cast
    update_frm_seq_info(input->session_id, input->config[i].src_phy_addr, 0, input->config[i].frm_sequence, FRM_CONFIG);
    ^
In file included from drivers/misc/mediatek/videox/mt6735/mtk_disp_mgr.c:40:0:
drivers/misc/mediatek/videox/mt6735/debug.h:193:6: note: expected 'unsigned int' but argument is of type 'void *'
 void update_frm_seq_info(unsigned int session_id, unsigned int addr, unsigned int addr_offset,unsigned int seq, DISP_FRM_SEQ_STATE state);
      ^
drivers/misc/mediatek/videox/mt6735/mtk_disp_mgr.c:1623:4: warning: passing argument 2 of 'update_frm_seq_info' makes integer from pointer without a cast
    update_frm_seq_info(input->session_id, input->config[i].src_phy_addr, 0, 0, FRM_TRIGGER);
    ^
In file included from drivers/misc/mediatek/videox/mt6735/mtk_disp_mgr.c:40:0:
drivers/misc/mediatek/videox/mt6735/debug.h:193:6: note: expected 'unsigned int' but argument is of type 'void *'
 void update_frm_seq_info(unsigned int session_id, unsigned int addr, unsigned int addr_offset,unsigned int seq, DISP_FRM_SEQ_STATE state);
      ^
drivers/misc/mediatek/videox/mt6735/mtk_disp_mgr.c: In function '_ioctl_set_input_buffer':
drivers/misc/mediatek/videox/mt6735/mtk_disp_mgr.c:1652:2: warning: ISO C90 forbids mixed declarations and code [-Wdeclaration-after-statement]
  disp_session_sync_info *session_info = disp_get_session_sync_info_for_debug(session_id);
  ^
drivers/misc/mediatek/videox/mt6735/mtk_disp_mgr.c: In function '_sync_convert_fb_layer_to_disp_output':
drivers/misc/mediatek/videox/mt6735/mtk_disp_mgr.c:1719:1: warning: no return statement in function returning non-void [-Wreturn-type]
 }
 ^
drivers/misc/mediatek/videox/mt6735/mtk_disp_mgr.c: In function '_ioctl_set_output_buffer':
drivers/misc/mediatek/videox/mt6735/mtk_disp_mgr.c:1740:2: warning: ISO C90 forbids mixed declarations and code [-Wdeclaration-after-statement]
  disp_session_sync_info *session_info = disp_get_session_sync_info_for_debug(session_id);
  ^
drivers/misc/mediatek/videox/mt6735/mtk_disp_mgr.c:1757:12: warning: assignment makes integer from pointer without a cast
    dst_mva = session_output.config.pa;
            ^
drivers/misc/mediatek/videox/mt6735/mtk_disp_mgr.c:1829:12: warning: assignment makes integer from pointer without a cast
    dst_mva = session_output.config.pa;
            ^
drivers/misc/mediatek/videox/mt6735/mtk_disp_mgr.c:1730:15: warning: unused variable 'dst_size' [-Wunused-variable]
  unsigned int dst_size = 0;
               ^
drivers/misc/mediatek/videox/mt6735/mtk_disp_mgr.c:1729:15: warning: unused variable 'dst_va' [-Wunused-variable]
  unsigned int dst_va = 0;
               ^
drivers/misc/mediatek/videox/mt6735/mtk_disp_mgr.c: In function '_ioctl_get_info':
drivers/misc/mediatek/videox/mt6735/mtk_disp_mgr.c:1898:6: warning: unused variable 'dev' [-Wunused-variable]
  int dev = 0;
      ^
drivers/misc/mediatek/videox/mt6735/mtk_disp_mgr.c: In function '_ioctl_wait_vsync':
drivers/misc/mediatek/videox/mt6735/mtk_disp_mgr.c:2017:2: warning: ISO C90 forbids mixed declarations and code [-Wdeclaration-after-statement]
  disp_session_sync_info *session_info = disp_get_session_sync_info_for_debug(vsync_config.session_id);
  ^
drivers/misc/mediatek/videox/mt6735/mtk_disp_mgr.c:2009:6: warning: unused variable 'dev' [-Wunused-variable]
  int dev = 0;
      ^
drivers/misc/mediatek/videox/mt6735/mtk_disp_mgr.c: In function '_ioctl_set_vsync':
drivers/misc/mediatek/videox/mt6735/mtk_disp_mgr.c:2057:6: warning: unused variable 'dev' [-Wunused-variable]
  int dev = 0;
      ^
drivers/misc/mediatek/videox/mt6735/mtk_disp_mgr.c: In function 'set_session_mode':
drivers/misc/mediatek/videox/mt6735/mtk_disp_mgr.c:2214:17: warning: unused variable 'disp_type' [-Wunused-variable]
             int disp_type = 0;
                 ^
drivers/misc/mediatek/videox/mt6735/mtk_disp_mgr.c: At top level:
drivers/misc/mediatek/videox/mt6735/mtk_disp_mgr.c:2261:12: warning: function declaration isn't a prototype [-Wstrict-prototypes]
 static int wait_ovl1_available()
            ^
drivers/misc/mediatek/videox/mt6735/mtk_disp_mgr.c: In function 'wait_ovl1_available':
drivers/misc/mediatek/videox/mt6735/mtk_disp_mgr.c:2264:9: warning: unused variable 'loop_cnt' [-Wunused-variable]
     int loop_cnt = 0;
         ^
drivers/misc/mediatek/videox/mt6735/mtk_disp_mgr.c: In function 'create_external_display_path':
drivers/misc/mediatek/videox/mt6735/mtk_disp_mgr.c:2323:9: warning: unused variable 'extd_type' [-Wunused-variable]
     int extd_type = DISP_IF_MHL;
         ^
drivers/misc/mediatek/videox/mt6735/mtk_disp_mgr.c:2322:9: warning: unused variable 'loop_cnt' [-Wunused-variable]
     int loop_cnt = 0;
         ^
drivers/misc/mediatek/videox/mt6735/mtk_disp_mgr.c: In function 'destroy_external_display_path':
drivers/misc/mediatek/videox/mt6735/mtk_disp_mgr.c:2501:9: warning: passing argument 3 of 'release_session_buffer' makes integer from pointer without a cast
         release_session_buffer(DISP_SESSION_MEMORY, 0xFF, NULL);
         ^
drivers/misc/mediatek/videox/mt6735/mtk_disp_mgr.c:398:6: note: expected 'long unsigned int' but argument is of type 'void *'
 bool release_session_buffer (DISP_SESSION_TYPE type, unsigned int layerid, unsigned long layer_phy_addr)
      ^
drivers/misc/mediatek/videox/mt6735/mtk_disp_mgr.c: In function 'disp_switch_mode_kthread':
drivers/misc/mediatek/videox/mt6735/mtk_disp_mgr.c:2543:5: warning: ISO C90 forbids mixed declarations and code [-Wdeclaration-after-statement]
     int ret = 0;
     ^
drivers/misc/mediatek/videox/mt6735/mtk_disp_mgr.c: At top level:
drivers/misc/mediatek/videox/mt6735/mtk_disp_mgr.c:263:12: warning: 'mem_out_active' defined but not used [-Wunused-variable]
 static int mem_out_active = 0;
            ^
drivers/misc/mediatek/videox/mt6735/mtk_disp_mgr.c:265:12: warning: 'g_enable_clock' defined but not used [-Wunused-variable]
 static int g_enable_clock = 0;
            ^
drivers/misc/mediatek/videox/mt6735/mtk_disp_mgr.c:547:21: warning: 'get_current_ticket' defined but not used [-Wunused-function]
 static unsigned int get_current_ticket(void)
                     ^
drivers/misc/mediatek/videox/mt6735/mtk_disp_mgr.c:2261:12: warning: 'wait_ovl1_available' defined but not used [-Wunused-function]
 static int wait_ovl1_available()
            ^
  CC      drivers/misc/mediatek/videox/mt6735/mtk_mira.o
In file included from drivers/misc/mediatek/videox/mt6735/disp_drv_log.h:3:0,
                 from drivers/misc/mediatek/videox/mt6735/mtk_mira.c:3:
/home/satory-ra/Android/kernel/android_kernel_oukitel_orange/drivers/misc/mediatek/dispsys/mt6735/display_recorder.h:152:1: warning: function declaration isn't a prototype [-Wstrict-prototypes]
 void dprec_logger_dump_reset();
 ^
/home/satory-ra/Android/kernel/android_kernel_oukitel_orange/drivers/misc/mediatek/dispsys/mt6735/display_recorder.h:153:1: warning: function declaration isn't a prototype [-Wstrict-prototypes]
 char *dprec_logger_get_dump_addr();
 ^
/home/satory-ra/Android/kernel/android_kernel_oukitel_orange/drivers/misc/mediatek/dispsys/mt6735/display_recorder.h:154:1: warning: function declaration isn't a prototype [-Wstrict-prototypes]
 unsigned int dprec_logger_get_dump_len();
 ^
  CC      drivers/misc/mediatek/videox/mt6735/mtk_ovl.o
In file included from drivers/misc/mediatek/videox/mt6735/mtk_ovl.c:10:0:
drivers/misc/mediatek/videox/mt6735/debug.h:189:1: warning: function declaration isn't a prototype [-Wstrict-prototypes]
 bool get_ovl1_to_mem_on();
 ^
In file included from drivers/misc/mediatek/videox/mt6735/disp_drv_log.h:3:0,
                 from drivers/misc/mediatek/videox/mt6735/mtk_ovl.c:12:
/home/satory-ra/Android/kernel/android_kernel_oukitel_orange/drivers/misc/mediatek/dispsys/mt6735/display_recorder.h:152:1: warning: function declaration isn't a prototype [-Wstrict-prototypes]
 void dprec_logger_dump_reset();
 ^
/home/satory-ra/Android/kernel/android_kernel_oukitel_orange/drivers/misc/mediatek/dispsys/mt6735/display_recorder.h:153:1: warning: function declaration isn't a prototype [-Wstrict-prototypes]
 char *dprec_logger_get_dump_addr();
 ^
/home/satory-ra/Android/kernel/android_kernel_oukitel_orange/drivers/misc/mediatek/dispsys/mt6735/display_recorder.h:154:1: warning: function declaration isn't a prototype [-Wstrict-prototypes]
 unsigned int dprec_logger_get_dump_len();
 ^
In file included from drivers/misc/mediatek/videox/mt6735/mtk_ovl.c:21:0:
drivers/misc/mediatek/videox/mt6735/primary_display.h:195:1: warning: no semicolon at end of struct or union
 }disp_internal_buffer_info ;
 ^
drivers/misc/mediatek/videox/mt6735/primary_display.h:356:1: warning: function declaration isn't a prototype [-Wstrict-prototypes]
 int primary_display_check_test();
 ^
In file included from include/mach/mt_gpio.h:15:0,
                 from /home/satory-ra/Android/kernel/android_kernel_oukitel_orange/drivers/misc/mediatek/videox/mt6735/mt6735m/disp_drv_platform.h:6,
                 from drivers/misc/mediatek/videox/mt6735/mtk_ovl.c:30:
/home/satory-ra/Android/kernel/android_kernel_oukitel_orange/drivers/misc/mediatek/mach/mt6735/Sprint4g/dct/dct/inc/cust_gpio_usage.h:481:0: warning: "GPIO_KPD_KCOL1_PIN_M_UCTS" redefined
 #define GPIO_KPD_KCOL1_PIN_M_UCTS   GPIO_MODE_03
 ^
/home/satory-ra/Android/kernel/android_kernel_oukitel_orange/drivers/misc/mediatek/mach/mt6735/Sprint4g/dct/dct/inc/cust_gpio_usage.h:480:0: note: this is the location of the previous definition
 #define GPIO_KPD_KCOL1_PIN_M_UCTS   GPIO_MODE_02
 ^
In file included from drivers/misc/mediatek/videox/mt6735/mtk_ovl.c:33:0:
drivers/misc/mediatek/videox/mt6735/mtk_ovl.h:65:1: warning: function declaration isn't a prototype [-Wstrict-prototypes]
 int get_ovl2mem_ticket();
 ^
drivers/misc/mediatek/videox/mt6735/mtk_ovl.h:70:1: warning: function declaration isn't a prototype [-Wstrict-prototypes]
 void ovl2mem_wait_done();
 ^
drivers/misc/mediatek/videox/mt6735/mtk_ovl.h:71:1: warning: function declaration isn't a prototype [-Wstrict-prototypes]
 int ovl2mem_deinit();
 ^
In file included from drivers/misc/mediatek/videox/mt6735/mtk_ovl.c:35:0:
drivers/misc/mediatek/videox/mt6735/mtkfb_fence.h:153:1: warning: function declaration isn't a prototype [-Wstrict-prototypes]
 int mtkfb_fence_timeline_index();
 ^
drivers/misc/mediatek/videox/mt6735/mtk_ovl.c: In function '_ovl2mem_path_lock':
drivers/misc/mediatek/videox/mt6735/mtk_ovl.c:113:20: warning: assignment discards 'const' qualifier from pointer target type
  pgc->mutex_locker = caller;
                    ^
drivers/misc/mediatek/videox/mt6735/mtk_ovl.c: In function 'ovl2mem_callback':
drivers/misc/mediatek/videox/mt6735/mtk_ovl.c:242:1: warning: no return statement in function returning non-void [-Wreturn-type]
 }
 ^
drivers/misc/mediatek/videox/mt6735/mtk_ovl.c: At top level:
drivers/misc/mediatek/videox/mt6735/mtk_ovl.c:244:5: warning: function declaration isn't a prototype [-Wstrict-prototypes]
 int get_ovl2mem_ticket()
     ^
drivers/misc/mediatek/videox/mt6735/mtk_ovl.c: In function 'ovl2mem_input_config':
drivers/misc/mediatek/videox/mt6735/mtk_ovl.c:351:5: warning: ISO C90 forbids mixed declarations and code [-Wdeclaration-after-statement]
     disp_ddp_path_config *data_config;  
     ^
drivers/misc/mediatek/videox/mt6735/mtk_ovl.c:386:19: warning: passing argument 2 of '_convert_disp_input_to_ovl' from incompatible pointer type
             ret = _convert_disp_input_to_ovl(&(data_config->ovl_config[input[i].layer]), &input[i]);
                   ^
drivers/misc/mediatek/videox/mt6735/mtk_ovl.c:168:12: note: expected 'struct primary_disp_input_config *' but argument is of type 'struct ovl2mem_in_config *'
 static int _convert_disp_input_to_ovl(OVL_CONFIG_STRUCT *dst, primary_disp_input_config* src)
            ^
drivers/misc/mediatek/videox/mt6735/mtk_ovl.c: In function 'ovl2mem_output_config':
drivers/misc/mediatek/videox/mt6735/mtk_ovl.c:415:5: warning: ISO C90 forbids mixed declarations and code [-Wdeclaration-after-statement]
     disp_ddp_path_config *data_config;  
     ^
drivers/misc/mediatek/videox/mt6735/mtk_ovl.c:409:9: warning: unused variable 'i' [-Wunused-variable]
     int i = 0;
         ^
drivers/misc/mediatek/videox/mt6735/mtk_ovl.c: In function 'ovl2mem_trigger':
drivers/misc/mediatek/videox/mt6735/mtk_ovl.c:498:5: warning: passing argument 2 of 'cmdqRecFlushAsyncCallback' from incompatible pointer type
     cmdqRecFlushAsyncCallback(pgc->cmdq_handle_config, ovl2mem_callback, atomic_read(&g_trigger_ticket));
     ^
In file included from /home/satory-ra/Android/kernel/android_kernel_oukitel_orange/drivers/misc/mediatek/dispsys/mt6735/ddp_manager.h:9:0,
                 from drivers/misc/mediatek/videox/mt6735/primary_display.h:5,
                 from drivers/misc/mediatek/videox/mt6735/mtk_ovl.c:21:
/home/satory-ra/Android/kernel/android_kernel_oukitel_orange/drivers/misc/mediatek/cmdq/mt6735/cmdq_record.h:332:10: note: expected 'CmdqAsyncFlushCB' but argument is of type 'int (*)(unsigned int)'
  int32_t cmdqRecFlushAsyncCallback(cmdqRecHandle handle, CmdqAsyncFlushCB callback,
          ^
drivers/misc/mediatek/videox/mt6735/mtk_ovl.c: At top level:
drivers/misc/mediatek/videox/mt6735/mtk_ovl.c:511:6: warning: function declaration isn't a prototype [-Wstrict-prototypes]
 void ovl2mem_wait_done()
      ^
drivers/misc/mediatek/videox/mt6735/mtk_ovl.c:536:5: warning: function declaration isn't a prototype [-Wstrict-prototypes]
 int ovl2mem_deinit()
     ^
drivers/misc/mediatek/videox/mt6735/mtk_ovl.c:82:21: warning: 'cmdqDdpClockOn' defined but not used [-Wunused-function]
 static unsigned int cmdqDdpClockOn(uint64_t engineFlag)
                     ^
drivers/misc/mediatek/videox/mt6735/mtk_ovl.c:87:21: warning: 'cmdqDdpResetEng' defined but not used [-Wunused-function]
 static unsigned int cmdqDdpResetEng(uint64_t engineFlag)
                     ^
drivers/misc/mediatek/videox/mt6735/mtk_ovl.c:93:21: warning: 'cmdqDdpClockOff' defined but not used [-Wunused-function]
 static unsigned int cmdqDdpClockOff(uint64_t engineFlag)
                     ^
drivers/misc/mediatek/videox/mt6735/mtk_ovl.c:98:21: warning: 'cmdqDdpDumpInfo' defined but not used [-Wunused-function]
 static unsigned int cmdqDdpDumpInfo(uint64_t engineFlag,
                     ^
drivers/misc/mediatek/videox/mt6735/mtk_ovl.c: In function 'ovl2mem_get_info':
drivers/misc/mediatek/videox/mt6735/mtk_ovl.c:165:1: warning: control reaches end of non-void function [-Wreturn-type]
 }
 ^
  CC      drivers/misc/mediatek/videox/mt6735/fbconfig_kdebug_k2.o
In file included from drivers/misc/mediatek/videox/mt6735/fbconfig_kdebug_k2.c:4:0:
include/linux/fb.h:26:0: warning: "CONFIG_DMA_SHARED_BUFFER" redefined
 #define CONFIG_DMA_SHARED_BUFFER
 ^
In file included from /home/satory-ra/Android/kernel/android_kernel_oukitel_orange/include/linux/kconfig.h:4:0,
                 from <command-line>:0:
include/generated/autoconf.h:920:0: note: this is the location of the previous definition
 #define CONFIG_DMA_SHARED_BUFFER 1
 ^
In file included from include/mach/mt_gpio.h:15:0,
                 from /home/satory-ra/Android/kernel/android_kernel_oukitel_orange/drivers/misc/mediatek/videox/mt6735/mt6735m/disp_drv_platform.h:6,
                 from drivers/misc/mediatek/videox/mt6735/fbconfig_kdebug_k2.c:11:
/home/satory-ra/Android/kernel/android_kernel_oukitel_orange/drivers/misc/mediatek/mach/mt6735/Sprint4g/dct/dct/inc/cust_gpio_usage.h:481:0: warning: "GPIO_KPD_KCOL1_PIN_M_UCTS" redefined
 #define GPIO_KPD_KCOL1_PIN_M_UCTS   GPIO_MODE_03
 ^
/home/satory-ra/Android/kernel/android_kernel_oukitel_orange/drivers/misc/mediatek/mach/mt6735/Sprint4g/dct/dct/inc/cust_gpio_usage.h:480:0: note: this is the location of the previous definition
 #define GPIO_KPD_KCOL1_PIN_M_UCTS   GPIO_MODE_02
 ^
In file included from /home/satory-ra/Android/kernel/android_kernel_oukitel_orange/drivers/misc/mediatek/mach/mt6735/Sprint4g/core/board-custom.h:4:0,
                 from /home/satory-ra/Android/kernel/android_kernel_oukitel_orange/drivers/misc/mediatek/videox/mt6735/mt6735m/disp_drv_platform.h:11,
                 from drivers/misc/mediatek/videox/mt6735/fbconfig_kdebug_k2.c:11:
include/generated/autoconf.h:920:0: warning: "CONFIG_DMA_SHARED_BUFFER" redefined
 #define CONFIG_DMA_SHARED_BUFFER 1
 ^
In file included from drivers/misc/mediatek/videox/mt6735/fbconfig_kdebug_k2.c:4:0:
include/linux/fb.h:26:0: note: this is the location of the previous definition
 #define CONFIG_DMA_SHARED_BUFFER
 ^
In file included from drivers/misc/mediatek/videox/mt6735/fbconfig_kdebug_k2.c:13:0:
drivers/misc/mediatek/videox/mt6735/debug.h:189:1: warning: function declaration isn't a prototype [-Wstrict-prototypes]
 bool get_ovl1_to_mem_on();
 ^
In file included from drivers/misc/mediatek/videox/mt6735/fbconfig_kdebug_k2.c:17:0:
drivers/misc/mediatek/videox/mt6735/primary_display.h:195:1: warning: no semicolon at end of struct or union
 }disp_internal_buffer_info ;
 ^
drivers/misc/mediatek/videox/mt6735/primary_display.h:356:1: warning: function declaration isn't a prototype [-Wstrict-prototypes]
 int primary_display_check_test();
 ^
drivers/misc/mediatek/videox/mt6735/fbconfig_kdebug_k2.c: In function 'fbconfig_ioctl':
drivers/misc/mediatek/videox/mt6735/fbconfig_kdebug_k2.c:294:7: warning: unused variable 'i' [-Wunused-variable]
   int i ;   
       ^
drivers/misc/mediatek/videox/mt6735/fbconfig_kdebug_k2.c: At top level:
drivers/misc/mediatek/videox/mt6735/fbconfig_kdebug_k2.c:175:13: warning: 'print_from_head_to_tail' defined but not used [-Wunused-function]
 static void print_from_head_to_tail(void)
             ^
  LD      drivers/misc/mediatek/videox/mt6735/built-in.o
  LD      drivers/misc/mediatek/videox/built-in.o
  LD      drivers/misc/mediatek/built-in.o
  LD      drivers/misc/built-in.o
  LD      drivers/built-in.o
  LINK    vmlinux
  LD      vmlinux.o
  MODPOST vmlinux.o
WARNING: modpost: Found 61 section mismatch(es).
To see full details build your kernel with:
'make CONFIG_DEBUG_SECTION_MISMATCH=y'
  GEN     .version
  CHK     include/generated/compile.h
  UPD     include/generated/compile.h
  CC      init/version.o
  LD      init/built-in.o
  KSYM    .tmp_kallsyms1.o
  KSYM    .tmp_kallsyms2.o
  LD      vmlinux
  SORTEX  vmlinux
  SYSMAP  System.map
  OBJCOPY arch/arm/boot/Image
  DTC     arch/arm/boot/dts/Sprint4g.dtb
  Kernel: arch/arm/boot/Image is ready
  AS      arch/arm/boot/compressed/head.o
  GZIP    arch/arm/boot/compressed/piggy.gzip
  CC      arch/arm/boot/compressed/misc.o
In file included from arch/arm/boot/compressed/misc.c:28:0:
/home/satory-ra/Android/kernel/android_kernel_oukitel_orange/drivers/misc/mediatek/mach/mt6735/include/mach/uncompress.h: In function 'arch_decomp_setup':
/home/satory-ra/Android/kernel/android_kernel_oukitel_orange/drivers/misc/mediatek/mach/mt6735/include/mach/uncompress.h:25:19: warning: unused variable 'tmp' [-Wunused-variable]
     unsigned char tmp;
                   ^
  CC      arch/arm/boot/compressed/decompress.o
  CC      arch/arm/boot/compressed/string.o
  SHIPPED arch/arm/boot/compressed/hyp-stub.S
  SHIPPED arch/arm/boot/compressed/lib1funcs.S
  SHIPPED arch/arm/boot/compressed/ashldi3.S
  AS      arch/arm/boot/compressed/hyp-stub.o
  AS      arch/arm/boot/compressed/lib1funcs.o
  AS      arch/arm/boot/compressed/ashldi3.o
  AS      arch/arm/boot/compressed/piggy.gzip.o
  LD      arch/arm/boot/compressed/vmlinux
  OBJCOPY arch/arm/boot/zImage
  Kernel: arch/arm/boot/zImage is ready
  CAT     arch/arm/boot/zImage-dtb
  Kernel: arch/arm/boot/zImage-dtb is ready
